GuzzleHttp\Exception\RequestException: cURL error 56:  (see http://curl.haxx.se/libcurl/c/libcurl-errors.html) in /home/filesilo/loader/vendor/guzzlehttp/guzzle/src/Handler/CurlFactory.php:186
Stack trace:
#0 /home/filesilo/loader/vendor/guzzlehttp/guzzle/src/Handler/CurlFactory.php(149): GuzzleHttp\Handler\CurlFactory::createRejection(Object(GuzzleHttp\Handler\EasyHandle), Array)
#1 /home/filesilo/loader/vendor/guzzlehttp/guzzle/src/Handler/CurlFactory.php(102): GuzzleHttp\Handler\CurlFactory::finishError(Object(GuzzleHttp\Handler\CurlMultiHandler), Object(GuzzleHttp\Handler\EasyHandle), Object(GuzzleHttp\Handler\CurlFactory))
#2 /home/filesilo/loader/vendor/guzzlehttp/guzzle/src/Handler/CurlMultiHandler.php(181): GuzzleHttp\Handler\CurlFactory::finish(Object(GuzzleHttp\Handler\CurlMultiHandler), Object(GuzzleHttp\Handler\EasyHandle), Object(GuzzleHttp\Handler\CurlFactory))
#3 /home/filesilo/loader/vendor/guzzlehttp/guzzle/src/Handler/CurlMultiHandler.php(110): GuzzleHttp\Handler\CurlMultiHandler->processMessages()
#4 /home/filesilo/loader/vendor/guzzlehttp/guzzle/src/Handler/CurlMultiHandler.php(125): GuzzleHttp\Handler\CurlMultiHandler->tick()
#5 /home/filesilo/loader/vendor/guzzlehttp/promises/src/Promise.php(246): GuzzleHttp\Handler\CurlMultiHandler->execute(true)
#6 /home/filesilo/loader/vendor/guzzlehttp/promises/src/Promise.php(223): GuzzleHttp\Promise\Promise->invokeWaitFn()
#7 /home/filesilo/loader/vendor/guzzlehttp/promises/src/Promise.php(267): GuzzleHttp\Promise\Promise->waitIfPending()
#8 /home/filesilo/loader/vendor/guzzlehttp/promises/src/Promise.php(225): GuzzleHttp\Promise\Promise->invokeWaitList()
#9 /home/filesilo/loader/vendor/guzzlehttp/promises/src/Promise.php(62): GuzzleHttp\Promise\Promise->waitIfPending()
#10 /home/filesilo/loader/vendor/guzzlehttp/promises/src/EachPromise.php(101): GuzzleHttp\Promise\Promise->wait()
#11 /home/filesilo/loader/vendor/guzzlehttp/promises/src/Promise.php(246): GuzzleHttp\Promise\EachPromise->GuzzleHttp\Promise\{closure}(true)
#12 /home/filesilo/loader/vendor/guzzlehttp/promises/src/Promise.php(223): GuzzleHttp\Promise\Promise->invokeWaitFn()
#13 /home/filesilo/loader/vendor/guzzlehttp/promises/src/Promise.php(62): GuzzleHttp\Promise\Promise->waitIfPending()
#14 /home/filesilo/loader/updatedownloadlink.php(95): GuzzleHttp\Promise\Promise->wait()
#15 {main}|1105GuzzleHttp\Exception\RequestException: cURL error 56:  (see http://curl.haxx.se/libcurl/c/libcurl-errors.html) in /home/filesilo/loader/vendor/guzzlehttp/guzzle/src/Handler/CurlFactory.php:186
Stack trace:
#0 /home/filesilo/loader/vendor/guzzlehttp/guzzle/src/Handler/CurlFactory.php(149): GuzzleHttp\Handler\CurlFactory::createRejection(Object(GuzzleHttp\Handler\EasyHandle), Array)
#1 /home/filesilo/loader/vendor/guzzlehttp/guzzle/src/Handler/CurlFactory.php(102): GuzzleHttp\Handler\CurlFactory::finishError(Object(GuzzleHttp\Handler\CurlMultiHandler), Object(GuzzleHttp\Handler\EasyHandle), Object(GuzzleHttp\Handler\CurlFactory))
#2 /home/filesilo/loader/vendor/guzzlehttp/guzzle/src/Handler/CurlMultiHandler.php(181): GuzzleHttp\Handler\CurlFactory::finish(Object(GuzzleHttp\Handler\CurlMultiHandler), Object(GuzzleHttp\Handler\EasyHandle), Object(GuzzleHttp\Handler\CurlFactory))
#3 /home/filesilo/loader/vendor/guzzlehttp/guzzle/src/Handler/CurlMultiHandler.php(110): GuzzleHttp\Handler\CurlMultiHandler->processMessages()
#4 /home/filesilo/loader/vendor/guzzlehttp/guzzle/src/Handler/CurlMultiHandler.php(125): GuzzleHttp\Handler\CurlMultiHandler->tick()
#5 /home/filesilo/loader/vendor/guzzlehttp/promises/src/Promise.php(246): GuzzleHttp\Handler\CurlMultiHandler->execute(true)
#6 /home/filesilo/loader/vendor/guzzlehttp/promises/src/Promise.php(223): GuzzleHttp\Promise\Promise->invokeWaitFn()
#7 /home/filesilo/loader/vendor/guzzlehttp/promises/src/Promise.php(267): GuzzleHttp\Promise\Promise->waitIfPending()
#8 /home/filesilo/loader/vendor/guzzlehttp/promises/src/Promise.php(225): GuzzleHttp\Promise\Promise->invokeWaitList()
#9 /home/filesilo/loader/vendor/guzzlehttp/promises/src/Promise.php(62): GuzzleHttp\Promise\Promise->waitIfPending()
#10 /home/filesilo/loader/vendor/guzzlehttp/promises/src/EachPromise.php(101): GuzzleHttp\Promise\Promise->wait()
#11 /home/filesilo/loader/vendor/guzzlehttp/promises/src/Promise.php(246): GuzzleHttp\Promise\EachPromise->GuzzleHttp\Promise\{closure}(true)
#12 /home/filesilo/loader/vendor/guzzlehttp/promises/src/Promise.php(223): GuzzleHttp\Promise\Promise->invokeWaitFn()
#13 /home/filesilo/loader/vendor/guzzlehttp/promises/src/Promise.php(62): GuzzleHttp\Promise\Promise->waitIfPending()
#14 /home/filesilo/loader/updatedownloadlink.php(95): GuzzleHttp\Promise\Promise->wait()
#15 {main}|1106GuzzleHttp\Exception\RequestException: cURL error 56:  (see http://curl.haxx.se/libcurl/c/libcurl-errors.html) in /home/filesilo/loader/vendor/guzzlehttp/guzzle/src/Handler/CurlFactory.php:186
Stack trace:
#0 /home/filesilo/loader/vendor/guzzlehttp/guzzle/src/Handler/CurlFactory.php(149): GuzzleHttp\Handler\CurlFactory::createRejection(Object(GuzzleHttp\Handler\EasyHandle), Array)
#1 /home/filesilo/loader/vendor/guzzlehttp/guzzle/src/Handler/CurlFactory.php(102): GuzzleHttp\Handler\CurlFactory::finishError(Object(GuzzleHttp\Handler\CurlMultiHandler), Object(GuzzleHttp\Handler\EasyHandle), Object(GuzzleHttp\Handler\CurlFactory))
#2 /home/filesilo/loader/vendor/guzzlehttp/guzzle/src/Handler/CurlMultiHandler.php(181): GuzzleHttp\Handler\CurlFactory::finish(Object(GuzzleHttp\Handler\CurlMultiHandler), Object(GuzzleHttp\Handler\EasyHandle), Object(GuzzleHttp\Handler\CurlFactory))
#3 /home/filesilo/loader/vendor/guzzlehttp/guzzle/src/Handler/CurlMultiHandler.php(110): GuzzleHttp\Handler\CurlMultiHandler->processMessages()
#4 /home/filesilo/loader/vendor/guzzlehttp/guzzle/src/Handler/CurlMultiHandler.php(125): GuzzleHttp\Handler\CurlMultiHandler->tick()
#5 /home/filesilo/loader/vendor/guzzlehttp/promises/src/Promise.php(246): GuzzleHttp\Handler\CurlMultiHandler->execute(true)
#6 /home/filesilo/loader/vendor/guzzlehttp/promises/src/Promise.php(223): GuzzleHttp\Promise\Promise->invokeWaitFn()
#7 /home/filesilo/loader/vendor/guzzlehttp/promises/src/Promise.php(267): GuzzleHttp\Promise\Promise->waitIfPending()
#8 /home/filesilo/loader/vendor/guzzlehttp/promises/src/Promise.php(225): GuzzleHttp\Promise\Promise->invokeWaitList()
#9 /home/filesilo/loader/vendor/guzzlehttp/promises/src/Promise.php(62): GuzzleHttp\Promise\Promise->waitIfPending()
#10 /home/filesilo/loader/vendor/guzzlehttp/promises/src/EachPromise.php(101): GuzzleHttp\Promise\Promise->wait()
#11 /home/filesilo/loader/vendor/guzzlehttp/promises/src/Promise.php(246): GuzzleHttp\Promise\EachPromise->GuzzleHttp\Promise\{closure}(true)
#12 /home/filesilo/loader/vendor/guzzlehttp/promises/src/Promise.php(223): GuzzleHttp\Promise\Promise->invokeWaitFn()
#13 /home/filesilo/loader/vendor/guzzlehttp/promises/src/Promise.php(62): GuzzleHttp\Promise\Promise->waitIfPending()
#14 /home/filesilo/loader/updatedownloadlink.php(95): GuzzleHttp\Promise\Promise->wait()
#15 {main}|1107GuzzleHttp\Exception\RequestException: cURL error 56:  (see http://curl.haxx.se/libcurl/c/libcurl-errors.html) in /home/filesilo/loader/vendor/guzzlehttp/guzzle/src/Handler/CurlFactory.php:186
Stack trace:
#0 /home/filesilo/loader/vendor/guzzlehttp/guzzle/src/Handler/CurlFactory.php(149): GuzzleHttp\Handler\CurlFactory::createRejection(Object(GuzzleHttp\Handler\EasyHandle), Array)
#1 /home/filesilo/loader/vendor/guzzlehttp/guzzle/src/Handler/CurlFactory.php(102): GuzzleHttp\Handler\CurlFactory::finishError(Object(GuzzleHttp\Handler\CurlMultiHandler), Object(GuzzleHttp\Handler\EasyHandle), Object(GuzzleHttp\Handler\CurlFactory))
#2 /home/filesilo/loader/vendor/guzzlehttp/guzzle/src/Handler/CurlMultiHandler.php(181): GuzzleHttp\Handler\CurlFactory::finish(Object(GuzzleHttp\Handler\CurlMultiHandler), Object(GuzzleHttp\Handler\EasyHandle), Object(GuzzleHttp\Handler\CurlFactory))
#3 /home/filesilo/loader/vendor/guzzlehttp/guzzle/src/Handler/CurlMultiHandler.php(110): GuzzleHttp\Handler\CurlMultiHandler->processMessages()
#4 /home/filesilo/loader/vendor/guzzlehttp/guzzle/src/Handler/CurlMultiHandler.php(125): GuzzleHttp\Handler\CurlMultiHandler->tick()
#5 /home/filesilo/loader/vendor/guzzlehttp/promises/src/Promise.php(246): GuzzleHttp\Handler\CurlMultiHandler->execute(true)
#6 /home/filesilo/loader/vendor/guzzlehttp/promises/src/Promise.php(223): GuzzleHttp\Promise\Promise->invokeWaitFn()
#7 /home/filesilo/loader/vendor/guzzlehttp/promises/src/Promise.php(267): GuzzleHttp\Promise\Promise->waitIfPending()
#8 /home/filesilo/loader/vendor/guzzlehttp/promises/src/Promise.php(225): GuzzleHttp\Promise\Promise->invokeWaitList()
#9 /home/filesilo/loader/vendor/guzzlehttp/promises/src/Promise.php(62): GuzzleHttp\Promise\Promise->waitIfPending()
#10 /home/filesilo/loader/vendor/guzzlehttp/promises/src/EachPromise.php(101): GuzzleHttp\Promise\Promise->wait()
#11 /home/filesilo/loader/vendor/guzzlehttp/promises/src/Promise.php(246): GuzzleHttp\Promise\EachPromise->GuzzleHttp\Promise\{closure}(true)
#12 /home/filesilo/loader/vendor/guzzlehttp/promises/src/Promise.php(223): GuzzleHttp\Promise\Promise->invokeWaitFn()
#13 /home/filesilo/loader/vendor/guzzlehttp/promises/src/Promise.php(62): GuzzleHttp\Promise\Promise->waitIfPending()
#14 /home/filesilo/loader/updatedownloadlink.php(95): GuzzleHttp\Promise\Promise->wait()
#15 {main}|1108GuzzleHttp\Exception\RequestException: cURL error 56:  (see http://curl.haxx.se/libcurl/c/libcurl-errors.html) in /home/filesilo/loader/vendor/guzzlehttp/guzzle/src/Handler/CurlFactory.php:186
Stack trace:
#0 /home/filesilo/loader/vendor/guzzlehttp/guzzle/src/Handler/CurlFactory.php(149): GuzzleHttp\Handler\CurlFactory::createRejection(Object(GuzzleHttp\Handler\EasyHandle), Array)
#1 /home/filesilo/loader/vendor/guzzlehttp/guzzle/src/Handler/CurlFactory.php(102): GuzzleHttp\Handler\CurlFactory::finishError(Object(GuzzleHttp\Handler\CurlMultiHandler), Object(GuzzleHttp\Handler\EasyHandle), Object(GuzzleHttp\Handler\CurlFactory))
#2 /home/filesilo/loader/vendor/guzzlehttp/guzzle/src/Handler/CurlMultiHandler.php(181): GuzzleHttp\Handler\CurlFactory::finish(Object(GuzzleHttp\Handler\CurlMultiHandler), Object(GuzzleHttp\Handler\EasyHandle), Object(GuzzleHttp\Handler\CurlFactory))
#3 /home/filesilo/loader/vendor/guzzlehttp/guzzle/src/Handler/CurlMultiHandler.php(110): GuzzleHttp\Handler\CurlMultiHandler->processMessages()
#4 /home/filesilo/loader/vendor/guzzlehttp/guzzle/src/Handler/CurlMultiHandler.php(125): GuzzleHttp\Handler\CurlMultiHandler->tick()
#5 /home/filesilo/loader/vendor/guzzlehttp/promises/src/Promise.php(246): GuzzleHttp\Handler\CurlMultiHandler->execute(true)
#6 /home/filesilo/loader/vendor/guzzlehttp/promises/src/Promise.php(223): GuzzleHttp\Promise\Promise->invokeWaitFn()
#7 /home/filesilo/loader/vendor/guzzlehttp/promises/src/Promise.php(267): GuzzleHttp\Promise\Promise->waitIfPending()
#8 /home/filesilo/loader/vendor/guzzlehttp/promises/src/Promise.php(225): GuzzleHttp\Promise\Promise->invokeWaitList()
#9 /home/filesilo/loader/vendor/guzzlehttp/promises/src/Promise.php(62): GuzzleHttp\Promise\Promise->waitIfPending()
#10 /home/filesilo/loader/vendor/guzzlehttp/promises/src/EachPromise.php(101): GuzzleHttp\Promise\Promise->wait()
#11 /home/filesilo/loader/vendor/guzzlehttp/promises/src/Promise.php(246): GuzzleHttp\Promise\EachPromise->GuzzleHttp\Promise\{closure}(true)
#12 /home/filesilo/loader/vendor/guzzlehttp/promises/src/Promise.php(223): GuzzleHttp\Promise\Promise->invokeWaitFn()
#13 /home/filesilo/loader/vendor/guzzlehttp/promises/src/Promise.php(62): GuzzleHttp\Promise\Promise->waitIfPending()
#14 /home/filesilo/loader/updatedownloadlink.php(95): GuzzleHttp\Promise\Promise->wait()
#15 {main}|1109GuzzleHttp\Exception\RequestException: cURL error 56:  (see http://curl.haxx.se/libcurl/c/libcurl-errors.html) in /home/filesilo/loader/vendor/guzzlehttp/guzzle/src/Handler/CurlFactory.php:186
Stack trace:
#0 /home/filesilo/loader/vendor/guzzlehttp/guzzle/src/Handler/CurlFactory.php(149): GuzzleHttp\Handler\CurlFactory::createRejection(Object(GuzzleHttp\Handler\EasyHandle), Array)
#1 /home/filesilo/loader/vendor/guzzlehttp/guzzle/src/Handler/CurlFactory.php(102): GuzzleHttp\Handler\CurlFactory::finishError(Object(GuzzleHttp\Handler\CurlMultiHandler), Object(GuzzleHttp\Handler\EasyHandle), Object(GuzzleHttp\Handler\CurlFactory))
#2 /home/filesilo/loader/vendor/guzzlehttp/guzzle/src/Handler/CurlMultiHandler.php(181): GuzzleHttp\Handler\CurlFactory::finish(Object(GuzzleHttp\Handler\CurlMultiHandler), Object(GuzzleHttp\Handler\EasyHandle), Object(GuzzleHttp\Handler\CurlFactory))
#3 /home/filesilo/loader/vendor/guzzlehttp/guzzle/src/Handler/CurlMultiHandler.php(110): GuzzleHttp\Handler\CurlMultiHandler->processMessages()
#4 /home/filesilo/loader/vendor/guzzlehttp/guzzle/src/Handler/CurlMultiHandler.php(125): GuzzleHttp\Handler\CurlMultiHandler->tick()
#5 /home/filesilo/loader/vendor/guzzlehttp/promises/src/Promise.php(246): GuzzleHttp\Handler\CurlMultiHandler->execute(true)
#6 /home/filesilo/loader/vendor/guzzlehttp/promises/src/Promise.php(223): GuzzleHttp\Promise\Promise->invokeWaitFn()
#7 /home/filesilo/loader/vendor/guzzlehttp/promises/src/Promise.php(267): GuzzleHttp\Promise\Promise->waitIfPending()
#8 /home/filesilo/loader/vendor/guzzlehttp/promises/src/Promise.php(225): GuzzleHttp\Promise\Promise->invokeWaitList()
#9 /home/filesilo/loader/vendor/guzzlehttp/promises/src/Promise.php(62): GuzzleHttp\Promise\Promise->waitIfPending()
#10 /home/filesilo/loader/vendor/guzzlehttp/promises/src/EachPromise.php(101): GuzzleHttp\Promise\Promise->wait()
#11 /home/filesilo/loader/vendor/guzzlehttp/promises/src/Promise.php(246): GuzzleHttp\Promise\EachPromise->GuzzleHttp\Promise\{closure}(true)
#12 /home/filesilo/loader/vendor/guzzlehttp/promises/src/Promise.php(223): GuzzleHttp\Promise\Promise->invokeWaitFn()
#13 /home/filesilo/loader/vendor/guzzlehttp/promises/src/Promise.php(62): GuzzleHttp\Promise\Promise->waitIfPending()
#14 /home/filesilo/loader/updatedownloadlink.php(95): GuzzleHttp\Promise\Promise->wait()
#15 {main}|1110GuzzleHttp\Exception\RequestException: cURL error 56:  (see http://curl.haxx.se/libcurl/c/libcurl-errors.html) in /home/filesilo/loader/vendor/guzzlehttp/guzzle/src/Handler/CurlFactory.php:186
Stack trace:
#0 /home/filesilo/loader/vendor/guzzlehttp/guzzle/src/Handler/CurlFactory.php(149): GuzzleHttp\Handler\CurlFactory::createRejection(Object(GuzzleHttp\Handler\EasyHandle), Array)
#1 /home/filesilo/loader/vendor/guzzlehttp/guzzle/src/Handler/CurlFactory.php(102): GuzzleHttp\Handler\CurlFactory::finishError(Object(GuzzleHttp\Handler\CurlMultiHandler), Object(GuzzleHttp\Handler\EasyHandle), Object(GuzzleHttp\Handler\CurlFactory))
#2 /home/filesilo/loader/vendor/guzzlehttp/guzzle/src/Handler/CurlMultiHandler.php(181): GuzzleHttp\Handler\CurlFactory::finish(Object(GuzzleHttp\Handler\CurlMultiHandler), Object(GuzzleHttp\Handler\EasyHandle), Object(GuzzleHttp\Handler\CurlFactory))
#3 /home/filesilo/loader/vendor/guzzlehttp/guzzle/src/Handler/CurlMultiHandler.php(110): GuzzleHttp\Handler\CurlMultiHandler->processMessages()
#4 /home/filesilo/loader/vendor/guzzlehttp/guzzle/src/Handler/CurlMultiHandler.php(125): GuzzleHttp\Handler\CurlMultiHandler->tick()
#5 /home/filesilo/loader/vendor/guzzlehttp/promises/src/Promise.php(246): GuzzleHttp\Handler\CurlMultiHandler->execute(true)
#6 /home/filesilo/loader/vendor/guzzlehttp/promises/src/Promise.php(223): GuzzleHttp\Promise\Promise->invokeWaitFn()
#7 /home/filesilo/loader/vendor/guzzlehttp/promises/src/Promise.php(267): GuzzleHttp\Promise\Promise->waitIfPending()
#8 /home/filesilo/loader/vendor/guzzlehttp/promises/src/Promise.php(225): GuzzleHttp\Promise\Promise->invokeWaitList()
#9 /home/filesilo/loader/vendor/guzzlehttp/promises/src/Promise.php(62): GuzzleHttp\Promise\Promise->waitIfPending()
#10 /home/filesilo/loader/vendor/guzzlehttp/promises/src/EachPromise.php(101): GuzzleHttp\Promise\Promise->wait()
#11 /home/filesilo/loader/vendor/guzzlehttp/promises/src/Promise.php(246): GuzzleHttp\Promise\EachPromise->GuzzleHttp\Promise\{closure}(true)
#12 /home/filesilo/loader/vendor/guzzlehttp/promises/src/Promise.php(223): GuzzleHttp\Promise\Promise->invokeWaitFn()
#13 /home/filesilo/loader/vendor/guzzlehttp/promises/src/Promise.php(62): GuzzleHttp\Promise\Promise->waitIfPending()
#14 /home/filesilo/loader/updatedownloadlink.php(95): GuzzleHttp\Promise\Promise->wait()
#15 {main}|1111GuzzleHttp\Exception\RequestException: cURL error 56:  (see http://curl.haxx.se/libcurl/c/libcurl-errors.html) in /home/filesilo/loader/vendor/guzzlehttp/guzzle/src/Handler/CurlFactory.php:186
Stack trace:
#0 /home/filesilo/loader/vendor/guzzlehttp/guzzle/src/Handler/CurlFactory.php(149): GuzzleHttp\Handler\CurlFactory::createRejection(Object(GuzzleHttp\Handler\EasyHandle), Array)
#1 /home/filesilo/loader/vendor/guzzlehttp/guzzle/src/Handler/CurlFactory.php(102): GuzzleHttp\Handler\CurlFactory::finishError(Object(GuzzleHttp\Handler\CurlMultiHandler), Object(GuzzleHttp\Handler\EasyHandle), Object(GuzzleHttp\Handler\CurlFactory))
#2 /home/filesilo/loader/vendor/guzzlehttp/guzzle/src/Handler/CurlMultiHandler.php(181): GuzzleHttp\Handler\CurlFactory::finish(Object(GuzzleHttp\Handler\CurlMultiHandler), Object(GuzzleHttp\Handler\EasyHandle), Object(GuzzleHttp\Handler\CurlFactory))
#3 /home/filesilo/loader/vendor/guzzlehttp/guzzle/src/Handler/CurlMultiHandler.php(110): GuzzleHttp\Handler\CurlMultiHandler->processMessages()
#4 /home/filesilo/loader/vendor/guzzlehttp/guzzle/src/Handler/CurlMultiHandler.php(125): GuzzleHttp\Handler\CurlMultiHandler->tick()
#5 /home/filesilo/loader/vendor/guzzlehttp/promises/src/Promise.php(246): GuzzleHttp\Handler\CurlMultiHandler->execute(true)
#6 /home/filesilo/loader/vendor/guzzlehttp/promises/src/Promise.php(223): GuzzleHttp\Promise\Promise->invokeWaitFn()
#7 /home/filesilo/loader/vendor/guzzlehttp/promises/src/Promise.php(267): GuzzleHttp\Promise\Promise->waitIfPending()
#8 /home/filesilo/loader/vendor/guzzlehttp/promises/src/Promise.php(225): GuzzleHttp\Promise\Promise->invokeWaitList()
#9 /home/filesilo/loader/vendor/guzzlehttp/promises/src/Promise.php(62): GuzzleHttp\Promise\Promise->waitIfPending()
#10 /home/filesilo/loader/vendor/guzzlehttp/promises/src/EachPromise.php(101): GuzzleHttp\Promise\Promise->wait()
#11 /home/filesilo/loader/vendor/guzzlehttp/promises/src/Promise.php(246): GuzzleHttp\Promise\EachPromise->GuzzleHttp\Promise\{closure}(true)
#12 /home/filesilo/loader/vendor/guzzlehttp/promises/src/Promise.php(223): GuzzleHttp\Promise\Promise->invokeWaitFn()
#13 /home/filesilo/loader/vendor/guzzlehttp/promises/src/Promise.php(62): GuzzleHttp\Promise\Promise->waitIfPending()
#14 /home/filesilo/loader/updatedownloadlink.php(95): GuzzleHttp\Promise\Promise->wait()
#15 {main}|1112GuzzleHttp\Exception\RequestException: cURL error 56:  (see http://curl.haxx.se/libcurl/c/libcurl-errors.html) in /home/filesilo/loader/vendor/guzzlehttp/guzzle/src/Handler/CurlFactory.php:186
Stack trace:
#0 /home/filesilo/loader/vendor/guzzlehttp/guzzle/src/Handler/CurlFactory.php(149): GuzzleHttp\Handler\CurlFactory::createRejection(Object(GuzzleHttp\Handler\EasyHandle), Array)
#1 /home/filesilo/loader/vendor/guzzlehttp/guzzle/src/Handler/CurlFactory.php(102): GuzzleHttp\Handler\CurlFactory::finishError(Object(GuzzleHttp\Handler\CurlMultiHandler), Object(GuzzleHttp\Handler\EasyHandle), Object(GuzzleHttp\Handler\CurlFactory))
#2 /home/filesilo/loader/vendor/guzzlehttp/guzzle/src/Handler/CurlMultiHandler.php(181): GuzzleHttp\Handler\CurlFactory::finish(Object(GuzzleHttp\Handler\CurlMultiHandler), Object(GuzzleHttp\Handler\EasyHandle), Object(GuzzleHttp\Handler\CurlFactory))
#3 /home/filesilo/loader/vendor/guzzlehttp/guzzle/src/Handler/CurlMultiHandler.php(110): GuzzleHttp\Handler\CurlMultiHandler->processMessages()
#4 /home/filesilo/loader/vendor/guzzlehttp/guzzle/src/Handler/CurlMultiHandler.php(125): GuzzleHttp\Handler\CurlMultiHandler->tick()
#5 /home/filesilo/loader/vendor/guzzlehttp/promises/src/Promise.php(246): GuzzleHttp\Handler\CurlMultiHandler->execute(true)
#6 /home/filesilo/loader/vendor/guzzlehttp/promises/src/Promise.php(223): GuzzleHttp\Promise\Promise->invokeWaitFn()
#7 /home/filesilo/loader/vendor/guzzlehttp/promises/src/Promise.php(267): GuzzleHttp\Promise\Promise->waitIfPending()
#8 /home/filesilo/loader/vendor/guzzlehttp/promises/src/Promise.php(225): GuzzleHttp\Promise\Promise->invokeWaitList()
#9 /home/filesilo/loader/vendor/guzzlehttp/promises/src/Promise.php(62): GuzzleHttp\Promise\Promise->waitIfPending()
#10 /home/filesilo/loader/vendor/guzzlehttp/promises/src/EachPromise.php(101): GuzzleHttp\Promise\Promise->wait()
#11 /home/filesilo/loader/vendor/guzzlehttp/promises/src/Promise.php(246): GuzzleHttp\Promise\EachPromise->GuzzleHttp\Promise\{closure}(true)
#12 /home/filesilo/loader/vendor/guzzlehttp/promises/src/Promise.php(223): GuzzleHttp\Promise\Promise->invokeWaitFn()
#13 /home/filesilo/loader/vendor/guzzlehttp/promises/src/Promise.php(62): GuzzleHttp\Promise\Promise->waitIfPending()
#14 /home/filesilo/loader/updatedownloadlink.php(95): GuzzleHttp\Promise\Promise->wait()
#15 {main}|1113GuzzleHttp\Exception\RequestException: cURL error 56:  (see http://curl.haxx.se/libcurl/c/libcurl-errors.html) in /home/filesilo/loader/vendor/guzzlehttp/guzzle/src/Handler/CurlFactory.php:186
Stack trace:
#0 /home/filesilo/loader/vendor/guzzlehttp/guzzle/src/Handler/CurlFactory.php(149): GuzzleHttp\Handler\CurlFactory::createRejection(Object(GuzzleHttp\Handler\EasyHandle), Array)
#1 /home/filesilo/loader/vendor/guzzlehttp/guzzle/src/Handler/CurlFactory.php(102): GuzzleHttp\Handler\CurlFactory::finishError(Object(GuzzleHttp\Handler\CurlMultiHandler), Object(GuzzleHttp\Handler\EasyHandle), Object(GuzzleHttp\Handler\CurlFactory))
#2 /home/filesilo/loader/vendor/guzzlehttp/guzzle/src/Handler/CurlMultiHandler.php(181): GuzzleHttp\Handler\CurlFactory::finish(Object(GuzzleHttp\Handler\CurlMultiHandler), Object(GuzzleHttp\Handler\EasyHandle), Object(GuzzleHttp\Handler\CurlFactory))
#3 /home/filesilo/loader/vendor/guzzlehttp/guzzle/src/Handler/CurlMultiHandler.php(110): GuzzleHttp\Handler\CurlMultiHandler->processMessages()
#4 /home/filesilo/loader/vendor/guzzlehttp/guzzle/src/Handler/CurlMultiHandler.php(125): GuzzleHttp\Handler\CurlMultiHandler->tick()
#5 /home/filesilo/loader/vendor/guzzlehttp/promises/src/Promise.php(246): GuzzleHttp\Handler\CurlMultiHandler->execute(true)
#6 /home/filesilo/loader/vendor/guzzlehttp/promises/src/Promise.php(223): GuzzleHttp\Promise\Promise->invokeWaitFn()
#7 /home/filesilo/loader/vendor/guzzlehttp/promises/src/Promise.php(267): GuzzleHttp\Promise\Promise->waitIfPending()
#8 /home/filesilo/loader/vendor/guzzlehttp/promises/src/Promise.php(225): GuzzleHttp\Promise\Promise->invokeWaitList()
#9 /home/filesilo/loader/vendor/guzzlehttp/promises/src/Promise.php(62): GuzzleHttp\Promise\Promise->waitIfPending()
#10 /home/filesilo/loader/vendor/guzzlehttp/promises/src/EachPromise.php(101): GuzzleHttp\Promise\Promise->wait()
#11 /home/filesilo/loader/vendor/guzzlehttp/promises/src/Promise.php(246): GuzzleHttp\Promise\EachPromise->GuzzleHttp\Promise\{closure}(true)
#12 /home/filesilo/loader/vendor/guzzlehttp/promises/src/Promise.php(223): GuzzleHttp\Promise\Promise->invokeWaitFn()
#13 /home/filesilo/loader/vendor/guzzlehttp/promises/src/Promise.php(62): GuzzleHttp\Promise\Promise->waitIfPending()
#14 /home/filesilo/loader/updatedownloadlink.php(95): GuzzleHttp\Promise\Promise->wait()
#15 {main}|1114GuzzleHttp\Exception\RequestException: cURL error 56:  (see http://curl.haxx.se/libcurl/c/libcurl-errors.html) in /home/filesilo/loader/vendor/guzzlehttp/guzzle/src/Handler/CurlFactory.php:186
Stack trace:
#0 /home/filesilo/loader/vendor/guzzlehttp/guzzle/src/Handler/CurlFactory.php(149): GuzzleHttp\Handler\CurlFactory::createRejection(Object(GuzzleHttp\Handler\EasyHandle), Array)
#1 /home/filesilo/loader/vendor/guzzlehttp/guzzle/src/Handler/CurlFactory.php(102): GuzzleHttp\Handler\CurlFactory::finishError(Object(GuzzleHttp\Handler\CurlMultiHandler), Object(GuzzleHttp\Handler\EasyHandle), Object(GuzzleHttp\Handler\CurlFactory))
#2 /home/filesilo/loader/vendor/guzzlehttp/guzzle/src/Handler/CurlMultiHandler.php(181): GuzzleHttp\Handler\CurlFactory::finish(Object(GuzzleHttp\Handler\CurlMultiHandler), Object(GuzzleHttp\Handler\EasyHandle), Object(GuzzleHttp\Handler\CurlFactory))
#3 /home/filesilo/loader/vendor/guzzlehttp/guzzle/src/Handler/CurlMultiHandler.php(110): GuzzleHttp\Handler\CurlMultiHandler->processMessages()
#4 /home/filesilo/loader/vendor/guzzlehttp/guzzle/src/Handler/CurlMultiHandler.php(125): GuzzleHttp\Handler\CurlMultiHandler->tick()
#5 /home/filesilo/loader/vendor/guzzlehttp/promises/src/Promise.php(246): GuzzleHttp\Handler\CurlMultiHandler->execute(true)
#6 /home/filesilo/loader/vendor/guzzlehttp/promises/src/Promise.php(223): GuzzleHttp\Promise\Promise->invokeWaitFn()
#7 /home/filesilo/loader/vendor/guzzlehttp/promises/src/Promise.php(267): GuzzleHttp\Promise\Promise->waitIfPending()
#8 /home/filesilo/loader/vendor/guzzlehttp/promises/src/Promise.php(225): GuzzleHttp\Promise\Promise->invokeWaitList()
#9 /home/filesilo/loader/vendor/guzzlehttp/promises/src/Promise.php(62): GuzzleHttp\Promise\Promise->waitIfPending()
#10 /home/filesilo/loader/vendor/guzzlehttp/promises/src/EachPromise.php(101): GuzzleHttp\Promise\Promise->wait()
#11 /home/filesilo/loader/vendor/guzzlehttp/promises/src/Promise.php(246): GuzzleHttp\Promise\EachPromise->GuzzleHttp\Promise\{closure}(true)
#12 /home/filesilo/loader/vendor/guzzlehttp/promises/src/Promise.php(223): GuzzleHttp\Promise\Promise->invokeWaitFn()
#13 /home/filesilo/loader/vendor/guzzlehttp/promises/src/Promise.php(62): GuzzleHttp\Promise\Promise->waitIfPending()
#14 /home/filesilo/loader/updatedownloadlink.php(95): GuzzleHttp\Promise\Promise->wait()
#15 {main}|1115GuzzleHttp\Exception\RequestException: cURL error 56:  (see http://curl.haxx.se/libcurl/c/libcurl-errors.html) in /home/filesilo/loader/vendor/guzzlehttp/guzzle/src/Handler/CurlFactory.php:186
Stack trace:
#0 /home/filesilo/loader/vendor/guzzlehttp/guzzle/src/Handler/CurlFactory.php(149): GuzzleHttp\Handler\CurlFactory::createRejection(Object(GuzzleHttp\Handler\EasyHandle), Array)
#1 /home/filesilo/loader/vendor/guzzlehttp/guzzle/src/Handler/CurlFactory.php(102): GuzzleHttp\Handler\CurlFactory::finishError(Object(GuzzleHttp\Handler\CurlMultiHandler), Object(GuzzleHttp\Handler\EasyHandle), Object(GuzzleHttp\Handler\CurlFactory))
#2 /home/filesilo/loader/vendor/guzzlehttp/guzzle/src/Handler/CurlMultiHandler.php(181): GuzzleHttp\Handler\CurlFactory::finish(Object(GuzzleHttp\Handler\CurlMultiHandler), Object(GuzzleHttp\Handler\EasyHandle), Object(GuzzleHttp\Handler\CurlFactory))
#3 /home/filesilo/loader/vendor/guzzlehttp/guzzle/src/Handler/CurlMultiHandler.php(110): GuzzleHttp\Handler\CurlMultiHandler->processMessages()
#4 /home/filesilo/loader/vendor/guzzlehttp/guzzle/src/Handler/CurlMultiHandler.php(125): GuzzleHttp\Handler\CurlMultiHandler->tick()
#5 /home/filesilo/loader/vendor/guzzlehttp/promises/src/Promise.php(246): GuzzleHttp\Handler\CurlMultiHandler->execute(true)
#6 /home/filesilo/loader/vendor/guzzlehttp/promises/src/Promise.php(223): GuzzleHttp\Promise\Promise->invokeWaitFn()
#7 /home/filesilo/loader/vendor/guzzlehttp/promises/src/Promise.php(267): GuzzleHttp\Promise\Promise->waitIfPending()
#8 /home/filesilo/loader/vendor/guzzlehttp/promises/src/Promise.php(225): GuzzleHttp\Promise\Promise->invokeWaitList()
#9 /home/filesilo/loader/vendor/guzzlehttp/promises/src/Promise.php(62): GuzzleHttp\Promise\Promise->waitIfPending()
#10 /home/filesilo/loader/vendor/guzzlehttp/promises/src/EachPromise.php(101): GuzzleHttp\Promise\Promise->wait()
#11 /home/filesilo/loader/vendor/guzzlehttp/promises/src/Promise.php(246): GuzzleHttp\Promise\EachPromise->GuzzleHttp\Promise\{closure}(true)
#12 /home/filesilo/loader/vendor/guzzlehttp/promises/src/Promise.php(223): GuzzleHttp\Promise\Promise->invokeWaitFn()
#13 /home/filesilo/loader/vendor/guzzlehttp/promises/src/Promise.php(62): GuzzleHttp\Promise\Promise->waitIfPending()
#14 /home/filesilo/loader/updatedownloadlink.php(95): GuzzleHttp\Promise\Promise->wait()
#15 {main}|1116GuzzleHttp\Exception\RequestException: cURL error 56:  (see http://curl.haxx.se/libcurl/c/libcurl-errors.html) in /home/filesilo/loader/vendor/guzzlehttp/guzzle/src/Handler/CurlFactory.php:186
Stack trace:
#0 /home/filesilo/loader/vendor/guzzlehttp/guzzle/src/Handler/CurlFactory.php(149): GuzzleHttp\Handler\CurlFactory::createRejection(Object(GuzzleHttp\Handler\EasyHandle), Array)
#1 /home/filesilo/loader/vendor/guzzlehttp/guzzle/src/Handler/CurlFactory.php(102): GuzzleHttp\Handler\CurlFactory::finishError(Object(GuzzleHttp\Handler\CurlMultiHandler), Object(GuzzleHttp\Handler\EasyHandle), Object(GuzzleHttp\Handler\CurlFactory))
#2 /home/filesilo/loader/vendor/guzzlehttp/guzzle/src/Handler/CurlMultiHandler.php(181): GuzzleHttp\Handler\CurlFactory::finish(Object(GuzzleHttp\Handler\CurlMultiHandler), Object(GuzzleHttp\Handler\EasyHandle), Object(GuzzleHttp\Handler\CurlFactory))
#3 /home/filesilo/loader/vendor/guzzlehttp/guzzle/src/Handler/CurlMultiHandler.php(110): GuzzleHttp\Handler\CurlMultiHandler->processMessages()
#4 /home/filesilo/loader/vendor/guzzlehttp/guzzle/src/Handler/CurlMultiHandler.php(125): GuzzleHttp\Handler\CurlMultiHandler->tick()
#5 /home/filesilo/loader/vendor/guzzlehttp/promises/src/Promise.php(246): GuzzleHttp\Handler\CurlMultiHandler->execute(true)
#6 /home/filesilo/loader/vendor/guzzlehttp/promises/src/Promise.php(223): GuzzleHttp\Promise\Promise->invokeWaitFn()
#7 /home/filesilo/loader/vendor/guzzlehttp/promises/src/Promise.php(267): GuzzleHttp\Promise\Promise->waitIfPending()
#8 /home/filesilo/loader/vendor/guzzlehttp/promises/src/Promise.php(225): GuzzleHttp\Promise\Promise->invokeWaitList()
#9 /home/filesilo/loader/vendor/guzzlehttp/promises/src/Promise.php(62): GuzzleHttp\Promise\Promise->waitIfPending()
#10 /home/filesilo/loader/vendor/guzzlehttp/promises/src/EachPromise.php(101): GuzzleHttp\Promise\Promise->wait()
#11 /home/filesilo/loader/vendor/guzzlehttp/promises/src/Promise.php(246): GuzzleHttp\Promise\EachPromise->GuzzleHttp\Promise\{closure}(true)
#12 /home/filesilo/loader/vendor/guzzlehttp/promises/src/Promise.php(223): GuzzleHttp\Promise\Promise->invokeWaitFn()
#13 /home/filesilo/loader/vendor/guzzlehttp/promises/src/Promise.php(62): GuzzleHttp\Promise\Promise->waitIfPending()
#14 /home/filesilo/loader/updatedownloadlink.php(95): GuzzleHttp\Promise\Promise->wait()
#15 {main}|1117GuzzleHttp\Exception\RequestException: cURL error 56:  (see http://curl.haxx.se/libcurl/c/libcurl-errors.html) in /home/filesilo/loader/vendor/guzzlehttp/guzzle/src/Handler/CurlFactory.php:186
Stack trace:
#0 /home/filesilo/loader/vendor/guzzlehttp/guzzle/src/Handler/CurlFactory.php(149): GuzzleHttp\Handler\CurlFactory::createRejection(Object(GuzzleHttp\Handler\EasyHandle), Array)
#1 /home/filesilo/loader/vendor/guzzlehttp/guzzle/src/Handler/CurlFactory.php(102): GuzzleHttp\Handler\CurlFactory::finishError(Object(GuzzleHttp\Handler\CurlMultiHandler), Object(GuzzleHttp\Handler\EasyHandle), Object(GuzzleHttp\Handler\CurlFactory))
#2 /home/filesilo/loader/vendor/guzzlehttp/guzzle/src/Handler/CurlMultiHandler.php(181): GuzzleHttp\Handler\CurlFactory::finish(Object(GuzzleHttp\Handler\CurlMultiHandler), Object(GuzzleHttp\Handler\EasyHandle), Object(GuzzleHttp\Handler\CurlFactory))
#3 /home/filesilo/loader/vendor/guzzlehttp/guzzle/src/Handler/CurlMultiHandler.php(110): GuzzleHttp\Handler\CurlMultiHandler->processMessages()
#4 /home/filesilo/loader/vendor/guzzlehttp/guzzle/src/Handler/CurlMultiHandler.php(125): GuzzleHttp\Handler\CurlMultiHandler->tick()
#5 /home/filesilo/loader/vendor/guzzlehttp/promises/src/Promise.php(246): GuzzleHttp\Handler\CurlMultiHandler->execute(true)
#6 /home/filesilo/loader/vendor/guzzlehttp/promises/src/Promise.php(223): GuzzleHttp\Promise\Promise->invokeWaitFn()
#7 /home/filesilo/loader/vendor/guzzlehttp/promises/src/Promise.php(267): GuzzleHttp\Promise\Promise->waitIfPending()
#8 /home/filesilo/loader/vendor/guzzlehttp/promises/src/Promise.php(225): GuzzleHttp\Promise\Promise->invokeWaitList()
#9 /home/filesilo/loader/vendor/guzzlehttp/promises/src/Promise.php(62): GuzzleHttp\Promise\Promise->waitIfPending()
#10 /home/filesilo/loader/vendor/guzzlehttp/promises/src/EachPromise.php(101): GuzzleHttp\Promise\Promise->wait()
#11 /home/filesilo/loader/vendor/guzzlehttp/promises/src/Promise.php(246): GuzzleHttp\Promise\EachPromise->GuzzleHttp\Promise\{closure}(true)
#12 /home/filesilo/loader/vendor/guzzlehttp/promises/src/Promise.php(223): GuzzleHttp\Promise\Promise->invokeWaitFn()
#13 /home/filesilo/loader/vendor/guzzlehttp/promises/src/Promise.php(62): GuzzleHttp\Promise\Promise->waitIfPending()
#14 /home/filesilo/loader/updatedownloadlink.php(95): GuzzleHttp\Promise\Promise->wait()
#15 {main}|1118GuzzleHttp\Exception\RequestException: cURL error 56:  (see http://curl.haxx.se/libcurl/c/libcurl-errors.html) in /home/filesilo/loader/vendor/guzzlehttp/guzzle/src/Handler/CurlFactory.php:186
Stack trace:
#0 /home/filesilo/loader/vendor/guzzlehttp/guzzle/src/Handler/CurlFactory.php(149): GuzzleHttp\Handler\CurlFactory::createRejection(Object(GuzzleHttp\Handler\EasyHandle), Array)
#1 /home/filesilo/loader/vendor/guzzlehttp/guzzle/src/Handler/CurlFactory.php(102): GuzzleHttp\Handler\CurlFactory::finishError(Object(GuzzleHttp\Handler\CurlMultiHandler), Object(GuzzleHttp\Handler\EasyHandle), Object(GuzzleHttp\Handler\CurlFactory))
#2 /home/filesilo/loader/vendor/guzzlehttp/guzzle/src/Handler/CurlMultiHandler.php(181): GuzzleHttp\Handler\CurlFactory::finish(Object(GuzzleHttp\Handler\CurlMultiHandler), Object(GuzzleHttp\Handler\EasyHandle), Object(GuzzleHttp\Handler\CurlFactory))
#3 /home/filesilo/loader/vendor/guzzlehttp/guzzle/src/Handler/CurlMultiHandler.php(110): GuzzleHttp\Handler\CurlMultiHandler->processMessages()
#4 /home/filesilo/loader/vendor/guzzlehttp/guzzle/src/Handler/CurlMultiHandler.php(125): GuzzleHttp\Handler\CurlMultiHandler->tick()
#5 /home/filesilo/loader/vendor/guzzlehttp/promises/src/Promise.php(246): GuzzleHttp\Handler\CurlMultiHandler->execute(true)
#6 /home/filesilo/loader/vendor/guzzlehttp/promises/src/Promise.php(223): GuzzleHttp\Promise\Promise->invokeWaitFn()
#7 /home/filesilo/loader/vendor/guzzlehttp/promises/src/Promise.php(267): GuzzleHttp\Promise\Promise->waitIfPending()
#8 /home/filesilo/loader/vendor/guzzlehttp/promises/src/Promise.php(225): GuzzleHttp\Promise\Promise->invokeWaitList()
#9 /home/filesilo/loader/vendor/guzzlehttp/promises/src/Promise.php(62): GuzzleHttp\Promise\Promise->waitIfPending()
#10 /home/filesilo/loader/vendor/guzzlehttp/promises/src/EachPromise.php(101): GuzzleHttp\Promise\Promise->wait()
#11 /home/filesilo/loader/vendor/guzzlehttp/promises/src/Promise.php(246): GuzzleHttp\Promise\EachPromise->GuzzleHttp\Promise\{closure}(true)
#12 /home/filesilo/loader/vendor/guzzlehttp/promises/src/Promise.php(223): GuzzleHttp\Promise\Promise->invokeWaitFn()
#13 /home/filesilo/loader/vendor/guzzlehttp/promises/src/Promise.php(62): GuzzleHttp\Promise\Promise->waitIfPending()
#14 /home/filesilo/loader/updatedownloadlink.php(95): GuzzleHttp\Promise\Promise->wait()
#15 {main}|1119GuzzleHttp\Exception\RequestException: cURL error 56:  (see http://curl.haxx.se/libcurl/c/libcurl-errors.html) in /home/filesilo/loader/vendor/guzzlehttp/guzzle/src/Handler/CurlFactory.php:186
Stack trace:
#0 /home/filesilo/loader/vendor/guzzlehttp/guzzle/src/Handler/CurlFactory.php(149): GuzzleHttp\Handler\CurlFactory::createRejection(Object(GuzzleHttp\Handler\EasyHandle), Array)
#1 /home/filesilo/loader/vendor/guzzlehttp/guzzle/src/Handler/CurlFactory.php(102): GuzzleHttp\Handler\CurlFactory::finishError(Object(GuzzleHttp\Handler\CurlMultiHandler), Object(GuzzleHttp\Handler\EasyHandle), Object(GuzzleHttp\Handler\CurlFactory))
#2 /home/filesilo/loader/vendor/guzzlehttp/guzzle/src/Handler/CurlMultiHandler.php(181): GuzzleHttp\Handler\CurlFactory::finish(Object(GuzzleHttp\Handler\CurlMultiHandler), Object(GuzzleHttp\Handler\EasyHandle), Object(GuzzleHttp\Handler\CurlFactory))
#3 /home/filesilo/loader/vendor/guzzlehttp/guzzle/src/Handler/CurlMultiHandler.php(110): GuzzleHttp\Handler\CurlMultiHandler->processMessages()
#4 /home/filesilo/loader/vendor/guzzlehttp/guzzle/src/Handler/CurlMultiHandler.php(125): GuzzleHttp\Handler\CurlMultiHandler->tick()
#5 /home/filesilo/loader/vendor/guzzlehttp/promises/src/Promise.php(246): GuzzleHttp\Handler\CurlMultiHandler->execute(true)
#6 /home/filesilo/loader/vendor/guzzlehttp/promises/src/Promise.php(223): GuzzleHttp\Promise\Promise->invokeWaitFn()
#7 /home/filesilo/loader/vendor/guzzlehttp/promises/src/Promise.php(267): GuzzleHttp\Promise\Promise->waitIfPending()
#8 /home/filesilo/loader/vendor/guzzlehttp/promises/src/Promise.php(225): GuzzleHttp\Promise\Promise->invokeWaitList()
#9 /home/filesilo/loader/vendor/guzzlehttp/promises/src/Promise.php(62): GuzzleHttp\Promise\Promise->waitIfPending()
#10 /home/filesilo/loader/vendor/guzzlehttp/promises/src/EachPromise.php(101): GuzzleHttp\Promise\Promise->wait()
#11 /home/filesilo/loader/vendor/guzzlehttp/promises/src/Promise.php(246): GuzzleHttp\Promise\EachPromise->GuzzleHttp\Promise\{closure}(true)
#12 /home/filesilo/loader/vendor/guzzlehttp/promises/src/Promise.php(223): GuzzleHttp\Promise\Promise->invokeWaitFn()
#13 /home/filesilo/loader/vendor/guzzlehttp/promises/src/Promise.php(62): GuzzleHttp\Promise\Promise->waitIfPending()
#14 /home/filesilo/loader/updatedownloadlink.php(95): GuzzleHttp\Promise\Promise->wait()
#15 {main}|1120GuzzleHttp\Exception\RequestException: cURL error 56:  (see http://curl.haxx.se/libcurl/c/libcurl-errors.html) in /home/filesilo/loader/vendor/guzzlehttp/guzzle/src/Handler/CurlFactory.php:186
Stack trace:
#0 /home/filesilo/loader/vendor/guzzlehttp/guzzle/src/Handler/CurlFactory.php(149): GuzzleHttp\Handler\CurlFactory::createRejection(Object(GuzzleHttp\Handler\EasyHandle), Array)
#1 /home/filesilo/loader/vendor/guzzlehttp/guzzle/src/Handler/CurlFactory.php(102): GuzzleHttp\Handler\CurlFactory::finishError(Object(GuzzleHttp\Handler\CurlMultiHandler), Object(GuzzleHttp\Handler\EasyHandle), Object(GuzzleHttp\Handler\CurlFactory))
#2 /home/filesilo/loader/vendor/guzzlehttp/guzzle/src/Handler/CurlMultiHandler.php(181): GuzzleHttp\Handler\CurlFactory::finish(Object(GuzzleHttp\Handler\CurlMultiHandler), Object(GuzzleHttp\Handler\EasyHandle), Object(GuzzleHttp\Handler\CurlFactory))
#3 /home/filesilo/loader/vendor/guzzlehttp/guzzle/src/Handler/CurlMultiHandler.php(110): GuzzleHttp\Handler\CurlMultiHandler->processMessages()
#4 /home/filesilo/loader/vendor/guzzlehttp/guzzle/src/Handler/CurlMultiHandler.php(125): GuzzleHttp\Handler\CurlMultiHandler->tick()
#5 /home/filesilo/loader/vendor/guzzlehttp/promises/src/Promise.php(246): GuzzleHttp\Handler\CurlMultiHandler->execute(true)
#6 /home/filesilo/loader/vendor/guzzlehttp/promises/src/Promise.php(223): GuzzleHttp\Promise\Promise->invokeWaitFn()
#7 /home/filesilo/loader/vendor/guzzlehttp/promises/src/Promise.php(267): GuzzleHttp\Promise\Promise->waitIfPending()
#8 /home/filesilo/loader/vendor/guzzlehttp/promises/src/Promise.php(225): GuzzleHttp\Promise\Promise->invokeWaitList()
#9 /home/filesilo/loader/vendor/guzzlehttp/promises/src/Promise.php(62): GuzzleHttp\Promise\Promise->waitIfPending()
#10 /home/filesilo/loader/vendor/guzzlehttp/promises/src/EachPromise.php(101): GuzzleHttp\Promise\Promise->wait()
#11 /home/filesilo/loader/vendor/guzzlehttp/promises/src/Promise.php(246): GuzzleHttp\Promise\EachPromise->GuzzleHttp\Promise\{closure}(true)
#12 /home/filesilo/loader/vendor/guzzlehttp/promises/src/Promise.php(223): GuzzleHttp\Promise\Promise->invokeWaitFn()
#13 /home/filesilo/loader/vendor/guzzlehttp/promises/src/Promise.php(62): GuzzleHttp\Promise\Promise->waitIfPending()
#14 /home/filesilo/loader/updatedownloadlink.php(95): GuzzleHttp\Promise\Promise->wait()
#15 {main}|0GuzzleHttp\Exception\RequestException: cURL error 56:  (see http://curl.haxx.se/libcurl/c/libcurl-errors.html) in /home/filesilo/loader/vendor/guzzlehttp/guzzle/src/Handler/CurlFactory.php:186
Stack trace:
#0 /home/filesilo/loader/vendor/guzzlehttp/guzzle/src/Handler/CurlFactory.php(149): GuzzleHttp\Handler\CurlFactory::createRejection(Object(GuzzleHttp\Handler\EasyHandle), Array)
#1 /home/filesilo/loader/vendor/guzzlehttp/guzzle/src/Handler/CurlFactory.php(102): GuzzleHttp\Handler\CurlFactory::finishError(Object(GuzzleHttp\Handler\CurlMultiHandler), Object(GuzzleHttp\Handler\EasyHandle), Object(GuzzleHttp\Handler\CurlFactory))
#2 /home/filesilo/loader/vendor/guzzlehttp/guzzle/src/Handler/CurlMultiHandler.php(181): GuzzleHttp\Handler\CurlFactory::finish(Object(GuzzleHttp\Handler\CurlMultiHandler), Object(GuzzleHttp\Handler\EasyHandle), Object(GuzzleHttp\Handler\CurlFactory))
#3 /home/filesilo/loader/vendor/guzzlehttp/guzzle/src/Handler/CurlMultiHandler.php(110): GuzzleHttp\Handler\CurlMultiHandler->processMessages()
#4 /home/filesilo/loader/vendor/guzzlehttp/guzzle/src/Handler/CurlMultiHandler.php(125): GuzzleHttp\Handler\CurlMultiHandler->tick()
#5 /home/filesilo/loader/vendor/guzzlehttp/promises/src/Promise.php(246): GuzzleHttp\Handler\CurlMultiHandler->execute(true)
#6 /home/filesilo/loader/vendor/guzzlehttp/promises/src/Promise.php(223): GuzzleHttp\Promise\Promise->invokeWaitFn()
#7 /home/filesilo/loader/vendor/guzzlehttp/promises/src/Promise.php(267): GuzzleHttp\Promise\Promise->waitIfPending()
#8 /home/filesilo/loader/vendor/guzzlehttp/promises/src/Promise.php(225): GuzzleHttp\Promise\Promise->invokeWaitList()
#9 /home/filesilo/loader/vendor/guzzlehttp/promises/src/Promise.php(62): GuzzleHttp\Promise\Promise->waitIfPending()
#10 /home/filesilo/loader/vendor/guzzlehttp/promises/src/EachPromise.php(101): GuzzleHttp\Promise\Promise->wait()
#11 /home/filesilo/loader/vendor/guzzlehttp/promises/src/Promise.php(246): GuzzleHttp\Promise\EachPromise->GuzzleHttp\Promise\{closure}(true)
#12 /home/filesilo/loader/vendor/guzzlehttp/promises/src/Promise.php(223): GuzzleHttp\Promise\Promise->invokeWaitFn()
#13 /home/filesilo/loader/vendor/guzzlehttp/promises/src/Promise.php(62): GuzzleHttp\Promise\Promise->waitIfPending()
#14 /home/filesilo/loader/updatedownloadlink.php(95): GuzzleHttp\Promise\Promise->wait()
#15 {main}|1GuzzleHttp\Exception\RequestException: cURL error 56:  (see http://curl.haxx.se/libcurl/c/libcurl-errors.html) in /home/filesilo/loader/vendor/guzzlehttp/guzzle/src/Handler/CurlFactory.php:186
Stack trace:
#0 /home/filesilo/loader/vendor/guzzlehttp/guzzle/src/Handler/CurlFactory.php(149): GuzzleHttp\Handler\CurlFactory::createRejection(Object(GuzzleHttp\Handler\EasyHandle), Array)
#1 /home/filesilo/loader/vendor/guzzlehttp/guzzle/src/Handler/CurlFactory.php(102): GuzzleHttp\Handler\CurlFactory::finishError(Object(GuzzleHttp\Handler\CurlMultiHandler), Object(GuzzleHttp\Handler\EasyHandle), Object(GuzzleHttp\Handler\CurlFactory))
#2 /home/filesilo/loader/vendor/guzzlehttp/guzzle/src/Handler/CurlMultiHandler.php(181): GuzzleHttp\Handler\CurlFactory::finish(Object(GuzzleHttp\Handler\CurlMultiHandler), Object(GuzzleHttp\Handler\EasyHandle), Object(GuzzleHttp\Handler\CurlFactory))
#3 /home/filesilo/loader/vendor/guzzlehttp/guzzle/src/Handler/CurlMultiHandler.php(110): GuzzleHttp\Handler\CurlMultiHandler->processMessages()
#4 /home/filesilo/loader/vendor/guzzlehttp/guzzle/src/Handler/CurlMultiHandler.php(125): GuzzleHttp\Handler\CurlMultiHandler->tick()
#5 /home/filesilo/loader/vendor/guzzlehttp/promises/src/Promise.php(246): GuzzleHttp\Handler\CurlMultiHandler->execute(true)
#6 /home/filesilo/loader/vendor/guzzlehttp/promises/src/Promise.php(223): GuzzleHttp\Promise\Promise->invokeWaitFn()
#7 /home/filesilo/loader/vendor/guzzlehttp/promises/src/Promise.php(267): GuzzleHttp\Promise\Promise->waitIfPending()
#8 /home/filesilo/loader/vendor/guzzlehttp/promises/src/Promise.php(225): GuzzleHttp\Promise\Promise->invokeWaitList()
#9 /home/filesilo/loader/vendor/guzzlehttp/promises/src/Promise.php(62): GuzzleHttp\Promise\Promise->waitIfPending()
#10 /home/filesilo/loader/vendor/guzzlehttp/promises/src/EachPromise.php(101): GuzzleHttp\Promise\Promise->wait()
#11 /home/filesilo/loader/vendor/guzzlehttp/promises/src/Promise.php(246): GuzzleHttp\Promise\EachPromise->GuzzleHttp\Promise\{closure}(true)
#12 /home/filesilo/loader/vendor/guzzlehttp/promises/src/Promise.php(223): GuzzleHttp\Promise\Promise->invokeWaitFn()
#13 /home/filesilo/loader/vendor/guzzlehttp/promises/src/Promise.php(62): GuzzleHttp\Promise\Promise->waitIfPending()
#14 /home/filesilo/loader/updatedownloadlink.php(95): GuzzleHttp\Promise\Promise->wait()
#15 {main}|2GuzzleHttp\Exception\RequestException: cURL error 56:  (see http://curl.haxx.se/libcurl/c/libcurl-errors.html) in /home/filesilo/loader/vendor/guzzlehttp/guzzle/src/Handler/CurlFactory.php:186
Stack trace:
#0 /home/filesilo/loader/vendor/guzzlehttp/guzzle/src/Handler/CurlFactory.php(149): GuzzleHttp\Handler\CurlFactory::createRejection(Object(GuzzleHttp\Handler\EasyHandle), Array)
#1 /home/filesilo/loader/vendor/guzzlehttp/guzzle/src/Handler/CurlFactory.php(102): GuzzleHttp\Handler\CurlFactory::finishError(Object(GuzzleHttp\Handler\CurlMultiHandler), Object(GuzzleHttp\Handler\EasyHandle), Object(GuzzleHttp\Handler\CurlFactory))
#2 /home/filesilo/loader/vendor/guzzlehttp/guzzle/src/Handler/CurlMultiHandler.php(181): GuzzleHttp\Handler\CurlFactory::finish(Object(GuzzleHttp\Handler\CurlMultiHandler), Object(GuzzleHttp\Handler\EasyHandle), Object(GuzzleHttp\Handler\CurlFactory))
#3 /home/filesilo/loader/vendor/guzzlehttp/guzzle/src/Handler/CurlMultiHandler.php(110): GuzzleHttp\Handler\CurlMultiHandler->processMessages()
#4 /home/filesilo/loader/vendor/guzzlehttp/guzzle/src/Handler/CurlMultiHandler.php(125): GuzzleHttp\Handler\CurlMultiHandler->tick()
#5 /home/filesilo/loader/vendor/guzzlehttp/promises/src/Promise.php(246): GuzzleHttp\Handler\CurlMultiHandler->execute(true)
#6 /home/filesilo/loader/vendor/guzzlehttp/promises/src/Promise.php(223): GuzzleHttp\Promise\Promise->invokeWaitFn()
#7 /home/filesilo/loader/vendor/guzzlehttp/promises/src/Promise.php(267): GuzzleHttp\Promise\Promise->waitIfPending()
#8 /home/filesilo/loader/vendor/guzzlehttp/promises/src/Promise.php(225): GuzzleHttp\Promise\Promise->invokeWaitList()
#9 /home/filesilo/loader/vendor/guzzlehttp/promises/src/Promise.php(62): GuzzleHttp\Promise\Promise->waitIfPending()
#10 /home/filesilo/loader/vendor/guzzlehttp/promises/src/EachPromise.php(101): GuzzleHttp\Promise\Promise->wait()
#11 /home/filesilo/loader/vendor/guzzlehttp/promises/src/Promise.php(246): GuzzleHttp\Promise\EachPromise->GuzzleHttp\Promise\{closure}(true)
#12 /home/filesilo/loader/vendor/guzzlehttp/promises/src/Promise.php(223): GuzzleHttp\Promise\Promise->invokeWaitFn()
#13 /home/filesilo/loader/vendor/guzzlehttp/promises/src/Promise.php(62): GuzzleHttp\Promise\Promise->waitIfPending()
#14 /home/filesilo/loader/updatedownloadlink.php(95): GuzzleHttp\Promise\Promise->wait()
#15 {main}|3GuzzleHttp\Exception\RequestException: cURL error 56:  (see http://curl.haxx.se/libcurl/c/libcurl-errors.html) in /home/filesilo/loader/vendor/guzzlehttp/guzzle/src/Handler/CurlFactory.php:186
Stack trace:
#0 /home/filesilo/loader/vendor/guzzlehttp/guzzle/src/Handler/CurlFactory.php(149): GuzzleHttp\Handler\CurlFactory::createRejection(Object(GuzzleHttp\Handler\EasyHandle), Array)
#1 /home/filesilo/loader/vendor/guzzlehttp/guzzle/src/Handler/CurlFactory.php(102): GuzzleHttp\Handler\CurlFactory::finishError(Object(GuzzleHttp\Handler\CurlMultiHandler), Object(GuzzleHttp\Handler\EasyHandle), Object(GuzzleHttp\Handler\CurlFactory))
#2 /home/filesilo/loader/vendor/guzzlehttp/guzzle/src/Handler/CurlMultiHandler.php(181): GuzzleHttp\Handler\CurlFactory::finish(Object(GuzzleHttp\Handler\CurlMultiHandler), Object(GuzzleHttp\Handler\EasyHandle), Object(GuzzleHttp\Handler\CurlFactory))
#3 /home/filesilo/loader/vendor/guzzlehttp/guzzle/src/Handler/CurlMultiHandler.php(110): GuzzleHttp\Handler\CurlMultiHandler->processMessages()
#4 /home/filesilo/loader/vendor/guzzlehttp/guzzle/src/Handler/CurlMultiHandler.php(125): GuzzleHttp\Handler\CurlMultiHandler->tick()
#5 /home/filesilo/loader/vendor/guzzlehttp/promises/src/Promise.php(246): GuzzleHttp\Handler\CurlMultiHandler->execute(true)
#6 /home/filesilo/loader/vendor/guzzlehttp/promises/src/Promise.php(223): GuzzleHttp\Promise\Promise->invokeWaitFn()
#7 /home/filesilo/loader/vendor/guzzlehttp/promises/src/Promise.php(267): GuzzleHttp\Promise\Promise->waitIfPending()
#8 /home/filesilo/loader/vendor/guzzlehttp/promises/src/Promise.php(225): GuzzleHttp\Promise\Promise->invokeWaitList()
#9 /home/filesilo/loader/vendor/guzzlehttp/promises/src/Promise.php(62): GuzzleHttp\Promise\Promise->waitIfPending()
#10 /home/filesilo/loader/vendor/guzzlehttp/promises/src/EachPromise.php(101): GuzzleHttp\Promise\Promise->wait()
#11 /home/filesilo/loader/vendor/guzzlehttp/promises/src/Promise.php(246): GuzzleHttp\Promise\EachPromise->GuzzleHttp\Promise\{closure}(true)
#12 /home/filesilo/loader/vendor/guzzlehttp/promises/src/Promise.php(223): GuzzleHttp\Promise\Promise->invokeWaitFn()
#13 /home/filesilo/loader/vendor/guzzlehttp/promises/src/Promise.php(62): GuzzleHttp\Promise\Promise->waitIfPending()
#14 /home/filesilo/loader/updatedownloadlink.php(95): GuzzleHttp\Promise\Promise->wait()
#15 {main}|4GuzzleHttp\Exception\RequestException: cURL error 56:  (see http://curl.haxx.se/libcurl/c/libcurl-errors.html) in /home/filesilo/loader/vendor/guzzlehttp/guzzle/src/Handler/CurlFactory.php:186
Stack trace:
#0 /home/filesilo/loader/vendor/guzzlehttp/guzzle/src/Handler/CurlFactory.php(149): GuzzleHttp\Handler\CurlFactory::createRejection(Object(GuzzleHttp\Handler\EasyHandle), Array)
#1 /home/filesilo/loader/vendor/guzzlehttp/guzzle/src/Handler/CurlFactory.php(102): GuzzleHttp\Handler\CurlFactory::finishError(Object(GuzzleHttp\Handler\CurlMultiHandler), Object(GuzzleHttp\Handler\EasyHandle), Object(GuzzleHttp\Handler\CurlFactory))
#2 /home/filesilo/loader/vendor/guzzlehttp/guzzle/src/Handler/CurlMultiHandler.php(181): GuzzleHttp\Handler\CurlFactory::finish(Object(GuzzleHttp\Handler\CurlMultiHandler), Object(GuzzleHttp\Handler\EasyHandle), Object(GuzzleHttp\Handler\CurlFactory))
#3 /home/filesilo/loader/vendor/guzzlehttp/guzzle/src/Handler/CurlMultiHandler.php(110): GuzzleHttp\Handler\CurlMultiHandler->processMessages()
#4 /home/filesilo/loader/vendor/guzzlehttp/guzzle/src/Handler/CurlMultiHandler.php(125): GuzzleHttp\Handler\CurlMultiHandler->tick()
#5 /home/filesilo/loader/vendor/guzzlehttp/promises/src/Promise.php(246): GuzzleHttp\Handler\CurlMultiHandler->execute(true)
#6 /home/filesilo/loader/vendor/guzzlehttp/promises/src/Promise.php(223): GuzzleHttp\Promise\Promise->invokeWaitFn()
#7 /home/filesilo/loader/vendor/guzzlehttp/promises/src/Promise.php(267): GuzzleHttp\Promise\Promise->waitIfPending()
#8 /home/filesilo/loader/vendor/guzzlehttp/promises/src/Promise.php(225): GuzzleHttp\Promise\Promise->invokeWaitList()
#9 /home/filesilo/loader/vendor/guzzlehttp/promises/src/Promise.php(62): GuzzleHttp\Promise\Promise->waitIfPending()
#10 /home/filesilo/loader/vendor/guzzlehttp/promises/src/EachPromise.php(101): GuzzleHttp\Promise\Promise->wait()
#11 /home/filesilo/loader/vendor/guzzlehttp/promises/src/Promise.php(246): GuzzleHttp\Promise\EachPromise->GuzzleHttp\Promise\{closure}(true)
#12 /home/filesilo/loader/vendor/guzzlehttp/promises/src/Promise.php(223): GuzzleHttp\Promise\Promise->invokeWaitFn()
#13 /home/filesilo/loader/vendor/guzzlehttp/promises/src/Promise.php(62): GuzzleHttp\Promise\Promise->waitIfPending()
#14 /home/filesilo/loader/updatedownloadlink.php(95): GuzzleHttp\Promise\Promise->wait()
#15 {main}|5GuzzleHttp\Exception\RequestException: cURL error 56:  (see http://curl.haxx.se/libcurl/c/libcurl-errors.html) in /home/filesilo/loader/vendor/guzzlehttp/guzzle/src/Handler/CurlFactory.php:186
Stack trace:
#0 /home/filesilo/loader/vendor/guzzlehttp/guzzle/src/Handler/CurlFactory.php(149): GuzzleHttp\Handler\CurlFactory::createRejection(Object(GuzzleHttp\Handler\EasyHandle), Array)
#1 /home/filesilo/loader/vendor/guzzlehttp/guzzle/src/Handler/CurlFactory.php(102): GuzzleHttp\Handler\CurlFactory::finishError(Object(GuzzleHttp\Handler\CurlMultiHandler), Object(GuzzleHttp\Handler\EasyHandle), Object(GuzzleHttp\Handler\CurlFactory))
#2 /home/filesilo/loader/vendor/guzzlehttp/guzzle/src/Handler/CurlMultiHandler.php(181): GuzzleHttp\Handler\CurlFactory::finish(Object(GuzzleHttp\Handler\CurlMultiHandler), Object(GuzzleHttp\Handler\EasyHandle), Object(GuzzleHttp\Handler\CurlFactory))
#3 /home/filesilo/loader/vendor/guzzlehttp/guzzle/src/Handler/CurlMultiHandler.php(110): GuzzleHttp\Handler\CurlMultiHandler->processMessages()
#4 /home/filesilo/loader/vendor/guzzlehttp/guzzle/src/Handler/CurlMultiHandler.php(125): GuzzleHttp\Handler\CurlMultiHandler->tick()
#5 /home/filesilo/loader/vendor/guzzlehttp/promises/src/Promise.php(246): GuzzleHttp\Handler\CurlMultiHandler->execute(true)
#6 /home/filesilo/loader/vendor/guzzlehttp/promises/src/Promise.php(223): GuzzleHttp\Promise\Promise->invokeWaitFn()
#7 /home/filesilo/loader/vendor/guzzlehttp/promises/src/Promise.php(267): GuzzleHttp\Promise\Promise->waitIfPending()
#8 /home/filesilo/loader/vendor/guzzlehttp/promises/src/Promise.php(225): GuzzleHttp\Promise\Promise->invokeWaitList()
#9 /home/filesilo/loader/vendor/guzzlehttp/promises/src/Promise.php(62): GuzzleHttp\Promise\Promise->waitIfPending()
#10 /home/filesilo/loader/vendor/guzzlehttp/promises/src/EachPromise.php(101): GuzzleHttp\Promise\Promise->wait()
#11 /home/filesilo/loader/vendor/guzzlehttp/promises/src/Promise.php(246): GuzzleHttp\Promise\EachPromise->GuzzleHttp\Promise\{closure}(true)
#12 /home/filesilo/loader/vendor/guzzlehttp/promises/src/Promise.php(223): GuzzleHttp\Promise\Promise->invokeWaitFn()
#13 /home/filesilo/loader/vendor/guzzlehttp/promises/src/Promise.php(62): GuzzleHttp\Promise\Promise->waitIfPending()
#14 /home/filesilo/loader/updatedownloadlink.php(95): GuzzleHttp\Promise\Promise->wait()
#15 {main}|6GuzzleHttp\Exception\RequestException: cURL error 56:  (see http://curl.haxx.se/libcurl/c/libcurl-errors.html) in /home/filesilo/loader/vendor/guzzlehttp/guzzle/src/Handler/CurlFactory.php:186
Stack trace:
#0 /home/filesilo/loader/vendor/guzzlehttp/guzzle/src/Handler/CurlFactory.php(149): GuzzleHttp\Handler\CurlFactory::createRejection(Object(GuzzleHttp\Handler\EasyHandle), Array)
#1 /home/filesilo/loader/vendor/guzzlehttp/guzzle/src/Handler/CurlFactory.php(102): GuzzleHttp\Handler\CurlFactory::finishError(Object(GuzzleHttp\Handler\CurlMultiHandler), Object(GuzzleHttp\Handler\EasyHandle), Object(GuzzleHttp\Handler\CurlFactory))
#2 /home/filesilo/loader/vendor/guzzlehttp/guzzle/src/Handler/CurlMultiHandler.php(181): GuzzleHttp\Handler\CurlFactory::finish(Object(GuzzleHttp\Handler\CurlMultiHandler), Object(GuzzleHttp\Handler\EasyHandle), Object(GuzzleHttp\Handler\CurlFactory))
#3 /home/filesilo/loader/vendor/guzzlehttp/guzzle/src/Handler/CurlMultiHandler.php(110): GuzzleHttp\Handler\CurlMultiHandler->processMessages()
#4 /home/filesilo/loader/vendor/guzzlehttp/guzzle/src/Handler/CurlMultiHandler.php(125): GuzzleHttp\Handler\CurlMultiHandler->tick()
#5 /home/filesilo/loader/vendor/guzzlehttp/promises/src/Promise.php(246): GuzzleHttp\Handler\CurlMultiHandler->execute(true)
#6 /home/filesilo/loader/vendor/guzzlehttp/promises/src/Promise.php(223): GuzzleHttp\Promise\Promise->invokeWaitFn()
#7 /home/filesilo/loader/vendor/guzzlehttp/promises/src/Promise.php(267): GuzzleHttp\Promise\Promise->waitIfPending()
#8 /home/filesilo/loader/vendor/guzzlehttp/promises/src/Promise.php(225): GuzzleHttp\Promise\Promise->invokeWaitList()
#9 /home/filesilo/loader/vendor/guzzlehttp/promises/src/Promise.php(62): GuzzleHttp\Promise\Promise->waitIfPending()
#10 /home/filesilo/loader/vendor/guzzlehttp/promises/src/EachPromise.php(101): GuzzleHttp\Promise\Promise->wait()
#11 /home/filesilo/loader/vendor/guzzlehttp/promises/src/Promise.php(246): GuzzleHttp\Promise\EachPromise->GuzzleHttp\Promise\{closure}(true)
#12 /home/filesilo/loader/vendor/guzzlehttp/promises/src/Promise.php(223): GuzzleHttp\Promise\Promise->invokeWaitFn()
#13 /home/filesilo/loader/vendor/guzzlehttp/promises/src/Promise.php(62): GuzzleHttp\Promise\Promise->waitIfPending()
#14 /home/filesilo/loader/updatedownloadlink.php(95): GuzzleHttp\Promise\Promise->wait()
#15 {main}|7GuzzleHttp\Exception\RequestException: cURL error 56:  (see http://curl.haxx.se/libcurl/c/libcurl-errors.html) in /home/filesilo/loader/vendor/guzzlehttp/guzzle/src/Handler/CurlFactory.php:186
Stack trace:
#0 /home/filesilo/loader/vendor/guzzlehttp/guzzle/src/Handler/CurlFactory.php(149): GuzzleHttp\Handler\CurlFactory::createRejection(Object(GuzzleHttp\Handler\EasyHandle), Array)
#1 /home/filesilo/loader/vendor/guzzlehttp/guzzle/src/Handler/CurlFactory.php(102): GuzzleHttp\Handler\CurlFactory::finishError(Object(GuzzleHttp\Handler\CurlMultiHandler), Object(GuzzleHttp\Handler\EasyHandle), Object(GuzzleHttp\Handler\CurlFactory))
#2 /home/filesilo/loader/vendor/guzzlehttp/guzzle/src/Handler/CurlMultiHandler.php(181): GuzzleHttp\Handler\CurlFactory::finish(Object(GuzzleHttp\Handler\CurlMultiHandler), Object(GuzzleHttp\Handler\EasyHandle), Object(GuzzleHttp\Handler\CurlFactory))
#3 /home/filesilo/loader/vendor/guzzlehttp/guzzle/src/Handler/CurlMultiHandler.php(110): GuzzleHttp\Handler\CurlMultiHandler->processMessages()
#4 /home/filesilo/loader/vendor/guzzlehttp/guzzle/src/Handler/CurlMultiHandler.php(125): GuzzleHttp\Handler\CurlMultiHandler->tick()
#5 /home/filesilo/loader/vendor/guzzlehttp/promises/src/Promise.php(246): GuzzleHttp\Handler\CurlMultiHandler->execute(true)
#6 /home/filesilo/loader/vendor/guzzlehttp/promises/src/Promise.php(223): GuzzleHttp\Promise\Promise->invokeWaitFn()
#7 /home/filesilo/loader/vendor/guzzlehttp/promises/src/Promise.php(267): GuzzleHttp\Promise\Promise->waitIfPending()
#8 /home/filesilo/loader/vendor/guzzlehttp/promises/src/Promise.php(225): GuzzleHttp\Promise\Promise->invokeWaitList()
#9 /home/filesilo/loader/vendor/guzzlehttp/promises/src/Promise.php(62): GuzzleHttp\Promise\Promise->waitIfPending()
#10 /home/filesilo/loader/vendor/guzzlehttp/promises/src/EachPromise.php(101): GuzzleHttp\Promise\Promise->wait()
#11 /home/filesilo/loader/vendor/guzzlehttp/promises/src/Promise.php(246): GuzzleHttp\Promise\EachPromise->GuzzleHttp\Promise\{closure}(true)
#12 /home/filesilo/loader/vendor/guzzlehttp/promises/src/Promise.php(223): GuzzleHttp\Promise\Promise->invokeWaitFn()
#13 /home/filesilo/loader/vendor/guzzlehttp/promises/src/Promise.php(62): GuzzleHttp\Promise\Promise->waitIfPending()
#14 /home/filesilo/loader/updatedownloadlink.php(95): GuzzleHttp\Promise\Promise->wait()
#15 {main}|8GuzzleHttp\Exception\RequestException: cURL error 56:  (see http://curl.haxx.se/libcurl/c/libcurl-errors.html) in /home/filesilo/loader/vendor/guzzlehttp/guzzle/src/Handler/CurlFactory.php:186
Stack trace:
#0 /home/filesilo/loader/vendor/guzzlehttp/guzzle/src/Handler/CurlFactory.php(149): GuzzleHttp\Handler\CurlFactory::createRejection(Object(GuzzleHttp\Handler\EasyHandle), Array)
#1 /home/filesilo/loader/vendor/guzzlehttp/guzzle/src/Handler/CurlFactory.php(102): GuzzleHttp\Handler\CurlFactory::finishError(Object(GuzzleHttp\Handler\CurlMultiHandler), Object(GuzzleHttp\Handler\EasyHandle), Object(GuzzleHttp\Handler\CurlFactory))
#2 /home/filesilo/loader/vendor/guzzlehttp/guzzle/src/Handler/CurlMultiHandler.php(181): GuzzleHttp\Handler\CurlFactory::finish(Object(GuzzleHttp\Handler\CurlMultiHandler), Object(GuzzleHttp\Handler\EasyHandle), Object(GuzzleHttp\Handler\CurlFactory))
#3 /home/filesilo/loader/vendor/guzzlehttp/guzzle/src/Handler/CurlMultiHandler.php(110): GuzzleHttp\Handler\CurlMultiHandler->processMessages()
#4 /home/filesilo/loader/vendor/guzzlehttp/guzzle/src/Handler/CurlMultiHandler.php(125): GuzzleHttp\Handler\CurlMultiHandler->tick()
#5 /home/filesilo/loader/vendor/guzzlehttp/promises/src/Promise.php(246): GuzzleHttp\Handler\CurlMultiHandler->execute(true)
#6 /home/filesilo/loader/vendor/guzzlehttp/promises/src/Promise.php(223): GuzzleHttp\Promise\Promise->invokeWaitFn()
#7 /home/filesilo/loader/vendor/guzzlehttp/promises/src/Promise.php(267): GuzzleHttp\Promise\Promise->waitIfPending()
#8 /home/filesilo/loader/vendor/guzzlehttp/promises/src/Promise.php(225): GuzzleHttp\Promise\Promise->invokeWaitList()
#9 /home/filesilo/loader/vendor/guzzlehttp/promises/src/Promise.php(62): GuzzleHttp\Promise\Promise->waitIfPending()
#10 /home/filesilo/loader/vendor/guzzlehttp/promises/src/EachPromise.php(101): GuzzleHttp\Promise\Promise->wait()
#11 /home/filesilo/loader/vendor/guzzlehttp/promises/src/Promise.php(246): GuzzleHttp\Promise\EachPromise->GuzzleHttp\Promise\{closure}(true)
#12 /home/filesilo/loader/vendor/guzzlehttp/promises/src/Promise.php(223): GuzzleHttp\Promise\Promise->invokeWaitFn()
#13 /home/filesilo/loader/vendor/guzzlehttp/promises/src/Promise.php(62): GuzzleHttp\Promise\Promise->waitIfPending()
#14 /home/filesilo/loader/updatedownloadlink.php(95): GuzzleHttp\Promise\Promise->wait()
#15 {main}|9GuzzleHttp\Exception\RequestException: cURL error 56:  (see http://curl.haxx.se/libcurl/c/libcurl-errors.html) in /home/filesilo/loader/vendor/guzzlehttp/guzzle/src/Handler/CurlFactory.php:186
Stack trace:
#0 /home/filesilo/loader/vendor/guzzlehttp/guzzle/src/Handler/CurlFactory.php(149): GuzzleHttp\Handler\CurlFactory::createRejection(Object(GuzzleHttp\Handler\EasyHandle), Array)
#1 /home/filesilo/loader/vendor/guzzlehttp/guzzle/src/Handler/CurlFactory.php(102): GuzzleHttp\Handler\CurlFactory::finishError(Object(GuzzleHttp\Handler\CurlMultiHandler), Object(GuzzleHttp\Handler\EasyHandle), Object(GuzzleHttp\Handler\CurlFactory))
#2 /home/filesilo/loader/vendor/guzzlehttp/guzzle/src/Handler/CurlMultiHandler.php(181): GuzzleHttp\Handler\CurlFactory::finish(Object(GuzzleHttp\Handler\CurlMultiHandler), Object(GuzzleHttp\Handler\EasyHandle), Object(GuzzleHttp\Handler\CurlFactory))
#3 /home/filesilo/loader/vendor/guzzlehttp/guzzle/src/Handler/CurlMultiHandler.php(110): GuzzleHttp\Handler\CurlMultiHandler->processMessages()
#4 /home/filesilo/loader/vendor/guzzlehttp/guzzle/src/Handler/CurlMultiHandler.php(125): GuzzleHttp\Handler\CurlMultiHandler->tick()
#5 /home/filesilo/loader/vendor/guzzlehttp/promises/src/Promise.php(246): GuzzleHttp\Handler\CurlMultiHandler->execute(true)
#6 /home/filesilo/loader/vendor/guzzlehttp/promises/src/Promise.php(223): GuzzleHttp\Promise\Promise->invokeWaitFn()
#7 /home/filesilo/loader/vendor/guzzlehttp/promises/src/Promise.php(267): GuzzleHttp\Promise\Promise->waitIfPending()
#8 /home/filesilo/loader/vendor/guzzlehttp/promises/src/Promise.php(225): GuzzleHttp\Promise\Promise->invokeWaitList()
#9 /home/filesilo/loader/vendor/guzzlehttp/promises/src/Promise.php(62): GuzzleHttp\Promise\Promise->waitIfPending()
#10 /home/filesilo/loader/vendor/guzzlehttp/promises/src/EachPromise.php(101): GuzzleHttp\Promise\Promise->wait()
#11 /home/filesilo/loader/vendor/guzzlehttp/promises/src/Promise.php(246): GuzzleHttp\Promise\EachPromise->GuzzleHttp\Promise\{closure}(true)
#12 /home/filesilo/loader/vendor/guzzlehttp/promises/src/Promise.php(223): GuzzleHttp\Promise\Promise->invokeWaitFn()
#13 /home/filesilo/loader/vendor/guzzlehttp/promises/src/Promise.php(62): GuzzleHttp\Promise\Promise->waitIfPending()
#14 /home/filesilo/loader/updatedownloadlink.php(95): GuzzleHttp\Promise\Promise->wait()
#15 {main}|10GuzzleHttp\Exception\RequestException: cURL error 56:  (see http://curl.haxx.se/libcurl/c/libcurl-errors.html) in /home/filesilo/loader/vendor/guzzlehttp/guzzle/src/Handler/CurlFactory.php:186
Stack trace:
#0 /home/filesilo/loader/vendor/guzzlehttp/guzzle/src/Handler/CurlFactory.php(149): GuzzleHttp\Handler\CurlFactory::createRejection(Object(GuzzleHttp\Handler\EasyHandle), Array)
#1 /home/filesilo/loader/vendor/guzzlehttp/guzzle/src/Handler/CurlFactory.php(102): GuzzleHttp\Handler\CurlFactory::finishError(Object(GuzzleHttp\Handler\CurlMultiHandler), Object(GuzzleHttp\Handler\EasyHandle), Object(GuzzleHttp\Handler\CurlFactory))
#2 /home/filesilo/loader/vendor/guzzlehttp/guzzle/src/Handler/CurlMultiHandler.php(181): GuzzleHttp\Handler\CurlFactory::finish(Object(GuzzleHttp\Handler\CurlMultiHandler), Object(GuzzleHttp\Handler\EasyHandle), Object(GuzzleHttp\Handler\CurlFactory))
#3 /home/filesilo/loader/vendor/guzzlehttp/guzzle/src/Handler/CurlMultiHandler.php(110): GuzzleHttp\Handler\CurlMultiHandler->processMessages()
#4 /home/filesilo/loader/vendor/guzzlehttp/guzzle/src/Handler/CurlMultiHandler.php(125): GuzzleHttp\Handler\CurlMultiHandler->tick()
#5 /home/filesilo/loader/vendor/guzzlehttp/promises/src/Promise.php(246): GuzzleHttp\Handler\CurlMultiHandler->execute(true)
#6 /home/filesilo/loader/vendor/guzzlehttp/promises/src/Promise.php(223): GuzzleHttp\Promise\Promise->invokeWaitFn()
#7 /home/filesilo/loader/vendor/guzzlehttp/promises/src/Promise.php(267): GuzzleHttp\Promise\Promise->waitIfPending()
#8 /home/filesilo/loader/vendor/guzzlehttp/promises/src/Promise.php(225): GuzzleHttp\Promise\Promise->invokeWaitList()
#9 /home/filesilo/loader/vendor/guzzlehttp/promises/src/Promise.php(62): GuzzleHttp\Promise\Promise->waitIfPending()
#10 /home/filesilo/loader/vendor/guzzlehttp/promises/src/EachPromise.php(101): GuzzleHttp\Promise\Promise->wait()
#11 /home/filesilo/loader/vendor/guzzlehttp/promises/src/Promise.php(246): GuzzleHttp\Promise\EachPromise->GuzzleHttp\Promise\{closure}(true)
#12 /home/filesilo/loader/vendor/guzzlehttp/promises/src/Promise.php(223): GuzzleHttp\Promise\Promise->invokeWaitFn()
#13 /home/filesilo/loader/vendor/guzzlehttp/promises/src/Promise.php(62): GuzzleHttp\Promise\Promise->waitIfPending()
#14 /home/filesilo/loader/updatedownloadlink.php(95): GuzzleHttp\Promise\Promise->wait()
#15 {main}|11GuzzleHttp\Exception\RequestException: cURL error 56:  (see http://curl.haxx.se/libcurl/c/libcurl-errors.html) in /home/filesilo/loader/vendor/guzzlehttp/guzzle/src/Handler/CurlFactory.php:186
Stack trace:
#0 /home/filesilo/loader/vendor/guzzlehttp/guzzle/src/Handler/CurlFactory.php(149): GuzzleHttp\Handler\CurlFactory::createRejection(Object(GuzzleHttp\Handler\EasyHandle), Array)
#1 /home/filesilo/loader/vendor/guzzlehttp/guzzle/src/Handler/CurlFactory.php(102): GuzzleHttp\Handler\CurlFactory::finishError(Object(GuzzleHttp\Handler\CurlMultiHandler), Object(GuzzleHttp\Handler\EasyHandle), Object(GuzzleHttp\Handler\CurlFactory))
#2 /home/filesilo/loader/vendor/guzzlehttp/guzzle/src/Handler/CurlMultiHandler.php(181): GuzzleHttp\Handler\CurlFactory::finish(Object(GuzzleHttp\Handler\CurlMultiHandler), Object(GuzzleHttp\Handler\EasyHandle), Object(GuzzleHttp\Handler\CurlFactory))
#3 /home/filesilo/loader/vendor/guzzlehttp/guzzle/src/Handler/CurlMultiHandler.php(110): GuzzleHttp\Handler\CurlMultiHandler->processMessages()
#4 /home/filesilo/loader/vendor/guzzlehttp/guzzle/src/Handler/CurlMultiHandler.php(125): GuzzleHttp\Handler\CurlMultiHandler->tick()
#5 /home/filesilo/loader/vendor/guzzlehttp/promises/src/Promise.php(246): GuzzleHttp\Handler\CurlMultiHandler->execute(true)
#6 /home/filesilo/loader/vendor/guzzlehttp/promises/src/Promise.php(223): GuzzleHttp\Promise\Promise->invokeWaitFn()
#7 /home/filesilo/loader/vendor/guzzlehttp/promises/src/Promise.php(267): GuzzleHttp\Promise\Promise->waitIfPending()
#8 /home/filesilo/loader/vendor/guzzlehttp/promises/src/Promise.php(225): GuzzleHttp\Promise\Promise->invokeWaitList()
#9 /home/filesilo/loader/vendor/guzzlehttp/promises/src/Promise.php(62): GuzzleHttp\Promise\Promise->waitIfPending()
#10 /home/filesilo/loader/vendor/guzzlehttp/promises/src/EachPromise.php(101): GuzzleHttp\Promise\Promise->wait()
#11 /home/filesilo/loader/vendor/guzzlehttp/promises/src/Promise.php(246): GuzzleHttp\Promise\EachPromise->GuzzleHttp\Promise\{closure}(true)
#12 /home/filesilo/loader/vendor/guzzlehttp/promises/src/Promise.php(223): GuzzleHttp\Promise\Promise->invokeWaitFn()
#13 /home/filesilo/loader/vendor/guzzlehttp/promises/src/Promise.php(62): GuzzleHttp\Promise\Promise->waitIfPending()
#14 /home/filesilo/loader/updatedownloadlink.php(95): GuzzleHttp\Promise\Promise->wait()
#15 {main}|12GuzzleHttp\Exception\RequestException: cURL error 56:  (see http://curl.haxx.se/libcurl/c/libcurl-errors.html) in /home/filesilo/loader/vendor/guzzlehttp/guzzle/src/Handler/CurlFactory.php:186
Stack trace:
#0 /home/filesilo/loader/vendor/guzzlehttp/guzzle/src/Handler/CurlFactory.php(149): GuzzleHttp\Handler\CurlFactory::createRejection(Object(GuzzleHttp\Handler\EasyHandle), Array)
#1 /home/filesilo/loader/vendor/guzzlehttp/guzzle/src/Handler/CurlFactory.php(102): GuzzleHttp\Handler\CurlFactory::finishError(Object(GuzzleHttp\Handler\CurlMultiHandler), Object(GuzzleHttp\Handler\EasyHandle), Object(GuzzleHttp\Handler\CurlFactory))
#2 /home/filesilo/loader/vendor/guzzlehttp/guzzle/src/Handler/CurlMultiHandler.php(181): GuzzleHttp\Handler\CurlFactory::finish(Object(GuzzleHttp\Handler\CurlMultiHandler), Object(GuzzleHttp\Handler\EasyHandle), Object(GuzzleHttp\Handler\CurlFactory))
#3 /home/filesilo/loader/vendor/guzzlehttp/guzzle/src/Handler/CurlMultiHandler.php(110): GuzzleHttp\Handler\CurlMultiHandler->processMessages()
#4 /home/filesilo/loader/vendor/guzzlehttp/guzzle/src/Handler/CurlMultiHandler.php(125): GuzzleHttp\Handler\CurlMultiHandler->tick()
#5 /home/filesilo/loader/vendor/guzzlehttp/promises/src/Promise.php(246): GuzzleHttp\Handler\CurlMultiHandler->execute(true)
#6 /home/filesilo/loader/vendor/guzzlehttp/promises/src/Promise.php(223): GuzzleHttp\Promise\Promise->invokeWaitFn()
#7 /home/filesilo/loader/vendor/guzzlehttp/promises/src/Promise.php(267): GuzzleHttp\Promise\Promise->waitIfPending()
#8 /home/filesilo/loader/vendor/guzzlehttp/promises/src/Promise.php(225): GuzzleHttp\Promise\Promise->invokeWaitList()
#9 /home/filesilo/loader/vendor/guzzlehttp/promises/src/Promise.php(62): GuzzleHttp\Promise\Promise->waitIfPending()
#10 /home/filesilo/loader/vendor/guzzlehttp/promises/src/EachPromise.php(101): GuzzleHttp\Promise\Promise->wait()
#11 /home/filesilo/loader/vendor/guzzlehttp/promises/src/Promise.php(246): GuzzleHttp\Promise\EachPromise->GuzzleHttp\Promise\{closure}(true)
#12 /home/filesilo/loader/vendor/guzzlehttp/promises/src/Promise.php(223): GuzzleHttp\Promise\Promise->invokeWaitFn()
#13 /home/filesilo/loader/vendor/guzzlehttp/promises/src/Promise.php(62): GuzzleHttp\Promise\Promise->waitIfPending()
#14 /home/filesilo/loader/updatedownloadlink.php(95): GuzzleHttp\Promise\Promise->wait()
#15 {main}|13GuzzleHttp\Exception\RequestException: cURL error 56:  (see http://curl.haxx.se/libcurl/c/libcurl-errors.html) in /home/filesilo/loader/vendor/guzzlehttp/guzzle/src/Handler/CurlFactory.php:186
Stack trace:
#0 /home/filesilo/loader/vendor/guzzlehttp/guzzle/src/Handler/CurlFactory.php(149): GuzzleHttp\Handler\CurlFactory::createRejection(Object(GuzzleHttp\Handler\EasyHandle), Array)
#1 /home/filesilo/loader/vendor/guzzlehttp/guzzle/src/Handler/CurlFactory.php(102): GuzzleHttp\Handler\CurlFactory::finishError(Object(GuzzleHttp\Handler\CurlMultiHandler), Object(GuzzleHttp\Handler\EasyHandle), Object(GuzzleHttp\Handler\CurlFactory))
#2 /home/filesilo/loader/vendor/guzzlehttp/guzzle/src/Handler/CurlMultiHandler.php(181): GuzzleHttp\Handler\CurlFactory::finish(Object(GuzzleHttp\Handler\CurlMultiHandler), Object(GuzzleHttp\Handler\EasyHandle), Object(GuzzleHttp\Handler\CurlFactory))
#3 /home/filesilo/loader/vendor/guzzlehttp/guzzle/src/Handler/CurlMultiHandler.php(110): GuzzleHttp\Handler\CurlMultiHandler->processMessages()
#4 /home/filesilo/loader/vendor/guzzlehttp/guzzle/src/Handler/CurlMultiHandler.php(125): GuzzleHttp\Handler\CurlMultiHandler->tick()
#5 /home/filesilo/loader/vendor/guzzlehttp/promises/src/Promise.php(246): GuzzleHttp\Handler\CurlMultiHandler->execute(true)
#6 /home/filesilo/loader/vendor/guzzlehttp/promises/src/Promise.php(223): GuzzleHttp\Promise\Promise->invokeWaitFn()
#7 /home/filesilo/loader/vendor/guzzlehttp/promises/src/Promise.php(267): GuzzleHttp\Promise\Promise->waitIfPending()
#8 /home/filesilo/loader/vendor/guzzlehttp/promises/src/Promise.php(225): GuzzleHttp\Promise\Promise->invokeWaitList()
#9 /home/filesilo/loader/vendor/guzzlehttp/promises/src/Promise.php(62): GuzzleHttp\Promise\Promise->waitIfPending()
#10 /home/filesilo/loader/vendor/guzzlehttp/promises/src/EachPromise.php(101): GuzzleHttp\Promise\Promise->wait()
#11 /home/filesilo/loader/vendor/guzzlehttp/promises/src/Promise.php(246): GuzzleHttp\Promise\EachPromise->GuzzleHttp\Promise\{closure}(true)
#12 /home/filesilo/loader/vendor/guzzlehttp/promises/src/Promise.php(223): GuzzleHttp\Promise\Promise->invokeWaitFn()
#13 /home/filesilo/loader/vendor/guzzlehttp/promises/src/Promise.php(62): GuzzleHttp\Promise\Promise->waitIfPending()
#14 /home/filesilo/loader/updatedownloadlink.php(95): GuzzleHttp\Promise\Promise->wait()
#15 {main}|14GuzzleHttp\Exception\RequestException: cURL error 56:  (see http://curl.haxx.se/libcurl/c/libcurl-errors.html) in /home/filesilo/loader/vendor/guzzlehttp/guzzle/src/Handler/CurlFactory.php:186
Stack trace:
#0 /home/filesilo/loader/vendor/guzzlehttp/guzzle/src/Handler/CurlFactory.php(149): GuzzleHttp\Handler\CurlFactory::createRejection(Object(GuzzleHttp\Handler\EasyHandle), Array)
#1 /home/filesilo/loader/vendor/guzzlehttp/guzzle/src/Handler/CurlFactory.php(102): GuzzleHttp\Handler\CurlFactory::finishError(Object(GuzzleHttp\Handler\CurlMultiHandler), Object(GuzzleHttp\Handler\EasyHandle), Object(GuzzleHttp\Handler\CurlFactory))
#2 /home/filesilo/loader/vendor/guzzlehttp/guzzle/src/Handler/CurlMultiHandler.php(181): GuzzleHttp\Handler\CurlFactory::finish(Object(GuzzleHttp\Handler\CurlMultiHandler), Object(GuzzleHttp\Handler\EasyHandle), Object(GuzzleHttp\Handler\CurlFactory))
#3 /home/filesilo/loader/vendor/guzzlehttp/guzzle/src/Handler/CurlMultiHandler.php(110): GuzzleHttp\Handler\CurlMultiHandler->processMessages()
#4 /home/filesilo/loader/vendor/guzzlehttp/guzzle/src/Handler/CurlMultiHandler.php(125): GuzzleHttp\Handler\CurlMultiHandler->tick()
#5 /home/filesilo/loader/vendor/guzzlehttp/promises/src/Promise.php(246): GuzzleHttp\Handler\CurlMultiHandler->execute(true)
#6 /home/filesilo/loader/vendor/guzzlehttp/promises/src/Promise.php(223): GuzzleHttp\Promise\Promise->invokeWaitFn()
#7 /home/filesilo/loader/vendor/guzzlehttp/promises/src/Promise.php(267): GuzzleHttp\Promise\Promise->waitIfPending()
#8 /home/filesilo/loader/vendor/guzzlehttp/promises/src/Promise.php(225): GuzzleHttp\Promise\Promise->invokeWaitList()
#9 /home/filesilo/loader/vendor/guzzlehttp/promises/src/Promise.php(62): GuzzleHttp\Promise\Promise->waitIfPending()
#10 /home/filesilo/loader/vendor/guzzlehttp/promises/src/EachPromise.php(101): GuzzleHttp\Promise\Promise->wait()
#11 /home/filesilo/loader/vendor/guzzlehttp/promises/src/Promise.php(246): GuzzleHttp\Promise\EachPromise->GuzzleHttp\Promise\{closure}(true)
#12 /home/filesilo/loader/vendor/guzzlehttp/promises/src/Promise.php(223): GuzzleHttp\Promise\Promise->invokeWaitFn()
#13 /home/filesilo/loader/vendor/guzzlehttp/promises/src/Promise.php(62): GuzzleHttp\Promise\Promise->waitIfPending()
#14 /home/filesilo/loader/updatedownloadlink.php(95): GuzzleHttp\Promise\Promise->wait()
#15 {main}|15GuzzleHttp\Exception\RequestException: cURL error 56:  (see http://curl.haxx.se/libcurl/c/libcurl-errors.html) in /home/filesilo/loader/vendor/guzzlehttp/guzzle/src/Handler/CurlFactory.php:186
Stack trace:
#0 /home/filesilo/loader/vendor/guzzlehttp/guzzle/src/Handler/CurlFactory.php(149): GuzzleHttp\Handler\CurlFactory::createRejection(Object(GuzzleHttp\Handler\EasyHandle), Array)
#1 /home/filesilo/loader/vendor/guzzlehttp/guzzle/src/Handler/CurlFactory.php(102): GuzzleHttp\Handler\CurlFactory::finishError(Object(GuzzleHttp\Handler\CurlMultiHandler), Object(GuzzleHttp\Handler\EasyHandle), Object(GuzzleHttp\Handler\CurlFactory))
#2 /home/filesilo/loader/vendor/guzzlehttp/guzzle/src/Handler/CurlMultiHandler.php(181): GuzzleHttp\Handler\CurlFactory::finish(Object(GuzzleHttp\Handler\CurlMultiHandler), Object(GuzzleHttp\Handler\EasyHandle), Object(GuzzleHttp\Handler\CurlFactory))
#3 /home/filesilo/loader/vendor/guzzlehttp/guzzle/src/Handler/CurlMultiHandler.php(110): GuzzleHttp\Handler\CurlMultiHandler->processMessages()
#4 /home/filesilo/loader/vendor/guzzlehttp/guzzle/src/Handler/CurlMultiHandler.php(125): GuzzleHttp\Handler\CurlMultiHandler->tick()
#5 /home/filesilo/loader/vendor/guzzlehttp/promises/src/Promise.php(246): GuzzleHttp\Handler\CurlMultiHandler->execute(true)
#6 /home/filesilo/loader/vendor/guzzlehttp/promises/src/Promise.php(223): GuzzleHttp\Promise\Promise->invokeWaitFn()
#7 /home/filesilo/loader/vendor/guzzlehttp/promises/src/Promise.php(267): GuzzleHttp\Promise\Promise->waitIfPending()
#8 /home/filesilo/loader/vendor/guzzlehttp/promises/src/Promise.php(225): GuzzleHttp\Promise\Promise->invokeWaitList()
#9 /home/filesilo/loader/vendor/guzzlehttp/promises/src/Promise.php(62): GuzzleHttp\Promise\Promise->waitIfPending()
#10 /home/filesilo/loader/vendor/guzzlehttp/promises/src/EachPromise.php(101): GuzzleHttp\Promise\Promise->wait()
#11 /home/filesilo/loader/vendor/guzzlehttp/promises/src/Promise.php(246): GuzzleHttp\Promise\EachPromise->GuzzleHttp\Promise\{closure}(true)
#12 /home/filesilo/loader/vendor/guzzlehttp/promises/src/Promise.php(223): GuzzleHttp\Promise\Promise->invokeWaitFn()
#13 /home/filesilo/loader/vendor/guzzlehttp/promises/src/Promise.php(62): GuzzleHttp\Promise\Promise->waitIfPending()
#14 /home/filesilo/loader/updatedownloadlink.php(95): GuzzleHttp\Promise\Promise->wait()
#15 {main}|16GuzzleHttp\Exception\RequestException: cURL error 56:  (see http://curl.haxx.se/libcurl/c/libcurl-errors.html) in /home/filesilo/loader/vendor/guzzlehttp/guzzle/src/Handler/CurlFactory.php:186
Stack trace:
#0 /home/filesilo/loader/vendor/guzzlehttp/guzzle/src/Handler/CurlFactory.php(149): GuzzleHttp\Handler\CurlFactory::createRejection(Object(GuzzleHttp\Handler\EasyHandle), Array)
#1 /home/filesilo/loader/vendor/guzzlehttp/guzzle/src/Handler/CurlFactory.php(102): GuzzleHttp\Handler\CurlFactory::finishError(Object(GuzzleHttp\Handler\CurlMultiHandler), Object(GuzzleHttp\Handler\EasyHandle), Object(GuzzleHttp\Handler\CurlFactory))
#2 /home/filesilo/loader/vendor/guzzlehttp/guzzle/src/Handler/CurlMultiHandler.php(181): GuzzleHttp\Handler\CurlFactory::finish(Object(GuzzleHttp\Handler\CurlMultiHandler), Object(GuzzleHttp\Handler\EasyHandle), Object(GuzzleHttp\Handler\CurlFactory))
#3 /home/filesilo/loader/vendor/guzzlehttp/guzzle/src/Handler/CurlMultiHandler.php(110): GuzzleHttp\Handler\CurlMultiHandler->processMessages()
#4 /home/filesilo/loader/vendor/guzzlehttp/guzzle/src/Handler/CurlMultiHandler.php(125): GuzzleHttp\Handler\CurlMultiHandler->tick()
#5 /home/filesilo/loader/vendor/guzzlehttp/promises/src/Promise.php(246): GuzzleHttp\Handler\CurlMultiHandler->execute(true)
#6 /home/filesilo/loader/vendor/guzzlehttp/promises/src/Promise.php(223): GuzzleHttp\Promise\Promise->invokeWaitFn()
#7 /home/filesilo/loader/vendor/guzzlehttp/promises/src/Promise.php(267): GuzzleHttp\Promise\Promise->waitIfPending()
#8 /home/filesilo/loader/vendor/guzzlehttp/promises/src/Promise.php(225): GuzzleHttp\Promise\Promise->invokeWaitList()
#9 /home/filesilo/loader/vendor/guzzlehttp/promises/src/Promise.php(62): GuzzleHttp\Promise\Promise->waitIfPending()
#10 /home/filesilo/loader/vendor/guzzlehttp/promises/src/EachPromise.php(101): GuzzleHttp\Promise\Promise->wait()
#11 /home/filesilo/loader/vendor/guzzlehttp/promises/src/Promise.php(246): GuzzleHttp\Promise\EachPromise->GuzzleHttp\Promise\{closure}(true)
#12 /home/filesilo/loader/vendor/guzzlehttp/promises/src/Promise.php(223): GuzzleHttp\Promise\Promise->invokeWaitFn()
#13 /home/filesilo/loader/vendor/guzzlehttp/promises/src/Promise.php(62): GuzzleHttp\Promise\Promise->waitIfPending()
#14 /home/filesilo/loader/updatedownloadlink.php(95): GuzzleHttp\Promise\Promise->wait()
#15 {main}|17GuzzleHttp\Exception\RequestException: cURL error 56:  (see http://curl.haxx.se/libcurl/c/libcurl-errors.html) in /home/filesilo/loader/vendor/guzzlehttp/guzzle/src/Handler/CurlFactory.php:186
Stack trace:
#0 /home/filesilo/loader/vendor/guzzlehttp/guzzle/src/Handler/CurlFactory.php(149): GuzzleHttp\Handler\CurlFactory::createRejection(Object(GuzzleHttp\Handler\EasyHandle), Array)
#1 /home/filesilo/loader/vendor/guzzlehttp/guzzle/src/Handler/CurlFactory.php(102): GuzzleHttp\Handler\CurlFactory::finishError(Object(GuzzleHttp\Handler\CurlMultiHandler), Object(GuzzleHttp\Handler\EasyHandle), Object(GuzzleHttp\Handler\CurlFactory))
#2 /home/filesilo/loader/vendor/guzzlehttp/guzzle/src/Handler/CurlMultiHandler.php(181): GuzzleHttp\Handler\CurlFactory::finish(Object(GuzzleHttp\Handler\CurlMultiHandler), Object(GuzzleHttp\Handler\EasyHandle), Object(GuzzleHttp\Handler\CurlFactory))
#3 /home/filesilo/loader/vendor/guzzlehttp/guzzle/src/Handler/CurlMultiHandler.php(110): GuzzleHttp\Handler\CurlMultiHandler->processMessages()
#4 /home/filesilo/loader/vendor/guzzlehttp/guzzle/src/Handler/CurlMultiHandler.php(125): GuzzleHttp\Handler\CurlMultiHandler->tick()
#5 /home/filesilo/loader/vendor/guzzlehttp/promises/src/Promise.php(246): GuzzleHttp\Handler\CurlMultiHandler->execute(true)
#6 /home/filesilo/loader/vendor/guzzlehttp/promises/src/Promise.php(223): GuzzleHttp\Promise\Promise->invokeWaitFn()
#7 /home/filesilo/loader/vendor/guzzlehttp/promises/src/Promise.php(267): GuzzleHttp\Promise\Promise->waitIfPending()
#8 /home/filesilo/loader/vendor/guzzlehttp/promises/src/Promise.php(225): GuzzleHttp\Promise\Promise->invokeWaitList()
#9 /home/filesilo/loader/vendor/guzzlehttp/promises/src/Promise.php(62): GuzzleHttp\Promise\Promise->waitIfPending()
#10 /home/filesilo/loader/vendor/guzzlehttp/promises/src/EachPromise.php(101): GuzzleHttp\Promise\Promise->wait()
#11 /home/filesilo/loader/vendor/guzzlehttp/promises/src/Promise.php(246): GuzzleHttp\Promise\EachPromise->GuzzleHttp\Promise\{closure}(true)
#12 /home/filesilo/loader/vendor/guzzlehttp/promises/src/Promise.php(223): GuzzleHttp\Promise\Promise->invokeWaitFn()
#13 /home/filesilo/loader/vendor/guzzlehttp/promises/src/Promise.php(62): GuzzleHttp\Promise\Promise->waitIfPending()
#14 /home/filesilo/loader/updatedownloadlink.php(95): GuzzleHttp\Promise\Promise->wait()
#15 {main}|18GuzzleHttp\Exception\RequestException: cURL error 56:  (see http://curl.haxx.se/libcurl/c/libcurl-errors.html) in /home/filesilo/loader/vendor/guzzlehttp/guzzle/src/Handler/CurlFactory.php:186
Stack trace:
#0 /home/filesilo/loader/vendor/guzzlehttp/guzzle/src/Handler/CurlFactory.php(149): GuzzleHttp\Handler\CurlFactory::createRejection(Object(GuzzleHttp\Handler\EasyHandle), Array)
#1 /home/filesilo/loader/vendor/guzzlehttp/guzzle/src/Handler/CurlFactory.php(102): GuzzleHttp\Handler\CurlFactory::finishError(Object(GuzzleHttp\Handler\CurlMultiHandler), Object(GuzzleHttp\Handler\EasyHandle), Object(GuzzleHttp\Handler\CurlFactory))
#2 /home/filesilo/loader/vendor/guzzlehttp/guzzle/src/Handler/CurlMultiHandler.php(181): GuzzleHttp\Handler\CurlFactory::finish(Object(GuzzleHttp\Handler\CurlMultiHandler), Object(GuzzleHttp\Handler\EasyHandle), Object(GuzzleHttp\Handler\CurlFactory))
#3 /home/filesilo/loader/vendor/guzzlehttp/guzzle/src/Handler/CurlMultiHandler.php(110): GuzzleHttp\Handler\CurlMultiHandler->processMessages()
#4 /home/filesilo/loader/vendor/guzzlehttp/guzzle/src/Handler/CurlMultiHandler.php(125): GuzzleHttp\Handler\CurlMultiHandler->tick()
#5 /home/filesilo/loader/vendor/guzzlehttp/promises/src/Promise.php(246): GuzzleHttp\Handler\CurlMultiHandler->execute(true)
#6 /home/filesilo/loader/vendor/guzzlehttp/promises/src/Promise.php(223): GuzzleHttp\Promise\Promise->invokeWaitFn()
#7 /home/filesilo/loader/vendor/guzzlehttp/promises/src/Promise.php(267): GuzzleHttp\Promise\Promise->waitIfPending()
#8 /home/filesilo/loader/vendor/guzzlehttp/promises/src/Promise.php(225): GuzzleHttp\Promise\Promise->invokeWaitList()
#9 /home/filesilo/loader/vendor/guzzlehttp/promises/src/Promise.php(62): GuzzleHttp\Promise\Promise->waitIfPending()
#10 /home/filesilo/loader/vendor/guzzlehttp/promises/src/EachPromise.php(101): GuzzleHttp\Promise\Promise->wait()
#11 /home/filesilo/loader/vendor/guzzlehttp/promises/src/Promise.php(246): GuzzleHttp\Promise\EachPromise->GuzzleHttp\Promise\{closure}(true)
#12 /home/filesilo/loader/vendor/guzzlehttp/promises/src/Promise.php(223): GuzzleHttp\Promise\Promise->invokeWaitFn()
#13 /home/filesilo/loader/vendor/guzzlehttp/promises/src/Promise.php(62): GuzzleHttp\Promise\Promise->waitIfPending()
#14 /home/filesilo/loader/updatedownloadlink.php(95): GuzzleHttp\Promise\Promise->wait()
#15 {main}|19GuzzleHttp\Exception\RequestException: cURL error 56:  (see http://curl.haxx.se/libcurl/c/libcurl-errors.html) in /home/filesilo/loader/vendor/guzzlehttp/guzzle/src/Handler/CurlFactory.php:186
Stack trace:
#0 /home/filesilo/loader/vendor/guzzlehttp/guzzle/src/Handler/CurlFactory.php(149): GuzzleHttp\Handler\CurlFactory::createRejection(Object(GuzzleHttp\Handler\EasyHandle), Array)
#1 /home/filesilo/loader/vendor/guzzlehttp/guzzle/src/Handler/CurlFactory.php(102): GuzzleHttp\Handler\CurlFactory::finishError(Object(GuzzleHttp\Handler\CurlMultiHandler), Object(GuzzleHttp\Handler\EasyHandle), Object(GuzzleHttp\Handler\CurlFactory))
#2 /home/filesilo/loader/vendor/guzzlehttp/guzzle/src/Handler/CurlMultiHandler.php(181): GuzzleHttp\Handler\CurlFactory::finish(Object(GuzzleHttp\Handler\CurlMultiHandler), Object(GuzzleHttp\Handler\EasyHandle), Object(GuzzleHttp\Handler\CurlFactory))
#3 /home/filesilo/loader/vendor/guzzlehttp/guzzle/src/Handler/CurlMultiHandler.php(110): GuzzleHttp\Handler\CurlMultiHandler->processMessages()
#4 /home/filesilo/loader/vendor/guzzlehttp/guzzle/src/Handler/CurlMultiHandler.php(125): GuzzleHttp\Handler\CurlMultiHandler->tick()
#5 /home/filesilo/loader/vendor/guzzlehttp/promises/src/Promise.php(246): GuzzleHttp\Handler\CurlMultiHandler->execute(true)
#6 /home/filesilo/loader/vendor/guzzlehttp/promises/src/Promise.php(223): GuzzleHttp\Promise\Promise->invokeWaitFn()
#7 /home/filesilo/loader/vendor/guzzlehttp/promises/src/Promise.php(267): GuzzleHttp\Promise\Promise->waitIfPending()
#8 /home/filesilo/loader/vendor/guzzlehttp/promises/src/Promise.php(225): GuzzleHttp\Promise\Promise->invokeWaitList()
#9 /home/filesilo/loader/vendor/guzzlehttp/promises/src/Promise.php(62): GuzzleHttp\Promise\Promise->waitIfPending()
#10 /home/filesilo/loader/vendor/guzzlehttp/promises/src/EachPromise.php(101): GuzzleHttp\Promise\Promise->wait()
#11 /home/filesilo/loader/vendor/guzzlehttp/promises/src/Promise.php(246): GuzzleHttp\Promise\EachPromise->GuzzleHttp\Promise\{closure}(true)
#12 /home/filesilo/loader/vendor/guzzlehttp/promises/src/Promise.php(223): GuzzleHttp\Promise\Promise->invokeWaitFn()
#13 /home/filesilo/loader/vendor/guzzlehttp/promises/src/Promise.php(62): GuzzleHttp\Promise\Promise->waitIfPending()
#14 /home/filesilo/loader/updatedownloadlink.php(95): GuzzleHttp\Promise\Promise->wait()
#15 {main}|20GuzzleHttp\Exception\RequestException: cURL error 56:  (see http://curl.haxx.se/libcurl/c/libcurl-errors.html) in /home/filesilo/loader/vendor/guzzlehttp/guzzle/src/Handler/CurlFactory.php:186
Stack trace:
#0 /home/filesilo/loader/vendor/guzzlehttp/guzzle/src/Handler/CurlFactory.php(149): GuzzleHttp\Handler\CurlFactory::createRejection(Object(GuzzleHttp\Handler\EasyHandle), Array)
#1 /home/filesilo/loader/vendor/guzzlehttp/guzzle/src/Handler/CurlFactory.php(102): GuzzleHttp\Handler\CurlFactory::finishError(Object(GuzzleHttp\Handler\CurlMultiHandler), Object(GuzzleHttp\Handler\EasyHandle), Object(GuzzleHttp\Handler\CurlFactory))
#2 /home/filesilo/loader/vendor/guzzlehttp/guzzle/src/Handler/CurlMultiHandler.php(181): GuzzleHttp\Handler\CurlFactory::finish(Object(GuzzleHttp\Handler\CurlMultiHandler), Object(GuzzleHttp\Handler\EasyHandle), Object(GuzzleHttp\Handler\CurlFactory))
#3 /home/filesilo/loader/vendor/guzzlehttp/guzzle/src/Handler/CurlMultiHandler.php(110): GuzzleHttp\Handler\CurlMultiHandler->processMessages()
#4 /home/filesilo/loader/vendor/guzzlehttp/guzzle/src/Handler/CurlMultiHandler.php(125): GuzzleHttp\Handler\CurlMultiHandler->tick()
#5 /home/filesilo/loader/vendor/guzzlehttp/promises/src/Promise.php(246): GuzzleHttp\Handler\CurlMultiHandler->execute(true)
#6 /home/filesilo/loader/vendor/guzzlehttp/promises/src/Promise.php(223): GuzzleHttp\Promise\Promise->invokeWaitFn()
#7 /home/filesilo/loader/vendor/guzzlehttp/promises/src/Promise.php(267): GuzzleHttp\Promise\Promise->waitIfPending()
#8 /home/filesilo/loader/vendor/guzzlehttp/promises/src/Promise.php(225): GuzzleHttp\Promise\Promise->invokeWaitList()
#9 /home/filesilo/loader/vendor/guzzlehttp/promises/src/Promise.php(62): GuzzleHttp\Promise\Promise->waitIfPending()
#10 /home/filesilo/loader/vendor/guzzlehttp/promises/src/EachPromise.php(101): GuzzleHttp\Promise\Promise->wait()
#11 /home/filesilo/loader/vendor/guzzlehttp/promises/src/Promise.php(246): GuzzleHttp\Promise\EachPromise->GuzzleHttp\Promise\{closure}(true)
#12 /home/filesilo/loader/vendor/guzzlehttp/promises/src/Promise.php(223): GuzzleHttp\Promise\Promise->invokeWaitFn()
#13 /home/filesilo/loader/vendor/guzzlehttp/promises/src/Promise.php(62): GuzzleHttp\Promise\Promise->waitIfPending()
#14 /home/filesilo/loader/updatedownloadlink.php(95): GuzzleHttp\Promise\Promise->wait()
#15 {main}|21GuzzleHttp\Exception\RequestException: cURL error 56:  (see http://curl.haxx.se/libcurl/c/libcurl-errors.html) in /home/filesilo/loader/vendor/guzzlehttp/guzzle/src/Handler/CurlFactory.php:186
Stack trace:
#0 /home/filesilo/loader/vendor/guzzlehttp/guzzle/src/Handler/CurlFactory.php(149): GuzzleHttp\Handler\CurlFactory::createRejection(Object(GuzzleHttp\Handler\EasyHandle), Array)
#1 /home/filesilo/loader/vendor/guzzlehttp/guzzle/src/Handler/CurlFactory.php(102): GuzzleHttp\Handler\CurlFactory::finishError(Object(GuzzleHttp\Handler\CurlMultiHandler), Object(GuzzleHttp\Handler\EasyHandle), Object(GuzzleHttp\Handler\CurlFactory))
#2 /home/filesilo/loader/vendor/guzzlehttp/guzzle/src/Handler/CurlMultiHandler.php(181): GuzzleHttp\Handler\CurlFactory::finish(Object(GuzzleHttp\Handler\CurlMultiHandler), Object(GuzzleHttp\Handler\EasyHandle), Object(GuzzleHttp\Handler\CurlFactory))
#3 /home/filesilo/loader/vendor/guzzlehttp/guzzle/src/Handler/CurlMultiHandler.php(110): GuzzleHttp\Handler\CurlMultiHandler->processMessages()
#4 /home/filesilo/loader/vendor/guzzlehttp/guzzle/src/Handler/CurlMultiHandler.php(125): GuzzleHttp\Handler\CurlMultiHandler->tick()
#5 /home/filesilo/loader/vendor/guzzlehttp/promises/src/Promise.php(246): GuzzleHttp\Handler\CurlMultiHandler->execute(true)
#6 /home/filesilo/loader/vendor/guzzlehttp/promises/src/Promise.php(223): GuzzleHttp\Promise\Promise->invokeWaitFn()
#7 /home/filesilo/loader/vendor/guzzlehttp/promises/src/Promise.php(267): GuzzleHttp\Promise\Promise->waitIfPending()
#8 /home/filesilo/loader/vendor/guzzlehttp/promises/src/Promise.php(225): GuzzleHttp\Promise\Promise->invokeWaitList()
#9 /home/filesilo/loader/vendor/guzzlehttp/promises/src/Promise.php(62): GuzzleHttp\Promise\Promise->waitIfPending()
#10 /home/filesilo/loader/vendor/guzzlehttp/promises/src/EachPromise.php(101): GuzzleHttp\Promise\Promise->wait()
#11 /home/filesilo/loader/vendor/guzzlehttp/promises/src/Promise.php(246): GuzzleHttp\Promise\EachPromise->GuzzleHttp\Promise\{closure}(true)
#12 /home/filesilo/loader/vendor/guzzlehttp/promises/src/Promise.php(223): GuzzleHttp\Promise\Promise->invokeWaitFn()
#13 /home/filesilo/loader/vendor/guzzlehttp/promises/src/Promise.php(62): GuzzleHttp\Promise\Promise->waitIfPending()
#14 /home/filesilo/loader/updatedownloadlink.php(95): GuzzleHttp\Promise\Promise->wait()
#15 {main}|22GuzzleHttp\Exception\RequestException: cURL error 56:  (see http://curl.haxx.se/libcurl/c/libcurl-errors.html) in /home/filesilo/loader/vendor/guzzlehttp/guzzle/src/Handler/CurlFactory.php:186
Stack trace:
#0 /home/filesilo/loader/vendor/guzzlehttp/guzzle/src/Handler/CurlFactory.php(149): GuzzleHttp\Handler\CurlFactory::createRejection(Object(GuzzleHttp\Handler\EasyHandle), Array)
#1 /home/filesilo/loader/vendor/guzzlehttp/guzzle/src/Handler/CurlFactory.php(102): GuzzleHttp\Handler\CurlFactory::finishError(Object(GuzzleHttp\Handler\CurlMultiHandler), Object(GuzzleHttp\Handler\EasyHandle), Object(GuzzleHttp\Handler\CurlFactory))
#2 /home/filesilo/loader/vendor/guzzlehttp/guzzle/src/Handler/CurlMultiHandler.php(181): GuzzleHttp\Handler\CurlFactory::finish(Object(GuzzleHttp\Handler\CurlMultiHandler), Object(GuzzleHttp\Handler\EasyHandle), Object(GuzzleHttp\Handler\CurlFactory))
#3 /home/filesilo/loader/vendor/guzzlehttp/guzzle/src/Handler/CurlMultiHandler.php(110): GuzzleHttp\Handler\CurlMultiHandler->processMessages()
#4 /home/filesilo/loader/vendor/guzzlehttp/guzzle/src/Handler/CurlMultiHandler.php(125): GuzzleHttp\Handler\CurlMultiHandler->tick()
#5 /home/filesilo/loader/vendor/guzzlehttp/promises/src/Promise.php(246): GuzzleHttp\Handler\CurlMultiHandler->execute(true)
#6 /home/filesilo/loader/vendor/guzzlehttp/promises/src/Promise.php(223): GuzzleHttp\Promise\Promise->invokeWaitFn()
#7 /home/filesilo/loader/vendor/guzzlehttp/promises/src/Promise.php(267): GuzzleHttp\Promise\Promise->waitIfPending()
#8 /home/filesilo/loader/vendor/guzzlehttp/promises/src/Promise.php(225): GuzzleHttp\Promise\Promise->invokeWaitList()
#9 /home/filesilo/loader/vendor/guzzlehttp/promises/src/Promise.php(62): GuzzleHttp\Promise\Promise->waitIfPending()
#10 /home/filesilo/loader/vendor/guzzlehttp/promises/src/EachPromise.php(101): GuzzleHttp\Promise\Promise->wait()
#11 /home/filesilo/loader/vendor/guzzlehttp/promises/src/Promise.php(246): GuzzleHttp\Promise\EachPromise->GuzzleHttp\Promise\{closure}(true)
#12 /home/filesilo/loader/vendor/guzzlehttp/promises/src/Promise.php(223): GuzzleHttp\Promise\Promise->invokeWaitFn()
#13 /home/filesilo/loader/vendor/guzzlehttp/promises/src/Promise.php(62): GuzzleHttp\Promise\Promise->waitIfPending()
#14 /home/filesilo/loader/updatedownloadlink.php(95): GuzzleHttp\Promise\Promise->wait()
#15 {main}|23GuzzleHttp\Exception\RequestException: cURL error 56:  (see http://curl.haxx.se/libcurl/c/libcurl-errors.html) in /home/filesilo/loader/vendor/guzzlehttp/guzzle/src/Handler/CurlFactory.php:186
Stack trace:
#0 /home/filesilo/loader/vendor/guzzlehttp/guzzle/src/Handler/CurlFactory.php(149): GuzzleHttp\Handler\CurlFactory::createRejection(Object(GuzzleHttp\Handler\EasyHandle), Array)
#1 /home/filesilo/loader/vendor/guzzlehttp/guzzle/src/Handler/CurlFactory.php(102): GuzzleHttp\Handler\CurlFactory::finishError(Object(GuzzleHttp\Handler\CurlMultiHandler), Object(GuzzleHttp\Handler\EasyHandle), Object(GuzzleHttp\Handler\CurlFactory))
#2 /home/filesilo/loader/vendor/guzzlehttp/guzzle/src/Handler/CurlMultiHandler.php(181): GuzzleHttp\Handler\CurlFactory::finish(Object(GuzzleHttp\Handler\CurlMultiHandler), Object(GuzzleHttp\Handler\EasyHandle), Object(GuzzleHttp\Handler\CurlFactory))
#3 /home/filesilo/loader/vendor/guzzlehttp/guzzle/src/Handler/CurlMultiHandler.php(110): GuzzleHttp\Handler\CurlMultiHandler->processMessages()
#4 /home/filesilo/loader/vendor/guzzlehttp/guzzle/src/Handler/CurlMultiHandler.php(125): GuzzleHttp\Handler\CurlMultiHandler->tick()
#5 /home/filesilo/loader/vendor/guzzlehttp/promises/src/Promise.php(246): GuzzleHttp\Handler\CurlMultiHandler->execute(true)
#6 /home/filesilo/loader/vendor/guzzlehttp/promises/src/Promise.php(223): GuzzleHttp\Promise\Promise->invokeWaitFn()
#7 /home/filesilo/loader/vendor/guzzlehttp/promises/src/Promise.php(267): GuzzleHttp\Promise\Promise->waitIfPending()
#8 /home/filesilo/loader/vendor/guzzlehttp/promises/src/Promise.php(225): GuzzleHttp\Promise\Promise->invokeWaitList()
#9 /home/filesilo/loader/vendor/guzzlehttp/promises/src/Promise.php(62): GuzzleHttp\Promise\Promise->waitIfPending()
#10 /home/filesilo/loader/vendor/guzzlehttp/promises/src/EachPromise.php(101): GuzzleHttp\Promise\Promise->wait()
#11 /home/filesilo/loader/vendor/guzzlehttp/promises/src/Promise.php(246): GuzzleHttp\Promise\EachPromise->GuzzleHttp\Promise\{closure}(true)
#12 /home/filesilo/loader/vendor/guzzlehttp/promises/src/Promise.php(223): GuzzleHttp\Promise\Promise->invokeWaitFn()
#13 /home/filesilo/loader/vendor/guzzlehttp/promises/src/Promise.php(62): GuzzleHttp\Promise\Promise->waitIfPending()
#14 /home/filesilo/loader/updatedownloadlink.php(95): GuzzleHttp\Promise\Promise->wait()
#15 {main}|24GuzzleHttp\Exception\RequestException: cURL error 56:  (see http://curl.haxx.se/libcurl/c/libcurl-errors.html) in /home/filesilo/loader/vendor/guzzlehttp/guzzle/src/Handler/CurlFactory.php:186
Stack trace:
#0 /home/filesilo/loader/vendor/guzzlehttp/guzzle/src/Handler/CurlFactory.php(149): GuzzleHttp\Handler\CurlFactory::createRejection(Object(GuzzleHttp\Handler\EasyHandle), Array)
#1 /home/filesilo/loader/vendor/guzzlehttp/guzzle/src/Handler/CurlFactory.php(102): GuzzleHttp\Handler\CurlFactory::finishError(Object(GuzzleHttp\Handler\CurlMultiHandler), Object(GuzzleHttp\Handler\EasyHandle), Object(GuzzleHttp\Handler\CurlFactory))
#2 /home/filesilo/loader/vendor/guzzlehttp/guzzle/src/Handler/CurlMultiHandler.php(181): GuzzleHttp\Handler\CurlFactory::finish(Object(GuzzleHttp\Handler\CurlMultiHandler), Object(GuzzleHttp\Handler\EasyHandle), Object(GuzzleHttp\Handler\CurlFactory))
#3 /home/filesilo/loader/vendor/guzzlehttp/guzzle/src/Handler/CurlMultiHandler.php(110): GuzzleHttp\Handler\CurlMultiHandler->processMessages()
#4 /home/filesilo/loader/vendor/guzzlehttp/guzzle/src/Handler/CurlMultiHandler.php(125): GuzzleHttp\Handler\CurlMultiHandler->tick()
#5 /home/filesilo/loader/vendor/guzzlehttp/promises/src/Promise.php(246): GuzzleHttp\Handler\CurlMultiHandler->execute(true)
#6 /home/filesilo/loader/vendor/guzzlehttp/promises/src/Promise.php(223): GuzzleHttp\Promise\Promise->invokeWaitFn()
#7 /home/filesilo/loader/vendor/guzzlehttp/promises/src/Promise.php(267): GuzzleHttp\Promise\Promise->waitIfPending()
#8 /home/filesilo/loader/vendor/guzzlehttp/promises/src/Promise.php(225): GuzzleHttp\Promise\Promise->invokeWaitList()
#9 /home/filesilo/loader/vendor/guzzlehttp/promises/src/Promise.php(62): GuzzleHttp\Promise\Promise->waitIfPending()
#10 /home/filesilo/loader/vendor/guzzlehttp/promises/src/EachPromise.php(101): GuzzleHttp\Promise\Promise->wait()
#11 /home/filesilo/loader/vendor/guzzlehttp/promises/src/Promise.php(246): GuzzleHttp\Promise\EachPromise->GuzzleHttp\Promise\{closure}(true)
#12 /home/filesilo/loader/vendor/guzzlehttp/promises/src/Promise.php(223): GuzzleHttp\Promise\Promise->invokeWaitFn()
#13 /home/filesilo/loader/vendor/guzzlehttp/promises/src/Promise.php(62): GuzzleHttp\Promise\Promise->waitIfPending()
#14 /home/filesilo/loader/updatedownloadlink.php(95): GuzzleHttp\Promise\Promise->wait()
#15 {main}|25GuzzleHttp\Exception\RequestException: cURL error 56:  (see http://curl.haxx.se/libcurl/c/libcurl-errors.html) in /home/filesilo/loader/vendor/guzzlehttp/guzzle/src/Handler/CurlFactory.php:186
Stack trace:
#0 /home/filesilo/loader/vendor/guzzlehttp/guzzle/src/Handler/CurlFactory.php(149): GuzzleHttp\Handler\CurlFactory::createRejection(Object(GuzzleHttp\Handler\EasyHandle), Array)
#1 /home/filesilo/loader/vendor/guzzlehttp/guzzle/src/Handler/CurlFactory.php(102): GuzzleHttp\Handler\CurlFactory::finishError(Object(GuzzleHttp\Handler\CurlMultiHandler), Object(GuzzleHttp\Handler\EasyHandle), Object(GuzzleHttp\Handler\CurlFactory))
#2 /home/filesilo/loader/vendor/guzzlehttp/guzzle/src/Handler/CurlMultiHandler.php(181): GuzzleHttp\Handler\CurlFactory::finish(Object(GuzzleHttp\Handler\CurlMultiHandler), Object(GuzzleHttp\Handler\EasyHandle), Object(GuzzleHttp\Handler\CurlFactory))
#3 /home/filesilo/loader/vendor/guzzlehttp/guzzle/src/Handler/CurlMultiHandler.php(110): GuzzleHttp\Handler\CurlMultiHandler->processMessages()
#4 /home/filesilo/loader/vendor/guzzlehttp/guzzle/src/Handler/CurlMultiHandler.php(125): GuzzleHttp\Handler\CurlMultiHandler->tick()
#5 /home/filesilo/loader/vendor/guzzlehttp/promises/src/Promise.php(246): GuzzleHttp\Handler\CurlMultiHandler->execute(true)
#6 /home/filesilo/loader/vendor/guzzlehttp/promises/src/Promise.php(223): GuzzleHttp\Promise\Promise->invokeWaitFn()
#7 /home/filesilo/loader/vendor/guzzlehttp/promises/src/Promise.php(267): GuzzleHttp\Promise\Promise->waitIfPending()
#8 /home/filesilo/loader/vendor/guzzlehttp/promises/src/Promise.php(225): GuzzleHttp\Promise\Promise->invokeWaitList()
#9 /home/filesilo/loader/vendor/guzzlehttp/promises/src/Promise.php(62): GuzzleHttp\Promise\Promise->waitIfPending()
#10 /home/filesilo/loader/vendor/guzzlehttp/promises/src/EachPromise.php(101): GuzzleHttp\Promise\Promise->wait()
#11 /home/filesilo/loader/vendor/guzzlehttp/promises/src/Promise.php(246): GuzzleHttp\Promise\EachPromise->GuzzleHttp\Promise\{closure}(true)
#12 /home/filesilo/loader/vendor/guzzlehttp/promises/src/Promise.php(223): GuzzleHttp\Promise\Promise->invokeWaitFn()
#13 /home/filesilo/loader/vendor/guzzlehttp/promises/src/Promise.php(62): GuzzleHttp\Promise\Promise->waitIfPending()
#14 /home/filesilo/loader/updatedownloadlink.php(95): GuzzleHttp\Promise\Promise->wait()
#15 {main}|26GuzzleHttp\Exception\RequestException: cURL error 56:  (see http://curl.haxx.se/libcurl/c/libcurl-errors.html) in /home/filesilo/loader/vendor/guzzlehttp/guzzle/src/Handler/CurlFactory.php:186
Stack trace:
#0 /home/filesilo/loader/vendor/guzzlehttp/guzzle/src/Handler/CurlFactory.php(149): GuzzleHttp\Handler\CurlFactory::createRejection(Object(GuzzleHttp\Handler\EasyHandle), Array)
#1 /home/filesilo/loader/vendor/guzzlehttp/guzzle/src/Handler/CurlFactory.php(102): GuzzleHttp\Handler\CurlFactory::finishError(Object(GuzzleHttp\Handler\CurlMultiHandler), Object(GuzzleHttp\Handler\EasyHandle), Object(GuzzleHttp\Handler\CurlFactory))
#2 /home/filesilo/loader/vendor/guzzlehttp/guzzle/src/Handler/CurlMultiHandler.php(181): GuzzleHttp\Handler\CurlFactory::finish(Object(GuzzleHttp\Handler\CurlMultiHandler), Object(GuzzleHttp\Handler\EasyHandle), Object(GuzzleHttp\Handler\CurlFactory))
#3 /home/filesilo/loader/vendor/guzzlehttp/guzzle/src/Handler/CurlMultiHandler.php(110): GuzzleHttp\Handler\CurlMultiHandler->processMessages()
#4 /home/filesilo/loader/vendor/guzzlehttp/guzzle/src/Handler/CurlMultiHandler.php(125): GuzzleHttp\Handler\CurlMultiHandler->tick()
#5 /home/filesilo/loader/vendor/guzzlehttp/promises/src/Promise.php(246): GuzzleHttp\Handler\CurlMultiHandler->execute(true)
#6 /home/filesilo/loader/vendor/guzzlehttp/promises/src/Promise.php(223): GuzzleHttp\Promise\Promise->invokeWaitFn()
#7 /home/filesilo/loader/vendor/guzzlehttp/promises/src/Promise.php(267): GuzzleHttp\Promise\Promise->waitIfPending()
#8 /home/filesilo/loader/vendor/guzzlehttp/promises/src/Promise.php(225): GuzzleHttp\Promise\Promise->invokeWaitList()
#9 /home/filesilo/loader/vendor/guzzlehttp/promises/src/Promise.php(62): GuzzleHttp\Promise\Promise->waitIfPending()
#10 /home/filesilo/loader/vendor/guzzlehttp/promises/src/EachPromise.php(101): GuzzleHttp\Promise\Promise->wait()
#11 /home/filesilo/loader/vendor/guzzlehttp/promises/src/Promise.php(246): GuzzleHttp\Promise\EachPromise->GuzzleHttp\Promise\{closure}(true)
#12 /home/filesilo/loader/vendor/guzzlehttp/promises/src/Promise.php(223): GuzzleHttp\Promise\Promise->invokeWaitFn()
#13 /home/filesilo/loader/vendor/guzzlehttp/promises/src/Promise.php(62): GuzzleHttp\Promise\Promise->waitIfPending()
#14 /home/filesilo/loader/updatedownloadlink.php(95): GuzzleHttp\Promise\Promise->wait()
#15 {main}|27GuzzleHttp\Exception\RequestException: cURL error 56:  (see http://curl.haxx.se/libcurl/c/libcurl-errors.html) in /home/filesilo/loader/vendor/guzzlehttp/guzzle/src/Handler/CurlFactory.php:186
Stack trace:
#0 /home/filesilo/loader/vendor/guzzlehttp/guzzle/src/Handler/CurlFactory.php(149): GuzzleHttp\Handler\CurlFactory::createRejection(Object(GuzzleHttp\Handler\EasyHandle), Array)
#1 /home/filesilo/loader/vendor/guzzlehttp/guzzle/src/Handler/CurlFactory.php(102): GuzzleHttp\Handler\CurlFactory::finishError(Object(GuzzleHttp\Handler\CurlMultiHandler), Object(GuzzleHttp\Handler\EasyHandle), Object(GuzzleHttp\Handler\CurlFactory))
#2 /home/filesilo/loader/vendor/guzzlehttp/guzzle/src/Handler/CurlMultiHandler.php(181): GuzzleHttp\Handler\CurlFactory::finish(Object(GuzzleHttp\Handler\CurlMultiHandler), Object(GuzzleHttp\Handler\EasyHandle), Object(GuzzleHttp\Handler\CurlFactory))
#3 /home/filesilo/loader/vendor/guzzlehttp/guzzle/src/Handler/CurlMultiHandler.php(110): GuzzleHttp\Handler\CurlMultiHandler->processMessages()
#4 /home/filesilo/loader/vendor/guzzlehttp/guzzle/src/Handler/CurlMultiHandler.php(125): GuzzleHttp\Handler\CurlMultiHandler->tick()
#5 /home/filesilo/loader/vendor/guzzlehttp/promises/src/Promise.php(246): GuzzleHttp\Handler\CurlMultiHandler->execute(true)
#6 /home/filesilo/loader/vendor/guzzlehttp/promises/src/Promise.php(223): GuzzleHttp\Promise\Promise->invokeWaitFn()
#7 /home/filesilo/loader/vendor/guzzlehttp/promises/src/Promise.php(267): GuzzleHttp\Promise\Promise->waitIfPending()
#8 /home/filesilo/loader/vendor/guzzlehttp/promises/src/Promise.php(225): GuzzleHttp\Promise\Promise->invokeWaitList()
#9 /home/filesilo/loader/vendor/guzzlehttp/promises/src/Promise.php(62): GuzzleHttp\Promise\Promise->waitIfPending()
#10 /home/filesilo/loader/vendor/guzzlehttp/promises/src/EachPromise.php(101): GuzzleHttp\Promise\Promise->wait()
#11 /home/filesilo/loader/vendor/guzzlehttp/promises/src/Promise.php(246): GuzzleHttp\Promise\EachPromise->GuzzleHttp\Promise\{closure}(true)
#12 /home/filesilo/loader/vendor/guzzlehttp/promises/src/Promise.php(223): GuzzleHttp\Promise\Promise->invokeWaitFn()
#13 /home/filesilo/loader/vendor/guzzlehttp/promises/src/Promise.php(62): GuzzleHttp\Promise\Promise->waitIfPending()
#14 /home/filesilo/loader/updatedownloadlink.php(95): GuzzleHttp\Promise\Promise->wait()
#15 {main}|28GuzzleHttp\Exception\RequestException: cURL error 56:  (see http://curl.haxx.se/libcurl/c/libcurl-errors.html) in /home/filesilo/loader/vendor/guzzlehttp/guzzle/src/Handler/CurlFactory.php:186
Stack trace:
#0 /home/filesilo/loader/vendor/guzzlehttp/guzzle/src/Handler/CurlFactory.php(149): GuzzleHttp\Handler\CurlFactory::createRejection(Object(GuzzleHttp\Handler\EasyHandle), Array)
#1 /home/filesilo/loader/vendor/guzzlehttp/guzzle/src/Handler/CurlFactory.php(102): GuzzleHttp\Handler\CurlFactory::finishError(Object(GuzzleHttp\Handler\CurlMultiHandler), Object(GuzzleHttp\Handler\EasyHandle), Object(GuzzleHttp\Handler\CurlFactory))
#2 /home/filesilo/loader/vendor/guzzlehttp/guzzle/src/Handler/CurlMultiHandler.php(181): GuzzleHttp\Handler\CurlFactory::finish(Object(GuzzleHttp\Handler\CurlMultiHandler), Object(GuzzleHttp\Handler\EasyHandle), Object(GuzzleHttp\Handler\CurlFactory))
#3 /home/filesilo/loader/vendor/guzzlehttp/guzzle/src/Handler/CurlMultiHandler.php(110): GuzzleHttp\Handler\CurlMultiHandler->processMessages()
#4 /home/filesilo/loader/vendor/guzzlehttp/guzzle/src/Handler/CurlMultiHandler.php(125): GuzzleHttp\Handler\CurlMultiHandler->tick()
#5 /home/filesilo/loader/vendor/guzzlehttp/promises/src/Promise.php(246): GuzzleHttp\Handler\CurlMultiHandler->execute(true)
#6 /home/filesilo/loader/vendor/guzzlehttp/promises/src/Promise.php(223): GuzzleHttp\Promise\Promise->invokeWaitFn()
#7 /home/filesilo/loader/vendor/guzzlehttp/promises/src/Promise.php(267): GuzzleHttp\Promise\Promise->waitIfPending()
#8 /home/filesilo/loader/vendor/guzzlehttp/promises/src/Promise.php(225): GuzzleHttp\Promise\Promise->invokeWaitList()
#9 /home/filesilo/loader/vendor/guzzlehttp/promises/src/Promise.php(62): GuzzleHttp\Promise\Promise->waitIfPending()
#10 /home/filesilo/loader/vendor/guzzlehttp/promises/src/EachPromise.php(101): GuzzleHttp\Promise\Promise->wait()
#11 /home/filesilo/loader/vendor/guzzlehttp/promises/src/Promise.php(246): GuzzleHttp\Promise\EachPromise->GuzzleHttp\Promise\{closure}(true)
#12 /home/filesilo/loader/vendor/guzzlehttp/promises/src/Promise.php(223): GuzzleHttp\Promise\Promise->invokeWaitFn()
#13 /home/filesilo/loader/vendor/guzzlehttp/promises/src/Promise.php(62): GuzzleHttp\Promise\Promise->waitIfPending()
#14 /home/filesilo/loader/updatedownloadlink.php(95): GuzzleHttp\Promise\Promise->wait()
#15 {main}|29GuzzleHttp\Exception\RequestException: cURL error 56:  (see http://curl.haxx.se/libcurl/c/libcurl-errors.html) in /home/filesilo/loader/vendor/guzzlehttp/guzzle/src/Handler/CurlFactory.php:186
Stack trace:
#0 /home/filesilo/loader/vendor/guzzlehttp/guzzle/src/Handler/CurlFactory.php(149): GuzzleHttp\Handler\CurlFactory::createRejection(Object(GuzzleHttp\Handler\EasyHandle), Array)
#1 /home/filesilo/loader/vendor/guzzlehttp/guzzle/src/Handler/CurlFactory.php(102): GuzzleHttp\Handler\CurlFactory::finishError(Object(GuzzleHttp\Handler\CurlMultiHandler), Object(GuzzleHttp\Handler\EasyHandle), Object(GuzzleHttp\Handler\CurlFactory))
#2 /home/filesilo/loader/vendor/guzzlehttp/guzzle/src/Handler/CurlMultiHandler.php(181): GuzzleHttp\Handler\CurlFactory::finish(Object(GuzzleHttp\Handler\CurlMultiHandler), Object(GuzzleHttp\Handler\EasyHandle), Object(GuzzleHttp\Handler\CurlFactory))
#3 /home/filesilo/loader/vendor/guzzlehttp/guzzle/src/Handler/CurlMultiHandler.php(110): GuzzleHttp\Handler\CurlMultiHandler->processMessages()
#4 /home/filesilo/loader/vendor/guzzlehttp/guzzle/src/Handler/CurlMultiHandler.php(125): GuzzleHttp\Handler\CurlMultiHandler->tick()
#5 /home/filesilo/loader/vendor/guzzlehttp/promises/src/Promise.php(246): GuzzleHttp\Handler\CurlMultiHandler->execute(true)
#6 /home/filesilo/loader/vendor/guzzlehttp/promises/src/Promise.php(223): GuzzleHttp\Promise\Promise->invokeWaitFn()
#7 /home/filesilo/loader/vendor/guzzlehttp/promises/src/Promise.php(267): GuzzleHttp\Promise\Promise->waitIfPending()
#8 /home/filesilo/loader/vendor/guzzlehttp/promises/src/Promise.php(225): GuzzleHttp\Promise\Promise->invokeWaitList()
#9 /home/filesilo/loader/vendor/guzzlehttp/promises/src/Promise.php(62): GuzzleHttp\Promise\Promise->waitIfPending()
#10 /home/filesilo/loader/vendor/guzzlehttp/promises/src/EachPromise.php(101): GuzzleHttp\Promise\Promise->wait()
#11 /home/filesilo/loader/vendor/guzzlehttp/promises/src/Promise.php(246): GuzzleHttp\Promise\EachPromise->GuzzleHttp\Promise\{closure}(true)
#12 /home/filesilo/loader/vendor/guzzlehttp/promises/src/Promise.php(223): GuzzleHttp\Promise\Promise->invokeWaitFn()
#13 /home/filesilo/loader/vendor/guzzlehttp/promises/src/Promise.php(62): GuzzleHttp\Promise\Promise->waitIfPending()
#14 /home/filesilo/loader/updatedownloadlink.php(95): GuzzleHttp\Promise\Promise->wait()
#15 {main}|30GuzzleHttp\Exception\RequestException: cURL error 56:  (see http://curl.haxx.se/libcurl/c/libcurl-errors.html) in /home/filesilo/loader/vendor/guzzlehttp/guzzle/src/Handler/CurlFactory.php:186
Stack trace:
#0 /home/filesilo/loader/vendor/guzzlehttp/guzzle/src/Handler/CurlFactory.php(149): GuzzleHttp\Handler\CurlFactory::createRejection(Object(GuzzleHttp\Handler\EasyHandle), Array)
#1 /home/filesilo/loader/vendor/guzzlehttp/guzzle/src/Handler/CurlFactory.php(102): GuzzleHttp\Handler\CurlFactory::finishError(Object(GuzzleHttp\Handler\CurlMultiHandler), Object(GuzzleHttp\Handler\EasyHandle), Object(GuzzleHttp\Handler\CurlFactory))
#2 /home/filesilo/loader/vendor/guzzlehttp/guzzle/src/Handler/CurlMultiHandler.php(181): GuzzleHttp\Handler\CurlFactory::finish(Object(GuzzleHttp\Handler\CurlMultiHandler), Object(GuzzleHttp\Handler\EasyHandle), Object(GuzzleHttp\Handler\CurlFactory))
#3 /home/filesilo/loader/vendor/guzzlehttp/guzzle/src/Handler/CurlMultiHandler.php(110): GuzzleHttp\Handler\CurlMultiHandler->processMessages()
#4 /home/filesilo/loader/vendor/guzzlehttp/guzzle/src/Handler/CurlMultiHandler.php(125): GuzzleHttp\Handler\CurlMultiHandler->tick()
#5 /home/filesilo/loader/vendor/guzzlehttp/promises/src/Promise.php(246): GuzzleHttp\Handler\CurlMultiHandler->execute(true)
#6 /home/filesilo/loader/vendor/guzzlehttp/promises/src/Promise.php(223): GuzzleHttp\Promise\Promise->invokeWaitFn()
#7 /home/filesilo/loader/vendor/guzzlehttp/promises/src/Promise.php(267): GuzzleHttp\Promise\Promise->waitIfPending()
#8 /home/filesilo/loader/vendor/guzzlehttp/promises/src/Promise.php(225): GuzzleHttp\Promise\Promise->invokeWaitList()
#9 /home/filesilo/loader/vendor/guzzlehttp/promises/src/Promise.php(62): GuzzleHttp\Promise\Promise->waitIfPending()
#10 /home/filesilo/loader/vendor/guzzlehttp/promises/src/EachPromise.php(101): GuzzleHttp\Promise\Promise->wait()
#11 /home/filesilo/loader/vendor/guzzlehttp/promises/src/Promise.php(246): GuzzleHttp\Promise\EachPromise->GuzzleHttp\Promise\{closure}(true)
#12 /home/filesilo/loader/vendor/guzzlehttp/promises/src/Promise.php(223): GuzzleHttp\Promise\Promise->invokeWaitFn()
#13 /home/filesilo/loader/vendor/guzzlehttp/promises/src/Promise.php(62): GuzzleHttp\Promise\Promise->waitIfPending()
#14 /home/filesilo/loader/updatedownloadlink.php(95): GuzzleHttp\Promise\Promise->wait()
#15 {main}|31GuzzleHttp\Exception\RequestException: cURL error 56:  (see http://curl.haxx.se/libcurl/c/libcurl-errors.html) in /home/filesilo/loader/vendor/guzzlehttp/guzzle/src/Handler/CurlFactory.php:186
Stack trace:
#0 /home/filesilo/loader/vendor/guzzlehttp/guzzle/src/Handler/CurlFactory.php(149): GuzzleHttp\Handler\CurlFactory::createRejection(Object(GuzzleHttp\Handler\EasyHandle), Array)
#1 /home/filesilo/loader/vendor/guzzlehttp/guzzle/src/Handler/CurlFactory.php(102): GuzzleHttp\Handler\CurlFactory::finishError(Object(GuzzleHttp\Handler\CurlMultiHandler), Object(GuzzleHttp\Handler\EasyHandle), Object(GuzzleHttp\Handler\CurlFactory))
#2 /home/filesilo/loader/vendor/guzzlehttp/guzzle/src/Handler/CurlMultiHandler.php(181): GuzzleHttp\Handler\CurlFactory::finish(Object(GuzzleHttp\Handler\CurlMultiHandler), Object(GuzzleHttp\Handler\EasyHandle), Object(GuzzleHttp\Handler\CurlFactory))
#3 /home/filesilo/loader/vendor/guzzlehttp/guzzle/src/Handler/CurlMultiHandler.php(110): GuzzleHttp\Handler\CurlMultiHandler->processMessages()
#4 /home/filesilo/loader/vendor/guzzlehttp/guzzle/src/Handler/CurlMultiHandler.php(125): GuzzleHttp\Handler\CurlMultiHandler->tick()
#5 /home/filesilo/loader/vendor/guzzlehttp/promises/src/Promise.php(246): GuzzleHttp\Handler\CurlMultiHandler->execute(true)
#6 /home/filesilo/loader/vendor/guzzlehttp/promises/src/Promise.php(223): GuzzleHttp\Promise\Promise->invokeWaitFn()
#7 /home/filesilo/loader/vendor/guzzlehttp/promises/src/Promise.php(267): GuzzleHttp\Promise\Promise->waitIfPending()
#8 /home/filesilo/loader/vendor/guzzlehttp/promises/src/Promise.php(225): GuzzleHttp\Promise\Promise->invokeWaitList()
#9 /home/filesilo/loader/vendor/guzzlehttp/promises/src/Promise.php(62): GuzzleHttp\Promise\Promise->waitIfPending()
#10 /home/filesilo/loader/vendor/guzzlehttp/promises/src/EachPromise.php(101): GuzzleHttp\Promise\Promise->wait()
#11 /home/filesilo/loader/vendor/guzzlehttp/promises/src/Promise.php(246): GuzzleHttp\Promise\EachPromise->GuzzleHttp\Promise\{closure}(true)
#12 /home/filesilo/loader/vendor/guzzlehttp/promises/src/Promise.php(223): GuzzleHttp\Promise\Promise->invokeWaitFn()
#13 /home/filesilo/loader/vendor/guzzlehttp/promises/src/Promise.php(62): GuzzleHttp\Promise\Promise->waitIfPending()
#14 /home/filesilo/loader/updatedownloadlink.php(95): GuzzleHttp\Promise\Promise->wait()
#15 {main}|32GuzzleHttp\Exception\RequestException: cURL error 56:  (see http://curl.haxx.se/libcurl/c/libcurl-errors.html) in /home/filesilo/loader/vendor/guzzlehttp/guzzle/src/Handler/CurlFactory.php:186
Stack trace:
#0 /home/filesilo/loader/vendor/guzzlehttp/guzzle/src/Handler/CurlFactory.php(149): GuzzleHttp\Handler\CurlFactory::createRejection(Object(GuzzleHttp\Handler\EasyHandle), Array)
#1 /home/filesilo/loader/vendor/guzzlehttp/guzzle/src/Handler/CurlFactory.php(102): GuzzleHttp\Handler\CurlFactory::finishError(Object(GuzzleHttp\Handler\CurlMultiHandler), Object(GuzzleHttp\Handler\EasyHandle), Object(GuzzleHttp\Handler\CurlFactory))
#2 /home/filesilo/loader/vendor/guzzlehttp/guzzle/src/Handler/CurlMultiHandler.php(181): GuzzleHttp\Handler\CurlFactory::finish(Object(GuzzleHttp\Handler\CurlMultiHandler), Object(GuzzleHttp\Handler\EasyHandle), Object(GuzzleHttp\Handler\CurlFactory))
#3 /home/filesilo/loader/vendor/guzzlehttp/guzzle/src/Handler/CurlMultiHandler.php(110): GuzzleHttp\Handler\CurlMultiHandler->processMessages()
#4 /home/filesilo/loader/vendor/guzzlehttp/guzzle/src/Handler/CurlMultiHandler.php(125): GuzzleHttp\Handler\CurlMultiHandler->tick()
#5 /home/filesilo/loader/vendor/guzzlehttp/promises/src/Promise.php(246): GuzzleHttp\Handler\CurlMultiHandler->execute(true)
#6 /home/filesilo/loader/vendor/guzzlehttp/promises/src/Promise.php(223): GuzzleHttp\Promise\Promise->invokeWaitFn()
#7 /home/filesilo/loader/vendor/guzzlehttp/promises/src/Promise.php(267): GuzzleHttp\Promise\Promise->waitIfPending()
#8 /home/filesilo/loader/vendor/guzzlehttp/promises/src/Promise.php(225): GuzzleHttp\Promise\Promise->invokeWaitList()
#9 /home/filesilo/loader/vendor/guzzlehttp/promises/src/Promise.php(62): GuzzleHttp\Promise\Promise->waitIfPending()
#10 /home/filesilo/loader/vendor/guzzlehttp/promises/src/EachPromise.php(101): GuzzleHttp\Promise\Promise->wait()
#11 /home/filesilo/loader/vendor/guzzlehttp/promises/src/Promise.php(246): GuzzleHttp\Promise\EachPromise->GuzzleHttp\Promise\{closure}(true)
#12 /home/filesilo/loader/vendor/guzzlehttp/promises/src/Promise.php(223): GuzzleHttp\Promise\Promise->invokeWaitFn()
#13 /home/filesilo/loader/vendor/guzzlehttp/promises/src/Promise.php(62): GuzzleHttp\Promise\Promise->waitIfPending()
#14 /home/filesilo/loader/updatedownloadlink.php(95): GuzzleHttp\Promise\Promise->wait()
#15 {main}|33GuzzleHttp\Exception\RequestException: cURL error 56:  (see http://curl.haxx.se/libcurl/c/libcurl-errors.html) in /home/filesilo/loader/vendor/guzzlehttp/guzzle/src/Handler/CurlFactory.php:186
Stack trace:
#0 /home/filesilo/loader/vendor/guzzlehttp/guzzle/src/Handler/CurlFactory.php(149): GuzzleHttp\Handler\CurlFactory::createRejection(Object(GuzzleHttp\Handler\EasyHandle), Array)
#1 /home/filesilo/loader/vendor/guzzlehttp/guzzle/src/Handler/CurlFactory.php(102): GuzzleHttp\Handler\CurlFactory::finishError(Object(GuzzleHttp\Handler\CurlMultiHandler), Object(GuzzleHttp\Handler\EasyHandle), Object(GuzzleHttp\Handler\CurlFactory))
#2 /home/filesilo/loader/vendor/guzzlehttp/guzzle/src/Handler/CurlMultiHandler.php(181): GuzzleHttp\Handler\CurlFactory::finish(Object(GuzzleHttp\Handler\CurlMultiHandler), Object(GuzzleHttp\Handler\EasyHandle), Object(GuzzleHttp\Handler\CurlFactory))
#3 /home/filesilo/loader/vendor/guzzlehttp/guzzle/src/Handler/CurlMultiHandler.php(110): GuzzleHttp\Handler\CurlMultiHandler->processMessages()
#4 /home/filesilo/loader/vendor/guzzlehttp/guzzle/src/Handler/CurlMultiHandler.php(125): GuzzleHttp\Handler\CurlMultiHandler->tick()
#5 /home/filesilo/loader/vendor/guzzlehttp/promises/src/Promise.php(246): GuzzleHttp\Handler\CurlMultiHandler->execute(true)
#6 /home/filesilo/loader/vendor/guzzlehttp/promises/src/Promise.php(223): GuzzleHttp\Promise\Promise->invokeWaitFn()
#7 /home/filesilo/loader/vendor/guzzlehttp/promises/src/Promise.php(267): GuzzleHttp\Promise\Promise->waitIfPending()
#8 /home/filesilo/loader/vendor/guzzlehttp/promises/src/Promise.php(225): GuzzleHttp\Promise\Promise->invokeWaitList()
#9 /home/filesilo/loader/vendor/guzzlehttp/promises/src/Promise.php(62): GuzzleHttp\Promise\Promise->waitIfPending()
#10 /home/filesilo/loader/vendor/guzzlehttp/promises/src/EachPromise.php(101): GuzzleHttp\Promise\Promise->wait()
#11 /home/filesilo/loader/vendor/guzzlehttp/promises/src/Promise.php(246): GuzzleHttp\Promise\EachPromise->GuzzleHttp\Promise\{closure}(true)
#12 /home/filesilo/loader/vendor/guzzlehttp/promises/src/Promise.php(223): GuzzleHttp\Promise\Promise->invokeWaitFn()
#13 /home/filesilo/loader/vendor/guzzlehttp/promises/src/Promise.php(62): GuzzleHttp\Promise\Promise->waitIfPending()
#14 /home/filesilo/loader/updatedownloadlink.php(95): GuzzleHttp\Promise\Promise->wait()
#15 {main}|34GuzzleHttp\Exception\RequestException: cURL error 56:  (see http://curl.haxx.se/libcurl/c/libcurl-errors.html) in /home/filesilo/loader/vendor/guzzlehttp/guzzle/src/Handler/CurlFactory.php:186
Stack trace:
#0 /home/filesilo/loader/vendor/guzzlehttp/guzzle/src/Handler/CurlFactory.php(149): GuzzleHttp\Handler\CurlFactory::createRejection(Object(GuzzleHttp\Handler\EasyHandle), Array)
#1 /home/filesilo/loader/vendor/guzzlehttp/guzzle/src/Handler/CurlFactory.php(102): GuzzleHttp\Handler\CurlFactory::finishError(Object(GuzzleHttp\Handler\CurlMultiHandler), Object(GuzzleHttp\Handler\EasyHandle), Object(GuzzleHttp\Handler\CurlFactory))
#2 /home/filesilo/loader/vendor/guzzlehttp/guzzle/src/Handler/CurlMultiHandler.php(181): GuzzleHttp\Handler\CurlFactory::finish(Object(GuzzleHttp\Handler\CurlMultiHandler), Object(GuzzleHttp\Handler\EasyHandle), Object(GuzzleHttp\Handler\CurlFactory))
#3 /home/filesilo/loader/vendor/guzzlehttp/guzzle/src/Handler/CurlMultiHandler.php(110): GuzzleHttp\Handler\CurlMultiHandler->processMessages()
#4 /home/filesilo/loader/vendor/guzzlehttp/guzzle/src/Handler/CurlMultiHandler.php(125): GuzzleHttp\Handler\CurlMultiHandler->tick()
#5 /home/filesilo/loader/vendor/guzzlehttp/promises/src/Promise.php(246): GuzzleHttp\Handler\CurlMultiHandler->execute(true)
#6 /home/filesilo/loader/vendor/guzzlehttp/promises/src/Promise.php(223): GuzzleHttp\Promise\Promise->invokeWaitFn()
#7 /home/filesilo/loader/vendor/guzzlehttp/promises/src/Promise.php(267): GuzzleHttp\Promise\Promise->waitIfPending()
#8 /home/filesilo/loader/vendor/guzzlehttp/promises/src/Promise.php(225): GuzzleHttp\Promise\Promise->invokeWaitList()
#9 /home/filesilo/loader/vendor/guzzlehttp/promises/src/Promise.php(62): GuzzleHttp\Promise\Promise->waitIfPending()
#10 /home/filesilo/loader/vendor/guzzlehttp/promises/src/EachPromise.php(101): GuzzleHttp\Promise\Promise->wait()
#11 /home/filesilo/loader/vendor/guzzlehttp/promises/src/Promise.php(246): GuzzleHttp\Promise\EachPromise->GuzzleHttp\Promise\{closure}(true)
#12 /home/filesilo/loader/vendor/guzzlehttp/promises/src/Promise.php(223): GuzzleHttp\Promise\Promise->invokeWaitFn()
#13 /home/filesilo/loader/vendor/guzzlehttp/promises/src/Promise.php(62): GuzzleHttp\Promise\Promise->waitIfPending()
#14 /home/filesilo/loader/updatedownloadlink.php(95): GuzzleHttp\Promise\Promise->wait()
#15 {main}|35GuzzleHttp\Exception\RequestException: cURL error 56:  (see http://curl.haxx.se/libcurl/c/libcurl-errors.html) in /home/filesilo/loader/vendor/guzzlehttp/guzzle/src/Handler/CurlFactory.php:186
Stack trace:
#0 /home/filesilo/loader/vendor/guzzlehttp/guzzle/src/Handler/CurlFactory.php(149): GuzzleHttp\Handler\CurlFactory::createRejection(Object(GuzzleHttp\Handler\EasyHandle), Array)
#1 /home/filesilo/loader/vendor/guzzlehttp/guzzle/src/Handler/CurlFactory.php(102): GuzzleHttp\Handler\CurlFactory::finishError(Object(GuzzleHttp\Handler\CurlMultiHandler), Object(GuzzleHttp\Handler\EasyHandle), Object(GuzzleHttp\Handler\CurlFactory))
#2 /home/filesilo/loader/vendor/guzzlehttp/guzzle/src/Handler/CurlMultiHandler.php(181): GuzzleHttp\Handler\CurlFactory::finish(Object(GuzzleHttp\Handler\CurlMultiHandler), Object(GuzzleHttp\Handler\EasyHandle), Object(GuzzleHttp\Handler\CurlFactory))
#3 /home/filesilo/loader/vendor/guzzlehttp/guzzle/src/Handler/CurlMultiHandler.php(110): GuzzleHttp\Handler\CurlMultiHandler->processMessages()
#4 /home/filesilo/loader/vendor/guzzlehttp/guzzle/src/Handler/CurlMultiHandler.php(125): GuzzleHttp\Handler\CurlMultiHandler->tick()
#5 /home/filesilo/loader/vendor/guzzlehttp/promises/src/Promise.php(246): GuzzleHttp\Handler\CurlMultiHandler->execute(true)
#6 /home/filesilo/loader/vendor/guzzlehttp/promises/src/Promise.php(223): GuzzleHttp\Promise\Promise->invokeWaitFn()
#7 /home/filesilo/loader/vendor/guzzlehttp/promises/src/Promise.php(267): GuzzleHttp\Promise\Promise->waitIfPending()
#8 /home/filesilo/loader/vendor/guzzlehttp/promises/src/Promise.php(225): GuzzleHttp\Promise\Promise->invokeWaitList()
#9 /home/filesilo/loader/vendor/guzzlehttp/promises/src/Promise.php(62): GuzzleHttp\Promise\Promise->waitIfPending()
#10 /home/filesilo/loader/vendor/guzzlehttp/promises/src/EachPromise.php(101): GuzzleHttp\Promise\Promise->wait()
#11 /home/filesilo/loader/vendor/guzzlehttp/promises/src/Promise.php(246): GuzzleHttp\Promise\EachPromise->GuzzleHttp\Promise\{closure}(true)
#12 /home/filesilo/loader/vendor/guzzlehttp/promises/src/Promise.php(223): GuzzleHttp\Promise\Promise->invokeWaitFn()
#13 /home/filesilo/loader/vendor/guzzlehttp/promises/src/Promise.php(62): GuzzleHttp\Promise\Promise->waitIfPending()
#14 /home/filesilo/loader/updatedownloadlink.php(95): GuzzleHttp\Promise\Promise->wait()
#15 {main}|36GuzzleHttp\Exception\RequestException: cURL error 56:  (see http://curl.haxx.se/libcurl/c/libcurl-errors.html) in /home/filesilo/loader/vendor/guzzlehttp/guzzle/src/Handler/CurlFactory.php:186
Stack trace:
#0 /home/filesilo/loader/vendor/guzzlehttp/guzzle/src/Handler/CurlFactory.php(149): GuzzleHttp\Handler\CurlFactory::createRejection(Object(GuzzleHttp\Handler\EasyHandle), Array)
#1 /home/filesilo/loader/vendor/guzzlehttp/guzzle/src/Handler/CurlFactory.php(102): GuzzleHttp\Handler\CurlFactory::finishError(Object(GuzzleHttp\Handler\CurlMultiHandler), Object(GuzzleHttp\Handler\EasyHandle), Object(GuzzleHttp\Handler\CurlFactory))
#2 /home/filesilo/loader/vendor/guzzlehttp/guzzle/src/Handler/CurlMultiHandler.php(181): GuzzleHttp\Handler\CurlFactory::finish(Object(GuzzleHttp\Handler\CurlMultiHandler), Object(GuzzleHttp\Handler\EasyHandle), Object(GuzzleHttp\Handler\CurlFactory))
#3 /home/filesilo/loader/vendor/guzzlehttp/guzzle/src/Handler/CurlMultiHandler.php(110): GuzzleHttp\Handler\CurlMultiHandler->processMessages()
#4 /home/filesilo/loader/vendor/guzzlehttp/guzzle/src/Handler/CurlMultiHandler.php(125): GuzzleHttp\Handler\CurlMultiHandler->tick()
#5 /home/filesilo/loader/vendor/guzzlehttp/promises/src/Promise.php(246): GuzzleHttp\Handler\CurlMultiHandler->execute(true)
#6 /home/filesilo/loader/vendor/guzzlehttp/promises/src/Promise.php(223): GuzzleHttp\Promise\Promise->invokeWaitFn()
#7 /home/filesilo/loader/vendor/guzzlehttp/promises/src/Promise.php(267): GuzzleHttp\Promise\Promise->waitIfPending()
#8 /home/filesilo/loader/vendor/guzzlehttp/promises/src/Promise.php(225): GuzzleHttp\Promise\Promise->invokeWaitList()
#9 /home/filesilo/loader/vendor/guzzlehttp/promises/src/Promise.php(62): GuzzleHttp\Promise\Promise->waitIfPending()
#10 /home/filesilo/loader/vendor/guzzlehttp/promises/src/EachPromise.php(101): GuzzleHttp\Promise\Promise->wait()
#11 /home/filesilo/loader/vendor/guzzlehttp/promises/src/Promise.php(246): GuzzleHttp\Promise\EachPromise->GuzzleHttp\Promise\{closure}(true)
#12 /home/filesilo/loader/vendor/guzzlehttp/promises/src/Promise.php(223): GuzzleHttp\Promise\Promise->invokeWaitFn()
#13 /home/filesilo/loader/vendor/guzzlehttp/promises/src/Promise.php(62): GuzzleHttp\Promise\Promise->waitIfPending()
#14 /home/filesilo/loader/updatedownloadlink.php(95): GuzzleHttp\Promise\Promise->wait()
#15 {main}|37GuzzleHttp\Exception\RequestException: cURL error 56:  (see http://curl.haxx.se/libcurl/c/libcurl-errors.html) in /home/filesilo/loader/vendor/guzzlehttp/guzzle/src/Handler/CurlFactory.php:186
Stack trace:
#0 /home/filesilo/loader/vendor/guzzlehttp/guzzle/src/Handler/CurlFactory.php(149): GuzzleHttp\Handler\CurlFactory::createRejection(Object(GuzzleHttp\Handler\EasyHandle), Array)
#1 /home/filesilo/loader/vendor/guzzlehttp/guzzle/src/Handler/CurlFactory.php(102): GuzzleHttp\Handler\CurlFactory::finishError(Object(GuzzleHttp\Handler\CurlMultiHandler), Object(GuzzleHttp\Handler\EasyHandle), Object(GuzzleHttp\Handler\CurlFactory))
#2 /home/filesilo/loader/vendor/guzzlehttp/guzzle/src/Handler/CurlMultiHandler.php(181): GuzzleHttp\Handler\CurlFactory::finish(Object(GuzzleHttp\Handler\CurlMultiHandler), Object(GuzzleHttp\Handler\EasyHandle), Object(GuzzleHttp\Handler\CurlFactory))
#3 /home/filesilo/loader/vendor/guzzlehttp/guzzle/src/Handler/CurlMultiHandler.php(110): GuzzleHttp\Handler\CurlMultiHandler->processMessages()
#4 /home/filesilo/loader/vendor/guzzlehttp/guzzle/src/Handler/CurlMultiHandler.php(125): GuzzleHttp\Handler\CurlMultiHandler->tick()
#5 /home/filesilo/loader/vendor/guzzlehttp/promises/src/Promise.php(246): GuzzleHttp\Handler\CurlMultiHandler->execute(true)
#6 /home/filesilo/loader/vendor/guzzlehttp/promises/src/Promise.php(223): GuzzleHttp\Promise\Promise->invokeWaitFn()
#7 /home/filesilo/loader/vendor/guzzlehttp/promises/src/Promise.php(267): GuzzleHttp\Promise\Promise->waitIfPending()
#8 /home/filesilo/loader/vendor/guzzlehttp/promises/src/Promise.php(225): GuzzleHttp\Promise\Promise->invokeWaitList()
#9 /home/filesilo/loader/vendor/guzzlehttp/promises/src/Promise.php(62): GuzzleHttp\Promise\Promise->waitIfPending()
#10 /home/filesilo/loader/vendor/guzzlehttp/promises/src/EachPromise.php(101): GuzzleHttp\Promise\Promise->wait()
#11 /home/filesilo/loader/vendor/guzzlehttp/promises/src/Promise.php(246): GuzzleHttp\Promise\EachPromise->GuzzleHttp\Promise\{closure}(true)
#12 /home/filesilo/loader/vendor/guzzlehttp/promises/src/Promise.php(223): GuzzleHttp\Promise\Promise->invokeWaitFn()
#13 /home/filesilo/loader/vendor/guzzlehttp/promises/src/Promise.php(62): GuzzleHttp\Promise\Promise->waitIfPending()
#14 /home/filesilo/loader/updatedownloadlink.php(95): GuzzleHttp\Promise\Promise->wait()
#15 {main}|38GuzzleHttp\Exception\RequestException: cURL error 56:  (see http://curl.haxx.se/libcurl/c/libcurl-errors.html) in /home/filesilo/loader/vendor/guzzlehttp/guzzle/src/Handler/CurlFactory.php:186
Stack trace:
#0 /home/filesilo/loader/vendor/guzzlehttp/guzzle/src/Handler/CurlFactory.php(149): GuzzleHttp\Handler\CurlFactory::createRejection(Object(GuzzleHttp\Handler\EasyHandle), Array)
#1 /home/filesilo/loader/vendor/guzzlehttp/guzzle/src/Handler/CurlFactory.php(102): GuzzleHttp\Handler\CurlFactory::finishError(Object(GuzzleHttp\Handler\CurlMultiHandler), Object(GuzzleHttp\Handler\EasyHandle), Object(GuzzleHttp\Handler\CurlFactory))
#2 /home/filesilo/loader/vendor/guzzlehttp/guzzle/src/Handler/CurlMultiHandler.php(181): GuzzleHttp\Handler\CurlFactory::finish(Object(GuzzleHttp\Handler\CurlMultiHandler), Object(GuzzleHttp\Handler\EasyHandle), Object(GuzzleHttp\Handler\CurlFactory))
#3 /home/filesilo/loader/vendor/guzzlehttp/guzzle/src/Handler/CurlMultiHandler.php(110): GuzzleHttp\Handler\CurlMultiHandler->processMessages()
#4 /home/filesilo/loader/vendor/guzzlehttp/guzzle/src/Handler/CurlMultiHandler.php(125): GuzzleHttp\Handler\CurlMultiHandler->tick()
#5 /home/filesilo/loader/vendor/guzzlehttp/promises/src/Promise.php(246): GuzzleHttp\Handler\CurlMultiHandler->execute(true)
#6 /home/filesilo/loader/vendor/guzzlehttp/promises/src/Promise.php(223): GuzzleHttp\Promise\Promise->invokeWaitFn()
#7 /home/filesilo/loader/vendor/guzzlehttp/promises/src/Promise.php(267): GuzzleHttp\Promise\Promise->waitIfPending()
#8 /home/filesilo/loader/vendor/guzzlehttp/promises/src/Promise.php(225): GuzzleHttp\Promise\Promise->invokeWaitList()
#9 /home/filesilo/loader/vendor/guzzlehttp/promises/src/Promise.php(62): GuzzleHttp\Promise\Promise->waitIfPending()
#10 /home/filesilo/loader/vendor/guzzlehttp/promises/src/EachPromise.php(101): GuzzleHttp\Promise\Promise->wait()
#11 /home/filesilo/loader/vendor/guzzlehttp/promises/src/Promise.php(246): GuzzleHttp\Promise\EachPromise->GuzzleHttp\Promise\{closure}(true)
#12 /home/filesilo/loader/vendor/guzzlehttp/promises/src/Promise.php(223): GuzzleHttp\Promise\Promise->invokeWaitFn()
#13 /home/filesilo/loader/vendor/guzzlehttp/promises/src/Promise.php(62): GuzzleHttp\Promise\Promise->waitIfPending()
#14 /home/filesilo/loader/updatedownloadlink.php(95): GuzzleHttp\Promise\Promise->wait()
#15 {main}|39GuzzleHttp\Exception\RequestException: cURL error 56:  (see http://curl.haxx.se/libcurl/c/libcurl-errors.html) in /home/filesilo/loader/vendor/guzzlehttp/guzzle/src/Handler/CurlFactory.php:186
Stack trace:
#0 /home/filesilo/loader/vendor/guzzlehttp/guzzle/src/Handler/CurlFactory.php(149): GuzzleHttp\Handler\CurlFactory::createRejection(Object(GuzzleHttp\Handler\EasyHandle), Array)
#1 /home/filesilo/loader/vendor/guzzlehttp/guzzle/src/Handler/CurlFactory.php(102): GuzzleHttp\Handler\CurlFactory::finishError(Object(GuzzleHttp\Handler\CurlMultiHandler), Object(GuzzleHttp\Handler\EasyHandle), Object(GuzzleHttp\Handler\CurlFactory))
#2 /home/filesilo/loader/vendor/guzzlehttp/guzzle/src/Handler/CurlMultiHandler.php(181): GuzzleHttp\Handler\CurlFactory::finish(Object(GuzzleHttp\Handler\CurlMultiHandler), Object(GuzzleHttp\Handler\EasyHandle), Object(GuzzleHttp\Handler\CurlFactory))
#3 /home/filesilo/loader/vendor/guzzlehttp/guzzle/src/Handler/CurlMultiHandler.php(110): GuzzleHttp\Handler\CurlMultiHandler->processMessages()
#4 /home/filesilo/loader/vendor/guzzlehttp/guzzle/src/Handler/CurlMultiHandler.php(125): GuzzleHttp\Handler\CurlMultiHandler->tick()
#5 /home/filesilo/loader/vendor/guzzlehttp/promises/src/Promise.php(246): GuzzleHttp\Handler\CurlMultiHandler->execute(true)
#6 /home/filesilo/loader/vendor/guzzlehttp/promises/src/Promise.php(223): GuzzleHttp\Promise\Promise->invokeWaitFn()
#7 /home/filesilo/loader/vendor/guzzlehttp/promises/src/Promise.php(267): GuzzleHttp\Promise\Promise->waitIfPending()
#8 /home/filesilo/loader/vendor/guzzlehttp/promises/src/Promise.php(225): GuzzleHttp\Promise\Promise->invokeWaitList()
#9 /home/filesilo/loader/vendor/guzzlehttp/promises/src/Promise.php(62): GuzzleHttp\Promise\Promise->waitIfPending()
#10 /home/filesilo/loader/vendor/guzzlehttp/promises/src/EachPromise.php(101): GuzzleHttp\Promise\Promise->wait()
#11 /home/filesilo/loader/vendor/guzzlehttp/promises/src/Promise.php(246): GuzzleHttp\Promise\EachPromise->GuzzleHttp\Promise\{closure}(true)
#12 /home/filesilo/loader/vendor/guzzlehttp/promises/src/Promise.php(223): GuzzleHttp\Promise\Promise->invokeWaitFn()
#13 /home/filesilo/loader/vendor/guzzlehttp/promises/src/Promise.php(62): GuzzleHttp\Promise\Promise->waitIfPending()
#14 /home/filesilo/loader/updatedownloadlink.php(95): GuzzleHttp\Promise\Promise->wait()
#15 {main}|40GuzzleHttp\Exception\RequestException: cURL error 56:  (see http://curl.haxx.se/libcurl/c/libcurl-errors.html) in /home/filesilo/loader/vendor/guzzlehttp/guzzle/src/Handler/CurlFactory.php:186
Stack trace:
#0 /home/filesilo/loader/vendor/guzzlehttp/guzzle/src/Handler/CurlFactory.php(149): GuzzleHttp\Handler\CurlFactory::createRejection(Object(GuzzleHttp\Handler\EasyHandle), Array)
#1 /home/filesilo/loader/vendor/guzzlehttp/guzzle/src/Handler/CurlFactory.php(102): GuzzleHttp\Handler\CurlFactory::finishError(Object(GuzzleHttp\Handler\CurlMultiHandler), Object(GuzzleHttp\Handler\EasyHandle), Object(GuzzleHttp\Handler\CurlFactory))
#2 /home/filesilo/loader/vendor/guzzlehttp/guzzle/src/Handler/CurlMultiHandler.php(181): GuzzleHttp\Handler\CurlFactory::finish(Object(GuzzleHttp\Handler\CurlMultiHandler), Object(GuzzleHttp\Handler\EasyHandle), Object(GuzzleHttp\Handler\CurlFactory))
#3 /home/filesilo/loader/vendor/guzzlehttp/guzzle/src/Handler/CurlMultiHandler.php(110): GuzzleHttp\Handler\CurlMultiHandler->processMessages()
#4 /home/filesilo/loader/vendor/guzzlehttp/guzzle/src/Handler/CurlMultiHandler.php(125): GuzzleHttp\Handler\CurlMultiHandler->tick()
#5 /home/filesilo/loader/vendor/guzzlehttp/promises/src/Promise.php(246): GuzzleHttp\Handler\CurlMultiHandler->execute(true)
#6 /home/filesilo/loader/vendor/guzzlehttp/promises/src/Promise.php(223): GuzzleHttp\Promise\Promise->invokeWaitFn()
#7 /home/filesilo/loader/vendor/guzzlehttp/promises/src/Promise.php(267): GuzzleHttp\Promise\Promise->waitIfPending()
#8 /home/filesilo/loader/vendor/guzzlehttp/promises/src/Promise.php(225): GuzzleHttp\Promise\Promise->invokeWaitList()
#9 /home/filesilo/loader/vendor/guzzlehttp/promises/src/Promise.php(62): GuzzleHttp\Promise\Promise->waitIfPending()
#10 /home/filesilo/loader/vendor/guzzlehttp/promises/src/EachPromise.php(101): GuzzleHttp\Promise\Promise->wait()
#11 /home/filesilo/loader/vendor/guzzlehttp/promises/src/Promise.php(246): GuzzleHttp\Promise\EachPromise->GuzzleHttp\Promise\{closure}(true)
#12 /home/filesilo/loader/vendor/guzzlehttp/promises/src/Promise.php(223): GuzzleHttp\Promise\Promise->invokeWaitFn()
#13 /home/filesilo/loader/vendor/guzzlehttp/promises/src/Promise.php(62): GuzzleHttp\Promise\Promise->waitIfPending()
#14 /home/filesilo/loader/updatedownloadlink.php(95): GuzzleHttp\Promise\Promise->wait()
#15 {main}|41GuzzleHttp\Exception\RequestException: cURL error 56:  (see http://curl.haxx.se/libcurl/c/libcurl-errors.html) in E:\xampp73\htdocs\filecroco\loader\vendor\guzzlehttp\guzzle\src\Handler\CurlFactory.php:186
Stack trace:
#0 E:\xampp73\htdocs\filecroco\loader\vendor\guzzlehttp\guzzle\src\Handler\CurlFactory.php(149): GuzzleHttp\Handler\CurlFactory::createRejection(Object(GuzzleHttp\Handler\EasyHandle), Array)
#1 E:\xampp73\htdocs\filecroco\loader\vendor\guzzlehttp\guzzle\src\Handler\CurlFactory.php(102): GuzzleHttp\Handler\CurlFactory::finishError(Object(GuzzleHttp\Handler\CurlMultiHandler), Object(GuzzleHttp\Handler\EasyHandle), Object(GuzzleHttp\Handler\CurlFactory))
#2 E:\xampp73\htdocs\filecroco\loader\vendor\guzzlehttp\guzzle\src\Handler\CurlMultiHandler.php(181): GuzzleHttp\Handler\CurlFactory::finish(Object(GuzzleHttp\Handler\CurlMultiHandler), Object(GuzzleHttp\Handler\EasyHandle), Object(GuzzleHttp\Handler\CurlFactory))
#3 E:\xampp73\htdocs\filecroco\loader\vendor\guzzlehttp\guzzle\src\Handler\CurlMultiHandler.php(110): GuzzleHttp\Handler\CurlMultiHandler->processMessages()
#4 E:\xampp73\htdocs\filecroco\loader\vendor\guzzlehttp\guzzle\src\Handler\CurlMultiHandler.php(125): GuzzleHttp\Handler\CurlMultiHandler->tick()
#5 E:\xampp73\htdocs\filecroco\loader\vendor\guzzlehttp\promises\src\Promise.php(246): GuzzleHttp\Handler\CurlMultiHandler->execute(true)
#6 E:\xampp73\htdocs\filecroco\loader\vendor\guzzlehttp\promises\src\Promise.php(223): GuzzleHttp\Promise\Promise->invokeWaitFn()
#7 E:\xampp73\htdocs\filecroco\loader\vendor\guzzlehttp\promises\src\Promise.php(267): GuzzleHttp\Promise\Promise->waitIfPending()
#8 E:\xampp73\htdocs\filecroco\loader\vendor\guzzlehttp\promises\src\Promise.php(225): GuzzleHttp\Promise\Promise->invokeWaitList()
#9 E:\xampp73\htdocs\filecroco\loader\vendor\guzzlehttp\promises\src\Promise.php(62): GuzzleHttp\Promise\Promise->waitIfPending()
#10 E:\xampp73\htdocs\filecroco\loader\vendor\guzzlehttp\promises\src\EachPromise.php(101): GuzzleHttp\Promise\Promise->wait()
#11 E:\xampp73\htdocs\filecroco\loader\vendor\guzzlehttp\promises\src\Promise.php(246): GuzzleHttp\Promise\EachPromise->GuzzleHttp\Promise\{closure}(true)
#12 E:\xampp73\htdocs\filecroco\loader\vendor\guzzlehttp\promises\src\Promise.php(223): GuzzleHttp\Promise\Promise->invokeWaitFn()
#13 E:\xampp73\htdocs\filecroco\loader\vendor\guzzlehttp\promises\src\Promise.php(62): GuzzleHttp\Promise\Promise->waitIfPending()
#14 E:\xampp73\htdocs\filecroco\loader\updatedownloadlink.php(95): GuzzleHttp\Promise\Promise->wait()
#15 {main}|0GuzzleHttp\Exception\RequestException: cURL error 56:  (see http://curl.haxx.se/libcurl/c/libcurl-errors.html) in E:\xampp73\htdocs\filecroco\loader\vendor\guzzlehttp\guzzle\src\Handler\CurlFactory.php:186
Stack trace:
#0 E:\xampp73\htdocs\filecroco\loader\vendor\guzzlehttp\guzzle\src\Handler\CurlFactory.php(149): GuzzleHttp\Handler\CurlFactory::createRejection(Object(GuzzleHttp\Handler\EasyHandle), Array)
#1 E:\xampp73\htdocs\filecroco\loader\vendor\guzzlehttp\guzzle\src\Handler\CurlFactory.php(102): GuzzleHttp\Handler\CurlFactory::finishError(Object(GuzzleHttp\Handler\CurlMultiHandler), Object(GuzzleHttp\Handler\EasyHandle), Object(GuzzleHttp\Handler\CurlFactory))
#2 E:\xampp73\htdocs\filecroco\loader\vendor\guzzlehttp\guzzle\src\Handler\CurlMultiHandler.php(181): GuzzleHttp\Handler\CurlFactory::finish(Object(GuzzleHttp\Handler\CurlMultiHandler), Object(GuzzleHttp\Handler\EasyHandle), Object(GuzzleHttp\Handler\CurlFactory))
#3 E:\xampp73\htdocs\filecroco\loader\vendor\guzzlehttp\guzzle\src\Handler\CurlMultiHandler.php(110): GuzzleHttp\Handler\CurlMultiHandler->processMessages()
#4 E:\xampp73\htdocs\filecroco\loader\vendor\guzzlehttp\guzzle\src\Handler\CurlMultiHandler.php(125): GuzzleHttp\Handler\CurlMultiHandler->tick()
#5 E:\xampp73\htdocs\filecroco\loader\vendor\guzzlehttp\promises\src\Promise.php(246): GuzzleHttp\Handler\CurlMultiHandler->execute(true)
#6 E:\xampp73\htdocs\filecroco\loader\vendor\guzzlehttp\promises\src\Promise.php(223): GuzzleHttp\Promise\Promise->invokeWaitFn()
#7 E:\xampp73\htdocs\filecroco\loader\vendor\guzzlehttp\promises\src\Promise.php(267): GuzzleHttp\Promise\Promise->waitIfPending()
#8 E:\xampp73\htdocs\filecroco\loader\vendor\guzzlehttp\promises\src\Promise.php(225): GuzzleHttp\Promise\Promise->invokeWaitList()
#9 E:\xampp73\htdocs\filecroco\loader\vendor\guzzlehttp\promises\src\Promise.php(62): GuzzleHttp\Promise\Promise->waitIfPending()
#10 E:\xampp73\htdocs\filecroco\loader\vendor\guzzlehttp\promises\src\EachPromise.php(101): GuzzleHttp\Promise\Promise->wait()
#11 E:\xampp73\htdocs\filecroco\loader\vendor\guzzlehttp\promises\src\Promise.php(246): GuzzleHttp\Promise\EachPromise->GuzzleHttp\Promise\{closure}(true)
#12 E:\xampp73\htdocs\filecroco\loader\vendor\guzzlehttp\promises\src\Promise.php(223): GuzzleHttp\Promise\Promise->invokeWaitFn()
#13 E:\xampp73\htdocs\filecroco\loader\vendor\guzzlehttp\promises\src\Promise.php(62): GuzzleHttp\Promise\Promise->waitIfPending()
#14 E:\xampp73\htdocs\filecroco\loader\updatedownloadlink.php(95): GuzzleHttp\Promise\Promise->wait()
#15 {main}|1GuzzleHttp\Exception\RequestException: cURL error 56:  (see http://curl.haxx.se/libcurl/c/libcurl-errors.html) in E:\xampp73\htdocs\filecroco\loader\vendor\guzzlehttp\guzzle\src\Handler\CurlFactory.php:186
Stack trace:
#0 E:\xampp73\htdocs\filecroco\loader\vendor\guzzlehttp\guzzle\src\Handler\CurlFactory.php(149): GuzzleHttp\Handler\CurlFactory::createRejection(Object(GuzzleHttp\Handler\EasyHandle), Array)
#1 E:\xampp73\htdocs\filecroco\loader\vendor\guzzlehttp\guzzle\src\Handler\CurlFactory.php(102): GuzzleHttp\Handler\CurlFactory::finishError(Object(GuzzleHttp\Handler\CurlMultiHandler), Object(GuzzleHttp\Handler\EasyHandle), Object(GuzzleHttp\Handler\CurlFactory))
#2 E:\xampp73\htdocs\filecroco\loader\vendor\guzzlehttp\guzzle\src\Handler\CurlMultiHandler.php(181): GuzzleHttp\Handler\CurlFactory::finish(Object(GuzzleHttp\Handler\CurlMultiHandler), Object(GuzzleHttp\Handler\EasyHandle), Object(GuzzleHttp\Handler\CurlFactory))
#3 E:\xampp73\htdocs\filecroco\loader\vendor\guzzlehttp\guzzle\src\Handler\CurlMultiHandler.php(110): GuzzleHttp\Handler\CurlMultiHandler->processMessages()
#4 E:\xampp73\htdocs\filecroco\loader\vendor\guzzlehttp\guzzle\src\Handler\CurlMultiHandler.php(125): GuzzleHttp\Handler\CurlMultiHandler->tick()
#5 E:\xampp73\htdocs\filecroco\loader\vendor\guzzlehttp\promises\src\Promise.php(246): GuzzleHttp\Handler\CurlMultiHandler->execute(true)
#6 E:\xampp73\htdocs\filecroco\loader\vendor\guzzlehttp\promises\src\Promise.php(223): GuzzleHttp\Promise\Promise->invokeWaitFn()
#7 E:\xampp73\htdocs\filecroco\loader\vendor\guzzlehttp\promises\src\Promise.php(267): GuzzleHttp\Promise\Promise->waitIfPending()
#8 E:\xampp73\htdocs\filecroco\loader\vendor\guzzlehttp\promises\src\Promise.php(225): GuzzleHttp\Promise\Promise->invokeWaitList()
#9 E:\xampp73\htdocs\filecroco\loader\vendor\guzzlehttp\promises\src\Promise.php(62): GuzzleHttp\Promise\Promise->waitIfPending()
#10 E:\xampp73\htdocs\filecroco\loader\vendor\guzzlehttp\promises\src\EachPromise.php(101): GuzzleHttp\Promise\Promise->wait()
#11 E:\xampp73\htdocs\filecroco\loader\vendor\guzzlehttp\promises\src\Promise.php(246): GuzzleHttp\Promise\EachPromise->GuzzleHttp\Promise\{closure}(true)
#12 E:\xampp73\htdocs\filecroco\loader\vendor\guzzlehttp\promises\src\Promise.php(223): GuzzleHttp\Promise\Promise->invokeWaitFn()
#13 E:\xampp73\htdocs\filecroco\loader\vendor\guzzlehttp\promises\src\Promise.php(62): GuzzleHttp\Promise\Promise->waitIfPending()
#14 E:\xampp73\htdocs\filecroco\loader\updatedownloadlink.php(95): GuzzleHttp\Promise\Promise->wait()
#15 {main}|2GuzzleHttp\Exception\RequestException: cURL error 56:  (see http://curl.haxx.se/libcurl/c/libcurl-errors.html) in E:\xampp73\htdocs\filecroco\loader\vendor\guzzlehttp\guzzle\src\Handler\CurlFactory.php:186
Stack trace:
#0 E:\xampp73\htdocs\filecroco\loader\vendor\guzzlehttp\guzzle\src\Handler\CurlFactory.php(149): GuzzleHttp\Handler\CurlFactory::createRejection(Object(GuzzleHttp\Handler\EasyHandle), Array)
#1 E:\xampp73\htdocs\filecroco\loader\vendor\guzzlehttp\guzzle\src\Handler\CurlFactory.php(102): GuzzleHttp\Handler\CurlFactory::finishError(Object(GuzzleHttp\Handler\CurlMultiHandler), Object(GuzzleHttp\Handler\EasyHandle), Object(GuzzleHttp\Handler\CurlFactory))
#2 E:\xampp73\htdocs\filecroco\loader\vendor\guzzlehttp\guzzle\src\Handler\CurlMultiHandler.php(181): GuzzleHttp\Handler\CurlFactory::finish(Object(GuzzleHttp\Handler\CurlMultiHandler), Object(GuzzleHttp\Handler\EasyHandle), Object(GuzzleHttp\Handler\CurlFactory))
#3 E:\xampp73\htdocs\filecroco\loader\vendor\guzzlehttp\guzzle\src\Handler\CurlMultiHandler.php(110): GuzzleHttp\Handler\CurlMultiHandler->processMessages()
#4 E:\xampp73\htdocs\filecroco\loader\vendor\guzzlehttp\guzzle\src\Handler\CurlMultiHandler.php(125): GuzzleHttp\Handler\CurlMultiHandler->tick()
#5 E:\xampp73\htdocs\filecroco\loader\vendor\guzzlehttp\promises\src\Promise.php(246): GuzzleHttp\Handler\CurlMultiHandler->execute(true)
#6 E:\xampp73\htdocs\filecroco\loader\vendor\guzzlehttp\promises\src\Promise.php(223): GuzzleHttp\Promise\Promise->invokeWaitFn()
#7 E:\xampp73\htdocs\filecroco\loader\vendor\guzzlehttp\promises\src\Promise.php(267): GuzzleHttp\Promise\Promise->waitIfPending()
#8 E:\xampp73\htdocs\filecroco\loader\vendor\guzzlehttp\promises\src\Promise.php(225): GuzzleHttp\Promise\Promise->invokeWaitList()
#9 E:\xampp73\htdocs\filecroco\loader\vendor\guzzlehttp\promises\src\Promise.php(62): GuzzleHttp\Promise\Promise->waitIfPending()
#10 E:\xampp73\htdocs\filecroco\loader\vendor\guzzlehttp\promises\src\EachPromise.php(101): GuzzleHttp\Promise\Promise->wait()
#11 E:\xampp73\htdocs\filecroco\loader\vendor\guzzlehttp\promises\src\Promise.php(246): GuzzleHttp\Promise\EachPromise->GuzzleHttp\Promise\{closure}(true)
#12 E:\xampp73\htdocs\filecroco\loader\vendor\guzzlehttp\promises\src\Promise.php(223): GuzzleHttp\Promise\Promise->invokeWaitFn()
#13 E:\xampp73\htdocs\filecroco\loader\vendor\guzzlehttp\promises\src\Promise.php(62): GuzzleHttp\Promise\Promise->waitIfPending()
#14 E:\xampp73\htdocs\filecroco\loader\updatedownloadlink.php(95): GuzzleHttp\Promise\Promise->wait()
#15 {main}|3GuzzleHttp\Exception\RequestException: cURL error 56:  (see http://curl.haxx.se/libcurl/c/libcurl-errors.html) in E:\xampp73\htdocs\filecroco\loader\vendor\guzzlehttp\guzzle\src\Handler\CurlFactory.php:186
Stack trace:
#0 E:\xampp73\htdocs\filecroco\loader\vendor\guzzlehttp\guzzle\src\Handler\CurlFactory.php(149): GuzzleHttp\Handler\CurlFactory::createRejection(Object(GuzzleHttp\Handler\EasyHandle), Array)
#1 E:\xampp73\htdocs\filecroco\loader\vendor\guzzlehttp\guzzle\src\Handler\CurlFactory.php(102): GuzzleHttp\Handler\CurlFactory::finishError(Object(GuzzleHttp\Handler\CurlMultiHandler), Object(GuzzleHttp\Handler\EasyHandle), Object(GuzzleHttp\Handler\CurlFactory))
#2 E:\xampp73\htdocs\filecroco\loader\vendor\guzzlehttp\guzzle\src\Handler\CurlMultiHandler.php(181): GuzzleHttp\Handler\CurlFactory::finish(Object(GuzzleHttp\Handler\CurlMultiHandler), Object(GuzzleHttp\Handler\EasyHandle), Object(GuzzleHttp\Handler\CurlFactory))
#3 E:\xampp73\htdocs\filecroco\loader\vendor\guzzlehttp\guzzle\src\Handler\CurlMultiHandler.php(110): GuzzleHttp\Handler\CurlMultiHandler->processMessages()
#4 E:\xampp73\htdocs\filecroco\loader\vendor\guzzlehttp\guzzle\src\Handler\CurlMultiHandler.php(125): GuzzleHttp\Handler\CurlMultiHandler->tick()
#5 E:\xampp73\htdocs\filecroco\loader\vendor\guzzlehttp\promises\src\Promise.php(246): GuzzleHttp\Handler\CurlMultiHandler->execute(true)
#6 E:\xampp73\htdocs\filecroco\loader\vendor\guzzlehttp\promises\src\Promise.php(223): GuzzleHttp\Promise\Promise->invokeWaitFn()
#7 E:\xampp73\htdocs\filecroco\loader\vendor\guzzlehttp\promises\src\Promise.php(267): GuzzleHttp\Promise\Promise->waitIfPending()
#8 E:\xampp73\htdocs\filecroco\loader\vendor\guzzlehttp\promises\src\Promise.php(225): GuzzleHttp\Promise\Promise->invokeWaitList()
#9 E:\xampp73\htdocs\filecroco\loader\vendor\guzzlehttp\promises\src\Promise.php(62): GuzzleHttp\Promise\Promise->waitIfPending()
#10 E:\xampp73\htdocs\filecroco\loader\vendor\guzzlehttp\promises\src\EachPromise.php(101): GuzzleHttp\Promise\Promise->wait()
#11 E:\xampp73\htdocs\filecroco\loader\vendor\guzzlehttp\promises\src\Promise.php(246): GuzzleHttp\Promise\EachPromise->GuzzleHttp\Promise\{closure}(true)
#12 E:\xampp73\htdocs\filecroco\loader\vendor\guzzlehttp\promises\src\Promise.php(223): GuzzleHttp\Promise\Promise->invokeWaitFn()
#13 E:\xampp73\htdocs\filecroco\loader\vendor\guzzlehttp\promises\src\Promise.php(62): GuzzleHttp\Promise\Promise->waitIfPending()
#14 E:\xampp73\htdocs\filecroco\loader\updatedownloadlink.php(95): GuzzleHttp\Promise\Promise->wait()
#15 {main}|4GuzzleHttp\Exception\RequestException: cURL error 56:  (see http://curl.haxx.se/libcurl/c/libcurl-errors.html) in E:\xampp73\htdocs\filecroco\loader\vendor\guzzlehttp\guzzle\src\Handler\CurlFactory.php:186
Stack trace:
#0 E:\xampp73\htdocs\filecroco\loader\vendor\guzzlehttp\guzzle\src\Handler\CurlFactory.php(149): GuzzleHttp\Handler\CurlFactory::createRejection(Object(GuzzleHttp\Handler\EasyHandle), Array)
#1 E:\xampp73\htdocs\filecroco\loader\vendor\guzzlehttp\guzzle\src\Handler\CurlFactory.php(102): GuzzleHttp\Handler\CurlFactory::finishError(Object(GuzzleHttp\Handler\CurlMultiHandler), Object(GuzzleHttp\Handler\EasyHandle), Object(GuzzleHttp\Handler\CurlFactory))
#2 E:\xampp73\htdocs\filecroco\loader\vendor\guzzlehttp\guzzle\src\Handler\CurlMultiHandler.php(181): GuzzleHttp\Handler\CurlFactory::finish(Object(GuzzleHttp\Handler\CurlMultiHandler), Object(GuzzleHttp\Handler\EasyHandle), Object(GuzzleHttp\Handler\CurlFactory))
#3 E:\xampp73\htdocs\filecroco\loader\vendor\guzzlehttp\guzzle\src\Handler\CurlMultiHandler.php(110): GuzzleHttp\Handler\CurlMultiHandler->processMessages()
#4 E:\xampp73\htdocs\filecroco\loader\vendor\guzzlehttp\guzzle\src\Handler\CurlMultiHandler.php(125): GuzzleHttp\Handler\CurlMultiHandler->tick()
#5 E:\xampp73\htdocs\filecroco\loader\vendor\guzzlehttp\promises\src\Promise.php(246): GuzzleHttp\Handler\CurlMultiHandler->execute(true)
#6 E:\xampp73\htdocs\filecroco\loader\vendor\guzzlehttp\promises\src\Promise.php(223): GuzzleHttp\Promise\Promise->invokeWaitFn()
#7 E:\xampp73\htdocs\filecroco\loader\vendor\guzzlehttp\promises\src\Promise.php(267): GuzzleHttp\Promise\Promise->waitIfPending()
#8 E:\xampp73\htdocs\filecroco\loader\vendor\guzzlehttp\promises\src\Promise.php(225): GuzzleHttp\Promise\Promise->invokeWaitList()
#9 E:\xampp73\htdocs\filecroco\loader\vendor\guzzlehttp\promises\src\Promise.php(62): GuzzleHttp\Promise\Promise->waitIfPending()
#10 E:\xampp73\htdocs\filecroco\loader\vendor\guzzlehttp\promises\src\EachPromise.php(101): GuzzleHttp\Promise\Promise->wait()
#11 E:\xampp73\htdocs\filecroco\loader\vendor\guzzlehttp\promises\src\Promise.php(246): GuzzleHttp\Promise\EachPromise->GuzzleHttp\Promise\{closure}(true)
#12 E:\xampp73\htdocs\filecroco\loader\vendor\guzzlehttp\promises\src\Promise.php(223): GuzzleHttp\Promise\Promise->invokeWaitFn()
#13 E:\xampp73\htdocs\filecroco\loader\vendor\guzzlehttp\promises\src\Promise.php(62): GuzzleHttp\Promise\Promise->waitIfPending()
#14 E:\xampp73\htdocs\filecroco\loader\updatedownloadlink.php(95): GuzzleHttp\Promise\Promise->wait()
#15 {main}|5GuzzleHttp\Exception\RequestException: cURL error 56:  (see http://curl.haxx.se/libcurl/c/libcurl-errors.html) in E:\xampp73\htdocs\filecroco\loader\vendor\guzzlehttp\guzzle\src\Handler\CurlFactory.php:186
Stack trace:
#0 E:\xampp73\htdocs\filecroco\loader\vendor\guzzlehttp\guzzle\src\Handler\CurlFactory.php(149): GuzzleHttp\Handler\CurlFactory::createRejection(Object(GuzzleHttp\Handler\EasyHandle), Array)
#1 E:\xampp73\htdocs\filecroco\loader\vendor\guzzlehttp\guzzle\src\Handler\CurlFactory.php(102): GuzzleHttp\Handler\CurlFactory::finishError(Object(GuzzleHttp\Handler\CurlMultiHandler), Object(GuzzleHttp\Handler\EasyHandle), Object(GuzzleHttp\Handler\CurlFactory))
#2 E:\xampp73\htdocs\filecroco\loader\vendor\guzzlehttp\guzzle\src\Handler\CurlMultiHandler.php(181): GuzzleHttp\Handler\CurlFactory::finish(Object(GuzzleHttp\Handler\CurlMultiHandler), Object(GuzzleHttp\Handler\EasyHandle), Object(GuzzleHttp\Handler\CurlFactory))
#3 E:\xampp73\htdocs\filecroco\loader\vendor\guzzlehttp\guzzle\src\Handler\CurlMultiHandler.php(110): GuzzleHttp\Handler\CurlMultiHandler->processMessages()
#4 E:\xampp73\htdocs\filecroco\loader\vendor\guzzlehttp\guzzle\src\Handler\CurlMultiHandler.php(125): GuzzleHttp\Handler\CurlMultiHandler->tick()
#5 E:\xampp73\htdocs\filecroco\loader\vendor\guzzlehttp\promises\src\Promise.php(246): GuzzleHttp\Handler\CurlMultiHandler->execute(true)
#6 E:\xampp73\htdocs\filecroco\loader\vendor\guzzlehttp\promises\src\Promise.php(223): GuzzleHttp\Promise\Promise->invokeWaitFn()
#7 E:\xampp73\htdocs\filecroco\loader\vendor\guzzlehttp\promises\src\Promise.php(267): GuzzleHttp\Promise\Promise->waitIfPending()
#8 E:\xampp73\htdocs\filecroco\loader\vendor\guzzlehttp\promises\src\Promise.php(225): GuzzleHttp\Promise\Promise->invokeWaitList()
#9 E:\xampp73\htdocs\filecroco\loader\vendor\guzzlehttp\promises\src\Promise.php(62): GuzzleHttp\Promise\Promise->waitIfPending()
#10 E:\xampp73\htdocs\filecroco\loader\vendor\guzzlehttp\promises\src\EachPromise.php(101): GuzzleHttp\Promise\Promise->wait()
#11 E:\xampp73\htdocs\filecroco\loader\vendor\guzzlehttp\promises\src\Promise.php(246): GuzzleHttp\Promise\EachPromise->GuzzleHttp\Promise\{closure}(true)
#12 E:\xampp73\htdocs\filecroco\loader\vendor\guzzlehttp\promises\src\Promise.php(223): GuzzleHttp\Promise\Promise->invokeWaitFn()
#13 E:\xampp73\htdocs\filecroco\loader\vendor\guzzlehttp\promises\src\Promise.php(62): GuzzleHttp\Promise\Promise->waitIfPending()
#14 E:\xampp73\htdocs\filecroco\loader\updatedownloadlink.php(95): GuzzleHttp\Promise\Promise->wait()
#15 {main}|6GuzzleHttp\Exception\RequestException: cURL error 56:  (see http://curl.haxx.se/libcurl/c/libcurl-errors.html) in E:\xampp73\htdocs\filecroco\loader\vendor\guzzlehttp\guzzle\src\Handler\CurlFactory.php:186
Stack trace:
#0 E:\xampp73\htdocs\filecroco\loader\vendor\guzzlehttp\guzzle\src\Handler\CurlFactory.php(149): GuzzleHttp\Handler\CurlFactory::createRejection(Object(GuzzleHttp\Handler\EasyHandle), Array)
#1 E:\xampp73\htdocs\filecroco\loader\vendor\guzzlehttp\guzzle\src\Handler\CurlFactory.php(102): GuzzleHttp\Handler\CurlFactory::finishError(Object(GuzzleHttp\Handler\CurlMultiHandler), Object(GuzzleHttp\Handler\EasyHandle), Object(GuzzleHttp\Handler\CurlFactory))
#2 E:\xampp73\htdocs\filecroco\loader\vendor\guzzlehttp\guzzle\src\Handler\CurlMultiHandler.php(181): GuzzleHttp\Handler\CurlFactory::finish(Object(GuzzleHttp\Handler\CurlMultiHandler), Object(GuzzleHttp\Handler\EasyHandle), Object(GuzzleHttp\Handler\CurlFactory))
#3 E:\xampp73\htdocs\filecroco\loader\vendor\guzzlehttp\guzzle\src\Handler\CurlMultiHandler.php(110): GuzzleHttp\Handler\CurlMultiHandler->processMessages()
#4 E:\xampp73\htdocs\filecroco\loader\vendor\guzzlehttp\guzzle\src\Handler\CurlMultiHandler.php(125): GuzzleHttp\Handler\CurlMultiHandler->tick()
#5 E:\xampp73\htdocs\filecroco\loader\vendor\guzzlehttp\promises\src\Promise.php(246): GuzzleHttp\Handler\CurlMultiHandler->execute(true)
#6 E:\xampp73\htdocs\filecroco\loader\vendor\guzzlehttp\promises\src\Promise.php(223): GuzzleHttp\Promise\Promise->invokeWaitFn()
#7 E:\xampp73\htdocs\filecroco\loader\vendor\guzzlehttp\promises\src\Promise.php(267): GuzzleHttp\Promise\Promise->waitIfPending()
#8 E:\xampp73\htdocs\filecroco\loader\vendor\guzzlehttp\promises\src\Promise.php(225): GuzzleHttp\Promise\Promise->invokeWaitList()
#9 E:\xampp73\htdocs\filecroco\loader\vendor\guzzlehttp\promises\src\Promise.php(62): GuzzleHttp\Promise\Promise->waitIfPending()
#10 E:\xampp73\htdocs\filecroco\loader\vendor\guzzlehttp\promises\src\EachPromise.php(101): GuzzleHttp\Promise\Promise->wait()
#11 E:\xampp73\htdocs\filecroco\loader\vendor\guzzlehttp\promises\src\Promise.php(246): GuzzleHttp\Promise\EachPromise->GuzzleHttp\Promise\{closure}(true)
#12 E:\xampp73\htdocs\filecroco\loader\vendor\guzzlehttp\promises\src\Promise.php(223): GuzzleHttp\Promise\Promise->invokeWaitFn()
#13 E:\xampp73\htdocs\filecroco\loader\vendor\guzzlehttp\promises\src\Promise.php(62): GuzzleHttp\Promise\Promise->waitIfPending()
#14 E:\xampp73\htdocs\filecroco\loader\updatedownloadlink.php(95): GuzzleHttp\Promise\Promise->wait()
#15 {main}|7GuzzleHttp\Exception\RequestException: cURL error 56:  (see http://curl.haxx.se/libcurl/c/libcurl-errors.html) in E:\xampp73\htdocs\filecroco\loader\vendor\guzzlehttp\guzzle\src\Handler\CurlFactory.php:186
Stack trace:
#0 E:\xampp73\htdocs\filecroco\loader\vendor\guzzlehttp\guzzle\src\Handler\CurlFactory.php(149): GuzzleHttp\Handler\CurlFactory::createRejection(Object(GuzzleHttp\Handler\EasyHandle), Array)
#1 E:\xampp73\htdocs\filecroco\loader\vendor\guzzlehttp\guzzle\src\Handler\CurlFactory.php(102): GuzzleHttp\Handler\CurlFactory::finishError(Object(GuzzleHttp\Handler\CurlMultiHandler), Object(GuzzleHttp\Handler\EasyHandle), Object(GuzzleHttp\Handler\CurlFactory))
#2 E:\xampp73\htdocs\filecroco\loader\vendor\guzzlehttp\guzzle\src\Handler\CurlMultiHandler.php(181): GuzzleHttp\Handler\CurlFactory::finish(Object(GuzzleHttp\Handler\CurlMultiHandler), Object(GuzzleHttp\Handler\EasyHandle), Object(GuzzleHttp\Handler\CurlFactory))
#3 E:\xampp73\htdocs\filecroco\loader\vendor\guzzlehttp\guzzle\src\Handler\CurlMultiHandler.php(110): GuzzleHttp\Handler\CurlMultiHandler->processMessages()
#4 E:\xampp73\htdocs\filecroco\loader\vendor\guzzlehttp\guzzle\src\Handler\CurlMultiHandler.php(125): GuzzleHttp\Handler\CurlMultiHandler->tick()
#5 E:\xampp73\htdocs\filecroco\loader\vendor\guzzlehttp\promises\src\Promise.php(246): GuzzleHttp\Handler\CurlMultiHandler->execute(true)
#6 E:\xampp73\htdocs\filecroco\loader\vendor\guzzlehttp\promises\src\Promise.php(223): GuzzleHttp\Promise\Promise->invokeWaitFn()
#7 E:\xampp73\htdocs\filecroco\loader\vendor\guzzlehttp\promises\src\Promise.php(267): GuzzleHttp\Promise\Promise->waitIfPending()
#8 E:\xampp73\htdocs\filecroco\loader\vendor\guzzlehttp\promises\src\Promise.php(225): GuzzleHttp\Promise\Promise->invokeWaitList()
#9 E:\xampp73\htdocs\filecroco\loader\vendor\guzzlehttp\promises\src\Promise.php(62): GuzzleHttp\Promise\Promise->waitIfPending()
#10 E:\xampp73\htdocs\filecroco\loader\vendor\guzzlehttp\promises\src\EachPromise.php(101): GuzzleHttp\Promise\Promise->wait()
#11 E:\xampp73\htdocs\filecroco\loader\vendor\guzzlehttp\promises\src\Promise.php(246): GuzzleHttp\Promise\EachPromise->GuzzleHttp\Promise\{closure}(true)
#12 E:\xampp73\htdocs\filecroco\loader\vendor\guzzlehttp\promises\src\Promise.php(223): GuzzleHttp\Promise\Promise->invokeWaitFn()
#13 E:\xampp73\htdocs\filecroco\loader\vendor\guzzlehttp\promises\src\Promise.php(62): GuzzleHttp\Promise\Promise->waitIfPending()
#14 E:\xampp73\htdocs\filecroco\loader\updatedownloadlink.php(95): GuzzleHttp\Promise\Promise->wait()
#15 {main}|8GuzzleHttp\Exception\RequestException: cURL error 56:  (see http://curl.haxx.se/libcurl/c/libcurl-errors.html) in E:\xampp73\htdocs\filecroco\loader\vendor\guzzlehttp\guzzle\src\Handler\CurlFactory.php:186
Stack trace:
#0 E:\xampp73\htdocs\filecroco\loader\vendor\guzzlehttp\guzzle\src\Handler\CurlFactory.php(149): GuzzleHttp\Handler\CurlFactory::createRejection(Object(GuzzleHttp\Handler\EasyHandle), Array)
#1 E:\xampp73\htdocs\filecroco\loader\vendor\guzzlehttp\guzzle\src\Handler\CurlFactory.php(102): GuzzleHttp\Handler\CurlFactory::finishError(Object(GuzzleHttp\Handler\CurlMultiHandler), Object(GuzzleHttp\Handler\EasyHandle), Object(GuzzleHttp\Handler\CurlFactory))
#2 E:\xampp73\htdocs\filecroco\loader\vendor\guzzlehttp\guzzle\src\Handler\CurlMultiHandler.php(181): GuzzleHttp\Handler\CurlFactory::finish(Object(GuzzleHttp\Handler\CurlMultiHandler), Object(GuzzleHttp\Handler\EasyHandle), Object(GuzzleHttp\Handler\CurlFactory))
#3 E:\xampp73\htdocs\filecroco\loader\vendor\guzzlehttp\guzzle\src\Handler\CurlMultiHandler.php(110): GuzzleHttp\Handler\CurlMultiHandler->processMessages()
#4 E:\xampp73\htdocs\filecroco\loader\vendor\guzzlehttp\guzzle\src\Handler\CurlMultiHandler.php(125): GuzzleHttp\Handler\CurlMultiHandler->tick()
#5 E:\xampp73\htdocs\filecroco\loader\vendor\guzzlehttp\promises\src\Promise.php(246): GuzzleHttp\Handler\CurlMultiHandler->execute(true)
#6 E:\xampp73\htdocs\filecroco\loader\vendor\guzzlehttp\promises\src\Promise.php(223): GuzzleHttp\Promise\Promise->invokeWaitFn()
#7 E:\xampp73\htdocs\filecroco\loader\vendor\guzzlehttp\promises\src\Promise.php(267): GuzzleHttp\Promise\Promise->waitIfPending()
#8 E:\xampp73\htdocs\filecroco\loader\vendor\guzzlehttp\promises\src\Promise.php(225): GuzzleHttp\Promise\Promise->invokeWaitList()
#9 E:\xampp73\htdocs\filecroco\loader\vendor\guzzlehttp\promises\src\Promise.php(62): GuzzleHttp\Promise\Promise->waitIfPending()
#10 E:\xampp73\htdocs\filecroco\loader\vendor\guzzlehttp\promises\src\EachPromise.php(101): GuzzleHttp\Promise\Promise->wait()
#11 E:\xampp73\htdocs\filecroco\loader\vendor\guzzlehttp\promises\src\Promise.php(246): GuzzleHttp\Promise\EachPromise->GuzzleHttp\Promise\{closure}(true)
#12 E:\xampp73\htdocs\filecroco\loader\vendor\guzzlehttp\promises\src\Promise.php(223): GuzzleHttp\Promise\Promise->invokeWaitFn()
#13 E:\xampp73\htdocs\filecroco\loader\vendor\guzzlehttp\promises\src\Promise.php(62): GuzzleHttp\Promise\Promise->waitIfPending()
#14 E:\xampp73\htdocs\filecroco\loader\updatedownloadlink.php(95): GuzzleHttp\Promise\Promise->wait()
#15 {main}|9GuzzleHttp\Exception\RequestException: cURL error 56:  (see http://curl.haxx.se/libcurl/c/libcurl-errors.html) in E:\xampp73\htdocs\filecroco\loader\vendor\guzzlehttp\guzzle\src\Handler\CurlFactory.php:186
Stack trace:
#0 E:\xampp73\htdocs\filecroco\loader\vendor\guzzlehttp\guzzle\src\Handler\CurlFactory.php(149): GuzzleHttp\Handler\CurlFactory::createRejection(Object(GuzzleHttp\Handler\EasyHandle), Array)
#1 E:\xampp73\htdocs\filecroco\loader\vendor\guzzlehttp\guzzle\src\Handler\CurlFactory.php(102): GuzzleHttp\Handler\CurlFactory::finishError(Object(GuzzleHttp\Handler\CurlMultiHandler), Object(GuzzleHttp\Handler\EasyHandle), Object(GuzzleHttp\Handler\CurlFactory))
#2 E:\xampp73\htdocs\filecroco\loader\vendor\guzzlehttp\guzzle\src\Handler\CurlMultiHandler.php(181): GuzzleHttp\Handler\CurlFactory::finish(Object(GuzzleHttp\Handler\CurlMultiHandler), Object(GuzzleHttp\Handler\EasyHandle), Object(GuzzleHttp\Handler\CurlFactory))
#3 E:\xampp73\htdocs\filecroco\loader\vendor\guzzlehttp\guzzle\src\Handler\CurlMultiHandler.php(110): GuzzleHttp\Handler\CurlMultiHandler->processMessages()
#4 E:\xampp73\htdocs\filecroco\loader\vendor\guzzlehttp\guzzle\src\Handler\CurlMultiHandler.php(125): GuzzleHttp\Handler\CurlMultiHandler->tick()
#5 E:\xampp73\htdocs\filecroco\loader\vendor\guzzlehttp\promises\src\Promise.php(246): GuzzleHttp\Handler\CurlMultiHandler->execute(true)
#6 E:\xampp73\htdocs\filecroco\loader\vendor\guzzlehttp\promises\src\Promise.php(223): GuzzleHttp\Promise\Promise->invokeWaitFn()
#7 E:\xampp73\htdocs\filecroco\loader\vendor\guzzlehttp\promises\src\Promise.php(267): GuzzleHttp\Promise\Promise->waitIfPending()
#8 E:\xampp73\htdocs\filecroco\loader\vendor\guzzlehttp\promises\src\Promise.php(225): GuzzleHttp\Promise\Promise->invokeWaitList()
#9 E:\xampp73\htdocs\filecroco\loader\vendor\guzzlehttp\promises\src\Promise.php(62): GuzzleHttp\Promise\Promise->waitIfPending()
#10 E:\xampp73\htdocs\filecroco\loader\vendor\guzzlehttp\promises\src\EachPromise.php(101): GuzzleHttp\Promise\Promise->wait()
#11 E:\xampp73\htdocs\filecroco\loader\vendor\guzzlehttp\promises\src\Promise.php(246): GuzzleHttp\Promise\EachPromise->GuzzleHttp\Promise\{closure}(true)
#12 E:\xampp73\htdocs\filecroco\loader\vendor\guzzlehttp\promises\src\Promise.php(223): GuzzleHttp\Promise\Promise->invokeWaitFn()
#13 E:\xampp73\htdocs\filecroco\loader\vendor\guzzlehttp\promises\src\Promise.php(62): GuzzleHttp\Promise\Promise->waitIfPending()
#14 E:\xampp73\htdocs\filecroco\loader\updatedownloadlink.php(95): GuzzleHttp\Promise\Promise->wait()
#15 {main}|10GuzzleHttp\Exception\RequestException: cURL error 56:  (see http://curl.haxx.se/libcurl/c/libcurl-errors.html) in E:\xampp73\htdocs\filecroco\loader\vendor\guzzlehttp\guzzle\src\Handler\CurlFactory.php:186
Stack trace:
#0 E:\xampp73\htdocs\filecroco\loader\vendor\guzzlehttp\guzzle\src\Handler\CurlFactory.php(149): GuzzleHttp\Handler\CurlFactory::createRejection(Object(GuzzleHttp\Handler\EasyHandle), Array)
#1 E:\xampp73\htdocs\filecroco\loader\vendor\guzzlehttp\guzzle\src\Handler\CurlFactory.php(102): GuzzleHttp\Handler\CurlFactory::finishError(Object(GuzzleHttp\Handler\CurlMultiHandler), Object(GuzzleHttp\Handler\EasyHandle), Object(GuzzleHttp\Handler\CurlFactory))
#2 E:\xampp73\htdocs\filecroco\loader\vendor\guzzlehttp\guzzle\src\Handler\CurlMultiHandler.php(181): GuzzleHttp\Handler\CurlFactory::finish(Object(GuzzleHttp\Handler\CurlMultiHandler), Object(GuzzleHttp\Handler\EasyHandle), Object(GuzzleHttp\Handler\CurlFactory))
#3 E:\xampp73\htdocs\filecroco\loader\vendor\guzzlehttp\guzzle\src\Handler\CurlMultiHandler.php(110): GuzzleHttp\Handler\CurlMultiHandler->processMessages()
#4 E:\xampp73\htdocs\filecroco\loader\vendor\guzzlehttp\guzzle\src\Handler\CurlMultiHandler.php(125): GuzzleHttp\Handler\CurlMultiHandler->tick()
#5 E:\xampp73\htdocs\filecroco\loader\vendor\guzzlehttp\promises\src\Promise.php(246): GuzzleHttp\Handler\CurlMultiHandler->execute(true)
#6 E:\xampp73\htdocs\filecroco\loader\vendor\guzzlehttp\promises\src\Promise.php(223): GuzzleHttp\Promise\Promise->invokeWaitFn()
#7 E:\xampp73\htdocs\filecroco\loader\vendor\guzzlehttp\promises\src\Promise.php(267): GuzzleHttp\Promise\Promise->waitIfPending()
#8 E:\xampp73\htdocs\filecroco\loader\vendor\guzzlehttp\promises\src\Promise.php(225): GuzzleHttp\Promise\Promise->invokeWaitList()
#9 E:\xampp73\htdocs\filecroco\loader\vendor\guzzlehttp\promises\src\Promise.php(62): GuzzleHttp\Promise\Promise->waitIfPending()
#10 E:\xampp73\htdocs\filecroco\loader\vendor\guzzlehttp\promises\src\EachPromise.php(101): GuzzleHttp\Promise\Promise->wait()
#11 E:\xampp73\htdocs\filecroco\loader\vendor\guzzlehttp\promises\src\Promise.php(246): GuzzleHttp\Promise\EachPromise->GuzzleHttp\Promise\{closure}(true)
#12 E:\xampp73\htdocs\filecroco\loader\vendor\guzzlehttp\promises\src\Promise.php(223): GuzzleHttp\Promise\Promise->invokeWaitFn()
#13 E:\xampp73\htdocs\filecroco\loader\vendor\guzzlehttp\promises\src\Promise.php(62): GuzzleHttp\Promise\Promise->waitIfPending()
#14 E:\xampp73\htdocs\filecroco\loader\updatedownloadlink.php(95): GuzzleHttp\Promise\Promise->wait()
#15 {main}|11GuzzleHttp\Exception\RequestException: cURL error 56:  (see http://curl.haxx.se/libcurl/c/libcurl-errors.html) in E:\xampp73\htdocs\filecroco\loader\vendor\guzzlehttp\guzzle\src\Handler\CurlFactory.php:186
Stack trace:
#0 E:\xampp73\htdocs\filecroco\loader\vendor\guzzlehttp\guzzle\src\Handler\CurlFactory.php(149): GuzzleHttp\Handler\CurlFactory::createRejection(Object(GuzzleHttp\Handler\EasyHandle), Array)
#1 E:\xampp73\htdocs\filecroco\loader\vendor\guzzlehttp\guzzle\src\Handler\CurlFactory.php(102): GuzzleHttp\Handler\CurlFactory::finishError(Object(GuzzleHttp\Handler\CurlMultiHandler), Object(GuzzleHttp\Handler\EasyHandle), Object(GuzzleHttp\Handler\CurlFactory))
#2 E:\xampp73\htdocs\filecroco\loader\vendor\guzzlehttp\guzzle\src\Handler\CurlMultiHandler.php(181): GuzzleHttp\Handler\CurlFactory::finish(Object(GuzzleHttp\Handler\CurlMultiHandler), Object(GuzzleHttp\Handler\EasyHandle), Object(GuzzleHttp\Handler\CurlFactory))
#3 E:\xampp73\htdocs\filecroco\loader\vendor\guzzlehttp\guzzle\src\Handler\CurlMultiHandler.php(110): GuzzleHttp\Handler\CurlMultiHandler->processMessages()
#4 E:\xampp73\htdocs\filecroco\loader\vendor\guzzlehttp\guzzle\src\Handler\CurlMultiHandler.php(125): GuzzleHttp\Handler\CurlMultiHandler->tick()
#5 E:\xampp73\htdocs\filecroco\loader\vendor\guzzlehttp\promises\src\Promise.php(246): GuzzleHttp\Handler\CurlMultiHandler->execute(true)
#6 E:\xampp73\htdocs\filecroco\loader\vendor\guzzlehttp\promises\src\Promise.php(223): GuzzleHttp\Promise\Promise->invokeWaitFn()
#7 E:\xampp73\htdocs\filecroco\loader\vendor\guzzlehttp\promises\src\Promise.php(267): GuzzleHttp\Promise\Promise->waitIfPending()
#8 E:\xampp73\htdocs\filecroco\loader\vendor\guzzlehttp\promises\src\Promise.php(225): GuzzleHttp\Promise\Promise->invokeWaitList()
#9 E:\xampp73\htdocs\filecroco\loader\vendor\guzzlehttp\promises\src\Promise.php(62): GuzzleHttp\Promise\Promise->waitIfPending()
#10 E:\xampp73\htdocs\filecroco\loader\vendor\guzzlehttp\promises\src\EachPromise.php(101): GuzzleHttp\Promise\Promise->wait()
#11 E:\xampp73\htdocs\filecroco\loader\vendor\guzzlehttp\promises\src\Promise.php(246): GuzzleHttp\Promise\EachPromise->GuzzleHttp\Promise\{closure}(true)
#12 E:\xampp73\htdocs\filecroco\loader\vendor\guzzlehttp\promises\src\Promise.php(223): GuzzleHttp\Promise\Promise->invokeWaitFn()
#13 E:\xampp73\htdocs\filecroco\loader\vendor\guzzlehttp\promises\src\Promise.php(62): GuzzleHttp\Promise\Promise->waitIfPending()
#14 E:\xampp73\htdocs\filecroco\loader\updatedownloadlink.php(95): GuzzleHttp\Promise\Promise->wait()
#15 {main}|12GuzzleHttp\Exception\RequestException: cURL error 56:  (see http://curl.haxx.se/libcurl/c/libcurl-errors.html) in E:\xampp73\htdocs\filecroco\loader\vendor\guzzlehttp\guzzle\src\Handler\CurlFactory.php:186
Stack trace:
#0 E:\xampp73\htdocs\filecroco\loader\vendor\guzzlehttp\guzzle\src\Handler\CurlFactory.php(149): GuzzleHttp\Handler\CurlFactory::createRejection(Object(GuzzleHttp\Handler\EasyHandle), Array)
#1 E:\xampp73\htdocs\filecroco\loader\vendor\guzzlehttp\guzzle\src\Handler\CurlFactory.php(102): GuzzleHttp\Handler\CurlFactory::finishError(Object(GuzzleHttp\Handler\CurlMultiHandler), Object(GuzzleHttp\Handler\EasyHandle), Object(GuzzleHttp\Handler\CurlFactory))
#2 E:\xampp73\htdocs\filecroco\loader\vendor\guzzlehttp\guzzle\src\Handler\CurlMultiHandler.php(181): GuzzleHttp\Handler\CurlFactory::finish(Object(GuzzleHttp\Handler\CurlMultiHandler), Object(GuzzleHttp\Handler\EasyHandle), Object(GuzzleHttp\Handler\CurlFactory))
#3 E:\xampp73\htdocs\filecroco\loader\vendor\guzzlehttp\guzzle\src\Handler\CurlMultiHandler.php(110): GuzzleHttp\Handler\CurlMultiHandler->processMessages()
#4 E:\xampp73\htdocs\filecroco\loader\vendor\guzzlehttp\guzzle\src\Handler\CurlMultiHandler.php(125): GuzzleHttp\Handler\CurlMultiHandler->tick()
#5 E:\xampp73\htdocs\filecroco\loader\vendor\guzzlehttp\promises\src\Promise.php(246): GuzzleHttp\Handler\CurlMultiHandler->execute(true)
#6 E:\xampp73\htdocs\filecroco\loader\vendor\guzzlehttp\promises\src\Promise.php(223): GuzzleHttp\Promise\Promise->invokeWaitFn()
#7 E:\xampp73\htdocs\filecroco\loader\vendor\guzzlehttp\promises\src\Promise.php(267): GuzzleHttp\Promise\Promise->waitIfPending()
#8 E:\xampp73\htdocs\filecroco\loader\vendor\guzzlehttp\promises\src\Promise.php(225): GuzzleHttp\Promise\Promise->invokeWaitList()
#9 E:\xampp73\htdocs\filecroco\loader\vendor\guzzlehttp\promises\src\Promise.php(62): GuzzleHttp\Promise\Promise->waitIfPending()
#10 E:\xampp73\htdocs\filecroco\loader\vendor\guzzlehttp\promises\src\EachPromise.php(101): GuzzleHttp\Promise\Promise->wait()
#11 E:\xampp73\htdocs\filecroco\loader\vendor\guzzlehttp\promises\src\Promise.php(246): GuzzleHttp\Promise\EachPromise->GuzzleHttp\Promise\{closure}(true)
#12 E:\xampp73\htdocs\filecroco\loader\vendor\guzzlehttp\promises\src\Promise.php(223): GuzzleHttp\Promise\Promise->invokeWaitFn()
#13 E:\xampp73\htdocs\filecroco\loader\vendor\guzzlehttp\promises\src\Promise.php(62): GuzzleHttp\Promise\Promise->waitIfPending()
#14 E:\xampp73\htdocs\filecroco\loader\updatedownloadlink.php(95): GuzzleHttp\Promise\Promise->wait()
#15 {main}|13GuzzleHttp\Exception\RequestException: cURL error 56:  (see http://curl.haxx.se/libcurl/c/libcurl-errors.html) in E:\xampp73\htdocs\filecroco\loader\vendor\guzzlehttp\guzzle\src\Handler\CurlFactory.php:186
Stack trace:
#0 E:\xampp73\htdocs\filecroco\loader\vendor\guzzlehttp\guzzle\src\Handler\CurlFactory.php(149): GuzzleHttp\Handler\CurlFactory::createRejection(Object(GuzzleHttp\Handler\EasyHandle), Array)
#1 E:\xampp73\htdocs\filecroco\loader\vendor\guzzlehttp\guzzle\src\Handler\CurlFactory.php(102): GuzzleHttp\Handler\CurlFactory::finishError(Object(GuzzleHttp\Handler\CurlMultiHandler), Object(GuzzleHttp\Handler\EasyHandle), Object(GuzzleHttp\Handler\CurlFactory))
#2 E:\xampp73\htdocs\filecroco\loader\vendor\guzzlehttp\guzzle\src\Handler\CurlMultiHandler.php(181): GuzzleHttp\Handler\CurlFactory::finish(Object(GuzzleHttp\Handler\CurlMultiHandler), Object(GuzzleHttp\Handler\EasyHandle), Object(GuzzleHttp\Handler\CurlFactory))
#3 E:\xampp73\htdocs\filecroco\loader\vendor\guzzlehttp\guzzle\src\Handler\CurlMultiHandler.php(110): GuzzleHttp\Handler\CurlMultiHandler->processMessages()
#4 E:\xampp73\htdocs\filecroco\loader\vendor\guzzlehttp\guzzle\src\Handler\CurlMultiHandler.php(125): GuzzleHttp\Handler\CurlMultiHandler->tick()
#5 E:\xampp73\htdocs\filecroco\loader\vendor\guzzlehttp\promises\src\Promise.php(246): GuzzleHttp\Handler\CurlMultiHandler->execute(true)
#6 E:\xampp73\htdocs\filecroco\loader\vendor\guzzlehttp\promises\src\Promise.php(223): GuzzleHttp\Promise\Promise->invokeWaitFn()
#7 E:\xampp73\htdocs\filecroco\loader\vendor\guzzlehttp\promises\src\Promise.php(267): GuzzleHttp\Promise\Promise->waitIfPending()
#8 E:\xampp73\htdocs\filecroco\loader\vendor\guzzlehttp\promises\src\Promise.php(225): GuzzleHttp\Promise\Promise->invokeWaitList()
#9 E:\xampp73\htdocs\filecroco\loader\vendor\guzzlehttp\promises\src\Promise.php(62): GuzzleHttp\Promise\Promise->waitIfPending()
#10 E:\xampp73\htdocs\filecroco\loader\vendor\guzzlehttp\promises\src\EachPromise.php(101): GuzzleHttp\Promise\Promise->wait()
#11 E:\xampp73\htdocs\filecroco\loader\vendor\guzzlehttp\promises\src\Promise.php(246): GuzzleHttp\Promise\EachPromise->GuzzleHttp\Promise\{closure}(true)
#12 E:\xampp73\htdocs\filecroco\loader\vendor\guzzlehttp\promises\src\Promise.php(223): GuzzleHttp\Promise\Promise->invokeWaitFn()
#13 E:\xampp73\htdocs\filecroco\loader\vendor\guzzlehttp\promises\src\Promise.php(62): GuzzleHttp\Promise\Promise->waitIfPending()
#14 E:\xampp73\htdocs\filecroco\loader\updatedownloadlink.php(95): GuzzleHttp\Promise\Promise->wait()
#15 {main}|14GuzzleHttp\Exception\RequestException: cURL error 56:  (see http://curl.haxx.se/libcurl/c/libcurl-errors.html) in E:\xampp73\htdocs\filecroco\loader\vendor\guzzlehttp\guzzle\src\Handler\CurlFactory.php:186
Stack trace:
#0 E:\xampp73\htdocs\filecroco\loader\vendor\guzzlehttp\guzzle\src\Handler\CurlFactory.php(149): GuzzleHttp\Handler\CurlFactory::createRejection(Object(GuzzleHttp\Handler\EasyHandle), Array)
#1 E:\xampp73\htdocs\filecroco\loader\vendor\guzzlehttp\guzzle\src\Handler\CurlFactory.php(102): GuzzleHttp\Handler\CurlFactory::finishError(Object(GuzzleHttp\Handler\CurlMultiHandler), Object(GuzzleHttp\Handler\EasyHandle), Object(GuzzleHttp\Handler\CurlFactory))
#2 E:\xampp73\htdocs\filecroco\loader\vendor\guzzlehttp\guzzle\src\Handler\CurlMultiHandler.php(181): GuzzleHttp\Handler\CurlFactory::finish(Object(GuzzleHttp\Handler\CurlMultiHandler), Object(GuzzleHttp\Handler\EasyHandle), Object(GuzzleHttp\Handler\CurlFactory))
#3 E:\xampp73\htdocs\filecroco\loader\vendor\guzzlehttp\guzzle\src\Handler\CurlMultiHandler.php(110): GuzzleHttp\Handler\CurlMultiHandler->processMessages()
#4 E:\xampp73\htdocs\filecroco\loader\vendor\guzzlehttp\guzzle\src\Handler\CurlMultiHandler.php(125): GuzzleHttp\Handler\CurlMultiHandler->tick()
#5 E:\xampp73\htdocs\filecroco\loader\vendor\guzzlehttp\promises\src\Promise.php(246): GuzzleHttp\Handler\CurlMultiHandler->execute(true)
#6 E:\xampp73\htdocs\filecroco\loader\vendor\guzzlehttp\promises\src\Promise.php(223): GuzzleHttp\Promise\Promise->invokeWaitFn()
#7 E:\xampp73\htdocs\filecroco\loader\vendor\guzzlehttp\promises\src\Promise.php(267): GuzzleHttp\Promise\Promise->waitIfPending()
#8 E:\xampp73\htdocs\filecroco\loader\vendor\guzzlehttp\promises\src\Promise.php(225): GuzzleHttp\Promise\Promise->invokeWaitList()
#9 E:\xampp73\htdocs\filecroco\loader\vendor\guzzlehttp\promises\src\Promise.php(62): GuzzleHttp\Promise\Promise->waitIfPending()
#10 E:\xampp73\htdocs\filecroco\loader\vendor\guzzlehttp\promises\src\EachPromise.php(101): GuzzleHttp\Promise\Promise->wait()
#11 E:\xampp73\htdocs\filecroco\loader\vendor\guzzlehttp\promises\src\Promise.php(246): GuzzleHttp\Promise\EachPromise->GuzzleHttp\Promise\{closure}(true)
#12 E:\xampp73\htdocs\filecroco\loader\vendor\guzzlehttp\promises\src\Promise.php(223): GuzzleHttp\Promise\Promise->invokeWaitFn()
#13 E:\xampp73\htdocs\filecroco\loader\vendor\guzzlehttp\promises\src\Promise.php(62): GuzzleHttp\Promise\Promise->waitIfPending()
#14 E:\xampp73\htdocs\filecroco\loader\updatedownloadlink.php(95): GuzzleHttp\Promise\Promise->wait()
#15 {main}|15GuzzleHttp\Exception\RequestException: cURL error 56:  (see http://curl.haxx.se/libcurl/c/libcurl-errors.html) in E:\xampp73\htdocs\filecroco\loader\vendor\guzzlehttp\guzzle\src\Handler\CurlFactory.php:186
Stack trace:
#0 E:\xampp73\htdocs\filecroco\loader\vendor\guzzlehttp\guzzle\src\Handler\CurlFactory.php(149): GuzzleHttp\Handler\CurlFactory::createRejection(Object(GuzzleHttp\Handler\EasyHandle), Array)
#1 E:\xampp73\htdocs\filecroco\loader\vendor\guzzlehttp\guzzle\src\Handler\CurlFactory.php(102): GuzzleHttp\Handler\CurlFactory::finishError(Object(GuzzleHttp\Handler\CurlMultiHandler), Object(GuzzleHttp\Handler\EasyHandle), Object(GuzzleHttp\Handler\CurlFactory))
#2 E:\xampp73\htdocs\filecroco\loader\vendor\guzzlehttp\guzzle\src\Handler\CurlMultiHandler.php(181): GuzzleHttp\Handler\CurlFactory::finish(Object(GuzzleHttp\Handler\CurlMultiHandler), Object(GuzzleHttp\Handler\EasyHandle), Object(GuzzleHttp\Handler\CurlFactory))
#3 E:\xampp73\htdocs\filecroco\loader\vendor\guzzlehttp\guzzle\src\Handler\CurlMultiHandler.php(110): GuzzleHttp\Handler\CurlMultiHandler->processMessages()
#4 E:\xampp73\htdocs\filecroco\loader\vendor\guzzlehttp\guzzle\src\Handler\CurlMultiHandler.php(125): GuzzleHttp\Handler\CurlMultiHandler->tick()
#5 E:\xampp73\htdocs\filecroco\loader\vendor\guzzlehttp\promises\src\Promise.php(246): GuzzleHttp\Handler\CurlMultiHandler->execute(true)
#6 E:\xampp73\htdocs\filecroco\loader\vendor\guzzlehttp\promises\src\Promise.php(223): GuzzleHttp\Promise\Promise->invokeWaitFn()
#7 E:\xampp73\htdocs\filecroco\loader\vendor\guzzlehttp\promises\src\Promise.php(267): GuzzleHttp\Promise\Promise->waitIfPending()
#8 E:\xampp73\htdocs\filecroco\loader\vendor\guzzlehttp\promises\src\Promise.php(225): GuzzleHttp\Promise\Promise->invokeWaitList()
#9 E:\xampp73\htdocs\filecroco\loader\vendor\guzzlehttp\promises\src\Promise.php(62): GuzzleHttp\Promise\Promise->waitIfPending()
#10 E:\xampp73\htdocs\filecroco\loader\vendor\guzzlehttp\promises\src\EachPromise.php(101): GuzzleHttp\Promise\Promise->wait()
#11 E:\xampp73\htdocs\filecroco\loader\vendor\guzzlehttp\promises\src\Promise.php(246): GuzzleHttp\Promise\EachPromise->GuzzleHttp\Promise\{closure}(true)
#12 E:\xampp73\htdocs\filecroco\loader\vendor\guzzlehttp\promises\src\Promise.php(223): GuzzleHttp\Promise\Promise->invokeWaitFn()
#13 E:\xampp73\htdocs\filecroco\loader\vendor\guzzlehttp\promises\src\Promise.php(62): GuzzleHttp\Promise\Promise->waitIfPending()
#14 E:\xampp73\htdocs\filecroco\loader\updatedownloadlink.php(95): GuzzleHttp\Promise\Promise->wait()
#15 {main}|16GuzzleHttp\Exception\RequestException: cURL error 56:  (see http://curl.haxx.se/libcurl/c/libcurl-errors.html) in E:\xampp73\htdocs\filecroco\loader\vendor\guzzlehttp\guzzle\src\Handler\CurlFactory.php:186
Stack trace:
#0 E:\xampp73\htdocs\filecroco\loader\vendor\guzzlehttp\guzzle\src\Handler\CurlFactory.php(149): GuzzleHttp\Handler\CurlFactory::createRejection(Object(GuzzleHttp\Handler\EasyHandle), Array)
#1 E:\xampp73\htdocs\filecroco\loader\vendor\guzzlehttp\guzzle\src\Handler\CurlFactory.php(102): GuzzleHttp\Handler\CurlFactory::finishError(Object(GuzzleHttp\Handler\CurlMultiHandler), Object(GuzzleHttp\Handler\EasyHandle), Object(GuzzleHttp\Handler\CurlFactory))
#2 E:\xampp73\htdocs\filecroco\loader\vendor\guzzlehttp\guzzle\src\Handler\CurlMultiHandler.php(181): GuzzleHttp\Handler\CurlFactory::finish(Object(GuzzleHttp\Handler\CurlMultiHandler), Object(GuzzleHttp\Handler\EasyHandle), Object(GuzzleHttp\Handler\CurlFactory))
#3 E:\xampp73\htdocs\filecroco\loader\vendor\guzzlehttp\guzzle\src\Handler\CurlMultiHandler.php(110): GuzzleHttp\Handler\CurlMultiHandler->processMessages()
#4 E:\xampp73\htdocs\filecroco\loader\vendor\guzzlehttp\guzzle\src\Handler\CurlMultiHandler.php(125): GuzzleHttp\Handler\CurlMultiHandler->tick()
#5 E:\xampp73\htdocs\filecroco\loader\vendor\guzzlehttp\promises\src\Promise.php(246): GuzzleHttp\Handler\CurlMultiHandler->execute(true)
#6 E:\xampp73\htdocs\filecroco\loader\vendor\guzzlehttp\promises\src\Promise.php(223): GuzzleHttp\Promise\Promise->invokeWaitFn()
#7 E:\xampp73\htdocs\filecroco\loader\vendor\guzzlehttp\promises\src\Promise.php(267): GuzzleHttp\Promise\Promise->waitIfPending()
#8 E:\xampp73\htdocs\filecroco\loader\vendor\guzzlehttp\promises\src\Promise.php(225): GuzzleHttp\Promise\Promise->invokeWaitList()
#9 E:\xampp73\htdocs\filecroco\loader\vendor\guzzlehttp\promises\src\Promise.php(62): GuzzleHttp\Promise\Promise->waitIfPending()
#10 E:\xampp73\htdocs\filecroco\loader\vendor\guzzlehttp\promises\src\EachPromise.php(101): GuzzleHttp\Promise\Promise->wait()
#11 E:\xampp73\htdocs\filecroco\loader\vendor\guzzlehttp\promises\src\Promise.php(246): GuzzleHttp\Promise\EachPromise->GuzzleHttp\Promise\{closure}(true)
#12 E:\xampp73\htdocs\filecroco\loader\vendor\guzzlehttp\promises\src\Promise.php(223): GuzzleHttp\Promise\Promise->invokeWaitFn()
#13 E:\xampp73\htdocs\filecroco\loader\vendor\guzzlehttp\promises\src\Promise.php(62): GuzzleHttp\Promise\Promise->waitIfPending()
#14 E:\xampp73\htdocs\filecroco\loader\updatedownloadlink.php(95): GuzzleHttp\Promise\Promise->wait()
#15 {main}|17GuzzleHttp\Exception\RequestException: cURL error 56:  (see http://curl.haxx.se/libcurl/c/libcurl-errors.html) in E:\xampp73\htdocs\filecroco\loader\vendor\guzzlehttp\guzzle\src\Handler\CurlFactory.php:186
Stack trace:
#0 E:\xampp73\htdocs\filecroco\loader\vendor\guzzlehttp\guzzle\src\Handler\CurlFactory.php(149): GuzzleHttp\Handler\CurlFactory::createRejection(Object(GuzzleHttp\Handler\EasyHandle), Array)
#1 E:\xampp73\htdocs\filecroco\loader\vendor\guzzlehttp\guzzle\src\Handler\CurlFactory.php(102): GuzzleHttp\Handler\CurlFactory::finishError(Object(GuzzleHttp\Handler\CurlMultiHandler), Object(GuzzleHttp\Handler\EasyHandle), Object(GuzzleHttp\Handler\CurlFactory))
#2 E:\xampp73\htdocs\filecroco\loader\vendor\guzzlehttp\guzzle\src\Handler\CurlMultiHandler.php(181): GuzzleHttp\Handler\CurlFactory::finish(Object(GuzzleHttp\Handler\CurlMultiHandler), Object(GuzzleHttp\Handler\EasyHandle), Object(GuzzleHttp\Handler\CurlFactory))
#3 E:\xampp73\htdocs\filecroco\loader\vendor\guzzlehttp\guzzle\src\Handler\CurlMultiHandler.php(110): GuzzleHttp\Handler\CurlMultiHandler->processMessages()
#4 E:\xampp73\htdocs\filecroco\loader\vendor\guzzlehttp\guzzle\src\Handler\CurlMultiHandler.php(125): GuzzleHttp\Handler\CurlMultiHandler->tick()
#5 E:\xampp73\htdocs\filecroco\loader\vendor\guzzlehttp\promises\src\Promise.php(246): GuzzleHttp\Handler\CurlMultiHandler->execute(true)
#6 E:\xampp73\htdocs\filecroco\loader\vendor\guzzlehttp\promises\src\Promise.php(223): GuzzleHttp\Promise\Promise->invokeWaitFn()
#7 E:\xampp73\htdocs\filecroco\loader\vendor\guzzlehttp\promises\src\Promise.php(267): GuzzleHttp\Promise\Promise->waitIfPending()
#8 E:\xampp73\htdocs\filecroco\loader\vendor\guzzlehttp\promises\src\Promise.php(225): GuzzleHttp\Promise\Promise->invokeWaitList()
#9 E:\xampp73\htdocs\filecroco\loader\vendor\guzzlehttp\promises\src\Promise.php(62): GuzzleHttp\Promise\Promise->waitIfPending()
#10 E:\xampp73\htdocs\filecroco\loader\vendor\guzzlehttp\promises\src\EachPromise.php(101): GuzzleHttp\Promise\Promise->wait()
#11 E:\xampp73\htdocs\filecroco\loader\vendor\guzzlehttp\promises\src\Promise.php(246): GuzzleHttp\Promise\EachPromise->GuzzleHttp\Promise\{closure}(true)
#12 E:\xampp73\htdocs\filecroco\loader\vendor\guzzlehttp\promises\src\Promise.php(223): GuzzleHttp\Promise\Promise->invokeWaitFn()
#13 E:\xampp73\htdocs\filecroco\loader\vendor\guzzlehttp\promises\src\Promise.php(62): GuzzleHttp\Promise\Promise->waitIfPending()
#14 E:\xampp73\htdocs\filecroco\loader\updatedownloadlink.php(95): GuzzleHttp\Promise\Promise->wait()
#15 {main}|18GuzzleHttp\Exception\RequestException: cURL error 56:  (see http://curl.haxx.se/libcurl/c/libcurl-errors.html) in E:\xampp73\htdocs\filecroco\loader\vendor\guzzlehttp\guzzle\src\Handler\CurlFactory.php:186
Stack trace:
#0 E:\xampp73\htdocs\filecroco\loader\vendor\guzzlehttp\guzzle\src\Handler\CurlFactory.php(149): GuzzleHttp\Handler\CurlFactory::createRejection(Object(GuzzleHttp\Handler\EasyHandle), Array)
#1 E:\xampp73\htdocs\filecroco\loader\vendor\guzzlehttp\guzzle\src\Handler\CurlFactory.php(102): GuzzleHttp\Handler\CurlFactory::finishError(Object(GuzzleHttp\Handler\CurlMultiHandler), Object(GuzzleHttp\Handler\EasyHandle), Object(GuzzleHttp\Handler\CurlFactory))
#2 E:\xampp73\htdocs\filecroco\loader\vendor\guzzlehttp\guzzle\src\Handler\CurlMultiHandler.php(181): GuzzleHttp\Handler\CurlFactory::finish(Object(GuzzleHttp\Handler\CurlMultiHandler), Object(GuzzleHttp\Handler\EasyHandle), Object(GuzzleHttp\Handler\CurlFactory))
#3 E:\xampp73\htdocs\filecroco\loader\vendor\guzzlehttp\guzzle\src\Handler\CurlMultiHandler.php(110): GuzzleHttp\Handler\CurlMultiHandler->processMessages()
#4 E:\xampp73\htdocs\filecroco\loader\vendor\guzzlehttp\guzzle\src\Handler\CurlMultiHandler.php(125): GuzzleHttp\Handler\CurlMultiHandler->tick()
#5 E:\xampp73\htdocs\filecroco\loader\vendor\guzzlehttp\promises\src\Promise.php(246): GuzzleHttp\Handler\CurlMultiHandler->execute(true)
#6 E:\xampp73\htdocs\filecroco\loader\vendor\guzzlehttp\promises\src\Promise.php(223): GuzzleHttp\Promise\Promise->invokeWaitFn()
#7 E:\xampp73\htdocs\filecroco\loader\vendor\guzzlehttp\promises\src\Promise.php(267): GuzzleHttp\Promise\Promise->waitIfPending()
#8 E:\xampp73\htdocs\filecroco\loader\vendor\guzzlehttp\promises\src\Promise.php(225): GuzzleHttp\Promise\Promise->invokeWaitList()
#9 E:\xampp73\htdocs\filecroco\loader\vendor\guzzlehttp\promises\src\Promise.php(62): GuzzleHttp\Promise\Promise->waitIfPending()
#10 E:\xampp73\htdocs\filecroco\loader\vendor\guzzlehttp\promises\src\EachPromise.php(101): GuzzleHttp\Promise\Promise->wait()
#11 E:\xampp73\htdocs\filecroco\loader\vendor\guzzlehttp\promises\src\Promise.php(246): GuzzleHttp\Promise\EachPromise->GuzzleHttp\Promise\{closure}(true)
#12 E:\xampp73\htdocs\filecroco\loader\vendor\guzzlehttp\promises\src\Promise.php(223): GuzzleHttp\Promise\Promise->invokeWaitFn()
#13 E:\xampp73\htdocs\filecroco\loader\vendor\guzzlehttp\promises\src\Promise.php(62): GuzzleHttp\Promise\Promise->waitIfPending()
#14 E:\xampp73\htdocs\filecroco\loader\updatedownloadlink.php(95): GuzzleHttp\Promise\Promise->wait()
#15 {main}|19GuzzleHttp\Exception\RequestException: cURL error 56:  (see http://curl.haxx.se/libcurl/c/libcurl-errors.html) in E:\xampp73\htdocs\filecroco\loader\vendor\guzzlehttp\guzzle\src\Handler\CurlFactory.php:186
Stack trace:
#0 E:\xampp73\htdocs\filecroco\loader\vendor\guzzlehttp\guzzle\src\Handler\CurlFactory.php(149): GuzzleHttp\Handler\CurlFactory::createRejection(Object(GuzzleHttp\Handler\EasyHandle), Array)
#1 E:\xampp73\htdocs\filecroco\loader\vendor\guzzlehttp\guzzle\src\Handler\CurlFactory.php(102): GuzzleHttp\Handler\CurlFactory::finishError(Object(GuzzleHttp\Handler\CurlMultiHandler), Object(GuzzleHttp\Handler\EasyHandle), Object(GuzzleHttp\Handler\CurlFactory))
#2 E:\xampp73\htdocs\filecroco\loader\vendor\guzzlehttp\guzzle\src\Handler\CurlMultiHandler.php(181): GuzzleHttp\Handler\CurlFactory::finish(Object(GuzzleHttp\Handler\CurlMultiHandler), Object(GuzzleHttp\Handler\EasyHandle), Object(GuzzleHttp\Handler\CurlFactory))
#3 E:\xampp73\htdocs\filecroco\loader\vendor\guzzlehttp\guzzle\src\Handler\CurlMultiHandler.php(110): GuzzleHttp\Handler\CurlMultiHandler->processMessages()
#4 E:\xampp73\htdocs\filecroco\loader\vendor\guzzlehttp\guzzle\src\Handler\CurlMultiHandler.php(125): GuzzleHttp\Handler\CurlMultiHandler->tick()
#5 E:\xampp73\htdocs\filecroco\loader\vendor\guzzlehttp\promises\src\Promise.php(246): GuzzleHttp\Handler\CurlMultiHandler->execute(true)
#6 E:\xampp73\htdocs\filecroco\loader\vendor\guzzlehttp\promises\src\Promise.php(223): GuzzleHttp\Promise\Promise->invokeWaitFn()
#7 E:\xampp73\htdocs\filecroco\loader\vendor\guzzlehttp\promises\src\Promise.php(267): GuzzleHttp\Promise\Promise->waitIfPending()
#8 E:\xampp73\htdocs\filecroco\loader\vendor\guzzlehttp\promises\src\Promise.php(225): GuzzleHttp\Promise\Promise->invokeWaitList()
#9 E:\xampp73\htdocs\filecroco\loader\vendor\guzzlehttp\promises\src\Promise.php(62): GuzzleHttp\Promise\Promise->waitIfPending()
#10 E:\xampp73\htdocs\filecroco\loader\vendor\guzzlehttp\promises\src\EachPromise.php(101): GuzzleHttp\Promise\Promise->wait()
#11 E:\xampp73\htdocs\filecroco\loader\vendor\guzzlehttp\promises\src\Promise.php(246): GuzzleHttp\Promise\EachPromise->GuzzleHttp\Promise\{closure}(true)
#12 E:\xampp73\htdocs\filecroco\loader\vendor\guzzlehttp\promises\src\Promise.php(223): GuzzleHttp\Promise\Promise->invokeWaitFn()
#13 E:\xampp73\htdocs\filecroco\loader\vendor\guzzlehttp\promises\src\Promise.php(62): GuzzleHttp\Promise\Promise->waitIfPending()
#14 E:\xampp73\htdocs\filecroco\loader\updatedownloadlink.php(95): GuzzleHttp\Promise\Promise->wait()
#15 {main}|20GuzzleHttp\Exception\RequestException: cURL error 56:  (see http://curl.haxx.se/libcurl/c/libcurl-errors.html) in E:\xampp73\htdocs\filecroco\loader\vendor\guzzlehttp\guzzle\src\Handler\CurlFactory.php:186
Stack trace:
#0 E:\xampp73\htdocs\filecroco\loader\vendor\guzzlehttp\guzzle\src\Handler\CurlFactory.php(149): GuzzleHttp\Handler\CurlFactory::createRejection(Object(GuzzleHttp\Handler\EasyHandle), Array)
#1 E:\xampp73\htdocs\filecroco\loader\vendor\guzzlehttp\guzzle\src\Handler\CurlFactory.php(102): GuzzleHttp\Handler\CurlFactory::finishError(Object(GuzzleHttp\Handler\CurlMultiHandler), Object(GuzzleHttp\Handler\EasyHandle), Object(GuzzleHttp\Handler\CurlFactory))
#2 E:\xampp73\htdocs\filecroco\loader\vendor\guzzlehttp\guzzle\src\Handler\CurlMultiHandler.php(181): GuzzleHttp\Handler\CurlFactory::finish(Object(GuzzleHttp\Handler\CurlMultiHandler), Object(GuzzleHttp\Handler\EasyHandle), Object(GuzzleHttp\Handler\CurlFactory))
#3 E:\xampp73\htdocs\filecroco\loader\vendor\guzzlehttp\guzzle\src\Handler\CurlMultiHandler.php(110): GuzzleHttp\Handler\CurlMultiHandler->processMessages()
#4 E:\xampp73\htdocs\filecroco\loader\vendor\guzzlehttp\guzzle\src\Handler\CurlMultiHandler.php(125): GuzzleHttp\Handler\CurlMultiHandler->tick()
#5 E:\xampp73\htdocs\filecroco\loader\vendor\guzzlehttp\promises\src\Promise.php(246): GuzzleHttp\Handler\CurlMultiHandler->execute(true)
#6 E:\xampp73\htdocs\filecroco\loader\vendor\guzzlehttp\promises\src\Promise.php(223): GuzzleHttp\Promise\Promise->invokeWaitFn()
#7 E:\xampp73\htdocs\filecroco\loader\vendor\guzzlehttp\promises\src\Promise.php(267): GuzzleHttp\Promise\Promise->waitIfPending()
#8 E:\xampp73\htdocs\filecroco\loader\vendor\guzzlehttp\promises\src\Promise.php(225): GuzzleHttp\Promise\Promise->invokeWaitList()
#9 E:\xampp73\htdocs\filecroco\loader\vendor\guzzlehttp\promises\src\Promise.php(62): GuzzleHttp\Promise\Promise->waitIfPending()
#10 E:\xampp73\htdocs\filecroco\loader\vendor\guzzlehttp\promises\src\EachPromise.php(101): GuzzleHttp\Promise\Promise->wait()
#11 E:\xampp73\htdocs\filecroco\loader\vendor\guzzlehttp\promises\src\Promise.php(246): GuzzleHttp\Promise\EachPromise->GuzzleHttp\Promise\{closure}(true)
#12 E:\xampp73\htdocs\filecroco\loader\vendor\guzzlehttp\promises\src\Promise.php(223): GuzzleHttp\Promise\Promise->invokeWaitFn()
#13 E:\xampp73\htdocs\filecroco\loader\vendor\guzzlehttp\promises\src\Promise.php(62): GuzzleHttp\Promise\Promise->waitIfPending()
#14 E:\xampp73\htdocs\filecroco\loader\updatedownloadlink.php(95): GuzzleHttp\Promise\Promise->wait()
#15 {main}|21GuzzleHttp\Exception\RequestException: cURL error 56:  (see http://curl.haxx.se/libcurl/c/libcurl-errors.html) in E:\xampp73\htdocs\filecroco\loader\vendor\guzzlehttp\guzzle\src\Handler\CurlFactory.php:186
Stack trace:
#0 E:\xampp73\htdocs\filecroco\loader\vendor\guzzlehttp\guzzle\src\Handler\CurlFactory.php(149): GuzzleHttp\Handler\CurlFactory::createRejection(Object(GuzzleHttp\Handler\EasyHandle), Array)
#1 E:\xampp73\htdocs\filecroco\loader\vendor\guzzlehttp\guzzle\src\Handler\CurlFactory.php(102): GuzzleHttp\Handler\CurlFactory::finishError(Object(GuzzleHttp\Handler\CurlMultiHandler), Object(GuzzleHttp\Handler\EasyHandle), Object(GuzzleHttp\Handler\CurlFactory))
#2 E:\xampp73\htdocs\filecroco\loader\vendor\guzzlehttp\guzzle\src\Handler\CurlMultiHandler.php(181): GuzzleHttp\Handler\CurlFactory::finish(Object(GuzzleHttp\Handler\CurlMultiHandler), Object(GuzzleHttp\Handler\EasyHandle), Object(GuzzleHttp\Handler\CurlFactory))
#3 E:\xampp73\htdocs\filecroco\loader\vendor\guzzlehttp\guzzle\src\Handler\CurlMultiHandler.php(110): GuzzleHttp\Handler\CurlMultiHandler->processMessages()
#4 E:\xampp73\htdocs\filecroco\loader\vendor\guzzlehttp\guzzle\src\Handler\CurlMultiHandler.php(125): GuzzleHttp\Handler\CurlMultiHandler->tick()
#5 E:\xampp73\htdocs\filecroco\loader\vendor\guzzlehttp\promises\src\Promise.php(246): GuzzleHttp\Handler\CurlMultiHandler->execute(true)
#6 E:\xampp73\htdocs\filecroco\loader\vendor\guzzlehttp\promises\src\Promise.php(223): GuzzleHttp\Promise\Promise->invokeWaitFn()
#7 E:\xampp73\htdocs\filecroco\loader\vendor\guzzlehttp\promises\src\Promise.php(267): GuzzleHttp\Promise\Promise->waitIfPending()
#8 E:\xampp73\htdocs\filecroco\loader\vendor\guzzlehttp\promises\src\Promise.php(225): GuzzleHttp\Promise\Promise->invokeWaitList()
#9 E:\xampp73\htdocs\filecroco\loader\vendor\guzzlehttp\promises\src\Promise.php(62): GuzzleHttp\Promise\Promise->waitIfPending()
#10 E:\xampp73\htdocs\filecroco\loader\vendor\guzzlehttp\promises\src\EachPromise.php(101): GuzzleHttp\Promise\Promise->wait()
#11 E:\xampp73\htdocs\filecroco\loader\vendor\guzzlehttp\promises\src\Promise.php(246): GuzzleHttp\Promise\EachPromise->GuzzleHttp\Promise\{closure}(true)
#12 E:\xampp73\htdocs\filecroco\loader\vendor\guzzlehttp\promises\src\Promise.php(223): GuzzleHttp\Promise\Promise->invokeWaitFn()
#13 E:\xampp73\htdocs\filecroco\loader\vendor\guzzlehttp\promises\src\Promise.php(62): GuzzleHttp\Promise\Promise->waitIfPending()
#14 E:\xampp73\htdocs\filecroco\loader\updatedownloadlink.php(95): GuzzleHttp\Promise\Promise->wait()
#15 {main}|22GuzzleHttp\Exception\RequestException: cURL error 56:  (see http://curl.haxx.se/libcurl/c/libcurl-errors.html) in E:\xampp73\htdocs\filecroco\loader\vendor\guzzlehttp\guzzle\src\Handler\CurlFactory.php:186
Stack trace:
#0 E:\xampp73\htdocs\filecroco\loader\vendor\guzzlehttp\guzzle\src\Handler\CurlFactory.php(149): GuzzleHttp\Handler\CurlFactory::createRejection(Object(GuzzleHttp\Handler\EasyHandle), Array)
#1 E:\xampp73\htdocs\filecroco\loader\vendor\guzzlehttp\guzzle\src\Handler\CurlFactory.php(102): GuzzleHttp\Handler\CurlFactory::finishError(Object(GuzzleHttp\Handler\CurlMultiHandler), Object(GuzzleHttp\Handler\EasyHandle), Object(GuzzleHttp\Handler\CurlFactory))
#2 E:\xampp73\htdocs\filecroco\loader\vendor\guzzlehttp\guzzle\src\Handler\CurlMultiHandler.php(181): GuzzleHttp\Handler\CurlFactory::finish(Object(GuzzleHttp\Handler\CurlMultiHandler), Object(GuzzleHttp\Handler\EasyHandle), Object(GuzzleHttp\Handler\CurlFactory))
#3 E:\xampp73\htdocs\filecroco\loader\vendor\guzzlehttp\guzzle\src\Handler\CurlMultiHandler.php(110): GuzzleHttp\Handler\CurlMultiHandler->processMessages()
#4 E:\xampp73\htdocs\filecroco\loader\vendor\guzzlehttp\guzzle\src\Handler\CurlMultiHandler.php(125): GuzzleHttp\Handler\CurlMultiHandler->tick()
#5 E:\xampp73\htdocs\filecroco\loader\vendor\guzzlehttp\promises\src\Promise.php(246): GuzzleHttp\Handler\CurlMultiHandler->execute(true)
#6 E:\xampp73\htdocs\filecroco\loader\vendor\guzzlehttp\promises\src\Promise.php(223): GuzzleHttp\Promise\Promise->invokeWaitFn()
#7 E:\xampp73\htdocs\filecroco\loader\vendor\guzzlehttp\promises\src\Promise.php(267): GuzzleHttp\Promise\Promise->waitIfPending()
#8 E:\xampp73\htdocs\filecroco\loader\vendor\guzzlehttp\promises\src\Promise.php(225): GuzzleHttp\Promise\Promise->invokeWaitList()
#9 E:\xampp73\htdocs\filecroco\loader\vendor\guzzlehttp\promises\src\Promise.php(62): GuzzleHttp\Promise\Promise->waitIfPending()
#10 E:\xampp73\htdocs\filecroco\loader\vendor\guzzlehttp\promises\src\EachPromise.php(101): GuzzleHttp\Promise\Promise->wait()
#11 E:\xampp73\htdocs\filecroco\loader\vendor\guzzlehttp\promises\src\Promise.php(246): GuzzleHttp\Promise\EachPromise->GuzzleHttp\Promise\{closure}(true)
#12 E:\xampp73\htdocs\filecroco\loader\vendor\guzzlehttp\promises\src\Promise.php(223): GuzzleHttp\Promise\Promise->invokeWaitFn()
#13 E:\xampp73\htdocs\filecroco\loader\vendor\guzzlehttp\promises\src\Promise.php(62): GuzzleHttp\Promise\Promise->waitIfPending()
#14 E:\xampp73\htdocs\filecroco\loader\updatedownloadlink.php(95): GuzzleHttp\Promise\Promise->wait()
#15 {main}|23GuzzleHttp\Exception\RequestException: cURL error 56:  (see http://curl.haxx.se/libcurl/c/libcurl-errors.html) in E:\xampp73\htdocs\filecroco\loader\vendor\guzzlehttp\guzzle\src\Handler\CurlFactory.php:186
Stack trace:
#0 E:\xampp73\htdocs\filecroco\loader\vendor\guzzlehttp\guzzle\src\Handler\CurlFactory.php(149): GuzzleHttp\Handler\CurlFactory::createRejection(Object(GuzzleHttp\Handler\EasyHandle), Array)
#1 E:\xampp73\htdocs\filecroco\loader\vendor\guzzlehttp\guzzle\src\Handler\CurlFactory.php(102): GuzzleHttp\Handler\CurlFactory::finishError(Object(GuzzleHttp\Handler\CurlMultiHandler), Object(GuzzleHttp\Handler\EasyHandle), Object(GuzzleHttp\Handler\CurlFactory))
#2 E:\xampp73\htdocs\filecroco\loader\vendor\guzzlehttp\guzzle\src\Handler\CurlMultiHandler.php(181): GuzzleHttp\Handler\CurlFactory::finish(Object(GuzzleHttp\Handler\CurlMultiHandler), Object(GuzzleHttp\Handler\EasyHandle), Object(GuzzleHttp\Handler\CurlFactory))
#3 E:\xampp73\htdocs\filecroco\loader\vendor\guzzlehttp\guzzle\src\Handler\CurlMultiHandler.php(110): GuzzleHttp\Handler\CurlMultiHandler->processMessages()
#4 E:\xampp73\htdocs\filecroco\loader\vendor\guzzlehttp\guzzle\src\Handler\CurlMultiHandler.php(125): GuzzleHttp\Handler\CurlMultiHandler->tick()
#5 E:\xampp73\htdocs\filecroco\loader\vendor\guzzlehttp\promises\src\Promise.php(246): GuzzleHttp\Handler\CurlMultiHandler->execute(true)
#6 E:\xampp73\htdocs\filecroco\loader\vendor\guzzlehttp\promises\src\Promise.php(223): GuzzleHttp\Promise\Promise->invokeWaitFn()
#7 E:\xampp73\htdocs\filecroco\loader\vendor\guzzlehttp\promises\src\Promise.php(267): GuzzleHttp\Promise\Promise->waitIfPending()
#8 E:\xampp73\htdocs\filecroco\loader\vendor\guzzlehttp\promises\src\Promise.php(225): GuzzleHttp\Promise\Promise->invokeWaitList()
#9 E:\xampp73\htdocs\filecroco\loader\vendor\guzzlehttp\promises\src\Promise.php(62): GuzzleHttp\Promise\Promise->waitIfPending()
#10 E:\xampp73\htdocs\filecroco\loader\vendor\guzzlehttp\promises\src\EachPromise.php(101): GuzzleHttp\Promise\Promise->wait()
#11 E:\xampp73\htdocs\filecroco\loader\vendor\guzzlehttp\promises\src\Promise.php(246): GuzzleHttp\Promise\EachPromise->GuzzleHttp\Promise\{closure}(true)
#12 E:\xampp73\htdocs\filecroco\loader\vendor\guzzlehttp\promises\src\Promise.php(223): GuzzleHttp\Promise\Promise->invokeWaitFn()
#13 E:\xampp73\htdocs\filecroco\loader\vendor\guzzlehttp\promises\src\Promise.php(62): GuzzleHttp\Promise\Promise->waitIfPending()
#14 E:\xampp73\htdocs\filecroco\loader\updatedownloadlink.php(95): GuzzleHttp\Promise\Promise->wait()
#15 {main}|24GuzzleHttp\Exception\RequestException: cURL error 56:  (see http://curl.haxx.se/libcurl/c/libcurl-errors.html) in E:\xampp73\htdocs\filecroco\loader\vendor\guzzlehttp\guzzle\src\Handler\CurlFactory.php:186
Stack trace:
#0 E:\xampp73\htdocs\filecroco\loader\vendor\guzzlehttp\guzzle\src\Handler\CurlFactory.php(149): GuzzleHttp\Handler\CurlFactory::createRejection(Object(GuzzleHttp\Handler\EasyHandle), Array)
#1 E:\xampp73\htdocs\filecroco\loader\vendor\guzzlehttp\guzzle\src\Handler\CurlFactory.php(102): GuzzleHttp\Handler\CurlFactory::finishError(Object(GuzzleHttp\Handler\CurlMultiHandler), Object(GuzzleHttp\Handler\EasyHandle), Object(GuzzleHttp\Handler\CurlFactory))
#2 E:\xampp73\htdocs\filecroco\loader\vendor\guzzlehttp\guzzle\src\Handler\CurlMultiHandler.php(181): GuzzleHttp\Handler\CurlFactory::finish(Object(GuzzleHttp\Handler\CurlMultiHandler), Object(GuzzleHttp\Handler\EasyHandle), Object(GuzzleHttp\Handler\CurlFactory))
#3 E:\xampp73\htdocs\filecroco\loader\vendor\guzzlehttp\guzzle\src\Handler\CurlMultiHandler.php(110): GuzzleHttp\Handler\CurlMultiHandler->processMessages()
#4 E:\xampp73\htdocs\filecroco\loader\vendor\guzzlehttp\guzzle\src\Handler\CurlMultiHandler.php(125): GuzzleHttp\Handler\CurlMultiHandler->tick()
#5 E:\xampp73\htdocs\filecroco\loader\vendor\guzzlehttp\promises\src\Promise.php(246): GuzzleHttp\Handler\CurlMultiHandler->execute(true)
#6 E:\xampp73\htdocs\filecroco\loader\vendor\guzzlehttp\promises\src\Promise.php(223): GuzzleHttp\Promise\Promise->invokeWaitFn()
#7 E:\xampp73\htdocs\filecroco\loader\vendor\guzzlehttp\promises\src\Promise.php(267): GuzzleHttp\Promise\Promise->waitIfPending()
#8 E:\xampp73\htdocs\filecroco\loader\vendor\guzzlehttp\promises\src\Promise.php(225): GuzzleHttp\Promise\Promise->invokeWaitList()
#9 E:\xampp73\htdocs\filecroco\loader\vendor\guzzlehttp\promises\src\Promise.php(62): GuzzleHttp\Promise\Promise->waitIfPending()
#10 E:\xampp73\htdocs\filecroco\loader\vendor\guzzlehttp\promises\src\EachPromise.php(101): GuzzleHttp\Promise\Promise->wait()
#11 E:\xampp73\htdocs\filecroco\loader\vendor\guzzlehttp\promises\src\Promise.php(246): GuzzleHttp\Promise\EachPromise->GuzzleHttp\Promise\{closure}(true)
#12 E:\xampp73\htdocs\filecroco\loader\vendor\guzzlehttp\promises\src\Promise.php(223): GuzzleHttp\Promise\Promise->invokeWaitFn()
#13 E:\xampp73\htdocs\filecroco\loader\vendor\guzzlehttp\promises\src\Promise.php(62): GuzzleHttp\Promise\Promise->waitIfPending()
#14 E:\xampp73\htdocs\filecroco\loader\updatedownloadlink.php(95): GuzzleHttp\Promise\Promise->wait()
#15 {main}|25GuzzleHttp\Exception\RequestException: cURL error 56:  (see http://curl.haxx.se/libcurl/c/libcurl-errors.html) in E:\xampp73\htdocs\filecroco\loader\vendor\guzzlehttp\guzzle\src\Handler\CurlFactory.php:186
Stack trace:
#0 E:\xampp73\htdocs\filecroco\loader\vendor\guzzlehttp\guzzle\src\Handler\CurlFactory.php(149): GuzzleHttp\Handler\CurlFactory::createRejection(Object(GuzzleHttp\Handler\EasyHandle), Array)
#1 E:\xampp73\htdocs\filecroco\loader\vendor\guzzlehttp\guzzle\src\Handler\CurlFactory.php(102): GuzzleHttp\Handler\CurlFactory::finishError(Object(GuzzleHttp\Handler\CurlMultiHandler), Object(GuzzleHttp\Handler\EasyHandle), Object(GuzzleHttp\Handler\CurlFactory))
#2 E:\xampp73\htdocs\filecroco\loader\vendor\guzzlehttp\guzzle\src\Handler\CurlMultiHandler.php(181): GuzzleHttp\Handler\CurlFactory::finish(Object(GuzzleHttp\Handler\CurlMultiHandler), Object(GuzzleHttp\Handler\EasyHandle), Object(GuzzleHttp\Handler\CurlFactory))
#3 E:\xampp73\htdocs\filecroco\loader\vendor\guzzlehttp\guzzle\src\Handler\CurlMultiHandler.php(110): GuzzleHttp\Handler\CurlMultiHandler->processMessages()
#4 E:\xampp73\htdocs\filecroco\loader\vendor\guzzlehttp\guzzle\src\Handler\CurlMultiHandler.php(125): GuzzleHttp\Handler\CurlMultiHandler->tick()
#5 E:\xampp73\htdocs\filecroco\loader\vendor\guzzlehttp\promises\src\Promise.php(246): GuzzleHttp\Handler\CurlMultiHandler->execute(true)
#6 E:\xampp73\htdocs\filecroco\loader\vendor\guzzlehttp\promises\src\Promise.php(223): GuzzleHttp\Promise\Promise->invokeWaitFn()
#7 E:\xampp73\htdocs\filecroco\loader\vendor\guzzlehttp\promises\src\Promise.php(267): GuzzleHttp\Promise\Promise->waitIfPending()
#8 E:\xampp73\htdocs\filecroco\loader\vendor\guzzlehttp\promises\src\Promise.php(225): GuzzleHttp\Promise\Promise->invokeWaitList()
#9 E:\xampp73\htdocs\filecroco\loader\vendor\guzzlehttp\promises\src\Promise.php(62): GuzzleHttp\Promise\Promise->waitIfPending()
#10 E:\xampp73\htdocs\filecroco\loader\vendor\guzzlehttp\promises\src\EachPromise.php(101): GuzzleHttp\Promise\Promise->wait()
#11 E:\xampp73\htdocs\filecroco\loader\vendor\guzzlehttp\promises\src\Promise.php(246): GuzzleHttp\Promise\EachPromise->GuzzleHttp\Promise\{closure}(true)
#12 E:\xampp73\htdocs\filecroco\loader\vendor\guzzlehttp\promises\src\Promise.php(223): GuzzleHttp\Promise\Promise->invokeWaitFn()
#13 E:\xampp73\htdocs\filecroco\loader\vendor\guzzlehttp\promises\src\Promise.php(62): GuzzleHttp\Promise\Promise->waitIfPending()
#14 E:\xampp73\htdocs\filecroco\loader\updatedownloadlink.php(95): GuzzleHttp\Promise\Promise->wait()
#15 {main}|26GuzzleHttp\Exception\RequestException: cURL error 56:  (see http://curl.haxx.se/libcurl/c/libcurl-errors.html) in E:\xampp73\htdocs\filecroco\loader\vendor\guzzlehttp\guzzle\src\Handler\CurlFactory.php:186
Stack trace:
#0 E:\xampp73\htdocs\filecroco\loader\vendor\guzzlehttp\guzzle\src\Handler\CurlFactory.php(149): GuzzleHttp\Handler\CurlFactory::createRejection(Object(GuzzleHttp\Handler\EasyHandle), Array)
#1 E:\xampp73\htdocs\filecroco\loader\vendor\guzzlehttp\guzzle\src\Handler\CurlFactory.php(102): GuzzleHttp\Handler\CurlFactory::finishError(Object(GuzzleHttp\Handler\CurlMultiHandler), Object(GuzzleHttp\Handler\EasyHandle), Object(GuzzleHttp\Handler\CurlFactory))
#2 E:\xampp73\htdocs\filecroco\loader\vendor\guzzlehttp\guzzle\src\Handler\CurlMultiHandler.php(181): GuzzleHttp\Handler\CurlFactory::finish(Object(GuzzleHttp\Handler\CurlMultiHandler), Object(GuzzleHttp\Handler\EasyHandle), Object(GuzzleHttp\Handler\CurlFactory))
#3 E:\xampp73\htdocs\filecroco\loader\vendor\guzzlehttp\guzzle\src\Handler\CurlMultiHandler.php(110): GuzzleHttp\Handler\CurlMultiHandler->processMessages()
#4 E:\xampp73\htdocs\filecroco\loader\vendor\guzzlehttp\guzzle\src\Handler\CurlMultiHandler.php(125): GuzzleHttp\Handler\CurlMultiHandler->tick()
#5 E:\xampp73\htdocs\filecroco\loader\vendor\guzzlehttp\promises\src\Promise.php(246): GuzzleHttp\Handler\CurlMultiHandler->execute(true)
#6 E:\xampp73\htdocs\filecroco\loader\vendor\guzzlehttp\promises\src\Promise.php(223): GuzzleHttp\Promise\Promise->invokeWaitFn()
#7 E:\xampp73\htdocs\filecroco\loader\vendor\guzzlehttp\promises\src\Promise.php(267): GuzzleHttp\Promise\Promise->waitIfPending()
#8 E:\xampp73\htdocs\filecroco\loader\vendor\guzzlehttp\promises\src\Promise.php(225): GuzzleHttp\Promise\Promise->invokeWaitList()
#9 E:\xampp73\htdocs\filecroco\loader\vendor\guzzlehttp\promises\src\Promise.php(62): GuzzleHttp\Promise\Promise->waitIfPending()
#10 E:\xampp73\htdocs\filecroco\loader\vendor\guzzlehttp\promises\src\EachPromise.php(101): GuzzleHttp\Promise\Promise->wait()
#11 E:\xampp73\htdocs\filecroco\loader\vendor\guzzlehttp\promises\src\Promise.php(246): GuzzleHttp\Promise\EachPromise->GuzzleHttp\Promise\{closure}(true)
#12 E:\xampp73\htdocs\filecroco\loader\vendor\guzzlehttp\promises\src\Promise.php(223): GuzzleHttp\Promise\Promise->invokeWaitFn()
#13 E:\xampp73\htdocs\filecroco\loader\vendor\guzzlehttp\promises\src\Promise.php(62): GuzzleHttp\Promise\Promise->waitIfPending()
#14 E:\xampp73\htdocs\filecroco\loader\updatedownloadlink.php(95): GuzzleHttp\Promise\Promise->wait()
#15 {main}|27GuzzleHttp\Exception\RequestException: cURL error 56:  (see http://curl.haxx.se/libcurl/c/libcurl-errors.html) in E:\xampp73\htdocs\filecroco\loader\vendor\guzzlehttp\guzzle\src\Handler\CurlFactory.php:186
Stack trace:
#0 E:\xampp73\htdocs\filecroco\loader\vendor\guzzlehttp\guzzle\src\Handler\CurlFactory.php(149): GuzzleHttp\Handler\CurlFactory::createRejection(Object(GuzzleHttp\Handler\EasyHandle), Array)
#1 E:\xampp73\htdocs\filecroco\loader\vendor\guzzlehttp\guzzle\src\Handler\CurlFactory.php(102): GuzzleHttp\Handler\CurlFactory::finishError(Object(GuzzleHttp\Handler\CurlMultiHandler), Object(GuzzleHttp\Handler\EasyHandle), Object(GuzzleHttp\Handler\CurlFactory))
#2 E:\xampp73\htdocs\filecroco\loader\vendor\guzzlehttp\guzzle\src\Handler\CurlMultiHandler.php(181): GuzzleHttp\Handler\CurlFactory::finish(Object(GuzzleHttp\Handler\CurlMultiHandler), Object(GuzzleHttp\Handler\EasyHandle), Object(GuzzleHttp\Handler\CurlFactory))
#3 E:\xampp73\htdocs\filecroco\loader\vendor\guzzlehttp\guzzle\src\Handler\CurlMultiHandler.php(110): GuzzleHttp\Handler\CurlMultiHandler->processMessages()
#4 E:\xampp73\htdocs\filecroco\loader\vendor\guzzlehttp\guzzle\src\Handler\CurlMultiHandler.php(125): GuzzleHttp\Handler\CurlMultiHandler->tick()
#5 E:\xampp73\htdocs\filecroco\loader\vendor\guzzlehttp\promises\src\Promise.php(246): GuzzleHttp\Handler\CurlMultiHandler->execute(true)
#6 E:\xampp73\htdocs\filecroco\loader\vendor\guzzlehttp\promises\src\Promise.php(223): GuzzleHttp\Promise\Promise->invokeWaitFn()
#7 E:\xampp73\htdocs\filecroco\loader\vendor\guzzlehttp\promises\src\Promise.php(267): GuzzleHttp\Promise\Promise->waitIfPending()
#8 E:\xampp73\htdocs\filecroco\loader\vendor\guzzlehttp\promises\src\Promise.php(225): GuzzleHttp\Promise\Promise->invokeWaitList()
#9 E:\xampp73\htdocs\filecroco\loader\vendor\guzzlehttp\promises\src\Promise.php(62): GuzzleHttp\Promise\Promise->waitIfPending()
#10 E:\xampp73\htdocs\filecroco\loader\vendor\guzzlehttp\promises\src\EachPromise.php(101): GuzzleHttp\Promise\Promise->wait()
#11 E:\xampp73\htdocs\filecroco\loader\vendor\guzzlehttp\promises\src\Promise.php(246): GuzzleHttp\Promise\EachPromise->GuzzleHttp\Promise\{closure}(true)
#12 E:\xampp73\htdocs\filecroco\loader\vendor\guzzlehttp\promises\src\Promise.php(223): GuzzleHttp\Promise\Promise->invokeWaitFn()
#13 E:\xampp73\htdocs\filecroco\loader\vendor\guzzlehttp\promises\src\Promise.php(62): GuzzleHttp\Promise\Promise->waitIfPending()
#14 E:\xampp73\htdocs\filecroco\loader\updatedownloadlink.php(95): GuzzleHttp\Promise\Promise->wait()
#15 {main}|28GuzzleHttp\Exception\RequestException: cURL error 56:  (see http://curl.haxx.se/libcurl/c/libcurl-errors.html) in E:\xampp73\htdocs\filecroco\loader\vendor\guzzlehttp\guzzle\src\Handler\CurlFactory.php:186
Stack trace:
#0 E:\xampp73\htdocs\filecroco\loader\vendor\guzzlehttp\guzzle\src\Handler\CurlFactory.php(149): GuzzleHttp\Handler\CurlFactory::createRejection(Object(GuzzleHttp\Handler\EasyHandle), Array)
#1 E:\xampp73\htdocs\filecroco\loader\vendor\guzzlehttp\guzzle\src\Handler\CurlFactory.php(102): GuzzleHttp\Handler\CurlFactory::finishError(Object(GuzzleHttp\Handler\CurlMultiHandler), Object(GuzzleHttp\Handler\EasyHandle), Object(GuzzleHttp\Handler\CurlFactory))
#2 E:\xampp73\htdocs\filecroco\loader\vendor\guzzlehttp\guzzle\src\Handler\CurlMultiHandler.php(181): GuzzleHttp\Handler\CurlFactory::finish(Object(GuzzleHttp\Handler\CurlMultiHandler), Object(GuzzleHttp\Handler\EasyHandle), Object(GuzzleHttp\Handler\CurlFactory))
#3 E:\xampp73\htdocs\filecroco\loader\vendor\guzzlehttp\guzzle\src\Handler\CurlMultiHandler.php(110): GuzzleHttp\Handler\CurlMultiHandler->processMessages()
#4 E:\xampp73\htdocs\filecroco\loader\vendor\guzzlehttp\guzzle\src\Handler\CurlMultiHandler.php(125): GuzzleHttp\Handler\CurlMultiHandler->tick()
#5 E:\xampp73\htdocs\filecroco\loader\vendor\guzzlehttp\promises\src\Promise.php(246): GuzzleHttp\Handler\CurlMultiHandler->execute(true)
#6 E:\xampp73\htdocs\filecroco\loader\vendor\guzzlehttp\promises\src\Promise.php(223): GuzzleHttp\Promise\Promise->invokeWaitFn()
#7 E:\xampp73\htdocs\filecroco\loader\vendor\guzzlehttp\promises\src\Promise.php(267): GuzzleHttp\Promise\Promise->waitIfPending()
#8 E:\xampp73\htdocs\filecroco\loader\vendor\guzzlehttp\promises\src\Promise.php(225): GuzzleHttp\Promise\Promise->invokeWaitList()
#9 E:\xampp73\htdocs\filecroco\loader\vendor\guzzlehttp\promises\src\Promise.php(62): GuzzleHttp\Promise\Promise->waitIfPending()
#10 E:\xampp73\htdocs\filecroco\loader\vendor\guzzlehttp\promises\src\EachPromise.php(101): GuzzleHttp\Promise\Promise->wait()
#11 E:\xampp73\htdocs\filecroco\loader\vendor\guzzlehttp\promises\src\Promise.php(246): GuzzleHttp\Promise\EachPromise->GuzzleHttp\Promise\{closure}(true)
#12 E:\xampp73\htdocs\filecroco\loader\vendor\guzzlehttp\promises\src\Promise.php(223): GuzzleHttp\Promise\Promise->invokeWaitFn()
#13 E:\xampp73\htdocs\filecroco\loader\vendor\guzzlehttp\promises\src\Promise.php(62): GuzzleHttp\Promise\Promise->waitIfPending()
#14 E:\xampp73\htdocs\filecroco\loader\updatedownloadlink.php(95): GuzzleHttp\Promise\Promise->wait()
#15 {main}|29GuzzleHttp\Exception\RequestException: cURL error 56:  (see http://curl.haxx.se/libcurl/c/libcurl-errors.html) in E:\xampp73\htdocs\filecroco\loader\vendor\guzzlehttp\guzzle\src\Handler\CurlFactory.php:186
Stack trace:
#0 E:\xampp73\htdocs\filecroco\loader\vendor\guzzlehttp\guzzle\src\Handler\CurlFactory.php(149): GuzzleHttp\Handler\CurlFactory::createRejection(Object(GuzzleHttp\Handler\EasyHandle), Array)
#1 E:\xampp73\htdocs\filecroco\loader\vendor\guzzlehttp\guzzle\src\Handler\CurlFactory.php(102): GuzzleHttp\Handler\CurlFactory::finishError(Object(GuzzleHttp\Handler\CurlMultiHandler), Object(GuzzleHttp\Handler\EasyHandle), Object(GuzzleHttp\Handler\CurlFactory))
#2 E:\xampp73\htdocs\filecroco\loader\vendor\guzzlehttp\guzzle\src\Handler\CurlMultiHandler.php(181): GuzzleHttp\Handler\CurlFactory::finish(Object(GuzzleHttp\Handler\CurlMultiHandler), Object(GuzzleHttp\Handler\EasyHandle), Object(GuzzleHttp\Handler\CurlFactory))
#3 E:\xampp73\htdocs\filecroco\loader\vendor\guzzlehttp\guzzle\src\Handler\CurlMultiHandler.php(110): GuzzleHttp\Handler\CurlMultiHandler->processMessages()
#4 E:\xampp73\htdocs\filecroco\loader\vendor\guzzlehttp\guzzle\src\Handler\CurlMultiHandler.php(125): GuzzleHttp\Handler\CurlMultiHandler->tick()
#5 E:\xampp73\htdocs\filecroco\loader\vendor\guzzlehttp\promises\src\Promise.php(246): GuzzleHttp\Handler\CurlMultiHandler->execute(true)
#6 E:\xampp73\htdocs\filecroco\loader\vendor\guzzlehttp\promises\src\Promise.php(223): GuzzleHttp\Promise\Promise->invokeWaitFn()
#7 E:\xampp73\htdocs\filecroco\loader\vendor\guzzlehttp\promises\src\Promise.php(267): GuzzleHttp\Promise\Promise->waitIfPending()
#8 E:\xampp73\htdocs\filecroco\loader\vendor\guzzlehttp\promises\src\Promise.php(225): GuzzleHttp\Promise\Promise->invokeWaitList()
#9 E:\xampp73\htdocs\filecroco\loader\vendor\guzzlehttp\promises\src\Promise.php(62): GuzzleHttp\Promise\Promise->waitIfPending()
#10 E:\xampp73\htdocs\filecroco\loader\vendor\guzzlehttp\promises\src\EachPromise.php(101): GuzzleHttp\Promise\Promise->wait()
#11 E:\xampp73\htdocs\filecroco\loader\vendor\guzzlehttp\promises\src\Promise.php(246): GuzzleHttp\Promise\EachPromise->GuzzleHttp\Promise\{closure}(true)
#12 E:\xampp73\htdocs\filecroco\loader\vendor\guzzlehttp\promises\src\Promise.php(223): GuzzleHttp\Promise\Promise->invokeWaitFn()
#13 E:\xampp73\htdocs\filecroco\loader\vendor\guzzlehttp\promises\src\Promise.php(62): GuzzleHttp\Promise\Promise->waitIfPending()
#14 E:\xampp73\htdocs\filecroco\loader\updatedownloadlink.php(95): GuzzleHttp\Promise\Promise->wait()
#15 {main}|30GuzzleHttp\Exception\RequestException: cURL error 56:  (see http://curl.haxx.se/libcurl/c/libcurl-errors.html) in E:\xampp73\htdocs\filecroco\loader\vendor\guzzlehttp\guzzle\src\Handler\CurlFactory.php:186
Stack trace:
#0 E:\xampp73\htdocs\filecroco\loader\vendor\guzzlehttp\guzzle\src\Handler\CurlFactory.php(149): GuzzleHttp\Handler\CurlFactory::createRejection(Object(GuzzleHttp\Handler\EasyHandle), Array)
#1 E:\xampp73\htdocs\filecroco\loader\vendor\guzzlehttp\guzzle\src\Handler\CurlFactory.php(102): GuzzleHttp\Handler\CurlFactory::finishError(Object(GuzzleHttp\Handler\CurlMultiHandler), Object(GuzzleHttp\Handler\EasyHandle), Object(GuzzleHttp\Handler\CurlFactory))
#2 E:\xampp73\htdocs\filecroco\loader\vendor\guzzlehttp\guzzle\src\Handler\CurlMultiHandler.php(181): GuzzleHttp\Handler\CurlFactory::finish(Object(GuzzleHttp\Handler\CurlMultiHandler), Object(GuzzleHttp\Handler\EasyHandle), Object(GuzzleHttp\Handler\CurlFactory))
#3 E:\xampp73\htdocs\filecroco\loader\vendor\guzzlehttp\guzzle\src\Handler\CurlMultiHandler.php(110): GuzzleHttp\Handler\CurlMultiHandler->processMessages()
#4 E:\xampp73\htdocs\filecroco\loader\vendor\guzzlehttp\guzzle\src\Handler\CurlMultiHandler.php(125): GuzzleHttp\Handler\CurlMultiHandler->tick()
#5 E:\xampp73\htdocs\filecroco\loader\vendor\guzzlehttp\promises\src\Promise.php(246): GuzzleHttp\Handler\CurlMultiHandler->execute(true)
#6 E:\xampp73\htdocs\filecroco\loader\vendor\guzzlehttp\promises\src\Promise.php(223): GuzzleHttp\Promise\Promise->invokeWaitFn()
#7 E:\xampp73\htdocs\filecroco\loader\vendor\guzzlehttp\promises\src\Promise.php(267): GuzzleHttp\Promise\Promise->waitIfPending()
#8 E:\xampp73\htdocs\filecroco\loader\vendor\guzzlehttp\promises\src\Promise.php(225): GuzzleHttp\Promise\Promise->invokeWaitList()
#9 E:\xampp73\htdocs\filecroco\loader\vendor\guzzlehttp\promises\src\Promise.php(62): GuzzleHttp\Promise\Promise->waitIfPending()
#10 E:\xampp73\htdocs\filecroco\loader\vendor\guzzlehttp\promises\src\EachPromise.php(101): GuzzleHttp\Promise\Promise->wait()
#11 E:\xampp73\htdocs\filecroco\loader\vendor\guzzlehttp\promises\src\Promise.php(246): GuzzleHttp\Promise\EachPromise->GuzzleHttp\Promise\{closure}(true)
#12 E:\xampp73\htdocs\filecroco\loader\vendor\guzzlehttp\promises\src\Promise.php(223): GuzzleHttp\Promise\Promise->invokeWaitFn()
#13 E:\xampp73\htdocs\filecroco\loader\vendor\guzzlehttp\promises\src\Promise.php(62): GuzzleHttp\Promise\Promise->waitIfPending()
#14 E:\xampp73\htdocs\filecroco\loader\updatedownloadlink.php(95): GuzzleHttp\Promise\Promise->wait()
#15 {main}|31GuzzleHttp\Exception\RequestException: cURL error 56:  (see http://curl.haxx.se/libcurl/c/libcurl-errors.html) in E:\xampp73\htdocs\filecroco\loader\vendor\guzzlehttp\guzzle\src\Handler\CurlFactory.php:186
Stack trace:
#0 E:\xampp73\htdocs\filecroco\loader\vendor\guzzlehttp\guzzle\src\Handler\CurlFactory.php(149): GuzzleHttp\Handler\CurlFactory::createRejection(Object(GuzzleHttp\Handler\EasyHandle), Array)
#1 E:\xampp73\htdocs\filecroco\loader\vendor\guzzlehttp\guzzle\src\Handler\CurlFactory.php(102): GuzzleHttp\Handler\CurlFactory::finishError(Object(GuzzleHttp\Handler\CurlMultiHandler), Object(GuzzleHttp\Handler\EasyHandle), Object(GuzzleHttp\Handler\CurlFactory))
#2 E:\xampp73\htdocs\filecroco\loader\vendor\guzzlehttp\guzzle\src\Handler\CurlMultiHandler.php(181): GuzzleHttp\Handler\CurlFactory::finish(Object(GuzzleHttp\Handler\CurlMultiHandler), Object(GuzzleHttp\Handler\EasyHandle), Object(GuzzleHttp\Handler\CurlFactory))
#3 E:\xampp73\htdocs\filecroco\loader\vendor\guzzlehttp\guzzle\src\Handler\CurlMultiHandler.php(110): GuzzleHttp\Handler\CurlMultiHandler->processMessages()
#4 E:\xampp73\htdocs\filecroco\loader\vendor\guzzlehttp\guzzle\src\Handler\CurlMultiHandler.php(125): GuzzleHttp\Handler\CurlMultiHandler->tick()
#5 E:\xampp73\htdocs\filecroco\loader\vendor\guzzlehttp\promises\src\Promise.php(246): GuzzleHttp\Handler\CurlMultiHandler->execute(true)
#6 E:\xampp73\htdocs\filecroco\loader\vendor\guzzlehttp\promises\src\Promise.php(223): GuzzleHttp\Promise\Promise->invokeWaitFn()
#7 E:\xampp73\htdocs\filecroco\loader\vendor\guzzlehttp\promises\src\Promise.php(267): GuzzleHttp\Promise\Promise->waitIfPending()
#8 E:\xampp73\htdocs\filecroco\loader\vendor\guzzlehttp\promises\src\Promise.php(225): GuzzleHttp\Promise\Promise->invokeWaitList()
#9 E:\xampp73\htdocs\filecroco\loader\vendor\guzzlehttp\promises\src\Promise.php(62): GuzzleHttp\Promise\Promise->waitIfPending()
#10 E:\xampp73\htdocs\filecroco\loader\vendor\guzzlehttp\promises\src\EachPromise.php(101): GuzzleHttp\Promise\Promise->wait()
#11 E:\xampp73\htdocs\filecroco\loader\vendor\guzzlehttp\promises\src\Promise.php(246): GuzzleHttp\Promise\EachPromise->GuzzleHttp\Promise\{closure}(true)
#12 E:\xampp73\htdocs\filecroco\loader\vendor\guzzlehttp\promises\src\Promise.php(223): GuzzleHttp\Promise\Promise->invokeWaitFn()
#13 E:\xampp73\htdocs\filecroco\loader\vendor\guzzlehttp\promises\src\Promise.php(62): GuzzleHttp\Promise\Promise->waitIfPending()
#14 E:\xampp73\htdocs\filecroco\loader\updatedownloadlink.php(95): GuzzleHttp\Promise\Promise->wait()
#15 {main}|32GuzzleHttp\Exception\RequestException: cURL error 56:  (see http://curl.haxx.se/libcurl/c/libcurl-errors.html) in E:\xampp73\htdocs\filecroco\loader\vendor\guzzlehttp\guzzle\src\Handler\CurlFactory.php:186
Stack trace:
#0 E:\xampp73\htdocs\filecroco\loader\vendor\guzzlehttp\guzzle\src\Handler\CurlFactory.php(149): GuzzleHttp\Handler\CurlFactory::createRejection(Object(GuzzleHttp\Handler\EasyHandle), Array)
#1 E:\xampp73\htdocs\filecroco\loader\vendor\guzzlehttp\guzzle\src\Handler\CurlFactory.php(102): GuzzleHttp\Handler\CurlFactory::finishError(Object(GuzzleHttp\Handler\CurlMultiHandler), Object(GuzzleHttp\Handler\EasyHandle), Object(GuzzleHttp\Handler\CurlFactory))
#2 E:\xampp73\htdocs\filecroco\loader\vendor\guzzlehttp\guzzle\src\Handler\CurlMultiHandler.php(181): GuzzleHttp\Handler\CurlFactory::finish(Object(GuzzleHttp\Handler\CurlMultiHandler), Object(GuzzleHttp\Handler\EasyHandle), Object(GuzzleHttp\Handler\CurlFactory))
#3 E:\xampp73\htdocs\filecroco\loader\vendor\guzzlehttp\guzzle\src\Handler\CurlMultiHandler.php(110): GuzzleHttp\Handler\CurlMultiHandler->processMessages()
#4 E:\xampp73\htdocs\filecroco\loader\vendor\guzzlehttp\guzzle\src\Handler\CurlMultiHandler.php(125): GuzzleHttp\Handler\CurlMultiHandler->tick()
#5 E:\xampp73\htdocs\filecroco\loader\vendor\guzzlehttp\promises\src\Promise.php(246): GuzzleHttp\Handler\CurlMultiHandler->execute(true)
#6 E:\xampp73\htdocs\filecroco\loader\vendor\guzzlehttp\promises\src\Promise.php(223): GuzzleHttp\Promise\Promise->invokeWaitFn()
#7 E:\xampp73\htdocs\filecroco\loader\vendor\guzzlehttp\promises\src\Promise.php(267): GuzzleHttp\Promise\Promise->waitIfPending()
#8 E:\xampp73\htdocs\filecroco\loader\vendor\guzzlehttp\promises\src\Promise.php(225): GuzzleHttp\Promise\Promise->invokeWaitList()
#9 E:\xampp73\htdocs\filecroco\loader\vendor\guzzlehttp\promises\src\Promise.php(62): GuzzleHttp\Promise\Promise->waitIfPending()
#10 E:\xampp73\htdocs\filecroco\loader\vendor\guzzlehttp\promises\src\EachPromise.php(101): GuzzleHttp\Promise\Promise->wait()
#11 E:\xampp73\htdocs\filecroco\loader\vendor\guzzlehttp\promises\src\Promise.php(246): GuzzleHttp\Promise\EachPromise->GuzzleHttp\Promise\{closure}(true)
#12 E:\xampp73\htdocs\filecroco\loader\vendor\guzzlehttp\promises\src\Promise.php(223): GuzzleHttp\Promise\Promise->invokeWaitFn()
#13 E:\xampp73\htdocs\filecroco\loader\vendor\guzzlehttp\promises\src\Promise.php(62): GuzzleHttp\Promise\Promise->waitIfPending()
#14 E:\xampp73\htdocs\filecroco\loader\updatedownloadlink.php(95): GuzzleHttp\Promise\Promise->wait()
#15 {main}|33GuzzleHttp\Exception\RequestException: cURL error 56:  (see http://curl.haxx.se/libcurl/c/libcurl-errors.html) in E:\xampp73\htdocs\filecroco\loader\vendor\guzzlehttp\guzzle\src\Handler\CurlFactory.php:186
Stack trace:
#0 E:\xampp73\htdocs\filecroco\loader\vendor\guzzlehttp\guzzle\src\Handler\CurlFactory.php(149): GuzzleHttp\Handler\CurlFactory::createRejection(Object(GuzzleHttp\Handler\EasyHandle), Array)
#1 E:\xampp73\htdocs\filecroco\loader\vendor\guzzlehttp\guzzle\src\Handler\CurlFactory.php(102): GuzzleHttp\Handler\CurlFactory::finishError(Object(GuzzleHttp\Handler\CurlMultiHandler), Object(GuzzleHttp\Handler\EasyHandle), Object(GuzzleHttp\Handler\CurlFactory))
#2 E:\xampp73\htdocs\filecroco\loader\vendor\guzzlehttp\guzzle\src\Handler\CurlMultiHandler.php(181): GuzzleHttp\Handler\CurlFactory::finish(Object(GuzzleHttp\Handler\CurlMultiHandler), Object(GuzzleHttp\Handler\EasyHandle), Object(GuzzleHttp\Handler\CurlFactory))
#3 E:\xampp73\htdocs\filecroco\loader\vendor\guzzlehttp\guzzle\src\Handler\CurlMultiHandler.php(110): GuzzleHttp\Handler\CurlMultiHandler->processMessages()
#4 E:\xampp73\htdocs\filecroco\loader\vendor\guzzlehttp\guzzle\src\Handler\CurlMultiHandler.php(125): GuzzleHttp\Handler\CurlMultiHandler->tick()
#5 E:\xampp73\htdocs\filecroco\loader\vendor\guzzlehttp\promises\src\Promise.php(246): GuzzleHttp\Handler\CurlMultiHandler->execute(true)
#6 E:\xampp73\htdocs\filecroco\loader\vendor\guzzlehttp\promises\src\Promise.php(223): GuzzleHttp\Promise\Promise->invokeWaitFn()
#7 E:\xampp73\htdocs\filecroco\loader\vendor\guzzlehttp\promises\src\Promise.php(267): GuzzleHttp\Promise\Promise->waitIfPending()
#8 E:\xampp73\htdocs\filecroco\loader\vendor\guzzlehttp\promises\src\Promise.php(225): GuzzleHttp\Promise\Promise->invokeWaitList()
#9 E:\xampp73\htdocs\filecroco\loader\vendor\guzzlehttp\promises\src\Promise.php(62): GuzzleHttp\Promise\Promise->waitIfPending()
#10 E:\xampp73\htdocs\filecroco\loader\vendor\guzzlehttp\promises\src\EachPromise.php(101): GuzzleHttp\Promise\Promise->wait()
#11 E:\xampp73\htdocs\filecroco\loader\vendor\guzzlehttp\promises\src\Promise.php(246): GuzzleHttp\Promise\EachPromise->GuzzleHttp\Promise\{closure}(true)
#12 E:\xampp73\htdocs\filecroco\loader\vendor\guzzlehttp\promises\src\Promise.php(223): GuzzleHttp\Promise\Promise->invokeWaitFn()
#13 E:\xampp73\htdocs\filecroco\loader\vendor\guzzlehttp\promises\src\Promise.php(62): GuzzleHttp\Promise\Promise->waitIfPending()
#14 E:\xampp73\htdocs\filecroco\loader\updatedownloadlink.php(95): GuzzleHttp\Promise\Promise->wait()
#15 {main}|34GuzzleHttp\Exception\RequestException: cURL error 56:  (see http://curl.haxx.se/libcurl/c/libcurl-errors.html) in E:\xampp73\htdocs\filecroco\loader\vendor\guzzlehttp\guzzle\src\Handler\CurlFactory.php:186
Stack trace:
#0 E:\xampp73\htdocs\filecroco\loader\vendor\guzzlehttp\guzzle\src\Handler\CurlFactory.php(149): GuzzleHttp\Handler\CurlFactory::createRejection(Object(GuzzleHttp\Handler\EasyHandle), Array)
#1 E:\xampp73\htdocs\filecroco\loader\vendor\guzzlehttp\guzzle\src\Handler\CurlFactory.php(102): GuzzleHttp\Handler\CurlFactory::finishError(Object(GuzzleHttp\Handler\CurlMultiHandler), Object(GuzzleHttp\Handler\EasyHandle), Object(GuzzleHttp\Handler\CurlFactory))
#2 E:\xampp73\htdocs\filecroco\loader\vendor\guzzlehttp\guzzle\src\Handler\CurlMultiHandler.php(181): GuzzleHttp\Handler\CurlFactory::finish(Object(GuzzleHttp\Handler\CurlMultiHandler), Object(GuzzleHttp\Handler\EasyHandle), Object(GuzzleHttp\Handler\CurlFactory))
#3 E:\xampp73\htdocs\filecroco\loader\vendor\guzzlehttp\guzzle\src\Handler\CurlMultiHandler.php(110): GuzzleHttp\Handler\CurlMultiHandler->processMessages()
#4 E:\xampp73\htdocs\filecroco\loader\vendor\guzzlehttp\guzzle\src\Handler\CurlMultiHandler.php(125): GuzzleHttp\Handler\CurlMultiHandler->tick()
#5 E:\xampp73\htdocs\filecroco\loader\vendor\guzzlehttp\promises\src\Promise.php(246): GuzzleHttp\Handler\CurlMultiHandler->execute(true)
#6 E:\xampp73\htdocs\filecroco\loader\vendor\guzzlehttp\promises\src\Promise.php(223): GuzzleHttp\Promise\Promise->invokeWaitFn()
#7 E:\xampp73\htdocs\filecroco\loader\vendor\guzzlehttp\promises\src\Promise.php(267): GuzzleHttp\Promise\Promise->waitIfPending()
#8 E:\xampp73\htdocs\filecroco\loader\vendor\guzzlehttp\promises\src\Promise.php(225): GuzzleHttp\Promise\Promise->invokeWaitList()
#9 E:\xampp73\htdocs\filecroco\loader\vendor\guzzlehttp\promises\src\Promise.php(62): GuzzleHttp\Promise\Promise->waitIfPending()
#10 E:\xampp73\htdocs\filecroco\loader\vendor\guzzlehttp\promises\src\EachPromise.php(101): GuzzleHttp\Promise\Promise->wait()
#11 E:\xampp73\htdocs\filecroco\loader\vendor\guzzlehttp\promises\src\Promise.php(246): GuzzleHttp\Promise\EachPromise->GuzzleHttp\Promise\{closure}(true)
#12 E:\xampp73\htdocs\filecroco\loader\vendor\guzzlehttp\promises\src\Promise.php(223): GuzzleHttp\Promise\Promise->invokeWaitFn()
#13 E:\xampp73\htdocs\filecroco\loader\vendor\guzzlehttp\promises\src\Promise.php(62): GuzzleHttp\Promise\Promise->waitIfPending()
#14 E:\xampp73\htdocs\filecroco\loader\updatedownloadlink.php(95): GuzzleHttp\Promise\Promise->wait()
#15 {main}|35GuzzleHttp\Exception\RequestException: cURL error 56:  (see http://curl.haxx.se/libcurl/c/libcurl-errors.html) in E:\xampp73\htdocs\filecroco\loader\vendor\guzzlehttp\guzzle\src\Handler\CurlFactory.php:186
Stack trace:
#0 E:\xampp73\htdocs\filecroco\loader\vendor\guzzlehttp\guzzle\src\Handler\CurlFactory.php(149): GuzzleHttp\Handler\CurlFactory::createRejection(Object(GuzzleHttp\Handler\EasyHandle), Array)
#1 E:\xampp73\htdocs\filecroco\loader\vendor\guzzlehttp\guzzle\src\Handler\CurlFactory.php(102): GuzzleHttp\Handler\CurlFactory::finishError(Object(GuzzleHttp\Handler\CurlMultiHandler), Object(GuzzleHttp\Handler\EasyHandle), Object(GuzzleHttp\Handler\CurlFactory))
#2 E:\xampp73\htdocs\filecroco\loader\vendor\guzzlehttp\guzzle\src\Handler\CurlMultiHandler.php(181): GuzzleHttp\Handler\CurlFactory::finish(Object(GuzzleHttp\Handler\CurlMultiHandler), Object(GuzzleHttp\Handler\EasyHandle), Object(GuzzleHttp\Handler\CurlFactory))
#3 E:\xampp73\htdocs\filecroco\loader\vendor\guzzlehttp\guzzle\src\Handler\CurlMultiHandler.php(110): GuzzleHttp\Handler\CurlMultiHandler->processMessages()
#4 E:\xampp73\htdocs\filecroco\loader\vendor\guzzlehttp\guzzle\src\Handler\CurlMultiHandler.php(125): GuzzleHttp\Handler\CurlMultiHandler->tick()
#5 E:\xampp73\htdocs\filecroco\loader\vendor\guzzlehttp\promises\src\Promise.php(246): GuzzleHttp\Handler\CurlMultiHandler->execute(true)
#6 E:\xampp73\htdocs\filecroco\loader\vendor\guzzlehttp\promises\src\Promise.php(223): GuzzleHttp\Promise\Promise->invokeWaitFn()
#7 E:\xampp73\htdocs\filecroco\loader\vendor\guzzlehttp\promises\src\Promise.php(267): GuzzleHttp\Promise\Promise->waitIfPending()
#8 E:\xampp73\htdocs\filecroco\loader\vendor\guzzlehttp\promises\src\Promise.php(225): GuzzleHttp\Promise\Promise->invokeWaitList()
#9 E:\xampp73\htdocs\filecroco\loader\vendor\guzzlehttp\promises\src\Promise.php(62): GuzzleHttp\Promise\Promise->waitIfPending()
#10 E:\xampp73\htdocs\filecroco\loader\vendor\guzzlehttp\promises\src\EachPromise.php(101): GuzzleHttp\Promise\Promise->wait()
#11 E:\xampp73\htdocs\filecroco\loader\vendor\guzzlehttp\promises\src\Promise.php(246): GuzzleHttp\Promise\EachPromise->GuzzleHttp\Promise\{closure}(true)
#12 E:\xampp73\htdocs\filecroco\loader\vendor\guzzlehttp\promises\src\Promise.php(223): GuzzleHttp\Promise\Promise->invokeWaitFn()
#13 E:\xampp73\htdocs\filecroco\loader\vendor\guzzlehttp\promises\src\Promise.php(62): GuzzleHttp\Promise\Promise->waitIfPending()
#14 E:\xampp73\htdocs\filecroco\loader\updatedownloadlink.php(95): GuzzleHttp\Promise\Promise->wait()
#15 {main}|36GuzzleHttp\Exception\RequestException: cURL error 56:  (see http://curl.haxx.se/libcurl/c/libcurl-errors.html) in E:\xampp73\htdocs\filecroco\loader\vendor\guzzlehttp\guzzle\src\Handler\CurlFactory.php:186
Stack trace:
#0 E:\xampp73\htdocs\filecroco\loader\vendor\guzzlehttp\guzzle\src\Handler\CurlFactory.php(149): GuzzleHttp\Handler\CurlFactory::createRejection(Object(GuzzleHttp\Handler\EasyHandle), Array)
#1 E:\xampp73\htdocs\filecroco\loader\vendor\guzzlehttp\guzzle\src\Handler\CurlFactory.php(102): GuzzleHttp\Handler\CurlFactory::finishError(Object(GuzzleHttp\Handler\CurlMultiHandler), Object(GuzzleHttp\Handler\EasyHandle), Object(GuzzleHttp\Handler\CurlFactory))
#2 E:\xampp73\htdocs\filecroco\loader\vendor\guzzlehttp\guzzle\src\Handler\CurlMultiHandler.php(181): GuzzleHttp\Handler\CurlFactory::finish(Object(GuzzleHttp\Handler\CurlMultiHandler), Object(GuzzleHttp\Handler\EasyHandle), Object(GuzzleHttp\Handler\CurlFactory))
#3 E:\xampp73\htdocs\filecroco\loader\vendor\guzzlehttp\guzzle\src\Handler\CurlMultiHandler.php(110): GuzzleHttp\Handler\CurlMultiHandler->processMessages()
#4 E:\xampp73\htdocs\filecroco\loader\vendor\guzzlehttp\guzzle\src\Handler\CurlMultiHandler.php(125): GuzzleHttp\Handler\CurlMultiHandler->tick()
#5 E:\xampp73\htdocs\filecroco\loader\vendor\guzzlehttp\promises\src\Promise.php(246): GuzzleHttp\Handler\CurlMultiHandler->execute(true)
#6 E:\xampp73\htdocs\filecroco\loader\vendor\guzzlehttp\promises\src\Promise.php(223): GuzzleHttp\Promise\Promise->invokeWaitFn()
#7 E:\xampp73\htdocs\filecroco\loader\vendor\guzzlehttp\promises\src\Promise.php(267): GuzzleHttp\Promise\Promise->waitIfPending()
#8 E:\xampp73\htdocs\filecroco\loader\vendor\guzzlehttp\promises\src\Promise.php(225): GuzzleHttp\Promise\Promise->invokeWaitList()
#9 E:\xampp73\htdocs\filecroco\loader\vendor\guzzlehttp\promises\src\Promise.php(62): GuzzleHttp\Promise\Promise->waitIfPending()
#10 E:\xampp73\htdocs\filecroco\loader\vendor\guzzlehttp\promises\src\EachPromise.php(101): GuzzleHttp\Promise\Promise->wait()
#11 E:\xampp73\htdocs\filecroco\loader\vendor\guzzlehttp\promises\src\Promise.php(246): GuzzleHttp\Promise\EachPromise->GuzzleHttp\Promise\{closure}(true)
#12 E:\xampp73\htdocs\filecroco\loader\vendor\guzzlehttp\promises\src\Promise.php(223): GuzzleHttp\Promise\Promise->invokeWaitFn()
#13 E:\xampp73\htdocs\filecroco\loader\vendor\guzzlehttp\promises\src\Promise.php(62): GuzzleHttp\Promise\Promise->waitIfPending()
#14 E:\xampp73\htdocs\filecroco\loader\updatedownloadlink.php(95): GuzzleHttp\Promise\Promise->wait()
#15 {main}|37GuzzleHttp\Exception\RequestException: cURL error 56:  (see http://curl.haxx.se/libcurl/c/libcurl-errors.html) in E:\xampp73\htdocs\filecroco\loader\vendor\guzzlehttp\guzzle\src\Handler\CurlFactory.php:186
Stack trace:
#0 E:\xampp73\htdocs\filecroco\loader\vendor\guzzlehttp\guzzle\src\Handler\CurlFactory.php(149): GuzzleHttp\Handler\CurlFactory::createRejection(Object(GuzzleHttp\Handler\EasyHandle), Array)
#1 E:\xampp73\htdocs\filecroco\loader\vendor\guzzlehttp\guzzle\src\Handler\CurlFactory.php(102): GuzzleHttp\Handler\CurlFactory::finishError(Object(GuzzleHttp\Handler\CurlMultiHandler), Object(GuzzleHttp\Handler\EasyHandle), Object(GuzzleHttp\Handler\CurlFactory))
#2 E:\xampp73\htdocs\filecroco\loader\vendor\guzzlehttp\guzzle\src\Handler\CurlMultiHandler.php(181): GuzzleHttp\Handler\CurlFactory::finish(Object(GuzzleHttp\Handler\CurlMultiHandler), Object(GuzzleHttp\Handler\EasyHandle), Object(GuzzleHttp\Handler\CurlFactory))
#3 E:\xampp73\htdocs\filecroco\loader\vendor\guzzlehttp\guzzle\src\Handler\CurlMultiHandler.php(110): GuzzleHttp\Handler\CurlMultiHandler->processMessages()
#4 E:\xampp73\htdocs\filecroco\loader\vendor\guzzlehttp\guzzle\src\Handler\CurlMultiHandler.php(125): GuzzleHttp\Handler\CurlMultiHandler->tick()
#5 E:\xampp73\htdocs\filecroco\loader\vendor\guzzlehttp\promises\src\Promise.php(246): GuzzleHttp\Handler\CurlMultiHandler->execute(true)
#6 E:\xampp73\htdocs\filecroco\loader\vendor\guzzlehttp\promises\src\Promise.php(223): GuzzleHttp\Promise\Promise->invokeWaitFn()
#7 E:\xampp73\htdocs\filecroco\loader\vendor\guzzlehttp\promises\src\Promise.php(267): GuzzleHttp\Promise\Promise->waitIfPending()
#8 E:\xampp73\htdocs\filecroco\loader\vendor\guzzlehttp\promises\src\Promise.php(225): GuzzleHttp\Promise\Promise->invokeWaitList()
#9 E:\xampp73\htdocs\filecroco\loader\vendor\guzzlehttp\promises\src\Promise.php(62): GuzzleHttp\Promise\Promise->waitIfPending()
#10 E:\xampp73\htdocs\filecroco\loader\vendor\guzzlehttp\promises\src\EachPromise.php(101): GuzzleHttp\Promise\Promise->wait()
#11 E:\xampp73\htdocs\filecroco\loader\vendor\guzzlehttp\promises\src\Promise.php(246): GuzzleHttp\Promise\EachPromise->GuzzleHttp\Promise\{closure}(true)
#12 E:\xampp73\htdocs\filecroco\loader\vendor\guzzlehttp\promises\src\Promise.php(223): GuzzleHttp\Promise\Promise->invokeWaitFn()
#13 E:\xampp73\htdocs\filecroco\loader\vendor\guzzlehttp\promises\src\Promise.php(62): GuzzleHttp\Promise\Promise->waitIfPending()
#14 E:\xampp73\htdocs\filecroco\loader\updatedownloadlink.php(95): GuzzleHttp\Promise\Promise->wait()
#15 {main}|38GuzzleHttp\Exception\RequestException: cURL error 56:  (see http://curl.haxx.se/libcurl/c/libcurl-errors.html) in E:\xampp73\htdocs\filecroco\loader\vendor\guzzlehttp\guzzle\src\Handler\CurlFactory.php:186
Stack trace:
#0 E:\xampp73\htdocs\filecroco\loader\vendor\guzzlehttp\guzzle\src\Handler\CurlFactory.php(149): GuzzleHttp\Handler\CurlFactory::createRejection(Object(GuzzleHttp\Handler\EasyHandle), Array)
#1 E:\xampp73\htdocs\filecroco\loader\vendor\guzzlehttp\guzzle\src\Handler\CurlFactory.php(102): GuzzleHttp\Handler\CurlFactory::finishError(Object(GuzzleHttp\Handler\CurlMultiHandler), Object(GuzzleHttp\Handler\EasyHandle), Object(GuzzleHttp\Handler\CurlFactory))
#2 E:\xampp73\htdocs\filecroco\loader\vendor\guzzlehttp\guzzle\src\Handler\CurlMultiHandler.php(181): GuzzleHttp\Handler\CurlFactory::finish(Object(GuzzleHttp\Handler\CurlMultiHandler), Object(GuzzleHttp\Handler\EasyHandle), Object(GuzzleHttp\Handler\CurlFactory))
#3 E:\xampp73\htdocs\filecroco\loader\vendor\guzzlehttp\guzzle\src\Handler\CurlMultiHandler.php(110): GuzzleHttp\Handler\CurlMultiHandler->processMessages()
#4 E:\xampp73\htdocs\filecroco\loader\vendor\guzzlehttp\guzzle\src\Handler\CurlMultiHandler.php(125): GuzzleHttp\Handler\CurlMultiHandler->tick()
#5 E:\xampp73\htdocs\filecroco\loader\vendor\guzzlehttp\promises\src\Promise.php(246): GuzzleHttp\Handler\CurlMultiHandler->execute(true)
#6 E:\xampp73\htdocs\filecroco\loader\vendor\guzzlehttp\promises\src\Promise.php(223): GuzzleHttp\Promise\Promise->invokeWaitFn()
#7 E:\xampp73\htdocs\filecroco\loader\vendor\guzzlehttp\promises\src\Promise.php(267): GuzzleHttp\Promise\Promise->waitIfPending()
#8 E:\xampp73\htdocs\filecroco\loader\vendor\guzzlehttp\promises\src\Promise.php(225): GuzzleHttp\Promise\Promise->invokeWaitList()
#9 E:\xampp73\htdocs\filecroco\loader\vendor\guzzlehttp\promises\src\Promise.php(62): GuzzleHttp\Promise\Promise->waitIfPending()
#10 E:\xampp73\htdocs\filecroco\loader\vendor\guzzlehttp\promises\src\EachPromise.php(101): GuzzleHttp\Promise\Promise->wait()
#11 E:\xampp73\htdocs\filecroco\loader\vendor\guzzlehttp\promises\src\Promise.php(246): GuzzleHttp\Promise\EachPromise->GuzzleHttp\Promise\{closure}(true)
#12 E:\xampp73\htdocs\filecroco\loader\vendor\guzzlehttp\promises\src\Promise.php(223): GuzzleHttp\Promise\Promise->invokeWaitFn()
#13 E:\xampp73\htdocs\filecroco\loader\vendor\guzzlehttp\promises\src\Promise.php(62): GuzzleHttp\Promise\Promise->waitIfPending()
#14 E:\xampp73\htdocs\filecroco\loader\updatedownloadlink.php(95): GuzzleHttp\Promise\Promise->wait()
#15 {main}|39GuzzleHttp\Exception\RequestException: cURL error 56:  (see http://curl.haxx.se/libcurl/c/libcurl-errors.html) in E:\xampp73\htdocs\filecroco\loader\vendor\guzzlehttp\guzzle\src\Handler\CurlFactory.php:186
Stack trace:
#0 E:\xampp73\htdocs\filecroco\loader\vendor\guzzlehttp\guzzle\src\Handler\CurlFactory.php(149): GuzzleHttp\Handler\CurlFactory::createRejection(Object(GuzzleHttp\Handler\EasyHandle), Array)
#1 E:\xampp73\htdocs\filecroco\loader\vendor\guzzlehttp\guzzle\src\Handler\CurlFactory.php(102): GuzzleHttp\Handler\CurlFactory::finishError(Object(GuzzleHttp\Handler\CurlMultiHandler), Object(GuzzleHttp\Handler\EasyHandle), Object(GuzzleHttp\Handler\CurlFactory))
#2 E:\xampp73\htdocs\filecroco\loader\vendor\guzzlehttp\guzzle\src\Handler\CurlMultiHandler.php(181): GuzzleHttp\Handler\CurlFactory::finish(Object(GuzzleHttp\Handler\CurlMultiHandler), Object(GuzzleHttp\Handler\EasyHandle), Object(GuzzleHttp\Handler\CurlFactory))
#3 E:\xampp73\htdocs\filecroco\loader\vendor\guzzlehttp\guzzle\src\Handler\CurlMultiHandler.php(110): GuzzleHttp\Handler\CurlMultiHandler->processMessages()
#4 E:\xampp73\htdocs\filecroco\loader\vendor\guzzlehttp\guzzle\src\Handler\CurlMultiHandler.php(125): GuzzleHttp\Handler\CurlMultiHandler->tick()
#5 E:\xampp73\htdocs\filecroco\loader\vendor\guzzlehttp\promises\src\Promise.php(246): GuzzleHttp\Handler\CurlMultiHandler->execute(true)
#6 E:\xampp73\htdocs\filecroco\loader\vendor\guzzlehttp\promises\src\Promise.php(223): GuzzleHttp\Promise\Promise->invokeWaitFn()
#7 E:\xampp73\htdocs\filecroco\loader\vendor\guzzlehttp\promises\src\Promise.php(267): GuzzleHttp\Promise\Promise->waitIfPending()
#8 E:\xampp73\htdocs\filecroco\loader\vendor\guzzlehttp\promises\src\Promise.php(225): GuzzleHttp\Promise\Promise->invokeWaitList()
#9 E:\xampp73\htdocs\filecroco\loader\vendor\guzzlehttp\promises\src\Promise.php(62): GuzzleHttp\Promise\Promise->waitIfPending()
#10 E:\xampp73\htdocs\filecroco\loader\vendor\guzzlehttp\promises\src\EachPromise.php(101): GuzzleHttp\Promise\Promise->wait()
#11 E:\xampp73\htdocs\filecroco\loader\vendor\guzzlehttp\promises\src\Promise.php(246): GuzzleHttp\Promise\EachPromise->GuzzleHttp\Promise\{closure}(true)
#12 E:\xampp73\htdocs\filecroco\loader\vendor\guzzlehttp\promises\src\Promise.php(223): GuzzleHttp\Promise\Promise->invokeWaitFn()
#13 E:\xampp73\htdocs\filecroco\loader\vendor\guzzlehttp\promises\src\Promise.php(62): GuzzleHttp\Promise\Promise->waitIfPending()
#14 E:\xampp73\htdocs\filecroco\loader\updatedownloadlink.php(95): GuzzleHttp\Promise\Promise->wait()
#15 {main}|40GuzzleHttp\Exception\RequestException: cURL error 56:  (see http://curl.haxx.se/libcurl/c/libcurl-errors.html) in E:\xampp73\htdocs\filecroco\loader\vendor\guzzlehttp\guzzle\src\Handler\CurlFactory.php:186
Stack trace:
#0 E:\xampp73\htdocs\filecroco\loader\vendor\guzzlehttp\guzzle\src\Handler\CurlFactory.php(149): GuzzleHttp\Handler\CurlFactory::createRejection(Object(GuzzleHttp\Handler\EasyHandle), Array)
#1 E:\xampp73\htdocs\filecroco\loader\vendor\guzzlehttp\guzzle\src\Handler\CurlFactory.php(102): GuzzleHttp\Handler\CurlFactory::finishError(Object(GuzzleHttp\Handler\CurlMultiHandler), Object(GuzzleHttp\Handler\EasyHandle), Object(GuzzleHttp\Handler\CurlFactory))
#2 E:\xampp73\htdocs\filecroco\loader\vendor\guzzlehttp\guzzle\src\Handler\CurlMultiHandler.php(181): GuzzleHttp\Handler\CurlFactory::finish(Object(GuzzleHttp\Handler\CurlMultiHandler), Object(GuzzleHttp\Handler\EasyHandle), Object(GuzzleHttp\Handler\CurlFactory))
#3 E:\xampp73\htdocs\filecroco\loader\vendor\guzzlehttp\guzzle\src\Handler\CurlMultiHandler.php(110): GuzzleHttp\Handler\CurlMultiHandler->processMessages()
#4 E:\xampp73\htdocs\filecroco\loader\vendor\guzzlehttp\guzzle\src\Handler\CurlMultiHandler.php(125): GuzzleHttp\Handler\CurlMultiHandler->tick()
#5 E:\xampp73\htdocs\filecroco\loader\vendor\guzzlehttp\promises\src\Promise.php(246): GuzzleHttp\Handler\CurlMultiHandler->execute(true)
#6 E:\xampp73\htdocs\filecroco\loader\vendor\guzzlehttp\promises\src\Promise.php(223): GuzzleHttp\Promise\Promise->invokeWaitFn()
#7 E:\xampp73\htdocs\filecroco\loader\vendor\guzzlehttp\promises\src\Promise.php(267): GuzzleHttp\Promise\Promise->waitIfPending()
#8 E:\xampp73\htdocs\filecroco\loader\vendor\guzzlehttp\promises\src\Promise.php(225): GuzzleHttp\Promise\Promise->invokeWaitList()
#9 E:\xampp73\htdocs\filecroco\loader\vendor\guzzlehttp\promises\src\Promise.php(62): GuzzleHttp\Promise\Promise->waitIfPending()
#10 E:\xampp73\htdocs\filecroco\loader\vendor\guzzlehttp\promises\src\EachPromise.php(101): GuzzleHttp\Promise\Promise->wait()
#11 E:\xampp73\htdocs\filecroco\loader\vendor\guzzlehttp\promises\src\Promise.php(246): GuzzleHttp\Promise\EachPromise->GuzzleHttp\Promise\{closure}(true)
#12 E:\xampp73\htdocs\filecroco\loader\vendor\guzzlehttp\promises\src\Promise.php(223): GuzzleHttp\Promise\Promise->invokeWaitFn()
#13 E:\xampp73\htdocs\filecroco\loader\vendor\guzzlehttp\promises\src\Promise.php(62): GuzzleHttp\Promise\Promise->waitIfPending()
#14 E:\xampp73\htdocs\filecroco\loader\updatedownloadlink.php(95): GuzzleHttp\Promise\Promise->wait()
#15 {main}|41GuzzleHttp\Exception\RequestException: cURL error 56:  (see http://curl.haxx.se/libcurl/c/libcurl-errors.html) in E:\xampp73\htdocs\filecroco\loader\vendor\guzzlehttp\guzzle\src\Handler\CurlFactory.php:186
Stack trace:
#0 E:\xampp73\htdocs\filecroco\loader\vendor\guzzlehttp\guzzle\src\Handler\CurlFactory.php(149): GuzzleHttp\Handler\CurlFactory::createRejection(Object(GuzzleHttp\Handler\EasyHandle), Array)
#1 E:\xampp73\htdocs\filecroco\loader\vendor\guzzlehttp\guzzle\src\Handler\CurlFactory.php(102): GuzzleHttp\Handler\CurlFactory::finishError(Object(GuzzleHttp\Handler\CurlMultiHandler), Object(GuzzleHttp\Handler\EasyHandle), Object(GuzzleHttp\Handler\CurlFactory))
#2 E:\xampp73\htdocs\filecroco\loader\vendor\guzzlehttp\guzzle\src\Handler\CurlMultiHandler.php(181): GuzzleHttp\Handler\CurlFactory::finish(Object(GuzzleHttp\Handler\CurlMultiHandler), Object(GuzzleHttp\Handler\EasyHandle), Object(GuzzleHttp\Handler\CurlFactory))
#3 E:\xampp73\htdocs\filecroco\loader\vendor\guzzlehttp\guzzle\src\Handler\CurlMultiHandler.php(110): GuzzleHttp\Handler\CurlMultiHandler->processMessages()
#4 E:\xampp73\htdocs\filecroco\loader\vendor\guzzlehttp\guzzle\src\Handler\CurlMultiHandler.php(125): GuzzleHttp\Handler\CurlMultiHandler->tick()
#5 E:\xampp73\htdocs\filecroco\loader\vendor\guzzlehttp\promises\src\Promise.php(246): GuzzleHttp\Handler\CurlMultiHandler->execute(true)
#6 E:\xampp73\htdocs\filecroco\loader\vendor\guzzlehttp\promises\src\Promise.php(223): GuzzleHttp\Promise\Promise->invokeWaitFn()
#7 E:\xampp73\htdocs\filecroco\loader\vendor\guzzlehttp\promises\src\Promise.php(267): GuzzleHttp\Promise\Promise->waitIfPending()
#8 E:\xampp73\htdocs\filecroco\loader\vendor\guzzlehttp\promises\src\Promise.php(225): GuzzleHttp\Promise\Promise->invokeWaitList()
#9 E:\xampp73\htdocs\filecroco\loader\vendor\guzzlehttp\promises\src\Promise.php(62): GuzzleHttp\Promise\Promise->waitIfPending()
#10 E:\xampp73\htdocs\filecroco\loader\vendor\guzzlehttp\promises\src\EachPromise.php(101): GuzzleHttp\Promise\Promise->wait()
#11 E:\xampp73\htdocs\filecroco\loader\vendor\guzzlehttp\promises\src\Promise.php(246): GuzzleHttp\Promise\EachPromise->GuzzleHttp\Promise\{closure}(true)
#12 E:\xampp73\htdocs\filecroco\loader\vendor\guzzlehttp\promises\src\Promise.php(223): GuzzleHttp\Promise\Promise->invokeWaitFn()
#13 E:\xampp73\htdocs\filecroco\loader\vendor\guzzlehttp\promises\src\Promise.php(62): GuzzleHttp\Promise\Promise->waitIfPending()
#14 E:\xampp73\htdocs\filecroco\loader\updatedownloadlink.php(95): GuzzleHttp\Promise\Promise->wait()
#15 {main}|42GuzzleHttp\Exception\RequestException: cURL error 56:  (see http://curl.haxx.se/libcurl/c/libcurl-errors.html) in E:\xampp73\htdocs\filecroco\loader\vendor\guzzlehttp\guzzle\src\Handler\CurlFactory.php:186
Stack trace:
#0 E:\xampp73\htdocs\filecroco\loader\vendor\guzzlehttp\guzzle\src\Handler\CurlFactory.php(149): GuzzleHttp\Handler\CurlFactory::createRejection(Object(GuzzleHttp\Handler\EasyHandle), Array)
#1 E:\xampp73\htdocs\filecroco\loader\vendor\guzzlehttp\guzzle\src\Handler\CurlFactory.php(102): GuzzleHttp\Handler\CurlFactory::finishError(Object(GuzzleHttp\Handler\CurlMultiHandler), Object(GuzzleHttp\Handler\EasyHandle), Object(GuzzleHttp\Handler\CurlFactory))
#2 E:\xampp73\htdocs\filecroco\loader\vendor\guzzlehttp\guzzle\src\Handler\CurlMultiHandler.php(181): GuzzleHttp\Handler\CurlFactory::finish(Object(GuzzleHttp\Handler\CurlMultiHandler), Object(GuzzleHttp\Handler\EasyHandle), Object(GuzzleHttp\Handler\CurlFactory))
#3 E:\xampp73\htdocs\filecroco\loader\vendor\guzzlehttp\guzzle\src\Handler\CurlMultiHandler.php(110): GuzzleHttp\Handler\CurlMultiHandler->processMessages()
#4 E:\xampp73\htdocs\filecroco\loader\vendor\guzzlehttp\guzzle\src\Handler\CurlMultiHandler.php(125): GuzzleHttp\Handler\CurlMultiHandler->tick()
#5 E:\xampp73\htdocs\filecroco\loader\vendor\guzzlehttp\promises\src\Promise.php(246): GuzzleHttp\Handler\CurlMultiHandler->execute(true)
#6 E:\xampp73\htdocs\filecroco\loader\vendor\guzzlehttp\promises\src\Promise.php(223): GuzzleHttp\Promise\Promise->invokeWaitFn()
#7 E:\xampp73\htdocs\filecroco\loader\vendor\guzzlehttp\promises\src\Promise.php(267): GuzzleHttp\Promise\Promise->waitIfPending()
#8 E:\xampp73\htdocs\filecroco\loader\vendor\guzzlehttp\promises\src\Promise.php(225): GuzzleHttp\Promise\Promise->invokeWaitList()
#9 E:\xampp73\htdocs\filecroco\loader\vendor\guzzlehttp\promises\src\Promise.php(62): GuzzleHttp\Promise\Promise->waitIfPending()
#10 E:\xampp73\htdocs\filecroco\loader\vendor\guzzlehttp\promises\src\EachPromise.php(101): GuzzleHttp\Promise\Promise->wait()
#11 E:\xampp73\htdocs\filecroco\loader\vendor\guzzlehttp\promises\src\Promise.php(246): GuzzleHttp\Promise\EachPromise->GuzzleHttp\Promise\{closure}(true)
#12 E:\xampp73\htdocs\filecroco\loader\vendor\guzzlehttp\promises\src\Promise.php(223): GuzzleHttp\Promise\Promise->invokeWaitFn()
#13 E:\xampp73\htdocs\filecroco\loader\vendor\guzzlehttp\promises\src\Promise.php(62): GuzzleHttp\Promise\Promise->waitIfPending()
#14 E:\xampp73\htdocs\filecroco\loader\updatedownloadlink.php(95): GuzzleHttp\Promise\Promise->wait()
#15 {main}|43GuzzleHttp\Exception\RequestException: cURL error 56:  (see http://curl.haxx.se/libcurl/c/libcurl-errors.html) in E:\xampp73\htdocs\filecroco\loader\vendor\guzzlehttp\guzzle\src\Handler\CurlFactory.php:186
Stack trace:
#0 E:\xampp73\htdocs\filecroco\loader\vendor\guzzlehttp\guzzle\src\Handler\CurlFactory.php(149): GuzzleHttp\Handler\CurlFactory::createRejection(Object(GuzzleHttp\Handler\EasyHandle), Array)
#1 E:\xampp73\htdocs\filecroco\loader\vendor\guzzlehttp\guzzle\src\Handler\CurlFactory.php(102): GuzzleHttp\Handler\CurlFactory::finishError(Object(GuzzleHttp\Handler\CurlMultiHandler), Object(GuzzleHttp\Handler\EasyHandle), Object(GuzzleHttp\Handler\CurlFactory))
#2 E:\xampp73\htdocs\filecroco\loader\vendor\guzzlehttp\guzzle\src\Handler\CurlMultiHandler.php(181): GuzzleHttp\Handler\CurlFactory::finish(Object(GuzzleHttp\Handler\CurlMultiHandler), Object(GuzzleHttp\Handler\EasyHandle), Object(GuzzleHttp\Handler\CurlFactory))
#3 E:\xampp73\htdocs\filecroco\loader\vendor\guzzlehttp\guzzle\src\Handler\CurlMultiHandler.php(110): GuzzleHttp\Handler\CurlMultiHandler->processMessages()
#4 E:\xampp73\htdocs\filecroco\loader\vendor\guzzlehttp\guzzle\src\Handler\CurlMultiHandler.php(125): GuzzleHttp\Handler\CurlMultiHandler->tick()
#5 E:\xampp73\htdocs\filecroco\loader\vendor\guzzlehttp\promises\src\Promise.php(246): GuzzleHttp\Handler\CurlMultiHandler->execute(true)
#6 E:\xampp73\htdocs\filecroco\loader\vendor\guzzlehttp\promises\src\Promise.php(223): GuzzleHttp\Promise\Promise->invokeWaitFn()
#7 E:\xampp73\htdocs\filecroco\loader\vendor\guzzlehttp\promises\src\Promise.php(267): GuzzleHttp\Promise\Promise->waitIfPending()
#8 E:\xampp73\htdocs\filecroco\loader\vendor\guzzlehttp\promises\src\Promise.php(225): GuzzleHttp\Promise\Promise->invokeWaitList()
#9 E:\xampp73\htdocs\filecroco\loader\vendor\guzzlehttp\promises\src\Promise.php(62): GuzzleHttp\Promise\Promise->waitIfPending()
#10 E:\xampp73\htdocs\filecroco\loader\vendor\guzzlehttp\promises\src\EachPromise.php(101): GuzzleHttp\Promise\Promise->wait()
#11 E:\xampp73\htdocs\filecroco\loader\vendor\guzzlehttp\promises\src\Promise.php(246): GuzzleHttp\Promise\EachPromise->GuzzleHttp\Promise\{closure}(true)
#12 E:\xampp73\htdocs\filecroco\loader\vendor\guzzlehttp\promises\src\Promise.php(223): GuzzleHttp\Promise\Promise->invokeWaitFn()
#13 E:\xampp73\htdocs\filecroco\loader\vendor\guzzlehttp\promises\src\Promise.php(62): GuzzleHttp\Promise\Promise->waitIfPending()
#14 E:\xampp73\htdocs\filecroco\loader\updatedownloadlink.php(95): GuzzleHttp\Promise\Promise->wait()
#15 {main}|44GuzzleHttp\Exception\RequestException: cURL error 56:  (see http://curl.haxx.se/libcurl/c/libcurl-errors.html) in E:\xampp73\htdocs\filecroco\loader\vendor\guzzlehttp\guzzle\src\Handler\CurlFactory.php:186
Stack trace:
#0 E:\xampp73\htdocs\filecroco\loader\vendor\guzzlehttp\guzzle\src\Handler\CurlFactory.php(149): GuzzleHttp\Handler\CurlFactory::createRejection(Object(GuzzleHttp\Handler\EasyHandle), Array)
#1 E:\xampp73\htdocs\filecroco\loader\vendor\guzzlehttp\guzzle\src\Handler\CurlFactory.php(102): GuzzleHttp\Handler\CurlFactory::finishError(Object(GuzzleHttp\Handler\CurlMultiHandler), Object(GuzzleHttp\Handler\EasyHandle), Object(GuzzleHttp\Handler\CurlFactory))
#2 E:\xampp73\htdocs\filecroco\loader\vendor\guzzlehttp\guzzle\src\Handler\CurlMultiHandler.php(181): GuzzleHttp\Handler\CurlFactory::finish(Object(GuzzleHttp\Handler\CurlMultiHandler), Object(GuzzleHttp\Handler\EasyHandle), Object(GuzzleHttp\Handler\CurlFactory))
#3 E:\xampp73\htdocs\filecroco\loader\vendor\guzzlehttp\guzzle\src\Handler\CurlMultiHandler.php(110): GuzzleHttp\Handler\CurlMultiHandler->processMessages()
#4 E:\xampp73\htdocs\filecroco\loader\vendor\guzzlehttp\guzzle\src\Handler\CurlMultiHandler.php(125): GuzzleHttp\Handler\CurlMultiHandler->tick()
#5 E:\xampp73\htdocs\filecroco\loader\vendor\guzzlehttp\promises\src\Promise.php(246): GuzzleHttp\Handler\CurlMultiHandler->execute(true)
#6 E:\xampp73\htdocs\filecroco\loader\vendor\guzzlehttp\promises\src\Promise.php(223): GuzzleHttp\Promise\Promise->invokeWaitFn()
#7 E:\xampp73\htdocs\filecroco\loader\vendor\guzzlehttp\promises\src\Promise.php(267): GuzzleHttp\Promise\Promise->waitIfPending()
#8 E:\xampp73\htdocs\filecroco\loader\vendor\guzzlehttp\promises\src\Promise.php(225): GuzzleHttp\Promise\Promise->invokeWaitList()
#9 E:\xampp73\htdocs\filecroco\loader\vendor\guzzlehttp\promises\src\Promise.php(62): GuzzleHttp\Promise\Promise->waitIfPending()
#10 E:\xampp73\htdocs\filecroco\loader\vendor\guzzlehttp\promises\src\EachPromise.php(101): GuzzleHttp\Promise\Promise->wait()
#11 E:\xampp73\htdocs\filecroco\loader\vendor\guzzlehttp\promises\src\Promise.php(246): GuzzleHttp\Promise\EachPromise->GuzzleHttp\Promise\{closure}(true)
#12 E:\xampp73\htdocs\filecroco\loader\vendor\guzzlehttp\promises\src\Promise.php(223): GuzzleHttp\Promise\Promise->invokeWaitFn()
#13 E:\xampp73\htdocs\filecroco\loader\vendor\guzzlehttp\promises\src\Promise.php(62): GuzzleHttp\Promise\Promise->waitIfPending()
#14 E:\xampp73\htdocs\filecroco\loader\updatedownloadlink.php(95): GuzzleHttp\Promise\Promise->wait()
#15 {main}|45GuzzleHttp\Exception\RequestException: cURL error 56:  (see http://curl.haxx.se/libcurl/c/libcurl-errors.html) in E:\xampp73\htdocs\filecroco\loader\vendor\guzzlehttp\guzzle\src\Handler\CurlFactory.php:186
Stack trace:
#0 E:\xampp73\htdocs\filecroco\loader\vendor\guzzlehttp\guzzle\src\Handler\CurlFactory.php(149): GuzzleHttp\Handler\CurlFactory::createRejection(Object(GuzzleHttp\Handler\EasyHandle), Array)
#1 E:\xampp73\htdocs\filecroco\loader\vendor\guzzlehttp\guzzle\src\Handler\CurlFactory.php(102): GuzzleHttp\Handler\CurlFactory::finishError(Object(GuzzleHttp\Handler\CurlMultiHandler), Object(GuzzleHttp\Handler\EasyHandle), Object(GuzzleHttp\Handler\CurlFactory))
#2 E:\xampp73\htdocs\filecroco\loader\vendor\guzzlehttp\guzzle\src\Handler\CurlMultiHandler.php(181): GuzzleHttp\Handler\CurlFactory::finish(Object(GuzzleHttp\Handler\CurlMultiHandler), Object(GuzzleHttp\Handler\EasyHandle), Object(GuzzleHttp\Handler\CurlFactory))
#3 E:\xampp73\htdocs\filecroco\loader\vendor\guzzlehttp\guzzle\src\Handler\CurlMultiHandler.php(110): GuzzleHttp\Handler\CurlMultiHandler->processMessages()
#4 E:\xampp73\htdocs\filecroco\loader\vendor\guzzlehttp\guzzle\src\Handler\CurlMultiHandler.php(125): GuzzleHttp\Handler\CurlMultiHandler->tick()
#5 E:\xampp73\htdocs\filecroco\loader\vendor\guzzlehttp\promises\src\Promise.php(246): GuzzleHttp\Handler\CurlMultiHandler->execute(true)
#6 E:\xampp73\htdocs\filecroco\loader\vendor\guzzlehttp\promises\src\Promise.php(223): GuzzleHttp\Promise\Promise->invokeWaitFn()
#7 E:\xampp73\htdocs\filecroco\loader\vendor\guzzlehttp\promises\src\Promise.php(267): GuzzleHttp\Promise\Promise->waitIfPending()
#8 E:\xampp73\htdocs\filecroco\loader\vendor\guzzlehttp\promises\src\Promise.php(225): GuzzleHttp\Promise\Promise->invokeWaitList()
#9 E:\xampp73\htdocs\filecroco\loader\vendor\guzzlehttp\promises\src\Promise.php(62): GuzzleHttp\Promise\Promise->waitIfPending()
#10 E:\xampp73\htdocs\filecroco\loader\vendor\guzzlehttp\promises\src\EachPromise.php(101): GuzzleHttp\Promise\Promise->wait()
#11 E:\xampp73\htdocs\filecroco\loader\vendor\guzzlehttp\promises\src\Promise.php(246): GuzzleHttp\Promise\EachPromise->GuzzleHttp\Promise\{closure}(true)
#12 E:\xampp73\htdocs\filecroco\loader\vendor\guzzlehttp\promises\src\Promise.php(223): GuzzleHttp\Promise\Promise->invokeWaitFn()
#13 E:\xampp73\htdocs\filecroco\loader\vendor\guzzlehttp\promises\src\Promise.php(62): GuzzleHttp\Promise\Promise->waitIfPending()
#14 E:\xampp73\htdocs\filecroco\loader\updatedownloadlink.php(95): GuzzleHttp\Promise\Promise->wait()
#15 {main}|46GuzzleHttp\Exception\RequestException: cURL error 56:  (see http://curl.haxx.se/libcurl/c/libcurl-errors.html) in E:\xampp73\htdocs\filecroco\loader\vendor\guzzlehttp\guzzle\src\Handler\CurlFactory.php:186
Stack trace:
#0 E:\xampp73\htdocs\filecroco\loader\vendor\guzzlehttp\guzzle\src\Handler\CurlFactory.php(149): GuzzleHttp\Handler\CurlFactory::createRejection(Object(GuzzleHttp\Handler\EasyHandle), Array)
#1 E:\xampp73\htdocs\filecroco\loader\vendor\guzzlehttp\guzzle\src\Handler\CurlFactory.php(102): GuzzleHttp\Handler\CurlFactory::finishError(Object(GuzzleHttp\Handler\CurlMultiHandler), Object(GuzzleHttp\Handler\EasyHandle), Object(GuzzleHttp\Handler\CurlFactory))
#2 E:\xampp73\htdocs\filecroco\loader\vendor\guzzlehttp\guzzle\src\Handler\CurlMultiHandler.php(181): GuzzleHttp\Handler\CurlFactory::finish(Object(GuzzleHttp\Handler\CurlMultiHandler), Object(GuzzleHttp\Handler\EasyHandle), Object(GuzzleHttp\Handler\CurlFactory))
#3 E:\xampp73\htdocs\filecroco\loader\vendor\guzzlehttp\guzzle\src\Handler\CurlMultiHandler.php(110): GuzzleHttp\Handler\CurlMultiHandler->processMessages()
#4 E:\xampp73\htdocs\filecroco\loader\vendor\guzzlehttp\guzzle\src\Handler\CurlMultiHandler.php(125): GuzzleHttp\Handler\CurlMultiHandler->tick()
#5 E:\xampp73\htdocs\filecroco\loader\vendor\guzzlehttp\promises\src\Promise.php(246): GuzzleHttp\Handler\CurlMultiHandler->execute(true)
#6 E:\xampp73\htdocs\filecroco\loader\vendor\guzzlehttp\promises\src\Promise.php(223): GuzzleHttp\Promise\Promise->invokeWaitFn()
#7 E:\xampp73\htdocs\filecroco\loader\vendor\guzzlehttp\promises\src\Promise.php(267): GuzzleHttp\Promise\Promise->waitIfPending()
#8 E:\xampp73\htdocs\filecroco\loader\vendor\guzzlehttp\promises\src\Promise.php(225): GuzzleHttp\Promise\Promise->invokeWaitList()
#9 E:\xampp73\htdocs\filecroco\loader\vendor\guzzlehttp\promises\src\Promise.php(62): GuzzleHttp\Promise\Promise->waitIfPending()
#10 E:\xampp73\htdocs\filecroco\loader\vendor\guzzlehttp\promises\src\EachPromise.php(101): GuzzleHttp\Promise\Promise->wait()
#11 E:\xampp73\htdocs\filecroco\loader\vendor\guzzlehttp\promises\src\Promise.php(246): GuzzleHttp\Promise\EachPromise->GuzzleHttp\Promise\{closure}(true)
#12 E:\xampp73\htdocs\filecroco\loader\vendor\guzzlehttp\promises\src\Promise.php(223): GuzzleHttp\Promise\Promise->invokeWaitFn()
#13 E:\xampp73\htdocs\filecroco\loader\vendor\guzzlehttp\promises\src\Promise.php(62): GuzzleHttp\Promise\Promise->waitIfPending()
#14 E:\xampp73\htdocs\filecroco\loader\updatedownloadlink.php(95): GuzzleHttp\Promise\Promise->wait()
#15 {main}|47GuzzleHttp\Exception\RequestException: cURL error 56:  (see http://curl.haxx.se/libcurl/c/libcurl-errors.html) in E:\xampp73\htdocs\filecroco\loader\vendor\guzzlehttp\guzzle\src\Handler\CurlFactory.php:186
Stack trace:
#0 E:\xampp73\htdocs\filecroco\loader\vendor\guzzlehttp\guzzle\src\Handler\CurlFactory.php(149): GuzzleHttp\Handler\CurlFactory::createRejection(Object(GuzzleHttp\Handler\EasyHandle), Array)
#1 E:\xampp73\htdocs\filecroco\loader\vendor\guzzlehttp\guzzle\src\Handler\CurlFactory.php(102): GuzzleHttp\Handler\CurlFactory::finishError(Object(GuzzleHttp\Handler\CurlMultiHandler), Object(GuzzleHttp\Handler\EasyHandle), Object(GuzzleHttp\Handler\CurlFactory))
#2 E:\xampp73\htdocs\filecroco\loader\vendor\guzzlehttp\guzzle\src\Handler\CurlMultiHandler.php(181): GuzzleHttp\Handler\CurlFactory::finish(Object(GuzzleHttp\Handler\CurlMultiHandler), Object(GuzzleHttp\Handler\EasyHandle), Object(GuzzleHttp\Handler\CurlFactory))
#3 E:\xampp73\htdocs\filecroco\loader\vendor\guzzlehttp\guzzle\src\Handler\CurlMultiHandler.php(110): GuzzleHttp\Handler\CurlMultiHandler->processMessages()
#4 E:\xampp73\htdocs\filecroco\loader\vendor\guzzlehttp\guzzle\src\Handler\CurlMultiHandler.php(125): GuzzleHttp\Handler\CurlMultiHandler->tick()
#5 E:\xampp73\htdocs\filecroco\loader\vendor\guzzlehttp\promises\src\Promise.php(246): GuzzleHttp\Handler\CurlMultiHandler->execute(true)
#6 E:\xampp73\htdocs\filecroco\loader\vendor\guzzlehttp\promises\src\Promise.php(223): GuzzleHttp\Promise\Promise->invokeWaitFn()
#7 E:\xampp73\htdocs\filecroco\loader\vendor\guzzlehttp\promises\src\Promise.php(267): GuzzleHttp\Promise\Promise->waitIfPending()
#8 E:\xampp73\htdocs\filecroco\loader\vendor\guzzlehttp\promises\src\Promise.php(225): GuzzleHttp\Promise\Promise->invokeWaitList()
#9 E:\xampp73\htdocs\filecroco\loader\vendor\guzzlehttp\promises\src\Promise.php(62): GuzzleHttp\Promise\Promise->waitIfPending()
#10 E:\xampp73\htdocs\filecroco\loader\vendor\guzzlehttp\promises\src\EachPromise.php(101): GuzzleHttp\Promise\Promise->wait()
#11 E:\xampp73\htdocs\filecroco\loader\vendor\guzzlehttp\promises\src\Promise.php(246): GuzzleHttp\Promise\EachPromise->GuzzleHttp\Promise\{closure}(true)
#12 E:\xampp73\htdocs\filecroco\loader\vendor\guzzlehttp\promises\src\Promise.php(223): GuzzleHttp\Promise\Promise->invokeWaitFn()
#13 E:\xampp73\htdocs\filecroco\loader\vendor\guzzlehttp\promises\src\Promise.php(62): GuzzleHttp\Promise\Promise->waitIfPending()
#14 E:\xampp73\htdocs\filecroco\loader\updatedownloadlink.php(95): GuzzleHttp\Promise\Promise->wait()
#15 {main}|48GuzzleHttp\Exception\RequestException: cURL error 56:  (see http://curl.haxx.se/libcurl/c/libcurl-errors.html) in E:\xampp73\htdocs\filecroco\loader\vendor\guzzlehttp\guzzle\src\Handler\CurlFactory.php:186
Stack trace:
#0 E:\xampp73\htdocs\filecroco\loader\vendor\guzzlehttp\guzzle\src\Handler\CurlFactory.php(149): GuzzleHttp\Handler\CurlFactory::createRejection(Object(GuzzleHttp\Handler\EasyHandle), Array)
#1 E:\xampp73\htdocs\filecroco\loader\vendor\guzzlehttp\guzzle\src\Handler\CurlFactory.php(102): GuzzleHttp\Handler\CurlFactory::finishError(Object(GuzzleHttp\Handler\CurlMultiHandler), Object(GuzzleHttp\Handler\EasyHandle), Object(GuzzleHttp\Handler\CurlFactory))
#2 E:\xampp73\htdocs\filecroco\loader\vendor\guzzlehttp\guzzle\src\Handler\CurlMultiHandler.php(181): GuzzleHttp\Handler\CurlFactory::finish(Object(GuzzleHttp\Handler\CurlMultiHandler), Object(GuzzleHttp\Handler\EasyHandle), Object(GuzzleHttp\Handler\CurlFactory))
#3 E:\xampp73\htdocs\filecroco\loader\vendor\guzzlehttp\guzzle\src\Handler\CurlMultiHandler.php(110): GuzzleHttp\Handler\CurlMultiHandler->processMessages()
#4 E:\xampp73\htdocs\filecroco\loader\vendor\guzzlehttp\guzzle\src\Handler\CurlMultiHandler.php(125): GuzzleHttp\Handler\CurlMultiHandler->tick()
#5 E:\xampp73\htdocs\filecroco\loader\vendor\guzzlehttp\promises\src\Promise.php(246): GuzzleHttp\Handler\CurlMultiHandler->execute(true)
#6 E:\xampp73\htdocs\filecroco\loader\vendor\guzzlehttp\promises\src\Promise.php(223): GuzzleHttp\Promise\Promise->invokeWaitFn()
#7 E:\xampp73\htdocs\filecroco\loader\vendor\guzzlehttp\promises\src\Promise.php(267): GuzzleHttp\Promise\Promise->waitIfPending()
#8 E:\xampp73\htdocs\filecroco\loader\vendor\guzzlehttp\promises\src\Promise.php(225): GuzzleHttp\Promise\Promise->invokeWaitList()
#9 E:\xampp73\htdocs\filecroco\loader\vendor\guzzlehttp\promises\src\Promise.php(62): GuzzleHttp\Promise\Promise->waitIfPending()
#10 E:\xampp73\htdocs\filecroco\loader\vendor\guzzlehttp\promises\src\EachPromise.php(101): GuzzleHttp\Promise\Promise->wait()
#11 E:\xampp73\htdocs\filecroco\loader\vendor\guzzlehttp\promises\src\Promise.php(246): GuzzleHttp\Promise\EachPromise->GuzzleHttp\Promise\{closure}(true)
#12 E:\xampp73\htdocs\filecroco\loader\vendor\guzzlehttp\promises\src\Promise.php(223): GuzzleHttp\Promise\Promise->invokeWaitFn()
#13 E:\xampp73\htdocs\filecroco\loader\vendor\guzzlehttp\promises\src\Promise.php(62): GuzzleHttp\Promise\Promise->waitIfPending()
#14 E:\xampp73\htdocs\filecroco\loader\updatedownloadlink.php(95): GuzzleHttp\Promise\Promise->wait()
#15 {main}|49GuzzleHttp\Exception\RequestException: cURL error 56:  (see http://curl.haxx.se/libcurl/c/libcurl-errors.html) in E:\xampp73\htdocs\filecroco\loader\vendor\guzzlehttp\guzzle\src\Handler\CurlFactory.php:186
Stack trace:
#0 E:\xampp73\htdocs\filecroco\loader\vendor\guzzlehttp\guzzle\src\Handler\CurlFactory.php(149): GuzzleHttp\Handler\CurlFactory::createRejection(Object(GuzzleHttp\Handler\EasyHandle), Array)
#1 E:\xampp73\htdocs\filecroco\loader\vendor\guzzlehttp\guzzle\src\Handler\CurlFactory.php(102): GuzzleHttp\Handler\CurlFactory::finishError(Object(GuzzleHttp\Handler\CurlMultiHandler), Object(GuzzleHttp\Handler\EasyHandle), Object(GuzzleHttp\Handler\CurlFactory))
#2 E:\xampp73\htdocs\filecroco\loader\vendor\guzzlehttp\guzzle\src\Handler\CurlMultiHandler.php(181): GuzzleHttp\Handler\CurlFactory::finish(Object(GuzzleHttp\Handler\CurlMultiHandler), Object(GuzzleHttp\Handler\EasyHandle), Object(GuzzleHttp\Handler\CurlFactory))
#3 E:\xampp73\htdocs\filecroco\loader\vendor\guzzlehttp\guzzle\src\Handler\CurlMultiHandler.php(110): GuzzleHttp\Handler\CurlMultiHandler->processMessages()
#4 E:\xampp73\htdocs\filecroco\loader\vendor\guzzlehttp\guzzle\src\Handler\CurlMultiHandler.php(125): GuzzleHttp\Handler\CurlMultiHandler->tick()
#5 E:\xampp73\htdocs\filecroco\loader\vendor\guzzlehttp\promises\src\Promise.php(246): GuzzleHttp\Handler\CurlMultiHandler->execute(true)
#6 E:\xampp73\htdocs\filecroco\loader\vendor\guzzlehttp\promises\src\Promise.php(223): GuzzleHttp\Promise\Promise->invokeWaitFn()
#7 E:\xampp73\htdocs\filecroco\loader\vendor\guzzlehttp\promises\src\Promise.php(267): GuzzleHttp\Promise\Promise->waitIfPending()
#8 E:\xampp73\htdocs\filecroco\loader\vendor\guzzlehttp\promises\src\Promise.php(225): GuzzleHttp\Promise\Promise->invokeWaitList()
#9 E:\xampp73\htdocs\filecroco\loader\vendor\guzzlehttp\promises\src\Promise.php(62): GuzzleHttp\Promise\Promise->waitIfPending()
#10 E:\xampp73\htdocs\filecroco\loader\vendor\guzzlehttp\promises\src\EachPromise.php(101): GuzzleHttp\Promise\Promise->wait()
#11 E:\xampp73\htdocs\filecroco\loader\vendor\guzzlehttp\promises\src\Promise.php(246): GuzzleHttp\Promise\EachPromise->GuzzleHttp\Promise\{closure}(true)
#12 E:\xampp73\htdocs\filecroco\loader\vendor\guzzlehttp\promises\src\Promise.php(223): GuzzleHttp\Promise\Promise->invokeWaitFn()
#13 E:\xampp73\htdocs\filecroco\loader\vendor\guzzlehttp\promises\src\Promise.php(62): GuzzleHttp\Promise\Promise->waitIfPending()
#14 E:\xampp73\htdocs\filecroco\loader\updatedownloadlink.php(95): GuzzleHttp\Promise\Promise->wait()
#15 {main}|50GuzzleHttp\Exception\RequestException: cURL error 56:  (see http://curl.haxx.se/libcurl/c/libcurl-errors.html) in E:\xampp73\htdocs\filecroco\loader\vendor\guzzlehttp\guzzle\src\Handler\CurlFactory.php:186
Stack trace:
#0 E:\xampp73\htdocs\filecroco\loader\vendor\guzzlehttp\guzzle\src\Handler\CurlFactory.php(149): GuzzleHttp\Handler\CurlFactory::createRejection(Object(GuzzleHttp\Handler\EasyHandle), Array)
#1 E:\xampp73\htdocs\filecroco\loader\vendor\guzzlehttp\guzzle\src\Handler\CurlFactory.php(102): GuzzleHttp\Handler\CurlFactory::finishError(Object(GuzzleHttp\Handler\CurlMultiHandler), Object(GuzzleHttp\Handler\EasyHandle), Object(GuzzleHttp\Handler\CurlFactory))
#2 E:\xampp73\htdocs\filecroco\loader\vendor\guzzlehttp\guzzle\src\Handler\CurlMultiHandler.php(181): GuzzleHttp\Handler\CurlFactory::finish(Object(GuzzleHttp\Handler\CurlMultiHandler), Object(GuzzleHttp\Handler\EasyHandle), Object(GuzzleHttp\Handler\CurlFactory))
#3 E:\xampp73\htdocs\filecroco\loader\vendor\guzzlehttp\guzzle\src\Handler\CurlMultiHandler.php(110): GuzzleHttp\Handler\CurlMultiHandler->processMessages()
#4 E:\xampp73\htdocs\filecroco\loader\vendor\guzzlehttp\guzzle\src\Handler\CurlMultiHandler.php(125): GuzzleHttp\Handler\CurlMultiHandler->tick()
#5 E:\xampp73\htdocs\filecroco\loader\vendor\guzzlehttp\promises\src\Promise.php(246): GuzzleHttp\Handler\CurlMultiHandler->execute(true)
#6 E:\xampp73\htdocs\filecroco\loader\vendor\guzzlehttp\promises\src\Promise.php(223): GuzzleHttp\Promise\Promise->invokeWaitFn()
#7 E:\xampp73\htdocs\filecroco\loader\vendor\guzzlehttp\promises\src\Promise.php(267): GuzzleHttp\Promise\Promise->waitIfPending()
#8 E:\xampp73\htdocs\filecroco\loader\vendor\guzzlehttp\promises\src\Promise.php(225): GuzzleHttp\Promise\Promise->invokeWaitList()
#9 E:\xampp73\htdocs\filecroco\loader\vendor\guzzlehttp\promises\src\Promise.php(62): GuzzleHttp\Promise\Promise->waitIfPending()
#10 E:\xampp73\htdocs\filecroco\loader\vendor\guzzlehttp\promises\src\EachPromise.php(101): GuzzleHttp\Promise\Promise->wait()
#11 E:\xampp73\htdocs\filecroco\loader\vendor\guzzlehttp\promises\src\Promise.php(246): GuzzleHttp\Promise\EachPromise->GuzzleHttp\Promise\{closure}(true)
#12 E:\xampp73\htdocs\filecroco\loader\vendor\guzzlehttp\promises\src\Promise.php(223): GuzzleHttp\Promise\Promise->invokeWaitFn()
#13 E:\xampp73\htdocs\filecroco\loader\vendor\guzzlehttp\promises\src\Promise.php(62): GuzzleHttp\Promise\Promise->waitIfPending()
#14 E:\xampp73\htdocs\filecroco\loader\updatedownloadlink.php(95): GuzzleHttp\Promise\Promise->wait()
#15 {main}|51GuzzleHttp\Exception\RequestException: cURL error 56:  (see http://curl.haxx.se/libcurl/c/libcurl-errors.html) in E:\xampp73\htdocs\filecroco\loader\vendor\guzzlehttp\guzzle\src\Handler\CurlFactory.php:186
Stack trace:
#0 E:\xampp73\htdocs\filecroco\loader\vendor\guzzlehttp\guzzle\src\Handler\CurlFactory.php(149): GuzzleHttp\Handler\CurlFactory::createRejection(Object(GuzzleHttp\Handler\EasyHandle), Array)
#1 E:\xampp73\htdocs\filecroco\loader\vendor\guzzlehttp\guzzle\src\Handler\CurlFactory.php(102): GuzzleHttp\Handler\CurlFactory::finishError(Object(GuzzleHttp\Handler\CurlMultiHandler), Object(GuzzleHttp\Handler\EasyHandle), Object(GuzzleHttp\Handler\CurlFactory))
#2 E:\xampp73\htdocs\filecroco\loader\vendor\guzzlehttp\guzzle\src\Handler\CurlMultiHandler.php(181): GuzzleHttp\Handler\CurlFactory::finish(Object(GuzzleHttp\Handler\CurlMultiHandler), Object(GuzzleHttp\Handler\EasyHandle), Object(GuzzleHttp\Handler\CurlFactory))
#3 E:\xampp73\htdocs\filecroco\loader\vendor\guzzlehttp\guzzle\src\Handler\CurlMultiHandler.php(110): GuzzleHttp\Handler\CurlMultiHandler->processMessages()
#4 E:\xampp73\htdocs\filecroco\loader\vendor\guzzlehttp\guzzle\src\Handler\CurlMultiHandler.php(125): GuzzleHttp\Handler\CurlMultiHandler->tick()
#5 E:\xampp73\htdocs\filecroco\loader\vendor\guzzlehttp\promises\src\Promise.php(246): GuzzleHttp\Handler\CurlMultiHandler->execute(true)
#6 E:\xampp73\htdocs\filecroco\loader\vendor\guzzlehttp\promises\src\Promise.php(223): GuzzleHttp\Promise\Promise->invokeWaitFn()
#7 E:\xampp73\htdocs\filecroco\loader\vendor\guzzlehttp\promises\src\Promise.php(267): GuzzleHttp\Promise\Promise->waitIfPending()
#8 E:\xampp73\htdocs\filecroco\loader\vendor\guzzlehttp\promises\src\Promise.php(225): GuzzleHttp\Promise\Promise->invokeWaitList()
#9 E:\xampp73\htdocs\filecroco\loader\vendor\guzzlehttp\promises\src\Promise.php(62): GuzzleHttp\Promise\Promise->waitIfPending()
#10 E:\xampp73\htdocs\filecroco\loader\vendor\guzzlehttp\promises\src\EachPromise.php(101): GuzzleHttp\Promise\Promise->wait()
#11 E:\xampp73\htdocs\filecroco\loader\vendor\guzzlehttp\promises\src\Promise.php(246): GuzzleHttp\Promise\EachPromise->GuzzleHttp\Promise\{closure}(true)
#12 E:\xampp73\htdocs\filecroco\loader\vendor\guzzlehttp\promises\src\Promise.php(223): GuzzleHttp\Promise\Promise->invokeWaitFn()
#13 E:\xampp73\htdocs\filecroco\loader\vendor\guzzlehttp\promises\src\Promise.php(62): GuzzleHttp\Promise\Promise->waitIfPending()
#14 E:\xampp73\htdocs\filecroco\loader\updatedownloadlink.php(95): GuzzleHttp\Promise\Promise->wait()
#15 {main}|52GuzzleHttp\Exception\RequestException: cURL error 56:  (see http://curl.haxx.se/libcurl/c/libcurl-errors.html) in E:\xampp73\htdocs\filecroco\loader\vendor\guzzlehttp\guzzle\src\Handler\CurlFactory.php:186
Stack trace:
#0 E:\xampp73\htdocs\filecroco\loader\vendor\guzzlehttp\guzzle\src\Handler\CurlFactory.php(149): GuzzleHttp\Handler\CurlFactory::createRejection(Object(GuzzleHttp\Handler\EasyHandle), Array)
#1 E:\xampp73\htdocs\filecroco\loader\vendor\guzzlehttp\guzzle\src\Handler\CurlFactory.php(102): GuzzleHttp\Handler\CurlFactory::finishError(Object(GuzzleHttp\Handler\CurlMultiHandler), Object(GuzzleHttp\Handler\EasyHandle), Object(GuzzleHttp\Handler\CurlFactory))
#2 E:\xampp73\htdocs\filecroco\loader\vendor\guzzlehttp\guzzle\src\Handler\CurlMultiHandler.php(181): GuzzleHttp\Handler\CurlFactory::finish(Object(GuzzleHttp\Handler\CurlMultiHandler), Object(GuzzleHttp\Handler\EasyHandle), Object(GuzzleHttp\Handler\CurlFactory))
#3 E:\xampp73\htdocs\filecroco\loader\vendor\guzzlehttp\guzzle\src\Handler\CurlMultiHandler.php(110): GuzzleHttp\Handler\CurlMultiHandler->processMessages()
#4 E:\xampp73\htdocs\filecroco\loader\vendor\guzzlehttp\guzzle\src\Handler\CurlMultiHandler.php(125): GuzzleHttp\Handler\CurlMultiHandler->tick()
#5 E:\xampp73\htdocs\filecroco\loader\vendor\guzzlehttp\promises\src\Promise.php(246): GuzzleHttp\Handler\CurlMultiHandler->execute(true)
#6 E:\xampp73\htdocs\filecroco\loader\vendor\guzzlehttp\promises\src\Promise.php(223): GuzzleHttp\Promise\Promise->invokeWaitFn()
#7 E:\xampp73\htdocs\filecroco\loader\vendor\guzzlehttp\promises\src\Promise.php(267): GuzzleHttp\Promise\Promise->waitIfPending()
#8 E:\xampp73\htdocs\filecroco\loader\vendor\guzzlehttp\promises\src\Promise.php(225): GuzzleHttp\Promise\Promise->invokeWaitList()
#9 E:\xampp73\htdocs\filecroco\loader\vendor\guzzlehttp\promises\src\Promise.php(62): GuzzleHttp\Promise\Promise->waitIfPending()
#10 E:\xampp73\htdocs\filecroco\loader\vendor\guzzlehttp\promises\src\EachPromise.php(101): GuzzleHttp\Promise\Promise->wait()
#11 E:\xampp73\htdocs\filecroco\loader\vendor\guzzlehttp\promises\src\Promise.php(246): GuzzleHttp\Promise\EachPromise->GuzzleHttp\Promise\{closure}(true)
#12 E:\xampp73\htdocs\filecroco\loader\vendor\guzzlehttp\promises\src\Promise.php(223): GuzzleHttp\Promise\Promise->invokeWaitFn()
#13 E:\xampp73\htdocs\filecroco\loader\vendor\guzzlehttp\promises\src\Promise.php(62): GuzzleHttp\Promise\Promise->waitIfPending()
#14 E:\xampp73\htdocs\filecroco\loader\updatedownloadlink.php(95): GuzzleHttp\Promise\Promise->wait()
#15 {main}|53GuzzleHttp\Exception\RequestException: cURL error 56:  (see http://curl.haxx.se/libcurl/c/libcurl-errors.html) in E:\xampp73\htdocs\filecroco\loader\vendor\guzzlehttp\guzzle\src\Handler\CurlFactory.php:186
Stack trace:
#0 E:\xampp73\htdocs\filecroco\loader\vendor\guzzlehttp\guzzle\src\Handler\CurlFactory.php(149): GuzzleHttp\Handler\CurlFactory::createRejection(Object(GuzzleHttp\Handler\EasyHandle), Array)
#1 E:\xampp73\htdocs\filecroco\loader\vendor\guzzlehttp\guzzle\src\Handler\CurlFactory.php(102): GuzzleHttp\Handler\CurlFactory::finishError(Object(GuzzleHttp\Handler\CurlMultiHandler), Object(GuzzleHttp\Handler\EasyHandle), Object(GuzzleHttp\Handler\CurlFactory))
#2 E:\xampp73\htdocs\filecroco\loader\vendor\guzzlehttp\guzzle\src\Handler\CurlMultiHandler.php(181): GuzzleHttp\Handler\CurlFactory::finish(Object(GuzzleHttp\Handler\CurlMultiHandler), Object(GuzzleHttp\Handler\EasyHandle), Object(GuzzleHttp\Handler\CurlFactory))
#3 E:\xampp73\htdocs\filecroco\loader\vendor\guzzlehttp\guzzle\src\Handler\CurlMultiHandler.php(110): GuzzleHttp\Handler\CurlMultiHandler->processMessages()
#4 E:\xampp73\htdocs\filecroco\loader\vendor\guzzlehttp\guzzle\src\Handler\CurlMultiHandler.php(125): GuzzleHttp\Handler\CurlMultiHandler->tick()
#5 E:\xampp73\htdocs\filecroco\loader\vendor\guzzlehttp\promises\src\Promise.php(246): GuzzleHttp\Handler\CurlMultiHandler->execute(true)
#6 E:\xampp73\htdocs\filecroco\loader\vendor\guzzlehttp\promises\src\Promise.php(223): GuzzleHttp\Promise\Promise->invokeWaitFn()
#7 E:\xampp73\htdocs\filecroco\loader\vendor\guzzlehttp\promises\src\Promise.php(267): GuzzleHttp\Promise\Promise->waitIfPending()
#8 E:\xampp73\htdocs\filecroco\loader\vendor\guzzlehttp\promises\src\Promise.php(225): GuzzleHttp\Promise\Promise->invokeWaitList()
#9 E:\xampp73\htdocs\filecroco\loader\vendor\guzzlehttp\promises\src\Promise.php(62): GuzzleHttp\Promise\Promise->waitIfPending()
#10 E:\xampp73\htdocs\filecroco\loader\vendor\guzzlehttp\promises\src\EachPromise.php(101): GuzzleHttp\Promise\Promise->wait()
#11 E:\xampp73\htdocs\filecroco\loader\vendor\guzzlehttp\promises\src\Promise.php(246): GuzzleHttp\Promise\EachPromise->GuzzleHttp\Promise\{closure}(true)
#12 E:\xampp73\htdocs\filecroco\loader\vendor\guzzlehttp\promises\src\Promise.php(223): GuzzleHttp\Promise\Promise->invokeWaitFn()
#13 E:\xampp73\htdocs\filecroco\loader\vendor\guzzlehttp\promises\src\Promise.php(62): GuzzleHttp\Promise\Promise->waitIfPending()
#14 E:\xampp73\htdocs\filecroco\loader\updatedownloadlink.php(95): GuzzleHttp\Promise\Promise->wait()
#15 {main}|54GuzzleHttp\Exception\RequestException: cURL error 56:  (see http://curl.haxx.se/libcurl/c/libcurl-errors.html) in E:\xampp73\htdocs\filecroco\loader\vendor\guzzlehttp\guzzle\src\Handler\CurlFactory.php:186
Stack trace:
#0 E:\xampp73\htdocs\filecroco\loader\vendor\guzzlehttp\guzzle\src\Handler\CurlFactory.php(149): GuzzleHttp\Handler\CurlFactory::createRejection(Object(GuzzleHttp\Handler\EasyHandle), Array)
#1 E:\xampp73\htdocs\filecroco\loader\vendor\guzzlehttp\guzzle\src\Handler\CurlFactory.php(102): GuzzleHttp\Handler\CurlFactory::finishError(Object(GuzzleHttp\Handler\CurlMultiHandler), Object(GuzzleHttp\Handler\EasyHandle), Object(GuzzleHttp\Handler\CurlFactory))
#2 E:\xampp73\htdocs\filecroco\loader\vendor\guzzlehttp\guzzle\src\Handler\CurlMultiHandler.php(181): GuzzleHttp\Handler\CurlFactory::finish(Object(GuzzleHttp\Handler\CurlMultiHandler), Object(GuzzleHttp\Handler\EasyHandle), Object(GuzzleHttp\Handler\CurlFactory))
#3 E:\xampp73\htdocs\filecroco\loader\vendor\guzzlehttp\guzzle\src\Handler\CurlMultiHandler.php(110): GuzzleHttp\Handler\CurlMultiHandler->processMessages()
#4 E:\xampp73\htdocs\filecroco\loader\vendor\guzzlehttp\guzzle\src\Handler\CurlMultiHandler.php(125): GuzzleHttp\Handler\CurlMultiHandler->tick()
#5 E:\xampp73\htdocs\filecroco\loader\vendor\guzzlehttp\promises\src\Promise.php(246): GuzzleHttp\Handler\CurlMultiHandler->execute(true)
#6 E:\xampp73\htdocs\filecroco\loader\vendor\guzzlehttp\promises\src\Promise.php(223): GuzzleHttp\Promise\Promise->invokeWaitFn()
#7 E:\xampp73\htdocs\filecroco\loader\vendor\guzzlehttp\promises\src\Promise.php(267): GuzzleHttp\Promise\Promise->waitIfPending()
#8 E:\xampp73\htdocs\filecroco\loader\vendor\guzzlehttp\promises\src\Promise.php(225): GuzzleHttp\Promise\Promise->invokeWaitList()
#9 E:\xampp73\htdocs\filecroco\loader\vendor\guzzlehttp\promises\src\Promise.php(62): GuzzleHttp\Promise\Promise->waitIfPending()
#10 E:\xampp73\htdocs\filecroco\loader\vendor\guzzlehttp\promises\src\EachPromise.php(101): GuzzleHttp\Promise\Promise->wait()
#11 E:\xampp73\htdocs\filecroco\loader\vendor\guzzlehttp\promises\src\Promise.php(246): GuzzleHttp\Promise\EachPromise->GuzzleHttp\Promise\{closure}(true)
#12 E:\xampp73\htdocs\filecroco\loader\vendor\guzzlehttp\promises\src\Promise.php(223): GuzzleHttp\Promise\Promise->invokeWaitFn()
#13 E:\xampp73\htdocs\filecroco\loader\vendor\guzzlehttp\promises\src\Promise.php(62): GuzzleHttp\Promise\Promise->waitIfPending()
#14 E:\xampp73\htdocs\filecroco\loader\updatedownloadlink.php(95): GuzzleHttp\Promise\Promise->wait()
#15 {main}|55GuzzleHttp\Exception\RequestException: cURL error 56:  (see http://curl.haxx.se/libcurl/c/libcurl-errors.html) in E:\xampp73\htdocs\filecroco\loader\vendor\guzzlehttp\guzzle\src\Handler\CurlFactory.php:186
Stack trace:
#0 E:\xampp73\htdocs\filecroco\loader\vendor\guzzlehttp\guzzle\src\Handler\CurlFactory.php(149): GuzzleHttp\Handler\CurlFactory::createRejection(Object(GuzzleHttp\Handler\EasyHandle), Array)
#1 E:\xampp73\htdocs\filecroco\loader\vendor\guzzlehttp\guzzle\src\Handler\CurlFactory.php(102): GuzzleHttp\Handler\CurlFactory::finishError(Object(GuzzleHttp\Handler\CurlMultiHandler), Object(GuzzleHttp\Handler\EasyHandle), Object(GuzzleHttp\Handler\CurlFactory))
#2 E:\xampp73\htdocs\filecroco\loader\vendor\guzzlehttp\guzzle\src\Handler\CurlMultiHandler.php(181): GuzzleHttp\Handler\CurlFactory::finish(Object(GuzzleHttp\Handler\CurlMultiHandler), Object(GuzzleHttp\Handler\EasyHandle), Object(GuzzleHttp\Handler\CurlFactory))
#3 E:\xampp73\htdocs\filecroco\loader\vendor\guzzlehttp\guzzle\src\Handler\CurlMultiHandler.php(110): GuzzleHttp\Handler\CurlMultiHandler->processMessages()
#4 E:\xampp73\htdocs\filecroco\loader\vendor\guzzlehttp\guzzle\src\Handler\CurlMultiHandler.php(125): GuzzleHttp\Handler\CurlMultiHandler->tick()
#5 E:\xampp73\htdocs\filecroco\loader\vendor\guzzlehttp\promises\src\Promise.php(246): GuzzleHttp\Handler\CurlMultiHandler->execute(true)
#6 E:\xampp73\htdocs\filecroco\loader\vendor\guzzlehttp\promises\src\Promise.php(223): GuzzleHttp\Promise\Promise->invokeWaitFn()
#7 E:\xampp73\htdocs\filecroco\loader\vendor\guzzlehttp\promises\src\Promise.php(267): GuzzleHttp\Promise\Promise->waitIfPending()
#8 E:\xampp73\htdocs\filecroco\loader\vendor\guzzlehttp\promises\src\Promise.php(225): GuzzleHttp\Promise\Promise->invokeWaitList()
#9 E:\xampp73\htdocs\filecroco\loader\vendor\guzzlehttp\promises\src\Promise.php(62): GuzzleHttp\Promise\Promise->waitIfPending()
#10 E:\xampp73\htdocs\filecroco\loader\vendor\guzzlehttp\promises\src\EachPromise.php(101): GuzzleHttp\Promise\Promise->wait()
#11 E:\xampp73\htdocs\filecroco\loader\vendor\guzzlehttp\promises\src\Promise.php(246): GuzzleHttp\Promise\EachPromise->GuzzleHttp\Promise\{closure}(true)
#12 E:\xampp73\htdocs\filecroco\loader\vendor\guzzlehttp\promises\src\Promise.php(223): GuzzleHttp\Promise\Promise->invokeWaitFn()
#13 E:\xampp73\htdocs\filecroco\loader\vendor\guzzlehttp\promises\src\Promise.php(62): GuzzleHttp\Promise\Promise->waitIfPending()
#14 E:\xampp73\htdocs\filecroco\loader\updatedownloadlink.php(95): GuzzleHttp\Promise\Promise->wait()
#15 {main}|56GuzzleHttp\Exception\RequestException: cURL error 56:  (see http://curl.haxx.se/libcurl/c/libcurl-errors.html) in E:\xampp73\htdocs\filecroco\loader\vendor\guzzlehttp\guzzle\src\Handler\CurlFactory.php:186
Stack trace:
#0 E:\xampp73\htdocs\filecroco\loader\vendor\guzzlehttp\guzzle\src\Handler\CurlFactory.php(149): GuzzleHttp\Handler\CurlFactory::createRejection(Object(GuzzleHttp\Handler\EasyHandle), Array)
#1 E:\xampp73\htdocs\filecroco\loader\vendor\guzzlehttp\guzzle\src\Handler\CurlFactory.php(102): GuzzleHttp\Handler\CurlFactory::finishError(Object(GuzzleHttp\Handler\CurlMultiHandler), Object(GuzzleHttp\Handler\EasyHandle), Object(GuzzleHttp\Handler\CurlFactory))
#2 E:\xampp73\htdocs\filecroco\loader\vendor\guzzlehttp\guzzle\src\Handler\CurlMultiHandler.php(181): GuzzleHttp\Handler\CurlFactory::finish(Object(GuzzleHttp\Handler\CurlMultiHandler), Object(GuzzleHttp\Handler\EasyHandle), Object(GuzzleHttp\Handler\CurlFactory))
#3 E:\xampp73\htdocs\filecroco\loader\vendor\guzzlehttp\guzzle\src\Handler\CurlMultiHandler.php(110): GuzzleHttp\Handler\CurlMultiHandler->processMessages()
#4 E:\xampp73\htdocs\filecroco\loader\vendor\guzzlehttp\guzzle\src\Handler\CurlMultiHandler.php(125): GuzzleHttp\Handler\CurlMultiHandler->tick()
#5 E:\xampp73\htdocs\filecroco\loader\vendor\guzzlehttp\promises\src\Promise.php(246): GuzzleHttp\Handler\CurlMultiHandler->execute(true)
#6 E:\xampp73\htdocs\filecroco\loader\vendor\guzzlehttp\promises\src\Promise.php(223): GuzzleHttp\Promise\Promise->invokeWaitFn()
#7 E:\xampp73\htdocs\filecroco\loader\vendor\guzzlehttp\promises\src\Promise.php(267): GuzzleHttp\Promise\Promise->waitIfPending()
#8 E:\xampp73\htdocs\filecroco\loader\vendor\guzzlehttp\promises\src\Promise.php(225): GuzzleHttp\Promise\Promise->invokeWaitList()
#9 E:\xampp73\htdocs\filecroco\loader\vendor\guzzlehttp\promises\src\Promise.php(62): GuzzleHttp\Promise\Promise->waitIfPending()
#10 E:\xampp73\htdocs\filecroco\loader\vendor\guzzlehttp\promises\src\EachPromise.php(101): GuzzleHttp\Promise\Promise->wait()
#11 E:\xampp73\htdocs\filecroco\loader\vendor\guzzlehttp\promises\src\Promise.php(246): GuzzleHttp\Promise\EachPromise->GuzzleHttp\Promise\{closure}(true)
#12 E:\xampp73\htdocs\filecroco\loader\vendor\guzzlehttp\promises\src\Promise.php(223): GuzzleHttp\Promise\Promise->invokeWaitFn()
#13 E:\xampp73\htdocs\filecroco\loader\vendor\guzzlehttp\promises\src\Promise.php(62): GuzzleHttp\Promise\Promise->waitIfPending()
#14 E:\xampp73\htdocs\filecroco\loader\updatedownloadlink.php(95): GuzzleHttp\Promise\Promise->wait()
#15 {main}|57GuzzleHttp\Exception\RequestException: cURL error 56:  (see http://curl.haxx.se/libcurl/c/libcurl-errors.html) in E:\xampp73\htdocs\filecroco\loader\vendor\guzzlehttp\guzzle\src\Handler\CurlFactory.php:186
Stack trace:
#0 E:\xampp73\htdocs\filecroco\loader\vendor\guzzlehttp\guzzle\src\Handler\CurlFactory.php(149): GuzzleHttp\Handler\CurlFactory::createRejection(Object(GuzzleHttp\Handler\EasyHandle), Array)
#1 E:\xampp73\htdocs\filecroco\loader\vendor\guzzlehttp\guzzle\src\Handler\CurlFactory.php(102): GuzzleHttp\Handler\CurlFactory::finishError(Object(GuzzleHttp\Handler\CurlMultiHandler), Object(GuzzleHttp\Handler\EasyHandle), Object(GuzzleHttp\Handler\CurlFactory))
#2 E:\xampp73\htdocs\filecroco\loader\vendor\guzzlehttp\guzzle\src\Handler\CurlMultiHandler.php(181): GuzzleHttp\Handler\CurlFactory::finish(Object(GuzzleHttp\Handler\CurlMultiHandler), Object(GuzzleHttp\Handler\EasyHandle), Object(GuzzleHttp\Handler\CurlFactory))
#3 E:\xampp73\htdocs\filecroco\loader\vendor\guzzlehttp\guzzle\src\Handler\CurlMultiHandler.php(110): GuzzleHttp\Handler\CurlMultiHandler->processMessages()
#4 E:\xampp73\htdocs\filecroco\loader\vendor\guzzlehttp\guzzle\src\Handler\CurlMultiHandler.php(125): GuzzleHttp\Handler\CurlMultiHandler->tick()
#5 E:\xampp73\htdocs\filecroco\loader\vendor\guzzlehttp\promises\src\Promise.php(246): GuzzleHttp\Handler\CurlMultiHandler->execute(true)
#6 E:\xampp73\htdocs\filecroco\loader\vendor\guzzlehttp\promises\src\Promise.php(223): GuzzleHttp\Promise\Promise->invokeWaitFn()
#7 E:\xampp73\htdocs\filecroco\loader\vendor\guzzlehttp\promises\src\Promise.php(267): GuzzleHttp\Promise\Promise->waitIfPending()
#8 E:\xampp73\htdocs\filecroco\loader\vendor\guzzlehttp\promises\src\Promise.php(225): GuzzleHttp\Promise\Promise->invokeWaitList()
#9 E:\xampp73\htdocs\filecroco\loader\vendor\guzzlehttp\promises\src\Promise.php(62): GuzzleHttp\Promise\Promise->waitIfPending()
#10 E:\xampp73\htdocs\filecroco\loader\vendor\guzzlehttp\promises\src\EachPromise.php(101): GuzzleHttp\Promise\Promise->wait()
#11 E:\xampp73\htdocs\filecroco\loader\vendor\guzzlehttp\promises\src\Promise.php(246): GuzzleHttp\Promise\EachPromise->GuzzleHttp\Promise\{closure}(true)
#12 E:\xampp73\htdocs\filecroco\loader\vendor\guzzlehttp\promises\src\Promise.php(223): GuzzleHttp\Promise\Promise->invokeWaitFn()
#13 E:\xampp73\htdocs\filecroco\loader\vendor\guzzlehttp\promises\src\Promise.php(62): GuzzleHttp\Promise\Promise->waitIfPending()
#14 E:\xampp73\htdocs\filecroco\loader\updatedownloadlink.php(95): GuzzleHttp\Promise\Promise->wait()
#15 {main}|58GuzzleHttp\Exception\RequestException: cURL error 56:  (see http://curl.haxx.se/libcurl/c/libcurl-errors.html) in E:\xampp73\htdocs\filecroco\loader\vendor\guzzlehttp\guzzle\src\Handler\CurlFactory.php:186
Stack trace:
#0 E:\xampp73\htdocs\filecroco\loader\vendor\guzzlehttp\guzzle\src\Handler\CurlFactory.php(149): GuzzleHttp\Handler\CurlFactory::createRejection(Object(GuzzleHttp\Handler\EasyHandle), Array)
#1 E:\xampp73\htdocs\filecroco\loader\vendor\guzzlehttp\guzzle\src\Handler\CurlFactory.php(102): GuzzleHttp\Handler\CurlFactory::finishError(Object(GuzzleHttp\Handler\CurlMultiHandler), Object(GuzzleHttp\Handler\EasyHandle), Object(GuzzleHttp\Handler\CurlFactory))
#2 E:\xampp73\htdocs\filecroco\loader\vendor\guzzlehttp\guzzle\src\Handler\CurlMultiHandler.php(181): GuzzleHttp\Handler\CurlFactory::finish(Object(GuzzleHttp\Handler\CurlMultiHandler), Object(GuzzleHttp\Handler\EasyHandle), Object(GuzzleHttp\Handler\CurlFactory))
#3 E:\xampp73\htdocs\filecroco\loader\vendor\guzzlehttp\guzzle\src\Handler\CurlMultiHandler.php(110): GuzzleHttp\Handler\CurlMultiHandler->processMessages()
#4 E:\xampp73\htdocs\filecroco\loader\vendor\guzzlehttp\guzzle\src\Handler\CurlMultiHandler.php(125): GuzzleHttp\Handler\CurlMultiHandler->tick()
#5 E:\xampp73\htdocs\filecroco\loader\vendor\guzzlehttp\promises\src\Promise.php(246): GuzzleHttp\Handler\CurlMultiHandler->execute(true)
#6 E:\xampp73\htdocs\filecroco\loader\vendor\guzzlehttp\promises\src\Promise.php(223): GuzzleHttp\Promise\Promise->invokeWaitFn()
#7 E:\xampp73\htdocs\filecroco\loader\vendor\guzzlehttp\promises\src\Promise.php(267): GuzzleHttp\Promise\Promise->waitIfPending()
#8 E:\xampp73\htdocs\filecroco\loader\vendor\guzzlehttp\promises\src\Promise.php(225): GuzzleHttp\Promise\Promise->invokeWaitList()
#9 E:\xampp73\htdocs\filecroco\loader\vendor\guzzlehttp\promises\src\Promise.php(62): GuzzleHttp\Promise\Promise->waitIfPending()
#10 E:\xampp73\htdocs\filecroco\loader\vendor\guzzlehttp\promises\src\EachPromise.php(101): GuzzleHttp\Promise\Promise->wait()
#11 E:\xampp73\htdocs\filecroco\loader\vendor\guzzlehttp\promises\src\Promise.php(246): GuzzleHttp\Promise\EachPromise->GuzzleHttp\Promise\{closure}(true)
#12 E:\xampp73\htdocs\filecroco\loader\vendor\guzzlehttp\promises\src\Promise.php(223): GuzzleHttp\Promise\Promise->invokeWaitFn()
#13 E:\xampp73\htdocs\filecroco\loader\vendor\guzzlehttp\promises\src\Promise.php(62): GuzzleHttp\Promise\Promise->waitIfPending()
#14 E:\xampp73\htdocs\filecroco\loader\updatedownloadlink.php(95): GuzzleHttp\Promise\Promise->wait()
#15 {main}|59GuzzleHttp\Exception\RequestException: cURL error 56:  (see http://curl.haxx.se/libcurl/c/libcurl-errors.html) in E:\xampp73\htdocs\filecroco\loader\vendor\guzzlehttp\guzzle\src\Handler\CurlFactory.php:186
Stack trace:
#0 E:\xampp73\htdocs\filecroco\loader\vendor\guzzlehttp\guzzle\src\Handler\CurlFactory.php(149): GuzzleHttp\Handler\CurlFactory::createRejection(Object(GuzzleHttp\Handler\EasyHandle), Array)
#1 E:\xampp73\htdocs\filecroco\loader\vendor\guzzlehttp\guzzle\src\Handler\CurlFactory.php(102): GuzzleHttp\Handler\CurlFactory::finishError(Object(GuzzleHttp\Handler\CurlMultiHandler), Object(GuzzleHttp\Handler\EasyHandle), Object(GuzzleHttp\Handler\CurlFactory))
#2 E:\xampp73\htdocs\filecroco\loader\vendor\guzzlehttp\guzzle\src\Handler\CurlMultiHandler.php(181): GuzzleHttp\Handler\CurlFactory::finish(Object(GuzzleHttp\Handler\CurlMultiHandler), Object(GuzzleHttp\Handler\EasyHandle), Object(GuzzleHttp\Handler\CurlFactory))
#3 E:\xampp73\htdocs\filecroco\loader\vendor\guzzlehttp\guzzle\src\Handler\CurlMultiHandler.php(110): GuzzleHttp\Handler\CurlMultiHandler->processMessages()
#4 E:\xampp73\htdocs\filecroco\loader\vendor\guzzlehttp\guzzle\src\Handler\CurlMultiHandler.php(125): GuzzleHttp\Handler\CurlMultiHandler->tick()
#5 E:\xampp73\htdocs\filecroco\loader\vendor\guzzlehttp\promises\src\Promise.php(246): GuzzleHttp\Handler\CurlMultiHandler->execute(true)
#6 E:\xampp73\htdocs\filecroco\loader\vendor\guzzlehttp\promises\src\Promise.php(223): GuzzleHttp\Promise\Promise->invokeWaitFn()
#7 E:\xampp73\htdocs\filecroco\loader\vendor\guzzlehttp\promises\src\Promise.php(267): GuzzleHttp\Promise\Promise->waitIfPending()
#8 E:\xampp73\htdocs\filecroco\loader\vendor\guzzlehttp\promises\src\Promise.php(225): GuzzleHttp\Promise\Promise->invokeWaitList()
#9 E:\xampp73\htdocs\filecroco\loader\vendor\guzzlehttp\promises\src\Promise.php(62): GuzzleHttp\Promise\Promise->waitIfPending()
#10 E:\xampp73\htdocs\filecroco\loader\vendor\guzzlehttp\promises\src\EachPromise.php(101): GuzzleHttp\Promise\Promise->wait()
#11 E:\xampp73\htdocs\filecroco\loader\vendor\guzzlehttp\promises\src\Promise.php(246): GuzzleHttp\Promise\EachPromise->GuzzleHttp\Promise\{closure}(true)
#12 E:\xampp73\htdocs\filecroco\loader\vendor\guzzlehttp\promises\src\Promise.php(223): GuzzleHttp\Promise\Promise->invokeWaitFn()
#13 E:\xampp73\htdocs\filecroco\loader\vendor\guzzlehttp\promises\src\Promise.php(62): GuzzleHttp\Promise\Promise->waitIfPending()
#14 E:\xampp73\htdocs\filecroco\loader\updatedownloadlink.php(95): GuzzleHttp\Promise\Promise->wait()
#15 {main}|60GuzzleHttp\Exception\RequestException: cURL error 56:  (see http://curl.haxx.se/libcurl/c/libcurl-errors.html) in E:\xampp73\htdocs\filecroco\loader\vendor\guzzlehttp\guzzle\src\Handler\CurlFactory.php:186
Stack trace:
#0 E:\xampp73\htdocs\filecroco\loader\vendor\guzzlehttp\guzzle\src\Handler\CurlFactory.php(149): GuzzleHttp\Handler\CurlFactory::createRejection(Object(GuzzleHttp\Handler\EasyHandle), Array)
#1 E:\xampp73\htdocs\filecroco\loader\vendor\guzzlehttp\guzzle\src\Handler\CurlFactory.php(102): GuzzleHttp\Handler\CurlFactory::finishError(Object(GuzzleHttp\Handler\CurlMultiHandler), Object(GuzzleHttp\Handler\EasyHandle), Object(GuzzleHttp\Handler\CurlFactory))
#2 E:\xampp73\htdocs\filecroco\loader\vendor\guzzlehttp\guzzle\src\Handler\CurlMultiHandler.php(181): GuzzleHttp\Handler\CurlFactory::finish(Object(GuzzleHttp\Handler\CurlMultiHandler), Object(GuzzleHttp\Handler\EasyHandle), Object(GuzzleHttp\Handler\CurlFactory))
#3 E:\xampp73\htdocs\filecroco\loader\vendor\guzzlehttp\guzzle\src\Handler\CurlMultiHandler.php(110): GuzzleHttp\Handler\CurlMultiHandler->processMessages()
#4 E:\xampp73\htdocs\filecroco\loader\vendor\guzzlehttp\guzzle\src\Handler\CurlMultiHandler.php(125): GuzzleHttp\Handler\CurlMultiHandler->tick()
#5 E:\xampp73\htdocs\filecroco\loader\vendor\guzzlehttp\promises\src\Promise.php(246): GuzzleHttp\Handler\CurlMultiHandler->execute(true)
#6 E:\xampp73\htdocs\filecroco\loader\vendor\guzzlehttp\promises\src\Promise.php(223): GuzzleHttp\Promise\Promise->invokeWaitFn()
#7 E:\xampp73\htdocs\filecroco\loader\vendor\guzzlehttp\promises\src\Promise.php(267): GuzzleHttp\Promise\Promise->waitIfPending()
#8 E:\xampp73\htdocs\filecroco\loader\vendor\guzzlehttp\promises\src\Promise.php(225): GuzzleHttp\Promise\Promise->invokeWaitList()
#9 E:\xampp73\htdocs\filecroco\loader\vendor\guzzlehttp\promises\src\Promise.php(62): GuzzleHttp\Promise\Promise->waitIfPending()
#10 E:\xampp73\htdocs\filecroco\loader\vendor\guzzlehttp\promises\src\EachPromise.php(101): GuzzleHttp\Promise\Promise->wait()
#11 E:\xampp73\htdocs\filecroco\loader\vendor\guzzlehttp\promises\src\Promise.php(246): GuzzleHttp\Promise\EachPromise->GuzzleHttp\Promise\{closure}(true)
#12 E:\xampp73\htdocs\filecroco\loader\vendor\guzzlehttp\promises\src\Promise.php(223): GuzzleHttp\Promise\Promise->invokeWaitFn()
#13 E:\xampp73\htdocs\filecroco\loader\vendor\guzzlehttp\promises\src\Promise.php(62): GuzzleHttp\Promise\Promise->waitIfPending()
#14 E:\xampp73\htdocs\filecroco\loader\updatedownloadlink.php(95): GuzzleHttp\Promise\Promise->wait()
#15 {main}|61GuzzleHttp\Exception\RequestException: cURL error 56:  (see http://curl.haxx.se/libcurl/c/libcurl-errors.html) in E:\xampp73\htdocs\filecroco\loader\vendor\guzzlehttp\guzzle\src\Handler\CurlFactory.php:186
Stack trace:
#0 E:\xampp73\htdocs\filecroco\loader\vendor\guzzlehttp\guzzle\src\Handler\CurlFactory.php(149): GuzzleHttp\Handler\CurlFactory::createRejection(Object(GuzzleHttp\Handler\EasyHandle), Array)
#1 E:\xampp73\htdocs\filecroco\loader\vendor\guzzlehttp\guzzle\src\Handler\CurlFactory.php(102): GuzzleHttp\Handler\CurlFactory::finishError(Object(GuzzleHttp\Handler\CurlMultiHandler), Object(GuzzleHttp\Handler\EasyHandle), Object(GuzzleHttp\Handler\CurlFactory))
#2 E:\xampp73\htdocs\filecroco\loader\vendor\guzzlehttp\guzzle\src\Handler\CurlMultiHandler.php(181): GuzzleHttp\Handler\CurlFactory::finish(Object(GuzzleHttp\Handler\CurlMultiHandler), Object(GuzzleHttp\Handler\EasyHandle), Object(GuzzleHttp\Handler\CurlFactory))
#3 E:\xampp73\htdocs\filecroco\loader\vendor\guzzlehttp\guzzle\src\Handler\CurlMultiHandler.php(110): GuzzleHttp\Handler\CurlMultiHandler->processMessages()
#4 E:\xampp73\htdocs\filecroco\loader\vendor\guzzlehttp\guzzle\src\Handler\CurlMultiHandler.php(125): GuzzleHttp\Handler\CurlMultiHandler->tick()
#5 E:\xampp73\htdocs\filecroco\loader\vendor\guzzlehttp\promises\src\Promise.php(246): GuzzleHttp\Handler\CurlMultiHandler->execute(true)
#6 E:\xampp73\htdocs\filecroco\loader\vendor\guzzlehttp\promises\src\Promise.php(223): GuzzleHttp\Promise\Promise->invokeWaitFn()
#7 E:\xampp73\htdocs\filecroco\loader\vendor\guzzlehttp\promises\src\Promise.php(267): GuzzleHttp\Promise\Promise->waitIfPending()
#8 E:\xampp73\htdocs\filecroco\loader\vendor\guzzlehttp\promises\src\Promise.php(225): GuzzleHttp\Promise\Promise->invokeWaitList()
#9 E:\xampp73\htdocs\filecroco\loader\vendor\guzzlehttp\promises\src\Promise.php(62): GuzzleHttp\Promise\Promise->waitIfPending()
#10 E:\xampp73\htdocs\filecroco\loader\vendor\guzzlehttp\promises\src\EachPromise.php(101): GuzzleHttp\Promise\Promise->wait()
#11 E:\xampp73\htdocs\filecroco\loader\vendor\guzzlehttp\promises\src\Promise.php(246): GuzzleHttp\Promise\EachPromise->GuzzleHttp\Promise\{closure}(true)
#12 E:\xampp73\htdocs\filecroco\loader\vendor\guzzlehttp\promises\src\Promise.php(223): GuzzleHttp\Promise\Promise->invokeWaitFn()
#13 E:\xampp73\htdocs\filecroco\loader\vendor\guzzlehttp\promises\src\Promise.php(62): GuzzleHttp\Promise\Promise->waitIfPending()
#14 E:\xampp73\htdocs\filecroco\loader\updatedownloadlink.php(95): GuzzleHttp\Promise\Promise->wait()
#15 {main}|62GuzzleHttp\Exception\RequestException: cURL error 56:  (see http://curl.haxx.se/libcurl/c/libcurl-errors.html) in E:\xampp73\htdocs\filecroco\loader\vendor\guzzlehttp\guzzle\src\Handler\CurlFactory.php:186
Stack trace:
#0 E:\xampp73\htdocs\filecroco\loader\vendor\guzzlehttp\guzzle\src\Handler\CurlFactory.php(149): GuzzleHttp\Handler\CurlFactory::createRejection(Object(GuzzleHttp\Handler\EasyHandle), Array)
#1 E:\xampp73\htdocs\filecroco\loader\vendor\guzzlehttp\guzzle\src\Handler\CurlFactory.php(102): GuzzleHttp\Handler\CurlFactory::finishError(Object(GuzzleHttp\Handler\CurlMultiHandler), Object(GuzzleHttp\Handler\EasyHandle), Object(GuzzleHttp\Handler\CurlFactory))
#2 E:\xampp73\htdocs\filecroco\loader\vendor\guzzlehttp\guzzle\src\Handler\CurlMultiHandler.php(181): GuzzleHttp\Handler\CurlFactory::finish(Object(GuzzleHttp\Handler\CurlMultiHandler), Object(GuzzleHttp\Handler\EasyHandle), Object(GuzzleHttp\Handler\CurlFactory))
#3 E:\xampp73\htdocs\filecroco\loader\vendor\guzzlehttp\guzzle\src\Handler\CurlMultiHandler.php(110): GuzzleHttp\Handler\CurlMultiHandler->processMessages()
#4 E:\xampp73\htdocs\filecroco\loader\vendor\guzzlehttp\guzzle\src\Handler\CurlMultiHandler.php(125): GuzzleHttp\Handler\CurlMultiHandler->tick()
#5 E:\xampp73\htdocs\filecroco\loader\vendor\guzzlehttp\promises\src\Promise.php(246): GuzzleHttp\Handler\CurlMultiHandler->execute(true)
#6 E:\xampp73\htdocs\filecroco\loader\vendor\guzzlehttp\promises\src\Promise.php(223): GuzzleHttp\Promise\Promise->invokeWaitFn()
#7 E:\xampp73\htdocs\filecroco\loader\vendor\guzzlehttp\promises\src\Promise.php(267): GuzzleHttp\Promise\Promise->waitIfPending()
#8 E:\xampp73\htdocs\filecroco\loader\vendor\guzzlehttp\promises\src\Promise.php(225): GuzzleHttp\Promise\Promise->invokeWaitList()
#9 E:\xampp73\htdocs\filecroco\loader\vendor\guzzlehttp\promises\src\Promise.php(62): GuzzleHttp\Promise\Promise->waitIfPending()
#10 E:\xampp73\htdocs\filecroco\loader\vendor\guzzlehttp\promises\src\EachPromise.php(101): GuzzleHttp\Promise\Promise->wait()
#11 E:\xampp73\htdocs\filecroco\loader\vendor\guzzlehttp\promises\src\Promise.php(246): GuzzleHttp\Promise\EachPromise->GuzzleHttp\Promise\{closure}(true)
#12 E:\xampp73\htdocs\filecroco\loader\vendor\guzzlehttp\promises\src\Promise.php(223): GuzzleHttp\Promise\Promise->invokeWaitFn()
#13 E:\xampp73\htdocs\filecroco\loader\vendor\guzzlehttp\promises\src\Promise.php(62): GuzzleHttp\Promise\Promise->waitIfPending()
#14 E:\xampp73\htdocs\filecroco\loader\updatedownloadlink.php(95): GuzzleHttp\Promise\Promise->wait()
#15 {main}|63GuzzleHttp\Exception\RequestException: cURL error 56:  (see http://curl.haxx.se/libcurl/c/libcurl-errors.html) in E:\xampp73\htdocs\filecroco\loader\vendor\guzzlehttp\guzzle\src\Handler\CurlFactory.php:186
Stack trace:
#0 E:\xampp73\htdocs\filecroco\loader\vendor\guzzlehttp\guzzle\src\Handler\CurlFactory.php(149): GuzzleHttp\Handler\CurlFactory::createRejection(Object(GuzzleHttp\Handler\EasyHandle), Array)
#1 E:\xampp73\htdocs\filecroco\loader\vendor\guzzlehttp\guzzle\src\Handler\CurlFactory.php(102): GuzzleHttp\Handler\CurlFactory::finishError(Object(GuzzleHttp\Handler\CurlMultiHandler), Object(GuzzleHttp\Handler\EasyHandle), Object(GuzzleHttp\Handler\CurlFactory))
#2 E:\xampp73\htdocs\filecroco\loader\vendor\guzzlehttp\guzzle\src\Handler\CurlMultiHandler.php(181): GuzzleHttp\Handler\CurlFactory::finish(Object(GuzzleHttp\Handler\CurlMultiHandler), Object(GuzzleHttp\Handler\EasyHandle), Object(GuzzleHttp\Handler\CurlFactory))
#3 E:\xampp73\htdocs\filecroco\loader\vendor\guzzlehttp\guzzle\src\Handler\CurlMultiHandler.php(110): GuzzleHttp\Handler\CurlMultiHandler->processMessages()
#4 E:\xampp73\htdocs\filecroco\loader\vendor\guzzlehttp\guzzle\src\Handler\CurlMultiHandler.php(125): GuzzleHttp\Handler\CurlMultiHandler->tick()
#5 E:\xampp73\htdocs\filecroco\loader\vendor\guzzlehttp\promises\src\Promise.php(246): GuzzleHttp\Handler\CurlMultiHandler->execute(true)
#6 E:\xampp73\htdocs\filecroco\loader\vendor\guzzlehttp\promises\src\Promise.php(223): GuzzleHttp\Promise\Promise->invokeWaitFn()
#7 E:\xampp73\htdocs\filecroco\loader\vendor\guzzlehttp\promises\src\Promise.php(267): GuzzleHttp\Promise\Promise->waitIfPending()
#8 E:\xampp73\htdocs\filecroco\loader\vendor\guzzlehttp\promises\src\Promise.php(225): GuzzleHttp\Promise\Promise->invokeWaitList()
#9 E:\xampp73\htdocs\filecroco\loader\vendor\guzzlehttp\promises\src\Promise.php(62): GuzzleHttp\Promise\Promise->waitIfPending()
#10 E:\xampp73\htdocs\filecroco\loader\vendor\guzzlehttp\promises\src\EachPromise.php(101): GuzzleHttp\Promise\Promise->wait()
#11 E:\xampp73\htdocs\filecroco\loader\vendor\guzzlehttp\promises\src\Promise.php(246): GuzzleHttp\Promise\EachPromise->GuzzleHttp\Promise\{closure}(true)
#12 E:\xampp73\htdocs\filecroco\loader\vendor\guzzlehttp\promises\src\Promise.php(223): GuzzleHttp\Promise\Promise->invokeWaitFn()
#13 E:\xampp73\htdocs\filecroco\loader\vendor\guzzlehttp\promises\src\Promise.php(62): GuzzleHttp\Promise\Promise->waitIfPending()
#14 E:\xampp73\htdocs\filecroco\loader\updatedownloadlink.php(95): GuzzleHttp\Promise\Promise->wait()
#15 {main}|64GuzzleHttp\Exception\RequestException: cURL error 56:  (see http://curl.haxx.se/libcurl/c/libcurl-errors.html) in E:\xampp73\htdocs\filecroco\loader\vendor\guzzlehttp\guzzle\src\Handler\CurlFactory.php:186
Stack trace:
#0 E:\xampp73\htdocs\filecroco\loader\vendor\guzzlehttp\guzzle\src\Handler\CurlFactory.php(149): GuzzleHttp\Handler\CurlFactory::createRejection(Object(GuzzleHttp\Handler\EasyHandle), Array)
#1 E:\xampp73\htdocs\filecroco\loader\vendor\guzzlehttp\guzzle\src\Handler\CurlFactory.php(102): GuzzleHttp\Handler\CurlFactory::finishError(Object(GuzzleHttp\Handler\CurlMultiHandler), Object(GuzzleHttp\Handler\EasyHandle), Object(GuzzleHttp\Handler\CurlFactory))
#2 E:\xampp73\htdocs\filecroco\loader\vendor\guzzlehttp\guzzle\src\Handler\CurlMultiHandler.php(181): GuzzleHttp\Handler\CurlFactory::finish(Object(GuzzleHttp\Handler\CurlMultiHandler), Object(GuzzleHttp\Handler\EasyHandle), Object(GuzzleHttp\Handler\CurlFactory))
#3 E:\xampp73\htdocs\filecroco\loader\vendor\guzzlehttp\guzzle\src\Handler\CurlMultiHandler.php(110): GuzzleHttp\Handler\CurlMultiHandler->processMessages()
#4 E:\xampp73\htdocs\filecroco\loader\vendor\guzzlehttp\guzzle\src\Handler\CurlMultiHandler.php(125): GuzzleHttp\Handler\CurlMultiHandler->tick()
#5 E:\xampp73\htdocs\filecroco\loader\vendor\guzzlehttp\promises\src\Promise.php(246): GuzzleHttp\Handler\CurlMultiHandler->execute(true)
#6 E:\xampp73\htdocs\filecroco\loader\vendor\guzzlehttp\promises\src\Promise.php(223): GuzzleHttp\Promise\Promise->invokeWaitFn()
#7 E:\xampp73\htdocs\filecroco\loader\vendor\guzzlehttp\promises\src\Promise.php(267): GuzzleHttp\Promise\Promise->waitIfPending()
#8 E:\xampp73\htdocs\filecroco\loader\vendor\guzzlehttp\promises\src\Promise.php(225): GuzzleHttp\Promise\Promise->invokeWaitList()
#9 E:\xampp73\htdocs\filecroco\loader\vendor\guzzlehttp\promises\src\Promise.php(62): GuzzleHttp\Promise\Promise->waitIfPending()
#10 E:\xampp73\htdocs\filecroco\loader\vendor\guzzlehttp\promises\src\EachPromise.php(101): GuzzleHttp\Promise\Promise->wait()
#11 E:\xampp73\htdocs\filecroco\loader\vendor\guzzlehttp\promises\src\Promise.php(246): GuzzleHttp\Promise\EachPromise->GuzzleHttp\Promise\{closure}(true)
#12 E:\xampp73\htdocs\filecroco\loader\vendor\guzzlehttp\promises\src\Promise.php(223): GuzzleHttp\Promise\Promise->invokeWaitFn()
#13 E:\xampp73\htdocs\filecroco\loader\vendor\guzzlehttp\promises\src\Promise.php(62): GuzzleHttp\Promise\Promise->waitIfPending()
#14 E:\xampp73\htdocs\filecroco\loader\updatedownloadlink.php(95): GuzzleHttp\Promise\Promise->wait()
#15 {main}|65GuzzleHttp\Exception\RequestException: cURL error 56:  (see http://curl.haxx.se/libcurl/c/libcurl-errors.html) in E:\xampp73\htdocs\filecroco\loader\vendor\guzzlehttp\guzzle\src\Handler\CurlFactory.php:186
Stack trace:
#0 E:\xampp73\htdocs\filecroco\loader\vendor\guzzlehttp\guzzle\src\Handler\CurlFactory.php(149): GuzzleHttp\Handler\CurlFactory::createRejection(Object(GuzzleHttp\Handler\EasyHandle), Array)
#1 E:\xampp73\htdocs\filecroco\loader\vendor\guzzlehttp\guzzle\src\Handler\CurlFactory.php(102): GuzzleHttp\Handler\CurlFactory::finishError(Object(GuzzleHttp\Handler\CurlMultiHandler), Object(GuzzleHttp\Handler\EasyHandle), Object(GuzzleHttp\Handler\CurlFactory))
#2 E:\xampp73\htdocs\filecroco\loader\vendor\guzzlehttp\guzzle\src\Handler\CurlMultiHandler.php(181): GuzzleHttp\Handler\CurlFactory::finish(Object(GuzzleHttp\Handler\CurlMultiHandler), Object(GuzzleHttp\Handler\EasyHandle), Object(GuzzleHttp\Handler\CurlFactory))
#3 E:\xampp73\htdocs\filecroco\loader\vendor\guzzlehttp\guzzle\src\Handler\CurlMultiHandler.php(110): GuzzleHttp\Handler\CurlMultiHandler->processMessages()
#4 E:\xampp73\htdocs\filecroco\loader\vendor\guzzlehttp\guzzle\src\Handler\CurlMultiHandler.php(125): GuzzleHttp\Handler\CurlMultiHandler->tick()
#5 E:\xampp73\htdocs\filecroco\loader\vendor\guzzlehttp\promises\src\Promise.php(246): GuzzleHttp\Handler\CurlMultiHandler->execute(true)
#6 E:\xampp73\htdocs\filecroco\loader\vendor\guzzlehttp\promises\src\Promise.php(223): GuzzleHttp\Promise\Promise->invokeWaitFn()
#7 E:\xampp73\htdocs\filecroco\loader\vendor\guzzlehttp\promises\src\Promise.php(267): GuzzleHttp\Promise\Promise->waitIfPending()
#8 E:\xampp73\htdocs\filecroco\loader\vendor\guzzlehttp\promises\src\Promise.php(225): GuzzleHttp\Promise\Promise->invokeWaitList()
#9 E:\xampp73\htdocs\filecroco\loader\vendor\guzzlehttp\promises\src\Promise.php(62): GuzzleHttp\Promise\Promise->waitIfPending()
#10 E:\xampp73\htdocs\filecroco\loader\vendor\guzzlehttp\promises\src\EachPromise.php(101): GuzzleHttp\Promise\Promise->wait()
#11 E:\xampp73\htdocs\filecroco\loader\vendor\guzzlehttp\promises\src\Promise.php(246): GuzzleHttp\Promise\EachPromise->GuzzleHttp\Promise\{closure}(true)
#12 E:\xampp73\htdocs\filecroco\loader\vendor\guzzlehttp\promises\src\Promise.php(223): GuzzleHttp\Promise\Promise->invokeWaitFn()
#13 E:\xampp73\htdocs\filecroco\loader\vendor\guzzlehttp\promises\src\Promise.php(62): GuzzleHttp\Promise\Promise->waitIfPending()
#14 E:\xampp73\htdocs\filecroco\loader\updatedownloadlink.php(95): GuzzleHttp\Promise\Promise->wait()
#15 {main}|66GuzzleHttp\Exception\RequestException: cURL error 56:  (see http://curl.haxx.se/libcurl/c/libcurl-errors.html) in E:\xampp73\htdocs\filecroco\loader\vendor\guzzlehttp\guzzle\src\Handler\CurlFactory.php:186
Stack trace:
#0 E:\xampp73\htdocs\filecroco\loader\vendor\guzzlehttp\guzzle\src\Handler\CurlFactory.php(149): GuzzleHttp\Handler\CurlFactory::createRejection(Object(GuzzleHttp\Handler\EasyHandle), Array)
#1 E:\xampp73\htdocs\filecroco\loader\vendor\guzzlehttp\guzzle\src\Handler\CurlFactory.php(102): GuzzleHttp\Handler\CurlFactory::finishError(Object(GuzzleHttp\Handler\CurlMultiHandler), Object(GuzzleHttp\Handler\EasyHandle), Object(GuzzleHttp\Handler\CurlFactory))
#2 E:\xampp73\htdocs\filecroco\loader\vendor\guzzlehttp\guzzle\src\Handler\CurlMultiHandler.php(181): GuzzleHttp\Handler\CurlFactory::finish(Object(GuzzleHttp\Handler\CurlMultiHandler), Object(GuzzleHttp\Handler\EasyHandle), Object(GuzzleHttp\Handler\CurlFactory))
#3 E:\xampp73\htdocs\filecroco\loader\vendor\guzzlehttp\guzzle\src\Handler\CurlMultiHandler.php(110): GuzzleHttp\Handler\CurlMultiHandler->processMessages()
#4 E:\xampp73\htdocs\filecroco\loader\vendor\guzzlehttp\guzzle\src\Handler\CurlMultiHandler.php(125): GuzzleHttp\Handler\CurlMultiHandler->tick()
#5 E:\xampp73\htdocs\filecroco\loader\vendor\guzzlehttp\promises\src\Promise.php(246): GuzzleHttp\Handler\CurlMultiHandler->execute(true)
#6 E:\xampp73\htdocs\filecroco\loader\vendor\guzzlehttp\promises\src\Promise.php(223): GuzzleHttp\Promise\Promise->invokeWaitFn()
#7 E:\xampp73\htdocs\filecroco\loader\vendor\guzzlehttp\promises\src\Promise.php(267): GuzzleHttp\Promise\Promise->waitIfPending()
#8 E:\xampp73\htdocs\filecroco\loader\vendor\guzzlehttp\promises\src\Promise.php(225): GuzzleHttp\Promise\Promise->invokeWaitList()
#9 E:\xampp73\htdocs\filecroco\loader\vendor\guzzlehttp\promises\src\Promise.php(62): GuzzleHttp\Promise\Promise->waitIfPending()
#10 E:\xampp73\htdocs\filecroco\loader\vendor\guzzlehttp\promises\src\EachPromise.php(101): GuzzleHttp\Promise\Promise->wait()
#11 E:\xampp73\htdocs\filecroco\loader\vendor\guzzlehttp\promises\src\Promise.php(246): GuzzleHttp\Promise\EachPromise->GuzzleHttp\Promise\{closure}(true)
#12 E:\xampp73\htdocs\filecroco\loader\vendor\guzzlehttp\promises\src\Promise.php(223): GuzzleHttp\Promise\Promise->invokeWaitFn()
#13 E:\xampp73\htdocs\filecroco\loader\vendor\guzzlehttp\promises\src\Promise.php(62): GuzzleHttp\Promise\Promise->waitIfPending()
#14 E:\xampp73\htdocs\filecroco\loader\updatedownloadlink.php(95): GuzzleHttp\Promise\Promise->wait()
#15 {main}|67GuzzleHttp\Exception\RequestException: cURL error 56:  (see http://curl.haxx.se/libcurl/c/libcurl-errors.html) in E:\xampp73\htdocs\filecroco\loader\vendor\guzzlehttp\guzzle\src\Handler\CurlFactory.php:186
Stack trace:
#0 E:\xampp73\htdocs\filecroco\loader\vendor\guzzlehttp\guzzle\src\Handler\CurlFactory.php(149): GuzzleHttp\Handler\CurlFactory::createRejection(Object(GuzzleHttp\Handler\EasyHandle), Array)
#1 E:\xampp73\htdocs\filecroco\loader\vendor\guzzlehttp\guzzle\src\Handler\CurlFactory.php(102): GuzzleHttp\Handler\CurlFactory::finishError(Object(GuzzleHttp\Handler\CurlMultiHandler), Object(GuzzleHttp\Handler\EasyHandle), Object(GuzzleHttp\Handler\CurlFactory))
#2 E:\xampp73\htdocs\filecroco\loader\vendor\guzzlehttp\guzzle\src\Handler\CurlMultiHandler.php(181): GuzzleHttp\Handler\CurlFactory::finish(Object(GuzzleHttp\Handler\CurlMultiHandler), Object(GuzzleHttp\Handler\EasyHandle), Object(GuzzleHttp\Handler\CurlFactory))
#3 E:\xampp73\htdocs\filecroco\loader\vendor\guzzlehttp\guzzle\src\Handler\CurlMultiHandler.php(110): GuzzleHttp\Handler\CurlMultiHandler->processMessages()
#4 E:\xampp73\htdocs\filecroco\loader\vendor\guzzlehttp\guzzle\src\Handler\CurlMultiHandler.php(125): GuzzleHttp\Handler\CurlMultiHandler->tick()
#5 E:\xampp73\htdocs\filecroco\loader\vendor\guzzlehttp\promises\src\Promise.php(246): GuzzleHttp\Handler\CurlMultiHandler->execute(true)
#6 E:\xampp73\htdocs\filecroco\loader\vendor\guzzlehttp\promises\src\Promise.php(223): GuzzleHttp\Promise\Promise->invokeWaitFn()
#7 E:\xampp73\htdocs\filecroco\loader\vendor\guzzlehttp\promises\src\Promise.php(267): GuzzleHttp\Promise\Promise->waitIfPending()
#8 E:\xampp73\htdocs\filecroco\loader\vendor\guzzlehttp\promises\src\Promise.php(225): GuzzleHttp\Promise\Promise->invokeWaitList()
#9 E:\xampp73\htdocs\filecroco\loader\vendor\guzzlehttp\promises\src\Promise.php(62): GuzzleHttp\Promise\Promise->waitIfPending()
#10 E:\xampp73\htdocs\filecroco\loader\vendor\guzzlehttp\promises\src\EachPromise.php(101): GuzzleHttp\Promise\Promise->wait()
#11 E:\xampp73\htdocs\filecroco\loader\vendor\guzzlehttp\promises\src\Promise.php(246): GuzzleHttp\Promise\EachPromise->GuzzleHttp\Promise\{closure}(true)
#12 E:\xampp73\htdocs\filecroco\loader\vendor\guzzlehttp\promises\src\Promise.php(223): GuzzleHttp\Promise\Promise->invokeWaitFn()
#13 E:\xampp73\htdocs\filecroco\loader\vendor\guzzlehttp\promises\src\Promise.php(62): GuzzleHttp\Promise\Promise->waitIfPending()
#14 E:\xampp73\htdocs\filecroco\loader\updatedownloadlink.php(95): GuzzleHttp\Promise\Promise->wait()
#15 {main}|68GuzzleHttp\Exception\RequestException: cURL error 56:  (see http://curl.haxx.se/libcurl/c/libcurl-errors.html) in E:\xampp73\htdocs\filecroco\loader\vendor\guzzlehttp\guzzle\src\Handler\CurlFactory.php:186
Stack trace:
#0 E:\xampp73\htdocs\filecroco\loader\vendor\guzzlehttp\guzzle\src\Handler\CurlFactory.php(149): GuzzleHttp\Handler\CurlFactory::createRejection(Object(GuzzleHttp\Handler\EasyHandle), Array)
#1 E:\xampp73\htdocs\filecroco\loader\vendor\guzzlehttp\guzzle\src\Handler\CurlFactory.php(102): GuzzleHttp\Handler\CurlFactory::finishError(Object(GuzzleHttp\Handler\CurlMultiHandler), Object(GuzzleHttp\Handler\EasyHandle), Object(GuzzleHttp\Handler\CurlFactory))
#2 E:\xampp73\htdocs\filecroco\loader\vendor\guzzlehttp\guzzle\src\Handler\CurlMultiHandler.php(181): GuzzleHttp\Handler\CurlFactory::finish(Object(GuzzleHttp\Handler\CurlMultiHandler), Object(GuzzleHttp\Handler\EasyHandle), Object(GuzzleHttp\Handler\CurlFactory))
#3 E:\xampp73\htdocs\filecroco\loader\vendor\guzzlehttp\guzzle\src\Handler\CurlMultiHandler.php(110): GuzzleHttp\Handler\CurlMultiHandler->processMessages()
#4 E:\xampp73\htdocs\filecroco\loader\vendor\guzzlehttp\guzzle\src\Handler\CurlMultiHandler.php(125): GuzzleHttp\Handler\CurlMultiHandler->tick()
#5 E:\xampp73\htdocs\filecroco\loader\vendor\guzzlehttp\promises\src\Promise.php(246): GuzzleHttp\Handler\CurlMultiHandler->execute(true)
#6 E:\xampp73\htdocs\filecroco\loader\vendor\guzzlehttp\promises\src\Promise.php(223): GuzzleHttp\Promise\Promise->invokeWaitFn()
#7 E:\xampp73\htdocs\filecroco\loader\vendor\guzzlehttp\promises\src\Promise.php(267): GuzzleHttp\Promise\Promise->waitIfPending()
#8 E:\xampp73\htdocs\filecroco\loader\vendor\guzzlehttp\promises\src\Promise.php(225): GuzzleHttp\Promise\Promise->invokeWaitList()
#9 E:\xampp73\htdocs\filecroco\loader\vendor\guzzlehttp\promises\src\Promise.php(62): GuzzleHttp\Promise\Promise->waitIfPending()
#10 E:\xampp73\htdocs\filecroco\loader\vendor\guzzlehttp\promises\src\EachPromise.php(101): GuzzleHttp\Promise\Promise->wait()
#11 E:\xampp73\htdocs\filecroco\loader\vendor\guzzlehttp\promises\src\Promise.php(246): GuzzleHttp\Promise\EachPromise->GuzzleHttp\Promise\{closure}(true)
#12 E:\xampp73\htdocs\filecroco\loader\vendor\guzzlehttp\promises\src\Promise.php(223): GuzzleHttp\Promise\Promise->invokeWaitFn()
#13 E:\xampp73\htdocs\filecroco\loader\vendor\guzzlehttp\promises\src\Promise.php(62): GuzzleHttp\Promise\Promise->waitIfPending()
#14 E:\xampp73\htdocs\filecroco\loader\updatedownloadlink.php(95): GuzzleHttp\Promise\Promise->wait()
#15 {main}|69GuzzleHttp\Exception\RequestException: cURL error 56:  (see http://curl.haxx.se/libcurl/c/libcurl-errors.html) in E:\xampp73\htdocs\filecroco\loader\vendor\guzzlehttp\guzzle\src\Handler\CurlFactory.php:186
Stack trace:
#0 E:\xampp73\htdocs\filecroco\loader\vendor\guzzlehttp\guzzle\src\Handler\CurlFactory.php(149): GuzzleHttp\Handler\CurlFactory::createRejection(Object(GuzzleHttp\Handler\EasyHandle), Array)
#1 E:\xampp73\htdocs\filecroco\loader\vendor\guzzlehttp\guzzle\src\Handler\CurlFactory.php(102): GuzzleHttp\Handler\CurlFactory::finishError(Object(GuzzleHttp\Handler\CurlMultiHandler), Object(GuzzleHttp\Handler\EasyHandle), Object(GuzzleHttp\Handler\CurlFactory))
#2 E:\xampp73\htdocs\filecroco\loader\vendor\guzzlehttp\guzzle\src\Handler\CurlMultiHandler.php(181): GuzzleHttp\Handler\CurlFactory::finish(Object(GuzzleHttp\Handler\CurlMultiHandler), Object(GuzzleHttp\Handler\EasyHandle), Object(GuzzleHttp\Handler\CurlFactory))
#3 E:\xampp73\htdocs\filecroco\loader\vendor\guzzlehttp\guzzle\src\Handler\CurlMultiHandler.php(110): GuzzleHttp\Handler\CurlMultiHandler->processMessages()
#4 E:\xampp73\htdocs\filecroco\loader\vendor\guzzlehttp\guzzle\src\Handler\CurlMultiHandler.php(125): GuzzleHttp\Handler\CurlMultiHandler->tick()
#5 E:\xampp73\htdocs\filecroco\loader\vendor\guzzlehttp\promises\src\Promise.php(246): GuzzleHttp\Handler\CurlMultiHandler->execute(true)
#6 E:\xampp73\htdocs\filecroco\loader\vendor\guzzlehttp\promises\src\Promise.php(223): GuzzleHttp\Promise\Promise->invokeWaitFn()
#7 E:\xampp73\htdocs\filecroco\loader\vendor\guzzlehttp\promises\src\Promise.php(267): GuzzleHttp\Promise\Promise->waitIfPending()
#8 E:\xampp73\htdocs\filecroco\loader\vendor\guzzlehttp\promises\src\Promise.php(225): GuzzleHttp\Promise\Promise->invokeWaitList()
#9 E:\xampp73\htdocs\filecroco\loader\vendor\guzzlehttp\promises\src\Promise.php(62): GuzzleHttp\Promise\Promise->waitIfPending()
#10 E:\xampp73\htdocs\filecroco\loader\vendor\guzzlehttp\promises\src\EachPromise.php(101): GuzzleHttp\Promise\Promise->wait()
#11 E:\xampp73\htdocs\filecroco\loader\vendor\guzzlehttp\promises\src\Promise.php(246): GuzzleHttp\Promise\EachPromise->GuzzleHttp\Promise\{closure}(true)
#12 E:\xampp73\htdocs\filecroco\loader\vendor\guzzlehttp\promises\src\Promise.php(223): GuzzleHttp\Promise\Promise->invokeWaitFn()
#13 E:\xampp73\htdocs\filecroco\loader\vendor\guzzlehttp\promises\src\Promise.php(62): GuzzleHttp\Promise\Promise->waitIfPending()
#14 E:\xampp73\htdocs\filecroco\loader\updatedownloadlink.php(95): GuzzleHttp\Promise\Promise->wait()
#15 {main}|70GuzzleHttp\Exception\RequestException: cURL error 56:  (see http://curl.haxx.se/libcurl/c/libcurl-errors.html) in E:\xampp73\htdocs\filecroco\loader\vendor\guzzlehttp\guzzle\src\Handler\CurlFactory.php:186
Stack trace:
#0 E:\xampp73\htdocs\filecroco\loader\vendor\guzzlehttp\guzzle\src\Handler\CurlFactory.php(149): GuzzleHttp\Handler\CurlFactory::createRejection(Object(GuzzleHttp\Handler\EasyHandle), Array)
#1 E:\xampp73\htdocs\filecroco\loader\vendor\guzzlehttp\guzzle\src\Handler\CurlFactory.php(102): GuzzleHttp\Handler\CurlFactory::finishError(Object(GuzzleHttp\Handler\CurlMultiHandler), Object(GuzzleHttp\Handler\EasyHandle), Object(GuzzleHttp\Handler\CurlFactory))
#2 E:\xampp73\htdocs\filecroco\loader\vendor\guzzlehttp\guzzle\src\Handler\CurlMultiHandler.php(181): GuzzleHttp\Handler\CurlFactory::finish(Object(GuzzleHttp\Handler\CurlMultiHandler), Object(GuzzleHttp\Handler\EasyHandle), Object(GuzzleHttp\Handler\CurlFactory))
#3 E:\xampp73\htdocs\filecroco\loader\vendor\guzzlehttp\guzzle\src\Handler\CurlMultiHandler.php(110): GuzzleHttp\Handler\CurlMultiHandler->processMessages()
#4 E:\xampp73\htdocs\filecroco\loader\vendor\guzzlehttp\guzzle\src\Handler\CurlMultiHandler.php(125): GuzzleHttp\Handler\CurlMultiHandler->tick()
#5 E:\xampp73\htdocs\filecroco\loader\vendor\guzzlehttp\promises\src\Promise.php(246): GuzzleHttp\Handler\CurlMultiHandler->execute(true)
#6 E:\xampp73\htdocs\filecroco\loader\vendor\guzzlehttp\promises\src\Promise.php(223): GuzzleHttp\Promise\Promise->invokeWaitFn()
#7 E:\xampp73\htdocs\filecroco\loader\vendor\guzzlehttp\promises\src\Promise.php(267): GuzzleHttp\Promise\Promise->waitIfPending()
#8 E:\xampp73\htdocs\filecroco\loader\vendor\guzzlehttp\promises\src\Promise.php(225): GuzzleHttp\Promise\Promise->invokeWaitList()
#9 E:\xampp73\htdocs\filecroco\loader\vendor\guzzlehttp\promises\src\Promise.php(62): GuzzleHttp\Promise\Promise->waitIfPending()
#10 E:\xampp73\htdocs\filecroco\loader\vendor\guzzlehttp\promises\src\EachPromise.php(101): GuzzleHttp\Promise\Promise->wait()
#11 E:\xampp73\htdocs\filecroco\loader\vendor\guzzlehttp\promises\src\Promise.php(246): GuzzleHttp\Promise\EachPromise->GuzzleHttp\Promise\{closure}(true)
#12 E:\xampp73\htdocs\filecroco\loader\vendor\guzzlehttp\promises\src\Promise.php(223): GuzzleHttp\Promise\Promise->invokeWaitFn()
#13 E:\xampp73\htdocs\filecroco\loader\vendor\guzzlehttp\promises\src\Promise.php(62): GuzzleHttp\Promise\Promise->waitIfPending()
#14 E:\xampp73\htdocs\filecroco\loader\updatedownloadlink.php(95): GuzzleHttp\Promise\Promise->wait()
#15 {main}|71GuzzleHttp\Exception\RequestException: cURL error 56:  (see http://curl.haxx.se/libcurl/c/libcurl-errors.html) in E:\xampp73\htdocs\filecroco\loader\vendor\guzzlehttp\guzzle\src\Handler\CurlFactory.php:186
Stack trace:
#0 E:\xampp73\htdocs\filecroco\loader\vendor\guzzlehttp\guzzle\src\Handler\CurlFactory.php(149): GuzzleHttp\Handler\CurlFactory::createRejection(Object(GuzzleHttp\Handler\EasyHandle), Array)
#1 E:\xampp73\htdocs\filecroco\loader\vendor\guzzlehttp\guzzle\src\Handler\CurlFactory.php(102): GuzzleHttp\Handler\CurlFactory::finishError(Object(GuzzleHttp\Handler\CurlMultiHandler), Object(GuzzleHttp\Handler\EasyHandle), Object(GuzzleHttp\Handler\CurlFactory))
#2 E:\xampp73\htdocs\filecroco\loader\vendor\guzzlehttp\guzzle\src\Handler\CurlMultiHandler.php(181): GuzzleHttp\Handler\CurlFactory::finish(Object(GuzzleHttp\Handler\CurlMultiHandler), Object(GuzzleHttp\Handler\EasyHandle), Object(GuzzleHttp\Handler\CurlFactory))
#3 E:\xampp73\htdocs\filecroco\loader\vendor\guzzlehttp\guzzle\src\Handler\CurlMultiHandler.php(110): GuzzleHttp\Handler\CurlMultiHandler->processMessages()
#4 E:\xampp73\htdocs\filecroco\loader\vendor\guzzlehttp\guzzle\src\Handler\CurlMultiHandler.php(125): GuzzleHttp\Handler\CurlMultiHandler->tick()
#5 E:\xampp73\htdocs\filecroco\loader\vendor\guzzlehttp\promises\src\Promise.php(246): GuzzleHttp\Handler\CurlMultiHandler->execute(true)
#6 E:\xampp73\htdocs\filecroco\loader\vendor\guzzlehttp\promises\src\Promise.php(223): GuzzleHttp\Promise\Promise->invokeWaitFn()
#7 E:\xampp73\htdocs\filecroco\loader\vendor\guzzlehttp\promises\src\Promise.php(267): GuzzleHttp\Promise\Promise->waitIfPending()
#8 E:\xampp73\htdocs\filecroco\loader\vendor\guzzlehttp\promises\src\Promise.php(225): GuzzleHttp\Promise\Promise->invokeWaitList()
#9 E:\xampp73\htdocs\filecroco\loader\vendor\guzzlehttp\promises\src\Promise.php(62): GuzzleHttp\Promise\Promise->waitIfPending()
#10 E:\xampp73\htdocs\filecroco\loader\vendor\guzzlehttp\promises\src\EachPromise.php(101): GuzzleHttp\Promise\Promise->wait()
#11 E:\xampp73\htdocs\filecroco\loader\vendor\guzzlehttp\promises\src\Promise.php(246): GuzzleHttp\Promise\EachPromise->GuzzleHttp\Promise\{closure}(true)
#12 E:\xampp73\htdocs\filecroco\loader\vendor\guzzlehttp\promises\src\Promise.php(223): GuzzleHttp\Promise\Promise->invokeWaitFn()
#13 E:\xampp73\htdocs\filecroco\loader\vendor\guzzlehttp\promises\src\Promise.php(62): GuzzleHttp\Promise\Promise->waitIfPending()
#14 E:\xampp73\htdocs\filecroco\loader\updatedownloadlink.php(95): GuzzleHttp\Promise\Promise->wait()
#15 {main}|72GuzzleHttp\Exception\RequestException: cURL error 56:  (see http://curl.haxx.se/libcurl/c/libcurl-errors.html) in E:\xampp73\htdocs\filecroco\loader\vendor\guzzlehttp\guzzle\src\Handler\CurlFactory.php:186
Stack trace:
#0 E:\xampp73\htdocs\filecroco\loader\vendor\guzzlehttp\guzzle\src\Handler\CurlFactory.php(149): GuzzleHttp\Handler\CurlFactory::createRejection(Object(GuzzleHttp\Handler\EasyHandle), Array)
#1 E:\xampp73\htdocs\filecroco\loader\vendor\guzzlehttp\guzzle\src\Handler\CurlFactory.php(102): GuzzleHttp\Handler\CurlFactory::finishError(Object(GuzzleHttp\Handler\CurlMultiHandler), Object(GuzzleHttp\Handler\EasyHandle), Object(GuzzleHttp\Handler\CurlFactory))
#2 E:\xampp73\htdocs\filecroco\loader\vendor\guzzlehttp\guzzle\src\Handler\CurlMultiHandler.php(181): GuzzleHttp\Handler\CurlFactory::finish(Object(GuzzleHttp\Handler\CurlMultiHandler), Object(GuzzleHttp\Handler\EasyHandle), Object(GuzzleHttp\Handler\CurlFactory))
#3 E:\xampp73\htdocs\filecroco\loader\vendor\guzzlehttp\guzzle\src\Handler\CurlMultiHandler.php(110): GuzzleHttp\Handler\CurlMultiHandler->processMessages()
#4 E:\xampp73\htdocs\filecroco\loader\vendor\guzzlehttp\guzzle\src\Handler\CurlMultiHandler.php(125): GuzzleHttp\Handler\CurlMultiHandler->tick()
#5 E:\xampp73\htdocs\filecroco\loader\vendor\guzzlehttp\promises\src\Promise.php(246): GuzzleHttp\Handler\CurlMultiHandler->execute(true)
#6 E:\xampp73\htdocs\filecroco\loader\vendor\guzzlehttp\promises\src\Promise.php(223): GuzzleHttp\Promise\Promise->invokeWaitFn()
#7 E:\xampp73\htdocs\filecroco\loader\vendor\guzzlehttp\promises\src\Promise.php(267): GuzzleHttp\Promise\Promise->waitIfPending()
#8 E:\xampp73\htdocs\filecroco\loader\vendor\guzzlehttp\promises\src\Promise.php(225): GuzzleHttp\Promise\Promise->invokeWaitList()
#9 E:\xampp73\htdocs\filecroco\loader\vendor\guzzlehttp\promises\src\Promise.php(62): GuzzleHttp\Promise\Promise->waitIfPending()
#10 E:\xampp73\htdocs\filecroco\loader\vendor\guzzlehttp\promises\src\EachPromise.php(101): GuzzleHttp\Promise\Promise->wait()
#11 E:\xampp73\htdocs\filecroco\loader\vendor\guzzlehttp\promises\src\Promise.php(246): GuzzleHttp\Promise\EachPromise->GuzzleHttp\Promise\{closure}(true)
#12 E:\xampp73\htdocs\filecroco\loader\vendor\guzzlehttp\promises\src\Promise.php(223): GuzzleHttp\Promise\Promise->invokeWaitFn()
#13 E:\xampp73\htdocs\filecroco\loader\vendor\guzzlehttp\promises\src\Promise.php(62): GuzzleHttp\Promise\Promise->waitIfPending()
#14 E:\xampp73\htdocs\filecroco\loader\updatedownloadlink.php(95): GuzzleHttp\Promise\Promise->wait()
#15 {main}|73GuzzleHttp\Exception\RequestException: cURL error 56:  (see http://curl.haxx.se/libcurl/c/libcurl-errors.html) in E:\xampp73\htdocs\filecroco\loader\vendor\guzzlehttp\guzzle\src\Handler\CurlFactory.php:186
Stack trace:
#0 E:\xampp73\htdocs\filecroco\loader\vendor\guzzlehttp\guzzle\src\Handler\CurlFactory.php(149): GuzzleHttp\Handler\CurlFactory::createRejection(Object(GuzzleHttp\Handler\EasyHandle), Array)
#1 E:\xampp73\htdocs\filecroco\loader\vendor\guzzlehttp\guzzle\src\Handler\CurlFactory.php(102): GuzzleHttp\Handler\CurlFactory::finishError(Object(GuzzleHttp\Handler\CurlMultiHandler), Object(GuzzleHttp\Handler\EasyHandle), Object(GuzzleHttp\Handler\CurlFactory))
#2 E:\xampp73\htdocs\filecroco\loader\vendor\guzzlehttp\guzzle\src\Handler\CurlMultiHandler.php(181): GuzzleHttp\Handler\CurlFactory::finish(Object(GuzzleHttp\Handler\CurlMultiHandler), Object(GuzzleHttp\Handler\EasyHandle), Object(GuzzleHttp\Handler\CurlFactory))
#3 E:\xampp73\htdocs\filecroco\loader\vendor\guzzlehttp\guzzle\src\Handler\CurlMultiHandler.php(110): GuzzleHttp\Handler\CurlMultiHandler->processMessages()
#4 E:\xampp73\htdocs\filecroco\loader\vendor\guzzlehttp\guzzle\src\Handler\CurlMultiHandler.php(125): GuzzleHttp\Handler\CurlMultiHandler->tick()
#5 E:\xampp73\htdocs\filecroco\loader\vendor\guzzlehttp\promises\src\Promise.php(246): GuzzleHttp\Handler\CurlMultiHandler->execute(true)
#6 E:\xampp73\htdocs\filecroco\loader\vendor\guzzlehttp\promises\src\Promise.php(223): GuzzleHttp\Promise\Promise->invokeWaitFn()
#7 E:\xampp73\htdocs\filecroco\loader\vendor\guzzlehttp\promises\src\Promise.php(267): GuzzleHttp\Promise\Promise->waitIfPending()
#8 E:\xampp73\htdocs\filecroco\loader\vendor\guzzlehttp\promises\src\Promise.php(225): GuzzleHttp\Promise\Promise->invokeWaitList()
#9 E:\xampp73\htdocs\filecroco\loader\vendor\guzzlehttp\promises\src\Promise.php(62): GuzzleHttp\Promise\Promise->waitIfPending()
#10 E:\xampp73\htdocs\filecroco\loader\vendor\guzzlehttp\promises\src\EachPromise.php(101): GuzzleHttp\Promise\Promise->wait()
#11 E:\xampp73\htdocs\filecroco\loader\vendor\guzzlehttp\promises\src\Promise.php(246): GuzzleHttp\Promise\EachPromise->GuzzleHttp\Promise\{closure}(true)
#12 E:\xampp73\htdocs\filecroco\loader\vendor\guzzlehttp\promises\src\Promise.php(223): GuzzleHttp\Promise\Promise->invokeWaitFn()
#13 E:\xampp73\htdocs\filecroco\loader\vendor\guzzlehttp\promises\src\Promise.php(62): GuzzleHttp\Promise\Promise->waitIfPending()
#14 E:\xampp73\htdocs\filecroco\loader\updatedownloadlink.php(95): GuzzleHttp\Promise\Promise->wait()
#15 {main}|74GuzzleHttp\Exception\RequestException: cURL error 56:  (see http://curl.haxx.se/libcurl/c/libcurl-errors.html) in E:\xampp73\htdocs\filecroco\loader\vendor\guzzlehttp\guzzle\src\Handler\CurlFactory.php:186
Stack trace:
#0 E:\xampp73\htdocs\filecroco\loader\vendor\guzzlehttp\guzzle\src\Handler\CurlFactory.php(149): GuzzleHttp\Handler\CurlFactory::createRejection(Object(GuzzleHttp\Handler\EasyHandle), Array)
#1 E:\xampp73\htdocs\filecroco\loader\vendor\guzzlehttp\guzzle\src\Handler\CurlFactory.php(102): GuzzleHttp\Handler\CurlFactory::finishError(Object(GuzzleHttp\Handler\CurlMultiHandler), Object(GuzzleHttp\Handler\EasyHandle), Object(GuzzleHttp\Handler\CurlFactory))
#2 E:\xampp73\htdocs\filecroco\loader\vendor\guzzlehttp\guzzle\src\Handler\CurlMultiHandler.php(181): GuzzleHttp\Handler\CurlFactory::finish(Object(GuzzleHttp\Handler\CurlMultiHandler), Object(GuzzleHttp\Handler\EasyHandle), Object(GuzzleHttp\Handler\CurlFactory))
#3 E:\xampp73\htdocs\filecroco\loader\vendor\guzzlehttp\guzzle\src\Handler\CurlMultiHandler.php(110): GuzzleHttp\Handler\CurlMultiHandler->processMessages()
#4 E:\xampp73\htdocs\filecroco\loader\vendor\guzzlehttp\guzzle\src\Handler\CurlMultiHandler.php(125): GuzzleHttp\Handler\CurlMultiHandler->tick()
#5 E:\xampp73\htdocs\filecroco\loader\vendor\guzzlehttp\promises\src\Promise.php(246): GuzzleHttp\Handler\CurlMultiHandler->execute(true)
#6 E:\xampp73\htdocs\filecroco\loader\vendor\guzzlehttp\promises\src\Promise.php(223): GuzzleHttp\Promise\Promise->invokeWaitFn()
#7 E:\xampp73\htdocs\filecroco\loader\vendor\guzzlehttp\promises\src\Promise.php(267): GuzzleHttp\Promise\Promise->waitIfPending()
#8 E:\xampp73\htdocs\filecroco\loader\vendor\guzzlehttp\promises\src\Promise.php(225): GuzzleHttp\Promise\Promise->invokeWaitList()
#9 E:\xampp73\htdocs\filecroco\loader\vendor\guzzlehttp\promises\src\Promise.php(62): GuzzleHttp\Promise\Promise->waitIfPending()
#10 E:\xampp73\htdocs\filecroco\loader\vendor\guzzlehttp\promises\src\EachPromise.php(101): GuzzleHttp\Promise\Promise->wait()
#11 E:\xampp73\htdocs\filecroco\loader\vendor\guzzlehttp\promises\src\Promise.php(246): GuzzleHttp\Promise\EachPromise->GuzzleHttp\Promise\{closure}(true)
#12 E:\xampp73\htdocs\filecroco\loader\vendor\guzzlehttp\promises\src\Promise.php(223): GuzzleHttp\Promise\Promise->invokeWaitFn()
#13 E:\xampp73\htdocs\filecroco\loader\vendor\guzzlehttp\promises\src\Promise.php(62): GuzzleHttp\Promise\Promise->waitIfPending()
#14 E:\xampp73\htdocs\filecroco\loader\updatedownloadlink.php(95): GuzzleHttp\Promise\Promise->wait()
#15 {main}|75GuzzleHttp\Exception\RequestException: cURL error 56:  (see http://curl.haxx.se/libcurl/c/libcurl-errors.html) in E:\xampp73\htdocs\filecroco\loader\vendor\guzzlehttp\guzzle\src\Handler\CurlFactory.php:186
Stack trace:
#0 E:\xampp73\htdocs\filecroco\loader\vendor\guzzlehttp\guzzle\src\Handler\CurlFactory.php(149): GuzzleHttp\Handler\CurlFactory::createRejection(Object(GuzzleHttp\Handler\EasyHandle), Array)
#1 E:\xampp73\htdocs\filecroco\loader\vendor\guzzlehttp\guzzle\src\Handler\CurlFactory.php(102): GuzzleHttp\Handler\CurlFactory::finishError(Object(GuzzleHttp\Handler\CurlMultiHandler), Object(GuzzleHttp\Handler\EasyHandle), Object(GuzzleHttp\Handler\CurlFactory))
#2 E:\xampp73\htdocs\filecroco\loader\vendor\guzzlehttp\guzzle\src\Handler\CurlMultiHandler.php(181): GuzzleHttp\Handler\CurlFactory::finish(Object(GuzzleHttp\Handler\CurlMultiHandler), Object(GuzzleHttp\Handler\EasyHandle), Object(GuzzleHttp\Handler\CurlFactory))
#3 E:\xampp73\htdocs\filecroco\loader\vendor\guzzlehttp\guzzle\src\Handler\CurlMultiHandler.php(110): GuzzleHttp\Handler\CurlMultiHandler->processMessages()
#4 E:\xampp73\htdocs\filecroco\loader\vendor\guzzlehttp\guzzle\src\Handler\CurlMultiHandler.php(125): GuzzleHttp\Handler\CurlMultiHandler->tick()
#5 E:\xampp73\htdocs\filecroco\loader\vendor\guzzlehttp\promises\src\Promise.php(246): GuzzleHttp\Handler\CurlMultiHandler->execute(true)
#6 E:\xampp73\htdocs\filecroco\loader\vendor\guzzlehttp\promises\src\Promise.php(223): GuzzleHttp\Promise\Promise->invokeWaitFn()
#7 E:\xampp73\htdocs\filecroco\loader\vendor\guzzlehttp\promises\src\Promise.php(267): GuzzleHttp\Promise\Promise->waitIfPending()
#8 E:\xampp73\htdocs\filecroco\loader\vendor\guzzlehttp\promises\src\Promise.php(225): GuzzleHttp\Promise\Promise->invokeWaitList()
#9 E:\xampp73\htdocs\filecroco\loader\vendor\guzzlehttp\promises\src\Promise.php(62): GuzzleHttp\Promise\Promise->waitIfPending()
#10 E:\xampp73\htdocs\filecroco\loader\vendor\guzzlehttp\promises\src\EachPromise.php(101): GuzzleHttp\Promise\Promise->wait()
#11 E:\xampp73\htdocs\filecroco\loader\vendor\guzzlehttp\promises\src\Promise.php(246): GuzzleHttp\Promise\EachPromise->GuzzleHttp\Promise\{closure}(true)
#12 E:\xampp73\htdocs\filecroco\loader\vendor\guzzlehttp\promises\src\Promise.php(223): GuzzleHttp\Promise\Promise->invokeWaitFn()
#13 E:\xampp73\htdocs\filecroco\loader\vendor\guzzlehttp\promises\src\Promise.php(62): GuzzleHttp\Promise\Promise->waitIfPending()
#14 E:\xampp73\htdocs\filecroco\loader\updatedownloadlink.php(95): GuzzleHttp\Promise\Promise->wait()
#15 {main}|76GuzzleHttp\Exception\RequestException: cURL error 56:  (see http://curl.haxx.se/libcurl/c/libcurl-errors.html) in E:\xampp73\htdocs\filecroco\loader\vendor\guzzlehttp\guzzle\src\Handler\CurlFactory.php:186
Stack trace:
#0 E:\xampp73\htdocs\filecroco\loader\vendor\guzzlehttp\guzzle\src\Handler\CurlFactory.php(149): GuzzleHttp\Handler\CurlFactory::createRejection(Object(GuzzleHttp\Handler\EasyHandle), Array)
#1 E:\xampp73\htdocs\filecroco\loader\vendor\guzzlehttp\guzzle\src\Handler\CurlFactory.php(102): GuzzleHttp\Handler\CurlFactory::finishError(Object(GuzzleHttp\Handler\CurlMultiHandler), Object(GuzzleHttp\Handler\EasyHandle), Object(GuzzleHttp\Handler\CurlFactory))
#2 E:\xampp73\htdocs\filecroco\loader\vendor\guzzlehttp\guzzle\src\Handler\CurlMultiHandler.php(181): GuzzleHttp\Handler\CurlFactory::finish(Object(GuzzleHttp\Handler\CurlMultiHandler), Object(GuzzleHttp\Handler\EasyHandle), Object(GuzzleHttp\Handler\CurlFactory))
#3 E:\xampp73\htdocs\filecroco\loader\vendor\guzzlehttp\guzzle\src\Handler\CurlMultiHandler.php(110): GuzzleHttp\Handler\CurlMultiHandler->processMessages()
#4 E:\xampp73\htdocs\filecroco\loader\vendor\guzzlehttp\guzzle\src\Handler\CurlMultiHandler.php(125): GuzzleHttp\Handler\CurlMultiHandler->tick()
#5 E:\xampp73\htdocs\filecroco\loader\vendor\guzzlehttp\promises\src\Promise.php(246): GuzzleHttp\Handler\CurlMultiHandler->execute(true)
#6 E:\xampp73\htdocs\filecroco\loader\vendor\guzzlehttp\promises\src\Promise.php(223): GuzzleHttp\Promise\Promise->invokeWaitFn()
#7 E:\xampp73\htdocs\filecroco\loader\vendor\guzzlehttp\promises\src\Promise.php(267): GuzzleHttp\Promise\Promise->waitIfPending()
#8 E:\xampp73\htdocs\filecroco\loader\vendor\guzzlehttp\promises\src\Promise.php(225): GuzzleHttp\Promise\Promise->invokeWaitList()
#9 E:\xampp73\htdocs\filecroco\loader\vendor\guzzlehttp\promises\src\Promise.php(62): GuzzleHttp\Promise\Promise->waitIfPending()
#10 E:\xampp73\htdocs\filecroco\loader\vendor\guzzlehttp\promises\src\EachPromise.php(101): GuzzleHttp\Promise\Promise->wait()
#11 E:\xampp73\htdocs\filecroco\loader\vendor\guzzlehttp\promises\src\Promise.php(246): GuzzleHttp\Promise\EachPromise->GuzzleHttp\Promise\{closure}(true)
#12 E:\xampp73\htdocs\filecroco\loader\vendor\guzzlehttp\promises\src\Promise.php(223): GuzzleHttp\Promise\Promise->invokeWaitFn()
#13 E:\xampp73\htdocs\filecroco\loader\vendor\guzzlehttp\promises\src\Promise.php(62): GuzzleHttp\Promise\Promise->waitIfPending()
#14 E:\xampp73\htdocs\filecroco\loader\updatedownloadlink.php(95): GuzzleHttp\Promise\Promise->wait()
#15 {main}|77GuzzleHttp\Exception\RequestException: cURL error 56:  (see http://curl.haxx.se/libcurl/c/libcurl-errors.html) in E:\xampp73\htdocs\filecroco\loader\vendor\guzzlehttp\guzzle\src\Handler\CurlFactory.php:186
Stack trace:
#0 E:\xampp73\htdocs\filecroco\loader\vendor\guzzlehttp\guzzle\src\Handler\CurlFactory.php(149): GuzzleHttp\Handler\CurlFactory::createRejection(Object(GuzzleHttp\Handler\EasyHandle), Array)
#1 E:\xampp73\htdocs\filecroco\loader\vendor\guzzlehttp\guzzle\src\Handler\CurlFactory.php(102): GuzzleHttp\Handler\CurlFactory::finishError(Object(GuzzleHttp\Handler\CurlMultiHandler), Object(GuzzleHttp\Handler\EasyHandle), Object(GuzzleHttp\Handler\CurlFactory))
#2 E:\xampp73\htdocs\filecroco\loader\vendor\guzzlehttp\guzzle\src\Handler\CurlMultiHandler.php(181): GuzzleHttp\Handler\CurlFactory::finish(Object(GuzzleHttp\Handler\CurlMultiHandler), Object(GuzzleHttp\Handler\EasyHandle), Object(GuzzleHttp\Handler\CurlFactory))
#3 E:\xampp73\htdocs\filecroco\loader\vendor\guzzlehttp\guzzle\src\Handler\CurlMultiHandler.php(110): GuzzleHttp\Handler\CurlMultiHandler->processMessages()
#4 E:\xampp73\htdocs\filecroco\loader\vendor\guzzlehttp\guzzle\src\Handler\CurlMultiHandler.php(125): GuzzleHttp\Handler\CurlMultiHandler->tick()
#5 E:\xampp73\htdocs\filecroco\loader\vendor\guzzlehttp\promises\src\Promise.php(246): GuzzleHttp\Handler\CurlMultiHandler->execute(true)
#6 E:\xampp73\htdocs\filecroco\loader\vendor\guzzlehttp\promises\src\Promise.php(223): GuzzleHttp\Promise\Promise->invokeWaitFn()
#7 E:\xampp73\htdocs\filecroco\loader\vendor\guzzlehttp\promises\src\Promise.php(267): GuzzleHttp\Promise\Promise->waitIfPending()
#8 E:\xampp73\htdocs\filecroco\loader\vendor\guzzlehttp\promises\src\Promise.php(225): GuzzleHttp\Promise\Promise->invokeWaitList()
#9 E:\xampp73\htdocs\filecroco\loader\vendor\guzzlehttp\promises\src\Promise.php(62): GuzzleHttp\Promise\Promise->waitIfPending()
#10 E:\xampp73\htdocs\filecroco\loader\vendor\guzzlehttp\promises\src\EachPromise.php(101): GuzzleHttp\Promise\Promise->wait()
#11 E:\xampp73\htdocs\filecroco\loader\vendor\guzzlehttp\promises\src\Promise.php(246): GuzzleHttp\Promise\EachPromise->GuzzleHttp\Promise\{closure}(true)
#12 E:\xampp73\htdocs\filecroco\loader\vendor\guzzlehttp\promises\src\Promise.php(223): GuzzleHttp\Promise\Promise->invokeWaitFn()
#13 E:\xampp73\htdocs\filecroco\loader\vendor\guzzlehttp\promises\src\Promise.php(62): GuzzleHttp\Promise\Promise->waitIfPending()
#14 E:\xampp73\htdocs\filecroco\loader\updatedownloadlink.php(95): GuzzleHttp\Promise\Promise->wait()
#15 {main}|78GuzzleHttp\Exception\RequestException: cURL error 56:  (see http://curl.haxx.se/libcurl/c/libcurl-errors.html) in E:\xampp73\htdocs\filecroco\loader\vendor\guzzlehttp\guzzle\src\Handler\CurlFactory.php:186
Stack trace:
#0 E:\xampp73\htdocs\filecroco\loader\vendor\guzzlehttp\guzzle\src\Handler\CurlFactory.php(149): GuzzleHttp\Handler\CurlFactory::createRejection(Object(GuzzleHttp\Handler\EasyHandle), Array)
#1 E:\xampp73\htdocs\filecroco\loader\vendor\guzzlehttp\guzzle\src\Handler\CurlFactory.php(102): GuzzleHttp\Handler\CurlFactory::finishError(Object(GuzzleHttp\Handler\CurlMultiHandler), Object(GuzzleHttp\Handler\EasyHandle), Object(GuzzleHttp\Handler\CurlFactory))
#2 E:\xampp73\htdocs\filecroco\loader\vendor\guzzlehttp\guzzle\src\Handler\CurlMultiHandler.php(181): GuzzleHttp\Handler\CurlFactory::finish(Object(GuzzleHttp\Handler\CurlMultiHandler), Object(GuzzleHttp\Handler\EasyHandle), Object(GuzzleHttp\Handler\CurlFactory))
#3 E:\xampp73\htdocs\filecroco\loader\vendor\guzzlehttp\guzzle\src\Handler\CurlMultiHandler.php(110): GuzzleHttp\Handler\CurlMultiHandler->processMessages()
#4 E:\xampp73\htdocs\filecroco\loader\vendor\guzzlehttp\guzzle\src\Handler\CurlMultiHandler.php(125): GuzzleHttp\Handler\CurlMultiHandler->tick()
#5 E:\xampp73\htdocs\filecroco\loader\vendor\guzzlehttp\promises\src\Promise.php(246): GuzzleHttp\Handler\CurlMultiHandler->execute(true)
#6 E:\xampp73\htdocs\filecroco\loader\vendor\guzzlehttp\promises\src\Promise.php(223): GuzzleHttp\Promise\Promise->invokeWaitFn()
#7 E:\xampp73\htdocs\filecroco\loader\vendor\guzzlehttp\promises\src\Promise.php(267): GuzzleHttp\Promise\Promise->waitIfPending()
#8 E:\xampp73\htdocs\filecroco\loader\vendor\guzzlehttp\promises\src\Promise.php(225): GuzzleHttp\Promise\Promise->invokeWaitList()
#9 E:\xampp73\htdocs\filecroco\loader\vendor\guzzlehttp\promises\src\Promise.php(62): GuzzleHttp\Promise\Promise->waitIfPending()
#10 E:\xampp73\htdocs\filecroco\loader\vendor\guzzlehttp\promises\src\EachPromise.php(101): GuzzleHttp\Promise\Promise->wait()
#11 E:\xampp73\htdocs\filecroco\loader\vendor\guzzlehttp\promises\src\Promise.php(246): GuzzleHttp\Promise\EachPromise->GuzzleHttp\Promise\{closure}(true)
#12 E:\xampp73\htdocs\filecroco\loader\vendor\guzzlehttp\promises\src\Promise.php(223): GuzzleHttp\Promise\Promise->invokeWaitFn()
#13 E:\xampp73\htdocs\filecroco\loader\vendor\guzzlehttp\promises\src\Promise.php(62): GuzzleHttp\Promise\Promise->waitIfPending()
#14 E:\xampp73\htdocs\filecroco\loader\updatedownloadlink.php(95): GuzzleHttp\Promise\Promise->wait()
#15 {main}|79GuzzleHttp\Exception\RequestException: cURL error 56:  (see http://curl.haxx.se/libcurl/c/libcurl-errors.html) in E:\xampp73\htdocs\filecroco\loader\vendor\guzzlehttp\guzzle\src\Handler\CurlFactory.php:186
Stack trace:
#0 E:\xampp73\htdocs\filecroco\loader\vendor\guzzlehttp\guzzle\src\Handler\CurlFactory.php(149): GuzzleHttp\Handler\CurlFactory::createRejection(Object(GuzzleHttp\Handler\EasyHandle), Array)
#1 E:\xampp73\htdocs\filecroco\loader\vendor\guzzlehttp\guzzle\src\Handler\CurlFactory.php(102): GuzzleHttp\Handler\CurlFactory::finishError(Object(GuzzleHttp\Handler\CurlMultiHandler), Object(GuzzleHttp\Handler\EasyHandle), Object(GuzzleHttp\Handler\CurlFactory))
#2 E:\xampp73\htdocs\filecroco\loader\vendor\guzzlehttp\guzzle\src\Handler\CurlMultiHandler.php(181): GuzzleHttp\Handler\CurlFactory::finish(Object(GuzzleHttp\Handler\CurlMultiHandler), Object(GuzzleHttp\Handler\EasyHandle), Object(GuzzleHttp\Handler\CurlFactory))
#3 E:\xampp73\htdocs\filecroco\loader\vendor\guzzlehttp\guzzle\src\Handler\CurlMultiHandler.php(110): GuzzleHttp\Handler\CurlMultiHandler->processMessages()
#4 E:\xampp73\htdocs\filecroco\loader\vendor\guzzlehttp\guzzle\src\Handler\CurlMultiHandler.php(125): GuzzleHttp\Handler\CurlMultiHandler->tick()
#5 E:\xampp73\htdocs\filecroco\loader\vendor\guzzlehttp\promises\src\Promise.php(246): GuzzleHttp\Handler\CurlMultiHandler->execute(true)
#6 E:\xampp73\htdocs\filecroco\loader\vendor\guzzlehttp\promises\src\Promise.php(223): GuzzleHttp\Promise\Promise->invokeWaitFn()
#7 E:\xampp73\htdocs\filecroco\loader\vendor\guzzlehttp\promises\src\Promise.php(267): GuzzleHttp\Promise\Promise->waitIfPending()
#8 E:\xampp73\htdocs\filecroco\loader\vendor\guzzlehttp\promises\src\Promise.php(225): GuzzleHttp\Promise\Promise->invokeWaitList()
#9 E:\xampp73\htdocs\filecroco\loader\vendor\guzzlehttp\promises\src\Promise.php(62): GuzzleHttp\Promise\Promise->waitIfPending()
#10 E:\xampp73\htdocs\filecroco\loader\vendor\guzzlehttp\promises\src\EachPromise.php(101): GuzzleHttp\Promise\Promise->wait()
#11 E:\xampp73\htdocs\filecroco\loader\vendor\guzzlehttp\promises\src\Promise.php(246): GuzzleHttp\Promise\EachPromise->GuzzleHttp\Promise\{closure}(true)
#12 E:\xampp73\htdocs\filecroco\loader\vendor\guzzlehttp\promises\src\Promise.php(223): GuzzleHttp\Promise\Promise->invokeWaitFn()
#13 E:\xampp73\htdocs\filecroco\loader\vendor\guzzlehttp\promises\src\Promise.php(62): GuzzleHttp\Promise\Promise->waitIfPending()
#14 E:\xampp73\htdocs\filecroco\loader\updatedownloadlink.php(95): GuzzleHttp\Promise\Promise->wait()
#15 {main}|80GuzzleHttp\Exception\RequestException: cURL error 56:  (see http://curl.haxx.se/libcurl/c/libcurl-errors.html) in E:\xampp73\htdocs\filecroco\loader\vendor\guzzlehttp\guzzle\src\Handler\CurlFactory.php:186
Stack trace:
#0 E:\xampp73\htdocs\filecroco\loader\vendor\guzzlehttp\guzzle\src\Handler\CurlFactory.php(149): GuzzleHttp\Handler\CurlFactory::createRejection(Object(GuzzleHttp\Handler\EasyHandle), Array)
#1 E:\xampp73\htdocs\filecroco\loader\vendor\guzzlehttp\guzzle\src\Handler\CurlFactory.php(102): GuzzleHttp\Handler\CurlFactory::finishError(Object(GuzzleHttp\Handler\CurlMultiHandler), Object(GuzzleHttp\Handler\EasyHandle), Object(GuzzleHttp\Handler\CurlFactory))
#2 E:\xampp73\htdocs\filecroco\loader\vendor\guzzlehttp\guzzle\src\Handler\CurlMultiHandler.php(181): GuzzleHttp\Handler\CurlFactory::finish(Object(GuzzleHttp\Handler\CurlMultiHandler), Object(GuzzleHttp\Handler\EasyHandle), Object(GuzzleHttp\Handler\CurlFactory))
#3 E:\xampp73\htdocs\filecroco\loader\vendor\guzzlehttp\guzzle\src\Handler\CurlMultiHandler.php(110): GuzzleHttp\Handler\CurlMultiHandler->processMessages()
#4 E:\xampp73\htdocs\filecroco\loader\vendor\guzzlehttp\guzzle\src\Handler\CurlMultiHandler.php(125): GuzzleHttp\Handler\CurlMultiHandler->tick()
#5 E:\xampp73\htdocs\filecroco\loader\vendor\guzzlehttp\promises\src\Promise.php(246): GuzzleHttp\Handler\CurlMultiHandler->execute(true)
#6 E:\xampp73\htdocs\filecroco\loader\vendor\guzzlehttp\promises\src\Promise.php(223): GuzzleHttp\Promise\Promise->invokeWaitFn()
#7 E:\xampp73\htdocs\filecroco\loader\vendor\guzzlehttp\promises\src\Promise.php(267): GuzzleHttp\Promise\Promise->waitIfPending()
#8 E:\xampp73\htdocs\filecroco\loader\vendor\guzzlehttp\promises\src\Promise.php(225): GuzzleHttp\Promise\Promise->invokeWaitList()
#9 E:\xampp73\htdocs\filecroco\loader\vendor\guzzlehttp\promises\src\Promise.php(62): GuzzleHttp\Promise\Promise->waitIfPending()
#10 E:\xampp73\htdocs\filecroco\loader\vendor\guzzlehttp\promises\src\EachPromise.php(101): GuzzleHttp\Promise\Promise->wait()
#11 E:\xampp73\htdocs\filecroco\loader\vendor\guzzlehttp\promises\src\Promise.php(246): GuzzleHttp\Promise\EachPromise->GuzzleHttp\Promise\{closure}(true)
#12 E:\xampp73\htdocs\filecroco\loader\vendor\guzzlehttp\promises\src\Promise.php(223): GuzzleHttp\Promise\Promise->invokeWaitFn()
#13 E:\xampp73\htdocs\filecroco\loader\vendor\guzzlehttp\promises\src\Promise.php(62): GuzzleHttp\Promise\Promise->waitIfPending()
#14 E:\xampp73\htdocs\filecroco\loader\updatedownloadlink.php(95): GuzzleHttp\Promise\Promise->wait()
#15 {main}|81GuzzleHttp\Exception\RequestException: cURL error 56:  (see http://curl.haxx.se/libcurl/c/libcurl-errors.html) in E:\xampp73\htdocs\filecroco\loader\vendor\guzzlehttp\guzzle\src\Handler\CurlFactory.php:186
Stack trace:
#0 E:\xampp73\htdocs\filecroco\loader\vendor\guzzlehttp\guzzle\src\Handler\CurlFactory.php(149): GuzzleHttp\Handler\CurlFactory::createRejection(Object(GuzzleHttp\Handler\EasyHandle), Array)
#1 E:\xampp73\htdocs\filecroco\loader\vendor\guzzlehttp\guzzle\src\Handler\CurlFactory.php(102): GuzzleHttp\Handler\CurlFactory::finishError(Object(GuzzleHttp\Handler\CurlMultiHandler), Object(GuzzleHttp\Handler\EasyHandle), Object(GuzzleHttp\Handler\CurlFactory))
#2 E:\xampp73\htdocs\filecroco\loader\vendor\guzzlehttp\guzzle\src\Handler\CurlMultiHandler.php(181): GuzzleHttp\Handler\CurlFactory::finish(Object(GuzzleHttp\Handler\CurlMultiHandler), Object(GuzzleHttp\Handler\EasyHandle), Object(GuzzleHttp\Handler\CurlFactory))
#3 E:\xampp73\htdocs\filecroco\loader\vendor\guzzlehttp\guzzle\src\Handler\CurlMultiHandler.php(110): GuzzleHttp\Handler\CurlMultiHandler->processMessages()
#4 E:\xampp73\htdocs\filecroco\loader\vendor\guzzlehttp\guzzle\src\Handler\CurlMultiHandler.php(125): GuzzleHttp\Handler\CurlMultiHandler->tick()
#5 E:\xampp73\htdocs\filecroco\loader\vendor\guzzlehttp\promises\src\Promise.php(246): GuzzleHttp\Handler\CurlMultiHandler->execute(true)
#6 E:\xampp73\htdocs\filecroco\loader\vendor\guzzlehttp\promises\src\Promise.php(223): GuzzleHttp\Promise\Promise->invokeWaitFn()
#7 E:\xampp73\htdocs\filecroco\loader\vendor\guzzlehttp\promises\src\Promise.php(267): GuzzleHttp\Promise\Promise->waitIfPending()
#8 E:\xampp73\htdocs\filecroco\loader\vendor\guzzlehttp\promises\src\Promise.php(225): GuzzleHttp\Promise\Promise->invokeWaitList()
#9 E:\xampp73\htdocs\filecroco\loader\vendor\guzzlehttp\promises\src\Promise.php(62): GuzzleHttp\Promise\Promise->waitIfPending()
#10 E:\xampp73\htdocs\filecroco\loader\vendor\guzzlehttp\promises\src\EachPromise.php(101): GuzzleHttp\Promise\Promise->wait()
#11 E:\xampp73\htdocs\filecroco\loader\vendor\guzzlehttp\promises\src\Promise.php(246): GuzzleHttp\Promise\EachPromise->GuzzleHttp\Promise\{closure}(true)
#12 E:\xampp73\htdocs\filecroco\loader\vendor\guzzlehttp\promises\src\Promise.php(223): GuzzleHttp\Promise\Promise->invokeWaitFn()
#13 E:\xampp73\htdocs\filecroco\loader\vendor\guzzlehttp\promises\src\Promise.php(62): GuzzleHttp\Promise\Promise->waitIfPending()
#14 E:\xampp73\htdocs\filecroco\loader\updatedownloadlink.php(95): GuzzleHttp\Promise\Promise->wait()
#15 {main}|82GuzzleHttp\Exception\RequestException: cURL error 56:  (see http://curl.haxx.se/libcurl/c/libcurl-errors.html) in E:\xampp73\htdocs\filecroco\loader\vendor\guzzlehttp\guzzle\src\Handler\CurlFactory.php:186
Stack trace:
#0 E:\xampp73\htdocs\filecroco\loader\vendor\guzzlehttp\guzzle\src\Handler\CurlFactory.php(149): GuzzleHttp\Handler\CurlFactory::createRejection(Object(GuzzleHttp\Handler\EasyHandle), Array)
#1 E:\xampp73\htdocs\filecroco\loader\vendor\guzzlehttp\guzzle\src\Handler\CurlFactory.php(102): GuzzleHttp\Handler\CurlFactory::finishError(Object(GuzzleHttp\Handler\CurlMultiHandler), Object(GuzzleHttp\Handler\EasyHandle), Object(GuzzleHttp\Handler\CurlFactory))
#2 E:\xampp73\htdocs\filecroco\loader\vendor\guzzlehttp\guzzle\src\Handler\CurlMultiHandler.php(181): GuzzleHttp\Handler\CurlFactory::finish(Object(GuzzleHttp\Handler\CurlMultiHandler), Object(GuzzleHttp\Handler\EasyHandle), Object(GuzzleHttp\Handler\CurlFactory))
#3 E:\xampp73\htdocs\filecroco\loader\vendor\guzzlehttp\guzzle\src\Handler\CurlMultiHandler.php(110): GuzzleHttp\Handler\CurlMultiHandler->processMessages()
#4 E:\xampp73\htdocs\filecroco\loader\vendor\guzzlehttp\guzzle\src\Handler\CurlMultiHandler.php(125): GuzzleHttp\Handler\CurlMultiHandler->tick()
#5 E:\xampp73\htdocs\filecroco\loader\vendor\guzzlehttp\promises\src\Promise.php(246): GuzzleHttp\Handler\CurlMultiHandler->execute(true)
#6 E:\xampp73\htdocs\filecroco\loader\vendor\guzzlehttp\promises\src\Promise.php(223): GuzzleHttp\Promise\Promise->invokeWaitFn()
#7 E:\xampp73\htdocs\filecroco\loader\vendor\guzzlehttp\promises\src\Promise.php(267): GuzzleHttp\Promise\Promise->waitIfPending()
#8 E:\xampp73\htdocs\filecroco\loader\vendor\guzzlehttp\promises\src\Promise.php(225): GuzzleHttp\Promise\Promise->invokeWaitList()
#9 E:\xampp73\htdocs\filecroco\loader\vendor\guzzlehttp\promises\src\Promise.php(62): GuzzleHttp\Promise\Promise->waitIfPending()
#10 E:\xampp73\htdocs\filecroco\loader\vendor\guzzlehttp\promises\src\EachPromise.php(101): GuzzleHttp\Promise\Promise->wait()
#11 E:\xampp73\htdocs\filecroco\loader\vendor\guzzlehttp\promises\src\Promise.php(246): GuzzleHttp\Promise\EachPromise->GuzzleHttp\Promise\{closure}(true)
#12 E:\xampp73\htdocs\filecroco\loader\vendor\guzzlehttp\promises\src\Promise.php(223): GuzzleHttp\Promise\Promise->invokeWaitFn()
#13 E:\xampp73\htdocs\filecroco\loader\vendor\guzzlehttp\promises\src\Promise.php(62): GuzzleHttp\Promise\Promise->waitIfPending()
#14 E:\xampp73\htdocs\filecroco\loader\updatedownloadlink.php(95): GuzzleHttp\Promise\Promise->wait()
#15 {main}|83GuzzleHttp\Exception\RequestException: cURL error 56:  (see http://curl.haxx.se/libcurl/c/libcurl-errors.html) in E:\xampp73\htdocs\filecroco\loader\vendor\guzzlehttp\guzzle\src\Handler\CurlFactory.php:186
Stack trace:
#0 E:\xampp73\htdocs\filecroco\loader\vendor\guzzlehttp\guzzle\src\Handler\CurlFactory.php(149): GuzzleHttp\Handler\CurlFactory::createRejection(Object(GuzzleHttp\Handler\EasyHandle), Array)
#1 E:\xampp73\htdocs\filecroco\loader\vendor\guzzlehttp\guzzle\src\Handler\CurlFactory.php(102): GuzzleHttp\Handler\CurlFactory::finishError(Object(GuzzleHttp\Handler\CurlMultiHandler), Object(GuzzleHttp\Handler\EasyHandle), Object(GuzzleHttp\Handler\CurlFactory))
#2 E:\xampp73\htdocs\filecroco\loader\vendor\guzzlehttp\guzzle\src\Handler\CurlMultiHandler.php(181): GuzzleHttp\Handler\CurlFactory::finish(Object(GuzzleHttp\Handler\CurlMultiHandler), Object(GuzzleHttp\Handler\EasyHandle), Object(GuzzleHttp\Handler\CurlFactory))
#3 E:\xampp73\htdocs\filecroco\loader\vendor\guzzlehttp\guzzle\src\Handler\CurlMultiHandler.php(110): GuzzleHttp\Handler\CurlMultiHandler->processMessages()
#4 E:\xampp73\htdocs\filecroco\loader\vendor\guzzlehttp\guzzle\src\Handler\CurlMultiHandler.php(125): GuzzleHttp\Handler\CurlMultiHandler->tick()
#5 E:\xampp73\htdocs\filecroco\loader\vendor\guzzlehttp\promises\src\Promise.php(246): GuzzleHttp\Handler\CurlMultiHandler->execute(true)
#6 E:\xampp73\htdocs\filecroco\loader\vendor\guzzlehttp\promises\src\Promise.php(223): GuzzleHttp\Promise\Promise->invokeWaitFn()
#7 E:\xampp73\htdocs\filecroco\loader\vendor\guzzlehttp\promises\src\Promise.php(267): GuzzleHttp\Promise\Promise->waitIfPending()
#8 E:\xampp73\htdocs\filecroco\loader\vendor\guzzlehttp\promises\src\Promise.php(225): GuzzleHttp\Promise\Promise->invokeWaitList()
#9 E:\xampp73\htdocs\filecroco\loader\vendor\guzzlehttp\promises\src\Promise.php(62): GuzzleHttp\Promise\Promise->waitIfPending()
#10 E:\xampp73\htdocs\filecroco\loader\vendor\guzzlehttp\promises\src\EachPromise.php(101): GuzzleHttp\Promise\Promise->wait()
#11 E:\xampp73\htdocs\filecroco\loader\vendor\guzzlehttp\promises\src\Promise.php(246): GuzzleHttp\Promise\EachPromise->GuzzleHttp\Promise\{closure}(true)
#12 E:\xampp73\htdocs\filecroco\loader\vendor\guzzlehttp\promises\src\Promise.php(223): GuzzleHttp\Promise\Promise->invokeWaitFn()
#13 E:\xampp73\htdocs\filecroco\loader\vendor\guzzlehttp\promises\src\Promise.php(62): GuzzleHttp\Promise\Promise->waitIfPending()
#14 E:\xampp73\htdocs\filecroco\loader\updatedownloadlink.php(95): GuzzleHttp\Promise\Promise->wait()
#15 {main}|84GuzzleHttp\Exception\RequestException: cURL error 56:  (see http://curl.haxx.se/libcurl/c/libcurl-errors.html) in E:\xampp73\htdocs\filecroco\loader\vendor\guzzlehttp\guzzle\src\Handler\CurlFactory.php:186
Stack trace:
#0 E:\xampp73\htdocs\filecroco\loader\vendor\guzzlehttp\guzzle\src\Handler\CurlFactory.php(149): GuzzleHttp\Handler\CurlFactory::createRejection(Object(GuzzleHttp\Handler\EasyHandle), Array)
#1 E:\xampp73\htdocs\filecroco\loader\vendor\guzzlehttp\guzzle\src\Handler\CurlFactory.php(102): GuzzleHttp\Handler\CurlFactory::finishError(Object(GuzzleHttp\Handler\CurlMultiHandler), Object(GuzzleHttp\Handler\EasyHandle), Object(GuzzleHttp\Handler\CurlFactory))
#2 E:\xampp73\htdocs\filecroco\loader\vendor\guzzlehttp\guzzle\src\Handler\CurlMultiHandler.php(181): GuzzleHttp\Handler\CurlFactory::finish(Object(GuzzleHttp\Handler\CurlMultiHandler), Object(GuzzleHttp\Handler\EasyHandle), Object(GuzzleHttp\Handler\CurlFactory))
#3 E:\xampp73\htdocs\filecroco\loader\vendor\guzzlehttp\guzzle\src\Handler\CurlMultiHandler.php(110): GuzzleHttp\Handler\CurlMultiHandler->processMessages()
#4 E:\xampp73\htdocs\filecroco\loader\vendor\guzzlehttp\guzzle\src\Handler\CurlMultiHandler.php(125): GuzzleHttp\Handler\CurlMultiHandler->tick()
#5 E:\xampp73\htdocs\filecroco\loader\vendor\guzzlehttp\promises\src\Promise.php(246): GuzzleHttp\Handler\CurlMultiHandler->execute(true)
#6 E:\xampp73\htdocs\filecroco\loader\vendor\guzzlehttp\promises\src\Promise.php(223): GuzzleHttp\Promise\Promise->invokeWaitFn()
#7 E:\xampp73\htdocs\filecroco\loader\vendor\guzzlehttp\promises\src\Promise.php(267): GuzzleHttp\Promise\Promise->waitIfPending()
#8 E:\xampp73\htdocs\filecroco\loader\vendor\guzzlehttp\promises\src\Promise.php(225): GuzzleHttp\Promise\Promise->invokeWaitList()
#9 E:\xampp73\htdocs\filecroco\loader\vendor\guzzlehttp\promises\src\Promise.php(62): GuzzleHttp\Promise\Promise->waitIfPending()
#10 E:\xampp73\htdocs\filecroco\loader\vendor\guzzlehttp\promises\src\EachPromise.php(101): GuzzleHttp\Promise\Promise->wait()
#11 E:\xampp73\htdocs\filecroco\loader\vendor\guzzlehttp\promises\src\Promise.php(246): GuzzleHttp\Promise\EachPromise->GuzzleHttp\Promise\{closure}(true)
#12 E:\xampp73\htdocs\filecroco\loader\vendor\guzzlehttp\promises\src\Promise.php(223): GuzzleHttp\Promise\Promise->invokeWaitFn()
#13 E:\xampp73\htdocs\filecroco\loader\vendor\guzzlehttp\promises\src\Promise.php(62): GuzzleHttp\Promise\Promise->waitIfPending()
#14 E:\xampp73\htdocs\filecroco\loader\updatedownloadlink.php(95): GuzzleHttp\Promise\Promise->wait()
#15 {main}|85GuzzleHttp\Exception\RequestException: cURL error 56:  (see http://curl.haxx.se/libcurl/c/libcurl-errors.html) in E:\xampp73\htdocs\filecroco\loader\vendor\guzzlehttp\guzzle\src\Handler\CurlFactory.php:186
Stack trace:
#0 E:\xampp73\htdocs\filecroco\loader\vendor\guzzlehttp\guzzle\src\Handler\CurlFactory.php(149): GuzzleHttp\Handler\CurlFactory::createRejection(Object(GuzzleHttp\Handler\EasyHandle), Array)
#1 E:\xampp73\htdocs\filecroco\loader\vendor\guzzlehttp\guzzle\src\Handler\CurlFactory.php(102): GuzzleHttp\Handler\CurlFactory::finishError(Object(GuzzleHttp\Handler\CurlMultiHandler), Object(GuzzleHttp\Handler\EasyHandle), Object(GuzzleHttp\Handler\CurlFactory))
#2 E:\xampp73\htdocs\filecroco\loader\vendor\guzzlehttp\guzzle\src\Handler\CurlMultiHandler.php(181): GuzzleHttp\Handler\CurlFactory::finish(Object(GuzzleHttp\Handler\CurlMultiHandler), Object(GuzzleHttp\Handler\EasyHandle), Object(GuzzleHttp\Handler\CurlFactory))
#3 E:\xampp73\htdocs\filecroco\loader\vendor\guzzlehttp\guzzle\src\Handler\CurlMultiHandler.php(110): GuzzleHttp\Handler\CurlMultiHandler->processMessages()
#4 E:\xampp73\htdocs\filecroco\loader\vendor\guzzlehttp\guzzle\src\Handler\CurlMultiHandler.php(125): GuzzleHttp\Handler\CurlMultiHandler->tick()
#5 E:\xampp73\htdocs\filecroco\loader\vendor\guzzlehttp\promises\src\Promise.php(246): GuzzleHttp\Handler\CurlMultiHandler->execute(true)
#6 E:\xampp73\htdocs\filecroco\loader\vendor\guzzlehttp\promises\src\Promise.php(223): GuzzleHttp\Promise\Promise->invokeWaitFn()
#7 E:\xampp73\htdocs\filecroco\loader\vendor\guzzlehttp\promises\src\Promise.php(267): GuzzleHttp\Promise\Promise->waitIfPending()
#8 E:\xampp73\htdocs\filecroco\loader\vendor\guzzlehttp\promises\src\Promise.php(225): GuzzleHttp\Promise\Promise->invokeWaitList()
#9 E:\xampp73\htdocs\filecroco\loader\vendor\guzzlehttp\promises\src\Promise.php(62): GuzzleHttp\Promise\Promise->waitIfPending()
#10 E:\xampp73\htdocs\filecroco\loader\vendor\guzzlehttp\promises\src\EachPromise.php(101): GuzzleHttp\Promise\Promise->wait()
#11 E:\xampp73\htdocs\filecroco\loader\vendor\guzzlehttp\promises\src\Promise.php(246): GuzzleHttp\Promise\EachPromise->GuzzleHttp\Promise\{closure}(true)
#12 E:\xampp73\htdocs\filecroco\loader\vendor\guzzlehttp\promises\src\Promise.php(223): GuzzleHttp\Promise\Promise->invokeWaitFn()
#13 E:\xampp73\htdocs\filecroco\loader\vendor\guzzlehttp\promises\src\Promise.php(62): GuzzleHttp\Promise\Promise->waitIfPending()
#14 E:\xampp73\htdocs\filecroco\loader\updatedownloadlink.php(95): GuzzleHttp\Promise\Promise->wait()
#15 {main}|86GuzzleHttp\Exception\RequestException: cURL error 56:  (see http://curl.haxx.se/libcurl/c/libcurl-errors.html) in E:\xampp73\htdocs\filecroco\loader\vendor\guzzlehttp\guzzle\src\Handler\CurlFactory.php:186
Stack trace:
#0 E:\xampp73\htdocs\filecroco\loader\vendor\guzzlehttp\guzzle\src\Handler\CurlFactory.php(149): GuzzleHttp\Handler\CurlFactory::createRejection(Object(GuzzleHttp\Handler\EasyHandle), Array)
#1 E:\xampp73\htdocs\filecroco\loader\vendor\guzzlehttp\guzzle\src\Handler\CurlFactory.php(102): GuzzleHttp\Handler\CurlFactory::finishError(Object(GuzzleHttp\Handler\CurlMultiHandler), Object(GuzzleHttp\Handler\EasyHandle), Object(GuzzleHttp\Handler\CurlFactory))
#2 E:\xampp73\htdocs\filecroco\loader\vendor\guzzlehttp\guzzle\src\Handler\CurlMultiHandler.php(181): GuzzleHttp\Handler\CurlFactory::finish(Object(GuzzleHttp\Handler\CurlMultiHandler), Object(GuzzleHttp\Handler\EasyHandle), Object(GuzzleHttp\Handler\CurlFactory))
#3 E:\xampp73\htdocs\filecroco\loader\vendor\guzzlehttp\guzzle\src\Handler\CurlMultiHandler.php(110): GuzzleHttp\Handler\CurlMultiHandler->processMessages()
#4 E:\xampp73\htdocs\filecroco\loader\vendor\guzzlehttp\guzzle\src\Handler\CurlMultiHandler.php(125): GuzzleHttp\Handler\CurlMultiHandler->tick()
#5 E:\xampp73\htdocs\filecroco\loader\vendor\guzzlehttp\promises\src\Promise.php(246): GuzzleHttp\Handler\CurlMultiHandler->execute(true)
#6 E:\xampp73\htdocs\filecroco\loader\vendor\guzzlehttp\promises\src\Promise.php(223): GuzzleHttp\Promise\Promise->invokeWaitFn()
#7 E:\xampp73\htdocs\filecroco\loader\vendor\guzzlehttp\promises\src\Promise.php(267): GuzzleHttp\Promise\Promise->waitIfPending()
#8 E:\xampp73\htdocs\filecroco\loader\vendor\guzzlehttp\promises\src\Promise.php(225): GuzzleHttp\Promise\Promise->invokeWaitList()
#9 E:\xampp73\htdocs\filecroco\loader\vendor\guzzlehttp\promises\src\Promise.php(62): GuzzleHttp\Promise\Promise->waitIfPending()
#10 E:\xampp73\htdocs\filecroco\loader\vendor\guzzlehttp\promises\src\EachPromise.php(101): GuzzleHttp\Promise\Promise->wait()
#11 E:\xampp73\htdocs\filecroco\loader\vendor\guzzlehttp\promises\src\Promise.php(246): GuzzleHttp\Promise\EachPromise->GuzzleHttp\Promise\{closure}(true)
#12 E:\xampp73\htdocs\filecroco\loader\vendor\guzzlehttp\promises\src\Promise.php(223): GuzzleHttp\Promise\Promise->invokeWaitFn()
#13 E:\xampp73\htdocs\filecroco\loader\vendor\guzzlehttp\promises\src\Promise.php(62): GuzzleHttp\Promise\Promise->waitIfPending()
#14 E:\xampp73\htdocs\filecroco\loader\updatedownloadlink.php(95): GuzzleHttp\Promise\Promise->wait()
#15 {main}|87GuzzleHttp\Exception\RequestException: cURL error 56:  (see http://curl.haxx.se/libcurl/c/libcurl-errors.html) in E:\xampp73\htdocs\filecroco\loader\vendor\guzzlehttp\guzzle\src\Handler\CurlFactory.php:186
Stack trace:
#0 E:\xampp73\htdocs\filecroco\loader\vendor\guzzlehttp\guzzle\src\Handler\CurlFactory.php(149): GuzzleHttp\Handler\CurlFactory::createRejection(Object(GuzzleHttp\Handler\EasyHandle), Array)
#1 E:\xampp73\htdocs\filecroco\loader\vendor\guzzlehttp\guzzle\src\Handler\CurlFactory.php(102): GuzzleHttp\Handler\CurlFactory::finishError(Object(GuzzleHttp\Handler\CurlMultiHandler), Object(GuzzleHttp\Handler\EasyHandle), Object(GuzzleHttp\Handler\CurlFactory))
#2 E:\xampp73\htdocs\filecroco\loader\vendor\guzzlehttp\guzzle\src\Handler\CurlMultiHandler.php(181): GuzzleHttp\Handler\CurlFactory::finish(Object(GuzzleHttp\Handler\CurlMultiHandler), Object(GuzzleHttp\Handler\EasyHandle), Object(GuzzleHttp\Handler\CurlFactory))
#3 E:\xampp73\htdocs\filecroco\loader\vendor\guzzlehttp\guzzle\src\Handler\CurlMultiHandler.php(110): GuzzleHttp\Handler\CurlMultiHandler->processMessages()
#4 E:\xampp73\htdocs\filecroco\loader\vendor\guzzlehttp\guzzle\src\Handler\CurlMultiHandler.php(125): GuzzleHttp\Handler\CurlMultiHandler->tick()
#5 E:\xampp73\htdocs\filecroco\loader\vendor\guzzlehttp\promises\src\Promise.php(246): GuzzleHttp\Handler\CurlMultiHandler->execute(true)
#6 E:\xampp73\htdocs\filecroco\loader\vendor\guzzlehttp\promises\src\Promise.php(223): GuzzleHttp\Promise\Promise->invokeWaitFn()
#7 E:\xampp73\htdocs\filecroco\loader\vendor\guzzlehttp\promises\src\Promise.php(267): GuzzleHttp\Promise\Promise->waitIfPending()
#8 E:\xampp73\htdocs\filecroco\loader\vendor\guzzlehttp\promises\src\Promise.php(225): GuzzleHttp\Promise\Promise->invokeWaitList()
#9 E:\xampp73\htdocs\filecroco\loader\vendor\guzzlehttp\promises\src\Promise.php(62): GuzzleHttp\Promise\Promise->waitIfPending()
#10 E:\xampp73\htdocs\filecroco\loader\vendor\guzzlehttp\promises\src\EachPromise.php(101): GuzzleHttp\Promise\Promise->wait()
#11 E:\xampp73\htdocs\filecroco\loader\vendor\guzzlehttp\promises\src\Promise.php(246): GuzzleHttp\Promise\EachPromise->GuzzleHttp\Promise\{closure}(true)
#12 E:\xampp73\htdocs\filecroco\loader\vendor\guzzlehttp\promises\src\Promise.php(223): GuzzleHttp\Promise\Promise->invokeWaitFn()
#13 E:\xampp73\htdocs\filecroco\loader\vendor\guzzlehttp\promises\src\Promise.php(62): GuzzleHttp\Promise\Promise->waitIfPending()
#14 E:\xampp73\htdocs\filecroco\loader\updatedownloadlink.php(95): GuzzleHttp\Promise\Promise->wait()
#15 {main}|88GuzzleHttp\Exception\RequestException: cURL error 56:  (see http://curl.haxx.se/libcurl/c/libcurl-errors.html) in E:\xampp73\htdocs\filecroco\loader\vendor\guzzlehttp\guzzle\src\Handler\CurlFactory.php:186
Stack trace:
#0 E:\xampp73\htdocs\filecroco\loader\vendor\guzzlehttp\guzzle\src\Handler\CurlFactory.php(149): GuzzleHttp\Handler\CurlFactory::createRejection(Object(GuzzleHttp\Handler\EasyHandle), Array)
#1 E:\xampp73\htdocs\filecroco\loader\vendor\guzzlehttp\guzzle\src\Handler\CurlFactory.php(102): GuzzleHttp\Handler\CurlFactory::finishError(Object(GuzzleHttp\Handler\CurlMultiHandler), Object(GuzzleHttp\Handler\EasyHandle), Object(GuzzleHttp\Handler\CurlFactory))
#2 E:\xampp73\htdocs\filecroco\loader\vendor\guzzlehttp\guzzle\src\Handler\CurlMultiHandler.php(181): GuzzleHttp\Handler\CurlFactory::finish(Object(GuzzleHttp\Handler\CurlMultiHandler), Object(GuzzleHttp\Handler\EasyHandle), Object(GuzzleHttp\Handler\CurlFactory))
#3 E:\xampp73\htdocs\filecroco\loader\vendor\guzzlehttp\guzzle\src\Handler\CurlMultiHandler.php(110): GuzzleHttp\Handler\CurlMultiHandler->processMessages()
#4 E:\xampp73\htdocs\filecroco\loader\vendor\guzzlehttp\guzzle\src\Handler\CurlMultiHandler.php(125): GuzzleHttp\Handler\CurlMultiHandler->tick()
#5 E:\xampp73\htdocs\filecroco\loader\vendor\guzzlehttp\promises\src\Promise.php(246): GuzzleHttp\Handler\CurlMultiHandler->execute(true)
#6 E:\xampp73\htdocs\filecroco\loader\vendor\guzzlehttp\promises\src\Promise.php(223): GuzzleHttp\Promise\Promise->invokeWaitFn()
#7 E:\xampp73\htdocs\filecroco\loader\vendor\guzzlehttp\promises\src\Promise.php(267): GuzzleHttp\Promise\Promise->waitIfPending()
#8 E:\xampp73\htdocs\filecroco\loader\vendor\guzzlehttp\promises\src\Promise.php(225): GuzzleHttp\Promise\Promise->invokeWaitList()
#9 E:\xampp73\htdocs\filecroco\loader\vendor\guzzlehttp\promises\src\Promise.php(62): GuzzleHttp\Promise\Promise->waitIfPending()
#10 E:\xampp73\htdocs\filecroco\loader\vendor\guzzlehttp\promises\src\EachPromise.php(101): GuzzleHttp\Promise\Promise->wait()
#11 E:\xampp73\htdocs\filecroco\loader\vendor\guzzlehttp\promises\src\Promise.php(246): GuzzleHttp\Promise\EachPromise->GuzzleHttp\Promise\{closure}(true)
#12 E:\xampp73\htdocs\filecroco\loader\vendor\guzzlehttp\promises\src\Promise.php(223): GuzzleHttp\Promise\Promise->invokeWaitFn()
#13 E:\xampp73\htdocs\filecroco\loader\vendor\guzzlehttp\promises\src\Promise.php(62): GuzzleHttp\Promise\Promise->waitIfPending()
#14 E:\xampp73\htdocs\filecroco\loader\updatedownloadlink.php(95): GuzzleHttp\Promise\Promise->wait()
#15 {main}|89GuzzleHttp\Exception\RequestException: cURL error 56:  (see http://curl.haxx.se/libcurl/c/libcurl-errors.html) in E:\xampp73\htdocs\filecroco\loader\vendor\guzzlehttp\guzzle\src\Handler\CurlFactory.php:186
Stack trace:
#0 E:\xampp73\htdocs\filecroco\loader\vendor\guzzlehttp\guzzle\src\Handler\CurlFactory.php(149): GuzzleHttp\Handler\CurlFactory::createRejection(Object(GuzzleHttp\Handler\EasyHandle), Array)
#1 E:\xampp73\htdocs\filecroco\loader\vendor\guzzlehttp\guzzle\src\Handler\CurlFactory.php(102): GuzzleHttp\Handler\CurlFactory::finishError(Object(GuzzleHttp\Handler\CurlMultiHandler), Object(GuzzleHttp\Handler\EasyHandle), Object(GuzzleHttp\Handler\CurlFactory))
#2 E:\xampp73\htdocs\filecroco\loader\vendor\guzzlehttp\guzzle\src\Handler\CurlMultiHandler.php(181): GuzzleHttp\Handler\CurlFactory::finish(Object(GuzzleHttp\Handler\CurlMultiHandler), Object(GuzzleHttp\Handler\EasyHandle), Object(GuzzleHttp\Handler\CurlFactory))
#3 E:\xampp73\htdocs\filecroco\loader\vendor\guzzlehttp\guzzle\src\Handler\CurlMultiHandler.php(110): GuzzleHttp\Handler\CurlMultiHandler->processMessages()
#4 E:\xampp73\htdocs\filecroco\loader\vendor\guzzlehttp\guzzle\src\Handler\CurlMultiHandler.php(125): GuzzleHttp\Handler\CurlMultiHandler->tick()
#5 E:\xampp73\htdocs\filecroco\loader\vendor\guzzlehttp\promises\src\Promise.php(246): GuzzleHttp\Handler\CurlMultiHandler->execute(true)
#6 E:\xampp73\htdocs\filecroco\loader\vendor\guzzlehttp\promises\src\Promise.php(223): GuzzleHttp\Promise\Promise->invokeWaitFn()
#7 E:\xampp73\htdocs\filecroco\loader\vendor\guzzlehttp\promises\src\Promise.php(267): GuzzleHttp\Promise\Promise->waitIfPending()
#8 E:\xampp73\htdocs\filecroco\loader\vendor\guzzlehttp\promises\src\Promise.php(225): GuzzleHttp\Promise\Promise->invokeWaitList()
#9 E:\xampp73\htdocs\filecroco\loader\vendor\guzzlehttp\promises\src\Promise.php(62): GuzzleHttp\Promise\Promise->waitIfPending()
#10 E:\xampp73\htdocs\filecroco\loader\vendor\guzzlehttp\promises\src\EachPromise.php(101): GuzzleHttp\Promise\Promise->wait()
#11 E:\xampp73\htdocs\filecroco\loader\vendor\guzzlehttp\promises\src\Promise.php(246): GuzzleHttp\Promise\EachPromise->GuzzleHttp\Promise\{closure}(true)
#12 E:\xampp73\htdocs\filecroco\loader\vendor\guzzlehttp\promises\src\Promise.php(223): GuzzleHttp\Promise\Promise->invokeWaitFn()
#13 E:\xampp73\htdocs\filecroco\loader\vendor\guzzlehttp\promises\src\Promise.php(62): GuzzleHttp\Promise\Promise->waitIfPending()
#14 E:\xampp73\htdocs\filecroco\loader\updatedownloadlink.php(95): GuzzleHttp\Promise\Promise->wait()
#15 {main}|90GuzzleHttp\Exception\RequestException: cURL error 56:  (see http://curl.haxx.se/libcurl/c/libcurl-errors.html) in E:\xampp73\htdocs\filecroco\loader\vendor\guzzlehttp\guzzle\src\Handler\CurlFactory.php:186
Stack trace:
#0 E:\xampp73\htdocs\filecroco\loader\vendor\guzzlehttp\guzzle\src\Handler\CurlFactory.php(149): GuzzleHttp\Handler\CurlFactory::createRejection(Object(GuzzleHttp\Handler\EasyHandle), Array)
#1 E:\xampp73\htdocs\filecroco\loader\vendor\guzzlehttp\guzzle\src\Handler\CurlFactory.php(102): GuzzleHttp\Handler\CurlFactory::finishError(Object(GuzzleHttp\Handler\CurlMultiHandler), Object(GuzzleHttp\Handler\EasyHandle), Object(GuzzleHttp\Handler\CurlFactory))
#2 E:\xampp73\htdocs\filecroco\loader\vendor\guzzlehttp\guzzle\src\Handler\CurlMultiHandler.php(181): GuzzleHttp\Handler\CurlFactory::finish(Object(GuzzleHttp\Handler\CurlMultiHandler), Object(GuzzleHttp\Handler\EasyHandle), Object(GuzzleHttp\Handler\CurlFactory))
#3 E:\xampp73\htdocs\filecroco\loader\vendor\guzzlehttp\guzzle\src\Handler\CurlMultiHandler.php(110): GuzzleHttp\Handler\CurlMultiHandler->processMessages()
#4 E:\xampp73\htdocs\filecroco\loader\vendor\guzzlehttp\guzzle\src\Handler\CurlMultiHandler.php(125): GuzzleHttp\Handler\CurlMultiHandler->tick()
#5 E:\xampp73\htdocs\filecroco\loader\vendor\guzzlehttp\promises\src\Promise.php(246): GuzzleHttp\Handler\CurlMultiHandler->execute(true)
#6 E:\xampp73\htdocs\filecroco\loader\vendor\guzzlehttp\promises\src\Promise.php(223): GuzzleHttp\Promise\Promise->invokeWaitFn()
#7 E:\xampp73\htdocs\filecroco\loader\vendor\guzzlehttp\promises\src\Promise.php(267): GuzzleHttp\Promise\Promise->waitIfPending()
#8 E:\xampp73\htdocs\filecroco\loader\vendor\guzzlehttp\promises\src\Promise.php(225): GuzzleHttp\Promise\Promise->invokeWaitList()
#9 E:\xampp73\htdocs\filecroco\loader\vendor\guzzlehttp\promises\src\Promise.php(62): GuzzleHttp\Promise\Promise->waitIfPending()
#10 E:\xampp73\htdocs\filecroco\loader\vendor\guzzlehttp\promises\src\EachPromise.php(101): GuzzleHttp\Promise\Promise->wait()
#11 E:\xampp73\htdocs\filecroco\loader\vendor\guzzlehttp\promises\src\Promise.php(246): GuzzleHttp\Promise\EachPromise->GuzzleHttp\Promise\{closure}(true)
#12 E:\xampp73\htdocs\filecroco\loader\vendor\guzzlehttp\promises\src\Promise.php(223): GuzzleHttp\Promise\Promise->invokeWaitFn()
#13 E:\xampp73\htdocs\filecroco\loader\vendor\guzzlehttp\promises\src\Promise.php(62): GuzzleHttp\Promise\Promise->waitIfPending()
#14 E:\xampp73\htdocs\filecroco\loader\updatedownloadlink.php(95): GuzzleHttp\Promise\Promise->wait()
#15 {main}|91GuzzleHttp\Exception\RequestException: cURL error 56:  (see http://curl.haxx.se/libcurl/c/libcurl-errors.html) in E:\xampp73\htdocs\filecroco\loader\vendor\guzzlehttp\guzzle\src\Handler\CurlFactory.php:186
Stack trace:
#0 E:\xampp73\htdocs\filecroco\loader\vendor\guzzlehttp\guzzle\src\Handler\CurlFactory.php(149): GuzzleHttp\Handler\CurlFactory::createRejection(Object(GuzzleHttp\Handler\EasyHandle), Array)
#1 E:\xampp73\htdocs\filecroco\loader\vendor\guzzlehttp\guzzle\src\Handler\CurlFactory.php(102): GuzzleHttp\Handler\CurlFactory::finishError(Object(GuzzleHttp\Handler\CurlMultiHandler), Object(GuzzleHttp\Handler\EasyHandle), Object(GuzzleHttp\Handler\CurlFactory))
#2 E:\xampp73\htdocs\filecroco\loader\vendor\guzzlehttp\guzzle\src\Handler\CurlMultiHandler.php(181): GuzzleHttp\Handler\CurlFactory::finish(Object(GuzzleHttp\Handler\CurlMultiHandler), Object(GuzzleHttp\Handler\EasyHandle), Object(GuzzleHttp\Handler\CurlFactory))
#3 E:\xampp73\htdocs\filecroco\loader\vendor\guzzlehttp\guzzle\src\Handler\CurlMultiHandler.php(110): GuzzleHttp\Handler\CurlMultiHandler->processMessages()
#4 E:\xampp73\htdocs\filecroco\loader\vendor\guzzlehttp\guzzle\src\Handler\CurlMultiHandler.php(125): GuzzleHttp\Handler\CurlMultiHandler->tick()
#5 E:\xampp73\htdocs\filecroco\loader\vendor\guzzlehttp\promises\src\Promise.php(246): GuzzleHttp\Handler\CurlMultiHandler->execute(true)
#6 E:\xampp73\htdocs\filecroco\loader\vendor\guzzlehttp\promises\src\Promise.php(223): GuzzleHttp\Promise\Promise->invokeWaitFn()
#7 E:\xampp73\htdocs\filecroco\loader\vendor\guzzlehttp\promises\src\Promise.php(267): GuzzleHttp\Promise\Promise->waitIfPending()
#8 E:\xampp73\htdocs\filecroco\loader\vendor\guzzlehttp\promises\src\Promise.php(225): GuzzleHttp\Promise\Promise->invokeWaitList()
#9 E:\xampp73\htdocs\filecroco\loader\vendor\guzzlehttp\promises\src\Promise.php(62): GuzzleHttp\Promise\Promise->waitIfPending()
#10 E:\xampp73\htdocs\filecroco\loader\vendor\guzzlehttp\promises\src\EachPromise.php(101): GuzzleHttp\Promise\Promise->wait()
#11 E:\xampp73\htdocs\filecroco\loader\vendor\guzzlehttp\promises\src\Promise.php(246): GuzzleHttp\Promise\EachPromise->GuzzleHttp\Promise\{closure}(true)
#12 E:\xampp73\htdocs\filecroco\loader\vendor\guzzlehttp\promises\src\Promise.php(223): GuzzleHttp\Promise\Promise->invokeWaitFn()
#13 E:\xampp73\htdocs\filecroco\loader\vendor\guzzlehttp\promises\src\Promise.php(62): GuzzleHttp\Promise\Promise->waitIfPending()
#14 E:\xampp73\htdocs\filecroco\loader\updatedownloadlink.php(95): GuzzleHttp\Promise\Promise->wait()
#15 {main}|92GuzzleHttp\Exception\RequestException: cURL error 56:  (see http://curl.haxx.se/libcurl/c/libcurl-errors.html) in E:\xampp73\htdocs\filecroco\loader\vendor\guzzlehttp\guzzle\src\Handler\CurlFactory.php:186
Stack trace:
#0 E:\xampp73\htdocs\filecroco\loader\vendor\guzzlehttp\guzzle\src\Handler\CurlFactory.php(149): GuzzleHttp\Handler\CurlFactory::createRejection(Object(GuzzleHttp\Handler\EasyHandle), Array)
#1 E:\xampp73\htdocs\filecroco\loader\vendor\guzzlehttp\guzzle\src\Handler\CurlFactory.php(102): GuzzleHttp\Handler\CurlFactory::finishError(Object(GuzzleHttp\Handler\CurlMultiHandler), Object(GuzzleHttp\Handler\EasyHandle), Object(GuzzleHttp\Handler\CurlFactory))
#2 E:\xampp73\htdocs\filecroco\loader\vendor\guzzlehttp\guzzle\src\Handler\CurlMultiHandler.php(181): GuzzleHttp\Handler\CurlFactory::finish(Object(GuzzleHttp\Handler\CurlMultiHandler), Object(GuzzleHttp\Handler\EasyHandle), Object(GuzzleHttp\Handler\CurlFactory))
#3 E:\xampp73\htdocs\filecroco\loader\vendor\guzzlehttp\guzzle\src\Handler\CurlMultiHandler.php(110): GuzzleHttp\Handler\CurlMultiHandler->processMessages()
#4 E:\xampp73\htdocs\filecroco\loader\vendor\guzzlehttp\guzzle\src\Handler\CurlMultiHandler.php(125): GuzzleHttp\Handler\CurlMultiHandler->tick()
#5 E:\xampp73\htdocs\filecroco\loader\vendor\guzzlehttp\promises\src\Promise.php(246): GuzzleHttp\Handler\CurlMultiHandler->execute(true)
#6 E:\xampp73\htdocs\filecroco\loader\vendor\guzzlehttp\promises\src\Promise.php(223): GuzzleHttp\Promise\Promise->invokeWaitFn()
#7 E:\xampp73\htdocs\filecroco\loader\vendor\guzzlehttp\promises\src\Promise.php(267): GuzzleHttp\Promise\Promise->waitIfPending()
#8 E:\xampp73\htdocs\filecroco\loader\vendor\guzzlehttp\promises\src\Promise.php(225): GuzzleHttp\Promise\Promise->invokeWaitList()
#9 E:\xampp73\htdocs\filecroco\loader\vendor\guzzlehttp\promises\src\Promise.php(62): GuzzleHttp\Promise\Promise->waitIfPending()
#10 E:\xampp73\htdocs\filecroco\loader\vendor\guzzlehttp\promises\src\EachPromise.php(101): GuzzleHttp\Promise\Promise->wait()
#11 E:\xampp73\htdocs\filecroco\loader\vendor\guzzlehttp\promises\src\Promise.php(246): GuzzleHttp\Promise\EachPromise->GuzzleHttp\Promise\{closure}(true)
#12 E:\xampp73\htdocs\filecroco\loader\vendor\guzzlehttp\promises\src\Promise.php(223): GuzzleHttp\Promise\Promise->invokeWaitFn()
#13 E:\xampp73\htdocs\filecroco\loader\vendor\guzzlehttp\promises\src\Promise.php(62): GuzzleHttp\Promise\Promise->waitIfPending()
#14 E:\xampp73\htdocs\filecroco\loader\updatedownloadlink.php(95): GuzzleHttp\Promise\Promise->wait()
#15 {main}|93GuzzleHttp\Exception\RequestException: cURL error 56:  (see http://curl.haxx.se/libcurl/c/libcurl-errors.html) in E:\xampp73\htdocs\filecroco\loader\vendor\guzzlehttp\guzzle\src\Handler\CurlFactory.php:186
Stack trace:
#0 E:\xampp73\htdocs\filecroco\loader\vendor\guzzlehttp\guzzle\src\Handler\CurlFactory.php(149): GuzzleHttp\Handler\CurlFactory::createRejection(Object(GuzzleHttp\Handler\EasyHandle), Array)
#1 E:\xampp73\htdocs\filecroco\loader\vendor\guzzlehttp\guzzle\src\Handler\CurlFactory.php(102): GuzzleHttp\Handler\CurlFactory::finishError(Object(GuzzleHttp\Handler\CurlMultiHandler), Object(GuzzleHttp\Handler\EasyHandle), Object(GuzzleHttp\Handler\CurlFactory))
#2 E:\xampp73\htdocs\filecroco\loader\vendor\guzzlehttp\guzzle\src\Handler\CurlMultiHandler.php(181): GuzzleHttp\Handler\CurlFactory::finish(Object(GuzzleHttp\Handler\CurlMultiHandler), Object(GuzzleHttp\Handler\EasyHandle), Object(GuzzleHttp\Handler\CurlFactory))
#3 E:\xampp73\htdocs\filecroco\loader\vendor\guzzlehttp\guzzle\src\Handler\CurlMultiHandler.php(110): GuzzleHttp\Handler\CurlMultiHandler->processMessages()
#4 E:\xampp73\htdocs\filecroco\loader\vendor\guzzlehttp\guzzle\src\Handler\CurlMultiHandler.php(125): GuzzleHttp\Handler\CurlMultiHandler->tick()
#5 E:\xampp73\htdocs\filecroco\loader\vendor\guzzlehttp\promises\src\Promise.php(246): GuzzleHttp\Handler\CurlMultiHandler->execute(true)
#6 E:\xampp73\htdocs\filecroco\loader\vendor\guzzlehttp\promises\src\Promise.php(223): GuzzleHttp\Promise\Promise->invokeWaitFn()
#7 E:\xampp73\htdocs\filecroco\loader\vendor\guzzlehttp\promises\src\Promise.php(267): GuzzleHttp\Promise\Promise->waitIfPending()
#8 E:\xampp73\htdocs\filecroco\loader\vendor\guzzlehttp\promises\src\Promise.php(225): GuzzleHttp\Promise\Promise->invokeWaitList()
#9 E:\xampp73\htdocs\filecroco\loader\vendor\guzzlehttp\promises\src\Promise.php(62): GuzzleHttp\Promise\Promise->waitIfPending()
#10 E:\xampp73\htdocs\filecroco\loader\vendor\guzzlehttp\promises\src\EachPromise.php(101): GuzzleHttp\Promise\Promise->wait()
#11 E:\xampp73\htdocs\filecroco\loader\vendor\guzzlehttp\promises\src\Promise.php(246): GuzzleHttp\Promise\EachPromise->GuzzleHttp\Promise\{closure}(true)
#12 E:\xampp73\htdocs\filecroco\loader\vendor\guzzlehttp\promises\src\Promise.php(223): GuzzleHttp\Promise\Promise->invokeWaitFn()
#13 E:\xampp73\htdocs\filecroco\loader\vendor\guzzlehttp\promises\src\Promise.php(62): GuzzleHttp\Promise\Promise->waitIfPending()
#14 E:\xampp73\htdocs\filecroco\loader\updatedownloadlink.php(95): GuzzleHttp\Promise\Promise->wait()
#15 {main}|94GuzzleHttp\Exception\RequestException: cURL error 56:  (see http://curl.haxx.se/libcurl/c/libcurl-errors.html) in E:\xampp73\htdocs\filecroco\loader\vendor\guzzlehttp\guzzle\src\Handler\CurlFactory.php:186
Stack trace:
#0 E:\xampp73\htdocs\filecroco\loader\vendor\guzzlehttp\guzzle\src\Handler\CurlFactory.php(149): GuzzleHttp\Handler\CurlFactory::createRejection(Object(GuzzleHttp\Handler\EasyHandle), Array)
#1 E:\xampp73\htdocs\filecroco\loader\vendor\guzzlehttp\guzzle\src\Handler\CurlFactory.php(102): GuzzleHttp\Handler\CurlFactory::finishError(Object(GuzzleHttp\Handler\CurlMultiHandler), Object(GuzzleHttp\Handler\EasyHandle), Object(GuzzleHttp\Handler\CurlFactory))
#2 E:\xampp73\htdocs\filecroco\loader\vendor\guzzlehttp\guzzle\src\Handler\CurlMultiHandler.php(181): GuzzleHttp\Handler\CurlFactory::finish(Object(GuzzleHttp\Handler\CurlMultiHandler), Object(GuzzleHttp\Handler\EasyHandle), Object(GuzzleHttp\Handler\CurlFactory))
#3 E:\xampp73\htdocs\filecroco\loader\vendor\guzzlehttp\guzzle\src\Handler\CurlMultiHandler.php(110): GuzzleHttp\Handler\CurlMultiHandler->processMessages()
#4 E:\xampp73\htdocs\filecroco\loader\vendor\guzzlehttp\guzzle\src\Handler\CurlMultiHandler.php(125): GuzzleHttp\Handler\CurlMultiHandler->tick()
#5 E:\xampp73\htdocs\filecroco\loader\vendor\guzzlehttp\promises\src\Promise.php(246): GuzzleHttp\Handler\CurlMultiHandler->execute(true)
#6 E:\xampp73\htdocs\filecroco\loader\vendor\guzzlehttp\promises\src\Promise.php(223): GuzzleHttp\Promise\Promise->invokeWaitFn()
#7 E:\xampp73\htdocs\filecroco\loader\vendor\guzzlehttp\promises\src\Promise.php(267): GuzzleHttp\Promise\Promise->waitIfPending()
#8 E:\xampp73\htdocs\filecroco\loader\vendor\guzzlehttp\promises\src\Promise.php(225): GuzzleHttp\Promise\Promise->invokeWaitList()
#9 E:\xampp73\htdocs\filecroco\loader\vendor\guzzlehttp\promises\src\Promise.php(62): GuzzleHttp\Promise\Promise->waitIfPending()
#10 E:\xampp73\htdocs\filecroco\loader\vendor\guzzlehttp\promises\src\EachPromise.php(101): GuzzleHttp\Promise\Promise->wait()
#11 E:\xampp73\htdocs\filecroco\loader\vendor\guzzlehttp\promises\src\Promise.php(246): GuzzleHttp\Promise\EachPromise->GuzzleHttp\Promise\{closure}(true)
#12 E:\xampp73\htdocs\filecroco\loader\vendor\guzzlehttp\promises\src\Promise.php(223): GuzzleHttp\Promise\Promise->invokeWaitFn()
#13 E:\xampp73\htdocs\filecroco\loader\vendor\guzzlehttp\promises\src\Promise.php(62): GuzzleHttp\Promise\Promise->waitIfPending()
#14 E:\xampp73\htdocs\filecroco\loader\updatedownloadlink.php(95): GuzzleHttp\Promise\Promise->wait()
#15 {main}|95GuzzleHttp\Exception\RequestException: cURL error 56:  (see http://curl.haxx.se/libcurl/c/libcurl-errors.html) in E:\xampp73\htdocs\filecroco\loader\vendor\guzzlehttp\guzzle\src\Handler\CurlFactory.php:186
Stack trace:
#0 E:\xampp73\htdocs\filecroco\loader\vendor\guzzlehttp\guzzle\src\Handler\CurlFactory.php(149): GuzzleHttp\Handler\CurlFactory::createRejection(Object(GuzzleHttp\Handler\EasyHandle), Array)
#1 E:\xampp73\htdocs\filecroco\loader\vendor\guzzlehttp\guzzle\src\Handler\CurlFactory.php(102): GuzzleHttp\Handler\CurlFactory::finishError(Object(GuzzleHttp\Handler\CurlMultiHandler), Object(GuzzleHttp\Handler\EasyHandle), Object(GuzzleHttp\Handler\CurlFactory))
#2 E:\xampp73\htdocs\filecroco\loader\vendor\guzzlehttp\guzzle\src\Handler\CurlMultiHandler.php(181): GuzzleHttp\Handler\CurlFactory::finish(Object(GuzzleHttp\Handler\CurlMultiHandler), Object(GuzzleHttp\Handler\EasyHandle), Object(GuzzleHttp\Handler\CurlFactory))
#3 E:\xampp73\htdocs\filecroco\loader\vendor\guzzlehttp\guzzle\src\Handler\CurlMultiHandler.php(110): GuzzleHttp\Handler\CurlMultiHandler->processMessages()
#4 E:\xampp73\htdocs\filecroco\loader\vendor\guzzlehttp\guzzle\src\Handler\CurlMultiHandler.php(125): GuzzleHttp\Handler\CurlMultiHandler->tick()
#5 E:\xampp73\htdocs\filecroco\loader\vendor\guzzlehttp\promises\src\Promise.php(246): GuzzleHttp\Handler\CurlMultiHandler->execute(true)
#6 E:\xampp73\htdocs\filecroco\loader\vendor\guzzlehttp\promises\src\Promise.php(223): GuzzleHttp\Promise\Promise->invokeWaitFn()
#7 E:\xampp73\htdocs\filecroco\loader\vendor\guzzlehttp\promises\src\Promise.php(267): GuzzleHttp\Promise\Promise->waitIfPending()
#8 E:\xampp73\htdocs\filecroco\loader\vendor\guzzlehttp\promises\src\Promise.php(225): GuzzleHttp\Promise\Promise->invokeWaitList()
#9 E:\xampp73\htdocs\filecroco\loader\vendor\guzzlehttp\promises\src\Promise.php(62): GuzzleHttp\Promise\Promise->waitIfPending()
#10 E:\xampp73\htdocs\filecroco\loader\vendor\guzzlehttp\promises\src\EachPromise.php(101): GuzzleHttp\Promise\Promise->wait()
#11 E:\xampp73\htdocs\filecroco\loader\vendor\guzzlehttp\promises\src\Promise.php(246): GuzzleHttp\Promise\EachPromise->GuzzleHttp\Promise\{closure}(true)
#12 E:\xampp73\htdocs\filecroco\loader\vendor\guzzlehttp\promises\src\Promise.php(223): GuzzleHttp\Promise\Promise->invokeWaitFn()
#13 E:\xampp73\htdocs\filecroco\loader\vendor\guzzlehttp\promises\src\Promise.php(62): GuzzleHttp\Promise\Promise->waitIfPending()
#14 E:\xampp73\htdocs\filecroco\loader\updatedownloadlink.php(95): GuzzleHttp\Promise\Promise->wait()
#15 {main}|96GuzzleHttp\Exception\RequestException: cURL error 56:  (see http://curl.haxx.se/libcurl/c/libcurl-errors.html) in E:\xampp73\htdocs\filecroco\loader\vendor\guzzlehttp\guzzle\src\Handler\CurlFactory.php:186
Stack trace:
#0 E:\xampp73\htdocs\filecroco\loader\vendor\guzzlehttp\guzzle\src\Handler\CurlFactory.php(149): GuzzleHttp\Handler\CurlFactory::createRejection(Object(GuzzleHttp\Handler\EasyHandle), Array)
#1 E:\xampp73\htdocs\filecroco\loader\vendor\guzzlehttp\guzzle\src\Handler\CurlFactory.php(102): GuzzleHttp\Handler\CurlFactory::finishError(Object(GuzzleHttp\Handler\CurlMultiHandler), Object(GuzzleHttp\Handler\EasyHandle), Object(GuzzleHttp\Handler\CurlFactory))
#2 E:\xampp73\htdocs\filecroco\loader\vendor\guzzlehttp\guzzle\src\Handler\CurlMultiHandler.php(181): GuzzleHttp\Handler\CurlFactory::finish(Object(GuzzleHttp\Handler\CurlMultiHandler), Object(GuzzleHttp\Handler\EasyHandle), Object(GuzzleHttp\Handler\CurlFactory))
#3 E:\xampp73\htdocs\filecroco\loader\vendor\guzzlehttp\guzzle\src\Handler\CurlMultiHandler.php(110): GuzzleHttp\Handler\CurlMultiHandler->processMessages()
#4 E:\xampp73\htdocs\filecroco\loader\vendor\guzzlehttp\guzzle\src\Handler\CurlMultiHandler.php(125): GuzzleHttp\Handler\CurlMultiHandler->tick()
#5 E:\xampp73\htdocs\filecroco\loader\vendor\guzzlehttp\promises\src\Promise.php(246): GuzzleHttp\Handler\CurlMultiHandler->execute(true)
#6 E:\xampp73\htdocs\filecroco\loader\vendor\guzzlehttp\promises\src\Promise.php(223): GuzzleHttp\Promise\Promise->invokeWaitFn()
#7 E:\xampp73\htdocs\filecroco\loader\vendor\guzzlehttp\promises\src\Promise.php(267): GuzzleHttp\Promise\Promise->waitIfPending()
#8 E:\xampp73\htdocs\filecroco\loader\vendor\guzzlehttp\promises\src\Promise.php(225): GuzzleHttp\Promise\Promise->invokeWaitList()
#9 E:\xampp73\htdocs\filecroco\loader\vendor\guzzlehttp\promises\src\Promise.php(62): GuzzleHttp\Promise\Promise->waitIfPending()
#10 E:\xampp73\htdocs\filecroco\loader\vendor\guzzlehttp\promises\src\EachPromise.php(101): GuzzleHttp\Promise\Promise->wait()
#11 E:\xampp73\htdocs\filecroco\loader\vendor\guzzlehttp\promises\src\Promise.php(246): GuzzleHttp\Promise\EachPromise->GuzzleHttp\Promise\{closure}(true)
#12 E:\xampp73\htdocs\filecroco\loader\vendor\guzzlehttp\promises\src\Promise.php(223): GuzzleHttp\Promise\Promise->invokeWaitFn()
#13 E:\xampp73\htdocs\filecroco\loader\vendor\guzzlehttp\promises\src\Promise.php(62): GuzzleHttp\Promise\Promise->waitIfPending()
#14 E:\xampp73\htdocs\filecroco\loader\updatedownloadlink.php(95): GuzzleHttp\Promise\Promise->wait()
#15 {main}|97GuzzleHttp\Exception\RequestException: cURL error 56:  (see http://curl.haxx.se/libcurl/c/libcurl-errors.html) in E:\xampp73\htdocs\filecroco\loader\vendor\guzzlehttp\guzzle\src\Handler\CurlFactory.php:186
Stack trace:
#0 E:\xampp73\htdocs\filecroco\loader\vendor\guzzlehttp\guzzle\src\Handler\CurlFactory.php(149): GuzzleHttp\Handler\CurlFactory::createRejection(Object(GuzzleHttp\Handler\EasyHandle), Array)
#1 E:\xampp73\htdocs\filecroco\loader\vendor\guzzlehttp\guzzle\src\Handler\CurlFactory.php(102): GuzzleHttp\Handler\CurlFactory::finishError(Object(GuzzleHttp\Handler\CurlMultiHandler), Object(GuzzleHttp\Handler\EasyHandle), Object(GuzzleHttp\Handler\CurlFactory))
#2 E:\xampp73\htdocs\filecroco\loader\vendor\guzzlehttp\guzzle\src\Handler\CurlMultiHandler.php(181): GuzzleHttp\Handler\CurlFactory::finish(Object(GuzzleHttp\Handler\CurlMultiHandler), Object(GuzzleHttp\Handler\EasyHandle), Object(GuzzleHttp\Handler\CurlFactory))
#3 E:\xampp73\htdocs\filecroco\loader\vendor\guzzlehttp\guzzle\src\Handler\CurlMultiHandler.php(110): GuzzleHttp\Handler\CurlMultiHandler->processMessages()
#4 E:\xampp73\htdocs\filecroco\loader\vendor\guzzlehttp\guzzle\src\Handler\CurlMultiHandler.php(125): GuzzleHttp\Handler\CurlMultiHandler->tick()
#5 E:\xampp73\htdocs\filecroco\loader\vendor\guzzlehttp\promises\src\Promise.php(246): GuzzleHttp\Handler\CurlMultiHandler->execute(true)
#6 E:\xampp73\htdocs\filecroco\loader\vendor\guzzlehttp\promises\src\Promise.php(223): GuzzleHttp\Promise\Promise->invokeWaitFn()
#7 E:\xampp73\htdocs\filecroco\loader\vendor\guzzlehttp\promises\src\Promise.php(267): GuzzleHttp\Promise\Promise->waitIfPending()
#8 E:\xampp73\htdocs\filecroco\loader\vendor\guzzlehttp\promises\src\Promise.php(225): GuzzleHttp\Promise\Promise->invokeWaitList()
#9 E:\xampp73\htdocs\filecroco\loader\vendor\guzzlehttp\promises\src\Promise.php(62): GuzzleHttp\Promise\Promise->waitIfPending()
#10 E:\xampp73\htdocs\filecroco\loader\vendor\guzzlehttp\promises\src\EachPromise.php(101): GuzzleHttp\Promise\Promise->wait()
#11 E:\xampp73\htdocs\filecroco\loader\vendor\guzzlehttp\promises\src\Promise.php(246): GuzzleHttp\Promise\EachPromise->GuzzleHttp\Promise\{closure}(true)
#12 E:\xampp73\htdocs\filecroco\loader\vendor\guzzlehttp\promises\src\Promise.php(223): GuzzleHttp\Promise\Promise->invokeWaitFn()
#13 E:\xampp73\htdocs\filecroco\loader\vendor\guzzlehttp\promises\src\Promise.php(62): GuzzleHttp\Promise\Promise->waitIfPending()
#14 E:\xampp73\htdocs\filecroco\loader\updatedownloadlink.php(95): GuzzleHttp\Promise\Promise->wait()
#15 {main}|98GuzzleHttp\Exception\RequestException: cURL error 56:  (see http://curl.haxx.se/libcurl/c/libcurl-errors.html) in E:\xampp73\htdocs\filecroco\loader\vendor\guzzlehttp\guzzle\src\Handler\CurlFactory.php:186
Stack trace:
#0 E:\xampp73\htdocs\filecroco\loader\vendor\guzzlehttp\guzzle\src\Handler\CurlFactory.php(149): GuzzleHttp\Handler\CurlFactory::createRejection(Object(GuzzleHttp\Handler\EasyHandle), Array)
#1 E:\xampp73\htdocs\filecroco\loader\vendor\guzzlehttp\guzzle\src\Handler\CurlFactory.php(102): GuzzleHttp\Handler\CurlFactory::finishError(Object(GuzzleHttp\Handler\CurlMultiHandler), Object(GuzzleHttp\Handler\EasyHandle), Object(GuzzleHttp\Handler\CurlFactory))
#2 E:\xampp73\htdocs\filecroco\loader\vendor\guzzlehttp\guzzle\src\Handler\CurlMultiHandler.php(181): GuzzleHttp\Handler\CurlFactory::finish(Object(GuzzleHttp\Handler\CurlMultiHandler), Object(GuzzleHttp\Handler\EasyHandle), Object(GuzzleHttp\Handler\CurlFactory))
#3 E:\xampp73\htdocs\filecroco\loader\vendor\guzzlehttp\guzzle\src\Handler\CurlMultiHandler.php(110): GuzzleHttp\Handler\CurlMultiHandler->processMessages()
#4 E:\xampp73\htdocs\filecroco\loader\vendor\guzzlehttp\guzzle\src\Handler\CurlMultiHandler.php(125): GuzzleHttp\Handler\CurlMultiHandler->tick()
#5 E:\xampp73\htdocs\filecroco\loader\vendor\guzzlehttp\promises\src\Promise.php(246): GuzzleHttp\Handler\CurlMultiHandler->execute(true)
#6 E:\xampp73\htdocs\filecroco\loader\vendor\guzzlehttp\promises\src\Promise.php(223): GuzzleHttp\Promise\Promise->invokeWaitFn()
#7 E:\xampp73\htdocs\filecroco\loader\vendor\guzzlehttp\promises\src\Promise.php(267): GuzzleHttp\Promise\Promise->waitIfPending()
#8 E:\xampp73\htdocs\filecroco\loader\vendor\guzzlehttp\promises\src\Promise.php(225): GuzzleHttp\Promise\Promise->invokeWaitList()
#9 E:\xampp73\htdocs\filecroco\loader\vendor\guzzlehttp\promises\src\Promise.php(62): GuzzleHttp\Promise\Promise->waitIfPending()
#10 E:\xampp73\htdocs\filecroco\loader\vendor\guzzlehttp\promises\src\EachPromise.php(101): GuzzleHttp\Promise\Promise->wait()
#11 E:\xampp73\htdocs\filecroco\loader\vendor\guzzlehttp\promises\src\Promise.php(246): GuzzleHttp\Promise\EachPromise->GuzzleHttp\Promise\{closure}(true)
#12 E:\xampp73\htdocs\filecroco\loader\vendor\guzzlehttp\promises\src\Promise.php(223): GuzzleHttp\Promise\Promise->invokeWaitFn()
#13 E:\xampp73\htdocs\filecroco\loader\vendor\guzzlehttp\promises\src\Promise.php(62): GuzzleHttp\Promise\Promise->waitIfPending()
#14 E:\xampp73\htdocs\filecroco\loader\updatedownloadlink.php(95): GuzzleHttp\Promise\Promise->wait()
#15 {main}|99GuzzleHttp\Exception\RequestException: cURL error 56:  (see http://curl.haxx.se/libcurl/c/libcurl-errors.html) in E:\xampp73\htdocs\filecroco\loader\vendor\guzzlehttp\guzzle\src\Handler\CurlFactory.php:186
Stack trace:
#0 E:\xampp73\htdocs\filecroco\loader\vendor\guzzlehttp\guzzle\src\Handler\CurlFactory.php(149): GuzzleHttp\Handler\CurlFactory::createRejection(Object(GuzzleHttp\Handler\EasyHandle), Array)
#1 E:\xampp73\htdocs\filecroco\loader\vendor\guzzlehttp\guzzle\src\Handler\CurlFactory.php(102): GuzzleHttp\Handler\CurlFactory::finishError(Object(GuzzleHttp\Handler\CurlMultiHandler), Object(GuzzleHttp\Handler\EasyHandle), Object(GuzzleHttp\Handler\CurlFactory))
#2 E:\xampp73\htdocs\filecroco\loader\vendor\guzzlehttp\guzzle\src\Handler\CurlMultiHandler.php(181): GuzzleHttp\Handler\CurlFactory::finish(Object(GuzzleHttp\Handler\CurlMultiHandler), Object(GuzzleHttp\Handler\EasyHandle), Object(GuzzleHttp\Handler\CurlFactory))
#3 E:\xampp73\htdocs\filecroco\loader\vendor\guzzlehttp\guzzle\src\Handler\CurlMultiHandler.php(110): GuzzleHttp\Handler\CurlMultiHandler->processMessages()
#4 E:\xampp73\htdocs\filecroco\loader\vendor\guzzlehttp\guzzle\src\Handler\CurlMultiHandler.php(125): GuzzleHttp\Handler\CurlMultiHandler->tick()
#5 E:\xampp73\htdocs\filecroco\loader\vendor\guzzlehttp\promises\src\Promise.php(246): GuzzleHttp\Handler\CurlMultiHandler->execute(true)
#6 E:\xampp73\htdocs\filecroco\loader\vendor\guzzlehttp\promises\src\Promise.php(223): GuzzleHttp\Promise\Promise->invokeWaitFn()
#7 E:\xampp73\htdocs\filecroco\loader\vendor\guzzlehttp\promises\src\Promise.php(267): GuzzleHttp\Promise\Promise->waitIfPending()
#8 E:\xampp73\htdocs\filecroco\loader\vendor\guzzlehttp\promises\src\Promise.php(225): GuzzleHttp\Promise\Promise->invokeWaitList()
#9 E:\xampp73\htdocs\filecroco\loader\vendor\guzzlehttp\promises\src\Promise.php(62): GuzzleHttp\Promise\Promise->waitIfPending()
#10 E:\xampp73\htdocs\filecroco\loader\vendor\guzzlehttp\promises\src\EachPromise.php(101): GuzzleHttp\Promise\Promise->wait()
#11 E:\xampp73\htdocs\filecroco\loader\vendor\guzzlehttp\promises\src\Promise.php(246): GuzzleHttp\Promise\EachPromise->GuzzleHttp\Promise\{closure}(true)
#12 E:\xampp73\htdocs\filecroco\loader\vendor\guzzlehttp\promises\src\Promise.php(223): GuzzleHttp\Promise\Promise->invokeWaitFn()
#13 E:\xampp73\htdocs\filecroco\loader\vendor\guzzlehttp\promises\src\Promise.php(62): GuzzleHttp\Promise\Promise->waitIfPending()
#14 E:\xampp73\htdocs\filecroco\loader\updatedownloadlink.php(95): GuzzleHttp\Promise\Promise->wait()
#15 {main}|100GuzzleHttp\Exception\RequestException: cURL error 56:  (see http://curl.haxx.se/libcurl/c/libcurl-errors.html) in E:\xampp73\htdocs\filecroco\loader\vendor\guzzlehttp\guzzle\src\Handler\CurlFactory.php:186
Stack trace:
#0 E:\xampp73\htdocs\filecroco\loader\vendor\guzzlehttp\guzzle\src\Handler\CurlFactory.php(149): GuzzleHttp\Handler\CurlFactory::createRejection(Object(GuzzleHttp\Handler\EasyHandle), Array)
#1 E:\xampp73\htdocs\filecroco\loader\vendor\guzzlehttp\guzzle\src\Handler\CurlFactory.php(102): GuzzleHttp\Handler\CurlFactory::finishError(Object(GuzzleHttp\Handler\CurlMultiHandler), Object(GuzzleHttp\Handler\EasyHandle), Object(GuzzleHttp\Handler\CurlFactory))
#2 E:\xampp73\htdocs\filecroco\loader\vendor\guzzlehttp\guzzle\src\Handler\CurlMultiHandler.php(181): GuzzleHttp\Handler\CurlFactory::finish(Object(GuzzleHttp\Handler\CurlMultiHandler), Object(GuzzleHttp\Handler\EasyHandle), Object(GuzzleHttp\Handler\CurlFactory))
#3 E:\xampp73\htdocs\filecroco\loader\vendor\guzzlehttp\guzzle\src\Handler\CurlMultiHandler.php(110): GuzzleHttp\Handler\CurlMultiHandler->processMessages()
#4 E:\xampp73\htdocs\filecroco\loader\vendor\guzzlehttp\guzzle\src\Handler\CurlMultiHandler.php(125): GuzzleHttp\Handler\CurlMultiHandler->tick()
#5 E:\xampp73\htdocs\filecroco\loader\vendor\guzzlehttp\promises\src\Promise.php(246): GuzzleHttp\Handler\CurlMultiHandler->execute(true)
#6 E:\xampp73\htdocs\filecroco\loader\vendor\guzzlehttp\promises\src\Promise.php(223): GuzzleHttp\Promise\Promise->invokeWaitFn()
#7 E:\xampp73\htdocs\filecroco\loader\vendor\guzzlehttp\promises\src\Promise.php(267): GuzzleHttp\Promise\Promise->waitIfPending()
#8 E:\xampp73\htdocs\filecroco\loader\vendor\guzzlehttp\promises\src\Promise.php(225): GuzzleHttp\Promise\Promise->invokeWaitList()
#9 E:\xampp73\htdocs\filecroco\loader\vendor\guzzlehttp\promises\src\Promise.php(62): GuzzleHttp\Promise\Promise->waitIfPending()
#10 E:\xampp73\htdocs\filecroco\loader\vendor\guzzlehttp\promises\src\EachPromise.php(101): GuzzleHttp\Promise\Promise->wait()
#11 E:\xampp73\htdocs\filecroco\loader\vendor\guzzlehttp\promises\src\Promise.php(246): GuzzleHttp\Promise\EachPromise->GuzzleHttp\Promise\{closure}(true)
#12 E:\xampp73\htdocs\filecroco\loader\vendor\guzzlehttp\promises\src\Promise.php(223): GuzzleHttp\Promise\Promise->invokeWaitFn()
#13 E:\xampp73\htdocs\filecroco\loader\vendor\guzzlehttp\promises\src\Promise.php(62): GuzzleHttp\Promise\Promise->waitIfPending()
#14 E:\xampp73\htdocs\filecroco\loader\updatedownloadlink.php(95): GuzzleHttp\Promise\Promise->wait()
#15 {main}|101GuzzleHttp\Exception\RequestException: cURL error 56:  (see http://curl.haxx.se/libcurl/c/libcurl-errors.html) in E:\xampp73\htdocs\filecroco\loader\vendor\guzzlehttp\guzzle\src\Handler\CurlFactory.php:186
Stack trace:
#0 E:\xampp73\htdocs\filecroco\loader\vendor\guzzlehttp\guzzle\src\Handler\CurlFactory.php(149): GuzzleHttp\Handler\CurlFactory::createRejection(Object(GuzzleHttp\Handler\EasyHandle), Array)
#1 E:\xampp73\htdocs\filecroco\loader\vendor\guzzlehttp\guzzle\src\Handler\CurlFactory.php(102): GuzzleHttp\Handler\CurlFactory::finishError(Object(GuzzleHttp\Handler\CurlMultiHandler), Object(GuzzleHttp\Handler\EasyHandle), Object(GuzzleHttp\Handler\CurlFactory))
#2 E:\xampp73\htdocs\filecroco\loader\vendor\guzzlehttp\guzzle\src\Handler\CurlMultiHandler.php(181): GuzzleHttp\Handler\CurlFactory::finish(Object(GuzzleHttp\Handler\CurlMultiHandler), Object(GuzzleHttp\Handler\EasyHandle), Object(GuzzleHttp\Handler\CurlFactory))
#3 E:\xampp73\htdocs\filecroco\loader\vendor\guzzlehttp\guzzle\src\Handler\CurlMultiHandler.php(110): GuzzleHttp\Handler\CurlMultiHandler->processMessages()
#4 E:\xampp73\htdocs\filecroco\loader\vendor\guzzlehttp\guzzle\src\Handler\CurlMultiHandler.php(125): GuzzleHttp\Handler\CurlMultiHandler->tick()
#5 E:\xampp73\htdocs\filecroco\loader\vendor\guzzlehttp\promises\src\Promise.php(246): GuzzleHttp\Handler\CurlMultiHandler->execute(true)
#6 E:\xampp73\htdocs\filecroco\loader\vendor\guzzlehttp\promises\src\Promise.php(223): GuzzleHttp\Promise\Promise->invokeWaitFn()
#7 E:\xampp73\htdocs\filecroco\loader\vendor\guzzlehttp\promises\src\Promise.php(267): GuzzleHttp\Promise\Promise->waitIfPending()
#8 E:\xampp73\htdocs\filecroco\loader\vendor\guzzlehttp\promises\src\Promise.php(225): GuzzleHttp\Promise\Promise->invokeWaitList()
#9 E:\xampp73\htdocs\filecroco\loader\vendor\guzzlehttp\promises\src\Promise.php(62): GuzzleHttp\Promise\Promise->waitIfPending()
#10 E:\xampp73\htdocs\filecroco\loader\vendor\guzzlehttp\promises\src\EachPromise.php(101): GuzzleHttp\Promise\Promise->wait()
#11 E:\xampp73\htdocs\filecroco\loader\vendor\guzzlehttp\promises\src\Promise.php(246): GuzzleHttp\Promise\EachPromise->GuzzleHttp\Promise\{closure}(true)
#12 E:\xampp73\htdocs\filecroco\loader\vendor\guzzlehttp\promises\src\Promise.php(223): GuzzleHttp\Promise\Promise->invokeWaitFn()
#13 E:\xampp73\htdocs\filecroco\loader\vendor\guzzlehttp\promises\src\Promise.php(62): GuzzleHttp\Promise\Promise->waitIfPending()
#14 E:\xampp73\htdocs\filecroco\loader\updatedownloadlink.php(95): GuzzleHttp\Promise\Promise->wait()
#15 {main}|102GuzzleHttp\Exception\RequestException: cURL error 56:  (see http://curl.haxx.se/libcurl/c/libcurl-errors.html) in E:\xampp73\htdocs\filecroco\loader\vendor\guzzlehttp\guzzle\src\Handler\CurlFactory.php:186
Stack trace:
#0 E:\xampp73\htdocs\filecroco\loader\vendor\guzzlehttp\guzzle\src\Handler\CurlFactory.php(149): GuzzleHttp\Handler\CurlFactory::createRejection(Object(GuzzleHttp\Handler\EasyHandle), Array)
#1 E:\xampp73\htdocs\filecroco\loader\vendor\guzzlehttp\guzzle\src\Handler\CurlFactory.php(102): GuzzleHttp\Handler\CurlFactory::finishError(Object(GuzzleHttp\Handler\CurlMultiHandler), Object(GuzzleHttp\Handler\EasyHandle), Object(GuzzleHttp\Handler\CurlFactory))
#2 E:\xampp73\htdocs\filecroco\loader\vendor\guzzlehttp\guzzle\src\Handler\CurlMultiHandler.php(181): GuzzleHttp\Handler\CurlFactory::finish(Object(GuzzleHttp\Handler\CurlMultiHandler), Object(GuzzleHttp\Handler\EasyHandle), Object(GuzzleHttp\Handler\CurlFactory))
#3 E:\xampp73\htdocs\filecroco\loader\vendor\guzzlehttp\guzzle\src\Handler\CurlMultiHandler.php(110): GuzzleHttp\Handler\CurlMultiHandler->processMessages()
#4 E:\xampp73\htdocs\filecroco\loader\vendor\guzzlehttp\guzzle\src\Handler\CurlMultiHandler.php(125): GuzzleHttp\Handler\CurlMultiHandler->tick()
#5 E:\xampp73\htdocs\filecroco\loader\vendor\guzzlehttp\promises\src\Promise.php(246): GuzzleHttp\Handler\CurlMultiHandler->execute(true)
#6 E:\xampp73\htdocs\filecroco\loader\vendor\guzzlehttp\promises\src\Promise.php(223): GuzzleHttp\Promise\Promise->invokeWaitFn()
#7 E:\xampp73\htdocs\filecroco\loader\vendor\guzzlehttp\promises\src\Promise.php(267): GuzzleHttp\Promise\Promise->waitIfPending()
#8 E:\xampp73\htdocs\filecroco\loader\vendor\guzzlehttp\promises\src\Promise.php(225): GuzzleHttp\Promise\Promise->invokeWaitList()
#9 E:\xampp73\htdocs\filecroco\loader\vendor\guzzlehttp\promises\src\Promise.php(62): GuzzleHttp\Promise\Promise->waitIfPending()
#10 E:\xampp73\htdocs\filecroco\loader\vendor\guzzlehttp\promises\src\EachPromise.php(101): GuzzleHttp\Promise\Promise->wait()
#11 E:\xampp73\htdocs\filecroco\loader\vendor\guzzlehttp\promises\src\Promise.php(246): GuzzleHttp\Promise\EachPromise->GuzzleHttp\Promise\{closure}(true)
#12 E:\xampp73\htdocs\filecroco\loader\vendor\guzzlehttp\promises\src\Promise.php(223): GuzzleHttp\Promise\Promise->invokeWaitFn()
#13 E:\xampp73\htdocs\filecroco\loader\vendor\guzzlehttp\promises\src\Promise.php(62): GuzzleHttp\Promise\Promise->waitIfPending()
#14 E:\xampp73\htdocs\filecroco\loader\updatedownloadlink.php(95): GuzzleHttp\Promise\Promise->wait()
#15 {main}|103GuzzleHttp\Exception\RequestException: cURL error 56:  (see http://curl.haxx.se/libcurl/c/libcurl-errors.html) in E:\xampp73\htdocs\filecroco\loader\vendor\guzzlehttp\guzzle\src\Handler\CurlFactory.php:186
Stack trace:
#0 E:\xampp73\htdocs\filecroco\loader\vendor\guzzlehttp\guzzle\src\Handler\CurlFactory.php(149): GuzzleHttp\Handler\CurlFactory::createRejection(Object(GuzzleHttp\Handler\EasyHandle), Array)
#1 E:\xampp73\htdocs\filecroco\loader\vendor\guzzlehttp\guzzle\src\Handler\CurlFactory.php(102): GuzzleHttp\Handler\CurlFactory::finishError(Object(GuzzleHttp\Handler\CurlMultiHandler), Object(GuzzleHttp\Handler\EasyHandle), Object(GuzzleHttp\Handler\CurlFactory))
#2 E:\xampp73\htdocs\filecroco\loader\vendor\guzzlehttp\guzzle\src\Handler\CurlMultiHandler.php(181): GuzzleHttp\Handler\CurlFactory::finish(Object(GuzzleHttp\Handler\CurlMultiHandler), Object(GuzzleHttp\Handler\EasyHandle), Object(GuzzleHttp\Handler\CurlFactory))
#3 E:\xampp73\htdocs\filecroco\loader\vendor\guzzlehttp\guzzle\src\Handler\CurlMultiHandler.php(110): GuzzleHttp\Handler\CurlMultiHandler->processMessages()
#4 E:\xampp73\htdocs\filecroco\loader\vendor\guzzlehttp\guzzle\src\Handler\CurlMultiHandler.php(125): GuzzleHttp\Handler\CurlMultiHandler->tick()
#5 E:\xampp73\htdocs\filecroco\loader\vendor\guzzlehttp\promises\src\Promise.php(246): GuzzleHttp\Handler\CurlMultiHandler->execute(true)
#6 E:\xampp73\htdocs\filecroco\loader\vendor\guzzlehttp\promises\src\Promise.php(223): GuzzleHttp\Promise\Promise->invokeWaitFn()
#7 E:\xampp73\htdocs\filecroco\loader\vendor\guzzlehttp\promises\src\Promise.php(267): GuzzleHttp\Promise\Promise->waitIfPending()
#8 E:\xampp73\htdocs\filecroco\loader\vendor\guzzlehttp\promises\src\Promise.php(225): GuzzleHttp\Promise\Promise->invokeWaitList()
#9 E:\xampp73\htdocs\filecroco\loader\vendor\guzzlehttp\promises\src\Promise.php(62): GuzzleHttp\Promise\Promise->waitIfPending()
#10 E:\xampp73\htdocs\filecroco\loader\vendor\guzzlehttp\promises\src\EachPromise.php(101): GuzzleHttp\Promise\Promise->wait()
#11 E:\xampp73\htdocs\filecroco\loader\vendor\guzzlehttp\promises\src\Promise.php(246): GuzzleHttp\Promise\EachPromise->GuzzleHttp\Promise\{closure}(true)
#12 E:\xampp73\htdocs\filecroco\loader\vendor\guzzlehttp\promises\src\Promise.php(223): GuzzleHttp\Promise\Promise->invokeWaitFn()
#13 E:\xampp73\htdocs\filecroco\loader\vendor\guzzlehttp\promises\src\Promise.php(62): GuzzleHttp\Promise\Promise->waitIfPending()
#14 E:\xampp73\htdocs\filecroco\loader\updatedownloadlink.php(95): GuzzleHttp\Promise\Promise->wait()
#15 {main}|104GuzzleHttp\Exception\RequestException: cURL error 56:  (see http://curl.haxx.se/libcurl/c/libcurl-errors.html) in E:\xampp73\htdocs\filecroco\loader\vendor\guzzlehttp\guzzle\src\Handler\CurlFactory.php:186
Stack trace:
#0 E:\xampp73\htdocs\filecroco\loader\vendor\guzzlehttp\guzzle\src\Handler\CurlFactory.php(149): GuzzleHttp\Handler\CurlFactory::createRejection(Object(GuzzleHttp\Handler\EasyHandle), Array)
#1 E:\xampp73\htdocs\filecroco\loader\vendor\guzzlehttp\guzzle\src\Handler\CurlFactory.php(102): GuzzleHttp\Handler\CurlFactory::finishError(Object(GuzzleHttp\Handler\CurlMultiHandler), Object(GuzzleHttp\Handler\EasyHandle), Object(GuzzleHttp\Handler\CurlFactory))
#2 E:\xampp73\htdocs\filecroco\loader\vendor\guzzlehttp\guzzle\src\Handler\CurlMultiHandler.php(181): GuzzleHttp\Handler\CurlFactory::finish(Object(GuzzleHttp\Handler\CurlMultiHandler), Object(GuzzleHttp\Handler\EasyHandle), Object(GuzzleHttp\Handler\CurlFactory))
#3 E:\xampp73\htdocs\filecroco\loader\vendor\guzzlehttp\guzzle\src\Handler\CurlMultiHandler.php(110): GuzzleHttp\Handler\CurlMultiHandler->processMessages()
#4 E:\xampp73\htdocs\filecroco\loader\vendor\guzzlehttp\guzzle\src\Handler\CurlMultiHandler.php(125): GuzzleHttp\Handler\CurlMultiHandler->tick()
#5 E:\xampp73\htdocs\filecroco\loader\vendor\guzzlehttp\promises\src\Promise.php(246): GuzzleHttp\Handler\CurlMultiHandler->execute(true)
#6 E:\xampp73\htdocs\filecroco\loader\vendor\guzzlehttp\promises\src\Promise.php(223): GuzzleHttp\Promise\Promise->invokeWaitFn()
#7 E:\xampp73\htdocs\filecroco\loader\vendor\guzzlehttp\promises\src\Promise.php(267): GuzzleHttp\Promise\Promise->waitIfPending()
#8 E:\xampp73\htdocs\filecroco\loader\vendor\guzzlehttp\promises\src\Promise.php(225): GuzzleHttp\Promise\Promise->invokeWaitList()
#9 E:\xampp73\htdocs\filecroco\loader\vendor\guzzlehttp\promises\src\Promise.php(62): GuzzleHttp\Promise\Promise->waitIfPending()
#10 E:\xampp73\htdocs\filecroco\loader\vendor\guzzlehttp\promises\src\EachPromise.php(101): GuzzleHttp\Promise\Promise->wait()
#11 E:\xampp73\htdocs\filecroco\loader\vendor\guzzlehttp\promises\src\Promise.php(246): GuzzleHttp\Promise\EachPromise->GuzzleHttp\Promise\{closure}(true)
#12 E:\xampp73\htdocs\filecroco\loader\vendor\guzzlehttp\promises\src\Promise.php(223): GuzzleHttp\Promise\Promise->invokeWaitFn()
#13 E:\xampp73\htdocs\filecroco\loader\vendor\guzzlehttp\promises\src\Promise.php(62): GuzzleHttp\Promise\Promise->waitIfPending()
#14 E:\xampp73\htdocs\filecroco\loader\updatedownloadlink.php(95): GuzzleHttp\Promise\Promise->wait()
#15 {main}|105GuzzleHttp\Exception\RequestException: cURL error 56:  (see http://curl.haxx.se/libcurl/c/libcurl-errors.html) in E:\xampp73\htdocs\filecroco\loader\vendor\guzzlehttp\guzzle\src\Handler\CurlFactory.php:186
Stack trace:
#0 E:\xampp73\htdocs\filecroco\loader\vendor\guzzlehttp\guzzle\src\Handler\CurlFactory.php(149): GuzzleHttp\Handler\CurlFactory::createRejection(Object(GuzzleHttp\Handler\EasyHandle), Array)
#1 E:\xampp73\htdocs\filecroco\loader\vendor\guzzlehttp\guzzle\src\Handler\CurlFactory.php(102): GuzzleHttp\Handler\CurlFactory::finishError(Object(GuzzleHttp\Handler\CurlMultiHandler), Object(GuzzleHttp\Handler\EasyHandle), Object(GuzzleHttp\Handler\CurlFactory))
#2 E:\xampp73\htdocs\filecroco\loader\vendor\guzzlehttp\guzzle\src\Handler\CurlMultiHandler.php(181): GuzzleHttp\Handler\CurlFactory::finish(Object(GuzzleHttp\Handler\CurlMultiHandler), Object(GuzzleHttp\Handler\EasyHandle), Object(GuzzleHttp\Handler\CurlFactory))
#3 E:\xampp73\htdocs\filecroco\loader\vendor\guzzlehttp\guzzle\src\Handler\CurlMultiHandler.php(110): GuzzleHttp\Handler\CurlMultiHandler->processMessages()
#4 E:\xampp73\htdocs\filecroco\loader\vendor\guzzlehttp\guzzle\src\Handler\CurlMultiHandler.php(125): GuzzleHttp\Handler\CurlMultiHandler->tick()
#5 E:\xampp73\htdocs\filecroco\loader\vendor\guzzlehttp\promises\src\Promise.php(246): GuzzleHttp\Handler\CurlMultiHandler->execute(true)
#6 E:\xampp73\htdocs\filecroco\loader\vendor\guzzlehttp\promises\src\Promise.php(223): GuzzleHttp\Promise\Promise->invokeWaitFn()
#7 E:\xampp73\htdocs\filecroco\loader\vendor\guzzlehttp\promises\src\Promise.php(267): GuzzleHttp\Promise\Promise->waitIfPending()
#8 E:\xampp73\htdocs\filecroco\loader\vendor\guzzlehttp\promises\src\Promise.php(225): GuzzleHttp\Promise\Promise->invokeWaitList()
#9 E:\xampp73\htdocs\filecroco\loader\vendor\guzzlehttp\promises\src\Promise.php(62): GuzzleHttp\Promise\Promise->waitIfPending()
#10 E:\xampp73\htdocs\filecroco\loader\vendor\guzzlehttp\promises\src\EachPromise.php(101): GuzzleHttp\Promise\Promise->wait()
#11 E:\xampp73\htdocs\filecroco\loader\vendor\guzzlehttp\promises\src\Promise.php(246): GuzzleHttp\Promise\EachPromise->GuzzleHttp\Promise\{closure}(true)
#12 E:\xampp73\htdocs\filecroco\loader\vendor\guzzlehttp\promises\src\Promise.php(223): GuzzleHttp\Promise\Promise->invokeWaitFn()
#13 E:\xampp73\htdocs\filecroco\loader\vendor\guzzlehttp\promises\src\Promise.php(62): GuzzleHttp\Promise\Promise->waitIfPending()
#14 E:\xampp73\htdocs\filecroco\loader\updatedownloadlink.php(95): GuzzleHttp\Promise\Promise->wait()
#15 {main}|106GuzzleHttp\Exception\RequestException: cURL error 56:  (see http://curl.haxx.se/libcurl/c/libcurl-errors.html) in E:\xampp73\htdocs\filecroco\loader\vendor\guzzlehttp\guzzle\src\Handler\CurlFactory.php:186
Stack trace:
#0 E:\xampp73\htdocs\filecroco\loader\vendor\guzzlehttp\guzzle\src\Handler\CurlFactory.php(149): GuzzleHttp\Handler\CurlFactory::createRejection(Object(GuzzleHttp\Handler\EasyHandle), Array)
#1 E:\xampp73\htdocs\filecroco\loader\vendor\guzzlehttp\guzzle\src\Handler\CurlFactory.php(102): GuzzleHttp\Handler\CurlFactory::finishError(Object(GuzzleHttp\Handler\CurlMultiHandler), Object(GuzzleHttp\Handler\EasyHandle), Object(GuzzleHttp\Handler\CurlFactory))
#2 E:\xampp73\htdocs\filecroco\loader\vendor\guzzlehttp\guzzle\src\Handler\CurlMultiHandler.php(181): GuzzleHttp\Handler\CurlFactory::finish(Object(GuzzleHttp\Handler\CurlMultiHandler), Object(GuzzleHttp\Handler\EasyHandle), Object(GuzzleHttp\Handler\CurlFactory))
#3 E:\xampp73\htdocs\filecroco\loader\vendor\guzzlehttp\guzzle\src\Handler\CurlMultiHandler.php(110): GuzzleHttp\Handler\CurlMultiHandler->processMessages()
#4 E:\xampp73\htdocs\filecroco\loader\vendor\guzzlehttp\guzzle\src\Handler\CurlMultiHandler.php(125): GuzzleHttp\Handler\CurlMultiHandler->tick()
#5 E:\xampp73\htdocs\filecroco\loader\vendor\guzzlehttp\promises\src\Promise.php(246): GuzzleHttp\Handler\CurlMultiHandler->execute(true)
#6 E:\xampp73\htdocs\filecroco\loader\vendor\guzzlehttp\promises\src\Promise.php(223): GuzzleHttp\Promise\Promise->invokeWaitFn()
#7 E:\xampp73\htdocs\filecroco\loader\vendor\guzzlehttp\promises\src\Promise.php(267): GuzzleHttp\Promise\Promise->waitIfPending()
#8 E:\xampp73\htdocs\filecroco\loader\vendor\guzzlehttp\promises\src\Promise.php(225): GuzzleHttp\Promise\Promise->invokeWaitList()
#9 E:\xampp73\htdocs\filecroco\loader\vendor\guzzlehttp\promises\src\Promise.php(62): GuzzleHttp\Promise\Promise->waitIfPending()
#10 E:\xampp73\htdocs\filecroco\loader\vendor\guzzlehttp\promises\src\EachPromise.php(101): GuzzleHttp\Promise\Promise->wait()
#11 E:\xampp73\htdocs\filecroco\loader\vendor\guzzlehttp\promises\src\Promise.php(246): GuzzleHttp\Promise\EachPromise->GuzzleHttp\Promise\{closure}(true)
#12 E:\xampp73\htdocs\filecroco\loader\vendor\guzzlehttp\promises\src\Promise.php(223): GuzzleHttp\Promise\Promise->invokeWaitFn()
#13 E:\xampp73\htdocs\filecroco\loader\vendor\guzzlehttp\promises\src\Promise.php(62): GuzzleHttp\Promise\Promise->waitIfPending()
#14 E:\xampp73\htdocs\filecroco\loader\updatedownloadlink.php(95): GuzzleHttp\Promise\Promise->wait()
#15 {main}|107GuzzleHttp\Exception\RequestException: cURL error 56:  (see http://curl.haxx.se/libcurl/c/libcurl-errors.html) in E:\xampp73\htdocs\filecroco\loader\vendor\guzzlehttp\guzzle\src\Handler\CurlFactory.php:186
Stack trace:
#0 E:\xampp73\htdocs\filecroco\loader\vendor\guzzlehttp\guzzle\src\Handler\CurlFactory.php(149): GuzzleHttp\Handler\CurlFactory::createRejection(Object(GuzzleHttp\Handler\EasyHandle), Array)
#1 E:\xampp73\htdocs\filecroco\loader\vendor\guzzlehttp\guzzle\src\Handler\CurlFactory.php(102): GuzzleHttp\Handler\CurlFactory::finishError(Object(GuzzleHttp\Handler\CurlMultiHandler), Object(GuzzleHttp\Handler\EasyHandle), Object(GuzzleHttp\Handler\CurlFactory))
#2 E:\xampp73\htdocs\filecroco\loader\vendor\guzzlehttp\guzzle\src\Handler\CurlMultiHandler.php(181): GuzzleHttp\Handler\CurlFactory::finish(Object(GuzzleHttp\Handler\CurlMultiHandler), Object(GuzzleHttp\Handler\EasyHandle), Object(GuzzleHttp\Handler\CurlFactory))
#3 E:\xampp73\htdocs\filecroco\loader\vendor\guzzlehttp\guzzle\src\Handler\CurlMultiHandler.php(110): GuzzleHttp\Handler\CurlMultiHandler->processMessages()
#4 E:\xampp73\htdocs\filecroco\loader\vendor\guzzlehttp\guzzle\src\Handler\CurlMultiHandler.php(125): GuzzleHttp\Handler\CurlMultiHandler->tick()
#5 E:\xampp73\htdocs\filecroco\loader\vendor\guzzlehttp\promises\src\Promise.php(246): GuzzleHttp\Handler\CurlMultiHandler->execute(true)
#6 E:\xampp73\htdocs\filecroco\loader\vendor\guzzlehttp\promises\src\Promise.php(223): GuzzleHttp\Promise\Promise->invokeWaitFn()
#7 E:\xampp73\htdocs\filecroco\loader\vendor\guzzlehttp\promises\src\Promise.php(267): GuzzleHttp\Promise\Promise->waitIfPending()
#8 E:\xampp73\htdocs\filecroco\loader\vendor\guzzlehttp\promises\src\Promise.php(225): GuzzleHttp\Promise\Promise->invokeWaitList()
#9 E:\xampp73\htdocs\filecroco\loader\vendor\guzzlehttp\promises\src\Promise.php(62): GuzzleHttp\Promise\Promise->waitIfPending()
#10 E:\xampp73\htdocs\filecroco\loader\vendor\guzzlehttp\promises\src\EachPromise.php(101): GuzzleHttp\Promise\Promise->wait()
#11 E:\xampp73\htdocs\filecroco\loader\vendor\guzzlehttp\promises\src\Promise.php(246): GuzzleHttp\Promise\EachPromise->GuzzleHttp\Promise\{closure}(true)
#12 E:\xampp73\htdocs\filecroco\loader\vendor\guzzlehttp\promises\src\Promise.php(223): GuzzleHttp\Promise\Promise->invokeWaitFn()
#13 E:\xampp73\htdocs\filecroco\loader\vendor\guzzlehttp\promises\src\Promise.php(62): GuzzleHttp\Promise\Promise->waitIfPending()
#14 E:\xampp73\htdocs\filecroco\loader\updatedownloadlink.php(95): GuzzleHttp\Promise\Promise->wait()
#15 {main}|108GuzzleHttp\Exception\RequestException: cURL error 56:  (see http://curl.haxx.se/libcurl/c/libcurl-errors.html) in E:\xampp73\htdocs\filecroco\loader\vendor\guzzlehttp\guzzle\src\Handler\CurlFactory.php:186
Stack trace:
#0 E:\xampp73\htdocs\filecroco\loader\vendor\guzzlehttp\guzzle\src\Handler\CurlFactory.php(149): GuzzleHttp\Handler\CurlFactory::createRejection(Object(GuzzleHttp\Handler\EasyHandle), Array)
#1 E:\xampp73\htdocs\filecroco\loader\vendor\guzzlehttp\guzzle\src\Handler\CurlFactory.php(102): GuzzleHttp\Handler\CurlFactory::finishError(Object(GuzzleHttp\Handler\CurlMultiHandler), Object(GuzzleHttp\Handler\EasyHandle), Object(GuzzleHttp\Handler\CurlFactory))
#2 E:\xampp73\htdocs\filecroco\loader\vendor\guzzlehttp\guzzle\src\Handler\CurlMultiHandler.php(181): GuzzleHttp\Handler\CurlFactory::finish(Object(GuzzleHttp\Handler\CurlMultiHandler), Object(GuzzleHttp\Handler\EasyHandle), Object(GuzzleHttp\Handler\CurlFactory))
#3 E:\xampp73\htdocs\filecroco\loader\vendor\guzzlehttp\guzzle\src\Handler\CurlMultiHandler.php(110): GuzzleHttp\Handler\CurlMultiHandler->processMessages()
#4 E:\xampp73\htdocs\filecroco\loader\vendor\guzzlehttp\guzzle\src\Handler\CurlMultiHandler.php(125): GuzzleHttp\Handler\CurlMultiHandler->tick()
#5 E:\xampp73\htdocs\filecroco\loader\vendor\guzzlehttp\promises\src\Promise.php(246): GuzzleHttp\Handler\CurlMultiHandler->execute(true)
#6 E:\xampp73\htdocs\filecroco\loader\vendor\guzzlehttp\promises\src\Promise.php(223): GuzzleHttp\Promise\Promise->invokeWaitFn()
#7 E:\xampp73\htdocs\filecroco\loader\vendor\guzzlehttp\promises\src\Promise.php(267): GuzzleHttp\Promise\Promise->waitIfPending()
#8 E:\xampp73\htdocs\filecroco\loader\vendor\guzzlehttp\promises\src\Promise.php(225): GuzzleHttp\Promise\Promise->invokeWaitList()
#9 E:\xampp73\htdocs\filecroco\loader\vendor\guzzlehttp\promises\src\Promise.php(62): GuzzleHttp\Promise\Promise->waitIfPending()
#10 E:\xampp73\htdocs\filecroco\loader\vendor\guzzlehttp\promises\src\EachPromise.php(101): GuzzleHttp\Promise\Promise->wait()
#11 E:\xampp73\htdocs\filecroco\loader\vendor\guzzlehttp\promises\src\Promise.php(246): GuzzleHttp\Promise\EachPromise->GuzzleHttp\Promise\{closure}(true)
#12 E:\xampp73\htdocs\filecroco\loader\vendor\guzzlehttp\promises\src\Promise.php(223): GuzzleHttp\Promise\Promise->invokeWaitFn()
#13 E:\xampp73\htdocs\filecroco\loader\vendor\guzzlehttp\promises\src\Promise.php(62): GuzzleHttp\Promise\Promise->waitIfPending()
#14 E:\xampp73\htdocs\filecroco\loader\updatedownloadlink.php(95): GuzzleHttp\Promise\Promise->wait()
#15 {main}|109GuzzleHttp\Exception\RequestException: cURL error 56:  (see http://curl.haxx.se/libcurl/c/libcurl-errors.html) in E:\xampp73\htdocs\filecroco\loader\vendor\guzzlehttp\guzzle\src\Handler\CurlFactory.php:186
Stack trace:
#0 E:\xampp73\htdocs\filecroco\loader\vendor\guzzlehttp\guzzle\src\Handler\CurlFactory.php(149): GuzzleHttp\Handler\CurlFactory::createRejection(Object(GuzzleHttp\Handler\EasyHandle), Array)
#1 E:\xampp73\htdocs\filecroco\loader\vendor\guzzlehttp\guzzle\src\Handler\CurlFactory.php(102): GuzzleHttp\Handler\CurlFactory::finishError(Object(GuzzleHttp\Handler\CurlMultiHandler), Object(GuzzleHttp\Handler\EasyHandle), Object(GuzzleHttp\Handler\CurlFactory))
#2 E:\xampp73\htdocs\filecroco\loader\vendor\guzzlehttp\guzzle\src\Handler\CurlMultiHandler.php(181): GuzzleHttp\Handler\CurlFactory::finish(Object(GuzzleHttp\Handler\CurlMultiHandler), Object(GuzzleHttp\Handler\EasyHandle), Object(GuzzleHttp\Handler\CurlFactory))
#3 E:\xampp73\htdocs\filecroco\loader\vendor\guzzlehttp\guzzle\src\Handler\CurlMultiHandler.php(110): GuzzleHttp\Handler\CurlMultiHandler->processMessages()
#4 E:\xampp73\htdocs\filecroco\loader\vendor\guzzlehttp\guzzle\src\Handler\CurlMultiHandler.php(125): GuzzleHttp\Handler\CurlMultiHandler->tick()
#5 E:\xampp73\htdocs\filecroco\loader\vendor\guzzlehttp\promises\src\Promise.php(246): GuzzleHttp\Handler\CurlMultiHandler->execute(true)
#6 E:\xampp73\htdocs\filecroco\loader\vendor\guzzlehttp\promises\src\Promise.php(223): GuzzleHttp\Promise\Promise->invokeWaitFn()
#7 E:\xampp73\htdocs\filecroco\loader\vendor\guzzlehttp\promises\src\Promise.php(267): GuzzleHttp\Promise\Promise->waitIfPending()
#8 E:\xampp73\htdocs\filecroco\loader\vendor\guzzlehttp\promises\src\Promise.php(225): GuzzleHttp\Promise\Promise->invokeWaitList()
#9 E:\xampp73\htdocs\filecroco\loader\vendor\guzzlehttp\promises\src\Promise.php(62): GuzzleHttp\Promise\Promise->waitIfPending()
#10 E:\xampp73\htdocs\filecroco\loader\vendor\guzzlehttp\promises\src\EachPromise.php(101): GuzzleHttp\Promise\Promise->wait()
#11 E:\xampp73\htdocs\filecroco\loader\vendor\guzzlehttp\promises\src\Promise.php(246): GuzzleHttp\Promise\EachPromise->GuzzleHttp\Promise\{closure}(true)
#12 E:\xampp73\htdocs\filecroco\loader\vendor\guzzlehttp\promises\src\Promise.php(223): GuzzleHttp\Promise\Promise->invokeWaitFn()
#13 E:\xampp73\htdocs\filecroco\loader\vendor\guzzlehttp\promises\src\Promise.php(62): GuzzleHttp\Promise\Promise->waitIfPending()
#14 E:\xampp73\htdocs\filecroco\loader\updatedownloadlink.php(95): GuzzleHttp\Promise\Promise->wait()
#15 {main}|110GuzzleHttp\Exception\RequestException: cURL error 56:  (see http://curl.haxx.se/libcurl/c/libcurl-errors.html) in E:\xampp73\htdocs\filecroco\loader\vendor\guzzlehttp\guzzle\src\Handler\CurlFactory.php:186
Stack trace:
#0 E:\xampp73\htdocs\filecroco\loader\vendor\guzzlehttp\guzzle\src\Handler\CurlFactory.php(149): GuzzleHttp\Handler\CurlFactory::createRejection(Object(GuzzleHttp\Handler\EasyHandle), Array)
#1 E:\xampp73\htdocs\filecroco\loader\vendor\guzzlehttp\guzzle\src\Handler\CurlFactory.php(102): GuzzleHttp\Handler\CurlFactory::finishError(Object(GuzzleHttp\Handler\CurlMultiHandler), Object(GuzzleHttp\Handler\EasyHandle), Object(GuzzleHttp\Handler\CurlFactory))
#2 E:\xampp73\htdocs\filecroco\loader\vendor\guzzlehttp\guzzle\src\Handler\CurlMultiHandler.php(181): GuzzleHttp\Handler\CurlFactory::finish(Object(GuzzleHttp\Handler\CurlMultiHandler), Object(GuzzleHttp\Handler\EasyHandle), Object(GuzzleHttp\Handler\CurlFactory))
#3 E:\xampp73\htdocs\filecroco\loader\vendor\guzzlehttp\guzzle\src\Handler\CurlMultiHandler.php(110): GuzzleHttp\Handler\CurlMultiHandler->processMessages()
#4 E:\xampp73\htdocs\filecroco\loader\vendor\guzzlehttp\guzzle\src\Handler\CurlMultiHandler.php(125): GuzzleHttp\Handler\CurlMultiHandler->tick()
#5 E:\xampp73\htdocs\filecroco\loader\vendor\guzzlehttp\promises\src\Promise.php(246): GuzzleHttp\Handler\CurlMultiHandler->execute(true)
#6 E:\xampp73\htdocs\filecroco\loader\vendor\guzzlehttp\promises\src\Promise.php(223): GuzzleHttp\Promise\Promise->invokeWaitFn()
#7 E:\xampp73\htdocs\filecroco\loader\vendor\guzzlehttp\promises\src\Promise.php(267): GuzzleHttp\Promise\Promise->waitIfPending()
#8 E:\xampp73\htdocs\filecroco\loader\vendor\guzzlehttp\promises\src\Promise.php(225): GuzzleHttp\Promise\Promise->invokeWaitList()
#9 E:\xampp73\htdocs\filecroco\loader\vendor\guzzlehttp\promises\src\Promise.php(62): GuzzleHttp\Promise\Promise->waitIfPending()
#10 E:\xampp73\htdocs\filecroco\loader\vendor\guzzlehttp\promises\src\EachPromise.php(101): GuzzleHttp\Promise\Promise->wait()
#11 E:\xampp73\htdocs\filecroco\loader\vendor\guzzlehttp\promises\src\Promise.php(246): GuzzleHttp\Promise\EachPromise->GuzzleHttp\Promise\{closure}(true)
#12 E:\xampp73\htdocs\filecroco\loader\vendor\guzzlehttp\promises\src\Promise.php(223): GuzzleHttp\Promise\Promise->invokeWaitFn()
#13 E:\xampp73\htdocs\filecroco\loader\vendor\guzzlehttp\promises\src\Promise.php(62): GuzzleHttp\Promise\Promise->waitIfPending()
#14 E:\xampp73\htdocs\filecroco\loader\updatedownloadlink.php(95): GuzzleHttp\Promise\Promise->wait()
#15 {main}|111GuzzleHttp\Exception\RequestException: cURL error 56:  (see http://curl.haxx.se/libcurl/c/libcurl-errors.html) in E:\xampp73\htdocs\filecroco\loader\vendor\guzzlehttp\guzzle\src\Handler\CurlFactory.php:186
Stack trace:
#0 E:\xampp73\htdocs\filecroco\loader\vendor\guzzlehttp\guzzle\src\Handler\CurlFactory.php(149): GuzzleHttp\Handler\CurlFactory::createRejection(Object(GuzzleHttp\Handler\EasyHandle), Array)
#1 E:\xampp73\htdocs\filecroco\loader\vendor\guzzlehttp\guzzle\src\Handler\CurlFactory.php(102): GuzzleHttp\Handler\CurlFactory::finishError(Object(GuzzleHttp\Handler\CurlMultiHandler), Object(GuzzleHttp\Handler\EasyHandle), Object(GuzzleHttp\Handler\CurlFactory))
#2 E:\xampp73\htdocs\filecroco\loader\vendor\guzzlehttp\guzzle\src\Handler\CurlMultiHandler.php(181): GuzzleHttp\Handler\CurlFactory::finish(Object(GuzzleHttp\Handler\CurlMultiHandler), Object(GuzzleHttp\Handler\EasyHandle), Object(GuzzleHttp\Handler\CurlFactory))
#3 E:\xampp73\htdocs\filecroco\loader\vendor\guzzlehttp\guzzle\src\Handler\CurlMultiHandler.php(110): GuzzleHttp\Handler\CurlMultiHandler->processMessages()
#4 E:\xampp73\htdocs\filecroco\loader\vendor\guzzlehttp\guzzle\src\Handler\CurlMultiHandler.php(125): GuzzleHttp\Handler\CurlMultiHandler->tick()
#5 E:\xampp73\htdocs\filecroco\loader\vendor\guzzlehttp\promises\src\Promise.php(246): GuzzleHttp\Handler\CurlMultiHandler->execute(true)
#6 E:\xampp73\htdocs\filecroco\loader\vendor\guzzlehttp\promises\src\Promise.php(223): GuzzleHttp\Promise\Promise->invokeWaitFn()
#7 E:\xampp73\htdocs\filecroco\loader\vendor\guzzlehttp\promises\src\Promise.php(267): GuzzleHttp\Promise\Promise->waitIfPending()
#8 E:\xampp73\htdocs\filecroco\loader\vendor\guzzlehttp\promises\src\Promise.php(225): GuzzleHttp\Promise\Promise->invokeWaitList()
#9 E:\xampp73\htdocs\filecroco\loader\vendor\guzzlehttp\promises\src\Promise.php(62): GuzzleHttp\Promise\Promise->waitIfPending()
#10 E:\xampp73\htdocs\filecroco\loader\vendor\guzzlehttp\promises\src\EachPromise.php(101): GuzzleHttp\Promise\Promise->wait()
#11 E:\xampp73\htdocs\filecroco\loader\vendor\guzzlehttp\promises\src\Promise.php(246): GuzzleHttp\Promise\EachPromise->GuzzleHttp\Promise\{closure}(true)
#12 E:\xampp73\htdocs\filecroco\loader\vendor\guzzlehttp\promises\src\Promise.php(223): GuzzleHttp\Promise\Promise->invokeWaitFn()
#13 E:\xampp73\htdocs\filecroco\loader\vendor\guzzlehttp\promises\src\Promise.php(62): GuzzleHttp\Promise\Promise->waitIfPending()
#14 E:\xampp73\htdocs\filecroco\loader\updatedownloadlink.php(95): GuzzleHttp\Promise\Promise->wait()
#15 {main}|112GuzzleHttp\Exception\RequestException: cURL error 56:  (see http://curl.haxx.se/libcurl/c/libcurl-errors.html) in E:\xampp73\htdocs\filecroco\loader\vendor\guzzlehttp\guzzle\src\Handler\CurlFactory.php:186
Stack trace:
#0 E:\xampp73\htdocs\filecroco\loader\vendor\guzzlehttp\guzzle\src\Handler\CurlFactory.php(149): GuzzleHttp\Handler\CurlFactory::createRejection(Object(GuzzleHttp\Handler\EasyHandle), Array)
#1 E:\xampp73\htdocs\filecroco\loader\vendor\guzzlehttp\guzzle\src\Handler\CurlFactory.php(102): GuzzleHttp\Handler\CurlFactory::finishError(Object(GuzzleHttp\Handler\CurlMultiHandler), Object(GuzzleHttp\Handler\EasyHandle), Object(GuzzleHttp\Handler\CurlFactory))
#2 E:\xampp73\htdocs\filecroco\loader\vendor\guzzlehttp\guzzle\src\Handler\CurlMultiHandler.php(181): GuzzleHttp\Handler\CurlFactory::finish(Object(GuzzleHttp\Handler\CurlMultiHandler), Object(GuzzleHttp\Handler\EasyHandle), Object(GuzzleHttp\Handler\CurlFactory))
#3 E:\xampp73\htdocs\filecroco\loader\vendor\guzzlehttp\guzzle\src\Handler\CurlMultiHandler.php(110): GuzzleHttp\Handler\CurlMultiHandler->processMessages()
#4 E:\xampp73\htdocs\filecroco\loader\vendor\guzzlehttp\guzzle\src\Handler\CurlMultiHandler.php(125): GuzzleHttp\Handler\CurlMultiHandler->tick()
#5 E:\xampp73\htdocs\filecroco\loader\vendor\guzzlehttp\promises\src\Promise.php(246): GuzzleHttp\Handler\CurlMultiHandler->execute(true)
#6 E:\xampp73\htdocs\filecroco\loader\vendor\guzzlehttp\promises\src\Promise.php(223): GuzzleHttp\Promise\Promise->invokeWaitFn()
#7 E:\xampp73\htdocs\filecroco\loader\vendor\guzzlehttp\promises\src\Promise.php(267): GuzzleHttp\Promise\Promise->waitIfPending()
#8 E:\xampp73\htdocs\filecroco\loader\vendor\guzzlehttp\promises\src\Promise.php(225): GuzzleHttp\Promise\Promise->invokeWaitList()
#9 E:\xampp73\htdocs\filecroco\loader\vendor\guzzlehttp\promises\src\Promise.php(62): GuzzleHttp\Promise\Promise->waitIfPending()
#10 E:\xampp73\htdocs\filecroco\loader\vendor\guzzlehttp\promises\src\EachPromise.php(101): GuzzleHttp\Promise\Promise->wait()
#11 E:\xampp73\htdocs\filecroco\loader\vendor\guzzlehttp\promises\src\Promise.php(246): GuzzleHttp\Promise\EachPromise->GuzzleHttp\Promise\{closure}(true)
#12 E:\xampp73\htdocs\filecroco\loader\vendor\guzzlehttp\promises\src\Promise.php(223): GuzzleHttp\Promise\Promise->invokeWaitFn()
#13 E:\xampp73\htdocs\filecroco\loader\vendor\guzzlehttp\promises\src\Promise.php(62): GuzzleHttp\Promise\Promise->waitIfPending()
#14 E:\xampp73\htdocs\filecroco\loader\updatedownloadlink.php(95): GuzzleHttp\Promise\Promise->wait()
#15 {main}|113GuzzleHttp\Exception\RequestException: cURL error 56:  (see http://curl.haxx.se/libcurl/c/libcurl-errors.html) in E:\xampp73\htdocs\filecroco\loader\vendor\guzzlehttp\guzzle\src\Handler\CurlFactory.php:186
Stack trace:
#0 E:\xampp73\htdocs\filecroco\loader\vendor\guzzlehttp\guzzle\src\Handler\CurlFactory.php(149): GuzzleHttp\Handler\CurlFactory::createRejection(Object(GuzzleHttp\Handler\EasyHandle), Array)
#1 E:\xampp73\htdocs\filecroco\loader\vendor\guzzlehttp\guzzle\src\Handler\CurlFactory.php(102): GuzzleHttp\Handler\CurlFactory::finishError(Object(GuzzleHttp\Handler\CurlMultiHandler), Object(GuzzleHttp\Handler\EasyHandle), Object(GuzzleHttp\Handler\CurlFactory))
#2 E:\xampp73\htdocs\filecroco\loader\vendor\guzzlehttp\guzzle\src\Handler\CurlMultiHandler.php(181): GuzzleHttp\Handler\CurlFactory::finish(Object(GuzzleHttp\Handler\CurlMultiHandler), Object(GuzzleHttp\Handler\EasyHandle), Object(GuzzleHttp\Handler\CurlFactory))
#3 E:\xampp73\htdocs\filecroco\loader\vendor\guzzlehttp\guzzle\src\Handler\CurlMultiHandler.php(110): GuzzleHttp\Handler\CurlMultiHandler->processMessages()
#4 E:\xampp73\htdocs\filecroco\loader\vendor\guzzlehttp\guzzle\src\Handler\CurlMultiHandler.php(125): GuzzleHttp\Handler\CurlMultiHandler->tick()
#5 E:\xampp73\htdocs\filecroco\loader\vendor\guzzlehttp\promises\src\Promise.php(246): GuzzleHttp\Handler\CurlMultiHandler->execute(true)
#6 E:\xampp73\htdocs\filecroco\loader\vendor\guzzlehttp\promises\src\Promise.php(223): GuzzleHttp\Promise\Promise->invokeWaitFn()
#7 E:\xampp73\htdocs\filecroco\loader\vendor\guzzlehttp\promises\src\Promise.php(267): GuzzleHttp\Promise\Promise->waitIfPending()
#8 E:\xampp73\htdocs\filecroco\loader\vendor\guzzlehttp\promises\src\Promise.php(225): GuzzleHttp\Promise\Promise->invokeWaitList()
#9 E:\xampp73\htdocs\filecroco\loader\vendor\guzzlehttp\promises\src\Promise.php(62): GuzzleHttp\Promise\Promise->waitIfPending()
#10 E:\xampp73\htdocs\filecroco\loader\vendor\guzzlehttp\promises\src\EachPromise.php(101): GuzzleHttp\Promise\Promise->wait()
#11 E:\xampp73\htdocs\filecroco\loader\vendor\guzzlehttp\promises\src\Promise.php(246): GuzzleHttp\Promise\EachPromise->GuzzleHttp\Promise\{closure}(true)
#12 E:\xampp73\htdocs\filecroco\loader\vendor\guzzlehttp\promises\src\Promise.php(223): GuzzleHttp\Promise\Promise->invokeWaitFn()
#13 E:\xampp73\htdocs\filecroco\loader\vendor\guzzlehttp\promises\src\Promise.php(62): GuzzleHttp\Promise\Promise->waitIfPending()
#14 E:\xampp73\htdocs\filecroco\loader\updatedownloadlink.php(95): GuzzleHttp\Promise\Promise->wait()
#15 {main}|114GuzzleHttp\Exception\RequestException: cURL error 56:  (see http://curl.haxx.se/libcurl/c/libcurl-errors.html) in E:\xampp73\htdocs\filecroco\loader\vendor\guzzlehttp\guzzle\src\Handler\CurlFactory.php:186
Stack trace:
#0 E:\xampp73\htdocs\filecroco\loader\vendor\guzzlehttp\guzzle\src\Handler\CurlFactory.php(149): GuzzleHttp\Handler\CurlFactory::createRejection(Object(GuzzleHttp\Handler\EasyHandle), Array)
#1 E:\xampp73\htdocs\filecroco\loader\vendor\guzzlehttp\guzzle\src\Handler\CurlFactory.php(102): GuzzleHttp\Handler\CurlFactory::finishError(Object(GuzzleHttp\Handler\CurlMultiHandler), Object(GuzzleHttp\Handler\EasyHandle), Object(GuzzleHttp\Handler\CurlFactory))
#2 E:\xampp73\htdocs\filecroco\loader\vendor\guzzlehttp\guzzle\src\Handler\CurlMultiHandler.php(181): GuzzleHttp\Handler\CurlFactory::finish(Object(GuzzleHttp\Handler\CurlMultiHandler), Object(GuzzleHttp\Handler\EasyHandle), Object(GuzzleHttp\Handler\CurlFactory))
#3 E:\xampp73\htdocs\filecroco\loader\vendor\guzzlehttp\guzzle\src\Handler\CurlMultiHandler.php(110): GuzzleHttp\Handler\CurlMultiHandler->processMessages()
#4 E:\xampp73\htdocs\filecroco\loader\vendor\guzzlehttp\guzzle\src\Handler\CurlMultiHandler.php(125): GuzzleHttp\Handler\CurlMultiHandler->tick()
#5 E:\xampp73\htdocs\filecroco\loader\vendor\guzzlehttp\promises\src\Promise.php(246): GuzzleHttp\Handler\CurlMultiHandler->execute(true)
#6 E:\xampp73\htdocs\filecroco\loader\vendor\guzzlehttp\promises\src\Promise.php(223): GuzzleHttp\Promise\Promise->invokeWaitFn()
#7 E:\xampp73\htdocs\filecroco\loader\vendor\guzzlehttp\promises\src\Promise.php(267): GuzzleHttp\Promise\Promise->waitIfPending()
#8 E:\xampp73\htdocs\filecroco\loader\vendor\guzzlehttp\promises\src\Promise.php(225): GuzzleHttp\Promise\Promise->invokeWaitList()
#9 E:\xampp73\htdocs\filecroco\loader\vendor\guzzlehttp\promises\src\Promise.php(62): GuzzleHttp\Promise\Promise->waitIfPending()
#10 E:\xampp73\htdocs\filecroco\loader\vendor\guzzlehttp\promises\src\EachPromise.php(101): GuzzleHttp\Promise\Promise->wait()
#11 E:\xampp73\htdocs\filecroco\loader\vendor\guzzlehttp\promises\src\Promise.php(246): GuzzleHttp\Promise\EachPromise->GuzzleHttp\Promise\{closure}(true)
#12 E:\xampp73\htdocs\filecroco\loader\vendor\guzzlehttp\promises\src\Promise.php(223): GuzzleHttp\Promise\Promise->invokeWaitFn()
#13 E:\xampp73\htdocs\filecroco\loader\vendor\guzzlehttp\promises\src\Promise.php(62): GuzzleHttp\Promise\Promise->waitIfPending()
#14 E:\xampp73\htdocs\filecroco\loader\updatedownloadlink.php(95): GuzzleHttp\Promise\Promise->wait()
#15 {main}|115GuzzleHttp\Exception\RequestException: cURL error 56:  (see http://curl.haxx.se/libcurl/c/libcurl-errors.html) in E:\xampp73\htdocs\filecroco\loader\vendor\guzzlehttp\guzzle\src\Handler\CurlFactory.php:186
Stack trace:
#0 E:\xampp73\htdocs\filecroco\loader\vendor\guzzlehttp\guzzle\src\Handler\CurlFactory.php(149): GuzzleHttp\Handler\CurlFactory::createRejection(Object(GuzzleHttp\Handler\EasyHandle), Array)
#1 E:\xampp73\htdocs\filecroco\loader\vendor\guzzlehttp\guzzle\src\Handler\CurlFactory.php(102): GuzzleHttp\Handler\CurlFactory::finishError(Object(GuzzleHttp\Handler\CurlMultiHandler), Object(GuzzleHttp\Handler\EasyHandle), Object(GuzzleHttp\Handler\CurlFactory))
#2 E:\xampp73\htdocs\filecroco\loader\vendor\guzzlehttp\guzzle\src\Handler\CurlMultiHandler.php(181): GuzzleHttp\Handler\CurlFactory::finish(Object(GuzzleHttp\Handler\CurlMultiHandler), Object(GuzzleHttp\Handler\EasyHandle), Object(GuzzleHttp\Handler\CurlFactory))
#3 E:\xampp73\htdocs\filecroco\loader\vendor\guzzlehttp\guzzle\src\Handler\CurlMultiHandler.php(110): GuzzleHttp\Handler\CurlMultiHandler->processMessages()
#4 E:\xampp73\htdocs\filecroco\loader\vendor\guzzlehttp\guzzle\src\Handler\CurlMultiHandler.php(125): GuzzleHttp\Handler\CurlMultiHandler->tick()
#5 E:\xampp73\htdocs\filecroco\loader\vendor\guzzlehttp\promises\src\Promise.php(246): GuzzleHttp\Handler\CurlMultiHandler->execute(true)
#6 E:\xampp73\htdocs\filecroco\loader\vendor\guzzlehttp\promises\src\Promise.php(223): GuzzleHttp\Promise\Promise->invokeWaitFn()
#7 E:\xampp73\htdocs\filecroco\loader\vendor\guzzlehttp\promises\src\Promise.php(267): GuzzleHttp\Promise\Promise->waitIfPending()
#8 E:\xampp73\htdocs\filecroco\loader\vendor\guzzlehttp\promises\src\Promise.php(225): GuzzleHttp\Promise\Promise->invokeWaitList()
#9 E:\xampp73\htdocs\filecroco\loader\vendor\guzzlehttp\promises\src\Promise.php(62): GuzzleHttp\Promise\Promise->waitIfPending()
#10 E:\xampp73\htdocs\filecroco\loader\vendor\guzzlehttp\promises\src\EachPromise.php(101): GuzzleHttp\Promise\Promise->wait()
#11 E:\xampp73\htdocs\filecroco\loader\vendor\guzzlehttp\promises\src\Promise.php(246): GuzzleHttp\Promise\EachPromise->GuzzleHttp\Promise\{closure}(true)
#12 E:\xampp73\htdocs\filecroco\loader\vendor\guzzlehttp\promises\src\Promise.php(223): GuzzleHttp\Promise\Promise->invokeWaitFn()
#13 E:\xampp73\htdocs\filecroco\loader\vendor\guzzlehttp\promises\src\Promise.php(62): GuzzleHttp\Promise\Promise->waitIfPending()
#14 E:\xampp73\htdocs\filecroco\loader\updatedownloadlink.php(95): GuzzleHttp\Promise\Promise->wait()
#15 {main}|116GuzzleHttp\Exception\RequestException: cURL error 56:  (see http://curl.haxx.se/libcurl/c/libcurl-errors.html) in E:\xampp73\htdocs\filecroco\loader\vendor\guzzlehttp\guzzle\src\Handler\CurlFactory.php:186
Stack trace:
#0 E:\xampp73\htdocs\filecroco\loader\vendor\guzzlehttp\guzzle\src\Handler\CurlFactory.php(149): GuzzleHttp\Handler\CurlFactory::createRejection(Object(GuzzleHttp\Handler\EasyHandle), Array)
#1 E:\xampp73\htdocs\filecroco\loader\vendor\guzzlehttp\guzzle\src\Handler\CurlFactory.php(102): GuzzleHttp\Handler\CurlFactory::finishError(Object(GuzzleHttp\Handler\CurlMultiHandler), Object(GuzzleHttp\Handler\EasyHandle), Object(GuzzleHttp\Handler\CurlFactory))
#2 E:\xampp73\htdocs\filecroco\loader\vendor\guzzlehttp\guzzle\src\Handler\CurlMultiHandler.php(181): GuzzleHttp\Handler\CurlFactory::finish(Object(GuzzleHttp\Handler\CurlMultiHandler), Object(GuzzleHttp\Handler\EasyHandle), Object(GuzzleHttp\Handler\CurlFactory))
#3 E:\xampp73\htdocs\filecroco\loader\vendor\guzzlehttp\guzzle\src\Handler\CurlMultiHandler.php(110): GuzzleHttp\Handler\CurlMultiHandler->processMessages()
#4 E:\xampp73\htdocs\filecroco\loader\vendor\guzzlehttp\guzzle\src\Handler\CurlMultiHandler.php(125): GuzzleHttp\Handler\CurlMultiHandler->tick()
#5 E:\xampp73\htdocs\filecroco\loader\vendor\guzzlehttp\promises\src\Promise.php(246): GuzzleHttp\Handler\CurlMultiHandler->execute(true)
#6 E:\xampp73\htdocs\filecroco\loader\vendor\guzzlehttp\promises\src\Promise.php(223): GuzzleHttp\Promise\Promise->invokeWaitFn()
#7 E:\xampp73\htdocs\filecroco\loader\vendor\guzzlehttp\promises\src\Promise.php(267): GuzzleHttp\Promise\Promise->waitIfPending()
#8 E:\xampp73\htdocs\filecroco\loader\vendor\guzzlehttp\promises\src\Promise.php(225): GuzzleHttp\Promise\Promise->invokeWaitList()
#9 E:\xampp73\htdocs\filecroco\loader\vendor\guzzlehttp\promises\src\Promise.php(62): GuzzleHttp\Promise\Promise->waitIfPending()
#10 E:\xampp73\htdocs\filecroco\loader\vendor\guzzlehttp\promises\src\EachPromise.php(101): GuzzleHttp\Promise\Promise->wait()
#11 E:\xampp73\htdocs\filecroco\loader\vendor\guzzlehttp\promises\src\Promise.php(246): GuzzleHttp\Promise\EachPromise->GuzzleHttp\Promise\{closure}(true)
#12 E:\xampp73\htdocs\filecroco\loader\vendor\guzzlehttp\promises\src\Promise.php(223): GuzzleHttp\Promise\Promise->invokeWaitFn()
#13 E:\xampp73\htdocs\filecroco\loader\vendor\guzzlehttp\promises\src\Promise.php(62): GuzzleHttp\Promise\Promise->waitIfPending()
#14 E:\xampp73\htdocs\filecroco\loader\updatedownloadlink.php(95): GuzzleHttp\Promise\Promise->wait()
#15 {main}|117GuzzleHttp\Exception\RequestException: cURL error 56:  (see http://curl.haxx.se/libcurl/c/libcurl-errors.html) in E:\xampp73\htdocs\filecroco\loader\vendor\guzzlehttp\guzzle\src\Handler\CurlFactory.php:186
Stack trace:
#0 E:\xampp73\htdocs\filecroco\loader\vendor\guzzlehttp\guzzle\src\Handler\CurlFactory.php(149): GuzzleHttp\Handler\CurlFactory::createRejection(Object(GuzzleHttp\Handler\EasyHandle), Array)
#1 E:\xampp73\htdocs\filecroco\loader\vendor\guzzlehttp\guzzle\src\Handler\CurlFactory.php(102): GuzzleHttp\Handler\CurlFactory::finishError(Object(GuzzleHttp\Handler\CurlMultiHandler), Object(GuzzleHttp\Handler\EasyHandle), Object(GuzzleHttp\Handler\CurlFactory))
#2 E:\xampp73\htdocs\filecroco\loader\vendor\guzzlehttp\guzzle\src\Handler\CurlMultiHandler.php(181): GuzzleHttp\Handler\CurlFactory::finish(Object(GuzzleHttp\Handler\CurlMultiHandler), Object(GuzzleHttp\Handler\EasyHandle), Object(GuzzleHttp\Handler\CurlFactory))
#3 E:\xampp73\htdocs\filecroco\loader\vendor\guzzlehttp\guzzle\src\Handler\CurlMultiHandler.php(110): GuzzleHttp\Handler\CurlMultiHandler->processMessages()
#4 E:\xampp73\htdocs\filecroco\loader\vendor\guzzlehttp\guzzle\src\Handler\CurlMultiHandler.php(125): GuzzleHttp\Handler\CurlMultiHandler->tick()
#5 E:\xampp73\htdocs\filecroco\loader\vendor\guzzlehttp\promises\src\Promise.php(246): GuzzleHttp\Handler\CurlMultiHandler->execute(true)
#6 E:\xampp73\htdocs\filecroco\loader\vendor\guzzlehttp\promises\src\Promise.php(223): GuzzleHttp\Promise\Promise->invokeWaitFn()
#7 E:\xampp73\htdocs\filecroco\loader\vendor\guzzlehttp\promises\src\Promise.php(267): GuzzleHttp\Promise\Promise->waitIfPending()
#8 E:\xampp73\htdocs\filecroco\loader\vendor\guzzlehttp\promises\src\Promise.php(225): GuzzleHttp\Promise\Promise->invokeWaitList()
#9 E:\xampp73\htdocs\filecroco\loader\vendor\guzzlehttp\promises\src\Promise.php(62): GuzzleHttp\Promise\Promise->waitIfPending()
#10 E:\xampp73\htdocs\filecroco\loader\vendor\guzzlehttp\promises\src\EachPromise.php(101): GuzzleHttp\Promise\Promise->wait()
#11 E:\xampp73\htdocs\filecroco\loader\vendor\guzzlehttp\promises\src\Promise.php(246): GuzzleHttp\Promise\EachPromise->GuzzleHttp\Promise\{closure}(true)
#12 E:\xampp73\htdocs\filecroco\loader\vendor\guzzlehttp\promises\src\Promise.php(223): GuzzleHttp\Promise\Promise->invokeWaitFn()
#13 E:\xampp73\htdocs\filecroco\loader\vendor\guzzlehttp\promises\src\Promise.php(62): GuzzleHttp\Promise\Promise->waitIfPending()
#14 E:\xampp73\htdocs\filecroco\loader\updatedownloadlink.php(95): GuzzleHttp\Promise\Promise->wait()
#15 {main}|118GuzzleHttp\Exception\RequestException: cURL error 56:  (see http://curl.haxx.se/libcurl/c/libcurl-errors.html) in E:\xampp73\htdocs\filecroco\loader\vendor\guzzlehttp\guzzle\src\Handler\CurlFactory.php:186
Stack trace:
#0 E:\xampp73\htdocs\filecroco\loader\vendor\guzzlehttp\guzzle\src\Handler\CurlFactory.php(149): GuzzleHttp\Handler\CurlFactory::createRejection(Object(GuzzleHttp\Handler\EasyHandle), Array)
#1 E:\xampp73\htdocs\filecroco\loader\vendor\guzzlehttp\guzzle\src\Handler\CurlFactory.php(102): GuzzleHttp\Handler\CurlFactory::finishError(Object(GuzzleHttp\Handler\CurlMultiHandler), Object(GuzzleHttp\Handler\EasyHandle), Object(GuzzleHttp\Handler\CurlFactory))
#2 E:\xampp73\htdocs\filecroco\loader\vendor\guzzlehttp\guzzle\src\Handler\CurlMultiHandler.php(181): GuzzleHttp\Handler\CurlFactory::finish(Object(GuzzleHttp\Handler\CurlMultiHandler), Object(GuzzleHttp\Handler\EasyHandle), Object(GuzzleHttp\Handler\CurlFactory))
#3 E:\xampp73\htdocs\filecroco\loader\vendor\guzzlehttp\guzzle\src\Handler\CurlMultiHandler.php(110): GuzzleHttp\Handler\CurlMultiHandler->processMessages()
#4 E:\xampp73\htdocs\filecroco\loader\vendor\guzzlehttp\guzzle\src\Handler\CurlMultiHandler.php(125): GuzzleHttp\Handler\CurlMultiHandler->tick()
#5 E:\xampp73\htdocs\filecroco\loader\vendor\guzzlehttp\promises\src\Promise.php(246): GuzzleHttp\Handler\CurlMultiHandler->execute(true)
#6 E:\xampp73\htdocs\filecroco\loader\vendor\guzzlehttp\promises\src\Promise.php(223): GuzzleHttp\Promise\Promise->invokeWaitFn()
#7 E:\xampp73\htdocs\filecroco\loader\vendor\guzzlehttp\promises\src\Promise.php(267): GuzzleHttp\Promise\Promise->waitIfPending()
#8 E:\xampp73\htdocs\filecroco\loader\vendor\guzzlehttp\promises\src\Promise.php(225): GuzzleHttp\Promise\Promise->invokeWaitList()
#9 E:\xampp73\htdocs\filecroco\loader\vendor\guzzlehttp\promises\src\Promise.php(62): GuzzleHttp\Promise\Promise->waitIfPending()
#10 E:\xampp73\htdocs\filecroco\loader\vendor\guzzlehttp\promises\src\EachPromise.php(101): GuzzleHttp\Promise\Promise->wait()
#11 E:\xampp73\htdocs\filecroco\loader\vendor\guzzlehttp\promises\src\Promise.php(246): GuzzleHttp\Promise\EachPromise->GuzzleHttp\Promise\{closure}(true)
#12 E:\xampp73\htdocs\filecroco\loader\vendor\guzzlehttp\promises\src\Promise.php(223): GuzzleHttp\Promise\Promise->invokeWaitFn()
#13 E:\xampp73\htdocs\filecroco\loader\vendor\guzzlehttp\promises\src\Promise.php(62): GuzzleHttp\Promise\Promise->waitIfPending()
#14 E:\xampp73\htdocs\filecroco\loader\updatedownloadlink.php(95): GuzzleHttp\Promise\Promise->wait()
#15 {main}|119GuzzleHttp\Exception\RequestException: cURL error 56:  (see http://curl.haxx.se/libcurl/c/libcurl-errors.html) in E:\xampp73\htdocs\filecroco\loader\vendor\guzzlehttp\guzzle\src\Handler\CurlFactory.php:186
Stack trace:
#0 E:\xampp73\htdocs\filecroco\loader\vendor\guzzlehttp\guzzle\src\Handler\CurlFactory.php(149): GuzzleHttp\Handler\CurlFactory::createRejection(Object(GuzzleHttp\Handler\EasyHandle), Array)
#1 E:\xampp73\htdocs\filecroco\loader\vendor\guzzlehttp\guzzle\src\Handler\CurlFactory.php(102): GuzzleHttp\Handler\CurlFactory::finishError(Object(GuzzleHttp\Handler\CurlMultiHandler), Object(GuzzleHttp\Handler\EasyHandle), Object(GuzzleHttp\Handler\CurlFactory))
#2 E:\xampp73\htdocs\filecroco\loader\vendor\guzzlehttp\guzzle\src\Handler\CurlMultiHandler.php(181): GuzzleHttp\Handler\CurlFactory::finish(Object(GuzzleHttp\Handler\CurlMultiHandler), Object(GuzzleHttp\Handler\EasyHandle), Object(GuzzleHttp\Handler\CurlFactory))
#3 E:\xampp73\htdocs\filecroco\loader\vendor\guzzlehttp\guzzle\src\Handler\CurlMultiHandler.php(110): GuzzleHttp\Handler\CurlMultiHandler->processMessages()
#4 E:\xampp73\htdocs\filecroco\loader\vendor\guzzlehttp\guzzle\src\Handler\CurlMultiHandler.php(125): GuzzleHttp\Handler\CurlMultiHandler->tick()
#5 E:\xampp73\htdocs\filecroco\loader\vendor\guzzlehttp\promises\src\Promise.php(246): GuzzleHttp\Handler\CurlMultiHandler->execute(true)
#6 E:\xampp73\htdocs\filecroco\loader\vendor\guzzlehttp\promises\src\Promise.php(223): GuzzleHttp\Promise\Promise->invokeWaitFn()
#7 E:\xampp73\htdocs\filecroco\loader\vendor\guzzlehttp\promises\src\Promise.php(267): GuzzleHttp\Promise\Promise->waitIfPending()
#8 E:\xampp73\htdocs\filecroco\loader\vendor\guzzlehttp\promises\src\Promise.php(225): GuzzleHttp\Promise\Promise->invokeWaitList()
#9 E:\xampp73\htdocs\filecroco\loader\vendor\guzzlehttp\promises\src\Promise.php(62): GuzzleHttp\Promise\Promise->waitIfPending()
#10 E:\xampp73\htdocs\filecroco\loader\vendor\guzzlehttp\promises\src\EachPromise.php(101): GuzzleHttp\Promise\Promise->wait()
#11 E:\xampp73\htdocs\filecroco\loader\vendor\guzzlehttp\promises\src\Promise.php(246): GuzzleHttp\Promise\EachPromise->GuzzleHttp\Promise\{closure}(true)
#12 E:\xampp73\htdocs\filecroco\loader\vendor\guzzlehttp\promises\src\Promise.php(223): GuzzleHttp\Promise\Promise->invokeWaitFn()
#13 E:\xampp73\htdocs\filecroco\loader\vendor\guzzlehttp\promises\src\Promise.php(62): GuzzleHttp\Promise\Promise->waitIfPending()
#14 E:\xampp73\htdocs\filecroco\loader\updatedownloadlink.php(95): GuzzleHttp\Promise\Promise->wait()
#15 {main}|120GuzzleHttp\Exception\RequestException: cURL error 56:  (see http://curl.haxx.se/libcurl/c/libcurl-errors.html) in E:\xampp73\htdocs\filecroco\loader\vendor\guzzlehttp\guzzle\src\Handler\CurlFactory.php:186
Stack trace:
#0 E:\xampp73\htdocs\filecroco\loader\vendor\guzzlehttp\guzzle\src\Handler\CurlFactory.php(149): GuzzleHttp\Handler\CurlFactory::createRejection(Object(GuzzleHttp\Handler\EasyHandle), Array)
#1 E:\xampp73\htdocs\filecroco\loader\vendor\guzzlehttp\guzzle\src\Handler\CurlFactory.php(102): GuzzleHttp\Handler\CurlFactory::finishError(Object(GuzzleHttp\Handler\CurlMultiHandler), Object(GuzzleHttp\Handler\EasyHandle), Object(GuzzleHttp\Handler\CurlFactory))
#2 E:\xampp73\htdocs\filecroco\loader\vendor\guzzlehttp\guzzle\src\Handler\CurlMultiHandler.php(181): GuzzleHttp\Handler\CurlFactory::finish(Object(GuzzleHttp\Handler\CurlMultiHandler), Object(GuzzleHttp\Handler\EasyHandle), Object(GuzzleHttp\Handler\CurlFactory))
#3 E:\xampp73\htdocs\filecroco\loader\vendor\guzzlehttp\guzzle\src\Handler\CurlMultiHandler.php(110): GuzzleHttp\Handler\CurlMultiHandler->processMessages()
#4 E:\xampp73\htdocs\filecroco\loader\vendor\guzzlehttp\guzzle\src\Handler\CurlMultiHandler.php(125): GuzzleHttp\Handler\CurlMultiHandler->tick()
#5 E:\xampp73\htdocs\filecroco\loader\vendor\guzzlehttp\promises\src\Promise.php(246): GuzzleHttp\Handler\CurlMultiHandler->execute(true)
#6 E:\xampp73\htdocs\filecroco\loader\vendor\guzzlehttp\promises\src\Promise.php(223): GuzzleHttp\Promise\Promise->invokeWaitFn()
#7 E:\xampp73\htdocs\filecroco\loader\vendor\guzzlehttp\promises\src\Promise.php(267): GuzzleHttp\Promise\Promise->waitIfPending()
#8 E:\xampp73\htdocs\filecroco\loader\vendor\guzzlehttp\promises\src\Promise.php(225): GuzzleHttp\Promise\Promise->invokeWaitList()
#9 E:\xampp73\htdocs\filecroco\loader\vendor\guzzlehttp\promises\src\Promise.php(62): GuzzleHttp\Promise\Promise->waitIfPending()
#10 E:\xampp73\htdocs\filecroco\loader\vendor\guzzlehttp\promises\src\EachPromise.php(101): GuzzleHttp\Promise\Promise->wait()
#11 E:\xampp73\htdocs\filecroco\loader\vendor\guzzlehttp\promises\src\Promise.php(246): GuzzleHttp\Promise\EachPromise->GuzzleHttp\Promise\{closure}(true)
#12 E:\xampp73\htdocs\filecroco\loader\vendor\guzzlehttp\promises\src\Promise.php(223): GuzzleHttp\Promise\Promise->invokeWaitFn()
#13 E:\xampp73\htdocs\filecroco\loader\vendor\guzzlehttp\promises\src\Promise.php(62): GuzzleHttp\Promise\Promise->waitIfPending()
#14 E:\xampp73\htdocs\filecroco\loader\updatedownloadlink.php(95): GuzzleHttp\Promise\Promise->wait()
#15 {main}|121GuzzleHttp\Exception\RequestException: cURL error 56:  (see http://curl.haxx.se/libcurl/c/libcurl-errors.html) in E:\xampp73\htdocs\filecroco\loader\vendor\guzzlehttp\guzzle\src\Handler\CurlFactory.php:186
Stack trace:
#0 E:\xampp73\htdocs\filecroco\loader\vendor\guzzlehttp\guzzle\src\Handler\CurlFactory.php(149): GuzzleHttp\Handler\CurlFactory::createRejection(Object(GuzzleHttp\Handler\EasyHandle), Array)
#1 E:\xampp73\htdocs\filecroco\loader\vendor\guzzlehttp\guzzle\src\Handler\CurlFactory.php(102): GuzzleHttp\Handler\CurlFactory::finishError(Object(GuzzleHttp\Handler\CurlMultiHandler), Object(GuzzleHttp\Handler\EasyHandle), Object(GuzzleHttp\Handler\CurlFactory))
#2 E:\xampp73\htdocs\filecroco\loader\vendor\guzzlehttp\guzzle\src\Handler\CurlMultiHandler.php(181): GuzzleHttp\Handler\CurlFactory::finish(Object(GuzzleHttp\Handler\CurlMultiHandler), Object(GuzzleHttp\Handler\EasyHandle), Object(GuzzleHttp\Handler\CurlFactory))
#3 E:\xampp73\htdocs\filecroco\loader\vendor\guzzlehttp\guzzle\src\Handler\CurlMultiHandler.php(110): GuzzleHttp\Handler\CurlMultiHandler->processMessages()
#4 E:\xampp73\htdocs\filecroco\loader\vendor\guzzlehttp\guzzle\src\Handler\CurlMultiHandler.php(125): GuzzleHttp\Handler\CurlMultiHandler->tick()
#5 E:\xampp73\htdocs\filecroco\loader\vendor\guzzlehttp\promises\src\Promise.php(246): GuzzleHttp\Handler\CurlMultiHandler->execute(true)
#6 E:\xampp73\htdocs\filecroco\loader\vendor\guzzlehttp\promises\src\Promise.php(223): GuzzleHttp\Promise\Promise->invokeWaitFn()
#7 E:\xampp73\htdocs\filecroco\loader\vendor\guzzlehttp\promises\src\Promise.php(267): GuzzleHttp\Promise\Promise->waitIfPending()
#8 E:\xampp73\htdocs\filecroco\loader\vendor\guzzlehttp\promises\src\Promise.php(225): GuzzleHttp\Promise\Promise->invokeWaitList()
#9 E:\xampp73\htdocs\filecroco\loader\vendor\guzzlehttp\promises\src\Promise.php(62): GuzzleHttp\Promise\Promise->waitIfPending()
#10 E:\xampp73\htdocs\filecroco\loader\vendor\guzzlehttp\promises\src\EachPromise.php(101): GuzzleHttp\Promise\Promise->wait()
#11 E:\xampp73\htdocs\filecroco\loader\vendor\guzzlehttp\promises\src\Promise.php(246): GuzzleHttp\Promise\EachPromise->GuzzleHttp\Promise\{closure}(true)
#12 E:\xampp73\htdocs\filecroco\loader\vendor\guzzlehttp\promises\src\Promise.php(223): GuzzleHttp\Promise\Promise->invokeWaitFn()
#13 E:\xampp73\htdocs\filecroco\loader\vendor\guzzlehttp\promises\src\Promise.php(62): GuzzleHttp\Promise\Promise->waitIfPending()
#14 E:\xampp73\htdocs\filecroco\loader\updatedownloadlink.php(95): GuzzleHttp\Promise\Promise->wait()
#15 {main}|122GuzzleHttp\Exception\RequestException: cURL error 56:  (see http://curl.haxx.se/libcurl/c/libcurl-errors.html) in E:\xampp73\htdocs\filecroco\loader\vendor\guzzlehttp\guzzle\src\Handler\CurlFactory.php:186
Stack trace:
#0 E:\xampp73\htdocs\filecroco\loader\vendor\guzzlehttp\guzzle\src\Handler\CurlFactory.php(149): GuzzleHttp\Handler\CurlFactory::createRejection(Object(GuzzleHttp\Handler\EasyHandle), Array)
#1 E:\xampp73\htdocs\filecroco\loader\vendor\guzzlehttp\guzzle\src\Handler\CurlFactory.php(102): GuzzleHttp\Handler\CurlFactory::finishError(Object(GuzzleHttp\Handler\CurlMultiHandler), Object(GuzzleHttp\Handler\EasyHandle), Object(GuzzleHttp\Handler\CurlFactory))
#2 E:\xampp73\htdocs\filecroco\loader\vendor\guzzlehttp\guzzle\src\Handler\CurlMultiHandler.php(181): GuzzleHttp\Handler\CurlFactory::finish(Object(GuzzleHttp\Handler\CurlMultiHandler), Object(GuzzleHttp\Handler\EasyHandle), Object(GuzzleHttp\Handler\CurlFactory))
#3 E:\xampp73\htdocs\filecroco\loader\vendor\guzzlehttp\guzzle\src\Handler\CurlMultiHandler.php(110): GuzzleHttp\Handler\CurlMultiHandler->processMessages()
#4 E:\xampp73\htdocs\filecroco\loader\vendor\guzzlehttp\guzzle\src\Handler\CurlMultiHandler.php(125): GuzzleHttp\Handler\CurlMultiHandler->tick()
#5 E:\xampp73\htdocs\filecroco\loader\vendor\guzzlehttp\promises\src\Promise.php(246): GuzzleHttp\Handler\CurlMultiHandler->execute(true)
#6 E:\xampp73\htdocs\filecroco\loader\vendor\guzzlehttp\promises\src\Promise.php(223): GuzzleHttp\Promise\Promise->invokeWaitFn()
#7 E:\xampp73\htdocs\filecroco\loader\vendor\guzzlehttp\promises\src\Promise.php(267): GuzzleHttp\Promise\Promise->waitIfPending()
#8 E:\xampp73\htdocs\filecroco\loader\vendor\guzzlehttp\promises\src\Promise.php(225): GuzzleHttp\Promise\Promise->invokeWaitList()
#9 E:\xampp73\htdocs\filecroco\loader\vendor\guzzlehttp\promises\src\Promise.php(62): GuzzleHttp\Promise\Promise->waitIfPending()
#10 E:\xampp73\htdocs\filecroco\loader\vendor\guzzlehttp\promises\src\EachPromise.php(101): GuzzleHttp\Promise\Promise->wait()
#11 E:\xampp73\htdocs\filecroco\loader\vendor\guzzlehttp\promises\src\Promise.php(246): GuzzleHttp\Promise\EachPromise->GuzzleHttp\Promise\{closure}(true)
#12 E:\xampp73\htdocs\filecroco\loader\vendor\guzzlehttp\promises\src\Promise.php(223): GuzzleHttp\Promise\Promise->invokeWaitFn()
#13 E:\xampp73\htdocs\filecroco\loader\vendor\guzzlehttp\promises\src\Promise.php(62): GuzzleHttp\Promise\Promise->waitIfPending()
#14 E:\xampp73\htdocs\filecroco\loader\updatedownloadlink.php(95): GuzzleHttp\Promise\Promise->wait()
#15 {main}|123GuzzleHttp\Exception\RequestException: cURL error 56:  (see http://curl.haxx.se/libcurl/c/libcurl-errors.html) in E:\xampp73\htdocs\filecroco\loader\vendor\guzzlehttp\guzzle\src\Handler\CurlFactory.php:186
Stack trace:
#0 E:\xampp73\htdocs\filecroco\loader\vendor\guzzlehttp\guzzle\src\Handler\CurlFactory.php(149): GuzzleHttp\Handler\CurlFactory::createRejection(Object(GuzzleHttp\Handler\EasyHandle), Array)
#1 E:\xampp73\htdocs\filecroco\loader\vendor\guzzlehttp\guzzle\src\Handler\CurlFactory.php(102): GuzzleHttp\Handler\CurlFactory::finishError(Object(GuzzleHttp\Handler\CurlMultiHandler), Object(GuzzleHttp\Handler\EasyHandle), Object(GuzzleHttp\Handler\CurlFactory))
#2 E:\xampp73\htdocs\filecroco\loader\vendor\guzzlehttp\guzzle\src\Handler\CurlMultiHandler.php(181): GuzzleHttp\Handler\CurlFactory::finish(Object(GuzzleHttp\Handler\CurlMultiHandler), Object(GuzzleHttp\Handler\EasyHandle), Object(GuzzleHttp\Handler\CurlFactory))
#3 E:\xampp73\htdocs\filecroco\loader\vendor\guzzlehttp\guzzle\src\Handler\CurlMultiHandler.php(110): GuzzleHttp\Handler\CurlMultiHandler->processMessages()
#4 E:\xampp73\htdocs\filecroco\loader\vendor\guzzlehttp\guzzle\src\Handler\CurlMultiHandler.php(125): GuzzleHttp\Handler\CurlMultiHandler->tick()
#5 E:\xampp73\htdocs\filecroco\loader\vendor\guzzlehttp\promises\src\Promise.php(246): GuzzleHttp\Handler\CurlMultiHandler->execute(true)
#6 E:\xampp73\htdocs\filecroco\loader\vendor\guzzlehttp\promises\src\Promise.php(223): GuzzleHttp\Promise\Promise->invokeWaitFn()
#7 E:\xampp73\htdocs\filecroco\loader\vendor\guzzlehttp\promises\src\Promise.php(267): GuzzleHttp\Promise\Promise->waitIfPending()
#8 E:\xampp73\htdocs\filecroco\loader\vendor\guzzlehttp\promises\src\Promise.php(225): GuzzleHttp\Promise\Promise->invokeWaitList()
#9 E:\xampp73\htdocs\filecroco\loader\vendor\guzzlehttp\promises\src\Promise.php(62): GuzzleHttp\Promise\Promise->waitIfPending()
#10 E:\xampp73\htdocs\filecroco\loader\vendor\guzzlehttp\promises\src\EachPromise.php(101): GuzzleHttp\Promise\Promise->wait()
#11 E:\xampp73\htdocs\filecroco\loader\vendor\guzzlehttp\promises\src\Promise.php(246): GuzzleHttp\Promise\EachPromise->GuzzleHttp\Promise\{closure}(true)
#12 E:\xampp73\htdocs\filecroco\loader\vendor\guzzlehttp\promises\src\Promise.php(223): GuzzleHttp\Promise\Promise->invokeWaitFn()
#13 E:\xampp73\htdocs\filecroco\loader\vendor\guzzlehttp\promises\src\Promise.php(62): GuzzleHttp\Promise\Promise->waitIfPending()
#14 E:\xampp73\htdocs\filecroco\loader\updatedownloadlink.php(95): GuzzleHttp\Promise\Promise->wait()
#15 {main}|124GuzzleHttp\Exception\RequestException: cURL error 56:  (see http://curl.haxx.se/libcurl/c/libcurl-errors.html) in E:\xampp73\htdocs\filecroco\loader\vendor\guzzlehttp\guzzle\src\Handler\CurlFactory.php:186
Stack trace:
#0 E:\xampp73\htdocs\filecroco\loader\vendor\guzzlehttp\guzzle\src\Handler\CurlFactory.php(149): GuzzleHttp\Handler\CurlFactory::createRejection(Object(GuzzleHttp\Handler\EasyHandle), Array)
#1 E:\xampp73\htdocs\filecroco\loader\vendor\guzzlehttp\guzzle\src\Handler\CurlFactory.php(102): GuzzleHttp\Handler\CurlFactory::finishError(Object(GuzzleHttp\Handler\CurlMultiHandler), Object(GuzzleHttp\Handler\EasyHandle), Object(GuzzleHttp\Handler\CurlFactory))
#2 E:\xampp73\htdocs\filecroco\loader\vendor\guzzlehttp\guzzle\src\Handler\CurlMultiHandler.php(181): GuzzleHttp\Handler\CurlFactory::finish(Object(GuzzleHttp\Handler\CurlMultiHandler), Object(GuzzleHttp\Handler\EasyHandle), Object(GuzzleHttp\Handler\CurlFactory))
#3 E:\xampp73\htdocs\filecroco\loader\vendor\guzzlehttp\guzzle\src\Handler\CurlMultiHandler.php(110): GuzzleHttp\Handler\CurlMultiHandler->processMessages()
#4 E:\xampp73\htdocs\filecroco\loader\vendor\guzzlehttp\guzzle\src\Handler\CurlMultiHandler.php(125): GuzzleHttp\Handler\CurlMultiHandler->tick()
#5 E:\xampp73\htdocs\filecroco\loader\vendor\guzzlehttp\promises\src\Promise.php(246): GuzzleHttp\Handler\CurlMultiHandler->execute(true)
#6 E:\xampp73\htdocs\filecroco\loader\vendor\guzzlehttp\promises\src\Promise.php(223): GuzzleHttp\Promise\Promise->invokeWaitFn()
#7 E:\xampp73\htdocs\filecroco\loader\vendor\guzzlehttp\promises\src\Promise.php(267): GuzzleHttp\Promise\Promise->waitIfPending()
#8 E:\xampp73\htdocs\filecroco\loader\vendor\guzzlehttp\promises\src\Promise.php(225): GuzzleHttp\Promise\Promise->invokeWaitList()
#9 E:\xampp73\htdocs\filecroco\loader\vendor\guzzlehttp\promises\src\Promise.php(62): GuzzleHttp\Promise\Promise->waitIfPending()
#10 E:\xampp73\htdocs\filecroco\loader\vendor\guzzlehttp\promises\src\EachPromise.php(101): GuzzleHttp\Promise\Promise->wait()
#11 E:\xampp73\htdocs\filecroco\loader\vendor\guzzlehttp\promises\src\Promise.php(246): GuzzleHttp\Promise\EachPromise->GuzzleHttp\Promise\{closure}(true)
#12 E:\xampp73\htdocs\filecroco\loader\vendor\guzzlehttp\promises\src\Promise.php(223): GuzzleHttp\Promise\Promise->invokeWaitFn()
#13 E:\xampp73\htdocs\filecroco\loader\vendor\guzzlehttp\promises\src\Promise.php(62): GuzzleHttp\Promise\Promise->waitIfPending()
#14 E:\xampp73\htdocs\filecroco\loader\updatedownloadlink.php(95): GuzzleHttp\Promise\Promise->wait()
#15 {main}|125GuzzleHttp\Exception\RequestException: cURL error 56:  (see http://curl.haxx.se/libcurl/c/libcurl-errors.html) in E:\xampp73\htdocs\filecroco\loader\vendor\guzzlehttp\guzzle\src\Handler\CurlFactory.php:186
Stack trace:
#0 E:\xampp73\htdocs\filecroco\loader\vendor\guzzlehttp\guzzle\src\Handler\CurlFactory.php(149): GuzzleHttp\Handler\CurlFactory::createRejection(Object(GuzzleHttp\Handler\EasyHandle), Array)
#1 E:\xampp73\htdocs\filecroco\loader\vendor\guzzlehttp\guzzle\src\Handler\CurlFactory.php(102): GuzzleHttp\Handler\CurlFactory::finishError(Object(GuzzleHttp\Handler\CurlMultiHandler), Object(GuzzleHttp\Handler\EasyHandle), Object(GuzzleHttp\Handler\CurlFactory))
#2 E:\xampp73\htdocs\filecroco\loader\vendor\guzzlehttp\guzzle\src\Handler\CurlMultiHandler.php(181): GuzzleHttp\Handler\CurlFactory::finish(Object(GuzzleHttp\Handler\CurlMultiHandler), Object(GuzzleHttp\Handler\EasyHandle), Object(GuzzleHttp\Handler\CurlFactory))
#3 E:\xampp73\htdocs\filecroco\loader\vendor\guzzlehttp\guzzle\src\Handler\CurlMultiHandler.php(110): GuzzleHttp\Handler\CurlMultiHandler->processMessages()
#4 E:\xampp73\htdocs\filecroco\loader\vendor\guzzlehttp\guzzle\src\Handler\CurlMultiHandler.php(125): GuzzleHttp\Handler\CurlMultiHandler->tick()
#5 E:\xampp73\htdocs\filecroco\loader\vendor\guzzlehttp\promises\src\Promise.php(246): GuzzleHttp\Handler\CurlMultiHandler->execute(true)
#6 E:\xampp73\htdocs\filecroco\loader\vendor\guzzlehttp\promises\src\Promise.php(223): GuzzleHttp\Promise\Promise->invokeWaitFn()
#7 E:\xampp73\htdocs\filecroco\loader\vendor\guzzlehttp\promises\src\Promise.php(267): GuzzleHttp\Promise\Promise->waitIfPending()
#8 E:\xampp73\htdocs\filecroco\loader\vendor\guzzlehttp\promises\src\Promise.php(225): GuzzleHttp\Promise\Promise->invokeWaitList()
#9 E:\xampp73\htdocs\filecroco\loader\vendor\guzzlehttp\promises\src\Promise.php(62): GuzzleHttp\Promise\Promise->waitIfPending()
#10 E:\xampp73\htdocs\filecroco\loader\vendor\guzzlehttp\promises\src\EachPromise.php(101): GuzzleHttp\Promise\Promise->wait()
#11 E:\xampp73\htdocs\filecroco\loader\vendor\guzzlehttp\promises\src\Promise.php(246): GuzzleHttp\Promise\EachPromise->GuzzleHttp\Promise\{closure}(true)
#12 E:\xampp73\htdocs\filecroco\loader\vendor\guzzlehttp\promises\src\Promise.php(223): GuzzleHttp\Promise\Promise->invokeWaitFn()
#13 E:\xampp73\htdocs\filecroco\loader\vendor\guzzlehttp\promises\src\Promise.php(62): GuzzleHttp\Promise\Promise->waitIfPending()
#14 E:\xampp73\htdocs\filecroco\loader\updatedownloadlink.php(95): GuzzleHttp\Promise\Promise->wait()
#15 {main}|126GuzzleHttp\Exception\RequestException: cURL error 56:  (see http://curl.haxx.se/libcurl/c/libcurl-errors.html) in E:\xampp73\htdocs\filecroco\loader\vendor\guzzlehttp\guzzle\src\Handler\CurlFactory.php:186
Stack trace:
#0 E:\xampp73\htdocs\filecroco\loader\vendor\guzzlehttp\guzzle\src\Handler\CurlFactory.php(149): GuzzleHttp\Handler\CurlFactory::createRejection(Object(GuzzleHttp\Handler\EasyHandle), Array)
#1 E:\xampp73\htdocs\filecroco\loader\vendor\guzzlehttp\guzzle\src\Handler\CurlFactory.php(102): GuzzleHttp\Handler\CurlFactory::finishError(Object(GuzzleHttp\Handler\CurlMultiHandler), Object(GuzzleHttp\Handler\EasyHandle), Object(GuzzleHttp\Handler\CurlFactory))
#2 E:\xampp73\htdocs\filecroco\loader\vendor\guzzlehttp\guzzle\src\Handler\CurlMultiHandler.php(181): GuzzleHttp\Handler\CurlFactory::finish(Object(GuzzleHttp\Handler\CurlMultiHandler), Object(GuzzleHttp\Handler\EasyHandle), Object(GuzzleHttp\Handler\CurlFactory))
#3 E:\xampp73\htdocs\filecroco\loader\vendor\guzzlehttp\guzzle\src\Handler\CurlMultiHandler.php(110): GuzzleHttp\Handler\CurlMultiHandler->processMessages()
#4 E:\xampp73\htdocs\filecroco\loader\vendor\guzzlehttp\guzzle\src\Handler\CurlMultiHandler.php(125): GuzzleHttp\Handler\CurlMultiHandler->tick()
#5 E:\xampp73\htdocs\filecroco\loader\vendor\guzzlehttp\promises\src\Promise.php(246): GuzzleHttp\Handler\CurlMultiHandler->execute(true)
#6 E:\xampp73\htdocs\filecroco\loader\vendor\guzzlehttp\promises\src\Promise.php(223): GuzzleHttp\Promise\Promise->invokeWaitFn()
#7 E:\xampp73\htdocs\filecroco\loader\vendor\guzzlehttp\promises\src\Promise.php(267): GuzzleHttp\Promise\Promise->waitIfPending()
#8 E:\xampp73\htdocs\filecroco\loader\vendor\guzzlehttp\promises\src\Promise.php(225): GuzzleHttp\Promise\Promise->invokeWaitList()
#9 E:\xampp73\htdocs\filecroco\loader\vendor\guzzlehttp\promises\src\Promise.php(62): GuzzleHttp\Promise\Promise->waitIfPending()
#10 E:\xampp73\htdocs\filecroco\loader\vendor\guzzlehttp\promises\src\EachPromise.php(101): GuzzleHttp\Promise\Promise->wait()
#11 E:\xampp73\htdocs\filecroco\loader\vendor\guzzlehttp\promises\src\Promise.php(246): GuzzleHttp\Promise\EachPromise->GuzzleHttp\Promise\{closure}(true)
#12 E:\xampp73\htdocs\filecroco\loader\vendor\guzzlehttp\promises\src\Promise.php(223): GuzzleHttp\Promise\Promise->invokeWaitFn()
#13 E:\xampp73\htdocs\filecroco\loader\vendor\guzzlehttp\promises\src\Promise.php(62): GuzzleHttp\Promise\Promise->waitIfPending()
#14 E:\xampp73\htdocs\filecroco\loader\updatedownloadlink.php(95): GuzzleHttp\Promise\Promise->wait()
#15 {main}|127GuzzleHttp\Exception\RequestException: cURL error 56:  (see http://curl.haxx.se/libcurl/c/libcurl-errors.html) in E:\xampp73\htdocs\filecroco\loader\vendor\guzzlehttp\guzzle\src\Handler\CurlFactory.php:186
Stack trace:
#0 E:\xampp73\htdocs\filecroco\loader\vendor\guzzlehttp\guzzle\src\Handler\CurlFactory.php(149): GuzzleHttp\Handler\CurlFactory::createRejection(Object(GuzzleHttp\Handler\EasyHandle), Array)
#1 E:\xampp73\htdocs\filecroco\loader\vendor\guzzlehttp\guzzle\src\Handler\CurlFactory.php(102): GuzzleHttp\Handler\CurlFactory::finishError(Object(GuzzleHttp\Handler\CurlMultiHandler), Object(GuzzleHttp\Handler\EasyHandle), Object(GuzzleHttp\Handler\CurlFactory))
#2 E:\xampp73\htdocs\filecroco\loader\vendor\guzzlehttp\guzzle\src\Handler\CurlMultiHandler.php(181): GuzzleHttp\Handler\CurlFactory::finish(Object(GuzzleHttp\Handler\CurlMultiHandler), Object(GuzzleHttp\Handler\EasyHandle), Object(GuzzleHttp\Handler\CurlFactory))
#3 E:\xampp73\htdocs\filecroco\loader\vendor\guzzlehttp\guzzle\src\Handler\CurlMultiHandler.php(110): GuzzleHttp\Handler\CurlMultiHandler->processMessages()
#4 E:\xampp73\htdocs\filecroco\loader\vendor\guzzlehttp\guzzle\src\Handler\CurlMultiHandler.php(125): GuzzleHttp\Handler\CurlMultiHandler->tick()
#5 E:\xampp73\htdocs\filecroco\loader\vendor\guzzlehttp\promises\src\Promise.php(246): GuzzleHttp\Handler\CurlMultiHandler->execute(true)
#6 E:\xampp73\htdocs\filecroco\loader\vendor\guzzlehttp\promises\src\Promise.php(223): GuzzleHttp\Promise\Promise->invokeWaitFn()
#7 E:\xampp73\htdocs\filecroco\loader\vendor\guzzlehttp\promises\src\Promise.php(267): GuzzleHttp\Promise\Promise->waitIfPending()
#8 E:\xampp73\htdocs\filecroco\loader\vendor\guzzlehttp\promises\src\Promise.php(225): GuzzleHttp\Promise\Promise->invokeWaitList()
#9 E:\xampp73\htdocs\filecroco\loader\vendor\guzzlehttp\promises\src\Promise.php(62): GuzzleHttp\Promise\Promise->waitIfPending()
#10 E:\xampp73\htdocs\filecroco\loader\vendor\guzzlehttp\promises\src\EachPromise.php(101): GuzzleHttp\Promise\Promise->wait()
#11 E:\xampp73\htdocs\filecroco\loader\vendor\guzzlehttp\promises\src\Promise.php(246): GuzzleHttp\Promise\EachPromise->GuzzleHttp\Promise\{closure}(true)
#12 E:\xampp73\htdocs\filecroco\loader\vendor\guzzlehttp\promises\src\Promise.php(223): GuzzleHttp\Promise\Promise->invokeWaitFn()
#13 E:\xampp73\htdocs\filecroco\loader\vendor\guzzlehttp\promises\src\Promise.php(62): GuzzleHttp\Promise\Promise->waitIfPending()
#14 E:\xampp73\htdocs\filecroco\loader\updatedownloadlink.php(95): GuzzleHttp\Promise\Promise->wait()
#15 {main}|128GuzzleHttp\Exception\RequestException: cURL error 56:  (see http://curl.haxx.se/libcurl/c/libcurl-errors.html) in E:\xampp73\htdocs\filecroco\loader\vendor\guzzlehttp\guzzle\src\Handler\CurlFactory.php:186
Stack trace:
#0 E:\xampp73\htdocs\filecroco\loader\vendor\guzzlehttp\guzzle\src\Handler\CurlFactory.php(149): GuzzleHttp\Handler\CurlFactory::createRejection(Object(GuzzleHttp\Handler\EasyHandle), Array)
#1 E:\xampp73\htdocs\filecroco\loader\vendor\guzzlehttp\guzzle\src\Handler\CurlFactory.php(102): GuzzleHttp\Handler\CurlFactory::finishError(Object(GuzzleHttp\Handler\CurlMultiHandler), Object(GuzzleHttp\Handler\EasyHandle), Object(GuzzleHttp\Handler\CurlFactory))
#2 E:\xampp73\htdocs\filecroco\loader\vendor\guzzlehttp\guzzle\src\Handler\CurlMultiHandler.php(181): GuzzleHttp\Handler\CurlFactory::finish(Object(GuzzleHttp\Handler\CurlMultiHandler), Object(GuzzleHttp\Handler\EasyHandle), Object(GuzzleHttp\Handler\CurlFactory))
#3 E:\xampp73\htdocs\filecroco\loader\vendor\guzzlehttp\guzzle\src\Handler\CurlMultiHandler.php(110): GuzzleHttp\Handler\CurlMultiHandler->processMessages()
#4 E:\xampp73\htdocs\filecroco\loader\vendor\guzzlehttp\guzzle\src\Handler\CurlMultiHandler.php(125): GuzzleHttp\Handler\CurlMultiHandler->tick()
#5 E:\xampp73\htdocs\filecroco\loader\vendor\guzzlehttp\promises\src\Promise.php(246): GuzzleHttp\Handler\CurlMultiHandler->execute(true)
#6 E:\xampp73\htdocs\filecroco\loader\vendor\guzzlehttp\promises\src\Promise.php(223): GuzzleHttp\Promise\Promise->invokeWaitFn()
#7 E:\xampp73\htdocs\filecroco\loader\vendor\guzzlehttp\promises\src\Promise.php(267): GuzzleHttp\Promise\Promise->waitIfPending()
#8 E:\xampp73\htdocs\filecroco\loader\vendor\guzzlehttp\promises\src\Promise.php(225): GuzzleHttp\Promise\Promise->invokeWaitList()
#9 E:\xampp73\htdocs\filecroco\loader\vendor\guzzlehttp\promises\src\Promise.php(62): GuzzleHttp\Promise\Promise->waitIfPending()
#10 E:\xampp73\htdocs\filecroco\loader\vendor\guzzlehttp\promises\src\EachPromise.php(101): GuzzleHttp\Promise\Promise->wait()
#11 E:\xampp73\htdocs\filecroco\loader\vendor\guzzlehttp\promises\src\Promise.php(246): GuzzleHttp\Promise\EachPromise->GuzzleHttp\Promise\{closure}(true)
#12 E:\xampp73\htdocs\filecroco\loader\vendor\guzzlehttp\promises\src\Promise.php(223): GuzzleHttp\Promise\Promise->invokeWaitFn()
#13 E:\xampp73\htdocs\filecroco\loader\vendor\guzzlehttp\promises\src\Promise.php(62): GuzzleHttp\Promise\Promise->waitIfPending()
#14 E:\xampp73\htdocs\filecroco\loader\updatedownloadlink.php(95): GuzzleHttp\Promise\Promise->wait()
#15 {main}|129GuzzleHttp\Exception\RequestException: cURL error 56:  (see http://curl.haxx.se/libcurl/c/libcurl-errors.html) in E:\xampp73\htdocs\filecroco\loader\vendor\guzzlehttp\guzzle\src\Handler\CurlFactory.php:186
Stack trace:
#0 E:\xampp73\htdocs\filecroco\loader\vendor\guzzlehttp\guzzle\src\Handler\CurlFactory.php(149): GuzzleHttp\Handler\CurlFactory::createRejection(Object(GuzzleHttp\Handler\EasyHandle), Array)
#1 E:\xampp73\htdocs\filecroco\loader\vendor\guzzlehttp\guzzle\src\Handler\CurlFactory.php(102): GuzzleHttp\Handler\CurlFactory::finishError(Object(GuzzleHttp\Handler\CurlMultiHandler), Object(GuzzleHttp\Handler\EasyHandle), Object(GuzzleHttp\Handler\CurlFactory))
#2 E:\xampp73\htdocs\filecroco\loader\vendor\guzzlehttp\guzzle\src\Handler\CurlMultiHandler.php(181): GuzzleHttp\Handler\CurlFactory::finish(Object(GuzzleHttp\Handler\CurlMultiHandler), Object(GuzzleHttp\Handler\EasyHandle), Object(GuzzleHttp\Handler\CurlFactory))
#3 E:\xampp73\htdocs\filecroco\loader\vendor\guzzlehttp\guzzle\src\Handler\CurlMultiHandler.php(110): GuzzleHttp\Handler\CurlMultiHandler->processMessages()
#4 E:\xampp73\htdocs\filecroco\loader\vendor\guzzlehttp\guzzle\src\Handler\CurlMultiHandler.php(125): GuzzleHttp\Handler\CurlMultiHandler->tick()
#5 E:\xampp73\htdocs\filecroco\loader\vendor\guzzlehttp\promises\src\Promise.php(246): GuzzleHttp\Handler\CurlMultiHandler->execute(true)
#6 E:\xampp73\htdocs\filecroco\loader\vendor\guzzlehttp\promises\src\Promise.php(223): GuzzleHttp\Promise\Promise->invokeWaitFn()
#7 E:\xampp73\htdocs\filecroco\loader\vendor\guzzlehttp\promises\src\Promise.php(267): GuzzleHttp\Promise\Promise->waitIfPending()
#8 E:\xampp73\htdocs\filecroco\loader\vendor\guzzlehttp\promises\src\Promise.php(225): GuzzleHttp\Promise\Promise->invokeWaitList()
#9 E:\xampp73\htdocs\filecroco\loader\vendor\guzzlehttp\promises\src\Promise.php(62): GuzzleHttp\Promise\Promise->waitIfPending()
#10 E:\xampp73\htdocs\filecroco\loader\vendor\guzzlehttp\promises\src\EachPromise.php(101): GuzzleHttp\Promise\Promise->wait()
#11 E:\xampp73\htdocs\filecroco\loader\vendor\guzzlehttp\promises\src\Promise.php(246): GuzzleHttp\Promise\EachPromise->GuzzleHttp\Promise\{closure}(true)
#12 E:\xampp73\htdocs\filecroco\loader\vendor\guzzlehttp\promises\src\Promise.php(223): GuzzleHttp\Promise\Promise->invokeWaitFn()
#13 E:\xampp73\htdocs\filecroco\loader\vendor\guzzlehttp\promises\src\Promise.php(62): GuzzleHttp\Promise\Promise->waitIfPending()
#14 E:\xampp73\htdocs\filecroco\loader\updatedownloadlink.php(95): GuzzleHttp\Promise\Promise->wait()
#15 {main}|130GuzzleHttp\Exception\RequestException: cURL error 56:  (see http://curl.haxx.se/libcurl/c/libcurl-errors.html) in E:\xampp73\htdocs\filecroco\loader\vendor\guzzlehttp\guzzle\src\Handler\CurlFactory.php:186
Stack trace:
#0 E:\xampp73\htdocs\filecroco\loader\vendor\guzzlehttp\guzzle\src\Handler\CurlFactory.php(149): GuzzleHttp\Handler\CurlFactory::createRejection(Object(GuzzleHttp\Handler\EasyHandle), Array)
#1 E:\xampp73\htdocs\filecroco\loader\vendor\guzzlehttp\guzzle\src\Handler\CurlFactory.php(102): GuzzleHttp\Handler\CurlFactory::finishError(Object(GuzzleHttp\Handler\CurlMultiHandler), Object(GuzzleHttp\Handler\EasyHandle), Object(GuzzleHttp\Handler\CurlFactory))
#2 E:\xampp73\htdocs\filecroco\loader\vendor\guzzlehttp\guzzle\src\Handler\CurlMultiHandler.php(181): GuzzleHttp\Handler\CurlFactory::finish(Object(GuzzleHttp\Handler\CurlMultiHandler), Object(GuzzleHttp\Handler\EasyHandle), Object(GuzzleHttp\Handler\CurlFactory))
#3 E:\xampp73\htdocs\filecroco\loader\vendor\guzzlehttp\guzzle\src\Handler\CurlMultiHandler.php(110): GuzzleHttp\Handler\CurlMultiHandler->processMessages()
#4 E:\xampp73\htdocs\filecroco\loader\vendor\guzzlehttp\guzzle\src\Handler\CurlMultiHandler.php(125): GuzzleHttp\Handler\CurlMultiHandler->tick()
#5 E:\xampp73\htdocs\filecroco\loader\vendor\guzzlehttp\promises\src\Promise.php(246): GuzzleHttp\Handler\CurlMultiHandler->execute(true)
#6 E:\xampp73\htdocs\filecroco\loader\vendor\guzzlehttp\promises\src\Promise.php(223): GuzzleHttp\Promise\Promise->invokeWaitFn()
#7 E:\xampp73\htdocs\filecroco\loader\vendor\guzzlehttp\promises\src\Promise.php(267): GuzzleHttp\Promise\Promise->waitIfPending()
#8 E:\xampp73\htdocs\filecroco\loader\vendor\guzzlehttp\promises\src\Promise.php(225): GuzzleHttp\Promise\Promise->invokeWaitList()
#9 E:\xampp73\htdocs\filecroco\loader\vendor\guzzlehttp\promises\src\Promise.php(62): GuzzleHttp\Promise\Promise->waitIfPending()
#10 E:\xampp73\htdocs\filecroco\loader\vendor\guzzlehttp\promises\src\EachPromise.php(101): GuzzleHttp\Promise\Promise->wait()
#11 E:\xampp73\htdocs\filecroco\loader\vendor\guzzlehttp\promises\src\Promise.php(246): GuzzleHttp\Promise\EachPromise->GuzzleHttp\Promise\{closure}(true)
#12 E:\xampp73\htdocs\filecroco\loader\vendor\guzzlehttp\promises\src\Promise.php(223): GuzzleHttp\Promise\Promise->invokeWaitFn()
#13 E:\xampp73\htdocs\filecroco\loader\vendor\guzzlehttp\promises\src\Promise.php(62): GuzzleHttp\Promise\Promise->waitIfPending()
#14 E:\xampp73\htdocs\filecroco\loader\updatedownloadlink.php(95): GuzzleHttp\Promise\Promise->wait()
#15 {main}|131GuzzleHttp\Exception\RequestException: cURL error 56:  (see http://curl.haxx.se/libcurl/c/libcurl-errors.html) in E:\xampp73\htdocs\filecroco\loader\vendor\guzzlehttp\guzzle\src\Handler\CurlFactory.php:186
Stack trace:
#0 E:\xampp73\htdocs\filecroco\loader\vendor\guzzlehttp\guzzle\src\Handler\CurlFactory.php(149): GuzzleHttp\Handler\CurlFactory::createRejection(Object(GuzzleHttp\Handler\EasyHandle), Array)
#1 E:\xampp73\htdocs\filecroco\loader\vendor\guzzlehttp\guzzle\src\Handler\CurlFactory.php(102): GuzzleHttp\Handler\CurlFactory::finishError(Object(GuzzleHttp\Handler\CurlMultiHandler), Object(GuzzleHttp\Handler\EasyHandle), Object(GuzzleHttp\Handler\CurlFactory))
#2 E:\xampp73\htdocs\filecroco\loader\vendor\guzzlehttp\guzzle\src\Handler\CurlMultiHandler.php(181): GuzzleHttp\Handler\CurlFactory::finish(Object(GuzzleHttp\Handler\CurlMultiHandler), Object(GuzzleHttp\Handler\EasyHandle), Object(GuzzleHttp\Handler\CurlFactory))
#3 E:\xampp73\htdocs\filecroco\loader\vendor\guzzlehttp\guzzle\src\Handler\CurlMultiHandler.php(110): GuzzleHttp\Handler\CurlMultiHandler->processMessages()
#4 E:\xampp73\htdocs\filecroco\loader\vendor\guzzlehttp\guzzle\src\Handler\CurlMultiHandler.php(125): GuzzleHttp\Handler\CurlMultiHandler->tick()
#5 E:\xampp73\htdocs\filecroco\loader\vendor\guzzlehttp\promises\src\Promise.php(246): GuzzleHttp\Handler\CurlMultiHandler->execute(true)
#6 E:\xampp73\htdocs\filecroco\loader\vendor\guzzlehttp\promises\src\Promise.php(223): GuzzleHttp\Promise\Promise->invokeWaitFn()
#7 E:\xampp73\htdocs\filecroco\loader\vendor\guzzlehttp\promises\src\Promise.php(267): GuzzleHttp\Promise\Promise->waitIfPending()
#8 E:\xampp73\htdocs\filecroco\loader\vendor\guzzlehttp\promises\src\Promise.php(225): GuzzleHttp\Promise\Promise->invokeWaitList()
#9 E:\xampp73\htdocs\filecroco\loader\vendor\guzzlehttp\promises\src\Promise.php(62): GuzzleHttp\Promise\Promise->waitIfPending()
#10 E:\xampp73\htdocs\filecroco\loader\vendor\guzzlehttp\promises\src\EachPromise.php(101): GuzzleHttp\Promise\Promise->wait()
#11 E:\xampp73\htdocs\filecroco\loader\vendor\guzzlehttp\promises\src\Promise.php(246): GuzzleHttp\Promise\EachPromise->GuzzleHttp\Promise\{closure}(true)
#12 E:\xampp73\htdocs\filecroco\loader\vendor\guzzlehttp\promises\src\Promise.php(223): GuzzleHttp\Promise\Promise->invokeWaitFn()
#13 E:\xampp73\htdocs\filecroco\loader\vendor\guzzlehttp\promises\src\Promise.php(62): GuzzleHttp\Promise\Promise->waitIfPending()
#14 E:\xampp73\htdocs\filecroco\loader\updatedownloadlink.php(95): GuzzleHttp\Promise\Promise->wait()
#15 {main}|132GuzzleHttp\Exception\RequestException: cURL error 56:  (see http://curl.haxx.se/libcurl/c/libcurl-errors.html) in E:\xampp73\htdocs\filecroco\loader\vendor\guzzlehttp\guzzle\src\Handler\CurlFactory.php:186
Stack trace:
#0 E:\xampp73\htdocs\filecroco\loader\vendor\guzzlehttp\guzzle\src\Handler\CurlFactory.php(149): GuzzleHttp\Handler\CurlFactory::createRejection(Object(GuzzleHttp\Handler\EasyHandle), Array)
#1 E:\xampp73\htdocs\filecroco\loader\vendor\guzzlehttp\guzzle\src\Handler\CurlFactory.php(102): GuzzleHttp\Handler\CurlFactory::finishError(Object(GuzzleHttp\Handler\CurlMultiHandler), Object(GuzzleHttp\Handler\EasyHandle), Object(GuzzleHttp\Handler\CurlFactory))
#2 E:\xampp73\htdocs\filecroco\loader\vendor\guzzlehttp\guzzle\src\Handler\CurlMultiHandler.php(181): GuzzleHttp\Handler\CurlFactory::finish(Object(GuzzleHttp\Handler\CurlMultiHandler), Object(GuzzleHttp\Handler\EasyHandle), Object(GuzzleHttp\Handler\CurlFactory))
#3 E:\xampp73\htdocs\filecroco\loader\vendor\guzzlehttp\guzzle\src\Handler\CurlMultiHandler.php(110): GuzzleHttp\Handler\CurlMultiHandler->processMessages()
#4 E:\xampp73\htdocs\filecroco\loader\vendor\guzzlehttp\guzzle\src\Handler\CurlMultiHandler.php(125): GuzzleHttp\Handler\CurlMultiHandler->tick()
#5 E:\xampp73\htdocs\filecroco\loader\vendor\guzzlehttp\promises\src\Promise.php(246): GuzzleHttp\Handler\CurlMultiHandler->execute(true)
#6 E:\xampp73\htdocs\filecroco\loader\vendor\guzzlehttp\promises\src\Promise.php(223): GuzzleHttp\Promise\Promise->invokeWaitFn()
#7 E:\xampp73\htdocs\filecroco\loader\vendor\guzzlehttp\promises\src\Promise.php(267): GuzzleHttp\Promise\Promise->waitIfPending()
#8 E:\xampp73\htdocs\filecroco\loader\vendor\guzzlehttp\promises\src\Promise.php(225): GuzzleHttp\Promise\Promise->invokeWaitList()
#9 E:\xampp73\htdocs\filecroco\loader\vendor\guzzlehttp\promises\src\Promise.php(62): GuzzleHttp\Promise\Promise->waitIfPending()
#10 E:\xampp73\htdocs\filecroco\loader\vendor\guzzlehttp\promises\src\EachPromise.php(101): GuzzleHttp\Promise\Promise->wait()
#11 E:\xampp73\htdocs\filecroco\loader\vendor\guzzlehttp\promises\src\Promise.php(246): GuzzleHttp\Promise\EachPromise->GuzzleHttp\Promise\{closure}(true)
#12 E:\xampp73\htdocs\filecroco\loader\vendor\guzzlehttp\promises\src\Promise.php(223): GuzzleHttp\Promise\Promise->invokeWaitFn()
#13 E:\xampp73\htdocs\filecroco\loader\vendor\guzzlehttp\promises\src\Promise.php(62): GuzzleHttp\Promise\Promise->waitIfPending()
#14 E:\xampp73\htdocs\filecroco\loader\updatedownloadlink.php(95): GuzzleHttp\Promise\Promise->wait()
#15 {main}|133GuzzleHttp\Exception\RequestException: cURL error 56:  (see http://curl.haxx.se/libcurl/c/libcurl-errors.html) in E:\xampp73\htdocs\filecroco\loader\vendor\guzzlehttp\guzzle\src\Handler\CurlFactory.php:186
Stack trace:
#0 E:\xampp73\htdocs\filecroco\loader\vendor\guzzlehttp\guzzle\src\Handler\CurlFactory.php(149): GuzzleHttp\Handler\CurlFactory::createRejection(Object(GuzzleHttp\Handler\EasyHandle), Array)
#1 E:\xampp73\htdocs\filecroco\loader\vendor\guzzlehttp\guzzle\src\Handler\CurlFactory.php(102): GuzzleHttp\Handler\CurlFactory::finishError(Object(GuzzleHttp\Handler\CurlMultiHandler), Object(GuzzleHttp\Handler\EasyHandle), Object(GuzzleHttp\Handler\CurlFactory))
#2 E:\xampp73\htdocs\filecroco\loader\vendor\guzzlehttp\guzzle\src\Handler\CurlMultiHandler.php(181): GuzzleHttp\Handler\CurlFactory::finish(Object(GuzzleHttp\Handler\CurlMultiHandler), Object(GuzzleHttp\Handler\EasyHandle), Object(GuzzleHttp\Handler\CurlFactory))
#3 E:\xampp73\htdocs\filecroco\loader\vendor\guzzlehttp\guzzle\src\Handler\CurlMultiHandler.php(110): GuzzleHttp\Handler\CurlMultiHandler->processMessages()
#4 E:\xampp73\htdocs\filecroco\loader\vendor\guzzlehttp\guzzle\src\Handler\CurlMultiHandler.php(125): GuzzleHttp\Handler\CurlMultiHandler->tick()
#5 E:\xampp73\htdocs\filecroco\loader\vendor\guzzlehttp\promises\src\Promise.php(246): GuzzleHttp\Handler\CurlMultiHandler->execute(true)
#6 E:\xampp73\htdocs\filecroco\loader\vendor\guzzlehttp\promises\src\Promise.php(223): GuzzleHttp\Promise\Promise->invokeWaitFn()
#7 E:\xampp73\htdocs\filecroco\loader\vendor\guzzlehttp\promises\src\Promise.php(267): GuzzleHttp\Promise\Promise->waitIfPending()
#8 E:\xampp73\htdocs\filecroco\loader\vendor\guzzlehttp\promises\src\Promise.php(225): GuzzleHttp\Promise\Promise->invokeWaitList()
#9 E:\xampp73\htdocs\filecroco\loader\vendor\guzzlehttp\promises\src\Promise.php(62): GuzzleHttp\Promise\Promise->waitIfPending()
#10 E:\xampp73\htdocs\filecroco\loader\vendor\guzzlehttp\promises\src\EachPromise.php(101): GuzzleHttp\Promise\Promise->wait()
#11 E:\xampp73\htdocs\filecroco\loader\vendor\guzzlehttp\promises\src\Promise.php(246): GuzzleHttp\Promise\EachPromise->GuzzleHttp\Promise\{closure}(true)
#12 E:\xampp73\htdocs\filecroco\loader\vendor\guzzlehttp\promises\src\Promise.php(223): GuzzleHttp\Promise\Promise->invokeWaitFn()
#13 E:\xampp73\htdocs\filecroco\loader\vendor\guzzlehttp\promises\src\Promise.php(62): GuzzleHttp\Promise\Promise->waitIfPending()
#14 E:\xampp73\htdocs\filecroco\loader\updatedownloadlink.php(95): GuzzleHttp\Promise\Promise->wait()
#15 {main}|134GuzzleHttp\Exception\RequestException: cURL error 56:  (see http://curl.haxx.se/libcurl/c/libcurl-errors.html) in E:\xampp73\htdocs\filecroco\loader\vendor\guzzlehttp\guzzle\src\Handler\CurlFactory.php:186
Stack trace:
#0 E:\xampp73\htdocs\filecroco\loader\vendor\guzzlehttp\guzzle\src\Handler\CurlFactory.php(149): GuzzleHttp\Handler\CurlFactory::createRejection(Object(GuzzleHttp\Handler\EasyHandle), Array)
#1 E:\xampp73\htdocs\filecroco\loader\vendor\guzzlehttp\guzzle\src\Handler\CurlFactory.php(102): GuzzleHttp\Handler\CurlFactory::finishError(Object(GuzzleHttp\Handler\CurlMultiHandler), Object(GuzzleHttp\Handler\EasyHandle), Object(GuzzleHttp\Handler\CurlFactory))
#2 E:\xampp73\htdocs\filecroco\loader\vendor\guzzlehttp\guzzle\src\Handler\CurlMultiHandler.php(181): GuzzleHttp\Handler\CurlFactory::finish(Object(GuzzleHttp\Handler\CurlMultiHandler), Object(GuzzleHttp\Handler\EasyHandle), Object(GuzzleHttp\Handler\CurlFactory))
#3 E:\xampp73\htdocs\filecroco\loader\vendor\guzzlehttp\guzzle\src\Handler\CurlMultiHandler.php(110): GuzzleHttp\Handler\CurlMultiHandler->processMessages()
#4 E:\xampp73\htdocs\filecroco\loader\vendor\guzzlehttp\guzzle\src\Handler\CurlMultiHandler.php(125): GuzzleHttp\Handler\CurlMultiHandler->tick()
#5 E:\xampp73\htdocs\filecroco\loader\vendor\guzzlehttp\promises\src\Promise.php(246): GuzzleHttp\Handler\CurlMultiHandler->execute(true)
#6 E:\xampp73\htdocs\filecroco\loader\vendor\guzzlehttp\promises\src\Promise.php(223): GuzzleHttp\Promise\Promise->invokeWaitFn()
#7 E:\xampp73\htdocs\filecroco\loader\vendor\guzzlehttp\promises\src\Promise.php(267): GuzzleHttp\Promise\Promise->waitIfPending()
#8 E:\xampp73\htdocs\filecroco\loader\vendor\guzzlehttp\promises\src\Promise.php(225): GuzzleHttp\Promise\Promise->invokeWaitList()
#9 E:\xampp73\htdocs\filecroco\loader\vendor\guzzlehttp\promises\src\Promise.php(62): GuzzleHttp\Promise\Promise->waitIfPending()
#10 E:\xampp73\htdocs\filecroco\loader\vendor\guzzlehttp\promises\src\EachPromise.php(101): GuzzleHttp\Promise\Promise->wait()
#11 E:\xampp73\htdocs\filecroco\loader\vendor\guzzlehttp\promises\src\Promise.php(246): GuzzleHttp\Promise\EachPromise->GuzzleHttp\Promise\{closure}(true)
#12 E:\xampp73\htdocs\filecroco\loader\vendor\guzzlehttp\promises\src\Promise.php(223): GuzzleHttp\Promise\Promise->invokeWaitFn()
#13 E:\xampp73\htdocs\filecroco\loader\vendor\guzzlehttp\promises\src\Promise.php(62): GuzzleHttp\Promise\Promise->waitIfPending()
#14 E:\xampp73\htdocs\filecroco\loader\updatedownloadlink.php(95): GuzzleHttp\Promise\Promise->wait()
#15 {main}|135GuzzleHttp\Exception\RequestException: cURL error 56:  (see http://curl.haxx.se/libcurl/c/libcurl-errors.html) in E:\xampp73\htdocs\filecroco\loader\vendor\guzzlehttp\guzzle\src\Handler\CurlFactory.php:186
Stack trace:
#0 E:\xampp73\htdocs\filecroco\loader\vendor\guzzlehttp\guzzle\src\Handler\CurlFactory.php(149): GuzzleHttp\Handler\CurlFactory::createRejection(Object(GuzzleHttp\Handler\EasyHandle), Array)
#1 E:\xampp73\htdocs\filecroco\loader\vendor\guzzlehttp\guzzle\src\Handler\CurlFactory.php(102): GuzzleHttp\Handler\CurlFactory::finishError(Object(GuzzleHttp\Handler\CurlMultiHandler), Object(GuzzleHttp\Handler\EasyHandle), Object(GuzzleHttp\Handler\CurlFactory))
#2 E:\xampp73\htdocs\filecroco\loader\vendor\guzzlehttp\guzzle\src\Handler\CurlMultiHandler.php(181): GuzzleHttp\Handler\CurlFactory::finish(Object(GuzzleHttp\Handler\CurlMultiHandler), Object(GuzzleHttp\Handler\EasyHandle), Object(GuzzleHttp\Handler\CurlFactory))
#3 E:\xampp73\htdocs\filecroco\loader\vendor\guzzlehttp\guzzle\src\Handler\CurlMultiHandler.php(110): GuzzleHttp\Handler\CurlMultiHandler->processMessages()
#4 E:\xampp73\htdocs\filecroco\loader\vendor\guzzlehttp\guzzle\src\Handler\CurlMultiHandler.php(125): GuzzleHttp\Handler\CurlMultiHandler->tick()
#5 E:\xampp73\htdocs\filecroco\loader\vendor\guzzlehttp\promises\src\Promise.php(246): GuzzleHttp\Handler\CurlMultiHandler->execute(true)
#6 E:\xampp73\htdocs\filecroco\loader\vendor\guzzlehttp\promises\src\Promise.php(223): GuzzleHttp\Promise\Promise->invokeWaitFn()
#7 E:\xampp73\htdocs\filecroco\loader\vendor\guzzlehttp\promises\src\Promise.php(267): GuzzleHttp\Promise\Promise->waitIfPending()
#8 E:\xampp73\htdocs\filecroco\loader\vendor\guzzlehttp\promises\src\Promise.php(225): GuzzleHttp\Promise\Promise->invokeWaitList()
#9 E:\xampp73\htdocs\filecroco\loader\vendor\guzzlehttp\promises\src\Promise.php(62): GuzzleHttp\Promise\Promise->waitIfPending()
#10 E:\xampp73\htdocs\filecroco\loader\vendor\guzzlehttp\promises\src\EachPromise.php(101): GuzzleHttp\Promise\Promise->wait()
#11 E:\xampp73\htdocs\filecroco\loader\vendor\guzzlehttp\promises\src\Promise.php(246): GuzzleHttp\Promise\EachPromise->GuzzleHttp\Promise\{closure}(true)
#12 E:\xampp73\htdocs\filecroco\loader\vendor\guzzlehttp\promises\src\Promise.php(223): GuzzleHttp\Promise\Promise->invokeWaitFn()
#13 E:\xampp73\htdocs\filecroco\loader\vendor\guzzlehttp\promises\src\Promise.php(62): GuzzleHttp\Promise\Promise->waitIfPending()
#14 E:\xampp73\htdocs\filecroco\loader\updatedownloadlink.php(95): GuzzleHttp\Promise\Promise->wait()
#15 {main}|136GuzzleHttp\Exception\RequestException: cURL error 56:  (see http://curl.haxx.se/libcurl/c/libcurl-errors.html) in E:\xampp73\htdocs\filecroco\loader\vendor\guzzlehttp\guzzle\src\Handler\CurlFactory.php:186
Stack trace:
#0 E:\xampp73\htdocs\filecroco\loader\vendor\guzzlehttp\guzzle\src\Handler\CurlFactory.php(149): GuzzleHttp\Handler\CurlFactory::createRejection(Object(GuzzleHttp\Handler\EasyHandle), Array)
#1 E:\xampp73\htdocs\filecroco\loader\vendor\guzzlehttp\guzzle\src\Handler\CurlFactory.php(102): GuzzleHttp\Handler\CurlFactory::finishError(Object(GuzzleHttp\Handler\CurlMultiHandler), Object(GuzzleHttp\Handler\EasyHandle), Object(GuzzleHttp\Handler\CurlFactory))
#2 E:\xampp73\htdocs\filecroco\loader\vendor\guzzlehttp\guzzle\src\Handler\CurlMultiHandler.php(181): GuzzleHttp\Handler\CurlFactory::finish(Object(GuzzleHttp\Handler\CurlMultiHandler), Object(GuzzleHttp\Handler\EasyHandle), Object(GuzzleHttp\Handler\CurlFactory))
#3 E:\xampp73\htdocs\filecroco\loader\vendor\guzzlehttp\guzzle\src\Handler\CurlMultiHandler.php(110): GuzzleHttp\Handler\CurlMultiHandler->processMessages()
#4 E:\xampp73\htdocs\filecroco\loader\vendor\guzzlehttp\guzzle\src\Handler\CurlMultiHandler.php(125): GuzzleHttp\Handler\CurlMultiHandler->tick()
#5 E:\xampp73\htdocs\filecroco\loader\vendor\guzzlehttp\promises\src\Promise.php(246): GuzzleHttp\Handler\CurlMultiHandler->execute(true)
#6 E:\xampp73\htdocs\filecroco\loader\vendor\guzzlehttp\promises\src\Promise.php(223): GuzzleHttp\Promise\Promise->invokeWaitFn()
#7 E:\xampp73\htdocs\filecroco\loader\vendor\guzzlehttp\promises\src\Promise.php(267): GuzzleHttp\Promise\Promise->waitIfPending()
#8 E:\xampp73\htdocs\filecroco\loader\vendor\guzzlehttp\promises\src\Promise.php(225): GuzzleHttp\Promise\Promise->invokeWaitList()
#9 E:\xampp73\htdocs\filecroco\loader\vendor\guzzlehttp\promises\src\Promise.php(62): GuzzleHttp\Promise\Promise->waitIfPending()
#10 E:\xampp73\htdocs\filecroco\loader\vendor\guzzlehttp\promises\src\EachPromise.php(101): GuzzleHttp\Promise\Promise->wait()
#11 E:\xampp73\htdocs\filecroco\loader\vendor\guzzlehttp\promises\src\Promise.php(246): GuzzleHttp\Promise\EachPromise->GuzzleHttp\Promise\{closure}(true)
#12 E:\xampp73\htdocs\filecroco\loader\vendor\guzzlehttp\promises\src\Promise.php(223): GuzzleHttp\Promise\Promise->invokeWaitFn()
#13 E:\xampp73\htdocs\filecroco\loader\vendor\guzzlehttp\promises\src\Promise.php(62): GuzzleHttp\Promise\Promise->waitIfPending()
#14 E:\xampp73\htdocs\filecroco\loader\updatedownloadlink.php(95): GuzzleHttp\Promise\Promise->wait()
#15 {main}|137GuzzleHttp\Exception\RequestException: cURL error 56:  (see http://curl.haxx.se/libcurl/c/libcurl-errors.html) in E:\xampp73\htdocs\filecroco\loader\vendor\guzzlehttp\guzzle\src\Handler\CurlFactory.php:186
Stack trace:
#0 E:\xampp73\htdocs\filecroco\loader\vendor\guzzlehttp\guzzle\src\Handler\CurlFactory.php(149): GuzzleHttp\Handler\CurlFactory::createRejection(Object(GuzzleHttp\Handler\EasyHandle), Array)
#1 E:\xampp73\htdocs\filecroco\loader\vendor\guzzlehttp\guzzle\src\Handler\CurlFactory.php(102): GuzzleHttp\Handler\CurlFactory::finishError(Object(GuzzleHttp\Handler\CurlMultiHandler), Object(GuzzleHttp\Handler\EasyHandle), Object(GuzzleHttp\Handler\CurlFactory))
#2 E:\xampp73\htdocs\filecroco\loader\vendor\guzzlehttp\guzzle\src\Handler\CurlMultiHandler.php(181): GuzzleHttp\Handler\CurlFactory::finish(Object(GuzzleHttp\Handler\CurlMultiHandler), Object(GuzzleHttp\Handler\EasyHandle), Object(GuzzleHttp\Handler\CurlFactory))
#3 E:\xampp73\htdocs\filecroco\loader\vendor\guzzlehttp\guzzle\src\Handler\CurlMultiHandler.php(110): GuzzleHttp\Handler\CurlMultiHandler->processMessages()
#4 E:\xampp73\htdocs\filecroco\loader\vendor\guzzlehttp\guzzle\src\Handler\CurlMultiHandler.php(125): GuzzleHttp\Handler\CurlMultiHandler->tick()
#5 E:\xampp73\htdocs\filecroco\loader\vendor\guzzlehttp\promises\src\Promise.php(246): GuzzleHttp\Handler\CurlMultiHandler->execute(true)
#6 E:\xampp73\htdocs\filecroco\loader\vendor\guzzlehttp\promises\src\Promise.php(223): GuzzleHttp\Promise\Promise->invokeWaitFn()
#7 E:\xampp73\htdocs\filecroco\loader\vendor\guzzlehttp\promises\src\Promise.php(267): GuzzleHttp\Promise\Promise->waitIfPending()
#8 E:\xampp73\htdocs\filecroco\loader\vendor\guzzlehttp\promises\src\Promise.php(225): GuzzleHttp\Promise\Promise->invokeWaitList()
#9 E:\xampp73\htdocs\filecroco\loader\vendor\guzzlehttp\promises\src\Promise.php(62): GuzzleHttp\Promise\Promise->waitIfPending()
#10 E:\xampp73\htdocs\filecroco\loader\vendor\guzzlehttp\promises\src\EachPromise.php(101): GuzzleHttp\Promise\Promise->wait()
#11 E:\xampp73\htdocs\filecroco\loader\vendor\guzzlehttp\promises\src\Promise.php(246): GuzzleHttp\Promise\EachPromise->GuzzleHttp\Promise\{closure}(true)
#12 E:\xampp73\htdocs\filecroco\loader\vendor\guzzlehttp\promises\src\Promise.php(223): GuzzleHttp\Promise\Promise->invokeWaitFn()
#13 E:\xampp73\htdocs\filecroco\loader\vendor\guzzlehttp\promises\src\Promise.php(62): GuzzleHttp\Promise\Promise->waitIfPending()
#14 E:\xampp73\htdocs\filecroco\loader\updatedownloadlink.php(95): GuzzleHttp\Promise\Promise->wait()
#15 {main}|138GuzzleHttp\Exception\RequestException: cURL error 56:  (see http://curl.haxx.se/libcurl/c/libcurl-errors.html) in E:\xampp73\htdocs\filecroco\loader\vendor\guzzlehttp\guzzle\src\Handler\CurlFactory.php:186
Stack trace:
#0 E:\xampp73\htdocs\filecroco\loader\vendor\guzzlehttp\guzzle\src\Handler\CurlFactory.php(149): GuzzleHttp\Handler\CurlFactory::createRejection(Object(GuzzleHttp\Handler\EasyHandle), Array)
#1 E:\xampp73\htdocs\filecroco\loader\vendor\guzzlehttp\guzzle\src\Handler\CurlFactory.php(102): GuzzleHttp\Handler\CurlFactory::finishError(Object(GuzzleHttp\Handler\CurlMultiHandler), Object(GuzzleHttp\Handler\EasyHandle), Object(GuzzleHttp\Handler\CurlFactory))
#2 E:\xampp73\htdocs\filecroco\loader\vendor\guzzlehttp\guzzle\src\Handler\CurlMultiHandler.php(181): GuzzleHttp\Handler\CurlFactory::finish(Object(GuzzleHttp\Handler\CurlMultiHandler), Object(GuzzleHttp\Handler\EasyHandle), Object(GuzzleHttp\Handler\CurlFactory))
#3 E:\xampp73\htdocs\filecroco\loader\vendor\guzzlehttp\guzzle\src\Handler\CurlMultiHandler.php(110): GuzzleHttp\Handler\CurlMultiHandler->processMessages()
#4 E:\xampp73\htdocs\filecroco\loader\vendor\guzzlehttp\guzzle\src\Handler\CurlMultiHandler.php(125): GuzzleHttp\Handler\CurlMultiHandler->tick()
#5 E:\xampp73\htdocs\filecroco\loader\vendor\guzzlehttp\promises\src\Promise.php(246): GuzzleHttp\Handler\CurlMultiHandler->execute(true)
#6 E:\xampp73\htdocs\filecroco\loader\vendor\guzzlehttp\promises\src\Promise.php(223): GuzzleHttp\Promise\Promise->invokeWaitFn()
#7 E:\xampp73\htdocs\filecroco\loader\vendor\guzzlehttp\promises\src\Promise.php(267): GuzzleHttp\Promise\Promise->waitIfPending()
#8 E:\xampp73\htdocs\filecroco\loader\vendor\guzzlehttp\promises\src\Promise.php(225): GuzzleHttp\Promise\Promise->invokeWaitList()
#9 E:\xampp73\htdocs\filecroco\loader\vendor\guzzlehttp\promises\src\Promise.php(62): GuzzleHttp\Promise\Promise->waitIfPending()
#10 E:\xampp73\htdocs\filecroco\loader\vendor\guzzlehttp\promises\src\EachPromise.php(101): GuzzleHttp\Promise\Promise->wait()
#11 E:\xampp73\htdocs\filecroco\loader\vendor\guzzlehttp\promises\src\Promise.php(246): GuzzleHttp\Promise\EachPromise->GuzzleHttp\Promise\{closure}(true)
#12 E:\xampp73\htdocs\filecroco\loader\vendor\guzzlehttp\promises\src\Promise.php(223): GuzzleHttp\Promise\Promise->invokeWaitFn()
#13 E:\xampp73\htdocs\filecroco\loader\vendor\guzzlehttp\promises\src\Promise.php(62): GuzzleHttp\Promise\Promise->waitIfPending()
#14 E:\xampp73\htdocs\filecroco\loader\updatedownloadlink.php(95): GuzzleHttp\Promise\Promise->wait()
#15 {main}|139GuzzleHttp\Exception\RequestException: cURL error 56:  (see http://curl.haxx.se/libcurl/c/libcurl-errors.html) in E:\xampp73\htdocs\filecroco\loader\vendor\guzzlehttp\guzzle\src\Handler\CurlFactory.php:186
Stack trace:
#0 E:\xampp73\htdocs\filecroco\loader\vendor\guzzlehttp\guzzle\src\Handler\CurlFactory.php(149): GuzzleHttp\Handler\CurlFactory::createRejection(Object(GuzzleHttp\Handler\EasyHandle), Array)
#1 E:\xampp73\htdocs\filecroco\loader\vendor\guzzlehttp\guzzle\src\Handler\CurlFactory.php(102): GuzzleHttp\Handler\CurlFactory::finishError(Object(GuzzleHttp\Handler\CurlMultiHandler), Object(GuzzleHttp\Handler\EasyHandle), Object(GuzzleHttp\Handler\CurlFactory))
#2 E:\xampp73\htdocs\filecroco\loader\vendor\guzzlehttp\guzzle\src\Handler\CurlMultiHandler.php(181): GuzzleHttp\Handler\CurlFactory::finish(Object(GuzzleHttp\Handler\CurlMultiHandler), Object(GuzzleHttp\Handler\EasyHandle), Object(GuzzleHttp\Handler\CurlFactory))
#3 E:\xampp73\htdocs\filecroco\loader\vendor\guzzlehttp\guzzle\src\Handler\CurlMultiHandler.php(110): GuzzleHttp\Handler\CurlMultiHandler->processMessages()
#4 E:\xampp73\htdocs\filecroco\loader\vendor\guzzlehttp\guzzle\src\Handler\CurlMultiHandler.php(125): GuzzleHttp\Handler\CurlMultiHandler->tick()
#5 E:\xampp73\htdocs\filecroco\loader\vendor\guzzlehttp\promises\src\Promise.php(246): GuzzleHttp\Handler\CurlMultiHandler->execute(true)
#6 E:\xampp73\htdocs\filecroco\loader\vendor\guzzlehttp\promises\src\Promise.php(223): GuzzleHttp\Promise\Promise->invokeWaitFn()
#7 E:\xampp73\htdocs\filecroco\loader\vendor\guzzlehttp\promises\src\Promise.php(267): GuzzleHttp\Promise\Promise->waitIfPending()
#8 E:\xampp73\htdocs\filecroco\loader\vendor\guzzlehttp\promises\src\Promise.php(225): GuzzleHttp\Promise\Promise->invokeWaitList()
#9 E:\xampp73\htdocs\filecroco\loader\vendor\guzzlehttp\promises\src\Promise.php(62): GuzzleHttp\Promise\Promise->waitIfPending()
#10 E:\xampp73\htdocs\filecroco\loader\vendor\guzzlehttp\promises\src\EachPromise.php(101): GuzzleHttp\Promise\Promise->wait()
#11 E:\xampp73\htdocs\filecroco\loader\vendor\guzzlehttp\promises\src\Promise.php(246): GuzzleHttp\Promise\EachPromise->GuzzleHttp\Promise\{closure}(true)
#12 E:\xampp73\htdocs\filecroco\loader\vendor\guzzlehttp\promises\src\Promise.php(223): GuzzleHttp\Promise\Promise->invokeWaitFn()
#13 E:\xampp73\htdocs\filecroco\loader\vendor\guzzlehttp\promises\src\Promise.php(62): GuzzleHttp\Promise\Promise->waitIfPending()
#14 E:\xampp73\htdocs\filecroco\loader\updatedownloadlink.php(95): GuzzleHttp\Promise\Promise->wait()
#15 {main}|140GuzzleHttp\Exception\RequestException: cURL error 56:  (see http://curl.haxx.se/libcurl/c/libcurl-errors.html) in E:\xampp73\htdocs\filecroco\loader\vendor\guzzlehttp\guzzle\src\Handler\CurlFactory.php:186
Stack trace:
#0 E:\xampp73\htdocs\filecroco\loader\vendor\guzzlehttp\guzzle\src\Handler\CurlFactory.php(149): GuzzleHttp\Handler\CurlFactory::createRejection(Object(GuzzleHttp\Handler\EasyHandle), Array)
#1 E:\xampp73\htdocs\filecroco\loader\vendor\guzzlehttp\guzzle\src\Handler\CurlFactory.php(102): GuzzleHttp\Handler\CurlFactory::finishError(Object(GuzzleHttp\Handler\CurlMultiHandler), Object(GuzzleHttp\Handler\EasyHandle), Object(GuzzleHttp\Handler\CurlFactory))
#2 E:\xampp73\htdocs\filecroco\loader\vendor\guzzlehttp\guzzle\src\Handler\CurlMultiHandler.php(181): GuzzleHttp\Handler\CurlFactory::finish(Object(GuzzleHttp\Handler\CurlMultiHandler), Object(GuzzleHttp\Handler\EasyHandle), Object(GuzzleHttp\Handler\CurlFactory))
#3 E:\xampp73\htdocs\filecroco\loader\vendor\guzzlehttp\guzzle\src\Handler\CurlMultiHandler.php(110): GuzzleHttp\Handler\CurlMultiHandler->processMessages()
#4 E:\xampp73\htdocs\filecroco\loader\vendor\guzzlehttp\guzzle\src\Handler\CurlMultiHandler.php(125): GuzzleHttp\Handler\CurlMultiHandler->tick()
#5 E:\xampp73\htdocs\filecroco\loader\vendor\guzzlehttp\promises\src\Promise.php(246): GuzzleHttp\Handler\CurlMultiHandler->execute(true)
#6 E:\xampp73\htdocs\filecroco\loader\vendor\guzzlehttp\promises\src\Promise.php(223): GuzzleHttp\Promise\Promise->invokeWaitFn()
#7 E:\xampp73\htdocs\filecroco\loader\vendor\guzzlehttp\promises\src\Promise.php(267): GuzzleHttp\Promise\Promise->waitIfPending()
#8 E:\xampp73\htdocs\filecroco\loader\vendor\guzzlehttp\promises\src\Promise.php(225): GuzzleHttp\Promise\Promise->invokeWaitList()
#9 E:\xampp73\htdocs\filecroco\loader\vendor\guzzlehttp\promises\src\Promise.php(62): GuzzleHttp\Promise\Promise->waitIfPending()
#10 E:\xampp73\htdocs\filecroco\loader\vendor\guzzlehttp\promises\src\EachPromise.php(101): GuzzleHttp\Promise\Promise->wait()
#11 E:\xampp73\htdocs\filecroco\loader\vendor\guzzlehttp\promises\src\Promise.php(246): GuzzleHttp\Promise\EachPromise->GuzzleHttp\Promise\{closure}(true)
#12 E:\xampp73\htdocs\filecroco\loader\vendor\guzzlehttp\promises\src\Promise.php(223): GuzzleHttp\Promise\Promise->invokeWaitFn()
#13 E:\xampp73\htdocs\filecroco\loader\vendor\guzzlehttp\promises\src\Promise.php(62): GuzzleHttp\Promise\Promise->waitIfPending()
#14 E:\xampp73\htdocs\filecroco\loader\updatedownloadlink.php(95): GuzzleHttp\Promise\Promise->wait()
#15 {main}|141GuzzleHttp\Exception\RequestException: cURL error 56:  (see http://curl.haxx.se/libcurl/c/libcurl-errors.html) in E:\xampp73\htdocs\filecroco\loader\vendor\guzzlehttp\guzzle\src\Handler\CurlFactory.php:186
Stack trace:
#0 E:\xampp73\htdocs\filecroco\loader\vendor\guzzlehttp\guzzle\src\Handler\CurlFactory.php(149): GuzzleHttp\Handler\CurlFactory::createRejection(Object(GuzzleHttp\Handler\EasyHandle), Array)
#1 E:\xampp73\htdocs\filecroco\loader\vendor\guzzlehttp\guzzle\src\Handler\CurlFactory.php(102): GuzzleHttp\Handler\CurlFactory::finishError(Object(GuzzleHttp\Handler\CurlMultiHandler), Object(GuzzleHttp\Handler\EasyHandle), Object(GuzzleHttp\Handler\CurlFactory))
#2 E:\xampp73\htdocs\filecroco\loader\vendor\guzzlehttp\guzzle\src\Handler\CurlMultiHandler.php(181): GuzzleHttp\Handler\CurlFactory::finish(Object(GuzzleHttp\Handler\CurlMultiHandler), Object(GuzzleHttp\Handler\EasyHandle), Object(GuzzleHttp\Handler\CurlFactory))
#3 E:\xampp73\htdocs\filecroco\loader\vendor\guzzlehttp\guzzle\src\Handler\CurlMultiHandler.php(110): GuzzleHttp\Handler\CurlMultiHandler->processMessages()
#4 E:\xampp73\htdocs\filecroco\loader\vendor\guzzlehttp\guzzle\src\Handler\CurlMultiHandler.php(125): GuzzleHttp\Handler\CurlMultiHandler->tick()
#5 E:\xampp73\htdocs\filecroco\loader\vendor\guzzlehttp\promises\src\Promise.php(246): GuzzleHttp\Handler\CurlMultiHandler->execute(true)
#6 E:\xampp73\htdocs\filecroco\loader\vendor\guzzlehttp\promises\src\Promise.php(223): GuzzleHttp\Promise\Promise->invokeWaitFn()
#7 E:\xampp73\htdocs\filecroco\loader\vendor\guzzlehttp\promises\src\Promise.php(267): GuzzleHttp\Promise\Promise->waitIfPending()
#8 E:\xampp73\htdocs\filecroco\loader\vendor\guzzlehttp\promises\src\Promise.php(225): GuzzleHttp\Promise\Promise->invokeWaitList()
#9 E:\xampp73\htdocs\filecroco\loader\vendor\guzzlehttp\promises\src\Promise.php(62): GuzzleHttp\Promise\Promise->waitIfPending()
#10 E:\xampp73\htdocs\filecroco\loader\vendor\guzzlehttp\promises\src\EachPromise.php(101): GuzzleHttp\Promise\Promise->wait()
#11 E:\xampp73\htdocs\filecroco\loader\vendor\guzzlehttp\promises\src\Promise.php(246): GuzzleHttp\Promise\EachPromise->GuzzleHttp\Promise\{closure}(true)
#12 E:\xampp73\htdocs\filecroco\loader\vendor\guzzlehttp\promises\src\Promise.php(223): GuzzleHttp\Promise\Promise->invokeWaitFn()
#13 E:\xampp73\htdocs\filecroco\loader\vendor\guzzlehttp\promises\src\Promise.php(62): GuzzleHttp\Promise\Promise->waitIfPending()
#14 E:\xampp73\htdocs\filecroco\loader\updatedownloadlink.php(95): GuzzleHttp\Promise\Promise->wait()
#15 {main}|142GuzzleHttp\Exception\RequestException: cURL error 56:  (see http://curl.haxx.se/libcurl/c/libcurl-errors.html) in E:\xampp73\htdocs\filecroco\loader\vendor\guzzlehttp\guzzle\src\Handler\CurlFactory.php:186
Stack trace:
#0 E:\xampp73\htdocs\filecroco\loader\vendor\guzzlehttp\guzzle\src\Handler\CurlFactory.php(149): GuzzleHttp\Handler\CurlFactory::createRejection(Object(GuzzleHttp\Handler\EasyHandle), Array)
#1 E:\xampp73\htdocs\filecroco\loader\vendor\guzzlehttp\guzzle\src\Handler\CurlFactory.php(102): GuzzleHttp\Handler\CurlFactory::finishError(Object(GuzzleHttp\Handler\CurlMultiHandler), Object(GuzzleHttp\Handler\EasyHandle), Object(GuzzleHttp\Handler\CurlFactory))
#2 E:\xampp73\htdocs\filecroco\loader\vendor\guzzlehttp\guzzle\src\Handler\CurlMultiHandler.php(181): GuzzleHttp\Handler\CurlFactory::finish(Object(GuzzleHttp\Handler\CurlMultiHandler), Object(GuzzleHttp\Handler\EasyHandle), Object(GuzzleHttp\Handler\CurlFactory))
#3 E:\xampp73\htdocs\filecroco\loader\vendor\guzzlehttp\guzzle\src\Handler\CurlMultiHandler.php(110): GuzzleHttp\Handler\CurlMultiHandler->processMessages()
#4 E:\xampp73\htdocs\filecroco\loader\vendor\guzzlehttp\guzzle\src\Handler\CurlMultiHandler.php(125): GuzzleHttp\Handler\CurlMultiHandler->tick()
#5 E:\xampp73\htdocs\filecroco\loader\vendor\guzzlehttp\promises\src\Promise.php(246): GuzzleHttp\Handler\CurlMultiHandler->execute(true)
#6 E:\xampp73\htdocs\filecroco\loader\vendor\guzzlehttp\promises\src\Promise.php(223): GuzzleHttp\Promise\Promise->invokeWaitFn()
#7 E:\xampp73\htdocs\filecroco\loader\vendor\guzzlehttp\promises\src\Promise.php(267): GuzzleHttp\Promise\Promise->waitIfPending()
#8 E:\xampp73\htdocs\filecroco\loader\vendor\guzzlehttp\promises\src\Promise.php(225): GuzzleHttp\Promise\Promise->invokeWaitList()
#9 E:\xampp73\htdocs\filecroco\loader\vendor\guzzlehttp\promises\src\Promise.php(62): GuzzleHttp\Promise\Promise->waitIfPending()
#10 E:\xampp73\htdocs\filecroco\loader\vendor\guzzlehttp\promises\src\EachPromise.php(101): GuzzleHttp\Promise\Promise->wait()
#11 E:\xampp73\htdocs\filecroco\loader\vendor\guzzlehttp\promises\src\Promise.php(246): GuzzleHttp\Promise\EachPromise->GuzzleHttp\Promise\{closure}(true)
#12 E:\xampp73\htdocs\filecroco\loader\vendor\guzzlehttp\promises\src\Promise.php(223): GuzzleHttp\Promise\Promise->invokeWaitFn()
#13 E:\xampp73\htdocs\filecroco\loader\vendor\guzzlehttp\promises\src\Promise.php(62): GuzzleHttp\Promise\Promise->waitIfPending()
#14 E:\xampp73\htdocs\filecroco\loader\updatedownloadlink.php(95): GuzzleHttp\Promise\Promise->wait()
#15 {main}|143GuzzleHttp\Exception\RequestException: cURL error 56:  (see http://curl.haxx.se/libcurl/c/libcurl-errors.html) in E:\xampp73\htdocs\filecroco\loader\vendor\guzzlehttp\guzzle\src\Handler\CurlFactory.php:186
Stack trace:
#0 E:\xampp73\htdocs\filecroco\loader\vendor\guzzlehttp\guzzle\src\Handler\CurlFactory.php(149): GuzzleHttp\Handler\CurlFactory::createRejection(Object(GuzzleHttp\Handler\EasyHandle), Array)
#1 E:\xampp73\htdocs\filecroco\loader\vendor\guzzlehttp\guzzle\src\Handler\CurlFactory.php(102): GuzzleHttp\Handler\CurlFactory::finishError(Object(GuzzleHttp\Handler\CurlMultiHandler), Object(GuzzleHttp\Handler\EasyHandle), Object(GuzzleHttp\Handler\CurlFactory))
#2 E:\xampp73\htdocs\filecroco\loader\vendor\guzzlehttp\guzzle\src\Handler\CurlMultiHandler.php(181): GuzzleHttp\Handler\CurlFactory::finish(Object(GuzzleHttp\Handler\CurlMultiHandler), Object(GuzzleHttp\Handler\EasyHandle), Object(GuzzleHttp\Handler\CurlFactory))
#3 E:\xampp73\htdocs\filecroco\loader\vendor\guzzlehttp\guzzle\src\Handler\CurlMultiHandler.php(110): GuzzleHttp\Handler\CurlMultiHandler->processMessages()
#4 E:\xampp73\htdocs\filecroco\loader\vendor\guzzlehttp\guzzle\src\Handler\CurlMultiHandler.php(125): GuzzleHttp\Handler\CurlMultiHandler->tick()
#5 E:\xampp73\htdocs\filecroco\loader\vendor\guzzlehttp\promises\src\Promise.php(246): GuzzleHttp\Handler\CurlMultiHandler->execute(true)
#6 E:\xampp73\htdocs\filecroco\loader\vendor\guzzlehttp\promises\src\Promise.php(223): GuzzleHttp\Promise\Promise->invokeWaitFn()
#7 E:\xampp73\htdocs\filecroco\loader\vendor\guzzlehttp\promises\src\Promise.php(267): GuzzleHttp\Promise\Promise->waitIfPending()
#8 E:\xampp73\htdocs\filecroco\loader\vendor\guzzlehttp\promises\src\Promise.php(225): GuzzleHttp\Promise\Promise->invokeWaitList()
#9 E:\xampp73\htdocs\filecroco\loader\vendor\guzzlehttp\promises\src\Promise.php(62): GuzzleHttp\Promise\Promise->waitIfPending()
#10 E:\xampp73\htdocs\filecroco\loader\vendor\guzzlehttp\promises\src\EachPromise.php(101): GuzzleHttp\Promise\Promise->wait()
#11 E:\xampp73\htdocs\filecroco\loader\vendor\guzzlehttp\promises\src\Promise.php(246): GuzzleHttp\Promise\EachPromise->GuzzleHttp\Promise\{closure}(true)
#12 E:\xampp73\htdocs\filecroco\loader\vendor\guzzlehttp\promises\src\Promise.php(223): GuzzleHttp\Promise\Promise->invokeWaitFn()
#13 E:\xampp73\htdocs\filecroco\loader\vendor\guzzlehttp\promises\src\Promise.php(62): GuzzleHttp\Promise\Promise->waitIfPending()
#14 E:\xampp73\htdocs\filecroco\loader\updatedownloadlink.php(95): GuzzleHttp\Promise\Promise->wait()
#15 {main}|144GuzzleHttp\Exception\RequestException: cURL error 56:  (see http://curl.haxx.se/libcurl/c/libcurl-errors.html) in E:\xampp73\htdocs\filecroco\loader\vendor\guzzlehttp\guzzle\src\Handler\CurlFactory.php:186
Stack trace:
#0 E:\xampp73\htdocs\filecroco\loader\vendor\guzzlehttp\guzzle\src\Handler\CurlFactory.php(149): GuzzleHttp\Handler\CurlFactory::createRejection(Object(GuzzleHttp\Handler\EasyHandle), Array)
#1 E:\xampp73\htdocs\filecroco\loader\vendor\guzzlehttp\guzzle\src\Handler\CurlFactory.php(102): GuzzleHttp\Handler\CurlFactory::finishError(Object(GuzzleHttp\Handler\CurlMultiHandler), Object(GuzzleHttp\Handler\EasyHandle), Object(GuzzleHttp\Handler\CurlFactory))
#2 E:\xampp73\htdocs\filecroco\loader\vendor\guzzlehttp\guzzle\src\Handler\CurlMultiHandler.php(181): GuzzleHttp\Handler\CurlFactory::finish(Object(GuzzleHttp\Handler\CurlMultiHandler), Object(GuzzleHttp\Handler\EasyHandle), Object(GuzzleHttp\Handler\CurlFactory))
#3 E:\xampp73\htdocs\filecroco\loader\vendor\guzzlehttp\guzzle\src\Handler\CurlMultiHandler.php(110): GuzzleHttp\Handler\CurlMultiHandler->processMessages()
#4 E:\xampp73\htdocs\filecroco\loader\vendor\guzzlehttp\guzzle\src\Handler\CurlMultiHandler.php(125): GuzzleHttp\Handler\CurlMultiHandler->tick()
#5 E:\xampp73\htdocs\filecroco\loader\vendor\guzzlehttp\promises\src\Promise.php(246): GuzzleHttp\Handler\CurlMultiHandler->execute(true)
#6 E:\xampp73\htdocs\filecroco\loader\vendor\guzzlehttp\promises\src\Promise.php(223): GuzzleHttp\Promise\Promise->invokeWaitFn()
#7 E:\xampp73\htdocs\filecroco\loader\vendor\guzzlehttp\promises\src\Promise.php(267): GuzzleHttp\Promise\Promise->waitIfPending()
#8 E:\xampp73\htdocs\filecroco\loader\vendor\guzzlehttp\promises\src\Promise.php(225): GuzzleHttp\Promise\Promise->invokeWaitList()
#9 E:\xampp73\htdocs\filecroco\loader\vendor\guzzlehttp\promises\src\Promise.php(62): GuzzleHttp\Promise\Promise->waitIfPending()
#10 E:\xampp73\htdocs\filecroco\loader\vendor\guzzlehttp\promises\src\EachPromise.php(101): GuzzleHttp\Promise\Promise->wait()
#11 E:\xampp73\htdocs\filecroco\loader\vendor\guzzlehttp\promises\src\Promise.php(246): GuzzleHttp\Promise\EachPromise->GuzzleHttp\Promise\{closure}(true)
#12 E:\xampp73\htdocs\filecroco\loader\vendor\guzzlehttp\promises\src\Promise.php(223): GuzzleHttp\Promise\Promise->invokeWaitFn()
#13 E:\xampp73\htdocs\filecroco\loader\vendor\guzzlehttp\promises\src\Promise.php(62): GuzzleHttp\Promise\Promise->waitIfPending()
#14 E:\xampp73\htdocs\filecroco\loader\updatedownloadlink.php(95): GuzzleHttp\Promise\Promise->wait()
#15 {main}|145GuzzleHttp\Exception\RequestException: cURL error 56:  (see http://curl.haxx.se/libcurl/c/libcurl-errors.html) in E:\xampp73\htdocs\filecroco\loader\vendor\guzzlehttp\guzzle\src\Handler\CurlFactory.php:186
Stack trace:
#0 E:\xampp73\htdocs\filecroco\loader\vendor\guzzlehttp\guzzle\src\Handler\CurlFactory.php(149): GuzzleHttp\Handler\CurlFactory::createRejection(Object(GuzzleHttp\Handler\EasyHandle), Array)
#1 E:\xampp73\htdocs\filecroco\loader\vendor\guzzlehttp\guzzle\src\Handler\CurlFactory.php(102): GuzzleHttp\Handler\CurlFactory::finishError(Object(GuzzleHttp\Handler\CurlMultiHandler), Object(GuzzleHttp\Handler\EasyHandle), Object(GuzzleHttp\Handler\CurlFactory))
#2 E:\xampp73\htdocs\filecroco\loader\vendor\guzzlehttp\guzzle\src\Handler\CurlMultiHandler.php(181): GuzzleHttp\Handler\CurlFactory::finish(Object(GuzzleHttp\Handler\CurlMultiHandler), Object(GuzzleHttp\Handler\EasyHandle), Object(GuzzleHttp\Handler\CurlFactory))
#3 E:\xampp73\htdocs\filecroco\loader\vendor\guzzlehttp\guzzle\src\Handler\CurlMultiHandler.php(110): GuzzleHttp\Handler\CurlMultiHandler->processMessages()
#4 E:\xampp73\htdocs\filecroco\loader\vendor\guzzlehttp\guzzle\src\Handler\CurlMultiHandler.php(125): GuzzleHttp\Handler\CurlMultiHandler->tick()
#5 E:\xampp73\htdocs\filecroco\loader\vendor\guzzlehttp\promises\src\Promise.php(246): GuzzleHttp\Handler\CurlMultiHandler->execute(true)
#6 E:\xampp73\htdocs\filecroco\loader\vendor\guzzlehttp\promises\src\Promise.php(223): GuzzleHttp\Promise\Promise->invokeWaitFn()
#7 E:\xampp73\htdocs\filecroco\loader\vendor\guzzlehttp\promises\src\Promise.php(267): GuzzleHttp\Promise\Promise->waitIfPending()
#8 E:\xampp73\htdocs\filecroco\loader\vendor\guzzlehttp\promises\src\Promise.php(225): GuzzleHttp\Promise\Promise->invokeWaitList()
#9 E:\xampp73\htdocs\filecroco\loader\vendor\guzzlehttp\promises\src\Promise.php(62): GuzzleHttp\Promise\Promise->waitIfPending()
#10 E:\xampp73\htdocs\filecroco\loader\vendor\guzzlehttp\promises\src\EachPromise.php(101): GuzzleHttp\Promise\Promise->wait()
#11 E:\xampp73\htdocs\filecroco\loader\vendor\guzzlehttp\promises\src\Promise.php(246): GuzzleHttp\Promise\EachPromise->GuzzleHttp\Promise\{closure}(true)
#12 E:\xampp73\htdocs\filecroco\loader\vendor\guzzlehttp\promises\src\Promise.php(223): GuzzleHttp\Promise\Promise->invokeWaitFn()
#13 E:\xampp73\htdocs\filecroco\loader\vendor\guzzlehttp\promises\src\Promise.php(62): GuzzleHttp\Promise\Promise->waitIfPending()
#14 E:\xampp73\htdocs\filecroco\loader\updatedownloadlink.php(95): GuzzleHttp\Promise\Promise->wait()
#15 {main}|146GuzzleHttp\Exception\RequestException: cURL error 56:  (see http://curl.haxx.se/libcurl/c/libcurl-errors.html) in E:\xampp73\htdocs\filecroco\loader\vendor\guzzlehttp\guzzle\src\Handler\CurlFactory.php:186
Stack trace:
#0 E:\xampp73\htdocs\filecroco\loader\vendor\guzzlehttp\guzzle\src\Handler\CurlFactory.php(149): GuzzleHttp\Handler\CurlFactory::createRejection(Object(GuzzleHttp\Handler\EasyHandle), Array)
#1 E:\xampp73\htdocs\filecroco\loader\vendor\guzzlehttp\guzzle\src\Handler\CurlFactory.php(102): GuzzleHttp\Handler\CurlFactory::finishError(Object(GuzzleHttp\Handler\CurlMultiHandler), Object(GuzzleHttp\Handler\EasyHandle), Object(GuzzleHttp\Handler\CurlFactory))
#2 E:\xampp73\htdocs\filecroco\loader\vendor\guzzlehttp\guzzle\src\Handler\CurlMultiHandler.php(181): GuzzleHttp\Handler\CurlFactory::finish(Object(GuzzleHttp\Handler\CurlMultiHandler), Object(GuzzleHttp\Handler\EasyHandle), Object(GuzzleHttp\Handler\CurlFactory))
#3 E:\xampp73\htdocs\filecroco\loader\vendor\guzzlehttp\guzzle\src\Handler\CurlMultiHandler.php(110): GuzzleHttp\Handler\CurlMultiHandler->processMessages()
#4 E:\xampp73\htdocs\filecroco\loader\vendor\guzzlehttp\guzzle\src\Handler\CurlMultiHandler.php(125): GuzzleHttp\Handler\CurlMultiHandler->tick()
#5 E:\xampp73\htdocs\filecroco\loader\vendor\guzzlehttp\promises\src\Promise.php(246): GuzzleHttp\Handler\CurlMultiHandler->execute(true)
#6 E:\xampp73\htdocs\filecroco\loader\vendor\guzzlehttp\promises\src\Promise.php(223): GuzzleHttp\Promise\Promise->invokeWaitFn()
#7 E:\xampp73\htdocs\filecroco\loader\vendor\guzzlehttp\promises\src\Promise.php(267): GuzzleHttp\Promise\Promise->waitIfPending()
#8 E:\xampp73\htdocs\filecroco\loader\vendor\guzzlehttp\promises\src\Promise.php(225): GuzzleHttp\Promise\Promise->invokeWaitList()
#9 E:\xampp73\htdocs\filecroco\loader\vendor\guzzlehttp\promises\src\Promise.php(62): GuzzleHttp\Promise\Promise->waitIfPending()
#10 E:\xampp73\htdocs\filecroco\loader\vendor\guzzlehttp\promises\src\EachPromise.php(101): GuzzleHttp\Promise\Promise->wait()
#11 E:\xampp73\htdocs\filecroco\loader\vendor\guzzlehttp\promises\src\Promise.php(246): GuzzleHttp\Promise\EachPromise->GuzzleHttp\Promise\{closure}(true)
#12 E:\xampp73\htdocs\filecroco\loader\vendor\guzzlehttp\promises\src\Promise.php(223): GuzzleHttp\Promise\Promise->invokeWaitFn()
#13 E:\xampp73\htdocs\filecroco\loader\vendor\guzzlehttp\promises\src\Promise.php(62): GuzzleHttp\Promise\Promise->waitIfPending()
#14 E:\xampp73\htdocs\filecroco\loader\updatedownloadlink.php(95): GuzzleHttp\Promise\Promise->wait()
#15 {main}|147GuzzleHttp\Exception\RequestException: cURL error 56:  (see http://curl.haxx.se/libcurl/c/libcurl-errors.html) in E:\xampp73\htdocs\filecroco\loader\vendor\guzzlehttp\guzzle\src\Handler\CurlFactory.php:186
Stack trace:
#0 E:\xampp73\htdocs\filecroco\loader\vendor\guzzlehttp\guzzle\src\Handler\CurlFactory.php(149): GuzzleHttp\Handler\CurlFactory::createRejection(Object(GuzzleHttp\Handler\EasyHandle), Array)
#1 E:\xampp73\htdocs\filecroco\loader\vendor\guzzlehttp\guzzle\src\Handler\CurlFactory.php(102): GuzzleHttp\Handler\CurlFactory::finishError(Object(GuzzleHttp\Handler\CurlMultiHandler), Object(GuzzleHttp\Handler\EasyHandle), Object(GuzzleHttp\Handler\CurlFactory))
#2 E:\xampp73\htdocs\filecroco\loader\vendor\guzzlehttp\guzzle\src\Handler\CurlMultiHandler.php(181): GuzzleHttp\Handler\CurlFactory::finish(Object(GuzzleHttp\Handler\CurlMultiHandler), Object(GuzzleHttp\Handler\EasyHandle), Object(GuzzleHttp\Handler\CurlFactory))
#3 E:\xampp73\htdocs\filecroco\loader\vendor\guzzlehttp\guzzle\src\Handler\CurlMultiHandler.php(110): GuzzleHttp\Handler\CurlMultiHandler->processMessages()
#4 E:\xampp73\htdocs\filecroco\loader\vendor\guzzlehttp\guzzle\src\Handler\CurlMultiHandler.php(125): GuzzleHttp\Handler\CurlMultiHandler->tick()
#5 E:\xampp73\htdocs\filecroco\loader\vendor\guzzlehttp\promises\src\Promise.php(246): GuzzleHttp\Handler\CurlMultiHandler->execute(true)
#6 E:\xampp73\htdocs\filecroco\loader\vendor\guzzlehttp\promises\src\Promise.php(223): GuzzleHttp\Promise\Promise->invokeWaitFn()
#7 E:\xampp73\htdocs\filecroco\loader\vendor\guzzlehttp\promises\src\Promise.php(267): GuzzleHttp\Promise\Promise->waitIfPending()
#8 E:\xampp73\htdocs\filecroco\loader\vendor\guzzlehttp\promises\src\Promise.php(225): GuzzleHttp\Promise\Promise->invokeWaitList()
#9 E:\xampp73\htdocs\filecroco\loader\vendor\guzzlehttp\promises\src\Promise.php(62): GuzzleHttp\Promise\Promise->waitIfPending()
#10 E:\xampp73\htdocs\filecroco\loader\vendor\guzzlehttp\promises\src\EachPromise.php(101): GuzzleHttp\Promise\Promise->wait()
#11 E:\xampp73\htdocs\filecroco\loader\vendor\guzzlehttp\promises\src\Promise.php(246): GuzzleHttp\Promise\EachPromise->GuzzleHttp\Promise\{closure}(true)
#12 E:\xampp73\htdocs\filecroco\loader\vendor\guzzlehttp\promises\src\Promise.php(223): GuzzleHttp\Promise\Promise->invokeWaitFn()
#13 E:\xampp73\htdocs\filecroco\loader\vendor\guzzlehttp\promises\src\Promise.php(62): GuzzleHttp\Promise\Promise->waitIfPending()
#14 E:\xampp73\htdocs\filecroco\loader\updatedownloadlink.php(95): GuzzleHttp\Promise\Promise->wait()
#15 {main}|148GuzzleHttp\Exception\RequestException: cURL error 56:  (see http://curl.haxx.se/libcurl/c/libcurl-errors.html) in E:\xampp73\htdocs\filecroco\loader\vendor\guzzlehttp\guzzle\src\Handler\CurlFactory.php:186
Stack trace:
#0 E:\xampp73\htdocs\filecroco\loader\vendor\guzzlehttp\guzzle\src\Handler\CurlFactory.php(149): GuzzleHttp\Handler\CurlFactory::createRejection(Object(GuzzleHttp\Handler\EasyHandle), Array)
#1 E:\xampp73\htdocs\filecroco\loader\vendor\guzzlehttp\guzzle\src\Handler\CurlFactory.php(102): GuzzleHttp\Handler\CurlFactory::finishError(Object(GuzzleHttp\Handler\CurlMultiHandler), Object(GuzzleHttp\Handler\EasyHandle), Object(GuzzleHttp\Handler\CurlFactory))
#2 E:\xampp73\htdocs\filecroco\loader\vendor\guzzlehttp\guzzle\src\Handler\CurlMultiHandler.php(181): GuzzleHttp\Handler\CurlFactory::finish(Object(GuzzleHttp\Handler\CurlMultiHandler), Object(GuzzleHttp\Handler\EasyHandle), Object(GuzzleHttp\Handler\CurlFactory))
#3 E:\xampp73\htdocs\filecroco\loader\vendor\guzzlehttp\guzzle\src\Handler\CurlMultiHandler.php(110): GuzzleHttp\Handler\CurlMultiHandler->processMessages()
#4 E:\xampp73\htdocs\filecroco\loader\vendor\guzzlehttp\guzzle\src\Handler\CurlMultiHandler.php(125): GuzzleHttp\Handler\CurlMultiHandler->tick()
#5 E:\xampp73\htdocs\filecroco\loader\vendor\guzzlehttp\promises\src\Promise.php(246): GuzzleHttp\Handler\CurlMultiHandler->execute(true)
#6 E:\xampp73\htdocs\filecroco\loader\vendor\guzzlehttp\promises\src\Promise.php(223): GuzzleHttp\Promise\Promise->invokeWaitFn()
#7 E:\xampp73\htdocs\filecroco\loader\vendor\guzzlehttp\promises\src\Promise.php(267): GuzzleHttp\Promise\Promise->waitIfPending()
#8 E:\xampp73\htdocs\filecroco\loader\vendor\guzzlehttp\promises\src\Promise.php(225): GuzzleHttp\Promise\Promise->invokeWaitList()
#9 E:\xampp73\htdocs\filecroco\loader\vendor\guzzlehttp\promises\src\Promise.php(62): GuzzleHttp\Promise\Promise->waitIfPending()
#10 E:\xampp73\htdocs\filecroco\loader\vendor\guzzlehttp\promises\src\EachPromise.php(101): GuzzleHttp\Promise\Promise->wait()
#11 E:\xampp73\htdocs\filecroco\loader\vendor\guzzlehttp\promises\src\Promise.php(246): GuzzleHttp\Promise\EachPromise->GuzzleHttp\Promise\{closure}(true)
#12 E:\xampp73\htdocs\filecroco\loader\vendor\guzzlehttp\promises\src\Promise.php(223): GuzzleHttp\Promise\Promise->invokeWaitFn()
#13 E:\xampp73\htdocs\filecroco\loader\vendor\guzzlehttp\promises\src\Promise.php(62): GuzzleHttp\Promise\Promise->waitIfPending()
#14 E:\xampp73\htdocs\filecroco\loader\updatedownloadlink.php(95): GuzzleHttp\Promise\Promise->wait()
#15 {main}|149GuzzleHttp\Exception\RequestException: cURL error 56:  (see http://curl.haxx.se/libcurl/c/libcurl-errors.html) in E:\xampp73\htdocs\filecroco\loader\vendor\guzzlehttp\guzzle\src\Handler\CurlFactory.php:186
Stack trace:
#0 E:\xampp73\htdocs\filecroco\loader\vendor\guzzlehttp\guzzle\src\Handler\CurlFactory.php(149): GuzzleHttp\Handler\CurlFactory::createRejection(Object(GuzzleHttp\Handler\EasyHandle), Array)
#1 E:\xampp73\htdocs\filecroco\loader\vendor\guzzlehttp\guzzle\src\Handler\CurlFactory.php(102): GuzzleHttp\Handler\CurlFactory::finishError(Object(GuzzleHttp\Handler\CurlMultiHandler), Object(GuzzleHttp\Handler\EasyHandle), Object(GuzzleHttp\Handler\CurlFactory))
#2 E:\xampp73\htdocs\filecroco\loader\vendor\guzzlehttp\guzzle\src\Handler\CurlMultiHandler.php(181): GuzzleHttp\Handler\CurlFactory::finish(Object(GuzzleHttp\Handler\CurlMultiHandler), Object(GuzzleHttp\Handler\EasyHandle), Object(GuzzleHttp\Handler\CurlFactory))
#3 E:\xampp73\htdocs\filecroco\loader\vendor\guzzlehttp\guzzle\src\Handler\CurlMultiHandler.php(110): GuzzleHttp\Handler\CurlMultiHandler->processMessages()
#4 E:\xampp73\htdocs\filecroco\loader\vendor\guzzlehttp\guzzle\src\Handler\CurlMultiHandler.php(125): GuzzleHttp\Handler\CurlMultiHandler->tick()
#5 E:\xampp73\htdocs\filecroco\loader\vendor\guzzlehttp\promises\src\Promise.php(246): GuzzleHttp\Handler\CurlMultiHandler->execute(true)
#6 E:\xampp73\htdocs\filecroco\loader\vendor\guzzlehttp\promises\src\Promise.php(223): GuzzleHttp\Promise\Promise->invokeWaitFn()
#7 E:\xampp73\htdocs\filecroco\loader\vendor\guzzlehttp\promises\src\Promise.php(267): GuzzleHttp\Promise\Promise->waitIfPending()
#8 E:\xampp73\htdocs\filecroco\loader\vendor\guzzlehttp\promises\src\Promise.php(225): GuzzleHttp\Promise\Promise->invokeWaitList()
#9 E:\xampp73\htdocs\filecroco\loader\vendor\guzzlehttp\promises\src\Promise.php(62): GuzzleHttp\Promise\Promise->waitIfPending()
#10 E:\xampp73\htdocs\filecroco\loader\vendor\guzzlehttp\promises\src\EachPromise.php(101): GuzzleHttp\Promise\Promise->wait()
#11 E:\xampp73\htdocs\filecroco\loader\vendor\guzzlehttp\promises\src\Promise.php(246): GuzzleHttp\Promise\EachPromise->GuzzleHttp\Promise\{closure}(true)
#12 E:\xampp73\htdocs\filecroco\loader\vendor\guzzlehttp\promises\src\Promise.php(223): GuzzleHttp\Promise\Promise->invokeWaitFn()
#13 E:\xampp73\htdocs\filecroco\loader\vendor\guzzlehttp\promises\src\Promise.php(62): GuzzleHttp\Promise\Promise->waitIfPending()
#14 E:\xampp73\htdocs\filecroco\loader\updatedownloadlink.php(95): GuzzleHttp\Promise\Promise->wait()
#15 {main}|150GuzzleHttp\Exception\RequestException: cURL error 56:  (see http://curl.haxx.se/libcurl/c/libcurl-errors.html) in E:\xampp73\htdocs\filecroco\loader\vendor\guzzlehttp\guzzle\src\Handler\CurlFactory.php:186
Stack trace:
#0 E:\xampp73\htdocs\filecroco\loader\vendor\guzzlehttp\guzzle\src\Handler\CurlFactory.php(149): GuzzleHttp\Handler\CurlFactory::createRejection(Object(GuzzleHttp\Handler\EasyHandle), Array)
#1 E:\xampp73\htdocs\filecroco\loader\vendor\guzzlehttp\guzzle\src\Handler\CurlFactory.php(102): GuzzleHttp\Handler\CurlFactory::finishError(Object(GuzzleHttp\Handler\CurlMultiHandler), Object(GuzzleHttp\Handler\EasyHandle), Object(GuzzleHttp\Handler\CurlFactory))
#2 E:\xampp73\htdocs\filecroco\loader\vendor\guzzlehttp\guzzle\src\Handler\CurlMultiHandler.php(181): GuzzleHttp\Handler\CurlFactory::finish(Object(GuzzleHttp\Handler\CurlMultiHandler), Object(GuzzleHttp\Handler\EasyHandle), Object(GuzzleHttp\Handler\CurlFactory))
#3 E:\xampp73\htdocs\filecroco\loader\vendor\guzzlehttp\guzzle\src\Handler\CurlMultiHandler.php(110): GuzzleHttp\Handler\CurlMultiHandler->processMessages()
#4 E:\xampp73\htdocs\filecroco\loader\vendor\guzzlehttp\guzzle\src\Handler\CurlMultiHandler.php(125): GuzzleHttp\Handler\CurlMultiHandler->tick()
#5 E:\xampp73\htdocs\filecroco\loader\vendor\guzzlehttp\promises\src\Promise.php(246): GuzzleHttp\Handler\CurlMultiHandler->execute(true)
#6 E:\xampp73\htdocs\filecroco\loader\vendor\guzzlehttp\promises\src\Promise.php(223): GuzzleHttp\Promise\Promise->invokeWaitFn()
#7 E:\xampp73\htdocs\filecroco\loader\vendor\guzzlehttp\promises\src\Promise.php(267): GuzzleHttp\Promise\Promise->waitIfPending()
#8 E:\xampp73\htdocs\filecroco\loader\vendor\guzzlehttp\promises\src\Promise.php(225): GuzzleHttp\Promise\Promise->invokeWaitList()
#9 E:\xampp73\htdocs\filecroco\loader\vendor\guzzlehttp\promises\src\Promise.php(62): GuzzleHttp\Promise\Promise->waitIfPending()
#10 E:\xampp73\htdocs\filecroco\loader\vendor\guzzlehttp\promises\src\EachPromise.php(101): GuzzleHttp\Promise\Promise->wait()
#11 E:\xampp73\htdocs\filecroco\loader\vendor\guzzlehttp\promises\src\Promise.php(246): GuzzleHttp\Promise\EachPromise->GuzzleHttp\Promise\{closure}(true)
#12 E:\xampp73\htdocs\filecroco\loader\vendor\guzzlehttp\promises\src\Promise.php(223): GuzzleHttp\Promise\Promise->invokeWaitFn()
#13 E:\xampp73\htdocs\filecroco\loader\vendor\guzzlehttp\promises\src\Promise.php(62): GuzzleHttp\Promise\Promise->waitIfPending()
#14 E:\xampp73\htdocs\filecroco\loader\updatedownloadlink.php(95): GuzzleHttp\Promise\Promise->wait()
#15 {main}|151GuzzleHttp\Exception\RequestException: cURL error 56:  (see http://curl.haxx.se/libcurl/c/libcurl-errors.html) in E:\xampp73\htdocs\filecroco\loader\vendor\guzzlehttp\guzzle\src\Handler\CurlFactory.php:186
Stack trace:
#0 E:\xampp73\htdocs\filecroco\loader\vendor\guzzlehttp\guzzle\src\Handler\CurlFactory.php(149): GuzzleHttp\Handler\CurlFactory::createRejection(Object(GuzzleHttp\Handler\EasyHandle), Array)
#1 E:\xampp73\htdocs\filecroco\loader\vendor\guzzlehttp\guzzle\src\Handler\CurlFactory.php(102): GuzzleHttp\Handler\CurlFactory::finishError(Object(GuzzleHttp\Handler\CurlMultiHandler), Object(GuzzleHttp\Handler\EasyHandle), Object(GuzzleHttp\Handler\CurlFactory))
#2 E:\xampp73\htdocs\filecroco\loader\vendor\guzzlehttp\guzzle\src\Handler\CurlMultiHandler.php(181): GuzzleHttp\Handler\CurlFactory::finish(Object(GuzzleHttp\Handler\CurlMultiHandler), Object(GuzzleHttp\Handler\EasyHandle), Object(GuzzleHttp\Handler\CurlFactory))
#3 E:\xampp73\htdocs\filecroco\loader\vendor\guzzlehttp\guzzle\src\Handler\CurlMultiHandler.php(110): GuzzleHttp\Handler\CurlMultiHandler->processMessages()
#4 E:\xampp73\htdocs\filecroco\loader\vendor\guzzlehttp\guzzle\src\Handler\CurlMultiHandler.php(125): GuzzleHttp\Handler\CurlMultiHandler->tick()
#5 E:\xampp73\htdocs\filecroco\loader\vendor\guzzlehttp\promises\src\Promise.php(246): GuzzleHttp\Handler\CurlMultiHandler->execute(true)
#6 E:\xampp73\htdocs\filecroco\loader\vendor\guzzlehttp\promises\src\Promise.php(223): GuzzleHttp\Promise\Promise->invokeWaitFn()
#7 E:\xampp73\htdocs\filecroco\loader\vendor\guzzlehttp\promises\src\Promise.php(267): GuzzleHttp\Promise\Promise->waitIfPending()
#8 E:\xampp73\htdocs\filecroco\loader\vendor\guzzlehttp\promises\src\Promise.php(225): GuzzleHttp\Promise\Promise->invokeWaitList()
#9 E:\xampp73\htdocs\filecroco\loader\vendor\guzzlehttp\promises\src\Promise.php(62): GuzzleHttp\Promise\Promise->waitIfPending()
#10 E:\xampp73\htdocs\filecroco\loader\vendor\guzzlehttp\promises\src\EachPromise.php(101): GuzzleHttp\Promise\Promise->wait()
#11 E:\xampp73\htdocs\filecroco\loader\vendor\guzzlehttp\promises\src\Promise.php(246): GuzzleHttp\Promise\EachPromise->GuzzleHttp\Promise\{closure}(true)
#12 E:\xampp73\htdocs\filecroco\loader\vendor\guzzlehttp\promises\src\Promise.php(223): GuzzleHttp\Promise\Promise->invokeWaitFn()
#13 E:\xampp73\htdocs\filecroco\loader\vendor\guzzlehttp\promises\src\Promise.php(62): GuzzleHttp\Promise\Promise->waitIfPending()
#14 E:\xampp73\htdocs\filecroco\loader\updatedownloadlink.php(95): GuzzleHttp\Promise\Promise->wait()
#15 {main}|152GuzzleHttp\Exception\RequestException: cURL error 56:  (see http://curl.haxx.se/libcurl/c/libcurl-errors.html) in E:\xampp73\htdocs\filecroco\loader\vendor\guzzlehttp\guzzle\src\Handler\CurlFactory.php:186
Stack trace:
#0 E:\xampp73\htdocs\filecroco\loader\vendor\guzzlehttp\guzzle\src\Handler\CurlFactory.php(149): GuzzleHttp\Handler\CurlFactory::createRejection(Object(GuzzleHttp\Handler\EasyHandle), Array)
#1 E:\xampp73\htdocs\filecroco\loader\vendor\guzzlehttp\guzzle\src\Handler\CurlFactory.php(102): GuzzleHttp\Handler\CurlFactory::finishError(Object(GuzzleHttp\Handler\CurlMultiHandler), Object(GuzzleHttp\Handler\EasyHandle), Object(GuzzleHttp\Handler\CurlFactory))
#2 E:\xampp73\htdocs\filecroco\loader\vendor\guzzlehttp\guzzle\src\Handler\CurlMultiHandler.php(181): GuzzleHttp\Handler\CurlFactory::finish(Object(GuzzleHttp\Handler\CurlMultiHandler), Object(GuzzleHttp\Handler\EasyHandle), Object(GuzzleHttp\Handler\CurlFactory))
#3 E:\xampp73\htdocs\filecroco\loader\vendor\guzzlehttp\guzzle\src\Handler\CurlMultiHandler.php(110): GuzzleHttp\Handler\CurlMultiHandler->processMessages()
#4 E:\xampp73\htdocs\filecroco\loader\vendor\guzzlehttp\guzzle\src\Handler\CurlMultiHandler.php(125): GuzzleHttp\Handler\CurlMultiHandler->tick()
#5 E:\xampp73\htdocs\filecroco\loader\vendor\guzzlehttp\promises\src\Promise.php(246): GuzzleHttp\Handler\CurlMultiHandler->execute(true)
#6 E:\xampp73\htdocs\filecroco\loader\vendor\guzzlehttp\promises\src\Promise.php(223): GuzzleHttp\Promise\Promise->invokeWaitFn()
#7 E:\xampp73\htdocs\filecroco\loader\vendor\guzzlehttp\promises\src\Promise.php(267): GuzzleHttp\Promise\Promise->waitIfPending()
#8 E:\xampp73\htdocs\filecroco\loader\vendor\guzzlehttp\promises\src\Promise.php(225): GuzzleHttp\Promise\Promise->invokeWaitList()
#9 E:\xampp73\htdocs\filecroco\loader\vendor\guzzlehttp\promises\src\Promise.php(62): GuzzleHttp\Promise\Promise->waitIfPending()
#10 E:\xampp73\htdocs\filecroco\loader\vendor\guzzlehttp\promises\src\EachPromise.php(101): GuzzleHttp\Promise\Promise->wait()
#11 E:\xampp73\htdocs\filecroco\loader\vendor\guzzlehttp\promises\src\Promise.php(246): GuzzleHttp\Promise\EachPromise->GuzzleHttp\Promise\{closure}(true)
#12 E:\xampp73\htdocs\filecroco\loader\vendor\guzzlehttp\promises\src\Promise.php(223): GuzzleHttp\Promise\Promise->invokeWaitFn()
#13 E:\xampp73\htdocs\filecroco\loader\vendor\guzzlehttp\promises\src\Promise.php(62): GuzzleHttp\Promise\Promise->waitIfPending()
#14 E:\xampp73\htdocs\filecroco\loader\updatedownloadlink.php(95): GuzzleHttp\Promise\Promise->wait()
#15 {main}|153GuzzleHttp\Exception\RequestException: cURL error 56:  (see http://curl.haxx.se/libcurl/c/libcurl-errors.html) in E:\xampp73\htdocs\filecroco\loader\vendor\guzzlehttp\guzzle\src\Handler\CurlFactory.php:186
Stack trace:
#0 E:\xampp73\htdocs\filecroco\loader\vendor\guzzlehttp\guzzle\src\Handler\CurlFactory.php(149): GuzzleHttp\Handler\CurlFactory::createRejection(Object(GuzzleHttp\Handler\EasyHandle), Array)
#1 E:\xampp73\htdocs\filecroco\loader\vendor\guzzlehttp\guzzle\src\Handler\CurlFactory.php(102): GuzzleHttp\Handler\CurlFactory::finishError(Object(GuzzleHttp\Handler\CurlMultiHandler), Object(GuzzleHttp\Handler\EasyHandle), Object(GuzzleHttp\Handler\CurlFactory))
#2 E:\xampp73\htdocs\filecroco\loader\vendor\guzzlehttp\guzzle\src\Handler\CurlMultiHandler.php(181): GuzzleHttp\Handler\CurlFactory::finish(Object(GuzzleHttp\Handler\CurlMultiHandler), Object(GuzzleHttp\Handler\EasyHandle), Object(GuzzleHttp\Handler\CurlFactory))
#3 E:\xampp73\htdocs\filecroco\loader\vendor\guzzlehttp\guzzle\src\Handler\CurlMultiHandler.php(110): GuzzleHttp\Handler\CurlMultiHandler->processMessages()
#4 E:\xampp73\htdocs\filecroco\loader\vendor\guzzlehttp\guzzle\src\Handler\CurlMultiHandler.php(125): GuzzleHttp\Handler\CurlMultiHandler->tick()
#5 E:\xampp73\htdocs\filecroco\loader\vendor\guzzlehttp\promises\src\Promise.php(246): GuzzleHttp\Handler\CurlMultiHandler->execute(true)
#6 E:\xampp73\htdocs\filecroco\loader\vendor\guzzlehttp\promises\src\Promise.php(223): GuzzleHttp\Promise\Promise->invokeWaitFn()
#7 E:\xampp73\htdocs\filecroco\loader\vendor\guzzlehttp\promises\src\Promise.php(267): GuzzleHttp\Promise\Promise->waitIfPending()
#8 E:\xampp73\htdocs\filecroco\loader\vendor\guzzlehttp\promises\src\Promise.php(225): GuzzleHttp\Promise\Promise->invokeWaitList()
#9 E:\xampp73\htdocs\filecroco\loader\vendor\guzzlehttp\promises\src\Promise.php(62): GuzzleHttp\Promise\Promise->waitIfPending()
#10 E:\xampp73\htdocs\filecroco\loader\vendor\guzzlehttp\promises\src\EachPromise.php(101): GuzzleHttp\Promise\Promise->wait()
#11 E:\xampp73\htdocs\filecroco\loader\vendor\guzzlehttp\promises\src\Promise.php(246): GuzzleHttp\Promise\EachPromise->GuzzleHttp\Promise\{closure}(true)
#12 E:\xampp73\htdocs\filecroco\loader\vendor\guzzlehttp\promises\src\Promise.php(223): GuzzleHttp\Promise\Promise->invokeWaitFn()
#13 E:\xampp73\htdocs\filecroco\loader\vendor\guzzlehttp\promises\src\Promise.php(62): GuzzleHttp\Promise\Promise->waitIfPending()
#14 E:\xampp73\htdocs\filecroco\loader\updatedownloadlink.php(95): GuzzleHttp\Promise\Promise->wait()
#15 {main}|154GuzzleHttp\Exception\RequestException: cURL error 56:  (see http://curl.haxx.se/libcurl/c/libcurl-errors.html) in E:\xampp73\htdocs\filecroco\loader\vendor\guzzlehttp\guzzle\src\Handler\CurlFactory.php:186
Stack trace:
#0 E:\xampp73\htdocs\filecroco\loader\vendor\guzzlehttp\guzzle\src\Handler\CurlFactory.php(149): GuzzleHttp\Handler\CurlFactory::createRejection(Object(GuzzleHttp\Handler\EasyHandle), Array)
#1 E:\xampp73\htdocs\filecroco\loader\vendor\guzzlehttp\guzzle\src\Handler\CurlFactory.php(102): GuzzleHttp\Handler\CurlFactory::finishError(Object(GuzzleHttp\Handler\CurlMultiHandler), Object(GuzzleHttp\Handler\EasyHandle), Object(GuzzleHttp\Handler\CurlFactory))
#2 E:\xampp73\htdocs\filecroco\loader\vendor\guzzlehttp\guzzle\src\Handler\CurlMultiHandler.php(181): GuzzleHttp\Handler\CurlFactory::finish(Object(GuzzleHttp\Handler\CurlMultiHandler), Object(GuzzleHttp\Handler\EasyHandle), Object(GuzzleHttp\Handler\CurlFactory))
#3 E:\xampp73\htdocs\filecroco\loader\vendor\guzzlehttp\guzzle\src\Handler\CurlMultiHandler.php(110): GuzzleHttp\Handler\CurlMultiHandler->processMessages()
#4 E:\xampp73\htdocs\filecroco\loader\vendor\guzzlehttp\guzzle\src\Handler\CurlMultiHandler.php(125): GuzzleHttp\Handler\CurlMultiHandler->tick()
#5 E:\xampp73\htdocs\filecroco\loader\vendor\guzzlehttp\promises\src\Promise.php(246): GuzzleHttp\Handler\CurlMultiHandler->execute(true)
#6 E:\xampp73\htdocs\filecroco\loader\vendor\guzzlehttp\promises\src\Promise.php(223): GuzzleHttp\Promise\Promise->invokeWaitFn()
#7 E:\xampp73\htdocs\filecroco\loader\vendor\guzzlehttp\promises\src\Promise.php(267): GuzzleHttp\Promise\Promise->waitIfPending()
#8 E:\xampp73\htdocs\filecroco\loader\vendor\guzzlehttp\promises\src\Promise.php(225): GuzzleHttp\Promise\Promise->invokeWaitList()
#9 E:\xampp73\htdocs\filecroco\loader\vendor\guzzlehttp\promises\src\Promise.php(62): GuzzleHttp\Promise\Promise->waitIfPending()
#10 E:\xampp73\htdocs\filecroco\loader\vendor\guzzlehttp\promises\src\EachPromise.php(101): GuzzleHttp\Promise\Promise->wait()
#11 E:\xampp73\htdocs\filecroco\loader\vendor\guzzlehttp\promises\src\Promise.php(246): GuzzleHttp\Promise\EachPromise->GuzzleHttp\Promise\{closure}(true)
#12 E:\xampp73\htdocs\filecroco\loader\vendor\guzzlehttp\promises\src\Promise.php(223): GuzzleHttp\Promise\Promise->invokeWaitFn()
#13 E:\xampp73\htdocs\filecroco\loader\vendor\guzzlehttp\promises\src\Promise.php(62): GuzzleHttp\Promise\Promise->waitIfPending()
#14 E:\xampp73\htdocs\filecroco\loader\updatedownloadlink.php(95): GuzzleHttp\Promise\Promise->wait()
#15 {main}|155GuzzleHttp\Exception\RequestException: cURL error 56:  (see http://curl.haxx.se/libcurl/c/libcurl-errors.html) in E:\xampp73\htdocs\filecroco\loader\vendor\guzzlehttp\guzzle\src\Handler\CurlFactory.php:186
Stack trace:
#0 E:\xampp73\htdocs\filecroco\loader\vendor\guzzlehttp\guzzle\src\Handler\CurlFactory.php(149): GuzzleHttp\Handler\CurlFactory::createRejection(Object(GuzzleHttp\Handler\EasyHandle), Array)
#1 E:\xampp73\htdocs\filecroco\loader\vendor\guzzlehttp\guzzle\src\Handler\CurlFactory.php(102): GuzzleHttp\Handler\CurlFactory::finishError(Object(GuzzleHttp\Handler\CurlMultiHandler), Object(GuzzleHttp\Handler\EasyHandle), Object(GuzzleHttp\Handler\CurlFactory))
#2 E:\xampp73\htdocs\filecroco\loader\vendor\guzzlehttp\guzzle\src\Handler\CurlMultiHandler.php(181): GuzzleHttp\Handler\CurlFactory::finish(Object(GuzzleHttp\Handler\CurlMultiHandler), Object(GuzzleHttp\Handler\EasyHandle), Object(GuzzleHttp\Handler\CurlFactory))
#3 E:\xampp73\htdocs\filecroco\loader\vendor\guzzlehttp\guzzle\src\Handler\CurlMultiHandler.php(110): GuzzleHttp\Handler\CurlMultiHandler->processMessages()
#4 E:\xampp73\htdocs\filecroco\loader\vendor\guzzlehttp\guzzle\src\Handler\CurlMultiHandler.php(125): GuzzleHttp\Handler\CurlMultiHandler->tick()
#5 E:\xampp73\htdocs\filecroco\loader\vendor\guzzlehttp\promises\src\Promise.php(246): GuzzleHttp\Handler\CurlMultiHandler->execute(true)
#6 E:\xampp73\htdocs\filecroco\loader\vendor\guzzlehttp\promises\src\Promise.php(223): GuzzleHttp\Promise\Promise->invokeWaitFn()
#7 E:\xampp73\htdocs\filecroco\loader\vendor\guzzlehttp\promises\src\Promise.php(267): GuzzleHttp\Promise\Promise->waitIfPending()
#8 E:\xampp73\htdocs\filecroco\loader\vendor\guzzlehttp\promises\src\Promise.php(225): GuzzleHttp\Promise\Promise->invokeWaitList()
#9 E:\xampp73\htdocs\filecroco\loader\vendor\guzzlehttp\promises\src\Promise.php(62): GuzzleHttp\Promise\Promise->waitIfPending()
#10 E:\xampp73\htdocs\filecroco\loader\vendor\guzzlehttp\promises\src\EachPromise.php(101): GuzzleHttp\Promise\Promise->wait()
#11 E:\xampp73\htdocs\filecroco\loader\vendor\guzzlehttp\promises\src\Promise.php(246): GuzzleHttp\Promise\EachPromise->GuzzleHttp\Promise\{closure}(true)
#12 E:\xampp73\htdocs\filecroco\loader\vendor\guzzlehttp\promises\src\Promise.php(223): GuzzleHttp\Promise\Promise->invokeWaitFn()
#13 E:\xampp73\htdocs\filecroco\loader\vendor\guzzlehttp\promises\src\Promise.php(62): GuzzleHttp\Promise\Promise->waitIfPending()
#14 E:\xampp73\htdocs\filecroco\loader\updatedownloadlink.php(95): GuzzleHttp\Promise\Promise->wait()
#15 {main}|156GuzzleHttp\Exception\RequestException: cURL error 56:  (see http://curl.haxx.se/libcurl/c/libcurl-errors.html) in E:\xampp73\htdocs\filecroco\loader\vendor\guzzlehttp\guzzle\src\Handler\CurlFactory.php:186
Stack trace:
#0 E:\xampp73\htdocs\filecroco\loader\vendor\guzzlehttp\guzzle\src\Handler\CurlFactory.php(149): GuzzleHttp\Handler\CurlFactory::createRejection(Object(GuzzleHttp\Handler\EasyHandle), Array)
#1 E:\xampp73\htdocs\filecroco\loader\vendor\guzzlehttp\guzzle\src\Handler\CurlFactory.php(102): GuzzleHttp\Handler\CurlFactory::finishError(Object(GuzzleHttp\Handler\CurlMultiHandler), Object(GuzzleHttp\Handler\EasyHandle), Object(GuzzleHttp\Handler\CurlFactory))
#2 E:\xampp73\htdocs\filecroco\loader\vendor\guzzlehttp\guzzle\src\Handler\CurlMultiHandler.php(181): GuzzleHttp\Handler\CurlFactory::finish(Object(GuzzleHttp\Handler\CurlMultiHandler), Object(GuzzleHttp\Handler\EasyHandle), Object(GuzzleHttp\Handler\CurlFactory))
#3 E:\xampp73\htdocs\filecroco\loader\vendor\guzzlehttp\guzzle\src\Handler\CurlMultiHandler.php(110): GuzzleHttp\Handler\CurlMultiHandler->processMessages()
#4 E:\xampp73\htdocs\filecroco\loader\vendor\guzzlehttp\guzzle\src\Handler\CurlMultiHandler.php(125): GuzzleHttp\Handler\CurlMultiHandler->tick()
#5 E:\xampp73\htdocs\filecroco\loader\vendor\guzzlehttp\promises\src\Promise.php(246): GuzzleHttp\Handler\CurlMultiHandler->execute(true)
#6 E:\xampp73\htdocs\filecroco\loader\vendor\guzzlehttp\promises\src\Promise.php(223): GuzzleHttp\Promise\Promise->invokeWaitFn()
#7 E:\xampp73\htdocs\filecroco\loader\vendor\guzzlehttp\promises\src\Promise.php(267): GuzzleHttp\Promise\Promise->waitIfPending()
#8 E:\xampp73\htdocs\filecroco\loader\vendor\guzzlehttp\promises\src\Promise.php(225): GuzzleHttp\Promise\Promise->invokeWaitList()
#9 E:\xampp73\htdocs\filecroco\loader\vendor\guzzlehttp\promises\src\Promise.php(62): GuzzleHttp\Promise\Promise->waitIfPending()
#10 E:\xampp73\htdocs\filecroco\loader\vendor\guzzlehttp\promises\src\EachPromise.php(101): GuzzleHttp\Promise\Promise->wait()
#11 E:\xampp73\htdocs\filecroco\loader\vendor\guzzlehttp\promises\src\Promise.php(246): GuzzleHttp\Promise\EachPromise->GuzzleHttp\Promise\{closure}(true)
#12 E:\xampp73\htdocs\filecroco\loader\vendor\guzzlehttp\promises\src\Promise.php(223): GuzzleHttp\Promise\Promise->invokeWaitFn()
#13 E:\xampp73\htdocs\filecroco\loader\vendor\guzzlehttp\promises\src\Promise.php(62): GuzzleHttp\Promise\Promise->waitIfPending()
#14 E:\xampp73\htdocs\filecroco\loader\updatedownloadlink.php(95): GuzzleHttp\Promise\Promise->wait()
#15 {main}|157GuzzleHttp\Exception\RequestException: cURL error 56:  (see http://curl.haxx.se/libcurl/c/libcurl-errors.html) in E:\xampp73\htdocs\filecroco\loader\vendor\guzzlehttp\guzzle\src\Handler\CurlFactory.php:186
Stack trace:
#0 E:\xampp73\htdocs\filecroco\loader\vendor\guzzlehttp\guzzle\src\Handler\CurlFactory.php(149): GuzzleHttp\Handler\CurlFactory::createRejection(Object(GuzzleHttp\Handler\EasyHandle), Array)
#1 E:\xampp73\htdocs\filecroco\loader\vendor\guzzlehttp\guzzle\src\Handler\CurlFactory.php(102): GuzzleHttp\Handler\CurlFactory::finishError(Object(GuzzleHttp\Handler\CurlMultiHandler), Object(GuzzleHttp\Handler\EasyHandle), Object(GuzzleHttp\Handler\CurlFactory))
#2 E:\xampp73\htdocs\filecroco\loader\vendor\guzzlehttp\guzzle\src\Handler\CurlMultiHandler.php(181): GuzzleHttp\Handler\CurlFactory::finish(Object(GuzzleHttp\Handler\CurlMultiHandler), Object(GuzzleHttp\Handler\EasyHandle), Object(GuzzleHttp\Handler\CurlFactory))
#3 E:\xampp73\htdocs\filecroco\loader\vendor\guzzlehttp\guzzle\src\Handler\CurlMultiHandler.php(110): GuzzleHttp\Handler\CurlMultiHandler->processMessages()
#4 E:\xampp73\htdocs\filecroco\loader\vendor\guzzlehttp\guzzle\src\Handler\CurlMultiHandler.php(125): GuzzleHttp\Handler\CurlMultiHandler->tick()
#5 E:\xampp73\htdocs\filecroco\loader\vendor\guzzlehttp\promises\src\Promise.php(246): GuzzleHttp\Handler\CurlMultiHandler->execute(true)
#6 E:\xampp73\htdocs\filecroco\loader\vendor\guzzlehttp\promises\src\Promise.php(223): GuzzleHttp\Promise\Promise->invokeWaitFn()
#7 E:\xampp73\htdocs\filecroco\loader\vendor\guzzlehttp\promises\src\Promise.php(267): GuzzleHttp\Promise\Promise->waitIfPending()
#8 E:\xampp73\htdocs\filecroco\loader\vendor\guzzlehttp\promises\src\Promise.php(225): GuzzleHttp\Promise\Promise->invokeWaitList()
#9 E:\xampp73\htdocs\filecroco\loader\vendor\guzzlehttp\promises\src\Promise.php(62): GuzzleHttp\Promise\Promise->waitIfPending()
#10 E:\xampp73\htdocs\filecroco\loader\vendor\guzzlehttp\promises\src\EachPromise.php(101): GuzzleHttp\Promise\Promise->wait()
#11 E:\xampp73\htdocs\filecroco\loader\vendor\guzzlehttp\promises\src\Promise.php(246): GuzzleHttp\Promise\EachPromise->GuzzleHttp\Promise\{closure}(true)
#12 E:\xampp73\htdocs\filecroco\loader\vendor\guzzlehttp\promises\src\Promise.php(223): GuzzleHttp\Promise\Promise->invokeWaitFn()
#13 E:\xampp73\htdocs\filecroco\loader\vendor\guzzlehttp\promises\src\Promise.php(62): GuzzleHttp\Promise\Promise->waitIfPending()
#14 E:\xampp73\htdocs\filecroco\loader\updatedownloadlink.php(95): GuzzleHttp\Promise\Promise->wait()
#15 {main}|158GuzzleHttp\Exception\RequestException: cURL error 56:  (see http://curl.haxx.se/libcurl/c/libcurl-errors.html) in E:\xampp73\htdocs\filecroco\loader\vendor\guzzlehttp\guzzle\src\Handler\CurlFactory.php:186
Stack trace:
#0 E:\xampp73\htdocs\filecroco\loader\vendor\guzzlehttp\guzzle\src\Handler\CurlFactory.php(149): GuzzleHttp\Handler\CurlFactory::createRejection(Object(GuzzleHttp\Handler\EasyHandle), Array)
#1 E:\xampp73\htdocs\filecroco\loader\vendor\guzzlehttp\guzzle\src\Handler\CurlFactory.php(102): GuzzleHttp\Handler\CurlFactory::finishError(Object(GuzzleHttp\Handler\CurlMultiHandler), Object(GuzzleHttp\Handler\EasyHandle), Object(GuzzleHttp\Handler\CurlFactory))
#2 E:\xampp73\htdocs\filecroco\loader\vendor\guzzlehttp\guzzle\src\Handler\CurlMultiHandler.php(181): GuzzleHttp\Handler\CurlFactory::finish(Object(GuzzleHttp\Handler\CurlMultiHandler), Object(GuzzleHttp\Handler\EasyHandle), Object(GuzzleHttp\Handler\CurlFactory))
#3 E:\xampp73\htdocs\filecroco\loader\vendor\guzzlehttp\guzzle\src\Handler\CurlMultiHandler.php(110): GuzzleHttp\Handler\CurlMultiHandler->processMessages()
#4 E:\xampp73\htdocs\filecroco\loader\vendor\guzzlehttp\guzzle\src\Handler\CurlMultiHandler.php(125): GuzzleHttp\Handler\CurlMultiHandler->tick()
#5 E:\xampp73\htdocs\filecroco\loader\vendor\guzzlehttp\promises\src\Promise.php(246): GuzzleHttp\Handler\CurlMultiHandler->execute(true)
#6 E:\xampp73\htdocs\filecroco\loader\vendor\guzzlehttp\promises\src\Promise.php(223): GuzzleHttp\Promise\Promise->invokeWaitFn()
#7 E:\xampp73\htdocs\filecroco\loader\vendor\guzzlehttp\promises\src\Promise.php(267): GuzzleHttp\Promise\Promise->waitIfPending()
#8 E:\xampp73\htdocs\filecroco\loader\vendor\guzzlehttp\promises\src\Promise.php(225): GuzzleHttp\Promise\Promise->invokeWaitList()
#9 E:\xampp73\htdocs\filecroco\loader\vendor\guzzlehttp\promises\src\Promise.php(62): GuzzleHttp\Promise\Promise->waitIfPending()
#10 E:\xampp73\htdocs\filecroco\loader\vendor\guzzlehttp\promises\src\EachPromise.php(101): GuzzleHttp\Promise\Promise->wait()
#11 E:\xampp73\htdocs\filecroco\loader\vendor\guzzlehttp\promises\src\Promise.php(246): GuzzleHttp\Promise\EachPromise->GuzzleHttp\Promise\{closure}(true)
#12 E:\xampp73\htdocs\filecroco\loader\vendor\guzzlehttp\promises\src\Promise.php(223): GuzzleHttp\Promise\Promise->invokeWaitFn()
#13 E:\xampp73\htdocs\filecroco\loader\vendor\guzzlehttp\promises\src\Promise.php(62): GuzzleHttp\Promise\Promise->waitIfPending()
#14 E:\xampp73\htdocs\filecroco\loader\updatedownloadlink.php(95): GuzzleHttp\Promise\Promise->wait()
#15 {main}|159GuzzleHttp\Exception\RequestException: cURL error 56:  (see http://curl.haxx.se/libcurl/c/libcurl-errors.html) in E:\xampp73\htdocs\filecroco\loader\vendor\guzzlehttp\guzzle\src\Handler\CurlFactory.php:186
Stack trace:
#0 E:\xampp73\htdocs\filecroco\loader\vendor\guzzlehttp\guzzle\src\Handler\CurlFactory.php(149): GuzzleHttp\Handler\CurlFactory::createRejection(Object(GuzzleHttp\Handler\EasyHandle), Array)
#1 E:\xampp73\htdocs\filecroco\loader\vendor\guzzlehttp\guzzle\src\Handler\CurlFactory.php(102): GuzzleHttp\Handler\CurlFactory::finishError(Object(GuzzleHttp\Handler\CurlMultiHandler), Object(GuzzleHttp\Handler\EasyHandle), Object(GuzzleHttp\Handler\CurlFactory))
#2 E:\xampp73\htdocs\filecroco\loader\vendor\guzzlehttp\guzzle\src\Handler\CurlMultiHandler.php(181): GuzzleHttp\Handler\CurlFactory::finish(Object(GuzzleHttp\Handler\CurlMultiHandler), Object(GuzzleHttp\Handler\EasyHandle), Object(GuzzleHttp\Handler\CurlFactory))
#3 E:\xampp73\htdocs\filecroco\loader\vendor\guzzlehttp\guzzle\src\Handler\CurlMultiHandler.php(110): GuzzleHttp\Handler\CurlMultiHandler->processMessages()
#4 E:\xampp73\htdocs\filecroco\loader\vendor\guzzlehttp\guzzle\src\Handler\CurlMultiHandler.php(125): GuzzleHttp\Handler\CurlMultiHandler->tick()
#5 E:\xampp73\htdocs\filecroco\loader\vendor\guzzlehttp\promises\src\Promise.php(246): GuzzleHttp\Handler\CurlMultiHandler->execute(true)
#6 E:\xampp73\htdocs\filecroco\loader\vendor\guzzlehttp\promises\src\Promise.php(223): GuzzleHttp\Promise\Promise->invokeWaitFn()
#7 E:\xampp73\htdocs\filecroco\loader\vendor\guzzlehttp\promises\src\Promise.php(267): GuzzleHttp\Promise\Promise->waitIfPending()
#8 E:\xampp73\htdocs\filecroco\loader\vendor\guzzlehttp\promises\src\Promise.php(225): GuzzleHttp\Promise\Promise->invokeWaitList()
#9 E:\xampp73\htdocs\filecroco\loader\vendor\guzzlehttp\promises\src\Promise.php(62): GuzzleHttp\Promise\Promise->waitIfPending()
#10 E:\xampp73\htdocs\filecroco\loader\vendor\guzzlehttp\promises\src\EachPromise.php(101): GuzzleHttp\Promise\Promise->wait()
#11 E:\xampp73\htdocs\filecroco\loader\vendor\guzzlehttp\promises\src\Promise.php(246): GuzzleHttp\Promise\EachPromise->GuzzleHttp\Promise\{closure}(true)
#12 E:\xampp73\htdocs\filecroco\loader\vendor\guzzlehttp\promises\src\Promise.php(223): GuzzleHttp\Promise\Promise->invokeWaitFn()
#13 E:\xampp73\htdocs\filecroco\loader\vendor\guzzlehttp\promises\src\Promise.php(62): GuzzleHttp\Promise\Promise->waitIfPending()
#14 E:\xampp73\htdocs\filecroco\loader\updatedownloadlink.php(95): GuzzleHttp\Promise\Promise->wait()
#15 {main}|160GuzzleHttp\Exception\RequestException: cURL error 56:  (see http://curl.haxx.se/libcurl/c/libcurl-errors.html) in E:\xampp73\htdocs\filecroco\loader\vendor\guzzlehttp\guzzle\src\Handler\CurlFactory.php:186
Stack trace:
#0 E:\xampp73\htdocs\filecroco\loader\vendor\guzzlehttp\guzzle\src\Handler\CurlFactory.php(149): GuzzleHttp\Handler\CurlFactory::createRejection(Object(GuzzleHttp\Handler\EasyHandle), Array)
#1 E:\xampp73\htdocs\filecroco\loader\vendor\guzzlehttp\guzzle\src\Handler\CurlFactory.php(102): GuzzleHttp\Handler\CurlFactory::finishError(Object(GuzzleHttp\Handler\CurlMultiHandler), Object(GuzzleHttp\Handler\EasyHandle), Object(GuzzleHttp\Handler\CurlFactory))
#2 E:\xampp73\htdocs\filecroco\loader\vendor\guzzlehttp\guzzle\src\Handler\CurlMultiHandler.php(181): GuzzleHttp\Handler\CurlFactory::finish(Object(GuzzleHttp\Handler\CurlMultiHandler), Object(GuzzleHttp\Handler\EasyHandle), Object(GuzzleHttp\Handler\CurlFactory))
#3 E:\xampp73\htdocs\filecroco\loader\vendor\guzzlehttp\guzzle\src\Handler\CurlMultiHandler.php(110): GuzzleHttp\Handler\CurlMultiHandler->processMessages()
#4 E:\xampp73\htdocs\filecroco\loader\vendor\guzzlehttp\guzzle\src\Handler\CurlMultiHandler.php(125): GuzzleHttp\Handler\CurlMultiHandler->tick()
#5 E:\xampp73\htdocs\filecroco\loader\vendor\guzzlehttp\promises\src\Promise.php(246): GuzzleHttp\Handler\CurlMultiHandler->execute(true)
#6 E:\xampp73\htdocs\filecroco\loader\vendor\guzzlehttp\promises\src\Promise.php(223): GuzzleHttp\Promise\Promise->invokeWaitFn()
#7 E:\xampp73\htdocs\filecroco\loader\vendor\guzzlehttp\promises\src\Promise.php(267): GuzzleHttp\Promise\Promise->waitIfPending()
#8 E:\xampp73\htdocs\filecroco\loader\vendor\guzzlehttp\promises\src\Promise.php(225): GuzzleHttp\Promise\Promise->invokeWaitList()
#9 E:\xampp73\htdocs\filecroco\loader\vendor\guzzlehttp\promises\src\Promise.php(62): GuzzleHttp\Promise\Promise->waitIfPending()
#10 E:\xampp73\htdocs\filecroco\loader\vendor\guzzlehttp\promises\src\EachPromise.php(101): GuzzleHttp\Promise\Promise->wait()
#11 E:\xampp73\htdocs\filecroco\loader\vendor\guzzlehttp\promises\src\Promise.php(246): GuzzleHttp\Promise\EachPromise->GuzzleHttp\Promise\{closure}(true)
#12 E:\xampp73\htdocs\filecroco\loader\vendor\guzzlehttp\promises\src\Promise.php(223): GuzzleHttp\Promise\Promise->invokeWaitFn()
#13 E:\xampp73\htdocs\filecroco\loader\vendor\guzzlehttp\promises\src\Promise.php(62): GuzzleHttp\Promise\Promise->waitIfPending()
#14 E:\xampp73\htdocs\filecroco\loader\updatedownloadlink.php(95): GuzzleHttp\Promise\Promise->wait()
#15 {main}|161GuzzleHttp\Exception\RequestException: cURL error 56:  (see http://curl.haxx.se/libcurl/c/libcurl-errors.html) in E:\xampp73\htdocs\filecroco\loader\vendor\guzzlehttp\guzzle\src\Handler\CurlFactory.php:186
Stack trace:
#0 E:\xampp73\htdocs\filecroco\loader\vendor\guzzlehttp\guzzle\src\Handler\CurlFactory.php(149): GuzzleHttp\Handler\CurlFactory::createRejection(Object(GuzzleHttp\Handler\EasyHandle), Array)
#1 E:\xampp73\htdocs\filecroco\loader\vendor\guzzlehttp\guzzle\src\Handler\CurlFactory.php(102): GuzzleHttp\Handler\CurlFactory::finishError(Object(GuzzleHttp\Handler\CurlMultiHandler), Object(GuzzleHttp\Handler\EasyHandle), Object(GuzzleHttp\Handler\CurlFactory))
#2 E:\xampp73\htdocs\filecroco\loader\vendor\guzzlehttp\guzzle\src\Handler\CurlMultiHandler.php(181): GuzzleHttp\Handler\CurlFactory::finish(Object(GuzzleHttp\Handler\CurlMultiHandler), Object(GuzzleHttp\Handler\EasyHandle), Object(GuzzleHttp\Handler\CurlFactory))
#3 E:\xampp73\htdocs\filecroco\loader\vendor\guzzlehttp\guzzle\src\Handler\CurlMultiHandler.php(110): GuzzleHttp\Handler\CurlMultiHandler->processMessages()
#4 E:\xampp73\htdocs\filecroco\loader\vendor\guzzlehttp\guzzle\src\Handler\CurlMultiHandler.php(125): GuzzleHttp\Handler\CurlMultiHandler->tick()
#5 E:\xampp73\htdocs\filecroco\loader\vendor\guzzlehttp\promises\src\Promise.php(246): GuzzleHttp\Handler\CurlMultiHandler->execute(true)
#6 E:\xampp73\htdocs\filecroco\loader\vendor\guzzlehttp\promises\src\Promise.php(223): GuzzleHttp\Promise\Promise->invokeWaitFn()
#7 E:\xampp73\htdocs\filecroco\loader\vendor\guzzlehttp\promises\src\Promise.php(267): GuzzleHttp\Promise\Promise->waitIfPending()
#8 E:\xampp73\htdocs\filecroco\loader\vendor\guzzlehttp\promises\src\Promise.php(225): GuzzleHttp\Promise\Promise->invokeWaitList()
#9 E:\xampp73\htdocs\filecroco\loader\vendor\guzzlehttp\promises\src\Promise.php(62): GuzzleHttp\Promise\Promise->waitIfPending()
#10 E:\xampp73\htdocs\filecroco\loader\vendor\guzzlehttp\promises\src\EachPromise.php(101): GuzzleHttp\Promise\Promise->wait()
#11 E:\xampp73\htdocs\filecroco\loader\vendor\guzzlehttp\promises\src\Promise.php(246): GuzzleHttp\Promise\EachPromise->GuzzleHttp\Promise\{closure}(true)
#12 E:\xampp73\htdocs\filecroco\loader\vendor\guzzlehttp\promises\src\Promise.php(223): GuzzleHttp\Promise\Promise->invokeWaitFn()
#13 E:\xampp73\htdocs\filecroco\loader\vendor\guzzlehttp\promises\src\Promise.php(62): GuzzleHttp\Promise\Promise->waitIfPending()
#14 E:\xampp73\htdocs\filecroco\loader\updatedownloadlink.php(95): GuzzleHttp\Promise\Promise->wait()
#15 {main}|162GuzzleHttp\Exception\RequestException: cURL error 56:  (see http://curl.haxx.se/libcurl/c/libcurl-errors.html) in E:\xampp73\htdocs\filecroco\loader\vendor\guzzlehttp\guzzle\src\Handler\CurlFactory.php:186
Stack trace:
#0 E:\xampp73\htdocs\filecroco\loader\vendor\guzzlehttp\guzzle\src\Handler\CurlFactory.php(149): GuzzleHttp\Handler\CurlFactory::createRejection(Object(GuzzleHttp\Handler\EasyHandle), Array)
#1 E:\xampp73\htdocs\filecroco\loader\vendor\guzzlehttp\guzzle\src\Handler\CurlFactory.php(102): GuzzleHttp\Handler\CurlFactory::finishError(Object(GuzzleHttp\Handler\CurlMultiHandler), Object(GuzzleHttp\Handler\EasyHandle), Object(GuzzleHttp\Handler\CurlFactory))
#2 E:\xampp73\htdocs\filecroco\loader\vendor\guzzlehttp\guzzle\src\Handler\CurlMultiHandler.php(181): GuzzleHttp\Handler\CurlFactory::finish(Object(GuzzleHttp\Handler\CurlMultiHandler), Object(GuzzleHttp\Handler\EasyHandle), Object(GuzzleHttp\Handler\CurlFactory))
#3 E:\xampp73\htdocs\filecroco\loader\vendor\guzzlehttp\guzzle\src\Handler\CurlMultiHandler.php(110): GuzzleHttp\Handler\CurlMultiHandler->processMessages()
#4 E:\xampp73\htdocs\filecroco\loader\vendor\guzzlehttp\guzzle\src\Handler\CurlMultiHandler.php(125): GuzzleHttp\Handler\CurlMultiHandler->tick()
#5 E:\xampp73\htdocs\filecroco\loader\vendor\guzzlehttp\promises\src\Promise.php(246): GuzzleHttp\Handler\CurlMultiHandler->execute(true)
#6 E:\xampp73\htdocs\filecroco\loader\vendor\guzzlehttp\promises\src\Promise.php(223): GuzzleHttp\Promise\Promise->invokeWaitFn()
#7 E:\xampp73\htdocs\filecroco\loader\vendor\guzzlehttp\promises\src\Promise.php(267): GuzzleHttp\Promise\Promise->waitIfPending()
#8 E:\xampp73\htdocs\filecroco\loader\vendor\guzzlehttp\promises\src\Promise.php(225): GuzzleHttp\Promise\Promise->invokeWaitList()
#9 E:\xampp73\htdocs\filecroco\loader\vendor\guzzlehttp\promises\src\Promise.php(62): GuzzleHttp\Promise\Promise->waitIfPending()
#10 E:\xampp73\htdocs\filecroco\loader\vendor\guzzlehttp\promises\src\EachPromise.php(101): GuzzleHttp\Promise\Promise->wait()
#11 E:\xampp73\htdocs\filecroco\loader\vendor\guzzlehttp\promises\src\Promise.php(246): GuzzleHttp\Promise\EachPromise->GuzzleHttp\Promise\{closure}(true)
#12 E:\xampp73\htdocs\filecroco\loader\vendor\guzzlehttp\promises\src\Promise.php(223): GuzzleHttp\Promise\Promise->invokeWaitFn()
#13 E:\xampp73\htdocs\filecroco\loader\vendor\guzzlehttp\promises\src\Promise.php(62): GuzzleHttp\Promise\Promise->waitIfPending()
#14 E:\xampp73\htdocs\filecroco\loader\updatedownloadlink.php(95): GuzzleHttp\Promise\Promise->wait()
#15 {main}|163GuzzleHttp\Exception\RequestException: cURL error 56:  (see http://curl.haxx.se/libcurl/c/libcurl-errors.html) in E:\xampp73\htdocs\filecroco\loader\vendor\guzzlehttp\guzzle\src\Handler\CurlFactory.php:186
Stack trace:
#0 E:\xampp73\htdocs\filecroco\loader\vendor\guzzlehttp\guzzle\src\Handler\CurlFactory.php(149): GuzzleHttp\Handler\CurlFactory::createRejection(Object(GuzzleHttp\Handler\EasyHandle), Array)
#1 E:\xampp73\htdocs\filecroco\loader\vendor\guzzlehttp\guzzle\src\Handler\CurlFactory.php(102): GuzzleHttp\Handler\CurlFactory::finishError(Object(GuzzleHttp\Handler\CurlMultiHandler), Object(GuzzleHttp\Handler\EasyHandle), Object(GuzzleHttp\Handler\CurlFactory))
#2 E:\xampp73\htdocs\filecroco\loader\vendor\guzzlehttp\guzzle\src\Handler\CurlMultiHandler.php(181): GuzzleHttp\Handler\CurlFactory::finish(Object(GuzzleHttp\Handler\CurlMultiHandler), Object(GuzzleHttp\Handler\EasyHandle), Object(GuzzleHttp\Handler\CurlFactory))
#3 E:\xampp73\htdocs\filecroco\loader\vendor\guzzlehttp\guzzle\src\Handler\CurlMultiHandler.php(110): GuzzleHttp\Handler\CurlMultiHandler->processMessages()
#4 E:\xampp73\htdocs\filecroco\loader\vendor\guzzlehttp\guzzle\src\Handler\CurlMultiHandler.php(125): GuzzleHttp\Handler\CurlMultiHandler->tick()
#5 E:\xampp73\htdocs\filecroco\loader\vendor\guzzlehttp\promises\src\Promise.php(246): GuzzleHttp\Handler\CurlMultiHandler->execute(true)
#6 E:\xampp73\htdocs\filecroco\loader\vendor\guzzlehttp\promises\src\Promise.php(223): GuzzleHttp\Promise\Promise->invokeWaitFn()
#7 E:\xampp73\htdocs\filecroco\loader\vendor\guzzlehttp\promises\src\Promise.php(267): GuzzleHttp\Promise\Promise->waitIfPending()
#8 E:\xampp73\htdocs\filecroco\loader\vendor\guzzlehttp\promises\src\Promise.php(225): GuzzleHttp\Promise\Promise->invokeWaitList()
#9 E:\xampp73\htdocs\filecroco\loader\vendor\guzzlehttp\promises\src\Promise.php(62): GuzzleHttp\Promise\Promise->waitIfPending()
#10 E:\xampp73\htdocs\filecroco\loader\vendor\guzzlehttp\promises\src\EachPromise.php(101): GuzzleHttp\Promise\Promise->wait()
#11 E:\xampp73\htdocs\filecroco\loader\vendor\guzzlehttp\promises\src\Promise.php(246): GuzzleHttp\Promise\EachPromise->GuzzleHttp\Promise\{closure}(true)
#12 E:\xampp73\htdocs\filecroco\loader\vendor\guzzlehttp\promises\src\Promise.php(223): GuzzleHttp\Promise\Promise->invokeWaitFn()
#13 E:\xampp73\htdocs\filecroco\loader\vendor\guzzlehttp\promises\src\Promise.php(62): GuzzleHttp\Promise\Promise->waitIfPending()
#14 E:\xampp73\htdocs\filecroco\loader\updatedownloadlink.php(95): GuzzleHttp\Promise\Promise->wait()
#15 {main}|164GuzzleHttp\Exception\RequestException: cURL error 56:  (see http://curl.haxx.se/libcurl/c/libcurl-errors.html) in E:\xampp73\htdocs\filecroco\loader\vendor\guzzlehttp\guzzle\src\Handler\CurlFactory.php:186
Stack trace:
#0 E:\xampp73\htdocs\filecroco\loader\vendor\guzzlehttp\guzzle\src\Handler\CurlFactory.php(149): GuzzleHttp\Handler\CurlFactory::createRejection(Object(GuzzleHttp\Handler\EasyHandle), Array)
#1 E:\xampp73\htdocs\filecroco\loader\vendor\guzzlehttp\guzzle\src\Handler\CurlFactory.php(102): GuzzleHttp\Handler\CurlFactory::finishError(Object(GuzzleHttp\Handler\CurlMultiHandler), Object(GuzzleHttp\Handler\EasyHandle), Object(GuzzleHttp\Handler\CurlFactory))
#2 E:\xampp73\htdocs\filecroco\loader\vendor\guzzlehttp\guzzle\src\Handler\CurlMultiHandler.php(181): GuzzleHttp\Handler\CurlFactory::finish(Object(GuzzleHttp\Handler\CurlMultiHandler), Object(GuzzleHttp\Handler\EasyHandle), Object(GuzzleHttp\Handler\CurlFactory))
#3 E:\xampp73\htdocs\filecroco\loader\vendor\guzzlehttp\guzzle\src\Handler\CurlMultiHandler.php(110): GuzzleHttp\Handler\CurlMultiHandler->processMessages()
#4 E:\xampp73\htdocs\filecroco\loader\vendor\guzzlehttp\guzzle\src\Handler\CurlMultiHandler.php(125): GuzzleHttp\Handler\CurlMultiHandler->tick()
#5 E:\xampp73\htdocs\filecroco\loader\vendor\guzzlehttp\promises\src\Promise.php(246): GuzzleHttp\Handler\CurlMultiHandler->execute(true)
#6 E:\xampp73\htdocs\filecroco\loader\vendor\guzzlehttp\promises\src\Promise.php(223): GuzzleHttp\Promise\Promise->invokeWaitFn()
#7 E:\xampp73\htdocs\filecroco\loader\vendor\guzzlehttp\promises\src\Promise.php(267): GuzzleHttp\Promise\Promise->waitIfPending()
#8 E:\xampp73\htdocs\filecroco\loader\vendor\guzzlehttp\promises\src\Promise.php(225): GuzzleHttp\Promise\Promise->invokeWaitList()
#9 E:\xampp73\htdocs\filecroco\loader\vendor\guzzlehttp\promises\src\Promise.php(62): GuzzleHttp\Promise\Promise->waitIfPending()
#10 E:\xampp73\htdocs\filecroco\loader\vendor\guzzlehttp\promises\src\EachPromise.php(101): GuzzleHttp\Promise\Promise->wait()
#11 E:\xampp73\htdocs\filecroco\loader\vendor\guzzlehttp\promises\src\Promise.php(246): GuzzleHttp\Promise\EachPromise->GuzzleHttp\Promise\{closure}(true)
#12 E:\xampp73\htdocs\filecroco\loader\vendor\guzzlehttp\promises\src\Promise.php(223): GuzzleHttp\Promise\Promise->invokeWaitFn()
#13 E:\xampp73\htdocs\filecroco\loader\vendor\guzzlehttp\promises\src\Promise.php(62): GuzzleHttp\Promise\Promise->waitIfPending()
#14 E:\xampp73\htdocs\filecroco\loader\updatedownloadlink.php(95): GuzzleHttp\Promise\Promise->wait()
#15 {main}|165GuzzleHttp\Exception\RequestException: cURL error 56:  (see http://curl.haxx.se/libcurl/c/libcurl-errors.html) in E:\xampp73\htdocs\filecroco\loader\vendor\guzzlehttp\guzzle\src\Handler\CurlFactory.php:186
Stack trace:
#0 E:\xampp73\htdocs\filecroco\loader\vendor\guzzlehttp\guzzle\src\Handler\CurlFactory.php(149): GuzzleHttp\Handler\CurlFactory::createRejection(Object(GuzzleHttp\Handler\EasyHandle), Array)
#1 E:\xampp73\htdocs\filecroco\loader\vendor\guzzlehttp\guzzle\src\Handler\CurlFactory.php(102): GuzzleHttp\Handler\CurlFactory::finishError(Object(GuzzleHttp\Handler\CurlMultiHandler), Object(GuzzleHttp\Handler\EasyHandle), Object(GuzzleHttp\Handler\CurlFactory))
#2 E:\xampp73\htdocs\filecroco\loader\vendor\guzzlehttp\guzzle\src\Handler\CurlMultiHandler.php(181): GuzzleHttp\Handler\CurlFactory::finish(Object(GuzzleHttp\Handler\CurlMultiHandler), Object(GuzzleHttp\Handler\EasyHandle), Object(GuzzleHttp\Handler\CurlFactory))
#3 E:\xampp73\htdocs\filecroco\loader\vendor\guzzlehttp\guzzle\src\Handler\CurlMultiHandler.php(110): GuzzleHttp\Handler\CurlMultiHandler->processMessages()
#4 E:\xampp73\htdocs\filecroco\loader\vendor\guzzlehttp\guzzle\src\Handler\CurlMultiHandler.php(125): GuzzleHttp\Handler\CurlMultiHandler->tick()
#5 E:\xampp73\htdocs\filecroco\loader\vendor\guzzlehttp\promises\src\Promise.php(246): GuzzleHttp\Handler\CurlMultiHandler->execute(true)
#6 E:\xampp73\htdocs\filecroco\loader\vendor\guzzlehttp\promises\src\Promise.php(223): GuzzleHttp\Promise\Promise->invokeWaitFn()
#7 E:\xampp73\htdocs\filecroco\loader\vendor\guzzlehttp\promises\src\Promise.php(267): GuzzleHttp\Promise\Promise->waitIfPending()
#8 E:\xampp73\htdocs\filecroco\loader\vendor\guzzlehttp\promises\src\Promise.php(225): GuzzleHttp\Promise\Promise->invokeWaitList()
#9 E:\xampp73\htdocs\filecroco\loader\vendor\guzzlehttp\promises\src\Promise.php(62): GuzzleHttp\Promise\Promise->waitIfPending()
#10 E:\xampp73\htdocs\filecroco\loader\vendor\guzzlehttp\promises\src\EachPromise.php(101): GuzzleHttp\Promise\Promise->wait()
#11 E:\xampp73\htdocs\filecroco\loader\vendor\guzzlehttp\promises\src\Promise.php(246): GuzzleHttp\Promise\EachPromise->GuzzleHttp\Promise\{closure}(true)
#12 E:\xampp73\htdocs\filecroco\loader\vendor\guzzlehttp\promises\src\Promise.php(223): GuzzleHttp\Promise\Promise->invokeWaitFn()
#13 E:\xampp73\htdocs\filecroco\loader\vendor\guzzlehttp\promises\src\Promise.php(62): GuzzleHttp\Promise\Promise->waitIfPending()
#14 E:\xampp73\htdocs\filecroco\loader\updatedownloadlink.php(95): GuzzleHttp\Promise\Promise->wait()
#15 {main}|166GuzzleHttp\Exception\RequestException: cURL error 56:  (see http://curl.haxx.se/libcurl/c/libcurl-errors.html) in E:\xampp73\htdocs\filecroco\loader\vendor\guzzlehttp\guzzle\src\Handler\CurlFactory.php:186
Stack trace:
#0 E:\xampp73\htdocs\filecroco\loader\vendor\guzzlehttp\guzzle\src\Handler\CurlFactory.php(149): GuzzleHttp\Handler\CurlFactory::createRejection(Object(GuzzleHttp\Handler\EasyHandle), Array)
#1 E:\xampp73\htdocs\filecroco\loader\vendor\guzzlehttp\guzzle\src\Handler\CurlFactory.php(102): GuzzleHttp\Handler\CurlFactory::finishError(Object(GuzzleHttp\Handler\CurlMultiHandler), Object(GuzzleHttp\Handler\EasyHandle), Object(GuzzleHttp\Handler\CurlFactory))
#2 E:\xampp73\htdocs\filecroco\loader\vendor\guzzlehttp\guzzle\src\Handler\CurlMultiHandler.php(181): GuzzleHttp\Handler\CurlFactory::finish(Object(GuzzleHttp\Handler\CurlMultiHandler), Object(GuzzleHttp\Handler\EasyHandle), Object(GuzzleHttp\Handler\CurlFactory))
#3 E:\xampp73\htdocs\filecroco\loader\vendor\guzzlehttp\guzzle\src\Handler\CurlMultiHandler.php(110): GuzzleHttp\Handler\CurlMultiHandler->processMessages()
#4 E:\xampp73\htdocs\filecroco\loader\vendor\guzzlehttp\guzzle\src\Handler\CurlMultiHandler.php(125): GuzzleHttp\Handler\CurlMultiHandler->tick()
#5 E:\xampp73\htdocs\filecroco\loader\vendor\guzzlehttp\promises\src\Promise.php(246): GuzzleHttp\Handler\CurlMultiHandler->execute(true)
#6 E:\xampp73\htdocs\filecroco\loader\vendor\guzzlehttp\promises\src\Promise.php(223): GuzzleHttp\Promise\Promise->invokeWaitFn()
#7 E:\xampp73\htdocs\filecroco\loader\vendor\guzzlehttp\promises\src\Promise.php(267): GuzzleHttp\Promise\Promise->waitIfPending()
#8 E:\xampp73\htdocs\filecroco\loader\vendor\guzzlehttp\promises\src\Promise.php(225): GuzzleHttp\Promise\Promise->invokeWaitList()
#9 E:\xampp73\htdocs\filecroco\loader\vendor\guzzlehttp\promises\src\Promise.php(62): GuzzleHttp\Promise\Promise->waitIfPending()
#10 E:\xampp73\htdocs\filecroco\loader\vendor\guzzlehttp\promises\src\EachPromise.php(101): GuzzleHttp\Promise\Promise->wait()
#11 E:\xampp73\htdocs\filecroco\loader\vendor\guzzlehttp\promises\src\Promise.php(246): GuzzleHttp\Promise\EachPromise->GuzzleHttp\Promise\{closure}(true)
#12 E:\xampp73\htdocs\filecroco\loader\vendor\guzzlehttp\promises\src\Promise.php(223): GuzzleHttp\Promise\Promise->invokeWaitFn()
#13 E:\xampp73\htdocs\filecroco\loader\vendor\guzzlehttp\promises\src\Promise.php(62): GuzzleHttp\Promise\Promise->waitIfPending()
#14 E:\xampp73\htdocs\filecroco\loader\updatedownloadlink.php(95): GuzzleHttp\Promise\Promise->wait()
#15 {main}|167GuzzleHttp\Exception\RequestException: cURL error 56:  (see http://curl.haxx.se/libcurl/c/libcurl-errors.html) in E:\xampp73\htdocs\filecroco\loader\vendor\guzzlehttp\guzzle\src\Handler\CurlFactory.php:186
Stack trace:
#0 E:\xampp73\htdocs\filecroco\loader\vendor\guzzlehttp\guzzle\src\Handler\CurlFactory.php(149): GuzzleHttp\Handler\CurlFactory::createRejection(Object(GuzzleHttp\Handler\EasyHandle), Array)
#1 E:\xampp73\htdocs\filecroco\loader\vendor\guzzlehttp\guzzle\src\Handler\CurlFactory.php(102): GuzzleHttp\Handler\CurlFactory::finishError(Object(GuzzleHttp\Handler\CurlMultiHandler), Object(GuzzleHttp\Handler\EasyHandle), Object(GuzzleHttp\Handler\CurlFactory))
#2 E:\xampp73\htdocs\filecroco\loader\vendor\guzzlehttp\guzzle\src\Handler\CurlMultiHandler.php(181): GuzzleHttp\Handler\CurlFactory::finish(Object(GuzzleHttp\Handler\CurlMultiHandler), Object(GuzzleHttp\Handler\EasyHandle), Object(GuzzleHttp\Handler\CurlFactory))
#3 E:\xampp73\htdocs\filecroco\loader\vendor\guzzlehttp\guzzle\src\Handler\CurlMultiHandler.php(110): GuzzleHttp\Handler\CurlMultiHandler->processMessages()
#4 E:\xampp73\htdocs\filecroco\loader\vendor\guzzlehttp\guzzle\src\Handler\CurlMultiHandler.php(125): GuzzleHttp\Handler\CurlMultiHandler->tick()
#5 E:\xampp73\htdocs\filecroco\loader\vendor\guzzlehttp\promises\src\Promise.php(246): GuzzleHttp\Handler\CurlMultiHandler->execute(true)
#6 E:\xampp73\htdocs\filecroco\loader\vendor\guzzlehttp\promises\src\Promise.php(223): GuzzleHttp\Promise\Promise->invokeWaitFn()
#7 E:\xampp73\htdocs\filecroco\loader\vendor\guzzlehttp\promises\src\Promise.php(267): GuzzleHttp\Promise\Promise->waitIfPending()
#8 E:\xampp73\htdocs\filecroco\loader\vendor\guzzlehttp\promises\src\Promise.php(225): GuzzleHttp\Promise\Promise->invokeWaitList()
#9 E:\xampp73\htdocs\filecroco\loader\vendor\guzzlehttp\promises\src\Promise.php(62): GuzzleHttp\Promise\Promise->waitIfPending()
#10 E:\xampp73\htdocs\filecroco\loader\vendor\guzzlehttp\promises\src\EachPromise.php(101): GuzzleHttp\Promise\Promise->wait()
#11 E:\xampp73\htdocs\filecroco\loader\vendor\guzzlehttp\promises\src\Promise.php(246): GuzzleHttp\Promise\EachPromise->GuzzleHttp\Promise\{closure}(true)
#12 E:\xampp73\htdocs\filecroco\loader\vendor\guzzlehttp\promises\src\Promise.php(223): GuzzleHttp\Promise\Promise->invokeWaitFn()
#13 E:\xampp73\htdocs\filecroco\loader\vendor\guzzlehttp\promises\src\Promise.php(62): GuzzleHttp\Promise\Promise->waitIfPending()
#14 E:\xampp73\htdocs\filecroco\loader\updatedownloadlink.php(95): GuzzleHttp\Promise\Promise->wait()
#15 {main}|168GuzzleHttp\Exception\RequestException: cURL error 56:  (see http://curl.haxx.se/libcurl/c/libcurl-errors.html) in E:\xampp73\htdocs\filecroco\loader\vendor\guzzlehttp\guzzle\src\Handler\CurlFactory.php:186
Stack trace:
#0 E:\xampp73\htdocs\filecroco\loader\vendor\guzzlehttp\guzzle\src\Handler\CurlFactory.php(149): GuzzleHttp\Handler\CurlFactory::createRejection(Object(GuzzleHttp\Handler\EasyHandle), Array)
#1 E:\xampp73\htdocs\filecroco\loader\vendor\guzzlehttp\guzzle\src\Handler\CurlFactory.php(102): GuzzleHttp\Handler\CurlFactory::finishError(Object(GuzzleHttp\Handler\CurlMultiHandler), Object(GuzzleHttp\Handler\EasyHandle), Object(GuzzleHttp\Handler\CurlFactory))
#2 E:\xampp73\htdocs\filecroco\loader\vendor\guzzlehttp\guzzle\src\Handler\CurlMultiHandler.php(181): GuzzleHttp\Handler\CurlFactory::finish(Object(GuzzleHttp\Handler\CurlMultiHandler), Object(GuzzleHttp\Handler\EasyHandle), Object(GuzzleHttp\Handler\CurlFactory))
#3 E:\xampp73\htdocs\filecroco\loader\vendor\guzzlehttp\guzzle\src\Handler\CurlMultiHandler.php(110): GuzzleHttp\Handler\CurlMultiHandler->processMessages()
#4 E:\xampp73\htdocs\filecroco\loader\vendor\guzzlehttp\guzzle\src\Handler\CurlMultiHandler.php(125): GuzzleHttp\Handler\CurlMultiHandler->tick()
#5 E:\xampp73\htdocs\filecroco\loader\vendor\guzzlehttp\promises\src\Promise.php(246): GuzzleHttp\Handler\CurlMultiHandler->execute(true)
#6 E:\xampp73\htdocs\filecroco\loader\vendor\guzzlehttp\promises\src\Promise.php(223): GuzzleHttp\Promise\Promise->invokeWaitFn()
#7 E:\xampp73\htdocs\filecroco\loader\vendor\guzzlehttp\promises\src\Promise.php(267): GuzzleHttp\Promise\Promise->waitIfPending()
#8 E:\xampp73\htdocs\filecroco\loader\vendor\guzzlehttp\promises\src\Promise.php(225): GuzzleHttp\Promise\Promise->invokeWaitList()
#9 E:\xampp73\htdocs\filecroco\loader\vendor\guzzlehttp\promises\src\Promise.php(62): GuzzleHttp\Promise\Promise->waitIfPending()
#10 E:\xampp73\htdocs\filecroco\loader\vendor\guzzlehttp\promises\src\EachPromise.php(101): GuzzleHttp\Promise\Promise->wait()
#11 E:\xampp73\htdocs\filecroco\loader\vendor\guzzlehttp\promises\src\Promise.php(246): GuzzleHttp\Promise\EachPromise->GuzzleHttp\Promise\{closure}(true)
#12 E:\xampp73\htdocs\filecroco\loader\vendor\guzzlehttp\promises\src\Promise.php(223): GuzzleHttp\Promise\Promise->invokeWaitFn()
#13 E:\xampp73\htdocs\filecroco\loader\vendor\guzzlehttp\promises\src\Promise.php(62): GuzzleHttp\Promise\Promise->waitIfPending()
#14 E:\xampp73\htdocs\filecroco\loader\updatedownloadlink.php(95): GuzzleHttp\Promise\Promise->wait()
#15 {main}|169GuzzleHttp\Exception\RequestException: cURL error 56:  (see http://curl.haxx.se/libcurl/c/libcurl-errors.html) in E:\xampp73\htdocs\filecroco\loader\vendor\guzzlehttp\guzzle\src\Handler\CurlFactory.php:186
Stack trace:
#0 E:\xampp73\htdocs\filecroco\loader\vendor\guzzlehttp\guzzle\src\Handler\CurlFactory.php(149): GuzzleHttp\Handler\CurlFactory::createRejection(Object(GuzzleHttp\Handler\EasyHandle), Array)
#1 E:\xampp73\htdocs\filecroco\loader\vendor\guzzlehttp\guzzle\src\Handler\CurlFactory.php(102): GuzzleHttp\Handler\CurlFactory::finishError(Object(GuzzleHttp\Handler\CurlMultiHandler), Object(GuzzleHttp\Handler\EasyHandle), Object(GuzzleHttp\Handler\CurlFactory))
#2 E:\xampp73\htdocs\filecroco\loader\vendor\guzzlehttp\guzzle\src\Handler\CurlMultiHandler.php(181): GuzzleHttp\Handler\CurlFactory::finish(Object(GuzzleHttp\Handler\CurlMultiHandler), Object(GuzzleHttp\Handler\EasyHandle), Object(GuzzleHttp\Handler\CurlFactory))
#3 E:\xampp73\htdocs\filecroco\loader\vendor\guzzlehttp\guzzle\src\Handler\CurlMultiHandler.php(110): GuzzleHttp\Handler\CurlMultiHandler->processMessages()
#4 E:\xampp73\htdocs\filecroco\loader\vendor\guzzlehttp\guzzle\src\Handler\CurlMultiHandler.php(125): GuzzleHttp\Handler\CurlMultiHandler->tick()
#5 E:\xampp73\htdocs\filecroco\loader\vendor\guzzlehttp\promises\src\Promise.php(246): GuzzleHttp\Handler\CurlMultiHandler->execute(true)
#6 E:\xampp73\htdocs\filecroco\loader\vendor\guzzlehttp\promises\src\Promise.php(223): GuzzleHttp\Promise\Promise->invokeWaitFn()
#7 E:\xampp73\htdocs\filecroco\loader\vendor\guzzlehttp\promises\src\Promise.php(267): GuzzleHttp\Promise\Promise->waitIfPending()
#8 E:\xampp73\htdocs\filecroco\loader\vendor\guzzlehttp\promises\src\Promise.php(225): GuzzleHttp\Promise\Promise->invokeWaitList()
#9 E:\xampp73\htdocs\filecroco\loader\vendor\guzzlehttp\promises\src\Promise.php(62): GuzzleHttp\Promise\Promise->waitIfPending()
#10 E:\xampp73\htdocs\filecroco\loader\vendor\guzzlehttp\promises\src\EachPromise.php(101): GuzzleHttp\Promise\Promise->wait()
#11 E:\xampp73\htdocs\filecroco\loader\vendor\guzzlehttp\promises\src\Promise.php(246): GuzzleHttp\Promise\EachPromise->GuzzleHttp\Promise\{closure}(true)
#12 E:\xampp73\htdocs\filecroco\loader\vendor\guzzlehttp\promises\src\Promise.php(223): GuzzleHttp\Promise\Promise->invokeWaitFn()
#13 E:\xampp73\htdocs\filecroco\loader\vendor\guzzlehttp\promises\src\Promise.php(62): GuzzleHttp\Promise\Promise->waitIfPending()
#14 E:\xampp73\htdocs\filecroco\loader\updatedownloadlink.php(95): GuzzleHttp\Promise\Promise->wait()
#15 {main}|170GuzzleHttp\Exception\RequestException: cURL error 56:  (see http://curl.haxx.se/libcurl/c/libcurl-errors.html) in E:\xampp73\htdocs\filecroco\loader\vendor\guzzlehttp\guzzle\src\Handler\CurlFactory.php:186
Stack trace:
#0 E:\xampp73\htdocs\filecroco\loader\vendor\guzzlehttp\guzzle\src\Handler\CurlFactory.php(149): GuzzleHttp\Handler\CurlFactory::createRejection(Object(GuzzleHttp\Handler\EasyHandle), Array)
#1 E:\xampp73\htdocs\filecroco\loader\vendor\guzzlehttp\guzzle\src\Handler\CurlFactory.php(102): GuzzleHttp\Handler\CurlFactory::finishError(Object(GuzzleHttp\Handler\CurlMultiHandler), Object(GuzzleHttp\Handler\EasyHandle), Object(GuzzleHttp\Handler\CurlFactory))
#2 E:\xampp73\htdocs\filecroco\loader\vendor\guzzlehttp\guzzle\src\Handler\CurlMultiHandler.php(181): GuzzleHttp\Handler\CurlFactory::finish(Object(GuzzleHttp\Handler\CurlMultiHandler), Object(GuzzleHttp\Handler\EasyHandle), Object(GuzzleHttp\Handler\CurlFactory))
#3 E:\xampp73\htdocs\filecroco\loader\vendor\guzzlehttp\guzzle\src\Handler\CurlMultiHandler.php(110): GuzzleHttp\Handler\CurlMultiHandler->processMessages()
#4 E:\xampp73\htdocs\filecroco\loader\vendor\guzzlehttp\guzzle\src\Handler\CurlMultiHandler.php(125): GuzzleHttp\Handler\CurlMultiHandler->tick()
#5 E:\xampp73\htdocs\filecroco\loader\vendor\guzzlehttp\promises\src\Promise.php(246): GuzzleHttp\Handler\CurlMultiHandler->execute(true)
#6 E:\xampp73\htdocs\filecroco\loader\vendor\guzzlehttp\promises\src\Promise.php(223): GuzzleHttp\Promise\Promise->invokeWaitFn()
#7 E:\xampp73\htdocs\filecroco\loader\vendor\guzzlehttp\promises\src\Promise.php(267): GuzzleHttp\Promise\Promise->waitIfPending()
#8 E:\xampp73\htdocs\filecroco\loader\vendor\guzzlehttp\promises\src\Promise.php(225): GuzzleHttp\Promise\Promise->invokeWaitList()
#9 E:\xampp73\htdocs\filecroco\loader\vendor\guzzlehttp\promises\src\Promise.php(62): GuzzleHttp\Promise\Promise->waitIfPending()
#10 E:\xampp73\htdocs\filecroco\loader\vendor\guzzlehttp\promises\src\EachPromise.php(101): GuzzleHttp\Promise\Promise->wait()
#11 E:\xampp73\htdocs\filecroco\loader\vendor\guzzlehttp\promises\src\Promise.php(246): GuzzleHttp\Promise\EachPromise->GuzzleHttp\Promise\{closure}(true)
#12 E:\xampp73\htdocs\filecroco\loader\vendor\guzzlehttp\promises\src\Promise.php(223): GuzzleHttp\Promise\Promise->invokeWaitFn()
#13 E:\xampp73\htdocs\filecroco\loader\vendor\guzzlehttp\promises\src\Promise.php(62): GuzzleHttp\Promise\Promise->waitIfPending()
#14 E:\xampp73\htdocs\filecroco\loader\updatedownloadlink.php(95): GuzzleHttp\Promise\Promise->wait()
#15 {main}|171GuzzleHttp\Exception\RequestException: cURL error 56:  (see http://curl.haxx.se/libcurl/c/libcurl-errors.html) in E:\xampp73\htdocs\filecroco\loader\vendor\guzzlehttp\guzzle\src\Handler\CurlFactory.php:186
Stack trace:
#0 E:\xampp73\htdocs\filecroco\loader\vendor\guzzlehttp\guzzle\src\Handler\CurlFactory.php(149): GuzzleHttp\Handler\CurlFactory::createRejection(Object(GuzzleHttp\Handler\EasyHandle), Array)
#1 E:\xampp73\htdocs\filecroco\loader\vendor\guzzlehttp\guzzle\src\Handler\CurlFactory.php(102): GuzzleHttp\Handler\CurlFactory::finishError(Object(GuzzleHttp\Handler\CurlMultiHandler), Object(GuzzleHttp\Handler\EasyHandle), Object(GuzzleHttp\Handler\CurlFactory))
#2 E:\xampp73\htdocs\filecroco\loader\vendor\guzzlehttp\guzzle\src\Handler\CurlMultiHandler.php(181): GuzzleHttp\Handler\CurlFactory::finish(Object(GuzzleHttp\Handler\CurlMultiHandler), Object(GuzzleHttp\Handler\EasyHandle), Object(GuzzleHttp\Handler\CurlFactory))
#3 E:\xampp73\htdocs\filecroco\loader\vendor\guzzlehttp\guzzle\src\Handler\CurlMultiHandler.php(110): GuzzleHttp\Handler\CurlMultiHandler->processMessages()
#4 E:\xampp73\htdocs\filecroco\loader\vendor\guzzlehttp\guzzle\src\Handler\CurlMultiHandler.php(125): GuzzleHttp\Handler\CurlMultiHandler->tick()
#5 E:\xampp73\htdocs\filecroco\loader\vendor\guzzlehttp\promises\src\Promise.php(246): GuzzleHttp\Handler\CurlMultiHandler->execute(true)
#6 E:\xampp73\htdocs\filecroco\loader\vendor\guzzlehttp\promises\src\Promise.php(223): GuzzleHttp\Promise\Promise->invokeWaitFn()
#7 E:\xampp73\htdocs\filecroco\loader\vendor\guzzlehttp\promises\src\Promise.php(267): GuzzleHttp\Promise\Promise->waitIfPending()
#8 E:\xampp73\htdocs\filecroco\loader\vendor\guzzlehttp\promises\src\Promise.php(225): GuzzleHttp\Promise\Promise->invokeWaitList()
#9 E:\xampp73\htdocs\filecroco\loader\vendor\guzzlehttp\promises\src\Promise.php(62): GuzzleHttp\Promise\Promise->waitIfPending()
#10 E:\xampp73\htdocs\filecroco\loader\vendor\guzzlehttp\promises\src\EachPromise.php(101): GuzzleHttp\Promise\Promise->wait()
#11 E:\xampp73\htdocs\filecroco\loader\vendor\guzzlehttp\promises\src\Promise.php(246): GuzzleHttp\Promise\EachPromise->GuzzleHttp\Promise\{closure}(true)
#12 E:\xampp73\htdocs\filecroco\loader\vendor\guzzlehttp\promises\src\Promise.php(223): GuzzleHttp\Promise\Promise->invokeWaitFn()
#13 E:\xampp73\htdocs\filecroco\loader\vendor\guzzlehttp\promises\src\Promise.php(62): GuzzleHttp\Promise\Promise->waitIfPending()
#14 E:\xampp73\htdocs\filecroco\loader\updatedownloadlink.php(95): GuzzleHttp\Promise\Promise->wait()
#15 {main}|172GuzzleHttp\Exception\RequestException: cURL error 56:  (see http://curl.haxx.se/libcurl/c/libcurl-errors.html) in E:\xampp73\htdocs\filecroco\loader\vendor\guzzlehttp\guzzle\src\Handler\CurlFactory.php:186
Stack trace:
#0 E:\xampp73\htdocs\filecroco\loader\vendor\guzzlehttp\guzzle\src\Handler\CurlFactory.php(149): GuzzleHttp\Handler\CurlFactory::createRejection(Object(GuzzleHttp\Handler\EasyHandle), Array)
#1 E:\xampp73\htdocs\filecroco\loader\vendor\guzzlehttp\guzzle\src\Handler\CurlFactory.php(102): GuzzleHttp\Handler\CurlFactory::finishError(Object(GuzzleHttp\Handler\CurlMultiHandler), Object(GuzzleHttp\Handler\EasyHandle), Object(GuzzleHttp\Handler\CurlFactory))
#2 E:\xampp73\htdocs\filecroco\loader\vendor\guzzlehttp\guzzle\src\Handler\CurlMultiHandler.php(181): GuzzleHttp\Handler\CurlFactory::finish(Object(GuzzleHttp\Handler\CurlMultiHandler), Object(GuzzleHttp\Handler\EasyHandle), Object(GuzzleHttp\Handler\CurlFactory))
#3 E:\xampp73\htdocs\filecroco\loader\vendor\guzzlehttp\guzzle\src\Handler\CurlMultiHandler.php(110): GuzzleHttp\Handler\CurlMultiHandler->processMessages()
#4 E:\xampp73\htdocs\filecroco\loader\vendor\guzzlehttp\guzzle\src\Handler\CurlMultiHandler.php(125): GuzzleHttp\Handler\CurlMultiHandler->tick()
#5 E:\xampp73\htdocs\filecroco\loader\vendor\guzzlehttp\promises\src\Promise.php(246): GuzzleHttp\Handler\CurlMultiHandler->execute(true)
#6 E:\xampp73\htdocs\filecroco\loader\vendor\guzzlehttp\promises\src\Promise.php(223): GuzzleHttp\Promise\Promise->invokeWaitFn()
#7 E:\xampp73\htdocs\filecroco\loader\vendor\guzzlehttp\promises\src\Promise.php(267): GuzzleHttp\Promise\Promise->waitIfPending()
#8 E:\xampp73\htdocs\filecroco\loader\vendor\guzzlehttp\promises\src\Promise.php(225): GuzzleHttp\Promise\Promise->invokeWaitList()
#9 E:\xampp73\htdocs\filecroco\loader\vendor\guzzlehttp\promises\src\Promise.php(62): GuzzleHttp\Promise\Promise->waitIfPending()
#10 E:\xampp73\htdocs\filecroco\loader\vendor\guzzlehttp\promises\src\EachPromise.php(101): GuzzleHttp\Promise\Promise->wait()
#11 E:\xampp73\htdocs\filecroco\loader\vendor\guzzlehttp\promises\src\Promise.php(246): GuzzleHttp\Promise\EachPromise->GuzzleHttp\Promise\{closure}(true)
#12 E:\xampp73\htdocs\filecroco\loader\vendor\guzzlehttp\promises\src\Promise.php(223): GuzzleHttp\Promise\Promise->invokeWaitFn()
#13 E:\xampp73\htdocs\filecroco\loader\vendor\guzzlehttp\promises\src\Promise.php(62): GuzzleHttp\Promise\Promise->waitIfPending()
#14 E:\xampp73\htdocs\filecroco\loader\updatedownloadlink.php(95): GuzzleHttp\Promise\Promise->wait()
#15 {main}|173GuzzleHttp\Exception\RequestException: cURL error 56:  (see http://curl.haxx.se/libcurl/c/libcurl-errors.html) in E:\xampp73\htdocs\filecroco\loader\vendor\guzzlehttp\guzzle\src\Handler\CurlFactory.php:186
Stack trace:
#0 E:\xampp73\htdocs\filecroco\loader\vendor\guzzlehttp\guzzle\src\Handler\CurlFactory.php(149): GuzzleHttp\Handler\CurlFactory::createRejection(Object(GuzzleHttp\Handler\EasyHandle), Array)
#1 E:\xampp73\htdocs\filecroco\loader\vendor\guzzlehttp\guzzle\src\Handler\CurlFactory.php(102): GuzzleHttp\Handler\CurlFactory::finishError(Object(GuzzleHttp\Handler\CurlMultiHandler), Object(GuzzleHttp\Handler\EasyHandle), Object(GuzzleHttp\Handler\CurlFactory))
#2 E:\xampp73\htdocs\filecroco\loader\vendor\guzzlehttp\guzzle\src\Handler\CurlMultiHandler.php(181): GuzzleHttp\Handler\CurlFactory::finish(Object(GuzzleHttp\Handler\CurlMultiHandler), Object(GuzzleHttp\Handler\EasyHandle), Object(GuzzleHttp\Handler\CurlFactory))
#3 E:\xampp73\htdocs\filecroco\loader\vendor\guzzlehttp\guzzle\src\Handler\CurlMultiHandler.php(110): GuzzleHttp\Handler\CurlMultiHandler->processMessages()
#4 E:\xampp73\htdocs\filecroco\loader\vendor\guzzlehttp\guzzle\src\Handler\CurlMultiHandler.php(125): GuzzleHttp\Handler\CurlMultiHandler->tick()
#5 E:\xampp73\htdocs\filecroco\loader\vendor\guzzlehttp\promises\src\Promise.php(246): GuzzleHttp\Handler\CurlMultiHandler->execute(true)
#6 E:\xampp73\htdocs\filecroco\loader\vendor\guzzlehttp\promises\src\Promise.php(223): GuzzleHttp\Promise\Promise->invokeWaitFn()
#7 E:\xampp73\htdocs\filecroco\loader\vendor\guzzlehttp\promises\src\Promise.php(267): GuzzleHttp\Promise\Promise->waitIfPending()
#8 E:\xampp73\htdocs\filecroco\loader\vendor\guzzlehttp\promises\src\Promise.php(225): GuzzleHttp\Promise\Promise->invokeWaitList()
#9 E:\xampp73\htdocs\filecroco\loader\vendor\guzzlehttp\promises\src\Promise.php(62): GuzzleHttp\Promise\Promise->waitIfPending()
#10 E:\xampp73\htdocs\filecroco\loader\vendor\guzzlehttp\promises\src\EachPromise.php(101): GuzzleHttp\Promise\Promise->wait()
#11 E:\xampp73\htdocs\filecroco\loader\vendor\guzzlehttp\promises\src\Promise.php(246): GuzzleHttp\Promise\EachPromise->GuzzleHttp\Promise\{closure}(true)
#12 E:\xampp73\htdocs\filecroco\loader\vendor\guzzlehttp\promises\src\Promise.php(223): GuzzleHttp\Promise\Promise->invokeWaitFn()
#13 E:\xampp73\htdocs\filecroco\loader\vendor\guzzlehttp\promises\src\Promise.php(62): GuzzleHttp\Promise\Promise->waitIfPending()
#14 E:\xampp73\htdocs\filecroco\loader\updatedownloadlink.php(95): GuzzleHttp\Promise\Promise->wait()
#15 {main}|174GuzzleHttp\Exception\RequestException: cURL error 56:  (see http://curl.haxx.se/libcurl/c/libcurl-errors.html) in E:\xampp73\htdocs\filecroco\loader\vendor\guzzlehttp\guzzle\src\Handler\CurlFactory.php:186
Stack trace:
#0 E:\xampp73\htdocs\filecroco\loader\vendor\guzzlehttp\guzzle\src\Handler\CurlFactory.php(149): GuzzleHttp\Handler\CurlFactory::createRejection(Object(GuzzleHttp\Handler\EasyHandle), Array)
#1 E:\xampp73\htdocs\filecroco\loader\vendor\guzzlehttp\guzzle\src\Handler\CurlFactory.php(102): GuzzleHttp\Handler\CurlFactory::finishError(Object(GuzzleHttp\Handler\CurlMultiHandler), Object(GuzzleHttp\Handler\EasyHandle), Object(GuzzleHttp\Handler\CurlFactory))
#2 E:\xampp73\htdocs\filecroco\loader\vendor\guzzlehttp\guzzle\src\Handler\CurlMultiHandler.php(181): GuzzleHttp\Handler\CurlFactory::finish(Object(GuzzleHttp\Handler\CurlMultiHandler), Object(GuzzleHttp\Handler\EasyHandle), Object(GuzzleHttp\Handler\CurlFactory))
#3 E:\xampp73\htdocs\filecroco\loader\vendor\guzzlehttp\guzzle\src\Handler\CurlMultiHandler.php(110): GuzzleHttp\Handler\CurlMultiHandler->processMessages()
#4 E:\xampp73\htdocs\filecroco\loader\vendor\guzzlehttp\guzzle\src\Handler\CurlMultiHandler.php(125): GuzzleHttp\Handler\CurlMultiHandler->tick()
#5 E:\xampp73\htdocs\filecroco\loader\vendor\guzzlehttp\promises\src\Promise.php(246): GuzzleHttp\Handler\CurlMultiHandler->execute(true)
#6 E:\xampp73\htdocs\filecroco\loader\vendor\guzzlehttp\promises\src\Promise.php(223): GuzzleHttp\Promise\Promise->invokeWaitFn()
#7 E:\xampp73\htdocs\filecroco\loader\vendor\guzzlehttp\promises\src\Promise.php(267): GuzzleHttp\Promise\Promise->waitIfPending()
#8 E:\xampp73\htdocs\filecroco\loader\vendor\guzzlehttp\promises\src\Promise.php(225): GuzzleHttp\Promise\Promise->invokeWaitList()
#9 E:\xampp73\htdocs\filecroco\loader\vendor\guzzlehttp\promises\src\Promise.php(62): GuzzleHttp\Promise\Promise->waitIfPending()
#10 E:\xampp73\htdocs\filecroco\loader\vendor\guzzlehttp\promises\src\EachPromise.php(101): GuzzleHttp\Promise\Promise->wait()
#11 E:\xampp73\htdocs\filecroco\loader\vendor\guzzlehttp\promises\src\Promise.php(246): GuzzleHttp\Promise\EachPromise->GuzzleHttp\Promise\{closure}(true)
#12 E:\xampp73\htdocs\filecroco\loader\vendor\guzzlehttp\promises\src\Promise.php(223): GuzzleHttp\Promise\Promise->invokeWaitFn()
#13 E:\xampp73\htdocs\filecroco\loader\vendor\guzzlehttp\promises\src\Promise.php(62): GuzzleHttp\Promise\Promise->waitIfPending()
#14 E:\xampp73\htdocs\filecroco\loader\updatedownloadlink.php(95): GuzzleHttp\Promise\Promise->wait()
#15 {main}|175GuzzleHttp\Exception\RequestException: cURL error 56:  (see http://curl.haxx.se/libcurl/c/libcurl-errors.html) in E:\xampp73\htdocs\filecroco\loader\vendor\guzzlehttp\guzzle\src\Handler\CurlFactory.php:186
Stack trace:
#0 E:\xampp73\htdocs\filecroco\loader\vendor\guzzlehttp\guzzle\src\Handler\CurlFactory.php(149): GuzzleHttp\Handler\CurlFactory::createRejection(Object(GuzzleHttp\Handler\EasyHandle), Array)
#1 E:\xampp73\htdocs\filecroco\loader\vendor\guzzlehttp\guzzle\src\Handler\CurlFactory.php(102): GuzzleHttp\Handler\CurlFactory::finishError(Object(GuzzleHttp\Handler\CurlMultiHandler), Object(GuzzleHttp\Handler\EasyHandle), Object(GuzzleHttp\Handler\CurlFactory))
#2 E:\xampp73\htdocs\filecroco\loader\vendor\guzzlehttp\guzzle\src\Handler\CurlMultiHandler.php(181): GuzzleHttp\Handler\CurlFactory::finish(Object(GuzzleHttp\Handler\CurlMultiHandler), Object(GuzzleHttp\Handler\EasyHandle), Object(GuzzleHttp\Handler\CurlFactory))
#3 E:\xampp73\htdocs\filecroco\loader\vendor\guzzlehttp\guzzle\src\Handler\CurlMultiHandler.php(110): GuzzleHttp\Handler\CurlMultiHandler->processMessages()
#4 E:\xampp73\htdocs\filecroco\loader\vendor\guzzlehttp\guzzle\src\Handler\CurlMultiHandler.php(125): GuzzleHttp\Handler\CurlMultiHandler->tick()
#5 E:\xampp73\htdocs\filecroco\loader\vendor\guzzlehttp\promises\src\Promise.php(246): GuzzleHttp\Handler\CurlMultiHandler->execute(true)
#6 E:\xampp73\htdocs\filecroco\loader\vendor\guzzlehttp\promises\src\Promise.php(223): GuzzleHttp\Promise\Promise->invokeWaitFn()
#7 E:\xampp73\htdocs\filecroco\loader\vendor\guzzlehttp\promises\src\Promise.php(267): GuzzleHttp\Promise\Promise->waitIfPending()
#8 E:\xampp73\htdocs\filecroco\loader\vendor\guzzlehttp\promises\src\Promise.php(225): GuzzleHttp\Promise\Promise->invokeWaitList()
#9 E:\xampp73\htdocs\filecroco\loader\vendor\guzzlehttp\promises\src\Promise.php(62): GuzzleHttp\Promise\Promise->waitIfPending()
#10 E:\xampp73\htdocs\filecroco\loader\vendor\guzzlehttp\promises\src\EachPromise.php(101): GuzzleHttp\Promise\Promise->wait()
#11 E:\xampp73\htdocs\filecroco\loader\vendor\guzzlehttp\promises\src\Promise.php(246): GuzzleHttp\Promise\EachPromise->GuzzleHttp\Promise\{closure}(true)
#12 E:\xampp73\htdocs\filecroco\loader\vendor\guzzlehttp\promises\src\Promise.php(223): GuzzleHttp\Promise\Promise->invokeWaitFn()
#13 E:\xampp73\htdocs\filecroco\loader\vendor\guzzlehttp\promises\src\Promise.php(62): GuzzleHttp\Promise\Promise->waitIfPending()
#14 E:\xampp73\htdocs\filecroco\loader\updatedownloadlink.php(95): GuzzleHttp\Promise\Promise->wait()
#15 {main}|176GuzzleHttp\Exception\RequestException: cURL error 56:  (see http://curl.haxx.se/libcurl/c/libcurl-errors.html) in E:\xampp73\htdocs\filecroco\loader\vendor\guzzlehttp\guzzle\src\Handler\CurlFactory.php:186
Stack trace:
#0 E:\xampp73\htdocs\filecroco\loader\vendor\guzzlehttp\guzzle\src\Handler\CurlFactory.php(149): GuzzleHttp\Handler\CurlFactory::createRejection(Object(GuzzleHttp\Handler\EasyHandle), Array)
#1 E:\xampp73\htdocs\filecroco\loader\vendor\guzzlehttp\guzzle\src\Handler\CurlFactory.php(102): GuzzleHttp\Handler\CurlFactory::finishError(Object(GuzzleHttp\Handler\CurlMultiHandler), Object(GuzzleHttp\Handler\EasyHandle), Object(GuzzleHttp\Handler\CurlFactory))
#2 E:\xampp73\htdocs\filecroco\loader\vendor\guzzlehttp\guzzle\src\Handler\CurlMultiHandler.php(181): GuzzleHttp\Handler\CurlFactory::finish(Object(GuzzleHttp\Handler\CurlMultiHandler), Object(GuzzleHttp\Handler\EasyHandle), Object(GuzzleHttp\Handler\CurlFactory))
#3 E:\xampp73\htdocs\filecroco\loader\vendor\guzzlehttp\guzzle\src\Handler\CurlMultiHandler.php(110): GuzzleHttp\Handler\CurlMultiHandler->processMessages()
#4 E:\xampp73\htdocs\filecroco\loader\vendor\guzzlehttp\guzzle\src\Handler\CurlMultiHandler.php(125): GuzzleHttp\Handler\CurlMultiHandler->tick()
#5 E:\xampp73\htdocs\filecroco\loader\vendor\guzzlehttp\promises\src\Promise.php(246): GuzzleHttp\Handler\CurlMultiHandler->execute(true)
#6 E:\xampp73\htdocs\filecroco\loader\vendor\guzzlehttp\promises\src\Promise.php(223): GuzzleHttp\Promise\Promise->invokeWaitFn()
#7 E:\xampp73\htdocs\filecroco\loader\vendor\guzzlehttp\promises\src\Promise.php(267): GuzzleHttp\Promise\Promise->waitIfPending()
#8 E:\xampp73\htdocs\filecroco\loader\vendor\guzzlehttp\promises\src\Promise.php(225): GuzzleHttp\Promise\Promise->invokeWaitList()
#9 E:\xampp73\htdocs\filecroco\loader\vendor\guzzlehttp\promises\src\Promise.php(62): GuzzleHttp\Promise\Promise->waitIfPending()
#10 E:\xampp73\htdocs\filecroco\loader\vendor\guzzlehttp\promises\src\EachPromise.php(101): GuzzleHttp\Promise\Promise->wait()
#11 E:\xampp73\htdocs\filecroco\loader\vendor\guzzlehttp\promises\src\Promise.php(246): GuzzleHttp\Promise\EachPromise->GuzzleHttp\Promise\{closure}(true)
#12 E:\xampp73\htdocs\filecroco\loader\vendor\guzzlehttp\promises\src\Promise.php(223): GuzzleHttp\Promise\Promise->invokeWaitFn()
#13 E:\xampp73\htdocs\filecroco\loader\vendor\guzzlehttp\promises\src\Promise.php(62): GuzzleHttp\Promise\Promise->waitIfPending()
#14 E:\xampp73\htdocs\filecroco\loader\updatedownloadlink.php(95): GuzzleHttp\Promise\Promise->wait()
#15 {main}|177GuzzleHttp\Exception\RequestException: cURL error 56:  (see http://curl.haxx.se/libcurl/c/libcurl-errors.html) in E:\xampp73\htdocs\filecroco\loader\vendor\guzzlehttp\guzzle\src\Handler\CurlFactory.php:186
Stack trace:
#0 E:\xampp73\htdocs\filecroco\loader\vendor\guzzlehttp\guzzle\src\Handler\CurlFactory.php(149): GuzzleHttp\Handler\CurlFactory::createRejection(Object(GuzzleHttp\Handler\EasyHandle), Array)
#1 E:\xampp73\htdocs\filecroco\loader\vendor\guzzlehttp\guzzle\src\Handler\CurlFactory.php(102): GuzzleHttp\Handler\CurlFactory::finishError(Object(GuzzleHttp\Handler\CurlMultiHandler), Object(GuzzleHttp\Handler\EasyHandle), Object(GuzzleHttp\Handler\CurlFactory))
#2 E:\xampp73\htdocs\filecroco\loader\vendor\guzzlehttp\guzzle\src\Handler\CurlMultiHandler.php(181): GuzzleHttp\Handler\CurlFactory::finish(Object(GuzzleHttp\Handler\CurlMultiHandler), Object(GuzzleHttp\Handler\EasyHandle), Object(GuzzleHttp\Handler\CurlFactory))
#3 E:\xampp73\htdocs\filecroco\loader\vendor\guzzlehttp\guzzle\src\Handler\CurlMultiHandler.php(110): GuzzleHttp\Handler\CurlMultiHandler->processMessages()
#4 E:\xampp73\htdocs\filecroco\loader\vendor\guzzlehttp\guzzle\src\Handler\CurlMultiHandler.php(125): GuzzleHttp\Handler\CurlMultiHandler->tick()
#5 E:\xampp73\htdocs\filecroco\loader\vendor\guzzlehttp\promises\src\Promise.php(246): GuzzleHttp\Handler\CurlMultiHandler->execute(true)
#6 E:\xampp73\htdocs\filecroco\loader\vendor\guzzlehttp\promises\src\Promise.php(223): GuzzleHttp\Promise\Promise->invokeWaitFn()
#7 E:\xampp73\htdocs\filecroco\loader\vendor\guzzlehttp\promises\src\Promise.php(267): GuzzleHttp\Promise\Promise->waitIfPending()
#8 E:\xampp73\htdocs\filecroco\loader\vendor\guzzlehttp\promises\src\Promise.php(225): GuzzleHttp\Promise\Promise->invokeWaitList()
#9 E:\xampp73\htdocs\filecroco\loader\vendor\guzzlehttp\promises\src\Promise.php(62): GuzzleHttp\Promise\Promise->waitIfPending()
#10 E:\xampp73\htdocs\filecroco\loader\vendor\guzzlehttp\promises\src\EachPromise.php(101): GuzzleHttp\Promise\Promise->wait()
#11 E:\xampp73\htdocs\filecroco\loader\vendor\guzzlehttp\promises\src\Promise.php(246): GuzzleHttp\Promise\EachPromise->GuzzleHttp\Promise\{closure}(true)
#12 E:\xampp73\htdocs\filecroco\loader\vendor\guzzlehttp\promises\src\Promise.php(223): GuzzleHttp\Promise\Promise->invokeWaitFn()
#13 E:\xampp73\htdocs\filecroco\loader\vendor\guzzlehttp\promises\src\Promise.php(62): GuzzleHttp\Promise\Promise->waitIfPending()
#14 E:\xampp73\htdocs\filecroco\loader\updatedownloadlink.php(95): GuzzleHttp\Promise\Promise->wait()
#15 {main}|178GuzzleHttp\Exception\RequestException: cURL error 56:  (see http://curl.haxx.se/libcurl/c/libcurl-errors.html) in E:\xampp73\htdocs\filecroco\loader\vendor\guzzlehttp\guzzle\src\Handler\CurlFactory.php:186
Stack trace:
#0 E:\xampp73\htdocs\filecroco\loader\vendor\guzzlehttp\guzzle\src\Handler\CurlFactory.php(149): GuzzleHttp\Handler\CurlFactory::createRejection(Object(GuzzleHttp\Handler\EasyHandle), Array)
#1 E:\xampp73\htdocs\filecroco\loader\vendor\guzzlehttp\guzzle\src\Handler\CurlFactory.php(102): GuzzleHttp\Handler\CurlFactory::finishError(Object(GuzzleHttp\Handler\CurlMultiHandler), Object(GuzzleHttp\Handler\EasyHandle), Object(GuzzleHttp\Handler\CurlFactory))
#2 E:\xampp73\htdocs\filecroco\loader\vendor\guzzlehttp\guzzle\src\Handler\CurlMultiHandler.php(181): GuzzleHttp\Handler\CurlFactory::finish(Object(GuzzleHttp\Handler\CurlMultiHandler), Object(GuzzleHttp\Handler\EasyHandle), Object(GuzzleHttp\Handler\CurlFactory))
#3 E:\xampp73\htdocs\filecroco\loader\vendor\guzzlehttp\guzzle\src\Handler\CurlMultiHandler.php(110): GuzzleHttp\Handler\CurlMultiHandler->processMessages()
#4 E:\xampp73\htdocs\filecroco\loader\vendor\guzzlehttp\guzzle\src\Handler\CurlMultiHandler.php(125): GuzzleHttp\Handler\CurlMultiHandler->tick()
#5 E:\xampp73\htdocs\filecroco\loader\vendor\guzzlehttp\promises\src\Promise.php(246): GuzzleHttp\Handler\CurlMultiHandler->execute(true)
#6 E:\xampp73\htdocs\filecroco\loader\vendor\guzzlehttp\promises\src\Promise.php(223): GuzzleHttp\Promise\Promise->invokeWaitFn()
#7 E:\xampp73\htdocs\filecroco\loader\vendor\guzzlehttp\promises\src\Promise.php(267): GuzzleHttp\Promise\Promise->waitIfPending()
#8 E:\xampp73\htdocs\filecroco\loader\vendor\guzzlehttp\promises\src\Promise.php(225): GuzzleHttp\Promise\Promise->invokeWaitList()
#9 E:\xampp73\htdocs\filecroco\loader\vendor\guzzlehttp\promises\src\Promise.php(62): GuzzleHttp\Promise\Promise->waitIfPending()
#10 E:\xampp73\htdocs\filecroco\loader\vendor\guzzlehttp\promises\src\EachPromise.php(101): GuzzleHttp\Promise\Promise->wait()
#11 E:\xampp73\htdocs\filecroco\loader\vendor\guzzlehttp\promises\src\Promise.php(246): GuzzleHttp\Promise\EachPromise->GuzzleHttp\Promise\{closure}(true)
#12 E:\xampp73\htdocs\filecroco\loader\vendor\guzzlehttp\promises\src\Promise.php(223): GuzzleHttp\Promise\Promise->invokeWaitFn()
#13 E:\xampp73\htdocs\filecroco\loader\vendor\guzzlehttp\promises\src\Promise.php(62): GuzzleHttp\Promise\Promise->waitIfPending()
#14 E:\xampp73\htdocs\filecroco\loader\updatedownloadlink.php(95): GuzzleHttp\Promise\Promise->wait()
#15 {main}|179GuzzleHttp\Exception\RequestException: cURL error 56:  (see http://curl.haxx.se/libcurl/c/libcurl-errors.html) in E:\xampp73\htdocs\filecroco\loader\vendor\guzzlehttp\guzzle\src\Handler\CurlFactory.php:186
Stack trace:
#0 E:\xampp73\htdocs\filecroco\loader\vendor\guzzlehttp\guzzle\src\Handler\CurlFactory.php(149): GuzzleHttp\Handler\CurlFactory::createRejection(Object(GuzzleHttp\Handler\EasyHandle), Array)
#1 E:\xampp73\htdocs\filecroco\loader\vendor\guzzlehttp\guzzle\src\Handler\CurlFactory.php(102): GuzzleHttp\Handler\CurlFactory::finishError(Object(GuzzleHttp\Handler\CurlMultiHandler), Object(GuzzleHttp\Handler\EasyHandle), Object(GuzzleHttp\Handler\CurlFactory))
#2 E:\xampp73\htdocs\filecroco\loader\vendor\guzzlehttp\guzzle\src\Handler\CurlMultiHandler.php(181): GuzzleHttp\Handler\CurlFactory::finish(Object(GuzzleHttp\Handler\CurlMultiHandler), Object(GuzzleHttp\Handler\EasyHandle), Object(GuzzleHttp\Handler\CurlFactory))
#3 E:\xampp73\htdocs\filecroco\loader\vendor\guzzlehttp\guzzle\src\Handler\CurlMultiHandler.php(110): GuzzleHttp\Handler\CurlMultiHandler->processMessages()
#4 E:\xampp73\htdocs\filecroco\loader\vendor\guzzlehttp\guzzle\src\Handler\CurlMultiHandler.php(125): GuzzleHttp\Handler\CurlMultiHandler->tick()
#5 E:\xampp73\htdocs\filecroco\loader\vendor\guzzlehttp\promises\src\Promise.php(246): GuzzleHttp\Handler\CurlMultiHandler->execute(true)
#6 E:\xampp73\htdocs\filecroco\loader\vendor\guzzlehttp\promises\src\Promise.php(223): GuzzleHttp\Promise\Promise->invokeWaitFn()
#7 E:\xampp73\htdocs\filecroco\loader\vendor\guzzlehttp\promises\src\Promise.php(267): GuzzleHttp\Promise\Promise->waitIfPending()
#8 E:\xampp73\htdocs\filecroco\loader\vendor\guzzlehttp\promises\src\Promise.php(225): GuzzleHttp\Promise\Promise->invokeWaitList()
#9 E:\xampp73\htdocs\filecroco\loader\vendor\guzzlehttp\promises\src\Promise.php(62): GuzzleHttp\Promise\Promise->waitIfPending()
#10 E:\xampp73\htdocs\filecroco\loader\vendor\guzzlehttp\promises\src\EachPromise.php(101): GuzzleHttp\Promise\Promise->wait()
#11 E:\xampp73\htdocs\filecroco\loader\vendor\guzzlehttp\promises\src\Promise.php(246): GuzzleHttp\Promise\EachPromise->GuzzleHttp\Promise\{closure}(true)
#12 E:\xampp73\htdocs\filecroco\loader\vendor\guzzlehttp\promises\src\Promise.php(223): GuzzleHttp\Promise\Promise->invokeWaitFn()
#13 E:\xampp73\htdocs\filecroco\loader\vendor\guzzlehttp\promises\src\Promise.php(62): GuzzleHttp\Promise\Promise->waitIfPending()
#14 E:\xampp73\htdocs\filecroco\loader\updatedownloadlink.php(95): GuzzleHttp\Promise\Promise->wait()
#15 {main}|180GuzzleHttp\Exception\RequestException: cURL error 56:  (see http://curl.haxx.se/libcurl/c/libcurl-errors.html) in E:\xampp73\htdocs\filecroco\loader\vendor\guzzlehttp\guzzle\src\Handler\CurlFactory.php:186
Stack trace:
#0 E:\xampp73\htdocs\filecroco\loader\vendor\guzzlehttp\guzzle\src\Handler\CurlFactory.php(149): GuzzleHttp\Handler\CurlFactory::createRejection(Object(GuzzleHttp\Handler\EasyHandle), Array)
#1 E:\xampp73\htdocs\filecroco\loader\vendor\guzzlehttp\guzzle\src\Handler\CurlFactory.php(102): GuzzleHttp\Handler\CurlFactory::finishError(Object(GuzzleHttp\Handler\CurlMultiHandler), Object(GuzzleHttp\Handler\EasyHandle), Object(GuzzleHttp\Handler\CurlFactory))
#2 E:\xampp73\htdocs\filecroco\loader\vendor\guzzlehttp\guzzle\src\Handler\CurlMultiHandler.php(181): GuzzleHttp\Handler\CurlFactory::finish(Object(GuzzleHttp\Handler\CurlMultiHandler), Object(GuzzleHttp\Handler\EasyHandle), Object(GuzzleHttp\Handler\CurlFactory))
#3 E:\xampp73\htdocs\filecroco\loader\vendor\guzzlehttp\guzzle\src\Handler\CurlMultiHandler.php(110): GuzzleHttp\Handler\CurlMultiHandler->processMessages()
#4 E:\xampp73\htdocs\filecroco\loader\vendor\guzzlehttp\guzzle\src\Handler\CurlMultiHandler.php(125): GuzzleHttp\Handler\CurlMultiHandler->tick()
#5 E:\xampp73\htdocs\filecroco\loader\vendor\guzzlehttp\promises\src\Promise.php(246): GuzzleHttp\Handler\CurlMultiHandler->execute(true)
#6 E:\xampp73\htdocs\filecroco\loader\vendor\guzzlehttp\promises\src\Promise.php(223): GuzzleHttp\Promise\Promise->invokeWaitFn()
#7 E:\xampp73\htdocs\filecroco\loader\vendor\guzzlehttp\promises\src\Promise.php(267): GuzzleHttp\Promise\Promise->waitIfPending()
#8 E:\xampp73\htdocs\filecroco\loader\vendor\guzzlehttp\promises\src\Promise.php(225): GuzzleHttp\Promise\Promise->invokeWaitList()
#9 E:\xampp73\htdocs\filecroco\loader\vendor\guzzlehttp\promises\src\Promise.php(62): GuzzleHttp\Promise\Promise->waitIfPending()
#10 E:\xampp73\htdocs\filecroco\loader\vendor\guzzlehttp\promises\src\EachPromise.php(101): GuzzleHttp\Promise\Promise->wait()
#11 E:\xampp73\htdocs\filecroco\loader\vendor\guzzlehttp\promises\src\Promise.php(246): GuzzleHttp\Promise\EachPromise->GuzzleHttp\Promise\{closure}(true)
#12 E:\xampp73\htdocs\filecroco\loader\vendor\guzzlehttp\promises\src\Promise.php(223): GuzzleHttp\Promise\Promise->invokeWaitFn()
#13 E:\xampp73\htdocs\filecroco\loader\vendor\guzzlehttp\promises\src\Promise.php(62): GuzzleHttp\Promise\Promise->waitIfPending()
#14 E:\xampp73\htdocs\filecroco\loader\updatedownloadlink.php(95): GuzzleHttp\Promise\Promise->wait()
#15 {main}|181GuzzleHttp\Exception\RequestException: cURL error 56:  (see http://curl.haxx.se/libcurl/c/libcurl-errors.html) in E:\xampp73\htdocs\filecroco\loader\vendor\guzzlehttp\guzzle\src\Handler\CurlFactory.php:186
Stack trace:
#0 E:\xampp73\htdocs\filecroco\loader\vendor\guzzlehttp\guzzle\src\Handler\CurlFactory.php(149): GuzzleHttp\Handler\CurlFactory::createRejection(Object(GuzzleHttp\Handler\EasyHandle), Array)
#1 E:\xampp73\htdocs\filecroco\loader\vendor\guzzlehttp\guzzle\src\Handler\CurlFactory.php(102): GuzzleHttp\Handler\CurlFactory::finishError(Object(GuzzleHttp\Handler\CurlMultiHandler), Object(GuzzleHttp\Handler\EasyHandle), Object(GuzzleHttp\Handler\CurlFactory))
#2 E:\xampp73\htdocs\filecroco\loader\vendor\guzzlehttp\guzzle\src\Handler\CurlMultiHandler.php(181): GuzzleHttp\Handler\CurlFactory::finish(Object(GuzzleHttp\Handler\CurlMultiHandler), Object(GuzzleHttp\Handler\EasyHandle), Object(GuzzleHttp\Handler\CurlFactory))
#3 E:\xampp73\htdocs\filecroco\loader\vendor\guzzlehttp\guzzle\src\Handler\CurlMultiHandler.php(110): GuzzleHttp\Handler\CurlMultiHandler->processMessages()
#4 E:\xampp73\htdocs\filecroco\loader\vendor\guzzlehttp\guzzle\src\Handler\CurlMultiHandler.php(125): GuzzleHttp\Handler\CurlMultiHandler->tick()
#5 E:\xampp73\htdocs\filecroco\loader\vendor\guzzlehttp\promises\src\Promise.php(246): GuzzleHttp\Handler\CurlMultiHandler->execute(true)
#6 E:\xampp73\htdocs\filecroco\loader\vendor\guzzlehttp\promises\src\Promise.php(223): GuzzleHttp\Promise\Promise->invokeWaitFn()
#7 E:\xampp73\htdocs\filecroco\loader\vendor\guzzlehttp\promises\src\Promise.php(267): GuzzleHttp\Promise\Promise->waitIfPending()
#8 E:\xampp73\htdocs\filecroco\loader\vendor\guzzlehttp\promises\src\Promise.php(225): GuzzleHttp\Promise\Promise->invokeWaitList()
#9 E:\xampp73\htdocs\filecroco\loader\vendor\guzzlehttp\promises\src\Promise.php(62): GuzzleHttp\Promise\Promise->waitIfPending()
#10 E:\xampp73\htdocs\filecroco\loader\vendor\guzzlehttp\promises\src\EachPromise.php(101): GuzzleHttp\Promise\Promise->wait()
#11 E:\xampp73\htdocs\filecroco\loader\vendor\guzzlehttp\promises\src\Promise.php(246): GuzzleHttp\Promise\EachPromise->GuzzleHttp\Promise\{closure}(true)
#12 E:\xampp73\htdocs\filecroco\loader\vendor\guzzlehttp\promises\src\Promise.php(223): GuzzleHttp\Promise\Promise->invokeWaitFn()
#13 E:\xampp73\htdocs\filecroco\loader\vendor\guzzlehttp\promises\src\Promise.php(62): GuzzleHttp\Promise\Promise->waitIfPending()
#14 E:\xampp73\htdocs\filecroco\loader\updatedownloadlink.php(95): GuzzleHttp\Promise\Promise->wait()
#15 {main}|182GuzzleHttp\Exception\RequestException: cURL error 56:  (see http://curl.haxx.se/libcurl/c/libcurl-errors.html) in E:\xampp73\htdocs\filecroco\loader\vendor\guzzlehttp\guzzle\src\Handler\CurlFactory.php:186
Stack trace:
#0 E:\xampp73\htdocs\filecroco\loader\vendor\guzzlehttp\guzzle\src\Handler\CurlFactory.php(149): GuzzleHttp\Handler\CurlFactory::createRejection(Object(GuzzleHttp\Handler\EasyHandle), Array)
#1 E:\xampp73\htdocs\filecroco\loader\vendor\guzzlehttp\guzzle\src\Handler\CurlFactory.php(102): GuzzleHttp\Handler\CurlFactory::finishError(Object(GuzzleHttp\Handler\CurlMultiHandler), Object(GuzzleHttp\Handler\EasyHandle), Object(GuzzleHttp\Handler\CurlFactory))
#2 E:\xampp73\htdocs\filecroco\loader\vendor\guzzlehttp\guzzle\src\Handler\CurlMultiHandler.php(181): GuzzleHttp\Handler\CurlFactory::finish(Object(GuzzleHttp\Handler\CurlMultiHandler), Object(GuzzleHttp\Handler\EasyHandle), Object(GuzzleHttp\Handler\CurlFactory))
#3 E:\xampp73\htdocs\filecroco\loader\vendor\guzzlehttp\guzzle\src\Handler\CurlMultiHandler.php(110): GuzzleHttp\Handler\CurlMultiHandler->processMessages()
#4 E:\xampp73\htdocs\filecroco\loader\vendor\guzzlehttp\guzzle\src\Handler\CurlMultiHandler.php(125): GuzzleHttp\Handler\CurlMultiHandler->tick()
#5 E:\xampp73\htdocs\filecroco\loader\vendor\guzzlehttp\promises\src\Promise.php(246): GuzzleHttp\Handler\CurlMultiHandler->execute(true)
#6 E:\xampp73\htdocs\filecroco\loader\vendor\guzzlehttp\promises\src\Promise.php(223): GuzzleHttp\Promise\Promise->invokeWaitFn()
#7 E:\xampp73\htdocs\filecroco\loader\vendor\guzzlehttp\promises\src\Promise.php(267): GuzzleHttp\Promise\Promise->waitIfPending()
#8 E:\xampp73\htdocs\filecroco\loader\vendor\guzzlehttp\promises\src\Promise.php(225): GuzzleHttp\Promise\Promise->invokeWaitList()
#9 E:\xampp73\htdocs\filecroco\loader\vendor\guzzlehttp\promises\src\Promise.php(62): GuzzleHttp\Promise\Promise->waitIfPending()
#10 E:\xampp73\htdocs\filecroco\loader\vendor\guzzlehttp\promises\src\EachPromise.php(101): GuzzleHttp\Promise\Promise->wait()
#11 E:\xampp73\htdocs\filecroco\loader\vendor\guzzlehttp\promises\src\Promise.php(246): GuzzleHttp\Promise\EachPromise->GuzzleHttp\Promise\{closure}(true)
#12 E:\xampp73\htdocs\filecroco\loader\vendor\guzzlehttp\promises\src\Promise.php(223): GuzzleHttp\Promise\Promise->invokeWaitFn()
#13 E:\xampp73\htdocs\filecroco\loader\vendor\guzzlehttp\promises\src\Promise.php(62): GuzzleHttp\Promise\Promise->waitIfPending()
#14 E:\xampp73\htdocs\filecroco\loader\updatedownloadlink.php(95): GuzzleHttp\Promise\Promise->wait()
#15 {main}|183GuzzleHttp\Exception\RequestException: cURL error 56:  (see http://curl.haxx.se/libcurl/c/libcurl-errors.html) in E:\xampp73\htdocs\filecroco\loader\vendor\guzzlehttp\guzzle\src\Handler\CurlFactory.php:186
Stack trace:
#0 E:\xampp73\htdocs\filecroco\loader\vendor\guzzlehttp\guzzle\src\Handler\CurlFactory.php(149): GuzzleHttp\Handler\CurlFactory::createRejection(Object(GuzzleHttp\Handler\EasyHandle), Array)
#1 E:\xampp73\htdocs\filecroco\loader\vendor\guzzlehttp\guzzle\src\Handler\CurlFactory.php(102): GuzzleHttp\Handler\CurlFactory::finishError(Object(GuzzleHttp\Handler\CurlMultiHandler), Object(GuzzleHttp\Handler\EasyHandle), Object(GuzzleHttp\Handler\CurlFactory))
#2 E:\xampp73\htdocs\filecroco\loader\vendor\guzzlehttp\guzzle\src\Handler\CurlMultiHandler.php(181): GuzzleHttp\Handler\CurlFactory::finish(Object(GuzzleHttp\Handler\CurlMultiHandler), Object(GuzzleHttp\Handler\EasyHandle), Object(GuzzleHttp\Handler\CurlFactory))
#3 E:\xampp73\htdocs\filecroco\loader\vendor\guzzlehttp\guzzle\src\Handler\CurlMultiHandler.php(110): GuzzleHttp\Handler\CurlMultiHandler->processMessages()
#4 E:\xampp73\htdocs\filecroco\loader\vendor\guzzlehttp\guzzle\src\Handler\CurlMultiHandler.php(125): GuzzleHttp\Handler\CurlMultiHandler->tick()
#5 E:\xampp73\htdocs\filecroco\loader\vendor\guzzlehttp\promises\src\Promise.php(246): GuzzleHttp\Handler\CurlMultiHandler->execute(true)
#6 E:\xampp73\htdocs\filecroco\loader\vendor\guzzlehttp\promises\src\Promise.php(223): GuzzleHttp\Promise\Promise->invokeWaitFn()
#7 E:\xampp73\htdocs\filecroco\loader\vendor\guzzlehttp\promises\src\Promise.php(267): GuzzleHttp\Promise\Promise->waitIfPending()
#8 E:\xampp73\htdocs\filecroco\loader\vendor\guzzlehttp\promises\src\Promise.php(225): GuzzleHttp\Promise\Promise->invokeWaitList()
#9 E:\xampp73\htdocs\filecroco\loader\vendor\guzzlehttp\promises\src\Promise.php(62): GuzzleHttp\Promise\Promise->waitIfPending()
#10 E:\xampp73\htdocs\filecroco\loader\vendor\guzzlehttp\promises\src\EachPromise.php(101): GuzzleHttp\Promise\Promise->wait()
#11 E:\xampp73\htdocs\filecroco\loader\vendor\guzzlehttp\promises\src\Promise.php(246): GuzzleHttp\Promise\EachPromise->GuzzleHttp\Promise\{closure}(true)
#12 E:\xampp73\htdocs\filecroco\loader\vendor\guzzlehttp\promises\src\Promise.php(223): GuzzleHttp\Promise\Promise->invokeWaitFn()
#13 E:\xampp73\htdocs\filecroco\loader\vendor\guzzlehttp\promises\src\Promise.php(62): GuzzleHttp\Promise\Promise->waitIfPending()
#14 E:\xampp73\htdocs\filecroco\loader\updatedownloadlink.php(95): GuzzleHttp\Promise\Promise->wait()
#15 {main}|184GuzzleHttp\Exception\RequestException: cURL error 56:  (see http://curl.haxx.se/libcurl/c/libcurl-errors.html) in E:\xampp73\htdocs\filecroco\loader\vendor\guzzlehttp\guzzle\src\Handler\CurlFactory.php:186
Stack trace:
#0 E:\xampp73\htdocs\filecroco\loader\vendor\guzzlehttp\guzzle\src\Handler\CurlFactory.php(149): GuzzleHttp\Handler\CurlFactory::createRejection(Object(GuzzleHttp\Handler\EasyHandle), Array)
#1 E:\xampp73\htdocs\filecroco\loader\vendor\guzzlehttp\guzzle\src\Handler\CurlFactory.php(102): GuzzleHttp\Handler\CurlFactory::finishError(Object(GuzzleHttp\Handler\CurlMultiHandler), Object(GuzzleHttp\Handler\EasyHandle), Object(GuzzleHttp\Handler\CurlFactory))
#2 E:\xampp73\htdocs\filecroco\loader\vendor\guzzlehttp\guzzle\src\Handler\CurlMultiHandler.php(181): GuzzleHttp\Handler\CurlFactory::finish(Object(GuzzleHttp\Handler\CurlMultiHandler), Object(GuzzleHttp\Handler\EasyHandle), Object(GuzzleHttp\Handler\CurlFactory))
#3 E:\xampp73\htdocs\filecroco\loader\vendor\guzzlehttp\guzzle\src\Handler\CurlMultiHandler.php(110): GuzzleHttp\Handler\CurlMultiHandler->processMessages()
#4 E:\xampp73\htdocs\filecroco\loader\vendor\guzzlehttp\guzzle\src\Handler\CurlMultiHandler.php(125): GuzzleHttp\Handler\CurlMultiHandler->tick()
#5 E:\xampp73\htdocs\filecroco\loader\vendor\guzzlehttp\promises\src\Promise.php(246): GuzzleHttp\Handler\CurlMultiHandler->execute(true)
#6 E:\xampp73\htdocs\filecroco\loader\vendor\guzzlehttp\promises\src\Promise.php(223): GuzzleHttp\Promise\Promise->invokeWaitFn()
#7 E:\xampp73\htdocs\filecroco\loader\vendor\guzzlehttp\promises\src\Promise.php(267): GuzzleHttp\Promise\Promise->waitIfPending()
#8 E:\xampp73\htdocs\filecroco\loader\vendor\guzzlehttp\promises\src\Promise.php(225): GuzzleHttp\Promise\Promise->invokeWaitList()
#9 E:\xampp73\htdocs\filecroco\loader\vendor\guzzlehttp\promises\src\Promise.php(62): GuzzleHttp\Promise\Promise->waitIfPending()
#10 E:\xampp73\htdocs\filecroco\loader\vendor\guzzlehttp\promises\src\EachPromise.php(101): GuzzleHttp\Promise\Promise->wait()
#11 E:\xampp73\htdocs\filecroco\loader\vendor\guzzlehttp\promises\src\Promise.php(246): GuzzleHttp\Promise\EachPromise->GuzzleHttp\Promise\{closure}(true)
#12 E:\xampp73\htdocs\filecroco\loader\vendor\guzzlehttp\promises\src\Promise.php(223): GuzzleHttp\Promise\Promise->invokeWaitFn()
#13 E:\xampp73\htdocs\filecroco\loader\vendor\guzzlehttp\promises\src\Promise.php(62): GuzzleHttp\Promise\Promise->waitIfPending()
#14 E:\xampp73\htdocs\filecroco\loader\updatedownloadlink.php(95): GuzzleHttp\Promise\Promise->wait()
#15 {main}|185GuzzleHttp\Exception\RequestException: cURL error 56:  (see http://curl.haxx.se/libcurl/c/libcurl-errors.html) in E:\xampp73\htdocs\filecroco\loader\vendor\guzzlehttp\guzzle\src\Handler\CurlFactory.php:186
Stack trace:
#0 E:\xampp73\htdocs\filecroco\loader\vendor\guzzlehttp\guzzle\src\Handler\CurlFactory.php(149): GuzzleHttp\Handler\CurlFactory::createRejection(Object(GuzzleHttp\Handler\EasyHandle), Array)
#1 E:\xampp73\htdocs\filecroco\loader\vendor\guzzlehttp\guzzle\src\Handler\CurlFactory.php(102): GuzzleHttp\Handler\CurlFactory::finishError(Object(GuzzleHttp\Handler\CurlMultiHandler), Object(GuzzleHttp\Handler\EasyHandle), Object(GuzzleHttp\Handler\CurlFactory))
#2 E:\xampp73\htdocs\filecroco\loader\vendor\guzzlehttp\guzzle\src\Handler\CurlMultiHandler.php(181): GuzzleHttp\Handler\CurlFactory::finish(Object(GuzzleHttp\Handler\CurlMultiHandler), Object(GuzzleHttp\Handler\EasyHandle), Object(GuzzleHttp\Handler\CurlFactory))
#3 E:\xampp73\htdocs\filecroco\loader\vendor\guzzlehttp\guzzle\src\Handler\CurlMultiHandler.php(110): GuzzleHttp\Handler\CurlMultiHandler->processMessages()
#4 E:\xampp73\htdocs\filecroco\loader\vendor\guzzlehttp\guzzle\src\Handler\CurlMultiHandler.php(125): GuzzleHttp\Handler\CurlMultiHandler->tick()
#5 E:\xampp73\htdocs\filecroco\loader\vendor\guzzlehttp\promises\src\Promise.php(246): GuzzleHttp\Handler\CurlMultiHandler->execute(true)
#6 E:\xampp73\htdocs\filecroco\loader\vendor\guzzlehttp\promises\src\Promise.php(223): GuzzleHttp\Promise\Promise->invokeWaitFn()
#7 E:\xampp73\htdocs\filecroco\loader\vendor\guzzlehttp\promises\src\Promise.php(267): GuzzleHttp\Promise\Promise->waitIfPending()
#8 E:\xampp73\htdocs\filecroco\loader\vendor\guzzlehttp\promises\src\Promise.php(225): GuzzleHttp\Promise\Promise->invokeWaitList()
#9 E:\xampp73\htdocs\filecroco\loader\vendor\guzzlehttp\promises\src\Promise.php(62): GuzzleHttp\Promise\Promise->waitIfPending()
#10 E:\xampp73\htdocs\filecroco\loader\vendor\guzzlehttp\promises\src\EachPromise.php(101): GuzzleHttp\Promise\Promise->wait()
#11 E:\xampp73\htdocs\filecroco\loader\vendor\guzzlehttp\promises\src\Promise.php(246): GuzzleHttp\Promise\EachPromise->GuzzleHttp\Promise\{closure}(true)
#12 E:\xampp73\htdocs\filecroco\loader\vendor\guzzlehttp\promises\src\Promise.php(223): GuzzleHttp\Promise\Promise->invokeWaitFn()
#13 E:\xampp73\htdocs\filecroco\loader\vendor\guzzlehttp\promises\src\Promise.php(62): GuzzleHttp\Promise\Promise->waitIfPending()
#14 E:\xampp73\htdocs\filecroco\loader\updatedownloadlink.php(95): GuzzleHttp\Promise\Promise->wait()
#15 {main}|186GuzzleHttp\Exception\RequestException: cURL error 56:  (see http://curl.haxx.se/libcurl/c/libcurl-errors.html) in E:\xampp73\htdocs\filecroco\loader\vendor\guzzlehttp\guzzle\src\Handler\CurlFactory.php:186
Stack trace:
#0 E:\xampp73\htdocs\filecroco\loader\vendor\guzzlehttp\guzzle\src\Handler\CurlFactory.php(149): GuzzleHttp\Handler\CurlFactory::createRejection(Object(GuzzleHttp\Handler\EasyHandle), Array)
#1 E:\xampp73\htdocs\filecroco\loader\vendor\guzzlehttp\guzzle\src\Handler\CurlFactory.php(102): GuzzleHttp\Handler\CurlFactory::finishError(Object(GuzzleHttp\Handler\CurlMultiHandler), Object(GuzzleHttp\Handler\EasyHandle), Object(GuzzleHttp\Handler\CurlFactory))
#2 E:\xampp73\htdocs\filecroco\loader\vendor\guzzlehttp\guzzle\src\Handler\CurlMultiHandler.php(181): GuzzleHttp\Handler\CurlFactory::finish(Object(GuzzleHttp\Handler\CurlMultiHandler), Object(GuzzleHttp\Handler\EasyHandle), Object(GuzzleHttp\Handler\CurlFactory))
#3 E:\xampp73\htdocs\filecroco\loader\vendor\guzzlehttp\guzzle\src\Handler\CurlMultiHandler.php(110): GuzzleHttp\Handler\CurlMultiHandler->processMessages()
#4 E:\xampp73\htdocs\filecroco\loader\vendor\guzzlehttp\guzzle\src\Handler\CurlMultiHandler.php(125): GuzzleHttp\Handler\CurlMultiHandler->tick()
#5 E:\xampp73\htdocs\filecroco\loader\vendor\guzzlehttp\promises\src\Promise.php(246): GuzzleHttp\Handler\CurlMultiHandler->execute(true)
#6 E:\xampp73\htdocs\filecroco\loader\vendor\guzzlehttp\promises\src\Promise.php(223): GuzzleHttp\Promise\Promise->invokeWaitFn()
#7 E:\xampp73\htdocs\filecroco\loader\vendor\guzzlehttp\promises\src\Promise.php(267): GuzzleHttp\Promise\Promise->waitIfPending()
#8 E:\xampp73\htdocs\filecroco\loader\vendor\guzzlehttp\promises\src\Promise.php(225): GuzzleHttp\Promise\Promise->invokeWaitList()
#9 E:\xampp73\htdocs\filecroco\loader\vendor\guzzlehttp\promises\src\Promise.php(62): GuzzleHttp\Promise\Promise->waitIfPending()
#10 E:\xampp73\htdocs\filecroco\loader\vendor\guzzlehttp\promises\src\EachPromise.php(101): GuzzleHttp\Promise\Promise->wait()
#11 E:\xampp73\htdocs\filecroco\loader\vendor\guzzlehttp\promises\src\Promise.php(246): GuzzleHttp\Promise\EachPromise->GuzzleHttp\Promise\{closure}(true)
#12 E:\xampp73\htdocs\filecroco\loader\vendor\guzzlehttp\promises\src\Promise.php(223): GuzzleHttp\Promise\Promise->invokeWaitFn()
#13 E:\xampp73\htdocs\filecroco\loader\vendor\guzzlehttp\promises\src\Promise.php(62): GuzzleHttp\Promise\Promise->waitIfPending()
#14 E:\xampp73\htdocs\filecroco\loader\updatedownloadlink.php(95): GuzzleHttp\Promise\Promise->wait()
#15 {main}|187GuzzleHttp\Exception\RequestException: cURL error 56:  (see http://curl.haxx.se/libcurl/c/libcurl-errors.html) in E:\xampp73\htdocs\filecroco\loader\vendor\guzzlehttp\guzzle\src\Handler\CurlFactory.php:186
Stack trace:
#0 E:\xampp73\htdocs\filecroco\loader\vendor\guzzlehttp\guzzle\src\Handler\CurlFactory.php(149): GuzzleHttp\Handler\CurlFactory::createRejection(Object(GuzzleHttp\Handler\EasyHandle), Array)
#1 E:\xampp73\htdocs\filecroco\loader\vendor\guzzlehttp\guzzle\src\Handler\CurlFactory.php(102): GuzzleHttp\Handler\CurlFactory::finishError(Object(GuzzleHttp\Handler\CurlMultiHandler), Object(GuzzleHttp\Handler\EasyHandle), Object(GuzzleHttp\Handler\CurlFactory))
#2 E:\xampp73\htdocs\filecroco\loader\vendor\guzzlehttp\guzzle\src\Handler\CurlMultiHandler.php(181): GuzzleHttp\Handler\CurlFactory::finish(Object(GuzzleHttp\Handler\CurlMultiHandler), Object(GuzzleHttp\Handler\EasyHandle), Object(GuzzleHttp\Handler\CurlFactory))
#3 E:\xampp73\htdocs\filecroco\loader\vendor\guzzlehttp\guzzle\src\Handler\CurlMultiHandler.php(110): GuzzleHttp\Handler\CurlMultiHandler->processMessages()
#4 E:\xampp73\htdocs\filecroco\loader\vendor\guzzlehttp\guzzle\src\Handler\CurlMultiHandler.php(125): GuzzleHttp\Handler\CurlMultiHandler->tick()
#5 E:\xampp73\htdocs\filecroco\loader\vendor\guzzlehttp\promises\src\Promise.php(246): GuzzleHttp\Handler\CurlMultiHandler->execute(true)
#6 E:\xampp73\htdocs\filecroco\loader\vendor\guzzlehttp\promises\src\Promise.php(223): GuzzleHttp\Promise\Promise->invokeWaitFn()
#7 E:\xampp73\htdocs\filecroco\loader\vendor\guzzlehttp\promises\src\Promise.php(267): GuzzleHttp\Promise\Promise->waitIfPending()
#8 E:\xampp73\htdocs\filecroco\loader\vendor\guzzlehttp\promises\src\Promise.php(225): GuzzleHttp\Promise\Promise->invokeWaitList()
#9 E:\xampp73\htdocs\filecroco\loader\vendor\guzzlehttp\promises\src\Promise.php(62): GuzzleHttp\Promise\Promise->waitIfPending()
#10 E:\xampp73\htdocs\filecroco\loader\vendor\guzzlehttp\promises\src\EachPromise.php(101): GuzzleHttp\Promise\Promise->wait()
#11 E:\xampp73\htdocs\filecroco\loader\vendor\guzzlehttp\promises\src\Promise.php(246): GuzzleHttp\Promise\EachPromise->GuzzleHttp\Promise\{closure}(true)
#12 E:\xampp73\htdocs\filecroco\loader\vendor\guzzlehttp\promises\src\Promise.php(223): GuzzleHttp\Promise\Promise->invokeWaitFn()
#13 E:\xampp73\htdocs\filecroco\loader\vendor\guzzlehttp\promises\src\Promise.php(62): GuzzleHttp\Promise\Promise->waitIfPending()
#14 E:\xampp73\htdocs\filecroco\loader\updatedownloadlink.php(95): GuzzleHttp\Promise\Promise->wait()
#15 {main}|188GuzzleHttp\Exception\RequestException: cURL error 56:  (see http://curl.haxx.se/libcurl/c/libcurl-errors.html) in E:\xampp73\htdocs\filecroco\loader\vendor\guzzlehttp\guzzle\src\Handler\CurlFactory.php:186
Stack trace:
#0 E:\xampp73\htdocs\filecroco\loader\vendor\guzzlehttp\guzzle\src\Handler\CurlFactory.php(149): GuzzleHttp\Handler\CurlFactory::createRejection(Object(GuzzleHttp\Handler\EasyHandle), Array)
#1 E:\xampp73\htdocs\filecroco\loader\vendor\guzzlehttp\guzzle\src\Handler\CurlFactory.php(102): GuzzleHttp\Handler\CurlFactory::finishError(Object(GuzzleHttp\Handler\CurlMultiHandler), Object(GuzzleHttp\Handler\EasyHandle), Object(GuzzleHttp\Handler\CurlFactory))
#2 E:\xampp73\htdocs\filecroco\loader\vendor\guzzlehttp\guzzle\src\Handler\CurlMultiHandler.php(181): GuzzleHttp\Handler\CurlFactory::finish(Object(GuzzleHttp\Handler\CurlMultiHandler), Object(GuzzleHttp\Handler\EasyHandle), Object(GuzzleHttp\Handler\CurlFactory))
#3 E:\xampp73\htdocs\filecroco\loader\vendor\guzzlehttp\guzzle\src\Handler\CurlMultiHandler.php(110): GuzzleHttp\Handler\CurlMultiHandler->processMessages()
#4 E:\xampp73\htdocs\filecroco\loader\vendor\guzzlehttp\guzzle\src\Handler\CurlMultiHandler.php(125): GuzzleHttp\Handler\CurlMultiHandler->tick()
#5 E:\xampp73\htdocs\filecroco\loader\vendor\guzzlehttp\promises\src\Promise.php(246): GuzzleHttp\Handler\CurlMultiHandler->execute(true)
#6 E:\xampp73\htdocs\filecroco\loader\vendor\guzzlehttp\promises\src\Promise.php(223): GuzzleHttp\Promise\Promise->invokeWaitFn()
#7 E:\xampp73\htdocs\filecroco\loader\vendor\guzzlehttp\promises\src\Promise.php(267): GuzzleHttp\Promise\Promise->waitIfPending()
#8 E:\xampp73\htdocs\filecroco\loader\vendor\guzzlehttp\promises\src\Promise.php(225): GuzzleHttp\Promise\Promise->invokeWaitList()
#9 E:\xampp73\htdocs\filecroco\loader\vendor\guzzlehttp\promises\src\Promise.php(62): GuzzleHttp\Promise\Promise->waitIfPending()
#10 E:\xampp73\htdocs\filecroco\loader\vendor\guzzlehttp\promises\src\EachPromise.php(101): GuzzleHttp\Promise\Promise->wait()
#11 E:\xampp73\htdocs\filecroco\loader\vendor\guzzlehttp\promises\src\Promise.php(246): GuzzleHttp\Promise\EachPromise->GuzzleHttp\Promise\{closure}(true)
#12 E:\xampp73\htdocs\filecroco\loader\vendor\guzzlehttp\promises\src\Promise.php(223): GuzzleHttp\Promise\Promise->invokeWaitFn()
#13 E:\xampp73\htdocs\filecroco\loader\vendor\guzzlehttp\promises\src\Promise.php(62): GuzzleHttp\Promise\Promise->waitIfPending()
#14 E:\xampp73\htdocs\filecroco\loader\updatedownloadlink.php(95): GuzzleHttp\Promise\Promise->wait()
#15 {main}|189GuzzleHttp\Exception\RequestException: cURL error 56:  (see http://curl.haxx.se/libcurl/c/libcurl-errors.html) in E:\xampp73\htdocs\filecroco\loader\vendor\guzzlehttp\guzzle\src\Handler\CurlFactory.php:186
Stack trace:
#0 E:\xampp73\htdocs\filecroco\loader\vendor\guzzlehttp\guzzle\src\Handler\CurlFactory.php(149): GuzzleHttp\Handler\CurlFactory::createRejection(Object(GuzzleHttp\Handler\EasyHandle), Array)
#1 E:\xampp73\htdocs\filecroco\loader\vendor\guzzlehttp\guzzle\src\Handler\CurlFactory.php(102): GuzzleHttp\Handler\CurlFactory::finishError(Object(GuzzleHttp\Handler\CurlMultiHandler), Object(GuzzleHttp\Handler\EasyHandle), Object(GuzzleHttp\Handler\CurlFactory))
#2 E:\xampp73\htdocs\filecroco\loader\vendor\guzzlehttp\guzzle\src\Handler\CurlMultiHandler.php(181): GuzzleHttp\Handler\CurlFactory::finish(Object(GuzzleHttp\Handler\CurlMultiHandler), Object(GuzzleHttp\Handler\EasyHandle), Object(GuzzleHttp\Handler\CurlFactory))
#3 E:\xampp73\htdocs\filecroco\loader\vendor\guzzlehttp\guzzle\src\Handler\CurlMultiHandler.php(110): GuzzleHttp\Handler\CurlMultiHandler->processMessages()
#4 E:\xampp73\htdocs\filecroco\loader\vendor\guzzlehttp\guzzle\src\Handler\CurlMultiHandler.php(125): GuzzleHttp\Handler\CurlMultiHandler->tick()
#5 E:\xampp73\htdocs\filecroco\loader\vendor\guzzlehttp\promises\src\Promise.php(246): GuzzleHttp\Handler\CurlMultiHandler->execute(true)
#6 E:\xampp73\htdocs\filecroco\loader\vendor\guzzlehttp\promises\src\Promise.php(223): GuzzleHttp\Promise\Promise->invokeWaitFn()
#7 E:\xampp73\htdocs\filecroco\loader\vendor\guzzlehttp\promises\src\Promise.php(267): GuzzleHttp\Promise\Promise->waitIfPending()
#8 E:\xampp73\htdocs\filecroco\loader\vendor\guzzlehttp\promises\src\Promise.php(225): GuzzleHttp\Promise\Promise->invokeWaitList()
#9 E:\xampp73\htdocs\filecroco\loader\vendor\guzzlehttp\promises\src\Promise.php(62): GuzzleHttp\Promise\Promise->waitIfPending()
#10 E:\xampp73\htdocs\filecroco\loader\vendor\guzzlehttp\promises\src\EachPromise.php(101): GuzzleHttp\Promise\Promise->wait()
#11 E:\xampp73\htdocs\filecroco\loader\vendor\guzzlehttp\promises\src\Promise.php(246): GuzzleHttp\Promise\EachPromise->GuzzleHttp\Promise\{closure}(true)
#12 E:\xampp73\htdocs\filecroco\loader\vendor\guzzlehttp\promises\src\Promise.php(223): GuzzleHttp\Promise\Promise->invokeWaitFn()
#13 E:\xampp73\htdocs\filecroco\loader\vendor\guzzlehttp\promises\src\Promise.php(62): GuzzleHttp\Promise\Promise->waitIfPending()
#14 E:\xampp73\htdocs\filecroco\loader\updatedownloadlink.php(95): GuzzleHttp\Promise\Promise->wait()
#15 {main}|190GuzzleHttp\Exception\RequestException: cURL error 56:  (see http://curl.haxx.se/libcurl/c/libcurl-errors.html) in E:\xampp73\htdocs\filecroco\loader\vendor\guzzlehttp\guzzle\src\Handler\CurlFactory.php:186
Stack trace:
#0 E:\xampp73\htdocs\filecroco\loader\vendor\guzzlehttp\guzzle\src\Handler\CurlFactory.php(149): GuzzleHttp\Handler\CurlFactory::createRejection(Object(GuzzleHttp\Handler\EasyHandle), Array)
#1 E:\xampp73\htdocs\filecroco\loader\vendor\guzzlehttp\guzzle\src\Handler\CurlFactory.php(102): GuzzleHttp\Handler\CurlFactory::finishError(Object(GuzzleHttp\Handler\CurlMultiHandler), Object(GuzzleHttp\Handler\EasyHandle), Object(GuzzleHttp\Handler\CurlFactory))
#2 E:\xampp73\htdocs\filecroco\loader\vendor\guzzlehttp\guzzle\src\Handler\CurlMultiHandler.php(181): GuzzleHttp\Handler\CurlFactory::finish(Object(GuzzleHttp\Handler\CurlMultiHandler), Object(GuzzleHttp\Handler\EasyHandle), Object(GuzzleHttp\Handler\CurlFactory))
#3 E:\xampp73\htdocs\filecroco\loader\vendor\guzzlehttp\guzzle\src\Handler\CurlMultiHandler.php(110): GuzzleHttp\Handler\CurlMultiHandler->processMessages()
#4 E:\xampp73\htdocs\filecroco\loader\vendor\guzzlehttp\guzzle\src\Handler\CurlMultiHandler.php(125): GuzzleHttp\Handler\CurlMultiHandler->tick()
#5 E:\xampp73\htdocs\filecroco\loader\vendor\guzzlehttp\promises\src\Promise.php(246): GuzzleHttp\Handler\CurlMultiHandler->execute(true)
#6 E:\xampp73\htdocs\filecroco\loader\vendor\guzzlehttp\promises\src\Promise.php(223): GuzzleHttp\Promise\Promise->invokeWaitFn()
#7 E:\xampp73\htdocs\filecroco\loader\vendor\guzzlehttp\promises\src\Promise.php(267): GuzzleHttp\Promise\Promise->waitIfPending()
#8 E:\xampp73\htdocs\filecroco\loader\vendor\guzzlehttp\promises\src\Promise.php(225): GuzzleHttp\Promise\Promise->invokeWaitList()
#9 E:\xampp73\htdocs\filecroco\loader\vendor\guzzlehttp\promises\src\Promise.php(62): GuzzleHttp\Promise\Promise->waitIfPending()
#10 E:\xampp73\htdocs\filecroco\loader\vendor\guzzlehttp\promises\src\EachPromise.php(101): GuzzleHttp\Promise\Promise->wait()
#11 E:\xampp73\htdocs\filecroco\loader\vendor\guzzlehttp\promises\src\Promise.php(246): GuzzleHttp\Promise\EachPromise->GuzzleHttp\Promise\{closure}(true)
#12 E:\xampp73\htdocs\filecroco\loader\vendor\guzzlehttp\promises\src\Promise.php(223): GuzzleHttp\Promise\Promise->invokeWaitFn()
#13 E:\xampp73\htdocs\filecroco\loader\vendor\guzzlehttp\promises\src\Promise.php(62): GuzzleHttp\Promise\Promise->waitIfPending()
#14 E:\xampp73\htdocs\filecroco\loader\updatedownloadlink.php(95): GuzzleHttp\Promise\Promise->wait()
#15 {main}|191GuzzleHttp\Exception\RequestException: cURL error 56:  (see http://curl.haxx.se/libcurl/c/libcurl-errors.html) in E:\xampp73\htdocs\filecroco\loader\vendor\guzzlehttp\guzzle\src\Handler\CurlFactory.php:186
Stack trace:
#0 E:\xampp73\htdocs\filecroco\loader\vendor\guzzlehttp\guzzle\src\Handler\CurlFactory.php(149): GuzzleHttp\Handler\CurlFactory::createRejection(Object(GuzzleHttp\Handler\EasyHandle), Array)
#1 E:\xampp73\htdocs\filecroco\loader\vendor\guzzlehttp\guzzle\src\Handler\CurlFactory.php(102): GuzzleHttp\Handler\CurlFactory::finishError(Object(GuzzleHttp\Handler\CurlMultiHandler), Object(GuzzleHttp\Handler\EasyHandle), Object(GuzzleHttp\Handler\CurlFactory))
#2 E:\xampp73\htdocs\filecroco\loader\vendor\guzzlehttp\guzzle\src\Handler\CurlMultiHandler.php(181): GuzzleHttp\Handler\CurlFactory::finish(Object(GuzzleHttp\Handler\CurlMultiHandler), Object(GuzzleHttp\Handler\EasyHandle), Object(GuzzleHttp\Handler\CurlFactory))
#3 E:\xampp73\htdocs\filecroco\loader\vendor\guzzlehttp\guzzle\src\Handler\CurlMultiHandler.php(110): GuzzleHttp\Handler\CurlMultiHandler->processMessages()
#4 E:\xampp73\htdocs\filecroco\loader\vendor\guzzlehttp\guzzle\src\Handler\CurlMultiHandler.php(125): GuzzleHttp\Handler\CurlMultiHandler->tick()
#5 E:\xampp73\htdocs\filecroco\loader\vendor\guzzlehttp\promises\src\Promise.php(246): GuzzleHttp\Handler\CurlMultiHandler->execute(true)
#6 E:\xampp73\htdocs\filecroco\loader\vendor\guzzlehttp\promises\src\Promise.php(223): GuzzleHttp\Promise\Promise->invokeWaitFn()
#7 E:\xampp73\htdocs\filecroco\loader\vendor\guzzlehttp\promises\src\Promise.php(267): GuzzleHttp\Promise\Promise->waitIfPending()
#8 E:\xampp73\htdocs\filecroco\loader\vendor\guzzlehttp\promises\src\Promise.php(225): GuzzleHttp\Promise\Promise->invokeWaitList()
#9 E:\xampp73\htdocs\filecroco\loader\vendor\guzzlehttp\promises\src\Promise.php(62): GuzzleHttp\Promise\Promise->waitIfPending()
#10 E:\xampp73\htdocs\filecroco\loader\vendor\guzzlehttp\promises\src\EachPromise.php(101): GuzzleHttp\Promise\Promise->wait()
#11 E:\xampp73\htdocs\filecroco\loader\vendor\guzzlehttp\promises\src\Promise.php(246): GuzzleHttp\Promise\EachPromise->GuzzleHttp\Promise\{closure}(true)
#12 E:\xampp73\htdocs\filecroco\loader\vendor\guzzlehttp\promises\src\Promise.php(223): GuzzleHttp\Promise\Promise->invokeWaitFn()
#13 E:\xampp73\htdocs\filecroco\loader\vendor\guzzlehttp\promises\src\Promise.php(62): GuzzleHttp\Promise\Promise->waitIfPending()
#14 E:\xampp73\htdocs\filecroco\loader\updatedownloadlink.php(95): GuzzleHttp\Promise\Promise->wait()
#15 {main}|192GuzzleHttp\Exception\RequestException: cURL error 56:  (see http://curl.haxx.se/libcurl/c/libcurl-errors.html) in E:\xampp73\htdocs\filecroco\loader\vendor\guzzlehttp\guzzle\src\Handler\CurlFactory.php:186
Stack trace:
#0 E:\xampp73\htdocs\filecroco\loader\vendor\guzzlehttp\guzzle\src\Handler\CurlFactory.php(149): GuzzleHttp\Handler\CurlFactory::createRejection(Object(GuzzleHttp\Handler\EasyHandle), Array)
#1 E:\xampp73\htdocs\filecroco\loader\vendor\guzzlehttp\guzzle\src\Handler\CurlFactory.php(102): GuzzleHttp\Handler\CurlFactory::finishError(Object(GuzzleHttp\Handler\CurlMultiHandler), Object(GuzzleHttp\Handler\EasyHandle), Object(GuzzleHttp\Handler\CurlFactory))
#2 E:\xampp73\htdocs\filecroco\loader\vendor\guzzlehttp\guzzle\src\Handler\CurlMultiHandler.php(181): GuzzleHttp\Handler\CurlFactory::finish(Object(GuzzleHttp\Handler\CurlMultiHandler), Object(GuzzleHttp\Handler\EasyHandle), Object(GuzzleHttp\Handler\CurlFactory))
#3 E:\xampp73\htdocs\filecroco\loader\vendor\guzzlehttp\guzzle\src\Handler\CurlMultiHandler.php(110): GuzzleHttp\Handler\CurlMultiHandler->processMessages()
#4 E:\xampp73\htdocs\filecroco\loader\vendor\guzzlehttp\guzzle\src\Handler\CurlMultiHandler.php(125): GuzzleHttp\Handler\CurlMultiHandler->tick()
#5 E:\xampp73\htdocs\filecroco\loader\vendor\guzzlehttp\promises\src\Promise.php(246): GuzzleHttp\Handler\CurlMultiHandler->execute(true)
#6 E:\xampp73\htdocs\filecroco\loader\vendor\guzzlehttp\promises\src\Promise.php(223): GuzzleHttp\Promise\Promise->invokeWaitFn()
#7 E:\xampp73\htdocs\filecroco\loader\vendor\guzzlehttp\promises\src\Promise.php(267): GuzzleHttp\Promise\Promise->waitIfPending()
#8 E:\xampp73\htdocs\filecroco\loader\vendor\guzzlehttp\promises\src\Promise.php(225): GuzzleHttp\Promise\Promise->invokeWaitList()
#9 E:\xampp73\htdocs\filecroco\loader\vendor\guzzlehttp\promises\src\Promise.php(62): GuzzleHttp\Promise\Promise->waitIfPending()
#10 E:\xampp73\htdocs\filecroco\loader\vendor\guzzlehttp\promises\src\EachPromise.php(101): GuzzleHttp\Promise\Promise->wait()
#11 E:\xampp73\htdocs\filecroco\loader\vendor\guzzlehttp\promises\src\Promise.php(246): GuzzleHttp\Promise\EachPromise->GuzzleHttp\Promise\{closure}(true)
#12 E:\xampp73\htdocs\filecroco\loader\vendor\guzzlehttp\promises\src\Promise.php(223): GuzzleHttp\Promise\Promise->invokeWaitFn()
#13 E:\xampp73\htdocs\filecroco\loader\vendor\guzzlehttp\promises\src\Promise.php(62): GuzzleHttp\Promise\Promise->waitIfPending()
#14 E:\xampp73\htdocs\filecroco\loader\updatedownloadlink.php(95): GuzzleHttp\Promise\Promise->wait()
#15 {main}|193GuzzleHttp\Exception\RequestException: cURL error 56:  (see http://curl.haxx.se/libcurl/c/libcurl-errors.html) in E:\xampp73\htdocs\filecroco\loader\vendor\guzzlehttp\guzzle\src\Handler\CurlFactory.php:186
Stack trace:
#0 E:\xampp73\htdocs\filecroco\loader\vendor\guzzlehttp\guzzle\src\Handler\CurlFactory.php(149): GuzzleHttp\Handler\CurlFactory::createRejection(Object(GuzzleHttp\Handler\EasyHandle), Array)
#1 E:\xampp73\htdocs\filecroco\loader\vendor\guzzlehttp\guzzle\src\Handler\CurlFactory.php(102): GuzzleHttp\Handler\CurlFactory::finishError(Object(GuzzleHttp\Handler\CurlMultiHandler), Object(GuzzleHttp\Handler\EasyHandle), Object(GuzzleHttp\Handler\CurlFactory))
#2 E:\xampp73\htdocs\filecroco\loader\vendor\guzzlehttp\guzzle\src\Handler\CurlMultiHandler.php(181): GuzzleHttp\Handler\CurlFactory::finish(Object(GuzzleHttp\Handler\CurlMultiHandler), Object(GuzzleHttp\Handler\EasyHandle), Object(GuzzleHttp\Handler\CurlFactory))
#3 E:\xampp73\htdocs\filecroco\loader\vendor\guzzlehttp\guzzle\src\Handler\CurlMultiHandler.php(110): GuzzleHttp\Handler\CurlMultiHandler->processMessages()
#4 E:\xampp73\htdocs\filecroco\loader\vendor\guzzlehttp\guzzle\src\Handler\CurlMultiHandler.php(125): GuzzleHttp\Handler\CurlMultiHandler->tick()
#5 E:\xampp73\htdocs\filecroco\loader\vendor\guzzlehttp\promises\src\Promise.php(246): GuzzleHttp\Handler\CurlMultiHandler->execute(true)
#6 E:\xampp73\htdocs\filecroco\loader\vendor\guzzlehttp\promises\src\Promise.php(223): GuzzleHttp\Promise\Promise->invokeWaitFn()
#7 E:\xampp73\htdocs\filecroco\loader\vendor\guzzlehttp\promises\src\Promise.php(267): GuzzleHttp\Promise\Promise->waitIfPending()
#8 E:\xampp73\htdocs\filecroco\loader\vendor\guzzlehttp\promises\src\Promise.php(225): GuzzleHttp\Promise\Promise->invokeWaitList()
#9 E:\xampp73\htdocs\filecroco\loader\vendor\guzzlehttp\promises\src\Promise.php(62): GuzzleHttp\Promise\Promise->waitIfPending()
#10 E:\xampp73\htdocs\filecroco\loader\vendor\guzzlehttp\promises\src\EachPromise.php(101): GuzzleHttp\Promise\Promise->wait()
#11 E:\xampp73\htdocs\filecroco\loader\vendor\guzzlehttp\promises\src\Promise.php(246): GuzzleHttp\Promise\EachPromise->GuzzleHttp\Promise\{closure}(true)
#12 E:\xampp73\htdocs\filecroco\loader\vendor\guzzlehttp\promises\src\Promise.php(223): GuzzleHttp\Promise\Promise->invokeWaitFn()
#13 E:\xampp73\htdocs\filecroco\loader\vendor\guzzlehttp\promises\src\Promise.php(62): GuzzleHttp\Promise\Promise->waitIfPending()
#14 E:\xampp73\htdocs\filecroco\loader\updatedownloadlink.php(95): GuzzleHttp\Promise\Promise->wait()
#15 {main}|194GuzzleHttp\Exception\RequestException: cURL error 56:  (see http://curl.haxx.se/libcurl/c/libcurl-errors.html) in E:\xampp73\htdocs\filecroco\loader\vendor\guzzlehttp\guzzle\src\Handler\CurlFactory.php:186
Stack trace:
#0 E:\xampp73\htdocs\filecroco\loader\vendor\guzzlehttp\guzzle\src\Handler\CurlFactory.php(149): GuzzleHttp\Handler\CurlFactory::createRejection(Object(GuzzleHttp\Handler\EasyHandle), Array)
#1 E:\xampp73\htdocs\filecroco\loader\vendor\guzzlehttp\guzzle\src\Handler\CurlFactory.php(102): GuzzleHttp\Handler\CurlFactory::finishError(Object(GuzzleHttp\Handler\CurlMultiHandler), Object(GuzzleHttp\Handler\EasyHandle), Object(GuzzleHttp\Handler\CurlFactory))
#2 E:\xampp73\htdocs\filecroco\loader\vendor\guzzlehttp\guzzle\src\Handler\CurlMultiHandler.php(181): GuzzleHttp\Handler\CurlFactory::finish(Object(GuzzleHttp\Handler\CurlMultiHandler), Object(GuzzleHttp\Handler\EasyHandle), Object(GuzzleHttp\Handler\CurlFactory))
#3 E:\xampp73\htdocs\filecroco\loader\vendor\guzzlehttp\guzzle\src\Handler\CurlMultiHandler.php(110): GuzzleHttp\Handler\CurlMultiHandler->processMessages()
#4 E:\xampp73\htdocs\filecroco\loader\vendor\guzzlehttp\guzzle\src\Handler\CurlMultiHandler.php(125): GuzzleHttp\Handler\CurlMultiHandler->tick()
#5 E:\xampp73\htdocs\filecroco\loader\vendor\guzzlehttp\promises\src\Promise.php(246): GuzzleHttp\Handler\CurlMultiHandler->execute(true)
#6 E:\xampp73\htdocs\filecroco\loader\vendor\guzzlehttp\promises\src\Promise.php(223): GuzzleHttp\Promise\Promise->invokeWaitFn()
#7 E:\xampp73\htdocs\filecroco\loader\vendor\guzzlehttp\promises\src\Promise.php(267): GuzzleHttp\Promise\Promise->waitIfPending()
#8 E:\xampp73\htdocs\filecroco\loader\vendor\guzzlehttp\promises\src\Promise.php(225): GuzzleHttp\Promise\Promise->invokeWaitList()
#9 E:\xampp73\htdocs\filecroco\loader\vendor\guzzlehttp\promises\src\Promise.php(62): GuzzleHttp\Promise\Promise->waitIfPending()
#10 E:\xampp73\htdocs\filecroco\loader\vendor\guzzlehttp\promises\src\EachPromise.php(101): GuzzleHttp\Promise\Promise->wait()
#11 E:\xampp73\htdocs\filecroco\loader\vendor\guzzlehttp\promises\src\Promise.php(246): GuzzleHttp\Promise\EachPromise->GuzzleHttp\Promise\{closure}(true)
#12 E:\xampp73\htdocs\filecroco\loader\vendor\guzzlehttp\promises\src\Promise.php(223): GuzzleHttp\Promise\Promise->invokeWaitFn()
#13 E:\xampp73\htdocs\filecroco\loader\vendor\guzzlehttp\promises\src\Promise.php(62): GuzzleHttp\Promise\Promise->waitIfPending()
#14 E:\xampp73\htdocs\filecroco\loader\updatedownloadlink.php(95): GuzzleHttp\Promise\Promise->wait()
#15 {main}|195GuzzleHttp\Exception\RequestException: cURL error 56:  (see http://curl.haxx.se/libcurl/c/libcurl-errors.html) in E:\xampp73\htdocs\filecroco\loader\vendor\guzzlehttp\guzzle\src\Handler\CurlFactory.php:186
Stack trace:
#0 E:\xampp73\htdocs\filecroco\loader\vendor\guzzlehttp\guzzle\src\Handler\CurlFactory.php(149): GuzzleHttp\Handler\CurlFactory::createRejection(Object(GuzzleHttp\Handler\EasyHandle), Array)
#1 E:\xampp73\htdocs\filecroco\loader\vendor\guzzlehttp\guzzle\src\Handler\CurlFactory.php(102): GuzzleHttp\Handler\CurlFactory::finishError(Object(GuzzleHttp\Handler\CurlMultiHandler), Object(GuzzleHttp\Handler\EasyHandle), Object(GuzzleHttp\Handler\CurlFactory))
#2 E:\xampp73\htdocs\filecroco\loader\vendor\guzzlehttp\guzzle\src\Handler\CurlMultiHandler.php(181): GuzzleHttp\Handler\CurlFactory::finish(Object(GuzzleHttp\Handler\CurlMultiHandler), Object(GuzzleHttp\Handler\EasyHandle), Object(GuzzleHttp\Handler\CurlFactory))
#3 E:\xampp73\htdocs\filecroco\loader\vendor\guzzlehttp\guzzle\src\Handler\CurlMultiHandler.php(110): GuzzleHttp\Handler\CurlMultiHandler->processMessages()
#4 E:\xampp73\htdocs\filecroco\loader\vendor\guzzlehttp\guzzle\src\Handler\CurlMultiHandler.php(125): GuzzleHttp\Handler\CurlMultiHandler->tick()
#5 E:\xampp73\htdocs\filecroco\loader\vendor\guzzlehttp\promises\src\Promise.php(246): GuzzleHttp\Handler\CurlMultiHandler->execute(true)
#6 E:\xampp73\htdocs\filecroco\loader\vendor\guzzlehttp\promises\src\Promise.php(223): GuzzleHttp\Promise\Promise->invokeWaitFn()
#7 E:\xampp73\htdocs\filecroco\loader\vendor\guzzlehttp\promises\src\Promise.php(267): GuzzleHttp\Promise\Promise->waitIfPending()
#8 E:\xampp73\htdocs\filecroco\loader\vendor\guzzlehttp\promises\src\Promise.php(225): GuzzleHttp\Promise\Promise->invokeWaitList()
#9 E:\xampp73\htdocs\filecroco\loader\vendor\guzzlehttp\promises\src\Promise.php(62): GuzzleHttp\Promise\Promise->waitIfPending()
#10 E:\xampp73\htdocs\filecroco\loader\vendor\guzzlehttp\promises\src\EachPromise.php(101): GuzzleHttp\Promise\Promise->wait()
#11 E:\xampp73\htdocs\filecroco\loader\vendor\guzzlehttp\promises\src\Promise.php(246): GuzzleHttp\Promise\EachPromise->GuzzleHttp\Promise\{closure}(true)
#12 E:\xampp73\htdocs\filecroco\loader\vendor\guzzlehttp\promises\src\Promise.php(223): GuzzleHttp\Promise\Promise->invokeWaitFn()
#13 E:\xampp73\htdocs\filecroco\loader\vendor\guzzlehttp\promises\src\Promise.php(62): GuzzleHttp\Promise\Promise->waitIfPending()
#14 E:\xampp73\htdocs\filecroco\loader\updatedownloadlink.php(95): GuzzleHttp\Promise\Promise->wait()
#15 {main}|196GuzzleHttp\Exception\RequestException: cURL error 56:  (see http://curl.haxx.se/libcurl/c/libcurl-errors.html) in E:\xampp73\htdocs\filecroco\loader\vendor\guzzlehttp\guzzle\src\Handler\CurlFactory.php:186
Stack trace:
#0 E:\xampp73\htdocs\filecroco\loader\vendor\guzzlehttp\guzzle\src\Handler\CurlFactory.php(149): GuzzleHttp\Handler\CurlFactory::createRejection(Object(GuzzleHttp\Handler\EasyHandle), Array)
#1 E:\xampp73\htdocs\filecroco\loader\vendor\guzzlehttp\guzzle\src\Handler\CurlFactory.php(102): GuzzleHttp\Handler\CurlFactory::finishError(Object(GuzzleHttp\Handler\CurlMultiHandler), Object(GuzzleHttp\Handler\EasyHandle), Object(GuzzleHttp\Handler\CurlFactory))
#2 E:\xampp73\htdocs\filecroco\loader\vendor\guzzlehttp\guzzle\src\Handler\CurlMultiHandler.php(181): GuzzleHttp\Handler\CurlFactory::finish(Object(GuzzleHttp\Handler\CurlMultiHandler), Object(GuzzleHttp\Handler\EasyHandle), Object(GuzzleHttp\Handler\CurlFactory))
#3 E:\xampp73\htdocs\filecroco\loader\vendor\guzzlehttp\guzzle\src\Handler\CurlMultiHandler.php(110): GuzzleHttp\Handler\CurlMultiHandler->processMessages()
#4 E:\xampp73\htdocs\filecroco\loader\vendor\guzzlehttp\guzzle\src\Handler\CurlMultiHandler.php(125): GuzzleHttp\Handler\CurlMultiHandler->tick()
#5 E:\xampp73\htdocs\filecroco\loader\vendor\guzzlehttp\promises\src\Promise.php(246): GuzzleHttp\Handler\CurlMultiHandler->execute(true)
#6 E:\xampp73\htdocs\filecroco\loader\vendor\guzzlehttp\promises\src\Promise.php(223): GuzzleHttp\Promise\Promise->invokeWaitFn()
#7 E:\xampp73\htdocs\filecroco\loader\vendor\guzzlehttp\promises\src\Promise.php(267): GuzzleHttp\Promise\Promise->waitIfPending()
#8 E:\xampp73\htdocs\filecroco\loader\vendor\guzzlehttp\promises\src\Promise.php(225): GuzzleHttp\Promise\Promise->invokeWaitList()
#9 E:\xampp73\htdocs\filecroco\loader\vendor\guzzlehttp\promises\src\Promise.php(62): GuzzleHttp\Promise\Promise->waitIfPending()
#10 E:\xampp73\htdocs\filecroco\loader\vendor\guzzlehttp\promises\src\EachPromise.php(101): GuzzleHttp\Promise\Promise->wait()
#11 E:\xampp73\htdocs\filecroco\loader\vendor\guzzlehttp\promises\src\Promise.php(246): GuzzleHttp\Promise\EachPromise->GuzzleHttp\Promise\{closure}(true)
#12 E:\xampp73\htdocs\filecroco\loader\vendor\guzzlehttp\promises\src\Promise.php(223): GuzzleHttp\Promise\Promise->invokeWaitFn()
#13 E:\xampp73\htdocs\filecroco\loader\vendor\guzzlehttp\promises\src\Promise.php(62): GuzzleHttp\Promise\Promise->waitIfPending()
#14 E:\xampp73\htdocs\filecroco\loader\updatedownloadlink.php(95): GuzzleHttp\Promise\Promise->wait()
#15 {main}|197GuzzleHttp\Exception\RequestException: cURL error 56:  (see http://curl.haxx.se/libcurl/c/libcurl-errors.html) in E:\xampp73\htdocs\filecroco\loader\vendor\guzzlehttp\guzzle\src\Handler\CurlFactory.php:186
Stack trace:
#0 E:\xampp73\htdocs\filecroco\loader\vendor\guzzlehttp\guzzle\src\Handler\CurlFactory.php(149): GuzzleHttp\Handler\CurlFactory::createRejection(Object(GuzzleHttp\Handler\EasyHandle), Array)
#1 E:\xampp73\htdocs\filecroco\loader\vendor\guzzlehttp\guzzle\src\Handler\CurlFactory.php(102): GuzzleHttp\Handler\CurlFactory::finishError(Object(GuzzleHttp\Handler\CurlMultiHandler), Object(GuzzleHttp\Handler\EasyHandle), Object(GuzzleHttp\Handler\CurlFactory))
#2 E:\xampp73\htdocs\filecroco\loader\vendor\guzzlehttp\guzzle\src\Handler\CurlMultiHandler.php(181): GuzzleHttp\Handler\CurlFactory::finish(Object(GuzzleHttp\Handler\CurlMultiHandler), Object(GuzzleHttp\Handler\EasyHandle), Object(GuzzleHttp\Handler\CurlFactory))
#3 E:\xampp73\htdocs\filecroco\loader\vendor\guzzlehttp\guzzle\src\Handler\CurlMultiHandler.php(110): GuzzleHttp\Handler\CurlMultiHandler->processMessages()
#4 E:\xampp73\htdocs\filecroco\loader\vendor\guzzlehttp\guzzle\src\Handler\CurlMultiHandler.php(125): GuzzleHttp\Handler\CurlMultiHandler->tick()
#5 E:\xampp73\htdocs\filecroco\loader\vendor\guzzlehttp\promises\src\Promise.php(246): GuzzleHttp\Handler\CurlMultiHandler->execute(true)
#6 E:\xampp73\htdocs\filecroco\loader\vendor\guzzlehttp\promises\src\Promise.php(223): GuzzleHttp\Promise\Promise->invokeWaitFn()
#7 E:\xampp73\htdocs\filecroco\loader\vendor\guzzlehttp\promises\src\Promise.php(267): GuzzleHttp\Promise\Promise->waitIfPending()
#8 E:\xampp73\htdocs\filecroco\loader\vendor\guzzlehttp\promises\src\Promise.php(225): GuzzleHttp\Promise\Promise->invokeWaitList()
#9 E:\xampp73\htdocs\filecroco\loader\vendor\guzzlehttp\promises\src\Promise.php(62): GuzzleHttp\Promise\Promise->waitIfPending()
#10 E:\xampp73\htdocs\filecroco\loader\vendor\guzzlehttp\promises\src\EachPromise.php(101): GuzzleHttp\Promise\Promise->wait()
#11 E:\xampp73\htdocs\filecroco\loader\vendor\guzzlehttp\promises\src\Promise.php(246): GuzzleHttp\Promise\EachPromise->GuzzleHttp\Promise\{closure}(true)
#12 E:\xampp73\htdocs\filecroco\loader\vendor\guzzlehttp\promises\src\Promise.php(223): GuzzleHttp\Promise\Promise->invokeWaitFn()
#13 E:\xampp73\htdocs\filecroco\loader\vendor\guzzlehttp\promises\src\Promise.php(62): GuzzleHttp\Promise\Promise->waitIfPending()
#14 E:\xampp73\htdocs\filecroco\loader\updatedownloadlink.php(95): GuzzleHttp\Promise\Promise->wait()
#15 {main}|198GuzzleHttp\Exception\RequestException: cURL error 56:  (see http://curl.haxx.se/libcurl/c/libcurl-errors.html) in E:\xampp73\htdocs\filecroco\loader\vendor\guzzlehttp\guzzle\src\Handler\CurlFactory.php:186
Stack trace:
#0 E:\xampp73\htdocs\filecroco\loader\vendor\guzzlehttp\guzzle\src\Handler\CurlFactory.php(149): GuzzleHttp\Handler\CurlFactory::createRejection(Object(GuzzleHttp\Handler\EasyHandle), Array)
#1 E:\xampp73\htdocs\filecroco\loader\vendor\guzzlehttp\guzzle\src\Handler\CurlFactory.php(102): GuzzleHttp\Handler\CurlFactory::finishError(Object(GuzzleHttp\Handler\CurlMultiHandler), Object(GuzzleHttp\Handler\EasyHandle), Object(GuzzleHttp\Handler\CurlFactory))
#2 E:\xampp73\htdocs\filecroco\loader\vendor\guzzlehttp\guzzle\src\Handler\CurlMultiHandler.php(181): GuzzleHttp\Handler\CurlFactory::finish(Object(GuzzleHttp\Handler\CurlMultiHandler), Object(GuzzleHttp\Handler\EasyHandle), Object(GuzzleHttp\Handler\CurlFactory))
#3 E:\xampp73\htdocs\filecroco\loader\vendor\guzzlehttp\guzzle\src\Handler\CurlMultiHandler.php(110): GuzzleHttp\Handler\CurlMultiHandler->processMessages()
#4 E:\xampp73\htdocs\filecroco\loader\vendor\guzzlehttp\guzzle\src\Handler\CurlMultiHandler.php(125): GuzzleHttp\Handler\CurlMultiHandler->tick()
#5 E:\xampp73\htdocs\filecroco\loader\vendor\guzzlehttp\promises\src\Promise.php(246): GuzzleHttp\Handler\CurlMultiHandler->execute(true)
#6 E:\xampp73\htdocs\filecroco\loader\vendor\guzzlehttp\promises\src\Promise.php(223): GuzzleHttp\Promise\Promise->invokeWaitFn()
#7 E:\xampp73\htdocs\filecroco\loader\vendor\guzzlehttp\promises\src\Promise.php(267): GuzzleHttp\Promise\Promise->waitIfPending()
#8 E:\xampp73\htdocs\filecroco\loader\vendor\guzzlehttp\promises\src\Promise.php(225): GuzzleHttp\Promise\Promise->invokeWaitList()
#9 E:\xampp73\htdocs\filecroco\loader\vendor\guzzlehttp\promises\src\Promise.php(62): GuzzleHttp\Promise\Promise->waitIfPending()
#10 E:\xampp73\htdocs\filecroco\loader\vendor\guzzlehttp\promises\src\EachPromise.php(101): GuzzleHttp\Promise\Promise->wait()
#11 E:\xampp73\htdocs\filecroco\loader\vendor\guzzlehttp\promises\src\Promise.php(246): GuzzleHttp\Promise\EachPromise->GuzzleHttp\Promise\{closure}(true)
#12 E:\xampp73\htdocs\filecroco\loader\vendor\guzzlehttp\promises\src\Promise.php(223): GuzzleHttp\Promise\Promise->invokeWaitFn()
#13 E:\xampp73\htdocs\filecroco\loader\vendor\guzzlehttp\promises\src\Promise.php(62): GuzzleHttp\Promise\Promise->waitIfPending()
#14 E:\xampp73\htdocs\filecroco\loader\updatedownloadlink.php(95): GuzzleHttp\Promise\Promise->wait()
#15 {main}|199GuzzleHttp\Exception\RequestException: cURL error 56:  (see http://curl.haxx.se/libcurl/c/libcurl-errors.html) in E:\xampp73\htdocs\filecroco\loader\vendor\guzzlehttp\guzzle\src\Handler\CurlFactory.php:186
Stack trace:
#0 E:\xampp73\htdocs\filecroco\loader\vendor\guzzlehttp\guzzle\src\Handler\CurlFactory.php(149): GuzzleHttp\Handler\CurlFactory::createRejection(Object(GuzzleHttp\Handler\EasyHandle), Array)
#1 E:\xampp73\htdocs\filecroco\loader\vendor\guzzlehttp\guzzle\src\Handler\CurlFactory.php(102): GuzzleHttp\Handler\CurlFactory::finishError(Object(GuzzleHttp\Handler\CurlMultiHandler), Object(GuzzleHttp\Handler\EasyHandle), Object(GuzzleHttp\Handler\CurlFactory))
#2 E:\xampp73\htdocs\filecroco\loader\vendor\guzzlehttp\guzzle\src\Handler\CurlMultiHandler.php(181): GuzzleHttp\Handler\CurlFactory::finish(Object(GuzzleHttp\Handler\CurlMultiHandler), Object(GuzzleHttp\Handler\EasyHandle), Object(GuzzleHttp\Handler\CurlFactory))
#3 E:\xampp73\htdocs\filecroco\loader\vendor\guzzlehttp\guzzle\src\Handler\CurlMultiHandler.php(110): GuzzleHttp\Handler\CurlMultiHandler->processMessages()
#4 E:\xampp73\htdocs\filecroco\loader\vendor\guzzlehttp\guzzle\src\Handler\CurlMultiHandler.php(125): GuzzleHttp\Handler\CurlMultiHandler->tick()
#5 E:\xampp73\htdocs\filecroco\loader\vendor\guzzlehttp\promises\src\Promise.php(246): GuzzleHttp\Handler\CurlMultiHandler->execute(true)
#6 E:\xampp73\htdocs\filecroco\loader\vendor\guzzlehttp\promises\src\Promise.php(223): GuzzleHttp\Promise\Promise->invokeWaitFn()
#7 E:\xampp73\htdocs\filecroco\loader\vendor\guzzlehttp\promises\src\Promise.php(267): GuzzleHttp\Promise\Promise->waitIfPending()
#8 E:\xampp73\htdocs\filecroco\loader\vendor\guzzlehttp\promises\src\Promise.php(225): GuzzleHttp\Promise\Promise->invokeWaitList()
#9 E:\xampp73\htdocs\filecroco\loader\vendor\guzzlehttp\promises\src\Promise.php(62): GuzzleHttp\Promise\Promise->waitIfPending()
#10 E:\xampp73\htdocs\filecroco\loader\vendor\guzzlehttp\promises\src\EachPromise.php(101): GuzzleHttp\Promise\Promise->wait()
#11 E:\xampp73\htdocs\filecroco\loader\vendor\guzzlehttp\promises\src\Promise.php(246): GuzzleHttp\Promise\EachPromise->GuzzleHttp\Promise\{closure}(true)
#12 E:\xampp73\htdocs\filecroco\loader\vendor\guzzlehttp\promises\src\Promise.php(223): GuzzleHttp\Promise\Promise->invokeWaitFn()
#13 E:\xampp73\htdocs\filecroco\loader\vendor\guzzlehttp\promises\src\Promise.php(62): GuzzleHttp\Promise\Promise->waitIfPending()
#14 E:\xampp73\htdocs\filecroco\loader\updatedownloadlink.php(95): GuzzleHttp\Promise\Promise->wait()
#15 {main}|200GuzzleHttp\Exception\RequestException: cURL error 56:  (see http://curl.haxx.se/libcurl/c/libcurl-errors.html) in E:\xampp73\htdocs\filecroco\loader\vendor\guzzlehttp\guzzle\src\Handler\CurlFactory.php:186
Stack trace:
#0 E:\xampp73\htdocs\filecroco\loader\vendor\guzzlehttp\guzzle\src\Handler\CurlFactory.php(149): GuzzleHttp\Handler\CurlFactory::createRejection(Object(GuzzleHttp\Handler\EasyHandle), Array)
#1 E:\xampp73\htdocs\filecroco\loader\vendor\guzzlehttp\guzzle\src\Handler\CurlFactory.php(102): GuzzleHttp\Handler\CurlFactory::finishError(Object(GuzzleHttp\Handler\CurlMultiHandler), Object(GuzzleHttp\Handler\EasyHandle), Object(GuzzleHttp\Handler\CurlFactory))
#2 E:\xampp73\htdocs\filecroco\loader\vendor\guzzlehttp\guzzle\src\Handler\CurlMultiHandler.php(181): GuzzleHttp\Handler\CurlFactory::finish(Object(GuzzleHttp\Handler\CurlMultiHandler), Object(GuzzleHttp\Handler\EasyHandle), Object(GuzzleHttp\Handler\CurlFactory))
#3 E:\xampp73\htdocs\filecroco\loader\vendor\guzzlehttp\guzzle\src\Handler\CurlMultiHandler.php(110): GuzzleHttp\Handler\CurlMultiHandler->processMessages()
#4 E:\xampp73\htdocs\filecroco\loader\vendor\guzzlehttp\guzzle\src\Handler\CurlMultiHandler.php(125): GuzzleHttp\Handler\CurlMultiHandler->tick()
#5 E:\xampp73\htdocs\filecroco\loader\vendor\guzzlehttp\promises\src\Promise.php(246): GuzzleHttp\Handler\CurlMultiHandler->execute(true)
#6 E:\xampp73\htdocs\filecroco\loader\vendor\guzzlehttp\promises\src\Promise.php(223): GuzzleHttp\Promise\Promise->invokeWaitFn()
#7 E:\xampp73\htdocs\filecroco\loader\vendor\guzzlehttp\promises\src\Promise.php(267): GuzzleHttp\Promise\Promise->waitIfPending()
#8 E:\xampp73\htdocs\filecroco\loader\vendor\guzzlehttp\promises\src\Promise.php(225): GuzzleHttp\Promise\Promise->invokeWaitList()
#9 E:\xampp73\htdocs\filecroco\loader\vendor\guzzlehttp\promises\src\Promise.php(62): GuzzleHttp\Promise\Promise->waitIfPending()
#10 E:\xampp73\htdocs\filecroco\loader\vendor\guzzlehttp\promises\src\EachPromise.php(101): GuzzleHttp\Promise\Promise->wait()
#11 E:\xampp73\htdocs\filecroco\loader\vendor\guzzlehttp\promises\src\Promise.php(246): GuzzleHttp\Promise\EachPromise->GuzzleHttp\Promise\{closure}(true)
#12 E:\xampp73\htdocs\filecroco\loader\vendor\guzzlehttp\promises\src\Promise.php(223): GuzzleHttp\Promise\Promise->invokeWaitFn()
#13 E:\xampp73\htdocs\filecroco\loader\vendor\guzzlehttp\promises\src\Promise.php(62): GuzzleHttp\Promise\Promise->waitIfPending()
#14 E:\xampp73\htdocs\filecroco\loader\updatedownloadlink.php(95): GuzzleHttp\Promise\Promise->wait()
#15 {main}|201GuzzleHttp\Exception\RequestException: cURL error 56:  (see http://curl.haxx.se/libcurl/c/libcurl-errors.html) in E:\xampp73\htdocs\filecroco\loader\vendor\guzzlehttp\guzzle\src\Handler\CurlFactory.php:186
Stack trace:
#0 E:\xampp73\htdocs\filecroco\loader\vendor\guzzlehttp\guzzle\src\Handler\CurlFactory.php(149): GuzzleHttp\Handler\CurlFactory::createRejection(Object(GuzzleHttp\Handler\EasyHandle), Array)
#1 E:\xampp73\htdocs\filecroco\loader\vendor\guzzlehttp\guzzle\src\Handler\CurlFactory.php(102): GuzzleHttp\Handler\CurlFactory::finishError(Object(GuzzleHttp\Handler\CurlMultiHandler), Object(GuzzleHttp\Handler\EasyHandle), Object(GuzzleHttp\Handler\CurlFactory))
#2 E:\xampp73\htdocs\filecroco\loader\vendor\guzzlehttp\guzzle\src\Handler\CurlMultiHandler.php(181): GuzzleHttp\Handler\CurlFactory::finish(Object(GuzzleHttp\Handler\CurlMultiHandler), Object(GuzzleHttp\Handler\EasyHandle), Object(GuzzleHttp\Handler\CurlFactory))
#3 E:\xampp73\htdocs\filecroco\loader\vendor\guzzlehttp\guzzle\src\Handler\CurlMultiHandler.php(110): GuzzleHttp\Handler\CurlMultiHandler->processMessages()
#4 E:\xampp73\htdocs\filecroco\loader\vendor\guzzlehttp\guzzle\src\Handler\CurlMultiHandler.php(125): GuzzleHttp\Handler\CurlMultiHandler->tick()
#5 E:\xampp73\htdocs\filecroco\loader\vendor\guzzlehttp\promises\src\Promise.php(246): GuzzleHttp\Handler\CurlMultiHandler->execute(true)
#6 E:\xampp73\htdocs\filecroco\loader\vendor\guzzlehttp\promises\src\Promise.php(223): GuzzleHttp\Promise\Promise->invokeWaitFn()
#7 E:\xampp73\htdocs\filecroco\loader\vendor\guzzlehttp\promises\src\Promise.php(267): GuzzleHttp\Promise\Promise->waitIfPending()
#8 E:\xampp73\htdocs\filecroco\loader\vendor\guzzlehttp\promises\src\Promise.php(225): GuzzleHttp\Promise\Promise->invokeWaitList()
#9 E:\xampp73\htdocs\filecroco\loader\vendor\guzzlehttp\promises\src\Promise.php(62): GuzzleHttp\Promise\Promise->waitIfPending()
#10 E:\xampp73\htdocs\filecroco\loader\vendor\guzzlehttp\promises\src\EachPromise.php(101): GuzzleHttp\Promise\Promise->wait()
#11 E:\xampp73\htdocs\filecroco\loader\vendor\guzzlehttp\promises\src\Promise.php(246): GuzzleHttp\Promise\EachPromise->GuzzleHttp\Promise\{closure}(true)
#12 E:\xampp73\htdocs\filecroco\loader\vendor\guzzlehttp\promises\src\Promise.php(223): GuzzleHttp\Promise\Promise->invokeWaitFn()
#13 E:\xampp73\htdocs\filecroco\loader\vendor\guzzlehttp\promises\src\Promise.php(62): GuzzleHttp\Promise\Promise->waitIfPending()
#14 E:\xampp73\htdocs\filecroco\loader\updatedownloadlink.php(95): GuzzleHttp\Promise\Promise->wait()
#15 {main}|202GuzzleHttp\Exception\RequestException: cURL error 56:  (see http://curl.haxx.se/libcurl/c/libcurl-errors.html) in E:\xampp73\htdocs\filecroco\loader\vendor\guzzlehttp\guzzle\src\Handler\CurlFactory.php:186
Stack trace:
#0 E:\xampp73\htdocs\filecroco\loader\vendor\guzzlehttp\guzzle\src\Handler\CurlFactory.php(149): GuzzleHttp\Handler\CurlFactory::createRejection(Object(GuzzleHttp\Handler\EasyHandle), Array)
#1 E:\xampp73\htdocs\filecroco\loader\vendor\guzzlehttp\guzzle\src\Handler\CurlFactory.php(102): GuzzleHttp\Handler\CurlFactory::finishError(Object(GuzzleHttp\Handler\CurlMultiHandler), Object(GuzzleHttp\Handler\EasyHandle), Object(GuzzleHttp\Handler\CurlFactory))
#2 E:\xampp73\htdocs\filecroco\loader\vendor\guzzlehttp\guzzle\src\Handler\CurlMultiHandler.php(181): GuzzleHttp\Handler\CurlFactory::finish(Object(GuzzleHttp\Handler\CurlMultiHandler), Object(GuzzleHttp\Handler\EasyHandle), Object(GuzzleHttp\Handler\CurlFactory))
#3 E:\xampp73\htdocs\filecroco\loader\vendor\guzzlehttp\guzzle\src\Handler\CurlMultiHandler.php(110): GuzzleHttp\Handler\CurlMultiHandler->processMessages()
#4 E:\xampp73\htdocs\filecroco\loader\vendor\guzzlehttp\guzzle\src\Handler\CurlMultiHandler.php(125): GuzzleHttp\Handler\CurlMultiHandler->tick()
#5 E:\xampp73\htdocs\filecroco\loader\vendor\guzzlehttp\promises\src\Promise.php(246): GuzzleHttp\Handler\CurlMultiHandler->execute(true)
#6 E:\xampp73\htdocs\filecroco\loader\vendor\guzzlehttp\promises\src\Promise.php(223): GuzzleHttp\Promise\Promise->invokeWaitFn()
#7 E:\xampp73\htdocs\filecroco\loader\vendor\guzzlehttp\promises\src\Promise.php(267): GuzzleHttp\Promise\Promise->waitIfPending()
#8 E:\xampp73\htdocs\filecroco\loader\vendor\guzzlehttp\promises\src\Promise.php(225): GuzzleHttp\Promise\Promise->invokeWaitList()
#9 E:\xampp73\htdocs\filecroco\loader\vendor\guzzlehttp\promises\src\Promise.php(62): GuzzleHttp\Promise\Promise->waitIfPending()
#10 E:\xampp73\htdocs\filecroco\loader\vendor\guzzlehttp\promises\src\EachPromise.php(101): GuzzleHttp\Promise\Promise->wait()
#11 E:\xampp73\htdocs\filecroco\loader\vendor\guzzlehttp\promises\src\Promise.php(246): GuzzleHttp\Promise\EachPromise->GuzzleHttp\Promise\{closure}(true)
#12 E:\xampp73\htdocs\filecroco\loader\vendor\guzzlehttp\promises\src\Promise.php(223): GuzzleHttp\Promise\Promise->invokeWaitFn()
#13 E:\xampp73\htdocs\filecroco\loader\vendor\guzzlehttp\promises\src\Promise.php(62): GuzzleHttp\Promise\Promise->waitIfPending()
#14 E:\xampp73\htdocs\filecroco\loader\updatedownloadlink.php(95): GuzzleHttp\Promise\Promise->wait()
#15 {main}|203GuzzleHttp\Exception\RequestException: cURL error 56:  (see http://curl.haxx.se/libcurl/c/libcurl-errors.html) in E:\xampp73\htdocs\filecroco\loader\vendor\guzzlehttp\guzzle\src\Handler\CurlFactory.php:186
Stack trace:
#0 E:\xampp73\htdocs\filecroco\loader\vendor\guzzlehttp\guzzle\src\Handler\CurlFactory.php(149): GuzzleHttp\Handler\CurlFactory::createRejection(Object(GuzzleHttp\Handler\EasyHandle), Array)
#1 E:\xampp73\htdocs\filecroco\loader\vendor\guzzlehttp\guzzle\src\Handler\CurlFactory.php(102): GuzzleHttp\Handler\CurlFactory::finishError(Object(GuzzleHttp\Handler\CurlMultiHandler), Object(GuzzleHttp\Handler\EasyHandle), Object(GuzzleHttp\Handler\CurlFactory))
#2 E:\xampp73\htdocs\filecroco\loader\vendor\guzzlehttp\guzzle\src\Handler\CurlMultiHandler.php(181): GuzzleHttp\Handler\CurlFactory::finish(Object(GuzzleHttp\Handler\CurlMultiHandler), Object(GuzzleHttp\Handler\EasyHandle), Object(GuzzleHttp\Handler\CurlFactory))
#3 E:\xampp73\htdocs\filecroco\loader\vendor\guzzlehttp\guzzle\src\Handler\CurlMultiHandler.php(110): GuzzleHttp\Handler\CurlMultiHandler->processMessages()
#4 E:\xampp73\htdocs\filecroco\loader\vendor\guzzlehttp\guzzle\src\Handler\CurlMultiHandler.php(125): GuzzleHttp\Handler\CurlMultiHandler->tick()
#5 E:\xampp73\htdocs\filecroco\loader\vendor\guzzlehttp\promises\src\Promise.php(246): GuzzleHttp\Handler\CurlMultiHandler->execute(true)
#6 E:\xampp73\htdocs\filecroco\loader\vendor\guzzlehttp\promises\src\Promise.php(223): GuzzleHttp\Promise\Promise->invokeWaitFn()
#7 E:\xampp73\htdocs\filecroco\loader\vendor\guzzlehttp\promises\src\Promise.php(267): GuzzleHttp\Promise\Promise->waitIfPending()
#8 E:\xampp73\htdocs\filecroco\loader\vendor\guzzlehttp\promises\src\Promise.php(225): GuzzleHttp\Promise\Promise->invokeWaitList()
#9 E:\xampp73\htdocs\filecroco\loader\vendor\guzzlehttp\promises\src\Promise.php(62): GuzzleHttp\Promise\Promise->waitIfPending()
#10 E:\xampp73\htdocs\filecroco\loader\vendor\guzzlehttp\promises\src\EachPromise.php(101): GuzzleHttp\Promise\Promise->wait()
#11 E:\xampp73\htdocs\filecroco\loader\vendor\guzzlehttp\promises\src\Promise.php(246): GuzzleHttp\Promise\EachPromise->GuzzleHttp\Promise\{closure}(true)
#12 E:\xampp73\htdocs\filecroco\loader\vendor\guzzlehttp\promises\src\Promise.php(223): GuzzleHttp\Promise\Promise->invokeWaitFn()
#13 E:\xampp73\htdocs\filecroco\loader\vendor\guzzlehttp\promises\src\Promise.php(62): GuzzleHttp\Promise\Promise->waitIfPending()
#14 E:\xampp73\htdocs\filecroco\loader\updatedownloadlink.php(95): GuzzleHttp\Promise\Promise->wait()
#15 {main}|204GuzzleHttp\Exception\RequestException: cURL error 56:  (see http://curl.haxx.se/libcurl/c/libcurl-errors.html) in E:\xampp73\htdocs\filecroco\loader\vendor\guzzlehttp\guzzle\src\Handler\CurlFactory.php:186
Stack trace:
#0 E:\xampp73\htdocs\filecroco\loader\vendor\guzzlehttp\guzzle\src\Handler\CurlFactory.php(149): GuzzleHttp\Handler\CurlFactory::createRejection(Object(GuzzleHttp\Handler\EasyHandle), Array)
#1 E:\xampp73\htdocs\filecroco\loader\vendor\guzzlehttp\guzzle\src\Handler\CurlFactory.php(102): GuzzleHttp\Handler\CurlFactory::finishError(Object(GuzzleHttp\Handler\CurlMultiHandler), Object(GuzzleHttp\Handler\EasyHandle), Object(GuzzleHttp\Handler\CurlFactory))
#2 E:\xampp73\htdocs\filecroco\loader\vendor\guzzlehttp\guzzle\src\Handler\CurlMultiHandler.php(181): GuzzleHttp\Handler\CurlFactory::finish(Object(GuzzleHttp\Handler\CurlMultiHandler), Object(GuzzleHttp\Handler\EasyHandle), Object(GuzzleHttp\Handler\CurlFactory))
#3 E:\xampp73\htdocs\filecroco\loader\vendor\guzzlehttp\guzzle\src\Handler\CurlMultiHandler.php(110): GuzzleHttp\Handler\CurlMultiHandler->processMessages()
#4 E:\xampp73\htdocs\filecroco\loader\vendor\guzzlehttp\guzzle\src\Handler\CurlMultiHandler.php(125): GuzzleHttp\Handler\CurlMultiHandler->tick()
#5 E:\xampp73\htdocs\filecroco\loader\vendor\guzzlehttp\promises\src\Promise.php(246): GuzzleHttp\Handler\CurlMultiHandler->execute(true)
#6 E:\xampp73\htdocs\filecroco\loader\vendor\guzzlehttp\promises\src\Promise.php(223): GuzzleHttp\Promise\Promise->invokeWaitFn()
#7 E:\xampp73\htdocs\filecroco\loader\vendor\guzzlehttp\promises\src\Promise.php(267): GuzzleHttp\Promise\Promise->waitIfPending()
#8 E:\xampp73\htdocs\filecroco\loader\vendor\guzzlehttp\promises\src\Promise.php(225): GuzzleHttp\Promise\Promise->invokeWaitList()
#9 E:\xampp73\htdocs\filecroco\loader\vendor\guzzlehttp\promises\src\Promise.php(62): GuzzleHttp\Promise\Promise->waitIfPending()
#10 E:\xampp73\htdocs\filecroco\loader\vendor\guzzlehttp\promises\src\EachPromise.php(101): GuzzleHttp\Promise\Promise->wait()
#11 E:\xampp73\htdocs\filecroco\loader\vendor\guzzlehttp\promises\src\Promise.php(246): GuzzleHttp\Promise\EachPromise->GuzzleHttp\Promise\{closure}(true)
#12 E:\xampp73\htdocs\filecroco\loader\vendor\guzzlehttp\promises\src\Promise.php(223): GuzzleHttp\Promise\Promise->invokeWaitFn()
#13 E:\xampp73\htdocs\filecroco\loader\vendor\guzzlehttp\promises\src\Promise.php(62): GuzzleHttp\Promise\Promise->waitIfPending()
#14 E:\xampp73\htdocs\filecroco\loader\updatedownloadlink.php(95): GuzzleHttp\Promise\Promise->wait()
#15 {main}|205GuzzleHttp\Exception\RequestException: cURL error 56:  (see http://curl.haxx.se/libcurl/c/libcurl-errors.html) in E:\xampp73\htdocs\filecroco\loader\vendor\guzzlehttp\guzzle\src\Handler\CurlFactory.php:186
Stack trace:
#0 E:\xampp73\htdocs\filecroco\loader\vendor\guzzlehttp\guzzle\src\Handler\CurlFactory.php(149): GuzzleHttp\Handler\CurlFactory::createRejection(Object(GuzzleHttp\Handler\EasyHandle), Array)
#1 E:\xampp73\htdocs\filecroco\loader\vendor\guzzlehttp\guzzle\src\Handler\CurlFactory.php(102): GuzzleHttp\Handler\CurlFactory::finishError(Object(GuzzleHttp\Handler\CurlMultiHandler), Object(GuzzleHttp\Handler\EasyHandle), Object(GuzzleHttp\Handler\CurlFactory))
#2 E:\xampp73\htdocs\filecroco\loader\vendor\guzzlehttp\guzzle\src\Handler\CurlMultiHandler.php(181): GuzzleHttp\Handler\CurlFactory::finish(Object(GuzzleHttp\Handler\CurlMultiHandler), Object(GuzzleHttp\Handler\EasyHandle), Object(GuzzleHttp\Handler\CurlFactory))
#3 E:\xampp73\htdocs\filecroco\loader\vendor\guzzlehttp\guzzle\src\Handler\CurlMultiHandler.php(110): GuzzleHttp\Handler\CurlMultiHandler->processMessages()
#4 E:\xampp73\htdocs\filecroco\loader\vendor\guzzlehttp\guzzle\src\Handler\CurlMultiHandler.php(125): GuzzleHttp\Handler\CurlMultiHandler->tick()
#5 E:\xampp73\htdocs\filecroco\loader\vendor\guzzlehttp\promises\src\Promise.php(246): GuzzleHttp\Handler\CurlMultiHandler->execute(true)
#6 E:\xampp73\htdocs\filecroco\loader\vendor\guzzlehttp\promises\src\Promise.php(223): GuzzleHttp\Promise\Promise->invokeWaitFn()
#7 E:\xampp73\htdocs\filecroco\loader\vendor\guzzlehttp\promises\src\Promise.php(267): GuzzleHttp\Promise\Promise->waitIfPending()
#8 E:\xampp73\htdocs\filecroco\loader\vendor\guzzlehttp\promises\src\Promise.php(225): GuzzleHttp\Promise\Promise->invokeWaitList()
#9 E:\xampp73\htdocs\filecroco\loader\vendor\guzzlehttp\promises\src\Promise.php(62): GuzzleHttp\Promise\Promise->waitIfPending()
#10 E:\xampp73\htdocs\filecroco\loader\vendor\guzzlehttp\promises\src\EachPromise.php(101): GuzzleHttp\Promise\Promise->wait()
#11 E:\xampp73\htdocs\filecroco\loader\vendor\guzzlehttp\promises\src\Promise.php(246): GuzzleHttp\Promise\EachPromise->GuzzleHttp\Promise\{closure}(true)
#12 E:\xampp73\htdocs\filecroco\loader\vendor\guzzlehttp\promises\src\Promise.php(223): GuzzleHttp\Promise\Promise->invokeWaitFn()
#13 E:\xampp73\htdocs\filecroco\loader\vendor\guzzlehttp\promises\src\Promise.php(62): GuzzleHttp\Promise\Promise->waitIfPending()
#14 E:\xampp73\htdocs\filecroco\loader\updatedownloadlink.php(95): GuzzleHttp\Promise\Promise->wait()
#15 {main}|206GuzzleHttp\Exception\RequestException: cURL error 56:  (see http://curl.haxx.se/libcurl/c/libcurl-errors.html) in E:\xampp73\htdocs\filecroco\loader\vendor\guzzlehttp\guzzle\src\Handler\CurlFactory.php:186
Stack trace:
#0 E:\xampp73\htdocs\filecroco\loader\vendor\guzzlehttp\guzzle\src\Handler\CurlFactory.php(149): GuzzleHttp\Handler\CurlFactory::createRejection(Object(GuzzleHttp\Handler\EasyHandle), Array)
#1 E:\xampp73\htdocs\filecroco\loader\vendor\guzzlehttp\guzzle\src\Handler\CurlFactory.php(102): GuzzleHttp\Handler\CurlFactory::finishError(Object(GuzzleHttp\Handler\CurlMultiHandler), Object(GuzzleHttp\Handler\EasyHandle), Object(GuzzleHttp\Handler\CurlFactory))
#2 E:\xampp73\htdocs\filecroco\loader\vendor\guzzlehttp\guzzle\src\Handler\CurlMultiHandler.php(181): GuzzleHttp\Handler\CurlFactory::finish(Object(GuzzleHttp\Handler\CurlMultiHandler), Object(GuzzleHttp\Handler\EasyHandle), Object(GuzzleHttp\Handler\CurlFactory))
#3 E:\xampp73\htdocs\filecroco\loader\vendor\guzzlehttp\guzzle\src\Handler\CurlMultiHandler.php(110): GuzzleHttp\Handler\CurlMultiHandler->processMessages()
#4 E:\xampp73\htdocs\filecroco\loader\vendor\guzzlehttp\guzzle\src\Handler\CurlMultiHandler.php(125): GuzzleHttp\Handler\CurlMultiHandler->tick()
#5 E:\xampp73\htdocs\filecroco\loader\vendor\guzzlehttp\promises\src\Promise.php(246): GuzzleHttp\Handler\CurlMultiHandler->execute(true)
#6 E:\xampp73\htdocs\filecroco\loader\vendor\guzzlehttp\promises\src\Promise.php(223): GuzzleHttp\Promise\Promise->invokeWaitFn()
#7 E:\xampp73\htdocs\filecroco\loader\vendor\guzzlehttp\promises\src\Promise.php(267): GuzzleHttp\Promise\Promise->waitIfPending()
#8 E:\xampp73\htdocs\filecroco\loader\vendor\guzzlehttp\promises\src\Promise.php(225): GuzzleHttp\Promise\Promise->invokeWaitList()
#9 E:\xampp73\htdocs\filecroco\loader\vendor\guzzlehttp\promises\src\Promise.php(62): GuzzleHttp\Promise\Promise->waitIfPending()
#10 E:\xampp73\htdocs\filecroco\loader\vendor\guzzlehttp\promises\src\EachPromise.php(101): GuzzleHttp\Promise\Promise->wait()
#11 E:\xampp73\htdocs\filecroco\loader\vendor\guzzlehttp\promises\src\Promise.php(246): GuzzleHttp\Promise\EachPromise->GuzzleHttp\Promise\{closure}(true)
#12 E:\xampp73\htdocs\filecroco\loader\vendor\guzzlehttp\promises\src\Promise.php(223): GuzzleHttp\Promise\Promise->invokeWaitFn()
#13 E:\xampp73\htdocs\filecroco\loader\vendor\guzzlehttp\promises\src\Promise.php(62): GuzzleHttp\Promise\Promise->waitIfPending()
#14 E:\xampp73\htdocs\filecroco\loader\updatedownloadlink.php(95): GuzzleHttp\Promise\Promise->wait()
#15 {main}|207GuzzleHttp\Exception\RequestException: cURL error 56:  (see http://curl.haxx.se/libcurl/c/libcurl-errors.html) in E:\xampp73\htdocs\filecroco\loader\vendor\guzzlehttp\guzzle\src\Handler\CurlFactory.php:186
Stack trace:
#0 E:\xampp73\htdocs\filecroco\loader\vendor\guzzlehttp\guzzle\src\Handler\CurlFactory.php(149): GuzzleHttp\Handler\CurlFactory::createRejection(Object(GuzzleHttp\Handler\EasyHandle), Array)
#1 E:\xampp73\htdocs\filecroco\loader\vendor\guzzlehttp\guzzle\src\Handler\CurlFactory.php(102): GuzzleHttp\Handler\CurlFactory::finishError(Object(GuzzleHttp\Handler\CurlMultiHandler), Object(GuzzleHttp\Handler\EasyHandle), Object(GuzzleHttp\Handler\CurlFactory))
#2 E:\xampp73\htdocs\filecroco\loader\vendor\guzzlehttp\guzzle\src\Handler\CurlMultiHandler.php(181): GuzzleHttp\Handler\CurlFactory::finish(Object(GuzzleHttp\Handler\CurlMultiHandler), Object(GuzzleHttp\Handler\EasyHandle), Object(GuzzleHttp\Handler\CurlFactory))
#3 E:\xampp73\htdocs\filecroco\loader\vendor\guzzlehttp\guzzle\src\Handler\CurlMultiHandler.php(110): GuzzleHttp\Handler\CurlMultiHandler->processMessages()
#4 E:\xampp73\htdocs\filecroco\loader\vendor\guzzlehttp\guzzle\src\Handler\CurlMultiHandler.php(125): GuzzleHttp\Handler\CurlMultiHandler->tick()
#5 E:\xampp73\htdocs\filecroco\loader\vendor\guzzlehttp\promises\src\Promise.php(246): GuzzleHttp\Handler\CurlMultiHandler->execute(true)
#6 E:\xampp73\htdocs\filecroco\loader\vendor\guzzlehttp\promises\src\Promise.php(223): GuzzleHttp\Promise\Promise->invokeWaitFn()
#7 E:\xampp73\htdocs\filecroco\loader\vendor\guzzlehttp\promises\src\Promise.php(267): GuzzleHttp\Promise\Promise->waitIfPending()
#8 E:\xampp73\htdocs\filecroco\loader\vendor\guzzlehttp\promises\src\Promise.php(225): GuzzleHttp\Promise\Promise->invokeWaitList()
#9 E:\xampp73\htdocs\filecroco\loader\vendor\guzzlehttp\promises\src\Promise.php(62): GuzzleHttp\Promise\Promise->waitIfPending()
#10 E:\xampp73\htdocs\filecroco\loader\vendor\guzzlehttp\promises\src\EachPromise.php(101): GuzzleHttp\Promise\Promise->wait()
#11 E:\xampp73\htdocs\filecroco\loader\vendor\guzzlehttp\promises\src\Promise.php(246): GuzzleHttp\Promise\EachPromise->GuzzleHttp\Promise\{closure}(true)
#12 E:\xampp73\htdocs\filecroco\loader\vendor\guzzlehttp\promises\src\Promise.php(223): GuzzleHttp\Promise\Promise->invokeWaitFn()
#13 E:\xampp73\htdocs\filecroco\loader\vendor\guzzlehttp\promises\src\Promise.php(62): GuzzleHttp\Promise\Promise->waitIfPending()
#14 E:\xampp73\htdocs\filecroco\loader\updatedownloadlink.php(95): GuzzleHttp\Promise\Promise->wait()
#15 {main}|208GuzzleHttp\Exception\RequestException: cURL error 56:  (see http://curl.haxx.se/libcurl/c/libcurl-errors.html) in E:\xampp73\htdocs\filecroco\loader\vendor\guzzlehttp\guzzle\src\Handler\CurlFactory.php:186
Stack trace:
#0 E:\xampp73\htdocs\filecroco\loader\vendor\guzzlehttp\guzzle\src\Handler\CurlFactory.php(149): GuzzleHttp\Handler\CurlFactory::createRejection(Object(GuzzleHttp\Handler\EasyHandle), Array)
#1 E:\xampp73\htdocs\filecroco\loader\vendor\guzzlehttp\guzzle\src\Handler\CurlFactory.php(102): GuzzleHttp\Handler\CurlFactory::finishError(Object(GuzzleHttp\Handler\CurlMultiHandler), Object(GuzzleHttp\Handler\EasyHandle), Object(GuzzleHttp\Handler\CurlFactory))
#2 E:\xampp73\htdocs\filecroco\loader\vendor\guzzlehttp\guzzle\src\Handler\CurlMultiHandler.php(181): GuzzleHttp\Handler\CurlFactory::finish(Object(GuzzleHttp\Handler\CurlMultiHandler), Object(GuzzleHttp\Handler\EasyHandle), Object(GuzzleHttp\Handler\CurlFactory))
#3 E:\xampp73\htdocs\filecroco\loader\vendor\guzzlehttp\guzzle\src\Handler\CurlMultiHandler.php(110): GuzzleHttp\Handler\CurlMultiHandler->processMessages()
#4 E:\xampp73\htdocs\filecroco\loader\vendor\guzzlehttp\guzzle\src\Handler\CurlMultiHandler.php(125): GuzzleHttp\Handler\CurlMultiHandler->tick()
#5 E:\xampp73\htdocs\filecroco\loader\vendor\guzzlehttp\promises\src\Promise.php(246): GuzzleHttp\Handler\CurlMultiHandler->execute(true)
#6 E:\xampp73\htdocs\filecroco\loader\vendor\guzzlehttp\promises\src\Promise.php(223): GuzzleHttp\Promise\Promise->invokeWaitFn()
#7 E:\xampp73\htdocs\filecroco\loader\vendor\guzzlehttp\promises\src\Promise.php(267): GuzzleHttp\Promise\Promise->waitIfPending()
#8 E:\xampp73\htdocs\filecroco\loader\vendor\guzzlehttp\promises\src\Promise.php(225): GuzzleHttp\Promise\Promise->invokeWaitList()
#9 E:\xampp73\htdocs\filecroco\loader\vendor\guzzlehttp\promises\src\Promise.php(62): GuzzleHttp\Promise\Promise->waitIfPending()
#10 E:\xampp73\htdocs\filecroco\loader\vendor\guzzlehttp\promises\src\EachPromise.php(101): GuzzleHttp\Promise\Promise->wait()
#11 E:\xampp73\htdocs\filecroco\loader\vendor\guzzlehttp\promises\src\Promise.php(246): GuzzleHttp\Promise\EachPromise->GuzzleHttp\Promise\{closure}(true)
#12 E:\xampp73\htdocs\filecroco\loader\vendor\guzzlehttp\promises\src\Promise.php(223): GuzzleHttp\Promise\Promise->invokeWaitFn()
#13 E:\xampp73\htdocs\filecroco\loader\vendor\guzzlehttp\promises\src\Promise.php(62): GuzzleHttp\Promise\Promise->waitIfPending()
#14 E:\xampp73\htdocs\filecroco\loader\updatedownloadlink.php(95): GuzzleHttp\Promise\Promise->wait()
#15 {main}|209GuzzleHttp\Exception\RequestException: cURL error 56:  (see http://curl.haxx.se/libcurl/c/libcurl-errors.html) in E:\xampp73\htdocs\filecroco\loader\vendor\guzzlehttp\guzzle\src\Handler\CurlFactory.php:186
Stack trace:
#0 E:\xampp73\htdocs\filecroco\loader\vendor\guzzlehttp\guzzle\src\Handler\CurlFactory.php(149): GuzzleHttp\Handler\CurlFactory::createRejection(Object(GuzzleHttp\Handler\EasyHandle), Array)
#1 E:\xampp73\htdocs\filecroco\loader\vendor\guzzlehttp\guzzle\src\Handler\CurlFactory.php(102): GuzzleHttp\Handler\CurlFactory::finishError(Object(GuzzleHttp\Handler\CurlMultiHandler), Object(GuzzleHttp\Handler\EasyHandle), Object(GuzzleHttp\Handler\CurlFactory))
#2 E:\xampp73\htdocs\filecroco\loader\vendor\guzzlehttp\guzzle\src\Handler\CurlMultiHandler.php(181): GuzzleHttp\Handler\CurlFactory::finish(Object(GuzzleHttp\Handler\CurlMultiHandler), Object(GuzzleHttp\Handler\EasyHandle), Object(GuzzleHttp\Handler\CurlFactory))
#3 E:\xampp73\htdocs\filecroco\loader\vendor\guzzlehttp\guzzle\src\Handler\CurlMultiHandler.php(110): GuzzleHttp\Handler\CurlMultiHandler->processMessages()
#4 E:\xampp73\htdocs\filecroco\loader\vendor\guzzlehttp\guzzle\src\Handler\CurlMultiHandler.php(125): GuzzleHttp\Handler\CurlMultiHandler->tick()
#5 E:\xampp73\htdocs\filecroco\loader\vendor\guzzlehttp\promises\src\Promise.php(246): GuzzleHttp\Handler\CurlMultiHandler->execute(true)
#6 E:\xampp73\htdocs\filecroco\loader\vendor\guzzlehttp\promises\src\Promise.php(223): GuzzleHttp\Promise\Promise->invokeWaitFn()
#7 E:\xampp73\htdocs\filecroco\loader\vendor\guzzlehttp\promises\src\Promise.php(267): GuzzleHttp\Promise\Promise->waitIfPending()
#8 E:\xampp73\htdocs\filecroco\loader\vendor\guzzlehttp\promises\src\Promise.php(225): GuzzleHttp\Promise\Promise->invokeWaitList()
#9 E:\xampp73\htdocs\filecroco\loader\vendor\guzzlehttp\promises\src\Promise.php(62): GuzzleHttp\Promise\Promise->waitIfPending()
#10 E:\xampp73\htdocs\filecroco\loader\vendor\guzzlehttp\promises\src\EachPromise.php(101): GuzzleHttp\Promise\Promise->wait()
#11 E:\xampp73\htdocs\filecroco\loader\vendor\guzzlehttp\promises\src\Promise.php(246): GuzzleHttp\Promise\EachPromise->GuzzleHttp\Promise\{closure}(true)
#12 E:\xampp73\htdocs\filecroco\loader\vendor\guzzlehttp\promises\src\Promise.php(223): GuzzleHttp\Promise\Promise->invokeWaitFn()
#13 E:\xampp73\htdocs\filecroco\loader\vendor\guzzlehttp\promises\src\Promise.php(62): GuzzleHttp\Promise\Promise->waitIfPending()
#14 E:\xampp73\htdocs\filecroco\loader\updatedownloadlink.php(95): GuzzleHttp\Promise\Promise->wait()
#15 {main}|210GuzzleHttp\Exception\RequestException: cURL error 56:  (see http://curl.haxx.se/libcurl/c/libcurl-errors.html) in E:\xampp73\htdocs\filecroco\loader\vendor\guzzlehttp\guzzle\src\Handler\CurlFactory.php:186
Stack trace:
#0 E:\xampp73\htdocs\filecroco\loader\vendor\guzzlehttp\guzzle\src\Handler\CurlFactory.php(149): GuzzleHttp\Handler\CurlFactory::createRejection(Object(GuzzleHttp\Handler\EasyHandle), Array)
#1 E:\xampp73\htdocs\filecroco\loader\vendor\guzzlehttp\guzzle\src\Handler\CurlFactory.php(102): GuzzleHttp\Handler\CurlFactory::finishError(Object(GuzzleHttp\Handler\CurlMultiHandler), Object(GuzzleHttp\Handler\EasyHandle), Object(GuzzleHttp\Handler\CurlFactory))
#2 E:\xampp73\htdocs\filecroco\loader\vendor\guzzlehttp\guzzle\src\Handler\CurlMultiHandler.php(181): GuzzleHttp\Handler\CurlFactory::finish(Object(GuzzleHttp\Handler\CurlMultiHandler), Object(GuzzleHttp\Handler\EasyHandle), Object(GuzzleHttp\Handler\CurlFactory))
#3 E:\xampp73\htdocs\filecroco\loader\vendor\guzzlehttp\guzzle\src\Handler\CurlMultiHandler.php(110): GuzzleHttp\Handler\CurlMultiHandler->processMessages()
#4 E:\xampp73\htdocs\filecroco\loader\vendor\guzzlehttp\guzzle\src\Handler\CurlMultiHandler.php(125): GuzzleHttp\Handler\CurlMultiHandler->tick()
#5 E:\xampp73\htdocs\filecroco\loader\vendor\guzzlehttp\promises\src\Promise.php(246): GuzzleHttp\Handler\CurlMultiHandler->execute(true)
#6 E:\xampp73\htdocs\filecroco\loader\vendor\guzzlehttp\promises\src\Promise.php(223): GuzzleHttp\Promise\Promise->invokeWaitFn()
#7 E:\xampp73\htdocs\filecroco\loader\vendor\guzzlehttp\promises\src\Promise.php(267): GuzzleHttp\Promise\Promise->waitIfPending()
#8 E:\xampp73\htdocs\filecroco\loader\vendor\guzzlehttp\promises\src\Promise.php(225): GuzzleHttp\Promise\Promise->invokeWaitList()
#9 E:\xampp73\htdocs\filecroco\loader\vendor\guzzlehttp\promises\src\Promise.php(62): GuzzleHttp\Promise\Promise->waitIfPending()
#10 E:\xampp73\htdocs\filecroco\loader\vendor\guzzlehttp\promises\src\EachPromise.php(101): GuzzleHttp\Promise\Promise->wait()
#11 E:\xampp73\htdocs\filecroco\loader\vendor\guzzlehttp\promises\src\Promise.php(246): GuzzleHttp\Promise\EachPromise->GuzzleHttp\Promise\{closure}(true)
#12 E:\xampp73\htdocs\filecroco\loader\vendor\guzzlehttp\promises\src\Promise.php(223): GuzzleHttp\Promise\Promise->invokeWaitFn()
#13 E:\xampp73\htdocs\filecroco\loader\vendor\guzzlehttp\promises\src\Promise.php(62): GuzzleHttp\Promise\Promise->waitIfPending()
#14 E:\xampp73\htdocs\filecroco\loader\updatedownloadlink.php(95): GuzzleHttp\Promise\Promise->wait()
#15 {main}|211GuzzleHttp\Exception\RequestException: cURL error 56:  (see http://curl.haxx.se/libcurl/c/libcurl-errors.html) in E:\xampp73\htdocs\filecroco\loader\vendor\guzzlehttp\guzzle\src\Handler\CurlFactory.php:186
Stack trace:
#0 E:\xampp73\htdocs\filecroco\loader\vendor\guzzlehttp\guzzle\src\Handler\CurlFactory.php(149): GuzzleHttp\Handler\CurlFactory::createRejection(Object(GuzzleHttp\Handler\EasyHandle), Array)
#1 E:\xampp73\htdocs\filecroco\loader\vendor\guzzlehttp\guzzle\src\Handler\CurlFactory.php(102): GuzzleHttp\Handler\CurlFactory::finishError(Object(GuzzleHttp\Handler\CurlMultiHandler), Object(GuzzleHttp\Handler\EasyHandle), Object(GuzzleHttp\Handler\CurlFactory))
#2 E:\xampp73\htdocs\filecroco\loader\vendor\guzzlehttp\guzzle\src\Handler\CurlMultiHandler.php(181): GuzzleHttp\Handler\CurlFactory::finish(Object(GuzzleHttp\Handler\CurlMultiHandler), Object(GuzzleHttp\Handler\EasyHandle), Object(GuzzleHttp\Handler\CurlFactory))
#3 E:\xampp73\htdocs\filecroco\loader\vendor\guzzlehttp\guzzle\src\Handler\CurlMultiHandler.php(110): GuzzleHttp\Handler\CurlMultiHandler->processMessages()
#4 E:\xampp73\htdocs\filecroco\loader\vendor\guzzlehttp\guzzle\src\Handler\CurlMultiHandler.php(125): GuzzleHttp\Handler\CurlMultiHandler->tick()
#5 E:\xampp73\htdocs\filecroco\loader\vendor\guzzlehttp\promises\src\Promise.php(246): GuzzleHttp\Handler\CurlMultiHandler->execute(true)
#6 E:\xampp73\htdocs\filecroco\loader\vendor\guzzlehttp\promises\src\Promise.php(223): GuzzleHttp\Promise\Promise->invokeWaitFn()
#7 E:\xampp73\htdocs\filecroco\loader\vendor\guzzlehttp\promises\src\Promise.php(267): GuzzleHttp\Promise\Promise->waitIfPending()
#8 E:\xampp73\htdocs\filecroco\loader\vendor\guzzlehttp\promises\src\Promise.php(225): GuzzleHttp\Promise\Promise->invokeWaitList()
#9 E:\xampp73\htdocs\filecroco\loader\vendor\guzzlehttp\promises\src\Promise.php(62): GuzzleHttp\Promise\Promise->waitIfPending()
#10 E:\xampp73\htdocs\filecroco\loader\vendor\guzzlehttp\promises\src\EachPromise.php(101): GuzzleHttp\Promise\Promise->wait()
#11 E:\xampp73\htdocs\filecroco\loader\vendor\guzzlehttp\promises\src\Promise.php(246): GuzzleHttp\Promise\EachPromise->GuzzleHttp\Promise\{closure}(true)
#12 E:\xampp73\htdocs\filecroco\loader\vendor\guzzlehttp\promises\src\Promise.php(223): GuzzleHttp\Promise\Promise->invokeWaitFn()
#13 E:\xampp73\htdocs\filecroco\loader\vendor\guzzlehttp\promises\src\Promise.php(62): GuzzleHttp\Promise\Promise->waitIfPending()
#14 E:\xampp73\htdocs\filecroco\loader\updatedownloadlink.php(95): GuzzleHttp\Promise\Promise->wait()
#15 {main}|212GuzzleHttp\Exception\RequestException: cURL error 56:  (see http://curl.haxx.se/libcurl/c/libcurl-errors.html) in E:\xampp73\htdocs\filecroco\loader\vendor\guzzlehttp\guzzle\src\Handler\CurlFactory.php:186
Stack trace:
#0 E:\xampp73\htdocs\filecroco\loader\vendor\guzzlehttp\guzzle\src\Handler\CurlFactory.php(149): GuzzleHttp\Handler\CurlFactory::createRejection(Object(GuzzleHttp\Handler\EasyHandle), Array)
#1 E:\xampp73\htdocs\filecroco\loader\vendor\guzzlehttp\guzzle\src\Handler\CurlFactory.php(102): GuzzleHttp\Handler\CurlFactory::finishError(Object(GuzzleHttp\Handler\CurlMultiHandler), Object(GuzzleHttp\Handler\EasyHandle), Object(GuzzleHttp\Handler\CurlFactory))
#2 E:\xampp73\htdocs\filecroco\loader\vendor\guzzlehttp\guzzle\src\Handler\CurlMultiHandler.php(181): GuzzleHttp\Handler\CurlFactory::finish(Object(GuzzleHttp\Handler\CurlMultiHandler), Object(GuzzleHttp\Handler\EasyHandle), Object(GuzzleHttp\Handler\CurlFactory))
#3 E:\xampp73\htdocs\filecroco\loader\vendor\guzzlehttp\guzzle\src\Handler\CurlMultiHandler.php(110): GuzzleHttp\Handler\CurlMultiHandler->processMessages()
#4 E:\xampp73\htdocs\filecroco\loader\vendor\guzzlehttp\guzzle\src\Handler\CurlMultiHandler.php(125): GuzzleHttp\Handler\CurlMultiHandler->tick()
#5 E:\xampp73\htdocs\filecroco\loader\vendor\guzzlehttp\promises\src\Promise.php(246): GuzzleHttp\Handler\CurlMultiHandler->execute(true)
#6 E:\xampp73\htdocs\filecroco\loader\vendor\guzzlehttp\promises\src\Promise.php(223): GuzzleHttp\Promise\Promise->invokeWaitFn()
#7 E:\xampp73\htdocs\filecroco\loader\vendor\guzzlehttp\promises\src\Promise.php(267): GuzzleHttp\Promise\Promise->waitIfPending()
#8 E:\xampp73\htdocs\filecroco\loader\vendor\guzzlehttp\promises\src\Promise.php(225): GuzzleHttp\Promise\Promise->invokeWaitList()
#9 E:\xampp73\htdocs\filecroco\loader\vendor\guzzlehttp\promises\src\Promise.php(62): GuzzleHttp\Promise\Promise->waitIfPending()
#10 E:\xampp73\htdocs\filecroco\loader\vendor\guzzlehttp\promises\src\EachPromise.php(101): GuzzleHttp\Promise\Promise->wait()
#11 E:\xampp73\htdocs\filecroco\loader\vendor\guzzlehttp\promises\src\Promise.php(246): GuzzleHttp\Promise\EachPromise->GuzzleHttp\Promise\{closure}(true)
#12 E:\xampp73\htdocs\filecroco\loader\vendor\guzzlehttp\promises\src\Promise.php(223): GuzzleHttp\Promise\Promise->invokeWaitFn()
#13 E:\xampp73\htdocs\filecroco\loader\vendor\guzzlehttp\promises\src\Promise.php(62): GuzzleHttp\Promise\Promise->waitIfPending()
#14 E:\xampp73\htdocs\filecroco\loader\updatedownloadlink.php(95): GuzzleHttp\Promise\Promise->wait()
#15 {main}|213GuzzleHttp\Exception\RequestException: cURL error 56:  (see http://curl.haxx.se/libcurl/c/libcurl-errors.html) in E:\xampp73\htdocs\filecroco\loader\vendor\guzzlehttp\guzzle\src\Handler\CurlFactory.php:186
Stack trace:
#0 E:\xampp73\htdocs\filecroco\loader\vendor\guzzlehttp\guzzle\src\Handler\CurlFactory.php(149): GuzzleHttp\Handler\CurlFactory::createRejection(Object(GuzzleHttp\Handler\EasyHandle), Array)
#1 E:\xampp73\htdocs\filecroco\loader\vendor\guzzlehttp\guzzle\src\Handler\CurlFactory.php(102): GuzzleHttp\Handler\CurlFactory::finishError(Object(GuzzleHttp\Handler\CurlMultiHandler), Object(GuzzleHttp\Handler\EasyHandle), Object(GuzzleHttp\Handler\CurlFactory))
#2 E:\xampp73\htdocs\filecroco\loader\vendor\guzzlehttp\guzzle\src\Handler\CurlMultiHandler.php(181): GuzzleHttp\Handler\CurlFactory::finish(Object(GuzzleHttp\Handler\CurlMultiHandler), Object(GuzzleHttp\Handler\EasyHandle), Object(GuzzleHttp\Handler\CurlFactory))
#3 E:\xampp73\htdocs\filecroco\loader\vendor\guzzlehttp\guzzle\src\Handler\CurlMultiHandler.php(110): GuzzleHttp\Handler\CurlMultiHandler->processMessages()
#4 E:\xampp73\htdocs\filecroco\loader\vendor\guzzlehttp\guzzle\src\Handler\CurlMultiHandler.php(125): GuzzleHttp\Handler\CurlMultiHandler->tick()
#5 E:\xampp73\htdocs\filecroco\loader\vendor\guzzlehttp\promises\src\Promise.php(246): GuzzleHttp\Handler\CurlMultiHandler->execute(true)
#6 E:\xampp73\htdocs\filecroco\loader\vendor\guzzlehttp\promises\src\Promise.php(223): GuzzleHttp\Promise\Promise->invokeWaitFn()
#7 E:\xampp73\htdocs\filecroco\loader\vendor\guzzlehttp\promises\src\Promise.php(267): GuzzleHttp\Promise\Promise->waitIfPending()
#8 E:\xampp73\htdocs\filecroco\loader\vendor\guzzlehttp\promises\src\Promise.php(225): GuzzleHttp\Promise\Promise->invokeWaitList()
#9 E:\xampp73\htdocs\filecroco\loader\vendor\guzzlehttp\promises\src\Promise.php(62): GuzzleHttp\Promise\Promise->waitIfPending()
#10 E:\xampp73\htdocs\filecroco\loader\vendor\guzzlehttp\promises\src\EachPromise.php(101): GuzzleHttp\Promise\Promise->wait()
#11 E:\xampp73\htdocs\filecroco\loader\vendor\guzzlehttp\promises\src\Promise.php(246): GuzzleHttp\Promise\EachPromise->GuzzleHttp\Promise\{closure}(true)
#12 E:\xampp73\htdocs\filecroco\loader\vendor\guzzlehttp\promises\src\Promise.php(223): GuzzleHttp\Promise\Promise->invokeWaitFn()
#13 E:\xampp73\htdocs\filecroco\loader\vendor\guzzlehttp\promises\src\Promise.php(62): GuzzleHttp\Promise\Promise->waitIfPending()
#14 E:\xampp73\htdocs\filecroco\loader\updatedownloadlink.php(95): GuzzleHttp\Promise\Promise->wait()
#15 {main}|214GuzzleHttp\Exception\RequestException: cURL error 56:  (see http://curl.haxx.se/libcurl/c/libcurl-errors.html) in E:\xampp73\htdocs\filecroco\loader\vendor\guzzlehttp\guzzle\src\Handler\CurlFactory.php:186
Stack trace:
#0 E:\xampp73\htdocs\filecroco\loader\vendor\guzzlehttp\guzzle\src\Handler\CurlFactory.php(149): GuzzleHttp\Handler\CurlFactory::createRejection(Object(GuzzleHttp\Handler\EasyHandle), Array)
#1 E:\xampp73\htdocs\filecroco\loader\vendor\guzzlehttp\guzzle\src\Handler\CurlFactory.php(102): GuzzleHttp\Handler\CurlFactory::finishError(Object(GuzzleHttp\Handler\CurlMultiHandler), Object(GuzzleHttp\Handler\EasyHandle), Object(GuzzleHttp\Handler\CurlFactory))
#2 E:\xampp73\htdocs\filecroco\loader\vendor\guzzlehttp\guzzle\src\Handler\CurlMultiHandler.php(181): GuzzleHttp\Handler\CurlFactory::finish(Object(GuzzleHttp\Handler\CurlMultiHandler), Object(GuzzleHttp\Handler\EasyHandle), Object(GuzzleHttp\Handler\CurlFactory))
#3 E:\xampp73\htdocs\filecroco\loader\vendor\guzzlehttp\guzzle\src\Handler\CurlMultiHandler.php(110): GuzzleHttp\Handler\CurlMultiHandler->processMessages()
#4 E:\xampp73\htdocs\filecroco\loader\vendor\guzzlehttp\guzzle\src\Handler\CurlMultiHandler.php(125): GuzzleHttp\Handler\CurlMultiHandler->tick()
#5 E:\xampp73\htdocs\filecroco\loader\vendor\guzzlehttp\promises\src\Promise.php(246): GuzzleHttp\Handler\CurlMultiHandler->execute(true)
#6 E:\xampp73\htdocs\filecroco\loader\vendor\guzzlehttp\promises\src\Promise.php(223): GuzzleHttp\Promise\Promise->invokeWaitFn()
#7 E:\xampp73\htdocs\filecroco\loader\vendor\guzzlehttp\promises\src\Promise.php(267): GuzzleHttp\Promise\Promise->waitIfPending()
#8 E:\xampp73\htdocs\filecroco\loader\vendor\guzzlehttp\promises\src\Promise.php(225): GuzzleHttp\Promise\Promise->invokeWaitList()
#9 E:\xampp73\htdocs\filecroco\loader\vendor\guzzlehttp\promises\src\Promise.php(62): GuzzleHttp\Promise\Promise->waitIfPending()
#10 E:\xampp73\htdocs\filecroco\loader\vendor\guzzlehttp\promises\src\EachPromise.php(101): GuzzleHttp\Promise\Promise->wait()
#11 E:\xampp73\htdocs\filecroco\loader\vendor\guzzlehttp\promises\src\Promise.php(246): GuzzleHttp\Promise\EachPromise->GuzzleHttp\Promise\{closure}(true)
#12 E:\xampp73\htdocs\filecroco\loader\vendor\guzzlehttp\promises\src\Promise.php(223): GuzzleHttp\Promise\Promise->invokeWaitFn()
#13 E:\xampp73\htdocs\filecroco\loader\vendor\guzzlehttp\promises\src\Promise.php(62): GuzzleHttp\Promise\Promise->waitIfPending()
#14 E:\xampp73\htdocs\filecroco\loader\updatedownloadlink.php(95): GuzzleHttp\Promise\Promise->wait()
#15 {main}|215GuzzleHttp\Exception\RequestException: cURL error 56:  (see http://curl.haxx.se/libcurl/c/libcurl-errors.html) in E:\xampp73\htdocs\filecroco\loader\vendor\guzzlehttp\guzzle\src\Handler\CurlFactory.php:186
Stack trace:
#0 E:\xampp73\htdocs\filecroco\loader\vendor\guzzlehttp\guzzle\src\Handler\CurlFactory.php(149): GuzzleHttp\Handler\CurlFactory::createRejection(Object(GuzzleHttp\Handler\EasyHandle), Array)
#1 E:\xampp73\htdocs\filecroco\loader\vendor\guzzlehttp\guzzle\src\Handler\CurlFactory.php(102): GuzzleHttp\Handler\CurlFactory::finishError(Object(GuzzleHttp\Handler\CurlMultiHandler), Object(GuzzleHttp\Handler\EasyHandle), Object(GuzzleHttp\Handler\CurlFactory))
#2 E:\xampp73\htdocs\filecroco\loader\vendor\guzzlehttp\guzzle\src\Handler\CurlMultiHandler.php(181): GuzzleHttp\Handler\CurlFactory::finish(Object(GuzzleHttp\Handler\CurlMultiHandler), Object(GuzzleHttp\Handler\EasyHandle), Object(GuzzleHttp\Handler\CurlFactory))
#3 E:\xampp73\htdocs\filecroco\loader\vendor\guzzlehttp\guzzle\src\Handler\CurlMultiHandler.php(110): GuzzleHttp\Handler\CurlMultiHandler->processMessages()
#4 E:\xampp73\htdocs\filecroco\loader\vendor\guzzlehttp\guzzle\src\Handler\CurlMultiHandler.php(125): GuzzleHttp\Handler\CurlMultiHandler->tick()
#5 E:\xampp73\htdocs\filecroco\loader\vendor\guzzlehttp\promises\src\Promise.php(246): GuzzleHttp\Handler\CurlMultiHandler->execute(true)
#6 E:\xampp73\htdocs\filecroco\loader\vendor\guzzlehttp\promises\src\Promise.php(223): GuzzleHttp\Promise\Promise->invokeWaitFn()
#7 E:\xampp73\htdocs\filecroco\loader\vendor\guzzlehttp\promises\src\Promise.php(267): GuzzleHttp\Promise\Promise->waitIfPending()
#8 E:\xampp73\htdocs\filecroco\loader\vendor\guzzlehttp\promises\src\Promise.php(225): GuzzleHttp\Promise\Promise->invokeWaitList()
#9 E:\xampp73\htdocs\filecroco\loader\vendor\guzzlehttp\promises\src\Promise.php(62): GuzzleHttp\Promise\Promise->waitIfPending()
#10 E:\xampp73\htdocs\filecroco\loader\vendor\guzzlehttp\promises\src\EachPromise.php(101): GuzzleHttp\Promise\Promise->wait()
#11 E:\xampp73\htdocs\filecroco\loader\vendor\guzzlehttp\promises\src\Promise.php(246): GuzzleHttp\Promise\EachPromise->GuzzleHttp\Promise\{closure}(true)
#12 E:\xampp73\htdocs\filecroco\loader\vendor\guzzlehttp\promises\src\Promise.php(223): GuzzleHttp\Promise\Promise->invokeWaitFn()
#13 E:\xampp73\htdocs\filecroco\loader\vendor\guzzlehttp\promises\src\Promise.php(62): GuzzleHttp\Promise\Promise->waitIfPending()
#14 E:\xampp73\htdocs\filecroco\loader\updatedownloadlink.php(95): GuzzleHttp\Promise\Promise->wait()
#15 {main}|216GuzzleHttp\Exception\RequestException: cURL error 56:  (see http://curl.haxx.se/libcurl/c/libcurl-errors.html) in E:\xampp73\htdocs\filecroco\loader\vendor\guzzlehttp\guzzle\src\Handler\CurlFactory.php:186
Stack trace:
#0 E:\xampp73\htdocs\filecroco\loader\vendor\guzzlehttp\guzzle\src\Handler\CurlFactory.php(149): GuzzleHttp\Handler\CurlFactory::createRejection(Object(GuzzleHttp\Handler\EasyHandle), Array)
#1 E:\xampp73\htdocs\filecroco\loader\vendor\guzzlehttp\guzzle\src\Handler\CurlFactory.php(102): GuzzleHttp\Handler\CurlFactory::finishError(Object(GuzzleHttp\Handler\CurlMultiHandler), Object(GuzzleHttp\Handler\EasyHandle), Object(GuzzleHttp\Handler\CurlFactory))
#2 E:\xampp73\htdocs\filecroco\loader\vendor\guzzlehttp\guzzle\src\Handler\CurlMultiHandler.php(181): GuzzleHttp\Handler\CurlFactory::finish(Object(GuzzleHttp\Handler\CurlMultiHandler), Object(GuzzleHttp\Handler\EasyHandle), Object(GuzzleHttp\Handler\CurlFactory))
#3 E:\xampp73\htdocs\filecroco\loader\vendor\guzzlehttp\guzzle\src\Handler\CurlMultiHandler.php(110): GuzzleHttp\Handler\CurlMultiHandler->processMessages()
#4 E:\xampp73\htdocs\filecroco\loader\vendor\guzzlehttp\guzzle\src\Handler\CurlMultiHandler.php(125): GuzzleHttp\Handler\CurlMultiHandler->tick()
#5 E:\xampp73\htdocs\filecroco\loader\vendor\guzzlehttp\promises\src\Promise.php(246): GuzzleHttp\Handler\CurlMultiHandler->execute(true)
#6 E:\xampp73\htdocs\filecroco\loader\vendor\guzzlehttp\promises\src\Promise.php(223): GuzzleHttp\Promise\Promise->invokeWaitFn()
#7 E:\xampp73\htdocs\filecroco\loader\vendor\guzzlehttp\promises\src\Promise.php(267): GuzzleHttp\Promise\Promise->waitIfPending()
#8 E:\xampp73\htdocs\filecroco\loader\vendor\guzzlehttp\promises\src\Promise.php(225): GuzzleHttp\Promise\Promise->invokeWaitList()
#9 E:\xampp73\htdocs\filecroco\loader\vendor\guzzlehttp\promises\src\Promise.php(62): GuzzleHttp\Promise\Promise->waitIfPending()
#10 E:\xampp73\htdocs\filecroco\loader\vendor\guzzlehttp\promises\src\EachPromise.php(101): GuzzleHttp\Promise\Promise->wait()
#11 E:\xampp73\htdocs\filecroco\loader\vendor\guzzlehttp\promises\src\Promise.php(246): GuzzleHttp\Promise\EachPromise->GuzzleHttp\Promise\{closure}(true)
#12 E:\xampp73\htdocs\filecroco\loader\vendor\guzzlehttp\promises\src\Promise.php(223): GuzzleHttp\Promise\Promise->invokeWaitFn()
#13 E:\xampp73\htdocs\filecroco\loader\vendor\guzzlehttp\promises\src\Promise.php(62): GuzzleHttp\Promise\Promise->waitIfPending()
#14 E:\xampp73\htdocs\filecroco\loader\updatedownloadlink.php(95): GuzzleHttp\Promise\Promise->wait()
#15 {main}|217GuzzleHttp\Exception\RequestException: cURL error 56:  (see http://curl.haxx.se/libcurl/c/libcurl-errors.html) in E:\xampp73\htdocs\filecroco\loader\vendor\guzzlehttp\guzzle\src\Handler\CurlFactory.php:186
Stack trace:
#0 E:\xampp73\htdocs\filecroco\loader\vendor\guzzlehttp\guzzle\src\Handler\CurlFactory.php(149): GuzzleHttp\Handler\CurlFactory::createRejection(Object(GuzzleHttp\Handler\EasyHandle), Array)
#1 E:\xampp73\htdocs\filecroco\loader\vendor\guzzlehttp\guzzle\src\Handler\CurlFactory.php(102): GuzzleHttp\Handler\CurlFactory::finishError(Object(GuzzleHttp\Handler\CurlMultiHandler), Object(GuzzleHttp\Handler\EasyHandle), Object(GuzzleHttp\Handler\CurlFactory))
#2 E:\xampp73\htdocs\filecroco\loader\vendor\guzzlehttp\guzzle\src\Handler\CurlMultiHandler.php(181): GuzzleHttp\Handler\CurlFactory::finish(Object(GuzzleHttp\Handler\CurlMultiHandler), Object(GuzzleHttp\Handler\EasyHandle), Object(GuzzleHttp\Handler\CurlFactory))
#3 E:\xampp73\htdocs\filecroco\loader\vendor\guzzlehttp\guzzle\src\Handler\CurlMultiHandler.php(110): GuzzleHttp\Handler\CurlMultiHandler->processMessages()
#4 E:\xampp73\htdocs\filecroco\loader\vendor\guzzlehttp\guzzle\src\Handler\CurlMultiHandler.php(125): GuzzleHttp\Handler\CurlMultiHandler->tick()
#5 E:\xampp73\htdocs\filecroco\loader\vendor\guzzlehttp\promises\src\Promise.php(246): GuzzleHttp\Handler\CurlMultiHandler->execute(true)
#6 E:\xampp73\htdocs\filecroco\loader\vendor\guzzlehttp\promises\src\Promise.php(223): GuzzleHttp\Promise\Promise->invokeWaitFn()
#7 E:\xampp73\htdocs\filecroco\loader\vendor\guzzlehttp\promises\src\Promise.php(267): GuzzleHttp\Promise\Promise->waitIfPending()
#8 E:\xampp73\htdocs\filecroco\loader\vendor\guzzlehttp\promises\src\Promise.php(225): GuzzleHttp\Promise\Promise->invokeWaitList()
#9 E:\xampp73\htdocs\filecroco\loader\vendor\guzzlehttp\promises\src\Promise.php(62): GuzzleHttp\Promise\Promise->waitIfPending()
#10 E:\xampp73\htdocs\filecroco\loader\vendor\guzzlehttp\promises\src\EachPromise.php(101): GuzzleHttp\Promise\Promise->wait()
#11 E:\xampp73\htdocs\filecroco\loader\vendor\guzzlehttp\promises\src\Promise.php(246): GuzzleHttp\Promise\EachPromise->GuzzleHttp\Promise\{closure}(true)
#12 E:\xampp73\htdocs\filecroco\loader\vendor\guzzlehttp\promises\src\Promise.php(223): GuzzleHttp\Promise\Promise->invokeWaitFn()
#13 E:\xampp73\htdocs\filecroco\loader\vendor\guzzlehttp\promises\src\Promise.php(62): GuzzleHttp\Promise\Promise->waitIfPending()
#14 E:\xampp73\htdocs\filecroco\loader\updatedownloadlink.php(95): GuzzleHttp\Promise\Promise->wait()
#15 {main}|218GuzzleHttp\Exception\RequestException: cURL error 56:  (see http://curl.haxx.se/libcurl/c/libcurl-errors.html) in E:\xampp73\htdocs\filecroco\loader\vendor\guzzlehttp\guzzle\src\Handler\CurlFactory.php:186
Stack trace:
#0 E:\xampp73\htdocs\filecroco\loader\vendor\guzzlehttp\guzzle\src\Handler\CurlFactory.php(149): GuzzleHttp\Handler\CurlFactory::createRejection(Object(GuzzleHttp\Handler\EasyHandle), Array)
#1 E:\xampp73\htdocs\filecroco\loader\vendor\guzzlehttp\guzzle\src\Handler\CurlFactory.php(102): GuzzleHttp\Handler\CurlFactory::finishError(Object(GuzzleHttp\Handler\CurlMultiHandler), Object(GuzzleHttp\Handler\EasyHandle), Object(GuzzleHttp\Handler\CurlFactory))
#2 E:\xampp73\htdocs\filecroco\loader\vendor\guzzlehttp\guzzle\src\Handler\CurlMultiHandler.php(181): GuzzleHttp\Handler\CurlFactory::finish(Object(GuzzleHttp\Handler\CurlMultiHandler), Object(GuzzleHttp\Handler\EasyHandle), Object(GuzzleHttp\Handler\CurlFactory))
#3 E:\xampp73\htdocs\filecroco\loader\vendor\guzzlehttp\guzzle\src\Handler\CurlMultiHandler.php(110): GuzzleHttp\Handler\CurlMultiHandler->processMessages()
#4 E:\xampp73\htdocs\filecroco\loader\vendor\guzzlehttp\guzzle\src\Handler\CurlMultiHandler.php(125): GuzzleHttp\Handler\CurlMultiHandler->tick()
#5 E:\xampp73\htdocs\filecroco\loader\vendor\guzzlehttp\promises\src\Promise.php(246): GuzzleHttp\Handler\CurlMultiHandler->execute(true)
#6 E:\xampp73\htdocs\filecroco\loader\vendor\guzzlehttp\promises\src\Promise.php(223): GuzzleHttp\Promise\Promise->invokeWaitFn()
#7 E:\xampp73\htdocs\filecroco\loader\vendor\guzzlehttp\promises\src\Promise.php(267): GuzzleHttp\Promise\Promise->waitIfPending()
#8 E:\xampp73\htdocs\filecroco\loader\vendor\guzzlehttp\promises\src\Promise.php(225): GuzzleHttp\Promise\Promise->invokeWaitList()
#9 E:\xampp73\htdocs\filecroco\loader\vendor\guzzlehttp\promises\src\Promise.php(62): GuzzleHttp\Promise\Promise->waitIfPending()
#10 E:\xampp73\htdocs\filecroco\loader\vendor\guzzlehttp\promises\src\EachPromise.php(101): GuzzleHttp\Promise\Promise->wait()
#11 E:\xampp73\htdocs\filecroco\loader\vendor\guzzlehttp\promises\src\Promise.php(246): GuzzleHttp\Promise\EachPromise->GuzzleHttp\Promise\{closure}(true)
#12 E:\xampp73\htdocs\filecroco\loader\vendor\guzzlehttp\promises\src\Promise.php(223): GuzzleHttp\Promise\Promise->invokeWaitFn()
#13 E:\xampp73\htdocs\filecroco\loader\vendor\guzzlehttp\promises\src\Promise.php(62): GuzzleHttp\Promise\Promise->waitIfPending()
#14 E:\xampp73\htdocs\filecroco\loader\updatedownloadlink.php(95): GuzzleHttp\Promise\Promise->wait()
#15 {main}|219GuzzleHttp\Exception\RequestException: cURL error 56:  (see http://curl.haxx.se/libcurl/c/libcurl-errors.html) in E:\xampp73\htdocs\filecroco\loader\vendor\guzzlehttp\guzzle\src\Handler\CurlFactory.php:186
Stack trace:
#0 E:\xampp73\htdocs\filecroco\loader\vendor\guzzlehttp\guzzle\src\Handler\CurlFactory.php(149): GuzzleHttp\Handler\CurlFactory::createRejection(Object(GuzzleHttp\Handler\EasyHandle), Array)
#1 E:\xampp73\htdocs\filecroco\loader\vendor\guzzlehttp\guzzle\src\Handler\CurlFactory.php(102): GuzzleHttp\Handler\CurlFactory::finishError(Object(GuzzleHttp\Handler\CurlMultiHandler), Object(GuzzleHttp\Handler\EasyHandle), Object(GuzzleHttp\Handler\CurlFactory))
#2 E:\xampp73\htdocs\filecroco\loader\vendor\guzzlehttp\guzzle\src\Handler\CurlMultiHandler.php(181): GuzzleHttp\Handler\CurlFactory::finish(Object(GuzzleHttp\Handler\CurlMultiHandler), Object(GuzzleHttp\Handler\EasyHandle), Object(GuzzleHttp\Handler\CurlFactory))
#3 E:\xampp73\htdocs\filecroco\loader\vendor\guzzlehttp\guzzle\src\Handler\CurlMultiHandler.php(110): GuzzleHttp\Handler\CurlMultiHandler->processMessages()
#4 E:\xampp73\htdocs\filecroco\loader\vendor\guzzlehttp\guzzle\src\Handler\CurlMultiHandler.php(125): GuzzleHttp\Handler\CurlMultiHandler->tick()
#5 E:\xampp73\htdocs\filecroco\loader\vendor\guzzlehttp\promises\src\Promise.php(246): GuzzleHttp\Handler\CurlMultiHandler->execute(true)
#6 E:\xampp73\htdocs\filecroco\loader\vendor\guzzlehttp\promises\src\Promise.php(223): GuzzleHttp\Promise\Promise->invokeWaitFn()
#7 E:\xampp73\htdocs\filecroco\loader\vendor\guzzlehttp\promises\src\Promise.php(267): GuzzleHttp\Promise\Promise->waitIfPending()
#8 E:\xampp73\htdocs\filecroco\loader\vendor\guzzlehttp\promises\src\Promise.php(225): GuzzleHttp\Promise\Promise->invokeWaitList()
#9 E:\xampp73\htdocs\filecroco\loader\vendor\guzzlehttp\promises\src\Promise.php(62): GuzzleHttp\Promise\Promise->waitIfPending()
#10 E:\xampp73\htdocs\filecroco\loader\vendor\guzzlehttp\promises\src\EachPromise.php(101): GuzzleHttp\Promise\Promise->wait()
#11 E:\xampp73\htdocs\filecroco\loader\vendor\guzzlehttp\promises\src\Promise.php(246): GuzzleHttp\Promise\EachPromise->GuzzleHttp\Promise\{closure}(true)
#12 E:\xampp73\htdocs\filecroco\loader\vendor\guzzlehttp\promises\src\Promise.php(223): GuzzleHttp\Promise\Promise->invokeWaitFn()
#13 E:\xampp73\htdocs\filecroco\loader\vendor\guzzlehttp\promises\src\Promise.php(62): GuzzleHttp\Promise\Promise->waitIfPending()
#14 E:\xampp73\htdocs\filecroco\loader\updatedownloadlink.php(95): GuzzleHttp\Promise\Promise->wait()
#15 {main}|220GuzzleHttp\Exception\RequestException: cURL error 56:  (see http://curl.haxx.se/libcurl/c/libcurl-errors.html) in E:\xampp73\htdocs\filecroco\loader\vendor\guzzlehttp\guzzle\src\Handler\CurlFactory.php:186
Stack trace:
#0 E:\xampp73\htdocs\filecroco\loader\vendor\guzzlehttp\guzzle\src\Handler\CurlFactory.php(149): GuzzleHttp\Handler\CurlFactory::createRejection(Object(GuzzleHttp\Handler\EasyHandle), Array)
#1 E:\xampp73\htdocs\filecroco\loader\vendor\guzzlehttp\guzzle\src\Handler\CurlFactory.php(102): GuzzleHttp\Handler\CurlFactory::finishError(Object(GuzzleHttp\Handler\CurlMultiHandler), Object(GuzzleHttp\Handler\EasyHandle), Object(GuzzleHttp\Handler\CurlFactory))
#2 E:\xampp73\htdocs\filecroco\loader\vendor\guzzlehttp\guzzle\src\Handler\CurlMultiHandler.php(181): GuzzleHttp\Handler\CurlFactory::finish(Object(GuzzleHttp\Handler\CurlMultiHandler), Object(GuzzleHttp\Handler\EasyHandle), Object(GuzzleHttp\Handler\CurlFactory))
#3 E:\xampp73\htdocs\filecroco\loader\vendor\guzzlehttp\guzzle\src\Handler\CurlMultiHandler.php(110): GuzzleHttp\Handler\CurlMultiHandler->processMessages()
#4 E:\xampp73\htdocs\filecroco\loader\vendor\guzzlehttp\guzzle\src\Handler\CurlMultiHandler.php(125): GuzzleHttp\Handler\CurlMultiHandler->tick()
#5 E:\xampp73\htdocs\filecroco\loader\vendor\guzzlehttp\promises\src\Promise.php(246): GuzzleHttp\Handler\CurlMultiHandler->execute(true)
#6 E:\xampp73\htdocs\filecroco\loader\vendor\guzzlehttp\promises\src\Promise.php(223): GuzzleHttp\Promise\Promise->invokeWaitFn()
#7 E:\xampp73\htdocs\filecroco\loader\vendor\guzzlehttp\promises\src\Promise.php(267): GuzzleHttp\Promise\Promise->waitIfPending()
#8 E:\xampp73\htdocs\filecroco\loader\vendor\guzzlehttp\promises\src\Promise.php(225): GuzzleHttp\Promise\Promise->invokeWaitList()
#9 E:\xampp73\htdocs\filecroco\loader\vendor\guzzlehttp\promises\src\Promise.php(62): GuzzleHttp\Promise\Promise->waitIfPending()
#10 E:\xampp73\htdocs\filecroco\loader\vendor\guzzlehttp\promises\src\EachPromise.php(101): GuzzleHttp\Promise\Promise->wait()
#11 E:\xampp73\htdocs\filecroco\loader\vendor\guzzlehttp\promises\src\Promise.php(246): GuzzleHttp\Promise\EachPromise->GuzzleHttp\Promise\{closure}(true)
#12 E:\xampp73\htdocs\filecroco\loader\vendor\guzzlehttp\promises\src\Promise.php(223): GuzzleHttp\Promise\Promise->invokeWaitFn()
#13 E:\xampp73\htdocs\filecroco\loader\vendor\guzzlehttp\promises\src\Promise.php(62): GuzzleHttp\Promise\Promise->waitIfPending()
#14 E:\xampp73\htdocs\filecroco\loader\updatedownloadlink.php(95): GuzzleHttp\Promise\Promise->wait()
#15 {main}|221GuzzleHttp\Exception\RequestException: cURL error 56:  (see http://curl.haxx.se/libcurl/c/libcurl-errors.html) in E:\xampp73\htdocs\filecroco\loader\vendor\guzzlehttp\guzzle\src\Handler\CurlFactory.php:186
Stack trace:
#0 E:\xampp73\htdocs\filecroco\loader\vendor\guzzlehttp\guzzle\src\Handler\CurlFactory.php(149): GuzzleHttp\Handler\CurlFactory::createRejection(Object(GuzzleHttp\Handler\EasyHandle), Array)
#1 E:\xampp73\htdocs\filecroco\loader\vendor\guzzlehttp\guzzle\src\Handler\CurlFactory.php(102): GuzzleHttp\Handler\CurlFactory::finishError(Object(GuzzleHttp\Handler\CurlMultiHandler), Object(GuzzleHttp\Handler\EasyHandle), Object(GuzzleHttp\Handler\CurlFactory))
#2 E:\xampp73\htdocs\filecroco\loader\vendor\guzzlehttp\guzzle\src\Handler\CurlMultiHandler.php(181): GuzzleHttp\Handler\CurlFactory::finish(Object(GuzzleHttp\Handler\CurlMultiHandler), Object(GuzzleHttp\Handler\EasyHandle), Object(GuzzleHttp\Handler\CurlFactory))
#3 E:\xampp73\htdocs\filecroco\loader\vendor\guzzlehttp\guzzle\src\Handler\CurlMultiHandler.php(110): GuzzleHttp\Handler\CurlMultiHandler->processMessages()
#4 E:\xampp73\htdocs\filecroco\loader\vendor\guzzlehttp\guzzle\src\Handler\CurlMultiHandler.php(125): GuzzleHttp\Handler\CurlMultiHandler->tick()
#5 E:\xampp73\htdocs\filecroco\loader\vendor\guzzlehttp\promises\src\Promise.php(246): GuzzleHttp\Handler\CurlMultiHandler->execute(true)
#6 E:\xampp73\htdocs\filecroco\loader\vendor\guzzlehttp\promises\src\Promise.php(223): GuzzleHttp\Promise\Promise->invokeWaitFn()
#7 E:\xampp73\htdocs\filecroco\loader\vendor\guzzlehttp\promises\src\Promise.php(267): GuzzleHttp\Promise\Promise->waitIfPending()
#8 E:\xampp73\htdocs\filecroco\loader\vendor\guzzlehttp\promises\src\Promise.php(225): GuzzleHttp\Promise\Promise->invokeWaitList()
#9 E:\xampp73\htdocs\filecroco\loader\vendor\guzzlehttp\promises\src\Promise.php(62): GuzzleHttp\Promise\Promise->waitIfPending()
#10 E:\xampp73\htdocs\filecroco\loader\vendor\guzzlehttp\promises\src\EachPromise.php(101): GuzzleHttp\Promise\Promise->wait()
#11 E:\xampp73\htdocs\filecroco\loader\vendor\guzzlehttp\promises\src\Promise.php(246): GuzzleHttp\Promise\EachPromise->GuzzleHttp\Promise\{closure}(true)
#12 E:\xampp73\htdocs\filecroco\loader\vendor\guzzlehttp\promises\src\Promise.php(223): GuzzleHttp\Promise\Promise->invokeWaitFn()
#13 E:\xampp73\htdocs\filecroco\loader\vendor\guzzlehttp\promises\src\Promise.php(62): GuzzleHttp\Promise\Promise->waitIfPending()
#14 E:\xampp73\htdocs\filecroco\loader\updatedownloadlink.php(95): GuzzleHttp\Promise\Promise->wait()
#15 {main}|222GuzzleHttp\Exception\RequestException: cURL error 56:  (see http://curl.haxx.se/libcurl/c/libcurl-errors.html) in E:\xampp73\htdocs\filecroco\loader\vendor\guzzlehttp\guzzle\src\Handler\CurlFactory.php:186
Stack trace:
#0 E:\xampp73\htdocs\filecroco\loader\vendor\guzzlehttp\guzzle\src\Handler\CurlFactory.php(149): GuzzleHttp\Handler\CurlFactory::createRejection(Object(GuzzleHttp\Handler\EasyHandle), Array)
#1 E:\xampp73\htdocs\filecroco\loader\vendor\guzzlehttp\guzzle\src\Handler\CurlFactory.php(102): GuzzleHttp\Handler\CurlFactory::finishError(Object(GuzzleHttp\Handler\CurlMultiHandler), Object(GuzzleHttp\Handler\EasyHandle), Object(GuzzleHttp\Handler\CurlFactory))
#2 E:\xampp73\htdocs\filecroco\loader\vendor\guzzlehttp\guzzle\src\Handler\CurlMultiHandler.php(181): GuzzleHttp\Handler\CurlFactory::finish(Object(GuzzleHttp\Handler\CurlMultiHandler), Object(GuzzleHttp\Handler\EasyHandle), Object(GuzzleHttp\Handler\CurlFactory))
#3 E:\xampp73\htdocs\filecroco\loader\vendor\guzzlehttp\guzzle\src\Handler\CurlMultiHandler.php(110): GuzzleHttp\Handler\CurlMultiHandler->processMessages()
#4 E:\xampp73\htdocs\filecroco\loader\vendor\guzzlehttp\guzzle\src\Handler\CurlMultiHandler.php(125): GuzzleHttp\Handler\CurlMultiHandler->tick()
#5 E:\xampp73\htdocs\filecroco\loader\vendor\guzzlehttp\promises\src\Promise.php(246): GuzzleHttp\Handler\CurlMultiHandler->execute(true)
#6 E:\xampp73\htdocs\filecroco\loader\vendor\guzzlehttp\promises\src\Promise.php(223): GuzzleHttp\Promise\Promise->invokeWaitFn()
#7 E:\xampp73\htdocs\filecroco\loader\vendor\guzzlehttp\promises\src\Promise.php(267): GuzzleHttp\Promise\Promise->waitIfPending()
#8 E:\xampp73\htdocs\filecroco\loader\vendor\guzzlehttp\promises\src\Promise.php(225): GuzzleHttp\Promise\Promise->invokeWaitList()
#9 E:\xampp73\htdocs\filecroco\loader\vendor\guzzlehttp\promises\src\Promise.php(62): GuzzleHttp\Promise\Promise->waitIfPending()
#10 E:\xampp73\htdocs\filecroco\loader\vendor\guzzlehttp\promises\src\EachPromise.php(101): GuzzleHttp\Promise\Promise->wait()
#11 E:\xampp73\htdocs\filecroco\loader\vendor\guzzlehttp\promises\src\Promise.php(246): GuzzleHttp\Promise\EachPromise->GuzzleHttp\Promise\{closure}(true)
#12 E:\xampp73\htdocs\filecroco\loader\vendor\guzzlehttp\promises\src\Promise.php(223): GuzzleHttp\Promise\Promise->invokeWaitFn()
#13 E:\xampp73\htdocs\filecroco\loader\vendor\guzzlehttp\promises\src\Promise.php(62): GuzzleHttp\Promise\Promise->waitIfPending()
#14 E:\xampp73\htdocs\filecroco\loader\updatedownloadlink.php(95): GuzzleHttp\Promise\Promise->wait()
#15 {main}|223GuzzleHttp\Exception\RequestException: cURL error 56:  (see http://curl.haxx.se/libcurl/c/libcurl-errors.html) in E:\xampp73\htdocs\filecroco\loader\vendor\guzzlehttp\guzzle\src\Handler\CurlFactory.php:186
Stack trace:
#0 E:\xampp73\htdocs\filecroco\loader\vendor\guzzlehttp\guzzle\src\Handler\CurlFactory.php(149): GuzzleHttp\Handler\CurlFactory::createRejection(Object(GuzzleHttp\Handler\EasyHandle), Array)
#1 E:\xampp73\htdocs\filecroco\loader\vendor\guzzlehttp\guzzle\src\Handler\CurlFactory.php(102): GuzzleHttp\Handler\CurlFactory::finishError(Object(GuzzleHttp\Handler\CurlMultiHandler), Object(GuzzleHttp\Handler\EasyHandle), Object(GuzzleHttp\Handler\CurlFactory))
#2 E:\xampp73\htdocs\filecroco\loader\vendor\guzzlehttp\guzzle\src\Handler\CurlMultiHandler.php(181): GuzzleHttp\Handler\CurlFactory::finish(Object(GuzzleHttp\Handler\CurlMultiHandler), Object(GuzzleHttp\Handler\EasyHandle), Object(GuzzleHttp\Handler\CurlFactory))
#3 E:\xampp73\htdocs\filecroco\loader\vendor\guzzlehttp\guzzle\src\Handler\CurlMultiHandler.php(110): GuzzleHttp\Handler\CurlMultiHandler->processMessages()
#4 E:\xampp73\htdocs\filecroco\loader\vendor\guzzlehttp\guzzle\src\Handler\CurlMultiHandler.php(125): GuzzleHttp\Handler\CurlMultiHandler->tick()
#5 E:\xampp73\htdocs\filecroco\loader\vendor\guzzlehttp\promises\src\Promise.php(246): GuzzleHttp\Handler\CurlMultiHandler->execute(true)
#6 E:\xampp73\htdocs\filecroco\loader\vendor\guzzlehttp\promises\src\Promise.php(223): GuzzleHttp\Promise\Promise->invokeWaitFn()
#7 E:\xampp73\htdocs\filecroco\loader\vendor\guzzlehttp\promises\src\Promise.php(267): GuzzleHttp\Promise\Promise->waitIfPending()
#8 E:\xampp73\htdocs\filecroco\loader\vendor\guzzlehttp\promises\src\Promise.php(225): GuzzleHttp\Promise\Promise->invokeWaitList()
#9 E:\xampp73\htdocs\filecroco\loader\vendor\guzzlehttp\promises\src\Promise.php(62): GuzzleHttp\Promise\Promise->waitIfPending()
#10 E:\xampp73\htdocs\filecroco\loader\vendor\guzzlehttp\promises\src\EachPromise.php(101): GuzzleHttp\Promise\Promise->wait()
#11 E:\xampp73\htdocs\filecroco\loader\vendor\guzzlehttp\promises\src\Promise.php(246): GuzzleHttp\Promise\EachPromise->GuzzleHttp\Promise\{closure}(true)
#12 E:\xampp73\htdocs\filecroco\loader\vendor\guzzlehttp\promises\src\Promise.php(223): GuzzleHttp\Promise\Promise->invokeWaitFn()
#13 E:\xampp73\htdocs\filecroco\loader\vendor\guzzlehttp\promises\src\Promise.php(62): GuzzleHttp\Promise\Promise->waitIfPending()
#14 E:\xampp73\htdocs\filecroco\loader\updatedownloadlink.php(95): GuzzleHttp\Promise\Promise->wait()
#15 {main}|224GuzzleHttp\Exception\RequestException: cURL error 56:  (see http://curl.haxx.se/libcurl/c/libcurl-errors.html) in E:\xampp73\htdocs\filecroco\loader\vendor\guzzlehttp\guzzle\src\Handler\CurlFactory.php:186
Stack trace:
#0 E:\xampp73\htdocs\filecroco\loader\vendor\guzzlehttp\guzzle\src\Handler\CurlFactory.php(149): GuzzleHttp\Handler\CurlFactory::createRejection(Object(GuzzleHttp\Handler\EasyHandle), Array)
#1 E:\xampp73\htdocs\filecroco\loader\vendor\guzzlehttp\guzzle\src\Handler\CurlFactory.php(102): GuzzleHttp\Handler\CurlFactory::finishError(Object(GuzzleHttp\Handler\CurlMultiHandler), Object(GuzzleHttp\Handler\EasyHandle), Object(GuzzleHttp\Handler\CurlFactory))
#2 E:\xampp73\htdocs\filecroco\loader\vendor\guzzlehttp\guzzle\src\Handler\CurlMultiHandler.php(181): GuzzleHttp\Handler\CurlFactory::finish(Object(GuzzleHttp\Handler\CurlMultiHandler), Object(GuzzleHttp\Handler\EasyHandle), Object(GuzzleHttp\Handler\CurlFactory))
#3 E:\xampp73\htdocs\filecroco\loader\vendor\guzzlehttp\guzzle\src\Handler\CurlMultiHandler.php(110): GuzzleHttp\Handler\CurlMultiHandler->processMessages()
#4 E:\xampp73\htdocs\filecroco\loader\vendor\guzzlehttp\guzzle\src\Handler\CurlMultiHandler.php(125): GuzzleHttp\Handler\CurlMultiHandler->tick()
#5 E:\xampp73\htdocs\filecroco\loader\vendor\guzzlehttp\promises\src\Promise.php(246): GuzzleHttp\Handler\CurlMultiHandler->execute(true)
#6 E:\xampp73\htdocs\filecroco\loader\vendor\guzzlehttp\promises\src\Promise.php(223): GuzzleHttp\Promise\Promise->invokeWaitFn()
#7 E:\xampp73\htdocs\filecroco\loader\vendor\guzzlehttp\promises\src\Promise.php(267): GuzzleHttp\Promise\Promise->waitIfPending()
#8 E:\xampp73\htdocs\filecroco\loader\vendor\guzzlehttp\promises\src\Promise.php(225): GuzzleHttp\Promise\Promise->invokeWaitList()
#9 E:\xampp73\htdocs\filecroco\loader\vendor\guzzlehttp\promises\src\Promise.php(62): GuzzleHttp\Promise\Promise->waitIfPending()
#10 E:\xampp73\htdocs\filecroco\loader\vendor\guzzlehttp\promises\src\EachPromise.php(101): GuzzleHttp\Promise\Promise->wait()
#11 E:\xampp73\htdocs\filecroco\loader\vendor\guzzlehttp\promises\src\Promise.php(246): GuzzleHttp\Promise\EachPromise->GuzzleHttp\Promise\{closure}(true)
#12 E:\xampp73\htdocs\filecroco\loader\vendor\guzzlehttp\promises\src\Promise.php(223): GuzzleHttp\Promise\Promise->invokeWaitFn()
#13 E:\xampp73\htdocs\filecroco\loader\vendor\guzzlehttp\promises\src\Promise.php(62): GuzzleHttp\Promise\Promise->waitIfPending()
#14 E:\xampp73\htdocs\filecroco\loader\updatedownloadlink.php(95): GuzzleHttp\Promise\Promise->wait()
#15 {main}|225GuzzleHttp\Exception\RequestException: cURL error 56:  (see http://curl.haxx.se/libcurl/c/libcurl-errors.html) in E:\xampp73\htdocs\filecroco\loader\vendor\guzzlehttp\guzzle\src\Handler\CurlFactory.php:186
Stack trace:
#0 E:\xampp73\htdocs\filecroco\loader\vendor\guzzlehttp\guzzle\src\Handler\CurlFactory.php(149): GuzzleHttp\Handler\CurlFactory::createRejection(Object(GuzzleHttp\Handler\EasyHandle), Array)
#1 E:\xampp73\htdocs\filecroco\loader\vendor\guzzlehttp\guzzle\src\Handler\CurlFactory.php(102): GuzzleHttp\Handler\CurlFactory::finishError(Object(GuzzleHttp\Handler\CurlMultiHandler), Object(GuzzleHttp\Handler\EasyHandle), Object(GuzzleHttp\Handler\CurlFactory))
#2 E:\xampp73\htdocs\filecroco\loader\vendor\guzzlehttp\guzzle\src\Handler\CurlMultiHandler.php(181): GuzzleHttp\Handler\CurlFactory::finish(Object(GuzzleHttp\Handler\CurlMultiHandler), Object(GuzzleHttp\Handler\EasyHandle), Object(GuzzleHttp\Handler\CurlFactory))
#3 E:\xampp73\htdocs\filecroco\loader\vendor\guzzlehttp\guzzle\src\Handler\CurlMultiHandler.php(110): GuzzleHttp\Handler\CurlMultiHandler->processMessages()
#4 E:\xampp73\htdocs\filecroco\loader\vendor\guzzlehttp\guzzle\src\Handler\CurlMultiHandler.php(125): GuzzleHttp\Handler\CurlMultiHandler->tick()
#5 E:\xampp73\htdocs\filecroco\loader\vendor\guzzlehttp\promises\src\Promise.php(246): GuzzleHttp\Handler\CurlMultiHandler->execute(true)
#6 E:\xampp73\htdocs\filecroco\loader\vendor\guzzlehttp\promises\src\Promise.php(223): GuzzleHttp\Promise\Promise->invokeWaitFn()
#7 E:\xampp73\htdocs\filecroco\loader\vendor\guzzlehttp\promises\src\Promise.php(267): GuzzleHttp\Promise\Promise->waitIfPending()
#8 E:\xampp73\htdocs\filecroco\loader\vendor\guzzlehttp\promises\src\Promise.php(225): GuzzleHttp\Promise\Promise->invokeWaitList()
#9 E:\xampp73\htdocs\filecroco\loader\vendor\guzzlehttp\promises\src\Promise.php(62): GuzzleHttp\Promise\Promise->waitIfPending()
#10 E:\xampp73\htdocs\filecroco\loader\vendor\guzzlehttp\promises\src\EachPromise.php(101): GuzzleHttp\Promise\Promise->wait()
#11 E:\xampp73\htdocs\filecroco\loader\vendor\guzzlehttp\promises\src\Promise.php(246): GuzzleHttp\Promise\EachPromise->GuzzleHttp\Promise\{closure}(true)
#12 E:\xampp73\htdocs\filecroco\loader\vendor\guzzlehttp\promises\src\Promise.php(223): GuzzleHttp\Promise\Promise->invokeWaitFn()
#13 E:\xampp73\htdocs\filecroco\loader\vendor\guzzlehttp\promises\src\Promise.php(62): GuzzleHttp\Promise\Promise->waitIfPending()
#14 E:\xampp73\htdocs\filecroco\loader\updatedownloadlink.php(95): GuzzleHttp\Promise\Promise->wait()
#15 {main}|226GuzzleHttp\Exception\RequestException: cURL error 56:  (see http://curl.haxx.se/libcurl/c/libcurl-errors.html) in E:\xampp73\htdocs\filecroco\loader\vendor\guzzlehttp\guzzle\src\Handler\CurlFactory.php:186
Stack trace:
#0 E:\xampp73\htdocs\filecroco\loader\vendor\guzzlehttp\guzzle\src\Handler\CurlFactory.php(149): GuzzleHttp\Handler\CurlFactory::createRejection(Object(GuzzleHttp\Handler\EasyHandle), Array)
#1 E:\xampp73\htdocs\filecroco\loader\vendor\guzzlehttp\guzzle\src\Handler\CurlFactory.php(102): GuzzleHttp\Handler\CurlFactory::finishError(Object(GuzzleHttp\Handler\CurlMultiHandler), Object(GuzzleHttp\Handler\EasyHandle), Object(GuzzleHttp\Handler\CurlFactory))
#2 E:\xampp73\htdocs\filecroco\loader\vendor\guzzlehttp\guzzle\src\Handler\CurlMultiHandler.php(181): GuzzleHttp\Handler\CurlFactory::finish(Object(GuzzleHttp\Handler\CurlMultiHandler), Object(GuzzleHttp\Handler\EasyHandle), Object(GuzzleHttp\Handler\CurlFactory))
#3 E:\xampp73\htdocs\filecroco\loader\vendor\guzzlehttp\guzzle\src\Handler\CurlMultiHandler.php(110): GuzzleHttp\Handler\CurlMultiHandler->processMessages()
#4 E:\xampp73\htdocs\filecroco\loader\vendor\guzzlehttp\guzzle\src\Handler\CurlMultiHandler.php(125): GuzzleHttp\Handler\CurlMultiHandler->tick()
#5 E:\xampp73\htdocs\filecroco\loader\vendor\guzzlehttp\promises\src\Promise.php(246): GuzzleHttp\Handler\CurlMultiHandler->execute(true)
#6 E:\xampp73\htdocs\filecroco\loader\vendor\guzzlehttp\promises\src\Promise.php(223): GuzzleHttp\Promise\Promise->invokeWaitFn()
#7 E:\xampp73\htdocs\filecroco\loader\vendor\guzzlehttp\promises\src\Promise.php(267): GuzzleHttp\Promise\Promise->waitIfPending()
#8 E:\xampp73\htdocs\filecroco\loader\vendor\guzzlehttp\promises\src\Promise.php(225): GuzzleHttp\Promise\Promise->invokeWaitList()
#9 E:\xampp73\htdocs\filecroco\loader\vendor\guzzlehttp\promises\src\Promise.php(62): GuzzleHttp\Promise\Promise->waitIfPending()
#10 E:\xampp73\htdocs\filecroco\loader\vendor\guzzlehttp\promises\src\EachPromise.php(101): GuzzleHttp\Promise\Promise->wait()
#11 E:\xampp73\htdocs\filecroco\loader\vendor\guzzlehttp\promises\src\Promise.php(246): GuzzleHttp\Promise\EachPromise->GuzzleHttp\Promise\{closure}(true)
#12 E:\xampp73\htdocs\filecroco\loader\vendor\guzzlehttp\promises\src\Promise.php(223): GuzzleHttp\Promise\Promise->invokeWaitFn()
#13 E:\xampp73\htdocs\filecroco\loader\vendor\guzzlehttp\promises\src\Promise.php(62): GuzzleHttp\Promise\Promise->waitIfPending()
#14 E:\xampp73\htdocs\filecroco\loader\updatedownloadlink.php(95): GuzzleHttp\Promise\Promise->wait()
#15 {main}|227GuzzleHttp\Exception\RequestException: cURL error 56:  (see http://curl.haxx.se/libcurl/c/libcurl-errors.html) in E:\xampp73\htdocs\filecroco\loader\vendor\guzzlehttp\guzzle\src\Handler\CurlFactory.php:186
Stack trace:
#0 E:\xampp73\htdocs\filecroco\loader\vendor\guzzlehttp\guzzle\src\Handler\CurlFactory.php(149): GuzzleHttp\Handler\CurlFactory::createRejection(Object(GuzzleHttp\Handler\EasyHandle), Array)
#1 E:\xampp73\htdocs\filecroco\loader\vendor\guzzlehttp\guzzle\src\Handler\CurlFactory.php(102): GuzzleHttp\Handler\CurlFactory::finishError(Object(GuzzleHttp\Handler\CurlMultiHandler), Object(GuzzleHttp\Handler\EasyHandle), Object(GuzzleHttp\Handler\CurlFactory))
#2 E:\xampp73\htdocs\filecroco\loader\vendor\guzzlehttp\guzzle\src\Handler\CurlMultiHandler.php(181): GuzzleHttp\Handler\CurlFactory::finish(Object(GuzzleHttp\Handler\CurlMultiHandler), Object(GuzzleHttp\Handler\EasyHandle), Object(GuzzleHttp\Handler\CurlFactory))
#3 E:\xampp73\htdocs\filecroco\loader\vendor\guzzlehttp\guzzle\src\Handler\CurlMultiHandler.php(110): GuzzleHttp\Handler\CurlMultiHandler->processMessages()
#4 E:\xampp73\htdocs\filecroco\loader\vendor\guzzlehttp\guzzle\src\Handler\CurlMultiHandler.php(125): GuzzleHttp\Handler\CurlMultiHandler->tick()
#5 E:\xampp73\htdocs\filecroco\loader\vendor\guzzlehttp\promises\src\Promise.php(246): GuzzleHttp\Handler\CurlMultiHandler->execute(true)
#6 E:\xampp73\htdocs\filecroco\loader\vendor\guzzlehttp\promises\src\Promise.php(223): GuzzleHttp\Promise\Promise->invokeWaitFn()
#7 E:\xampp73\htdocs\filecroco\loader\vendor\guzzlehttp\promises\src\Promise.php(267): GuzzleHttp\Promise\Promise->waitIfPending()
#8 E:\xampp73\htdocs\filecroco\loader\vendor\guzzlehttp\promises\src\Promise.php(225): GuzzleHttp\Promise\Promise->invokeWaitList()
#9 E:\xampp73\htdocs\filecroco\loader\vendor\guzzlehttp\promises\src\Promise.php(62): GuzzleHttp\Promise\Promise->waitIfPending()
#10 E:\xampp73\htdocs\filecroco\loader\vendor\guzzlehttp\promises\src\EachPromise.php(101): GuzzleHttp\Promise\Promise->wait()
#11 E:\xampp73\htdocs\filecroco\loader\vendor\guzzlehttp\promises\src\Promise.php(246): GuzzleHttp\Promise\EachPromise->GuzzleHttp\Promise\{closure}(true)
#12 E:\xampp73\htdocs\filecroco\loader\vendor\guzzlehttp\promises\src\Promise.php(223): GuzzleHttp\Promise\Promise->invokeWaitFn()
#13 E:\xampp73\htdocs\filecroco\loader\vendor\guzzlehttp\promises\src\Promise.php(62): GuzzleHttp\Promise\Promise->waitIfPending()
#14 E:\xampp73\htdocs\filecroco\loader\updatedownloadlink.php(95): GuzzleHttp\Promise\Promise->wait()
#15 {main}|228GuzzleHttp\Exception\RequestException: cURL error 56:  (see http://curl.haxx.se/libcurl/c/libcurl-errors.html) in E:\xampp73\htdocs\filecroco\loader\vendor\guzzlehttp\guzzle\src\Handler\CurlFactory.php:186
Stack trace:
#0 E:\xampp73\htdocs\filecroco\loader\vendor\guzzlehttp\guzzle\src\Handler\CurlFactory.php(149): GuzzleHttp\Handler\CurlFactory::createRejection(Object(GuzzleHttp\Handler\EasyHandle), Array)
#1 E:\xampp73\htdocs\filecroco\loader\vendor\guzzlehttp\guzzle\src\Handler\CurlFactory.php(102): GuzzleHttp\Handler\CurlFactory::finishError(Object(GuzzleHttp\Handler\CurlMultiHandler), Object(GuzzleHttp\Handler\EasyHandle), Object(GuzzleHttp\Handler\CurlFactory))
#2 E:\xampp73\htdocs\filecroco\loader\vendor\guzzlehttp\guzzle\src\Handler\CurlMultiHandler.php(181): GuzzleHttp\Handler\CurlFactory::finish(Object(GuzzleHttp\Handler\CurlMultiHandler), Object(GuzzleHttp\Handler\EasyHandle), Object(GuzzleHttp\Handler\CurlFactory))
#3 E:\xampp73\htdocs\filecroco\loader\vendor\guzzlehttp\guzzle\src\Handler\CurlMultiHandler.php(110): GuzzleHttp\Handler\CurlMultiHandler->processMessages()
#4 E:\xampp73\htdocs\filecroco\loader\vendor\guzzlehttp\guzzle\src\Handler\CurlMultiHandler.php(125): GuzzleHttp\Handler\CurlMultiHandler->tick()
#5 E:\xampp73\htdocs\filecroco\loader\vendor\guzzlehttp\promises\src\Promise.php(246): GuzzleHttp\Handler\CurlMultiHandler->execute(true)
#6 E:\xampp73\htdocs\filecroco\loader\vendor\guzzlehttp\promises\src\Promise.php(223): GuzzleHttp\Promise\Promise->invokeWaitFn()
#7 E:\xampp73\htdocs\filecroco\loader\vendor\guzzlehttp\promises\src\Promise.php(267): GuzzleHttp\Promise\Promise->waitIfPending()
#8 E:\xampp73\htdocs\filecroco\loader\vendor\guzzlehttp\promises\src\Promise.php(225): GuzzleHttp\Promise\Promise->invokeWaitList()
#9 E:\xampp73\htdocs\filecroco\loader\vendor\guzzlehttp\promises\src\Promise.php(62): GuzzleHttp\Promise\Promise->waitIfPending()
#10 E:\xampp73\htdocs\filecroco\loader\vendor\guzzlehttp\promises\src\EachPromise.php(101): GuzzleHttp\Promise\Promise->wait()
#11 E:\xampp73\htdocs\filecroco\loader\vendor\guzzlehttp\promises\src\Promise.php(246): GuzzleHttp\Promise\EachPromise->GuzzleHttp\Promise\{closure}(true)
#12 E:\xampp73\htdocs\filecroco\loader\vendor\guzzlehttp\promises\src\Promise.php(223): GuzzleHttp\Promise\Promise->invokeWaitFn()
#13 E:\xampp73\htdocs\filecroco\loader\vendor\guzzlehttp\promises\src\Promise.php(62): GuzzleHttp\Promise\Promise->waitIfPending()
#14 E:\xampp73\htdocs\filecroco\loader\updatedownloadlink.php(95): GuzzleHttp\Promise\Promise->wait()
#15 {main}|229GuzzleHttp\Exception\RequestException: cURL error 56:  (see http://curl.haxx.se/libcurl/c/libcurl-errors.html) in E:\xampp73\htdocs\filecroco\loader\vendor\guzzlehttp\guzzle\src\Handler\CurlFactory.php:186
Stack trace:
#0 E:\xampp73\htdocs\filecroco\loader\vendor\guzzlehttp\guzzle\src\Handler\CurlFactory.php(149): GuzzleHttp\Handler\CurlFactory::createRejection(Object(GuzzleHttp\Handler\EasyHandle), Array)
#1 E:\xampp73\htdocs\filecroco\loader\vendor\guzzlehttp\guzzle\src\Handler\CurlFactory.php(102): GuzzleHttp\Handler\CurlFactory::finishError(Object(GuzzleHttp\Handler\CurlMultiHandler), Object(GuzzleHttp\Handler\EasyHandle), Object(GuzzleHttp\Handler\CurlFactory))
#2 E:\xampp73\htdocs\filecroco\loader\vendor\guzzlehttp\guzzle\src\Handler\CurlMultiHandler.php(181): GuzzleHttp\Handler\CurlFactory::finish(Object(GuzzleHttp\Handler\CurlMultiHandler), Object(GuzzleHttp\Handler\EasyHandle), Object(GuzzleHttp\Handler\CurlFactory))
#3 E:\xampp73\htdocs\filecroco\loader\vendor\guzzlehttp\guzzle\src\Handler\CurlMultiHandler.php(110): GuzzleHttp\Handler\CurlMultiHandler->processMessages()
#4 E:\xampp73\htdocs\filecroco\loader\vendor\guzzlehttp\guzzle\src\Handler\CurlMultiHandler.php(125): GuzzleHttp\Handler\CurlMultiHandler->tick()
#5 E:\xampp73\htdocs\filecroco\loader\vendor\guzzlehttp\promises\src\Promise.php(246): GuzzleHttp\Handler\CurlMultiHandler->execute(true)
#6 E:\xampp73\htdocs\filecroco\loader\vendor\guzzlehttp\promises\src\Promise.php(223): GuzzleHttp\Promise\Promise->invokeWaitFn()
#7 E:\xampp73\htdocs\filecroco\loader\vendor\guzzlehttp\promises\src\Promise.php(267): GuzzleHttp\Promise\Promise->waitIfPending()
#8 E:\xampp73\htdocs\filecroco\loader\vendor\guzzlehttp\promises\src\Promise.php(225): GuzzleHttp\Promise\Promise->invokeWaitList()
#9 E:\xampp73\htdocs\filecroco\loader\vendor\guzzlehttp\promises\src\Promise.php(62): GuzzleHttp\Promise\Promise->waitIfPending()
#10 E:\xampp73\htdocs\filecroco\loader\vendor\guzzlehttp\promises\src\EachPromise.php(101): GuzzleHttp\Promise\Promise->wait()
#11 E:\xampp73\htdocs\filecroco\loader\vendor\guzzlehttp\promises\src\Promise.php(246): GuzzleHttp\Promise\EachPromise->GuzzleHttp\Promise\{closure}(true)
#12 E:\xampp73\htdocs\filecroco\loader\vendor\guzzlehttp\promises\src\Promise.php(223): GuzzleHttp\Promise\Promise->invokeWaitFn()
#13 E:\xampp73\htdocs\filecroco\loader\vendor\guzzlehttp\promises\src\Promise.php(62): GuzzleHttp\Promise\Promise->waitIfPending()
#14 E:\xampp73\htdocs\filecroco\loader\updatedownloadlink.php(95): GuzzleHttp\Promise\Promise->wait()
#15 {main}|230GuzzleHttp\Exception\RequestException: cURL error 56:  (see http://curl.haxx.se/libcurl/c/libcurl-errors.html) in E:\xampp73\htdocs\filecroco\loader\vendor\guzzlehttp\guzzle\src\Handler\CurlFactory.php:186
Stack trace:
#0 E:\xampp73\htdocs\filecroco\loader\vendor\guzzlehttp\guzzle\src\Handler\CurlFactory.php(149): GuzzleHttp\Handler\CurlFactory::createRejection(Object(GuzzleHttp\Handler\EasyHandle), Array)
#1 E:\xampp73\htdocs\filecroco\loader\vendor\guzzlehttp\guzzle\src\Handler\CurlFactory.php(102): GuzzleHttp\Handler\CurlFactory::finishError(Object(GuzzleHttp\Handler\CurlMultiHandler), Object(GuzzleHttp\Handler\EasyHandle), Object(GuzzleHttp\Handler\CurlFactory))
#2 E:\xampp73\htdocs\filecroco\loader\vendor\guzzlehttp\guzzle\src\Handler\CurlMultiHandler.php(181): GuzzleHttp\Handler\CurlFactory::finish(Object(GuzzleHttp\Handler\CurlMultiHandler), Object(GuzzleHttp\Handler\EasyHandle), Object(GuzzleHttp\Handler\CurlFactory))
#3 E:\xampp73\htdocs\filecroco\loader\vendor\guzzlehttp\guzzle\src\Handler\CurlMultiHandler.php(110): GuzzleHttp\Handler\CurlMultiHandler->processMessages()
#4 E:\xampp73\htdocs\filecroco\loader\vendor\guzzlehttp\guzzle\src\Handler\CurlMultiHandler.php(125): GuzzleHttp\Handler\CurlMultiHandler->tick()
#5 E:\xampp73\htdocs\filecroco\loader\vendor\guzzlehttp\promises\src\Promise.php(246): GuzzleHttp\Handler\CurlMultiHandler->execute(true)
#6 E:\xampp73\htdocs\filecroco\loader\vendor\guzzlehttp\promises\src\Promise.php(223): GuzzleHttp\Promise\Promise->invokeWaitFn()
#7 E:\xampp73\htdocs\filecroco\loader\vendor\guzzlehttp\promises\src\Promise.php(267): GuzzleHttp\Promise\Promise->waitIfPending()
#8 E:\xampp73\htdocs\filecroco\loader\vendor\guzzlehttp\promises\src\Promise.php(225): GuzzleHttp\Promise\Promise->invokeWaitList()
#9 E:\xampp73\htdocs\filecroco\loader\vendor\guzzlehttp\promises\src\Promise.php(62): GuzzleHttp\Promise\Promise->waitIfPending()
#10 E:\xampp73\htdocs\filecroco\loader\vendor\guzzlehttp\promises\src\EachPromise.php(101): GuzzleHttp\Promise\Promise->wait()
#11 E:\xampp73\htdocs\filecroco\loader\vendor\guzzlehttp\promises\src\Promise.php(246): GuzzleHttp\Promise\EachPromise->GuzzleHttp\Promise\{closure}(true)
#12 E:\xampp73\htdocs\filecroco\loader\vendor\guzzlehttp\promises\src\Promise.php(223): GuzzleHttp\Promise\Promise->invokeWaitFn()
#13 E:\xampp73\htdocs\filecroco\loader\vendor\guzzlehttp\promises\src\Promise.php(62): GuzzleHttp\Promise\Promise->waitIfPending()
#14 E:\xampp73\htdocs\filecroco\loader\updatedownloadlink.php(95): GuzzleHttp\Promise\Promise->wait()
#15 {main}|231GuzzleHttp\Exception\RequestException: cURL error 56:  (see http://curl.haxx.se/libcurl/c/libcurl-errors.html) in E:\xampp73\htdocs\filecroco\loader\vendor\guzzlehttp\guzzle\src\Handler\CurlFactory.php:186
Stack trace:
#0 E:\xampp73\htdocs\filecroco\loader\vendor\guzzlehttp\guzzle\src\Handler\CurlFactory.php(149): GuzzleHttp\Handler\CurlFactory::createRejection(Object(GuzzleHttp\Handler\EasyHandle), Array)
#1 E:\xampp73\htdocs\filecroco\loader\vendor\guzzlehttp\guzzle\src\Handler\CurlFactory.php(102): GuzzleHttp\Handler\CurlFactory::finishError(Object(GuzzleHttp\Handler\CurlMultiHandler), Object(GuzzleHttp\Handler\EasyHandle), Object(GuzzleHttp\Handler\CurlFactory))
#2 E:\xampp73\htdocs\filecroco\loader\vendor\guzzlehttp\guzzle\src\Handler\CurlMultiHandler.php(181): GuzzleHttp\Handler\CurlFactory::finish(Object(GuzzleHttp\Handler\CurlMultiHandler), Object(GuzzleHttp\Handler\EasyHandle), Object(GuzzleHttp\Handler\CurlFactory))
#3 E:\xampp73\htdocs\filecroco\loader\vendor\guzzlehttp\guzzle\src\Handler\CurlMultiHandler.php(110): GuzzleHttp\Handler\CurlMultiHandler->processMessages()
#4 E:\xampp73\htdocs\filecroco\loader\vendor\guzzlehttp\guzzle\src\Handler\CurlMultiHandler.php(125): GuzzleHttp\Handler\CurlMultiHandler->tick()
#5 E:\xampp73\htdocs\filecroco\loader\vendor\guzzlehttp\promises\src\Promise.php(246): GuzzleHttp\Handler\CurlMultiHandler->execute(true)
#6 E:\xampp73\htdocs\filecroco\loader\vendor\guzzlehttp\promises\src\Promise.php(223): GuzzleHttp\Promise\Promise->invokeWaitFn()
#7 E:\xampp73\htdocs\filecroco\loader\vendor\guzzlehttp\promises\src\Promise.php(267): GuzzleHttp\Promise\Promise->waitIfPending()
#8 E:\xampp73\htdocs\filecroco\loader\vendor\guzzlehttp\promises\src\Promise.php(225): GuzzleHttp\Promise\Promise->invokeWaitList()
#9 E:\xampp73\htdocs\filecroco\loader\vendor\guzzlehttp\promises\src\Promise.php(62): GuzzleHttp\Promise\Promise->waitIfPending()
#10 E:\xampp73\htdocs\filecroco\loader\vendor\guzzlehttp\promises\src\EachPromise.php(101): GuzzleHttp\Promise\Promise->wait()
#11 E:\xampp73\htdocs\filecroco\loader\vendor\guzzlehttp\promises\src\Promise.php(246): GuzzleHttp\Promise\EachPromise->GuzzleHttp\Promise\{closure}(true)
#12 E:\xampp73\htdocs\filecroco\loader\vendor\guzzlehttp\promises\src\Promise.php(223): GuzzleHttp\Promise\Promise->invokeWaitFn()
#13 E:\xampp73\htdocs\filecroco\loader\vendor\guzzlehttp\promises\src\Promise.php(62): GuzzleHttp\Promise\Promise->waitIfPending()
#14 E:\xampp73\htdocs\filecroco\loader\updatedownloadlink.php(95): GuzzleHttp\Promise\Promise->wait()
#15 {main}|232GuzzleHttp\Exception\RequestException: cURL error 56:  (see http://curl.haxx.se/libcurl/c/libcurl-errors.html) in E:\xampp73\htdocs\filecroco\loader\vendor\guzzlehttp\guzzle\src\Handler\CurlFactory.php:186
Stack trace:
#0 E:\xampp73\htdocs\filecroco\loader\vendor\guzzlehttp\guzzle\src\Handler\CurlFactory.php(149): GuzzleHttp\Handler\CurlFactory::createRejection(Object(GuzzleHttp\Handler\EasyHandle), Array)
#1 E:\xampp73\htdocs\filecroco\loader\vendor\guzzlehttp\guzzle\src\Handler\CurlFactory.php(102): GuzzleHttp\Handler\CurlFactory::finishError(Object(GuzzleHttp\Handler\CurlMultiHandler), Object(GuzzleHttp\Handler\EasyHandle), Object(GuzzleHttp\Handler\CurlFactory))
#2 E:\xampp73\htdocs\filecroco\loader\vendor\guzzlehttp\guzzle\src\Handler\CurlMultiHandler.php(181): GuzzleHttp\Handler\CurlFactory::finish(Object(GuzzleHttp\Handler\CurlMultiHandler), Object(GuzzleHttp\Handler\EasyHandle), Object(GuzzleHttp\Handler\CurlFactory))
#3 E:\xampp73\htdocs\filecroco\loader\vendor\guzzlehttp\guzzle\src\Handler\CurlMultiHandler.php(110): GuzzleHttp\Handler\CurlMultiHandler->processMessages()
#4 E:\xampp73\htdocs\filecroco\loader\vendor\guzzlehttp\guzzle\src\Handler\CurlMultiHandler.php(125): GuzzleHttp\Handler\CurlMultiHandler->tick()
#5 E:\xampp73\htdocs\filecroco\loader\vendor\guzzlehttp\promises\src\Promise.php(246): GuzzleHttp\Handler\CurlMultiHandler->execute(true)
#6 E:\xampp73\htdocs\filecroco\loader\vendor\guzzlehttp\promises\src\Promise.php(223): GuzzleHttp\Promise\Promise->invokeWaitFn()
#7 E:\xampp73\htdocs\filecroco\loader\vendor\guzzlehttp\promises\src\Promise.php(267): GuzzleHttp\Promise\Promise->waitIfPending()
#8 E:\xampp73\htdocs\filecroco\loader\vendor\guzzlehttp\promises\src\Promise.php(225): GuzzleHttp\Promise\Promise->invokeWaitList()
#9 E:\xampp73\htdocs\filecroco\loader\vendor\guzzlehttp\promises\src\Promise.php(62): GuzzleHttp\Promise\Promise->waitIfPending()
#10 E:\xampp73\htdocs\filecroco\loader\vendor\guzzlehttp\promises\src\EachPromise.php(101): GuzzleHttp\Promise\Promise->wait()
#11 E:\xampp73\htdocs\filecroco\loader\vendor\guzzlehttp\promises\src\Promise.php(246): GuzzleHttp\Promise\EachPromise->GuzzleHttp\Promise\{closure}(true)
#12 E:\xampp73\htdocs\filecroco\loader\vendor\guzzlehttp\promises\src\Promise.php(223): GuzzleHttp\Promise\Promise->invokeWaitFn()
#13 E:\xampp73\htdocs\filecroco\loader\vendor\guzzlehttp\promises\src\Promise.php(62): GuzzleHttp\Promise\Promise->waitIfPending()
#14 E:\xampp73\htdocs\filecroco\loader\updatedownloadlink.php(95): GuzzleHttp\Promise\Promise->wait()
#15 {main}|233GuzzleHttp\Exception\RequestException: cURL error 56:  (see http://curl.haxx.se/libcurl/c/libcurl-errors.html) in E:\xampp73\htdocs\filecroco\loader\vendor\guzzlehttp\guzzle\src\Handler\CurlFactory.php:186
Stack trace:
#0 E:\xampp73\htdocs\filecroco\loader\vendor\guzzlehttp\guzzle\src\Handler\CurlFactory.php(149): GuzzleHttp\Handler\CurlFactory::createRejection(Object(GuzzleHttp\Handler\EasyHandle), Array)
#1 E:\xampp73\htdocs\filecroco\loader\vendor\guzzlehttp\guzzle\src\Handler\CurlFactory.php(102): GuzzleHttp\Handler\CurlFactory::finishError(Object(GuzzleHttp\Handler\CurlMultiHandler), Object(GuzzleHttp\Handler\EasyHandle), Object(GuzzleHttp\Handler\CurlFactory))
#2 E:\xampp73\htdocs\filecroco\loader\vendor\guzzlehttp\guzzle\src\Handler\CurlMultiHandler.php(181): GuzzleHttp\Handler\CurlFactory::finish(Object(GuzzleHttp\Handler\CurlMultiHandler), Object(GuzzleHttp\Handler\EasyHandle), Object(GuzzleHttp\Handler\CurlFactory))
#3 E:\xampp73\htdocs\filecroco\loader\vendor\guzzlehttp\guzzle\src\Handler\CurlMultiHandler.php(110): GuzzleHttp\Handler\CurlMultiHandler->processMessages()
#4 E:\xampp73\htdocs\filecroco\loader\vendor\guzzlehttp\guzzle\src\Handler\CurlMultiHandler.php(125): GuzzleHttp\Handler\CurlMultiHandler->tick()
#5 E:\xampp73\htdocs\filecroco\loader\vendor\guzzlehttp\promises\src\Promise.php(246): GuzzleHttp\Handler\CurlMultiHandler->execute(true)
#6 E:\xampp73\htdocs\filecroco\loader\vendor\guzzlehttp\promises\src\Promise.php(223): GuzzleHttp\Promise\Promise->invokeWaitFn()
#7 E:\xampp73\htdocs\filecroco\loader\vendor\guzzlehttp\promises\src\Promise.php(267): GuzzleHttp\Promise\Promise->waitIfPending()
#8 E:\xampp73\htdocs\filecroco\loader\vendor\guzzlehttp\promises\src\Promise.php(225): GuzzleHttp\Promise\Promise->invokeWaitList()
#9 E:\xampp73\htdocs\filecroco\loader\vendor\guzzlehttp\promises\src\Promise.php(62): GuzzleHttp\Promise\Promise->waitIfPending()
#10 E:\xampp73\htdocs\filecroco\loader\vendor\guzzlehttp\promises\src\EachPromise.php(101): GuzzleHttp\Promise\Promise->wait()
#11 E:\xampp73\htdocs\filecroco\loader\vendor\guzzlehttp\promises\src\Promise.php(246): GuzzleHttp\Promise\EachPromise->GuzzleHttp\Promise\{closure}(true)
#12 E:\xampp73\htdocs\filecroco\loader\vendor\guzzlehttp\promises\src\Promise.php(223): GuzzleHttp\Promise\Promise->invokeWaitFn()
#13 E:\xampp73\htdocs\filecroco\loader\vendor\guzzlehttp\promises\src\Promise.php(62): GuzzleHttp\Promise\Promise->waitIfPending()
#14 E:\xampp73\htdocs\filecroco\loader\updatedownloadlink.php(95): GuzzleHttp\Promise\Promise->wait()
#15 {main}|234GuzzleHttp\Exception\RequestException: cURL error 56:  (see http://curl.haxx.se/libcurl/c/libcurl-errors.html) in E:\xampp73\htdocs\filecroco\loader\vendor\guzzlehttp\guzzle\src\Handler\CurlFactory.php:186
Stack trace:
#0 E:\xampp73\htdocs\filecroco\loader\vendor\guzzlehttp\guzzle\src\Handler\CurlFactory.php(149): GuzzleHttp\Handler\CurlFactory::createRejection(Object(GuzzleHttp\Handler\EasyHandle), Array)
#1 E:\xampp73\htdocs\filecroco\loader\vendor\guzzlehttp\guzzle\src\Handler\CurlFactory.php(102): GuzzleHttp\Handler\CurlFactory::finishError(Object(GuzzleHttp\Handler\CurlMultiHandler), Object(GuzzleHttp\Handler\EasyHandle), Object(GuzzleHttp\Handler\CurlFactory))
#2 E:\xampp73\htdocs\filecroco\loader\vendor\guzzlehttp\guzzle\src\Handler\CurlMultiHandler.php(181): GuzzleHttp\Handler\CurlFactory::finish(Object(GuzzleHttp\Handler\CurlMultiHandler), Object(GuzzleHttp\Handler\EasyHandle), Object(GuzzleHttp\Handler\CurlFactory))
#3 E:\xampp73\htdocs\filecroco\loader\vendor\guzzlehttp\guzzle\src\Handler\CurlMultiHandler.php(110): GuzzleHttp\Handler\CurlMultiHandler->processMessages()
#4 E:\xampp73\htdocs\filecroco\loader\vendor\guzzlehttp\guzzle\src\Handler\CurlMultiHandler.php(125): GuzzleHttp\Handler\CurlMultiHandler->tick()
#5 E:\xampp73\htdocs\filecroco\loader\vendor\guzzlehttp\promises\src\Promise.php(246): GuzzleHttp\Handler\CurlMultiHandler->execute(true)
#6 E:\xampp73\htdocs\filecroco\loader\vendor\guzzlehttp\promises\src\Promise.php(223): GuzzleHttp\Promise\Promise->invokeWaitFn()
#7 E:\xampp73\htdocs\filecroco\loader\vendor\guzzlehttp\promises\src\Promise.php(267): GuzzleHttp\Promise\Promise->waitIfPending()
#8 E:\xampp73\htdocs\filecroco\loader\vendor\guzzlehttp\promises\src\Promise.php(225): GuzzleHttp\Promise\Promise->invokeWaitList()
#9 E:\xampp73\htdocs\filecroco\loader\vendor\guzzlehttp\promises\src\Promise.php(62): GuzzleHttp\Promise\Promise->waitIfPending()
#10 E:\xampp73\htdocs\filecroco\loader\vendor\guzzlehttp\promises\src\EachPromise.php(101): GuzzleHttp\Promise\Promise->wait()
#11 E:\xampp73\htdocs\filecroco\loader\vendor\guzzlehttp\promises\src\Promise.php(246): GuzzleHttp\Promise\EachPromise->GuzzleHttp\Promise\{closure}(true)
#12 E:\xampp73\htdocs\filecroco\loader\vendor\guzzlehttp\promises\src\Promise.php(223): GuzzleHttp\Promise\Promise->invokeWaitFn()
#13 E:\xampp73\htdocs\filecroco\loader\vendor\guzzlehttp\promises\src\Promise.php(62): GuzzleHttp\Promise\Promise->waitIfPending()
#14 E:\xampp73\htdocs\filecroco\loader\updatedownloadlink.php(95): GuzzleHttp\Promise\Promise->wait()
#15 {main}|235GuzzleHttp\Exception\RequestException: cURL error 56:  (see http://curl.haxx.se/libcurl/c/libcurl-errors.html) in E:\xampp73\htdocs\filecroco\loader\vendor\guzzlehttp\guzzle\src\Handler\CurlFactory.php:186
Stack trace:
#0 E:\xampp73\htdocs\filecroco\loader\vendor\guzzlehttp\guzzle\src\Handler\CurlFactory.php(149): GuzzleHttp\Handler\CurlFactory::createRejection(Object(GuzzleHttp\Handler\EasyHandle), Array)
#1 E:\xampp73\htdocs\filecroco\loader\vendor\guzzlehttp\guzzle\src\Handler\CurlFactory.php(102): GuzzleHttp\Handler\CurlFactory::finishError(Object(GuzzleHttp\Handler\CurlMultiHandler), Object(GuzzleHttp\Handler\EasyHandle), Object(GuzzleHttp\Handler\CurlFactory))
#2 E:\xampp73\htdocs\filecroco\loader\vendor\guzzlehttp\guzzle\src\Handler\CurlMultiHandler.php(181): GuzzleHttp\Handler\CurlFactory::finish(Object(GuzzleHttp\Handler\CurlMultiHandler), Object(GuzzleHttp\Handler\EasyHandle), Object(GuzzleHttp\Handler\CurlFactory))
#3 E:\xampp73\htdocs\filecroco\loader\vendor\guzzlehttp\guzzle\src\Handler\CurlMultiHandler.php(110): GuzzleHttp\Handler\CurlMultiHandler->processMessages()
#4 E:\xampp73\htdocs\filecroco\loader\vendor\guzzlehttp\guzzle\src\Handler\CurlMultiHandler.php(125): GuzzleHttp\Handler\CurlMultiHandler->tick()
#5 E:\xampp73\htdocs\filecroco\loader\vendor\guzzlehttp\promises\src\Promise.php(246): GuzzleHttp\Handler\CurlMultiHandler->execute(true)
#6 E:\xampp73\htdocs\filecroco\loader\vendor\guzzlehttp\promises\src\Promise.php(223): GuzzleHttp\Promise\Promise->invokeWaitFn()
#7 E:\xampp73\htdocs\filecroco\loader\vendor\guzzlehttp\promises\src\Promise.php(267): GuzzleHttp\Promise\Promise->waitIfPending()
#8 E:\xampp73\htdocs\filecroco\loader\vendor\guzzlehttp\promises\src\Promise.php(225): GuzzleHttp\Promise\Promise->invokeWaitList()
#9 E:\xampp73\htdocs\filecroco\loader\vendor\guzzlehttp\promises\src\Promise.php(62): GuzzleHttp\Promise\Promise->waitIfPending()
#10 E:\xampp73\htdocs\filecroco\loader\vendor\guzzlehttp\promises\src\EachPromise.php(101): GuzzleHttp\Promise\Promise->wait()
#11 E:\xampp73\htdocs\filecroco\loader\vendor\guzzlehttp\promises\src\Promise.php(246): GuzzleHttp\Promise\EachPromise->GuzzleHttp\Promise\{closure}(true)
#12 E:\xampp73\htdocs\filecroco\loader\vendor\guzzlehttp\promises\src\Promise.php(223): GuzzleHttp\Promise\Promise->invokeWaitFn()
#13 E:\xampp73\htdocs\filecroco\loader\vendor\guzzlehttp\promises\src\Promise.php(62): GuzzleHttp\Promise\Promise->waitIfPending()
#14 E:\xampp73\htdocs\filecroco\loader\updatedownloadlink.php(95): GuzzleHttp\Promise\Promise->wait()
#15 {main}|236GuzzleHttp\Exception\RequestException: cURL error 56:  (see http://curl.haxx.se/libcurl/c/libcurl-errors.html) in E:\xampp73\htdocs\filecroco\loader\vendor\guzzlehttp\guzzle\src\Handler\CurlFactory.php:186
Stack trace:
#0 E:\xampp73\htdocs\filecroco\loader\vendor\guzzlehttp\guzzle\src\Handler\CurlFactory.php(149): GuzzleHttp\Handler\CurlFactory::createRejection(Object(GuzzleHttp\Handler\EasyHandle), Array)
#1 E:\xampp73\htdocs\filecroco\loader\vendor\guzzlehttp\guzzle\src\Handler\CurlFactory.php(102): GuzzleHttp\Handler\CurlFactory::finishError(Object(GuzzleHttp\Handler\CurlMultiHandler), Object(GuzzleHttp\Handler\EasyHandle), Object(GuzzleHttp\Handler\CurlFactory))
#2 E:\xampp73\htdocs\filecroco\loader\vendor\guzzlehttp\guzzle\src\Handler\CurlMultiHandler.php(181): GuzzleHttp\Handler\CurlFactory::finish(Object(GuzzleHttp\Handler\CurlMultiHandler), Object(GuzzleHttp\Handler\EasyHandle), Object(GuzzleHttp\Handler\CurlFactory))
#3 E:\xampp73\htdocs\filecroco\loader\vendor\guzzlehttp\guzzle\src\Handler\CurlMultiHandler.php(110): GuzzleHttp\Handler\CurlMultiHandler->processMessages()
#4 E:\xampp73\htdocs\filecroco\loader\vendor\guzzlehttp\guzzle\src\Handler\CurlMultiHandler.php(125): GuzzleHttp\Handler\CurlMultiHandler->tick()
#5 E:\xampp73\htdocs\filecroco\loader\vendor\guzzlehttp\promises\src\Promise.php(246): GuzzleHttp\Handler\CurlMultiHandler->execute(true)
#6 E:\xampp73\htdocs\filecroco\loader\vendor\guzzlehttp\promises\src\Promise.php(223): GuzzleHttp\Promise\Promise->invokeWaitFn()
#7 E:\xampp73\htdocs\filecroco\loader\vendor\guzzlehttp\promises\src\Promise.php(267): GuzzleHttp\Promise\Promise->waitIfPending()
#8 E:\xampp73\htdocs\filecroco\loader\vendor\guzzlehttp\promises\src\Promise.php(225): GuzzleHttp\Promise\Promise->invokeWaitList()
#9 E:\xampp73\htdocs\filecroco\loader\vendor\guzzlehttp\promises\src\Promise.php(62): GuzzleHttp\Promise\Promise->waitIfPending()
#10 E:\xampp73\htdocs\filecroco\loader\vendor\guzzlehttp\promises\src\EachPromise.php(101): GuzzleHttp\Promise\Promise->wait()
#11 E:\xampp73\htdocs\filecroco\loader\vendor\guzzlehttp\promises\src\Promise.php(246): GuzzleHttp\Promise\EachPromise->GuzzleHttp\Promise\{closure}(true)
#12 E:\xampp73\htdocs\filecroco\loader\vendor\guzzlehttp\promises\src\Promise.php(223): GuzzleHttp\Promise\Promise->invokeWaitFn()
#13 E:\xampp73\htdocs\filecroco\loader\vendor\guzzlehttp\promises\src\Promise.php(62): GuzzleHttp\Promise\Promise->waitIfPending()
#14 E:\xampp73\htdocs\filecroco\loader\updatedownloadlink.php(95): GuzzleHttp\Promise\Promise->wait()
#15 {main}|237GuzzleHttp\Exception\RequestException: cURL error 56:  (see http://curl.haxx.se/libcurl/c/libcurl-errors.html) in E:\xampp73\htdocs\filecroco\loader\vendor\guzzlehttp\guzzle\src\Handler\CurlFactory.php:186
Stack trace:
#0 E:\xampp73\htdocs\filecroco\loader\vendor\guzzlehttp\guzzle\src\Handler\CurlFactory.php(149): GuzzleHttp\Handler\CurlFactory::createRejection(Object(GuzzleHttp\Handler\EasyHandle), Array)
#1 E:\xampp73\htdocs\filecroco\loader\vendor\guzzlehttp\guzzle\src\Handler\CurlFactory.php(102): GuzzleHttp\Handler\CurlFactory::finishError(Object(GuzzleHttp\Handler\CurlMultiHandler), Object(GuzzleHttp\Handler\EasyHandle), Object(GuzzleHttp\Handler\CurlFactory))
#2 E:\xampp73\htdocs\filecroco\loader\vendor\guzzlehttp\guzzle\src\Handler\CurlMultiHandler.php(181): GuzzleHttp\Handler\CurlFactory::finish(Object(GuzzleHttp\Handler\CurlMultiHandler), Object(GuzzleHttp\Handler\EasyHandle), Object(GuzzleHttp\Handler\CurlFactory))
#3 E:\xampp73\htdocs\filecroco\loader\vendor\guzzlehttp\guzzle\src\Handler\CurlMultiHandler.php(110): GuzzleHttp\Handler\CurlMultiHandler->processMessages()
#4 E:\xampp73\htdocs\filecroco\loader\vendor\guzzlehttp\guzzle\src\Handler\CurlMultiHandler.php(125): GuzzleHttp\Handler\CurlMultiHandler->tick()
#5 E:\xampp73\htdocs\filecroco\loader\vendor\guzzlehttp\promises\src\Promise.php(246): GuzzleHttp\Handler\CurlMultiHandler->execute(true)
#6 E:\xampp73\htdocs\filecroco\loader\vendor\guzzlehttp\promises\src\Promise.php(223): GuzzleHttp\Promise\Promise->invokeWaitFn()
#7 E:\xampp73\htdocs\filecroco\loader\vendor\guzzlehttp\promises\src\Promise.php(267): GuzzleHttp\Promise\Promise->waitIfPending()
#8 E:\xampp73\htdocs\filecroco\loader\vendor\guzzlehttp\promises\src\Promise.php(225): GuzzleHttp\Promise\Promise->invokeWaitList()
#9 E:\xampp73\htdocs\filecroco\loader\vendor\guzzlehttp\promises\src\Promise.php(62): GuzzleHttp\Promise\Promise->waitIfPending()
#10 E:\xampp73\htdocs\filecroco\loader\vendor\guzzlehttp\promises\src\EachPromise.php(101): GuzzleHttp\Promise\Promise->wait()
#11 E:\xampp73\htdocs\filecroco\loader\vendor\guzzlehttp\promises\src\Promise.php(246): GuzzleHttp\Promise\EachPromise->GuzzleHttp\Promise\{closure}(true)
#12 E:\xampp73\htdocs\filecroco\loader\vendor\guzzlehttp\promises\src\Promise.php(223): GuzzleHttp\Promise\Promise->invokeWaitFn()
#13 E:\xampp73\htdocs\filecroco\loader\vendor\guzzlehttp\promises\src\Promise.php(62): GuzzleHttp\Promise\Promise->waitIfPending()
#14 E:\xampp73\htdocs\filecroco\loader\updatedownloadlink.php(95): GuzzleHttp\Promise\Promise->wait()
#15 {main}|238GuzzleHttp\Exception\RequestException: cURL error 56:  (see http://curl.haxx.se/libcurl/c/libcurl-errors.html) in E:\xampp73\htdocs\filecroco\loader\vendor\guzzlehttp\guzzle\src\Handler\CurlFactory.php:186
Stack trace:
#0 E:\xampp73\htdocs\filecroco\loader\vendor\guzzlehttp\guzzle\src\Handler\CurlFactory.php(149): GuzzleHttp\Handler\CurlFactory::createRejection(Object(GuzzleHttp\Handler\EasyHandle), Array)
#1 E:\xampp73\htdocs\filecroco\loader\vendor\guzzlehttp\guzzle\src\Handler\CurlFactory.php(102): GuzzleHttp\Handler\CurlFactory::finishError(Object(GuzzleHttp\Handler\CurlMultiHandler), Object(GuzzleHttp\Handler\EasyHandle), Object(GuzzleHttp\Handler\CurlFactory))
#2 E:\xampp73\htdocs\filecroco\loader\vendor\guzzlehttp\guzzle\src\Handler\CurlMultiHandler.php(181): GuzzleHttp\Handler\CurlFactory::finish(Object(GuzzleHttp\Handler\CurlMultiHandler), Object(GuzzleHttp\Handler\EasyHandle), Object(GuzzleHttp\Handler\CurlFactory))
#3 E:\xampp73\htdocs\filecroco\loader\vendor\guzzlehttp\guzzle\src\Handler\CurlMultiHandler.php(110): GuzzleHttp\Handler\CurlMultiHandler->processMessages()
#4 E:\xampp73\htdocs\filecroco\loader\vendor\guzzlehttp\guzzle\src\Handler\CurlMultiHandler.php(125): GuzzleHttp\Handler\CurlMultiHandler->tick()
#5 E:\xampp73\htdocs\filecroco\loader\vendor\guzzlehttp\promises\src\Promise.php(246): GuzzleHttp\Handler\CurlMultiHandler->execute(true)
#6 E:\xampp73\htdocs\filecroco\loader\vendor\guzzlehttp\promises\src\Promise.php(223): GuzzleHttp\Promise\Promise->invokeWaitFn()
#7 E:\xampp73\htdocs\filecroco\loader\vendor\guzzlehttp\promises\src\Promise.php(267): GuzzleHttp\Promise\Promise->waitIfPending()
#8 E:\xampp73\htdocs\filecroco\loader\vendor\guzzlehttp\promises\src\Promise.php(225): GuzzleHttp\Promise\Promise->invokeWaitList()
#9 E:\xampp73\htdocs\filecroco\loader\vendor\guzzlehttp\promises\src\Promise.php(62): GuzzleHttp\Promise\Promise->waitIfPending()
#10 E:\xampp73\htdocs\filecroco\loader\vendor\guzzlehttp\promises\src\EachPromise.php(101): GuzzleHttp\Promise\Promise->wait()
#11 E:\xampp73\htdocs\filecroco\loader\vendor\guzzlehttp\promises\src\Promise.php(246): GuzzleHttp\Promise\EachPromise->GuzzleHttp\Promise\{closure}(true)
#12 E:\xampp73\htdocs\filecroco\loader\vendor\guzzlehttp\promises\src\Promise.php(223): GuzzleHttp\Promise\Promise->invokeWaitFn()
#13 E:\xampp73\htdocs\filecroco\loader\vendor\guzzlehttp\promises\src\Promise.php(62): GuzzleHttp\Promise\Promise->waitIfPending()
#14 E:\xampp73\htdocs\filecroco\loader\updatedownloadlink.php(95): GuzzleHttp\Promise\Promise->wait()
#15 {main}|239GuzzleHttp\Exception\RequestException: cURL error 56:  (see http://curl.haxx.se/libcurl/c/libcurl-errors.html) in E:\xampp73\htdocs\filecroco\loader\vendor\guzzlehttp\guzzle\src\Handler\CurlFactory.php:186
Stack trace:
#0 E:\xampp73\htdocs\filecroco\loader\vendor\guzzlehttp\guzzle\src\Handler\CurlFactory.php(149): GuzzleHttp\Handler\CurlFactory::createRejection(Object(GuzzleHttp\Handler\EasyHandle), Array)
#1 E:\xampp73\htdocs\filecroco\loader\vendor\guzzlehttp\guzzle\src\Handler\CurlFactory.php(102): GuzzleHttp\Handler\CurlFactory::finishError(Object(GuzzleHttp\Handler\CurlMultiHandler), Object(GuzzleHttp\Handler\EasyHandle), Object(GuzzleHttp\Handler\CurlFactory))
#2 E:\xampp73\htdocs\filecroco\loader\vendor\guzzlehttp\guzzle\src\Handler\CurlMultiHandler.php(181): GuzzleHttp\Handler\CurlFactory::finish(Object(GuzzleHttp\Handler\CurlMultiHandler), Object(GuzzleHttp\Handler\EasyHandle), Object(GuzzleHttp\Handler\CurlFactory))
#3 E:\xampp73\htdocs\filecroco\loader\vendor\guzzlehttp\guzzle\src\Handler\CurlMultiHandler.php(110): GuzzleHttp\Handler\CurlMultiHandler->processMessages()
#4 E:\xampp73\htdocs\filecroco\loader\vendor\guzzlehttp\guzzle\src\Handler\CurlMultiHandler.php(125): GuzzleHttp\Handler\CurlMultiHandler->tick()
#5 E:\xampp73\htdocs\filecroco\loader\vendor\guzzlehttp\promises\src\Promise.php(246): GuzzleHttp\Handler\CurlMultiHandler->execute(true)
#6 E:\xampp73\htdocs\filecroco\loader\vendor\guzzlehttp\promises\src\Promise.php(223): GuzzleHttp\Promise\Promise->invokeWaitFn()
#7 E:\xampp73\htdocs\filecroco\loader\vendor\guzzlehttp\promises\src\Promise.php(267): GuzzleHttp\Promise\Promise->waitIfPending()
#8 E:\xampp73\htdocs\filecroco\loader\vendor\guzzlehttp\promises\src\Promise.php(225): GuzzleHttp\Promise\Promise->invokeWaitList()
#9 E:\xampp73\htdocs\filecroco\loader\vendor\guzzlehttp\promises\src\Promise.php(62): GuzzleHttp\Promise\Promise->waitIfPending()
#10 E:\xampp73\htdocs\filecroco\loader\vendor\guzzlehttp\promises\src\EachPromise.php(101): GuzzleHttp\Promise\Promise->wait()
#11 E:\xampp73\htdocs\filecroco\loader\vendor\guzzlehttp\promises\src\Promise.php(246): GuzzleHttp\Promise\EachPromise->GuzzleHttp\Promise\{closure}(true)
#12 E:\xampp73\htdocs\filecroco\loader\vendor\guzzlehttp\promises\src\Promise.php(223): GuzzleHttp\Promise\Promise->invokeWaitFn()
#13 E:\xampp73\htdocs\filecroco\loader\vendor\guzzlehttp\promises\src\Promise.php(62): GuzzleHttp\Promise\Promise->waitIfPending()
#14 E:\xampp73\htdocs\filecroco\loader\updatedownloadlink.php(95): GuzzleHttp\Promise\Promise->wait()
#15 {main}|240GuzzleHttp\Exception\RequestException: cURL error 56:  (see http://curl.haxx.se/libcurl/c/libcurl-errors.html) in E:\xampp73\htdocs\filecroco\loader\vendor\guzzlehttp\guzzle\src\Handler\CurlFactory.php:186
Stack trace:
#0 E:\xampp73\htdocs\filecroco\loader\vendor\guzzlehttp\guzzle\src\Handler\CurlFactory.php(149): GuzzleHttp\Handler\CurlFactory::createRejection(Object(GuzzleHttp\Handler\EasyHandle), Array)
#1 E:\xampp73\htdocs\filecroco\loader\vendor\guzzlehttp\guzzle\src\Handler\CurlFactory.php(102): GuzzleHttp\Handler\CurlFactory::finishError(Object(GuzzleHttp\Handler\CurlMultiHandler), Object(GuzzleHttp\Handler\EasyHandle), Object(GuzzleHttp\Handler\CurlFactory))
#2 E:\xampp73\htdocs\filecroco\loader\vendor\guzzlehttp\guzzle\src\Handler\CurlMultiHandler.php(181): GuzzleHttp\Handler\CurlFactory::finish(Object(GuzzleHttp\Handler\CurlMultiHandler), Object(GuzzleHttp\Handler\EasyHandle), Object(GuzzleHttp\Handler\CurlFactory))
#3 E:\xampp73\htdocs\filecroco\loader\vendor\guzzlehttp\guzzle\src\Handler\CurlMultiHandler.php(110): GuzzleHttp\Handler\CurlMultiHandler->processMessages()
#4 E:\xampp73\htdocs\filecroco\loader\vendor\guzzlehttp\guzzle\src\Handler\CurlMultiHandler.php(125): GuzzleHttp\Handler\CurlMultiHandler->tick()
#5 E:\xampp73\htdocs\filecroco\loader\vendor\guzzlehttp\promises\src\Promise.php(246): GuzzleHttp\Handler\CurlMultiHandler->execute(true)
#6 E:\xampp73\htdocs\filecroco\loader\vendor\guzzlehttp\promises\src\Promise.php(223): GuzzleHttp\Promise\Promise->invokeWaitFn()
#7 E:\xampp73\htdocs\filecroco\loader\vendor\guzzlehttp\promises\src\Promise.php(267): GuzzleHttp\Promise\Promise->waitIfPending()
#8 E:\xampp73\htdocs\filecroco\loader\vendor\guzzlehttp\promises\src\Promise.php(225): GuzzleHttp\Promise\Promise->invokeWaitList()
#9 E:\xampp73\htdocs\filecroco\loader\vendor\guzzlehttp\promises\src\Promise.php(62): GuzzleHttp\Promise\Promise->waitIfPending()
#10 E:\xampp73\htdocs\filecroco\loader\vendor\guzzlehttp\promises\src\EachPromise.php(101): GuzzleHttp\Promise\Promise->wait()
#11 E:\xampp73\htdocs\filecroco\loader\vendor\guzzlehttp\promises\src\Promise.php(246): GuzzleHttp\Promise\EachPromise->GuzzleHttp\Promise\{closure}(true)
#12 E:\xampp73\htdocs\filecroco\loader\vendor\guzzlehttp\promises\src\Promise.php(223): GuzzleHttp\Promise\Promise->invokeWaitFn()
#13 E:\xampp73\htdocs\filecroco\loader\vendor\guzzlehttp\promises\src\Promise.php(62): GuzzleHttp\Promise\Promise->waitIfPending()
#14 E:\xampp73\htdocs\filecroco\loader\updatedownloadlink.php(95): GuzzleHttp\Promise\Promise->wait()
#15 {main}|241GuzzleHttp\Exception\RequestException: cURL error 56:  (see http://curl.haxx.se/libcurl/c/libcurl-errors.html) in E:\xampp73\htdocs\filecroco\loader\vendor\guzzlehttp\guzzle\src\Handler\CurlFactory.php:186
Stack trace:
#0 E:\xampp73\htdocs\filecroco\loader\vendor\guzzlehttp\guzzle\src\Handler\CurlFactory.php(149): GuzzleHttp\Handler\CurlFactory::createRejection(Object(GuzzleHttp\Handler\EasyHandle), Array)
#1 E:\xampp73\htdocs\filecroco\loader\vendor\guzzlehttp\guzzle\src\Handler\CurlFactory.php(102): GuzzleHttp\Handler\CurlFactory::finishError(Object(GuzzleHttp\Handler\CurlMultiHandler), Object(GuzzleHttp\Handler\EasyHandle), Object(GuzzleHttp\Handler\CurlFactory))
#2 E:\xampp73\htdocs\filecroco\loader\vendor\guzzlehttp\guzzle\src\Handler\CurlMultiHandler.php(181): GuzzleHttp\Handler\CurlFactory::finish(Object(GuzzleHttp\Handler\CurlMultiHandler), Object(GuzzleHttp\Handler\EasyHandle), Object(GuzzleHttp\Handler\CurlFactory))
#3 E:\xampp73\htdocs\filecroco\loader\vendor\guzzlehttp\guzzle\src\Handler\CurlMultiHandler.php(110): GuzzleHttp\Handler\CurlMultiHandler->processMessages()
#4 E:\xampp73\htdocs\filecroco\loader\vendor\guzzlehttp\guzzle\src\Handler\CurlMultiHandler.php(125): GuzzleHttp\Handler\CurlMultiHandler->tick()
#5 E:\xampp73\htdocs\filecroco\loader\vendor\guzzlehttp\promises\src\Promise.php(246): GuzzleHttp\Handler\CurlMultiHandler->execute(true)
#6 E:\xampp73\htdocs\filecroco\loader\vendor\guzzlehttp\promises\src\Promise.php(223): GuzzleHttp\Promise\Promise->invokeWaitFn()
#7 E:\xampp73\htdocs\filecroco\loader\vendor\guzzlehttp\promises\src\Promise.php(267): GuzzleHttp\Promise\Promise->waitIfPending()
#8 E:\xampp73\htdocs\filecroco\loader\vendor\guzzlehttp\promises\src\Promise.php(225): GuzzleHttp\Promise\Promise->invokeWaitList()
#9 E:\xampp73\htdocs\filecroco\loader\vendor\guzzlehttp\promises\src\Promise.php(62): GuzzleHttp\Promise\Promise->waitIfPending()
#10 E:\xampp73\htdocs\filecroco\loader\vendor\guzzlehttp\promises\src\EachPromise.php(101): GuzzleHttp\Promise\Promise->wait()
#11 E:\xampp73\htdocs\filecroco\loader\vendor\guzzlehttp\promises\src\Promise.php(246): GuzzleHttp\Promise\EachPromise->GuzzleHttp\Promise\{closure}(true)
#12 E:\xampp73\htdocs\filecroco\loader\vendor\guzzlehttp\promises\src\Promise.php(223): GuzzleHttp\Promise\Promise->invokeWaitFn()
#13 E:\xampp73\htdocs\filecroco\loader\vendor\guzzlehttp\promises\src\Promise.php(62): GuzzleHttp\Promise\Promise->waitIfPending()
#14 E:\xampp73\htdocs\filecroco\loader\updatedownloadlink.php(95): GuzzleHttp\Promise\Promise->wait()
#15 {main}|242GuzzleHttp\Exception\RequestException: cURL error 56:  (see http://curl.haxx.se/libcurl/c/libcurl-errors.html) in E:\xampp73\htdocs\filecroco\loader\vendor\guzzlehttp\guzzle\src\Handler\CurlFactory.php:186
Stack trace:
#0 E:\xampp73\htdocs\filecroco\loader\vendor\guzzlehttp\guzzle\src\Handler\CurlFactory.php(149): GuzzleHttp\Handler\CurlFactory::createRejection(Object(GuzzleHttp\Handler\EasyHandle), Array)
#1 E:\xampp73\htdocs\filecroco\loader\vendor\guzzlehttp\guzzle\src\Handler\CurlFactory.php(102): GuzzleHttp\Handler\CurlFactory::finishError(Object(GuzzleHttp\Handler\CurlMultiHandler), Object(GuzzleHttp\Handler\EasyHandle), Object(GuzzleHttp\Handler\CurlFactory))
#2 E:\xampp73\htdocs\filecroco\loader\vendor\guzzlehttp\guzzle\src\Handler\CurlMultiHandler.php(181): GuzzleHttp\Handler\CurlFactory::finish(Object(GuzzleHttp\Handler\CurlMultiHandler), Object(GuzzleHttp\Handler\EasyHandle), Object(GuzzleHttp\Handler\CurlFactory))
#3 E:\xampp73\htdocs\filecroco\loader\vendor\guzzlehttp\guzzle\src\Handler\CurlMultiHandler.php(110): GuzzleHttp\Handler\CurlMultiHandler->processMessages()
#4 E:\xampp73\htdocs\filecroco\loader\vendor\guzzlehttp\guzzle\src\Handler\CurlMultiHandler.php(125): GuzzleHttp\Handler\CurlMultiHandler->tick()
#5 E:\xampp73\htdocs\filecroco\loader\vendor\guzzlehttp\promises\src\Promise.php(246): GuzzleHttp\Handler\CurlMultiHandler->execute(true)
#6 E:\xampp73\htdocs\filecroco\loader\vendor\guzzlehttp\promises\src\Promise.php(223): GuzzleHttp\Promise\Promise->invokeWaitFn()
#7 E:\xampp73\htdocs\filecroco\loader\vendor\guzzlehttp\promises\src\Promise.php(267): GuzzleHttp\Promise\Promise->waitIfPending()
#8 E:\xampp73\htdocs\filecroco\loader\vendor\guzzlehttp\promises\src\Promise.php(225): GuzzleHttp\Promise\Promise->invokeWaitList()
#9 E:\xampp73\htdocs\filecroco\loader\vendor\guzzlehttp\promises\src\Promise.php(62): GuzzleHttp\Promise\Promise->waitIfPending()
#10 E:\xampp73\htdocs\filecroco\loader\vendor\guzzlehttp\promises\src\EachPromise.php(101): GuzzleHttp\Promise\Promise->wait()
#11 E:\xampp73\htdocs\filecroco\loader\vendor\guzzlehttp\promises\src\Promise.php(246): GuzzleHttp\Promise\EachPromise->GuzzleHttp\Promise\{closure}(true)
#12 E:\xampp73\htdocs\filecroco\loader\vendor\guzzlehttp\promises\src\Promise.php(223): GuzzleHttp\Promise\Promise->invokeWaitFn()
#13 E:\xampp73\htdocs\filecroco\loader\vendor\guzzlehttp\promises\src\Promise.php(62): GuzzleHttp\Promise\Promise->waitIfPending()
#14 E:\xampp73\htdocs\filecroco\loader\updatedownloadlink.php(95): GuzzleHttp\Promise\Promise->wait()
#15 {main}|243GuzzleHttp\Exception\RequestException: cURL error 56:  (see http://curl.haxx.se/libcurl/c/libcurl-errors.html) in E:\xampp73\htdocs\filecroco\loader\vendor\guzzlehttp\guzzle\src\Handler\CurlFactory.php:186
Stack trace:
#0 E:\xampp73\htdocs\filecroco\loader\vendor\guzzlehttp\guzzle\src\Handler\CurlFactory.php(149): GuzzleHttp\Handler\CurlFactory::createRejection(Object(GuzzleHttp\Handler\EasyHandle), Array)
#1 E:\xampp73\htdocs\filecroco\loader\vendor\guzzlehttp\guzzle\src\Handler\CurlFactory.php(102): GuzzleHttp\Handler\CurlFactory::finishError(Object(GuzzleHttp\Handler\CurlMultiHandler), Object(GuzzleHttp\Handler\EasyHandle), Object(GuzzleHttp\Handler\CurlFactory))
#2 E:\xampp73\htdocs\filecroco\loader\vendor\guzzlehttp\guzzle\src\Handler\CurlMultiHandler.php(181): GuzzleHttp\Handler\CurlFactory::finish(Object(GuzzleHttp\Handler\CurlMultiHandler), Object(GuzzleHttp\Handler\EasyHandle), Object(GuzzleHttp\Handler\CurlFactory))
#3 E:\xampp73\htdocs\filecroco\loader\vendor\guzzlehttp\guzzle\src\Handler\CurlMultiHandler.php(110): GuzzleHttp\Handler\CurlMultiHandler->processMessages()
#4 E:\xampp73\htdocs\filecroco\loader\vendor\guzzlehttp\guzzle\src\Handler\CurlMultiHandler.php(125): GuzzleHttp\Handler\CurlMultiHandler->tick()
#5 E:\xampp73\htdocs\filecroco\loader\vendor\guzzlehttp\promises\src\Promise.php(246): GuzzleHttp\Handler\CurlMultiHandler->execute(true)
#6 E:\xampp73\htdocs\filecroco\loader\vendor\guzzlehttp\promises\src\Promise.php(223): GuzzleHttp\Promise\Promise->invokeWaitFn()
#7 E:\xampp73\htdocs\filecroco\loader\vendor\guzzlehttp\promises\src\Promise.php(267): GuzzleHttp\Promise\Promise->waitIfPending()
#8 E:\xampp73\htdocs\filecroco\loader\vendor\guzzlehttp\promises\src\Promise.php(225): GuzzleHttp\Promise\Promise->invokeWaitList()
#9 E:\xampp73\htdocs\filecroco\loader\vendor\guzzlehttp\promises\src\Promise.php(62): GuzzleHttp\Promise\Promise->waitIfPending()
#10 E:\xampp73\htdocs\filecroco\loader\vendor\guzzlehttp\promises\src\EachPromise.php(101): GuzzleHttp\Promise\Promise->wait()
#11 E:\xampp73\htdocs\filecroco\loader\vendor\guzzlehttp\promises\src\Promise.php(246): GuzzleHttp\Promise\EachPromise->GuzzleHttp\Promise\{closure}(true)
#12 E:\xampp73\htdocs\filecroco\loader\vendor\guzzlehttp\promises\src\Promise.php(223): GuzzleHttp\Promise\Promise->invokeWaitFn()
#13 E:\xampp73\htdocs\filecroco\loader\vendor\guzzlehttp\promises\src\Promise.php(62): GuzzleHttp\Promise\Promise->waitIfPending()
#14 E:\xampp73\htdocs\filecroco\loader\updatedownloadlink.php(95): GuzzleHttp\Promise\Promise->wait()
#15 {main}|244GuzzleHttp\Exception\RequestException: cURL error 56:  (see http://curl.haxx.se/libcurl/c/libcurl-errors.html) in E:\xampp73\htdocs\filecroco\loader\vendor\guzzlehttp\guzzle\src\Handler\CurlFactory.php:186
Stack trace:
#0 E:\xampp73\htdocs\filecroco\loader\vendor\guzzlehttp\guzzle\src\Handler\CurlFactory.php(149): GuzzleHttp\Handler\CurlFactory::createRejection(Object(GuzzleHttp\Handler\EasyHandle), Array)
#1 E:\xampp73\htdocs\filecroco\loader\vendor\guzzlehttp\guzzle\src\Handler\CurlFactory.php(102): GuzzleHttp\Handler\CurlFactory::finishError(Object(GuzzleHttp\Handler\CurlMultiHandler), Object(GuzzleHttp\Handler\EasyHandle), Object(GuzzleHttp\Handler\CurlFactory))
#2 E:\xampp73\htdocs\filecroco\loader\vendor\guzzlehttp\guzzle\src\Handler\CurlMultiHandler.php(181): GuzzleHttp\Handler\CurlFactory::finish(Object(GuzzleHttp\Handler\CurlMultiHandler), Object(GuzzleHttp\Handler\EasyHandle), Object(GuzzleHttp\Handler\CurlFactory))
#3 E:\xampp73\htdocs\filecroco\loader\vendor\guzzlehttp\guzzle\src\Handler\CurlMultiHandler.php(110): GuzzleHttp\Handler\CurlMultiHandler->processMessages()
#4 E:\xampp73\htdocs\filecroco\loader\vendor\guzzlehttp\guzzle\src\Handler\CurlMultiHandler.php(125): GuzzleHttp\Handler\CurlMultiHandler->tick()
#5 E:\xampp73\htdocs\filecroco\loader\vendor\guzzlehttp\promises\src\Promise.php(246): GuzzleHttp\Handler\CurlMultiHandler->execute(true)
#6 E:\xampp73\htdocs\filecroco\loader\vendor\guzzlehttp\promises\src\Promise.php(223): GuzzleHttp\Promise\Promise->invokeWaitFn()
#7 E:\xampp73\htdocs\filecroco\loader\vendor\guzzlehttp\promises\src\Promise.php(267): GuzzleHttp\Promise\Promise->waitIfPending()
#8 E:\xampp73\htdocs\filecroco\loader\vendor\guzzlehttp\promises\src\Promise.php(225): GuzzleHttp\Promise\Promise->invokeWaitList()
#9 E:\xampp73\htdocs\filecroco\loader\vendor\guzzlehttp\promises\src\Promise.php(62): GuzzleHttp\Promise\Promise->waitIfPending()
#10 E:\xampp73\htdocs\filecroco\loader\vendor\guzzlehttp\promises\src\EachPromise.php(101): GuzzleHttp\Promise\Promise->wait()
#11 E:\xampp73\htdocs\filecroco\loader\vendor\guzzlehttp\promises\src\Promise.php(246): GuzzleHttp\Promise\EachPromise->GuzzleHttp\Promise\{closure}(true)
#12 E:\xampp73\htdocs\filecroco\loader\vendor\guzzlehttp\promises\src\Promise.php(223): GuzzleHttp\Promise\Promise->invokeWaitFn()
#13 E:\xampp73\htdocs\filecroco\loader\vendor\guzzlehttp\promises\src\Promise.php(62): GuzzleHttp\Promise\Promise->waitIfPending()
#14 E:\xampp73\htdocs\filecroco\loader\updatedownloadlink.php(95): GuzzleHttp\Promise\Promise->wait()
#15 {main}|245GuzzleHttp\Exception\RequestException: cURL error 56:  (see http://curl.haxx.se/libcurl/c/libcurl-errors.html) in E:\xampp73\htdocs\filecroco\loader\vendor\guzzlehttp\guzzle\src\Handler\CurlFactory.php:186
Stack trace:
#0 E:\xampp73\htdocs\filecroco\loader\vendor\guzzlehttp\guzzle\src\Handler\CurlFactory.php(149): GuzzleHttp\Handler\CurlFactory::createRejection(Object(GuzzleHttp\Handler\EasyHandle), Array)
#1 E:\xampp73\htdocs\filecroco\loader\vendor\guzzlehttp\guzzle\src\Handler\CurlFactory.php(102): GuzzleHttp\Handler\CurlFactory::finishError(Object(GuzzleHttp\Handler\CurlMultiHandler), Object(GuzzleHttp\Handler\EasyHandle), Object(GuzzleHttp\Handler\CurlFactory))
#2 E:\xampp73\htdocs\filecroco\loader\vendor\guzzlehttp\guzzle\src\Handler\CurlMultiHandler.php(181): GuzzleHttp\Handler\CurlFactory::finish(Object(GuzzleHttp\Handler\CurlMultiHandler), Object(GuzzleHttp\Handler\EasyHandle), Object(GuzzleHttp\Handler\CurlFactory))
#3 E:\xampp73\htdocs\filecroco\loader\vendor\guzzlehttp\guzzle\src\Handler\CurlMultiHandler.php(110): GuzzleHttp\Handler\CurlMultiHandler->processMessages()
#4 E:\xampp73\htdocs\filecroco\loader\vendor\guzzlehttp\guzzle\src\Handler\CurlMultiHandler.php(125): GuzzleHttp\Handler\CurlMultiHandler->tick()
#5 E:\xampp73\htdocs\filecroco\loader\vendor\guzzlehttp\promises\src\Promise.php(246): GuzzleHttp\Handler\CurlMultiHandler->execute(true)
#6 E:\xampp73\htdocs\filecroco\loader\vendor\guzzlehttp\promises\src\Promise.php(223): GuzzleHttp\Promise\Promise->invokeWaitFn()
#7 E:\xampp73\htdocs\filecroco\loader\vendor\guzzlehttp\promises\src\Promise.php(267): GuzzleHttp\Promise\Promise->waitIfPending()
#8 E:\xampp73\htdocs\filecroco\loader\vendor\guzzlehttp\promises\src\Promise.php(225): GuzzleHttp\Promise\Promise->invokeWaitList()
#9 E:\xampp73\htdocs\filecroco\loader\vendor\guzzlehttp\promises\src\Promise.php(62): GuzzleHttp\Promise\Promise->waitIfPending()
#10 E:\xampp73\htdocs\filecroco\loader\vendor\guzzlehttp\promises\src\EachPromise.php(101): GuzzleHttp\Promise\Promise->wait()
#11 E:\xampp73\htdocs\filecroco\loader\vendor\guzzlehttp\promises\src\Promise.php(246): GuzzleHttp\Promise\EachPromise->GuzzleHttp\Promise\{closure}(true)
#12 E:\xampp73\htdocs\filecroco\loader\vendor\guzzlehttp\promises\src\Promise.php(223): GuzzleHttp\Promise\Promise->invokeWaitFn()
#13 E:\xampp73\htdocs\filecroco\loader\vendor\guzzlehttp\promises\src\Promise.php(62): GuzzleHttp\Promise\Promise->waitIfPending()
#14 E:\xampp73\htdocs\filecroco\loader\updatedownloadlink.php(95): GuzzleHttp\Promise\Promise->wait()
#15 {main}|246GuzzleHttp\Exception\RequestException: cURL error 56:  (see http://curl.haxx.se/libcurl/c/libcurl-errors.html) in E:\xampp73\htdocs\filecroco\loader\vendor\guzzlehttp\guzzle\src\Handler\CurlFactory.php:186
Stack trace:
#0 E:\xampp73\htdocs\filecroco\loader\vendor\guzzlehttp\guzzle\src\Handler\CurlFactory.php(149): GuzzleHttp\Handler\CurlFactory::createRejection(Object(GuzzleHttp\Handler\EasyHandle), Array)
#1 E:\xampp73\htdocs\filecroco\loader\vendor\guzzlehttp\guzzle\src\Handler\CurlFactory.php(102): GuzzleHttp\Handler\CurlFactory::finishError(Object(GuzzleHttp\Handler\CurlMultiHandler), Object(GuzzleHttp\Handler\EasyHandle), Object(GuzzleHttp\Handler\CurlFactory))
#2 E:\xampp73\htdocs\filecroco\loader\vendor\guzzlehttp\guzzle\src\Handler\CurlMultiHandler.php(181): GuzzleHttp\Handler\CurlFactory::finish(Object(GuzzleHttp\Handler\CurlMultiHandler), Object(GuzzleHttp\Handler\EasyHandle), Object(GuzzleHttp\Handler\CurlFactory))
#3 E:\xampp73\htdocs\filecroco\loader\vendor\guzzlehttp\guzzle\src\Handler\CurlMultiHandler.php(110): GuzzleHttp\Handler\CurlMultiHandler->processMessages()
#4 E:\xampp73\htdocs\filecroco\loader\vendor\guzzlehttp\guzzle\src\Handler\CurlMultiHandler.php(125): GuzzleHttp\Handler\CurlMultiHandler->tick()
#5 E:\xampp73\htdocs\filecroco\loader\vendor\guzzlehttp\promises\src\Promise.php(246): GuzzleHttp\Handler\CurlMultiHandler->execute(true)
#6 E:\xampp73\htdocs\filecroco\loader\vendor\guzzlehttp\promises\src\Promise.php(223): GuzzleHttp\Promise\Promise->invokeWaitFn()
#7 E:\xampp73\htdocs\filecroco\loader\vendor\guzzlehttp\promises\src\Promise.php(267): GuzzleHttp\Promise\Promise->waitIfPending()
#8 E:\xampp73\htdocs\filecroco\loader\vendor\guzzlehttp\promises\src\Promise.php(225): GuzzleHttp\Promise\Promise->invokeWaitList()
#9 E:\xampp73\htdocs\filecroco\loader\vendor\guzzlehttp\promises\src\Promise.php(62): GuzzleHttp\Promise\Promise->waitIfPending()
#10 E:\xampp73\htdocs\filecroco\loader\vendor\guzzlehttp\promises\src\EachPromise.php(101): GuzzleHttp\Promise\Promise->wait()
#11 E:\xampp73\htdocs\filecroco\loader\vendor\guzzlehttp\promises\src\Promise.php(246): GuzzleHttp\Promise\EachPromise->GuzzleHttp\Promise\{closure}(true)
#12 E:\xampp73\htdocs\filecroco\loader\vendor\guzzlehttp\promises\src\Promise.php(223): GuzzleHttp\Promise\Promise->invokeWaitFn()
#13 E:\xampp73\htdocs\filecroco\loader\vendor\guzzlehttp\promises\src\Promise.php(62): GuzzleHttp\Promise\Promise->waitIfPending()
#14 E:\xampp73\htdocs\filecroco\loader\updatedownloadlink.php(95): GuzzleHttp\Promise\Promise->wait()
#15 {main}|247GuzzleHttp\Exception\RequestException: cURL error 56:  (see http://curl.haxx.se/libcurl/c/libcurl-errors.html) in E:\xampp73\htdocs\filecroco\loader\vendor\guzzlehttp\guzzle\src\Handler\CurlFactory.php:186
Stack trace:
#0 E:\xampp73\htdocs\filecroco\loader\vendor\guzzlehttp\guzzle\src\Handler\CurlFactory.php(149): GuzzleHttp\Handler\CurlFactory::createRejection(Object(GuzzleHttp\Handler\EasyHandle), Array)
#1 E:\xampp73\htdocs\filecroco\loader\vendor\guzzlehttp\guzzle\src\Handler\CurlFactory.php(102): GuzzleHttp\Handler\CurlFactory::finishError(Object(GuzzleHttp\Handler\CurlMultiHandler), Object(GuzzleHttp\Handler\EasyHandle), Object(GuzzleHttp\Handler\CurlFactory))
#2 E:\xampp73\htdocs\filecroco\loader\vendor\guzzlehttp\guzzle\src\Handler\CurlMultiHandler.php(181): GuzzleHttp\Handler\CurlFactory::finish(Object(GuzzleHttp\Handler\CurlMultiHandler), Object(GuzzleHttp\Handler\EasyHandle), Object(GuzzleHttp\Handler\CurlFactory))
#3 E:\xampp73\htdocs\filecroco\loader\vendor\guzzlehttp\guzzle\src\Handler\CurlMultiHandler.php(110): GuzzleHttp\Handler\CurlMultiHandler->processMessages()
#4 E:\xampp73\htdocs\filecroco\loader\vendor\guzzlehttp\guzzle\src\Handler\CurlMultiHandler.php(125): GuzzleHttp\Handler\CurlMultiHandler->tick()
#5 E:\xampp73\htdocs\filecroco\loader\vendor\guzzlehttp\promises\src\Promise.php(246): GuzzleHttp\Handler\CurlMultiHandler->execute(true)
#6 E:\xampp73\htdocs\filecroco\loader\vendor\guzzlehttp\promises\src\Promise.php(223): GuzzleHttp\Promise\Promise->invokeWaitFn()
#7 E:\xampp73\htdocs\filecroco\loader\vendor\guzzlehttp\promises\src\Promise.php(267): GuzzleHttp\Promise\Promise->waitIfPending()
#8 E:\xampp73\htdocs\filecroco\loader\vendor\guzzlehttp\promises\src\Promise.php(225): GuzzleHttp\Promise\Promise->invokeWaitList()
#9 E:\xampp73\htdocs\filecroco\loader\vendor\guzzlehttp\promises\src\Promise.php(62): GuzzleHttp\Promise\Promise->waitIfPending()
#10 E:\xampp73\htdocs\filecroco\loader\vendor\guzzlehttp\promises\src\EachPromise.php(101): GuzzleHttp\Promise\Promise->wait()
#11 E:\xampp73\htdocs\filecroco\loader\vendor\guzzlehttp\promises\src\Promise.php(246): GuzzleHttp\Promise\EachPromise->GuzzleHttp\Promise\{closure}(true)
#12 E:\xampp73\htdocs\filecroco\loader\vendor\guzzlehttp\promises\src\Promise.php(223): GuzzleHttp\Promise\Promise->invokeWaitFn()
#13 E:\xampp73\htdocs\filecroco\loader\vendor\guzzlehttp\promises\src\Promise.php(62): GuzzleHttp\Promise\Promise->waitIfPending()
#14 E:\xampp73\htdocs\filecroco\loader\updatedownloadlink.php(95): GuzzleHttp\Promise\Promise->wait()
#15 {main}|248GuzzleHttp\Exception\RequestException: cURL error 56:  (see http://curl.haxx.se/libcurl/c/libcurl-errors.html) in E:\xampp73\htdocs\filecroco\loader\vendor\guzzlehttp\guzzle\src\Handler\CurlFactory.php:186
Stack trace:
#0 E:\xampp73\htdocs\filecroco\loader\vendor\guzzlehttp\guzzle\src\Handler\CurlFactory.php(149): GuzzleHttp\Handler\CurlFactory::createRejection(Object(GuzzleHttp\Handler\EasyHandle), Array)
#1 E:\xampp73\htdocs\filecroco\loader\vendor\guzzlehttp\guzzle\src\Handler\CurlFactory.php(102): GuzzleHttp\Handler\CurlFactory::finishError(Object(GuzzleHttp\Handler\CurlMultiHandler), Object(GuzzleHttp\Handler\EasyHandle), Object(GuzzleHttp\Handler\CurlFactory))
#2 E:\xampp73\htdocs\filecroco\loader\vendor\guzzlehttp\guzzle\src\Handler\CurlMultiHandler.php(181): GuzzleHttp\Handler\CurlFactory::finish(Object(GuzzleHttp\Handler\CurlMultiHandler), Object(GuzzleHttp\Handler\EasyHandle), Object(GuzzleHttp\Handler\CurlFactory))
#3 E:\xampp73\htdocs\filecroco\loader\vendor\guzzlehttp\guzzle\src\Handler\CurlMultiHandler.php(110): GuzzleHttp\Handler\CurlMultiHandler->processMessages()
#4 E:\xampp73\htdocs\filecroco\loader\vendor\guzzlehttp\guzzle\src\Handler\CurlMultiHandler.php(125): GuzzleHttp\Handler\CurlMultiHandler->tick()
#5 E:\xampp73\htdocs\filecroco\loader\vendor\guzzlehttp\promises\src\Promise.php(246): GuzzleHttp\Handler\CurlMultiHandler->execute(true)
#6 E:\xampp73\htdocs\filecroco\loader\vendor\guzzlehttp\promises\src\Promise.php(223): GuzzleHttp\Promise\Promise->invokeWaitFn()
#7 E:\xampp73\htdocs\filecroco\loader\vendor\guzzlehttp\promises\src\Promise.php(267): GuzzleHttp\Promise\Promise->waitIfPending()
#8 E:\xampp73\htdocs\filecroco\loader\vendor\guzzlehttp\promises\src\Promise.php(225): GuzzleHttp\Promise\Promise->invokeWaitList()
#9 E:\xampp73\htdocs\filecroco\loader\vendor\guzzlehttp\promises\src\Promise.php(62): GuzzleHttp\Promise\Promise->waitIfPending()
#10 E:\xampp73\htdocs\filecroco\loader\vendor\guzzlehttp\promises\src\EachPromise.php(101): GuzzleHttp\Promise\Promise->wait()
#11 E:\xampp73\htdocs\filecroco\loader\vendor\guzzlehttp\promises\src\Promise.php(246): GuzzleHttp\Promise\EachPromise->GuzzleHttp\Promise\{closure}(true)
#12 E:\xampp73\htdocs\filecroco\loader\vendor\guzzlehttp\promises\src\Promise.php(223): GuzzleHttp\Promise\Promise->invokeWaitFn()
#13 E:\xampp73\htdocs\filecroco\loader\vendor\guzzlehttp\promises\src\Promise.php(62): GuzzleHttp\Promise\Promise->waitIfPending()
#14 E:\xampp73\htdocs\filecroco\loader\updatedownloadlink.php(95): GuzzleHttp\Promise\Promise->wait()
#15 {main}|249GuzzleHttp\Exception\RequestException: cURL error 56:  (see http://curl.haxx.se/libcurl/c/libcurl-errors.html) in E:\xampp73\htdocs\filecroco\loader\vendor\guzzlehttp\guzzle\src\Handler\CurlFactory.php:186
Stack trace:
#0 E:\xampp73\htdocs\filecroco\loader\vendor\guzzlehttp\guzzle\src\Handler\CurlFactory.php(149): GuzzleHttp\Handler\CurlFactory::createRejection(Object(GuzzleHttp\Handler\EasyHandle), Array)
#1 E:\xampp73\htdocs\filecroco\loader\vendor\guzzlehttp\guzzle\src\Handler\CurlFactory.php(102): GuzzleHttp\Handler\CurlFactory::finishError(Object(GuzzleHttp\Handler\CurlMultiHandler), Object(GuzzleHttp\Handler\EasyHandle), Object(GuzzleHttp\Handler\CurlFactory))
#2 E:\xampp73\htdocs\filecroco\loader\vendor\guzzlehttp\guzzle\src\Handler\CurlMultiHandler.php(181): GuzzleHttp\Handler\CurlFactory::finish(Object(GuzzleHttp\Handler\CurlMultiHandler), Object(GuzzleHttp\Handler\EasyHandle), Object(GuzzleHttp\Handler\CurlFactory))
#3 E:\xampp73\htdocs\filecroco\loader\vendor\guzzlehttp\guzzle\src\Handler\CurlMultiHandler.php(110): GuzzleHttp\Handler\CurlMultiHandler->processMessages()
#4 E:\xampp73\htdocs\filecroco\loader\vendor\guzzlehttp\guzzle\src\Handler\CurlMultiHandler.php(125): GuzzleHttp\Handler\CurlMultiHandler->tick()
#5 E:\xampp73\htdocs\filecroco\loader\vendor\guzzlehttp\promises\src\Promise.php(246): GuzzleHttp\Handler\CurlMultiHandler->execute(true)
#6 E:\xampp73\htdocs\filecroco\loader\vendor\guzzlehttp\promises\src\Promise.php(223): GuzzleHttp\Promise\Promise->invokeWaitFn()
#7 E:\xampp73\htdocs\filecroco\loader\vendor\guzzlehttp\promises\src\Promise.php(267): GuzzleHttp\Promise\Promise->waitIfPending()
#8 E:\xampp73\htdocs\filecroco\loader\vendor\guzzlehttp\promises\src\Promise.php(225): GuzzleHttp\Promise\Promise->invokeWaitList()
#9 E:\xampp73\htdocs\filecroco\loader\vendor\guzzlehttp\promises\src\Promise.php(62): GuzzleHttp\Promise\Promise->waitIfPending()
#10 E:\xampp73\htdocs\filecroco\loader\vendor\guzzlehttp\promises\src\EachPromise.php(101): GuzzleHttp\Promise\Promise->wait()
#11 E:\xampp73\htdocs\filecroco\loader\vendor\guzzlehttp\promises\src\Promise.php(246): GuzzleHttp\Promise\EachPromise->GuzzleHttp\Promise\{closure}(true)
#12 E:\xampp73\htdocs\filecroco\loader\vendor\guzzlehttp\promises\src\Promise.php(223): GuzzleHttp\Promise\Promise->invokeWaitFn()
#13 E:\xampp73\htdocs\filecroco\loader\vendor\guzzlehttp\promises\src\Promise.php(62): GuzzleHttp\Promise\Promise->waitIfPending()
#14 E:\xampp73\htdocs\filecroco\loader\updatedownloadlink.php(95): GuzzleHttp\Promise\Promise->wait()
#15 {main}|250GuzzleHttp\Exception\RequestException: cURL error 56:  (see http://curl.haxx.se/libcurl/c/libcurl-errors.html) in E:\xampp73\htdocs\filecroco\loader\vendor\guzzlehttp\guzzle\src\Handler\CurlFactory.php:186
Stack trace:
#0 E:\xampp73\htdocs\filecroco\loader\vendor\guzzlehttp\guzzle\src\Handler\CurlFactory.php(149): GuzzleHttp\Handler\CurlFactory::createRejection(Object(GuzzleHttp\Handler\EasyHandle), Array)
#1 E:\xampp73\htdocs\filecroco\loader\vendor\guzzlehttp\guzzle\src\Handler\CurlFactory.php(102): GuzzleHttp\Handler\CurlFactory::finishError(Object(GuzzleHttp\Handler\CurlMultiHandler), Object(GuzzleHttp\Handler\EasyHandle), Object(GuzzleHttp\Handler\CurlFactory))
#2 E:\xampp73\htdocs\filecroco\loader\vendor\guzzlehttp\guzzle\src\Handler\CurlMultiHandler.php(181): GuzzleHttp\Handler\CurlFactory::finish(Object(GuzzleHttp\Handler\CurlMultiHandler), Object(GuzzleHttp\Handler\EasyHandle), Object(GuzzleHttp\Handler\CurlFactory))
#3 E:\xampp73\htdocs\filecroco\loader\vendor\guzzlehttp\guzzle\src\Handler\CurlMultiHandler.php(110): GuzzleHttp\Handler\CurlMultiHandler->processMessages()
#4 E:\xampp73\htdocs\filecroco\loader\vendor\guzzlehttp\guzzle\src\Handler\CurlMultiHandler.php(125): GuzzleHttp\Handler\CurlMultiHandler->tick()
#5 E:\xampp73\htdocs\filecroco\loader\vendor\guzzlehttp\promises\src\Promise.php(246): GuzzleHttp\Handler\CurlMultiHandler->execute(true)
#6 E:\xampp73\htdocs\filecroco\loader\vendor\guzzlehttp\promises\src\Promise.php(223): GuzzleHttp\Promise\Promise->invokeWaitFn()
#7 E:\xampp73\htdocs\filecroco\loader\vendor\guzzlehttp\promises\src\Promise.php(267): GuzzleHttp\Promise\Promise->waitIfPending()
#8 E:\xampp73\htdocs\filecroco\loader\vendor\guzzlehttp\promises\src\Promise.php(225): GuzzleHttp\Promise\Promise->invokeWaitList()
#9 E:\xampp73\htdocs\filecroco\loader\vendor\guzzlehttp\promises\src\Promise.php(62): GuzzleHttp\Promise\Promise->waitIfPending()
#10 E:\xampp73\htdocs\filecroco\loader\vendor\guzzlehttp\promises\src\EachPromise.php(101): GuzzleHttp\Promise\Promise->wait()
#11 E:\xampp73\htdocs\filecroco\loader\vendor\guzzlehttp\promises\src\Promise.php(246): GuzzleHttp\Promise\EachPromise->GuzzleHttp\Promise\{closure}(true)
#12 E:\xampp73\htdocs\filecroco\loader\vendor\guzzlehttp\promises\src\Promise.php(223): GuzzleHttp\Promise\Promise->invokeWaitFn()
#13 E:\xampp73\htdocs\filecroco\loader\vendor\guzzlehttp\promises\src\Promise.php(62): GuzzleHttp\Promise\Promise->waitIfPending()
#14 E:\xampp73\htdocs\filecroco\loader\updatedownloadlink.php(95): GuzzleHttp\Promise\Promise->wait()
#15 {main}|251GuzzleHttp\Exception\RequestException: cURL error 56:  (see http://curl.haxx.se/libcurl/c/libcurl-errors.html) in E:\xampp73\htdocs\filecroco\loader\vendor\guzzlehttp\guzzle\src\Handler\CurlFactory.php:186
Stack trace:
#0 E:\xampp73\htdocs\filecroco\loader\vendor\guzzlehttp\guzzle\src\Handler\CurlFactory.php(149): GuzzleHttp\Handler\CurlFactory::createRejection(Object(GuzzleHttp\Handler\EasyHandle), Array)
#1 E:\xampp73\htdocs\filecroco\loader\vendor\guzzlehttp\guzzle\src\Handler\CurlFactory.php(102): GuzzleHttp\Handler\CurlFactory::finishError(Object(GuzzleHttp\Handler\CurlMultiHandler), Object(GuzzleHttp\Handler\EasyHandle), Object(GuzzleHttp\Handler\CurlFactory))
#2 E:\xampp73\htdocs\filecroco\loader\vendor\guzzlehttp\guzzle\src\Handler\CurlMultiHandler.php(181): GuzzleHttp\Handler\CurlFactory::finish(Object(GuzzleHttp\Handler\CurlMultiHandler), Object(GuzzleHttp\Handler\EasyHandle), Object(GuzzleHttp\Handler\CurlFactory))
#3 E:\xampp73\htdocs\filecroco\loader\vendor\guzzlehttp\guzzle\src\Handler\CurlMultiHandler.php(110): GuzzleHttp\Handler\CurlMultiHandler->processMessages()
#4 E:\xampp73\htdocs\filecroco\loader\vendor\guzzlehttp\guzzle\src\Handler\CurlMultiHandler.php(125): GuzzleHttp\Handler\CurlMultiHandler->tick()
#5 E:\xampp73\htdocs\filecroco\loader\vendor\guzzlehttp\promises\src\Promise.php(246): GuzzleHttp\Handler\CurlMultiHandler->execute(true)
#6 E:\xampp73\htdocs\filecroco\loader\vendor\guzzlehttp\promises\src\Promise.php(223): GuzzleHttp\Promise\Promise->invokeWaitFn()
#7 E:\xampp73\htdocs\filecroco\loader\vendor\guzzlehttp\promises\src\Promise.php(267): GuzzleHttp\Promise\Promise->waitIfPending()
#8 E:\xampp73\htdocs\filecroco\loader\vendor\guzzlehttp\promises\src\Promise.php(225): GuzzleHttp\Promise\Promise->invokeWaitList()
#9 E:\xampp73\htdocs\filecroco\loader\vendor\guzzlehttp\promises\src\Promise.php(62): GuzzleHttp\Promise\Promise->waitIfPending()
#10 E:\xampp73\htdocs\filecroco\loader\vendor\guzzlehttp\promises\src\EachPromise.php(101): GuzzleHttp\Promise\Promise->wait()
#11 E:\xampp73\htdocs\filecroco\loader\vendor\guzzlehttp\promises\src\Promise.php(246): GuzzleHttp\Promise\EachPromise->GuzzleHttp\Promise\{closure}(true)
#12 E:\xampp73\htdocs\filecroco\loader\vendor\guzzlehttp\promises\src\Promise.php(223): GuzzleHttp\Promise\Promise->invokeWaitFn()
#13 E:\xampp73\htdocs\filecroco\loader\vendor\guzzlehttp\promises\src\Promise.php(62): GuzzleHttp\Promise\Promise->waitIfPending()
#14 E:\xampp73\htdocs\filecroco\loader\updatedownloadlink.php(95): GuzzleHttp\Promise\Promise->wait()
#15 {main}|252GuzzleHttp\Exception\RequestException: cURL error 56:  (see http://curl.haxx.se/libcurl/c/libcurl-errors.html) in E:\xampp73\htdocs\filecroco\loader\vendor\guzzlehttp\guzzle\src\Handler\CurlFactory.php:186
Stack trace:
#0 E:\xampp73\htdocs\filecroco\loader\vendor\guzzlehttp\guzzle\src\Handler\CurlFactory.php(149): GuzzleHttp\Handler\CurlFactory::createRejection(Object(GuzzleHttp\Handler\EasyHandle), Array)
#1 E:\xampp73\htdocs\filecroco\loader\vendor\guzzlehttp\guzzle\src\Handler\CurlFactory.php(102): GuzzleHttp\Handler\CurlFactory::finishError(Object(GuzzleHttp\Handler\CurlMultiHandler), Object(GuzzleHttp\Handler\EasyHandle), Object(GuzzleHttp\Handler\CurlFactory))
#2 E:\xampp73\htdocs\filecroco\loader\vendor\guzzlehttp\guzzle\src\Handler\CurlMultiHandler.php(181): GuzzleHttp\Handler\CurlFactory::finish(Object(GuzzleHttp\Handler\CurlMultiHandler), Object(GuzzleHttp\Handler\EasyHandle), Object(GuzzleHttp\Handler\CurlFactory))
#3 E:\xampp73\htdocs\filecroco\loader\vendor\guzzlehttp\guzzle\src\Handler\CurlMultiHandler.php(110): GuzzleHttp\Handler\CurlMultiHandler->processMessages()
#4 E:\xampp73\htdocs\filecroco\loader\vendor\guzzlehttp\guzzle\src\Handler\CurlMultiHandler.php(125): GuzzleHttp\Handler\CurlMultiHandler->tick()
#5 E:\xampp73\htdocs\filecroco\loader\vendor\guzzlehttp\promises\src\Promise.php(246): GuzzleHttp\Handler\CurlMultiHandler->execute(true)
#6 E:\xampp73\htdocs\filecroco\loader\vendor\guzzlehttp\promises\src\Promise.php(223): GuzzleHttp\Promise\Promise->invokeWaitFn()
#7 E:\xampp73\htdocs\filecroco\loader\vendor\guzzlehttp\promises\src\Promise.php(267): GuzzleHttp\Promise\Promise->waitIfPending()
#8 E:\xampp73\htdocs\filecroco\loader\vendor\guzzlehttp\promises\src\Promise.php(225): GuzzleHttp\Promise\Promise->invokeWaitList()
#9 E:\xampp73\htdocs\filecroco\loader\vendor\guzzlehttp\promises\src\Promise.php(62): GuzzleHttp\Promise\Promise->waitIfPending()
#10 E:\xampp73\htdocs\filecroco\loader\vendor\guzzlehttp\promises\src\EachPromise.php(101): GuzzleHttp\Promise\Promise->wait()
#11 E:\xampp73\htdocs\filecroco\loader\vendor\guzzlehttp\promises\src\Promise.php(246): GuzzleHttp\Promise\EachPromise->GuzzleHttp\Promise\{closure}(true)
#12 E:\xampp73\htdocs\filecroco\loader\vendor\guzzlehttp\promises\src\Promise.php(223): GuzzleHttp\Promise\Promise->invokeWaitFn()
#13 E:\xampp73\htdocs\filecroco\loader\vendor\guzzlehttp\promises\src\Promise.php(62): GuzzleHttp\Promise\Promise->waitIfPending()
#14 E:\xampp73\htdocs\filecroco\loader\updatedownloadlink.php(95): GuzzleHttp\Promise\Promise->wait()
#15 {main}|253GuzzleHttp\Exception\RequestException: cURL error 56:  (see http://curl.haxx.se/libcurl/c/libcurl-errors.html) in E:\xampp73\htdocs\filecroco\loader\vendor\guzzlehttp\guzzle\src\Handler\CurlFactory.php:186
Stack trace:
#0 E:\xampp73\htdocs\filecroco\loader\vendor\guzzlehttp\guzzle\src\Handler\CurlFactory.php(149): GuzzleHttp\Handler\CurlFactory::createRejection(Object(GuzzleHttp\Handler\EasyHandle), Array)
#1 E:\xampp73\htdocs\filecroco\loader\vendor\guzzlehttp\guzzle\src\Handler\CurlFactory.php(102): GuzzleHttp\Handler\CurlFactory::finishError(Object(GuzzleHttp\Handler\CurlMultiHandler), Object(GuzzleHttp\Handler\EasyHandle), Object(GuzzleHttp\Handler\CurlFactory))
#2 E:\xampp73\htdocs\filecroco\loader\vendor\guzzlehttp\guzzle\src\Handler\CurlMultiHandler.php(181): GuzzleHttp\Handler\CurlFactory::finish(Object(GuzzleHttp\Handler\CurlMultiHandler), Object(GuzzleHttp\Handler\EasyHandle), Object(GuzzleHttp\Handler\CurlFactory))
#3 E:\xampp73\htdocs\filecroco\loader\vendor\guzzlehttp\guzzle\src\Handler\CurlMultiHandler.php(110): GuzzleHttp\Handler\CurlMultiHandler->processMessages()
#4 E:\xampp73\htdocs\filecroco\loader\vendor\guzzlehttp\guzzle\src\Handler\CurlMultiHandler.php(125): GuzzleHttp\Handler\CurlMultiHandler->tick()
#5 E:\xampp73\htdocs\filecroco\loader\vendor\guzzlehttp\promises\src\Promise.php(246): GuzzleHttp\Handler\CurlMultiHandler->execute(true)
#6 E:\xampp73\htdocs\filecroco\loader\vendor\guzzlehttp\promises\src\Promise.php(223): GuzzleHttp\Promise\Promise->invokeWaitFn()
#7 E:\xampp73\htdocs\filecroco\loader\vendor\guzzlehttp\promises\src\Promise.php(267): GuzzleHttp\Promise\Promise->waitIfPending()
#8 E:\xampp73\htdocs\filecroco\loader\vendor\guzzlehttp\promises\src\Promise.php(225): GuzzleHttp\Promise\Promise->invokeWaitList()
#9 E:\xampp73\htdocs\filecroco\loader\vendor\guzzlehttp\promises\src\Promise.php(62): GuzzleHttp\Promise\Promise->waitIfPending()
#10 E:\xampp73\htdocs\filecroco\loader\vendor\guzzlehttp\promises\src\EachPromise.php(101): GuzzleHttp\Promise\Promise->wait()
#11 E:\xampp73\htdocs\filecroco\loader\vendor\guzzlehttp\promises\src\Promise.php(246): GuzzleHttp\Promise\EachPromise->GuzzleHttp\Promise\{closure}(true)
#12 E:\xampp73\htdocs\filecroco\loader\vendor\guzzlehttp\promises\src\Promise.php(223): GuzzleHttp\Promise\Promise->invokeWaitFn()
#13 E:\xampp73\htdocs\filecroco\loader\vendor\guzzlehttp\promises\src\Promise.php(62): GuzzleHttp\Promise\Promise->waitIfPending()
#14 E:\xampp73\htdocs\filecroco\loader\updatedownloadlink.php(95): GuzzleHttp\Promise\Promise->wait()
#15 {main}|254GuzzleHttp\Exception\RequestException: cURL error 56:  (see http://curl.haxx.se/libcurl/c/libcurl-errors.html) in E:\xampp73\htdocs\filecroco\loader\vendor\guzzlehttp\guzzle\src\Handler\CurlFactory.php:186
Stack trace:
#0 E:\xampp73\htdocs\filecroco\loader\vendor\guzzlehttp\guzzle\src\Handler\CurlFactory.php(149): GuzzleHttp\Handler\CurlFactory::createRejection(Object(GuzzleHttp\Handler\EasyHandle), Array)
#1 E:\xampp73\htdocs\filecroco\loader\vendor\guzzlehttp\guzzle\src\Handler\CurlFactory.php(102): GuzzleHttp\Handler\CurlFactory::finishError(Object(GuzzleHttp\Handler\CurlMultiHandler), Object(GuzzleHttp\Handler\EasyHandle), Object(GuzzleHttp\Handler\CurlFactory))
#2 E:\xampp73\htdocs\filecroco\loader\vendor\guzzlehttp\guzzle\src\Handler\CurlMultiHandler.php(181): GuzzleHttp\Handler\CurlFactory::finish(Object(GuzzleHttp\Handler\CurlMultiHandler), Object(GuzzleHttp\Handler\EasyHandle), Object(GuzzleHttp\Handler\CurlFactory))
#3 E:\xampp73\htdocs\filecroco\loader\vendor\guzzlehttp\guzzle\src\Handler\CurlMultiHandler.php(110): GuzzleHttp\Handler\CurlMultiHandler->processMessages()
#4 E:\xampp73\htdocs\filecroco\loader\vendor\guzzlehttp\guzzle\src\Handler\CurlMultiHandler.php(125): GuzzleHttp\Handler\CurlMultiHandler->tick()
#5 E:\xampp73\htdocs\filecroco\loader\vendor\guzzlehttp\promises\src\Promise.php(246): GuzzleHttp\Handler\CurlMultiHandler->execute(true)
#6 E:\xampp73\htdocs\filecroco\loader\vendor\guzzlehttp\promises\src\Promise.php(223): GuzzleHttp\Promise\Promise->invokeWaitFn()
#7 E:\xampp73\htdocs\filecroco\loader\vendor\guzzlehttp\promises\src\Promise.php(267): GuzzleHttp\Promise\Promise->waitIfPending()
#8 E:\xampp73\htdocs\filecroco\loader\vendor\guzzlehttp\promises\src\Promise.php(225): GuzzleHttp\Promise\Promise->invokeWaitList()
#9 E:\xampp73\htdocs\filecroco\loader\vendor\guzzlehttp\promises\src\Promise.php(62): GuzzleHttp\Promise\Promise->waitIfPending()
#10 E:\xampp73\htdocs\filecroco\loader\vendor\guzzlehttp\promises\src\EachPromise.php(101): GuzzleHttp\Promise\Promise->wait()
#11 E:\xampp73\htdocs\filecroco\loader\vendor\guzzlehttp\promises\src\Promise.php(246): GuzzleHttp\Promise\EachPromise->GuzzleHttp\Promise\{closure}(true)
#12 E:\xampp73\htdocs\filecroco\loader\vendor\guzzlehttp\promises\src\Promise.php(223): GuzzleHttp\Promise\Promise->invokeWaitFn()
#13 E:\xampp73\htdocs\filecroco\loader\vendor\guzzlehttp\promises\src\Promise.php(62): GuzzleHttp\Promise\Promise->waitIfPending()
#14 E:\xampp73\htdocs\filecroco\loader\updatedownloadlink.php(95): GuzzleHttp\Promise\Promise->wait()
#15 {main}|255GuzzleHttp\Exception\RequestException: cURL error 56:  (see http://curl.haxx.se/libcurl/c/libcurl-errors.html) in E:\xampp73\htdocs\filecroco\loader\vendor\guzzlehttp\guzzle\src\Handler\CurlFactory.php:186
Stack trace:
#0 E:\xampp73\htdocs\filecroco\loader\vendor\guzzlehttp\guzzle\src\Handler\CurlFactory.php(149): GuzzleHttp\Handler\CurlFactory::createRejection(Object(GuzzleHttp\Handler\EasyHandle), Array)
#1 E:\xampp73\htdocs\filecroco\loader\vendor\guzzlehttp\guzzle\src\Handler\CurlFactory.php(102): GuzzleHttp\Handler\CurlFactory::finishError(Object(GuzzleHttp\Handler\CurlMultiHandler), Object(GuzzleHttp\Handler\EasyHandle), Object(GuzzleHttp\Handler\CurlFactory))
#2 E:\xampp73\htdocs\filecroco\loader\vendor\guzzlehttp\guzzle\src\Handler\CurlMultiHandler.php(181): GuzzleHttp\Handler\CurlFactory::finish(Object(GuzzleHttp\Handler\CurlMultiHandler), Object(GuzzleHttp\Handler\EasyHandle), Object(GuzzleHttp\Handler\CurlFactory))
#3 E:\xampp73\htdocs\filecroco\loader\vendor\guzzlehttp\guzzle\src\Handler\CurlMultiHandler.php(110): GuzzleHttp\Handler\CurlMultiHandler->processMessages()
#4 E:\xampp73\htdocs\filecroco\loader\vendor\guzzlehttp\guzzle\src\Handler\CurlMultiHandler.php(125): GuzzleHttp\Handler\CurlMultiHandler->tick()
#5 E:\xampp73\htdocs\filecroco\loader\vendor\guzzlehttp\promises\src\Promise.php(246): GuzzleHttp\Handler\CurlMultiHandler->execute(true)
#6 E:\xampp73\htdocs\filecroco\loader\vendor\guzzlehttp\promises\src\Promise.php(223): GuzzleHttp\Promise\Promise->invokeWaitFn()
#7 E:\xampp73\htdocs\filecroco\loader\vendor\guzzlehttp\promises\src\Promise.php(267): GuzzleHttp\Promise\Promise->waitIfPending()
#8 E:\xampp73\htdocs\filecroco\loader\vendor\guzzlehttp\promises\src\Promise.php(225): GuzzleHttp\Promise\Promise->invokeWaitList()
#9 E:\xampp73\htdocs\filecroco\loader\vendor\guzzlehttp\promises\src\Promise.php(62): GuzzleHttp\Promise\Promise->waitIfPending()
#10 E:\xampp73\htdocs\filecroco\loader\vendor\guzzlehttp\promises\src\EachPromise.php(101): GuzzleHttp\Promise\Promise->wait()
#11 E:\xampp73\htdocs\filecroco\loader\vendor\guzzlehttp\promises\src\Promise.php(246): GuzzleHttp\Promise\EachPromise->GuzzleHttp\Promise\{closure}(true)
#12 E:\xampp73\htdocs\filecroco\loader\vendor\guzzlehttp\promises\src\Promise.php(223): GuzzleHttp\Promise\Promise->invokeWaitFn()
#13 E:\xampp73\htdocs\filecroco\loader\vendor\guzzlehttp\promises\src\Promise.php(62): GuzzleHttp\Promise\Promise->waitIfPending()
#14 E:\xampp73\htdocs\filecroco\loader\updatedownloadlink.php(95): GuzzleHttp\Promise\Promise->wait()
#15 {main}|256GuzzleHttp\Exception\RequestException: cURL error 56:  (see http://curl.haxx.se/libcurl/c/libcurl-errors.html) in E:\xampp73\htdocs\filecroco\loader\vendor\guzzlehttp\guzzle\src\Handler\CurlFactory.php:186
Stack trace:
#0 E:\xampp73\htdocs\filecroco\loader\vendor\guzzlehttp\guzzle\src\Handler\CurlFactory.php(149): GuzzleHttp\Handler\CurlFactory::createRejection(Object(GuzzleHttp\Handler\EasyHandle), Array)
#1 E:\xampp73\htdocs\filecroco\loader\vendor\guzzlehttp\guzzle\src\Handler\CurlFactory.php(102): GuzzleHttp\Handler\CurlFactory::finishError(Object(GuzzleHttp\Handler\CurlMultiHandler), Object(GuzzleHttp\Handler\EasyHandle), Object(GuzzleHttp\Handler\CurlFactory))
#2 E:\xampp73\htdocs\filecroco\loader\vendor\guzzlehttp\guzzle\src\Handler\CurlMultiHandler.php(181): GuzzleHttp\Handler\CurlFactory::finish(Object(GuzzleHttp\Handler\CurlMultiHandler), Object(GuzzleHttp\Handler\EasyHandle), Object(GuzzleHttp\Handler\CurlFactory))
#3 E:\xampp73\htdocs\filecroco\loader\vendor\guzzlehttp\guzzle\src\Handler\CurlMultiHandler.php(110): GuzzleHttp\Handler\CurlMultiHandler->processMessages()
#4 E:\xampp73\htdocs\filecroco\loader\vendor\guzzlehttp\guzzle\src\Handler\CurlMultiHandler.php(125): GuzzleHttp\Handler\CurlMultiHandler->tick()
#5 E:\xampp73\htdocs\filecroco\loader\vendor\guzzlehttp\promises\src\Promise.php(246): GuzzleHttp\Handler\CurlMultiHandler->execute(true)
#6 E:\xampp73\htdocs\filecroco\loader\vendor\guzzlehttp\promises\src\Promise.php(223): GuzzleHttp\Promise\Promise->invokeWaitFn()
#7 E:\xampp73\htdocs\filecroco\loader\vendor\guzzlehttp\promises\src\Promise.php(267): GuzzleHttp\Promise\Promise->waitIfPending()
#8 E:\xampp73\htdocs\filecroco\loader\vendor\guzzlehttp\promises\src\Promise.php(225): GuzzleHttp\Promise\Promise->invokeWaitList()
#9 E:\xampp73\htdocs\filecroco\loader\vendor\guzzlehttp\promises\src\Promise.php(62): GuzzleHttp\Promise\Promise->waitIfPending()
#10 E:\xampp73\htdocs\filecroco\loader\vendor\guzzlehttp\promises\src\EachPromise.php(101): GuzzleHttp\Promise\Promise->wait()
#11 E:\xampp73\htdocs\filecroco\loader\vendor\guzzlehttp\promises\src\Promise.php(246): GuzzleHttp\Promise\EachPromise->GuzzleHttp\Promise\{closure}(true)
#12 E:\xampp73\htdocs\filecroco\loader\vendor\guzzlehttp\promises\src\Promise.php(223): GuzzleHttp\Promise\Promise->invokeWaitFn()
#13 E:\xampp73\htdocs\filecroco\loader\vendor\guzzlehttp\promises\src\Promise.php(62): GuzzleHttp\Promise\Promise->waitIfPending()
#14 E:\xampp73\htdocs\filecroco\loader\updatedownloadlink.php(95): GuzzleHttp\Promise\Promise->wait()
#15 {main}|257GuzzleHttp\Exception\RequestException: cURL error 56:  (see http://curl.haxx.se/libcurl/c/libcurl-errors.html) in E:\xampp73\htdocs\filecroco\loader\vendor\guzzlehttp\guzzle\src\Handler\CurlFactory.php:186
Stack trace:
#0 E:\xampp73\htdocs\filecroco\loader\vendor\guzzlehttp\guzzle\src\Handler\CurlFactory.php(149): GuzzleHttp\Handler\CurlFactory::createRejection(Object(GuzzleHttp\Handler\EasyHandle), Array)
#1 E:\xampp73\htdocs\filecroco\loader\vendor\guzzlehttp\guzzle\src\Handler\CurlFactory.php(102): GuzzleHttp\Handler\CurlFactory::finishError(Object(GuzzleHttp\Handler\CurlMultiHandler), Object(GuzzleHttp\Handler\EasyHandle), Object(GuzzleHttp\Handler\CurlFactory))
#2 E:\xampp73\htdocs\filecroco\loader\vendor\guzzlehttp\guzzle\src\Handler\CurlMultiHandler.php(181): GuzzleHttp\Handler\CurlFactory::finish(Object(GuzzleHttp\Handler\CurlMultiHandler), Object(GuzzleHttp\Handler\EasyHandle), Object(GuzzleHttp\Handler\CurlFactory))
#3 E:\xampp73\htdocs\filecroco\loader\vendor\guzzlehttp\guzzle\src\Handler\CurlMultiHandler.php(110): GuzzleHttp\Handler\CurlMultiHandler->processMessages()
#4 E:\xampp73\htdocs\filecroco\loader\vendor\guzzlehttp\guzzle\src\Handler\CurlMultiHandler.php(125): GuzzleHttp\Handler\CurlMultiHandler->tick()
#5 E:\xampp73\htdocs\filecroco\loader\vendor\guzzlehttp\promises\src\Promise.php(246): GuzzleHttp\Handler\CurlMultiHandler->execute(true)
#6 E:\xampp73\htdocs\filecroco\loader\vendor\guzzlehttp\promises\src\Promise.php(223): GuzzleHttp\Promise\Promise->invokeWaitFn()
#7 E:\xampp73\htdocs\filecroco\loader\vendor\guzzlehttp\promises\src\Promise.php(267): GuzzleHttp\Promise\Promise->waitIfPending()
#8 E:\xampp73\htdocs\filecroco\loader\vendor\guzzlehttp\promises\src\Promise.php(225): GuzzleHttp\Promise\Promise->invokeWaitList()
#9 E:\xampp73\htdocs\filecroco\loader\vendor\guzzlehttp\promises\src\Promise.php(62): GuzzleHttp\Promise\Promise->waitIfPending()
#10 E:\xampp73\htdocs\filecroco\loader\vendor\guzzlehttp\promises\src\EachPromise.php(101): GuzzleHttp\Promise\Promise->wait()
#11 E:\xampp73\htdocs\filecroco\loader\vendor\guzzlehttp\promises\src\Promise.php(246): GuzzleHttp\Promise\EachPromise->GuzzleHttp\Promise\{closure}(true)
#12 E:\xampp73\htdocs\filecroco\loader\vendor\guzzlehttp\promises\src\Promise.php(223): GuzzleHttp\Promise\Promise->invokeWaitFn()
#13 E:\xampp73\htdocs\filecroco\loader\vendor\guzzlehttp\promises\src\Promise.php(62): GuzzleHttp\Promise\Promise->waitIfPending()
#14 E:\xampp73\htdocs\filecroco\loader\updatedownloadlink.php(95): GuzzleHttp\Promise\Promise->wait()
#15 {main}|258GuzzleHttp\Exception\RequestException: cURL error 56:  (see http://curl.haxx.se/libcurl/c/libcurl-errors.html) in E:\xampp73\htdocs\filecroco\loader\vendor\guzzlehttp\guzzle\src\Handler\CurlFactory.php:186
Stack trace:
#0 E:\xampp73\htdocs\filecroco\loader\vendor\guzzlehttp\guzzle\src\Handler\CurlFactory.php(149): GuzzleHttp\Handler\CurlFactory::createRejection(Object(GuzzleHttp\Handler\EasyHandle), Array)
#1 E:\xampp73\htdocs\filecroco\loader\vendor\guzzlehttp\guzzle\src\Handler\CurlFactory.php(102): GuzzleHttp\Handler\CurlFactory::finishError(Object(GuzzleHttp\Handler\CurlMultiHandler), Object(GuzzleHttp\Handler\EasyHandle), Object(GuzzleHttp\Handler\CurlFactory))
#2 E:\xampp73\htdocs\filecroco\loader\vendor\guzzlehttp\guzzle\src\Handler\CurlMultiHandler.php(181): GuzzleHttp\Handler\CurlFactory::finish(Object(GuzzleHttp\Handler\CurlMultiHandler), Object(GuzzleHttp\Handler\EasyHandle), Object(GuzzleHttp\Handler\CurlFactory))
#3 E:\xampp73\htdocs\filecroco\loader\vendor\guzzlehttp\guzzle\src\Handler\CurlMultiHandler.php(110): GuzzleHttp\Handler\CurlMultiHandler->processMessages()
#4 E:\xampp73\htdocs\filecroco\loader\vendor\guzzlehttp\guzzle\src\Handler\CurlMultiHandler.php(125): GuzzleHttp\Handler\CurlMultiHandler->tick()
#5 E:\xampp73\htdocs\filecroco\loader\vendor\guzzlehttp\promises\src\Promise.php(246): GuzzleHttp\Handler\CurlMultiHandler->execute(true)
#6 E:\xampp73\htdocs\filecroco\loader\vendor\guzzlehttp\promises\src\Promise.php(223): GuzzleHttp\Promise\Promise->invokeWaitFn()
#7 E:\xampp73\htdocs\filecroco\loader\vendor\guzzlehttp\promises\src\Promise.php(267): GuzzleHttp\Promise\Promise->waitIfPending()
#8 E:\xampp73\htdocs\filecroco\loader\vendor\guzzlehttp\promises\src\Promise.php(225): GuzzleHttp\Promise\Promise->invokeWaitList()
#9 E:\xampp73\htdocs\filecroco\loader\vendor\guzzlehttp\promises\src\Promise.php(62): GuzzleHttp\Promise\Promise->waitIfPending()
#10 E:\xampp73\htdocs\filecroco\loader\vendor\guzzlehttp\promises\src\EachPromise.php(101): GuzzleHttp\Promise\Promise->wait()
#11 E:\xampp73\htdocs\filecroco\loader\vendor\guzzlehttp\promises\src\Promise.php(246): GuzzleHttp\Promise\EachPromise->GuzzleHttp\Promise\{closure}(true)
#12 E:\xampp73\htdocs\filecroco\loader\vendor\guzzlehttp\promises\src\Promise.php(223): GuzzleHttp\Promise\Promise->invokeWaitFn()
#13 E:\xampp73\htdocs\filecroco\loader\vendor\guzzlehttp\promises\src\Promise.php(62): GuzzleHttp\Promise\Promise->waitIfPending()
#14 E:\xampp73\htdocs\filecroco\loader\updatedownloadlink.php(95): GuzzleHttp\Promise\Promise->wait()
#15 {main}|259GuzzleHttp\Exception\RequestException: cURL error 56:  (see http://curl.haxx.se/libcurl/c/libcurl-errors.html) in E:\xampp73\htdocs\filecroco\loader\vendor\guzzlehttp\guzzle\src\Handler\CurlFactory.php:186
Stack trace:
#0 E:\xampp73\htdocs\filecroco\loader\vendor\guzzlehttp\guzzle\src\Handler\CurlFactory.php(149): GuzzleHttp\Handler\CurlFactory::createRejection(Object(GuzzleHttp\Handler\EasyHandle), Array)
#1 E:\xampp73\htdocs\filecroco\loader\vendor\guzzlehttp\guzzle\src\Handler\CurlFactory.php(102): GuzzleHttp\Handler\CurlFactory::finishError(Object(GuzzleHttp\Handler\CurlMultiHandler), Object(GuzzleHttp\Handler\EasyHandle), Object(GuzzleHttp\Handler\CurlFactory))
#2 E:\xampp73\htdocs\filecroco\loader\vendor\guzzlehttp\guzzle\src\Handler\CurlMultiHandler.php(181): GuzzleHttp\Handler\CurlFactory::finish(Object(GuzzleHttp\Handler\CurlMultiHandler), Object(GuzzleHttp\Handler\EasyHandle), Object(GuzzleHttp\Handler\CurlFactory))
#3 E:\xampp73\htdocs\filecroco\loader\vendor\guzzlehttp\guzzle\src\Handler\CurlMultiHandler.php(110): GuzzleHttp\Handler\CurlMultiHandler->processMessages()
#4 E:\xampp73\htdocs\filecroco\loader\vendor\guzzlehttp\guzzle\src\Handler\CurlMultiHandler.php(125): GuzzleHttp\Handler\CurlMultiHandler->tick()
#5 E:\xampp73\htdocs\filecroco\loader\vendor\guzzlehttp\promises\src\Promise.php(246): GuzzleHttp\Handler\CurlMultiHandler->execute(true)
#6 E:\xampp73\htdocs\filecroco\loader\vendor\guzzlehttp\promises\src\Promise.php(223): GuzzleHttp\Promise\Promise->invokeWaitFn()
#7 E:\xampp73\htdocs\filecroco\loader\vendor\guzzlehttp\promises\src\Promise.php(267): GuzzleHttp\Promise\Promise->waitIfPending()
#8 E:\xampp73\htdocs\filecroco\loader\vendor\guzzlehttp\promises\src\Promise.php(225): GuzzleHttp\Promise\Promise->invokeWaitList()
#9 E:\xampp73\htdocs\filecroco\loader\vendor\guzzlehttp\promises\src\Promise.php(62): GuzzleHttp\Promise\Promise->waitIfPending()
#10 E:\xampp73\htdocs\filecroco\loader\vendor\guzzlehttp\promises\src\EachPromise.php(101): GuzzleHttp\Promise\Promise->wait()
#11 E:\xampp73\htdocs\filecroco\loader\vendor\guzzlehttp\promises\src\Promise.php(246): GuzzleHttp\Promise\EachPromise->GuzzleHttp\Promise\{closure}(true)
#12 E:\xampp73\htdocs\filecroco\loader\vendor\guzzlehttp\promises\src\Promise.php(223): GuzzleHttp\Promise\Promise->invokeWaitFn()
#13 E:\xampp73\htdocs\filecroco\loader\vendor\guzzlehttp\promises\src\Promise.php(62): GuzzleHttp\Promise\Promise->waitIfPending()
#14 E:\xampp73\htdocs\filecroco\loader\updatedownloadlink.php(95): GuzzleHttp\Promise\Promise->wait()
#15 {main}|260GuzzleHttp\Exception\RequestException: cURL error 56:  (see http://curl.haxx.se/libcurl/c/libcurl-errors.html) in E:\xampp73\htdocs\filecroco\loader\vendor\guzzlehttp\guzzle\src\Handler\CurlFactory.php:186
Stack trace:
#0 E:\xampp73\htdocs\filecroco\loader\vendor\guzzlehttp\guzzle\src\Handler\CurlFactory.php(149): GuzzleHttp\Handler\CurlFactory::createRejection(Object(GuzzleHttp\Handler\EasyHandle), Array)
#1 E:\xampp73\htdocs\filecroco\loader\vendor\guzzlehttp\guzzle\src\Handler\CurlFactory.php(102): GuzzleHttp\Handler\CurlFactory::finishError(Object(GuzzleHttp\Handler\CurlMultiHandler), Object(GuzzleHttp\Handler\EasyHandle), Object(GuzzleHttp\Handler\CurlFactory))
#2 E:\xampp73\htdocs\filecroco\loader\vendor\guzzlehttp\guzzle\src\Handler\CurlMultiHandler.php(181): GuzzleHttp\Handler\CurlFactory::finish(Object(GuzzleHttp\Handler\CurlMultiHandler), Object(GuzzleHttp\Handler\EasyHandle), Object(GuzzleHttp\Handler\CurlFactory))
#3 E:\xampp73\htdocs\filecroco\loader\vendor\guzzlehttp\guzzle\src\Handler\CurlMultiHandler.php(110): GuzzleHttp\Handler\CurlMultiHandler->processMessages()
#4 E:\xampp73\htdocs\filecroco\loader\vendor\guzzlehttp\guzzle\src\Handler\CurlMultiHandler.php(125): GuzzleHttp\Handler\CurlMultiHandler->tick()
#5 E:\xampp73\htdocs\filecroco\loader\vendor\guzzlehttp\promises\src\Promise.php(246): GuzzleHttp\Handler\CurlMultiHandler->execute(true)
#6 E:\xampp73\htdocs\filecroco\loader\vendor\guzzlehttp\promises\src\Promise.php(223): GuzzleHttp\Promise\Promise->invokeWaitFn()
#7 E:\xampp73\htdocs\filecroco\loader\vendor\guzzlehttp\promises\src\Promise.php(267): GuzzleHttp\Promise\Promise->waitIfPending()
#8 E:\xampp73\htdocs\filecroco\loader\vendor\guzzlehttp\promises\src\Promise.php(225): GuzzleHttp\Promise\Promise->invokeWaitList()
#9 E:\xampp73\htdocs\filecroco\loader\vendor\guzzlehttp\promises\src\Promise.php(62): GuzzleHttp\Promise\Promise->waitIfPending()
#10 E:\xampp73\htdocs\filecroco\loader\vendor\guzzlehttp\promises\src\EachPromise.php(101): GuzzleHttp\Promise\Promise->wait()
#11 E:\xampp73\htdocs\filecroco\loader\vendor\guzzlehttp\promises\src\Promise.php(246): GuzzleHttp\Promise\EachPromise->GuzzleHttp\Promise\{closure}(true)
#12 E:\xampp73\htdocs\filecroco\loader\vendor\guzzlehttp\promises\src\Promise.php(223): GuzzleHttp\Promise\Promise->invokeWaitFn()
#13 E:\xampp73\htdocs\filecroco\loader\vendor\guzzlehttp\promises\src\Promise.php(62): GuzzleHttp\Promise\Promise->waitIfPending()
#14 E:\xampp73\htdocs\filecroco\loader\updatedownloadlink.php(95): GuzzleHttp\Promise\Promise->wait()
#15 {main}|261GuzzleHttp\Exception\RequestException: cURL error 56:  (see http://curl.haxx.se/libcurl/c/libcurl-errors.html) in E:\xampp73\htdocs\filecroco\loader\vendor\guzzlehttp\guzzle\src\Handler\CurlFactory.php:186
Stack trace:
#0 E:\xampp73\htdocs\filecroco\loader\vendor\guzzlehttp\guzzle\src\Handler\CurlFactory.php(149): GuzzleHttp\Handler\CurlFactory::createRejection(Object(GuzzleHttp\Handler\EasyHandle), Array)
#1 E:\xampp73\htdocs\filecroco\loader\vendor\guzzlehttp\guzzle\src\Handler\CurlFactory.php(102): GuzzleHttp\Handler\CurlFactory::finishError(Object(GuzzleHttp\Handler\CurlMultiHandler), Object(GuzzleHttp\Handler\EasyHandle), Object(GuzzleHttp\Handler\CurlFactory))
#2 E:\xampp73\htdocs\filecroco\loader\vendor\guzzlehttp\guzzle\src\Handler\CurlMultiHandler.php(181): GuzzleHttp\Handler\CurlFactory::finish(Object(GuzzleHttp\Handler\CurlMultiHandler), Object(GuzzleHttp\Handler\EasyHandle), Object(GuzzleHttp\Handler\CurlFactory))
#3 E:\xampp73\htdocs\filecroco\loader\vendor\guzzlehttp\guzzle\src\Handler\CurlMultiHandler.php(110): GuzzleHttp\Handler\CurlMultiHandler->processMessages()
#4 E:\xampp73\htdocs\filecroco\loader\vendor\guzzlehttp\guzzle\src\Handler\CurlMultiHandler.php(125): GuzzleHttp\Handler\CurlMultiHandler->tick()
#5 E:\xampp73\htdocs\filecroco\loader\vendor\guzzlehttp\promises\src\Promise.php(246): GuzzleHttp\Handler\CurlMultiHandler->execute(true)
#6 E:\xampp73\htdocs\filecroco\loader\vendor\guzzlehttp\promises\src\Promise.php(223): GuzzleHttp\Promise\Promise->invokeWaitFn()
#7 E:\xampp73\htdocs\filecroco\loader\vendor\guzzlehttp\promises\src\Promise.php(267): GuzzleHttp\Promise\Promise->waitIfPending()
#8 E:\xampp73\htdocs\filecroco\loader\vendor\guzzlehttp\promises\src\Promise.php(225): GuzzleHttp\Promise\Promise->invokeWaitList()
#9 E:\xampp73\htdocs\filecroco\loader\vendor\guzzlehttp\promises\src\Promise.php(62): GuzzleHttp\Promise\Promise->waitIfPending()
#10 E:\xampp73\htdocs\filecroco\loader\vendor\guzzlehttp\promises\src\EachPromise.php(101): GuzzleHttp\Promise\Promise->wait()
#11 E:\xampp73\htdocs\filecroco\loader\vendor\guzzlehttp\promises\src\Promise.php(246): GuzzleHttp\Promise\EachPromise->GuzzleHttp\Promise\{closure}(true)
#12 E:\xampp73\htdocs\filecroco\loader\vendor\guzzlehttp\promises\src\Promise.php(223): GuzzleHttp\Promise\Promise->invokeWaitFn()
#13 E:\xampp73\htdocs\filecroco\loader\vendor\guzzlehttp\promises\src\Promise.php(62): GuzzleHttp\Promise\Promise->waitIfPending()
#14 E:\xampp73\htdocs\filecroco\loader\updatedownloadlink.php(95): GuzzleHttp\Promise\Promise->wait()
#15 {main}|262GuzzleHttp\Exception\RequestException: cURL error 56:  (see http://curl.haxx.se/libcurl/c/libcurl-errors.html) in E:\xampp73\htdocs\filecroco\loader\vendor\guzzlehttp\guzzle\src\Handler\CurlFactory.php:186
Stack trace:
#0 E:\xampp73\htdocs\filecroco\loader\vendor\guzzlehttp\guzzle\src\Handler\CurlFactory.php(149): GuzzleHttp\Handler\CurlFactory::createRejection(Object(GuzzleHttp\Handler\EasyHandle), Array)
#1 E:\xampp73\htdocs\filecroco\loader\vendor\guzzlehttp\guzzle\src\Handler\CurlFactory.php(102): GuzzleHttp\Handler\CurlFactory::finishError(Object(GuzzleHttp\Handler\CurlMultiHandler), Object(GuzzleHttp\Handler\EasyHandle), Object(GuzzleHttp\Handler\CurlFactory))
#2 E:\xampp73\htdocs\filecroco\loader\vendor\guzzlehttp\guzzle\src\Handler\CurlMultiHandler.php(181): GuzzleHttp\Handler\CurlFactory::finish(Object(GuzzleHttp\Handler\CurlMultiHandler), Object(GuzzleHttp\Handler\EasyHandle), Object(GuzzleHttp\Handler\CurlFactory))
#3 E:\xampp73\htdocs\filecroco\loader\vendor\guzzlehttp\guzzle\src\Handler\CurlMultiHandler.php(110): GuzzleHttp\Handler\CurlMultiHandler->processMessages()
#4 E:\xampp73\htdocs\filecroco\loader\vendor\guzzlehttp\guzzle\src\Handler\CurlMultiHandler.php(125): GuzzleHttp\Handler\CurlMultiHandler->tick()
#5 E:\xampp73\htdocs\filecroco\loader\vendor\guzzlehttp\promises\src\Promise.php(246): GuzzleHttp\Handler\CurlMultiHandler->execute(true)
#6 E:\xampp73\htdocs\filecroco\loader\vendor\guzzlehttp\promises\src\Promise.php(223): GuzzleHttp\Promise\Promise->invokeWaitFn()
#7 E:\xampp73\htdocs\filecroco\loader\vendor\guzzlehttp\promises\src\Promise.php(267): GuzzleHttp\Promise\Promise->waitIfPending()
#8 E:\xampp73\htdocs\filecroco\loader\vendor\guzzlehttp\promises\src\Promise.php(225): GuzzleHttp\Promise\Promise->invokeWaitList()
#9 E:\xampp73\htdocs\filecroco\loader\vendor\guzzlehttp\promises\src\Promise.php(62): GuzzleHttp\Promise\Promise->waitIfPending()
#10 E:\xampp73\htdocs\filecroco\loader\vendor\guzzlehttp\promises\src\EachPromise.php(101): GuzzleHttp\Promise\Promise->wait()
#11 E:\xampp73\htdocs\filecroco\loader\vendor\guzzlehttp\promises\src\Promise.php(246): GuzzleHttp\Promise\EachPromise->GuzzleHttp\Promise\{closure}(true)
#12 E:\xampp73\htdocs\filecroco\loader\vendor\guzzlehttp\promises\src\Promise.php(223): GuzzleHttp\Promise\Promise->invokeWaitFn()
#13 E:\xampp73\htdocs\filecroco\loader\vendor\guzzlehttp\promises\src\Promise.php(62): GuzzleHttp\Promise\Promise->waitIfPending()
#14 E:\xampp73\htdocs\filecroco\loader\updatedownloadlink.php(95): GuzzleHttp\Promise\Promise->wait()
#15 {main}|263GuzzleHttp\Exception\RequestException: cURL error 56:  (see http://curl.haxx.se/libcurl/c/libcurl-errors.html) in E:\xampp73\htdocs\filecroco\loader\vendor\guzzlehttp\guzzle\src\Handler\CurlFactory.php:186
Stack trace:
#0 E:\xampp73\htdocs\filecroco\loader\vendor\guzzlehttp\guzzle\src\Handler\CurlFactory.php(149): GuzzleHttp\Handler\CurlFactory::createRejection(Object(GuzzleHttp\Handler\EasyHandle), Array)
#1 E:\xampp73\htdocs\filecroco\loader\vendor\guzzlehttp\guzzle\src\Handler\CurlFactory.php(102): GuzzleHttp\Handler\CurlFactory::finishError(Object(GuzzleHttp\Handler\CurlMultiHandler), Object(GuzzleHttp\Handler\EasyHandle), Object(GuzzleHttp\Handler\CurlFactory))
#2 E:\xampp73\htdocs\filecroco\loader\vendor\guzzlehttp\guzzle\src\Handler\CurlMultiHandler.php(181): GuzzleHttp\Handler\CurlFactory::finish(Object(GuzzleHttp\Handler\CurlMultiHandler), Object(GuzzleHttp\Handler\EasyHandle), Object(GuzzleHttp\Handler\CurlFactory))
#3 E:\xampp73\htdocs\filecroco\loader\vendor\guzzlehttp\guzzle\src\Handler\CurlMultiHandler.php(110): GuzzleHttp\Handler\CurlMultiHandler->processMessages()
#4 E:\xampp73\htdocs\filecroco\loader\vendor\guzzlehttp\guzzle\src\Handler\CurlMultiHandler.php(125): GuzzleHttp\Handler\CurlMultiHandler->tick()
#5 E:\xampp73\htdocs\filecroco\loader\vendor\guzzlehttp\promises\src\Promise.php(246): GuzzleHttp\Handler\CurlMultiHandler->execute(true)
#6 E:\xampp73\htdocs\filecroco\loader\vendor\guzzlehttp\promises\src\Promise.php(223): GuzzleHttp\Promise\Promise->invokeWaitFn()
#7 E:\xampp73\htdocs\filecroco\loader\vendor\guzzlehttp\promises\src\Promise.php(267): GuzzleHttp\Promise\Promise->waitIfPending()
#8 E:\xampp73\htdocs\filecroco\loader\vendor\guzzlehttp\promises\src\Promise.php(225): GuzzleHttp\Promise\Promise->invokeWaitList()
#9 E:\xampp73\htdocs\filecroco\loader\vendor\guzzlehttp\promises\src\Promise.php(62): GuzzleHttp\Promise\Promise->waitIfPending()
#10 E:\xampp73\htdocs\filecroco\loader\vendor\guzzlehttp\promises\src\EachPromise.php(101): GuzzleHttp\Promise\Promise->wait()
#11 E:\xampp73\htdocs\filecroco\loader\vendor\guzzlehttp\promises\src\Promise.php(246): GuzzleHttp\Promise\EachPromise->GuzzleHttp\Promise\{closure}(true)
#12 E:\xampp73\htdocs\filecroco\loader\vendor\guzzlehttp\promises\src\Promise.php(223): GuzzleHttp\Promise\Promise->invokeWaitFn()
#13 E:\xampp73\htdocs\filecroco\loader\vendor\guzzlehttp\promises\src\Promise.php(62): GuzzleHttp\Promise\Promise->waitIfPending()
#14 E:\xampp73\htdocs\filecroco\loader\updatedownloadlink.php(95): GuzzleHttp\Promise\Promise->wait()
#15 {main}|264GuzzleHttp\Exception\RequestException: cURL error 56:  (see http://curl.haxx.se/libcurl/c/libcurl-errors.html) in E:\xampp73\htdocs\filecroco\loader\vendor\guzzlehttp\guzzle\src\Handler\CurlFactory.php:186
Stack trace:
#0 E:\xampp73\htdocs\filecroco\loader\vendor\guzzlehttp\guzzle\src\Handler\CurlFactory.php(149): GuzzleHttp\Handler\CurlFactory::createRejection(Object(GuzzleHttp\Handler\EasyHandle), Array)
#1 E:\xampp73\htdocs\filecroco\loader\vendor\guzzlehttp\guzzle\src\Handler\CurlFactory.php(102): GuzzleHttp\Handler\CurlFactory::finishError(Object(GuzzleHttp\Handler\CurlMultiHandler), Object(GuzzleHttp\Handler\EasyHandle), Object(GuzzleHttp\Handler\CurlFactory))
#2 E:\xampp73\htdocs\filecroco\loader\vendor\guzzlehttp\guzzle\src\Handler\CurlMultiHandler.php(181): GuzzleHttp\Handler\CurlFactory::finish(Object(GuzzleHttp\Handler\CurlMultiHandler), Object(GuzzleHttp\Handler\EasyHandle), Object(GuzzleHttp\Handler\CurlFactory))
#3 E:\xampp73\htdocs\filecroco\loader\vendor\guzzlehttp\guzzle\src\Handler\CurlMultiHandler.php(110): GuzzleHttp\Handler\CurlMultiHandler->processMessages()
#4 E:\xampp73\htdocs\filecroco\loader\vendor\guzzlehttp\guzzle\src\Handler\CurlMultiHandler.php(125): GuzzleHttp\Handler\CurlMultiHandler->tick()
#5 E:\xampp73\htdocs\filecroco\loader\vendor\guzzlehttp\promises\src\Promise.php(246): GuzzleHttp\Handler\CurlMultiHandler->execute(true)
#6 E:\xampp73\htdocs\filecroco\loader\vendor\guzzlehttp\promises\src\Promise.php(223): GuzzleHttp\Promise\Promise->invokeWaitFn()
#7 E:\xampp73\htdocs\filecroco\loader\vendor\guzzlehttp\promises\src\Promise.php(267): GuzzleHttp\Promise\Promise->waitIfPending()
#8 E:\xampp73\htdocs\filecroco\loader\vendor\guzzlehttp\promises\src\Promise.php(225): GuzzleHttp\Promise\Promise->invokeWaitList()
#9 E:\xampp73\htdocs\filecroco\loader\vendor\guzzlehttp\promises\src\Promise.php(62): GuzzleHttp\Promise\Promise->waitIfPending()
#10 E:\xampp73\htdocs\filecroco\loader\vendor\guzzlehttp\promises\src\EachPromise.php(101): GuzzleHttp\Promise\Promise->wait()
#11 E:\xampp73\htdocs\filecroco\loader\vendor\guzzlehttp\promises\src\Promise.php(246): GuzzleHttp\Promise\EachPromise->GuzzleHttp\Promise\{closure}(true)
#12 E:\xampp73\htdocs\filecroco\loader\vendor\guzzlehttp\promises\src\Promise.php(223): GuzzleHttp\Promise\Promise->invokeWaitFn()
#13 E:\xampp73\htdocs\filecroco\loader\vendor\guzzlehttp\promises\src\Promise.php(62): GuzzleHttp\Promise\Promise->waitIfPending()
#14 E:\xampp73\htdocs\filecroco\loader\updatedownloadlink.php(95): GuzzleHttp\Promise\Promise->wait()
#15 {main}|265GuzzleHttp\Exception\RequestException: cURL error 56:  (see http://curl.haxx.se/libcurl/c/libcurl-errors.html) in E:\xampp73\htdocs\filecroco\loader\vendor\guzzlehttp\guzzle\src\Handler\CurlFactory.php:186
Stack trace:
#0 E:\xampp73\htdocs\filecroco\loader\vendor\guzzlehttp\guzzle\src\Handler\CurlFactory.php(149): GuzzleHttp\Handler\CurlFactory::createRejection(Object(GuzzleHttp\Handler\EasyHandle), Array)
#1 E:\xampp73\htdocs\filecroco\loader\vendor\guzzlehttp\guzzle\src\Handler\CurlFactory.php(102): GuzzleHttp\Handler\CurlFactory::finishError(Object(GuzzleHttp\Handler\CurlMultiHandler), Object(GuzzleHttp\Handler\EasyHandle), Object(GuzzleHttp\Handler\CurlFactory))
#2 E:\xampp73\htdocs\filecroco\loader\vendor\guzzlehttp\guzzle\src\Handler\CurlMultiHandler.php(181): GuzzleHttp\Handler\CurlFactory::finish(Object(GuzzleHttp\Handler\CurlMultiHandler), Object(GuzzleHttp\Handler\EasyHandle), Object(GuzzleHttp\Handler\CurlFactory))
#3 E:\xampp73\htdocs\filecroco\loader\vendor\guzzlehttp\guzzle\src\Handler\CurlMultiHandler.php(110): GuzzleHttp\Handler\CurlMultiHandler->processMessages()
#4 E:\xampp73\htdocs\filecroco\loader\vendor\guzzlehttp\guzzle\src\Handler\CurlMultiHandler.php(125): GuzzleHttp\Handler\CurlMultiHandler->tick()
#5 E:\xampp73\htdocs\filecroco\loader\vendor\guzzlehttp\promises\src\Promise.php(246): GuzzleHttp\Handler\CurlMultiHandler->execute(true)
#6 E:\xampp73\htdocs\filecroco\loader\vendor\guzzlehttp\promises\src\Promise.php(223): GuzzleHttp\Promise\Promise->invokeWaitFn()
#7 E:\xampp73\htdocs\filecroco\loader\vendor\guzzlehttp\promises\src\Promise.php(267): GuzzleHttp\Promise\Promise->waitIfPending()
#8 E:\xampp73\htdocs\filecroco\loader\vendor\guzzlehttp\promises\src\Promise.php(225): GuzzleHttp\Promise\Promise->invokeWaitList()
#9 E:\xampp73\htdocs\filecroco\loader\vendor\guzzlehttp\promises\src\Promise.php(62): GuzzleHttp\Promise\Promise->waitIfPending()
#10 E:\xampp73\htdocs\filecroco\loader\vendor\guzzlehttp\promises\src\EachPromise.php(101): GuzzleHttp\Promise\Promise->wait()
#11 E:\xampp73\htdocs\filecroco\loader\vendor\guzzlehttp\promises\src\Promise.php(246): GuzzleHttp\Promise\EachPromise->GuzzleHttp\Promise\{closure}(true)
#12 E:\xampp73\htdocs\filecroco\loader\vendor\guzzlehttp\promises\src\Promise.php(223): GuzzleHttp\Promise\Promise->invokeWaitFn()
#13 E:\xampp73\htdocs\filecroco\loader\vendor\guzzlehttp\promises\src\Promise.php(62): GuzzleHttp\Promise\Promise->waitIfPending()
#14 E:\xampp73\htdocs\filecroco\loader\updatedownloadlink.php(95): GuzzleHttp\Promise\Promise->wait()
#15 {main}|266GuzzleHttp\Exception\RequestException: cURL error 56:  (see http://curl.haxx.se/libcurl/c/libcurl-errors.html) in E:\xampp73\htdocs\filecroco\loader\vendor\guzzlehttp\guzzle\src\Handler\CurlFactory.php:186
Stack trace:
#0 E:\xampp73\htdocs\filecroco\loader\vendor\guzzlehttp\guzzle\src\Handler\CurlFactory.php(149): GuzzleHttp\Handler\CurlFactory::createRejection(Object(GuzzleHttp\Handler\EasyHandle), Array)
#1 E:\xampp73\htdocs\filecroco\loader\vendor\guzzlehttp\guzzle\src\Handler\CurlFactory.php(102): GuzzleHttp\Handler\CurlFactory::finishError(Object(GuzzleHttp\Handler\CurlMultiHandler), Object(GuzzleHttp\Handler\EasyHandle), Object(GuzzleHttp\Handler\CurlFactory))
#2 E:\xampp73\htdocs\filecroco\loader\vendor\guzzlehttp\guzzle\src\Handler\CurlMultiHandler.php(181): GuzzleHttp\Handler\CurlFactory::finish(Object(GuzzleHttp\Handler\CurlMultiHandler), Object(GuzzleHttp\Handler\EasyHandle), Object(GuzzleHttp\Handler\CurlFactory))
#3 E:\xampp73\htdocs\filecroco\loader\vendor\guzzlehttp\guzzle\src\Handler\CurlMultiHandler.php(110): GuzzleHttp\Handler\CurlMultiHandler->processMessages()
#4 E:\xampp73\htdocs\filecroco\loader\vendor\guzzlehttp\guzzle\src\Handler\CurlMultiHandler.php(125): GuzzleHttp\Handler\CurlMultiHandler->tick()
#5 E:\xampp73\htdocs\filecroco\loader\vendor\guzzlehttp\promises\src\Promise.php(246): GuzzleHttp\Handler\CurlMultiHandler->execute(true)
#6 E:\xampp73\htdocs\filecroco\loader\vendor\guzzlehttp\promises\src\Promise.php(223): GuzzleHttp\Promise\Promise->invokeWaitFn()
#7 E:\xampp73\htdocs\filecroco\loader\vendor\guzzlehttp\promises\src\Promise.php(267): GuzzleHttp\Promise\Promise->waitIfPending()
#8 E:\xampp73\htdocs\filecroco\loader\vendor\guzzlehttp\promises\src\Promise.php(225): GuzzleHttp\Promise\Promise->invokeWaitList()
#9 E:\xampp73\htdocs\filecroco\loader\vendor\guzzlehttp\promises\src\Promise.php(62): GuzzleHttp\Promise\Promise->waitIfPending()
#10 E:\xampp73\htdocs\filecroco\loader\vendor\guzzlehttp\promises\src\EachPromise.php(101): GuzzleHttp\Promise\Promise->wait()
#11 E:\xampp73\htdocs\filecroco\loader\vendor\guzzlehttp\promises\src\Promise.php(246): GuzzleHttp\Promise\EachPromise->GuzzleHttp\Promise\{closure}(true)
#12 E:\xampp73\htdocs\filecroco\loader\vendor\guzzlehttp\promises\src\Promise.php(223): GuzzleHttp\Promise\Promise->invokeWaitFn()
#13 E:\xampp73\htdocs\filecroco\loader\vendor\guzzlehttp\promises\src\Promise.php(62): GuzzleHttp\Promise\Promise->waitIfPending()
#14 E:\xampp73\htdocs\filecroco\loader\updatedownloadlink.php(95): GuzzleHttp\Promise\Promise->wait()
#15 {main}|267GuzzleHttp\Exception\RequestException: cURL error 56:  (see http://curl.haxx.se/libcurl/c/libcurl-errors.html) in E:\xampp73\htdocs\filecroco\loader\vendor\guzzlehttp\guzzle\src\Handler\CurlFactory.php:186
Stack trace:
#0 E:\xampp73\htdocs\filecroco\loader\vendor\guzzlehttp\guzzle\src\Handler\CurlFactory.php(149): GuzzleHttp\Handler\CurlFactory::createRejection(Object(GuzzleHttp\Handler\EasyHandle), Array)
#1 E:\xampp73\htdocs\filecroco\loader\vendor\guzzlehttp\guzzle\src\Handler\CurlFactory.php(102): GuzzleHttp\Handler\CurlFactory::finishError(Object(GuzzleHttp\Handler\CurlMultiHandler), Object(GuzzleHttp\Handler\EasyHandle), Object(GuzzleHttp\Handler\CurlFactory))
#2 E:\xampp73\htdocs\filecroco\loader\vendor\guzzlehttp\guzzle\src\Handler\CurlMultiHandler.php(181): GuzzleHttp\Handler\CurlFactory::finish(Object(GuzzleHttp\Handler\CurlMultiHandler), Object(GuzzleHttp\Handler\EasyHandle), Object(GuzzleHttp\Handler\CurlFactory))
#3 E:\xampp73\htdocs\filecroco\loader\vendor\guzzlehttp\guzzle\src\Handler\CurlMultiHandler.php(110): GuzzleHttp\Handler\CurlMultiHandler->processMessages()
#4 E:\xampp73\htdocs\filecroco\loader\vendor\guzzlehttp\guzzle\src\Handler\CurlMultiHandler.php(125): GuzzleHttp\Handler\CurlMultiHandler->tick()
#5 E:\xampp73\htdocs\filecroco\loader\vendor\guzzlehttp\promises\src\Promise.php(246): GuzzleHttp\Handler\CurlMultiHandler->execute(true)
#6 E:\xampp73\htdocs\filecroco\loader\vendor\guzzlehttp\promises\src\Promise.php(223): GuzzleHttp\Promise\Promise->invokeWaitFn()
#7 E:\xampp73\htdocs\filecroco\loader\vendor\guzzlehttp\promises\src\Promise.php(267): GuzzleHttp\Promise\Promise->waitIfPending()
#8 E:\xampp73\htdocs\filecroco\loader\vendor\guzzlehttp\promises\src\Promise.php(225): GuzzleHttp\Promise\Promise->invokeWaitList()
#9 E:\xampp73\htdocs\filecroco\loader\vendor\guzzlehttp\promises\src\Promise.php(62): GuzzleHttp\Promise\Promise->waitIfPending()
#10 E:\xampp73\htdocs\filecroco\loader\vendor\guzzlehttp\promises\src\EachPromise.php(101): GuzzleHttp\Promise\Promise->wait()
#11 E:\xampp73\htdocs\filecroco\loader\vendor\guzzlehttp\promises\src\Promise.php(246): GuzzleHttp\Promise\EachPromise->GuzzleHttp\Promise\{closure}(true)
#12 E:\xampp73\htdocs\filecroco\loader\vendor\guzzlehttp\promises\src\Promise.php(223): GuzzleHttp\Promise\Promise->invokeWaitFn()
#13 E:\xampp73\htdocs\filecroco\loader\vendor\guzzlehttp\promises\src\Promise.php(62): GuzzleHttp\Promise\Promise->waitIfPending()
#14 E:\xampp73\htdocs\filecroco\loader\updatedownloadlink.php(95): GuzzleHttp\Promise\Promise->wait()
#15 {main}|268GuzzleHttp\Exception\RequestException: cURL error 56:  (see http://curl.haxx.se/libcurl/c/libcurl-errors.html) in E:\xampp73\htdocs\filecroco\loader\vendor\guzzlehttp\guzzle\src\Handler\CurlFactory.php:186
Stack trace:
#0 E:\xampp73\htdocs\filecroco\loader\vendor\guzzlehttp\guzzle\src\Handler\CurlFactory.php(149): GuzzleHttp\Handler\CurlFactory::createRejection(Object(GuzzleHttp\Handler\EasyHandle), Array)
#1 E:\xampp73\htdocs\filecroco\loader\vendor\guzzlehttp\guzzle\src\Handler\CurlFactory.php(102): GuzzleHttp\Handler\CurlFactory::finishError(Object(GuzzleHttp\Handler\CurlMultiHandler), Object(GuzzleHttp\Handler\EasyHandle), Object(GuzzleHttp\Handler\CurlFactory))
#2 E:\xampp73\htdocs\filecroco\loader\vendor\guzzlehttp\guzzle\src\Handler\CurlMultiHandler.php(181): GuzzleHttp\Handler\CurlFactory::finish(Object(GuzzleHttp\Handler\CurlMultiHandler), Object(GuzzleHttp\Handler\EasyHandle), Object(GuzzleHttp\Handler\CurlFactory))
#3 E:\xampp73\htdocs\filecroco\loader\vendor\guzzlehttp\guzzle\src\Handler\CurlMultiHandler.php(110): GuzzleHttp\Handler\CurlMultiHandler->processMessages()
#4 E:\xampp73\htdocs\filecroco\loader\vendor\guzzlehttp\guzzle\src\Handler\CurlMultiHandler.php(125): GuzzleHttp\Handler\CurlMultiHandler->tick()
#5 E:\xampp73\htdocs\filecroco\loader\vendor\guzzlehttp\promises\src\Promise.php(246): GuzzleHttp\Handler\CurlMultiHandler->execute(true)
#6 E:\xampp73\htdocs\filecroco\loader\vendor\guzzlehttp\promises\src\Promise.php(223): GuzzleHttp\Promise\Promise->invokeWaitFn()
#7 E:\xampp73\htdocs\filecroco\loader\vendor\guzzlehttp\promises\src\Promise.php(267): GuzzleHttp\Promise\Promise->waitIfPending()
#8 E:\xampp73\htdocs\filecroco\loader\vendor\guzzlehttp\promises\src\Promise.php(225): GuzzleHttp\Promise\Promise->invokeWaitList()
#9 E:\xampp73\htdocs\filecroco\loader\vendor\guzzlehttp\promises\src\Promise.php(62): GuzzleHttp\Promise\Promise->waitIfPending()
#10 E:\xampp73\htdocs\filecroco\loader\vendor\guzzlehttp\promises\src\EachPromise.php(101): GuzzleHttp\Promise\Promise->wait()
#11 E:\xampp73\htdocs\filecroco\loader\vendor\guzzlehttp\promises\src\Promise.php(246): GuzzleHttp\Promise\EachPromise->GuzzleHttp\Promise\{closure}(true)
#12 E:\xampp73\htdocs\filecroco\loader\vendor\guzzlehttp\promises\src\Promise.php(223): GuzzleHttp\Promise\Promise->invokeWaitFn()
#13 E:\xampp73\htdocs\filecroco\loader\vendor\guzzlehttp\promises\src\Promise.php(62): GuzzleHttp\Promise\Promise->waitIfPending()
#14 E:\xampp73\htdocs\filecroco\loader\updatedownloadlink.php(95): GuzzleHttp\Promise\Promise->wait()
#15 {main}|269GuzzleHttp\Exception\RequestException: cURL error 56:  (see http://curl.haxx.se/libcurl/c/libcurl-errors.html) in E:\xampp73\htdocs\filecroco\loader\vendor\guzzlehttp\guzzle\src\Handler\CurlFactory.php:186
Stack trace:
#0 E:\xampp73\htdocs\filecroco\loader\vendor\guzzlehttp\guzzle\src\Handler\CurlFactory.php(149): GuzzleHttp\Handler\CurlFactory::createRejection(Object(GuzzleHttp\Handler\EasyHandle), Array)
#1 E:\xampp73\htdocs\filecroco\loader\vendor\guzzlehttp\guzzle\src\Handler\CurlFactory.php(102): GuzzleHttp\Handler\CurlFactory::finishError(Object(GuzzleHttp\Handler\CurlMultiHandler), Object(GuzzleHttp\Handler\EasyHandle), Object(GuzzleHttp\Handler\CurlFactory))
#2 E:\xampp73\htdocs\filecroco\loader\vendor\guzzlehttp\guzzle\src\Handler\CurlMultiHandler.php(181): GuzzleHttp\Handler\CurlFactory::finish(Object(GuzzleHttp\Handler\CurlMultiHandler), Object(GuzzleHttp\Handler\EasyHandle), Object(GuzzleHttp\Handler\CurlFactory))
#3 E:\xampp73\htdocs\filecroco\loader\vendor\guzzlehttp\guzzle\src\Handler\CurlMultiHandler.php(110): GuzzleHttp\Handler\CurlMultiHandler->processMessages()
#4 E:\xampp73\htdocs\filecroco\loader\vendor\guzzlehttp\guzzle\src\Handler\CurlMultiHandler.php(125): GuzzleHttp\Handler\CurlMultiHandler->tick()
#5 E:\xampp73\htdocs\filecroco\loader\vendor\guzzlehttp\promises\src\Promise.php(246): GuzzleHttp\Handler\CurlMultiHandler->execute(true)
#6 E:\xampp73\htdocs\filecroco\loader\vendor\guzzlehttp\promises\src\Promise.php(223): GuzzleHttp\Promise\Promise->invokeWaitFn()
#7 E:\xampp73\htdocs\filecroco\loader\vendor\guzzlehttp\promises\src\Promise.php(267): GuzzleHttp\Promise\Promise->waitIfPending()
#8 E:\xampp73\htdocs\filecroco\loader\vendor\guzzlehttp\promises\src\Promise.php(225): GuzzleHttp\Promise\Promise->invokeWaitList()
#9 E:\xampp73\htdocs\filecroco\loader\vendor\guzzlehttp\promises\src\Promise.php(62): GuzzleHttp\Promise\Promise->waitIfPending()
#10 E:\xampp73\htdocs\filecroco\loader\vendor\guzzlehttp\promises\src\EachPromise.php(101): GuzzleHttp\Promise\Promise->wait()
#11 E:\xampp73\htdocs\filecroco\loader\vendor\guzzlehttp\promises\src\Promise.php(246): GuzzleHttp\Promise\EachPromise->GuzzleHttp\Promise\{closure}(true)
#12 E:\xampp73\htdocs\filecroco\loader\vendor\guzzlehttp\promises\src\Promise.php(223): GuzzleHttp\Promise\Promise->invokeWaitFn()
#13 E:\xampp73\htdocs\filecroco\loader\vendor\guzzlehttp\promises\src\Promise.php(62): GuzzleHttp\Promise\Promise->waitIfPending()
#14 E:\xampp73\htdocs\filecroco\loader\updatedownloadlink.php(95): GuzzleHttp\Promise\Promise->wait()
#15 {main}|270GuzzleHttp\Exception\RequestException: cURL error 56:  (see http://curl.haxx.se/libcurl/c/libcurl-errors.html) in E:\xampp73\htdocs\filecroco\loader\vendor\guzzlehttp\guzzle\src\Handler\CurlFactory.php:186
Stack trace:
#0 E:\xampp73\htdocs\filecroco\loader\vendor\guzzlehttp\guzzle\src\Handler\CurlFactory.php(149): GuzzleHttp\Handler\CurlFactory::createRejection(Object(GuzzleHttp\Handler\EasyHandle), Array)
#1 E:\xampp73\htdocs\filecroco\loader\vendor\guzzlehttp\guzzle\src\Handler\CurlFactory.php(102): GuzzleHttp\Handler\CurlFactory::finishError(Object(GuzzleHttp\Handler\CurlMultiHandler), Object(GuzzleHttp\Handler\EasyHandle), Object(GuzzleHttp\Handler\CurlFactory))
#2 E:\xampp73\htdocs\filecroco\loader\vendor\guzzlehttp\guzzle\src\Handler\CurlMultiHandler.php(181): GuzzleHttp\Handler\CurlFactory::finish(Object(GuzzleHttp\Handler\CurlMultiHandler), Object(GuzzleHttp\Handler\EasyHandle), Object(GuzzleHttp\Handler\CurlFactory))
#3 E:\xampp73\htdocs\filecroco\loader\vendor\guzzlehttp\guzzle\src\Handler\CurlMultiHandler.php(110): GuzzleHttp\Handler\CurlMultiHandler->processMessages()
#4 E:\xampp73\htdocs\filecroco\loader\vendor\guzzlehttp\guzzle\src\Handler\CurlMultiHandler.php(125): GuzzleHttp\Handler\CurlMultiHandler->tick()
#5 E:\xampp73\htdocs\filecroco\loader\vendor\guzzlehttp\promises\src\Promise.php(246): GuzzleHttp\Handler\CurlMultiHandler->execute(true)
#6 E:\xampp73\htdocs\filecroco\loader\vendor\guzzlehttp\promises\src\Promise.php(223): GuzzleHttp\Promise\Promise->invokeWaitFn()
#7 E:\xampp73\htdocs\filecroco\loader\vendor\guzzlehttp\promises\src\Promise.php(267): GuzzleHttp\Promise\Promise->waitIfPending()
#8 E:\xampp73\htdocs\filecroco\loader\vendor\guzzlehttp\promises\src\Promise.php(225): GuzzleHttp\Promise\Promise->invokeWaitList()
#9 E:\xampp73\htdocs\filecroco\loader\vendor\guzzlehttp\promises\src\Promise.php(62): GuzzleHttp\Promise\Promise->waitIfPending()
#10 E:\xampp73\htdocs\filecroco\loader\vendor\guzzlehttp\promises\src\EachPromise.php(101): GuzzleHttp\Promise\Promise->wait()
#11 E:\xampp73\htdocs\filecroco\loader\vendor\guzzlehttp\promises\src\Promise.php(246): GuzzleHttp\Promise\EachPromise->GuzzleHttp\Promise\{closure}(true)
#12 E:\xampp73\htdocs\filecroco\loader\vendor\guzzlehttp\promises\src\Promise.php(223): GuzzleHttp\Promise\Promise->invokeWaitFn()
#13 E:\xampp73\htdocs\filecroco\loader\vendor\guzzlehttp\promises\src\Promise.php(62): GuzzleHttp\Promise\Promise->waitIfPending()
#14 E:\xampp73\htdocs\filecroco\loader\updatedownloadlink.php(95): GuzzleHttp\Promise\Promise->wait()
#15 {main}|271GuzzleHttp\Exception\RequestException: cURL error 56:  (see http://curl.haxx.se/libcurl/c/libcurl-errors.html) in E:\xampp73\htdocs\filecroco\loader\vendor\guzzlehttp\guzzle\src\Handler\CurlFactory.php:186
Stack trace:
#0 E:\xampp73\htdocs\filecroco\loader\vendor\guzzlehttp\guzzle\src\Handler\CurlFactory.php(149): GuzzleHttp\Handler\CurlFactory::createRejection(Object(GuzzleHttp\Handler\EasyHandle), Array)
#1 E:\xampp73\htdocs\filecroco\loader\vendor\guzzlehttp\guzzle\src\Handler\CurlFactory.php(102): GuzzleHttp\Handler\CurlFactory::finishError(Object(GuzzleHttp\Handler\CurlMultiHandler), Object(GuzzleHttp\Handler\EasyHandle), Object(GuzzleHttp\Handler\CurlFactory))
#2 E:\xampp73\htdocs\filecroco\loader\vendor\guzzlehttp\guzzle\src\Handler\CurlMultiHandler.php(181): GuzzleHttp\Handler\CurlFactory::finish(Object(GuzzleHttp\Handler\CurlMultiHandler), Object(GuzzleHttp\Handler\EasyHandle), Object(GuzzleHttp\Handler\CurlFactory))
#3 E:\xampp73\htdocs\filecroco\loader\vendor\guzzlehttp\guzzle\src\Handler\CurlMultiHandler.php(110): GuzzleHttp\Handler\CurlMultiHandler->processMessages()
#4 E:\xampp73\htdocs\filecroco\loader\vendor\guzzlehttp\guzzle\src\Handler\CurlMultiHandler.php(125): GuzzleHttp\Handler\CurlMultiHandler->tick()
#5 E:\xampp73\htdocs\filecroco\loader\vendor\guzzlehttp\promises\src\Promise.php(246): GuzzleHttp\Handler\CurlMultiHandler->execute(true)
#6 E:\xampp73\htdocs\filecroco\loader\vendor\guzzlehttp\promises\src\Promise.php(223): GuzzleHttp\Promise\Promise->invokeWaitFn()
#7 E:\xampp73\htdocs\filecroco\loader\vendor\guzzlehttp\promises\src\Promise.php(267): GuzzleHttp\Promise\Promise->waitIfPending()
#8 E:\xampp73\htdocs\filecroco\loader\vendor\guzzlehttp\promises\src\Promise.php(225): GuzzleHttp\Promise\Promise->invokeWaitList()
#9 E:\xampp73\htdocs\filecroco\loader\vendor\guzzlehttp\promises\src\Promise.php(62): GuzzleHttp\Promise\Promise->waitIfPending()
#10 E:\xampp73\htdocs\filecroco\loader\vendor\guzzlehttp\promises\src\EachPromise.php(101): GuzzleHttp\Promise\Promise->wait()
#11 E:\xampp73\htdocs\filecroco\loader\vendor\guzzlehttp\promises\src\Promise.php(246): GuzzleHttp\Promise\EachPromise->GuzzleHttp\Promise\{closure}(true)
#12 E:\xampp73\htdocs\filecroco\loader\vendor\guzzlehttp\promises\src\Promise.php(223): GuzzleHttp\Promise\Promise->invokeWaitFn()
#13 E:\xampp73\htdocs\filecroco\loader\vendor\guzzlehttp\promises\src\Promise.php(62): GuzzleHttp\Promise\Promise->waitIfPending()
#14 E:\xampp73\htdocs\filecroco\loader\updatedownloadlink.php(95): GuzzleHttp\Promise\Promise->wait()
#15 {main}|272GuzzleHttp\Exception\RequestException: cURL error 56:  (see http://curl.haxx.se/libcurl/c/libcurl-errors.html) in E:\xampp73\htdocs\filecroco\loader\vendor\guzzlehttp\guzzle\src\Handler\CurlFactory.php:186
Stack trace:
#0 E:\xampp73\htdocs\filecroco\loader\vendor\guzzlehttp\guzzle\src\Handler\CurlFactory.php(149): GuzzleHttp\Handler\CurlFactory::createRejection(Object(GuzzleHttp\Handler\EasyHandle), Array)
#1 E:\xampp73\htdocs\filecroco\loader\vendor\guzzlehttp\guzzle\src\Handler\CurlFactory.php(102): GuzzleHttp\Handler\CurlFactory::finishError(Object(GuzzleHttp\Handler\CurlMultiHandler), Object(GuzzleHttp\Handler\EasyHandle), Object(GuzzleHttp\Handler\CurlFactory))
#2 E:\xampp73\htdocs\filecroco\loader\vendor\guzzlehttp\guzzle\src\Handler\CurlMultiHandler.php(181): GuzzleHttp\Handler\CurlFactory::finish(Object(GuzzleHttp\Handler\CurlMultiHandler), Object(GuzzleHttp\Handler\EasyHandle), Object(GuzzleHttp\Handler\CurlFactory))
#3 E:\xampp73\htdocs\filecroco\loader\vendor\guzzlehttp\guzzle\src\Handler\CurlMultiHandler.php(110): GuzzleHttp\Handler\CurlMultiHandler->processMessages()
#4 E:\xampp73\htdocs\filecroco\loader\vendor\guzzlehttp\guzzle\src\Handler\CurlMultiHandler.php(125): GuzzleHttp\Handler\CurlMultiHandler->tick()
#5 E:\xampp73\htdocs\filecroco\loader\vendor\guzzlehttp\promises\src\Promise.php(246): GuzzleHttp\Handler\CurlMultiHandler->execute(true)
#6 E:\xampp73\htdocs\filecroco\loader\vendor\guzzlehttp\promises\src\Promise.php(223): GuzzleHttp\Promise\Promise->invokeWaitFn()
#7 E:\xampp73\htdocs\filecroco\loader\vendor\guzzlehttp\promises\src\Promise.php(267): GuzzleHttp\Promise\Promise->waitIfPending()
#8 E:\xampp73\htdocs\filecroco\loader\vendor\guzzlehttp\promises\src\Promise.php(225): GuzzleHttp\Promise\Promise->invokeWaitList()
#9 E:\xampp73\htdocs\filecroco\loader\vendor\guzzlehttp\promises\src\Promise.php(62): GuzzleHttp\Promise\Promise->waitIfPending()
#10 E:\xampp73\htdocs\filecroco\loader\vendor\guzzlehttp\promises\src\EachPromise.php(101): GuzzleHttp\Promise\Promise->wait()
#11 E:\xampp73\htdocs\filecroco\loader\vendor\guzzlehttp\promises\src\Promise.php(246): GuzzleHttp\Promise\EachPromise->GuzzleHttp\Promise\{closure}(true)
#12 E:\xampp73\htdocs\filecroco\loader\vendor\guzzlehttp\promises\src\Promise.php(223): GuzzleHttp\Promise\Promise->invokeWaitFn()
#13 E:\xampp73\htdocs\filecroco\loader\vendor\guzzlehttp\promises\src\Promise.php(62): GuzzleHttp\Promise\Promise->waitIfPending()
#14 E:\xampp73\htdocs\filecroco\loader\updatedownloadlink.php(95): GuzzleHttp\Promise\Promise->wait()
#15 {main}|273GuzzleHttp\Exception\RequestException: cURL error 56:  (see http://curl.haxx.se/libcurl/c/libcurl-errors.html) in E:\xampp73\htdocs\filecroco\loader\vendor\guzzlehttp\guzzle\src\Handler\CurlFactory.php:186
Stack trace:
#0 E:\xampp73\htdocs\filecroco\loader\vendor\guzzlehttp\guzzle\src\Handler\CurlFactory.php(149): GuzzleHttp\Handler\CurlFactory::createRejection(Object(GuzzleHttp\Handler\EasyHandle), Array)
#1 E:\xampp73\htdocs\filecroco\loader\vendor\guzzlehttp\guzzle\src\Handler\CurlFactory.php(102): GuzzleHttp\Handler\CurlFactory::finishError(Object(GuzzleHttp\Handler\CurlMultiHandler), Object(GuzzleHttp\Handler\EasyHandle), Object(GuzzleHttp\Handler\CurlFactory))
#2 E:\xampp73\htdocs\filecroco\loader\vendor\guzzlehttp\guzzle\src\Handler\CurlMultiHandler.php(181): GuzzleHttp\Handler\CurlFactory::finish(Object(GuzzleHttp\Handler\CurlMultiHandler), Object(GuzzleHttp\Handler\EasyHandle), Object(GuzzleHttp\Handler\CurlFactory))
#3 E:\xampp73\htdocs\filecroco\loader\vendor\guzzlehttp\guzzle\src\Handler\CurlMultiHandler.php(110): GuzzleHttp\Handler\CurlMultiHandler->processMessages()
#4 E:\xampp73\htdocs\filecroco\loader\vendor\guzzlehttp\guzzle\src\Handler\CurlMultiHandler.php(125): GuzzleHttp\Handler\CurlMultiHandler->tick()
#5 E:\xampp73\htdocs\filecroco\loader\vendor\guzzlehttp\promises\src\Promise.php(246): GuzzleHttp\Handler\CurlMultiHandler->execute(true)
#6 E:\xampp73\htdocs\filecroco\loader\vendor\guzzlehttp\promises\src\Promise.php(223): GuzzleHttp\Promise\Promise->invokeWaitFn()
#7 E:\xampp73\htdocs\filecroco\loader\vendor\guzzlehttp\promises\src\Promise.php(267): GuzzleHttp\Promise\Promise->waitIfPending()
#8 E:\xampp73\htdocs\filecroco\loader\vendor\guzzlehttp\promises\src\Promise.php(225): GuzzleHttp\Promise\Promise->invokeWaitList()
#9 E:\xampp73\htdocs\filecroco\loader\vendor\guzzlehttp\promises\src\Promise.php(62): GuzzleHttp\Promise\Promise->waitIfPending()
#10 E:\xampp73\htdocs\filecroco\loader\vendor\guzzlehttp\promises\src\EachPromise.php(101): GuzzleHttp\Promise\Promise->wait()
#11 E:\xampp73\htdocs\filecroco\loader\vendor\guzzlehttp\promises\src\Promise.php(246): GuzzleHttp\Promise\EachPromise->GuzzleHttp\Promise\{closure}(true)
#12 E:\xampp73\htdocs\filecroco\loader\vendor\guzzlehttp\promises\src\Promise.php(223): GuzzleHttp\Promise\Promise->invokeWaitFn()
#13 E:\xampp73\htdocs\filecroco\loader\vendor\guzzlehttp\promises\src\Promise.php(62): GuzzleHttp\Promise\Promise->waitIfPending()
#14 E:\xampp73\htdocs\filecroco\loader\updatedownloadlink.php(95): GuzzleHttp\Promise\Promise->wait()
#15 {main}|274GuzzleHttp\Exception\RequestException: cURL error 56:  (see http://curl.haxx.se/libcurl/c/libcurl-errors.html) in E:\xampp73\htdocs\filecroco\loader\vendor\guzzlehttp\guzzle\src\Handler\CurlFactory.php:186
Stack trace:
#0 E:\xampp73\htdocs\filecroco\loader\vendor\guzzlehttp\guzzle\src\Handler\CurlFactory.php(149): GuzzleHttp\Handler\CurlFactory::createRejection(Object(GuzzleHttp\Handler\EasyHandle), Array)
#1 E:\xampp73\htdocs\filecroco\loader\vendor\guzzlehttp\guzzle\src\Handler\CurlFactory.php(102): GuzzleHttp\Handler\CurlFactory::finishError(Object(GuzzleHttp\Handler\CurlMultiHandler), Object(GuzzleHttp\Handler\EasyHandle), Object(GuzzleHttp\Handler\CurlFactory))
#2 E:\xampp73\htdocs\filecroco\loader\vendor\guzzlehttp\guzzle\src\Handler\CurlMultiHandler.php(181): GuzzleHttp\Handler\CurlFactory::finish(Object(GuzzleHttp\Handler\CurlMultiHandler), Object(GuzzleHttp\Handler\EasyHandle), Object(GuzzleHttp\Handler\CurlFactory))
#3 E:\xampp73\htdocs\filecroco\loader\vendor\guzzlehttp\guzzle\src\Handler\CurlMultiHandler.php(110): GuzzleHttp\Handler\CurlMultiHandler->processMessages()
#4 E:\xampp73\htdocs\filecroco\loader\vendor\guzzlehttp\guzzle\src\Handler\CurlMultiHandler.php(125): GuzzleHttp\Handler\CurlMultiHandler->tick()
#5 E:\xampp73\htdocs\filecroco\loader\vendor\guzzlehttp\promises\src\Promise.php(246): GuzzleHttp\Handler\CurlMultiHandler->execute(true)
#6 E:\xampp73\htdocs\filecroco\loader\vendor\guzzlehttp\promises\src\Promise.php(223): GuzzleHttp\Promise\Promise->invokeWaitFn()
#7 E:\xampp73\htdocs\filecroco\loader\vendor\guzzlehttp\promises\src\Promise.php(267): GuzzleHttp\Promise\Promise->waitIfPending()
#8 E:\xampp73\htdocs\filecroco\loader\vendor\guzzlehttp\promises\src\Promise.php(225): GuzzleHttp\Promise\Promise->invokeWaitList()
#9 E:\xampp73\htdocs\filecroco\loader\vendor\guzzlehttp\promises\src\Promise.php(62): GuzzleHttp\Promise\Promise->waitIfPending()
#10 E:\xampp73\htdocs\filecroco\loader\vendor\guzzlehttp\promises\src\EachPromise.php(101): GuzzleHttp\Promise\Promise->wait()
#11 E:\xampp73\htdocs\filecroco\loader\vendor\guzzlehttp\promises\src\Promise.php(246): GuzzleHttp\Promise\EachPromise->GuzzleHttp\Promise\{closure}(true)
#12 E:\xampp73\htdocs\filecroco\loader\vendor\guzzlehttp\promises\src\Promise.php(223): GuzzleHttp\Promise\Promise->invokeWaitFn()
#13 E:\xampp73\htdocs\filecroco\loader\vendor\guzzlehttp\promises\src\Promise.php(62): GuzzleHttp\Promise\Promise->waitIfPending()
#14 E:\xampp73\htdocs\filecroco\loader\updatedownloadlink.php(95): GuzzleHttp\Promise\Promise->wait()
#15 {main}|275GuzzleHttp\Exception\RequestException: cURL error 56:  (see http://curl.haxx.se/libcurl/c/libcurl-errors.html) in E:\xampp73\htdocs\filecroco\loader\vendor\guzzlehttp\guzzle\src\Handler\CurlFactory.php:186
Stack trace:
#0 E:\xampp73\htdocs\filecroco\loader\vendor\guzzlehttp\guzzle\src\Handler\CurlFactory.php(149): GuzzleHttp\Handler\CurlFactory::createRejection(Object(GuzzleHttp\Handler\EasyHandle), Array)
#1 E:\xampp73\htdocs\filecroco\loader\vendor\guzzlehttp\guzzle\src\Handler\CurlFactory.php(102): GuzzleHttp\Handler\CurlFactory::finishError(Object(GuzzleHttp\Handler\CurlMultiHandler), Object(GuzzleHttp\Handler\EasyHandle), Object(GuzzleHttp\Handler\CurlFactory))
#2 E:\xampp73\htdocs\filecroco\loader\vendor\guzzlehttp\guzzle\src\Handler\CurlMultiHandler.php(181): GuzzleHttp\Handler\CurlFactory::finish(Object(GuzzleHttp\Handler\CurlMultiHandler), Object(GuzzleHttp\Handler\EasyHandle), Object(GuzzleHttp\Handler\CurlFactory))
#3 E:\xampp73\htdocs\filecroco\loader\vendor\guzzlehttp\guzzle\src\Handler\CurlMultiHandler.php(110): GuzzleHttp\Handler\CurlMultiHandler->processMessages()
#4 E:\xampp73\htdocs\filecroco\loader\vendor\guzzlehttp\guzzle\src\Handler\CurlMultiHandler.php(125): GuzzleHttp\Handler\CurlMultiHandler->tick()
#5 E:\xampp73\htdocs\filecroco\loader\vendor\guzzlehttp\promises\src\Promise.php(246): GuzzleHttp\Handler\CurlMultiHandler->execute(true)
#6 E:\xampp73\htdocs\filecroco\loader\vendor\guzzlehttp\promises\src\Promise.php(223): GuzzleHttp\Promise\Promise->invokeWaitFn()
#7 E:\xampp73\htdocs\filecroco\loader\vendor\guzzlehttp\promises\src\Promise.php(267): GuzzleHttp\Promise\Promise->waitIfPending()
#8 E:\xampp73\htdocs\filecroco\loader\vendor\guzzlehttp\promises\src\Promise.php(225): GuzzleHttp\Promise\Promise->invokeWaitList()
#9 E:\xampp73\htdocs\filecroco\loader\vendor\guzzlehttp\promises\src\Promise.php(62): GuzzleHttp\Promise\Promise->waitIfPending()
#10 E:\xampp73\htdocs\filecroco\loader\vendor\guzzlehttp\promises\src\EachPromise.php(101): GuzzleHttp\Promise\Promise->wait()
#11 E:\xampp73\htdocs\filecroco\loader\vendor\guzzlehttp\promises\src\Promise.php(246): GuzzleHttp\Promise\EachPromise->GuzzleHttp\Promise\{closure}(true)
#12 E:\xampp73\htdocs\filecroco\loader\vendor\guzzlehttp\promises\src\Promise.php(223): GuzzleHttp\Promise\Promise->invokeWaitFn()
#13 E:\xampp73\htdocs\filecroco\loader\vendor\guzzlehttp\promises\src\Promise.php(62): GuzzleHttp\Promise\Promise->waitIfPending()
#14 E:\xampp73\htdocs\filecroco\loader\updatedownloadlink.php(95): GuzzleHttp\Promise\Promise->wait()
#15 {main}|276GuzzleHttp\Exception\RequestException: cURL error 56:  (see http://curl.haxx.se/libcurl/c/libcurl-errors.html) in E:\xampp73\htdocs\filecroco\loader\vendor\guzzlehttp\guzzle\src\Handler\CurlFactory.php:186
Stack trace:
#0 E:\xampp73\htdocs\filecroco\loader\vendor\guzzlehttp\guzzle\src\Handler\CurlFactory.php(149): GuzzleHttp\Handler\CurlFactory::createRejection(Object(GuzzleHttp\Handler\EasyHandle), Array)
#1 E:\xampp73\htdocs\filecroco\loader\vendor\guzzlehttp\guzzle\src\Handler\CurlFactory.php(102): GuzzleHttp\Handler\CurlFactory::finishError(Object(GuzzleHttp\Handler\CurlMultiHandler), Object(GuzzleHttp\Handler\EasyHandle), Object(GuzzleHttp\Handler\CurlFactory))
#2 E:\xampp73\htdocs\filecroco\loader\vendor\guzzlehttp\guzzle\src\Handler\CurlMultiHandler.php(181): GuzzleHttp\Handler\CurlFactory::finish(Object(GuzzleHttp\Handler\CurlMultiHandler), Object(GuzzleHttp\Handler\EasyHandle), Object(GuzzleHttp\Handler\CurlFactory))
#3 E:\xampp73\htdocs\filecroco\loader\vendor\guzzlehttp\guzzle\src\Handler\CurlMultiHandler.php(110): GuzzleHttp\Handler\CurlMultiHandler->processMessages()
#4 E:\xampp73\htdocs\filecroco\loader\vendor\guzzlehttp\guzzle\src\Handler\CurlMultiHandler.php(125): GuzzleHttp\Handler\CurlMultiHandler->tick()
#5 E:\xampp73\htdocs\filecroco\loader\vendor\guzzlehttp\promises\src\Promise.php(246): GuzzleHttp\Handler\CurlMultiHandler->execute(true)
#6 E:\xampp73\htdocs\filecroco\loader\vendor\guzzlehttp\promises\src\Promise.php(223): GuzzleHttp\Promise\Promise->invokeWaitFn()
#7 E:\xampp73\htdocs\filecroco\loader\vendor\guzzlehttp\promises\src\Promise.php(267): GuzzleHttp\Promise\Promise->waitIfPending()
#8 E:\xampp73\htdocs\filecroco\loader\vendor\guzzlehttp\promises\src\Promise.php(225): GuzzleHttp\Promise\Promise->invokeWaitList()
#9 E:\xampp73\htdocs\filecroco\loader\vendor\guzzlehttp\promises\src\Promise.php(62): GuzzleHttp\Promise\Promise->waitIfPending()
#10 E:\xampp73\htdocs\filecroco\loader\vendor\guzzlehttp\promises\src\EachPromise.php(101): GuzzleHttp\Promise\Promise->wait()
#11 E:\xampp73\htdocs\filecroco\loader\vendor\guzzlehttp\promises\src\Promise.php(246): GuzzleHttp\Promise\EachPromise->GuzzleHttp\Promise\{closure}(true)
#12 E:\xampp73\htdocs\filecroco\loader\vendor\guzzlehttp\promises\src\Promise.php(223): GuzzleHttp\Promise\Promise->invokeWaitFn()
#13 E:\xampp73\htdocs\filecroco\loader\vendor\guzzlehttp\promises\src\Promise.php(62): GuzzleHttp\Promise\Promise->waitIfPending()
#14 E:\xampp73\htdocs\filecroco\loader\updatedownloadlink.php(95): GuzzleHttp\Promise\Promise->wait()
#15 {main}|277GuzzleHttp\Exception\RequestException: cURL error 56:  (see http://curl.haxx.se/libcurl/c/libcurl-errors.html) in E:\xampp73\htdocs\filecroco\loader\vendor\guzzlehttp\guzzle\src\Handler\CurlFactory.php:186
Stack trace:
#0 E:\xampp73\htdocs\filecroco\loader\vendor\guzzlehttp\guzzle\src\Handler\CurlFactory.php(149): GuzzleHttp\Handler\CurlFactory::createRejection(Object(GuzzleHttp\Handler\EasyHandle), Array)
#1 E:\xampp73\htdocs\filecroco\loader\vendor\guzzlehttp\guzzle\src\Handler\CurlFactory.php(102): GuzzleHttp\Handler\CurlFactory::finishError(Object(GuzzleHttp\Handler\CurlMultiHandler), Object(GuzzleHttp\Handler\EasyHandle), Object(GuzzleHttp\Handler\CurlFactory))
#2 E:\xampp73\htdocs\filecroco\loader\vendor\guzzlehttp\guzzle\src\Handler\CurlMultiHandler.php(181): GuzzleHttp\Handler\CurlFactory::finish(Object(GuzzleHttp\Handler\CurlMultiHandler), Object(GuzzleHttp\Handler\EasyHandle), Object(GuzzleHttp\Handler\CurlFactory))
#3 E:\xampp73\htdocs\filecroco\loader\vendor\guzzlehttp\guzzle\src\Handler\CurlMultiHandler.php(110): GuzzleHttp\Handler\CurlMultiHandler->processMessages()
#4 E:\xampp73\htdocs\filecroco\loader\vendor\guzzlehttp\guzzle\src\Handler\CurlMultiHandler.php(125): GuzzleHttp\Handler\CurlMultiHandler->tick()
#5 E:\xampp73\htdocs\filecroco\loader\vendor\guzzlehttp\promises\src\Promise.php(246): GuzzleHttp\Handler\CurlMultiHandler->execute(true)
#6 E:\xampp73\htdocs\filecroco\loader\vendor\guzzlehttp\promises\src\Promise.php(223): GuzzleHttp\Promise\Promise->invokeWaitFn()
#7 E:\xampp73\htdocs\filecroco\loader\vendor\guzzlehttp\promises\src\Promise.php(267): GuzzleHttp\Promise\Promise->waitIfPending()
#8 E:\xampp73\htdocs\filecroco\loader\vendor\guzzlehttp\promises\src\Promise.php(225): GuzzleHttp\Promise\Promise->invokeWaitList()
#9 E:\xampp73\htdocs\filecroco\loader\vendor\guzzlehttp\promises\src\Promise.php(62): GuzzleHttp\Promise\Promise->waitIfPending()
#10 E:\xampp73\htdocs\filecroco\loader\vendor\guzzlehttp\promises\src\EachPromise.php(101): GuzzleHttp\Promise\Promise->wait()
#11 E:\xampp73\htdocs\filecroco\loader\vendor\guzzlehttp\promises\src\Promise.php(246): GuzzleHttp\Promise\EachPromise->GuzzleHttp\Promise\{closure}(true)
#12 E:\xampp73\htdocs\filecroco\loader\vendor\guzzlehttp\promises\src\Promise.php(223): GuzzleHttp\Promise\Promise->invokeWaitFn()
#13 E:\xampp73\htdocs\filecroco\loader\vendor\guzzlehttp\promises\src\Promise.php(62): GuzzleHttp\Promise\Promise->waitIfPending()
#14 E:\xampp73\htdocs\filecroco\loader\updatedownloadlink.php(95): GuzzleHttp\Promise\Promise->wait()
#15 {main}|278GuzzleHttp\Exception\RequestException: cURL error 56:  (see http://curl.haxx.se/libcurl/c/libcurl-errors.html) in E:\xampp73\htdocs\filecroco\loader\vendor\guzzlehttp\guzzle\src\Handler\CurlFactory.php:186
Stack trace:
#0 E:\xampp73\htdocs\filecroco\loader\vendor\guzzlehttp\guzzle\src\Handler\CurlFactory.php(149): GuzzleHttp\Handler\CurlFactory::createRejection(Object(GuzzleHttp\Handler\EasyHandle), Array)
#1 E:\xampp73\htdocs\filecroco\loader\vendor\guzzlehttp\guzzle\src\Handler\CurlFactory.php(102): GuzzleHttp\Handler\CurlFactory::finishError(Object(GuzzleHttp\Handler\CurlMultiHandler), Object(GuzzleHttp\Handler\EasyHandle), Object(GuzzleHttp\Handler\CurlFactory))
#2 E:\xampp73\htdocs\filecroco\loader\vendor\guzzlehttp\guzzle\src\Handler\CurlMultiHandler.php(181): GuzzleHttp\Handler\CurlFactory::finish(Object(GuzzleHttp\Handler\CurlMultiHandler), Object(GuzzleHttp\Handler\EasyHandle), Object(GuzzleHttp\Handler\CurlFactory))
#3 E:\xampp73\htdocs\filecroco\loader\vendor\guzzlehttp\guzzle\src\Handler\CurlMultiHandler.php(110): GuzzleHttp\Handler\CurlMultiHandler->processMessages()
#4 E:\xampp73\htdocs\filecroco\loader\vendor\guzzlehttp\guzzle\src\Handler\CurlMultiHandler.php(125): GuzzleHttp\Handler\CurlMultiHandler->tick()
#5 E:\xampp73\htdocs\filecroco\loader\vendor\guzzlehttp\promises\src\Promise.php(246): GuzzleHttp\Handler\CurlMultiHandler->execute(true)
#6 E:\xampp73\htdocs\filecroco\loader\vendor\guzzlehttp\promises\src\Promise.php(223): GuzzleHttp\Promise\Promise->invokeWaitFn()
#7 E:\xampp73\htdocs\filecroco\loader\vendor\guzzlehttp\promises\src\Promise.php(267): GuzzleHttp\Promise\Promise->waitIfPending()
#8 E:\xampp73\htdocs\filecroco\loader\vendor\guzzlehttp\promises\src\Promise.php(225): GuzzleHttp\Promise\Promise->invokeWaitList()
#9 E:\xampp73\htdocs\filecroco\loader\vendor\guzzlehttp\promises\src\Promise.php(62): GuzzleHttp\Promise\Promise->waitIfPending()
#10 E:\xampp73\htdocs\filecroco\loader\vendor\guzzlehttp\promises\src\EachPromise.php(101): GuzzleHttp\Promise\Promise->wait()
#11 E:\xampp73\htdocs\filecroco\loader\vendor\guzzlehttp\promises\src\Promise.php(246): GuzzleHttp\Promise\EachPromise->GuzzleHttp\Promise\{closure}(true)
#12 E:\xampp73\htdocs\filecroco\loader\vendor\guzzlehttp\promises\src\Promise.php(223): GuzzleHttp\Promise\Promise->invokeWaitFn()
#13 E:\xampp73\htdocs\filecroco\loader\vendor\guzzlehttp\promises\src\Promise.php(62): GuzzleHttp\Promise\Promise->waitIfPending()
#14 E:\xampp73\htdocs\filecroco\loader\updatedownloadlink.php(95): GuzzleHttp\Promise\Promise->wait()
#15 {main}|279GuzzleHttp\Exception\RequestException: cURL error 56:  (see http://curl.haxx.se/libcurl/c/libcurl-errors.html) in E:\xampp73\htdocs\filecroco\loader\vendor\guzzlehttp\guzzle\src\Handler\CurlFactory.php:186
Stack trace:
#0 E:\xampp73\htdocs\filecroco\loader\vendor\guzzlehttp\guzzle\src\Handler\CurlFactory.php(149): GuzzleHttp\Handler\CurlFactory::createRejection(Object(GuzzleHttp\Handler\EasyHandle), Array)
#1 E:\xampp73\htdocs\filecroco\loader\vendor\guzzlehttp\guzzle\src\Handler\CurlFactory.php(102): GuzzleHttp\Handler\CurlFactory::finishError(Object(GuzzleHttp\Handler\CurlMultiHandler), Object(GuzzleHttp\Handler\EasyHandle), Object(GuzzleHttp\Handler\CurlFactory))
#2 E:\xampp73\htdocs\filecroco\loader\vendor\guzzlehttp\guzzle\src\Handler\CurlMultiHandler.php(181): GuzzleHttp\Handler\CurlFactory::finish(Object(GuzzleHttp\Handler\CurlMultiHandler), Object(GuzzleHttp\Handler\EasyHandle), Object(GuzzleHttp\Handler\CurlFactory))
#3 E:\xampp73\htdocs\filecroco\loader\vendor\guzzlehttp\guzzle\src\Handler\CurlMultiHandler.php(110): GuzzleHttp\Handler\CurlMultiHandler->processMessages()
#4 E:\xampp73\htdocs\filecroco\loader\vendor\guzzlehttp\guzzle\src\Handler\CurlMultiHandler.php(125): GuzzleHttp\Handler\CurlMultiHandler->tick()
#5 E:\xampp73\htdocs\filecroco\loader\vendor\guzzlehttp\promises\src\Promise.php(246): GuzzleHttp\Handler\CurlMultiHandler->execute(true)
#6 E:\xampp73\htdocs\filecroco\loader\vendor\guzzlehttp\promises\src\Promise.php(223): GuzzleHttp\Promise\Promise->invokeWaitFn()
#7 E:\xampp73\htdocs\filecroco\loader\vendor\guzzlehttp\promises\src\Promise.php(267): GuzzleHttp\Promise\Promise->waitIfPending()
#8 E:\xampp73\htdocs\filecroco\loader\vendor\guzzlehttp\promises\src\Promise.php(225): GuzzleHttp\Promise\Promise->invokeWaitList()
#9 E:\xampp73\htdocs\filecroco\loader\vendor\guzzlehttp\promises\src\Promise.php(62): GuzzleHttp\Promise\Promise->waitIfPending()
#10 E:\xampp73\htdocs\filecroco\loader\vendor\guzzlehttp\promises\src\EachPromise.php(101): GuzzleHttp\Promise\Promise->wait()
#11 E:\xampp73\htdocs\filecroco\loader\vendor\guzzlehttp\promises\src\Promise.php(246): GuzzleHttp\Promise\EachPromise->GuzzleHttp\Promise\{closure}(true)
#12 E:\xampp73\htdocs\filecroco\loader\vendor\guzzlehttp\promises\src\Promise.php(223): GuzzleHttp\Promise\Promise->invokeWaitFn()
#13 E:\xampp73\htdocs\filecroco\loader\vendor\guzzlehttp\promises\src\Promise.php(62): GuzzleHttp\Promise\Promise->waitIfPending()
#14 E:\xampp73\htdocs\filecroco\loader\updatedownloadlink.php(95): GuzzleHttp\Promise\Promise->wait()
#15 {main}|280GuzzleHttp\Exception\RequestException: cURL error 56:  (see http://curl.haxx.se/libcurl/c/libcurl-errors.html) in E:\xampp73\htdocs\filecroco\loader\vendor\guzzlehttp\guzzle\src\Handler\CurlFactory.php:186
Stack trace:
#0 E:\xampp73\htdocs\filecroco\loader\vendor\guzzlehttp\guzzle\src\Handler\CurlFactory.php(149): GuzzleHttp\Handler\CurlFactory::createRejection(Object(GuzzleHttp\Handler\EasyHandle), Array)
#1 E:\xampp73\htdocs\filecroco\loader\vendor\guzzlehttp\guzzle\src\Handler\CurlFactory.php(102): GuzzleHttp\Handler\CurlFactory::finishError(Object(GuzzleHttp\Handler\CurlMultiHandler), Object(GuzzleHttp\Handler\EasyHandle), Object(GuzzleHttp\Handler\CurlFactory))
#2 E:\xampp73\htdocs\filecroco\loader\vendor\guzzlehttp\guzzle\src\Handler\CurlMultiHandler.php(181): GuzzleHttp\Handler\CurlFactory::finish(Object(GuzzleHttp\Handler\CurlMultiHandler), Object(GuzzleHttp\Handler\EasyHandle), Object(GuzzleHttp\Handler\CurlFactory))
#3 E:\xampp73\htdocs\filecroco\loader\vendor\guzzlehttp\guzzle\src\Handler\CurlMultiHandler.php(110): GuzzleHttp\Handler\CurlMultiHandler->processMessages()
#4 E:\xampp73\htdocs\filecroco\loader\vendor\guzzlehttp\guzzle\src\Handler\CurlMultiHandler.php(125): GuzzleHttp\Handler\CurlMultiHandler->tick()
#5 E:\xampp73\htdocs\filecroco\loader\vendor\guzzlehttp\promises\src\Promise.php(246): GuzzleHttp\Handler\CurlMultiHandler->execute(true)
#6 E:\xampp73\htdocs\filecroco\loader\vendor\guzzlehttp\promises\src\Promise.php(223): GuzzleHttp\Promise\Promise->invokeWaitFn()
#7 E:\xampp73\htdocs\filecroco\loader\vendor\guzzlehttp\promises\src\Promise.php(267): GuzzleHttp\Promise\Promise->waitIfPending()
#8 E:\xampp73\htdocs\filecroco\loader\vendor\guzzlehttp\promises\src\Promise.php(225): GuzzleHttp\Promise\Promise->invokeWaitList()
#9 E:\xampp73\htdocs\filecroco\loader\vendor\guzzlehttp\promises\src\Promise.php(62): GuzzleHttp\Promise\Promise->waitIfPending()
#10 E:\xampp73\htdocs\filecroco\loader\vendor\guzzlehttp\promises\src\EachPromise.php(101): GuzzleHttp\Promise\Promise->wait()
#11 E:\xampp73\htdocs\filecroco\loader\vendor\guzzlehttp\promises\src\Promise.php(246): GuzzleHttp\Promise\EachPromise->GuzzleHttp\Promise\{closure}(true)
#12 E:\xampp73\htdocs\filecroco\loader\vendor\guzzlehttp\promises\src\Promise.php(223): GuzzleHttp\Promise\Promise->invokeWaitFn()
#13 E:\xampp73\htdocs\filecroco\loader\vendor\guzzlehttp\promises\src\Promise.php(62): GuzzleHttp\Promise\Promise->waitIfPending()
#14 E:\xampp73\htdocs\filecroco\loader\updatedownloadlink.php(95): GuzzleHttp\Promise\Promise->wait()
#15 {main}|281GuzzleHttp\Exception\RequestException: cURL error 56:  (see http://curl.haxx.se/libcurl/c/libcurl-errors.html) in E:\xampp73\htdocs\filecroco\loader\vendor\guzzlehttp\guzzle\src\Handler\CurlFactory.php:186
Stack trace:
#0 E:\xampp73\htdocs\filecroco\loader\vendor\guzzlehttp\guzzle\src\Handler\CurlFactory.php(149): GuzzleHttp\Handler\CurlFactory::createRejection(Object(GuzzleHttp\Handler\EasyHandle), Array)
#1 E:\xampp73\htdocs\filecroco\loader\vendor\guzzlehttp\guzzle\src\Handler\CurlFactory.php(102): GuzzleHttp\Handler\CurlFactory::finishError(Object(GuzzleHttp\Handler\CurlMultiHandler), Object(GuzzleHttp\Handler\EasyHandle), Object(GuzzleHttp\Handler\CurlFactory))
#2 E:\xampp73\htdocs\filecroco\loader\vendor\guzzlehttp\guzzle\src\Handler\CurlMultiHandler.php(181): GuzzleHttp\Handler\CurlFactory::finish(Object(GuzzleHttp\Handler\CurlMultiHandler), Object(GuzzleHttp\Handler\EasyHandle), Object(GuzzleHttp\Handler\CurlFactory))
#3 E:\xampp73\htdocs\filecroco\loader\vendor\guzzlehttp\guzzle\src\Handler\CurlMultiHandler.php(110): GuzzleHttp\Handler\CurlMultiHandler->processMessages()
#4 E:\xampp73\htdocs\filecroco\loader\vendor\guzzlehttp\guzzle\src\Handler\CurlMultiHandler.php(125): GuzzleHttp\Handler\CurlMultiHandler->tick()
#5 E:\xampp73\htdocs\filecroco\loader\vendor\guzzlehttp\promises\src\Promise.php(246): GuzzleHttp\Handler\CurlMultiHandler->execute(true)
#6 E:\xampp73\htdocs\filecroco\loader\vendor\guzzlehttp\promises\src\Promise.php(223): GuzzleHttp\Promise\Promise->invokeWaitFn()
#7 E:\xampp73\htdocs\filecroco\loader\vendor\guzzlehttp\promises\src\Promise.php(267): GuzzleHttp\Promise\Promise->waitIfPending()
#8 E:\xampp73\htdocs\filecroco\loader\vendor\guzzlehttp\promises\src\Promise.php(225): GuzzleHttp\Promise\Promise->invokeWaitList()
#9 E:\xampp73\htdocs\filecroco\loader\vendor\guzzlehttp\promises\src\Promise.php(62): GuzzleHttp\Promise\Promise->waitIfPending()
#10 E:\xampp73\htdocs\filecroco\loader\vendor\guzzlehttp\promises\src\EachPromise.php(101): GuzzleHttp\Promise\Promise->wait()
#11 E:\xampp73\htdocs\filecroco\loader\vendor\guzzlehttp\promises\src\Promise.php(246): GuzzleHttp\Promise\EachPromise->GuzzleHttp\Promise\{closure}(true)
#12 E:\xampp73\htdocs\filecroco\loader\vendor\guzzlehttp\promises\src\Promise.php(223): GuzzleHttp\Promise\Promise->invokeWaitFn()
#13 E:\xampp73\htdocs\filecroco\loader\vendor\guzzlehttp\promises\src\Promise.php(62): GuzzleHttp\Promise\Promise->waitIfPending()
#14 E:\xampp73\htdocs\filecroco\loader\updatedownloadlink.php(95): GuzzleHttp\Promise\Promise->wait()
#15 {main}|282GuzzleHttp\Exception\RequestException: cURL error 56:  (see http://curl.haxx.se/libcurl/c/libcurl-errors.html) in E:\xampp73\htdocs\filecroco\loader\vendor\guzzlehttp\guzzle\src\Handler\CurlFactory.php:186
Stack trace:
#0 E:\xampp73\htdocs\filecroco\loader\vendor\guzzlehttp\guzzle\src\Handler\CurlFactory.php(149): GuzzleHttp\Handler\CurlFactory::createRejection(Object(GuzzleHttp\Handler\EasyHandle), Array)
#1 E:\xampp73\htdocs\filecroco\loader\vendor\guzzlehttp\guzzle\src\Handler\CurlFactory.php(102): GuzzleHttp\Handler\CurlFactory::finishError(Object(GuzzleHttp\Handler\CurlMultiHandler), Object(GuzzleHttp\Handler\EasyHandle), Object(GuzzleHttp\Handler\CurlFactory))
#2 E:\xampp73\htdocs\filecroco\loader\vendor\guzzlehttp\guzzle\src\Handler\CurlMultiHandler.php(181): GuzzleHttp\Handler\CurlFactory::finish(Object(GuzzleHttp\Handler\CurlMultiHandler), Object(GuzzleHttp\Handler\EasyHandle), Object(GuzzleHttp\Handler\CurlFactory))
#3 E:\xampp73\htdocs\filecroco\loader\vendor\guzzlehttp\guzzle\src\Handler\CurlMultiHandler.php(110): GuzzleHttp\Handler\CurlMultiHandler->processMessages()
#4 E:\xampp73\htdocs\filecroco\loader\vendor\guzzlehttp\guzzle\src\Handler\CurlMultiHandler.php(125): GuzzleHttp\Handler\CurlMultiHandler->tick()
#5 E:\xampp73\htdocs\filecroco\loader\vendor\guzzlehttp\promises\src\Promise.php(246): GuzzleHttp\Handler\CurlMultiHandler->execute(true)
#6 E:\xampp73\htdocs\filecroco\loader\vendor\guzzlehttp\promises\src\Promise.php(223): GuzzleHttp\Promise\Promise->invokeWaitFn()
#7 E:\xampp73\htdocs\filecroco\loader\vendor\guzzlehttp\promises\src\Promise.php(267): GuzzleHttp\Promise\Promise->waitIfPending()
#8 E:\xampp73\htdocs\filecroco\loader\vendor\guzzlehttp\promises\src\Promise.php(225): GuzzleHttp\Promise\Promise->invokeWaitList()
#9 E:\xampp73\htdocs\filecroco\loader\vendor\guzzlehttp\promises\src\Promise.php(62): GuzzleHttp\Promise\Promise->waitIfPending()
#10 E:\xampp73\htdocs\filecroco\loader\vendor\guzzlehttp\promises\src\EachPromise.php(101): GuzzleHttp\Promise\Promise->wait()
#11 E:\xampp73\htdocs\filecroco\loader\vendor\guzzlehttp\promises\src\Promise.php(246): GuzzleHttp\Promise\EachPromise->GuzzleHttp\Promise\{closure}(true)
#12 E:\xampp73\htdocs\filecroco\loader\vendor\guzzlehttp\promises\src\Promise.php(223): GuzzleHttp\Promise\Promise->invokeWaitFn()
#13 E:\xampp73\htdocs\filecroco\loader\vendor\guzzlehttp\promises\src\Promise.php(62): GuzzleHttp\Promise\Promise->waitIfPending()
#14 E:\xampp73\htdocs\filecroco\loader\updatedownloadlink.php(95): GuzzleHttp\Promise\Promise->wait()
#15 {main}|283GuzzleHttp\Exception\RequestException: cURL error 56:  (see http://curl.haxx.se/libcurl/c/libcurl-errors.html) in E:\xampp73\htdocs\filecroco\loader\vendor\guzzlehttp\guzzle\src\Handler\CurlFactory.php:186
Stack trace:
#0 E:\xampp73\htdocs\filecroco\loader\vendor\guzzlehttp\guzzle\src\Handler\CurlFactory.php(149): GuzzleHttp\Handler\CurlFactory::createRejection(Object(GuzzleHttp\Handler\EasyHandle), Array)
#1 E:\xampp73\htdocs\filecroco\loader\vendor\guzzlehttp\guzzle\src\Handler\CurlFactory.php(102): GuzzleHttp\Handler\CurlFactory::finishError(Object(GuzzleHttp\Handler\CurlMultiHandler), Object(GuzzleHttp\Handler\EasyHandle), Object(GuzzleHttp\Handler\CurlFactory))
#2 E:\xampp73\htdocs\filecroco\loader\vendor\guzzlehttp\guzzle\src\Handler\CurlMultiHandler.php(181): GuzzleHttp\Handler\CurlFactory::finish(Object(GuzzleHttp\Handler\CurlMultiHandler), Object(GuzzleHttp\Handler\EasyHandle), Object(GuzzleHttp\Handler\CurlFactory))
#3 E:\xampp73\htdocs\filecroco\loader\vendor\guzzlehttp\guzzle\src\Handler\CurlMultiHandler.php(110): GuzzleHttp\Handler\CurlMultiHandler->processMessages()
#4 E:\xampp73\htdocs\filecroco\loader\vendor\guzzlehttp\guzzle\src\Handler\CurlMultiHandler.php(125): GuzzleHttp\Handler\CurlMultiHandler->tick()
#5 E:\xampp73\htdocs\filecroco\loader\vendor\guzzlehttp\promises\src\Promise.php(246): GuzzleHttp\Handler\CurlMultiHandler->execute(true)
#6 E:\xampp73\htdocs\filecroco\loader\vendor\guzzlehttp\promises\src\Promise.php(223): GuzzleHttp\Promise\Promise->invokeWaitFn()
#7 E:\xampp73\htdocs\filecroco\loader\vendor\guzzlehttp\promises\src\Promise.php(267): GuzzleHttp\Promise\Promise->waitIfPending()
#8 E:\xampp73\htdocs\filecroco\loader\vendor\guzzlehttp\promises\src\Promise.php(225): GuzzleHttp\Promise\Promise->invokeWaitList()
#9 E:\xampp73\htdocs\filecroco\loader\vendor\guzzlehttp\promises\src\Promise.php(62): GuzzleHttp\Promise\Promise->waitIfPending()
#10 E:\xampp73\htdocs\filecroco\loader\vendor\guzzlehttp\promises\src\EachPromise.php(101): GuzzleHttp\Promise\Promise->wait()
#11 E:\xampp73\htdocs\filecroco\loader\vendor\guzzlehttp\promises\src\Promise.php(246): GuzzleHttp\Promise\EachPromise->GuzzleHttp\Promise\{closure}(true)
#12 E:\xampp73\htdocs\filecroco\loader\vendor\guzzlehttp\promises\src\Promise.php(223): GuzzleHttp\Promise\Promise->invokeWaitFn()
#13 E:\xampp73\htdocs\filecroco\loader\vendor\guzzlehttp\promises\src\Promise.php(62): GuzzleHttp\Promise\Promise->waitIfPending()
#14 E:\xampp73\htdocs\filecroco\loader\updatedownloadlink.php(95): GuzzleHttp\Promise\Promise->wait()
#15 {main}|284GuzzleHttp\Exception\RequestException: cURL error 56:  (see http://curl.haxx.se/libcurl/c/libcurl-errors.html) in E:\xampp73\htdocs\filecroco\loader\vendor\guzzlehttp\guzzle\src\Handler\CurlFactory.php:186
Stack trace:
#0 E:\xampp73\htdocs\filecroco\loader\vendor\guzzlehttp\guzzle\src\Handler\CurlFactory.php(149): GuzzleHttp\Handler\CurlFactory::createRejection(Object(GuzzleHttp\Handler\EasyHandle), Array)
#1 E:\xampp73\htdocs\filecroco\loader\vendor\guzzlehttp\guzzle\src\Handler\CurlFactory.php(102): GuzzleHttp\Handler\CurlFactory::finishError(Object(GuzzleHttp\Handler\CurlMultiHandler), Object(GuzzleHttp\Handler\EasyHandle), Object(GuzzleHttp\Handler\CurlFactory))
#2 E:\xampp73\htdocs\filecroco\loader\vendor\guzzlehttp\guzzle\src\Handler\CurlMultiHandler.php(181): GuzzleHttp\Handler\CurlFactory::finish(Object(GuzzleHttp\Handler\CurlMultiHandler), Object(GuzzleHttp\Handler\EasyHandle), Object(GuzzleHttp\Handler\CurlFactory))
#3 E:\xampp73\htdocs\filecroco\loader\vendor\guzzlehttp\guzzle\src\Handler\CurlMultiHandler.php(110): GuzzleHttp\Handler\CurlMultiHandler->processMessages()
#4 E:\xampp73\htdocs\filecroco\loader\vendor\guzzlehttp\guzzle\src\Handler\CurlMultiHandler.php(125): GuzzleHttp\Handler\CurlMultiHandler->tick()
#5 E:\xampp73\htdocs\filecroco\loader\vendor\guzzlehttp\promises\src\Promise.php(246): GuzzleHttp\Handler\CurlMultiHandler->execute(true)
#6 E:\xampp73\htdocs\filecroco\loader\vendor\guzzlehttp\promises\src\Promise.php(223): GuzzleHttp\Promise\Promise->invokeWaitFn()
#7 E:\xampp73\htdocs\filecroco\loader\vendor\guzzlehttp\promises\src\Promise.php(267): GuzzleHttp\Promise\Promise->waitIfPending()
#8 E:\xampp73\htdocs\filecroco\loader\vendor\guzzlehttp\promises\src\Promise.php(225): GuzzleHttp\Promise\Promise->invokeWaitList()
#9 E:\xampp73\htdocs\filecroco\loader\vendor\guzzlehttp\promises\src\Promise.php(62): GuzzleHttp\Promise\Promise->waitIfPending()
#10 E:\xampp73\htdocs\filecroco\loader\vendor\guzzlehttp\promises\src\EachPromise.php(101): GuzzleHttp\Promise\Promise->wait()
#11 E:\xampp73\htdocs\filecroco\loader\vendor\guzzlehttp\promises\src\Promise.php(246): GuzzleHttp\Promise\EachPromise->GuzzleHttp\Promise\{closure}(true)
#12 E:\xampp73\htdocs\filecroco\loader\vendor\guzzlehttp\promises\src\Promise.php(223): GuzzleHttp\Promise\Promise->invokeWaitFn()
#13 E:\xampp73\htdocs\filecroco\loader\vendor\guzzlehttp\promises\src\Promise.php(62): GuzzleHttp\Promise\Promise->waitIfPending()
#14 E:\xampp73\htdocs\filecroco\loader\updatedownloadlink.php(95): GuzzleHttp\Promise\Promise->wait()
#15 {main}|285GuzzleHttp\Exception\RequestException: cURL error 56:  (see http://curl.haxx.se/libcurl/c/libcurl-errors.html) in E:\xampp73\htdocs\filecroco\loader\vendor\guzzlehttp\guzzle\src\Handler\CurlFactory.php:186
Stack trace:
#0 E:\xampp73\htdocs\filecroco\loader\vendor\guzzlehttp\guzzle\src\Handler\CurlFactory.php(149): GuzzleHttp\Handler\CurlFactory::createRejection(Object(GuzzleHttp\Handler\EasyHandle), Array)
#1 E:\xampp73\htdocs\filecroco\loader\vendor\guzzlehttp\guzzle\src\Handler\CurlFactory.php(102): GuzzleHttp\Handler\CurlFactory::finishError(Object(GuzzleHttp\Handler\CurlMultiHandler), Object(GuzzleHttp\Handler\EasyHandle), Object(GuzzleHttp\Handler\CurlFactory))
#2 E:\xampp73\htdocs\filecroco\loader\vendor\guzzlehttp\guzzle\src\Handler\CurlMultiHandler.php(181): GuzzleHttp\Handler\CurlFactory::finish(Object(GuzzleHttp\Handler\CurlMultiHandler), Object(GuzzleHttp\Handler\EasyHandle), Object(GuzzleHttp\Handler\CurlFactory))
#3 E:\xampp73\htdocs\filecroco\loader\vendor\guzzlehttp\guzzle\src\Handler\CurlMultiHandler.php(110): GuzzleHttp\Handler\CurlMultiHandler->processMessages()
#4 E:\xampp73\htdocs\filecroco\loader\vendor\guzzlehttp\guzzle\src\Handler\CurlMultiHandler.php(125): GuzzleHttp\Handler\CurlMultiHandler->tick()
#5 E:\xampp73\htdocs\filecroco\loader\vendor\guzzlehttp\promises\src\Promise.php(246): GuzzleHttp\Handler\CurlMultiHandler->execute(true)
#6 E:\xampp73\htdocs\filecroco\loader\vendor\guzzlehttp\promises\src\Promise.php(223): GuzzleHttp\Promise\Promise->invokeWaitFn()
#7 E:\xampp73\htdocs\filecroco\loader\vendor\guzzlehttp\promises\src\Promise.php(267): GuzzleHttp\Promise\Promise->waitIfPending()
#8 E:\xampp73\htdocs\filecroco\loader\vendor\guzzlehttp\promises\src\Promise.php(225): GuzzleHttp\Promise\Promise->invokeWaitList()
#9 E:\xampp73\htdocs\filecroco\loader\vendor\guzzlehttp\promises\src\Promise.php(62): GuzzleHttp\Promise\Promise->waitIfPending()
#10 E:\xampp73\htdocs\filecroco\loader\vendor\guzzlehttp\promises\src\EachPromise.php(101): GuzzleHttp\Promise\Promise->wait()
#11 E:\xampp73\htdocs\filecroco\loader\vendor\guzzlehttp\promises\src\Promise.php(246): GuzzleHttp\Promise\EachPromise->GuzzleHttp\Promise\{closure}(true)
#12 E:\xampp73\htdocs\filecroco\loader\vendor\guzzlehttp\promises\src\Promise.php(223): GuzzleHttp\Promise\Promise->invokeWaitFn()
#13 E:\xampp73\htdocs\filecroco\loader\vendor\guzzlehttp\promises\src\Promise.php(62): GuzzleHttp\Promise\Promise->waitIfPending()
#14 E:\xampp73\htdocs\filecroco\loader\updatedownloadlink.php(95): GuzzleHttp\Promise\Promise->wait()
#15 {main}|286GuzzleHttp\Exception\RequestException: cURL error 56:  (see http://curl.haxx.se/libcurl/c/libcurl-errors.html) in E:\xampp73\htdocs\filecroco\loader\vendor\guzzlehttp\guzzle\src\Handler\CurlFactory.php:186
Stack trace:
#0 E:\xampp73\htdocs\filecroco\loader\vendor\guzzlehttp\guzzle\src\Handler\CurlFactory.php(149): GuzzleHttp\Handler\CurlFactory::createRejection(Object(GuzzleHttp\Handler\EasyHandle), Array)
#1 E:\xampp73\htdocs\filecroco\loader\vendor\guzzlehttp\guzzle\src\Handler\CurlFactory.php(102): GuzzleHttp\Handler\CurlFactory::finishError(Object(GuzzleHttp\Handler\CurlMultiHandler), Object(GuzzleHttp\Handler\EasyHandle), Object(GuzzleHttp\Handler\CurlFactory))
#2 E:\xampp73\htdocs\filecroco\loader\vendor\guzzlehttp\guzzle\src\Handler\CurlMultiHandler.php(181): GuzzleHttp\Handler\CurlFactory::finish(Object(GuzzleHttp\Handler\CurlMultiHandler), Object(GuzzleHttp\Handler\EasyHandle), Object(GuzzleHttp\Handler\CurlFactory))
#3 E:\xampp73\htdocs\filecroco\loader\vendor\guzzlehttp\guzzle\src\Handler\CurlMultiHandler.php(110): GuzzleHttp\Handler\CurlMultiHandler->processMessages()
#4 E:\xampp73\htdocs\filecroco\loader\vendor\guzzlehttp\guzzle\src\Handler\CurlMultiHandler.php(125): GuzzleHttp\Handler\CurlMultiHandler->tick()
#5 E:\xampp73\htdocs\filecroco\loader\vendor\guzzlehttp\promises\src\Promise.php(246): GuzzleHttp\Handler\CurlMultiHandler->execute(true)
#6 E:\xampp73\htdocs\filecroco\loader\vendor\guzzlehttp\promises\src\Promise.php(223): GuzzleHttp\Promise\Promise->invokeWaitFn()
#7 E:\xampp73\htdocs\filecroco\loader\vendor\guzzlehttp\promises\src\Promise.php(267): GuzzleHttp\Promise\Promise->waitIfPending()
#8 E:\xampp73\htdocs\filecroco\loader\vendor\guzzlehttp\promises\src\Promise.php(225): GuzzleHttp\Promise\Promise->invokeWaitList()
#9 E:\xampp73\htdocs\filecroco\loader\vendor\guzzlehttp\promises\src\Promise.php(62): GuzzleHttp\Promise\Promise->waitIfPending()
#10 E:\xampp73\htdocs\filecroco\loader\vendor\guzzlehttp\promises\src\EachPromise.php(101): GuzzleHttp\Promise\Promise->wait()
#11 E:\xampp73\htdocs\filecroco\loader\vendor\guzzlehttp\promises\src\Promise.php(246): GuzzleHttp\Promise\EachPromise->GuzzleHttp\Promise\{closure}(true)
#12 E:\xampp73\htdocs\filecroco\loader\vendor\guzzlehttp\promises\src\Promise.php(223): GuzzleHttp\Promise\Promise->invokeWaitFn()
#13 E:\xampp73\htdocs\filecroco\loader\vendor\guzzlehttp\promises\src\Promise.php(62): GuzzleHttp\Promise\Promise->waitIfPending()
#14 E:\xampp73\htdocs\filecroco\loader\updatedownloadlink.php(95): GuzzleHttp\Promise\Promise->wait()
#15 {main}|287GuzzleHttp\Exception\RequestException: cURL error 56:  (see http://curl.haxx.se/libcurl/c/libcurl-errors.html) in E:\xampp73\htdocs\filecroco\loader\vendor\guzzlehttp\guzzle\src\Handler\CurlFactory.php:186
Stack trace:
#0 E:\xampp73\htdocs\filecroco\loader\vendor\guzzlehttp\guzzle\src\Handler\CurlFactory.php(149): GuzzleHttp\Handler\CurlFactory::createRejection(Object(GuzzleHttp\Handler\EasyHandle), Array)
#1 E:\xampp73\htdocs\filecroco\loader\vendor\guzzlehttp\guzzle\src\Handler\CurlFactory.php(102): GuzzleHttp\Handler\CurlFactory::finishError(Object(GuzzleHttp\Handler\CurlMultiHandler), Object(GuzzleHttp\Handler\EasyHandle), Object(GuzzleHttp\Handler\CurlFactory))
#2 E:\xampp73\htdocs\filecroco\loader\vendor\guzzlehttp\guzzle\src\Handler\CurlMultiHandler.php(181): GuzzleHttp\Handler\CurlFactory::finish(Object(GuzzleHttp\Handler\CurlMultiHandler), Object(GuzzleHttp\Handler\EasyHandle), Object(GuzzleHttp\Handler\CurlFactory))
#3 E:\xampp73\htdocs\filecroco\loader\vendor\guzzlehttp\guzzle\src\Handler\CurlMultiHandler.php(110): GuzzleHttp\Handler\CurlMultiHandler->processMessages()
#4 E:\xampp73\htdocs\filecroco\loader\vendor\guzzlehttp\guzzle\src\Handler\CurlMultiHandler.php(125): GuzzleHttp\Handler\CurlMultiHandler->tick()
#5 E:\xampp73\htdocs\filecroco\loader\vendor\guzzlehttp\promises\src\Promise.php(246): GuzzleHttp\Handler\CurlMultiHandler->execute(true)
#6 E:\xampp73\htdocs\filecroco\loader\vendor\guzzlehttp\promises\src\Promise.php(223): GuzzleHttp\Promise\Promise->invokeWaitFn()
#7 E:\xampp73\htdocs\filecroco\loader\vendor\guzzlehttp\promises\src\Promise.php(267): GuzzleHttp\Promise\Promise->waitIfPending()
#8 E:\xampp73\htdocs\filecroco\loader\vendor\guzzlehttp\promises\src\Promise.php(225): GuzzleHttp\Promise\Promise->invokeWaitList()
#9 E:\xampp73\htdocs\filecroco\loader\vendor\guzzlehttp\promises\src\Promise.php(62): GuzzleHttp\Promise\Promise->waitIfPending()
#10 E:\xampp73\htdocs\filecroco\loader\vendor\guzzlehttp\promises\src\EachPromise.php(101): GuzzleHttp\Promise\Promise->wait()
#11 E:\xampp73\htdocs\filecroco\loader\vendor\guzzlehttp\promises\src\Promise.php(246): GuzzleHttp\Promise\EachPromise->GuzzleHttp\Promise\{closure}(true)
#12 E:\xampp73\htdocs\filecroco\loader\vendor\guzzlehttp\promises\src\Promise.php(223): GuzzleHttp\Promise\Promise->invokeWaitFn()
#13 E:\xampp73\htdocs\filecroco\loader\vendor\guzzlehttp\promises\src\Promise.php(62): GuzzleHttp\Promise\Promise->waitIfPending()
#14 E:\xampp73\htdocs\filecroco\loader\updatedownloadlink.php(95): GuzzleHttp\Promise\Promise->wait()
#15 {main}|288GuzzleHttp\Exception\RequestException: cURL error 56:  (see http://curl.haxx.se/libcurl/c/libcurl-errors.html) in E:\xampp73\htdocs\filecroco\loader\vendor\guzzlehttp\guzzle\src\Handler\CurlFactory.php:186
Stack trace:
#0 E:\xampp73\htdocs\filecroco\loader\vendor\guzzlehttp\guzzle\src\Handler\CurlFactory.php(149): GuzzleHttp\Handler\CurlFactory::createRejection(Object(GuzzleHttp\Handler\EasyHandle), Array)
#1 E:\xampp73\htdocs\filecroco\loader\vendor\guzzlehttp\guzzle\src\Handler\CurlFactory.php(102): GuzzleHttp\Handler\CurlFactory::finishError(Object(GuzzleHttp\Handler\CurlMultiHandler), Object(GuzzleHttp\Handler\EasyHandle), Object(GuzzleHttp\Handler\CurlFactory))
#2 E:\xampp73\htdocs\filecroco\loader\vendor\guzzlehttp\guzzle\src\Handler\CurlMultiHandler.php(181): GuzzleHttp\Handler\CurlFactory::finish(Object(GuzzleHttp\Handler\CurlMultiHandler), Object(GuzzleHttp\Handler\EasyHandle), Object(GuzzleHttp\Handler\CurlFactory))
#3 E:\xampp73\htdocs\filecroco\loader\vendor\guzzlehttp\guzzle\src\Handler\CurlMultiHandler.php(110): GuzzleHttp\Handler\CurlMultiHandler->processMessages()
#4 E:\xampp73\htdocs\filecroco\loader\vendor\guzzlehttp\guzzle\src\Handler\CurlMultiHandler.php(125): GuzzleHttp\Handler\CurlMultiHandler->tick()
#5 E:\xampp73\htdocs\filecroco\loader\vendor\guzzlehttp\promises\src\Promise.php(246): GuzzleHttp\Handler\CurlMultiHandler->execute(true)
#6 E:\xampp73\htdocs\filecroco\loader\vendor\guzzlehttp\promises\src\Promise.php(223): GuzzleHttp\Promise\Promise->invokeWaitFn()
#7 E:\xampp73\htdocs\filecroco\loader\vendor\guzzlehttp\promises\src\Promise.php(267): GuzzleHttp\Promise\Promise->waitIfPending()
#8 E:\xampp73\htdocs\filecroco\loader\vendor\guzzlehttp\promises\src\Promise.php(225): GuzzleHttp\Promise\Promise->invokeWaitList()
#9 E:\xampp73\htdocs\filecroco\loader\vendor\guzzlehttp\promises\src\Promise.php(62): GuzzleHttp\Promise\Promise->waitIfPending()
#10 E:\xampp73\htdocs\filecroco\loader\vendor\guzzlehttp\promises\src\EachPromise.php(101): GuzzleHttp\Promise\Promise->wait()
#11 E:\xampp73\htdocs\filecroco\loader\vendor\guzzlehttp\promises\src\Promise.php(246): GuzzleHttp\Promise\EachPromise->GuzzleHttp\Promise\{closure}(true)
#12 E:\xampp73\htdocs\filecroco\loader\vendor\guzzlehttp\promises\src\Promise.php(223): GuzzleHttp\Promise\Promise->invokeWaitFn()
#13 E:\xampp73\htdocs\filecroco\loader\vendor\guzzlehttp\promises\src\Promise.php(62): GuzzleHttp\Promise\Promise->waitIfPending()
#14 E:\xampp73\htdocs\filecroco\loader\updatedownloadlink.php(95): GuzzleHttp\Promise\Promise->wait()
#15 {main}|289GuzzleHttp\Exception\RequestException: cURL error 56:  (see http://curl.haxx.se/libcurl/c/libcurl-errors.html) in E:\xampp73\htdocs\filecroco\loader\vendor\guzzlehttp\guzzle\src\Handler\CurlFactory.php:186
Stack trace:
#0 E:\xampp73\htdocs\filecroco\loader\vendor\guzzlehttp\guzzle\src\Handler\CurlFactory.php(149): GuzzleHttp\Handler\CurlFactory::createRejection(Object(GuzzleHttp\Handler\EasyHandle), Array)
#1 E:\xampp73\htdocs\filecroco\loader\vendor\guzzlehttp\guzzle\src\Handler\CurlFactory.php(102): GuzzleHttp\Handler\CurlFactory::finishError(Object(GuzzleHttp\Handler\CurlMultiHandler), Object(GuzzleHttp\Handler\EasyHandle), Object(GuzzleHttp\Handler\CurlFactory))
#2 E:\xampp73\htdocs\filecroco\loader\vendor\guzzlehttp\guzzle\src\Handler\CurlMultiHandler.php(181): GuzzleHttp\Handler\CurlFactory::finish(Object(GuzzleHttp\Handler\CurlMultiHandler), Object(GuzzleHttp\Handler\EasyHandle), Object(GuzzleHttp\Handler\CurlFactory))
#3 E:\xampp73\htdocs\filecroco\loader\vendor\guzzlehttp\guzzle\src\Handler\CurlMultiHandler.php(110): GuzzleHttp\Handler\CurlMultiHandler->processMessages()
#4 E:\xampp73\htdocs\filecroco\loader\vendor\guzzlehttp\guzzle\src\Handler\CurlMultiHandler.php(125): GuzzleHttp\Handler\CurlMultiHandler->tick()
#5 E:\xampp73\htdocs\filecroco\loader\vendor\guzzlehttp\promises\src\Promise.php(246): GuzzleHttp\Handler\CurlMultiHandler->execute(true)
#6 E:\xampp73\htdocs\filecroco\loader\vendor\guzzlehttp\promises\src\Promise.php(223): GuzzleHttp\Promise\Promise->invokeWaitFn()
#7 E:\xampp73\htdocs\filecroco\loader\vendor\guzzlehttp\promises\src\Promise.php(267): GuzzleHttp\Promise\Promise->waitIfPending()
#8 E:\xampp73\htdocs\filecroco\loader\vendor\guzzlehttp\promises\src\Promise.php(225): GuzzleHttp\Promise\Promise->invokeWaitList()
#9 E:\xampp73\htdocs\filecroco\loader\vendor\guzzlehttp\promises\src\Promise.php(62): GuzzleHttp\Promise\Promise->waitIfPending()
#10 E:\xampp73\htdocs\filecroco\loader\vendor\guzzlehttp\promises\src\EachPromise.php(101): GuzzleHttp\Promise\Promise->wait()
#11 E:\xampp73\htdocs\filecroco\loader\vendor\guzzlehttp\promises\src\Promise.php(246): GuzzleHttp\Promise\EachPromise->GuzzleHttp\Promise\{closure}(true)
#12 E:\xampp73\htdocs\filecroco\loader\vendor\guzzlehttp\promises\src\Promise.php(223): GuzzleHttp\Promise\Promise->invokeWaitFn()
#13 E:\xampp73\htdocs\filecroco\loader\vendor\guzzlehttp\promises\src\Promise.php(62): GuzzleHttp\Promise\Promise->waitIfPending()
#14 E:\xampp73\htdocs\filecroco\loader\updatedownloadlink.php(95): GuzzleHttp\Promise\Promise->wait()
#15 {main}|290GuzzleHttp\Exception\RequestException: cURL error 56:  (see http://curl.haxx.se/libcurl/c/libcurl-errors.html) in E:\xampp73\htdocs\filecroco\loader\vendor\guzzlehttp\guzzle\src\Handler\CurlFactory.php:186
Stack trace:
#0 E:\xampp73\htdocs\filecroco\loader\vendor\guzzlehttp\guzzle\src\Handler\CurlFactory.php(149): GuzzleHttp\Handler\CurlFactory::createRejection(Object(GuzzleHttp\Handler\EasyHandle), Array)
#1 E:\xampp73\htdocs\filecroco\loader\vendor\guzzlehttp\guzzle\src\Handler\CurlFactory.php(102): GuzzleHttp\Handler\CurlFactory::finishError(Object(GuzzleHttp\Handler\CurlMultiHandler), Object(GuzzleHttp\Handler\EasyHandle), Object(GuzzleHttp\Handler\CurlFactory))
#2 E:\xampp73\htdocs\filecroco\loader\vendor\guzzlehttp\guzzle\src\Handler\CurlMultiHandler.php(181): GuzzleHttp\Handler\CurlFactory::finish(Object(GuzzleHttp\Handler\CurlMultiHandler), Object(GuzzleHttp\Handler\EasyHandle), Object(GuzzleHttp\Handler\CurlFactory))
#3 E:\xampp73\htdocs\filecroco\loader\vendor\guzzlehttp\guzzle\src\Handler\CurlMultiHandler.php(110): GuzzleHttp\Handler\CurlMultiHandler->processMessages()
#4 E:\xampp73\htdocs\filecroco\loader\vendor\guzzlehttp\guzzle\src\Handler\CurlMultiHandler.php(125): GuzzleHttp\Handler\CurlMultiHandler->tick()
#5 E:\xampp73\htdocs\filecroco\loader\vendor\guzzlehttp\promises\src\Promise.php(246): GuzzleHttp\Handler\CurlMultiHandler->execute(true)
#6 E:\xampp73\htdocs\filecroco\loader\vendor\guzzlehttp\promises\src\Promise.php(223): GuzzleHttp\Promise\Promise->invokeWaitFn()
#7 E:\xampp73\htdocs\filecroco\loader\vendor\guzzlehttp\promises\src\Promise.php(267): GuzzleHttp\Promise\Promise->waitIfPending()
#8 E:\xampp73\htdocs\filecroco\loader\vendor\guzzlehttp\promises\src\Promise.php(225): GuzzleHttp\Promise\Promise->invokeWaitList()
#9 E:\xampp73\htdocs\filecroco\loader\vendor\guzzlehttp\promises\src\Promise.php(62): GuzzleHttp\Promise\Promise->waitIfPending()
#10 E:\xampp73\htdocs\filecroco\loader\vendor\guzzlehttp\promises\src\EachPromise.php(101): GuzzleHttp\Promise\Promise->wait()
#11 E:\xampp73\htdocs\filecroco\loader\vendor\guzzlehttp\promises\src\Promise.php(246): GuzzleHttp\Promise\EachPromise->GuzzleHttp\Promise\{closure}(true)
#12 E:\xampp73\htdocs\filecroco\loader\vendor\guzzlehttp\promises\src\Promise.php(223): GuzzleHttp\Promise\Promise->invokeWaitFn()
#13 E:\xampp73\htdocs\filecroco\loader\vendor\guzzlehttp\promises\src\Promise.php(62): GuzzleHttp\Promise\Promise->waitIfPending()
#14 E:\xampp73\htdocs\filecroco\loader\updatedownloadlink.php(95): GuzzleHttp\Promise\Promise->wait()
#15 {main}|291GuzzleHttp\Exception\RequestException: cURL error 56:  (see http://curl.haxx.se/libcurl/c/libcurl-errors.html) in E:\xampp73\htdocs\filecroco\loader\vendor\guzzlehttp\guzzle\src\Handler\CurlFactory.php:186
Stack trace:
#0 E:\xampp73\htdocs\filecroco\loader\vendor\guzzlehttp\guzzle\src\Handler\CurlFactory.php(149): GuzzleHttp\Handler\CurlFactory::createRejection(Object(GuzzleHttp\Handler\EasyHandle), Array)
#1 E:\xampp73\htdocs\filecroco\loader\vendor\guzzlehttp\guzzle\src\Handler\CurlFactory.php(102): GuzzleHttp\Handler\CurlFactory::finishError(Object(GuzzleHttp\Handler\CurlMultiHandler), Object(GuzzleHttp\Handler\EasyHandle), Object(GuzzleHttp\Handler\CurlFactory))
#2 E:\xampp73\htdocs\filecroco\loader\vendor\guzzlehttp\guzzle\src\Handler\CurlMultiHandler.php(181): GuzzleHttp\Handler\CurlFactory::finish(Object(GuzzleHttp\Handler\CurlMultiHandler), Object(GuzzleHttp\Handler\EasyHandle), Object(GuzzleHttp\Handler\CurlFactory))
#3 E:\xampp73\htdocs\filecroco\loader\vendor\guzzlehttp\guzzle\src\Handler\CurlMultiHandler.php(110): GuzzleHttp\Handler\CurlMultiHandler->processMessages()
#4 E:\xampp73\htdocs\filecroco\loader\vendor\guzzlehttp\guzzle\src\Handler\CurlMultiHandler.php(125): GuzzleHttp\Handler\CurlMultiHandler->tick()
#5 E:\xampp73\htdocs\filecroco\loader\vendor\guzzlehttp\promises\src\Promise.php(246): GuzzleHttp\Handler\CurlMultiHandler->execute(true)
#6 E:\xampp73\htdocs\filecroco\loader\vendor\guzzlehttp\promises\src\Promise.php(223): GuzzleHttp\Promise\Promise->invokeWaitFn()
#7 E:\xampp73\htdocs\filecroco\loader\vendor\guzzlehttp\promises\src\Promise.php(267): GuzzleHttp\Promise\Promise->waitIfPending()
#8 E:\xampp73\htdocs\filecroco\loader\vendor\guzzlehttp\promises\src\Promise.php(225): GuzzleHttp\Promise\Promise->invokeWaitList()
#9 E:\xampp73\htdocs\filecroco\loader\vendor\guzzlehttp\promises\src\Promise.php(62): GuzzleHttp\Promise\Promise->waitIfPending()
#10 E:\xampp73\htdocs\filecroco\loader\vendor\guzzlehttp\promises\src\EachPromise.php(101): GuzzleHttp\Promise\Promise->wait()
#11 E:\xampp73\htdocs\filecroco\loader\vendor\guzzlehttp\promises\src\Promise.php(246): GuzzleHttp\Promise\EachPromise->GuzzleHttp\Promise\{closure}(true)
#12 E:\xampp73\htdocs\filecroco\loader\vendor\guzzlehttp\promises\src\Promise.php(223): GuzzleHttp\Promise\Promise->invokeWaitFn()
#13 E:\xampp73\htdocs\filecroco\loader\vendor\guzzlehttp\promises\src\Promise.php(62): GuzzleHttp\Promise\Promise->waitIfPending()
#14 E:\xampp73\htdocs\filecroco\loader\updatedownloadlink.php(95): GuzzleHttp\Promise\Promise->wait()
#15 {main}|292GuzzleHttp\Exception\RequestException: cURL error 56:  (see http://curl.haxx.se/libcurl/c/libcurl-errors.html) in E:\xampp73\htdocs\filecroco\loader\vendor\guzzlehttp\guzzle\src\Handler\CurlFactory.php:186
Stack trace:
#0 E:\xampp73\htdocs\filecroco\loader\vendor\guzzlehttp\guzzle\src\Handler\CurlFactory.php(149): GuzzleHttp\Handler\CurlFactory::createRejection(Object(GuzzleHttp\Handler\EasyHandle), Array)
#1 E:\xampp73\htdocs\filecroco\loader\vendor\guzzlehttp\guzzle\src\Handler\CurlFactory.php(102): GuzzleHttp\Handler\CurlFactory::finishError(Object(GuzzleHttp\Handler\CurlMultiHandler), Object(GuzzleHttp\Handler\EasyHandle), Object(GuzzleHttp\Handler\CurlFactory))
#2 E:\xampp73\htdocs\filecroco\loader\vendor\guzzlehttp\guzzle\src\Handler\CurlMultiHandler.php(181): GuzzleHttp\Handler\CurlFactory::finish(Object(GuzzleHttp\Handler\CurlMultiHandler), Object(GuzzleHttp\Handler\EasyHandle), Object(GuzzleHttp\Handler\CurlFactory))
#3 E:\xampp73\htdocs\filecroco\loader\vendor\guzzlehttp\guzzle\src\Handler\CurlMultiHandler.php(110): GuzzleHttp\Handler\CurlMultiHandler->processMessages()
#4 E:\xampp73\htdocs\filecroco\loader\vendor\guzzlehttp\guzzle\src\Handler\CurlMultiHandler.php(125): GuzzleHttp\Handler\CurlMultiHandler->tick()
#5 E:\xampp73\htdocs\filecroco\loader\vendor\guzzlehttp\promises\src\Promise.php(246): GuzzleHttp\Handler\CurlMultiHandler->execute(true)
#6 E:\xampp73\htdocs\filecroco\loader\vendor\guzzlehttp\promises\src\Promise.php(223): GuzzleHttp\Promise\Promise->invokeWaitFn()
#7 E:\xampp73\htdocs\filecroco\loader\vendor\guzzlehttp\promises\src\Promise.php(267): GuzzleHttp\Promise\Promise->waitIfPending()
#8 E:\xampp73\htdocs\filecroco\loader\vendor\guzzlehttp\promises\src\Promise.php(225): GuzzleHttp\Promise\Promise->invokeWaitList()
#9 E:\xampp73\htdocs\filecroco\loader\vendor\guzzlehttp\promises\src\Promise.php(62): GuzzleHttp\Promise\Promise->waitIfPending()
#10 E:\xampp73\htdocs\filecroco\loader\vendor\guzzlehttp\promises\src\EachPromise.php(101): GuzzleHttp\Promise\Promise->wait()
#11 E:\xampp73\htdocs\filecroco\loader\vendor\guzzlehttp\promises\src\Promise.php(246): GuzzleHttp\Promise\EachPromise->GuzzleHttp\Promise\{closure}(true)
#12 E:\xampp73\htdocs\filecroco\loader\vendor\guzzlehttp\promises\src\Promise.php(223): GuzzleHttp\Promise\Promise->invokeWaitFn()
#13 E:\xampp73\htdocs\filecroco\loader\vendor\guzzlehttp\promises\src\Promise.php(62): GuzzleHttp\Promise\Promise->waitIfPending()
#14 E:\xampp73\htdocs\filecroco\loader\updatedownloadlink.php(95): GuzzleHttp\Promise\Promise->wait()
#15 {main}|293GuzzleHttp\Exception\RequestException: cURL error 56:  (see http://curl.haxx.se/libcurl/c/libcurl-errors.html) in E:\xampp73\htdocs\filecroco\loader\vendor\guzzlehttp\guzzle\src\Handler\CurlFactory.php:186
Stack trace:
#0 E:\xampp73\htdocs\filecroco\loader\vendor\guzzlehttp\guzzle\src\Handler\CurlFactory.php(149): GuzzleHttp\Handler\CurlFactory::createRejection(Object(GuzzleHttp\Handler\EasyHandle), Array)
#1 E:\xampp73\htdocs\filecroco\loader\vendor\guzzlehttp\guzzle\src\Handler\CurlFactory.php(102): GuzzleHttp\Handler\CurlFactory::finishError(Object(GuzzleHttp\Handler\CurlMultiHandler), Object(GuzzleHttp\Handler\EasyHandle), Object(GuzzleHttp\Handler\CurlFactory))
#2 E:\xampp73\htdocs\filecroco\loader\vendor\guzzlehttp\guzzle\src\Handler\CurlMultiHandler.php(181): GuzzleHttp\Handler\CurlFactory::finish(Object(GuzzleHttp\Handler\CurlMultiHandler), Object(GuzzleHttp\Handler\EasyHandle), Object(GuzzleHttp\Handler\CurlFactory))
#3 E:\xampp73\htdocs\filecroco\loader\vendor\guzzlehttp\guzzle\src\Handler\CurlMultiHandler.php(110): GuzzleHttp\Handler\CurlMultiHandler->processMessages()
#4 E:\xampp73\htdocs\filecroco\loader\vendor\guzzlehttp\guzzle\src\Handler\CurlMultiHandler.php(125): GuzzleHttp\Handler\CurlMultiHandler->tick()
#5 E:\xampp73\htdocs\filecroco\loader\vendor\guzzlehttp\promises\src\Promise.php(246): GuzzleHttp\Handler\CurlMultiHandler->execute(true)
#6 E:\xampp73\htdocs\filecroco\loader\vendor\guzzlehttp\promises\src\Promise.php(223): GuzzleHttp\Promise\Promise->invokeWaitFn()
#7 E:\xampp73\htdocs\filecroco\loader\vendor\guzzlehttp\promises\src\Promise.php(267): GuzzleHttp\Promise\Promise->waitIfPending()
#8 E:\xampp73\htdocs\filecroco\loader\vendor\guzzlehttp\promises\src\Promise.php(225): GuzzleHttp\Promise\Promise->invokeWaitList()
#9 E:\xampp73\htdocs\filecroco\loader\vendor\guzzlehttp\promises\src\Promise.php(62): GuzzleHttp\Promise\Promise->waitIfPending()
#10 E:\xampp73\htdocs\filecroco\loader\vendor\guzzlehttp\promises\src\EachPromise.php(101): GuzzleHttp\Promise\Promise->wait()
#11 E:\xampp73\htdocs\filecroco\loader\vendor\guzzlehttp\promises\src\Promise.php(246): GuzzleHttp\Promise\EachPromise->GuzzleHttp\Promise\{closure}(true)
#12 E:\xampp73\htdocs\filecroco\loader\vendor\guzzlehttp\promises\src\Promise.php(223): GuzzleHttp\Promise\Promise->invokeWaitFn()
#13 E:\xampp73\htdocs\filecroco\loader\vendor\guzzlehttp\promises\src\Promise.php(62): GuzzleHttp\Promise\Promise->waitIfPending()
#14 E:\xampp73\htdocs\filecroco\loader\updatedownloadlink.php(95): GuzzleHttp\Promise\Promise->wait()
#15 {main}|294GuzzleHttp\Exception\RequestException: cURL error 56:  (see http://curl.haxx.se/libcurl/c/libcurl-errors.html) in E:\xampp73\htdocs\filecroco\loader\vendor\guzzlehttp\guzzle\src\Handler\CurlFactory.php:186
Stack trace:
#0 E:\xampp73\htdocs\filecroco\loader\vendor\guzzlehttp\guzzle\src\Handler\CurlFactory.php(149): GuzzleHttp\Handler\CurlFactory::createRejection(Object(GuzzleHttp\Handler\EasyHandle), Array)
#1 E:\xampp73\htdocs\filecroco\loader\vendor\guzzlehttp\guzzle\src\Handler\CurlFactory.php(102): GuzzleHttp\Handler\CurlFactory::finishError(Object(GuzzleHttp\Handler\CurlMultiHandler), Object(GuzzleHttp\Handler\EasyHandle), Object(GuzzleHttp\Handler\CurlFactory))
#2 E:\xampp73\htdocs\filecroco\loader\vendor\guzzlehttp\guzzle\src\Handler\CurlMultiHandler.php(181): GuzzleHttp\Handler\CurlFactory::finish(Object(GuzzleHttp\Handler\CurlMultiHandler), Object(GuzzleHttp\Handler\EasyHandle), Object(GuzzleHttp\Handler\CurlFactory))
#3 E:\xampp73\htdocs\filecroco\loader\vendor\guzzlehttp\guzzle\src\Handler\CurlMultiHandler.php(110): GuzzleHttp\Handler\CurlMultiHandler->processMessages()
#4 E:\xampp73\htdocs\filecroco\loader\vendor\guzzlehttp\guzzle\src\Handler\CurlMultiHandler.php(125): GuzzleHttp\Handler\CurlMultiHandler->tick()
#5 E:\xampp73\htdocs\filecroco\loader\vendor\guzzlehttp\promises\src\Promise.php(246): GuzzleHttp\Handler\CurlMultiHandler->execute(true)
#6 E:\xampp73\htdocs\filecroco\loader\vendor\guzzlehttp\promises\src\Promise.php(223): GuzzleHttp\Promise\Promise->invokeWaitFn()
#7 E:\xampp73\htdocs\filecroco\loader\vendor\guzzlehttp\promises\src\Promise.php(267): GuzzleHttp\Promise\Promise->waitIfPending()
#8 E:\xampp73\htdocs\filecroco\loader\vendor\guzzlehttp\promises\src\Promise.php(225): GuzzleHttp\Promise\Promise->invokeWaitList()
#9 E:\xampp73\htdocs\filecroco\loader\vendor\guzzlehttp\promises\src\Promise.php(62): GuzzleHttp\Promise\Promise->waitIfPending()
#10 E:\xampp73\htdocs\filecroco\loader\vendor\guzzlehttp\promises\src\EachPromise.php(101): GuzzleHttp\Promise\Promise->wait()
#11 E:\xampp73\htdocs\filecroco\loader\vendor\guzzlehttp\promises\src\Promise.php(246): GuzzleHttp\Promise\EachPromise->GuzzleHttp\Promise\{closure}(true)
#12 E:\xampp73\htdocs\filecroco\loader\vendor\guzzlehttp\promises\src\Promise.php(223): GuzzleHttp\Promise\Promise->invokeWaitFn()
#13 E:\xampp73\htdocs\filecroco\loader\vendor\guzzlehttp\promises\src\Promise.php(62): GuzzleHttp\Promise\Promise->waitIfPending()
#14 E:\xampp73\htdocs\filecroco\loader\updatedownloadlink.php(95): GuzzleHttp\Promise\Promise->wait()
#15 {main}|295GuzzleHttp\Exception\RequestException: cURL error 56:  (see http://curl.haxx.se/libcurl/c/libcurl-errors.html) in E:\xampp73\htdocs\filecroco\loader\vendor\guzzlehttp\guzzle\src\Handler\CurlFactory.php:186
Stack trace:
#0 E:\xampp73\htdocs\filecroco\loader\vendor\guzzlehttp\guzzle\src\Handler\CurlFactory.php(149): GuzzleHttp\Handler\CurlFactory::createRejection(Object(GuzzleHttp\Handler\EasyHandle), Array)
#1 E:\xampp73\htdocs\filecroco\loader\vendor\guzzlehttp\guzzle\src\Handler\CurlFactory.php(102): GuzzleHttp\Handler\CurlFactory::finishError(Object(GuzzleHttp\Handler\CurlMultiHandler), Object(GuzzleHttp\Handler\EasyHandle), Object(GuzzleHttp\Handler\CurlFactory))
#2 E:\xampp73\htdocs\filecroco\loader\vendor\guzzlehttp\guzzle\src\Handler\CurlMultiHandler.php(181): GuzzleHttp\Handler\CurlFactory::finish(Object(GuzzleHttp\Handler\CurlMultiHandler), Object(GuzzleHttp\Handler\EasyHandle), Object(GuzzleHttp\Handler\CurlFactory))
#3 E:\xampp73\htdocs\filecroco\loader\vendor\guzzlehttp\guzzle\src\Handler\CurlMultiHandler.php(110): GuzzleHttp\Handler\CurlMultiHandler->processMessages()
#4 E:\xampp73\htdocs\filecroco\loader\vendor\guzzlehttp\guzzle\src\Handler\CurlMultiHandler.php(125): GuzzleHttp\Handler\CurlMultiHandler->tick()
#5 E:\xampp73\htdocs\filecroco\loader\vendor\guzzlehttp\promises\src\Promise.php(246): GuzzleHttp\Handler\CurlMultiHandler->execute(true)
#6 E:\xampp73\htdocs\filecroco\loader\vendor\guzzlehttp\promises\src\Promise.php(223): GuzzleHttp\Promise\Promise->invokeWaitFn()
#7 E:\xampp73\htdocs\filecroco\loader\vendor\guzzlehttp\promises\src\Promise.php(267): GuzzleHttp\Promise\Promise->waitIfPending()
#8 E:\xampp73\htdocs\filecroco\loader\vendor\guzzlehttp\promises\src\Promise.php(225): GuzzleHttp\Promise\Promise->invokeWaitList()
#9 E:\xampp73\htdocs\filecroco\loader\vendor\guzzlehttp\promises\src\Promise.php(62): GuzzleHttp\Promise\Promise->waitIfPending()
#10 E:\xampp73\htdocs\filecroco\loader\vendor\guzzlehttp\promises\src\EachPromise.php(101): GuzzleHttp\Promise\Promise->wait()
#11 E:\xampp73\htdocs\filecroco\loader\vendor\guzzlehttp\promises\src\Promise.php(246): GuzzleHttp\Promise\EachPromise->GuzzleHttp\Promise\{closure}(true)
#12 E:\xampp73\htdocs\filecroco\loader\vendor\guzzlehttp\promises\src\Promise.php(223): GuzzleHttp\Promise\Promise->invokeWaitFn()
#13 E:\xampp73\htdocs\filecroco\loader\vendor\guzzlehttp\promises\src\Promise.php(62): GuzzleHttp\Promise\Promise->waitIfPending()
#14 E:\xampp73\htdocs\filecroco\loader\updatedownloadlink.php(95): GuzzleHttp\Promise\Promise->wait()
#15 {main}|296GuzzleHttp\Exception\RequestException: cURL error 56:  (see http://curl.haxx.se/libcurl/c/libcurl-errors.html) in E:\xampp73\htdocs\filecroco\loader\vendor\guzzlehttp\guzzle\src\Handler\CurlFactory.php:186
Stack trace:
#0 E:\xampp73\htdocs\filecroco\loader\vendor\guzzlehttp\guzzle\src\Handler\CurlFactory.php(149): GuzzleHttp\Handler\CurlFactory::createRejection(Object(GuzzleHttp\Handler\EasyHandle), Array)
#1 E:\xampp73\htdocs\filecroco\loader\vendor\guzzlehttp\guzzle\src\Handler\CurlFactory.php(102): GuzzleHttp\Handler\CurlFactory::finishError(Object(GuzzleHttp\Handler\CurlMultiHandler), Object(GuzzleHttp\Handler\EasyHandle), Object(GuzzleHttp\Handler\CurlFactory))
#2 E:\xampp73\htdocs\filecroco\loader\vendor\guzzlehttp\guzzle\src\Handler\CurlMultiHandler.php(181): GuzzleHttp\Handler\CurlFactory::finish(Object(GuzzleHttp\Handler\CurlMultiHandler), Object(GuzzleHttp\Handler\EasyHandle), Object(GuzzleHttp\Handler\CurlFactory))
#3 E:\xampp73\htdocs\filecroco\loader\vendor\guzzlehttp\guzzle\src\Handler\CurlMultiHandler.php(110): GuzzleHttp\Handler\CurlMultiHandler->processMessages()
#4 E:\xampp73\htdocs\filecroco\loader\vendor\guzzlehttp\guzzle\src\Handler\CurlMultiHandler.php(125): GuzzleHttp\Handler\CurlMultiHandler->tick()
#5 E:\xampp73\htdocs\filecroco\loader\vendor\guzzlehttp\promises\src\Promise.php(246): GuzzleHttp\Handler\CurlMultiHandler->execute(true)
#6 E:\xampp73\htdocs\filecroco\loader\vendor\guzzlehttp\promises\src\Promise.php(223): GuzzleHttp\Promise\Promise->invokeWaitFn()
#7 E:\xampp73\htdocs\filecroco\loader\vendor\guzzlehttp\promises\src\Promise.php(267): GuzzleHttp\Promise\Promise->waitIfPending()
#8 E:\xampp73\htdocs\filecroco\loader\vendor\guzzlehttp\promises\src\Promise.php(225): GuzzleHttp\Promise\Promise->invokeWaitList()
#9 E:\xampp73\htdocs\filecroco\loader\vendor\guzzlehttp\promises\src\Promise.php(62): GuzzleHttp\Promise\Promise->waitIfPending()
#10 E:\xampp73\htdocs\filecroco\loader\vendor\guzzlehttp\promises\src\EachPromise.php(101): GuzzleHttp\Promise\Promise->wait()
#11 E:\xampp73\htdocs\filecroco\loader\vendor\guzzlehttp\promises\src\Promise.php(246): GuzzleHttp\Promise\EachPromise->GuzzleHttp\Promise\{closure}(true)
#12 E:\xampp73\htdocs\filecroco\loader\vendor\guzzlehttp\promises\src\Promise.php(223): GuzzleHttp\Promise\Promise->invokeWaitFn()
#13 E:\xampp73\htdocs\filecroco\loader\vendor\guzzlehttp\promises\src\Promise.php(62): GuzzleHttp\Promise\Promise->waitIfPending()
#14 E:\xampp73\htdocs\filecroco\loader\updatedownloadlink.php(95): GuzzleHttp\Promise\Promise->wait()
#15 {main}|297GuzzleHttp\Exception\RequestException: cURL error 56:  (see http://curl.haxx.se/libcurl/c/libcurl-errors.html) in E:\xampp73\htdocs\filecroco\loader\vendor\guzzlehttp\guzzle\src\Handler\CurlFactory.php:186
Stack trace:
#0 E:\xampp73\htdocs\filecroco\loader\vendor\guzzlehttp\guzzle\src\Handler\CurlFactory.php(149): GuzzleHttp\Handler\CurlFactory::createRejection(Object(GuzzleHttp\Handler\EasyHandle), Array)
#1 E:\xampp73\htdocs\filecroco\loader\vendor\guzzlehttp\guzzle\src\Handler\CurlFactory.php(102): GuzzleHttp\Handler\CurlFactory::finishError(Object(GuzzleHttp\Handler\CurlMultiHandler), Object(GuzzleHttp\Handler\EasyHandle), Object(GuzzleHttp\Handler\CurlFactory))
#2 E:\xampp73\htdocs\filecroco\loader\vendor\guzzlehttp\guzzle\src\Handler\CurlMultiHandler.php(181): GuzzleHttp\Handler\CurlFactory::finish(Object(GuzzleHttp\Handler\CurlMultiHandler), Object(GuzzleHttp\Handler\EasyHandle), Object(GuzzleHttp\Handler\CurlFactory))
#3 E:\xampp73\htdocs\filecroco\loader\vendor\guzzlehttp\guzzle\src\Handler\CurlMultiHandler.php(110): GuzzleHttp\Handler\CurlMultiHandler->processMessages()
#4 E:\xampp73\htdocs\filecroco\loader\vendor\guzzlehttp\guzzle\src\Handler\CurlMultiHandler.php(125): GuzzleHttp\Handler\CurlMultiHandler->tick()
#5 E:\xampp73\htdocs\filecroco\loader\vendor\guzzlehttp\promises\src\Promise.php(246): GuzzleHttp\Handler\CurlMultiHandler->execute(true)
#6 E:\xampp73\htdocs\filecroco\loader\vendor\guzzlehttp\promises\src\Promise.php(223): GuzzleHttp\Promise\Promise->invokeWaitFn()
#7 E:\xampp73\htdocs\filecroco\loader\vendor\guzzlehttp\promises\src\Promise.php(267): GuzzleHttp\Promise\Promise->waitIfPending()
#8 E:\xampp73\htdocs\filecroco\loader\vendor\guzzlehttp\promises\src\Promise.php(225): GuzzleHttp\Promise\Promise->invokeWaitList()
#9 E:\xampp73\htdocs\filecroco\loader\vendor\guzzlehttp\promises\src\Promise.php(62): GuzzleHttp\Promise\Promise->waitIfPending()
#10 E:\xampp73\htdocs\filecroco\loader\vendor\guzzlehttp\promises\src\EachPromise.php(101): GuzzleHttp\Promise\Promise->wait()
#11 E:\xampp73\htdocs\filecroco\loader\vendor\guzzlehttp\promises\src\Promise.php(246): GuzzleHttp\Promise\EachPromise->GuzzleHttp\Promise\{closure}(true)
#12 E:\xampp73\htdocs\filecroco\loader\vendor\guzzlehttp\promises\src\Promise.php(223): GuzzleHttp\Promise\Promise->invokeWaitFn()
#13 E:\xampp73\htdocs\filecroco\loader\vendor\guzzlehttp\promises\src\Promise.php(62): GuzzleHttp\Promise\Promise->waitIfPending()
#14 E:\xampp73\htdocs\filecroco\loader\updatedownloadlink.php(95): GuzzleHttp\Promise\Promise->wait()
#15 {main}|298GuzzleHttp\Exception\RequestException: cURL error 56:  (see http://curl.haxx.se/libcurl/c/libcurl-errors.html) in E:\xampp73\htdocs\filecroco\loader\vendor\guzzlehttp\guzzle\src\Handler\CurlFactory.php:186
Stack trace:
#0 E:\xampp73\htdocs\filecroco\loader\vendor\guzzlehttp\guzzle\src\Handler\CurlFactory.php(149): GuzzleHttp\Handler\CurlFactory::createRejection(Object(GuzzleHttp\Handler\EasyHandle), Array)
#1 E:\xampp73\htdocs\filecroco\loader\vendor\guzzlehttp\guzzle\src\Handler\CurlFactory.php(102): GuzzleHttp\Handler\CurlFactory::finishError(Object(GuzzleHttp\Handler\CurlMultiHandler), Object(GuzzleHttp\Handler\EasyHandle), Object(GuzzleHttp\Handler\CurlFactory))
#2 E:\xampp73\htdocs\filecroco\loader\vendor\guzzlehttp\guzzle\src\Handler\CurlMultiHandler.php(181): GuzzleHttp\Handler\CurlFactory::finish(Object(GuzzleHttp\Handler\CurlMultiHandler), Object(GuzzleHttp\Handler\EasyHandle), Object(GuzzleHttp\Handler\CurlFactory))
#3 E:\xampp73\htdocs\filecroco\loader\vendor\guzzlehttp\guzzle\src\Handler\CurlMultiHandler.php(110): GuzzleHttp\Handler\CurlMultiHandler->processMessages()
#4 E:\xampp73\htdocs\filecroco\loader\vendor\guzzlehttp\guzzle\src\Handler\CurlMultiHandler.php(125): GuzzleHttp\Handler\CurlMultiHandler->tick()
#5 E:\xampp73\htdocs\filecroco\loader\vendor\guzzlehttp\promises\src\Promise.php(246): GuzzleHttp\Handler\CurlMultiHandler->execute(true)
#6 E:\xampp73\htdocs\filecroco\loader\vendor\guzzlehttp\promises\src\Promise.php(223): GuzzleHttp\Promise\Promise->invokeWaitFn()
#7 E:\xampp73\htdocs\filecroco\loader\vendor\guzzlehttp\promises\src\Promise.php(267): GuzzleHttp\Promise\Promise->waitIfPending()
#8 E:\xampp73\htdocs\filecroco\loader\vendor\guzzlehttp\promises\src\Promise.php(225): GuzzleHttp\Promise\Promise->invokeWaitList()
#9 E:\xampp73\htdocs\filecroco\loader\vendor\guzzlehttp\promises\src\Promise.php(62): GuzzleHttp\Promise\Promise->waitIfPending()
#10 E:\xampp73\htdocs\filecroco\loader\vendor\guzzlehttp\promises\src\EachPromise.php(101): GuzzleHttp\Promise\Promise->wait()
#11 E:\xampp73\htdocs\filecroco\loader\vendor\guzzlehttp\promises\src\Promise.php(246): GuzzleHttp\Promise\EachPromise->GuzzleHttp\Promise\{closure}(true)
#12 E:\xampp73\htdocs\filecroco\loader\vendor\guzzlehttp\promises\src\Promise.php(223): GuzzleHttp\Promise\Promise->invokeWaitFn()
#13 E:\xampp73\htdocs\filecroco\loader\vendor\guzzlehttp\promises\src\Promise.php(62): GuzzleHttp\Promise\Promise->waitIfPending()
#14 E:\xampp73\htdocs\filecroco\loader\updatedownloadlink.php(95): GuzzleHttp\Promise\Promise->wait()
#15 {main}|299GuzzleHttp\Exception\RequestException: cURL error 56:  (see http://curl.haxx.se/libcurl/c/libcurl-errors.html) in E:\xampp73\htdocs\filecroco\loader\vendor\guzzlehttp\guzzle\src\Handler\CurlFactory.php:186
Stack trace:
#0 E:\xampp73\htdocs\filecroco\loader\vendor\guzzlehttp\guzzle\src\Handler\CurlFactory.php(149): GuzzleHttp\Handler\CurlFactory::createRejection(Object(GuzzleHttp\Handler\EasyHandle), Array)
#1 E:\xampp73\htdocs\filecroco\loader\vendor\guzzlehttp\guzzle\src\Handler\CurlFactory.php(102): GuzzleHttp\Handler\CurlFactory::finishError(Object(GuzzleHttp\Handler\CurlMultiHandler), Object(GuzzleHttp\Handler\EasyHandle), Object(GuzzleHttp\Handler\CurlFactory))
#2 E:\xampp73\htdocs\filecroco\loader\vendor\guzzlehttp\guzzle\src\Handler\CurlMultiHandler.php(181): GuzzleHttp\Handler\CurlFactory::finish(Object(GuzzleHttp\Handler\CurlMultiHandler), Object(GuzzleHttp\Handler\EasyHandle), Object(GuzzleHttp\Handler\CurlFactory))
#3 E:\xampp73\htdocs\filecroco\loader\vendor\guzzlehttp\guzzle\src\Handler\CurlMultiHandler.php(110): GuzzleHttp\Handler\CurlMultiHandler->processMessages()
#4 E:\xampp73\htdocs\filecroco\loader\vendor\guzzlehttp\guzzle\src\Handler\CurlMultiHandler.php(125): GuzzleHttp\Handler\CurlMultiHandler->tick()
#5 E:\xampp73\htdocs\filecroco\loader\vendor\guzzlehttp\promises\src\Promise.php(246): GuzzleHttp\Handler\CurlMultiHandler->execute(true)
#6 E:\xampp73\htdocs\filecroco\loader\vendor\guzzlehttp\promises\src\Promise.php(223): GuzzleHttp\Promise\Promise->invokeWaitFn()
#7 E:\xampp73\htdocs\filecroco\loader\vendor\guzzlehttp\promises\src\Promise.php(267): GuzzleHttp\Promise\Promise->waitIfPending()
#8 E:\xampp73\htdocs\filecroco\loader\vendor\guzzlehttp\promises\src\Promise.php(225): GuzzleHttp\Promise\Promise->invokeWaitList()
#9 E:\xampp73\htdocs\filecroco\loader\vendor\guzzlehttp\promises\src\Promise.php(62): GuzzleHttp\Promise\Promise->waitIfPending()
#10 E:\xampp73\htdocs\filecroco\loader\vendor\guzzlehttp\promises\src\EachPromise.php(101): GuzzleHttp\Promise\Promise->wait()
#11 E:\xampp73\htdocs\filecroco\loader\vendor\guzzlehttp\promises\src\Promise.php(246): GuzzleHttp\Promise\EachPromise->GuzzleHttp\Promise\{closure}(true)
#12 E:\xampp73\htdocs\filecroco\loader\vendor\guzzlehttp\promises\src\Promise.php(223): GuzzleHttp\Promise\Promise->invokeWaitFn()
#13 E:\xampp73\htdocs\filecroco\loader\vendor\guzzlehttp\promises\src\Promise.php(62): GuzzleHttp\Promise\Promise->waitIfPending()
#14 E:\xampp73\htdocs\filecroco\loader\updatedownloadlink.php(95): GuzzleHttp\Promise\Promise->wait()
#15 {main}|300GuzzleHttp\Exception\RequestException: cURL error 56:  (see http://curl.haxx.se/libcurl/c/libcurl-errors.html) in E:\xampp73\htdocs\filecroco\loader\vendor\guzzlehttp\guzzle\src\Handler\CurlFactory.php:186
Stack trace:
#0 E:\xampp73\htdocs\filecroco\loader\vendor\guzzlehttp\guzzle\src\Handler\CurlFactory.php(149): GuzzleHttp\Handler\CurlFactory::createRejection(Object(GuzzleHttp\Handler\EasyHandle), Array)
#1 E:\xampp73\htdocs\filecroco\loader\vendor\guzzlehttp\guzzle\src\Handler\CurlFactory.php(102): GuzzleHttp\Handler\CurlFactory::finishError(Object(GuzzleHttp\Handler\CurlMultiHandler), Object(GuzzleHttp\Handler\EasyHandle), Object(GuzzleHttp\Handler\CurlFactory))
#2 E:\xampp73\htdocs\filecroco\loader\vendor\guzzlehttp\guzzle\src\Handler\CurlMultiHandler.php(181): GuzzleHttp\Handler\CurlFactory::finish(Object(GuzzleHttp\Handler\CurlMultiHandler), Object(GuzzleHttp\Handler\EasyHandle), Object(GuzzleHttp\Handler\CurlFactory))
#3 E:\xampp73\htdocs\filecroco\loader\vendor\guzzlehttp\guzzle\src\Handler\CurlMultiHandler.php(110): GuzzleHttp\Handler\CurlMultiHandler->processMessages()
#4 E:\xampp73\htdocs\filecroco\loader\vendor\guzzlehttp\guzzle\src\Handler\CurlMultiHandler.php(125): GuzzleHttp\Handler\CurlMultiHandler->tick()
#5 E:\xampp73\htdocs\filecroco\loader\vendor\guzzlehttp\promises\src\Promise.php(246): GuzzleHttp\Handler\CurlMultiHandler->execute(true)
#6 E:\xampp73\htdocs\filecroco\loader\vendor\guzzlehttp\promises\src\Promise.php(223): GuzzleHttp\Promise\Promise->invokeWaitFn()
#7 E:\xampp73\htdocs\filecroco\loader\vendor\guzzlehttp\promises\src\Promise.php(267): GuzzleHttp\Promise\Promise->waitIfPending()
#8 E:\xampp73\htdocs\filecroco\loader\vendor\guzzlehttp\promises\src\Promise.php(225): GuzzleHttp\Promise\Promise->invokeWaitList()
#9 E:\xampp73\htdocs\filecroco\loader\vendor\guzzlehttp\promises\src\Promise.php(62): GuzzleHttp\Promise\Promise->waitIfPending()
#10 E:\xampp73\htdocs\filecroco\loader\vendor\guzzlehttp\promises\src\EachPromise.php(101): GuzzleHttp\Promise\Promise->wait()
#11 E:\xampp73\htdocs\filecroco\loader\vendor\guzzlehttp\promises\src\Promise.php(246): GuzzleHttp\Promise\EachPromise->GuzzleHttp\Promise\{closure}(true)
#12 E:\xampp73\htdocs\filecroco\loader\vendor\guzzlehttp\promises\src\Promise.php(223): GuzzleHttp\Promise\Promise->invokeWaitFn()
#13 E:\xampp73\htdocs\filecroco\loader\vendor\guzzlehttp\promises\src\Promise.php(62): GuzzleHttp\Promise\Promise->waitIfPending()
#14 E:\xampp73\htdocs\filecroco\loader\updatedownloadlink.php(95): GuzzleHttp\Promise\Promise->wait()
#15 {main}|301GuzzleHttp\Exception\RequestException: cURL error 56:  (see http://curl.haxx.se/libcurl/c/libcurl-errors.html) in E:\xampp73\htdocs\filecroco\loader\vendor\guzzlehttp\guzzle\src\Handler\CurlFactory.php:186
Stack trace:
#0 E:\xampp73\htdocs\filecroco\loader\vendor\guzzlehttp\guzzle\src\Handler\CurlFactory.php(149): GuzzleHttp\Handler\CurlFactory::createRejection(Object(GuzzleHttp\Handler\EasyHandle), Array)
#1 E:\xampp73\htdocs\filecroco\loader\vendor\guzzlehttp\guzzle\src\Handler\CurlFactory.php(102): GuzzleHttp\Handler\CurlFactory::finishError(Object(GuzzleHttp\Handler\CurlMultiHandler), Object(GuzzleHttp\Handler\EasyHandle), Object(GuzzleHttp\Handler\CurlFactory))
#2 E:\xampp73\htdocs\filecroco\loader\vendor\guzzlehttp\guzzle\src\Handler\CurlMultiHandler.php(181): GuzzleHttp\Handler\CurlFactory::finish(Object(GuzzleHttp\Handler\CurlMultiHandler), Object(GuzzleHttp\Handler\EasyHandle), Object(GuzzleHttp\Handler\CurlFactory))
#3 E:\xampp73\htdocs\filecroco\loader\vendor\guzzlehttp\guzzle\src\Handler\CurlMultiHandler.php(110): GuzzleHttp\Handler\CurlMultiHandler->processMessages()
#4 E:\xampp73\htdocs\filecroco\loader\vendor\guzzlehttp\guzzle\src\Handler\CurlMultiHandler.php(125): GuzzleHttp\Handler\CurlMultiHandler->tick()
#5 E:\xampp73\htdocs\filecroco\loader\vendor\guzzlehttp\promises\src\Promise.php(246): GuzzleHttp\Handler\CurlMultiHandler->execute(true)
#6 E:\xampp73\htdocs\filecroco\loader\vendor\guzzlehttp\promises\src\Promise.php(223): GuzzleHttp\Promise\Promise->invokeWaitFn()
#7 E:\xampp73\htdocs\filecroco\loader\vendor\guzzlehttp\promises\src\Promise.php(267): GuzzleHttp\Promise\Promise->waitIfPending()
#8 E:\xampp73\htdocs\filecroco\loader\vendor\guzzlehttp\promises\src\Promise.php(225): GuzzleHttp\Promise\Promise->invokeWaitList()
#9 E:\xampp73\htdocs\filecroco\loader\vendor\guzzlehttp\promises\src\Promise.php(62): GuzzleHttp\Promise\Promise->waitIfPending()
#10 E:\xampp73\htdocs\filecroco\loader\vendor\guzzlehttp\promises\src\EachPromise.php(101): GuzzleHttp\Promise\Promise->wait()
#11 E:\xampp73\htdocs\filecroco\loader\vendor\guzzlehttp\promises\src\Promise.php(246): GuzzleHttp\Promise\EachPromise->GuzzleHttp\Promise\{closure}(true)
#12 E:\xampp73\htdocs\filecroco\loader\vendor\guzzlehttp\promises\src\Promise.php(223): GuzzleHttp\Promise\Promise->invokeWaitFn()
#13 E:\xampp73\htdocs\filecroco\loader\vendor\guzzlehttp\promises\src\Promise.php(62): GuzzleHttp\Promise\Promise->waitIfPending()
#14 E:\xampp73\htdocs\filecroco\loader\updatedownloadlink.php(95): GuzzleHttp\Promise\Promise->wait()
#15 {main}|302GuzzleHttp\Exception\RequestException: cURL error 56:  (see http://curl.haxx.se/libcurl/c/libcurl-errors.html) in E:\xampp73\htdocs\filecroco\loader\vendor\guzzlehttp\guzzle\src\Handler\CurlFactory.php:186
Stack trace:
#0 E:\xampp73\htdocs\filecroco\loader\vendor\guzzlehttp\guzzle\src\Handler\CurlFactory.php(149): GuzzleHttp\Handler\CurlFactory::createRejection(Object(GuzzleHttp\Handler\EasyHandle), Array)
#1 E:\xampp73\htdocs\filecroco\loader\vendor\guzzlehttp\guzzle\src\Handler\CurlFactory.php(102): GuzzleHttp\Handler\CurlFactory::finishError(Object(GuzzleHttp\Handler\CurlMultiHandler), Object(GuzzleHttp\Handler\EasyHandle), Object(GuzzleHttp\Handler\CurlFactory))
#2 E:\xampp73\htdocs\filecroco\loader\vendor\guzzlehttp\guzzle\src\Handler\CurlMultiHandler.php(181): GuzzleHttp\Handler\CurlFactory::finish(Object(GuzzleHttp\Handler\CurlMultiHandler), Object(GuzzleHttp\Handler\EasyHandle), Object(GuzzleHttp\Handler\CurlFactory))
#3 E:\xampp73\htdocs\filecroco\loader\vendor\guzzlehttp\guzzle\src\Handler\CurlMultiHandler.php(110): GuzzleHttp\Handler\CurlMultiHandler->processMessages()
#4 E:\xampp73\htdocs\filecroco\loader\vendor\guzzlehttp\guzzle\src\Handler\CurlMultiHandler.php(125): GuzzleHttp\Handler\CurlMultiHandler->tick()
#5 E:\xampp73\htdocs\filecroco\loader\vendor\guzzlehttp\promises\src\Promise.php(246): GuzzleHttp\Handler\CurlMultiHandler->execute(true)
#6 E:\xampp73\htdocs\filecroco\loader\vendor\guzzlehttp\promises\src\Promise.php(223): GuzzleHttp\Promise\Promise->invokeWaitFn()
#7 E:\xampp73\htdocs\filecroco\loader\vendor\guzzlehttp\promises\src\Promise.php(267): GuzzleHttp\Promise\Promise->waitIfPending()
#8 E:\xampp73\htdocs\filecroco\loader\vendor\guzzlehttp\promises\src\Promise.php(225): GuzzleHttp\Promise\Promise->invokeWaitList()
#9 E:\xampp73\htdocs\filecroco\loader\vendor\guzzlehttp\promises\src\Promise.php(62): GuzzleHttp\Promise\Promise->waitIfPending()
#10 E:\xampp73\htdocs\filecroco\loader\vendor\guzzlehttp\promises\src\EachPromise.php(101): GuzzleHttp\Promise\Promise->wait()
#11 E:\xampp73\htdocs\filecroco\loader\vendor\guzzlehttp\promises\src\Promise.php(246): GuzzleHttp\Promise\EachPromise->GuzzleHttp\Promise\{closure}(true)
#12 E:\xampp73\htdocs\filecroco\loader\vendor\guzzlehttp\promises\src\Promise.php(223): GuzzleHttp\Promise\Promise->invokeWaitFn()
#13 E:\xampp73\htdocs\filecroco\loader\vendor\guzzlehttp\promises\src\Promise.php(62): GuzzleHttp\Promise\Promise->waitIfPending()
#14 E:\xampp73\htdocs\filecroco\loader\updatedownloadlink.php(95): GuzzleHttp\Promise\Promise->wait()
#15 {main}|303GuzzleHttp\Exception\RequestException: cURL error 56:  (see http://curl.haxx.se/libcurl/c/libcurl-errors.html) in E:\xampp73\htdocs\filecroco\loader\vendor\guzzlehttp\guzzle\src\Handler\CurlFactory.php:186
Stack trace:
#0 E:\xampp73\htdocs\filecroco\loader\vendor\guzzlehttp\guzzle\src\Handler\CurlFactory.php(149): GuzzleHttp\Handler\CurlFactory::createRejection(Object(GuzzleHttp\Handler\EasyHandle), Array)
#1 E:\xampp73\htdocs\filecroco\loader\vendor\guzzlehttp\guzzle\src\Handler\CurlFactory.php(102): GuzzleHttp\Handler\CurlFactory::finishError(Object(GuzzleHttp\Handler\CurlMultiHandler), Object(GuzzleHttp\Handler\EasyHandle), Object(GuzzleHttp\Handler\CurlFactory))
#2 E:\xampp73\htdocs\filecroco\loader\vendor\guzzlehttp\guzzle\src\Handler\CurlMultiHandler.php(181): GuzzleHttp\Handler\CurlFactory::finish(Object(GuzzleHttp\Handler\CurlMultiHandler), Object(GuzzleHttp\Handler\EasyHandle), Object(GuzzleHttp\Handler\CurlFactory))
#3 E:\xampp73\htdocs\filecroco\loader\vendor\guzzlehttp\guzzle\src\Handler\CurlMultiHandler.php(110): GuzzleHttp\Handler\CurlMultiHandler->processMessages()
#4 E:\xampp73\htdocs\filecroco\loader\vendor\guzzlehttp\guzzle\src\Handler\CurlMultiHandler.php(125): GuzzleHttp\Handler\CurlMultiHandler->tick()
#5 E:\xampp73\htdocs\filecroco\loader\vendor\guzzlehttp\promises\src\Promise.php(246): GuzzleHttp\Handler\CurlMultiHandler->execute(true)
#6 E:\xampp73\htdocs\filecroco\loader\vendor\guzzlehttp\promises\src\Promise.php(223): GuzzleHttp\Promise\Promise->invokeWaitFn()
#7 E:\xampp73\htdocs\filecroco\loader\vendor\guzzlehttp\promises\src\Promise.php(267): GuzzleHttp\Promise\Promise->waitIfPending()
#8 E:\xampp73\htdocs\filecroco\loader\vendor\guzzlehttp\promises\src\Promise.php(225): GuzzleHttp\Promise\Promise->invokeWaitList()
#9 E:\xampp73\htdocs\filecroco\loader\vendor\guzzlehttp\promises\src\Promise.php(62): GuzzleHttp\Promise\Promise->waitIfPending()
#10 E:\xampp73\htdocs\filecroco\loader\vendor\guzzlehttp\promises\src\EachPromise.php(101): GuzzleHttp\Promise\Promise->wait()
#11 E:\xampp73\htdocs\filecroco\loader\vendor\guzzlehttp\promises\src\Promise.php(246): GuzzleHttp\Promise\EachPromise->GuzzleHttp\Promise\{closure}(true)
#12 E:\xampp73\htdocs\filecroco\loader\vendor\guzzlehttp\promises\src\Promise.php(223): GuzzleHttp\Promise\Promise->invokeWaitFn()
#13 E:\xampp73\htdocs\filecroco\loader\vendor\guzzlehttp\promises\src\Promise.php(62): GuzzleHttp\Promise\Promise->waitIfPending()
#14 E:\xampp73\htdocs\filecroco\loader\updatedownloadlink.php(95): GuzzleHttp\Promise\Promise->wait()
#15 {main}|304GuzzleHttp\Exception\RequestException: cURL error 56:  (see http://curl.haxx.se/libcurl/c/libcurl-errors.html) in E:\xampp73\htdocs\filecroco\loader\vendor\guzzlehttp\guzzle\src\Handler\CurlFactory.php:186
Stack trace:
#0 E:\xampp73\htdocs\filecroco\loader\vendor\guzzlehttp\guzzle\src\Handler\CurlFactory.php(149): GuzzleHttp\Handler\CurlFactory::createRejection(Object(GuzzleHttp\Handler\EasyHandle), Array)
#1 E:\xampp73\htdocs\filecroco\loader\vendor\guzzlehttp\guzzle\src\Handler\CurlFactory.php(102): GuzzleHttp\Handler\CurlFactory::finishError(Object(GuzzleHttp\Handler\CurlMultiHandler), Object(GuzzleHttp\Handler\EasyHandle), Object(GuzzleHttp\Handler\CurlFactory))
#2 E:\xampp73\htdocs\filecroco\loader\vendor\guzzlehttp\guzzle\src\Handler\CurlMultiHandler.php(181): GuzzleHttp\Handler\CurlFactory::finish(Object(GuzzleHttp\Handler\CurlMultiHandler), Object(GuzzleHttp\Handler\EasyHandle), Object(GuzzleHttp\Handler\CurlFactory))
#3 E:\xampp73\htdocs\filecroco\loader\vendor\guzzlehttp\guzzle\src\Handler\CurlMultiHandler.php(110): GuzzleHttp\Handler\CurlMultiHandler->processMessages()
#4 E:\xampp73\htdocs\filecroco\loader\vendor\guzzlehttp\guzzle\src\Handler\CurlMultiHandler.php(125): GuzzleHttp\Handler\CurlMultiHandler->tick()
#5 E:\xampp73\htdocs\filecroco\loader\vendor\guzzlehttp\promises\src\Promise.php(246): GuzzleHttp\Handler\CurlMultiHandler->execute(true)
#6 E:\xampp73\htdocs\filecroco\loader\vendor\guzzlehttp\promises\src\Promise.php(223): GuzzleHttp\Promise\Promise->invokeWaitFn()
#7 E:\xampp73\htdocs\filecroco\loader\vendor\guzzlehttp\promises\src\Promise.php(267): GuzzleHttp\Promise\Promise->waitIfPending()
#8 E:\xampp73\htdocs\filecroco\loader\vendor\guzzlehttp\promises\src\Promise.php(225): GuzzleHttp\Promise\Promise->invokeWaitList()
#9 E:\xampp73\htdocs\filecroco\loader\vendor\guzzlehttp\promises\src\Promise.php(62): GuzzleHttp\Promise\Promise->waitIfPending()
#10 E:\xampp73\htdocs\filecroco\loader\vendor\guzzlehttp\promises\src\EachPromise.php(101): GuzzleHttp\Promise\Promise->wait()
#11 E:\xampp73\htdocs\filecroco\loader\vendor\guzzlehttp\promises\src\Promise.php(246): GuzzleHttp\Promise\EachPromise->GuzzleHttp\Promise\{closure}(true)
#12 E:\xampp73\htdocs\filecroco\loader\vendor\guzzlehttp\promises\src\Promise.php(223): GuzzleHttp\Promise\Promise->invokeWaitFn()
#13 E:\xampp73\htdocs\filecroco\loader\vendor\guzzlehttp\promises\src\Promise.php(62): GuzzleHttp\Promise\Promise->waitIfPending()
#14 E:\xampp73\htdocs\filecroco\loader\updatedownloadlink.php(95): GuzzleHttp\Promise\Promise->wait()
#15 {main}|305GuzzleHttp\Exception\RequestException: cURL error 56:  (see http://curl.haxx.se/libcurl/c/libcurl-errors.html) in E:\xampp73\htdocs\filecroco\loader\vendor\guzzlehttp\guzzle\src\Handler\CurlFactory.php:186
Stack trace:
#0 E:\xampp73\htdocs\filecroco\loader\vendor\guzzlehttp\guzzle\src\Handler\CurlFactory.php(149): GuzzleHttp\Handler\CurlFactory::createRejection(Object(GuzzleHttp\Handler\EasyHandle), Array)
#1 E:\xampp73\htdocs\filecroco\loader\vendor\guzzlehttp\guzzle\src\Handler\CurlFactory.php(102): GuzzleHttp\Handler\CurlFactory::finishError(Object(GuzzleHttp\Handler\CurlMultiHandler), Object(GuzzleHttp\Handler\EasyHandle), Object(GuzzleHttp\Handler\CurlFactory))
#2 E:\xampp73\htdocs\filecroco\loader\vendor\guzzlehttp\guzzle\src\Handler\CurlMultiHandler.php(181): GuzzleHttp\Handler\CurlFactory::finish(Object(GuzzleHttp\Handler\CurlMultiHandler), Object(GuzzleHttp\Handler\EasyHandle), Object(GuzzleHttp\Handler\CurlFactory))
#3 E:\xampp73\htdocs\filecroco\loader\vendor\guzzlehttp\guzzle\src\Handler\CurlMultiHandler.php(110): GuzzleHttp\Handler\CurlMultiHandler->processMessages()
#4 E:\xampp73\htdocs\filecroco\loader\vendor\guzzlehttp\guzzle\src\Handler\CurlMultiHandler.php(125): GuzzleHttp\Handler\CurlMultiHandler->tick()
#5 E:\xampp73\htdocs\filecroco\loader\vendor\guzzlehttp\promises\src\Promise.php(246): GuzzleHttp\Handler\CurlMultiHandler->execute(true)
#6 E:\xampp73\htdocs\filecroco\loader\vendor\guzzlehttp\promises\src\Promise.php(223): GuzzleHttp\Promise\Promise->invokeWaitFn()
#7 E:\xampp73\htdocs\filecroco\loader\vendor\guzzlehttp\promises\src\Promise.php(267): GuzzleHttp\Promise\Promise->waitIfPending()
#8 E:\xampp73\htdocs\filecroco\loader\vendor\guzzlehttp\promises\src\Promise.php(225): GuzzleHttp\Promise\Promise->invokeWaitList()
#9 E:\xampp73\htdocs\filecroco\loader\vendor\guzzlehttp\promises\src\Promise.php(62): GuzzleHttp\Promise\Promise->waitIfPending()
#10 E:\xampp73\htdocs\filecroco\loader\vendor\guzzlehttp\promises\src\EachPromise.php(101): GuzzleHttp\Promise\Promise->wait()
#11 E:\xampp73\htdocs\filecroco\loader\vendor\guzzlehttp\promises\src\Promise.php(246): GuzzleHttp\Promise\EachPromise->GuzzleHttp\Promise\{closure}(true)
#12 E:\xampp73\htdocs\filecroco\loader\vendor\guzzlehttp\promises\src\Promise.php(223): GuzzleHttp\Promise\Promise->invokeWaitFn()
#13 E:\xampp73\htdocs\filecroco\loader\vendor\guzzlehttp\promises\src\Promise.php(62): GuzzleHttp\Promise\Promise->waitIfPending()
#14 E:\xampp73\htdocs\filecroco\loader\updatedownloadlink.php(95): GuzzleHttp\Promise\Promise->wait()
#15 {main}|306GuzzleHttp\Exception\RequestException: cURL error 56:  (see http://curl.haxx.se/libcurl/c/libcurl-errors.html) in E:\xampp73\htdocs\filecroco\loader\vendor\guzzlehttp\guzzle\src\Handler\CurlFactory.php:186
Stack trace:
#0 E:\xampp73\htdocs\filecroco\loader\vendor\guzzlehttp\guzzle\src\Handler\CurlFactory.php(149): GuzzleHttp\Handler\CurlFactory::createRejection(Object(GuzzleHttp\Handler\EasyHandle), Array)
#1 E:\xampp73\htdocs\filecroco\loader\vendor\guzzlehttp\guzzle\src\Handler\CurlFactory.php(102): GuzzleHttp\Handler\CurlFactory::finishError(Object(GuzzleHttp\Handler\CurlMultiHandler), Object(GuzzleHttp\Handler\EasyHandle), Object(GuzzleHttp\Handler\CurlFactory))
#2 E:\xampp73\htdocs\filecroco\loader\vendor\guzzlehttp\guzzle\src\Handler\CurlMultiHandler.php(181): GuzzleHttp\Handler\CurlFactory::finish(Object(GuzzleHttp\Handler\CurlMultiHandler), Object(GuzzleHttp\Handler\EasyHandle), Object(GuzzleHttp\Handler\CurlFactory))
#3 E:\xampp73\htdocs\filecroco\loader\vendor\guzzlehttp\guzzle\src\Handler\CurlMultiHandler.php(110): GuzzleHttp\Handler\CurlMultiHandler->processMessages()
#4 E:\xampp73\htdocs\filecroco\loader\vendor\guzzlehttp\guzzle\src\Handler\CurlMultiHandler.php(125): GuzzleHttp\Handler\CurlMultiHandler->tick()
#5 E:\xampp73\htdocs\filecroco\loader\vendor\guzzlehttp\promises\src\Promise.php(246): GuzzleHttp\Handler\CurlMultiHandler->execute(true)
#6 E:\xampp73\htdocs\filecroco\loader\vendor\guzzlehttp\promises\src\Promise.php(223): GuzzleHttp\Promise\Promise->invokeWaitFn()
#7 E:\xampp73\htdocs\filecroco\loader\vendor\guzzlehttp\promises\src\Promise.php(267): GuzzleHttp\Promise\Promise->waitIfPending()
#8 E:\xampp73\htdocs\filecroco\loader\vendor\guzzlehttp\promises\src\Promise.php(225): GuzzleHttp\Promise\Promise->invokeWaitList()
#9 E:\xampp73\htdocs\filecroco\loader\vendor\guzzlehttp\promises\src\Promise.php(62): GuzzleHttp\Promise\Promise->waitIfPending()
#10 E:\xampp73\htdocs\filecroco\loader\vendor\guzzlehttp\promises\src\EachPromise.php(101): GuzzleHttp\Promise\Promise->wait()
#11 E:\xampp73\htdocs\filecroco\loader\vendor\guzzlehttp\promises\src\Promise.php(246): GuzzleHttp\Promise\EachPromise->GuzzleHttp\Promise\{closure}(true)
#12 E:\xampp73\htdocs\filecroco\loader\vendor\guzzlehttp\promises\src\Promise.php(223): GuzzleHttp\Promise\Promise->invokeWaitFn()
#13 E:\xampp73\htdocs\filecroco\loader\vendor\guzzlehttp\promises\src\Promise.php(62): GuzzleHttp\Promise\Promise->waitIfPending()
#14 E:\xampp73\htdocs\filecroco\loader\updatedownloadlink.php(95): GuzzleHttp\Promise\Promise->wait()
#15 {main}|307GuzzleHttp\Exception\RequestException: cURL error 56:  (see http://curl.haxx.se/libcurl/c/libcurl-errors.html) in E:\xampp73\htdocs\filecroco\loader\vendor\guzzlehttp\guzzle\src\Handler\CurlFactory.php:186
Stack trace:
#0 E:\xampp73\htdocs\filecroco\loader\vendor\guzzlehttp\guzzle\src\Handler\CurlFactory.php(149): GuzzleHttp\Handler\CurlFactory::createRejection(Object(GuzzleHttp\Handler\EasyHandle), Array)
#1 E:\xampp73\htdocs\filecroco\loader\vendor\guzzlehttp\guzzle\src\Handler\CurlFactory.php(102): GuzzleHttp\Handler\CurlFactory::finishError(Object(GuzzleHttp\Handler\CurlMultiHandler), Object(GuzzleHttp\Handler\EasyHandle), Object(GuzzleHttp\Handler\CurlFactory))
#2 E:\xampp73\htdocs\filecroco\loader\vendor\guzzlehttp\guzzle\src\Handler\CurlMultiHandler.php(181): GuzzleHttp\Handler\CurlFactory::finish(Object(GuzzleHttp\Handler\CurlMultiHandler), Object(GuzzleHttp\Handler\EasyHandle), Object(GuzzleHttp\Handler\CurlFactory))
#3 E:\xampp73\htdocs\filecroco\loader\vendor\guzzlehttp\guzzle\src\Handler\CurlMultiHandler.php(110): GuzzleHttp\Handler\CurlMultiHandler->processMessages()
#4 E:\xampp73\htdocs\filecroco\loader\vendor\guzzlehttp\guzzle\src\Handler\CurlMultiHandler.php(125): GuzzleHttp\Handler\CurlMultiHandler->tick()
#5 E:\xampp73\htdocs\filecroco\loader\vendor\guzzlehttp\promises\src\Promise.php(246): GuzzleHttp\Handler\CurlMultiHandler->execute(true)
#6 E:\xampp73\htdocs\filecroco\loader\vendor\guzzlehttp\promises\src\Promise.php(223): GuzzleHttp\Promise\Promise->invokeWaitFn()
#7 E:\xampp73\htdocs\filecroco\loader\vendor\guzzlehttp\promises\src\Promise.php(267): GuzzleHttp\Promise\Promise->waitIfPending()
#8 E:\xampp73\htdocs\filecroco\loader\vendor\guzzlehttp\promises\src\Promise.php(225): GuzzleHttp\Promise\Promise->invokeWaitList()
#9 E:\xampp73\htdocs\filecroco\loader\vendor\guzzlehttp\promises\src\Promise.php(62): GuzzleHttp\Promise\Promise->waitIfPending()
#10 E:\xampp73\htdocs\filecroco\loader\vendor\guzzlehttp\promises\src\EachPromise.php(101): GuzzleHttp\Promise\Promise->wait()
#11 E:\xampp73\htdocs\filecroco\loader\vendor\guzzlehttp\promises\src\Promise.php(246): GuzzleHttp\Promise\EachPromise->GuzzleHttp\Promise\{closure}(true)
#12 E:\xampp73\htdocs\filecroco\loader\vendor\guzzlehttp\promises\src\Promise.php(223): GuzzleHttp\Promise\Promise->invokeWaitFn()
#13 E:\xampp73\htdocs\filecroco\loader\vendor\guzzlehttp\promises\src\Promise.php(62): GuzzleHttp\Promise\Promise->waitIfPending()
#14 E:\xampp73\htdocs\filecroco\loader\updatedownloadlink.php(95): GuzzleHttp\Promise\Promise->wait()
#15 {main}|308GuzzleHttp\Exception\RequestException: cURL error 56:  (see http://curl.haxx.se/libcurl/c/libcurl-errors.html) in E:\xampp73\htdocs\filecroco\loader\vendor\guzzlehttp\guzzle\src\Handler\CurlFactory.php:186
Stack trace:
#0 E:\xampp73\htdocs\filecroco\loader\vendor\guzzlehttp\guzzle\src\Handler\CurlFactory.php(149): GuzzleHttp\Handler\CurlFactory::createRejection(Object(GuzzleHttp\Handler\EasyHandle), Array)
#1 E:\xampp73\htdocs\filecroco\loader\vendor\guzzlehttp\guzzle\src\Handler\CurlFactory.php(102): GuzzleHttp\Handler\CurlFactory::finishError(Object(GuzzleHttp\Handler\CurlMultiHandler), Object(GuzzleHttp\Handler\EasyHandle), Object(GuzzleHttp\Handler\CurlFactory))
#2 E:\xampp73\htdocs\filecroco\loader\vendor\guzzlehttp\guzzle\src\Handler\CurlMultiHandler.php(181): GuzzleHttp\Handler\CurlFactory::finish(Object(GuzzleHttp\Handler\CurlMultiHandler), Object(GuzzleHttp\Handler\EasyHandle), Object(GuzzleHttp\Handler\CurlFactory))
#3 E:\xampp73\htdocs\filecroco\loader\vendor\guzzlehttp\guzzle\src\Handler\CurlMultiHandler.php(110): GuzzleHttp\Handler\CurlMultiHandler->processMessages()
#4 E:\xampp73\htdocs\filecroco\loader\vendor\guzzlehttp\guzzle\src\Handler\CurlMultiHandler.php(125): GuzzleHttp\Handler\CurlMultiHandler->tick()
#5 E:\xampp73\htdocs\filecroco\loader\vendor\guzzlehttp\promises\src\Promise.php(246): GuzzleHttp\Handler\CurlMultiHandler->execute(true)
#6 E:\xampp73\htdocs\filecroco\loader\vendor\guzzlehttp\promises\src\Promise.php(223): GuzzleHttp\Promise\Promise->invokeWaitFn()
#7 E:\xampp73\htdocs\filecroco\loader\vendor\guzzlehttp\promises\src\Promise.php(267): GuzzleHttp\Promise\Promise->waitIfPending()
#8 E:\xampp73\htdocs\filecroco\loader\vendor\guzzlehttp\promises\src\Promise.php(225): GuzzleHttp\Promise\Promise->invokeWaitList()
#9 E:\xampp73\htdocs\filecroco\loader\vendor\guzzlehttp\promises\src\Promise.php(62): GuzzleHttp\Promise\Promise->waitIfPending()
#10 E:\xampp73\htdocs\filecroco\loader\vendor\guzzlehttp\promises\src\EachPromise.php(101): GuzzleHttp\Promise\Promise->wait()
#11 E:\xampp73\htdocs\filecroco\loader\vendor\guzzlehttp\promises\src\Promise.php(246): GuzzleHttp\Promise\EachPromise->GuzzleHttp\Promise\{closure}(true)
#12 E:\xampp73\htdocs\filecroco\loader\vendor\guzzlehttp\promises\src\Promise.php(223): GuzzleHttp\Promise\Promise->invokeWaitFn()
#13 E:\xampp73\htdocs\filecroco\loader\vendor\guzzlehttp\promises\src\Promise.php(62): GuzzleHttp\Promise\Promise->waitIfPending()
#14 E:\xampp73\htdocs\filecroco\loader\updatedownloadlink.php(95): GuzzleHttp\Promise\Promise->wait()
#15 {main}|309GuzzleHttp\Exception\RequestException: cURL error 56:  (see http://curl.haxx.se/libcurl/c/libcurl-errors.html) in E:\xampp73\htdocs\filecroco\loader\vendor\guzzlehttp\guzzle\src\Handler\CurlFactory.php:186
Stack trace:
#0 E:\xampp73\htdocs\filecroco\loader\vendor\guzzlehttp\guzzle\src\Handler\CurlFactory.php(149): GuzzleHttp\Handler\CurlFactory::createRejection(Object(GuzzleHttp\Handler\EasyHandle), Array)
#1 E:\xampp73\htdocs\filecroco\loader\vendor\guzzlehttp\guzzle\src\Handler\CurlFactory.php(102): GuzzleHttp\Handler\CurlFactory::finishError(Object(GuzzleHttp\Handler\CurlMultiHandler), Object(GuzzleHttp\Handler\EasyHandle), Object(GuzzleHttp\Handler\CurlFactory))
#2 E:\xampp73\htdocs\filecroco\loader\vendor\guzzlehttp\guzzle\src\Handler\CurlMultiHandler.php(181): GuzzleHttp\Handler\CurlFactory::finish(Object(GuzzleHttp\Handler\CurlMultiHandler), Object(GuzzleHttp\Handler\EasyHandle), Object(GuzzleHttp\Handler\CurlFactory))
#3 E:\xampp73\htdocs\filecroco\loader\vendor\guzzlehttp\guzzle\src\Handler\CurlMultiHandler.php(110): GuzzleHttp\Handler\CurlMultiHandler->processMessages()
#4 E:\xampp73\htdocs\filecroco\loader\vendor\guzzlehttp\guzzle\src\Handler\CurlMultiHandler.php(125): GuzzleHttp\Handler\CurlMultiHandler->tick()
#5 E:\xampp73\htdocs\filecroco\loader\vendor\guzzlehttp\promises\src\Promise.php(246): GuzzleHttp\Handler\CurlMultiHandler->execute(true)
#6 E:\xampp73\htdocs\filecroco\loader\vendor\guzzlehttp\promises\src\Promise.php(223): GuzzleHttp\Promise\Promise->invokeWaitFn()
#7 E:\xampp73\htdocs\filecroco\loader\vendor\guzzlehttp\promises\src\Promise.php(267): GuzzleHttp\Promise\Promise->waitIfPending()
#8 E:\xampp73\htdocs\filecroco\loader\vendor\guzzlehttp\promises\src\Promise.php(225): GuzzleHttp\Promise\Promise->invokeWaitList()
#9 E:\xampp73\htdocs\filecroco\loader\vendor\guzzlehttp\promises\src\Promise.php(62): GuzzleHttp\Promise\Promise->waitIfPending()
#10 E:\xampp73\htdocs\filecroco\loader\vendor\guzzlehttp\promises\src\EachPromise.php(101): GuzzleHttp\Promise\Promise->wait()
#11 E:\xampp73\htdocs\filecroco\loader\vendor\guzzlehttp\promises\src\Promise.php(246): GuzzleHttp\Promise\EachPromise->GuzzleHttp\Promise\{closure}(true)
#12 E:\xampp73\htdocs\filecroco\loader\vendor\guzzlehttp\promises\src\Promise.php(223): GuzzleHttp\Promise\Promise->invokeWaitFn()
#13 E:\xampp73\htdocs\filecroco\loader\vendor\guzzlehttp\promises\src\Promise.php(62): GuzzleHttp\Promise\Promise->waitIfPending()
#14 E:\xampp73\htdocs\filecroco\loader\updatedownloadlink.php(95): GuzzleHttp\Promise\Promise->wait()
#15 {main}|310GuzzleHttp\Exception\RequestException: cURL error 56:  (see http://curl.haxx.se/libcurl/c/libcurl-errors.html) in E:\xampp73\htdocs\filecroco\loader\vendor\guzzlehttp\guzzle\src\Handler\CurlFactory.php:186
Stack trace:
#0 E:\xampp73\htdocs\filecroco\loader\vendor\guzzlehttp\guzzle\src\Handler\CurlFactory.php(149): GuzzleHttp\Handler\CurlFactory::createRejection(Object(GuzzleHttp\Handler\EasyHandle), Array)
#1 E:\xampp73\htdocs\filecroco\loader\vendor\guzzlehttp\guzzle\src\Handler\CurlFactory.php(102): GuzzleHttp\Handler\CurlFactory::finishError(Object(GuzzleHttp\Handler\CurlMultiHandler), Object(GuzzleHttp\Handler\EasyHandle), Object(GuzzleHttp\Handler\CurlFactory))
#2 E:\xampp73\htdocs\filecroco\loader\vendor\guzzlehttp\guzzle\src\Handler\CurlMultiHandler.php(181): GuzzleHttp\Handler\CurlFactory::finish(Object(GuzzleHttp\Handler\CurlMultiHandler), Object(GuzzleHttp\Handler\EasyHandle), Object(GuzzleHttp\Handler\CurlFactory))
#3 E:\xampp73\htdocs\filecroco\loader\vendor\guzzlehttp\guzzle\src\Handler\CurlMultiHandler.php(110): GuzzleHttp\Handler\CurlMultiHandler->processMessages()
#4 E:\xampp73\htdocs\filecroco\loader\vendor\guzzlehttp\guzzle\src\Handler\CurlMultiHandler.php(125): GuzzleHttp\Handler\CurlMultiHandler->tick()
#5 E:\xampp73\htdocs\filecroco\loader\vendor\guzzlehttp\promises\src\Promise.php(246): GuzzleHttp\Handler\CurlMultiHandler->execute(true)
#6 E:\xampp73\htdocs\filecroco\loader\vendor\guzzlehttp\promises\src\Promise.php(223): GuzzleHttp\Promise\Promise->invokeWaitFn()
#7 E:\xampp73\htdocs\filecroco\loader\vendor\guzzlehttp\promises\src\Promise.php(267): GuzzleHttp\Promise\Promise->waitIfPending()
#8 E:\xampp73\htdocs\filecroco\loader\vendor\guzzlehttp\promises\src\Promise.php(225): GuzzleHttp\Promise\Promise->invokeWaitList()
#9 E:\xampp73\htdocs\filecroco\loader\vendor\guzzlehttp\promises\src\Promise.php(62): GuzzleHttp\Promise\Promise->waitIfPending()
#10 E:\xampp73\htdocs\filecroco\loader\vendor\guzzlehttp\promises\src\EachPromise.php(101): GuzzleHttp\Promise\Promise->wait()
#11 E:\xampp73\htdocs\filecroco\loader\vendor\guzzlehttp\promises\src\Promise.php(246): GuzzleHttp\Promise\EachPromise->GuzzleHttp\Promise\{closure}(true)
#12 E:\xampp73\htdocs\filecroco\loader\vendor\guzzlehttp\promises\src\Promise.php(223): GuzzleHttp\Promise\Promise->invokeWaitFn()
#13 E:\xampp73\htdocs\filecroco\loader\vendor\guzzlehttp\promises\src\Promise.php(62): GuzzleHttp\Promise\Promise->waitIfPending()
#14 E:\xampp73\htdocs\filecroco\loader\updatedownloadlink.php(95): GuzzleHttp\Promise\Promise->wait()
#15 {main}|311GuzzleHttp\Exception\RequestException: cURL error 56:  (see http://curl.haxx.se/libcurl/c/libcurl-errors.html) in E:\xampp73\htdocs\filecroco\loader\vendor\guzzlehttp\guzzle\src\Handler\CurlFactory.php:186
Stack trace:
#0 E:\xampp73\htdocs\filecroco\loader\vendor\guzzlehttp\guzzle\src\Handler\CurlFactory.php(149): GuzzleHttp\Handler\CurlFactory::createRejection(Object(GuzzleHttp\Handler\EasyHandle), Array)
#1 E:\xampp73\htdocs\filecroco\loader\vendor\guzzlehttp\guzzle\src\Handler\CurlFactory.php(102): GuzzleHttp\Handler\CurlFactory::finishError(Object(GuzzleHttp\Handler\CurlMultiHandler), Object(GuzzleHttp\Handler\EasyHandle), Object(GuzzleHttp\Handler\CurlFactory))
#2 E:\xampp73\htdocs\filecroco\loader\vendor\guzzlehttp\guzzle\src\Handler\CurlMultiHandler.php(181): GuzzleHttp\Handler\CurlFactory::finish(Object(GuzzleHttp\Handler\CurlMultiHandler), Object(GuzzleHttp\Handler\EasyHandle), Object(GuzzleHttp\Handler\CurlFactory))
#3 E:\xampp73\htdocs\filecroco\loader\vendor\guzzlehttp\guzzle\src\Handler\CurlMultiHandler.php(110): GuzzleHttp\Handler\CurlMultiHandler->processMessages()
#4 E:\xampp73\htdocs\filecroco\loader\vendor\guzzlehttp\guzzle\src\Handler\CurlMultiHandler.php(125): GuzzleHttp\Handler\CurlMultiHandler->tick()
#5 E:\xampp73\htdocs\filecroco\loader\vendor\guzzlehttp\promises\src\Promise.php(246): GuzzleHttp\Handler\CurlMultiHandler->execute(true)
#6 E:\xampp73\htdocs\filecroco\loader\vendor\guzzlehttp\promises\src\Promise.php(223): GuzzleHttp\Promise\Promise->invokeWaitFn()
#7 E:\xampp73\htdocs\filecroco\loader\vendor\guzzlehttp\promises\src\Promise.php(267): GuzzleHttp\Promise\Promise->waitIfPending()
#8 E:\xampp73\htdocs\filecroco\loader\vendor\guzzlehttp\promises\src\Promise.php(225): GuzzleHttp\Promise\Promise->invokeWaitList()
#9 E:\xampp73\htdocs\filecroco\loader\vendor\guzzlehttp\promises\src\Promise.php(62): GuzzleHttp\Promise\Promise->waitIfPending()
#10 E:\xampp73\htdocs\filecroco\loader\vendor\guzzlehttp\promises\src\EachPromise.php(101): GuzzleHttp\Promise\Promise->wait()
#11 E:\xampp73\htdocs\filecroco\loader\vendor\guzzlehttp\promises\src\Promise.php(246): GuzzleHttp\Promise\EachPromise->GuzzleHttp\Promise\{closure}(true)
#12 E:\xampp73\htdocs\filecroco\loader\vendor\guzzlehttp\promises\src\Promise.php(223): GuzzleHttp\Promise\Promise->invokeWaitFn()
#13 E:\xampp73\htdocs\filecroco\loader\vendor\guzzlehttp\promises\src\Promise.php(62): GuzzleHttp\Promise\Promise->waitIfPending()
#14 E:\xampp73\htdocs\filecroco\loader\updatedownloadlink.php(95): GuzzleHttp\Promise\Promise->wait()
#15 {main}|312GuzzleHttp\Exception\RequestException: cURL error 56:  (see http://curl.haxx.se/libcurl/c/libcurl-errors.html) in E:\xampp73\htdocs\filecroco\loader\vendor\guzzlehttp\guzzle\src\Handler\CurlFactory.php:186
Stack trace:
#0 E:\xampp73\htdocs\filecroco\loader\vendor\guzzlehttp\guzzle\src\Handler\CurlFactory.php(149): GuzzleHttp\Handler\CurlFactory::createRejection(Object(GuzzleHttp\Handler\EasyHandle), Array)
#1 E:\xampp73\htdocs\filecroco\loader\vendor\guzzlehttp\guzzle\src\Handler\CurlFactory.php(102): GuzzleHttp\Handler\CurlFactory::finishError(Object(GuzzleHttp\Handler\CurlMultiHandler), Object(GuzzleHttp\Handler\EasyHandle), Object(GuzzleHttp\Handler\CurlFactory))
#2 E:\xampp73\htdocs\filecroco\loader\vendor\guzzlehttp\guzzle\src\Handler\CurlMultiHandler.php(181): GuzzleHttp\Handler\CurlFactory::finish(Object(GuzzleHttp\Handler\CurlMultiHandler), Object(GuzzleHttp\Handler\EasyHandle), Object(GuzzleHttp\Handler\CurlFactory))
#3 E:\xampp73\htdocs\filecroco\loader\vendor\guzzlehttp\guzzle\src\Handler\CurlMultiHandler.php(110): GuzzleHttp\Handler\CurlMultiHandler->processMessages()
#4 E:\xampp73\htdocs\filecroco\loader\vendor\guzzlehttp\guzzle\src\Handler\CurlMultiHandler.php(125): GuzzleHttp\Handler\CurlMultiHandler->tick()
#5 E:\xampp73\htdocs\filecroco\loader\vendor\guzzlehttp\promises\src\Promise.php(246): GuzzleHttp\Handler\CurlMultiHandler->execute(true)
#6 E:\xampp73\htdocs\filecroco\loader\vendor\guzzlehttp\promises\src\Promise.php(223): GuzzleHttp\Promise\Promise->invokeWaitFn()
#7 E:\xampp73\htdocs\filecroco\loader\vendor\guzzlehttp\promises\src\Promise.php(267): GuzzleHttp\Promise\Promise->waitIfPending()
#8 E:\xampp73\htdocs\filecroco\loader\vendor\guzzlehttp\promises\src\Promise.php(225): GuzzleHttp\Promise\Promise->invokeWaitList()
#9 E:\xampp73\htdocs\filecroco\loader\vendor\guzzlehttp\promises\src\Promise.php(62): GuzzleHttp\Promise\Promise->waitIfPending()
#10 E:\xampp73\htdocs\filecroco\loader\vendor\guzzlehttp\promises\src\EachPromise.php(101): GuzzleHttp\Promise\Promise->wait()
#11 E:\xampp73\htdocs\filecroco\loader\vendor\guzzlehttp\promises\src\Promise.php(246): GuzzleHttp\Promise\EachPromise->GuzzleHttp\Promise\{closure}(true)
#12 E:\xampp73\htdocs\filecroco\loader\vendor\guzzlehttp\promises\src\Promise.php(223): GuzzleHttp\Promise\Promise->invokeWaitFn()
#13 E:\xampp73\htdocs\filecroco\loader\vendor\guzzlehttp\promises\src\Promise.php(62): GuzzleHttp\Promise\Promise->waitIfPending()
#14 E:\xampp73\htdocs\filecroco\loader\updatedownloadlink.php(95): GuzzleHttp\Promise\Promise->wait()
#15 {main}|313GuzzleHttp\Exception\RequestException: cURL error 56:  (see http://curl.haxx.se/libcurl/c/libcurl-errors.html) in E:\xampp73\htdocs\filecroco\loader\vendor\guzzlehttp\guzzle\src\Handler\CurlFactory.php:186
Stack trace:
#0 E:\xampp73\htdocs\filecroco\loader\vendor\guzzlehttp\guzzle\src\Handler\CurlFactory.php(149): GuzzleHttp\Handler\CurlFactory::createRejection(Object(GuzzleHttp\Handler\EasyHandle), Array)
#1 E:\xampp73\htdocs\filecroco\loader\vendor\guzzlehttp\guzzle\src\Handler\CurlFactory.php(102): GuzzleHttp\Handler\CurlFactory::finishError(Object(GuzzleHttp\Handler\CurlMultiHandler), Object(GuzzleHttp\Handler\EasyHandle), Object(GuzzleHttp\Handler\CurlFactory))
#2 E:\xampp73\htdocs\filecroco\loader\vendor\guzzlehttp\guzzle\src\Handler\CurlMultiHandler.php(181): GuzzleHttp\Handler\CurlFactory::finish(Object(GuzzleHttp\Handler\CurlMultiHandler), Object(GuzzleHttp\Handler\EasyHandle), Object(GuzzleHttp\Handler\CurlFactory))
#3 E:\xampp73\htdocs\filecroco\loader\vendor\guzzlehttp\guzzle\src\Handler\CurlMultiHandler.php(110): GuzzleHttp\Handler\CurlMultiHandler->processMessages()
#4 E:\xampp73\htdocs\filecroco\loader\vendor\guzzlehttp\guzzle\src\Handler\CurlMultiHandler.php(125): GuzzleHttp\Handler\CurlMultiHandler->tick()
#5 E:\xampp73\htdocs\filecroco\loader\vendor\guzzlehttp\promises\src\Promise.php(246): GuzzleHttp\Handler\CurlMultiHandler->execute(true)
#6 E:\xampp73\htdocs\filecroco\loader\vendor\guzzlehttp\promises\src\Promise.php(223): GuzzleHttp\Promise\Promise->invokeWaitFn()
#7 E:\xampp73\htdocs\filecroco\loader\vendor\guzzlehttp\promises\src\Promise.php(267): GuzzleHttp\Promise\Promise->waitIfPending()
#8 E:\xampp73\htdocs\filecroco\loader\vendor\guzzlehttp\promises\src\Promise.php(225): GuzzleHttp\Promise\Promise->invokeWaitList()
#9 E:\xampp73\htdocs\filecroco\loader\vendor\guzzlehttp\promises\src\Promise.php(62): GuzzleHttp\Promise\Promise->waitIfPending()
#10 E:\xampp73\htdocs\filecroco\loader\vendor\guzzlehttp\promises\src\EachPromise.php(101): GuzzleHttp\Promise\Promise->wait()
#11 E:\xampp73\htdocs\filecroco\loader\vendor\guzzlehttp\promises\src\Promise.php(246): GuzzleHttp\Promise\EachPromise->GuzzleHttp\Promise\{closure}(true)
#12 E:\xampp73\htdocs\filecroco\loader\vendor\guzzlehttp\promises\src\Promise.php(223): GuzzleHttp\Promise\Promise->invokeWaitFn()
#13 E:\xampp73\htdocs\filecroco\loader\vendor\guzzlehttp\promises\src\Promise.php(62): GuzzleHttp\Promise\Promise->waitIfPending()
#14 E:\xampp73\htdocs\filecroco\loader\updatedownloadlink.php(95): GuzzleHttp\Promise\Promise->wait()
#15 {main}|314GuzzleHttp\Exception\RequestException: cURL error 56:  (see http://curl.haxx.se/libcurl/c/libcurl-errors.html) in E:\xampp73\htdocs\filecroco\loader\vendor\guzzlehttp\guzzle\src\Handler\CurlFactory.php:186
Stack trace:
#0 E:\xampp73\htdocs\filecroco\loader\vendor\guzzlehttp\guzzle\src\Handler\CurlFactory.php(149): GuzzleHttp\Handler\CurlFactory::createRejection(Object(GuzzleHttp\Handler\EasyHandle), Array)
#1 E:\xampp73\htdocs\filecroco\loader\vendor\guzzlehttp\guzzle\src\Handler\CurlFactory.php(102): GuzzleHttp\Handler\CurlFactory::finishError(Object(GuzzleHttp\Handler\CurlMultiHandler), Object(GuzzleHttp\Handler\EasyHandle), Object(GuzzleHttp\Handler\CurlFactory))
#2 E:\xampp73\htdocs\filecroco\loader\vendor\guzzlehttp\guzzle\src\Handler\CurlMultiHandler.php(181): GuzzleHttp\Handler\CurlFactory::finish(Object(GuzzleHttp\Handler\CurlMultiHandler), Object(GuzzleHttp\Handler\EasyHandle), Object(GuzzleHttp\Handler\CurlFactory))
#3 E:\xampp73\htdocs\filecroco\loader\vendor\guzzlehttp\guzzle\src\Handler\CurlMultiHandler.php(110): GuzzleHttp\Handler\CurlMultiHandler->processMessages()
#4 E:\xampp73\htdocs\filecroco\loader\vendor\guzzlehttp\guzzle\src\Handler\CurlMultiHandler.php(125): GuzzleHttp\Handler\CurlMultiHandler->tick()
#5 E:\xampp73\htdocs\filecroco\loader\vendor\guzzlehttp\promises\src\Promise.php(246): GuzzleHttp\Handler\CurlMultiHandler->execute(true)
#6 E:\xampp73\htdocs\filecroco\loader\vendor\guzzlehttp\promises\src\Promise.php(223): GuzzleHttp\Promise\Promise->invokeWaitFn()
#7 E:\xampp73\htdocs\filecroco\loader\vendor\guzzlehttp\promises\src\Promise.php(267): GuzzleHttp\Promise\Promise->waitIfPending()
#8 E:\xampp73\htdocs\filecroco\loader\vendor\guzzlehttp\promises\src\Promise.php(225): GuzzleHttp\Promise\Promise->invokeWaitList()
#9 E:\xampp73\htdocs\filecroco\loader\vendor\guzzlehttp\promises\src\Promise.php(62): GuzzleHttp\Promise\Promise->waitIfPending()
#10 E:\xampp73\htdocs\filecroco\loader\vendor\guzzlehttp\promises\src\EachPromise.php(101): GuzzleHttp\Promise\Promise->wait()
#11 E:\xampp73\htdocs\filecroco\loader\vendor\guzzlehttp\promises\src\Promise.php(246): GuzzleHttp\Promise\EachPromise->GuzzleHttp\Promise\{closure}(true)
#12 E:\xampp73\htdocs\filecroco\loader\vendor\guzzlehttp\promises\src\Promise.php(223): GuzzleHttp\Promise\Promise->invokeWaitFn()
#13 E:\xampp73\htdocs\filecroco\loader\vendor\guzzlehttp\promises\src\Promise.php(62): GuzzleHttp\Promise\Promise->waitIfPending()
#14 E:\xampp73\htdocs\filecroco\loader\updatedownloadlink.php(95): GuzzleHttp\Promise\Promise->wait()
#15 {main}|315GuzzleHttp\Exception\RequestException: cURL error 56:  (see http://curl.haxx.se/libcurl/c/libcurl-errors.html) in E:\xampp73\htdocs\filecroco\loader\vendor\guzzlehttp\guzzle\src\Handler\CurlFactory.php:186
Stack trace:
#0 E:\xampp73\htdocs\filecroco\loader\vendor\guzzlehttp\guzzle\src\Handler\CurlFactory.php(149): GuzzleHttp\Handler\CurlFactory::createRejection(Object(GuzzleHttp\Handler\EasyHandle), Array)
#1 E:\xampp73\htdocs\filecroco\loader\vendor\guzzlehttp\guzzle\src\Handler\CurlFactory.php(102): GuzzleHttp\Handler\CurlFactory::finishError(Object(GuzzleHttp\Handler\CurlMultiHandler), Object(GuzzleHttp\Handler\EasyHandle), Object(GuzzleHttp\Handler\CurlFactory))
#2 E:\xampp73\htdocs\filecroco\loader\vendor\guzzlehttp\guzzle\src\Handler\CurlMultiHandler.php(181): GuzzleHttp\Handler\CurlFactory::finish(Object(GuzzleHttp\Handler\CurlMultiHandler), Object(GuzzleHttp\Handler\EasyHandle), Object(GuzzleHttp\Handler\CurlFactory))
#3 E:\xampp73\htdocs\filecroco\loader\vendor\guzzlehttp\guzzle\src\Handler\CurlMultiHandler.php(110): GuzzleHttp\Handler\CurlMultiHandler->processMessages()
#4 E:\xampp73\htdocs\filecroco\loader\vendor\guzzlehttp\guzzle\src\Handler\CurlMultiHandler.php(125): GuzzleHttp\Handler\CurlMultiHandler->tick()
#5 E:\xampp73\htdocs\filecroco\loader\vendor\guzzlehttp\promises\src\Promise.php(246): GuzzleHttp\Handler\CurlMultiHandler->execute(true)
#6 E:\xampp73\htdocs\filecroco\loader\vendor\guzzlehttp\promises\src\Promise.php(223): GuzzleHttp\Promise\Promise->invokeWaitFn()
#7 E:\xampp73\htdocs\filecroco\loader\vendor\guzzlehttp\promises\src\Promise.php(267): GuzzleHttp\Promise\Promise->waitIfPending()
#8 E:\xampp73\htdocs\filecroco\loader\vendor\guzzlehttp\promises\src\Promise.php(225): GuzzleHttp\Promise\Promise->invokeWaitList()
#9 E:\xampp73\htdocs\filecroco\loader\vendor\guzzlehttp\promises\src\Promise.php(62): GuzzleHttp\Promise\Promise->waitIfPending()
#10 E:\xampp73\htdocs\filecroco\loader\vendor\guzzlehttp\promises\src\EachPromise.php(101): GuzzleHttp\Promise\Promise->wait()
#11 E:\xampp73\htdocs\filecroco\loader\vendor\guzzlehttp\promises\src\Promise.php(246): GuzzleHttp\Promise\EachPromise->GuzzleHttp\Promise\{closure}(true)
#12 E:\xampp73\htdocs\filecroco\loader\vendor\guzzlehttp\promises\src\Promise.php(223): GuzzleHttp\Promise\Promise->invokeWaitFn()
#13 E:\xampp73\htdocs\filecroco\loader\vendor\guzzlehttp\promises\src\Promise.php(62): GuzzleHttp\Promise\Promise->waitIfPending()
#14 E:\xampp73\htdocs\filecroco\loader\updatedownloadlink.php(95): GuzzleHttp\Promise\Promise->wait()
#15 {main}|316GuzzleHttp\Exception\RequestException: cURL error 56:  (see http://curl.haxx.se/libcurl/c/libcurl-errors.html) in E:\xampp73\htdocs\filecroco\loader\vendor\guzzlehttp\guzzle\src\Handler\CurlFactory.php:186
Stack trace:
#0 E:\xampp73\htdocs\filecroco\loader\vendor\guzzlehttp\guzzle\src\Handler\CurlFactory.php(149): GuzzleHttp\Handler\CurlFactory::createRejection(Object(GuzzleHttp\Handler\EasyHandle), Array)
#1 E:\xampp73\htdocs\filecroco\loader\vendor\guzzlehttp\guzzle\src\Handler\CurlFactory.php(102): GuzzleHttp\Handler\CurlFactory::finishError(Object(GuzzleHttp\Handler\CurlMultiHandler), Object(GuzzleHttp\Handler\EasyHandle), Object(GuzzleHttp\Handler\CurlFactory))
#2 E:\xampp73\htdocs\filecroco\loader\vendor\guzzlehttp\guzzle\src\Handler\CurlMultiHandler.php(181): GuzzleHttp\Handler\CurlFactory::finish(Object(GuzzleHttp\Handler\CurlMultiHandler), Object(GuzzleHttp\Handler\EasyHandle), Object(GuzzleHttp\Handler\CurlFactory))
#3 E:\xampp73\htdocs\filecroco\loader\vendor\guzzlehttp\guzzle\src\Handler\CurlMultiHandler.php(110): GuzzleHttp\Handler\CurlMultiHandler->processMessages()
#4 E:\xampp73\htdocs\filecroco\loader\vendor\guzzlehttp\guzzle\src\Handler\CurlMultiHandler.php(125): GuzzleHttp\Handler\CurlMultiHandler->tick()
#5 E:\xampp73\htdocs\filecroco\loader\vendor\guzzlehttp\promises\src\Promise.php(246): GuzzleHttp\Handler\CurlMultiHandler->execute(true)
#6 E:\xampp73\htdocs\filecroco\loader\vendor\guzzlehttp\promises\src\Promise.php(223): GuzzleHttp\Promise\Promise->invokeWaitFn()
#7 E:\xampp73\htdocs\filecroco\loader\vendor\guzzlehttp\promises\src\Promise.php(267): GuzzleHttp\Promise\Promise->waitIfPending()
#8 E:\xampp73\htdocs\filecroco\loader\vendor\guzzlehttp\promises\src\Promise.php(225): GuzzleHttp\Promise\Promise->invokeWaitList()
#9 E:\xampp73\htdocs\filecroco\loader\vendor\guzzlehttp\promises\src\Promise.php(62): GuzzleHttp\Promise\Promise->waitIfPending()
#10 E:\xampp73\htdocs\filecroco\loader\vendor\guzzlehttp\promises\src\EachPromise.php(101): GuzzleHttp\Promise\Promise->wait()
#11 E:\xampp73\htdocs\filecroco\loader\vendor\guzzlehttp\promises\src\Promise.php(246): GuzzleHttp\Promise\EachPromise->GuzzleHttp\Promise\{closure}(true)
#12 E:\xampp73\htdocs\filecroco\loader\vendor\guzzlehttp\promises\src\Promise.php(223): GuzzleHttp\Promise\Promise->invokeWaitFn()
#13 E:\xampp73\htdocs\filecroco\loader\vendor\guzzlehttp\promises\src\Promise.php(62): GuzzleHttp\Promise\Promise->waitIfPending()
#14 E:\xampp73\htdocs\filecroco\loader\updatedownloadlink.php(95): GuzzleHttp\Promise\Promise->wait()
#15 {main}|317GuzzleHttp\Exception\RequestException: cURL error 56:  (see http://curl.haxx.se/libcurl/c/libcurl-errors.html) in E:\xampp73\htdocs\filecroco\loader\vendor\guzzlehttp\guzzle\src\Handler\CurlFactory.php:186
Stack trace:
#0 E:\xampp73\htdocs\filecroco\loader\vendor\guzzlehttp\guzzle\src\Handler\CurlFactory.php(149): GuzzleHttp\Handler\CurlFactory::createRejection(Object(GuzzleHttp\Handler\EasyHandle), Array)
#1 E:\xampp73\htdocs\filecroco\loader\vendor\guzzlehttp\guzzle\src\Handler\CurlFactory.php(102): GuzzleHttp\Handler\CurlFactory::finishError(Object(GuzzleHttp\Handler\CurlMultiHandler), Object(GuzzleHttp\Handler\EasyHandle), Object(GuzzleHttp\Handler\CurlFactory))
#2 E:\xampp73\htdocs\filecroco\loader\vendor\guzzlehttp\guzzle\src\Handler\CurlMultiHandler.php(181): GuzzleHttp\Handler\CurlFactory::finish(Object(GuzzleHttp\Handler\CurlMultiHandler), Object(GuzzleHttp\Handler\EasyHandle), Object(GuzzleHttp\Handler\CurlFactory))
#3 E:\xampp73\htdocs\filecroco\loader\vendor\guzzlehttp\guzzle\src\Handler\CurlMultiHandler.php(110): GuzzleHttp\Handler\CurlMultiHandler->processMessages()
#4 E:\xampp73\htdocs\filecroco\loader\vendor\guzzlehttp\guzzle\src\Handler\CurlMultiHandler.php(125): GuzzleHttp\Handler\CurlMultiHandler->tick()
#5 E:\xampp73\htdocs\filecroco\loader\vendor\guzzlehttp\promises\src\Promise.php(246): GuzzleHttp\Handler\CurlMultiHandler->execute(true)
#6 E:\xampp73\htdocs\filecroco\loader\vendor\guzzlehttp\promises\src\Promise.php(223): GuzzleHttp\Promise\Promise->invokeWaitFn()
#7 E:\xampp73\htdocs\filecroco\loader\vendor\guzzlehttp\promises\src\Promise.php(267): GuzzleHttp\Promise\Promise->waitIfPending()
#8 E:\xampp73\htdocs\filecroco\loader\vendor\guzzlehttp\promises\src\Promise.php(225): GuzzleHttp\Promise\Promise->invokeWaitList()
#9 E:\xampp73\htdocs\filecroco\loader\vendor\guzzlehttp\promises\src\Promise.php(62): GuzzleHttp\Promise\Promise->waitIfPending()
#10 E:\xampp73\htdocs\filecroco\loader\vendor\guzzlehttp\promises\src\EachPromise.php(101): GuzzleHttp\Promise\Promise->wait()
#11 E:\xampp73\htdocs\filecroco\loader\vendor\guzzlehttp\promises\src\Promise.php(246): GuzzleHttp\Promise\EachPromise->GuzzleHttp\Promise\{closure}(true)
#12 E:\xampp73\htdocs\filecroco\loader\vendor\guzzlehttp\promises\src\Promise.php(223): GuzzleHttp\Promise\Promise->invokeWaitFn()
#13 E:\xampp73\htdocs\filecroco\loader\vendor\guzzlehttp\promises\src\Promise.php(62): GuzzleHttp\Promise\Promise->waitIfPending()
#14 E:\xampp73\htdocs\filecroco\loader\updatedownloadlink.php(95): GuzzleHttp\Promise\Promise->wait()
#15 {main}|318GuzzleHttp\Exception\RequestException: cURL error 56:  (see http://curl.haxx.se/libcurl/c/libcurl-errors.html) in E:\xampp73\htdocs\filecroco\loader\vendor\guzzlehttp\guzzle\src\Handler\CurlFactory.php:186
Stack trace:
#0 E:\xampp73\htdocs\filecroco\loader\vendor\guzzlehttp\guzzle\src\Handler\CurlFactory.php(149): GuzzleHttp\Handler\CurlFactory::createRejection(Object(GuzzleHttp\Handler\EasyHandle), Array)
#1 E:\xampp73\htdocs\filecroco\loader\vendor\guzzlehttp\guzzle\src\Handler\CurlFactory.php(102): GuzzleHttp\Handler\CurlFactory::finishError(Object(GuzzleHttp\Handler\CurlMultiHandler), Object(GuzzleHttp\Handler\EasyHandle), Object(GuzzleHttp\Handler\CurlFactory))
#2 E:\xampp73\htdocs\filecroco\loader\vendor\guzzlehttp\guzzle\src\Handler\CurlMultiHandler.php(181): GuzzleHttp\Handler\CurlFactory::finish(Object(GuzzleHttp\Handler\CurlMultiHandler), Object(GuzzleHttp\Handler\EasyHandle), Object(GuzzleHttp\Handler\CurlFactory))
#3 E:\xampp73\htdocs\filecroco\loader\vendor\guzzlehttp\guzzle\src\Handler\CurlMultiHandler.php(110): GuzzleHttp\Handler\CurlMultiHandler->processMessages()
#4 E:\xampp73\htdocs\filecroco\loader\vendor\guzzlehttp\guzzle\src\Handler\CurlMultiHandler.php(125): GuzzleHttp\Handler\CurlMultiHandler->tick()
#5 E:\xampp73\htdocs\filecroco\loader\vendor\guzzlehttp\promises\src\Promise.php(246): GuzzleHttp\Handler\CurlMultiHandler->execute(true)
#6 E:\xampp73\htdocs\filecroco\loader\vendor\guzzlehttp\promises\src\Promise.php(223): GuzzleHttp\Promise\Promise->invokeWaitFn()
#7 E:\xampp73\htdocs\filecroco\loader\vendor\guzzlehttp\promises\src\Promise.php(267): GuzzleHttp\Promise\Promise->waitIfPending()
#8 E:\xampp73\htdocs\filecroco\loader\vendor\guzzlehttp\promises\src\Promise.php(225): GuzzleHttp\Promise\Promise->invokeWaitList()
#9 E:\xampp73\htdocs\filecroco\loader\vendor\guzzlehttp\promises\src\Promise.php(62): GuzzleHttp\Promise\Promise->waitIfPending()
#10 E:\xampp73\htdocs\filecroco\loader\vendor\guzzlehttp\promises\src\EachPromise.php(101): GuzzleHttp\Promise\Promise->wait()
#11 E:\xampp73\htdocs\filecroco\loader\vendor\guzzlehttp\promises\src\Promise.php(246): GuzzleHttp\Promise\EachPromise->GuzzleHttp\Promise\{closure}(true)
#12 E:\xampp73\htdocs\filecroco\loader\vendor\guzzlehttp\promises\src\Promise.php(223): GuzzleHttp\Promise\Promise->invokeWaitFn()
#13 E:\xampp73\htdocs\filecroco\loader\vendor\guzzlehttp\promises\src\Promise.php(62): GuzzleHttp\Promise\Promise->waitIfPending()
#14 E:\xampp73\htdocs\filecroco\loader\updatedownloadlink.php(95): GuzzleHttp\Promise\Promise->wait()
#15 {main}|319GuzzleHttp\Exception\RequestException: cURL error 56:  (see http://curl.haxx.se/libcurl/c/libcurl-errors.html) in E:\xampp73\htdocs\filecroco\loader\vendor\guzzlehttp\guzzle\src\Handler\CurlFactory.php:186
Stack trace:
#0 E:\xampp73\htdocs\filecroco\loader\vendor\guzzlehttp\guzzle\src\Handler\CurlFactory.php(149): GuzzleHttp\Handler\CurlFactory::createRejection(Object(GuzzleHttp\Handler\EasyHandle), Array)
#1 E:\xampp73\htdocs\filecroco\loader\vendor\guzzlehttp\guzzle\src\Handler\CurlFactory.php(102): GuzzleHttp\Handler\CurlFactory::finishError(Object(GuzzleHttp\Handler\CurlMultiHandler), Object(GuzzleHttp\Handler\EasyHandle), Object(GuzzleHttp\Handler\CurlFactory))
#2 E:\xampp73\htdocs\filecroco\loader\vendor\guzzlehttp\guzzle\src\Handler\CurlMultiHandler.php(181): GuzzleHttp\Handler\CurlFactory::finish(Object(GuzzleHttp\Handler\CurlMultiHandler), Object(GuzzleHttp\Handler\EasyHandle), Object(GuzzleHttp\Handler\CurlFactory))
#3 E:\xampp73\htdocs\filecroco\loader\vendor\guzzlehttp\guzzle\src\Handler\CurlMultiHandler.php(110): GuzzleHttp\Handler\CurlMultiHandler->processMessages()
#4 E:\xampp73\htdocs\filecroco\loader\vendor\guzzlehttp\guzzle\src\Handler\CurlMultiHandler.php(125): GuzzleHttp\Handler\CurlMultiHandler->tick()
#5 E:\xampp73\htdocs\filecroco\loader\vendor\guzzlehttp\promises\src\Promise.php(246): GuzzleHttp\Handler\CurlMultiHandler->execute(true)
#6 E:\xampp73\htdocs\filecroco\loader\vendor\guzzlehttp\promises\src\Promise.php(223): GuzzleHttp\Promise\Promise->invokeWaitFn()
#7 E:\xampp73\htdocs\filecroco\loader\vendor\guzzlehttp\promises\src\Promise.php(267): GuzzleHttp\Promise\Promise->waitIfPending()
#8 E:\xampp73\htdocs\filecroco\loader\vendor\guzzlehttp\promises\src\Promise.php(225): GuzzleHttp\Promise\Promise->invokeWaitList()
#9 E:\xampp73\htdocs\filecroco\loader\vendor\guzzlehttp\promises\src\Promise.php(62): GuzzleHttp\Promise\Promise->waitIfPending()
#10 E:\xampp73\htdocs\filecroco\loader\vendor\guzzlehttp\promises\src\EachPromise.php(101): GuzzleHttp\Promise\Promise->wait()
#11 E:\xampp73\htdocs\filecroco\loader\vendor\guzzlehttp\promises\src\Promise.php(246): GuzzleHttp\Promise\EachPromise->GuzzleHttp\Promise\{closure}(true)
#12 E:\xampp73\htdocs\filecroco\loader\vendor\guzzlehttp\promises\src\Promise.php(223): GuzzleHttp\Promise\Promise->invokeWaitFn()
#13 E:\xampp73\htdocs\filecroco\loader\vendor\guzzlehttp\promises\src\Promise.php(62): GuzzleHttp\Promise\Promise->waitIfPending()
#14 E:\xampp73\htdocs\filecroco\loader\updatedownloadlink.php(95): GuzzleHttp\Promise\Promise->wait()
#15 {main}|320GuzzleHttp\Exception\RequestException: cURL error 56:  (see http://curl.haxx.se/libcurl/c/libcurl-errors.html) in E:\xampp73\htdocs\filecroco\loader\vendor\guzzlehttp\guzzle\src\Handler\CurlFactory.php:186
Stack trace:
#0 E:\xampp73\htdocs\filecroco\loader\vendor\guzzlehttp\guzzle\src\Handler\CurlFactory.php(149): GuzzleHttp\Handler\CurlFactory::createRejection(Object(GuzzleHttp\Handler\EasyHandle), Array)
#1 E:\xampp73\htdocs\filecroco\loader\vendor\guzzlehttp\guzzle\src\Handler\CurlFactory.php(102): GuzzleHttp\Handler\CurlFactory::finishError(Object(GuzzleHttp\Handler\CurlMultiHandler), Object(GuzzleHttp\Handler\EasyHandle), Object(GuzzleHttp\Handler\CurlFactory))
#2 E:\xampp73\htdocs\filecroco\loader\vendor\guzzlehttp\guzzle\src\Handler\CurlMultiHandler.php(181): GuzzleHttp\Handler\CurlFactory::finish(Object(GuzzleHttp\Handler\CurlMultiHandler), Object(GuzzleHttp\Handler\EasyHandle), Object(GuzzleHttp\Handler\CurlFactory))
#3 E:\xampp73\htdocs\filecroco\loader\vendor\guzzlehttp\guzzle\src\Handler\CurlMultiHandler.php(110): GuzzleHttp\Handler\CurlMultiHandler->processMessages()
#4 E:\xampp73\htdocs\filecroco\loader\vendor\guzzlehttp\guzzle\src\Handler\CurlMultiHandler.php(125): GuzzleHttp\Handler\CurlMultiHandler->tick()
#5 E:\xampp73\htdocs\filecroco\loader\vendor\guzzlehttp\promises\src\Promise.php(246): GuzzleHttp\Handler\CurlMultiHandler->execute(true)
#6 E:\xampp73\htdocs\filecroco\loader\vendor\guzzlehttp\promises\src\Promise.php(223): GuzzleHttp\Promise\Promise->invokeWaitFn()
#7 E:\xampp73\htdocs\filecroco\loader\vendor\guzzlehttp\promises\src\Promise.php(267): GuzzleHttp\Promise\Promise->waitIfPending()
#8 E:\xampp73\htdocs\filecroco\loader\vendor\guzzlehttp\promises\src\Promise.php(225): GuzzleHttp\Promise\Promise->invokeWaitList()
#9 E:\xampp73\htdocs\filecroco\loader\vendor\guzzlehttp\promises\src\Promise.php(62): GuzzleHttp\Promise\Promise->waitIfPending()
#10 E:\xampp73\htdocs\filecroco\loader\vendor\guzzlehttp\promises\src\EachPromise.php(101): GuzzleHttp\Promise\Promise->wait()
#11 E:\xampp73\htdocs\filecroco\loader\vendor\guzzlehttp\promises\src\Promise.php(246): GuzzleHttp\Promise\EachPromise->GuzzleHttp\Promise\{closure}(true)
#12 E:\xampp73\htdocs\filecroco\loader\vendor\guzzlehttp\promises\src\Promise.php(223): GuzzleHttp\Promise\Promise->invokeWaitFn()
#13 E:\xampp73\htdocs\filecroco\loader\vendor\guzzlehttp\promises\src\Promise.php(62): GuzzleHttp\Promise\Promise->waitIfPending()
#14 E:\xampp73\htdocs\filecroco\loader\updatedownloadlink.php(95): GuzzleHttp\Promise\Promise->wait()
#15 {main}|321GuzzleHttp\Exception\RequestException: cURL error 56:  (see http://curl.haxx.se/libcurl/c/libcurl-errors.html) in E:\xampp73\htdocs\filecroco\loader\vendor\guzzlehttp\guzzle\src\Handler\CurlFactory.php:186
Stack trace:
#0 E:\xampp73\htdocs\filecroco\loader\vendor\guzzlehttp\guzzle\src\Handler\CurlFactory.php(149): GuzzleHttp\Handler\CurlFactory::createRejection(Object(GuzzleHttp\Handler\EasyHandle), Array)
#1 E:\xampp73\htdocs\filecroco\loader\vendor\guzzlehttp\guzzle\src\Handler\CurlFactory.php(102): GuzzleHttp\Handler\CurlFactory::finishError(Object(GuzzleHttp\Handler\CurlMultiHandler), Object(GuzzleHttp\Handler\EasyHandle), Object(GuzzleHttp\Handler\CurlFactory))
#2 E:\xampp73\htdocs\filecroco\loader\vendor\guzzlehttp\guzzle\src\Handler\CurlMultiHandler.php(181): GuzzleHttp\Handler\CurlFactory::finish(Object(GuzzleHttp\Handler\CurlMultiHandler), Object(GuzzleHttp\Handler\EasyHandle), Object(GuzzleHttp\Handler\CurlFactory))
#3 E:\xampp73\htdocs\filecroco\loader\vendor\guzzlehttp\guzzle\src\Handler\CurlMultiHandler.php(110): GuzzleHttp\Handler\CurlMultiHandler->processMessages()
#4 E:\xampp73\htdocs\filecroco\loader\vendor\guzzlehttp\guzzle\src\Handler\CurlMultiHandler.php(125): GuzzleHttp\Handler\CurlMultiHandler->tick()
#5 E:\xampp73\htdocs\filecroco\loader\vendor\guzzlehttp\promises\src\Promise.php(246): GuzzleHttp\Handler\CurlMultiHandler->execute(true)
#6 E:\xampp73\htdocs\filecroco\loader\vendor\guzzlehttp\promises\src\Promise.php(223): GuzzleHttp\Promise\Promise->invokeWaitFn()
#7 E:\xampp73\htdocs\filecroco\loader\vendor\guzzlehttp\promises\src\Promise.php(267): GuzzleHttp\Promise\Promise->waitIfPending()
#8 E:\xampp73\htdocs\filecroco\loader\vendor\guzzlehttp\promises\src\Promise.php(225): GuzzleHttp\Promise\Promise->invokeWaitList()
#9 E:\xampp73\htdocs\filecroco\loader\vendor\guzzlehttp\promises\src\Promise.php(62): GuzzleHttp\Promise\Promise->waitIfPending()
#10 E:\xampp73\htdocs\filecroco\loader\vendor\guzzlehttp\promises\src\EachPromise.php(101): GuzzleHttp\Promise\Promise->wait()
#11 E:\xampp73\htdocs\filecroco\loader\vendor\guzzlehttp\promises\src\Promise.php(246): GuzzleHttp\Promise\EachPromise->GuzzleHttp\Promise\{closure}(true)
#12 E:\xampp73\htdocs\filecroco\loader\vendor\guzzlehttp\promises\src\Promise.php(223): GuzzleHttp\Promise\Promise->invokeWaitFn()
#13 E:\xampp73\htdocs\filecroco\loader\vendor\guzzlehttp\promises\src\Promise.php(62): GuzzleHttp\Promise\Promise->waitIfPending()
#14 E:\xampp73\htdocs\filecroco\loader\updatedownloadlink.php(95): GuzzleHttp\Promise\Promise->wait()
#15 {main}|322GuzzleHttp\Exception\RequestException: cURL error 56:  (see http://curl.haxx.se/libcurl/c/libcurl-errors.html) in E:\xampp73\htdocs\filecroco\loader\vendor\guzzlehttp\guzzle\src\Handler\CurlFactory.php:186
Stack trace:
#0 E:\xampp73\htdocs\filecroco\loader\vendor\guzzlehttp\guzzle\src\Handler\CurlFactory.php(149): GuzzleHttp\Handler\CurlFactory::createRejection(Object(GuzzleHttp\Handler\EasyHandle), Array)
#1 E:\xampp73\htdocs\filecroco\loader\vendor\guzzlehttp\guzzle\src\Handler\CurlFactory.php(102): GuzzleHttp\Handler\CurlFactory::finishError(Object(GuzzleHttp\Handler\CurlMultiHandler), Object(GuzzleHttp\Handler\EasyHandle), Object(GuzzleHttp\Handler\CurlFactory))
#2 E:\xampp73\htdocs\filecroco\loader\vendor\guzzlehttp\guzzle\src\Handler\CurlMultiHandler.php(181): GuzzleHttp\Handler\CurlFactory::finish(Object(GuzzleHttp\Handler\CurlMultiHandler), Object(GuzzleHttp\Handler\EasyHandle), Object(GuzzleHttp\Handler\CurlFactory))
#3 E:\xampp73\htdocs\filecroco\loader\vendor\guzzlehttp\guzzle\src\Handler\CurlMultiHandler.php(110): GuzzleHttp\Handler\CurlMultiHandler->processMessages()
#4 E:\xampp73\htdocs\filecroco\loader\vendor\guzzlehttp\guzzle\src\Handler\CurlMultiHandler.php(125): GuzzleHttp\Handler\CurlMultiHandler->tick()
#5 E:\xampp73\htdocs\filecroco\loader\vendor\guzzlehttp\promises\src\Promise.php(246): GuzzleHttp\Handler\CurlMultiHandler->execute(true)
#6 E:\xampp73\htdocs\filecroco\loader\vendor\guzzlehttp\promises\src\Promise.php(223): GuzzleHttp\Promise\Promise->invokeWaitFn()
#7 E:\xampp73\htdocs\filecroco\loader\vendor\guzzlehttp\promises\src\Promise.php(267): GuzzleHttp\Promise\Promise->waitIfPending()
#8 E:\xampp73\htdocs\filecroco\loader\vendor\guzzlehttp\promises\src\Promise.php(225): GuzzleHttp\Promise\Promise->invokeWaitList()
#9 E:\xampp73\htdocs\filecroco\loader\vendor\guzzlehttp\promises\src\Promise.php(62): GuzzleHttp\Promise\Promise->waitIfPending()
#10 E:\xampp73\htdocs\filecroco\loader\vendor\guzzlehttp\promises\src\EachPromise.php(101): GuzzleHttp\Promise\Promise->wait()
#11 E:\xampp73\htdocs\filecroco\loader\vendor\guzzlehttp\promises\src\Promise.php(246): GuzzleHttp\Promise\EachPromise->GuzzleHttp\Promise\{closure}(true)
#12 E:\xampp73\htdocs\filecroco\loader\vendor\guzzlehttp\promises\src\Promise.php(223): GuzzleHttp\Promise\Promise->invokeWaitFn()
#13 E:\xampp73\htdocs\filecroco\loader\vendor\guzzlehttp\promises\src\Promise.php(62): GuzzleHttp\Promise\Promise->waitIfPending()
#14 E:\xampp73\htdocs\filecroco\loader\updatedownloadlink.php(95): GuzzleHttp\Promise\Promise->wait()
#15 {main}|323GuzzleHttp\Exception\RequestException: cURL error 56:  (see http://curl.haxx.se/libcurl/c/libcurl-errors.html) in E:\xampp73\htdocs\filecroco\loader\vendor\guzzlehttp\guzzle\src\Handler\CurlFactory.php:186
Stack trace:
#0 E:\xampp73\htdocs\filecroco\loader\vendor\guzzlehttp\guzzle\src\Handler\CurlFactory.php(149): GuzzleHttp\Handler\CurlFactory::createRejection(Object(GuzzleHttp\Handler\EasyHandle), Array)
#1 E:\xampp73\htdocs\filecroco\loader\vendor\guzzlehttp\guzzle\src\Handler\CurlFactory.php(102): GuzzleHttp\Handler\CurlFactory::finishError(Object(GuzzleHttp\Handler\CurlMultiHandler), Object(GuzzleHttp\Handler\EasyHandle), Object(GuzzleHttp\Handler\CurlFactory))
#2 E:\xampp73\htdocs\filecroco\loader\vendor\guzzlehttp\guzzle\src\Handler\CurlMultiHandler.php(181): GuzzleHttp\Handler\CurlFactory::finish(Object(GuzzleHttp\Handler\CurlMultiHandler), Object(GuzzleHttp\Handler\EasyHandle), Object(GuzzleHttp\Handler\CurlFactory))
#3 E:\xampp73\htdocs\filecroco\loader\vendor\guzzlehttp\guzzle\src\Handler\CurlMultiHandler.php(110): GuzzleHttp\Handler\CurlMultiHandler->processMessages()
#4 E:\xampp73\htdocs\filecroco\loader\vendor\guzzlehttp\guzzle\src\Handler\CurlMultiHandler.php(125): GuzzleHttp\Handler\CurlMultiHandler->tick()
#5 E:\xampp73\htdocs\filecroco\loader\vendor\guzzlehttp\promises\src\Promise.php(246): GuzzleHttp\Handler\CurlMultiHandler->execute(true)
#6 E:\xampp73\htdocs\filecroco\loader\vendor\guzzlehttp\promises\src\Promise.php(223): GuzzleHttp\Promise\Promise->invokeWaitFn()
#7 E:\xampp73\htdocs\filecroco\loader\vendor\guzzlehttp\promises\src\Promise.php(267): GuzzleHttp\Promise\Promise->waitIfPending()
#8 E:\xampp73\htdocs\filecroco\loader\vendor\guzzlehttp\promises\src\Promise.php(225): GuzzleHttp\Promise\Promise->invokeWaitList()
#9 E:\xampp73\htdocs\filecroco\loader\vendor\guzzlehttp\promises\src\Promise.php(62): GuzzleHttp\Promise\Promise->waitIfPending()
#10 E:\xampp73\htdocs\filecroco\loader\vendor\guzzlehttp\promises\src\EachPromise.php(101): GuzzleHttp\Promise\Promise->wait()
#11 E:\xampp73\htdocs\filecroco\loader\vendor\guzzlehttp\promises\src\Promise.php(246): GuzzleHttp\Promise\EachPromise->GuzzleHttp\Promise\{closure}(true)
#12 E:\xampp73\htdocs\filecroco\loader\vendor\guzzlehttp\promises\src\Promise.php(223): GuzzleHttp\Promise\Promise->invokeWaitFn()
#13 E:\xampp73\htdocs\filecroco\loader\vendor\guzzlehttp\promises\src\Promise.php(62): GuzzleHttp\Promise\Promise->waitIfPending()
#14 E:\xampp73\htdocs\filecroco\loader\updatedownloadlink.php(95): GuzzleHttp\Promise\Promise->wait()
#15 {main}|324GuzzleHttp\Exception\RequestException: cURL error 56:  (see http://curl.haxx.se/libcurl/c/libcurl-errors.html) in E:\xampp73\htdocs\filecroco\loader\vendor\guzzlehttp\guzzle\src\Handler\CurlFactory.php:186
Stack trace:
#0 E:\xampp73\htdocs\filecroco\loader\vendor\guzzlehttp\guzzle\src\Handler\CurlFactory.php(149): GuzzleHttp\Handler\CurlFactory::createRejection(Object(GuzzleHttp\Handler\EasyHandle), Array)
#1 E:\xampp73\htdocs\filecroco\loader\vendor\guzzlehttp\guzzle\src\Handler\CurlFactory.php(102): GuzzleHttp\Handler\CurlFactory::finishError(Object(GuzzleHttp\Handler\CurlMultiHandler), Object(GuzzleHttp\Handler\EasyHandle), Object(GuzzleHttp\Handler\CurlFactory))
#2 E:\xampp73\htdocs\filecroco\loader\vendor\guzzlehttp\guzzle\src\Handler\CurlMultiHandler.php(181): GuzzleHttp\Handler\CurlFactory::finish(Object(GuzzleHttp\Handler\CurlMultiHandler), Object(GuzzleHttp\Handler\EasyHandle), Object(GuzzleHttp\Handler\CurlFactory))
#3 E:\xampp73\htdocs\filecroco\loader\vendor\guzzlehttp\guzzle\src\Handler\CurlMultiHandler.php(110): GuzzleHttp\Handler\CurlMultiHandler->processMessages()
#4 E:\xampp73\htdocs\filecroco\loader\vendor\guzzlehttp\guzzle\src\Handler\CurlMultiHandler.php(125): GuzzleHttp\Handler\CurlMultiHandler->tick()
#5 E:\xampp73\htdocs\filecroco\loader\vendor\guzzlehttp\promises\src\Promise.php(246): GuzzleHttp\Handler\CurlMultiHandler->execute(true)
#6 E:\xampp73\htdocs\filecroco\loader\vendor\guzzlehttp\promises\src\Promise.php(223): GuzzleHttp\Promise\Promise->invokeWaitFn()
#7 E:\xampp73\htdocs\filecroco\loader\vendor\guzzlehttp\promises\src\Promise.php(267): GuzzleHttp\Promise\Promise->waitIfPending()
#8 E:\xampp73\htdocs\filecroco\loader\vendor\guzzlehttp\promises\src\Promise.php(225): GuzzleHttp\Promise\Promise->invokeWaitList()
#9 E:\xampp73\htdocs\filecroco\loader\vendor\guzzlehttp\promises\src\Promise.php(62): GuzzleHttp\Promise\Promise->waitIfPending()
#10 E:\xampp73\htdocs\filecroco\loader\vendor\guzzlehttp\promises\src\EachPromise.php(101): GuzzleHttp\Promise\Promise->wait()
#11 E:\xampp73\htdocs\filecroco\loader\vendor\guzzlehttp\promises\src\Promise.php(246): GuzzleHttp\Promise\EachPromise->GuzzleHttp\Promise\{closure}(true)
#12 E:\xampp73\htdocs\filecroco\loader\vendor\guzzlehttp\promises\src\Promise.php(223): GuzzleHttp\Promise\Promise->invokeWaitFn()
#13 E:\xampp73\htdocs\filecroco\loader\vendor\guzzlehttp\promises\src\Promise.php(62): GuzzleHttp\Promise\Promise->waitIfPending()
#14 E:\xampp73\htdocs\filecroco\loader\updatedownloadlink.php(95): GuzzleHttp\Promise\Promise->wait()
#15 {main}|325GuzzleHttp\Exception\RequestException: cURL error 56:  (see http://curl.haxx.se/libcurl/c/libcurl-errors.html) in E:\xampp73\htdocs\filecroco\loader\vendor\guzzlehttp\guzzle\src\Handler\CurlFactory.php:186
Stack trace:
#0 E:\xampp73\htdocs\filecroco\loader\vendor\guzzlehttp\guzzle\src\Handler\CurlFactory.php(149): GuzzleHttp\Handler\CurlFactory::createRejection(Object(GuzzleHttp\Handler\EasyHandle), Array)
#1 E:\xampp73\htdocs\filecroco\loader\vendor\guzzlehttp\guzzle\src\Handler\CurlFactory.php(102): GuzzleHttp\Handler\CurlFactory::finishError(Object(GuzzleHttp\Handler\CurlMultiHandler), Object(GuzzleHttp\Handler\EasyHandle), Object(GuzzleHttp\Handler\CurlFactory))
#2 E:\xampp73\htdocs\filecroco\loader\vendor\guzzlehttp\guzzle\src\Handler\CurlMultiHandler.php(181): GuzzleHttp\Handler\CurlFactory::finish(Object(GuzzleHttp\Handler\CurlMultiHandler), Object(GuzzleHttp\Handler\EasyHandle), Object(GuzzleHttp\Handler\CurlFactory))
#3 E:\xampp73\htdocs\filecroco\loader\vendor\guzzlehttp\guzzle\src\Handler\CurlMultiHandler.php(110): GuzzleHttp\Handler\CurlMultiHandler->processMessages()
#4 E:\xampp73\htdocs\filecroco\loader\vendor\guzzlehttp\guzzle\src\Handler\CurlMultiHandler.php(125): GuzzleHttp\Handler\CurlMultiHandler->tick()
#5 E:\xampp73\htdocs\filecroco\loader\vendor\guzzlehttp\promises\src\Promise.php(246): GuzzleHttp\Handler\CurlMultiHandler->execute(true)
#6 E:\xampp73\htdocs\filecroco\loader\vendor\guzzlehttp\promises\src\Promise.php(223): GuzzleHttp\Promise\Promise->invokeWaitFn()
#7 E:\xampp73\htdocs\filecroco\loader\vendor\guzzlehttp\promises\src\Promise.php(267): GuzzleHttp\Promise\Promise->waitIfPending()
#8 E:\xampp73\htdocs\filecroco\loader\vendor\guzzlehttp\promises\src\Promise.php(225): GuzzleHttp\Promise\Promise->invokeWaitList()
#9 E:\xampp73\htdocs\filecroco\loader\vendor\guzzlehttp\promises\src\Promise.php(62): GuzzleHttp\Promise\Promise->waitIfPending()
#10 E:\xampp73\htdocs\filecroco\loader\vendor\guzzlehttp\promises\src\EachPromise.php(101): GuzzleHttp\Promise\Promise->wait()
#11 E:\xampp73\htdocs\filecroco\loader\vendor\guzzlehttp\promises\src\Promise.php(246): GuzzleHttp\Promise\EachPromise->GuzzleHttp\Promise\{closure}(true)
#12 E:\xampp73\htdocs\filecroco\loader\vendor\guzzlehttp\promises\src\Promise.php(223): GuzzleHttp\Promise\Promise->invokeWaitFn()
#13 E:\xampp73\htdocs\filecroco\loader\vendor\guzzlehttp\promises\src\Promise.php(62): GuzzleHttp\Promise\Promise->waitIfPending()
#14 E:\xampp73\htdocs\filecroco\loader\updatedownloadlink.php(95): GuzzleHttp\Promise\Promise->wait()
#15 {main}|326GuzzleHttp\Exception\RequestException: cURL error 56:  (see http://curl.haxx.se/libcurl/c/libcurl-errors.html) in E:\xampp73\htdocs\filecroco\loader\vendor\guzzlehttp\guzzle\src\Handler\CurlFactory.php:186
Stack trace:
#0 E:\xampp73\htdocs\filecroco\loader\vendor\guzzlehttp\guzzle\src\Handler\CurlFactory.php(149): GuzzleHttp\Handler\CurlFactory::createRejection(Object(GuzzleHttp\Handler\EasyHandle), Array)
#1 E:\xampp73\htdocs\filecroco\loader\vendor\guzzlehttp\guzzle\src\Handler\CurlFactory.php(102): GuzzleHttp\Handler\CurlFactory::finishError(Object(GuzzleHttp\Handler\CurlMultiHandler), Object(GuzzleHttp\Handler\EasyHandle), Object(GuzzleHttp\Handler\CurlFactory))
#2 E:\xampp73\htdocs\filecroco\loader\vendor\guzzlehttp\guzzle\src\Handler\CurlMultiHandler.php(181): GuzzleHttp\Handler\CurlFactory::finish(Object(GuzzleHttp\Handler\CurlMultiHandler), Object(GuzzleHttp\Handler\EasyHandle), Object(GuzzleHttp\Handler\CurlFactory))
#3 E:\xampp73\htdocs\filecroco\loader\vendor\guzzlehttp\guzzle\src\Handler\CurlMultiHandler.php(110): GuzzleHttp\Handler\CurlMultiHandler->processMessages()
#4 E:\xampp73\htdocs\filecroco\loader\vendor\guzzlehttp\guzzle\src\Handler\CurlMultiHandler.php(125): GuzzleHttp\Handler\CurlMultiHandler->tick()
#5 E:\xampp73\htdocs\filecroco\loader\vendor\guzzlehttp\promises\src\Promise.php(246): GuzzleHttp\Handler\CurlMultiHandler->execute(true)
#6 E:\xampp73\htdocs\filecroco\loader\vendor\guzzlehttp\promises\src\Promise.php(223): GuzzleHttp\Promise\Promise->invokeWaitFn()
#7 E:\xampp73\htdocs\filecroco\loader\vendor\guzzlehttp\promises\src\Promise.php(267): GuzzleHttp\Promise\Promise->waitIfPending()
#8 E:\xampp73\htdocs\filecroco\loader\vendor\guzzlehttp\promises\src\Promise.php(225): GuzzleHttp\Promise\Promise->invokeWaitList()
#9 E:\xampp73\htdocs\filecroco\loader\vendor\guzzlehttp\promises\src\Promise.php(62): GuzzleHttp\Promise\Promise->waitIfPending()
#10 E:\xampp73\htdocs\filecroco\loader\vendor\guzzlehttp\promises\src\EachPromise.php(101): GuzzleHttp\Promise\Promise->wait()
#11 E:\xampp73\htdocs\filecroco\loader\vendor\guzzlehttp\promises\src\Promise.php(246): GuzzleHttp\Promise\EachPromise->GuzzleHttp\Promise\{closure}(true)
#12 E:\xampp73\htdocs\filecroco\loader\vendor\guzzlehttp\promises\src\Promise.php(223): GuzzleHttp\Promise\Promise->invokeWaitFn()
#13 E:\xampp73\htdocs\filecroco\loader\vendor\guzzlehttp\promises\src\Promise.php(62): GuzzleHttp\Promise\Promise->waitIfPending()
#14 E:\xampp73\htdocs\filecroco\loader\updatedownloadlink.php(95): GuzzleHttp\Promise\Promise->wait()
#15 {main}|327GuzzleHttp\Exception\RequestException: cURL error 56:  (see http://curl.haxx.se/libcurl/c/libcurl-errors.html) in E:\xampp73\htdocs\filecroco\loader\vendor\guzzlehttp\guzzle\src\Handler\CurlFactory.php:186
Stack trace:
#0 E:\xampp73\htdocs\filecroco\loader\vendor\guzzlehttp\guzzle\src\Handler\CurlFactory.php(149): GuzzleHttp\Handler\CurlFactory::createRejection(Object(GuzzleHttp\Handler\EasyHandle), Array)
#1 E:\xampp73\htdocs\filecroco\loader\vendor\guzzlehttp\guzzle\src\Handler\CurlFactory.php(102): GuzzleHttp\Handler\CurlFactory::finishError(Object(GuzzleHttp\Handler\CurlMultiHandler), Object(GuzzleHttp\Handler\EasyHandle), Object(GuzzleHttp\Handler\CurlFactory))
#2 E:\xampp73\htdocs\filecroco\loader\vendor\guzzlehttp\guzzle\src\Handler\CurlMultiHandler.php(181): GuzzleHttp\Handler\CurlFactory::finish(Object(GuzzleHttp\Handler\CurlMultiHandler), Object(GuzzleHttp\Handler\EasyHandle), Object(GuzzleHttp\Handler\CurlFactory))
#3 E:\xampp73\htdocs\filecroco\loader\vendor\guzzlehttp\guzzle\src\Handler\CurlMultiHandler.php(110): GuzzleHttp\Handler\CurlMultiHandler->processMessages()
#4 E:\xampp73\htdocs\filecroco\loader\vendor\guzzlehttp\guzzle\src\Handler\CurlMultiHandler.php(125): GuzzleHttp\Handler\CurlMultiHandler->tick()
#5 E:\xampp73\htdocs\filecroco\loader\vendor\guzzlehttp\promises\src\Promise.php(246): GuzzleHttp\Handler\CurlMultiHandler->execute(true)
#6 E:\xampp73\htdocs\filecroco\loader\vendor\guzzlehttp\promises\src\Promise.php(223): GuzzleHttp\Promise\Promise->invokeWaitFn()
#7 E:\xampp73\htdocs\filecroco\loader\vendor\guzzlehttp\promises\src\Promise.php(267): GuzzleHttp\Promise\Promise->waitIfPending()
#8 E:\xampp73\htdocs\filecroco\loader\vendor\guzzlehttp\promises\src\Promise.php(225): GuzzleHttp\Promise\Promise->invokeWaitList()
#9 E:\xampp73\htdocs\filecroco\loader\vendor\guzzlehttp\promises\src\Promise.php(62): GuzzleHttp\Promise\Promise->waitIfPending()
#10 E:\xampp73\htdocs\filecroco\loader\vendor\guzzlehttp\promises\src\EachPromise.php(101): GuzzleHttp\Promise\Promise->wait()
#11 E:\xampp73\htdocs\filecroco\loader\vendor\guzzlehttp\promises\src\Promise.php(246): GuzzleHttp\Promise\EachPromise->GuzzleHttp\Promise\{closure}(true)
#12 E:\xampp73\htdocs\filecroco\loader\vendor\guzzlehttp\promises\src\Promise.php(223): GuzzleHttp\Promise\Promise->invokeWaitFn()
#13 E:\xampp73\htdocs\filecroco\loader\vendor\guzzlehttp\promises\src\Promise.php(62): GuzzleHttp\Promise\Promise->waitIfPending()
#14 E:\xampp73\htdocs\filecroco\loader\updatedownloadlink.php(95): GuzzleHttp\Promise\Promise->wait()
#15 {main}|328GuzzleHttp\Exception\RequestException: cURL error 56:  (see http://curl.haxx.se/libcurl/c/libcurl-errors.html) in E:\xampp73\htdocs\filecroco\loader\vendor\guzzlehttp\guzzle\src\Handler\CurlFactory.php:186
Stack trace:
#0 E:\xampp73\htdocs\filecroco\loader\vendor\guzzlehttp\guzzle\src\Handler\CurlFactory.php(149): GuzzleHttp\Handler\CurlFactory::createRejection(Object(GuzzleHttp\Handler\EasyHandle), Array)
#1 E:\xampp73\htdocs\filecroco\loader\vendor\guzzlehttp\guzzle\src\Handler\CurlFactory.php(102): GuzzleHttp\Handler\CurlFactory::finishError(Object(GuzzleHttp\Handler\CurlMultiHandler), Object(GuzzleHttp\Handler\EasyHandle), Object(GuzzleHttp\Handler\CurlFactory))
#2 E:\xampp73\htdocs\filecroco\loader\vendor\guzzlehttp\guzzle\src\Handler\CurlMultiHandler.php(181): GuzzleHttp\Handler\CurlFactory::finish(Object(GuzzleHttp\Handler\CurlMultiHandler), Object(GuzzleHttp\Handler\EasyHandle), Object(GuzzleHttp\Handler\CurlFactory))
#3 E:\xampp73\htdocs\filecroco\loader\vendor\guzzlehttp\guzzle\src\Handler\CurlMultiHandler.php(110): GuzzleHttp\Handler\CurlMultiHandler->processMessages()
#4 E:\xampp73\htdocs\filecroco\loader\vendor\guzzlehttp\guzzle\src\Handler\CurlMultiHandler.php(125): GuzzleHttp\Handler\CurlMultiHandler->tick()
#5 E:\xampp73\htdocs\filecroco\loader\vendor\guzzlehttp\promises\src\Promise.php(246): GuzzleHttp\Handler\CurlMultiHandler->execute(true)
#6 E:\xampp73\htdocs\filecroco\loader\vendor\guzzlehttp\promises\src\Promise.php(223): GuzzleHttp\Promise\Promise->invokeWaitFn()
#7 E:\xampp73\htdocs\filecroco\loader\vendor\guzzlehttp\promises\src\Promise.php(267): GuzzleHttp\Promise\Promise->waitIfPending()
#8 E:\xampp73\htdocs\filecroco\loader\vendor\guzzlehttp\promises\src\Promise.php(225): GuzzleHttp\Promise\Promise->invokeWaitList()
#9 E:\xampp73\htdocs\filecroco\loader\vendor\guzzlehttp\promises\src\Promise.php(62): GuzzleHttp\Promise\Promise->waitIfPending()
#10 E:\xampp73\htdocs\filecroco\loader\vendor\guzzlehttp\promises\src\EachPromise.php(101): GuzzleHttp\Promise\Promise->wait()
#11 E:\xampp73\htdocs\filecroco\loader\vendor\guzzlehttp\promises\src\Promise.php(246): GuzzleHttp\Promise\EachPromise->GuzzleHttp\Promise\{closure}(true)
#12 E:\xampp73\htdocs\filecroco\loader\vendor\guzzlehttp\promises\src\Promise.php(223): GuzzleHttp\Promise\Promise->invokeWaitFn()
#13 E:\xampp73\htdocs\filecroco\loader\vendor\guzzlehttp\promises\src\Promise.php(62): GuzzleHttp\Promise\Promise->waitIfPending()
#14 E:\xampp73\htdocs\filecroco\loader\updatedownloadlink.php(95): GuzzleHttp\Promise\Promise->wait()
#15 {main}|329GuzzleHttp\Exception\RequestException: cURL error 56:  (see http://curl.haxx.se/libcurl/c/libcurl-errors.html) in E:\xampp73\htdocs\filecroco\loader\vendor\guzzlehttp\guzzle\src\Handler\CurlFactory.php:186
Stack trace:
#0 E:\xampp73\htdocs\filecroco\loader\vendor\guzzlehttp\guzzle\src\Handler\CurlFactory.php(149): GuzzleHttp\Handler\CurlFactory::createRejection(Object(GuzzleHttp\Handler\EasyHandle), Array)
#1 E:\xampp73\htdocs\filecroco\loader\vendor\guzzlehttp\guzzle\src\Handler\CurlFactory.php(102): GuzzleHttp\Handler\CurlFactory::finishError(Object(GuzzleHttp\Handler\CurlMultiHandler), Object(GuzzleHttp\Handler\EasyHandle), Object(GuzzleHttp\Handler\CurlFactory))
#2 E:\xampp73\htdocs\filecroco\loader\vendor\guzzlehttp\guzzle\src\Handler\CurlMultiHandler.php(181): GuzzleHttp\Handler\CurlFactory::finish(Object(GuzzleHttp\Handler\CurlMultiHandler), Object(GuzzleHttp\Handler\EasyHandle), Object(GuzzleHttp\Handler\CurlFactory))
#3 E:\xampp73\htdocs\filecroco\loader\vendor\guzzlehttp\guzzle\src\Handler\CurlMultiHandler.php(110): GuzzleHttp\Handler\CurlMultiHandler->processMessages()
#4 E:\xampp73\htdocs\filecroco\loader\vendor\guzzlehttp\guzzle\src\Handler\CurlMultiHandler.php(125): GuzzleHttp\Handler\CurlMultiHandler->tick()
#5 E:\xampp73\htdocs\filecroco\loader\vendor\guzzlehttp\promises\src\Promise.php(246): GuzzleHttp\Handler\CurlMultiHandler->execute(true)
#6 E:\xampp73\htdocs\filecroco\loader\vendor\guzzlehttp\promises\src\Promise.php(223): GuzzleHttp\Promise\Promise->invokeWaitFn()
#7 E:\xampp73\htdocs\filecroco\loader\vendor\guzzlehttp\promises\src\Promise.php(267): GuzzleHttp\Promise\Promise->waitIfPending()
#8 E:\xampp73\htdocs\filecroco\loader\vendor\guzzlehttp\promises\src\Promise.php(225): GuzzleHttp\Promise\Promise->invokeWaitList()
#9 E:\xampp73\htdocs\filecroco\loader\vendor\guzzlehttp\promises\src\Promise.php(62): GuzzleHttp\Promise\Promise->waitIfPending()
#10 E:\xampp73\htdocs\filecroco\loader\vendor\guzzlehttp\promises\src\EachPromise.php(101): GuzzleHttp\Promise\Promise->wait()
#11 E:\xampp73\htdocs\filecroco\loader\vendor\guzzlehttp\promises\src\Promise.php(246): GuzzleHttp\Promise\EachPromise->GuzzleHttp\Promise\{closure}(true)
#12 E:\xampp73\htdocs\filecroco\loader\vendor\guzzlehttp\promises\src\Promise.php(223): GuzzleHttp\Promise\Promise->invokeWaitFn()
#13 E:\xampp73\htdocs\filecroco\loader\vendor\guzzlehttp\promises\src\Promise.php(62): GuzzleHttp\Promise\Promise->waitIfPending()
#14 E:\xampp73\htdocs\filecroco\loader\updatedownloadlink.php(95): GuzzleHttp\Promise\Promise->wait()
#15 {main}|330GuzzleHttp\Exception\RequestException: cURL error 56:  (see http://curl.haxx.se/libcurl/c/libcurl-errors.html) in E:\xampp73\htdocs\filecroco\loader\vendor\guzzlehttp\guzzle\src\Handler\CurlFactory.php:186
Stack trace:
#0 E:\xampp73\htdocs\filecroco\loader\vendor\guzzlehttp\guzzle\src\Handler\CurlFactory.php(149): GuzzleHttp\Handler\CurlFactory::createRejection(Object(GuzzleHttp\Handler\EasyHandle), Array)
#1 E:\xampp73\htdocs\filecroco\loader\vendor\guzzlehttp\guzzle\src\Handler\CurlFactory.php(102): GuzzleHttp\Handler\CurlFactory::finishError(Object(GuzzleHttp\Handler\CurlMultiHandler), Object(GuzzleHttp\Handler\EasyHandle), Object(GuzzleHttp\Handler\CurlFactory))
#2 E:\xampp73\htdocs\filecroco\loader\vendor\guzzlehttp\guzzle\src\Handler\CurlMultiHandler.php(181): GuzzleHttp\Handler\CurlFactory::finish(Object(GuzzleHttp\Handler\CurlMultiHandler), Object(GuzzleHttp\Handler\EasyHandle), Object(GuzzleHttp\Handler\CurlFactory))
#3 E:\xampp73\htdocs\filecroco\loader\vendor\guzzlehttp\guzzle\src\Handler\CurlMultiHandler.php(110): GuzzleHttp\Handler\CurlMultiHandler->processMessages()
#4 E:\xampp73\htdocs\filecroco\loader\vendor\guzzlehttp\guzzle\src\Handler\CurlMultiHandler.php(125): GuzzleHttp\Handler\CurlMultiHandler->tick()
#5 E:\xampp73\htdocs\filecroco\loader\vendor\guzzlehttp\promises\src\Promise.php(246): GuzzleHttp\Handler\CurlMultiHandler->execute(true)
#6 E:\xampp73\htdocs\filecroco\loader\vendor\guzzlehttp\promises\src\Promise.php(223): GuzzleHttp\Promise\Promise->invokeWaitFn()
#7 E:\xampp73\htdocs\filecroco\loader\vendor\guzzlehttp\promises\src\Promise.php(267): GuzzleHttp\Promise\Promise->waitIfPending()
#8 E:\xampp73\htdocs\filecroco\loader\vendor\guzzlehttp\promises\src\Promise.php(225): GuzzleHttp\Promise\Promise->invokeWaitList()
#9 E:\xampp73\htdocs\filecroco\loader\vendor\guzzlehttp\promises\src\Promise.php(62): GuzzleHttp\Promise\Promise->waitIfPending()
#10 E:\xampp73\htdocs\filecroco\loader\vendor\guzzlehttp\promises\src\EachPromise.php(101): GuzzleHttp\Promise\Promise->wait()
#11 E:\xampp73\htdocs\filecroco\loader\vendor\guzzlehttp\promises\src\Promise.php(246): GuzzleHttp\Promise\EachPromise->GuzzleHttp\Promise\{closure}(true)
#12 E:\xampp73\htdocs\filecroco\loader\vendor\guzzlehttp\promises\src\Promise.php(223): GuzzleHttp\Promise\Promise->invokeWaitFn()
#13 E:\xampp73\htdocs\filecroco\loader\vendor\guzzlehttp\promises\src\Promise.php(62): GuzzleHttp\Promise\Promise->waitIfPending()
#14 E:\xampp73\htdocs\filecroco\loader\updatedownloadlink.php(95): GuzzleHttp\Promise\Promise->wait()
#15 {main}|331GuzzleHttp\Exception\RequestException: cURL error 56:  (see http://curl.haxx.se/libcurl/c/libcurl-errors.html) in E:\xampp73\htdocs\filecroco\loader\vendor\guzzlehttp\guzzle\src\Handler\CurlFactory.php:186
Stack trace:
#0 E:\xampp73\htdocs\filecroco\loader\vendor\guzzlehttp\guzzle\src\Handler\CurlFactory.php(149): GuzzleHttp\Handler\CurlFactory::createRejection(Object(GuzzleHttp\Handler\EasyHandle), Array)
#1 E:\xampp73\htdocs\filecroco\loader\vendor\guzzlehttp\guzzle\src\Handler\CurlFactory.php(102): GuzzleHttp\Handler\CurlFactory::finishError(Object(GuzzleHttp\Handler\CurlMultiHandler), Object(GuzzleHttp\Handler\EasyHandle), Object(GuzzleHttp\Handler\CurlFactory))
#2 E:\xampp73\htdocs\filecroco\loader\vendor\guzzlehttp\guzzle\src\Handler\CurlMultiHandler.php(181): GuzzleHttp\Handler\CurlFactory::finish(Object(GuzzleHttp\Handler\CurlMultiHandler), Object(GuzzleHttp\Handler\EasyHandle), Object(GuzzleHttp\Handler\CurlFactory))
#3 E:\xampp73\htdocs\filecroco\loader\vendor\guzzlehttp\guzzle\src\Handler\CurlMultiHandler.php(110): GuzzleHttp\Handler\CurlMultiHandler->processMessages()
#4 E:\xampp73\htdocs\filecroco\loader\vendor\guzzlehttp\guzzle\src\Handler\CurlMultiHandler.php(125): GuzzleHttp\Handler\CurlMultiHandler->tick()
#5 E:\xampp73\htdocs\filecroco\loader\vendor\guzzlehttp\promises\src\Promise.php(246): GuzzleHttp\Handler\CurlMultiHandler->execute(true)
#6 E:\xampp73\htdocs\filecroco\loader\vendor\guzzlehttp\promises\src\Promise.php(223): GuzzleHttp\Promise\Promise->invokeWaitFn()
#7 E:\xampp73\htdocs\filecroco\loader\vendor\guzzlehttp\promises\src\Promise.php(267): GuzzleHttp\Promise\Promise->waitIfPending()
#8 E:\xampp73\htdocs\filecroco\loader\vendor\guzzlehttp\promises\src\Promise.php(225): GuzzleHttp\Promise\Promise->invokeWaitList()
#9 E:\xampp73\htdocs\filecroco\loader\vendor\guzzlehttp\promises\src\Promise.php(62): GuzzleHttp\Promise\Promise->waitIfPending()
#10 E:\xampp73\htdocs\filecroco\loader\vendor\guzzlehttp\promises\src\EachPromise.php(101): GuzzleHttp\Promise\Promise->wait()
#11 E:\xampp73\htdocs\filecroco\loader\vendor\guzzlehttp\promises\src\Promise.php(246): GuzzleHttp\Promise\EachPromise->GuzzleHttp\Promise\{closure}(true)
#12 E:\xampp73\htdocs\filecroco\loader\vendor\guzzlehttp\promises\src\Promise.php(223): GuzzleHttp\Promise\Promise->invokeWaitFn()
#13 E:\xampp73\htdocs\filecroco\loader\vendor\guzzlehttp\promises\src\Promise.php(62): GuzzleHttp\Promise\Promise->waitIfPending()
#14 E:\xampp73\htdocs\filecroco\loader\updatedownloadlink.php(95): GuzzleHttp\Promise\Promise->wait()
#15 {main}|332GuzzleHttp\Exception\RequestException: cURL error 56:  (see http://curl.haxx.se/libcurl/c/libcurl-errors.html) in E:\xampp73\htdocs\filecroco\loader\vendor\guzzlehttp\guzzle\src\Handler\CurlFactory.php:186
Stack trace:
#0 E:\xampp73\htdocs\filecroco\loader\vendor\guzzlehttp\guzzle\src\Handler\CurlFactory.php(149): GuzzleHttp\Handler\CurlFactory::createRejection(Object(GuzzleHttp\Handler\EasyHandle), Array)
#1 E:\xampp73\htdocs\filecroco\loader\vendor\guzzlehttp\guzzle\src\Handler\CurlFactory.php(102): GuzzleHttp\Handler\CurlFactory::finishError(Object(GuzzleHttp\Handler\CurlMultiHandler), Object(GuzzleHttp\Handler\EasyHandle), Object(GuzzleHttp\Handler\CurlFactory))
#2 E:\xampp73\htdocs\filecroco\loader\vendor\guzzlehttp\guzzle\src\Handler\CurlMultiHandler.php(181): GuzzleHttp\Handler\CurlFactory::finish(Object(GuzzleHttp\Handler\CurlMultiHandler), Object(GuzzleHttp\Handler\EasyHandle), Object(GuzzleHttp\Handler\CurlFactory))
#3 E:\xampp73\htdocs\filecroco\loader\vendor\guzzlehttp\guzzle\src\Handler\CurlMultiHandler.php(110): GuzzleHttp\Handler\CurlMultiHandler->processMessages()
#4 E:\xampp73\htdocs\filecroco\loader\vendor\guzzlehttp\guzzle\src\Handler\CurlMultiHandler.php(125): GuzzleHttp\Handler\CurlMultiHandler->tick()
#5 E:\xampp73\htdocs\filecroco\loader\vendor\guzzlehttp\promises\src\Promise.php(246): GuzzleHttp\Handler\CurlMultiHandler->execute(true)
#6 E:\xampp73\htdocs\filecroco\loader\vendor\guzzlehttp\promises\src\Promise.php(223): GuzzleHttp\Promise\Promise->invokeWaitFn()
#7 E:\xampp73\htdocs\filecroco\loader\vendor\guzzlehttp\promises\src\Promise.php(267): GuzzleHttp\Promise\Promise->waitIfPending()
#8 E:\xampp73\htdocs\filecroco\loader\vendor\guzzlehttp\promises\src\Promise.php(225): GuzzleHttp\Promise\Promise->invokeWaitList()
#9 E:\xampp73\htdocs\filecroco\loader\vendor\guzzlehttp\promises\src\Promise.php(62): GuzzleHttp\Promise\Promise->waitIfPending()
#10 E:\xampp73\htdocs\filecroco\loader\vendor\guzzlehttp\promises\src\EachPromise.php(101): GuzzleHttp\Promise\Promise->wait()
#11 E:\xampp73\htdocs\filecroco\loader\vendor\guzzlehttp\promises\src\Promise.php(246): GuzzleHttp\Promise\EachPromise->GuzzleHttp\Promise\{closure}(true)
#12 E:\xampp73\htdocs\filecroco\loader\vendor\guzzlehttp\promises\src\Promise.php(223): GuzzleHttp\Promise\Promise->invokeWaitFn()
#13 E:\xampp73\htdocs\filecroco\loader\vendor\guzzlehttp\promises\src\Promise.php(62): GuzzleHttp\Promise\Promise->waitIfPending()
#14 E:\xampp73\htdocs\filecroco\loader\updatedownloadlink.php(95): GuzzleHttp\Promise\Promise->wait()
#15 {main}|333GuzzleHttp\Exception\RequestException: cURL error 56:  (see http://curl.haxx.se/libcurl/c/libcurl-errors.html) in E:\xampp73\htdocs\filecroco\loader\vendor\guzzlehttp\guzzle\src\Handler\CurlFactory.php:186
Stack trace:
#0 E:\xampp73\htdocs\filecroco\loader\vendor\guzzlehttp\guzzle\src\Handler\CurlFactory.php(149): GuzzleHttp\Handler\CurlFactory::createRejection(Object(GuzzleHttp\Handler\EasyHandle), Array)
#1 E:\xampp73\htdocs\filecroco\loader\vendor\guzzlehttp\guzzle\src\Handler\CurlFactory.php(102): GuzzleHttp\Handler\CurlFactory::finishError(Object(GuzzleHttp\Handler\CurlMultiHandler), Object(GuzzleHttp\Handler\EasyHandle), Object(GuzzleHttp\Handler\CurlFactory))
#2 E:\xampp73\htdocs\filecroco\loader\vendor\guzzlehttp\guzzle\src\Handler\CurlMultiHandler.php(181): GuzzleHttp\Handler\CurlFactory::finish(Object(GuzzleHttp\Handler\CurlMultiHandler), Object(GuzzleHttp\Handler\EasyHandle), Object(GuzzleHttp\Handler\CurlFactory))
#3 E:\xampp73\htdocs\filecroco\loader\vendor\guzzlehttp\guzzle\src\Handler\CurlMultiHandler.php(110): GuzzleHttp\Handler\CurlMultiHandler->processMessages()
#4 E:\xampp73\htdocs\filecroco\loader\vendor\guzzlehttp\guzzle\src\Handler\CurlMultiHandler.php(125): GuzzleHttp\Handler\CurlMultiHandler->tick()
#5 E:\xampp73\htdocs\filecroco\loader\vendor\guzzlehttp\promises\src\Promise.php(246): GuzzleHttp\Handler\CurlMultiHandler->execute(true)
#6 E:\xampp73\htdocs\filecroco\loader\vendor\guzzlehttp\promises\src\Promise.php(223): GuzzleHttp\Promise\Promise->invokeWaitFn()
#7 E:\xampp73\htdocs\filecroco\loader\vendor\guzzlehttp\promises\src\Promise.php(267): GuzzleHttp\Promise\Promise->waitIfPending()
#8 E:\xampp73\htdocs\filecroco\loader\vendor\guzzlehttp\promises\src\Promise.php(225): GuzzleHttp\Promise\Promise->invokeWaitList()
#9 E:\xampp73\htdocs\filecroco\loader\vendor\guzzlehttp\promises\src\Promise.php(62): GuzzleHttp\Promise\Promise->waitIfPending()
#10 E:\xampp73\htdocs\filecroco\loader\vendor\guzzlehttp\promises\src\EachPromise.php(101): GuzzleHttp\Promise\Promise->wait()
#11 E:\xampp73\htdocs\filecroco\loader\vendor\guzzlehttp\promises\src\Promise.php(246): GuzzleHttp\Promise\EachPromise->GuzzleHttp\Promise\{closure}(true)
#12 E:\xampp73\htdocs\filecroco\loader\vendor\guzzlehttp\promises\src\Promise.php(223): GuzzleHttp\Promise\Promise->invokeWaitFn()
#13 E:\xampp73\htdocs\filecroco\loader\vendor\guzzlehttp\promises\src\Promise.php(62): GuzzleHttp\Promise\Promise->waitIfPending()
#14 E:\xampp73\htdocs\filecroco\loader\updatedownloadlink.php(95): GuzzleHttp\Promise\Promise->wait()
#15 {main}|334GuzzleHttp\Exception\RequestException: cURL error 56:  (see http://curl.haxx.se/libcurl/c/libcurl-errors.html) in E:\xampp73\htdocs\filecroco\loader\vendor\guzzlehttp\guzzle\src\Handler\CurlFactory.php:186
Stack trace:
#0 E:\xampp73\htdocs\filecroco\loader\vendor\guzzlehttp\guzzle\src\Handler\CurlFactory.php(149): GuzzleHttp\Handler\CurlFactory::createRejection(Object(GuzzleHttp\Handler\EasyHandle), Array)
#1 E:\xampp73\htdocs\filecroco\loader\vendor\guzzlehttp\guzzle\src\Handler\CurlFactory.php(102): GuzzleHttp\Handler\CurlFactory::finishError(Object(GuzzleHttp\Handler\CurlMultiHandler), Object(GuzzleHttp\Handler\EasyHandle), Object(GuzzleHttp\Handler\CurlFactory))
#2 E:\xampp73\htdocs\filecroco\loader\vendor\guzzlehttp\guzzle\src\Handler\CurlMultiHandler.php(181): GuzzleHttp\Handler\CurlFactory::finish(Object(GuzzleHttp\Handler\CurlMultiHandler), Object(GuzzleHttp\Handler\EasyHandle), Object(GuzzleHttp\Handler\CurlFactory))
#3 E:\xampp73\htdocs\filecroco\loader\vendor\guzzlehttp\guzzle\src\Handler\CurlMultiHandler.php(110): GuzzleHttp\Handler\CurlMultiHandler->processMessages()
#4 E:\xampp73\htdocs\filecroco\loader\vendor\guzzlehttp\guzzle\src\Handler\CurlMultiHandler.php(125): GuzzleHttp\Handler\CurlMultiHandler->tick()
#5 E:\xampp73\htdocs\filecroco\loader\vendor\guzzlehttp\promises\src\Promise.php(246): GuzzleHttp\Handler\CurlMultiHandler->execute(true)
#6 E:\xampp73\htdocs\filecroco\loader\vendor\guzzlehttp\promises\src\Promise.php(223): GuzzleHttp\Promise\Promise->invokeWaitFn()
#7 E:\xampp73\htdocs\filecroco\loader\vendor\guzzlehttp\promises\src\Promise.php(267): GuzzleHttp\Promise\Promise->waitIfPending()
#8 E:\xampp73\htdocs\filecroco\loader\vendor\guzzlehttp\promises\src\Promise.php(225): GuzzleHttp\Promise\Promise->invokeWaitList()
#9 E:\xampp73\htdocs\filecroco\loader\vendor\guzzlehttp\promises\src\Promise.php(62): GuzzleHttp\Promise\Promise->waitIfPending()
#10 E:\xampp73\htdocs\filecroco\loader\vendor\guzzlehttp\promises\src\EachPromise.php(101): GuzzleHttp\Promise\Promise->wait()
#11 E:\xampp73\htdocs\filecroco\loader\vendor\guzzlehttp\promises\src\Promise.php(246): GuzzleHttp\Promise\EachPromise->GuzzleHttp\Promise\{closure}(true)
#12 E:\xampp73\htdocs\filecroco\loader\vendor\guzzlehttp\promises\src\Promise.php(223): GuzzleHttp\Promise\Promise->invokeWaitFn()
#13 E:\xampp73\htdocs\filecroco\loader\vendor\guzzlehttp\promises\src\Promise.php(62): GuzzleHttp\Promise\Promise->waitIfPending()
#14 E:\xampp73\htdocs\filecroco\loader\updatedownloadlink.php(95): GuzzleHttp\Promise\Promise->wait()
#15 {main}|335GuzzleHttp\Exception\RequestException: cURL error 56:  (see http://curl.haxx.se/libcurl/c/libcurl-errors.html) in E:\xampp73\htdocs\filecroco\loader\vendor\guzzlehttp\guzzle\src\Handler\CurlFactory.php:186
Stack trace:
#0 E:\xampp73\htdocs\filecroco\loader\vendor\guzzlehttp\guzzle\src\Handler\CurlFactory.php(149): GuzzleHttp\Handler\CurlFactory::createRejection(Object(GuzzleHttp\Handler\EasyHandle), Array)
#1 E:\xampp73\htdocs\filecroco\loader\vendor\guzzlehttp\guzzle\src\Handler\CurlFactory.php(102): GuzzleHttp\Handler\CurlFactory::finishError(Object(GuzzleHttp\Handler\CurlMultiHandler), Object(GuzzleHttp\Handler\EasyHandle), Object(GuzzleHttp\Handler\CurlFactory))
#2 E:\xampp73\htdocs\filecroco\loader\vendor\guzzlehttp\guzzle\src\Handler\CurlMultiHandler.php(181): GuzzleHttp\Handler\CurlFactory::finish(Object(GuzzleHttp\Handler\CurlMultiHandler), Object(GuzzleHttp\Handler\EasyHandle), Object(GuzzleHttp\Handler\CurlFactory))
#3 E:\xampp73\htdocs\filecroco\loader\vendor\guzzlehttp\guzzle\src\Handler\CurlMultiHandler.php(110): GuzzleHttp\Handler\CurlMultiHandler->processMessages()
#4 E:\xampp73\htdocs\filecroco\loader\vendor\guzzlehttp\guzzle\src\Handler\CurlMultiHandler.php(125): GuzzleHttp\Handler\CurlMultiHandler->tick()
#5 E:\xampp73\htdocs\filecroco\loader\vendor\guzzlehttp\promises\src\Promise.php(246): GuzzleHttp\Handler\CurlMultiHandler->execute(true)
#6 E:\xampp73\htdocs\filecroco\loader\vendor\guzzlehttp\promises\src\Promise.php(223): GuzzleHttp\Promise\Promise->invokeWaitFn()
#7 E:\xampp73\htdocs\filecroco\loader\vendor\guzzlehttp\promises\src\Promise.php(267): GuzzleHttp\Promise\Promise->waitIfPending()
#8 E:\xampp73\htdocs\filecroco\loader\vendor\guzzlehttp\promises\src\Promise.php(225): GuzzleHttp\Promise\Promise->invokeWaitList()
#9 E:\xampp73\htdocs\filecroco\loader\vendor\guzzlehttp\promises\src\Promise.php(62): GuzzleHttp\Promise\Promise->waitIfPending()
#10 E:\xampp73\htdocs\filecroco\loader\vendor\guzzlehttp\promises\src\EachPromise.php(101): GuzzleHttp\Promise\Promise->wait()
#11 E:\xampp73\htdocs\filecroco\loader\vendor\guzzlehttp\promises\src\Promise.php(246): GuzzleHttp\Promise\EachPromise->GuzzleHttp\Promise\{closure}(true)
#12 E:\xampp73\htdocs\filecroco\loader\vendor\guzzlehttp\promises\src\Promise.php(223): GuzzleHttp\Promise\Promise->invokeWaitFn()
#13 E:\xampp73\htdocs\filecroco\loader\vendor\guzzlehttp\promises\src\Promise.php(62): GuzzleHttp\Promise\Promise->waitIfPending()
#14 E:\xampp73\htdocs\filecroco\loader\updatedownloadlink.php(95): GuzzleHttp\Promise\Promise->wait()
#15 {main}|336GuzzleHttp\Exception\RequestException: cURL error 56:  (see http://curl.haxx.se/libcurl/c/libcurl-errors.html) in E:\xampp73\htdocs\filecroco\loader\vendor\guzzlehttp\guzzle\src\Handler\CurlFactory.php:186
Stack trace:
#0 E:\xampp73\htdocs\filecroco\loader\vendor\guzzlehttp\guzzle\src\Handler\CurlFactory.php(149): GuzzleHttp\Handler\CurlFactory::createRejection(Object(GuzzleHttp\Handler\EasyHandle), Array)
#1 E:\xampp73\htdocs\filecroco\loader\vendor\guzzlehttp\guzzle\src\Handler\CurlFactory.php(102): GuzzleHttp\Handler\CurlFactory::finishError(Object(GuzzleHttp\Handler\CurlMultiHandler), Object(GuzzleHttp\Handler\EasyHandle), Object(GuzzleHttp\Handler\CurlFactory))
#2 E:\xampp73\htdocs\filecroco\loader\vendor\guzzlehttp\guzzle\src\Handler\CurlMultiHandler.php(181): GuzzleHttp\Handler\CurlFactory::finish(Object(GuzzleHttp\Handler\CurlMultiHandler), Object(GuzzleHttp\Handler\EasyHandle), Object(GuzzleHttp\Handler\CurlFactory))
#3 E:\xampp73\htdocs\filecroco\loader\vendor\guzzlehttp\guzzle\src\Handler\CurlMultiHandler.php(110): GuzzleHttp\Handler\CurlMultiHandler->processMessages()
#4 E:\xampp73\htdocs\filecroco\loader\vendor\guzzlehttp\guzzle\src\Handler\CurlMultiHandler.php(125): GuzzleHttp\Handler\CurlMultiHandler->tick()
#5 E:\xampp73\htdocs\filecroco\loader\vendor\guzzlehttp\promises\src\Promise.php(246): GuzzleHttp\Handler\CurlMultiHandler->execute(true)
#6 E:\xampp73\htdocs\filecroco\loader\vendor\guzzlehttp\promises\src\Promise.php(223): GuzzleHttp\Promise\Promise->invokeWaitFn()
#7 E:\xampp73\htdocs\filecroco\loader\vendor\guzzlehttp\promises\src\Promise.php(267): GuzzleHttp\Promise\Promise->waitIfPending()
#8 E:\xampp73\htdocs\filecroco\loader\vendor\guzzlehttp\promises\src\Promise.php(225): GuzzleHttp\Promise\Promise->invokeWaitList()
#9 E:\xampp73\htdocs\filecroco\loader\vendor\guzzlehttp\promises\src\Promise.php(62): GuzzleHttp\Promise\Promise->waitIfPending()
#10 E:\xampp73\htdocs\filecroco\loader\vendor\guzzlehttp\promises\src\EachPromise.php(101): GuzzleHttp\Promise\Promise->wait()
#11 E:\xampp73\htdocs\filecroco\loader\vendor\guzzlehttp\promises\src\Promise.php(246): GuzzleHttp\Promise\EachPromise->GuzzleHttp\Promise\{closure}(true)
#12 E:\xampp73\htdocs\filecroco\loader\vendor\guzzlehttp\promises\src\Promise.php(223): GuzzleHttp\Promise\Promise->invokeWaitFn()
#13 E:\xampp73\htdocs\filecroco\loader\vendor\guzzlehttp\promises\src\Promise.php(62): GuzzleHttp\Promise\Promise->waitIfPending()
#14 E:\xampp73\htdocs\filecroco\loader\updatedownloadlink.php(95): GuzzleHttp\Promise\Promise->wait()
#15 {main}|337GuzzleHttp\Exception\RequestException: cURL error 56:  (see http://curl.haxx.se/libcurl/c/libcurl-errors.html) in E:\xampp73\htdocs\filecroco\loader\vendor\guzzlehttp\guzzle\src\Handler\CurlFactory.php:186
Stack trace:
#0 E:\xampp73\htdocs\filecroco\loader\vendor\guzzlehttp\guzzle\src\Handler\CurlFactory.php(149): GuzzleHttp\Handler\CurlFactory::createRejection(Object(GuzzleHttp\Handler\EasyHandle), Array)
#1 E:\xampp73\htdocs\filecroco\loader\vendor\guzzlehttp\guzzle\src\Handler\CurlFactory.php(102): GuzzleHttp\Handler\CurlFactory::finishError(Object(GuzzleHttp\Handler\CurlMultiHandler), Object(GuzzleHttp\Handler\EasyHandle), Object(GuzzleHttp\Handler\CurlFactory))
#2 E:\xampp73\htdocs\filecroco\loader\vendor\guzzlehttp\guzzle\src\Handler\CurlMultiHandler.php(181): GuzzleHttp\Handler\CurlFactory::finish(Object(GuzzleHttp\Handler\CurlMultiHandler), Object(GuzzleHttp\Handler\EasyHandle), Object(GuzzleHttp\Handler\CurlFactory))
#3 E:\xampp73\htdocs\filecroco\loader\vendor\guzzlehttp\guzzle\src\Handler\CurlMultiHandler.php(110): GuzzleHttp\Handler\CurlMultiHandler->processMessages()
#4 E:\xampp73\htdocs\filecroco\loader\vendor\guzzlehttp\guzzle\src\Handler\CurlMultiHandler.php(125): GuzzleHttp\Handler\CurlMultiHandler->tick()
#5 E:\xampp73\htdocs\filecroco\loader\vendor\guzzlehttp\promises\src\Promise.php(246): GuzzleHttp\Handler\CurlMultiHandler->execute(true)
#6 E:\xampp73\htdocs\filecroco\loader\vendor\guzzlehttp\promises\src\Promise.php(223): GuzzleHttp\Promise\Promise->invokeWaitFn()
#7 E:\xampp73\htdocs\filecroco\loader\vendor\guzzlehttp\promises\src\Promise.php(267): GuzzleHttp\Promise\Promise->waitIfPending()
#8 E:\xampp73\htdocs\filecroco\loader\vendor\guzzlehttp\promises\src\Promise.php(225): GuzzleHttp\Promise\Promise->invokeWaitList()
#9 E:\xampp73\htdocs\filecroco\loader\vendor\guzzlehttp\promises\src\Promise.php(62): GuzzleHttp\Promise\Promise->waitIfPending()
#10 E:\xampp73\htdocs\filecroco\loader\vendor\guzzlehttp\promises\src\EachPromise.php(101): GuzzleHttp\Promise\Promise->wait()
#11 E:\xampp73\htdocs\filecroco\loader\vendor\guzzlehttp\promises\src\Promise.php(246): GuzzleHttp\Promise\EachPromise->GuzzleHttp\Promise\{closure}(true)
#12 E:\xampp73\htdocs\filecroco\loader\vendor\guzzlehttp\promises\src\Promise.php(223): GuzzleHttp\Promise\Promise->invokeWaitFn()
#13 E:\xampp73\htdocs\filecroco\loader\vendor\guzzlehttp\promises\src\Promise.php(62): GuzzleHttp\Promise\Promise->waitIfPending()
#14 E:\xampp73\htdocs\filecroco\loader\updatedownloadlink.php(95): GuzzleHttp\Promise\Promise->wait()
#15 {main}|338GuzzleHttp\Exception\RequestException: cURL error 56:  (see http://curl.haxx.se/libcurl/c/libcurl-errors.html) in E:\xampp73\htdocs\filecroco\loader\vendor\guzzlehttp\guzzle\src\Handler\CurlFactory.php:186
Stack trace:
#0 E:\xampp73\htdocs\filecroco\loader\vendor\guzzlehttp\guzzle\src\Handler\CurlFactory.php(149): GuzzleHttp\Handler\CurlFactory::createRejection(Object(GuzzleHttp\Handler\EasyHandle), Array)
#1 E:\xampp73\htdocs\filecroco\loader\vendor\guzzlehttp\guzzle\src\Handler\CurlFactory.php(102): GuzzleHttp\Handler\CurlFactory::finishError(Object(GuzzleHttp\Handler\CurlMultiHandler), Object(GuzzleHttp\Handler\EasyHandle), Object(GuzzleHttp\Handler\CurlFactory))
#2 E:\xampp73\htdocs\filecroco\loader\vendor\guzzlehttp\guzzle\src\Handler\CurlMultiHandler.php(181): GuzzleHttp\Handler\CurlFactory::finish(Object(GuzzleHttp\Handler\CurlMultiHandler), Object(GuzzleHttp\Handler\EasyHandle), Object(GuzzleHttp\Handler\CurlFactory))
#3 E:\xampp73\htdocs\filecroco\loader\vendor\guzzlehttp\guzzle\src\Handler\CurlMultiHandler.php(110): GuzzleHttp\Handler\CurlMultiHandler->processMessages()
#4 E:\xampp73\htdocs\filecroco\loader\vendor\guzzlehttp\guzzle\src\Handler\CurlMultiHandler.php(125): GuzzleHttp\Handler\CurlMultiHandler->tick()
#5 E:\xampp73\htdocs\filecroco\loader\vendor\guzzlehttp\promises\src\Promise.php(246): GuzzleHttp\Handler\CurlMultiHandler->execute(true)
#6 E:\xampp73\htdocs\filecroco\loader\vendor\guzzlehttp\promises\src\Promise.php(223): GuzzleHttp\Promise\Promise->invokeWaitFn()
#7 E:\xampp73\htdocs\filecroco\loader\vendor\guzzlehttp\promises\src\Promise.php(267): GuzzleHttp\Promise\Promise->waitIfPending()
#8 E:\xampp73\htdocs\filecroco\loader\vendor\guzzlehttp\promises\src\Promise.php(225): GuzzleHttp\Promise\Promise->invokeWaitList()
#9 E:\xampp73\htdocs\filecroco\loader\vendor\guzzlehttp\promises\src\Promise.php(62): GuzzleHttp\Promise\Promise->waitIfPending()
#10 E:\xampp73\htdocs\filecroco\loader\vendor\guzzlehttp\promises\src\EachPromise.php(101): GuzzleHttp\Promise\Promise->wait()
#11 E:\xampp73\htdocs\filecroco\loader\vendor\guzzlehttp\promises\src\Promise.php(246): GuzzleHttp\Promise\EachPromise->GuzzleHttp\Promise\{closure}(true)
#12 E:\xampp73\htdocs\filecroco\loader\vendor\guzzlehttp\promises\src\Promise.php(223): GuzzleHttp\Promise\Promise->invokeWaitFn()
#13 E:\xampp73\htdocs\filecroco\loader\vendor\guzzlehttp\promises\src\Promise.php(62): GuzzleHttp\Promise\Promise->waitIfPending()
#14 E:\xampp73\htdocs\filecroco\loader\updatedownloadlink.php(95): GuzzleHttp\Promise\Promise->wait()
#15 {main}|339GuzzleHttp\Exception\RequestException: cURL error 56:  (see http://curl.haxx.se/libcurl/c/libcurl-errors.html) in E:\xampp73\htdocs\filecroco\loader\vendor\guzzlehttp\guzzle\src\Handler\CurlFactory.php:186
Stack trace:
#0 E:\xampp73\htdocs\filecroco\loader\vendor\guzzlehttp\guzzle\src\Handler\CurlFactory.php(149): GuzzleHttp\Handler\CurlFactory::createRejection(Object(GuzzleHttp\Handler\EasyHandle), Array)
#1 E:\xampp73\htdocs\filecroco\loader\vendor\guzzlehttp\guzzle\src\Handler\CurlFactory.php(102): GuzzleHttp\Handler\CurlFactory::finishError(Object(GuzzleHttp\Handler\CurlMultiHandler), Object(GuzzleHttp\Handler\EasyHandle), Object(GuzzleHttp\Handler\CurlFactory))
#2 E:\xampp73\htdocs\filecroco\loader\vendor\guzzlehttp\guzzle\src\Handler\CurlMultiHandler.php(181): GuzzleHttp\Handler\CurlFactory::finish(Object(GuzzleHttp\Handler\CurlMultiHandler), Object(GuzzleHttp\Handler\EasyHandle), Object(GuzzleHttp\Handler\CurlFactory))
#3 E:\xampp73\htdocs\filecroco\loader\vendor\guzzlehttp\guzzle\src\Handler\CurlMultiHandler.php(110): GuzzleHttp\Handler\CurlMultiHandler->processMessages()
#4 E:\xampp73\htdocs\filecroco\loader\vendor\guzzlehttp\guzzle\src\Handler\CurlMultiHandler.php(125): GuzzleHttp\Handler\CurlMultiHandler->tick()
#5 E:\xampp73\htdocs\filecroco\loader\vendor\guzzlehttp\promises\src\Promise.php(246): GuzzleHttp\Handler\CurlMultiHandler->execute(true)
#6 E:\xampp73\htdocs\filecroco\loader\vendor\guzzlehttp\promises\src\Promise.php(223): GuzzleHttp\Promise\Promise->invokeWaitFn()
#7 E:\xampp73\htdocs\filecroco\loader\vendor\guzzlehttp\promises\src\Promise.php(267): GuzzleHttp\Promise\Promise->waitIfPending()
#8 E:\xampp73\htdocs\filecroco\loader\vendor\guzzlehttp\promises\src\Promise.php(225): GuzzleHttp\Promise\Promise->invokeWaitList()
#9 E:\xampp73\htdocs\filecroco\loader\vendor\guzzlehttp\promises\src\Promise.php(62): GuzzleHttp\Promise\Promise->waitIfPending()
#10 E:\xampp73\htdocs\filecroco\loader\vendor\guzzlehttp\promises\src\EachPromise.php(101): GuzzleHttp\Promise\Promise->wait()
#11 E:\xampp73\htdocs\filecroco\loader\vendor\guzzlehttp\promises\src\Promise.php(246): GuzzleHttp\Promise\EachPromise->GuzzleHttp\Promise\{closure}(true)
#12 E:\xampp73\htdocs\filecroco\loader\vendor\guzzlehttp\promises\src\Promise.php(223): GuzzleHttp\Promise\Promise->invokeWaitFn()
#13 E:\xampp73\htdocs\filecroco\loader\vendor\guzzlehttp\promises\src\Promise.php(62): GuzzleHttp\Promise\Promise->waitIfPending()
#14 E:\xampp73\htdocs\filecroco\loader\updatedownloadlink.php(95): GuzzleHttp\Promise\Promise->wait()
#15 {main}|340GuzzleHttp\Exception\RequestException: cURL error 56:  (see http://curl.haxx.se/libcurl/c/libcurl-errors.html) in E:\xampp73\htdocs\filecroco\loader\vendor\guzzlehttp\guzzle\src\Handler\CurlFactory.php:186
Stack trace:
#0 E:\xampp73\htdocs\filecroco\loader\vendor\guzzlehttp\guzzle\src\Handler\CurlFactory.php(149): GuzzleHttp\Handler\CurlFactory::createRejection(Object(GuzzleHttp\Handler\EasyHandle), Array)
#1 E:\xampp73\htdocs\filecroco\loader\vendor\guzzlehttp\guzzle\src\Handler\CurlFactory.php(102): GuzzleHttp\Handler\CurlFactory::finishError(Object(GuzzleHttp\Handler\CurlMultiHandler), Object(GuzzleHttp\Handler\EasyHandle), Object(GuzzleHttp\Handler\CurlFactory))
#2 E:\xampp73\htdocs\filecroco\loader\vendor\guzzlehttp\guzzle\src\Handler\CurlMultiHandler.php(181): GuzzleHttp\Handler\CurlFactory::finish(Object(GuzzleHttp\Handler\CurlMultiHandler), Object(GuzzleHttp\Handler\EasyHandle), Object(GuzzleHttp\Handler\CurlFactory))
#3 E:\xampp73\htdocs\filecroco\loader\vendor\guzzlehttp\guzzle\src\Handler\CurlMultiHandler.php(110): GuzzleHttp\Handler\CurlMultiHandler->processMessages()
#4 E:\xampp73\htdocs\filecroco\loader\vendor\guzzlehttp\guzzle\src\Handler\CurlMultiHandler.php(125): GuzzleHttp\Handler\CurlMultiHandler->tick()
#5 E:\xampp73\htdocs\filecroco\loader\vendor\guzzlehttp\promises\src\Promise.php(246): GuzzleHttp\Handler\CurlMultiHandler->execute(true)
#6 E:\xampp73\htdocs\filecroco\loader\vendor\guzzlehttp\promises\src\Promise.php(223): GuzzleHttp\Promise\Promise->invokeWaitFn()
#7 E:\xampp73\htdocs\filecroco\loader\vendor\guzzlehttp\promises\src\Promise.php(267): GuzzleHttp\Promise\Promise->waitIfPending()
#8 E:\xampp73\htdocs\filecroco\loader\vendor\guzzlehttp\promises\src\Promise.php(225): GuzzleHttp\Promise\Promise->invokeWaitList()
#9 E:\xampp73\htdocs\filecroco\loader\vendor\guzzlehttp\promises\src\Promise.php(62): GuzzleHttp\Promise\Promise->waitIfPending()
#10 E:\xampp73\htdocs\filecroco\loader\vendor\guzzlehttp\promises\src\EachPromise.php(101): GuzzleHttp\Promise\Promise->wait()
#11 E:\xampp73\htdocs\filecroco\loader\vendor\guzzlehttp\promises\src\Promise.php(246): GuzzleHttp\Promise\EachPromise->GuzzleHttp\Promise\{closure}(true)
#12 E:\xampp73\htdocs\filecroco\loader\vendor\guzzlehttp\promises\src\Promise.php(223): GuzzleHttp\Promise\Promise->invokeWaitFn()
#13 E:\xampp73\htdocs\filecroco\loader\vendor\guzzlehttp\promises\src\Promise.php(62): GuzzleHttp\Promise\Promise->waitIfPending()
#14 E:\xampp73\htdocs\filecroco\loader\updatedownloadlink.php(95): GuzzleHttp\Promise\Promise->wait()
#15 {main}|341GuzzleHttp\Exception\RequestException: cURL error 56:  (see http://curl.haxx.se/libcurl/c/libcurl-errors.html) in E:\xampp73\htdocs\filecroco\loader\vendor\guzzlehttp\guzzle\src\Handler\CurlFactory.php:186
Stack trace:
#0 E:\xampp73\htdocs\filecroco\loader\vendor\guzzlehttp\guzzle\src\Handler\CurlFactory.php(149): GuzzleHttp\Handler\CurlFactory::createRejection(Object(GuzzleHttp\Handler\EasyHandle), Array)
#1 E:\xampp73\htdocs\filecroco\loader\vendor\guzzlehttp\guzzle\src\Handler\CurlFactory.php(102): GuzzleHttp\Handler\CurlFactory::finishError(Object(GuzzleHttp\Handler\CurlMultiHandler), Object(GuzzleHttp\Handler\EasyHandle), Object(GuzzleHttp\Handler\CurlFactory))
#2 E:\xampp73\htdocs\filecroco\loader\vendor\guzzlehttp\guzzle\src\Handler\CurlMultiHandler.php(181): GuzzleHttp\Handler\CurlFactory::finish(Object(GuzzleHttp\Handler\CurlMultiHandler), Object(GuzzleHttp\Handler\EasyHandle), Object(GuzzleHttp\Handler\CurlFactory))
#3 E:\xampp73\htdocs\filecroco\loader\vendor\guzzlehttp\guzzle\src\Handler\CurlMultiHandler.php(110): GuzzleHttp\Handler\CurlMultiHandler->processMessages()
#4 E:\xampp73\htdocs\filecroco\loader\vendor\guzzlehttp\guzzle\src\Handler\CurlMultiHandler.php(125): GuzzleHttp\Handler\CurlMultiHandler->tick()
#5 E:\xampp73\htdocs\filecroco\loader\vendor\guzzlehttp\promises\src\Promise.php(246): GuzzleHttp\Handler\CurlMultiHandler->execute(true)
#6 E:\xampp73\htdocs\filecroco\loader\vendor\guzzlehttp\promises\src\Promise.php(223): GuzzleHttp\Promise\Promise->invokeWaitFn()
#7 E:\xampp73\htdocs\filecroco\loader\vendor\guzzlehttp\promises\src\Promise.php(267): GuzzleHttp\Promise\Promise->waitIfPending()
#8 E:\xampp73\htdocs\filecroco\loader\vendor\guzzlehttp\promises\src\Promise.php(225): GuzzleHttp\Promise\Promise->invokeWaitList()
#9 E:\xampp73\htdocs\filecroco\loader\vendor\guzzlehttp\promises\src\Promise.php(62): GuzzleHttp\Promise\Promise->waitIfPending()
#10 E:\xampp73\htdocs\filecroco\loader\vendor\guzzlehttp\promises\src\EachPromise.php(101): GuzzleHttp\Promise\Promise->wait()
#11 E:\xampp73\htdocs\filecroco\loader\vendor\guzzlehttp\promises\src\Promise.php(246): GuzzleHttp\Promise\EachPromise->GuzzleHttp\Promise\{closure}(true)
#12 E:\xampp73\htdocs\filecroco\loader\vendor\guzzlehttp\promises\src\Promise.php(223): GuzzleHttp\Promise\Promise->invokeWaitFn()
#13 E:\xampp73\htdocs\filecroco\loader\vendor\guzzlehttp\promises\src\Promise.php(62): GuzzleHttp\Promise\Promise->waitIfPending()
#14 E:\xampp73\htdocs\filecroco\loader\updatedownloadlink.php(95): GuzzleHttp\Promise\Promise->wait()
#15 {main}|342GuzzleHttp\Exception\RequestException: cURL error 56:  (see http://curl.haxx.se/libcurl/c/libcurl-errors.html) in E:\xampp73\htdocs\filecroco\loader\vendor\guzzlehttp\guzzle\src\Handler\CurlFactory.php:186
Stack trace:
#0 E:\xampp73\htdocs\filecroco\loader\vendor\guzzlehttp\guzzle\src\Handler\CurlFactory.php(149): GuzzleHttp\Handler\CurlFactory::createRejection(Object(GuzzleHttp\Handler\EasyHandle), Array)
#1 E:\xampp73\htdocs\filecroco\loader\vendor\guzzlehttp\guzzle\src\Handler\CurlFactory.php(102): GuzzleHttp\Handler\CurlFactory::finishError(Object(GuzzleHttp\Handler\CurlMultiHandler), Object(GuzzleHttp\Handler\EasyHandle), Object(GuzzleHttp\Handler\CurlFactory))
#2 E:\xampp73\htdocs\filecroco\loader\vendor\guzzlehttp\guzzle\src\Handler\CurlMultiHandler.php(181): GuzzleHttp\Handler\CurlFactory::finish(Object(GuzzleHttp\Handler\CurlMultiHandler), Object(GuzzleHttp\Handler\EasyHandle), Object(GuzzleHttp\Handler\CurlFactory))
#3 E:\xampp73\htdocs\filecroco\loader\vendor\guzzlehttp\guzzle\src\Handler\CurlMultiHandler.php(110): GuzzleHttp\Handler\CurlMultiHandler->processMessages()
#4 E:\xampp73\htdocs\filecroco\loader\vendor\guzzlehttp\guzzle\src\Handler\CurlMultiHandler.php(125): GuzzleHttp\Handler\CurlMultiHandler->tick()
#5 E:\xampp73\htdocs\filecroco\loader\vendor\guzzlehttp\promises\src\Promise.php(246): GuzzleHttp\Handler\CurlMultiHandler->execute(true)
#6 E:\xampp73\htdocs\filecroco\loader\vendor\guzzlehttp\promises\src\Promise.php(223): GuzzleHttp\Promise\Promise->invokeWaitFn()
#7 E:\xampp73\htdocs\filecroco\loader\vendor\guzzlehttp\promises\src\Promise.php(267): GuzzleHttp\Promise\Promise->waitIfPending()
#8 E:\xampp73\htdocs\filecroco\loader\vendor\guzzlehttp\promises\src\Promise.php(225): GuzzleHttp\Promise\Promise->invokeWaitList()
#9 E:\xampp73\htdocs\filecroco\loader\vendor\guzzlehttp\promises\src\Promise.php(62): GuzzleHttp\Promise\Promise->waitIfPending()
#10 E:\xampp73\htdocs\filecroco\loader\vendor\guzzlehttp\promises\src\EachPromise.php(101): GuzzleHttp\Promise\Promise->wait()
#11 E:\xampp73\htdocs\filecroco\loader\vendor\guzzlehttp\promises\src\Promise.php(246): GuzzleHttp\Promise\EachPromise->GuzzleHttp\Promise\{closure}(true)
#12 E:\xampp73\htdocs\filecroco\loader\vendor\guzzlehttp\promises\src\Promise.php(223): GuzzleHttp\Promise\Promise->invokeWaitFn()
#13 E:\xampp73\htdocs\filecroco\loader\vendor\guzzlehttp\promises\src\Promise.php(62): GuzzleHttp\Promise\Promise->waitIfPending()
#14 E:\xampp73\htdocs\filecroco\loader\updatedownloadlink.php(95): GuzzleHttp\Promise\Promise->wait()
#15 {main}|343GuzzleHttp\Exception\RequestException: cURL error 56:  (see http://curl.haxx.se/libcurl/c/libcurl-errors.html) in E:\xampp73\htdocs\filecroco\loader\vendor\guzzlehttp\guzzle\src\Handler\CurlFactory.php:186
Stack trace:
#0 E:\xampp73\htdocs\filecroco\loader\vendor\guzzlehttp\guzzle\src\Handler\CurlFactory.php(149): GuzzleHttp\Handler\CurlFactory::createRejection(Object(GuzzleHttp\Handler\EasyHandle), Array)
#1 E:\xampp73\htdocs\filecroco\loader\vendor\guzzlehttp\guzzle\src\Handler\CurlFactory.php(102): GuzzleHttp\Handler\CurlFactory::finishError(Object(GuzzleHttp\Handler\CurlMultiHandler), Object(GuzzleHttp\Handler\EasyHandle), Object(GuzzleHttp\Handler\CurlFactory))
#2 E:\xampp73\htdocs\filecroco\loader\vendor\guzzlehttp\guzzle\src\Handler\CurlMultiHandler.php(181): GuzzleHttp\Handler\CurlFactory::finish(Object(GuzzleHttp\Handler\CurlMultiHandler), Object(GuzzleHttp\Handler\EasyHandle), Object(GuzzleHttp\Handler\CurlFactory))
#3 E:\xampp73\htdocs\filecroco\loader\vendor\guzzlehttp\guzzle\src\Handler\CurlMultiHandler.php(110): GuzzleHttp\Handler\CurlMultiHandler->processMessages()
#4 E:\xampp73\htdocs\filecroco\loader\vendor\guzzlehttp\guzzle\src\Handler\CurlMultiHandler.php(125): GuzzleHttp\Handler\CurlMultiHandler->tick()
#5 E:\xampp73\htdocs\filecroco\loader\vendor\guzzlehttp\promises\src\Promise.php(246): GuzzleHttp\Handler\CurlMultiHandler->execute(true)
#6 E:\xampp73\htdocs\filecroco\loader\vendor\guzzlehttp\promises\src\Promise.php(223): GuzzleHttp\Promise\Promise->invokeWaitFn()
#7 E:\xampp73\htdocs\filecroco\loader\vendor\guzzlehttp\promises\src\Promise.php(267): GuzzleHttp\Promise\Promise->waitIfPending()
#8 E:\xampp73\htdocs\filecroco\loader\vendor\guzzlehttp\promises\src\Promise.php(225): GuzzleHttp\Promise\Promise->invokeWaitList()
#9 E:\xampp73\htdocs\filecroco\loader\vendor\guzzlehttp\promises\src\Promise.php(62): GuzzleHttp\Promise\Promise->waitIfPending()
#10 E:\xampp73\htdocs\filecroco\loader\vendor\guzzlehttp\promises\src\EachPromise.php(101): GuzzleHttp\Promise\Promise->wait()
#11 E:\xampp73\htdocs\filecroco\loader\vendor\guzzlehttp\promises\src\Promise.php(246): GuzzleHttp\Promise\EachPromise->GuzzleHttp\Promise\{closure}(true)
#12 E:\xampp73\htdocs\filecroco\loader\vendor\guzzlehttp\promises\src\Promise.php(223): GuzzleHttp\Promise\Promise->invokeWaitFn()
#13 E:\xampp73\htdocs\filecroco\loader\vendor\guzzlehttp\promises\src\Promise.php(62): GuzzleHttp\Promise\Promise->waitIfPending()
#14 E:\xampp73\htdocs\filecroco\loader\updatedownloadlink.php(95): GuzzleHttp\Promise\Promise->wait()
#15 {main}|344GuzzleHttp\Exception\RequestException: cURL error 56:  (see http://curl.haxx.se/libcurl/c/libcurl-errors.html) in E:\xampp73\htdocs\filecroco\loader\vendor\guzzlehttp\guzzle\src\Handler\CurlFactory.php:186
Stack trace:
#0 E:\xampp73\htdocs\filecroco\loader\vendor\guzzlehttp\guzzle\src\Handler\CurlFactory.php(149): GuzzleHttp\Handler\CurlFactory::createRejection(Object(GuzzleHttp\Handler\EasyHandle), Array)
#1 E:\xampp73\htdocs\filecroco\loader\vendor\guzzlehttp\guzzle\src\Handler\CurlFactory.php(102): GuzzleHttp\Handler\CurlFactory::finishError(Object(GuzzleHttp\Handler\CurlMultiHandler), Object(GuzzleHttp\Handler\EasyHandle), Object(GuzzleHttp\Handler\CurlFactory))
#2 E:\xampp73\htdocs\filecroco\loader\vendor\guzzlehttp\guzzle\src\Handler\CurlMultiHandler.php(181): GuzzleHttp\Handler\CurlFactory::finish(Object(GuzzleHttp\Handler\CurlMultiHandler), Object(GuzzleHttp\Handler\EasyHandle), Object(GuzzleHttp\Handler\CurlFactory))
#3 E:\xampp73\htdocs\filecroco\loader\vendor\guzzlehttp\guzzle\src\Handler\CurlMultiHandler.php(110): GuzzleHttp\Handler\CurlMultiHandler->processMessages()
#4 E:\xampp73\htdocs\filecroco\loader\vendor\guzzlehttp\guzzle\src\Handler\CurlMultiHandler.php(125): GuzzleHttp\Handler\CurlMultiHandler->tick()
#5 E:\xampp73\htdocs\filecroco\loader\vendor\guzzlehttp\promises\src\Promise.php(246): GuzzleHttp\Handler\CurlMultiHandler->execute(true)
#6 E:\xampp73\htdocs\filecroco\loader\vendor\guzzlehttp\promises\src\Promise.php(223): GuzzleHttp\Promise\Promise->invokeWaitFn()
#7 E:\xampp73\htdocs\filecroco\loader\vendor\guzzlehttp\promises\src\Promise.php(267): GuzzleHttp\Promise\Promise->waitIfPending()
#8 E:\xampp73\htdocs\filecroco\loader\vendor\guzzlehttp\promises\src\Promise.php(225): GuzzleHttp\Promise\Promise->invokeWaitList()
#9 E:\xampp73\htdocs\filecroco\loader\vendor\guzzlehttp\promises\src\Promise.php(62): GuzzleHttp\Promise\Promise->waitIfPending()
#10 E:\xampp73\htdocs\filecroco\loader\vendor\guzzlehttp\promises\src\EachPromise.php(101): GuzzleHttp\Promise\Promise->wait()
#11 E:\xampp73\htdocs\filecroco\loader\vendor\guzzlehttp\promises\src\Promise.php(246): GuzzleHttp\Promise\EachPromise->GuzzleHttp\Promise\{closure}(true)
#12 E:\xampp73\htdocs\filecroco\loader\vendor\guzzlehttp\promises\src\Promise.php(223): GuzzleHttp\Promise\Promise->invokeWaitFn()
#13 E:\xampp73\htdocs\filecroco\loader\vendor\guzzlehttp\promises\src\Promise.php(62): GuzzleHttp\Promise\Promise->waitIfPending()
#14 E:\xampp73\htdocs\filecroco\loader\updatedownloadlink.php(95): GuzzleHttp\Promise\Promise->wait()
#15 {main}|345GuzzleHttp\Exception\RequestException: cURL error 56:  (see http://curl.haxx.se/libcurl/c/libcurl-errors.html) in E:\xampp73\htdocs\filecroco\loader\vendor\guzzlehttp\guzzle\src\Handler\CurlFactory.php:186
Stack trace:
#0 E:\xampp73\htdocs\filecroco\loader\vendor\guzzlehttp\guzzle\src\Handler\CurlFactory.php(149): GuzzleHttp\Handler\CurlFactory::createRejection(Object(GuzzleHttp\Handler\EasyHandle), Array)
#1 E:\xampp73\htdocs\filecroco\loader\vendor\guzzlehttp\guzzle\src\Handler\CurlFactory.php(102): GuzzleHttp\Handler\CurlFactory::finishError(Object(GuzzleHttp\Handler\CurlMultiHandler), Object(GuzzleHttp\Handler\EasyHandle), Object(GuzzleHttp\Handler\CurlFactory))
#2 E:\xampp73\htdocs\filecroco\loader\vendor\guzzlehttp\guzzle\src\Handler\CurlMultiHandler.php(181): GuzzleHttp\Handler\CurlFactory::finish(Object(GuzzleHttp\Handler\CurlMultiHandler), Object(GuzzleHttp\Handler\EasyHandle), Object(GuzzleHttp\Handler\CurlFactory))
#3 E:\xampp73\htdocs\filecroco\loader\vendor\guzzlehttp\guzzle\src\Handler\CurlMultiHandler.php(110): GuzzleHttp\Handler\CurlMultiHandler->processMessages()
#4 E:\xampp73\htdocs\filecroco\loader\vendor\guzzlehttp\guzzle\src\Handler\CurlMultiHandler.php(125): GuzzleHttp\Handler\CurlMultiHandler->tick()
#5 E:\xampp73\htdocs\filecroco\loader\vendor\guzzlehttp\promises\src\Promise.php(246): GuzzleHttp\Handler\CurlMultiHandler->execute(true)
#6 E:\xampp73\htdocs\filecroco\loader\vendor\guzzlehttp\promises\src\Promise.php(223): GuzzleHttp\Promise\Promise->invokeWaitFn()
#7 E:\xampp73\htdocs\filecroco\loader\vendor\guzzlehttp\promises\src\Promise.php(267): GuzzleHttp\Promise\Promise->waitIfPending()
#8 E:\xampp73\htdocs\filecroco\loader\vendor\guzzlehttp\promises\src\Promise.php(225): GuzzleHttp\Promise\Promise->invokeWaitList()
#9 E:\xampp73\htdocs\filecroco\loader\vendor\guzzlehttp\promises\src\Promise.php(62): GuzzleHttp\Promise\Promise->waitIfPending()
#10 E:\xampp73\htdocs\filecroco\loader\vendor\guzzlehttp\promises\src\EachPromise.php(101): GuzzleHttp\Promise\Promise->wait()
#11 E:\xampp73\htdocs\filecroco\loader\vendor\guzzlehttp\promises\src\Promise.php(246): GuzzleHttp\Promise\EachPromise->GuzzleHttp\Promise\{closure}(true)
#12 E:\xampp73\htdocs\filecroco\loader\vendor\guzzlehttp\promises\src\Promise.php(223): GuzzleHttp\Promise\Promise->invokeWaitFn()
#13 E:\xampp73\htdocs\filecroco\loader\vendor\guzzlehttp\promises\src\Promise.php(62): GuzzleHttp\Promise\Promise->waitIfPending()
#14 E:\xampp73\htdocs\filecroco\loader\updatedownloadlink.php(95): GuzzleHttp\Promise\Promise->wait()
#15 {main}|346GuzzleHttp\Exception\RequestException: cURL error 56:  (see http://curl.haxx.se/libcurl/c/libcurl-errors.html) in E:\xampp73\htdocs\filecroco\loader\vendor\guzzlehttp\guzzle\src\Handler\CurlFactory.php:186
Stack trace:
#0 E:\xampp73\htdocs\filecroco\loader\vendor\guzzlehttp\guzzle\src\Handler\CurlFactory.php(149): GuzzleHttp\Handler\CurlFactory::createRejection(Object(GuzzleHttp\Handler\EasyHandle), Array)
#1 E:\xampp73\htdocs\filecroco\loader\vendor\guzzlehttp\guzzle\src\Handler\CurlFactory.php(102): GuzzleHttp\Handler\CurlFactory::finishError(Object(GuzzleHttp\Handler\CurlMultiHandler), Object(GuzzleHttp\Handler\EasyHandle), Object(GuzzleHttp\Handler\CurlFactory))
#2 E:\xampp73\htdocs\filecroco\loader\vendor\guzzlehttp\guzzle\src\Handler\CurlMultiHandler.php(181): GuzzleHttp\Handler\CurlFactory::finish(Object(GuzzleHttp\Handler\CurlMultiHandler), Object(GuzzleHttp\Handler\EasyHandle), Object(GuzzleHttp\Handler\CurlFactory))
#3 E:\xampp73\htdocs\filecroco\loader\vendor\guzzlehttp\guzzle\src\Handler\CurlMultiHandler.php(110): GuzzleHttp\Handler\CurlMultiHandler->processMessages()
#4 E:\xampp73\htdocs\filecroco\loader\vendor\guzzlehttp\guzzle\src\Handler\CurlMultiHandler.php(125): GuzzleHttp\Handler\CurlMultiHandler->tick()
#5 E:\xampp73\htdocs\filecroco\loader\vendor\guzzlehttp\promises\src\Promise.php(246): GuzzleHttp\Handler\CurlMultiHandler->execute(true)
#6 E:\xampp73\htdocs\filecroco\loader\vendor\guzzlehttp\promises\src\Promise.php(223): GuzzleHttp\Promise\Promise->invokeWaitFn()
#7 E:\xampp73\htdocs\filecroco\loader\vendor\guzzlehttp\promises\src\Promise.php(267): GuzzleHttp\Promise\Promise->waitIfPending()
#8 E:\xampp73\htdocs\filecroco\loader\vendor\guzzlehttp\promises\src\Promise.php(225): GuzzleHttp\Promise\Promise->invokeWaitList()
#9 E:\xampp73\htdocs\filecroco\loader\vendor\guzzlehttp\promises\src\Promise.php(62): GuzzleHttp\Promise\Promise->waitIfPending()
#10 E:\xampp73\htdocs\filecroco\loader\vendor\guzzlehttp\promises\src\EachPromise.php(101): GuzzleHttp\Promise\Promise->wait()
#11 E:\xampp73\htdocs\filecroco\loader\vendor\guzzlehttp\promises\src\Promise.php(246): GuzzleHttp\Promise\EachPromise->GuzzleHttp\Promise\{closure}(true)
#12 E:\xampp73\htdocs\filecroco\loader\vendor\guzzlehttp\promises\src\Promise.php(223): GuzzleHttp\Promise\Promise->invokeWaitFn()
#13 E:\xampp73\htdocs\filecroco\loader\vendor\guzzlehttp\promises\src\Promise.php(62): GuzzleHttp\Promise\Promise->waitIfPending()
#14 E:\xampp73\htdocs\filecroco\loader\updatedownloadlink.php(95): GuzzleHttp\Promise\Promise->wait()
#15 {main}|347GuzzleHttp\Exception\RequestException: cURL error 56:  (see http://curl.haxx.se/libcurl/c/libcurl-errors.html) in E:\xampp73\htdocs\filecroco\loader\vendor\guzzlehttp\guzzle\src\Handler\CurlFactory.php:186
Stack trace:
#0 E:\xampp73\htdocs\filecroco\loader\vendor\guzzlehttp\guzzle\src\Handler\CurlFactory.php(149): GuzzleHttp\Handler\CurlFactory::createRejection(Object(GuzzleHttp\Handler\EasyHandle), Array)
#1 E:\xampp73\htdocs\filecroco\loader\vendor\guzzlehttp\guzzle\src\Handler\CurlFactory.php(102): GuzzleHttp\Handler\CurlFactory::finishError(Object(GuzzleHttp\Handler\CurlMultiHandler), Object(GuzzleHttp\Handler\EasyHandle), Object(GuzzleHttp\Handler\CurlFactory))
#2 E:\xampp73\htdocs\filecroco\loader\vendor\guzzlehttp\guzzle\src\Handler\CurlMultiHandler.php(181): GuzzleHttp\Handler\CurlFactory::finish(Object(GuzzleHttp\Handler\CurlMultiHandler), Object(GuzzleHttp\Handler\EasyHandle), Object(GuzzleHttp\Handler\CurlFactory))
#3 E:\xampp73\htdocs\filecroco\loader\vendor\guzzlehttp\guzzle\src\Handler\CurlMultiHandler.php(110): GuzzleHttp\Handler\CurlMultiHandler->processMessages()
#4 E:\xampp73\htdocs\filecroco\loader\vendor\guzzlehttp\guzzle\src\Handler\CurlMultiHandler.php(125): GuzzleHttp\Handler\CurlMultiHandler->tick()
#5 E:\xampp73\htdocs\filecroco\loader\vendor\guzzlehttp\promises\src\Promise.php(246): GuzzleHttp\Handler\CurlMultiHandler->execute(true)
#6 E:\xampp73\htdocs\filecroco\loader\vendor\guzzlehttp\promises\src\Promise.php(223): GuzzleHttp\Promise\Promise->invokeWaitFn()
#7 E:\xampp73\htdocs\filecroco\loader\vendor\guzzlehttp\promises\src\Promise.php(267): GuzzleHttp\Promise\Promise->waitIfPending()
#8 E:\xampp73\htdocs\filecroco\loader\vendor\guzzlehttp\promises\src\Promise.php(225): GuzzleHttp\Promise\Promise->invokeWaitList()
#9 E:\xampp73\htdocs\filecroco\loader\vendor\guzzlehttp\promises\src\Promise.php(62): GuzzleHttp\Promise\Promise->waitIfPending()
#10 E:\xampp73\htdocs\filecroco\loader\vendor\guzzlehttp\promises\src\EachPromise.php(101): GuzzleHttp\Promise\Promise->wait()
#11 E:\xampp73\htdocs\filecroco\loader\vendor\guzzlehttp\promises\src\Promise.php(246): GuzzleHttp\Promise\EachPromise->GuzzleHttp\Promise\{closure}(true)
#12 E:\xampp73\htdocs\filecroco\loader\vendor\guzzlehttp\promises\src\Promise.php(223): GuzzleHttp\Promise\Promise->invokeWaitFn()
#13 E:\xampp73\htdocs\filecroco\loader\vendor\guzzlehttp\promises\src\Promise.php(62): GuzzleHttp\Promise\Promise->waitIfPending()
#14 E:\xampp73\htdocs\filecroco\loader\updatedownloadlink.php(95): GuzzleHttp\Promise\Promise->wait()
#15 {main}|348GuzzleHttp\Exception\RequestException: cURL error 56:  (see http://curl.haxx.se/libcurl/c/libcurl-errors.html) in E:\xampp73\htdocs\filecroco\loader\vendor\guzzlehttp\guzzle\src\Handler\CurlFactory.php:186
Stack trace:
#0 E:\xampp73\htdocs\filecroco\loader\vendor\guzzlehttp\guzzle\src\Handler\CurlFactory.php(149): GuzzleHttp\Handler\CurlFactory::createRejection(Object(GuzzleHttp\Handler\EasyHandle), Array)
#1 E:\xampp73\htdocs\filecroco\loader\vendor\guzzlehttp\guzzle\src\Handler\CurlFactory.php(102): GuzzleHttp\Handler\CurlFactory::finishError(Object(GuzzleHttp\Handler\CurlMultiHandler), Object(GuzzleHttp\Handler\EasyHandle), Object(GuzzleHttp\Handler\CurlFactory))
#2 E:\xampp73\htdocs\filecroco\loader\vendor\guzzlehttp\guzzle\src\Handler\CurlMultiHandler.php(181): GuzzleHttp\Handler\CurlFactory::finish(Object(GuzzleHttp\Handler\CurlMultiHandler), Object(GuzzleHttp\Handler\EasyHandle), Object(GuzzleHttp\Handler\CurlFactory))
#3 E:\xampp73\htdocs\filecroco\loader\vendor\guzzlehttp\guzzle\src\Handler\CurlMultiHandler.php(110): GuzzleHttp\Handler\CurlMultiHandler->processMessages()
#4 E:\xampp73\htdocs\filecroco\loader\vendor\guzzlehttp\guzzle\src\Handler\CurlMultiHandler.php(125): GuzzleHttp\Handler\CurlMultiHandler->tick()
#5 E:\xampp73\htdocs\filecroco\loader\vendor\guzzlehttp\promises\src\Promise.php(246): GuzzleHttp\Handler\CurlMultiHandler->execute(true)
#6 E:\xampp73\htdocs\filecroco\loader\vendor\guzzlehttp\promises\src\Promise.php(223): GuzzleHttp\Promise\Promise->invokeWaitFn()
#7 E:\xampp73\htdocs\filecroco\loader\vendor\guzzlehttp\promises\src\Promise.php(267): GuzzleHttp\Promise\Promise->waitIfPending()
#8 E:\xampp73\htdocs\filecroco\loader\vendor\guzzlehttp\promises\src\Promise.php(225): GuzzleHttp\Promise\Promise->invokeWaitList()
#9 E:\xampp73\htdocs\filecroco\loader\vendor\guzzlehttp\promises\src\Promise.php(62): GuzzleHttp\Promise\Promise->waitIfPending()
#10 E:\xampp73\htdocs\filecroco\loader\vendor\guzzlehttp\promises\src\EachPromise.php(101): GuzzleHttp\Promise\Promise->wait()
#11 E:\xampp73\htdocs\filecroco\loader\vendor\guzzlehttp\promises\src\Promise.php(246): GuzzleHttp\Promise\EachPromise->GuzzleHttp\Promise\{closure}(true)
#12 E:\xampp73\htdocs\filecroco\loader\vendor\guzzlehttp\promises\src\Promise.php(223): GuzzleHttp\Promise\Promise->invokeWaitFn()
#13 E:\xampp73\htdocs\filecroco\loader\vendor\guzzlehttp\promises\src\Promise.php(62): GuzzleHttp\Promise\Promise->waitIfPending()
#14 E:\xampp73\htdocs\filecroco\loader\updatedownloadlink.php(95): GuzzleHttp\Promise\Promise->wait()
#15 {main}|349GuzzleHttp\Exception\RequestException: cURL error 56:  (see http://curl.haxx.se/libcurl/c/libcurl-errors.html) in E:\xampp73\htdocs\filecroco\loader\vendor\guzzlehttp\guzzle\src\Handler\CurlFactory.php:186
Stack trace:
#0 E:\xampp73\htdocs\filecroco\loader\vendor\guzzlehttp\guzzle\src\Handler\CurlFactory.php(149): GuzzleHttp\Handler\CurlFactory::createRejection(Object(GuzzleHttp\Handler\EasyHandle), Array)
#1 E:\xampp73\htdocs\filecroco\loader\vendor\guzzlehttp\guzzle\src\Handler\CurlFactory.php(102): GuzzleHttp\Handler\CurlFactory::finishError(Object(GuzzleHttp\Handler\CurlMultiHandler), Object(GuzzleHttp\Handler\EasyHandle), Object(GuzzleHttp\Handler\CurlFactory))
#2 E:\xampp73\htdocs\filecroco\loader\vendor\guzzlehttp\guzzle\src\Handler\CurlMultiHandler.php(181): GuzzleHttp\Handler\CurlFactory::finish(Object(GuzzleHttp\Handler\CurlMultiHandler), Object(GuzzleHttp\Handler\EasyHandle), Object(GuzzleHttp\Handler\CurlFactory))
#3 E:\xampp73\htdocs\filecroco\loader\vendor\guzzlehttp\guzzle\src\Handler\CurlMultiHandler.php(110): GuzzleHttp\Handler\CurlMultiHandler->processMessages()
#4 E:\xampp73\htdocs\filecroco\loader\vendor\guzzlehttp\guzzle\src\Handler\CurlMultiHandler.php(125): GuzzleHttp\Handler\CurlMultiHandler->tick()
#5 E:\xampp73\htdocs\filecroco\loader\vendor\guzzlehttp\promises\src\Promise.php(246): GuzzleHttp\Handler\CurlMultiHandler->execute(true)
#6 E:\xampp73\htdocs\filecroco\loader\vendor\guzzlehttp\promises\src\Promise.php(223): GuzzleHttp\Promise\Promise->invokeWaitFn()
#7 E:\xampp73\htdocs\filecroco\loader\vendor\guzzlehttp\promises\src\Promise.php(267): GuzzleHttp\Promise\Promise->waitIfPending()
#8 E:\xampp73\htdocs\filecroco\loader\vendor\guzzlehttp\promises\src\Promise.php(225): GuzzleHttp\Promise\Promise->invokeWaitList()
#9 E:\xampp73\htdocs\filecroco\loader\vendor\guzzlehttp\promises\src\Promise.php(62): GuzzleHttp\Promise\Promise->waitIfPending()
#10 E:\xampp73\htdocs\filecroco\loader\vendor\guzzlehttp\promises\src\EachPromise.php(101): GuzzleHttp\Promise\Promise->wait()
#11 E:\xampp73\htdocs\filecroco\loader\vendor\guzzlehttp\promises\src\Promise.php(246): GuzzleHttp\Promise\EachPromise->GuzzleHttp\Promise\{closure}(true)
#12 E:\xampp73\htdocs\filecroco\loader\vendor\guzzlehttp\promises\src\Promise.php(223): GuzzleHttp\Promise\Promise->invokeWaitFn()
#13 E:\xampp73\htdocs\filecroco\loader\vendor\guzzlehttp\promises\src\Promise.php(62): GuzzleHttp\Promise\Promise->waitIfPending()
#14 E:\xampp73\htdocs\filecroco\loader\updatedownloadlink.php(95): GuzzleHttp\Promise\Promise->wait()
#15 {main}|350GuzzleHttp\Exception\RequestException: cURL error 56:  (see http://curl.haxx.se/libcurl/c/libcurl-errors.html) in E:\xampp73\htdocs\filecroco\loader\vendor\guzzlehttp\guzzle\src\Handler\CurlFactory.php:186
Stack trace:
#0 E:\xampp73\htdocs\filecroco\loader\vendor\guzzlehttp\guzzle\src\Handler\CurlFactory.php(149): GuzzleHttp\Handler\CurlFactory::createRejection(Object(GuzzleHttp\Handler\EasyHandle), Array)
#1 E:\xampp73\htdocs\filecroco\loader\vendor\guzzlehttp\guzzle\src\Handler\CurlFactory.php(102): GuzzleHttp\Handler\CurlFactory::finishError(Object(GuzzleHttp\Handler\CurlMultiHandler), Object(GuzzleHttp\Handler\EasyHandle), Object(GuzzleHttp\Handler\CurlFactory))
#2 E:\xampp73\htdocs\filecroco\loader\vendor\guzzlehttp\guzzle\src\Handler\CurlMultiHandler.php(181): GuzzleHttp\Handler\CurlFactory::finish(Object(GuzzleHttp\Handler\CurlMultiHandler), Object(GuzzleHttp\Handler\EasyHandle), Object(GuzzleHttp\Handler\CurlFactory))
#3 E:\xampp73\htdocs\filecroco\loader\vendor\guzzlehttp\guzzle\src\Handler\CurlMultiHandler.php(110): GuzzleHttp\Handler\CurlMultiHandler->processMessages()
#4 E:\xampp73\htdocs\filecroco\loader\vendor\guzzlehttp\guzzle\src\Handler\CurlMultiHandler.php(125): GuzzleHttp\Handler\CurlMultiHandler->tick()
#5 E:\xampp73\htdocs\filecroco\loader\vendor\guzzlehttp\promises\src\Promise.php(246): GuzzleHttp\Handler\CurlMultiHandler->execute(true)
#6 E:\xampp73\htdocs\filecroco\loader\vendor\guzzlehttp\promises\src\Promise.php(223): GuzzleHttp\Promise\Promise->invokeWaitFn()
#7 E:\xampp73\htdocs\filecroco\loader\vendor\guzzlehttp\promises\src\Promise.php(267): GuzzleHttp\Promise\Promise->waitIfPending()
#8 E:\xampp73\htdocs\filecroco\loader\vendor\guzzlehttp\promises\src\Promise.php(225): GuzzleHttp\Promise\Promise->invokeWaitList()
#9 E:\xampp73\htdocs\filecroco\loader\vendor\guzzlehttp\promises\src\Promise.php(62): GuzzleHttp\Promise\Promise->waitIfPending()
#10 E:\xampp73\htdocs\filecroco\loader\vendor\guzzlehttp\promises\src\EachPromise.php(101): GuzzleHttp\Promise\Promise->wait()
#11 E:\xampp73\htdocs\filecroco\loader\vendor\guzzlehttp\promises\src\Promise.php(246): GuzzleHttp\Promise\EachPromise->GuzzleHttp\Promise\{closure}(true)
#12 E:\xampp73\htdocs\filecroco\loader\vendor\guzzlehttp\promises\src\Promise.php(223): GuzzleHttp\Promise\Promise->invokeWaitFn()
#13 E:\xampp73\htdocs\filecroco\loader\vendor\guzzlehttp\promises\src\Promise.php(62): GuzzleHttp\Promise\Promise->waitIfPending()
#14 E:\xampp73\htdocs\filecroco\loader\updatedownloadlink.php(95): GuzzleHttp\Promise\Promise->wait()
#15 {main}|351GuzzleHttp\Exception\RequestException: cURL error 56:  (see http://curl.haxx.se/libcurl/c/libcurl-errors.html) in E:\xampp73\htdocs\filecroco\loader\vendor\guzzlehttp\guzzle\src\Handler\CurlFactory.php:186
Stack trace:
#0 E:\xampp73\htdocs\filecroco\loader\vendor\guzzlehttp\guzzle\src\Handler\CurlFactory.php(149): GuzzleHttp\Handler\CurlFactory::createRejection(Object(GuzzleHttp\Handler\EasyHandle), Array)
#1 E:\xampp73\htdocs\filecroco\loader\vendor\guzzlehttp\guzzle\src\Handler\CurlFactory.php(102): GuzzleHttp\Handler\CurlFactory::finishError(Object(GuzzleHttp\Handler\CurlMultiHandler), Object(GuzzleHttp\Handler\EasyHandle), Object(GuzzleHttp\Handler\CurlFactory))
#2 E:\xampp73\htdocs\filecroco\loader\vendor\guzzlehttp\guzzle\src\Handler\CurlMultiHandler.php(181): GuzzleHttp\Handler\CurlFactory::finish(Object(GuzzleHttp\Handler\CurlMultiHandler), Object(GuzzleHttp\Handler\EasyHandle), Object(GuzzleHttp\Handler\CurlFactory))
#3 E:\xampp73\htdocs\filecroco\loader\vendor\guzzlehttp\guzzle\src\Handler\CurlMultiHandler.php(110): GuzzleHttp\Handler\CurlMultiHandler->processMessages()
#4 E:\xampp73\htdocs\filecroco\loader\vendor\guzzlehttp\guzzle\src\Handler\CurlMultiHandler.php(125): GuzzleHttp\Handler\CurlMultiHandler->tick()
#5 E:\xampp73\htdocs\filecroco\loader\vendor\guzzlehttp\promises\src\Promise.php(246): GuzzleHttp\Handler\CurlMultiHandler->execute(true)
#6 E:\xampp73\htdocs\filecroco\loader\vendor\guzzlehttp\promises\src\Promise.php(223): GuzzleHttp\Promise\Promise->invokeWaitFn()
#7 E:\xampp73\htdocs\filecroco\loader\vendor\guzzlehttp\promises\src\Promise.php(267): GuzzleHttp\Promise\Promise->waitIfPending()
#8 E:\xampp73\htdocs\filecroco\loader\vendor\guzzlehttp\promises\src\Promise.php(225): GuzzleHttp\Promise\Promise->invokeWaitList()
#9 E:\xampp73\htdocs\filecroco\loader\vendor\guzzlehttp\promises\src\Promise.php(62): GuzzleHttp\Promise\Promise->waitIfPending()
#10 E:\xampp73\htdocs\filecroco\loader\vendor\guzzlehttp\promises\src\EachPromise.php(101): GuzzleHttp\Promise\Promise->wait()
#11 E:\xampp73\htdocs\filecroco\loader\vendor\guzzlehttp\promises\src\Promise.php(246): GuzzleHttp\Promise\EachPromise->GuzzleHttp\Promise\{closure}(true)
#12 E:\xampp73\htdocs\filecroco\loader\vendor\guzzlehttp\promises\src\Promise.php(223): GuzzleHttp\Promise\Promise->invokeWaitFn()
#13 E:\xampp73\htdocs\filecroco\loader\vendor\guzzlehttp\promises\src\Promise.php(62): GuzzleHttp\Promise\Promise->waitIfPending()
#14 E:\xampp73\htdocs\filecroco\loader\updatedownloadlink.php(95): GuzzleHttp\Promise\Promise->wait()
#15 {main}|352GuzzleHttp\Exception\RequestException: cURL error 56:  (see http://curl.haxx.se/libcurl/c/libcurl-errors.html) in E:\xampp73\htdocs\filecroco\loader\vendor\guzzlehttp\guzzle\src\Handler\CurlFactory.php:186
Stack trace:
#0 E:\xampp73\htdocs\filecroco\loader\vendor\guzzlehttp\guzzle\src\Handler\CurlFactory.php(149): GuzzleHttp\Handler\CurlFactory::createRejection(Object(GuzzleHttp\Handler\EasyHandle), Array)
#1 E:\xampp73\htdocs\filecroco\loader\vendor\guzzlehttp\guzzle\src\Handler\CurlFactory.php(102): GuzzleHttp\Handler\CurlFactory::finishError(Object(GuzzleHttp\Handler\CurlMultiHandler), Object(GuzzleHttp\Handler\EasyHandle), Object(GuzzleHttp\Handler\CurlFactory))
#2 E:\xampp73\htdocs\filecroco\loader\vendor\guzzlehttp\guzzle\src\Handler\CurlMultiHandler.php(181): GuzzleHttp\Handler\CurlFactory::finish(Object(GuzzleHttp\Handler\CurlMultiHandler), Object(GuzzleHttp\Handler\EasyHandle), Object(GuzzleHttp\Handler\CurlFactory))
#3 E:\xampp73\htdocs\filecroco\loader\vendor\guzzlehttp\guzzle\src\Handler\CurlMultiHandler.php(110): GuzzleHttp\Handler\CurlMultiHandler->processMessages()
#4 E:\xampp73\htdocs\filecroco\loader\vendor\guzzlehttp\guzzle\src\Handler\CurlMultiHandler.php(125): GuzzleHttp\Handler\CurlMultiHandler->tick()
#5 E:\xampp73\htdocs\filecroco\loader\vendor\guzzlehttp\promises\src\Promise.php(246): GuzzleHttp\Handler\CurlMultiHandler->execute(true)
#6 E:\xampp73\htdocs\filecroco\loader\vendor\guzzlehttp\promises\src\Promise.php(223): GuzzleHttp\Promise\Promise->invokeWaitFn()
#7 E:\xampp73\htdocs\filecroco\loader\vendor\guzzlehttp\promises\src\Promise.php(267): GuzzleHttp\Promise\Promise->waitIfPending()
#8 E:\xampp73\htdocs\filecroco\loader\vendor\guzzlehttp\promises\src\Promise.php(225): GuzzleHttp\Promise\Promise->invokeWaitList()
#9 E:\xampp73\htdocs\filecroco\loader\vendor\guzzlehttp\promises\src\Promise.php(62): GuzzleHttp\Promise\Promise->waitIfPending()
#10 E:\xampp73\htdocs\filecroco\loader\vendor\guzzlehttp\promises\src\EachPromise.php(101): GuzzleHttp\Promise\Promise->wait()
#11 E:\xampp73\htdocs\filecroco\loader\vendor\guzzlehttp\promises\src\Promise.php(246): GuzzleHttp\Promise\EachPromise->GuzzleHttp\Promise\{closure}(true)
#12 E:\xampp73\htdocs\filecroco\loader\vendor\guzzlehttp\promises\src\Promise.php(223): GuzzleHttp\Promise\Promise->invokeWaitFn()
#13 E:\xampp73\htdocs\filecroco\loader\vendor\guzzlehttp\promises\src\Promise.php(62): GuzzleHttp\Promise\Promise->waitIfPending()
#14 E:\xampp73\htdocs\filecroco\loader\updatedownloadlink.php(95): GuzzleHttp\Promise\Promise->wait()
#15 {main}|353GuzzleHttp\Exception\RequestException: cURL error 56:  (see http://curl.haxx.se/libcurl/c/libcurl-errors.html) in E:\xampp73\htdocs\filecroco\loader\vendor\guzzlehttp\guzzle\src\Handler\CurlFactory.php:186
Stack trace:
#0 E:\xampp73\htdocs\filecroco\loader\vendor\guzzlehttp\guzzle\src\Handler\CurlFactory.php(149): GuzzleHttp\Handler\CurlFactory::createRejection(Object(GuzzleHttp\Handler\EasyHandle), Array)
#1 E:\xampp73\htdocs\filecroco\loader\vendor\guzzlehttp\guzzle\src\Handler\CurlFactory.php(102): GuzzleHttp\Handler\CurlFactory::finishError(Object(GuzzleHttp\Handler\CurlMultiHandler), Object(GuzzleHttp\Handler\EasyHandle), Object(GuzzleHttp\Handler\CurlFactory))
#2 E:\xampp73\htdocs\filecroco\loader\vendor\guzzlehttp\guzzle\src\Handler\CurlMultiHandler.php(181): GuzzleHttp\Handler\CurlFactory::finish(Object(GuzzleHttp\Handler\CurlMultiHandler), Object(GuzzleHttp\Handler\EasyHandle), Object(GuzzleHttp\Handler\CurlFactory))
#3 E:\xampp73\htdocs\filecroco\loader\vendor\guzzlehttp\guzzle\src\Handler\CurlMultiHandler.php(110): GuzzleHttp\Handler\CurlMultiHandler->processMessages()
#4 E:\xampp73\htdocs\filecroco\loader\vendor\guzzlehttp\guzzle\src\Handler\CurlMultiHandler.php(125): GuzzleHttp\Handler\CurlMultiHandler->tick()
#5 E:\xampp73\htdocs\filecroco\loader\vendor\guzzlehttp\promises\src\Promise.php(246): GuzzleHttp\Handler\CurlMultiHandler->execute(true)
#6 E:\xampp73\htdocs\filecroco\loader\vendor\guzzlehttp\promises\src\Promise.php(223): GuzzleHttp\Promise\Promise->invokeWaitFn()
#7 E:\xampp73\htdocs\filecroco\loader\vendor\guzzlehttp\promises\src\Promise.php(267): GuzzleHttp\Promise\Promise->waitIfPending()
#8 E:\xampp73\htdocs\filecroco\loader\vendor\guzzlehttp\promises\src\Promise.php(225): GuzzleHttp\Promise\Promise->invokeWaitList()
#9 E:\xampp73\htdocs\filecroco\loader\vendor\guzzlehttp\promises\src\Promise.php(62): GuzzleHttp\Promise\Promise->waitIfPending()
#10 E:\xampp73\htdocs\filecroco\loader\vendor\guzzlehttp\promises\src\EachPromise.php(101): GuzzleHttp\Promise\Promise->wait()
#11 E:\xampp73\htdocs\filecroco\loader\vendor\guzzlehttp\promises\src\Promise.php(246): GuzzleHttp\Promise\EachPromise->GuzzleHttp\Promise\{closure}(true)
#12 E:\xampp73\htdocs\filecroco\loader\vendor\guzzlehttp\promises\src\Promise.php(223): GuzzleHttp\Promise\Promise->invokeWaitFn()
#13 E:\xampp73\htdocs\filecroco\loader\vendor\guzzlehttp\promises\src\Promise.php(62): GuzzleHttp\Promise\Promise->waitIfPending()
#14 E:\xampp73\htdocs\filecroco\loader\updatedownloadlink.php(95): GuzzleHttp\Promise\Promise->wait()
#15 {main}|354GuzzleHttp\Exception\RequestException: cURL error 56:  (see http://curl.haxx.se/libcurl/c/libcurl-errors.html) in E:\xampp73\htdocs\filecroco\loader\vendor\guzzlehttp\guzzle\src\Handler\CurlFactory.php:186
Stack trace:
#0 E:\xampp73\htdocs\filecroco\loader\vendor\guzzlehttp\guzzle\src\Handler\CurlFactory.php(149): GuzzleHttp\Handler\CurlFactory::createRejection(Object(GuzzleHttp\Handler\EasyHandle), Array)
#1 E:\xampp73\htdocs\filecroco\loader\vendor\guzzlehttp\guzzle\src\Handler\CurlFactory.php(102): GuzzleHttp\Handler\CurlFactory::finishError(Object(GuzzleHttp\Handler\CurlMultiHandler), Object(GuzzleHttp\Handler\EasyHandle), Object(GuzzleHttp\Handler\CurlFactory))
#2 E:\xampp73\htdocs\filecroco\loader\vendor\guzzlehttp\guzzle\src\Handler\CurlMultiHandler.php(181): GuzzleHttp\Handler\CurlFactory::finish(Object(GuzzleHttp\Handler\CurlMultiHandler), Object(GuzzleHttp\Handler\EasyHandle), Object(GuzzleHttp\Handler\CurlFactory))
#3 E:\xampp73\htdocs\filecroco\loader\vendor\guzzlehttp\guzzle\src\Handler\CurlMultiHandler.php(110): GuzzleHttp\Handler\CurlMultiHandler->processMessages()
#4 E:\xampp73\htdocs\filecroco\loader\vendor\guzzlehttp\guzzle\src\Handler\CurlMultiHandler.php(125): GuzzleHttp\Handler\CurlMultiHandler->tick()
#5 E:\xampp73\htdocs\filecroco\loader\vendor\guzzlehttp\promises\src\Promise.php(246): GuzzleHttp\Handler\CurlMultiHandler->execute(true)
#6 E:\xampp73\htdocs\filecroco\loader\vendor\guzzlehttp\promises\src\Promise.php(223): GuzzleHttp\Promise\Promise->invokeWaitFn()
#7 E:\xampp73\htdocs\filecroco\loader\vendor\guzzlehttp\promises\src\Promise.php(267): GuzzleHttp\Promise\Promise->waitIfPending()
#8 E:\xampp73\htdocs\filecroco\loader\vendor\guzzlehttp\promises\src\Promise.php(225): GuzzleHttp\Promise\Promise->invokeWaitList()
#9 E:\xampp73\htdocs\filecroco\loader\vendor\guzzlehttp\promises\src\Promise.php(62): GuzzleHttp\Promise\Promise->waitIfPending()
#10 E:\xampp73\htdocs\filecroco\loader\vendor\guzzlehttp\promises\src\EachPromise.php(101): GuzzleHttp\Promise\Promise->wait()
#11 E:\xampp73\htdocs\filecroco\loader\vendor\guzzlehttp\promises\src\Promise.php(246): GuzzleHttp\Promise\EachPromise->GuzzleHttp\Promise\{closure}(true)
#12 E:\xampp73\htdocs\filecroco\loader\vendor\guzzlehttp\promises\src\Promise.php(223): GuzzleHttp\Promise\Promise->invokeWaitFn()
#13 E:\xampp73\htdocs\filecroco\loader\vendor\guzzlehttp\promises\src\Promise.php(62): GuzzleHttp\Promise\Promise->waitIfPending()
#14 E:\xampp73\htdocs\filecroco\loader\updatedownloadlink.php(95): GuzzleHttp\Promise\Promise->wait()
#15 {main}|355GuzzleHttp\Exception\RequestException: cURL error 56:  (see http://curl.haxx.se/libcurl/c/libcurl-errors.html) in E:\xampp73\htdocs\filecroco\loader\vendor\guzzlehttp\guzzle\src\Handler\CurlFactory.php:186
Stack trace:
#0 E:\xampp73\htdocs\filecroco\loader\vendor\guzzlehttp\guzzle\src\Handler\CurlFactory.php(149): GuzzleHttp\Handler\CurlFactory::createRejection(Object(GuzzleHttp\Handler\EasyHandle), Array)
#1 E:\xampp73\htdocs\filecroco\loader\vendor\guzzlehttp\guzzle\src\Handler\CurlFactory.php(102): GuzzleHttp\Handler\CurlFactory::finishError(Object(GuzzleHttp\Handler\CurlMultiHandler), Object(GuzzleHttp\Handler\EasyHandle), Object(GuzzleHttp\Handler\CurlFactory))
#2 E:\xampp73\htdocs\filecroco\loader\vendor\guzzlehttp\guzzle\src\Handler\CurlMultiHandler.php(181): GuzzleHttp\Handler\CurlFactory::finish(Object(GuzzleHttp\Handler\CurlMultiHandler), Object(GuzzleHttp\Handler\EasyHandle), Object(GuzzleHttp\Handler\CurlFactory))
#3 E:\xampp73\htdocs\filecroco\loader\vendor\guzzlehttp\guzzle\src\Handler\CurlMultiHandler.php(110): GuzzleHttp\Handler\CurlMultiHandler->processMessages()
#4 E:\xampp73\htdocs\filecroco\loader\vendor\guzzlehttp\guzzle\src\Handler\CurlMultiHandler.php(125): GuzzleHttp\Handler\CurlMultiHandler->tick()
#5 E:\xampp73\htdocs\filecroco\loader\vendor\guzzlehttp\promises\src\Promise.php(246): GuzzleHttp\Handler\CurlMultiHandler->execute(true)
#6 E:\xampp73\htdocs\filecroco\loader\vendor\guzzlehttp\promises\src\Promise.php(223): GuzzleHttp\Promise\Promise->invokeWaitFn()
#7 E:\xampp73\htdocs\filecroco\loader\vendor\guzzlehttp\promises\src\Promise.php(267): GuzzleHttp\Promise\Promise->waitIfPending()
#8 E:\xampp73\htdocs\filecroco\loader\vendor\guzzlehttp\promises\src\Promise.php(225): GuzzleHttp\Promise\Promise->invokeWaitList()
#9 E:\xampp73\htdocs\filecroco\loader\vendor\guzzlehttp\promises\src\Promise.php(62): GuzzleHttp\Promise\Promise->waitIfPending()
#10 E:\xampp73\htdocs\filecroco\loader\vendor\guzzlehttp\promises\src\EachPromise.php(101): GuzzleHttp\Promise\Promise->wait()
#11 E:\xampp73\htdocs\filecroco\loader\vendor\guzzlehttp\promises\src\Promise.php(246): GuzzleHttp\Promise\EachPromise->GuzzleHttp\Promise\{closure}(true)
#12 E:\xampp73\htdocs\filecroco\loader\vendor\guzzlehttp\promises\src\Promise.php(223): GuzzleHttp\Promise\Promise->invokeWaitFn()
#13 E:\xampp73\htdocs\filecroco\loader\vendor\guzzlehttp\promises\src\Promise.php(62): GuzzleHttp\Promise\Promise->waitIfPending()
#14 E:\xampp73\htdocs\filecroco\loader\updatedownloadlink.php(95): GuzzleHttp\Promise\Promise->wait()
#15 {main}|356GuzzleHttp\Exception\RequestException: cURL error 56:  (see http://curl.haxx.se/libcurl/c/libcurl-errors.html) in E:\xampp73\htdocs\filecroco\loader\vendor\guzzlehttp\guzzle\src\Handler\CurlFactory.php:186
Stack trace:
#0 E:\xampp73\htdocs\filecroco\loader\vendor\guzzlehttp\guzzle\src\Handler\CurlFactory.php(149): GuzzleHttp\Handler\CurlFactory::createRejection(Object(GuzzleHttp\Handler\EasyHandle), Array)
#1 E:\xampp73\htdocs\filecroco\loader\vendor\guzzlehttp\guzzle\src\Handler\CurlFactory.php(102): GuzzleHttp\Handler\CurlFactory::finishError(Object(GuzzleHttp\Handler\CurlMultiHandler), Object(GuzzleHttp\Handler\EasyHandle), Object(GuzzleHttp\Handler\CurlFactory))
#2 E:\xampp73\htdocs\filecroco\loader\vendor\guzzlehttp\guzzle\src\Handler\CurlMultiHandler.php(181): GuzzleHttp\Handler\CurlFactory::finish(Object(GuzzleHttp\Handler\CurlMultiHandler), Object(GuzzleHttp\Handler\EasyHandle), Object(GuzzleHttp\Handler\CurlFactory))
#3 E:\xampp73\htdocs\filecroco\loader\vendor\guzzlehttp\guzzle\src\Handler\CurlMultiHandler.php(110): GuzzleHttp\Handler\CurlMultiHandler->processMessages()
#4 E:\xampp73\htdocs\filecroco\loader\vendor\guzzlehttp\guzzle\src\Handler\CurlMultiHandler.php(125): GuzzleHttp\Handler\CurlMultiHandler->tick()
#5 E:\xampp73\htdocs\filecroco\loader\vendor\guzzlehttp\promises\src\Promise.php(246): GuzzleHttp\Handler\CurlMultiHandler->execute(true)
#6 E:\xampp73\htdocs\filecroco\loader\vendor\guzzlehttp\promises\src\Promise.php(223): GuzzleHttp\Promise\Promise->invokeWaitFn()
#7 E:\xampp73\htdocs\filecroco\loader\vendor\guzzlehttp\promises\src\Promise.php(267): GuzzleHttp\Promise\Promise->waitIfPending()
#8 E:\xampp73\htdocs\filecroco\loader\vendor\guzzlehttp\promises\src\Promise.php(225): GuzzleHttp\Promise\Promise->invokeWaitList()
#9 E:\xampp73\htdocs\filecroco\loader\vendor\guzzlehttp\promises\src\Promise.php(62): GuzzleHttp\Promise\Promise->waitIfPending()
#10 E:\xampp73\htdocs\filecroco\loader\vendor\guzzlehttp\promises\src\EachPromise.php(101): GuzzleHttp\Promise\Promise->wait()
#11 E:\xampp73\htdocs\filecroco\loader\vendor\guzzlehttp\promises\src\Promise.php(246): GuzzleHttp\Promise\EachPromise->GuzzleHttp\Promise\{closure}(true)
#12 E:\xampp73\htdocs\filecroco\loader\vendor\guzzlehttp\promises\src\Promise.php(223): GuzzleHttp\Promise\Promise->invokeWaitFn()
#13 E:\xampp73\htdocs\filecroco\loader\vendor\guzzlehttp\promises\src\Promise.php(62): GuzzleHttp\Promise\Promise->waitIfPending()
#14 E:\xampp73\htdocs\filecroco\loader\updatedownloadlink.php(95): GuzzleHttp\Promise\Promise->wait()
#15 {main}|357GuzzleHttp\Exception\RequestException: cURL error 56:  (see http://curl.haxx.se/libcurl/c/libcurl-errors.html) in E:\xampp73\htdocs\filecroco\loader\vendor\guzzlehttp\guzzle\src\Handler\CurlFactory.php:186
Stack trace:
#0 E:\xampp73\htdocs\filecroco\loader\vendor\guzzlehttp\guzzle\src\Handler\CurlFactory.php(149): GuzzleHttp\Handler\CurlFactory::createRejection(Object(GuzzleHttp\Handler\EasyHandle), Array)
#1 E:\xampp73\htdocs\filecroco\loader\vendor\guzzlehttp\guzzle\src\Handler\CurlFactory.php(102): GuzzleHttp\Handler\CurlFactory::finishError(Object(GuzzleHttp\Handler\CurlMultiHandler), Object(GuzzleHttp\Handler\EasyHandle), Object(GuzzleHttp\Handler\CurlFactory))
#2 E:\xampp73\htdocs\filecroco\loader\vendor\guzzlehttp\guzzle\src\Handler\CurlMultiHandler.php(181): GuzzleHttp\Handler\CurlFactory::finish(Object(GuzzleHttp\Handler\CurlMultiHandler), Object(GuzzleHttp\Handler\EasyHandle), Object(GuzzleHttp\Handler\CurlFactory))
#3 E:\xampp73\htdocs\filecroco\loader\vendor\guzzlehttp\guzzle\src\Handler\CurlMultiHandler.php(110): GuzzleHttp\Handler\CurlMultiHandler->processMessages()
#4 E:\xampp73\htdocs\filecroco\loader\vendor\guzzlehttp\guzzle\src\Handler\CurlMultiHandler.php(125): GuzzleHttp\Handler\CurlMultiHandler->tick()
#5 E:\xampp73\htdocs\filecroco\loader\vendor\guzzlehttp\promises\src\Promise.php(246): GuzzleHttp\Handler\CurlMultiHandler->execute(true)
#6 E:\xampp73\htdocs\filecroco\loader\vendor\guzzlehttp\promises\src\Promise.php(223): GuzzleHttp\Promise\Promise->invokeWaitFn()
#7 E:\xampp73\htdocs\filecroco\loader\vendor\guzzlehttp\promises\src\Promise.php(267): GuzzleHttp\Promise\Promise->waitIfPending()
#8 E:\xampp73\htdocs\filecroco\loader\vendor\guzzlehttp\promises\src\Promise.php(225): GuzzleHttp\Promise\Promise->invokeWaitList()
#9 E:\xampp73\htdocs\filecroco\loader\vendor\guzzlehttp\promises\src\Promise.php(62): GuzzleHttp\Promise\Promise->waitIfPending()
#10 E:\xampp73\htdocs\filecroco\loader\vendor\guzzlehttp\promises\src\EachPromise.php(101): GuzzleHttp\Promise\Promise->wait()
#11 E:\xampp73\htdocs\filecroco\loader\vendor\guzzlehttp\promises\src\Promise.php(246): GuzzleHttp\Promise\EachPromise->GuzzleHttp\Promise\{closure}(true)
#12 E:\xampp73\htdocs\filecroco\loader\vendor\guzzlehttp\promises\src\Promise.php(223): GuzzleHttp\Promise\Promise->invokeWaitFn()
#13 E:\xampp73\htdocs\filecroco\loader\vendor\guzzlehttp\promises\src\Promise.php(62): GuzzleHttp\Promise\Promise->waitIfPending()
#14 E:\xampp73\htdocs\filecroco\loader\updatedownloadlink.php(95): GuzzleHttp\Promise\Promise->wait()
#15 {main}|358GuzzleHttp\Exception\RequestException: cURL error 56:  (see http://curl.haxx.se/libcurl/c/libcurl-errors.html) in E:\xampp73\htdocs\filecroco\loader\vendor\guzzlehttp\guzzle\src\Handler\CurlFactory.php:186
Stack trace:
#0 E:\xampp73\htdocs\filecroco\loader\vendor\guzzlehttp\guzzle\src\Handler\CurlFactory.php(149): GuzzleHttp\Handler\CurlFactory::createRejection(Object(GuzzleHttp\Handler\EasyHandle), Array)
#1 E:\xampp73\htdocs\filecroco\loader\vendor\guzzlehttp\guzzle\src\Handler\CurlFactory.php(102): GuzzleHttp\Handler\CurlFactory::finishError(Object(GuzzleHttp\Handler\CurlMultiHandler), Object(GuzzleHttp\Handler\EasyHandle), Object(GuzzleHttp\Handler\CurlFactory))
#2 E:\xampp73\htdocs\filecroco\loader\vendor\guzzlehttp\guzzle\src\Handler\CurlMultiHandler.php(181): GuzzleHttp\Handler\CurlFactory::finish(Object(GuzzleHttp\Handler\CurlMultiHandler), Object(GuzzleHttp\Handler\EasyHandle), Object(GuzzleHttp\Handler\CurlFactory))
#3 E:\xampp73\htdocs\filecroco\loader\vendor\guzzlehttp\guzzle\src\Handler\CurlMultiHandler.php(110): GuzzleHttp\Handler\CurlMultiHandler->processMessages()
#4 E:\xampp73\htdocs\filecroco\loader\vendor\guzzlehttp\guzzle\src\Handler\CurlMultiHandler.php(125): GuzzleHttp\Handler\CurlMultiHandler->tick()
#5 E:\xampp73\htdocs\filecroco\loader\vendor\guzzlehttp\promises\src\Promise.php(246): GuzzleHttp\Handler\CurlMultiHandler->execute(true)
#6 E:\xampp73\htdocs\filecroco\loader\vendor\guzzlehttp\promises\src\Promise.php(223): GuzzleHttp\Promise\Promise->invokeWaitFn()
#7 E:\xampp73\htdocs\filecroco\loader\vendor\guzzlehttp\promises\src\Promise.php(267): GuzzleHttp\Promise\Promise->waitIfPending()
#8 E:\xampp73\htdocs\filecroco\loader\vendor\guzzlehttp\promises\src\Promise.php(225): GuzzleHttp\Promise\Promise->invokeWaitList()
#9 E:\xampp73\htdocs\filecroco\loader\vendor\guzzlehttp\promises\src\Promise.php(62): GuzzleHttp\Promise\Promise->waitIfPending()
#10 E:\xampp73\htdocs\filecroco\loader\vendor\guzzlehttp\promises\src\EachPromise.php(101): GuzzleHttp\Promise\Promise->wait()
#11 E:\xampp73\htdocs\filecroco\loader\vendor\guzzlehttp\promises\src\Promise.php(246): GuzzleHttp\Promise\EachPromise->GuzzleHttp\Promise\{closure}(true)
#12 E:\xampp73\htdocs\filecroco\loader\vendor\guzzlehttp\promises\src\Promise.php(223): GuzzleHttp\Promise\Promise->invokeWaitFn()
#13 E:\xampp73\htdocs\filecroco\loader\vendor\guzzlehttp\promises\src\Promise.php(62): GuzzleHttp\Promise\Promise->waitIfPending()
#14 E:\xampp73\htdocs\filecroco\loader\updatedownloadlink.php(95): GuzzleHttp\Promise\Promise->wait()
#15 {main}|359GuzzleHttp\Exception\RequestException: cURL error 56:  (see http://curl.haxx.se/libcurl/c/libcurl-errors.html) in E:\xampp73\htdocs\filecroco\loader\vendor\guzzlehttp\guzzle\src\Handler\CurlFactory.php:186
Stack trace:
#0 E:\xampp73\htdocs\filecroco\loader\vendor\guzzlehttp\guzzle\src\Handler\CurlFactory.php(149): GuzzleHttp\Handler\CurlFactory::createRejection(Object(GuzzleHttp\Handler\EasyHandle), Array)
#1 E:\xampp73\htdocs\filecroco\loader\vendor\guzzlehttp\guzzle\src\Handler\CurlFactory.php(102): GuzzleHttp\Handler\CurlFactory::finishError(Object(GuzzleHttp\Handler\CurlMultiHandler), Object(GuzzleHttp\Handler\EasyHandle), Object(GuzzleHttp\Handler\CurlFactory))
#2 E:\xampp73\htdocs\filecroco\loader\vendor\guzzlehttp\guzzle\src\Handler\CurlMultiHandler.php(181): GuzzleHttp\Handler\CurlFactory::finish(Object(GuzzleHttp\Handler\CurlMultiHandler), Object(GuzzleHttp\Handler\EasyHandle), Object(GuzzleHttp\Handler\CurlFactory))
#3 E:\xampp73\htdocs\filecroco\loader\vendor\guzzlehttp\guzzle\src\Handler\CurlMultiHandler.php(110): GuzzleHttp\Handler\CurlMultiHandler->processMessages()
#4 E:\xampp73\htdocs\filecroco\loader\vendor\guzzlehttp\guzzle\src\Handler\CurlMultiHandler.php(125): GuzzleHttp\Handler\CurlMultiHandler->tick()
#5 E:\xampp73\htdocs\filecroco\loader\vendor\guzzlehttp\promises\src\Promise.php(246): GuzzleHttp\Handler\CurlMultiHandler->execute(true)
#6 E:\xampp73\htdocs\filecroco\loader\vendor\guzzlehttp\promises\src\Promise.php(223): GuzzleHttp\Promise\Promise->invokeWaitFn()
#7 E:\xampp73\htdocs\filecroco\loader\vendor\guzzlehttp\promises\src\Promise.php(267): GuzzleHttp\Promise\Promise->waitIfPending()
#8 E:\xampp73\htdocs\filecroco\loader\vendor\guzzlehttp\promises\src\Promise.php(225): GuzzleHttp\Promise\Promise->invokeWaitList()
#9 E:\xampp73\htdocs\filecroco\loader\vendor\guzzlehttp\promises\src\Promise.php(62): GuzzleHttp\Promise\Promise->waitIfPending()
#10 E:\xampp73\htdocs\filecroco\loader\vendor\guzzlehttp\promises\src\EachPromise.php(101): GuzzleHttp\Promise\Promise->wait()
#11 E:\xampp73\htdocs\filecroco\loader\vendor\guzzlehttp\promises\src\Promise.php(246): GuzzleHttp\Promise\EachPromise->GuzzleHttp\Promise\{closure}(true)
#12 E:\xampp73\htdocs\filecroco\loader\vendor\guzzlehttp\promises\src\Promise.php(223): GuzzleHttp\Promise\Promise->invokeWaitFn()
#13 E:\xampp73\htdocs\filecroco\loader\vendor\guzzlehttp\promises\src\Promise.php(62): GuzzleHttp\Promise\Promise->waitIfPending()
#14 E:\xampp73\htdocs\filecroco\loader\updatedownloadlink.php(95): GuzzleHttp\Promise\Promise->wait()
#15 {main}|360GuzzleHttp\Exception\RequestException: cURL error 56:  (see http://curl.haxx.se/libcurl/c/libcurl-errors.html) in E:\xampp73\htdocs\filecroco\loader\vendor\guzzlehttp\guzzle\src\Handler\CurlFactory.php:186
Stack trace:
#0 E:\xampp73\htdocs\filecroco\loader\vendor\guzzlehttp\guzzle\src\Handler\CurlFactory.php(149): GuzzleHttp\Handler\CurlFactory::createRejection(Object(GuzzleHttp\Handler\EasyHandle), Array)
#1 E:\xampp73\htdocs\filecroco\loader\vendor\guzzlehttp\guzzle\src\Handler\CurlFactory.php(102): GuzzleHttp\Handler\CurlFactory::finishError(Object(GuzzleHttp\Handler\CurlMultiHandler), Object(GuzzleHttp\Handler\EasyHandle), Object(GuzzleHttp\Handler\CurlFactory))
#2 E:\xampp73\htdocs\filecroco\loader\vendor\guzzlehttp\guzzle\src\Handler\CurlMultiHandler.php(181): GuzzleHttp\Handler\CurlFactory::finish(Object(GuzzleHttp\Handler\CurlMultiHandler), Object(GuzzleHttp\Handler\EasyHandle), Object(GuzzleHttp\Handler\CurlFactory))
#3 E:\xampp73\htdocs\filecroco\loader\vendor\guzzlehttp\guzzle\src\Handler\CurlMultiHandler.php(110): GuzzleHttp\Handler\CurlMultiHandler->processMessages()
#4 E:\xampp73\htdocs\filecroco\loader\vendor\guzzlehttp\guzzle\src\Handler\CurlMultiHandler.php(125): GuzzleHttp\Handler\CurlMultiHandler->tick()
#5 E:\xampp73\htdocs\filecroco\loader\vendor\guzzlehttp\promises\src\Promise.php(246): GuzzleHttp\Handler\CurlMultiHandler->execute(true)
#6 E:\xampp73\htdocs\filecroco\loader\vendor\guzzlehttp\promises\src\Promise.php(223): GuzzleHttp\Promise\Promise->invokeWaitFn()
#7 E:\xampp73\htdocs\filecroco\loader\vendor\guzzlehttp\promises\src\Promise.php(267): GuzzleHttp\Promise\Promise->waitIfPending()
#8 E:\xampp73\htdocs\filecroco\loader\vendor\guzzlehttp\promises\src\Promise.php(225): GuzzleHttp\Promise\Promise->invokeWaitList()
#9 E:\xampp73\htdocs\filecroco\loader\vendor\guzzlehttp\promises\src\Promise.php(62): GuzzleHttp\Promise\Promise->waitIfPending()
#10 E:\xampp73\htdocs\filecroco\loader\vendor\guzzlehttp\promises\src\EachPromise.php(101): GuzzleHttp\Promise\Promise->wait()
#11 E:\xampp73\htdocs\filecroco\loader\vendor\guzzlehttp\promises\src\Promise.php(246): GuzzleHttp\Promise\EachPromise->GuzzleHttp\Promise\{closure}(true)
#12 E:\xampp73\htdocs\filecroco\loader\vendor\guzzlehttp\promises\src\Promise.php(223): GuzzleHttp\Promise\Promise->invokeWaitFn()
#13 E:\xampp73\htdocs\filecroco\loader\vendor\guzzlehttp\promises\src\Promise.php(62): GuzzleHttp\Promise\Promise->waitIfPending()
#14 E:\xampp73\htdocs\filecroco\loader\updatedownloadlink.php(95): GuzzleHttp\Promise\Promise->wait()
#15 {main}|361GuzzleHttp\Exception\RequestException: cURL error 56:  (see http://curl.haxx.se/libcurl/c/libcurl-errors.html) in E:\xampp73\htdocs\filecroco\loader\vendor\guzzlehttp\guzzle\src\Handler\CurlFactory.php:186
Stack trace:
#0 E:\xampp73\htdocs\filecroco\loader\vendor\guzzlehttp\guzzle\src\Handler\CurlFactory.php(149): GuzzleHttp\Handler\CurlFactory::createRejection(Object(GuzzleHttp\Handler\EasyHandle), Array)
#1 E:\xampp73\htdocs\filecroco\loader\vendor\guzzlehttp\guzzle\src\Handler\CurlFactory.php(102): GuzzleHttp\Handler\CurlFactory::finishError(Object(GuzzleHttp\Handler\CurlMultiHandler), Object(GuzzleHttp\Handler\EasyHandle), Object(GuzzleHttp\Handler\CurlFactory))
#2 E:\xampp73\htdocs\filecroco\loader\vendor\guzzlehttp\guzzle\src\Handler\CurlMultiHandler.php(181): GuzzleHttp\Handler\CurlFactory::finish(Object(GuzzleHttp\Handler\CurlMultiHandler), Object(GuzzleHttp\Handler\EasyHandle), Object(GuzzleHttp\Handler\CurlFactory))
#3 E:\xampp73\htdocs\filecroco\loader\vendor\guzzlehttp\guzzle\src\Handler\CurlMultiHandler.php(110): GuzzleHttp\Handler\CurlMultiHandler->processMessages()
#4 E:\xampp73\htdocs\filecroco\loader\vendor\guzzlehttp\guzzle\src\Handler\CurlMultiHandler.php(125): GuzzleHttp\Handler\CurlMultiHandler->tick()
#5 E:\xampp73\htdocs\filecroco\loader\vendor\guzzlehttp\promises\src\Promise.php(246): GuzzleHttp\Handler\CurlMultiHandler->execute(true)
#6 E:\xampp73\htdocs\filecroco\loader\vendor\guzzlehttp\promises\src\Promise.php(223): GuzzleHttp\Promise\Promise->invokeWaitFn()
#7 E:\xampp73\htdocs\filecroco\loader\vendor\guzzlehttp\promises\src\Promise.php(267): GuzzleHttp\Promise\Promise->waitIfPending()
#8 E:\xampp73\htdocs\filecroco\loader\vendor\guzzlehttp\promises\src\Promise.php(225): GuzzleHttp\Promise\Promise->invokeWaitList()
#9 E:\xampp73\htdocs\filecroco\loader\vendor\guzzlehttp\promises\src\Promise.php(62): GuzzleHttp\Promise\Promise->waitIfPending()
#10 E:\xampp73\htdocs\filecroco\loader\vendor\guzzlehttp\promises\src\EachPromise.php(101): GuzzleHttp\Promise\Promise->wait()
#11 E:\xampp73\htdocs\filecroco\loader\vendor\guzzlehttp\promises\src\Promise.php(246): GuzzleHttp\Promise\EachPromise->GuzzleHttp\Promise\{closure}(true)
#12 E:\xampp73\htdocs\filecroco\loader\vendor\guzzlehttp\promises\src\Promise.php(223): GuzzleHttp\Promise\Promise->invokeWaitFn()
#13 E:\xampp73\htdocs\filecroco\loader\vendor\guzzlehttp\promises\src\Promise.php(62): GuzzleHttp\Promise\Promise->waitIfPending()
#14 E:\xampp73\htdocs\filecroco\loader\updatedownloadlink.php(95): GuzzleHttp\Promise\Promise->wait()
#15 {main}|362GuzzleHttp\Exception\RequestException: cURL error 56:  (see http://curl.haxx.se/libcurl/c/libcurl-errors.html) in E:\xampp73\htdocs\filecroco\loader\vendor\guzzlehttp\guzzle\src\Handler\CurlFactory.php:186
Stack trace:
#0 E:\xampp73\htdocs\filecroco\loader\vendor\guzzlehttp\guzzle\src\Handler\CurlFactory.php(149): GuzzleHttp\Handler\CurlFactory::createRejection(Object(GuzzleHttp\Handler\EasyHandle), Array)
#1 E:\xampp73\htdocs\filecroco\loader\vendor\guzzlehttp\guzzle\src\Handler\CurlFactory.php(102): GuzzleHttp\Handler\CurlFactory::finishError(Object(GuzzleHttp\Handler\CurlMultiHandler), Object(GuzzleHttp\Handler\EasyHandle), Object(GuzzleHttp\Handler\CurlFactory))
#2 E:\xampp73\htdocs\filecroco\loader\vendor\guzzlehttp\guzzle\src\Handler\CurlMultiHandler.php(181): GuzzleHttp\Handler\CurlFactory::finish(Object(GuzzleHttp\Handler\CurlMultiHandler), Object(GuzzleHttp\Handler\EasyHandle), Object(GuzzleHttp\Handler\CurlFactory))
#3 E:\xampp73\htdocs\filecroco\loader\vendor\guzzlehttp\guzzle\src\Handler\CurlMultiHandler.php(110): GuzzleHttp\Handler\CurlMultiHandler->processMessages()
#4 E:\xampp73\htdocs\filecroco\loader\vendor\guzzlehttp\guzzle\src\Handler\CurlMultiHandler.php(125): GuzzleHttp\Handler\CurlMultiHandler->tick()
#5 E:\xampp73\htdocs\filecroco\loader\vendor\guzzlehttp\promises\src\Promise.php(246): GuzzleHttp\Handler\CurlMultiHandler->execute(true)
#6 E:\xampp73\htdocs\filecroco\loader\vendor\guzzlehttp\promises\src\Promise.php(223): GuzzleHttp\Promise\Promise->invokeWaitFn()
#7 E:\xampp73\htdocs\filecroco\loader\vendor\guzzlehttp\promises\src\Promise.php(267): GuzzleHttp\Promise\Promise->waitIfPending()
#8 E:\xampp73\htdocs\filecroco\loader\vendor\guzzlehttp\promises\src\Promise.php(225): GuzzleHttp\Promise\Promise->invokeWaitList()
#9 E:\xampp73\htdocs\filecroco\loader\vendor\guzzlehttp\promises\src\Promise.php(62): GuzzleHttp\Promise\Promise->waitIfPending()
#10 E:\xampp73\htdocs\filecroco\loader\vendor\guzzlehttp\promises\src\EachPromise.php(101): GuzzleHttp\Promise\Promise->wait()
#11 E:\xampp73\htdocs\filecroco\loader\vendor\guzzlehttp\promises\src\Promise.php(246): GuzzleHttp\Promise\EachPromise->GuzzleHttp\Promise\{closure}(true)
#12 E:\xampp73\htdocs\filecroco\loader\vendor\guzzlehttp\promises\src\Promise.php(223): GuzzleHttp\Promise\Promise->invokeWaitFn()
#13 E:\xampp73\htdocs\filecroco\loader\vendor\guzzlehttp\promises\src\Promise.php(62): GuzzleHttp\Promise\Promise->waitIfPending()
#14 E:\xampp73\htdocs\filecroco\loader\updatedownloadlink.php(95): GuzzleHttp\Promise\Promise->wait()
#15 {main}|363GuzzleHttp\Exception\RequestException: cURL error 56:  (see http://curl.haxx.se/libcurl/c/libcurl-errors.html) in E:\xampp73\htdocs\filecroco\loader\vendor\guzzlehttp\guzzle\src\Handler\CurlFactory.php:186
Stack trace:
#0 E:\xampp73\htdocs\filecroco\loader\vendor\guzzlehttp\guzzle\src\Handler\CurlFactory.php(149): GuzzleHttp\Handler\CurlFactory::createRejection(Object(GuzzleHttp\Handler\EasyHandle), Array)
#1 E:\xampp73\htdocs\filecroco\loader\vendor\guzzlehttp\guzzle\src\Handler\CurlFactory.php(102): GuzzleHttp\Handler\CurlFactory::finishError(Object(GuzzleHttp\Handler\CurlMultiHandler), Object(GuzzleHttp\Handler\EasyHandle), Object(GuzzleHttp\Handler\CurlFactory))
#2 E:\xampp73\htdocs\filecroco\loader\vendor\guzzlehttp\guzzle\src\Handler\CurlMultiHandler.php(181): GuzzleHttp\Handler\CurlFactory::finish(Object(GuzzleHttp\Handler\CurlMultiHandler), Object(GuzzleHttp\Handler\EasyHandle), Object(GuzzleHttp\Handler\CurlFactory))
#3 E:\xampp73\htdocs\filecroco\loader\vendor\guzzlehttp\guzzle\src\Handler\CurlMultiHandler.php(110): GuzzleHttp\Handler\CurlMultiHandler->processMessages()
#4 E:\xampp73\htdocs\filecroco\loader\vendor\guzzlehttp\guzzle\src\Handler\CurlMultiHandler.php(125): GuzzleHttp\Handler\CurlMultiHandler->tick()
#5 E:\xampp73\htdocs\filecroco\loader\vendor\guzzlehttp\promises\src\Promise.php(246): GuzzleHttp\Handler\CurlMultiHandler->execute(true)
#6 E:\xampp73\htdocs\filecroco\loader\vendor\guzzlehttp\promises\src\Promise.php(223): GuzzleHttp\Promise\Promise->invokeWaitFn()
#7 E:\xampp73\htdocs\filecroco\loader\vendor\guzzlehttp\promises\src\Promise.php(267): GuzzleHttp\Promise\Promise->waitIfPending()
#8 E:\xampp73\htdocs\filecroco\loader\vendor\guzzlehttp\promises\src\Promise.php(225): GuzzleHttp\Promise\Promise->invokeWaitList()
#9 E:\xampp73\htdocs\filecroco\loader\vendor\guzzlehttp\promises\src\Promise.php(62): GuzzleHttp\Promise\Promise->waitIfPending()
#10 E:\xampp73\htdocs\filecroco\loader\vendor\guzzlehttp\promises\src\EachPromise.php(101): GuzzleHttp\Promise\Promise->wait()
#11 E:\xampp73\htdocs\filecroco\loader\vendor\guzzlehttp\promises\src\Promise.php(246): GuzzleHttp\Promise\EachPromise->GuzzleHttp\Promise\{closure}(true)
#12 E:\xampp73\htdocs\filecroco\loader\vendor\guzzlehttp\promises\src\Promise.php(223): GuzzleHttp\Promise\Promise->invokeWaitFn()
#13 E:\xampp73\htdocs\filecroco\loader\vendor\guzzlehttp\promises\src\Promise.php(62): GuzzleHttp\Promise\Promise->waitIfPending()
#14 E:\xampp73\htdocs\filecroco\loader\updatedownloadlink.php(95): GuzzleHttp\Promise\Promise->wait()
#15 {main}|364GuzzleHttp\Exception\RequestException: cURL error 56:  (see http://curl.haxx.se/libcurl/c/libcurl-errors.html) in E:\xampp73\htdocs\filecroco\loader\vendor\guzzlehttp\guzzle\src\Handler\CurlFactory.php:186
Stack trace:
#0 E:\xampp73\htdocs\filecroco\loader\vendor\guzzlehttp\guzzle\src\Handler\CurlFactory.php(149): GuzzleHttp\Handler\CurlFactory::createRejection(Object(GuzzleHttp\Handler\EasyHandle), Array)
#1 E:\xampp73\htdocs\filecroco\loader\vendor\guzzlehttp\guzzle\src\Handler\CurlFactory.php(102): GuzzleHttp\Handler\CurlFactory::finishError(Object(GuzzleHttp\Handler\CurlMultiHandler), Object(GuzzleHttp\Handler\EasyHandle), Object(GuzzleHttp\Handler\CurlFactory))
#2 E:\xampp73\htdocs\filecroco\loader\vendor\guzzlehttp\guzzle\src\Handler\CurlMultiHandler.php(181): GuzzleHttp\Handler\CurlFactory::finish(Object(GuzzleHttp\Handler\CurlMultiHandler), Object(GuzzleHttp\Handler\EasyHandle), Object(GuzzleHttp\Handler\CurlFactory))
#3 E:\xampp73\htdocs\filecroco\loader\vendor\guzzlehttp\guzzle\src\Handler\CurlMultiHandler.php(110): GuzzleHttp\Handler\CurlMultiHandler->processMessages()
#4 E:\xampp73\htdocs\filecroco\loader\vendor\guzzlehttp\guzzle\src\Handler\CurlMultiHandler.php(125): GuzzleHttp\Handler\CurlMultiHandler->tick()
#5 E:\xampp73\htdocs\filecroco\loader\vendor\guzzlehttp\promises\src\Promise.php(246): GuzzleHttp\Handler\CurlMultiHandler->execute(true)
#6 E:\xampp73\htdocs\filecroco\loader\vendor\guzzlehttp\promises\src\Promise.php(223): GuzzleHttp\Promise\Promise->invokeWaitFn()
#7 E:\xampp73\htdocs\filecroco\loader\vendor\guzzlehttp\promises\src\Promise.php(267): GuzzleHttp\Promise\Promise->waitIfPending()
#8 E:\xampp73\htdocs\filecroco\loader\vendor\guzzlehttp\promises\src\Promise.php(225): GuzzleHttp\Promise\Promise->invokeWaitList()
#9 E:\xampp73\htdocs\filecroco\loader\vendor\guzzlehttp\promises\src\Promise.php(62): GuzzleHttp\Promise\Promise->waitIfPending()
#10 E:\xampp73\htdocs\filecroco\loader\vendor\guzzlehttp\promises\src\EachPromise.php(101): GuzzleHttp\Promise\Promise->wait()
#11 E:\xampp73\htdocs\filecroco\loader\vendor\guzzlehttp\promises\src\Promise.php(246): GuzzleHttp\Promise\EachPromise->GuzzleHttp\Promise\{closure}(true)
#12 E:\xampp73\htdocs\filecroco\loader\vendor\guzzlehttp\promises\src\Promise.php(223): GuzzleHttp\Promise\Promise->invokeWaitFn()
#13 E:\xampp73\htdocs\filecroco\loader\vendor\guzzlehttp\promises\src\Promise.php(62): GuzzleHttp\Promise\Promise->waitIfPending()
#14 E:\xampp73\htdocs\filecroco\loader\updatedownloadlink.php(95): GuzzleHttp\Promise\Promise->wait()
#15 {main}|365GuzzleHttp\Exception\RequestException: cURL error 56:  (see http://curl.haxx.se/libcurl/c/libcurl-errors.html) in E:\xampp73\htdocs\filecroco\loader\vendor\guzzlehttp\guzzle\src\Handler\CurlFactory.php:186
Stack trace:
#0 E:\xampp73\htdocs\filecroco\loader\vendor\guzzlehttp\guzzle\src\Handler\CurlFactory.php(149): GuzzleHttp\Handler\CurlFactory::createRejection(Object(GuzzleHttp\Handler\EasyHandle), Array)
#1 E:\xampp73\htdocs\filecroco\loader\vendor\guzzlehttp\guzzle\src\Handler\CurlFactory.php(102): GuzzleHttp\Handler\CurlFactory::finishError(Object(GuzzleHttp\Handler\CurlMultiHandler), Object(GuzzleHttp\Handler\EasyHandle), Object(GuzzleHttp\Handler\CurlFactory))
#2 E:\xampp73\htdocs\filecroco\loader\vendor\guzzlehttp\guzzle\src\Handler\CurlMultiHandler.php(181): GuzzleHttp\Handler\CurlFactory::finish(Object(GuzzleHttp\Handler\CurlMultiHandler), Object(GuzzleHttp\Handler\EasyHandle), Object(GuzzleHttp\Handler\CurlFactory))
#3 E:\xampp73\htdocs\filecroco\loader\vendor\guzzlehttp\guzzle\src\Handler\CurlMultiHandler.php(110): GuzzleHttp\Handler\CurlMultiHandler->processMessages()
#4 E:\xampp73\htdocs\filecroco\loader\vendor\guzzlehttp\guzzle\src\Handler\CurlMultiHandler.php(125): GuzzleHttp\Handler\CurlMultiHandler->tick()
#5 E:\xampp73\htdocs\filecroco\loader\vendor\guzzlehttp\promises\src\Promise.php(246): GuzzleHttp\Handler\CurlMultiHandler->execute(true)
#6 E:\xampp73\htdocs\filecroco\loader\vendor\guzzlehttp\promises\src\Promise.php(223): GuzzleHttp\Promise\Promise->invokeWaitFn()
#7 E:\xampp73\htdocs\filecroco\loader\vendor\guzzlehttp\promises\src\Promise.php(267): GuzzleHttp\Promise\Promise->waitIfPending()
#8 E:\xampp73\htdocs\filecroco\loader\vendor\guzzlehttp\promises\src\Promise.php(225): GuzzleHttp\Promise\Promise->invokeWaitList()
#9 E:\xampp73\htdocs\filecroco\loader\vendor\guzzlehttp\promises\src\Promise.php(62): GuzzleHttp\Promise\Promise->waitIfPending()
#10 E:\xampp73\htdocs\filecroco\loader\vendor\guzzlehttp\promises\src\EachPromise.php(101): GuzzleHttp\Promise\Promise->wait()
#11 E:\xampp73\htdocs\filecroco\loader\vendor\guzzlehttp\promises\src\Promise.php(246): GuzzleHttp\Promise\EachPromise->GuzzleHttp\Promise\{closure}(true)
#12 E:\xampp73\htdocs\filecroco\loader\vendor\guzzlehttp\promises\src\Promise.php(223): GuzzleHttp\Promise\Promise->invokeWaitFn()
#13 E:\xampp73\htdocs\filecroco\loader\vendor\guzzlehttp\promises\src\Promise.php(62): GuzzleHttp\Promise\Promise->waitIfPending()
#14 E:\xampp73\htdocs\filecroco\loader\updatedownloadlink.php(95): GuzzleHttp\Promise\Promise->wait()
#15 {main}|366GuzzleHttp\Exception\RequestException: cURL error 56:  (see http://curl.haxx.se/libcurl/c/libcurl-errors.html) in E:\xampp73\htdocs\filecroco\loader\vendor\guzzlehttp\guzzle\src\Handler\CurlFactory.php:186
Stack trace:
#0 E:\xampp73\htdocs\filecroco\loader\vendor\guzzlehttp\guzzle\src\Handler\CurlFactory.php(149): GuzzleHttp\Handler\CurlFactory::createRejection(Object(GuzzleHttp\Handler\EasyHandle), Array)
#1 E:\xampp73\htdocs\filecroco\loader\vendor\guzzlehttp\guzzle\src\Handler\CurlFactory.php(102): GuzzleHttp\Handler\CurlFactory::finishError(Object(GuzzleHttp\Handler\CurlMultiHandler), Object(GuzzleHttp\Handler\EasyHandle), Object(GuzzleHttp\Handler\CurlFactory))
#2 E:\xampp73\htdocs\filecroco\loader\vendor\guzzlehttp\guzzle\src\Handler\CurlMultiHandler.php(181): GuzzleHttp\Handler\CurlFactory::finish(Object(GuzzleHttp\Handler\CurlMultiHandler), Object(GuzzleHttp\Handler\EasyHandle), Object(GuzzleHttp\Handler\CurlFactory))
#3 E:\xampp73\htdocs\filecroco\loader\vendor\guzzlehttp\guzzle\src\Handler\CurlMultiHandler.php(110): GuzzleHttp\Handler\CurlMultiHandler->processMessages()
#4 E:\xampp73\htdocs\filecroco\loader\vendor\guzzlehttp\guzzle\src\Handler\CurlMultiHandler.php(125): GuzzleHttp\Handler\CurlMultiHandler->tick()
#5 E:\xampp73\htdocs\filecroco\loader\vendor\guzzlehttp\promises\src\Promise.php(246): GuzzleHttp\Handler\CurlMultiHandler->execute(true)
#6 E:\xampp73\htdocs\filecroco\loader\vendor\guzzlehttp\promises\src\Promise.php(223): GuzzleHttp\Promise\Promise->invokeWaitFn()
#7 E:\xampp73\htdocs\filecroco\loader\vendor\guzzlehttp\promises\src\Promise.php(267): GuzzleHttp\Promise\Promise->waitIfPending()
#8 E:\xampp73\htdocs\filecroco\loader\vendor\guzzlehttp\promises\src\Promise.php(225): GuzzleHttp\Promise\Promise->invokeWaitList()
#9 E:\xampp73\htdocs\filecroco\loader\vendor\guzzlehttp\promises\src\Promise.php(62): GuzzleHttp\Promise\Promise->waitIfPending()
#10 E:\xampp73\htdocs\filecroco\loader\vendor\guzzlehttp\promises\src\EachPromise.php(101): GuzzleHttp\Promise\Promise->wait()
#11 E:\xampp73\htdocs\filecroco\loader\vendor\guzzlehttp\promises\src\Promise.php(246): GuzzleHttp\Promise\EachPromise->GuzzleHttp\Promise\{closure}(true)
#12 E:\xampp73\htdocs\filecroco\loader\vendor\guzzlehttp\promises\src\Promise.php(223): GuzzleHttp\Promise\Promise->invokeWaitFn()
#13 E:\xampp73\htdocs\filecroco\loader\vendor\guzzlehttp\promises\src\Promise.php(62): GuzzleHttp\Promise\Promise->waitIfPending()
#14 E:\xampp73\htdocs\filecroco\loader\updatedownloadlink.php(95): GuzzleHttp\Promise\Promise->wait()
#15 {main}|367GuzzleHttp\Exception\RequestException: cURL error 56:  (see http://curl.haxx.se/libcurl/c/libcurl-errors.html) in E:\xampp73\htdocs\filecroco\loader\vendor\guzzlehttp\guzzle\src\Handler\CurlFactory.php:186
Stack trace:
#0 E:\xampp73\htdocs\filecroco\loader\vendor\guzzlehttp\guzzle\src\Handler\CurlFactory.php(149): GuzzleHttp\Handler\CurlFactory::createRejection(Object(GuzzleHttp\Handler\EasyHandle), Array)
#1 E:\xampp73\htdocs\filecroco\loader\vendor\guzzlehttp\guzzle\src\Handler\CurlFactory.php(102): GuzzleHttp\Handler\CurlFactory::finishError(Object(GuzzleHttp\Handler\CurlMultiHandler), Object(GuzzleHttp\Handler\EasyHandle), Object(GuzzleHttp\Handler\CurlFactory))
#2 E:\xampp73\htdocs\filecroco\loader\vendor\guzzlehttp\guzzle\src\Handler\CurlMultiHandler.php(181): GuzzleHttp\Handler\CurlFactory::finish(Object(GuzzleHttp\Handler\CurlMultiHandler), Object(GuzzleHttp\Handler\EasyHandle), Object(GuzzleHttp\Handler\CurlFactory))
#3 E:\xampp73\htdocs\filecroco\loader\vendor\guzzlehttp\guzzle\src\Handler\CurlMultiHandler.php(110): GuzzleHttp\Handler\CurlMultiHandler->processMessages()
#4 E:\xampp73\htdocs\filecroco\loader\vendor\guzzlehttp\guzzle\src\Handler\CurlMultiHandler.php(125): GuzzleHttp\Handler\CurlMultiHandler->tick()
#5 E:\xampp73\htdocs\filecroco\loader\vendor\guzzlehttp\promises\src\Promise.php(246): GuzzleHttp\Handler\CurlMultiHandler->execute(true)
#6 E:\xampp73\htdocs\filecroco\loader\vendor\guzzlehttp\promises\src\Promise.php(223): GuzzleHttp\Promise\Promise->invokeWaitFn()
#7 E:\xampp73\htdocs\filecroco\loader\vendor\guzzlehttp\promises\src\Promise.php(267): GuzzleHttp\Promise\Promise->waitIfPending()
#8 E:\xampp73\htdocs\filecroco\loader\vendor\guzzlehttp\promises\src\Promise.php(225): GuzzleHttp\Promise\Promise->invokeWaitList()
#9 E:\xampp73\htdocs\filecroco\loader\vendor\guzzlehttp\promises\src\Promise.php(62): GuzzleHttp\Promise\Promise->waitIfPending()
#10 E:\xampp73\htdocs\filecroco\loader\vendor\guzzlehttp\promises\src\EachPromise.php(101): GuzzleHttp\Promise\Promise->wait()
#11 E:\xampp73\htdocs\filecroco\loader\vendor\guzzlehttp\promises\src\Promise.php(246): GuzzleHttp\Promise\EachPromise->GuzzleHttp\Promise\{closure}(true)
#12 E:\xampp73\htdocs\filecroco\loader\vendor\guzzlehttp\promises\src\Promise.php(223): GuzzleHttp\Promise\Promise->invokeWaitFn()
#13 E:\xampp73\htdocs\filecroco\loader\vendor\guzzlehttp\promises\src\Promise.php(62): GuzzleHttp\Promise\Promise->waitIfPending()
#14 E:\xampp73\htdocs\filecroco\loader\updatedownloadlink.php(95): GuzzleHttp\Promise\Promise->wait()
#15 {main}|368GuzzleHttp\Exception\RequestException: cURL error 56:  (see http://curl.haxx.se/libcurl/c/libcurl-errors.html) in E:\xampp73\htdocs\filecroco\loader\vendor\guzzlehttp\guzzle\src\Handler\CurlFactory.php:186
Stack trace:
#0 E:\xampp73\htdocs\filecroco\loader\vendor\guzzlehttp\guzzle\src\Handler\CurlFactory.php(149): GuzzleHttp\Handler\CurlFactory::createRejection(Object(GuzzleHttp\Handler\EasyHandle), Array)
#1 E:\xampp73\htdocs\filecroco\loader\vendor\guzzlehttp\guzzle\src\Handler\CurlFactory.php(102): GuzzleHttp\Handler\CurlFactory::finishError(Object(GuzzleHttp\Handler\CurlMultiHandler), Object(GuzzleHttp\Handler\EasyHandle), Object(GuzzleHttp\Handler\CurlFactory))
#2 E:\xampp73\htdocs\filecroco\loader\vendor\guzzlehttp\guzzle\src\Handler\CurlMultiHandler.php(181): GuzzleHttp\Handler\CurlFactory::finish(Object(GuzzleHttp\Handler\CurlMultiHandler), Object(GuzzleHttp\Handler\EasyHandle), Object(GuzzleHttp\Handler\CurlFactory))
#3 E:\xampp73\htdocs\filecroco\loader\vendor\guzzlehttp\guzzle\src\Handler\CurlMultiHandler.php(110): GuzzleHttp\Handler\CurlMultiHandler->processMessages()
#4 E:\xampp73\htdocs\filecroco\loader\vendor\guzzlehttp\guzzle\src\Handler\CurlMultiHandler.php(125): GuzzleHttp\Handler\CurlMultiHandler->tick()
#5 E:\xampp73\htdocs\filecroco\loader\vendor\guzzlehttp\promises\src\Promise.php(246): GuzzleHttp\Handler\CurlMultiHandler->execute(true)
#6 E:\xampp73\htdocs\filecroco\loader\vendor\guzzlehttp\promises\src\Promise.php(223): GuzzleHttp\Promise\Promise->invokeWaitFn()
#7 E:\xampp73\htdocs\filecroco\loader\vendor\guzzlehttp\promises\src\Promise.php(267): GuzzleHttp\Promise\Promise->waitIfPending()
#8 E:\xampp73\htdocs\filecroco\loader\vendor\guzzlehttp\promises\src\Promise.php(225): GuzzleHttp\Promise\Promise->invokeWaitList()
#9 E:\xampp73\htdocs\filecroco\loader\vendor\guzzlehttp\promises\src\Promise.php(62): GuzzleHttp\Promise\Promise->waitIfPending()
#10 E:\xampp73\htdocs\filecroco\loader\vendor\guzzlehttp\promises\src\EachPromise.php(101): GuzzleHttp\Promise\Promise->wait()
#11 E:\xampp73\htdocs\filecroco\loader\vendor\guzzlehttp\promises\src\Promise.php(246): GuzzleHttp\Promise\EachPromise->GuzzleHttp\Promise\{closure}(true)
#12 E:\xampp73\htdocs\filecroco\loader\vendor\guzzlehttp\promises\src\Promise.php(223): GuzzleHttp\Promise\Promise->invokeWaitFn()
#13 E:\xampp73\htdocs\filecroco\loader\vendor\guzzlehttp\promises\src\Promise.php(62): GuzzleHttp\Promise\Promise->waitIfPending()
#14 E:\xampp73\htdocs\filecroco\loader\updatedownloadlink.php(95): GuzzleHttp\Promise\Promise->wait()
#15 {main}|369GuzzleHttp\Exception\RequestException: cURL error 56:  (see http://curl.haxx.se/libcurl/c/libcurl-errors.html) in E:\xampp73\htdocs\filecroco\loader\vendor\guzzlehttp\guzzle\src\Handler\CurlFactory.php:186
Stack trace:
#0 E:\xampp73\htdocs\filecroco\loader\vendor\guzzlehttp\guzzle\src\Handler\CurlFactory.php(149): GuzzleHttp\Handler\CurlFactory::createRejection(Object(GuzzleHttp\Handler\EasyHandle), Array)
#1 E:\xampp73\htdocs\filecroco\loader\vendor\guzzlehttp\guzzle\src\Handler\CurlFactory.php(102): GuzzleHttp\Handler\CurlFactory::finishError(Object(GuzzleHttp\Handler\CurlMultiHandler), Object(GuzzleHttp\Handler\EasyHandle), Object(GuzzleHttp\Handler\CurlFactory))
#2 E:\xampp73\htdocs\filecroco\loader\vendor\guzzlehttp\guzzle\src\Handler\CurlMultiHandler.php(181): GuzzleHttp\Handler\CurlFactory::finish(Object(GuzzleHttp\Handler\CurlMultiHandler), Object(GuzzleHttp\Handler\EasyHandle), Object(GuzzleHttp\Handler\CurlFactory))
#3 E:\xampp73\htdocs\filecroco\loader\vendor\guzzlehttp\guzzle\src\Handler\CurlMultiHandler.php(110): GuzzleHttp\Handler\CurlMultiHandler->processMessages()
#4 E:\xampp73\htdocs\filecroco\loader\vendor\guzzlehttp\guzzle\src\Handler\CurlMultiHandler.php(125): GuzzleHttp\Handler\CurlMultiHandler->tick()
#5 E:\xampp73\htdocs\filecroco\loader\vendor\guzzlehttp\promises\src\Promise.php(246): GuzzleHttp\Handler\CurlMultiHandler->execute(true)
#6 E:\xampp73\htdocs\filecroco\loader\vendor\guzzlehttp\promises\src\Promise.php(223): GuzzleHttp\Promise\Promise->invokeWaitFn()
#7 E:\xampp73\htdocs\filecroco\loader\vendor\guzzlehttp\promises\src\Promise.php(267): GuzzleHttp\Promise\Promise->waitIfPending()
#8 E:\xampp73\htdocs\filecroco\loader\vendor\guzzlehttp\promises\src\Promise.php(225): GuzzleHttp\Promise\Promise->invokeWaitList()
#9 E:\xampp73\htdocs\filecroco\loader\vendor\guzzlehttp\promises\src\Promise.php(62): GuzzleHttp\Promise\Promise->waitIfPending()
#10 E:\xampp73\htdocs\filecroco\loader\vendor\guzzlehttp\promises\src\EachPromise.php(101): GuzzleHttp\Promise\Promise->wait()
#11 E:\xampp73\htdocs\filecroco\loader\vendor\guzzlehttp\promises\src\Promise.php(246): GuzzleHttp\Promise\EachPromise->GuzzleHttp\Promise\{closure}(true)
#12 E:\xampp73\htdocs\filecroco\loader\vendor\guzzlehttp\promises\src\Promise.php(223): GuzzleHttp\Promise\Promise->invokeWaitFn()
#13 E:\xampp73\htdocs\filecroco\loader\vendor\guzzlehttp\promises\src\Promise.php(62): GuzzleHttp\Promise\Promise->waitIfPending()
#14 E:\xampp73\htdocs\filecroco\loader\updatedownloadlink.php(95): GuzzleHttp\Promise\Promise->wait()
#15 {main}|370GuzzleHttp\Exception\RequestException: cURL error 56:  (see http://curl.haxx.se/libcurl/c/libcurl-errors.html) in E:\xampp73\htdocs\filecroco\loader\vendor\guzzlehttp\guzzle\src\Handler\CurlFactory.php:186
Stack trace:
#0 E:\xampp73\htdocs\filecroco\loader\vendor\guzzlehttp\guzzle\src\Handler\CurlFactory.php(149): GuzzleHttp\Handler\CurlFactory::createRejection(Object(GuzzleHttp\Handler\EasyHandle), Array)
#1 E:\xampp73\htdocs\filecroco\loader\vendor\guzzlehttp\guzzle\src\Handler\CurlFactory.php(102): GuzzleHttp\Handler\CurlFactory::finishError(Object(GuzzleHttp\Handler\CurlMultiHandler), Object(GuzzleHttp\Handler\EasyHandle), Object(GuzzleHttp\Handler\CurlFactory))
#2 E:\xampp73\htdocs\filecroco\loader\vendor\guzzlehttp\guzzle\src\Handler\CurlMultiHandler.php(181): GuzzleHttp\Handler\CurlFactory::finish(Object(GuzzleHttp\Handler\CurlMultiHandler), Object(GuzzleHttp\Handler\EasyHandle), Object(GuzzleHttp\Handler\CurlFactory))
#3 E:\xampp73\htdocs\filecroco\loader\vendor\guzzlehttp\guzzle\src\Handler\CurlMultiHandler.php(110): GuzzleHttp\Handler\CurlMultiHandler->processMessages()
#4 E:\xampp73\htdocs\filecroco\loader\vendor\guzzlehttp\guzzle\src\Handler\CurlMultiHandler.php(125): GuzzleHttp\Handler\CurlMultiHandler->tick()
#5 E:\xampp73\htdocs\filecroco\loader\vendor\guzzlehttp\promises\src\Promise.php(246): GuzzleHttp\Handler\CurlMultiHandler->execute(true)
#6 E:\xampp73\htdocs\filecroco\loader\vendor\guzzlehttp\promises\src\Promise.php(223): GuzzleHttp\Promise\Promise->invokeWaitFn()
#7 E:\xampp73\htdocs\filecroco\loader\vendor\guzzlehttp\promises\src\Promise.php(267): GuzzleHttp\Promise\Promise->waitIfPending()
#8 E:\xampp73\htdocs\filecroco\loader\vendor\guzzlehttp\promises\src\Promise.php(225): GuzzleHttp\Promise\Promise->invokeWaitList()
#9 E:\xampp73\htdocs\filecroco\loader\vendor\guzzlehttp\promises\src\Promise.php(62): GuzzleHttp\Promise\Promise->waitIfPending()
#10 E:\xampp73\htdocs\filecroco\loader\vendor\guzzlehttp\promises\src\EachPromise.php(101): GuzzleHttp\Promise\Promise->wait()
#11 E:\xampp73\htdocs\filecroco\loader\vendor\guzzlehttp\promises\src\Promise.php(246): GuzzleHttp\Promise\EachPromise->GuzzleHttp\Promise\{closure}(true)
#12 E:\xampp73\htdocs\filecroco\loader\vendor\guzzlehttp\promises\src\Promise.php(223): GuzzleHttp\Promise\Promise->invokeWaitFn()
#13 E:\xampp73\htdocs\filecroco\loader\vendor\guzzlehttp\promises\src\Promise.php(62): GuzzleHttp\Promise\Promise->waitIfPending()
#14 E:\xampp73\htdocs\filecroco\loader\updatedownloadlink.php(95): GuzzleHttp\Promise\Promise->wait()
#15 {main}|371GuzzleHttp\Exception\RequestException: cURL error 56:  (see http://curl.haxx.se/libcurl/c/libcurl-errors.html) in E:\xampp73\htdocs\filecroco\loader\vendor\guzzlehttp\guzzle\src\Handler\CurlFactory.php:186
Stack trace:
#0 E:\xampp73\htdocs\filecroco\loader\vendor\guzzlehttp\guzzle\src\Handler\CurlFactory.php(149): GuzzleHttp\Handler\CurlFactory::createRejection(Object(GuzzleHttp\Handler\EasyHandle), Array)
#1 E:\xampp73\htdocs\filecroco\loader\vendor\guzzlehttp\guzzle\src\Handler\CurlFactory.php(102): GuzzleHttp\Handler\CurlFactory::finishError(Object(GuzzleHttp\Handler\CurlMultiHandler), Object(GuzzleHttp\Handler\EasyHandle), Object(GuzzleHttp\Handler\CurlFactory))
#2 E:\xampp73\htdocs\filecroco\loader\vendor\guzzlehttp\guzzle\src\Handler\CurlMultiHandler.php(181): GuzzleHttp\Handler\CurlFactory::finish(Object(GuzzleHttp\Handler\CurlMultiHandler), Object(GuzzleHttp\Handler\EasyHandle), Object(GuzzleHttp\Handler\CurlFactory))
#3 E:\xampp73\htdocs\filecroco\loader\vendor\guzzlehttp\guzzle\src\Handler\CurlMultiHandler.php(110): GuzzleHttp\Handler\CurlMultiHandler->processMessages()
#4 E:\xampp73\htdocs\filecroco\loader\vendor\guzzlehttp\guzzle\src\Handler\CurlMultiHandler.php(125): GuzzleHttp\Handler\CurlMultiHandler->tick()
#5 E:\xampp73\htdocs\filecroco\loader\vendor\guzzlehttp\promises\src\Promise.php(246): GuzzleHttp\Handler\CurlMultiHandler->execute(true)
#6 E:\xampp73\htdocs\filecroco\loader\vendor\guzzlehttp\promises\src\Promise.php(223): GuzzleHttp\Promise\Promise->invokeWaitFn()
#7 E:\xampp73\htdocs\filecroco\loader\vendor\guzzlehttp\promises\src\Promise.php(267): GuzzleHttp\Promise\Promise->waitIfPending()
#8 E:\xampp73\htdocs\filecroco\loader\vendor\guzzlehttp\promises\src\Promise.php(225): GuzzleHttp\Promise\Promise->invokeWaitList()
#9 E:\xampp73\htdocs\filecroco\loader\vendor\guzzlehttp\promises\src\Promise.php(62): GuzzleHttp\Promise\Promise->waitIfPending()
#10 E:\xampp73\htdocs\filecroco\loader\vendor\guzzlehttp\promises\src\EachPromise.php(101): GuzzleHttp\Promise\Promise->wait()
#11 E:\xampp73\htdocs\filecroco\loader\vendor\guzzlehttp\promises\src\Promise.php(246): GuzzleHttp\Promise\EachPromise->GuzzleHttp\Promise\{closure}(true)
#12 E:\xampp73\htdocs\filecroco\loader\vendor\guzzlehttp\promises\src\Promise.php(223): GuzzleHttp\Promise\Promise->invokeWaitFn()
#13 E:\xampp73\htdocs\filecroco\loader\vendor\guzzlehttp\promises\src\Promise.php(62): GuzzleHttp\Promise\Promise->waitIfPending()
#14 E:\xampp73\htdocs\filecroco\loader\updatedownloadlink.php(95): GuzzleHttp\Promise\Promise->wait()
#15 {main}|372GuzzleHttp\Exception\RequestException: cURL error 56:  (see http://curl.haxx.se/libcurl/c/libcurl-errors.html) in E:\xampp73\htdocs\filecroco\loader\vendor\guzzlehttp\guzzle\src\Handler\CurlFactory.php:186
Stack trace:
#0 E:\xampp73\htdocs\filecroco\loader\vendor\guzzlehttp\guzzle\src\Handler\CurlFactory.php(149): GuzzleHttp\Handler\CurlFactory::createRejection(Object(GuzzleHttp\Handler\EasyHandle), Array)
#1 E:\xampp73\htdocs\filecroco\loader\vendor\guzzlehttp\guzzle\src\Handler\CurlFactory.php(102): GuzzleHttp\Handler\CurlFactory::finishError(Object(GuzzleHttp\Handler\CurlMultiHandler), Object(GuzzleHttp\Handler\EasyHandle), Object(GuzzleHttp\Handler\CurlFactory))
#2 E:\xampp73\htdocs\filecroco\loader\vendor\guzzlehttp\guzzle\src\Handler\CurlMultiHandler.php(181): GuzzleHttp\Handler\CurlFactory::finish(Object(GuzzleHttp\Handler\CurlMultiHandler), Object(GuzzleHttp\Handler\EasyHandle), Object(GuzzleHttp\Handler\CurlFactory))
#3 E:\xampp73\htdocs\filecroco\loader\vendor\guzzlehttp\guzzle\src\Handler\CurlMultiHandler.php(110): GuzzleHttp\Handler\CurlMultiHandler->processMessages()
#4 E:\xampp73\htdocs\filecroco\loader\vendor\guzzlehttp\guzzle\src\Handler\CurlMultiHandler.php(125): GuzzleHttp\Handler\CurlMultiHandler->tick()
#5 E:\xampp73\htdocs\filecroco\loader\vendor\guzzlehttp\promises\src\Promise.php(246): GuzzleHttp\Handler\CurlMultiHandler->execute(true)
#6 E:\xampp73\htdocs\filecroco\loader\vendor\guzzlehttp\promises\src\Promise.php(223): GuzzleHttp\Promise\Promise->invokeWaitFn()
#7 E:\xampp73\htdocs\filecroco\loader\vendor\guzzlehttp\promises\src\Promise.php(267): GuzzleHttp\Promise\Promise->waitIfPending()
#8 E:\xampp73\htdocs\filecroco\loader\vendor\guzzlehttp\promises\src\Promise.php(225): GuzzleHttp\Promise\Promise->invokeWaitList()
#9 E:\xampp73\htdocs\filecroco\loader\vendor\guzzlehttp\promises\src\Promise.php(62): GuzzleHttp\Promise\Promise->waitIfPending()
#10 E:\xampp73\htdocs\filecroco\loader\vendor\guzzlehttp\promises\src\EachPromise.php(101): GuzzleHttp\Promise\Promise->wait()
#11 E:\xampp73\htdocs\filecroco\loader\vendor\guzzlehttp\promises\src\Promise.php(246): GuzzleHttp\Promise\EachPromise->GuzzleHttp\Promise\{closure}(true)
#12 E:\xampp73\htdocs\filecroco\loader\vendor\guzzlehttp\promises\src\Promise.php(223): GuzzleHttp\Promise\Promise->invokeWaitFn()
#13 E:\xampp73\htdocs\filecroco\loader\vendor\guzzlehttp\promises\src\Promise.php(62): GuzzleHttp\Promise\Promise->waitIfPending()
#14 E:\xampp73\htdocs\filecroco\loader\updatedownloadlink.php(95): GuzzleHttp\Promise\Promise->wait()
#15 {main}|373GuzzleHttp\Exception\RequestException: cURL error 56:  (see http://curl.haxx.se/libcurl/c/libcurl-errors.html) in E:\xampp73\htdocs\filecroco\loader\vendor\guzzlehttp\guzzle\src\Handler\CurlFactory.php:186
Stack trace:
#0 E:\xampp73\htdocs\filecroco\loader\vendor\guzzlehttp\guzzle\src\Handler\CurlFactory.php(149): GuzzleHttp\Handler\CurlFactory::createRejection(Object(GuzzleHttp\Handler\EasyHandle), Array)
#1 E:\xampp73\htdocs\filecroco\loader\vendor\guzzlehttp\guzzle\src\Handler\CurlFactory.php(102): GuzzleHttp\Handler\CurlFactory::finishError(Object(GuzzleHttp\Handler\CurlMultiHandler), Object(GuzzleHttp\Handler\EasyHandle), Object(GuzzleHttp\Handler\CurlFactory))
#2 E:\xampp73\htdocs\filecroco\loader\vendor\guzzlehttp\guzzle\src\Handler\CurlMultiHandler.php(181): GuzzleHttp\Handler\CurlFactory::finish(Object(GuzzleHttp\Handler\CurlMultiHandler), Object(GuzzleHttp\Handler\EasyHandle), Object(GuzzleHttp\Handler\CurlFactory))
#3 E:\xampp73\htdocs\filecroco\loader\vendor\guzzlehttp\guzzle\src\Handler\CurlMultiHandler.php(110): GuzzleHttp\Handler\CurlMultiHandler->processMessages()
#4 E:\xampp73\htdocs\filecroco\loader\vendor\guzzlehttp\guzzle\src\Handler\CurlMultiHandler.php(125): GuzzleHttp\Handler\CurlMultiHandler->tick()
#5 E:\xampp73\htdocs\filecroco\loader\vendor\guzzlehttp\promises\src\Promise.php(246): GuzzleHttp\Handler\CurlMultiHandler->execute(true)
#6 E:\xampp73\htdocs\filecroco\loader\vendor\guzzlehttp\promises\src\Promise.php(223): GuzzleHttp\Promise\Promise->invokeWaitFn()
#7 E:\xampp73\htdocs\filecroco\loader\vendor\guzzlehttp\promises\src\Promise.php(267): GuzzleHttp\Promise\Promise->waitIfPending()
#8 E:\xampp73\htdocs\filecroco\loader\vendor\guzzlehttp\promises\src\Promise.php(225): GuzzleHttp\Promise\Promise->invokeWaitList()
#9 E:\xampp73\htdocs\filecroco\loader\vendor\guzzlehttp\promises\src\Promise.php(62): GuzzleHttp\Promise\Promise->waitIfPending()
#10 E:\xampp73\htdocs\filecroco\loader\vendor\guzzlehttp\promises\src\EachPromise.php(101): GuzzleHttp\Promise\Promise->wait()
#11 E:\xampp73\htdocs\filecroco\loader\vendor\guzzlehttp\promises\src\Promise.php(246): GuzzleHttp\Promise\EachPromise->GuzzleHttp\Promise\{closure}(true)
#12 E:\xampp73\htdocs\filecroco\loader\vendor\guzzlehttp\promises\src\Promise.php(223): GuzzleHttp\Promise\Promise->invokeWaitFn()
#13 E:\xampp73\htdocs\filecroco\loader\vendor\guzzlehttp\promises\src\Promise.php(62): GuzzleHttp\Promise\Promise->waitIfPending()
#14 E:\xampp73\htdocs\filecroco\loader\updatedownloadlink.php(95): GuzzleHttp\Promise\Promise->wait()
#15 {main}|374GuzzleHttp\Exception\RequestException: cURL error 56:  (see http://curl.haxx.se/libcurl/c/libcurl-errors.html) in E:\xampp73\htdocs\filecroco\loader\vendor\guzzlehttp\guzzle\src\Handler\CurlFactory.php:186
Stack trace:
#0 E:\xampp73\htdocs\filecroco\loader\vendor\guzzlehttp\guzzle\src\Handler\CurlFactory.php(149): GuzzleHttp\Handler\CurlFactory::createRejection(Object(GuzzleHttp\Handler\EasyHandle), Array)
#1 E:\xampp73\htdocs\filecroco\loader\vendor\guzzlehttp\guzzle\src\Handler\CurlFactory.php(102): GuzzleHttp\Handler\CurlFactory::finishError(Object(GuzzleHttp\Handler\CurlMultiHandler), Object(GuzzleHttp\Handler\EasyHandle), Object(GuzzleHttp\Handler\CurlFactory))
#2 E:\xampp73\htdocs\filecroco\loader\vendor\guzzlehttp\guzzle\src\Handler\CurlMultiHandler.php(181): GuzzleHttp\Handler\CurlFactory::finish(Object(GuzzleHttp\Handler\CurlMultiHandler), Object(GuzzleHttp\Handler\EasyHandle), Object(GuzzleHttp\Handler\CurlFactory))
#3 E:\xampp73\htdocs\filecroco\loader\vendor\guzzlehttp\guzzle\src\Handler\CurlMultiHandler.php(110): GuzzleHttp\Handler\CurlMultiHandler->processMessages()
#4 E:\xampp73\htdocs\filecroco\loader\vendor\guzzlehttp\guzzle\src\Handler\CurlMultiHandler.php(125): GuzzleHttp\Handler\CurlMultiHandler->tick()
#5 E:\xampp73\htdocs\filecroco\loader\vendor\guzzlehttp\promises\src\Promise.php(246): GuzzleHttp\Handler\CurlMultiHandler->execute(true)
#6 E:\xampp73\htdocs\filecroco\loader\vendor\guzzlehttp\promises\src\Promise.php(223): GuzzleHttp\Promise\Promise->invokeWaitFn()
#7 E:\xampp73\htdocs\filecroco\loader\vendor\guzzlehttp\promises\src\Promise.php(267): GuzzleHttp\Promise\Promise->waitIfPending()
#8 E:\xampp73\htdocs\filecroco\loader\vendor\guzzlehttp\promises\src\Promise.php(225): GuzzleHttp\Promise\Promise->invokeWaitList()
#9 E:\xampp73\htdocs\filecroco\loader\vendor\guzzlehttp\promises\src\Promise.php(62): GuzzleHttp\Promise\Promise->waitIfPending()
#10 E:\xampp73\htdocs\filecroco\loader\vendor\guzzlehttp\promises\src\EachPromise.php(101): GuzzleHttp\Promise\Promise->wait()
#11 E:\xampp73\htdocs\filecroco\loader\vendor\guzzlehttp\promises\src\Promise.php(246): GuzzleHttp\Promise\EachPromise->GuzzleHttp\Promise\{closure}(true)
#12 E:\xampp73\htdocs\filecroco\loader\vendor\guzzlehttp\promises\src\Promise.php(223): GuzzleHttp\Promise\Promise->invokeWaitFn()
#13 E:\xampp73\htdocs\filecroco\loader\vendor\guzzlehttp\promises\src\Promise.php(62): GuzzleHttp\Promise\Promise->waitIfPending()
#14 E:\xampp73\htdocs\filecroco\loader\updatedownloadlink.php(95): GuzzleHttp\Promise\Promise->wait()
#15 {main}|375GuzzleHttp\Exception\RequestException: cURL error 56:  (see http://curl.haxx.se/libcurl/c/libcurl-errors.html) in E:\xampp73\htdocs\filecroco\loader\vendor\guzzlehttp\guzzle\src\Handler\CurlFactory.php:186
Stack trace:
#0 E:\xampp73\htdocs\filecroco\loader\vendor\guzzlehttp\guzzle\src\Handler\CurlFactory.php(149): GuzzleHttp\Handler\CurlFactory::createRejection(Object(GuzzleHttp\Handler\EasyHandle), Array)
#1 E:\xampp73\htdocs\filecroco\loader\vendor\guzzlehttp\guzzle\src\Handler\CurlFactory.php(102): GuzzleHttp\Handler\CurlFactory::finishError(Object(GuzzleHttp\Handler\CurlMultiHandler), Object(GuzzleHttp\Handler\EasyHandle), Object(GuzzleHttp\Handler\CurlFactory))
#2 E:\xampp73\htdocs\filecroco\loader\vendor\guzzlehttp\guzzle\src\Handler\CurlMultiHandler.php(181): GuzzleHttp\Handler\CurlFactory::finish(Object(GuzzleHttp\Handler\CurlMultiHandler), Object(GuzzleHttp\Handler\EasyHandle), Object(GuzzleHttp\Handler\CurlFactory))
#3 E:\xampp73\htdocs\filecroco\loader\vendor\guzzlehttp\guzzle\src\Handler\CurlMultiHandler.php(110): GuzzleHttp\Handler\CurlMultiHandler->processMessages()
#4 E:\xampp73\htdocs\filecroco\loader\vendor\guzzlehttp\guzzle\src\Handler\CurlMultiHandler.php(125): GuzzleHttp\Handler\CurlMultiHandler->tick()
#5 E:\xampp73\htdocs\filecroco\loader\vendor\guzzlehttp\promises\src\Promise.php(246): GuzzleHttp\Handler\CurlMultiHandler->execute(true)
#6 E:\xampp73\htdocs\filecroco\loader\vendor\guzzlehttp\promises\src\Promise.php(223): GuzzleHttp\Promise\Promise->invokeWaitFn()
#7 E:\xampp73\htdocs\filecroco\loader\vendor\guzzlehttp\promises\src\Promise.php(267): GuzzleHttp\Promise\Promise->waitIfPending()
#8 E:\xampp73\htdocs\filecroco\loader\vendor\guzzlehttp\promises\src\Promise.php(225): GuzzleHttp\Promise\Promise->invokeWaitList()
#9 E:\xampp73\htdocs\filecroco\loader\vendor\guzzlehttp\promises\src\Promise.php(62): GuzzleHttp\Promise\Promise->waitIfPending()
#10 E:\xampp73\htdocs\filecroco\loader\vendor\guzzlehttp\promises\src\EachPromise.php(101): GuzzleHttp\Promise\Promise->wait()
#11 E:\xampp73\htdocs\filecroco\loader\vendor\guzzlehttp\promises\src\Promise.php(246): GuzzleHttp\Promise\EachPromise->GuzzleHttp\Promise\{closure}(true)
#12 E:\xampp73\htdocs\filecroco\loader\vendor\guzzlehttp\promises\src\Promise.php(223): GuzzleHttp\Promise\Promise->invokeWaitFn()
#13 E:\xampp73\htdocs\filecroco\loader\vendor\guzzlehttp\promises\src\Promise.php(62): GuzzleHttp\Promise\Promise->waitIfPending()
#14 E:\xampp73\htdocs\filecroco\loader\updatedownloadlink.php(95): GuzzleHttp\Promise\Promise->wait()
#15 {main}|376GuzzleHttp\Exception\RequestException: cURL error 56:  (see http://curl.haxx.se/libcurl/c/libcurl-errors.html) in E:\xampp73\htdocs\filecroco\loader\vendor\guzzlehttp\guzzle\src\Handler\CurlFactory.php:186
Stack trace:
#0 E:\xampp73\htdocs\filecroco\loader\vendor\guzzlehttp\guzzle\src\Handler\CurlFactory.php(149): GuzzleHttp\Handler\CurlFactory::createRejection(Object(GuzzleHttp\Handler\EasyHandle), Array)
#1 E:\xampp73\htdocs\filecroco\loader\vendor\guzzlehttp\guzzle\src\Handler\CurlFactory.php(102): GuzzleHttp\Handler\CurlFactory::finishError(Object(GuzzleHttp\Handler\CurlMultiHandler), Object(GuzzleHttp\Handler\EasyHandle), Object(GuzzleHttp\Handler\CurlFactory))
#2 E:\xampp73\htdocs\filecroco\loader\vendor\guzzlehttp\guzzle\src\Handler\CurlMultiHandler.php(181): GuzzleHttp\Handler\CurlFactory::finish(Object(GuzzleHttp\Handler\CurlMultiHandler), Object(GuzzleHttp\Handler\EasyHandle), Object(GuzzleHttp\Handler\CurlFactory))
#3 E:\xampp73\htdocs\filecroco\loader\vendor\guzzlehttp\guzzle\src\Handler\CurlMultiHandler.php(110): GuzzleHttp\Handler\CurlMultiHandler->processMessages()
#4 E:\xampp73\htdocs\filecroco\loader\vendor\guzzlehttp\guzzle\src\Handler\CurlMultiHandler.php(125): GuzzleHttp\Handler\CurlMultiHandler->tick()
#5 E:\xampp73\htdocs\filecroco\loader\vendor\guzzlehttp\promises\src\Promise.php(246): GuzzleHttp\Handler\CurlMultiHandler->execute(true)
#6 E:\xampp73\htdocs\filecroco\loader\vendor\guzzlehttp\promises\src\Promise.php(223): GuzzleHttp\Promise\Promise->invokeWaitFn()
#7 E:\xampp73\htdocs\filecroco\loader\vendor\guzzlehttp\promises\src\Promise.php(267): GuzzleHttp\Promise\Promise->waitIfPending()
#8 E:\xampp73\htdocs\filecroco\loader\vendor\guzzlehttp\promises\src\Promise.php(225): GuzzleHttp\Promise\Promise->invokeWaitList()
#9 E:\xampp73\htdocs\filecroco\loader\vendor\guzzlehttp\promises\src\Promise.php(62): GuzzleHttp\Promise\Promise->waitIfPending()
#10 E:\xampp73\htdocs\filecroco\loader\vendor\guzzlehttp\promises\src\EachPromise.php(101): GuzzleHttp\Promise\Promise->wait()
#11 E:\xampp73\htdocs\filecroco\loader\vendor\guzzlehttp\promises\src\Promise.php(246): GuzzleHttp\Promise\EachPromise->GuzzleHttp\Promise\{closure}(true)
#12 E:\xampp73\htdocs\filecroco\loader\vendor\guzzlehttp\promises\src\Promise.php(223): GuzzleHttp\Promise\Promise->invokeWaitFn()
#13 E:\xampp73\htdocs\filecroco\loader\vendor\guzzlehttp\promises\src\Promise.php(62): GuzzleHttp\Promise\Promise->waitIfPending()
#14 E:\xampp73\htdocs\filecroco\loader\updatedownloadlink.php(95): GuzzleHttp\Promise\Promise->wait()
#15 {main}|377GuzzleHttp\Exception\RequestException: cURL error 56:  (see http://curl.haxx.se/libcurl/c/libcurl-errors.html) in E:\xampp73\htdocs\filecroco\loader\vendor\guzzlehttp\guzzle\src\Handler\CurlFactory.php:186
Stack trace:
#0 E:\xampp73\htdocs\filecroco\loader\vendor\guzzlehttp\guzzle\src\Handler\CurlFactory.php(149): GuzzleHttp\Handler\CurlFactory::createRejection(Object(GuzzleHttp\Handler\EasyHandle), Array)
#1 E:\xampp73\htdocs\filecroco\loader\vendor\guzzlehttp\guzzle\src\Handler\CurlFactory.php(102): GuzzleHttp\Handler\CurlFactory::finishError(Object(GuzzleHttp\Handler\CurlMultiHandler), Object(GuzzleHttp\Handler\EasyHandle), Object(GuzzleHttp\Handler\CurlFactory))
#2 E:\xampp73\htdocs\filecroco\loader\vendor\guzzlehttp\guzzle\src\Handler\CurlMultiHandler.php(181): GuzzleHttp\Handler\CurlFactory::finish(Object(GuzzleHttp\Handler\CurlMultiHandler), Object(GuzzleHttp\Handler\EasyHandle), Object(GuzzleHttp\Handler\CurlFactory))
#3 E:\xampp73\htdocs\filecroco\loader\vendor\guzzlehttp\guzzle\src\Handler\CurlMultiHandler.php(110): GuzzleHttp\Handler\CurlMultiHandler->processMessages()
#4 E:\xampp73\htdocs\filecroco\loader\vendor\guzzlehttp\guzzle\src\Handler\CurlMultiHandler.php(125): GuzzleHttp\Handler\CurlMultiHandler->tick()
#5 E:\xampp73\htdocs\filecroco\loader\vendor\guzzlehttp\promises\src\Promise.php(246): GuzzleHttp\Handler\CurlMultiHandler->execute(true)
#6 E:\xampp73\htdocs\filecroco\loader\vendor\guzzlehttp\promises\src\Promise.php(223): GuzzleHttp\Promise\Promise->invokeWaitFn()
#7 E:\xampp73\htdocs\filecroco\loader\vendor\guzzlehttp\promises\src\Promise.php(267): GuzzleHttp\Promise\Promise->waitIfPending()
#8 E:\xampp73\htdocs\filecroco\loader\vendor\guzzlehttp\promises\src\Promise.php(225): GuzzleHttp\Promise\Promise->invokeWaitList()
#9 E:\xampp73\htdocs\filecroco\loader\vendor\guzzlehttp\promises\src\Promise.php(62): GuzzleHttp\Promise\Promise->waitIfPending()
#10 E:\xampp73\htdocs\filecroco\loader\vendor\guzzlehttp\promises\src\EachPromise.php(101): GuzzleHttp\Promise\Promise->wait()
#11 E:\xampp73\htdocs\filecroco\loader\vendor\guzzlehttp\promises\src\Promise.php(246): GuzzleHttp\Promise\EachPromise->GuzzleHttp\Promise\{closure}(true)
#12 E:\xampp73\htdocs\filecroco\loader\vendor\guzzlehttp\promises\src\Promise.php(223): GuzzleHttp\Promise\Promise->invokeWaitFn()
#13 E:\xampp73\htdocs\filecroco\loader\vendor\guzzlehttp\promises\src\Promise.php(62): GuzzleHttp\Promise\Promise->waitIfPending()
#14 E:\xampp73\htdocs\filecroco\loader\updatedownloadlink.php(95): GuzzleHttp\Promise\Promise->wait()
#15 {main}|378GuzzleHttp\Exception\RequestException: cURL error 56:  (see http://curl.haxx.se/libcurl/c/libcurl-errors.html) in E:\xampp73\htdocs\filecroco\loader\vendor\guzzlehttp\guzzle\src\Handler\CurlFactory.php:186
Stack trace:
#0 E:\xampp73\htdocs\filecroco\loader\vendor\guzzlehttp\guzzle\src\Handler\CurlFactory.php(149): GuzzleHttp\Handler\CurlFactory::createRejection(Object(GuzzleHttp\Handler\EasyHandle), Array)
#1 E:\xampp73\htdocs\filecroco\loader\vendor\guzzlehttp\guzzle\src\Handler\CurlFactory.php(102): GuzzleHttp\Handler\CurlFactory::finishError(Object(GuzzleHttp\Handler\CurlMultiHandler), Object(GuzzleHttp\Handler\EasyHandle), Object(GuzzleHttp\Handler\CurlFactory))
#2 E:\xampp73\htdocs\filecroco\loader\vendor\guzzlehttp\guzzle\src\Handler\CurlMultiHandler.php(181): GuzzleHttp\Handler\CurlFactory::finish(Object(GuzzleHttp\Handler\CurlMultiHandler), Object(GuzzleHttp\Handler\EasyHandle), Object(GuzzleHttp\Handler\CurlFactory))
#3 E:\xampp73\htdocs\filecroco\loader\vendor\guzzlehttp\guzzle\src\Handler\CurlMultiHandler.php(110): GuzzleHttp\Handler\CurlMultiHandler->processMessages()
#4 E:\xampp73\htdocs\filecroco\loader\vendor\guzzlehttp\guzzle\src\Handler\CurlMultiHandler.php(125): GuzzleHttp\Handler\CurlMultiHandler->tick()
#5 E:\xampp73\htdocs\filecroco\loader\vendor\guzzlehttp\promises\src\Promise.php(246): GuzzleHttp\Handler\CurlMultiHandler->execute(true)
#6 E:\xampp73\htdocs\filecroco\loader\vendor\guzzlehttp\promises\src\Promise.php(223): GuzzleHttp\Promise\Promise->invokeWaitFn()
#7 E:\xampp73\htdocs\filecroco\loader\vendor\guzzlehttp\promises\src\Promise.php(267): GuzzleHttp\Promise\Promise->waitIfPending()
#8 E:\xampp73\htdocs\filecroco\loader\vendor\guzzlehttp\promises\src\Promise.php(225): GuzzleHttp\Promise\Promise->invokeWaitList()
#9 E:\xampp73\htdocs\filecroco\loader\vendor\guzzlehttp\promises\src\Promise.php(62): GuzzleHttp\Promise\Promise->waitIfPending()
#10 E:\xampp73\htdocs\filecroco\loader\vendor\guzzlehttp\promises\src\EachPromise.php(101): GuzzleHttp\Promise\Promise->wait()
#11 E:\xampp73\htdocs\filecroco\loader\vendor\guzzlehttp\promises\src\Promise.php(246): GuzzleHttp\Promise\EachPromise->GuzzleHttp\Promise\{closure}(true)
#12 E:\xampp73\htdocs\filecroco\loader\vendor\guzzlehttp\promises\src\Promise.php(223): GuzzleHttp\Promise\Promise->invokeWaitFn()
#13 E:\xampp73\htdocs\filecroco\loader\vendor\guzzlehttp\promises\src\Promise.php(62): GuzzleHttp\Promise\Promise->waitIfPending()
#14 E:\xampp73\htdocs\filecroco\loader\updatedownloadlink.php(95): GuzzleHttp\Promise\Promise->wait()
#15 {main}|379GuzzleHttp\Exception\RequestException: cURL error 56:  (see http://curl.haxx.se/libcurl/c/libcurl-errors.html) in E:\xampp73\htdocs\filecroco\loader\vendor\guzzlehttp\guzzle\src\Handler\CurlFactory.php:186
Stack trace:
#0 E:\xampp73\htdocs\filecroco\loader\vendor\guzzlehttp\guzzle\src\Handler\CurlFactory.php(149): GuzzleHttp\Handler\CurlFactory::createRejection(Object(GuzzleHttp\Handler\EasyHandle), Array)
#1 E:\xampp73\htdocs\filecroco\loader\vendor\guzzlehttp\guzzle\src\Handler\CurlFactory.php(102): GuzzleHttp\Handler\CurlFactory::finishError(Object(GuzzleHttp\Handler\CurlMultiHandler), Object(GuzzleHttp\Handler\EasyHandle), Object(GuzzleHttp\Handler\CurlFactory))
#2 E:\xampp73\htdocs\filecroco\loader\vendor\guzzlehttp\guzzle\src\Handler\CurlMultiHandler.php(181): GuzzleHttp\Handler\CurlFactory::finish(Object(GuzzleHttp\Handler\CurlMultiHandler), Object(GuzzleHttp\Handler\EasyHandle), Object(GuzzleHttp\Handler\CurlFactory))
#3 E:\xampp73\htdocs\filecroco\loader\vendor\guzzlehttp\guzzle\src\Handler\CurlMultiHandler.php(110): GuzzleHttp\Handler\CurlMultiHandler->processMessages()
#4 E:\xampp73\htdocs\filecroco\loader\vendor\guzzlehttp\guzzle\src\Handler\CurlMultiHandler.php(125): GuzzleHttp\Handler\CurlMultiHandler->tick()
#5 E:\xampp73\htdocs\filecroco\loader\vendor\guzzlehttp\promises\src\Promise.php(246): GuzzleHttp\Handler\CurlMultiHandler->execute(true)
#6 E:\xampp73\htdocs\filecroco\loader\vendor\guzzlehttp\promises\src\Promise.php(223): GuzzleHttp\Promise\Promise->invokeWaitFn()
#7 E:\xampp73\htdocs\filecroco\loader\vendor\guzzlehttp\promises\src\Promise.php(267): GuzzleHttp\Promise\Promise->waitIfPending()
#8 E:\xampp73\htdocs\filecroco\loader\vendor\guzzlehttp\promises\src\Promise.php(225): GuzzleHttp\Promise\Promise->invokeWaitList()
#9 E:\xampp73\htdocs\filecroco\loader\vendor\guzzlehttp\promises\src\Promise.php(62): GuzzleHttp\Promise\Promise->waitIfPending()
#10 E:\xampp73\htdocs\filecroco\loader\vendor\guzzlehttp\promises\src\EachPromise.php(101): GuzzleHttp\Promise\Promise->wait()
#11 E:\xampp73\htdocs\filecroco\loader\vendor\guzzlehttp\promises\src\Promise.php(246): GuzzleHttp\Promise\EachPromise->GuzzleHttp\Promise\{closure}(true)
#12 E:\xampp73\htdocs\filecroco\loader\vendor\guzzlehttp\promises\src\Promise.php(223): GuzzleHttp\Promise\Promise->invokeWaitFn()
#13 E:\xampp73\htdocs\filecroco\loader\vendor\guzzlehttp\promises\src\Promise.php(62): GuzzleHttp\Promise\Promise->waitIfPending()
#14 E:\xampp73\htdocs\filecroco\loader\updatedownloadlink.php(95): GuzzleHttp\Promise\Promise->wait()
#15 {main}|380GuzzleHttp\Exception\RequestException: cURL error 56:  (see http://curl.haxx.se/libcurl/c/libcurl-errors.html) in E:\xampp73\htdocs\filecroco\loader\vendor\guzzlehttp\guzzle\src\Handler\CurlFactory.php:186
Stack trace:
#0 E:\xampp73\htdocs\filecroco\loader\vendor\guzzlehttp\guzzle\src\Handler\CurlFactory.php(149): GuzzleHttp\Handler\CurlFactory::createRejection(Object(GuzzleHttp\Handler\EasyHandle), Array)
#1 E:\xampp73\htdocs\filecroco\loader\vendor\guzzlehttp\guzzle\src\Handler\CurlFactory.php(102): GuzzleHttp\Handler\CurlFactory::finishError(Object(GuzzleHttp\Handler\CurlMultiHandler), Object(GuzzleHttp\Handler\EasyHandle), Object(GuzzleHttp\Handler\CurlFactory))
#2 E:\xampp73\htdocs\filecroco\loader\vendor\guzzlehttp\guzzle\src\Handler\CurlMultiHandler.php(181): GuzzleHttp\Handler\CurlFactory::finish(Object(GuzzleHttp\Handler\CurlMultiHandler), Object(GuzzleHttp\Handler\EasyHandle), Object(GuzzleHttp\Handler\CurlFactory))
#3 E:\xampp73\htdocs\filecroco\loader\vendor\guzzlehttp\guzzle\src\Handler\CurlMultiHandler.php(110): GuzzleHttp\Handler\CurlMultiHandler->processMessages()
#4 E:\xampp73\htdocs\filecroco\loader\vendor\guzzlehttp\guzzle\src\Handler\CurlMultiHandler.php(125): GuzzleHttp\Handler\CurlMultiHandler->tick()
#5 E:\xampp73\htdocs\filecroco\loader\vendor\guzzlehttp\promises\src\Promise.php(246): GuzzleHttp\Handler\CurlMultiHandler->execute(true)
#6 E:\xampp73\htdocs\filecroco\loader\vendor\guzzlehttp\promises\src\Promise.php(223): GuzzleHttp\Promise\Promise->invokeWaitFn()
#7 E:\xampp73\htdocs\filecroco\loader\vendor\guzzlehttp\promises\src\Promise.php(267): GuzzleHttp\Promise\Promise->waitIfPending()
#8 E:\xampp73\htdocs\filecroco\loader\vendor\guzzlehttp\promises\src\Promise.php(225): GuzzleHttp\Promise\Promise->invokeWaitList()
#9 E:\xampp73\htdocs\filecroco\loader\vendor\guzzlehttp\promises\src\Promise.php(62): GuzzleHttp\Promise\Promise->waitIfPending()
#10 E:\xampp73\htdocs\filecroco\loader\vendor\guzzlehttp\promises\src\EachPromise.php(101): GuzzleHttp\Promise\Promise->wait()
#11 E:\xampp73\htdocs\filecroco\loader\vendor\guzzlehttp\promises\src\Promise.php(246): GuzzleHttp\Promise\EachPromise->GuzzleHttp\Promise\{closure}(true)
#12 E:\xampp73\htdocs\filecroco\loader\vendor\guzzlehttp\promises\src\Promise.php(223): GuzzleHttp\Promise\Promise->invokeWaitFn()
#13 E:\xampp73\htdocs\filecroco\loader\vendor\guzzlehttp\promises\src\Promise.php(62): GuzzleHttp\Promise\Promise->waitIfPending()
#14 E:\xampp73\htdocs\filecroco\loader\updatedownloadlink.php(95): GuzzleHttp\Promise\Promise->wait()
#15 {main}|381GuzzleHttp\Exception\RequestException: cURL error 56:  (see http://curl.haxx.se/libcurl/c/libcurl-errors.html) in E:\xampp73\htdocs\filecroco\loader\vendor\guzzlehttp\guzzle\src\Handler\CurlFactory.php:186
Stack trace:
#0 E:\xampp73\htdocs\filecroco\loader\vendor\guzzlehttp\guzzle\src\Handler\CurlFactory.php(149): GuzzleHttp\Handler\CurlFactory::createRejection(Object(GuzzleHttp\Handler\EasyHandle), Array)
#1 E:\xampp73\htdocs\filecroco\loader\vendor\guzzlehttp\guzzle\src\Handler\CurlFactory.php(102): GuzzleHttp\Handler\CurlFactory::finishError(Object(GuzzleHttp\Handler\CurlMultiHandler), Object(GuzzleHttp\Handler\EasyHandle), Object(GuzzleHttp\Handler\CurlFactory))
#2 E:\xampp73\htdocs\filecroco\loader\vendor\guzzlehttp\guzzle\src\Handler\CurlMultiHandler.php(181): GuzzleHttp\Handler\CurlFactory::finish(Object(GuzzleHttp\Handler\CurlMultiHandler), Object(GuzzleHttp\Handler\EasyHandle), Object(GuzzleHttp\Handler\CurlFactory))
#3 E:\xampp73\htdocs\filecroco\loader\vendor\guzzlehttp\guzzle\src\Handler\CurlMultiHandler.php(110): GuzzleHttp\Handler\CurlMultiHandler->processMessages()
#4 E:\xampp73\htdocs\filecroco\loader\vendor\guzzlehttp\guzzle\src\Handler\CurlMultiHandler.php(125): GuzzleHttp\Handler\CurlMultiHandler->tick()
#5 E:\xampp73\htdocs\filecroco\loader\vendor\guzzlehttp\promises\src\Promise.php(246): GuzzleHttp\Handler\CurlMultiHandler->execute(true)
#6 E:\xampp73\htdocs\filecroco\loader\vendor\guzzlehttp\promises\src\Promise.php(223): GuzzleHttp\Promise\Promise->invokeWaitFn()
#7 E:\xampp73\htdocs\filecroco\loader\vendor\guzzlehttp\promises\src\Promise.php(267): GuzzleHttp\Promise\Promise->waitIfPending()
#8 E:\xampp73\htdocs\filecroco\loader\vendor\guzzlehttp\promises\src\Promise.php(225): GuzzleHttp\Promise\Promise->invokeWaitList()
#9 E:\xampp73\htdocs\filecroco\loader\vendor\guzzlehttp\promises\src\Promise.php(62): GuzzleHttp\Promise\Promise->waitIfPending()
#10 E:\xampp73\htdocs\filecroco\loader\vendor\guzzlehttp\promises\src\EachPromise.php(101): GuzzleHttp\Promise\Promise->wait()
#11 E:\xampp73\htdocs\filecroco\loader\vendor\guzzlehttp\promises\src\Promise.php(246): GuzzleHttp\Promise\EachPromise->GuzzleHttp\Promise\{closure}(true)
#12 E:\xampp73\htdocs\filecroco\loader\vendor\guzzlehttp\promises\src\Promise.php(223): GuzzleHttp\Promise\Promise->invokeWaitFn()
#13 E:\xampp73\htdocs\filecroco\loader\vendor\guzzlehttp\promises\src\Promise.php(62): GuzzleHttp\Promise\Promise->waitIfPending()
#14 E:\xampp73\htdocs\filecroco\loader\updatedownloadlink.php(95): GuzzleHttp\Promise\Promise->wait()
#15 {main}|382GuzzleHttp\Exception\RequestException: cURL error 56:  (see http://curl.haxx.se/libcurl/c/libcurl-errors.html) in E:\xampp73\htdocs\filecroco\loader\vendor\guzzlehttp\guzzle\src\Handler\CurlFactory.php:186
Stack trace:
#0 E:\xampp73\htdocs\filecroco\loader\vendor\guzzlehttp\guzzle\src\Handler\CurlFactory.php(149): GuzzleHttp\Handler\CurlFactory::createRejection(Object(GuzzleHttp\Handler\EasyHandle), Array)
#1 E:\xampp73\htdocs\filecroco\loader\vendor\guzzlehttp\guzzle\src\Handler\CurlFactory.php(102): GuzzleHttp\Handler\CurlFactory::finishError(Object(GuzzleHttp\Handler\CurlMultiHandler), Object(GuzzleHttp\Handler\EasyHandle), Object(GuzzleHttp\Handler\CurlFactory))
#2 E:\xampp73\htdocs\filecroco\loader\vendor\guzzlehttp\guzzle\src\Handler\CurlMultiHandler.php(181): GuzzleHttp\Handler\CurlFactory::finish(Object(GuzzleHttp\Handler\CurlMultiHandler), Object(GuzzleHttp\Handler\EasyHandle), Object(GuzzleHttp\Handler\CurlFactory))
#3 E:\xampp73\htdocs\filecroco\loader\vendor\guzzlehttp\guzzle\src\Handler\CurlMultiHandler.php(110): GuzzleHttp\Handler\CurlMultiHandler->processMessages()
#4 E:\xampp73\htdocs\filecroco\loader\vendor\guzzlehttp\guzzle\src\Handler\CurlMultiHandler.php(125): GuzzleHttp\Handler\CurlMultiHandler->tick()
#5 E:\xampp73\htdocs\filecroco\loader\vendor\guzzlehttp\promises\src\Promise.php(246): GuzzleHttp\Handler\CurlMultiHandler->execute(true)
#6 E:\xampp73\htdocs\filecroco\loader\vendor\guzzlehttp\promises\src\Promise.php(223): GuzzleHttp\Promise\Promise->invokeWaitFn()
#7 E:\xampp73\htdocs\filecroco\loader\vendor\guzzlehttp\promises\src\Promise.php(267): GuzzleHttp\Promise\Promise->waitIfPending()
#8 E:\xampp73\htdocs\filecroco\loader\vendor\guzzlehttp\promises\src\Promise.php(225): GuzzleHttp\Promise\Promise->invokeWaitList()
#9 E:\xampp73\htdocs\filecroco\loader\vendor\guzzlehttp\promises\src\Promise.php(62): GuzzleHttp\Promise\Promise->waitIfPending()
#10 E:\xampp73\htdocs\filecroco\loader\vendor\guzzlehttp\promises\src\EachPromise.php(101): GuzzleHttp\Promise\Promise->wait()
#11 E:\xampp73\htdocs\filecroco\loader\vendor\guzzlehttp\promises\src\Promise.php(246): GuzzleHttp\Promise\EachPromise->GuzzleHttp\Promise\{closure}(true)
#12 E:\xampp73\htdocs\filecroco\loader\vendor\guzzlehttp\promises\src\Promise.php(223): GuzzleHttp\Promise\Promise->invokeWaitFn()
#13 E:\xampp73\htdocs\filecroco\loader\vendor\guzzlehttp\promises\src\Promise.php(62): GuzzleHttp\Promise\Promise->waitIfPending()
#14 E:\xampp73\htdocs\filecroco\loader\updatedownloadlink.php(95): GuzzleHttp\Promise\Promise->wait()
#15 {main}|383GuzzleHttp\Exception\RequestException: cURL error 56:  (see http://curl.haxx.se/libcurl/c/libcurl-errors.html) in E:\xampp73\htdocs\filecroco\loader\vendor\guzzlehttp\guzzle\src\Handler\CurlFactory.php:186
Stack trace:
#0 E:\xampp73\htdocs\filecroco\loader\vendor\guzzlehttp\guzzle\src\Handler\CurlFactory.php(149): GuzzleHttp\Handler\CurlFactory::createRejection(Object(GuzzleHttp\Handler\EasyHandle), Array)
#1 E:\xampp73\htdocs\filecroco\loader\vendor\guzzlehttp\guzzle\src\Handler\CurlFactory.php(102): GuzzleHttp\Handler\CurlFactory::finishError(Object(GuzzleHttp\Handler\CurlMultiHandler), Object(GuzzleHttp\Handler\EasyHandle), Object(GuzzleHttp\Handler\CurlFactory))
#2 E:\xampp73\htdocs\filecroco\loader\vendor\guzzlehttp\guzzle\src\Handler\CurlMultiHandler.php(181): GuzzleHttp\Handler\CurlFactory::finish(Object(GuzzleHttp\Handler\CurlMultiHandler), Object(GuzzleHttp\Handler\EasyHandle), Object(GuzzleHttp\Handler\CurlFactory))
#3 E:\xampp73\htdocs\filecroco\loader\vendor\guzzlehttp\guzzle\src\Handler\CurlMultiHandler.php(110): GuzzleHttp\Handler\CurlMultiHandler->processMessages()
#4 E:\xampp73\htdocs\filecroco\loader\vendor\guzzlehttp\guzzle\src\Handler\CurlMultiHandler.php(125): GuzzleHttp\Handler\CurlMultiHandler->tick()
#5 E:\xampp73\htdocs\filecroco\loader\vendor\guzzlehttp\promises\src\Promise.php(246): GuzzleHttp\Handler\CurlMultiHandler->execute(true)
#6 E:\xampp73\htdocs\filecroco\loader\vendor\guzzlehttp\promises\src\Promise.php(223): GuzzleHttp\Promise\Promise->invokeWaitFn()
#7 E:\xampp73\htdocs\filecroco\loader\vendor\guzzlehttp\promises\src\Promise.php(267): GuzzleHttp\Promise\Promise->waitIfPending()
#8 E:\xampp73\htdocs\filecroco\loader\vendor\guzzlehttp\promises\src\Promise.php(225): GuzzleHttp\Promise\Promise->invokeWaitList()
#9 E:\xampp73\htdocs\filecroco\loader\vendor\guzzlehttp\promises\src\Promise.php(62): GuzzleHttp\Promise\Promise->waitIfPending()
#10 E:\xampp73\htdocs\filecroco\loader\vendor\guzzlehttp\promises\src\EachPromise.php(101): GuzzleHttp\Promise\Promise->wait()
#11 E:\xampp73\htdocs\filecroco\loader\vendor\guzzlehttp\promises\src\Promise.php(246): GuzzleHttp\Promise\EachPromise->GuzzleHttp\Promise\{closure}(true)
#12 E:\xampp73\htdocs\filecroco\loader\vendor\guzzlehttp\promises\src\Promise.php(223): GuzzleHttp\Promise\Promise->invokeWaitFn()
#13 E:\xampp73\htdocs\filecroco\loader\vendor\guzzlehttp\promises\src\Promise.php(62): GuzzleHttp\Promise\Promise->waitIfPending()
#14 E:\xampp73\htdocs\filecroco\loader\updatedownloadlink.php(95): GuzzleHttp\Promise\Promise->wait()
#15 {main}|384GuzzleHttp\Exception\RequestException: cURL error 56:  (see http://curl.haxx.se/libcurl/c/libcurl-errors.html) in E:\xampp73\htdocs\filecroco\loader\vendor\guzzlehttp\guzzle\src\Handler\CurlFactory.php:186
Stack trace:
#0 E:\xampp73\htdocs\filecroco\loader\vendor\guzzlehttp\guzzle\src\Handler\CurlFactory.php(149): GuzzleHttp\Handler\CurlFactory::createRejection(Object(GuzzleHttp\Handler\EasyHandle), Array)
#1 E:\xampp73\htdocs\filecroco\loader\vendor\guzzlehttp\guzzle\src\Handler\CurlFactory.php(102): GuzzleHttp\Handler\CurlFactory::finishError(Object(GuzzleHttp\Handler\CurlMultiHandler), Object(GuzzleHttp\Handler\EasyHandle), Object(GuzzleHttp\Handler\CurlFactory))
#2 E:\xampp73\htdocs\filecroco\loader\vendor\guzzlehttp\guzzle\src\Handler\CurlMultiHandler.php(181): GuzzleHttp\Handler\CurlFactory::finish(Object(GuzzleHttp\Handler\CurlMultiHandler), Object(GuzzleHttp\Handler\EasyHandle), Object(GuzzleHttp\Handler\CurlFactory))
#3 E:\xampp73\htdocs\filecroco\loader\vendor\guzzlehttp\guzzle\src\Handler\CurlMultiHandler.php(110): GuzzleHttp\Handler\CurlMultiHandler->processMessages()
#4 E:\xampp73\htdocs\filecroco\loader\vendor\guzzlehttp\guzzle\src\Handler\CurlMultiHandler.php(125): GuzzleHttp\Handler\CurlMultiHandler->tick()
#5 E:\xampp73\htdocs\filecroco\loader\vendor\guzzlehttp\promises\src\Promise.php(246): GuzzleHttp\Handler\CurlMultiHandler->execute(true)
#6 E:\xampp73\htdocs\filecroco\loader\vendor\guzzlehttp\promises\src\Promise.php(223): GuzzleHttp\Promise\Promise->invokeWaitFn()
#7 E:\xampp73\htdocs\filecroco\loader\vendor\guzzlehttp\promises\src\Promise.php(267): GuzzleHttp\Promise\Promise->waitIfPending()
#8 E:\xampp73\htdocs\filecroco\loader\vendor\guzzlehttp\promises\src\Promise.php(225): GuzzleHttp\Promise\Promise->invokeWaitList()
#9 E:\xampp73\htdocs\filecroco\loader\vendor\guzzlehttp\promises\src\Promise.php(62): GuzzleHttp\Promise\Promise->waitIfPending()
#10 E:\xampp73\htdocs\filecroco\loader\vendor\guzzlehttp\promises\src\EachPromise.php(101): GuzzleHttp\Promise\Promise->wait()
#11 E:\xampp73\htdocs\filecroco\loader\vendor\guzzlehttp\promises\src\Promise.php(246): GuzzleHttp\Promise\EachPromise->GuzzleHttp\Promise\{closure}(true)
#12 E:\xampp73\htdocs\filecroco\loader\vendor\guzzlehttp\promises\src\Promise.php(223): GuzzleHttp\Promise\Promise->invokeWaitFn()
#13 E:\xampp73\htdocs\filecroco\loader\vendor\guzzlehttp\promises\src\Promise.php(62): GuzzleHttp\Promise\Promise->waitIfPending()
#14 E:\xampp73\htdocs\filecroco\loader\updatedownloadlink.php(95): GuzzleHttp\Promise\Promise->wait()
#15 {main}|385GuzzleHttp\Exception\RequestException: cURL error 56:  (see http://curl.haxx.se/libcurl/c/libcurl-errors.html) in E:\xampp73\htdocs\filecroco\loader\vendor\guzzlehttp\guzzle\src\Handler\CurlFactory.php:186
Stack trace:
#0 E:\xampp73\htdocs\filecroco\loader\vendor\guzzlehttp\guzzle\src\Handler\CurlFactory.php(149): GuzzleHttp\Handler\CurlFactory::createRejection(Object(GuzzleHttp\Handler\EasyHandle), Array)
#1 E:\xampp73\htdocs\filecroco\loader\vendor\guzzlehttp\guzzle\src\Handler\CurlFactory.php(102): GuzzleHttp\Handler\CurlFactory::finishError(Object(GuzzleHttp\Handler\CurlMultiHandler), Object(GuzzleHttp\Handler\EasyHandle), Object(GuzzleHttp\Handler\CurlFactory))
#2 E:\xampp73\htdocs\filecroco\loader\vendor\guzzlehttp\guzzle\src\Handler\CurlMultiHandler.php(181): GuzzleHttp\Handler\CurlFactory::finish(Object(GuzzleHttp\Handler\CurlMultiHandler), Object(GuzzleHttp\Handler\EasyHandle), Object(GuzzleHttp\Handler\CurlFactory))
#3 E:\xampp73\htdocs\filecroco\loader\vendor\guzzlehttp\guzzle\src\Handler\CurlMultiHandler.php(110): GuzzleHttp\Handler\CurlMultiHandler->processMessages()
#4 E:\xampp73\htdocs\filecroco\loader\vendor\guzzlehttp\guzzle\src\Handler\CurlMultiHandler.php(125): GuzzleHttp\Handler\CurlMultiHandler->tick()
#5 E:\xampp73\htdocs\filecroco\loader\vendor\guzzlehttp\promises\src\Promise.php(246): GuzzleHttp\Handler\CurlMultiHandler->execute(true)
#6 E:\xampp73\htdocs\filecroco\loader\vendor\guzzlehttp\promises\src\Promise.php(223): GuzzleHttp\Promise\Promise->invokeWaitFn()
#7 E:\xampp73\htdocs\filecroco\loader\vendor\guzzlehttp\promises\src\Promise.php(267): GuzzleHttp\Promise\Promise->waitIfPending()
#8 E:\xampp73\htdocs\filecroco\loader\vendor\guzzlehttp\promises\src\Promise.php(225): GuzzleHttp\Promise\Promise->invokeWaitList()
#9 E:\xampp73\htdocs\filecroco\loader\vendor\guzzlehttp\promises\src\Promise.php(62): GuzzleHttp\Promise\Promise->waitIfPending()
#10 E:\xampp73\htdocs\filecroco\loader\vendor\guzzlehttp\promises\src\EachPromise.php(101): GuzzleHttp\Promise\Promise->wait()
#11 E:\xampp73\htdocs\filecroco\loader\vendor\guzzlehttp\promises\src\Promise.php(246): GuzzleHttp\Promise\EachPromise->GuzzleHttp\Promise\{closure}(true)
#12 E:\xampp73\htdocs\filecroco\loader\vendor\guzzlehttp\promises\src\Promise.php(223): GuzzleHttp\Promise\Promise->invokeWaitFn()
#13 E:\xampp73\htdocs\filecroco\loader\vendor\guzzlehttp\promises\src\Promise.php(62): GuzzleHttp\Promise\Promise->waitIfPending()
#14 E:\xampp73\htdocs\filecroco\loader\updatedownloadlink.php(95): GuzzleHttp\Promise\Promise->wait()
#15 {main}|386GuzzleHttp\Exception\RequestException: cURL error 56:  (see http://curl.haxx.se/libcurl/c/libcurl-errors.html) in E:\xampp73\htdocs\filecroco\loader\vendor\guzzlehttp\guzzle\src\Handler\CurlFactory.php:186
Stack trace:
#0 E:\xampp73\htdocs\filecroco\loader\vendor\guzzlehttp\guzzle\src\Handler\CurlFactory.php(149): GuzzleHttp\Handler\CurlFactory::createRejection(Object(GuzzleHttp\Handler\EasyHandle), Array)
#1 E:\xampp73\htdocs\filecroco\loader\vendor\guzzlehttp\guzzle\src\Handler\CurlFactory.php(102): GuzzleHttp\Handler\CurlFactory::finishError(Object(GuzzleHttp\Handler\CurlMultiHandler), Object(GuzzleHttp\Handler\EasyHandle), Object(GuzzleHttp\Handler\CurlFactory))
#2 E:\xampp73\htdocs\filecroco\loader\vendor\guzzlehttp\guzzle\src\Handler\CurlMultiHandler.php(181): GuzzleHttp\Handler\CurlFactory::finish(Object(GuzzleHttp\Handler\CurlMultiHandler), Object(GuzzleHttp\Handler\EasyHandle), Object(GuzzleHttp\Handler\CurlFactory))
#3 E:\xampp73\htdocs\filecroco\loader\vendor\guzzlehttp\guzzle\src\Handler\CurlMultiHandler.php(110): GuzzleHttp\Handler\CurlMultiHandler->processMessages()
#4 E:\xampp73\htdocs\filecroco\loader\vendor\guzzlehttp\guzzle\src\Handler\CurlMultiHandler.php(125): GuzzleHttp\Handler\CurlMultiHandler->tick()
#5 E:\xampp73\htdocs\filecroco\loader\vendor\guzzlehttp\promises\src\Promise.php(246): GuzzleHttp\Handler\CurlMultiHandler->execute(true)
#6 E:\xampp73\htdocs\filecroco\loader\vendor\guzzlehttp\promises\src\Promise.php(223): GuzzleHttp\Promise\Promise->invokeWaitFn()
#7 E:\xampp73\htdocs\filecroco\loader\vendor\guzzlehttp\promises\src\Promise.php(267): GuzzleHttp\Promise\Promise->waitIfPending()
#8 E:\xampp73\htdocs\filecroco\loader\vendor\guzzlehttp\promises\src\Promise.php(225): GuzzleHttp\Promise\Promise->invokeWaitList()
#9 E:\xampp73\htdocs\filecroco\loader\vendor\guzzlehttp\promises\src\Promise.php(62): GuzzleHttp\Promise\Promise->waitIfPending()
#10 E:\xampp73\htdocs\filecroco\loader\vendor\guzzlehttp\promises\src\EachPromise.php(101): GuzzleHttp\Promise\Promise->wait()
#11 E:\xampp73\htdocs\filecroco\loader\vendor\guzzlehttp\promises\src\Promise.php(246): GuzzleHttp\Promise\EachPromise->GuzzleHttp\Promise\{closure}(true)
#12 E:\xampp73\htdocs\filecroco\loader\vendor\guzzlehttp\promises\src\Promise.php(223): GuzzleHttp\Promise\Promise->invokeWaitFn()
#13 E:\xampp73\htdocs\filecroco\loader\vendor\guzzlehttp\promises\src\Promise.php(62): GuzzleHttp\Promise\Promise->waitIfPending()
#14 E:\xampp73\htdocs\filecroco\loader\updatedownloadlink.php(95): GuzzleHttp\Promise\Promise->wait()
#15 {main}|387GuzzleHttp\Exception\RequestException: cURL error 56:  (see http://curl.haxx.se/libcurl/c/libcurl-errors.html) in E:\xampp73\htdocs\filecroco\loader\vendor\guzzlehttp\guzzle\src\Handler\CurlFactory.php:186
Stack trace:
#0 E:\xampp73\htdocs\filecroco\loader\vendor\guzzlehttp\guzzle\src\Handler\CurlFactory.php(149): GuzzleHttp\Handler\CurlFactory::createRejection(Object(GuzzleHttp\Handler\EasyHandle), Array)
#1 E:\xampp73\htdocs\filecroco\loader\vendor\guzzlehttp\guzzle\src\Handler\CurlFactory.php(102): GuzzleHttp\Handler\CurlFactory::finishError(Object(GuzzleHttp\Handler\CurlMultiHandler), Object(GuzzleHttp\Handler\EasyHandle), Object(GuzzleHttp\Handler\CurlFactory))
#2 E:\xampp73\htdocs\filecroco\loader\vendor\guzzlehttp\guzzle\src\Handler\CurlMultiHandler.php(181): GuzzleHttp\Handler\CurlFactory::finish(Object(GuzzleHttp\Handler\CurlMultiHandler), Object(GuzzleHttp\Handler\EasyHandle), Object(GuzzleHttp\Handler\CurlFactory))
#3 E:\xampp73\htdocs\filecroco\loader\vendor\guzzlehttp\guzzle\src\Handler\CurlMultiHandler.php(110): GuzzleHttp\Handler\CurlMultiHandler->processMessages()
#4 E:\xampp73\htdocs\filecroco\loader\vendor\guzzlehttp\guzzle\src\Handler\CurlMultiHandler.php(125): GuzzleHttp\Handler\CurlMultiHandler->tick()
#5 E:\xampp73\htdocs\filecroco\loader\vendor\guzzlehttp\promises\src\Promise.php(246): GuzzleHttp\Handler\CurlMultiHandler->execute(true)
#6 E:\xampp73\htdocs\filecroco\loader\vendor\guzzlehttp\promises\src\Promise.php(223): GuzzleHttp\Promise\Promise->invokeWaitFn()
#7 E:\xampp73\htdocs\filecroco\loader\vendor\guzzlehttp\promises\src\Promise.php(267): GuzzleHttp\Promise\Promise->waitIfPending()
#8 E:\xampp73\htdocs\filecroco\loader\vendor\guzzlehttp\promises\src\Promise.php(225): GuzzleHttp\Promise\Promise->invokeWaitList()
#9 E:\xampp73\htdocs\filecroco\loader\vendor\guzzlehttp\promises\src\Promise.php(62): GuzzleHttp\Promise\Promise->waitIfPending()
#10 E:\xampp73\htdocs\filecroco\loader\vendor\guzzlehttp\promises\src\EachPromise.php(101): GuzzleHttp\Promise\Promise->wait()
#11 E:\xampp73\htdocs\filecroco\loader\vendor\guzzlehttp\promises\src\Promise.php(246): GuzzleHttp\Promise\EachPromise->GuzzleHttp\Promise\{closure}(true)
#12 E:\xampp73\htdocs\filecroco\loader\vendor\guzzlehttp\promises\src\Promise.php(223): GuzzleHttp\Promise\Promise->invokeWaitFn()
#13 E:\xampp73\htdocs\filecroco\loader\vendor\guzzlehttp\promises\src\Promise.php(62): GuzzleHttp\Promise\Promise->waitIfPending()
#14 E:\xampp73\htdocs\filecroco\loader\updatedownloadlink.php(95): GuzzleHttp\Promise\Promise->wait()
#15 {main}|388GuzzleHttp\Exception\RequestException: cURL error 56:  (see http://curl.haxx.se/libcurl/c/libcurl-errors.html) in E:\xampp73\htdocs\filecroco\loader\vendor\guzzlehttp\guzzle\src\Handler\CurlFactory.php:186
Stack trace:
#0 E:\xampp73\htdocs\filecroco\loader\vendor\guzzlehttp\guzzle\src\Handler\CurlFactory.php(149): GuzzleHttp\Handler\CurlFactory::createRejection(Object(GuzzleHttp\Handler\EasyHandle), Array)
#1 E:\xampp73\htdocs\filecroco\loader\vendor\guzzlehttp\guzzle\src\Handler\CurlFactory.php(102): GuzzleHttp\Handler\CurlFactory::finishError(Object(GuzzleHttp\Handler\CurlMultiHandler), Object(GuzzleHttp\Handler\EasyHandle), Object(GuzzleHttp\Handler\CurlFactory))
#2 E:\xampp73\htdocs\filecroco\loader\vendor\guzzlehttp\guzzle\src\Handler\CurlMultiHandler.php(181): GuzzleHttp\Handler\CurlFactory::finish(Object(GuzzleHttp\Handler\CurlMultiHandler), Object(GuzzleHttp\Handler\EasyHandle), Object(GuzzleHttp\Handler\CurlFactory))
#3 E:\xampp73\htdocs\filecroco\loader\vendor\guzzlehttp\guzzle\src\Handler\CurlMultiHandler.php(110): GuzzleHttp\Handler\CurlMultiHandler->processMessages()
#4 E:\xampp73\htdocs\filecroco\loader\vendor\guzzlehttp\guzzle\src\Handler\CurlMultiHandler.php(125): GuzzleHttp\Handler\CurlMultiHandler->tick()
#5 E:\xampp73\htdocs\filecroco\loader\vendor\guzzlehttp\promises\src\Promise.php(246): GuzzleHttp\Handler\CurlMultiHandler->execute(true)
#6 E:\xampp73\htdocs\filecroco\loader\vendor\guzzlehttp\promises\src\Promise.php(223): GuzzleHttp\Promise\Promise->invokeWaitFn()
#7 E:\xampp73\htdocs\filecroco\loader\vendor\guzzlehttp\promises\src\Promise.php(267): GuzzleHttp\Promise\Promise->waitIfPending()
#8 E:\xampp73\htdocs\filecroco\loader\vendor\guzzlehttp\promises\src\Promise.php(225): GuzzleHttp\Promise\Promise->invokeWaitList()
#9 E:\xampp73\htdocs\filecroco\loader\vendor\guzzlehttp\promises\src\Promise.php(62): GuzzleHttp\Promise\Promise->waitIfPending()
#10 E:\xampp73\htdocs\filecroco\loader\vendor\guzzlehttp\promises\src\EachPromise.php(101): GuzzleHttp\Promise\Promise->wait()
#11 E:\xampp73\htdocs\filecroco\loader\vendor\guzzlehttp\promises\src\Promise.php(246): GuzzleHttp\Promise\EachPromise->GuzzleHttp\Promise\{closure}(true)
#12 E:\xampp73\htdocs\filecroco\loader\vendor\guzzlehttp\promises\src\Promise.php(223): GuzzleHttp\Promise\Promise->invokeWaitFn()
#13 E:\xampp73\htdocs\filecroco\loader\vendor\guzzlehttp\promises\src\Promise.php(62): GuzzleHttp\Promise\Promise->waitIfPending()
#14 E:\xampp73\htdocs\filecroco\loader\updatedownloadlink.php(95): GuzzleHttp\Promise\Promise->wait()
#15 {main}|389GuzzleHttp\Exception\RequestException: cURL error 56:  (see http://curl.haxx.se/libcurl/c/libcurl-errors.html) in E:\xampp73\htdocs\filecroco\loader\vendor\guzzlehttp\guzzle\src\Handler\CurlFactory.php:186
Stack trace:
#0 E:\xampp73\htdocs\filecroco\loader\vendor\guzzlehttp\guzzle\src\Handler\CurlFactory.php(149): GuzzleHttp\Handler\CurlFactory::createRejection(Object(GuzzleHttp\Handler\EasyHandle), Array)
#1 E:\xampp73\htdocs\filecroco\loader\vendor\guzzlehttp\guzzle\src\Handler\CurlFactory.php(102): GuzzleHttp\Handler\CurlFactory::finishError(Object(GuzzleHttp\Handler\CurlMultiHandler), Object(GuzzleHttp\Handler\EasyHandle), Object(GuzzleHttp\Handler\CurlFactory))
#2 E:\xampp73\htdocs\filecroco\loader\vendor\guzzlehttp\guzzle\src\Handler\CurlMultiHandler.php(181): GuzzleHttp\Handler\CurlFactory::finish(Object(GuzzleHttp\Handler\CurlMultiHandler), Object(GuzzleHttp\Handler\EasyHandle), Object(GuzzleHttp\Handler\CurlFactory))
#3 E:\xampp73\htdocs\filecroco\loader\vendor\guzzlehttp\guzzle\src\Handler\CurlMultiHandler.php(110): GuzzleHttp\Handler\CurlMultiHandler->processMessages()
#4 E:\xampp73\htdocs\filecroco\loader\vendor\guzzlehttp\guzzle\src\Handler\CurlMultiHandler.php(125): GuzzleHttp\Handler\CurlMultiHandler->tick()
#5 E:\xampp73\htdocs\filecroco\loader\vendor\guzzlehttp\promises\src\Promise.php(246): GuzzleHttp\Handler\CurlMultiHandler->execute(true)
#6 E:\xampp73\htdocs\filecroco\loader\vendor\guzzlehttp\promises\src\Promise.php(223): GuzzleHttp\Promise\Promise->invokeWaitFn()
#7 E:\xampp73\htdocs\filecroco\loader\vendor\guzzlehttp\promises\src\Promise.php(267): GuzzleHttp\Promise\Promise->waitIfPending()
#8 E:\xampp73\htdocs\filecroco\loader\vendor\guzzlehttp\promises\src\Promise.php(225): GuzzleHttp\Promise\Promise->invokeWaitList()
#9 E:\xampp73\htdocs\filecroco\loader\vendor\guzzlehttp\promises\src\Promise.php(62): GuzzleHttp\Promise\Promise->waitIfPending()
#10 E:\xampp73\htdocs\filecroco\loader\vendor\guzzlehttp\promises\src\EachPromise.php(101): GuzzleHttp\Promise\Promise->wait()
#11 E:\xampp73\htdocs\filecroco\loader\vendor\guzzlehttp\promises\src\Promise.php(246): GuzzleHttp\Promise\EachPromise->GuzzleHttp\Promise\{closure}(true)
#12 E:\xampp73\htdocs\filecroco\loader\vendor\guzzlehttp\promises\src\Promise.php(223): GuzzleHttp\Promise\Promise->invokeWaitFn()
#13 E:\xampp73\htdocs\filecroco\loader\vendor\guzzlehttp\promises\src\Promise.php(62): GuzzleHttp\Promise\Promise->waitIfPending()
#14 E:\xampp73\htdocs\filecroco\loader\updatedownloadlink.php(95): GuzzleHttp\Promise\Promise->wait()
#15 {main}|390GuzzleHttp\Exception\RequestException: cURL error 56:  (see http://curl.haxx.se/libcurl/c/libcurl-errors.html) in E:\xampp73\htdocs\filecroco\loader\vendor\guzzlehttp\guzzle\src\Handler\CurlFactory.php:186
Stack trace:
#0 E:\xampp73\htdocs\filecroco\loader\vendor\guzzlehttp\guzzle\src\Handler\CurlFactory.php(149): GuzzleHttp\Handler\CurlFactory::createRejection(Object(GuzzleHttp\Handler\EasyHandle), Array)
#1 E:\xampp73\htdocs\filecroco\loader\vendor\guzzlehttp\guzzle\src\Handler\CurlFactory.php(102): GuzzleHttp\Handler\CurlFactory::finishError(Object(GuzzleHttp\Handler\CurlMultiHandler), Object(GuzzleHttp\Handler\EasyHandle), Object(GuzzleHttp\Handler\CurlFactory))
#2 E:\xampp73\htdocs\filecroco\loader\vendor\guzzlehttp\guzzle\src\Handler\CurlMultiHandler.php(181): GuzzleHttp\Handler\CurlFactory::finish(Object(GuzzleHttp\Handler\CurlMultiHandler), Object(GuzzleHttp\Handler\EasyHandle), Object(GuzzleHttp\Handler\CurlFactory))
#3 E:\xampp73\htdocs\filecroco\loader\vendor\guzzlehttp\guzzle\src\Handler\CurlMultiHandler.php(110): GuzzleHttp\Handler\CurlMultiHandler->processMessages()
#4 E:\xampp73\htdocs\filecroco\loader\vendor\guzzlehttp\guzzle\src\Handler\CurlMultiHandler.php(125): GuzzleHttp\Handler\CurlMultiHandler->tick()
#5 E:\xampp73\htdocs\filecroco\loader\vendor\guzzlehttp\promises\src\Promise.php(246): GuzzleHttp\Handler\CurlMultiHandler->execute(true)
#6 E:\xampp73\htdocs\filecroco\loader\vendor\guzzlehttp\promises\src\Promise.php(223): GuzzleHttp\Promise\Promise->invokeWaitFn()
#7 E:\xampp73\htdocs\filecroco\loader\vendor\guzzlehttp\promises\src\Promise.php(267): GuzzleHttp\Promise\Promise->waitIfPending()
#8 E:\xampp73\htdocs\filecroco\loader\vendor\guzzlehttp\promises\src\Promise.php(225): GuzzleHttp\Promise\Promise->invokeWaitList()
#9 E:\xampp73\htdocs\filecroco\loader\vendor\guzzlehttp\promises\src\Promise.php(62): GuzzleHttp\Promise\Promise->waitIfPending()
#10 E:\xampp73\htdocs\filecroco\loader\vendor\guzzlehttp\promises\src\EachPromise.php(101): GuzzleHttp\Promise\Promise->wait()
#11 E:\xampp73\htdocs\filecroco\loader\vendor\guzzlehttp\promises\src\Promise.php(246): GuzzleHttp\Promise\EachPromise->GuzzleHttp\Promise\{closure}(true)
#12 E:\xampp73\htdocs\filecroco\loader\vendor\guzzlehttp\promises\src\Promise.php(223): GuzzleHttp\Promise\Promise->invokeWaitFn()
#13 E:\xampp73\htdocs\filecroco\loader\vendor\guzzlehttp\promises\src\Promise.php(62): GuzzleHttp\Promise\Promise->waitIfPending()
#14 E:\xampp73\htdocs\filecroco\loader\updatedownloadlink.php(95): GuzzleHttp\Promise\Promise->wait()
#15 {main}|391GuzzleHttp\Exception\RequestException: cURL error 56:  (see http://curl.haxx.se/libcurl/c/libcurl-errors.html) in E:\xampp73\htdocs\filecroco\loader\vendor\guzzlehttp\guzzle\src\Handler\CurlFactory.php:186
Stack trace:
#0 E:\xampp73\htdocs\filecroco\loader\vendor\guzzlehttp\guzzle\src\Handler\CurlFactory.php(149): GuzzleHttp\Handler\CurlFactory::createRejection(Object(GuzzleHttp\Handler\EasyHandle), Array)
#1 E:\xampp73\htdocs\filecroco\loader\vendor\guzzlehttp\guzzle\src\Handler\CurlFactory.php(102): GuzzleHttp\Handler\CurlFactory::finishError(Object(GuzzleHttp\Handler\CurlMultiHandler), Object(GuzzleHttp\Handler\EasyHandle), Object(GuzzleHttp\Handler\CurlFactory))
#2 E:\xampp73\htdocs\filecroco\loader\vendor\guzzlehttp\guzzle\src\Handler\CurlMultiHandler.php(181): GuzzleHttp\Handler\CurlFactory::finish(Object(GuzzleHttp\Handler\CurlMultiHandler), Object(GuzzleHttp\Handler\EasyHandle), Object(GuzzleHttp\Handler\CurlFactory))
#3 E:\xampp73\htdocs\filecroco\loader\vendor\guzzlehttp\guzzle\src\Handler\CurlMultiHandler.php(110): GuzzleHttp\Handler\CurlMultiHandler->processMessages()
#4 E:\xampp73\htdocs\filecroco\loader\vendor\guzzlehttp\guzzle\src\Handler\CurlMultiHandler.php(125): GuzzleHttp\Handler\CurlMultiHandler->tick()
#5 E:\xampp73\htdocs\filecroco\loader\vendor\guzzlehttp\promises\src\Promise.php(246): GuzzleHttp\Handler\CurlMultiHandler->execute(true)
#6 E:\xampp73\htdocs\filecroco\loader\vendor\guzzlehttp\promises\src\Promise.php(223): GuzzleHttp\Promise\Promise->invokeWaitFn()
#7 E:\xampp73\htdocs\filecroco\loader\vendor\guzzlehttp\promises\src\Promise.php(267): GuzzleHttp\Promise\Promise->waitIfPending()
#8 E:\xampp73\htdocs\filecroco\loader\vendor\guzzlehttp\promises\src\Promise.php(225): GuzzleHttp\Promise\Promise->invokeWaitList()
#9 E:\xampp73\htdocs\filecroco\loader\vendor\guzzlehttp\promises\src\Promise.php(62): GuzzleHttp\Promise\Promise->waitIfPending()
#10 E:\xampp73\htdocs\filecroco\loader\vendor\guzzlehttp\promises\src\EachPromise.php(101): GuzzleHttp\Promise\Promise->wait()
#11 E:\xampp73\htdocs\filecroco\loader\vendor\guzzlehttp\promises\src\Promise.php(246): GuzzleHttp\Promise\EachPromise->GuzzleHttp\Promise\{closure}(true)
#12 E:\xampp73\htdocs\filecroco\loader\vendor\guzzlehttp\promises\src\Promise.php(223): GuzzleHttp\Promise\Promise->invokeWaitFn()
#13 E:\xampp73\htdocs\filecroco\loader\vendor\guzzlehttp\promises\src\Promise.php(62): GuzzleHttp\Promise\Promise->waitIfPending()
#14 E:\xampp73\htdocs\filecroco\loader\updatedownloadlink.php(95): GuzzleHttp\Promise\Promise->wait()
#15 {main}|392GuzzleHttp\Exception\RequestException: cURL error 56:  (see http://curl.haxx.se/libcurl/c/libcurl-errors.html) in E:\xampp73\htdocs\filecroco\loader\vendor\guzzlehttp\guzzle\src\Handler\CurlFactory.php:186
Stack trace:
#0 E:\xampp73\htdocs\filecroco\loader\vendor\guzzlehttp\guzzle\src\Handler\CurlFactory.php(149): GuzzleHttp\Handler\CurlFactory::createRejection(Object(GuzzleHttp\Handler\EasyHandle), Array)
#1 E:\xampp73\htdocs\filecroco\loader\vendor\guzzlehttp\guzzle\src\Handler\CurlFactory.php(102): GuzzleHttp\Handler\CurlFactory::finishError(Object(GuzzleHttp\Handler\CurlMultiHandler), Object(GuzzleHttp\Handler\EasyHandle), Object(GuzzleHttp\Handler\CurlFactory))
#2 E:\xampp73\htdocs\filecroco\loader\vendor\guzzlehttp\guzzle\src\Handler\CurlMultiHandler.php(181): GuzzleHttp\Handler\CurlFactory::finish(Object(GuzzleHttp\Handler\CurlMultiHandler), Object(GuzzleHttp\Handler\EasyHandle), Object(GuzzleHttp\Handler\CurlFactory))
#3 E:\xampp73\htdocs\filecroco\loader\vendor\guzzlehttp\guzzle\src\Handler\CurlMultiHandler.php(110): GuzzleHttp\Handler\CurlMultiHandler->processMessages()
#4 E:\xampp73\htdocs\filecroco\loader\vendor\guzzlehttp\guzzle\src\Handler\CurlMultiHandler.php(125): GuzzleHttp\Handler\CurlMultiHandler->tick()
#5 E:\xampp73\htdocs\filecroco\loader\vendor\guzzlehttp\promises\src\Promise.php(246): GuzzleHttp\Handler\CurlMultiHandler->execute(true)
#6 E:\xampp73\htdocs\filecroco\loader\vendor\guzzlehttp\promises\src\Promise.php(223): GuzzleHttp\Promise\Promise->invokeWaitFn()
#7 E:\xampp73\htdocs\filecroco\loader\vendor\guzzlehttp\promises\src\Promise.php(267): GuzzleHttp\Promise\Promise->waitIfPending()
#8 E:\xampp73\htdocs\filecroco\loader\vendor\guzzlehttp\promises\src\Promise.php(225): GuzzleHttp\Promise\Promise->invokeWaitList()
#9 E:\xampp73\htdocs\filecroco\loader\vendor\guzzlehttp\promises\src\Promise.php(62): GuzzleHttp\Promise\Promise->waitIfPending()
#10 E:\xampp73\htdocs\filecroco\loader\vendor\guzzlehttp\promises\src\EachPromise.php(101): GuzzleHttp\Promise\Promise->wait()
#11 E:\xampp73\htdocs\filecroco\loader\vendor\guzzlehttp\promises\src\Promise.php(246): GuzzleHttp\Promise\EachPromise->GuzzleHttp\Promise\{closure}(true)
#12 E:\xampp73\htdocs\filecroco\loader\vendor\guzzlehttp\promises\src\Promise.php(223): GuzzleHttp\Promise\Promise->invokeWaitFn()
#13 E:\xampp73\htdocs\filecroco\loader\vendor\guzzlehttp\promises\src\Promise.php(62): GuzzleHttp\Promise\Promise->waitIfPending()
#14 E:\xampp73\htdocs\filecroco\loader\updatedownloadlink.php(95): GuzzleHttp\Promise\Promise->wait()
#15 {main}|393GuzzleHttp\Exception\RequestException: cURL error 56:  (see http://curl.haxx.se/libcurl/c/libcurl-errors.html) in E:\xampp73\htdocs\filecroco\loader\vendor\guzzlehttp\guzzle\src\Handler\CurlFactory.php:186
Stack trace:
#0 E:\xampp73\htdocs\filecroco\loader\vendor\guzzlehttp\guzzle\src\Handler\CurlFactory.php(149): GuzzleHttp\Handler\CurlFactory::createRejection(Object(GuzzleHttp\Handler\EasyHandle), Array)
#1 E:\xampp73\htdocs\filecroco\loader\vendor\guzzlehttp\guzzle\src\Handler\CurlFactory.php(102): GuzzleHttp\Handler\CurlFactory::finishError(Object(GuzzleHttp\Handler\CurlMultiHandler), Object(GuzzleHttp\Handler\EasyHandle), Object(GuzzleHttp\Handler\CurlFactory))
#2 E:\xampp73\htdocs\filecroco\loader\vendor\guzzlehttp\guzzle\src\Handler\CurlMultiHandler.php(181): GuzzleHttp\Handler\CurlFactory::finish(Object(GuzzleHttp\Handler\CurlMultiHandler), Object(GuzzleHttp\Handler\EasyHandle), Object(GuzzleHttp\Handler\CurlFactory))
#3 E:\xampp73\htdocs\filecroco\loader\vendor\guzzlehttp\guzzle\src\Handler\CurlMultiHandler.php(110): GuzzleHttp\Handler\CurlMultiHandler->processMessages()
#4 E:\xampp73\htdocs\filecroco\loader\vendor\guzzlehttp\guzzle\src\Handler\CurlMultiHandler.php(125): GuzzleHttp\Handler\CurlMultiHandler->tick()
#5 E:\xampp73\htdocs\filecroco\loader\vendor\guzzlehttp\promises\src\Promise.php(246): GuzzleHttp\Handler\CurlMultiHandler->execute(true)
#6 E:\xampp73\htdocs\filecroco\loader\vendor\guzzlehttp\promises\src\Promise.php(223): GuzzleHttp\Promise\Promise->invokeWaitFn()
#7 E:\xampp73\htdocs\filecroco\loader\vendor\guzzlehttp\promises\src\Promise.php(267): GuzzleHttp\Promise\Promise->waitIfPending()
#8 E:\xampp73\htdocs\filecroco\loader\vendor\guzzlehttp\promises\src\Promise.php(225): GuzzleHttp\Promise\Promise->invokeWaitList()
#9 E:\xampp73\htdocs\filecroco\loader\vendor\guzzlehttp\promises\src\Promise.php(62): GuzzleHttp\Promise\Promise->waitIfPending()
#10 E:\xampp73\htdocs\filecroco\loader\vendor\guzzlehttp\promises\src\EachPromise.php(101): GuzzleHttp\Promise\Promise->wait()
#11 E:\xampp73\htdocs\filecroco\loader\vendor\guzzlehttp\promises\src\Promise.php(246): GuzzleHttp\Promise\EachPromise->GuzzleHttp\Promise\{closure}(true)
#12 E:\xampp73\htdocs\filecroco\loader\vendor\guzzlehttp\promises\src\Promise.php(223): GuzzleHttp\Promise\Promise->invokeWaitFn()
#13 E:\xampp73\htdocs\filecroco\loader\vendor\guzzlehttp\promises\src\Promise.php(62): GuzzleHttp\Promise\Promise->waitIfPending()
#14 E:\xampp73\htdocs\filecroco\loader\updatedownloadlink.php(95): GuzzleHttp\Promise\Promise->wait()
#15 {main}|394GuzzleHttp\Exception\RequestException: cURL error 56:  (see http://curl.haxx.se/libcurl/c/libcurl-errors.html) in E:\xampp73\htdocs\filecroco\loader\vendor\guzzlehttp\guzzle\src\Handler\CurlFactory.php:186
Stack trace:
#0 E:\xampp73\htdocs\filecroco\loader\vendor\guzzlehttp\guzzle\src\Handler\CurlFactory.php(149): GuzzleHttp\Handler\CurlFactory::createRejection(Object(GuzzleHttp\Handler\EasyHandle), Array)
#1 E:\xampp73\htdocs\filecroco\loader\vendor\guzzlehttp\guzzle\src\Handler\CurlFactory.php(102): GuzzleHttp\Handler\CurlFactory::finishError(Object(GuzzleHttp\Handler\CurlMultiHandler), Object(GuzzleHttp\Handler\EasyHandle), Object(GuzzleHttp\Handler\CurlFactory))
#2 E:\xampp73\htdocs\filecroco\loader\vendor\guzzlehttp\guzzle\src\Handler\CurlMultiHandler.php(181): GuzzleHttp\Handler\CurlFactory::finish(Object(GuzzleHttp\Handler\CurlMultiHandler), Object(GuzzleHttp\Handler\EasyHandle), Object(GuzzleHttp\Handler\CurlFactory))
#3 E:\xampp73\htdocs\filecroco\loader\vendor\guzzlehttp\guzzle\src\Handler\CurlMultiHandler.php(110): GuzzleHttp\Handler\CurlMultiHandler->processMessages()
#4 E:\xampp73\htdocs\filecroco\loader\vendor\guzzlehttp\guzzle\src\Handler\CurlMultiHandler.php(125): GuzzleHttp\Handler\CurlMultiHandler->tick()
#5 E:\xampp73\htdocs\filecroco\loader\vendor\guzzlehttp\promises\src\Promise.php(246): GuzzleHttp\Handler\CurlMultiHandler->execute(true)
#6 E:\xampp73\htdocs\filecroco\loader\vendor\guzzlehttp\promises\src\Promise.php(223): GuzzleHttp\Promise\Promise->invokeWaitFn()
#7 E:\xampp73\htdocs\filecroco\loader\vendor\guzzlehttp\promises\src\Promise.php(267): GuzzleHttp\Promise\Promise->waitIfPending()
#8 E:\xampp73\htdocs\filecroco\loader\vendor\guzzlehttp\promises\src\Promise.php(225): GuzzleHttp\Promise\Promise->invokeWaitList()
#9 E:\xampp73\htdocs\filecroco\loader\vendor\guzzlehttp\promises\src\Promise.php(62): GuzzleHttp\Promise\Promise->waitIfPending()
#10 E:\xampp73\htdocs\filecroco\loader\vendor\guzzlehttp\promises\src\EachPromise.php(101): GuzzleHttp\Promise\Promise->wait()
#11 E:\xampp73\htdocs\filecroco\loader\vendor\guzzlehttp\promises\src\Promise.php(246): GuzzleHttp\Promise\EachPromise->GuzzleHttp\Promise\{closure}(true)
#12 E:\xampp73\htdocs\filecroco\loader\vendor\guzzlehttp\promises\src\Promise.php(223): GuzzleHttp\Promise\Promise->invokeWaitFn()
#13 E:\xampp73\htdocs\filecroco\loader\vendor\guzzlehttp\promises\src\Promise.php(62): GuzzleHttp\Promise\Promise->waitIfPending()
#14 E:\xampp73\htdocs\filecroco\loader\updatedownloadlink.php(95): GuzzleHttp\Promise\Promise->wait()
#15 {main}|395GuzzleHttp\Exception\RequestException: cURL error 56:  (see http://curl.haxx.se/libcurl/c/libcurl-errors.html) in E:\xampp73\htdocs\filecroco\loader\vendor\guzzlehttp\guzzle\src\Handler\CurlFactory.php:186
Stack trace:
#0 E:\xampp73\htdocs\filecroco\loader\vendor\guzzlehttp\guzzle\src\Handler\CurlFactory.php(149): GuzzleHttp\Handler\CurlFactory::createRejection(Object(GuzzleHttp\Handler\EasyHandle), Array)
#1 E:\xampp73\htdocs\filecroco\loader\vendor\guzzlehttp\guzzle\src\Handler\CurlFactory.php(102): GuzzleHttp\Handler\CurlFactory::finishError(Object(GuzzleHttp\Handler\CurlMultiHandler), Object(GuzzleHttp\Handler\EasyHandle), Object(GuzzleHttp\Handler\CurlFactory))
#2 E:\xampp73\htdocs\filecroco\loader\vendor\guzzlehttp\guzzle\src\Handler\CurlMultiHandler.php(181): GuzzleHttp\Handler\CurlFactory::finish(Object(GuzzleHttp\Handler\CurlMultiHandler), Object(GuzzleHttp\Handler\EasyHandle), Object(GuzzleHttp\Handler\CurlFactory))
#3 E:\xampp73\htdocs\filecroco\loader\vendor\guzzlehttp\guzzle\src\Handler\CurlMultiHandler.php(110): GuzzleHttp\Handler\CurlMultiHandler->processMessages()
#4 E:\xampp73\htdocs\filecroco\loader\vendor\guzzlehttp\guzzle\src\Handler\CurlMultiHandler.php(125): GuzzleHttp\Handler\CurlMultiHandler->tick()
#5 E:\xampp73\htdocs\filecroco\loader\vendor\guzzlehttp\promises\src\Promise.php(246): GuzzleHttp\Handler\CurlMultiHandler->execute(true)
#6 E:\xampp73\htdocs\filecroco\loader\vendor\guzzlehttp\promises\src\Promise.php(223): GuzzleHttp\Promise\Promise->invokeWaitFn()
#7 E:\xampp73\htdocs\filecroco\loader\vendor\guzzlehttp\promises\src\Promise.php(267): GuzzleHttp\Promise\Promise->waitIfPending()
#8 E:\xampp73\htdocs\filecroco\loader\vendor\guzzlehttp\promises\src\Promise.php(225): GuzzleHttp\Promise\Promise->invokeWaitList()
#9 E:\xampp73\htdocs\filecroco\loader\vendor\guzzlehttp\promises\src\Promise.php(62): GuzzleHttp\Promise\Promise->waitIfPending()
#10 E:\xampp73\htdocs\filecroco\loader\vendor\guzzlehttp\promises\src\EachPromise.php(101): GuzzleHttp\Promise\Promise->wait()
#11 E:\xampp73\htdocs\filecroco\loader\vendor\guzzlehttp\promises\src\Promise.php(246): GuzzleHttp\Promise\EachPromise->GuzzleHttp\Promise\{closure}(true)
#12 E:\xampp73\htdocs\filecroco\loader\vendor\guzzlehttp\promises\src\Promise.php(223): GuzzleHttp\Promise\Promise->invokeWaitFn()
#13 E:\xampp73\htdocs\filecroco\loader\vendor\guzzlehttp\promises\src\Promise.php(62): GuzzleHttp\Promise\Promise->waitIfPending()
#14 E:\xampp73\htdocs\filecroco\loader\updatedownloadlink.php(95): GuzzleHttp\Promise\Promise->wait()
#15 {main}|396GuzzleHttp\Exception\RequestException: cURL error 56:  (see http://curl.haxx.se/libcurl/c/libcurl-errors.html) in E:\xampp73\htdocs\filecroco\loader\vendor\guzzlehttp\guzzle\src\Handler\CurlFactory.php:186
Stack trace:
#0 E:\xampp73\htdocs\filecroco\loader\vendor\guzzlehttp\guzzle\src\Handler\CurlFactory.php(149): GuzzleHttp\Handler\CurlFactory::createRejection(Object(GuzzleHttp\Handler\EasyHandle), Array)
#1 E:\xampp73\htdocs\filecroco\loader\vendor\guzzlehttp\guzzle\src\Handler\CurlFactory.php(102): GuzzleHttp\Handler\CurlFactory::finishError(Object(GuzzleHttp\Handler\CurlMultiHandler), Object(GuzzleHttp\Handler\EasyHandle), Object(GuzzleHttp\Handler\CurlFactory))
#2 E:\xampp73\htdocs\filecroco\loader\vendor\guzzlehttp\guzzle\src\Handler\CurlMultiHandler.php(181): GuzzleHttp\Handler\CurlFactory::finish(Object(GuzzleHttp\Handler\CurlMultiHandler), Object(GuzzleHttp\Handler\EasyHandle), Object(GuzzleHttp\Handler\CurlFactory))
#3 E:\xampp73\htdocs\filecroco\loader\vendor\guzzlehttp\guzzle\src\Handler\CurlMultiHandler.php(110): GuzzleHttp\Handler\CurlMultiHandler->processMessages()
#4 E:\xampp73\htdocs\filecroco\loader\vendor\guzzlehttp\guzzle\src\Handler\CurlMultiHandler.php(125): GuzzleHttp\Handler\CurlMultiHandler->tick()
#5 E:\xampp73\htdocs\filecroco\loader\vendor\guzzlehttp\promises\src\Promise.php(246): GuzzleHttp\Handler\CurlMultiHandler->execute(true)
#6 E:\xampp73\htdocs\filecroco\loader\vendor\guzzlehttp\promises\src\Promise.php(223): GuzzleHttp\Promise\Promise->invokeWaitFn()
#7 E:\xampp73\htdocs\filecroco\loader\vendor\guzzlehttp\promises\src\Promise.php(267): GuzzleHttp\Promise\Promise->waitIfPending()
#8 E:\xampp73\htdocs\filecroco\loader\vendor\guzzlehttp\promises\src\Promise.php(225): GuzzleHttp\Promise\Promise->invokeWaitList()
#9 E:\xampp73\htdocs\filecroco\loader\vendor\guzzlehttp\promises\src\Promise.php(62): GuzzleHttp\Promise\Promise->waitIfPending()
#10 E:\xampp73\htdocs\filecroco\loader\vendor\guzzlehttp\promises\src\EachPromise.php(101): GuzzleHttp\Promise\Promise->wait()
#11 E:\xampp73\htdocs\filecroco\loader\vendor\guzzlehttp\promises\src\Promise.php(246): GuzzleHttp\Promise\EachPromise->GuzzleHttp\Promise\{closure}(true)
#12 E:\xampp73\htdocs\filecroco\loader\vendor\guzzlehttp\promises\src\Promise.php(223): GuzzleHttp\Promise\Promise->invokeWaitFn()
#13 E:\xampp73\htdocs\filecroco\loader\vendor\guzzlehttp\promises\src\Promise.php(62): GuzzleHttp\Promise\Promise->waitIfPending()
#14 E:\xampp73\htdocs\filecroco\loader\updatedownloadlink.php(95): GuzzleHttp\Promise\Promise->wait()
#15 {main}|397GuzzleHttp\Exception\RequestException: cURL error 56:  (see http://curl.haxx.se/libcurl/c/libcurl-errors.html) in E:\xampp73\htdocs\filecroco\loader\vendor\guzzlehttp\guzzle\src\Handler\CurlFactory.php:186
Stack trace:
#0 E:\xampp73\htdocs\filecroco\loader\vendor\guzzlehttp\guzzle\src\Handler\CurlFactory.php(149): GuzzleHttp\Handler\CurlFactory::createRejection(Object(GuzzleHttp\Handler\EasyHandle), Array)
#1 E:\xampp73\htdocs\filecroco\loader\vendor\guzzlehttp\guzzle\src\Handler\CurlFactory.php(102): GuzzleHttp\Handler\CurlFactory::finishError(Object(GuzzleHttp\Handler\CurlMultiHandler), Object(GuzzleHttp\Handler\EasyHandle), Object(GuzzleHttp\Handler\CurlFactory))
#2 E:\xampp73\htdocs\filecroco\loader\vendor\guzzlehttp\guzzle\src\Handler\CurlMultiHandler.php(181): GuzzleHttp\Handler\CurlFactory::finish(Object(GuzzleHttp\Handler\CurlMultiHandler), Object(GuzzleHttp\Handler\EasyHandle), Object(GuzzleHttp\Handler\CurlFactory))
#3 E:\xampp73\htdocs\filecroco\loader\vendor\guzzlehttp\guzzle\src\Handler\CurlMultiHandler.php(110): GuzzleHttp\Handler\CurlMultiHandler->processMessages()
#4 E:\xampp73\htdocs\filecroco\loader\vendor\guzzlehttp\guzzle\src\Handler\CurlMultiHandler.php(125): GuzzleHttp\Handler\CurlMultiHandler->tick()
#5 E:\xampp73\htdocs\filecroco\loader\vendor\guzzlehttp\promises\src\Promise.php(246): GuzzleHttp\Handler\CurlMultiHandler->execute(true)
#6 E:\xampp73\htdocs\filecroco\loader\vendor\guzzlehttp\promises\src\Promise.php(223): GuzzleHttp\Promise\Promise->invokeWaitFn()
#7 E:\xampp73\htdocs\filecroco\loader\vendor\guzzlehttp\promises\src\Promise.php(267): GuzzleHttp\Promise\Promise->waitIfPending()
#8 E:\xampp73\htdocs\filecroco\loader\vendor\guzzlehttp\promises\src\Promise.php(225): GuzzleHttp\Promise\Promise->invokeWaitList()
#9 E:\xampp73\htdocs\filecroco\loader\vendor\guzzlehttp\promises\src\Promise.php(62): GuzzleHttp\Promise\Promise->waitIfPending()
#10 E:\xampp73\htdocs\filecroco\loader\vendor\guzzlehttp\promises\src\EachPromise.php(101): GuzzleHttp\Promise\Promise->wait()
#11 E:\xampp73\htdocs\filecroco\loader\vendor\guzzlehttp\promises\src\Promise.php(246): GuzzleHttp\Promise\EachPromise->GuzzleHttp\Promise\{closure}(true)
#12 E:\xampp73\htdocs\filecroco\loader\vendor\guzzlehttp\promises\src\Promise.php(223): GuzzleHttp\Promise\Promise->invokeWaitFn()
#13 E:\xampp73\htdocs\filecroco\loader\vendor\guzzlehttp\promises\src\Promise.php(62): GuzzleHttp\Promise\Promise->waitIfPending()
#14 E:\xampp73\htdocs\filecroco\loader\updatedownloadlink.php(95): GuzzleHttp\Promise\Promise->wait()
#15 {main}|398GuzzleHttp\Exception\RequestException: cURL error 56:  (see http://curl.haxx.se/libcurl/c/libcurl-errors.html) in E:\xampp73\htdocs\filecroco\loader\vendor\guzzlehttp\guzzle\src\Handler\CurlFactory.php:186
Stack trace:
#0 E:\xampp73\htdocs\filecroco\loader\vendor\guzzlehttp\guzzle\src\Handler\CurlFactory.php(149): GuzzleHttp\Handler\CurlFactory::createRejection(Object(GuzzleHttp\Handler\EasyHandle), Array)
#1 E:\xampp73\htdocs\filecroco\loader\vendor\guzzlehttp\guzzle\src\Handler\CurlFactory.php(102): GuzzleHttp\Handler\CurlFactory::finishError(Object(GuzzleHttp\Handler\CurlMultiHandler), Object(GuzzleHttp\Handler\EasyHandle), Object(GuzzleHttp\Handler\CurlFactory))
#2 E:\xampp73\htdocs\filecroco\loader\vendor\guzzlehttp\guzzle\src\Handler\CurlMultiHandler.php(181): GuzzleHttp\Handler\CurlFactory::finish(Object(GuzzleHttp\Handler\CurlMultiHandler), Object(GuzzleHttp\Handler\EasyHandle), Object(GuzzleHttp\Handler\CurlFactory))
#3 E:\xampp73\htdocs\filecroco\loader\vendor\guzzlehttp\guzzle\src\Handler\CurlMultiHandler.php(110): GuzzleHttp\Handler\CurlMultiHandler->processMessages()
#4 E:\xampp73\htdocs\filecroco\loader\vendor\guzzlehttp\guzzle\src\Handler\CurlMultiHandler.php(125): GuzzleHttp\Handler\CurlMultiHandler->tick()
#5 E:\xampp73\htdocs\filecroco\loader\vendor\guzzlehttp\promises\src\Promise.php(246): GuzzleHttp\Handler\CurlMultiHandler->execute(true)
#6 E:\xampp73\htdocs\filecroco\loader\vendor\guzzlehttp\promises\src\Promise.php(223): GuzzleHttp\Promise\Promise->invokeWaitFn()
#7 E:\xampp73\htdocs\filecroco\loader\vendor\guzzlehttp\promises\src\Promise.php(267): GuzzleHttp\Promise\Promise->waitIfPending()
#8 E:\xampp73\htdocs\filecroco\loader\vendor\guzzlehttp\promises\src\Promise.php(225): GuzzleHttp\Promise\Promise->invokeWaitList()
#9 E:\xampp73\htdocs\filecroco\loader\vendor\guzzlehttp\promises\src\Promise.php(62): GuzzleHttp\Promise\Promise->waitIfPending()
#10 E:\xampp73\htdocs\filecroco\loader\vendor\guzzlehttp\promises\src\EachPromise.php(101): GuzzleHttp\Promise\Promise->wait()
#11 E:\xampp73\htdocs\filecroco\loader\vendor\guzzlehttp\promises\src\Promise.php(246): GuzzleHttp\Promise\EachPromise->GuzzleHttp\Promise\{closure}(true)
#12 E:\xampp73\htdocs\filecroco\loader\vendor\guzzlehttp\promises\src\Promise.php(223): GuzzleHttp\Promise\Promise->invokeWaitFn()
#13 E:\xampp73\htdocs\filecroco\loader\vendor\guzzlehttp\promises\src\Promise.php(62): GuzzleHttp\Promise\Promise->waitIfPending()
#14 E:\xampp73\htdocs\filecroco\loader\updatedownloadlink.php(95): GuzzleHttp\Promise\Promise->wait()
#15 {main}|399GuzzleHttp\Exception\RequestException: cURL error 56:  (see http://curl.haxx.se/libcurl/c/libcurl-errors.html) in E:\xampp73\htdocs\filecroco\loader\vendor\guzzlehttp\guzzle\src\Handler\CurlFactory.php:186
Stack trace:
#0 E:\xampp73\htdocs\filecroco\loader\vendor\guzzlehttp\guzzle\src\Handler\CurlFactory.php(149): GuzzleHttp\Handler\CurlFactory::createRejection(Object(GuzzleHttp\Handler\EasyHandle), Array)
#1 E:\xampp73\htdocs\filecroco\loader\vendor\guzzlehttp\guzzle\src\Handler\CurlFactory.php(102): GuzzleHttp\Handler\CurlFactory::finishError(Object(GuzzleHttp\Handler\CurlMultiHandler), Object(GuzzleHttp\Handler\EasyHandle), Object(GuzzleHttp\Handler\CurlFactory))
#2 E:\xampp73\htdocs\filecroco\loader\vendor\guzzlehttp\guzzle\src\Handler\CurlMultiHandler.php(181): GuzzleHttp\Handler\CurlFactory::finish(Object(GuzzleHttp\Handler\CurlMultiHandler), Object(GuzzleHttp\Handler\EasyHandle), Object(GuzzleHttp\Handler\CurlFactory))
#3 E:\xampp73\htdocs\filecroco\loader\vendor\guzzlehttp\guzzle\src\Handler\CurlMultiHandler.php(110): GuzzleHttp\Handler\CurlMultiHandler->processMessages()
#4 E:\xampp73\htdocs\filecroco\loader\vendor\guzzlehttp\guzzle\src\Handler\CurlMultiHandler.php(125): GuzzleHttp\Handler\CurlMultiHandler->tick()
#5 E:\xampp73\htdocs\filecroco\loader\vendor\guzzlehttp\promises\src\Promise.php(246): GuzzleHttp\Handler\CurlMultiHandler->execute(true)
#6 E:\xampp73\htdocs\filecroco\loader\vendor\guzzlehttp\promises\src\Promise.php(223): GuzzleHttp\Promise\Promise->invokeWaitFn()
#7 E:\xampp73\htdocs\filecroco\loader\vendor\guzzlehttp\promises\src\Promise.php(267): GuzzleHttp\Promise\Promise->waitIfPending()
#8 E:\xampp73\htdocs\filecroco\loader\vendor\guzzlehttp\promises\src\Promise.php(225): GuzzleHttp\Promise\Promise->invokeWaitList()
#9 E:\xampp73\htdocs\filecroco\loader\vendor\guzzlehttp\promises\src\Promise.php(62): GuzzleHttp\Promise\Promise->waitIfPending()
#10 E:\xampp73\htdocs\filecroco\loader\vendor\guzzlehttp\promises\src\EachPromise.php(101): GuzzleHttp\Promise\Promise->wait()
#11 E:\xampp73\htdocs\filecroco\loader\vendor\guzzlehttp\promises\src\Promise.php(246): GuzzleHttp\Promise\EachPromise->GuzzleHttp\Promise\{closure}(true)
#12 E:\xampp73\htdocs\filecroco\loader\vendor\guzzlehttp\promises\src\Promise.php(223): GuzzleHttp\Promise\Promise->invokeWaitFn()
#13 E:\xampp73\htdocs\filecroco\loader\vendor\guzzlehttp\promises\src\Promise.php(62): GuzzleHttp\Promise\Promise->waitIfPending()
#14 E:\xampp73\htdocs\filecroco\loader\updatedownloadlink.php(95): GuzzleHttp\Promise\Promise->wait()
#15 {main}|400GuzzleHttp\Exception\RequestException: cURL error 56:  (see http://curl.haxx.se/libcurl/c/libcurl-errors.html) in E:\xampp73\htdocs\filecroco\loader\vendor\guzzlehttp\guzzle\src\Handler\CurlFactory.php:186
Stack trace:
#0 E:\xampp73\htdocs\filecroco\loader\vendor\guzzlehttp\guzzle\src\Handler\CurlFactory.php(149): GuzzleHttp\Handler\CurlFactory::createRejection(Object(GuzzleHttp\Handler\EasyHandle), Array)
#1 E:\xampp73\htdocs\filecroco\loader\vendor\guzzlehttp\guzzle\src\Handler\CurlFactory.php(102): GuzzleHttp\Handler\CurlFactory::finishError(Object(GuzzleHttp\Handler\CurlMultiHandler), Object(GuzzleHttp\Handler\EasyHandle), Object(GuzzleHttp\Handler\CurlFactory))
#2 E:\xampp73\htdocs\filecroco\loader\vendor\guzzlehttp\guzzle\src\Handler\CurlMultiHandler.php(181): GuzzleHttp\Handler\CurlFactory::finish(Object(GuzzleHttp\Handler\CurlMultiHandler), Object(GuzzleHttp\Handler\EasyHandle), Object(GuzzleHttp\Handler\CurlFactory))
#3 E:\xampp73\htdocs\filecroco\loader\vendor\guzzlehttp\guzzle\src\Handler\CurlMultiHandler.php(110): GuzzleHttp\Handler\CurlMultiHandler->processMessages()
#4 E:\xampp73\htdocs\filecroco\loader\vendor\guzzlehttp\guzzle\src\Handler\CurlMultiHandler.php(125): GuzzleHttp\Handler\CurlMultiHandler->tick()
#5 E:\xampp73\htdocs\filecroco\loader\vendor\guzzlehttp\promises\src\Promise.php(246): GuzzleHttp\Handler\CurlMultiHandler->execute(true)
#6 E:\xampp73\htdocs\filecroco\loader\vendor\guzzlehttp\promises\src\Promise.php(223): GuzzleHttp\Promise\Promise->invokeWaitFn()
#7 E:\xampp73\htdocs\filecroco\loader\vendor\guzzlehttp\promises\src\Promise.php(267): GuzzleHttp\Promise\Promise->waitIfPending()
#8 E:\xampp73\htdocs\filecroco\loader\vendor\guzzlehttp\promises\src\Promise.php(225): GuzzleHttp\Promise\Promise->invokeWaitList()
#9 E:\xampp73\htdocs\filecroco\loader\vendor\guzzlehttp\promises\src\Promise.php(62): GuzzleHttp\Promise\Promise->waitIfPending()
#10 E:\xampp73\htdocs\filecroco\loader\vendor\guzzlehttp\promises\src\EachPromise.php(101): GuzzleHttp\Promise\Promise->wait()
#11 E:\xampp73\htdocs\filecroco\loader\vendor\guzzlehttp\promises\src\Promise.php(246): GuzzleHttp\Promise\EachPromise->GuzzleHttp\Promise\{closure}(true)
#12 E:\xampp73\htdocs\filecroco\loader\vendor\guzzlehttp\promises\src\Promise.php(223): GuzzleHttp\Promise\Promise->invokeWaitFn()
#13 E:\xampp73\htdocs\filecroco\loader\vendor\guzzlehttp\promises\src\Promise.php(62): GuzzleHttp\Promise\Promise->waitIfPending()
#14 E:\xampp73\htdocs\filecroco\loader\updatedownloadlink.php(95): GuzzleHttp\Promise\Promise->wait()
#15 {main}|401GuzzleHttp\Exception\RequestException: cURL error 56:  (see http://curl.haxx.se/libcurl/c/libcurl-errors.html) in E:\xampp73\htdocs\filecroco\loader\vendor\guzzlehttp\guzzle\src\Handler\CurlFactory.php:186
Stack trace:
#0 E:\xampp73\htdocs\filecroco\loader\vendor\guzzlehttp\guzzle\src\Handler\CurlFactory.php(149): GuzzleHttp\Handler\CurlFactory::createRejection(Object(GuzzleHttp\Handler\EasyHandle), Array)
#1 E:\xampp73\htdocs\filecroco\loader\vendor\guzzlehttp\guzzle\src\Handler\CurlFactory.php(102): GuzzleHttp\Handler\CurlFactory::finishError(Object(GuzzleHttp\Handler\CurlMultiHandler), Object(GuzzleHttp\Handler\EasyHandle), Object(GuzzleHttp\Handler\CurlFactory))
#2 E:\xampp73\htdocs\filecroco\loader\vendor\guzzlehttp\guzzle\src\Handler\CurlMultiHandler.php(181): GuzzleHttp\Handler\CurlFactory::finish(Object(GuzzleHttp\Handler\CurlMultiHandler), Object(GuzzleHttp\Handler\EasyHandle), Object(GuzzleHttp\Handler\CurlFactory))
#3 E:\xampp73\htdocs\filecroco\loader\vendor\guzzlehttp\guzzle\src\Handler\CurlMultiHandler.php(110): GuzzleHttp\Handler\CurlMultiHandler->processMessages()
#4 E:\xampp73\htdocs\filecroco\loader\vendor\guzzlehttp\guzzle\src\Handler\CurlMultiHandler.php(125): GuzzleHttp\Handler\CurlMultiHandler->tick()
#5 E:\xampp73\htdocs\filecroco\loader\vendor\guzzlehttp\promises\src\Promise.php(246): GuzzleHttp\Handler\CurlMultiHandler->execute(true)
#6 E:\xampp73\htdocs\filecroco\loader\vendor\guzzlehttp\promises\src\Promise.php(223): GuzzleHttp\Promise\Promise->invokeWaitFn()
#7 E:\xampp73\htdocs\filecroco\loader\vendor\guzzlehttp\promises\src\Promise.php(267): GuzzleHttp\Promise\Promise->waitIfPending()
#8 E:\xampp73\htdocs\filecroco\loader\vendor\guzzlehttp\promises\src\Promise.php(225): GuzzleHttp\Promise\Promise->invokeWaitList()
#9 E:\xampp73\htdocs\filecroco\loader\vendor\guzzlehttp\promises\src\Promise.php(62): GuzzleHttp\Promise\Promise->waitIfPending()
#10 E:\xampp73\htdocs\filecroco\loader\vendor\guzzlehttp\promises\src\EachPromise.php(101): GuzzleHttp\Promise\Promise->wait()
#11 E:\xampp73\htdocs\filecroco\loader\vendor\guzzlehttp\promises\src\Promise.php(246): GuzzleHttp\Promise\EachPromise->GuzzleHttp\Promise\{closure}(true)
#12 E:\xampp73\htdocs\filecroco\loader\vendor\guzzlehttp\promises\src\Promise.php(223): GuzzleHttp\Promise\Promise->invokeWaitFn()
#13 E:\xampp73\htdocs\filecroco\loader\vendor\guzzlehttp\promises\src\Promise.php(62): GuzzleHttp\Promise\Promise->waitIfPending()
#14 E:\xampp73\htdocs\filecroco\loader\updatedownloadlink.php(95): GuzzleHttp\Promise\Promise->wait()
#15 {main}|402GuzzleHttp\Exception\RequestException: cURL error 56:  (see http://curl.haxx.se/libcurl/c/libcurl-errors.html) in E:\xampp73\htdocs\filecroco\loader\vendor\guzzlehttp\guzzle\src\Handler\CurlFactory.php:186
Stack trace:
#0 E:\xampp73\htdocs\filecroco\loader\vendor\guzzlehttp\guzzle\src\Handler\CurlFactory.php(149): GuzzleHttp\Handler\CurlFactory::createRejection(Object(GuzzleHttp\Handler\EasyHandle), Array)
#1 E:\xampp73\htdocs\filecroco\loader\vendor\guzzlehttp\guzzle\src\Handler\CurlFactory.php(102): GuzzleHttp\Handler\CurlFactory::finishError(Object(GuzzleHttp\Handler\CurlMultiHandler), Object(GuzzleHttp\Handler\EasyHandle), Object(GuzzleHttp\Handler\CurlFactory))
#2 E:\xampp73\htdocs\filecroco\loader\vendor\guzzlehttp\guzzle\src\Handler\CurlMultiHandler.php(181): GuzzleHttp\Handler\CurlFactory::finish(Object(GuzzleHttp\Handler\CurlMultiHandler), Object(GuzzleHttp\Handler\EasyHandle), Object(GuzzleHttp\Handler\CurlFactory))
#3 E:\xampp73\htdocs\filecroco\loader\vendor\guzzlehttp\guzzle\src\Handler\CurlMultiHandler.php(110): GuzzleHttp\Handler\CurlMultiHandler->processMessages()
#4 E:\xampp73\htdocs\filecroco\loader\vendor\guzzlehttp\guzzle\src\Handler\CurlMultiHandler.php(125): GuzzleHttp\Handler\CurlMultiHandler->tick()
#5 E:\xampp73\htdocs\filecroco\loader\vendor\guzzlehttp\promises\src\Promise.php(246): GuzzleHttp\Handler\CurlMultiHandler->execute(true)
#6 E:\xampp73\htdocs\filecroco\loader\vendor\guzzlehttp\promises\src\Promise.php(223): GuzzleHttp\Promise\Promise->invokeWaitFn()
#7 E:\xampp73\htdocs\filecroco\loader\vendor\guzzlehttp\promises\src\Promise.php(267): GuzzleHttp\Promise\Promise->waitIfPending()
#8 E:\xampp73\htdocs\filecroco\loader\vendor\guzzlehttp\promises\src\Promise.php(225): GuzzleHttp\Promise\Promise->invokeWaitList()
#9 E:\xampp73\htdocs\filecroco\loader\vendor\guzzlehttp\promises\src\Promise.php(62): GuzzleHttp\Promise\Promise->waitIfPending()
#10 E:\xampp73\htdocs\filecroco\loader\vendor\guzzlehttp\promises\src\EachPromise.php(101): GuzzleHttp\Promise\Promise->wait()
#11 E:\xampp73\htdocs\filecroco\loader\vendor\guzzlehttp\promises\src\Promise.php(246): GuzzleHttp\Promise\EachPromise->GuzzleHttp\Promise\{closure}(true)
#12 E:\xampp73\htdocs\filecroco\loader\vendor\guzzlehttp\promises\src\Promise.php(223): GuzzleHttp\Promise\Promise->invokeWaitFn()
#13 E:\xampp73\htdocs\filecroco\loader\vendor\guzzlehttp\promises\src\Promise.php(62): GuzzleHttp\Promise\Promise->waitIfPending()
#14 E:\xampp73\htdocs\filecroco\loader\updatedownloadlink.php(95): GuzzleHttp\Promise\Promise->wait()
#15 {main}|403GuzzleHttp\Exception\RequestException: cURL error 56:  (see http://curl.haxx.se/libcurl/c/libcurl-errors.html) in E:\xampp73\htdocs\filecroco\loader\vendor\guzzlehttp\guzzle\src\Handler\CurlFactory.php:186
Stack trace:
#0 E:\xampp73\htdocs\filecroco\loader\vendor\guzzlehttp\guzzle\src\Handler\CurlFactory.php(149): GuzzleHttp\Handler\CurlFactory::createRejection(Object(GuzzleHttp\Handler\EasyHandle), Array)
#1 E:\xampp73\htdocs\filecroco\loader\vendor\guzzlehttp\guzzle\src\Handler\CurlFactory.php(102): GuzzleHttp\Handler\CurlFactory::finishError(Object(GuzzleHttp\Handler\CurlMultiHandler), Object(GuzzleHttp\Handler\EasyHandle), Object(GuzzleHttp\Handler\CurlFactory))
#2 E:\xampp73\htdocs\filecroco\loader\vendor\guzzlehttp\guzzle\src\Handler\CurlMultiHandler.php(181): GuzzleHttp\Handler\CurlFactory::finish(Object(GuzzleHttp\Handler\CurlMultiHandler), Object(GuzzleHttp\Handler\EasyHandle), Object(GuzzleHttp\Handler\CurlFactory))
#3 E:\xampp73\htdocs\filecroco\loader\vendor\guzzlehttp\guzzle\src\Handler\CurlMultiHandler.php(110): GuzzleHttp\Handler\CurlMultiHandler->processMessages()
#4 E:\xampp73\htdocs\filecroco\loader\vendor\guzzlehttp\guzzle\src\Handler\CurlMultiHandler.php(125): GuzzleHttp\Handler\CurlMultiHandler->tick()
#5 E:\xampp73\htdocs\filecroco\loader\vendor\guzzlehttp\promises\src\Promise.php(246): GuzzleHttp\Handler\CurlMultiHandler->execute(true)
#6 E:\xampp73\htdocs\filecroco\loader\vendor\guzzlehttp\promises\src\Promise.php(223): GuzzleHttp\Promise\Promise->invokeWaitFn()
#7 E:\xampp73\htdocs\filecroco\loader\vendor\guzzlehttp\promises\src\Promise.php(267): GuzzleHttp\Promise\Promise->waitIfPending()
#8 E:\xampp73\htdocs\filecroco\loader\vendor\guzzlehttp\promises\src\Promise.php(225): GuzzleHttp\Promise\Promise->invokeWaitList()
#9 E:\xampp73\htdocs\filecroco\loader\vendor\guzzlehttp\promises\src\Promise.php(62): GuzzleHttp\Promise\Promise->waitIfPending()
#10 E:\xampp73\htdocs\filecroco\loader\vendor\guzzlehttp\promises\src\EachPromise.php(101): GuzzleHttp\Promise\Promise->wait()
#11 E:\xampp73\htdocs\filecroco\loader\vendor\guzzlehttp\promises\src\Promise.php(246): GuzzleHttp\Promise\EachPromise->GuzzleHttp\Promise\{closure}(true)
#12 E:\xampp73\htdocs\filecroco\loader\vendor\guzzlehttp\promises\src\Promise.php(223): GuzzleHttp\Promise\Promise->invokeWaitFn()
#13 E:\xampp73\htdocs\filecroco\loader\vendor\guzzlehttp\promises\src\Promise.php(62): GuzzleHttp\Promise\Promise->waitIfPending()
#14 E:\xampp73\htdocs\filecroco\loader\updatedownloadlink.php(95): GuzzleHttp\Promise\Promise->wait()
#15 {main}|404GuzzleHttp\Exception\RequestException: cURL error 56:  (see http://curl.haxx.se/libcurl/c/libcurl-errors.html) in E:\xampp73\htdocs\filecroco\loader\vendor\guzzlehttp\guzzle\src\Handler\CurlFactory.php:186
Stack trace:
#0 E:\xampp73\htdocs\filecroco\loader\vendor\guzzlehttp\guzzle\src\Handler\CurlFactory.php(149): GuzzleHttp\Handler\CurlFactory::createRejection(Object(GuzzleHttp\Handler\EasyHandle), Array)
#1 E:\xampp73\htdocs\filecroco\loader\vendor\guzzlehttp\guzzle\src\Handler\CurlFactory.php(102): GuzzleHttp\Handler\CurlFactory::finishError(Object(GuzzleHttp\Handler\CurlMultiHandler), Object(GuzzleHttp\Handler\EasyHandle), Object(GuzzleHttp\Handler\CurlFactory))
#2 E:\xampp73\htdocs\filecroco\loader\vendor\guzzlehttp\guzzle\src\Handler\CurlMultiHandler.php(181): GuzzleHttp\Handler\CurlFactory::finish(Object(GuzzleHttp\Handler\CurlMultiHandler), Object(GuzzleHttp\Handler\EasyHandle), Object(GuzzleHttp\Handler\CurlFactory))
#3 E:\xampp73\htdocs\filecroco\loader\vendor\guzzlehttp\guzzle\src\Handler\CurlMultiHandler.php(110): GuzzleHttp\Handler\CurlMultiHandler->processMessages()
#4 E:\xampp73\htdocs\filecroco\loader\vendor\guzzlehttp\guzzle\src\Handler\CurlMultiHandler.php(125): GuzzleHttp\Handler\CurlMultiHandler->tick()
#5 E:\xampp73\htdocs\filecroco\loader\vendor\guzzlehttp\promises\src\Promise.php(246): GuzzleHttp\Handler\CurlMultiHandler->execute(true)
#6 E:\xampp73\htdocs\filecroco\loader\vendor\guzzlehttp\promises\src\Promise.php(223): GuzzleHttp\Promise\Promise->invokeWaitFn()
#7 E:\xampp73\htdocs\filecroco\loader\vendor\guzzlehttp\promises\src\Promise.php(267): GuzzleHttp\Promise\Promise->waitIfPending()
#8 E:\xampp73\htdocs\filecroco\loader\vendor\guzzlehttp\promises\src\Promise.php(225): GuzzleHttp\Promise\Promise->invokeWaitList()
#9 E:\xampp73\htdocs\filecroco\loader\vendor\guzzlehttp\promises\src\Promise.php(62): GuzzleHttp\Promise\Promise->waitIfPending()
#10 E:\xampp73\htdocs\filecroco\loader\vendor\guzzlehttp\promises\src\EachPromise.php(101): GuzzleHttp\Promise\Promise->wait()
#11 E:\xampp73\htdocs\filecroco\loader\vendor\guzzlehttp\promises\src\Promise.php(246): GuzzleHttp\Promise\EachPromise->GuzzleHttp\Promise\{closure}(true)
#12 E:\xampp73\htdocs\filecroco\loader\vendor\guzzlehttp\promises\src\Promise.php(223): GuzzleHttp\Promise\Promise->invokeWaitFn()
#13 E:\xampp73\htdocs\filecroco\loader\vendor\guzzlehttp\promises\src\Promise.php(62): GuzzleHttp\Promise\Promise->waitIfPending()
#14 E:\xampp73\htdocs\filecroco\loader\updatedownloadlink.php(95): GuzzleHttp\Promise\Promise->wait()
#15 {main}|405GuzzleHttp\Exception\RequestException: cURL error 56:  (see http://curl.haxx.se/libcurl/c/libcurl-errors.html) in E:\xampp73\htdocs\filecroco\loader\vendor\guzzlehttp\guzzle\src\Handler\CurlFactory.php:186
Stack trace:
#0 E:\xampp73\htdocs\filecroco\loader\vendor\guzzlehttp\guzzle\src\Handler\CurlFactory.php(149): GuzzleHttp\Handler\CurlFactory::createRejection(Object(GuzzleHttp\Handler\EasyHandle), Array)
#1 E:\xampp73\htdocs\filecroco\loader\vendor\guzzlehttp\guzzle\src\Handler\CurlFactory.php(102): GuzzleHttp\Handler\CurlFactory::finishError(Object(GuzzleHttp\Handler\CurlMultiHandler), Object(GuzzleHttp\Handler\EasyHandle), Object(GuzzleHttp\Handler\CurlFactory))
#2 E:\xampp73\htdocs\filecroco\loader\vendor\guzzlehttp\guzzle\src\Handler\CurlMultiHandler.php(181): GuzzleHttp\Handler\CurlFactory::finish(Object(GuzzleHttp\Handler\CurlMultiHandler), Object(GuzzleHttp\Handler\EasyHandle), Object(GuzzleHttp\Handler\CurlFactory))
#3 E:\xampp73\htdocs\filecroco\loader\vendor\guzzlehttp\guzzle\src\Handler\CurlMultiHandler.php(110): GuzzleHttp\Handler\CurlMultiHandler->processMessages()
#4 E:\xampp73\htdocs\filecroco\loader\vendor\guzzlehttp\guzzle\src\Handler\CurlMultiHandler.php(125): GuzzleHttp\Handler\CurlMultiHandler->tick()
#5 E:\xampp73\htdocs\filecroco\loader\vendor\guzzlehttp\promises\src\Promise.php(246): GuzzleHttp\Handler\CurlMultiHandler->execute(true)
#6 E:\xampp73\htdocs\filecroco\loader\vendor\guzzlehttp\promises\src\Promise.php(223): GuzzleHttp\Promise\Promise->invokeWaitFn()
#7 E:\xampp73\htdocs\filecroco\loader\vendor\guzzlehttp\promises\src\Promise.php(267): GuzzleHttp\Promise\Promise->waitIfPending()
#8 E:\xampp73\htdocs\filecroco\loader\vendor\guzzlehttp\promises\src\Promise.php(225): GuzzleHttp\Promise\Promise->invokeWaitList()
#9 E:\xampp73\htdocs\filecroco\loader\vendor\guzzlehttp\promises\src\Promise.php(62): GuzzleHttp\Promise\Promise->waitIfPending()
#10 E:\xampp73\htdocs\filecroco\loader\vendor\guzzlehttp\promises\src\EachPromise.php(101): GuzzleHttp\Promise\Promise->wait()
#11 E:\xampp73\htdocs\filecroco\loader\vendor\guzzlehttp\promises\src\Promise.php(246): GuzzleHttp\Promise\EachPromise->GuzzleHttp\Promise\{closure}(true)
#12 E:\xampp73\htdocs\filecroco\loader\vendor\guzzlehttp\promises\src\Promise.php(223): GuzzleHttp\Promise\Promise->invokeWaitFn()
#13 E:\xampp73\htdocs\filecroco\loader\vendor\guzzlehttp\promises\src\Promise.php(62): GuzzleHttp\Promise\Promise->waitIfPending()
#14 E:\xampp73\htdocs\filecroco\loader\updatedownloadlink.php(95): GuzzleHttp\Promise\Promise->wait()
#15 {main}|406GuzzleHttp\Exception\RequestException: cURL error 56:  (see http://curl.haxx.se/libcurl/c/libcurl-errors.html) in E:\xampp73\htdocs\filecroco\loader\vendor\guzzlehttp\guzzle\src\Handler\CurlFactory.php:186
Stack trace:
#0 E:\xampp73\htdocs\filecroco\loader\vendor\guzzlehttp\guzzle\src\Handler\CurlFactory.php(149): GuzzleHttp\Handler\CurlFactory::createRejection(Object(GuzzleHttp\Handler\EasyHandle), Array)
#1 E:\xampp73\htdocs\filecroco\loader\vendor\guzzlehttp\guzzle\src\Handler\CurlFactory.php(102): GuzzleHttp\Handler\CurlFactory::finishError(Object(GuzzleHttp\Handler\CurlMultiHandler), Object(GuzzleHttp\Handler\EasyHandle), Object(GuzzleHttp\Handler\CurlFactory))
#2 E:\xampp73\htdocs\filecroco\loader\vendor\guzzlehttp\guzzle\src\Handler\CurlMultiHandler.php(181): GuzzleHttp\Handler\CurlFactory::finish(Object(GuzzleHttp\Handler\CurlMultiHandler), Object(GuzzleHttp\Handler\EasyHandle), Object(GuzzleHttp\Handler\CurlFactory))
#3 E:\xampp73\htdocs\filecroco\loader\vendor\guzzlehttp\guzzle\src\Handler\CurlMultiHandler.php(110): GuzzleHttp\Handler\CurlMultiHandler->processMessages()
#4 E:\xampp73\htdocs\filecroco\loader\vendor\guzzlehttp\guzzle\src\Handler\CurlMultiHandler.php(125): GuzzleHttp\Handler\CurlMultiHandler->tick()
#5 E:\xampp73\htdocs\filecroco\loader\vendor\guzzlehttp\promises\src\Promise.php(246): GuzzleHttp\Handler\CurlMultiHandler->execute(true)
#6 E:\xampp73\htdocs\filecroco\loader\vendor\guzzlehttp\promises\src\Promise.php(223): GuzzleHttp\Promise\Promise->invokeWaitFn()
#7 E:\xampp73\htdocs\filecroco\loader\vendor\guzzlehttp\promises\src\Promise.php(267): GuzzleHttp\Promise\Promise->waitIfPending()
#8 E:\xampp73\htdocs\filecroco\loader\vendor\guzzlehttp\promises\src\Promise.php(225): GuzzleHttp\Promise\Promise->invokeWaitList()
#9 E:\xampp73\htdocs\filecroco\loader\vendor\guzzlehttp\promises\src\Promise.php(62): GuzzleHttp\Promise\Promise->waitIfPending()
#10 E:\xampp73\htdocs\filecroco\loader\vendor\guzzlehttp\promises\src\EachPromise.php(101): GuzzleHttp\Promise\Promise->wait()
#11 E:\xampp73\htdocs\filecroco\loader\vendor\guzzlehttp\promises\src\Promise.php(246): GuzzleHttp\Promise\EachPromise->GuzzleHttp\Promise\{closure}(true)
#12 E:\xampp73\htdocs\filecroco\loader\vendor\guzzlehttp\promises\src\Promise.php(223): GuzzleHttp\Promise\Promise->invokeWaitFn()
#13 E:\xampp73\htdocs\filecroco\loader\vendor\guzzlehttp\promises\src\Promise.php(62): GuzzleHttp\Promise\Promise->waitIfPending()
#14 E:\xampp73\htdocs\filecroco\loader\updatedownloadlink.php(95): GuzzleHttp\Promise\Promise->wait()
#15 {main}|407GuzzleHttp\Exception\RequestException: cURL error 56:  (see http://curl.haxx.se/libcurl/c/libcurl-errors.html) in E:\xampp73\htdocs\filecroco\loader\vendor\guzzlehttp\guzzle\src\Handler\CurlFactory.php:186
Stack trace:
#0 E:\xampp73\htdocs\filecroco\loader\vendor\guzzlehttp\guzzle\src\Handler\CurlFactory.php(149): GuzzleHttp\Handler\CurlFactory::createRejection(Object(GuzzleHttp\Handler\EasyHandle), Array)
#1 E:\xampp73\htdocs\filecroco\loader\vendor\guzzlehttp\guzzle\src\Handler\CurlFactory.php(102): GuzzleHttp\Handler\CurlFactory::finishError(Object(GuzzleHttp\Handler\CurlMultiHandler), Object(GuzzleHttp\Handler\EasyHandle), Object(GuzzleHttp\Handler\CurlFactory))
#2 E:\xampp73\htdocs\filecroco\loader\vendor\guzzlehttp\guzzle\src\Handler\CurlMultiHandler.php(181): GuzzleHttp\Handler\CurlFactory::finish(Object(GuzzleHttp\Handler\CurlMultiHandler), Object(GuzzleHttp\Handler\EasyHandle), Object(GuzzleHttp\Handler\CurlFactory))
#3 E:\xampp73\htdocs\filecroco\loader\vendor\guzzlehttp\guzzle\src\Handler\CurlMultiHandler.php(110): GuzzleHttp\Handler\CurlMultiHandler->processMessages()
#4 E:\xampp73\htdocs\filecroco\loader\vendor\guzzlehttp\guzzle\src\Handler\CurlMultiHandler.php(125): GuzzleHttp\Handler\CurlMultiHandler->tick()
#5 E:\xampp73\htdocs\filecroco\loader\vendor\guzzlehttp\promises\src\Promise.php(246): GuzzleHttp\Handler\CurlMultiHandler->execute(true)
#6 E:\xampp73\htdocs\filecroco\loader\vendor\guzzlehttp\promises\src\Promise.php(223): GuzzleHttp\Promise\Promise->invokeWaitFn()
#7 E:\xampp73\htdocs\filecroco\loader\vendor\guzzlehttp\promises\src\Promise.php(267): GuzzleHttp\Promise\Promise->waitIfPending()
#8 E:\xampp73\htdocs\filecroco\loader\vendor\guzzlehttp\promises\src\Promise.php(225): GuzzleHttp\Promise\Promise->invokeWaitList()
#9 E:\xampp73\htdocs\filecroco\loader\vendor\guzzlehttp\promises\src\Promise.php(62): GuzzleHttp\Promise\Promise->waitIfPending()
#10 E:\xampp73\htdocs\filecroco\loader\vendor\guzzlehttp\promises\src\EachPromise.php(101): GuzzleHttp\Promise\Promise->wait()
#11 E:\xampp73\htdocs\filecroco\loader\vendor\guzzlehttp\promises\src\Promise.php(246): GuzzleHttp\Promise\EachPromise->GuzzleHttp\Promise\{closure}(true)
#12 E:\xampp73\htdocs\filecroco\loader\vendor\guzzlehttp\promises\src\Promise.php(223): GuzzleHttp\Promise\Promise->invokeWaitFn()
#13 E:\xampp73\htdocs\filecroco\loader\vendor\guzzlehttp\promises\src\Promise.php(62): GuzzleHttp\Promise\Promise->waitIfPending()
#14 E:\xampp73\htdocs\filecroco\loader\updatedownloadlink.php(95): GuzzleHttp\Promise\Promise->wait()
#15 {main}|408GuzzleHttp\Exception\RequestException: cURL error 56:  (see http://curl.haxx.se/libcurl/c/libcurl-errors.html) in E:\xampp73\htdocs\filecroco\loader\vendor\guzzlehttp\guzzle\src\Handler\CurlFactory.php:186
Stack trace:
#0 E:\xampp73\htdocs\filecroco\loader\vendor\guzzlehttp\guzzle\src\Handler\CurlFactory.php(149): GuzzleHttp\Handler\CurlFactory::createRejection(Object(GuzzleHttp\Handler\EasyHandle), Array)
#1 E:\xampp73\htdocs\filecroco\loader\vendor\guzzlehttp\guzzle\src\Handler\CurlFactory.php(102): GuzzleHttp\Handler\CurlFactory::finishError(Object(GuzzleHttp\Handler\CurlMultiHandler), Object(GuzzleHttp\Handler\EasyHandle), Object(GuzzleHttp\Handler\CurlFactory))
#2 E:\xampp73\htdocs\filecroco\loader\vendor\guzzlehttp\guzzle\src\Handler\CurlMultiHandler.php(181): GuzzleHttp\Handler\CurlFactory::finish(Object(GuzzleHttp\Handler\CurlMultiHandler), Object(GuzzleHttp\Handler\EasyHandle), Object(GuzzleHttp\Handler\CurlFactory))
#3 E:\xampp73\htdocs\filecroco\loader\vendor\guzzlehttp\guzzle\src\Handler\CurlMultiHandler.php(110): GuzzleHttp\Handler\CurlMultiHandler->processMessages()
#4 E:\xampp73\htdocs\filecroco\loader\vendor\guzzlehttp\guzzle\src\Handler\CurlMultiHandler.php(125): GuzzleHttp\Handler\CurlMultiHandler->tick()
#5 E:\xampp73\htdocs\filecroco\loader\vendor\guzzlehttp\promises\src\Promise.php(246): GuzzleHttp\Handler\CurlMultiHandler->execute(true)
#6 E:\xampp73\htdocs\filecroco\loader\vendor\guzzlehttp\promises\src\Promise.php(223): GuzzleHttp\Promise\Promise->invokeWaitFn()
#7 E:\xampp73\htdocs\filecroco\loader\vendor\guzzlehttp\promises\src\Promise.php(267): GuzzleHttp\Promise\Promise->waitIfPending()
#8 E:\xampp73\htdocs\filecroco\loader\vendor\guzzlehttp\promises\src\Promise.php(225): GuzzleHttp\Promise\Promise->invokeWaitList()
#9 E:\xampp73\htdocs\filecroco\loader\vendor\guzzlehttp\promises\src\Promise.php(62): GuzzleHttp\Promise\Promise->waitIfPending()
#10 E:\xampp73\htdocs\filecroco\loader\vendor\guzzlehttp\promises\src\EachPromise.php(101): GuzzleHttp\Promise\Promise->wait()
#11 E:\xampp73\htdocs\filecroco\loader\vendor\guzzlehttp\promises\src\Promise.php(246): GuzzleHttp\Promise\EachPromise->GuzzleHttp\Promise\{closure}(true)
#12 E:\xampp73\htdocs\filecroco\loader\vendor\guzzlehttp\promises\src\Promise.php(223): GuzzleHttp\Promise\Promise->invokeWaitFn()
#13 E:\xampp73\htdocs\filecroco\loader\vendor\guzzlehttp\promises\src\Promise.php(62): GuzzleHttp\Promise\Promise->waitIfPending()
#14 E:\xampp73\htdocs\filecroco\loader\updatedownloadlink.php(95): GuzzleHttp\Promise\Promise->wait()
#15 {main}|409GuzzleHttp\Exception\RequestException: cURL error 56:  (see http://curl.haxx.se/libcurl/c/libcurl-errors.html) in E:\xampp73\htdocs\filecroco\loader\vendor\guzzlehttp\guzzle\src\Handler\CurlFactory.php:186
Stack trace:
#0 E:\xampp73\htdocs\filecroco\loader\vendor\guzzlehttp\guzzle\src\Handler\CurlFactory.php(149): GuzzleHttp\Handler\CurlFactory::createRejection(Object(GuzzleHttp\Handler\EasyHandle), Array)
#1 E:\xampp73\htdocs\filecroco\loader\vendor\guzzlehttp\guzzle\src\Handler\CurlFactory.php(102): GuzzleHttp\Handler\CurlFactory::finishError(Object(GuzzleHttp\Handler\CurlMultiHandler), Object(GuzzleHttp\Handler\EasyHandle), Object(GuzzleHttp\Handler\CurlFactory))
#2 E:\xampp73\htdocs\filecroco\loader\vendor\guzzlehttp\guzzle\src\Handler\CurlMultiHandler.php(181): GuzzleHttp\Handler\CurlFactory::finish(Object(GuzzleHttp\Handler\CurlMultiHandler), Object(GuzzleHttp\Handler\EasyHandle), Object(GuzzleHttp\Handler\CurlFactory))
#3 E:\xampp73\htdocs\filecroco\loader\vendor\guzzlehttp\guzzle\src\Handler\CurlMultiHandler.php(110): GuzzleHttp\Handler\CurlMultiHandler->processMessages()
#4 E:\xampp73\htdocs\filecroco\loader\vendor\guzzlehttp\guzzle\src\Handler\CurlMultiHandler.php(125): GuzzleHttp\Handler\CurlMultiHandler->tick()
#5 E:\xampp73\htdocs\filecroco\loader\vendor\guzzlehttp\promises\src\Promise.php(246): GuzzleHttp\Handler\CurlMultiHandler->execute(true)
#6 E:\xampp73\htdocs\filecroco\loader\vendor\guzzlehttp\promises\src\Promise.php(223): GuzzleHttp\Promise\Promise->invokeWaitFn()
#7 E:\xampp73\htdocs\filecroco\loader\vendor\guzzlehttp\promises\src\Promise.php(267): GuzzleHttp\Promise\Promise->waitIfPending()
#8 E:\xampp73\htdocs\filecroco\loader\vendor\guzzlehttp\promises\src\Promise.php(225): GuzzleHttp\Promise\Promise->invokeWaitList()
#9 E:\xampp73\htdocs\filecroco\loader\vendor\guzzlehttp\promises\src\Promise.php(62): GuzzleHttp\Promise\Promise->waitIfPending()
#10 E:\xampp73\htdocs\filecroco\loader\vendor\guzzlehttp\promises\src\EachPromise.php(101): GuzzleHttp\Promise\Promise->wait()
#11 E:\xampp73\htdocs\filecroco\loader\vendor\guzzlehttp\promises\src\Promise.php(246): GuzzleHttp\Promise\EachPromise->GuzzleHttp\Promise\{closure}(true)
#12 E:\xampp73\htdocs\filecroco\loader\vendor\guzzlehttp\promises\src\Promise.php(223): GuzzleHttp\Promise\Promise->invokeWaitFn()
#13 E:\xampp73\htdocs\filecroco\loader\vendor\guzzlehttp\promises\src\Promise.php(62): GuzzleHttp\Promise\Promise->waitIfPending()
#14 E:\xampp73\htdocs\filecroco\loader\updatedownloadlink.php(95): GuzzleHttp\Promise\Promise->wait()
#15 {main}|410GuzzleHttp\Exception\RequestException: cURL error 56:  (see http://curl.haxx.se/libcurl/c/libcurl-errors.html) in E:\xampp73\htdocs\filecroco\loader\vendor\guzzlehttp\guzzle\src\Handler\CurlFactory.php:186
Stack trace:
#0 E:\xampp73\htdocs\filecroco\loader\vendor\guzzlehttp\guzzle\src\Handler\CurlFactory.php(149): GuzzleHttp\Handler\CurlFactory::createRejection(Object(GuzzleHttp\Handler\EasyHandle), Array)
#1 E:\xampp73\htdocs\filecroco\loader\vendor\guzzlehttp\guzzle\src\Handler\CurlFactory.php(102): GuzzleHttp\Handler\CurlFactory::finishError(Object(GuzzleHttp\Handler\CurlMultiHandler), Object(GuzzleHttp\Handler\EasyHandle), Object(GuzzleHttp\Handler\CurlFactory))
#2 E:\xampp73\htdocs\filecroco\loader\vendor\guzzlehttp\guzzle\src\Handler\CurlMultiHandler.php(181): GuzzleHttp\Handler\CurlFactory::finish(Object(GuzzleHttp\Handler\CurlMultiHandler), Object(GuzzleHttp\Handler\EasyHandle), Object(GuzzleHttp\Handler\CurlFactory))
#3 E:\xampp73\htdocs\filecroco\loader\vendor\guzzlehttp\guzzle\src\Handler\CurlMultiHandler.php(110): GuzzleHttp\Handler\CurlMultiHandler->processMessages()
#4 E:\xampp73\htdocs\filecroco\loader\vendor\guzzlehttp\guzzle\src\Handler\CurlMultiHandler.php(125): GuzzleHttp\Handler\CurlMultiHandler->tick()
#5 E:\xampp73\htdocs\filecroco\loader\vendor\guzzlehttp\promises\src\Promise.php(246): GuzzleHttp\Handler\CurlMultiHandler->execute(true)
#6 E:\xampp73\htdocs\filecroco\loader\vendor\guzzlehttp\promises\src\Promise.php(223): GuzzleHttp\Promise\Promise->invokeWaitFn()
#7 E:\xampp73\htdocs\filecroco\loader\vendor\guzzlehttp\promises\src\Promise.php(267): GuzzleHttp\Promise\Promise->waitIfPending()
#8 E:\xampp73\htdocs\filecroco\loader\vendor\guzzlehttp\promises\src\Promise.php(225): GuzzleHttp\Promise\Promise->invokeWaitList()
#9 E:\xampp73\htdocs\filecroco\loader\vendor\guzzlehttp\promises\src\Promise.php(62): GuzzleHttp\Promise\Promise->waitIfPending()
#10 E:\xampp73\htdocs\filecroco\loader\vendor\guzzlehttp\promises\src\EachPromise.php(101): GuzzleHttp\Promise\Promise->wait()
#11 E:\xampp73\htdocs\filecroco\loader\vendor\guzzlehttp\promises\src\Promise.php(246): GuzzleHttp\Promise\EachPromise->GuzzleHttp\Promise\{closure}(true)
#12 E:\xampp73\htdocs\filecroco\loader\vendor\guzzlehttp\promises\src\Promise.php(223): GuzzleHttp\Promise\Promise->invokeWaitFn()
#13 E:\xampp73\htdocs\filecroco\loader\vendor\guzzlehttp\promises\src\Promise.php(62): GuzzleHttp\Promise\Promise->waitIfPending()
#14 E:\xampp73\htdocs\filecroco\loader\updatedownloadlink.php(95): GuzzleHttp\Promise\Promise->wait()
#15 {main}|411GuzzleHttp\Exception\RequestException: cURL error 56:  (see http://curl.haxx.se/libcurl/c/libcurl-errors.html) in E:\xampp73\htdocs\filecroco\loader\vendor\guzzlehttp\guzzle\src\Handler\CurlFactory.php:186
Stack trace:
#0 E:\xampp73\htdocs\filecroco\loader\vendor\guzzlehttp\guzzle\src\Handler\CurlFactory.php(149): GuzzleHttp\Handler\CurlFactory::createRejection(Object(GuzzleHttp\Handler\EasyHandle), Array)
#1 E:\xampp73\htdocs\filecroco\loader\vendor\guzzlehttp\guzzle\src\Handler\CurlFactory.php(102): GuzzleHttp\Handler\CurlFactory::finishError(Object(GuzzleHttp\Handler\CurlMultiHandler), Object(GuzzleHttp\Handler\EasyHandle), Object(GuzzleHttp\Handler\CurlFactory))
#2 E:\xampp73\htdocs\filecroco\loader\vendor\guzzlehttp\guzzle\src\Handler\CurlMultiHandler.php(181): GuzzleHttp\Handler\CurlFactory::finish(Object(GuzzleHttp\Handler\CurlMultiHandler), Object(GuzzleHttp\Handler\EasyHandle), Object(GuzzleHttp\Handler\CurlFactory))
#3 E:\xampp73\htdocs\filecroco\loader\vendor\guzzlehttp\guzzle\src\Handler\CurlMultiHandler.php(110): GuzzleHttp\Handler\CurlMultiHandler->processMessages()
#4 E:\xampp73\htdocs\filecroco\loader\vendor\guzzlehttp\guzzle\src\Handler\CurlMultiHandler.php(125): GuzzleHttp\Handler\CurlMultiHandler->tick()
#5 E:\xampp73\htdocs\filecroco\loader\vendor\guzzlehttp\promises\src\Promise.php(246): GuzzleHttp\Handler\CurlMultiHandler->execute(true)
#6 E:\xampp73\htdocs\filecroco\loader\vendor\guzzlehttp\promises\src\Promise.php(223): GuzzleHttp\Promise\Promise->invokeWaitFn()
#7 E:\xampp73\htdocs\filecroco\loader\vendor\guzzlehttp\promises\src\Promise.php(267): GuzzleHttp\Promise\Promise->waitIfPending()
#8 E:\xampp73\htdocs\filecroco\loader\vendor\guzzlehttp\promises\src\Promise.php(225): GuzzleHttp\Promise\Promise->invokeWaitList()
#9 E:\xampp73\htdocs\filecroco\loader\vendor\guzzlehttp\promises\src\Promise.php(62): GuzzleHttp\Promise\Promise->waitIfPending()
#10 E:\xampp73\htdocs\filecroco\loader\vendor\guzzlehttp\promises\src\EachPromise.php(101): GuzzleHttp\Promise\Promise->wait()
#11 E:\xampp73\htdocs\filecroco\loader\vendor\guzzlehttp\promises\src\Promise.php(246): GuzzleHttp\Promise\EachPromise->GuzzleHttp\Promise\{closure}(true)
#12 E:\xampp73\htdocs\filecroco\loader\vendor\guzzlehttp\promises\src\Promise.php(223): GuzzleHttp\Promise\Promise->invokeWaitFn()
#13 E:\xampp73\htdocs\filecroco\loader\vendor\guzzlehttp\promises\src\Promise.php(62): GuzzleHttp\Promise\Promise->waitIfPending()
#14 E:\xampp73\htdocs\filecroco\loader\updatedownloadlink.php(95): GuzzleHttp\Promise\Promise->wait()
#15 {main}|412GuzzleHttp\Exception\RequestException: cURL error 56:  (see http://curl.haxx.se/libcurl/c/libcurl-errors.html) in E:\xampp73\htdocs\filecroco\loader\vendor\guzzlehttp\guzzle\src\Handler\CurlFactory.php:186
Stack trace:
#0 E:\xampp73\htdocs\filecroco\loader\vendor\guzzlehttp\guzzle\src\Handler\CurlFactory.php(149): GuzzleHttp\Handler\CurlFactory::createRejection(Object(GuzzleHttp\Handler\EasyHandle), Array)
#1 E:\xampp73\htdocs\filecroco\loader\vendor\guzzlehttp\guzzle\src\Handler\CurlFactory.php(102): GuzzleHttp\Handler\CurlFactory::finishError(Object(GuzzleHttp\Handler\CurlMultiHandler), Object(GuzzleHttp\Handler\EasyHandle), Object(GuzzleHttp\Handler\CurlFactory))
#2 E:\xampp73\htdocs\filecroco\loader\vendor\guzzlehttp\guzzle\src\Handler\CurlMultiHandler.php(181): GuzzleHttp\Handler\CurlFactory::finish(Object(GuzzleHttp\Handler\CurlMultiHandler), Object(GuzzleHttp\Handler\EasyHandle), Object(GuzzleHttp\Handler\CurlFactory))
#3 E:\xampp73\htdocs\filecroco\loader\vendor\guzzlehttp\guzzle\src\Handler\CurlMultiHandler.php(110): GuzzleHttp\Handler\CurlMultiHandler->processMessages()
#4 E:\xampp73\htdocs\filecroco\loader\vendor\guzzlehttp\guzzle\src\Handler\CurlMultiHandler.php(125): GuzzleHttp\Handler\CurlMultiHandler->tick()
#5 E:\xampp73\htdocs\filecroco\loader\vendor\guzzlehttp\promises\src\Promise.php(246): GuzzleHttp\Handler\CurlMultiHandler->execute(true)
#6 E:\xampp73\htdocs\filecroco\loader\vendor\guzzlehttp\promises\src\Promise.php(223): GuzzleHttp\Promise\Promise->invokeWaitFn()
#7 E:\xampp73\htdocs\filecroco\loader\vendor\guzzlehttp\promises\src\Promise.php(267): GuzzleHttp\Promise\Promise->waitIfPending()
#8 E:\xampp73\htdocs\filecroco\loader\vendor\guzzlehttp\promises\src\Promise.php(225): GuzzleHttp\Promise\Promise->invokeWaitList()
#9 E:\xampp73\htdocs\filecroco\loader\vendor\guzzlehttp\promises\src\Promise.php(62): GuzzleHttp\Promise\Promise->waitIfPending()
#10 E:\xampp73\htdocs\filecroco\loader\vendor\guzzlehttp\promises\src\EachPromise.php(101): GuzzleHttp\Promise\Promise->wait()
#11 E:\xampp73\htdocs\filecroco\loader\vendor\guzzlehttp\promises\src\Promise.php(246): GuzzleHttp\Promise\EachPromise->GuzzleHttp\Promise\{closure}(true)
#12 E:\xampp73\htdocs\filecroco\loader\vendor\guzzlehttp\promises\src\Promise.php(223): GuzzleHttp\Promise\Promise->invokeWaitFn()
#13 E:\xampp73\htdocs\filecroco\loader\vendor\guzzlehttp\promises\src\Promise.php(62): GuzzleHttp\Promise\Promise->waitIfPending()
#14 E:\xampp73\htdocs\filecroco\loader\updatedownloadlink.php(95): GuzzleHttp\Promise\Promise->wait()
#15 {main}|413GuzzleHttp\Exception\RequestException: cURL error 56:  (see http://curl.haxx.se/libcurl/c/libcurl-errors.html) in E:\xampp73\htdocs\filecroco\loader\vendor\guzzlehttp\guzzle\src\Handler\CurlFactory.php:186
Stack trace:
#0 E:\xampp73\htdocs\filecroco\loader\vendor\guzzlehttp\guzzle\src\Handler\CurlFactory.php(149): GuzzleHttp\Handler\CurlFactory::createRejection(Object(GuzzleHttp\Handler\EasyHandle), Array)
#1 E:\xampp73\htdocs\filecroco\loader\vendor\guzzlehttp\guzzle\src\Handler\CurlFactory.php(102): GuzzleHttp\Handler\CurlFactory::finishError(Object(GuzzleHttp\Handler\CurlMultiHandler), Object(GuzzleHttp\Handler\EasyHandle), Object(GuzzleHttp\Handler\CurlFactory))
#2 E:\xampp73\htdocs\filecroco\loader\vendor\guzzlehttp\guzzle\src\Handler\CurlMultiHandler.php(181): GuzzleHttp\Handler\CurlFactory::finish(Object(GuzzleHttp\Handler\CurlMultiHandler), Object(GuzzleHttp\Handler\EasyHandle), Object(GuzzleHttp\Handler\CurlFactory))
#3 E:\xampp73\htdocs\filecroco\loader\vendor\guzzlehttp\guzzle\src\Handler\CurlMultiHandler.php(110): GuzzleHttp\Handler\CurlMultiHandler->processMessages()
#4 E:\xampp73\htdocs\filecroco\loader\vendor\guzzlehttp\guzzle\src\Handler\CurlMultiHandler.php(125): GuzzleHttp\Handler\CurlMultiHandler->tick()
#5 E:\xampp73\htdocs\filecroco\loader\vendor\guzzlehttp\promises\src\Promise.php(246): GuzzleHttp\Handler\CurlMultiHandler->execute(true)
#6 E:\xampp73\htdocs\filecroco\loader\vendor\guzzlehttp\promises\src\Promise.php(223): GuzzleHttp\Promise\Promise->invokeWaitFn()
#7 E:\xampp73\htdocs\filecroco\loader\vendor\guzzlehttp\promises\src\Promise.php(267): GuzzleHttp\Promise\Promise->waitIfPending()
#8 E:\xampp73\htdocs\filecroco\loader\vendor\guzzlehttp\promises\src\Promise.php(225): GuzzleHttp\Promise\Promise->invokeWaitList()
#9 E:\xampp73\htdocs\filecroco\loader\vendor\guzzlehttp\promises\src\Promise.php(62): GuzzleHttp\Promise\Promise->waitIfPending()
#10 E:\xampp73\htdocs\filecroco\loader\vendor\guzzlehttp\promises\src\EachPromise.php(101): GuzzleHttp\Promise\Promise->wait()
#11 E:\xampp73\htdocs\filecroco\loader\vendor\guzzlehttp\promises\src\Promise.php(246): GuzzleHttp\Promise\EachPromise->GuzzleHttp\Promise\{closure}(true)
#12 E:\xampp73\htdocs\filecroco\loader\vendor\guzzlehttp\promises\src\Promise.php(223): GuzzleHttp\Promise\Promise->invokeWaitFn()
#13 E:\xampp73\htdocs\filecroco\loader\vendor\guzzlehttp\promises\src\Promise.php(62): GuzzleHttp\Promise\Promise->waitIfPending()
#14 E:\xampp73\htdocs\filecroco\loader\updatedownloadlink.php(95): GuzzleHttp\Promise\Promise->wait()
#15 {main}|414GuzzleHttp\Exception\RequestException: cURL error 56:  (see http://curl.haxx.se/libcurl/c/libcurl-errors.html) in E:\xampp73\htdocs\filecroco\loader\vendor\guzzlehttp\guzzle\src\Handler\CurlFactory.php:186
Stack trace:
#0 E:\xampp73\htdocs\filecroco\loader\vendor\guzzlehttp\guzzle\src\Handler\CurlFactory.php(149): GuzzleHttp\Handler\CurlFactory::createRejection(Object(GuzzleHttp\Handler\EasyHandle), Array)
#1 E:\xampp73\htdocs\filecroco\loader\vendor\guzzlehttp\guzzle\src\Handler\CurlFactory.php(102): GuzzleHttp\Handler\CurlFactory::finishError(Object(GuzzleHttp\Handler\CurlMultiHandler), Object(GuzzleHttp\Handler\EasyHandle), Object(GuzzleHttp\Handler\CurlFactory))
#2 E:\xampp73\htdocs\filecroco\loader\vendor\guzzlehttp\guzzle\src\Handler\CurlMultiHandler.php(181): GuzzleHttp\Handler\CurlFactory::finish(Object(GuzzleHttp\Handler\CurlMultiHandler), Object(GuzzleHttp\Handler\EasyHandle), Object(GuzzleHttp\Handler\CurlFactory))
#3 E:\xampp73\htdocs\filecroco\loader\vendor\guzzlehttp\guzzle\src\Handler\CurlMultiHandler.php(110): GuzzleHttp\Handler\CurlMultiHandler->processMessages()
#4 E:\xampp73\htdocs\filecroco\loader\vendor\guzzlehttp\guzzle\src\Handler\CurlMultiHandler.php(125): GuzzleHttp\Handler\CurlMultiHandler->tick()
#5 E:\xampp73\htdocs\filecroco\loader\vendor\guzzlehttp\promises\src\Promise.php(246): GuzzleHttp\Handler\CurlMultiHandler->execute(true)
#6 E:\xampp73\htdocs\filecroco\loader\vendor\guzzlehttp\promises\src\Promise.php(223): GuzzleHttp\Promise\Promise->invokeWaitFn()
#7 E:\xampp73\htdocs\filecroco\loader\vendor\guzzlehttp\promises\src\Promise.php(267): GuzzleHttp\Promise\Promise->waitIfPending()
#8 E:\xampp73\htdocs\filecroco\loader\vendor\guzzlehttp\promises\src\Promise.php(225): GuzzleHttp\Promise\Promise->invokeWaitList()
#9 E:\xampp73\htdocs\filecroco\loader\vendor\guzzlehttp\promises\src\Promise.php(62): GuzzleHttp\Promise\Promise->waitIfPending()
#10 E:\xampp73\htdocs\filecroco\loader\vendor\guzzlehttp\promises\src\EachPromise.php(101): GuzzleHttp\Promise\Promise->wait()
#11 E:\xampp73\htdocs\filecroco\loader\vendor\guzzlehttp\promises\src\Promise.php(246): GuzzleHttp\Promise\EachPromise->GuzzleHttp\Promise\{closure}(true)
#12 E:\xampp73\htdocs\filecroco\loader\vendor\guzzlehttp\promises\src\Promise.php(223): GuzzleHttp\Promise\Promise->invokeWaitFn()
#13 E:\xampp73\htdocs\filecroco\loader\vendor\guzzlehttp\promises\src\Promise.php(62): GuzzleHttp\Promise\Promise->waitIfPending()
#14 E:\xampp73\htdocs\filecroco\loader\updatedownloadlink.php(95): GuzzleHttp\Promise\Promise->wait()
#15 {main}|415GuzzleHttp\Exception\RequestException: cURL error 56:  (see http://curl.haxx.se/libcurl/c/libcurl-errors.html) in E:\xampp73\htdocs\filecroco\loader\vendor\guzzlehttp\guzzle\src\Handler\CurlFactory.php:186
Stack trace:
#0 E:\xampp73\htdocs\filecroco\loader\vendor\guzzlehttp\guzzle\src\Handler\CurlFactory.php(149): GuzzleHttp\Handler\CurlFactory::createRejection(Object(GuzzleHttp\Handler\EasyHandle), Array)
#1 E:\xampp73\htdocs\filecroco\loader\vendor\guzzlehttp\guzzle\src\Handler\CurlFactory.php(102): GuzzleHttp\Handler\CurlFactory::finishError(Object(GuzzleHttp\Handler\CurlMultiHandler), Object(GuzzleHttp\Handler\EasyHandle), Object(GuzzleHttp\Handler\CurlFactory))
#2 E:\xampp73\htdocs\filecroco\loader\vendor\guzzlehttp\guzzle\src\Handler\CurlMultiHandler.php(181): GuzzleHttp\Handler\CurlFactory::finish(Object(GuzzleHttp\Handler\CurlMultiHandler), Object(GuzzleHttp\Handler\EasyHandle), Object(GuzzleHttp\Handler\CurlFactory))
#3 E:\xampp73\htdocs\filecroco\loader\vendor\guzzlehttp\guzzle\src\Handler\CurlMultiHandler.php(110): GuzzleHttp\Handler\CurlMultiHandler->processMessages()
#4 E:\xampp73\htdocs\filecroco\loader\vendor\guzzlehttp\guzzle\src\Handler\CurlMultiHandler.php(125): GuzzleHttp\Handler\CurlMultiHandler->tick()
#5 E:\xampp73\htdocs\filecroco\loader\vendor\guzzlehttp\promises\src\Promise.php(246): GuzzleHttp\Handler\CurlMultiHandler->execute(true)
#6 E:\xampp73\htdocs\filecroco\loader\vendor\guzzlehttp\promises\src\Promise.php(223): GuzzleHttp\Promise\Promise->invokeWaitFn()
#7 E:\xampp73\htdocs\filecroco\loader\vendor\guzzlehttp\promises\src\Promise.php(267): GuzzleHttp\Promise\Promise->waitIfPending()
#8 E:\xampp73\htdocs\filecroco\loader\vendor\guzzlehttp\promises\src\Promise.php(225): GuzzleHttp\Promise\Promise->invokeWaitList()
#9 E:\xampp73\htdocs\filecroco\loader\vendor\guzzlehttp\promises\src\Promise.php(62): GuzzleHttp\Promise\Promise->waitIfPending()
#10 E:\xampp73\htdocs\filecroco\loader\vendor\guzzlehttp\promises\src\EachPromise.php(101): GuzzleHttp\Promise\Promise->wait()
#11 E:\xampp73\htdocs\filecroco\loader\vendor\guzzlehttp\promises\src\Promise.php(246): GuzzleHttp\Promise\EachPromise->GuzzleHttp\Promise\{closure}(true)
#12 E:\xampp73\htdocs\filecroco\loader\vendor\guzzlehttp\promises\src\Promise.php(223): GuzzleHttp\Promise\Promise->invokeWaitFn()
#13 E:\xampp73\htdocs\filecroco\loader\vendor\guzzlehttp\promises\src\Promise.php(62): GuzzleHttp\Promise\Promise->waitIfPending()
#14 E:\xampp73\htdocs\filecroco\loader\updatedownloadlink.php(95): GuzzleHttp\Promise\Promise->wait()
#15 {main}|416GuzzleHttp\Exception\RequestException: cURL error 56:  (see http://curl.haxx.se/libcurl/c/libcurl-errors.html) in E:\xampp73\htdocs\filecroco\loader\vendor\guzzlehttp\guzzle\src\Handler\CurlFactory.php:186
Stack trace:
#0 E:\xampp73\htdocs\filecroco\loader\vendor\guzzlehttp\guzzle\src\Handler\CurlFactory.php(149): GuzzleHttp\Handler\CurlFactory::createRejection(Object(GuzzleHttp\Handler\EasyHandle), Array)
#1 E:\xampp73\htdocs\filecroco\loader\vendor\guzzlehttp\guzzle\src\Handler\CurlFactory.php(102): GuzzleHttp\Handler\CurlFactory::finishError(Object(GuzzleHttp\Handler\CurlMultiHandler), Object(GuzzleHttp\Handler\EasyHandle), Object(GuzzleHttp\Handler\CurlFactory))
#2 E:\xampp73\htdocs\filecroco\loader\vendor\guzzlehttp\guzzle\src\Handler\CurlMultiHandler.php(181): GuzzleHttp\Handler\CurlFactory::finish(Object(GuzzleHttp\Handler\CurlMultiHandler), Object(GuzzleHttp\Handler\EasyHandle), Object(GuzzleHttp\Handler\CurlFactory))
#3 E:\xampp73\htdocs\filecroco\loader\vendor\guzzlehttp\guzzle\src\Handler\CurlMultiHandler.php(110): GuzzleHttp\Handler\CurlMultiHandler->processMessages()
#4 E:\xampp73\htdocs\filecroco\loader\vendor\guzzlehttp\guzzle\src\Handler\CurlMultiHandler.php(125): GuzzleHttp\Handler\CurlMultiHandler->tick()
#5 E:\xampp73\htdocs\filecroco\loader\vendor\guzzlehttp\promises\src\Promise.php(246): GuzzleHttp\Handler\CurlMultiHandler->execute(true)
#6 E:\xampp73\htdocs\filecroco\loader\vendor\guzzlehttp\promises\src\Promise.php(223): GuzzleHttp\Promise\Promise->invokeWaitFn()
#7 E:\xampp73\htdocs\filecroco\loader\vendor\guzzlehttp\promises\src\Promise.php(267): GuzzleHttp\Promise\Promise->waitIfPending()
#8 E:\xampp73\htdocs\filecroco\loader\vendor\guzzlehttp\promises\src\Promise.php(225): GuzzleHttp\Promise\Promise->invokeWaitList()
#9 E:\xampp73\htdocs\filecroco\loader\vendor\guzzlehttp\promises\src\Promise.php(62): GuzzleHttp\Promise\Promise->waitIfPending()
#10 E:\xampp73\htdocs\filecroco\loader\vendor\guzzlehttp\promises\src\EachPromise.php(101): GuzzleHttp\Promise\Promise->wait()
#11 E:\xampp73\htdocs\filecroco\loader\vendor\guzzlehttp\promises\src\Promise.php(246): GuzzleHttp\Promise\EachPromise->GuzzleHttp\Promise\{closure}(true)
#12 E:\xampp73\htdocs\filecroco\loader\vendor\guzzlehttp\promises\src\Promise.php(223): GuzzleHttp\Promise\Promise->invokeWaitFn()
#13 E:\xampp73\htdocs\filecroco\loader\vendor\guzzlehttp\promises\src\Promise.php(62): GuzzleHttp\Promise\Promise->waitIfPending()
#14 E:\xampp73\htdocs\filecroco\loader\updatedownloadlink.php(95): GuzzleHttp\Promise\Promise->wait()
#15 {main}|417GuzzleHttp\Exception\RequestException: cURL error 56:  (see http://curl.haxx.se/libcurl/c/libcurl-errors.html) in E:\xampp73\htdocs\filecroco\loader\vendor\guzzlehttp\guzzle\src\Handler\CurlFactory.php:186
Stack trace:
#0 E:\xampp73\htdocs\filecroco\loader\vendor\guzzlehttp\guzzle\src\Handler\CurlFactory.php(149): GuzzleHttp\Handler\CurlFactory::createRejection(Object(GuzzleHttp\Handler\EasyHandle), Array)
#1 E:\xampp73\htdocs\filecroco\loader\vendor\guzzlehttp\guzzle\src\Handler\CurlFactory.php(102): GuzzleHttp\Handler\CurlFactory::finishError(Object(GuzzleHttp\Handler\CurlMultiHandler), Object(GuzzleHttp\Handler\EasyHandle), Object(GuzzleHttp\Handler\CurlFactory))
#2 E:\xampp73\htdocs\filecroco\loader\vendor\guzzlehttp\guzzle\src\Handler\CurlMultiHandler.php(181): GuzzleHttp\Handler\CurlFactory::finish(Object(GuzzleHttp\Handler\CurlMultiHandler), Object(GuzzleHttp\Handler\EasyHandle), Object(GuzzleHttp\Handler\CurlFactory))
#3 E:\xampp73\htdocs\filecroco\loader\vendor\guzzlehttp\guzzle\src\Handler\CurlMultiHandler.php(110): GuzzleHttp\Handler\CurlMultiHandler->processMessages()
#4 E:\xampp73\htdocs\filecroco\loader\vendor\guzzlehttp\guzzle\src\Handler\CurlMultiHandler.php(125): GuzzleHttp\Handler\CurlMultiHandler->tick()
#5 E:\xampp73\htdocs\filecroco\loader\vendor\guzzlehttp\promises\src\Promise.php(246): GuzzleHttp\Handler\CurlMultiHandler->execute(true)
#6 E:\xampp73\htdocs\filecroco\loader\vendor\guzzlehttp\promises\src\Promise.php(223): GuzzleHttp\Promise\Promise->invokeWaitFn()
#7 E:\xampp73\htdocs\filecroco\loader\vendor\guzzlehttp\promises\src\Promise.php(267): GuzzleHttp\Promise\Promise->waitIfPending()
#8 E:\xampp73\htdocs\filecroco\loader\vendor\guzzlehttp\promises\src\Promise.php(225): GuzzleHttp\Promise\Promise->invokeWaitList()
#9 E:\xampp73\htdocs\filecroco\loader\vendor\guzzlehttp\promises\src\Promise.php(62): GuzzleHttp\Promise\Promise->waitIfPending()
#10 E:\xampp73\htdocs\filecroco\loader\vendor\guzzlehttp\promises\src\EachPromise.php(101): GuzzleHttp\Promise\Promise->wait()
#11 E:\xampp73\htdocs\filecroco\loader\vendor\guzzlehttp\promises\src\Promise.php(246): GuzzleHttp\Promise\EachPromise->GuzzleHttp\Promise\{closure}(true)
#12 E:\xampp73\htdocs\filecroco\loader\vendor\guzzlehttp\promises\src\Promise.php(223): GuzzleHttp\Promise\Promise->invokeWaitFn()
#13 E:\xampp73\htdocs\filecroco\loader\vendor\guzzlehttp\promises\src\Promise.php(62): GuzzleHttp\Promise\Promise->waitIfPending()
#14 E:\xampp73\htdocs\filecroco\loader\updatedownloadlink.php(95): GuzzleHttp\Promise\Promise->wait()
#15 {main}|418GuzzleHttp\Exception\RequestException: cURL error 56:  (see http://curl.haxx.se/libcurl/c/libcurl-errors.html) in E:\xampp73\htdocs\filecroco\loader\vendor\guzzlehttp\guzzle\src\Handler\CurlFactory.php:186
Stack trace:
#0 E:\xampp73\htdocs\filecroco\loader\vendor\guzzlehttp\guzzle\src\Handler\CurlFactory.php(149): GuzzleHttp\Handler\CurlFactory::createRejection(Object(GuzzleHttp\Handler\EasyHandle), Array)
#1 E:\xampp73\htdocs\filecroco\loader\vendor\guzzlehttp\guzzle\src\Handler\CurlFactory.php(102): GuzzleHttp\Handler\CurlFactory::finishError(Object(GuzzleHttp\Handler\CurlMultiHandler), Object(GuzzleHttp\Handler\EasyHandle), Object(GuzzleHttp\Handler\CurlFactory))
#2 E:\xampp73\htdocs\filecroco\loader\vendor\guzzlehttp\guzzle\src\Handler\CurlMultiHandler.php(181): GuzzleHttp\Handler\CurlFactory::finish(Object(GuzzleHttp\Handler\CurlMultiHandler), Object(GuzzleHttp\Handler\EasyHandle), Object(GuzzleHttp\Handler\CurlFactory))
#3 E:\xampp73\htdocs\filecroco\loader\vendor\guzzlehttp\guzzle\src\Handler\CurlMultiHandler.php(110): GuzzleHttp\Handler\CurlMultiHandler->processMessages()
#4 E:\xampp73\htdocs\filecroco\loader\vendor\guzzlehttp\guzzle\src\Handler\CurlMultiHandler.php(125): GuzzleHttp\Handler\CurlMultiHandler->tick()
#5 E:\xampp73\htdocs\filecroco\loader\vendor\guzzlehttp\promises\src\Promise.php(246): GuzzleHttp\Handler\CurlMultiHandler->execute(true)
#6 E:\xampp73\htdocs\filecroco\loader\vendor\guzzlehttp\promises\src\Promise.php(223): GuzzleHttp\Promise\Promise->invokeWaitFn()
#7 E:\xampp73\htdocs\filecroco\loader\vendor\guzzlehttp\promises\src\Promise.php(267): GuzzleHttp\Promise\Promise->waitIfPending()
#8 E:\xampp73\htdocs\filecroco\loader\vendor\guzzlehttp\promises\src\Promise.php(225): GuzzleHttp\Promise\Promise->invokeWaitList()
#9 E:\xampp73\htdocs\filecroco\loader\vendor\guzzlehttp\promises\src\Promise.php(62): GuzzleHttp\Promise\Promise->waitIfPending()
#10 E:\xampp73\htdocs\filecroco\loader\vendor\guzzlehttp\promises\src\EachPromise.php(101): GuzzleHttp\Promise\Promise->wait()
#11 E:\xampp73\htdocs\filecroco\loader\vendor\guzzlehttp\promises\src\Promise.php(246): GuzzleHttp\Promise\EachPromise->GuzzleHttp\Promise\{closure}(true)
#12 E:\xampp73\htdocs\filecroco\loader\vendor\guzzlehttp\promises\src\Promise.php(223): GuzzleHttp\Promise\Promise->invokeWaitFn()
#13 E:\xampp73\htdocs\filecroco\loader\vendor\guzzlehttp\promises\src\Promise.php(62): GuzzleHttp\Promise\Promise->waitIfPending()
#14 E:\xampp73\htdocs\filecroco\loader\updatedownloadlink.php(95): GuzzleHttp\Promise\Promise->wait()
#15 {main}|419GuzzleHttp\Exception\RequestException: cURL error 56:  (see http://curl.haxx.se/libcurl/c/libcurl-errors.html) in E:\xampp73\htdocs\filecroco\loader\vendor\guzzlehttp\guzzle\src\Handler\CurlFactory.php:186
Stack trace:
#0 E:\xampp73\htdocs\filecroco\loader\vendor\guzzlehttp\guzzle\src\Handler\CurlFactory.php(149): GuzzleHttp\Handler\CurlFactory::createRejection(Object(GuzzleHttp\Handler\EasyHandle), Array)
#1 E:\xampp73\htdocs\filecroco\loader\vendor\guzzlehttp\guzzle\src\Handler\CurlFactory.php(102): GuzzleHttp\Handler\CurlFactory::finishError(Object(GuzzleHttp\Handler\CurlMultiHandler), Object(GuzzleHttp\Handler\EasyHandle), Object(GuzzleHttp\Handler\CurlFactory))
#2 E:\xampp73\htdocs\filecroco\loader\vendor\guzzlehttp\guzzle\src\Handler\CurlMultiHandler.php(181): GuzzleHttp\Handler\CurlFactory::finish(Object(GuzzleHttp\Handler\CurlMultiHandler), Object(GuzzleHttp\Handler\EasyHandle), Object(GuzzleHttp\Handler\CurlFactory))
#3 E:\xampp73\htdocs\filecroco\loader\vendor\guzzlehttp\guzzle\src\Handler\CurlMultiHandler.php(110): GuzzleHttp\Handler\CurlMultiHandler->processMessages()
#4 E:\xampp73\htdocs\filecroco\loader\vendor\guzzlehttp\guzzle\src\Handler\CurlMultiHandler.php(125): GuzzleHttp\Handler\CurlMultiHandler->tick()
#5 E:\xampp73\htdocs\filecroco\loader\vendor\guzzlehttp\promises\src\Promise.php(246): GuzzleHttp\Handler\CurlMultiHandler->execute(true)
#6 E:\xampp73\htdocs\filecroco\loader\vendor\guzzlehttp\promises\src\Promise.php(223): GuzzleHttp\Promise\Promise->invokeWaitFn()
#7 E:\xampp73\htdocs\filecroco\loader\vendor\guzzlehttp\promises\src\Promise.php(267): GuzzleHttp\Promise\Promise->waitIfPending()
#8 E:\xampp73\htdocs\filecroco\loader\vendor\guzzlehttp\promises\src\Promise.php(225): GuzzleHttp\Promise\Promise->invokeWaitList()
#9 E:\xampp73\htdocs\filecroco\loader\vendor\guzzlehttp\promises\src\Promise.php(62): GuzzleHttp\Promise\Promise->waitIfPending()
#10 E:\xampp73\htdocs\filecroco\loader\vendor\guzzlehttp\promises\src\EachPromise.php(101): GuzzleHttp\Promise\Promise->wait()
#11 E:\xampp73\htdocs\filecroco\loader\vendor\guzzlehttp\promises\src\Promise.php(246): GuzzleHttp\Promise\EachPromise->GuzzleHttp\Promise\{closure}(true)
#12 E:\xampp73\htdocs\filecroco\loader\vendor\guzzlehttp\promises\src\Promise.php(223): GuzzleHttp\Promise\Promise->invokeWaitFn()
#13 E:\xampp73\htdocs\filecroco\loader\vendor\guzzlehttp\promises\src\Promise.php(62): GuzzleHttp\Promise\Promise->waitIfPending()
#14 E:\xampp73\htdocs\filecroco\loader\updatedownloadlink.php(95): GuzzleHttp\Promise\Promise->wait()
#15 {main}|420GuzzleHttp\Exception\RequestException: cURL error 56:  (see http://curl.haxx.se/libcurl/c/libcurl-errors.html) in E:\xampp73\htdocs\filecroco\loader\vendor\guzzlehttp\guzzle\src\Handler\CurlFactory.php:186
Stack trace:
#0 E:\xampp73\htdocs\filecroco\loader\vendor\guzzlehttp\guzzle\src\Handler\CurlFactory.php(149): GuzzleHttp\Handler\CurlFactory::createRejection(Object(GuzzleHttp\Handler\EasyHandle), Array)
#1 E:\xampp73\htdocs\filecroco\loader\vendor\guzzlehttp\guzzle\src\Handler\CurlFactory.php(102): GuzzleHttp\Handler\CurlFactory::finishError(Object(GuzzleHttp\Handler\CurlMultiHandler), Object(GuzzleHttp\Handler\EasyHandle), Object(GuzzleHttp\Handler\CurlFactory))
#2 E:\xampp73\htdocs\filecroco\loader\vendor\guzzlehttp\guzzle\src\Handler\CurlMultiHandler.php(181): GuzzleHttp\Handler\CurlFactory::finish(Object(GuzzleHttp\Handler\CurlMultiHandler), Object(GuzzleHttp\Handler\EasyHandle), Object(GuzzleHttp\Handler\CurlFactory))
#3 E:\xampp73\htdocs\filecroco\loader\vendor\guzzlehttp\guzzle\src\Handler\CurlMultiHandler.php(110): GuzzleHttp\Handler\CurlMultiHandler->processMessages()
#4 E:\xampp73\htdocs\filecroco\loader\vendor\guzzlehttp\guzzle\src\Handler\CurlMultiHandler.php(125): GuzzleHttp\Handler\CurlMultiHandler->tick()
#5 E:\xampp73\htdocs\filecroco\loader\vendor\guzzlehttp\promises\src\Promise.php(246): GuzzleHttp\Handler\CurlMultiHandler->execute(true)
#6 E:\xampp73\htdocs\filecroco\loader\vendor\guzzlehttp\promises\src\Promise.php(223): GuzzleHttp\Promise\Promise->invokeWaitFn()
#7 E:\xampp73\htdocs\filecroco\loader\vendor\guzzlehttp\promises\src\Promise.php(267): GuzzleHttp\Promise\Promise->waitIfPending()
#8 E:\xampp73\htdocs\filecroco\loader\vendor\guzzlehttp\promises\src\Promise.php(225): GuzzleHttp\Promise\Promise->invokeWaitList()
#9 E:\xampp73\htdocs\filecroco\loader\vendor\guzzlehttp\promises\src\Promise.php(62): GuzzleHttp\Promise\Promise->waitIfPending()
#10 E:\xampp73\htdocs\filecroco\loader\vendor\guzzlehttp\promises\src\EachPromise.php(101): GuzzleHttp\Promise\Promise->wait()
#11 E:\xampp73\htdocs\filecroco\loader\vendor\guzzlehttp\promises\src\Promise.php(246): GuzzleHttp\Promise\EachPromise->GuzzleHttp\Promise\{closure}(true)
#12 E:\xampp73\htdocs\filecroco\loader\vendor\guzzlehttp\promises\src\Promise.php(223): GuzzleHttp\Promise\Promise->invokeWaitFn()
#13 E:\xampp73\htdocs\filecroco\loader\vendor\guzzlehttp\promises\src\Promise.php(62): GuzzleHttp\Promise\Promise->waitIfPending()
#14 E:\xampp73\htdocs\filecroco\loader\updatedownloadlink.php(95): GuzzleHttp\Promise\Promise->wait()
#15 {main}|421GuzzleHttp\Exception\RequestException: cURL error 56:  (see http://curl.haxx.se/libcurl/c/libcurl-errors.html) in E:\xampp73\htdocs\filecroco\loader\vendor\guzzlehttp\guzzle\src\Handler\CurlFactory.php:186
Stack trace:
#0 E:\xampp73\htdocs\filecroco\loader\vendor\guzzlehttp\guzzle\src\Handler\CurlFactory.php(149): GuzzleHttp\Handler\CurlFactory::createRejection(Object(GuzzleHttp\Handler\EasyHandle), Array)
#1 E:\xampp73\htdocs\filecroco\loader\vendor\guzzlehttp\guzzle\src\Handler\CurlFactory.php(102): GuzzleHttp\Handler\CurlFactory::finishError(Object(GuzzleHttp\Handler\CurlMultiHandler), Object(GuzzleHttp\Handler\EasyHandle), Object(GuzzleHttp\Handler\CurlFactory))
#2 E:\xampp73\htdocs\filecroco\loader\vendor\guzzlehttp\guzzle\src\Handler\CurlMultiHandler.php(181): GuzzleHttp\Handler\CurlFactory::finish(Object(GuzzleHttp\Handler\CurlMultiHandler), Object(GuzzleHttp\Handler\EasyHandle), Object(GuzzleHttp\Handler\CurlFactory))
#3 E:\xampp73\htdocs\filecroco\loader\vendor\guzzlehttp\guzzle\src\Handler\CurlMultiHandler.php(110): GuzzleHttp\Handler\CurlMultiHandler->processMessages()
#4 E:\xampp73\htdocs\filecroco\loader\vendor\guzzlehttp\guzzle\src\Handler\CurlMultiHandler.php(125): GuzzleHttp\Handler\CurlMultiHandler->tick()
#5 E:\xampp73\htdocs\filecroco\loader\vendor\guzzlehttp\promises\src\Promise.php(246): GuzzleHttp\Handler\CurlMultiHandler->execute(true)
#6 E:\xampp73\htdocs\filecroco\loader\vendor\guzzlehttp\promises\src\Promise.php(223): GuzzleHttp\Promise\Promise->invokeWaitFn()
#7 E:\xampp73\htdocs\filecroco\loader\vendor\guzzlehttp\promises\src\Promise.php(267): GuzzleHttp\Promise\Promise->waitIfPending()
#8 E:\xampp73\htdocs\filecroco\loader\vendor\guzzlehttp\promises\src\Promise.php(225): GuzzleHttp\Promise\Promise->invokeWaitList()
#9 E:\xampp73\htdocs\filecroco\loader\vendor\guzzlehttp\promises\src\Promise.php(62): GuzzleHttp\Promise\Promise->waitIfPending()
#10 E:\xampp73\htdocs\filecroco\loader\vendor\guzzlehttp\promises\src\EachPromise.php(101): GuzzleHttp\Promise\Promise->wait()
#11 E:\xampp73\htdocs\filecroco\loader\vendor\guzzlehttp\promises\src\Promise.php(246): GuzzleHttp\Promise\EachPromise->GuzzleHttp\Promise\{closure}(true)
#12 E:\xampp73\htdocs\filecroco\loader\vendor\guzzlehttp\promises\src\Promise.php(223): GuzzleHttp\Promise\Promise->invokeWaitFn()
#13 E:\xampp73\htdocs\filecroco\loader\vendor\guzzlehttp\promises\src\Promise.php(62): GuzzleHttp\Promise\Promise->waitIfPending()
#14 E:\xampp73\htdocs\filecroco\loader\updatedownloadlink.php(95): GuzzleHttp\Promise\Promise->wait()
#15 {main}|422GuzzleHttp\Exception\RequestException: cURL error 56:  (see http://curl.haxx.se/libcurl/c/libcurl-errors.html) in E:\xampp73\htdocs\filecroco\loader\vendor\guzzlehttp\guzzle\src\Handler\CurlFactory.php:186
Stack trace:
#0 E:\xampp73\htdocs\filecroco\loader\vendor\guzzlehttp\guzzle\src\Handler\CurlFactory.php(149): GuzzleHttp\Handler\CurlFactory::createRejection(Object(GuzzleHttp\Handler\EasyHandle), Array)
#1 E:\xampp73\htdocs\filecroco\loader\vendor\guzzlehttp\guzzle\src\Handler\CurlFactory.php(102): GuzzleHttp\Handler\CurlFactory::finishError(Object(GuzzleHttp\Handler\CurlMultiHandler), Object(GuzzleHttp\Handler\EasyHandle), Object(GuzzleHttp\Handler\CurlFactory))
#2 E:\xampp73\htdocs\filecroco\loader\vendor\guzzlehttp\guzzle\src\Handler\CurlMultiHandler.php(181): GuzzleHttp\Handler\CurlFactory::finish(Object(GuzzleHttp\Handler\CurlMultiHandler), Object(GuzzleHttp\Handler\EasyHandle), Object(GuzzleHttp\Handler\CurlFactory))
#3 E:\xampp73\htdocs\filecroco\loader\vendor\guzzlehttp\guzzle\src\Handler\CurlMultiHandler.php(110): GuzzleHttp\Handler\CurlMultiHandler->processMessages()
#4 E:\xampp73\htdocs\filecroco\loader\vendor\guzzlehttp\guzzle\src\Handler\CurlMultiHandler.php(125): GuzzleHttp\Handler\CurlMultiHandler->tick()
#5 E:\xampp73\htdocs\filecroco\loader\vendor\guzzlehttp\promises\src\Promise.php(246): GuzzleHttp\Handler\CurlMultiHandler->execute(true)
#6 E:\xampp73\htdocs\filecroco\loader\vendor\guzzlehttp\promises\src\Promise.php(223): GuzzleHttp\Promise\Promise->invokeWaitFn()
#7 E:\xampp73\htdocs\filecroco\loader\vendor\guzzlehttp\promises\src\Promise.php(267): GuzzleHttp\Promise\Promise->waitIfPending()
#8 E:\xampp73\htdocs\filecroco\loader\vendor\guzzlehttp\promises\src\Promise.php(225): GuzzleHttp\Promise\Promise->invokeWaitList()
#9 E:\xampp73\htdocs\filecroco\loader\vendor\guzzlehttp\promises\src\Promise.php(62): GuzzleHttp\Promise\Promise->waitIfPending()
#10 E:\xampp73\htdocs\filecroco\loader\vendor\guzzlehttp\promises\src\EachPromise.php(101): GuzzleHttp\Promise\Promise->wait()
#11 E:\xampp73\htdocs\filecroco\loader\vendor\guzzlehttp\promises\src\Promise.php(246): GuzzleHttp\Promise\EachPromise->GuzzleHttp\Promise\{closure}(true)
#12 E:\xampp73\htdocs\filecroco\loader\vendor\guzzlehttp\promises\src\Promise.php(223): GuzzleHttp\Promise\Promise->invokeWaitFn()
#13 E:\xampp73\htdocs\filecroco\loader\vendor\guzzlehttp\promises\src\Promise.php(62): GuzzleHttp\Promise\Promise->waitIfPending()
#14 E:\xampp73\htdocs\filecroco\loader\updatedownloadlink.php(95): GuzzleHttp\Promise\Promise->wait()
#15 {main}|423GuzzleHttp\Exception\RequestException: cURL error 56:  (see http://curl.haxx.se/libcurl/c/libcurl-errors.html) in E:\xampp73\htdocs\filecroco\loader\vendor\guzzlehttp\guzzle\src\Handler\CurlFactory.php:186
Stack trace:
#0 E:\xampp73\htdocs\filecroco\loader\vendor\guzzlehttp\guzzle\src\Handler\CurlFactory.php(149): GuzzleHttp\Handler\CurlFactory::createRejection(Object(GuzzleHttp\Handler\EasyHandle), Array)
#1 E:\xampp73\htdocs\filecroco\loader\vendor\guzzlehttp\guzzle\src\Handler\CurlFactory.php(102): GuzzleHttp\Handler\CurlFactory::finishError(Object(GuzzleHttp\Handler\CurlMultiHandler), Object(GuzzleHttp\Handler\EasyHandle), Object(GuzzleHttp\Handler\CurlFactory))
#2 E:\xampp73\htdocs\filecroco\loader\vendor\guzzlehttp\guzzle\src\Handler\CurlMultiHandler.php(181): GuzzleHttp\Handler\CurlFactory::finish(Object(GuzzleHttp\Handler\CurlMultiHandler), Object(GuzzleHttp\Handler\EasyHandle), Object(GuzzleHttp\Handler\CurlFactory))
#3 E:\xampp73\htdocs\filecroco\loader\vendor\guzzlehttp\guzzle\src\Handler\CurlMultiHandler.php(110): GuzzleHttp\Handler\CurlMultiHandler->processMessages()
#4 E:\xampp73\htdocs\filecroco\loader\vendor\guzzlehttp\guzzle\src\Handler\CurlMultiHandler.php(125): GuzzleHttp\Handler\CurlMultiHandler->tick()
#5 E:\xampp73\htdocs\filecroco\loader\vendor\guzzlehttp\promises\src\Promise.php(246): GuzzleHttp\Handler\CurlMultiHandler->execute(true)
#6 E:\xampp73\htdocs\filecroco\loader\vendor\guzzlehttp\promises\src\Promise.php(223): GuzzleHttp\Promise\Promise->invokeWaitFn()
#7 E:\xampp73\htdocs\filecroco\loader\vendor\guzzlehttp\promises\src\Promise.php(267): GuzzleHttp\Promise\Promise->waitIfPending()
#8 E:\xampp73\htdocs\filecroco\loader\vendor\guzzlehttp\promises\src\Promise.php(225): GuzzleHttp\Promise\Promise->invokeWaitList()
#9 E:\xampp73\htdocs\filecroco\loader\vendor\guzzlehttp\promises\src\Promise.php(62): GuzzleHttp\Promise\Promise->waitIfPending()
#10 E:\xampp73\htdocs\filecroco\loader\vendor\guzzlehttp\promises\src\EachPromise.php(101): GuzzleHttp\Promise\Promise->wait()
#11 E:\xampp73\htdocs\filecroco\loader\vendor\guzzlehttp\promises\src\Promise.php(246): GuzzleHttp\Promise\EachPromise->GuzzleHttp\Promise\{closure}(true)
#12 E:\xampp73\htdocs\filecroco\loader\vendor\guzzlehttp\promises\src\Promise.php(223): GuzzleHttp\Promise\Promise->invokeWaitFn()
#13 E:\xampp73\htdocs\filecroco\loader\vendor\guzzlehttp\promises\src\Promise.php(62): GuzzleHttp\Promise\Promise->waitIfPending()
#14 E:\xampp73\htdocs\filecroco\loader\updatedownloadlink.php(95): GuzzleHttp\Promise\Promise->wait()
#15 {main}|424GuzzleHttp\Exception\RequestException: cURL error 56:  (see http://curl.haxx.se/libcurl/c/libcurl-errors.html) in E:\xampp73\htdocs\filecroco\loader\vendor\guzzlehttp\guzzle\src\Handler\CurlFactory.php:186
Stack trace:
#0 E:\xampp73\htdocs\filecroco\loader\vendor\guzzlehttp\guzzle\src\Handler\CurlFactory.php(149): GuzzleHttp\Handler\CurlFactory::createRejection(Object(GuzzleHttp\Handler\EasyHandle), Array)
#1 E:\xampp73\htdocs\filecroco\loader\vendor\guzzlehttp\guzzle\src\Handler\CurlFactory.php(102): GuzzleHttp\Handler\CurlFactory::finishError(Object(GuzzleHttp\Handler\CurlMultiHandler), Object(GuzzleHttp\Handler\EasyHandle), Object(GuzzleHttp\Handler\CurlFactory))
#2 E:\xampp73\htdocs\filecroco\loader\vendor\guzzlehttp\guzzle\src\Handler\CurlMultiHandler.php(181): GuzzleHttp\Handler\CurlFactory::finish(Object(GuzzleHttp\Handler\CurlMultiHandler), Object(GuzzleHttp\Handler\EasyHandle), Object(GuzzleHttp\Handler\CurlFactory))
#3 E:\xampp73\htdocs\filecroco\loader\vendor\guzzlehttp\guzzle\src\Handler\CurlMultiHandler.php(110): GuzzleHttp\Handler\CurlMultiHandler->processMessages()
#4 E:\xampp73\htdocs\filecroco\loader\vendor\guzzlehttp\guzzle\src\Handler\CurlMultiHandler.php(125): GuzzleHttp\Handler\CurlMultiHandler->tick()
#5 E:\xampp73\htdocs\filecroco\loader\vendor\guzzlehttp\promises\src\Promise.php(246): GuzzleHttp\Handler\CurlMultiHandler->execute(true)
#6 E:\xampp73\htdocs\filecroco\loader\vendor\guzzlehttp\promises\src\Promise.php(223): GuzzleHttp\Promise\Promise->invokeWaitFn()
#7 E:\xampp73\htdocs\filecroco\loader\vendor\guzzlehttp\promises\src\Promise.php(267): GuzzleHttp\Promise\Promise->waitIfPending()
#8 E:\xampp73\htdocs\filecroco\loader\vendor\guzzlehttp\promises\src\Promise.php(225): GuzzleHttp\Promise\Promise->invokeWaitList()
#9 E:\xampp73\htdocs\filecroco\loader\vendor\guzzlehttp\promises\src\Promise.php(62): GuzzleHttp\Promise\Promise->waitIfPending()
#10 E:\xampp73\htdocs\filecroco\loader\vendor\guzzlehttp\promises\src\EachPromise.php(101): GuzzleHttp\Promise\Promise->wait()
#11 E:\xampp73\htdocs\filecroco\loader\vendor\guzzlehttp\promises\src\Promise.php(246): GuzzleHttp\Promise\EachPromise->GuzzleHttp\Promise\{closure}(true)
#12 E:\xampp73\htdocs\filecroco\loader\vendor\guzzlehttp\promises\src\Promise.php(223): GuzzleHttp\Promise\Promise->invokeWaitFn()
#13 E:\xampp73\htdocs\filecroco\loader\vendor\guzzlehttp\promises\src\Promise.php(62): GuzzleHttp\Promise\Promise->waitIfPending()
#14 E:\xampp73\htdocs\filecroco\loader\updatedownloadlink.php(95): GuzzleHttp\Promise\Promise->wait()
#15 {main}|425GuzzleHttp\Exception\RequestException: cURL error 56:  (see http://curl.haxx.se/libcurl/c/libcurl-errors.html) in E:\xampp73\htdocs\filecroco\loader\vendor\guzzlehttp\guzzle\src\Handler\CurlFactory.php:186
Stack trace:
#0 E:\xampp73\htdocs\filecroco\loader\vendor\guzzlehttp\guzzle\src\Handler\CurlFactory.php(149): GuzzleHttp\Handler\CurlFactory::createRejection(Object(GuzzleHttp\Handler\EasyHandle), Array)
#1 E:\xampp73\htdocs\filecroco\loader\vendor\guzzlehttp\guzzle\src\Handler\CurlFactory.php(102): GuzzleHttp\Handler\CurlFactory::finishError(Object(GuzzleHttp\Handler\CurlMultiHandler), Object(GuzzleHttp\Handler\EasyHandle), Object(GuzzleHttp\Handler\CurlFactory))
#2 E:\xampp73\htdocs\filecroco\loader\vendor\guzzlehttp\guzzle\src\Handler\CurlMultiHandler.php(181): GuzzleHttp\Handler\CurlFactory::finish(Object(GuzzleHttp\Handler\CurlMultiHandler), Object(GuzzleHttp\Handler\EasyHandle), Object(GuzzleHttp\Handler\CurlFactory))
#3 E:\xampp73\htdocs\filecroco\loader\vendor\guzzlehttp\guzzle\src\Handler\CurlMultiHandler.php(110): GuzzleHttp\Handler\CurlMultiHandler->processMessages()
#4 E:\xampp73\htdocs\filecroco\loader\vendor\guzzlehttp\guzzle\src\Handler\CurlMultiHandler.php(125): GuzzleHttp\Handler\CurlMultiHandler->tick()
#5 E:\xampp73\htdocs\filecroco\loader\vendor\guzzlehttp\promises\src\Promise.php(246): GuzzleHttp\Handler\CurlMultiHandler->execute(true)
#6 E:\xampp73\htdocs\filecroco\loader\vendor\guzzlehttp\promises\src\Promise.php(223): GuzzleHttp\Promise\Promise->invokeWaitFn()
#7 E:\xampp73\htdocs\filecroco\loader\vendor\guzzlehttp\promises\src\Promise.php(267): GuzzleHttp\Promise\Promise->waitIfPending()
#8 E:\xampp73\htdocs\filecroco\loader\vendor\guzzlehttp\promises\src\Promise.php(225): GuzzleHttp\Promise\Promise->invokeWaitList()
#9 E:\xampp73\htdocs\filecroco\loader\vendor\guzzlehttp\promises\src\Promise.php(62): GuzzleHttp\Promise\Promise->waitIfPending()
#10 E:\xampp73\htdocs\filecroco\loader\vendor\guzzlehttp\promises\src\EachPromise.php(101): GuzzleHttp\Promise\Promise->wait()
#11 E:\xampp73\htdocs\filecroco\loader\vendor\guzzlehttp\promises\src\Promise.php(246): GuzzleHttp\Promise\EachPromise->GuzzleHttp\Promise\{closure}(true)
#12 E:\xampp73\htdocs\filecroco\loader\vendor\guzzlehttp\promises\src\Promise.php(223): GuzzleHttp\Promise\Promise->invokeWaitFn()
#13 E:\xampp73\htdocs\filecroco\loader\vendor\guzzlehttp\promises\src\Promise.php(62): GuzzleHttp\Promise\Promise->waitIfPending()
#14 E:\xampp73\htdocs\filecroco\loader\updatedownloadlink.php(95): GuzzleHttp\Promise\Promise->wait()
#15 {main}|426GuzzleHttp\Exception\RequestException: cURL error 56:  (see http://curl.haxx.se/libcurl/c/libcurl-errors.html) in E:\xampp73\htdocs\filecroco\loader\vendor\guzzlehttp\guzzle\src\Handler\CurlFactory.php:186
Stack trace:
#0 E:\xampp73\htdocs\filecroco\loader\vendor\guzzlehttp\guzzle\src\Handler\CurlFactory.php(149): GuzzleHttp\Handler\CurlFactory::createRejection(Object(GuzzleHttp\Handler\EasyHandle), Array)
#1 E:\xampp73\htdocs\filecroco\loader\vendor\guzzlehttp\guzzle\src\Handler\CurlFactory.php(102): GuzzleHttp\Handler\CurlFactory::finishError(Object(GuzzleHttp\Handler\CurlMultiHandler), Object(GuzzleHttp\Handler\EasyHandle), Object(GuzzleHttp\Handler\CurlFactory))
#2 E:\xampp73\htdocs\filecroco\loader\vendor\guzzlehttp\guzzle\src\Handler\CurlMultiHandler.php(181): GuzzleHttp\Handler\CurlFactory::finish(Object(GuzzleHttp\Handler\CurlMultiHandler), Object(GuzzleHttp\Handler\EasyHandle), Object(GuzzleHttp\Handler\CurlFactory))
#3 E:\xampp73\htdocs\filecroco\loader\vendor\guzzlehttp\guzzle\src\Handler\CurlMultiHandler.php(110): GuzzleHttp\Handler\CurlMultiHandler->processMessages()
#4 E:\xampp73\htdocs\filecroco\loader\vendor\guzzlehttp\guzzle\src\Handler\CurlMultiHandler.php(125): GuzzleHttp\Handler\CurlMultiHandler->tick()
#5 E:\xampp73\htdocs\filecroco\loader\vendor\guzzlehttp\promises\src\Promise.php(246): GuzzleHttp\Handler\CurlMultiHandler->execute(true)
#6 E:\xampp73\htdocs\filecroco\loader\vendor\guzzlehttp\promises\src\Promise.php(223): GuzzleHttp\Promise\Promise->invokeWaitFn()
#7 E:\xampp73\htdocs\filecroco\loader\vendor\guzzlehttp\promises\src\Promise.php(267): GuzzleHttp\Promise\Promise->waitIfPending()
#8 E:\xampp73\htdocs\filecroco\loader\vendor\guzzlehttp\promises\src\Promise.php(225): GuzzleHttp\Promise\Promise->invokeWaitList()
#9 E:\xampp73\htdocs\filecroco\loader\vendor\guzzlehttp\promises\src\Promise.php(62): GuzzleHttp\Promise\Promise->waitIfPending()
#10 E:\xampp73\htdocs\filecroco\loader\vendor\guzzlehttp\promises\src\EachPromise.php(101): GuzzleHttp\Promise\Promise->wait()
#11 E:\xampp73\htdocs\filecroco\loader\vendor\guzzlehttp\promises\src\Promise.php(246): GuzzleHttp\Promise\EachPromise->GuzzleHttp\Promise\{closure}(true)
#12 E:\xampp73\htdocs\filecroco\loader\vendor\guzzlehttp\promises\src\Promise.php(223): GuzzleHttp\Promise\Promise->invokeWaitFn()
#13 E:\xampp73\htdocs\filecroco\loader\vendor\guzzlehttp\promises\src\Promise.php(62): GuzzleHttp\Promise\Promise->waitIfPending()
#14 E:\xampp73\htdocs\filecroco\loader\updatedownloadlink.php(95): GuzzleHttp\Promise\Promise->wait()
#15 {main}|427GuzzleHttp\Exception\RequestException: cURL error 56:  (see http://curl.haxx.se/libcurl/c/libcurl-errors.html) in E:\xampp73\htdocs\filecroco\loader\vendor\guzzlehttp\guzzle\src\Handler\CurlFactory.php:186
Stack trace:
#0 E:\xampp73\htdocs\filecroco\loader\vendor\guzzlehttp\guzzle\src\Handler\CurlFactory.php(149): GuzzleHttp\Handler\CurlFactory::createRejection(Object(GuzzleHttp\Handler\EasyHandle), Array)
#1 E:\xampp73\htdocs\filecroco\loader\vendor\guzzlehttp\guzzle\src\Handler\CurlFactory.php(102): GuzzleHttp\Handler\CurlFactory::finishError(Object(GuzzleHttp\Handler\CurlMultiHandler), Object(GuzzleHttp\Handler\EasyHandle), Object(GuzzleHttp\Handler\CurlFactory))
#2 E:\xampp73\htdocs\filecroco\loader\vendor\guzzlehttp\guzzle\src\Handler\CurlMultiHandler.php(181): GuzzleHttp\Handler\CurlFactory::finish(Object(GuzzleHttp\Handler\CurlMultiHandler), Object(GuzzleHttp\Handler\EasyHandle), Object(GuzzleHttp\Handler\CurlFactory))
#3 E:\xampp73\htdocs\filecroco\loader\vendor\guzzlehttp\guzzle\src\Handler\CurlMultiHandler.php(110): GuzzleHttp\Handler\CurlMultiHandler->processMessages()
#4 E:\xampp73\htdocs\filecroco\loader\vendor\guzzlehttp\guzzle\src\Handler\CurlMultiHandler.php(125): GuzzleHttp\Handler\CurlMultiHandler->tick()
#5 E:\xampp73\htdocs\filecroco\loader\vendor\guzzlehttp\promises\src\Promise.php(246): GuzzleHttp\Handler\CurlMultiHandler->execute(true)
#6 E:\xampp73\htdocs\filecroco\loader\vendor\guzzlehttp\promises\src\Promise.php(223): GuzzleHttp\Promise\Promise->invokeWaitFn()
#7 E:\xampp73\htdocs\filecroco\loader\vendor\guzzlehttp\promises\src\Promise.php(267): GuzzleHttp\Promise\Promise->waitIfPending()
#8 E:\xampp73\htdocs\filecroco\loader\vendor\guzzlehttp\promises\src\Promise.php(225): GuzzleHttp\Promise\Promise->invokeWaitList()
#9 E:\xampp73\htdocs\filecroco\loader\vendor\guzzlehttp\promises\src\Promise.php(62): GuzzleHttp\Promise\Promise->waitIfPending()
#10 E:\xampp73\htdocs\filecroco\loader\vendor\guzzlehttp\promises\src\EachPromise.php(101): GuzzleHttp\Promise\Promise->wait()
#11 E:\xampp73\htdocs\filecroco\loader\vendor\guzzlehttp\promises\src\Promise.php(246): GuzzleHttp\Promise\EachPromise->GuzzleHttp\Promise\{closure}(true)
#12 E:\xampp73\htdocs\filecroco\loader\vendor\guzzlehttp\promises\src\Promise.php(223): GuzzleHttp\Promise\Promise->invokeWaitFn()
#13 E:\xampp73\htdocs\filecroco\loader\vendor\guzzlehttp\promises\src\Promise.php(62): GuzzleHttp\Promise\Promise->waitIfPending()
#14 E:\xampp73\htdocs\filecroco\loader\updatedownloadlink.php(95): GuzzleHttp\Promise\Promise->wait()
#15 {main}|428GuzzleHttp\Exception\RequestException: cURL error 56:  (see http://curl.haxx.se/libcurl/c/libcurl-errors.html) in E:\xampp73\htdocs\filecroco\loader\vendor\guzzlehttp\guzzle\src\Handler\CurlFactory.php:186
Stack trace:
#0 E:\xampp73\htdocs\filecroco\loader\vendor\guzzlehttp\guzzle\src\Handler\CurlFactory.php(149): GuzzleHttp\Handler\CurlFactory::createRejection(Object(GuzzleHttp\Handler\EasyHandle), Array)
#1 E:\xampp73\htdocs\filecroco\loader\vendor\guzzlehttp\guzzle\src\Handler\CurlFactory.php(102): GuzzleHttp\Handler\CurlFactory::finishError(Object(GuzzleHttp\Handler\CurlMultiHandler), Object(GuzzleHttp\Handler\EasyHandle), Object(GuzzleHttp\Handler\CurlFactory))
#2 E:\xampp73\htdocs\filecroco\loader\vendor\guzzlehttp\guzzle\src\Handler\CurlMultiHandler.php(181): GuzzleHttp\Handler\CurlFactory::finish(Object(GuzzleHttp\Handler\CurlMultiHandler), Object(GuzzleHttp\Handler\EasyHandle), Object(GuzzleHttp\Handler\CurlFactory))
#3 E:\xampp73\htdocs\filecroco\loader\vendor\guzzlehttp\guzzle\src\Handler\CurlMultiHandler.php(110): GuzzleHttp\Handler\CurlMultiHandler->processMessages()
#4 E:\xampp73\htdocs\filecroco\loader\vendor\guzzlehttp\guzzle\src\Handler\CurlMultiHandler.php(125): GuzzleHttp\Handler\CurlMultiHandler->tick()
#5 E:\xampp73\htdocs\filecroco\loader\vendor\guzzlehttp\promises\src\Promise.php(246): GuzzleHttp\Handler\CurlMultiHandler->execute(true)
#6 E:\xampp73\htdocs\filecroco\loader\vendor\guzzlehttp\promises\src\Promise.php(223): GuzzleHttp\Promise\Promise->invokeWaitFn()
#7 E:\xampp73\htdocs\filecroco\loader\vendor\guzzlehttp\promises\src\Promise.php(267): GuzzleHttp\Promise\Promise->waitIfPending()
#8 E:\xampp73\htdocs\filecroco\loader\vendor\guzzlehttp\promises\src\Promise.php(225): GuzzleHttp\Promise\Promise->invokeWaitList()
#9 E:\xampp73\htdocs\filecroco\loader\vendor\guzzlehttp\promises\src\Promise.php(62): GuzzleHttp\Promise\Promise->waitIfPending()
#10 E:\xampp73\htdocs\filecroco\loader\vendor\guzzlehttp\promises\src\EachPromise.php(101): GuzzleHttp\Promise\Promise->wait()
#11 E:\xampp73\htdocs\filecroco\loader\vendor\guzzlehttp\promises\src\Promise.php(246): GuzzleHttp\Promise\EachPromise->GuzzleHttp\Promise\{closure}(true)
#12 E:\xampp73\htdocs\filecroco\loader\vendor\guzzlehttp\promises\src\Promise.php(223): GuzzleHttp\Promise\Promise->invokeWaitFn()
#13 E:\xampp73\htdocs\filecroco\loader\vendor\guzzlehttp\promises\src\Promise.php(62): GuzzleHttp\Promise\Promise->waitIfPending()
#14 E:\xampp73\htdocs\filecroco\loader\updatedownloadlink.php(95): GuzzleHttp\Promise\Promise->wait()
#15 {main}|429GuzzleHttp\Exception\RequestException: cURL error 56:  (see http://curl.haxx.se/libcurl/c/libcurl-errors.html) in E:\xampp73\htdocs\filecroco\loader\vendor\guzzlehttp\guzzle\src\Handler\CurlFactory.php:186
Stack trace:
#0 E:\xampp73\htdocs\filecroco\loader\vendor\guzzlehttp\guzzle\src\Handler\CurlFactory.php(149): GuzzleHttp\Handler\CurlFactory::createRejection(Object(GuzzleHttp\Handler\EasyHandle), Array)
#1 E:\xampp73\htdocs\filecroco\loader\vendor\guzzlehttp\guzzle\src\Handler\CurlFactory.php(102): GuzzleHttp\Handler\CurlFactory::finishError(Object(GuzzleHttp\Handler\CurlMultiHandler), Object(GuzzleHttp\Handler\EasyHandle), Object(GuzzleHttp\Handler\CurlFactory))
#2 E:\xampp73\htdocs\filecroco\loader\vendor\guzzlehttp\guzzle\src\Handler\CurlMultiHandler.php(181): GuzzleHttp\Handler\CurlFactory::finish(Object(GuzzleHttp\Handler\CurlMultiHandler), Object(GuzzleHttp\Handler\EasyHandle), Object(GuzzleHttp\Handler\CurlFactory))
#3 E:\xampp73\htdocs\filecroco\loader\vendor\guzzlehttp\guzzle\src\Handler\CurlMultiHandler.php(110): GuzzleHttp\Handler\CurlMultiHandler->processMessages()
#4 E:\xampp73\htdocs\filecroco\loader\vendor\guzzlehttp\guzzle\src\Handler\CurlMultiHandler.php(125): GuzzleHttp\Handler\CurlMultiHandler->tick()
#5 E:\xampp73\htdocs\filecroco\loader\vendor\guzzlehttp\promises\src\Promise.php(246): GuzzleHttp\Handler\CurlMultiHandler->execute(true)
#6 E:\xampp73\htdocs\filecroco\loader\vendor\guzzlehttp\promises\src\Promise.php(223): GuzzleHttp\Promise\Promise->invokeWaitFn()
#7 E:\xampp73\htdocs\filecroco\loader\vendor\guzzlehttp\promises\src\Promise.php(267): GuzzleHttp\Promise\Promise->waitIfPending()
#8 E:\xampp73\htdocs\filecroco\loader\vendor\guzzlehttp\promises\src\Promise.php(225): GuzzleHttp\Promise\Promise->invokeWaitList()
#9 E:\xampp73\htdocs\filecroco\loader\vendor\guzzlehttp\promises\src\Promise.php(62): GuzzleHttp\Promise\Promise->waitIfPending()
#10 E:\xampp73\htdocs\filecroco\loader\vendor\guzzlehttp\promises\src\EachPromise.php(101): GuzzleHttp\Promise\Promise->wait()
#11 E:\xampp73\htdocs\filecroco\loader\vendor\guzzlehttp\promises\src\Promise.php(246): GuzzleHttp\Promise\EachPromise->GuzzleHttp\Promise\{closure}(true)
#12 E:\xampp73\htdocs\filecroco\loader\vendor\guzzlehttp\promises\src\Promise.php(223): GuzzleHttp\Promise\Promise->invokeWaitFn()
#13 E:\xampp73\htdocs\filecroco\loader\vendor\guzzlehttp\promises\src\Promise.php(62): GuzzleHttp\Promise\Promise->waitIfPending()
#14 E:\xampp73\htdocs\filecroco\loader\updatedownloadlink.php(95): GuzzleHttp\Promise\Promise->wait()
#15 {main}|430GuzzleHttp\Exception\RequestException: cURL error 56:  (see http://curl.haxx.se/libcurl/c/libcurl-errors.html) in E:\xampp73\htdocs\filecroco\loader\vendor\guzzlehttp\guzzle\src\Handler\CurlFactory.php:186
Stack trace:
#0 E:\xampp73\htdocs\filecroco\loader\vendor\guzzlehttp\guzzle\src\Handler\CurlFactory.php(149): GuzzleHttp\Handler\CurlFactory::createRejection(Object(GuzzleHttp\Handler\EasyHandle), Array)
#1 E:\xampp73\htdocs\filecroco\loader\vendor\guzzlehttp\guzzle\src\Handler\CurlFactory.php(102): GuzzleHttp\Handler\CurlFactory::finishError(Object(GuzzleHttp\Handler\CurlMultiHandler), Object(GuzzleHttp\Handler\EasyHandle), Object(GuzzleHttp\Handler\CurlFactory))
#2 E:\xampp73\htdocs\filecroco\loader\vendor\guzzlehttp\guzzle\src\Handler\CurlMultiHandler.php(181): GuzzleHttp\Handler\CurlFactory::finish(Object(GuzzleHttp\Handler\CurlMultiHandler), Object(GuzzleHttp\Handler\EasyHandle), Object(GuzzleHttp\Handler\CurlFactory))
#3 E:\xampp73\htdocs\filecroco\loader\vendor\guzzlehttp\guzzle\src\Handler\CurlMultiHandler.php(110): GuzzleHttp\Handler\CurlMultiHandler->processMessages()
#4 E:\xampp73\htdocs\filecroco\loader\vendor\guzzlehttp\guzzle\src\Handler\CurlMultiHandler.php(125): GuzzleHttp\Handler\CurlMultiHandler->tick()
#5 E:\xampp73\htdocs\filecroco\loader\vendor\guzzlehttp\promises\src\Promise.php(246): GuzzleHttp\Handler\CurlMultiHandler->execute(true)
#6 E:\xampp73\htdocs\filecroco\loader\vendor\guzzlehttp\promises\src\Promise.php(223): GuzzleHttp\Promise\Promise->invokeWaitFn()
#7 E:\xampp73\htdocs\filecroco\loader\vendor\guzzlehttp\promises\src\Promise.php(267): GuzzleHttp\Promise\Promise->waitIfPending()
#8 E:\xampp73\htdocs\filecroco\loader\vendor\guzzlehttp\promises\src\Promise.php(225): GuzzleHttp\Promise\Promise->invokeWaitList()
#9 E:\xampp73\htdocs\filecroco\loader\vendor\guzzlehttp\promises\src\Promise.php(62): GuzzleHttp\Promise\Promise->waitIfPending()
#10 E:\xampp73\htdocs\filecroco\loader\vendor\guzzlehttp\promises\src\EachPromise.php(101): GuzzleHttp\Promise\Promise->wait()
#11 E:\xampp73\htdocs\filecroco\loader\vendor\guzzlehttp\promises\src\Promise.php(246): GuzzleHttp\Promise\EachPromise->GuzzleHttp\Promise\{closure}(true)
#12 E:\xampp73\htdocs\filecroco\loader\vendor\guzzlehttp\promises\src\Promise.php(223): GuzzleHttp\Promise\Promise->invokeWaitFn()
#13 E:\xampp73\htdocs\filecroco\loader\vendor\guzzlehttp\promises\src\Promise.php(62): GuzzleHttp\Promise\Promise->waitIfPending()
#14 E:\xampp73\htdocs\filecroco\loader\updatedownloadlink.php(95): GuzzleHttp\Promise\Promise->wait()
#15 {main}|431GuzzleHttp\Exception\RequestException: cURL error 56:  (see http://curl.haxx.se/libcurl/c/libcurl-errors.html) in E:\xampp73\htdocs\filecroco\loader\vendor\guzzlehttp\guzzle\src\Handler\CurlFactory.php:186
Stack trace:
#0 E:\xampp73\htdocs\filecroco\loader\vendor\guzzlehttp\guzzle\src\Handler\CurlFactory.php(149): GuzzleHttp\Handler\CurlFactory::createRejection(Object(GuzzleHttp\Handler\EasyHandle), Array)
#1 E:\xampp73\htdocs\filecroco\loader\vendor\guzzlehttp\guzzle\src\Handler\CurlFactory.php(102): GuzzleHttp\Handler\CurlFactory::finishError(Object(GuzzleHttp\Handler\CurlMultiHandler), Object(GuzzleHttp\Handler\EasyHandle), Object(GuzzleHttp\Handler\CurlFactory))
#2 E:\xampp73\htdocs\filecroco\loader\vendor\guzzlehttp\guzzle\src\Handler\CurlMultiHandler.php(181): GuzzleHttp\Handler\CurlFactory::finish(Object(GuzzleHttp\Handler\CurlMultiHandler), Object(GuzzleHttp\Handler\EasyHandle), Object(GuzzleHttp\Handler\CurlFactory))
#3 E:\xampp73\htdocs\filecroco\loader\vendor\guzzlehttp\guzzle\src\Handler\CurlMultiHandler.php(110): GuzzleHttp\Handler\CurlMultiHandler->processMessages()
#4 E:\xampp73\htdocs\filecroco\loader\vendor\guzzlehttp\guzzle\src\Handler\CurlMultiHandler.php(125): GuzzleHttp\Handler\CurlMultiHandler->tick()
#5 E:\xampp73\htdocs\filecroco\loader\vendor\guzzlehttp\promises\src\Promise.php(246): GuzzleHttp\Handler\CurlMultiHandler->execute(true)
#6 E:\xampp73\htdocs\filecroco\loader\vendor\guzzlehttp\promises\src\Promise.php(223): GuzzleHttp\Promise\Promise->invokeWaitFn()
#7 E:\xampp73\htdocs\filecroco\loader\vendor\guzzlehttp\promises\src\Promise.php(267): GuzzleHttp\Promise\Promise->waitIfPending()
#8 E:\xampp73\htdocs\filecroco\loader\vendor\guzzlehttp\promises\src\Promise.php(225): GuzzleHttp\Promise\Promise->invokeWaitList()
#9 E:\xampp73\htdocs\filecroco\loader\vendor\guzzlehttp\promises\src\Promise.php(62): GuzzleHttp\Promise\Promise->waitIfPending()
#10 E:\xampp73\htdocs\filecroco\loader\vendor\guzzlehttp\promises\src\EachPromise.php(101): GuzzleHttp\Promise\Promise->wait()
#11 E:\xampp73\htdocs\filecroco\loader\vendor\guzzlehttp\promises\src\Promise.php(246): GuzzleHttp\Promise\EachPromise->GuzzleHttp\Promise\{closure}(true)
#12 E:\xampp73\htdocs\filecroco\loader\vendor\guzzlehttp\promises\src\Promise.php(223): GuzzleHttp\Promise\Promise->invokeWaitFn()
#13 E:\xampp73\htdocs\filecroco\loader\vendor\guzzlehttp\promises\src\Promise.php(62): GuzzleHttp\Promise\Promise->waitIfPending()
#14 E:\xampp73\htdocs\filecroco\loader\updatedownloadlink.php(95): GuzzleHttp\Promise\Promise->wait()
#15 {main}|432GuzzleHttp\Exception\RequestException: cURL error 56:  (see http://curl.haxx.se/libcurl/c/libcurl-errors.html) in E:\xampp73\htdocs\filecroco\loader\vendor\guzzlehttp\guzzle\src\Handler\CurlFactory.php:186
Stack trace:
#0 E:\xampp73\htdocs\filecroco\loader\vendor\guzzlehttp\guzzle\src\Handler\CurlFactory.php(149): GuzzleHttp\Handler\CurlFactory::createRejection(Object(GuzzleHttp\Handler\EasyHandle), Array)
#1 E:\xampp73\htdocs\filecroco\loader\vendor\guzzlehttp\guzzle\src\Handler\CurlFactory.php(102): GuzzleHttp\Handler\CurlFactory::finishError(Object(GuzzleHttp\Handler\CurlMultiHandler), Object(GuzzleHttp\Handler\EasyHandle), Object(GuzzleHttp\Handler\CurlFactory))
#2 E:\xampp73\htdocs\filecroco\loader\vendor\guzzlehttp\guzzle\src\Handler\CurlMultiHandler.php(181): GuzzleHttp\Handler\CurlFactory::finish(Object(GuzzleHttp\Handler\CurlMultiHandler), Object(GuzzleHttp\Handler\EasyHandle), Object(GuzzleHttp\Handler\CurlFactory))
#3 E:\xampp73\htdocs\filecroco\loader\vendor\guzzlehttp\guzzle\src\Handler\CurlMultiHandler.php(110): GuzzleHttp\Handler\CurlMultiHandler->processMessages()
#4 E:\xampp73\htdocs\filecroco\loader\vendor\guzzlehttp\guzzle\src\Handler\CurlMultiHandler.php(125): GuzzleHttp\Handler\CurlMultiHandler->tick()
#5 E:\xampp73\htdocs\filecroco\loader\vendor\guzzlehttp\promises\src\Promise.php(246): GuzzleHttp\Handler\CurlMultiHandler->execute(true)
#6 E:\xampp73\htdocs\filecroco\loader\vendor\guzzlehttp\promises\src\Promise.php(223): GuzzleHttp\Promise\Promise->invokeWaitFn()
#7 E:\xampp73\htdocs\filecroco\loader\vendor\guzzlehttp\promises\src\Promise.php(267): GuzzleHttp\Promise\Promise->waitIfPending()
#8 E:\xampp73\htdocs\filecroco\loader\vendor\guzzlehttp\promises\src\Promise.php(225): GuzzleHttp\Promise\Promise->invokeWaitList()
#9 E:\xampp73\htdocs\filecroco\loader\vendor\guzzlehttp\promises\src\Promise.php(62): GuzzleHttp\Promise\Promise->waitIfPending()
#10 E:\xampp73\htdocs\filecroco\loader\vendor\guzzlehttp\promises\src\EachPromise.php(101): GuzzleHttp\Promise\Promise->wait()
#11 E:\xampp73\htdocs\filecroco\loader\vendor\guzzlehttp\promises\src\Promise.php(246): GuzzleHttp\Promise\EachPromise->GuzzleHttp\Promise\{closure}(true)
#12 E:\xampp73\htdocs\filecroco\loader\vendor\guzzlehttp\promises\src\Promise.php(223): GuzzleHttp\Promise\Promise->invokeWaitFn()
#13 E:\xampp73\htdocs\filecroco\loader\vendor\guzzlehttp\promises\src\Promise.php(62): GuzzleHttp\Promise\Promise->waitIfPending()
#14 E:\xampp73\htdocs\filecroco\loader\updatedownloadlink.php(95): GuzzleHttp\Promise\Promise->wait()
#15 {main}|433GuzzleHttp\Exception\RequestException: cURL error 56:  (see http://curl.haxx.se/libcurl/c/libcurl-errors.html) in E:\xampp73\htdocs\filecroco\loader\vendor\guzzlehttp\guzzle\src\Handler\CurlFactory.php:186
Stack trace:
#0 E:\xampp73\htdocs\filecroco\loader\vendor\guzzlehttp\guzzle\src\Handler\CurlFactory.php(149): GuzzleHttp\Handler\CurlFactory::createRejection(Object(GuzzleHttp\Handler\EasyHandle), Array)
#1 E:\xampp73\htdocs\filecroco\loader\vendor\guzzlehttp\guzzle\src\Handler\CurlFactory.php(102): GuzzleHttp\Handler\CurlFactory::finishError(Object(GuzzleHttp\Handler\CurlMultiHandler), Object(GuzzleHttp\Handler\EasyHandle), Object(GuzzleHttp\Handler\CurlFactory))
#2 E:\xampp73\htdocs\filecroco\loader\vendor\guzzlehttp\guzzle\src\Handler\CurlMultiHandler.php(181): GuzzleHttp\Handler\CurlFactory::finish(Object(GuzzleHttp\Handler\CurlMultiHandler), Object(GuzzleHttp\Handler\EasyHandle), Object(GuzzleHttp\Handler\CurlFactory))
#3 E:\xampp73\htdocs\filecroco\loader\vendor\guzzlehttp\guzzle\src\Handler\CurlMultiHandler.php(110): GuzzleHttp\Handler\CurlMultiHandler->processMessages()
#4 E:\xampp73\htdocs\filecroco\loader\vendor\guzzlehttp\guzzle\src\Handler\CurlMultiHandler.php(125): GuzzleHttp\Handler\CurlMultiHandler->tick()
#5 E:\xampp73\htdocs\filecroco\loader\vendor\guzzlehttp\promises\src\Promise.php(246): GuzzleHttp\Handler\CurlMultiHandler->execute(true)
#6 E:\xampp73\htdocs\filecroco\loader\vendor\guzzlehttp\promises\src\Promise.php(223): GuzzleHttp\Promise\Promise->invokeWaitFn()
#7 E:\xampp73\htdocs\filecroco\loader\vendor\guzzlehttp\promises\src\Promise.php(267): GuzzleHttp\Promise\Promise->waitIfPending()
#8 E:\xampp73\htdocs\filecroco\loader\vendor\guzzlehttp\promises\src\Promise.php(225): GuzzleHttp\Promise\Promise->invokeWaitList()
#9 E:\xampp73\htdocs\filecroco\loader\vendor\guzzlehttp\promises\src\Promise.php(62): GuzzleHttp\Promise\Promise->waitIfPending()
#10 E:\xampp73\htdocs\filecroco\loader\vendor\guzzlehttp\promises\src\EachPromise.php(101): GuzzleHttp\Promise\Promise->wait()
#11 E:\xampp73\htdocs\filecroco\loader\vendor\guzzlehttp\promises\src\Promise.php(246): GuzzleHttp\Promise\EachPromise->GuzzleHttp\Promise\{closure}(true)
#12 E:\xampp73\htdocs\filecroco\loader\vendor\guzzlehttp\promises\src\Promise.php(223): GuzzleHttp\Promise\Promise->invokeWaitFn()
#13 E:\xampp73\htdocs\filecroco\loader\vendor\guzzlehttp\promises\src\Promise.php(62): GuzzleHttp\Promise\Promise->waitIfPending()
#14 E:\xampp73\htdocs\filecroco\loader\updatedownloadlink.php(95): GuzzleHttp\Promise\Promise->wait()
#15 {main}|434GuzzleHttp\Exception\RequestException: cURL error 56:  (see http://curl.haxx.se/libcurl/c/libcurl-errors.html) in E:\xampp73\htdocs\filecroco\loader\vendor\guzzlehttp\guzzle\src\Handler\CurlFactory.php:186
Stack trace:
#0 E:\xampp73\htdocs\filecroco\loader\vendor\guzzlehttp\guzzle\src\Handler\CurlFactory.php(149): GuzzleHttp\Handler\CurlFactory::createRejection(Object(GuzzleHttp\Handler\EasyHandle), Array)
#1 E:\xampp73\htdocs\filecroco\loader\vendor\guzzlehttp\guzzle\src\Handler\CurlFactory.php(102): GuzzleHttp\Handler\CurlFactory::finishError(Object(GuzzleHttp\Handler\CurlMultiHandler), Object(GuzzleHttp\Handler\EasyHandle), Object(GuzzleHttp\Handler\CurlFactory))
#2 E:\xampp73\htdocs\filecroco\loader\vendor\guzzlehttp\guzzle\src\Handler\CurlMultiHandler.php(181): GuzzleHttp\Handler\CurlFactory::finish(Object(GuzzleHttp\Handler\CurlMultiHandler), Object(GuzzleHttp\Handler\EasyHandle), Object(GuzzleHttp\Handler\CurlFactory))
#3 E:\xampp73\htdocs\filecroco\loader\vendor\guzzlehttp\guzzle\src\Handler\CurlMultiHandler.php(110): GuzzleHttp\Handler\CurlMultiHandler->processMessages()
#4 E:\xampp73\htdocs\filecroco\loader\vendor\guzzlehttp\guzzle\src\Handler\CurlMultiHandler.php(125): GuzzleHttp\Handler\CurlMultiHandler->tick()
#5 E:\xampp73\htdocs\filecroco\loader\vendor\guzzlehttp\promises\src\Promise.php(246): GuzzleHttp\Handler\CurlMultiHandler->execute(true)
#6 E:\xampp73\htdocs\filecroco\loader\vendor\guzzlehttp\promises\src\Promise.php(223): GuzzleHttp\Promise\Promise->invokeWaitFn()
#7 E:\xampp73\htdocs\filecroco\loader\vendor\guzzlehttp\promises\src\Promise.php(267): GuzzleHttp\Promise\Promise->waitIfPending()
#8 E:\xampp73\htdocs\filecroco\loader\vendor\guzzlehttp\promises\src\Promise.php(225): GuzzleHttp\Promise\Promise->invokeWaitList()
#9 E:\xampp73\htdocs\filecroco\loader\vendor\guzzlehttp\promises\src\Promise.php(62): GuzzleHttp\Promise\Promise->waitIfPending()
#10 E:\xampp73\htdocs\filecroco\loader\vendor\guzzlehttp\promises\src\EachPromise.php(101): GuzzleHttp\Promise\Promise->wait()
#11 E:\xampp73\htdocs\filecroco\loader\vendor\guzzlehttp\promises\src\Promise.php(246): GuzzleHttp\Promise\EachPromise->GuzzleHttp\Promise\{closure}(true)
#12 E:\xampp73\htdocs\filecroco\loader\vendor\guzzlehttp\promises\src\Promise.php(223): GuzzleHttp\Promise\Promise->invokeWaitFn()
#13 E:\xampp73\htdocs\filecroco\loader\vendor\guzzlehttp\promises\src\Promise.php(62): GuzzleHttp\Promise\Promise->waitIfPending()
#14 E:\xampp73\htdocs\filecroco\loader\updatedownloadlink.php(95): GuzzleHttp\Promise\Promise->wait()
#15 {main}|435GuzzleHttp\Exception\RequestException: cURL error 56:  (see http://curl.haxx.se/libcurl/c/libcurl-errors.html) in E:\xampp73\htdocs\filecroco\loader\vendor\guzzlehttp\guzzle\src\Handler\CurlFactory.php:186
Stack trace:
#0 E:\xampp73\htdocs\filecroco\loader\vendor\guzzlehttp\guzzle\src\Handler\CurlFactory.php(149): GuzzleHttp\Handler\CurlFactory::createRejection(Object(GuzzleHttp\Handler\EasyHandle), Array)
#1 E:\xampp73\htdocs\filecroco\loader\vendor\guzzlehttp\guzzle\src\Handler\CurlFactory.php(102): GuzzleHttp\Handler\CurlFactory::finishError(Object(GuzzleHttp\Handler\CurlMultiHandler), Object(GuzzleHttp\Handler\EasyHandle), Object(GuzzleHttp\Handler\CurlFactory))
#2 E:\xampp73\htdocs\filecroco\loader\vendor\guzzlehttp\guzzle\src\Handler\CurlMultiHandler.php(181): GuzzleHttp\Handler\CurlFactory::finish(Object(GuzzleHttp\Handler\CurlMultiHandler), Object(GuzzleHttp\Handler\EasyHandle), Object(GuzzleHttp\Handler\CurlFactory))
#3 E:\xampp73\htdocs\filecroco\loader\vendor\guzzlehttp\guzzle\src\Handler\CurlMultiHandler.php(110): GuzzleHttp\Handler\CurlMultiHandler->processMessages()
#4 E:\xampp73\htdocs\filecroco\loader\vendor\guzzlehttp\guzzle\src\Handler\CurlMultiHandler.php(125): GuzzleHttp\Handler\CurlMultiHandler->tick()
#5 E:\xampp73\htdocs\filecroco\loader\vendor\guzzlehttp\promises\src\Promise.php(246): GuzzleHttp\Handler\CurlMultiHandler->execute(true)
#6 E:\xampp73\htdocs\filecroco\loader\vendor\guzzlehttp\promises\src\Promise.php(223): GuzzleHttp\Promise\Promise->invokeWaitFn()
#7 E:\xampp73\htdocs\filecroco\loader\vendor\guzzlehttp\promises\src\Promise.php(267): GuzzleHttp\Promise\Promise->waitIfPending()
#8 E:\xampp73\htdocs\filecroco\loader\vendor\guzzlehttp\promises\src\Promise.php(225): GuzzleHttp\Promise\Promise->invokeWaitList()
#9 E:\xampp73\htdocs\filecroco\loader\vendor\guzzlehttp\promises\src\Promise.php(62): GuzzleHttp\Promise\Promise->waitIfPending()
#10 E:\xampp73\htdocs\filecroco\loader\vendor\guzzlehttp\promises\src\EachPromise.php(101): GuzzleHttp\Promise\Promise->wait()
#11 E:\xampp73\htdocs\filecroco\loader\vendor\guzzlehttp\promises\src\Promise.php(246): GuzzleHttp\Promise\EachPromise->GuzzleHttp\Promise\{closure}(true)
#12 E:\xampp73\htdocs\filecroco\loader\vendor\guzzlehttp\promises\src\Promise.php(223): GuzzleHttp\Promise\Promise->invokeWaitFn()
#13 E:\xampp73\htdocs\filecroco\loader\vendor\guzzlehttp\promises\src\Promise.php(62): GuzzleHttp\Promise\Promise->waitIfPending()
#14 E:\xampp73\htdocs\filecroco\loader\updatedownloadlink.php(95): GuzzleHttp\Promise\Promise->wait()
#15 {main}|436GuzzleHttp\Exception\RequestException: cURL error 56:  (see http://curl.haxx.se/libcurl/c/libcurl-errors.html) in E:\xampp73\htdocs\filecroco\loader\vendor\guzzlehttp\guzzle\src\Handler\CurlFactory.php:186
Stack trace:
#0 E:\xampp73\htdocs\filecroco\loader\vendor\guzzlehttp\guzzle\src\Handler\CurlFactory.php(149): GuzzleHttp\Handler\CurlFactory::createRejection(Object(GuzzleHttp\Handler\EasyHandle), Array)
#1 E:\xampp73\htdocs\filecroco\loader\vendor\guzzlehttp\guzzle\src\Handler\CurlFactory.php(102): GuzzleHttp\Handler\CurlFactory::finishError(Object(GuzzleHttp\Handler\CurlMultiHandler), Object(GuzzleHttp\Handler\EasyHandle), Object(GuzzleHttp\Handler\CurlFactory))
#2 E:\xampp73\htdocs\filecroco\loader\vendor\guzzlehttp\guzzle\src\Handler\CurlMultiHandler.php(181): GuzzleHttp\Handler\CurlFactory::finish(Object(GuzzleHttp\Handler\CurlMultiHandler), Object(GuzzleHttp\Handler\EasyHandle), Object(GuzzleHttp\Handler\CurlFactory))
#3 E:\xampp73\htdocs\filecroco\loader\vendor\guzzlehttp\guzzle\src\Handler\CurlMultiHandler.php(110): GuzzleHttp\Handler\CurlMultiHandler->processMessages()
#4 E:\xampp73\htdocs\filecroco\loader\vendor\guzzlehttp\guzzle\src\Handler\CurlMultiHandler.php(125): GuzzleHttp\Handler\CurlMultiHandler->tick()
#5 E:\xampp73\htdocs\filecroco\loader\vendor\guzzlehttp\promises\src\Promise.php(246): GuzzleHttp\Handler\CurlMultiHandler->execute(true)
#6 E:\xampp73\htdocs\filecroco\loader\vendor\guzzlehttp\promises\src\Promise.php(223): GuzzleHttp\Promise\Promise->invokeWaitFn()
#7 E:\xampp73\htdocs\filecroco\loader\vendor\guzzlehttp\promises\src\Promise.php(267): GuzzleHttp\Promise\Promise->waitIfPending()
#8 E:\xampp73\htdocs\filecroco\loader\vendor\guzzlehttp\promises\src\Promise.php(225): GuzzleHttp\Promise\Promise->invokeWaitList()
#9 E:\xampp73\htdocs\filecroco\loader\vendor\guzzlehttp\promises\src\Promise.php(62): GuzzleHttp\Promise\Promise->waitIfPending()
#10 E:\xampp73\htdocs\filecroco\loader\vendor\guzzlehttp\promises\src\EachPromise.php(101): GuzzleHttp\Promise\Promise->wait()
#11 E:\xampp73\htdocs\filecroco\loader\vendor\guzzlehttp\promises\src\Promise.php(246): GuzzleHttp\Promise\EachPromise->GuzzleHttp\Promise\{closure}(true)
#12 E:\xampp73\htdocs\filecroco\loader\vendor\guzzlehttp\promises\src\Promise.php(223): GuzzleHttp\Promise\Promise->invokeWaitFn()
#13 E:\xampp73\htdocs\filecroco\loader\vendor\guzzlehttp\promises\src\Promise.php(62): GuzzleHttp\Promise\Promise->waitIfPending()
#14 E:\xampp73\htdocs\filecroco\loader\updatedownloadlink.php(95): GuzzleHttp\Promise\Promise->wait()
#15 {main}|437GuzzleHttp\Exception\RequestException: cURL error 56:  (see http://curl.haxx.se/libcurl/c/libcurl-errors.html) in E:\xampp73\htdocs\filecroco\loader\vendor\guzzlehttp\guzzle\src\Handler\CurlFactory.php:186
Stack trace:
#0 E:\xampp73\htdocs\filecroco\loader\vendor\guzzlehttp\guzzle\src\Handler\CurlFactory.php(149): GuzzleHttp\Handler\CurlFactory::createRejection(Object(GuzzleHttp\Handler\EasyHandle), Array)
#1 E:\xampp73\htdocs\filecroco\loader\vendor\guzzlehttp\guzzle\src\Handler\CurlFactory.php(102): GuzzleHttp\Handler\CurlFactory::finishError(Object(GuzzleHttp\Handler\CurlMultiHandler), Object(GuzzleHttp\Handler\EasyHandle), Object(GuzzleHttp\Handler\CurlFactory))
#2 E:\xampp73\htdocs\filecroco\loader\vendor\guzzlehttp\guzzle\src\Handler\CurlMultiHandler.php(181): GuzzleHttp\Handler\CurlFactory::finish(Object(GuzzleHttp\Handler\CurlMultiHandler), Object(GuzzleHttp\Handler\EasyHandle), Object(GuzzleHttp\Handler\CurlFactory))
#3 E:\xampp73\htdocs\filecroco\loader\vendor\guzzlehttp\guzzle\src\Handler\CurlMultiHandler.php(110): GuzzleHttp\Handler\CurlMultiHandler->processMessages()
#4 E:\xampp73\htdocs\filecroco\loader\vendor\guzzlehttp\guzzle\src\Handler\CurlMultiHandler.php(125): GuzzleHttp\Handler\CurlMultiHandler->tick()
#5 E:\xampp73\htdocs\filecroco\loader\vendor\guzzlehttp\promises\src\Promise.php(246): GuzzleHttp\Handler\CurlMultiHandler->execute(true)
#6 E:\xampp73\htdocs\filecroco\loader\vendor\guzzlehttp\promises\src\Promise.php(223): GuzzleHttp\Promise\Promise->invokeWaitFn()
#7 E:\xampp73\htdocs\filecroco\loader\vendor\guzzlehttp\promises\src\Promise.php(267): GuzzleHttp\Promise\Promise->waitIfPending()
#8 E:\xampp73\htdocs\filecroco\loader\vendor\guzzlehttp\promises\src\Promise.php(225): GuzzleHttp\Promise\Promise->invokeWaitList()
#9 E:\xampp73\htdocs\filecroco\loader\vendor\guzzlehttp\promises\src\Promise.php(62): GuzzleHttp\Promise\Promise->waitIfPending()
#10 E:\xampp73\htdocs\filecroco\loader\vendor\guzzlehttp\promises\src\EachPromise.php(101): GuzzleHttp\Promise\Promise->wait()
#11 E:\xampp73\htdocs\filecroco\loader\vendor\guzzlehttp\promises\src\Promise.php(246): GuzzleHttp\Promise\EachPromise->GuzzleHttp\Promise\{closure}(true)
#12 E:\xampp73\htdocs\filecroco\loader\vendor\guzzlehttp\promises\src\Promise.php(223): GuzzleHttp\Promise\Promise->invokeWaitFn()
#13 E:\xampp73\htdocs\filecroco\loader\vendor\guzzlehttp\promises\src\Promise.php(62): GuzzleHttp\Promise\Promise->waitIfPending()
#14 E:\xampp73\htdocs\filecroco\loader\updatedownloadlink.php(95): GuzzleHttp\Promise\Promise->wait()
#15 {main}|438GuzzleHttp\Exception\RequestException: cURL error 56:  (see http://curl.haxx.se/libcurl/c/libcurl-errors.html) in E:\xampp73\htdocs\filecroco\loader\vendor\guzzlehttp\guzzle\src\Handler\CurlFactory.php:186
Stack trace:
#0 E:\xampp73\htdocs\filecroco\loader\vendor\guzzlehttp\guzzle\src\Handler\CurlFactory.php(149): GuzzleHttp\Handler\CurlFactory::createRejection(Object(GuzzleHttp\Handler\EasyHandle), Array)
#1 E:\xampp73\htdocs\filecroco\loader\vendor\guzzlehttp\guzzle\src\Handler\CurlFactory.php(102): GuzzleHttp\Handler\CurlFactory::finishError(Object(GuzzleHttp\Handler\CurlMultiHandler), Object(GuzzleHttp\Handler\EasyHandle), Object(GuzzleHttp\Handler\CurlFactory))
#2 E:\xampp73\htdocs\filecroco\loader\vendor\guzzlehttp\guzzle\src\Handler\CurlMultiHandler.php(181): GuzzleHttp\Handler\CurlFactory::finish(Object(GuzzleHttp\Handler\CurlMultiHandler), Object(GuzzleHttp\Handler\EasyHandle), Object(GuzzleHttp\Handler\CurlFactory))
#3 E:\xampp73\htdocs\filecroco\loader\vendor\guzzlehttp\guzzle\src\Handler\CurlMultiHandler.php(110): GuzzleHttp\Handler\CurlMultiHandler->processMessages()
#4 E:\xampp73\htdocs\filecroco\loader\vendor\guzzlehttp\guzzle\src\Handler\CurlMultiHandler.php(125): GuzzleHttp\Handler\CurlMultiHandler->tick()
#5 E:\xampp73\htdocs\filecroco\loader\vendor\guzzlehttp\promises\src\Promise.php(246): GuzzleHttp\Handler\CurlMultiHandler->execute(true)
#6 E:\xampp73\htdocs\filecroco\loader\vendor\guzzlehttp\promises\src\Promise.php(223): GuzzleHttp\Promise\Promise->invokeWaitFn()
#7 E:\xampp73\htdocs\filecroco\loader\vendor\guzzlehttp\promises\src\Promise.php(267): GuzzleHttp\Promise\Promise->waitIfPending()
#8 E:\xampp73\htdocs\filecroco\loader\vendor\guzzlehttp\promises\src\Promise.php(225): GuzzleHttp\Promise\Promise->invokeWaitList()
#9 E:\xampp73\htdocs\filecroco\loader\vendor\guzzlehttp\promises\src\Promise.php(62): GuzzleHttp\Promise\Promise->waitIfPending()
#10 E:\xampp73\htdocs\filecroco\loader\vendor\guzzlehttp\promises\src\EachPromise.php(101): GuzzleHttp\Promise\Promise->wait()
#11 E:\xampp73\htdocs\filecroco\loader\vendor\guzzlehttp\promises\src\Promise.php(246): GuzzleHttp\Promise\EachPromise->GuzzleHttp\Promise\{closure}(true)
#12 E:\xampp73\htdocs\filecroco\loader\vendor\guzzlehttp\promises\src\Promise.php(223): GuzzleHttp\Promise\Promise->invokeWaitFn()
#13 E:\xampp73\htdocs\filecroco\loader\vendor\guzzlehttp\promises\src\Promise.php(62): GuzzleHttp\Promise\Promise->waitIfPending()
#14 E:\xampp73\htdocs\filecroco\loader\updatedownloadlink.php(95): GuzzleHttp\Promise\Promise->wait()
#15 {main}|439GuzzleHttp\Exception\RequestException: cURL error 56:  (see http://curl.haxx.se/libcurl/c/libcurl-errors.html) in E:\xampp73\htdocs\filecroco\loader\vendor\guzzlehttp\guzzle\src\Handler\CurlFactory.php:186
Stack trace:
#0 E:\xampp73\htdocs\filecroco\loader\vendor\guzzlehttp\guzzle\src\Handler\CurlFactory.php(149): GuzzleHttp\Handler\CurlFactory::createRejection(Object(GuzzleHttp\Handler\EasyHandle), Array)
#1 E:\xampp73\htdocs\filecroco\loader\vendor\guzzlehttp\guzzle\src\Handler\CurlFactory.php(102): GuzzleHttp\Handler\CurlFactory::finishError(Object(GuzzleHttp\Handler\CurlMultiHandler), Object(GuzzleHttp\Handler\EasyHandle), Object(GuzzleHttp\Handler\CurlFactory))
#2 E:\xampp73\htdocs\filecroco\loader\vendor\guzzlehttp\guzzle\src\Handler\CurlMultiHandler.php(181): GuzzleHttp\Handler\CurlFactory::finish(Object(GuzzleHttp\Handler\CurlMultiHandler), Object(GuzzleHttp\Handler\EasyHandle), Object(GuzzleHttp\Handler\CurlFactory))
#3 E:\xampp73\htdocs\filecroco\loader\vendor\guzzlehttp\guzzle\src\Handler\CurlMultiHandler.php(110): GuzzleHttp\Handler\CurlMultiHandler->processMessages()
#4 E:\xampp73\htdocs\filecroco\loader\vendor\guzzlehttp\guzzle\src\Handler\CurlMultiHandler.php(125): GuzzleHttp\Handler\CurlMultiHandler->tick()
#5 E:\xampp73\htdocs\filecroco\loader\vendor\guzzlehttp\promises\src\Promise.php(246): GuzzleHttp\Handler\CurlMultiHandler->execute(true)
#6 E:\xampp73\htdocs\filecroco\loader\vendor\guzzlehttp\promises\src\Promise.php(223): GuzzleHttp\Promise\Promise->invokeWaitFn()
#7 E:\xampp73\htdocs\filecroco\loader\vendor\guzzlehttp\promises\src\Promise.php(267): GuzzleHttp\Promise\Promise->waitIfPending()
#8 E:\xampp73\htdocs\filecroco\loader\vendor\guzzlehttp\promises\src\Promise.php(225): GuzzleHttp\Promise\Promise->invokeWaitList()
#9 E:\xampp73\htdocs\filecroco\loader\vendor\guzzlehttp\promises\src\Promise.php(62): GuzzleHttp\Promise\Promise->waitIfPending()
#10 E:\xampp73\htdocs\filecroco\loader\vendor\guzzlehttp\promises\src\EachPromise.php(101): GuzzleHttp\Promise\Promise->wait()
#11 E:\xampp73\htdocs\filecroco\loader\vendor\guzzlehttp\promises\src\Promise.php(246): GuzzleHttp\Promise\EachPromise->GuzzleHttp\Promise\{closure}(true)
#12 E:\xampp73\htdocs\filecroco\loader\vendor\guzzlehttp\promises\src\Promise.php(223): GuzzleHttp\Promise\Promise->invokeWaitFn()
#13 E:\xampp73\htdocs\filecroco\loader\vendor\guzzlehttp\promises\src\Promise.php(62): GuzzleHttp\Promise\Promise->waitIfPending()
#14 E:\xampp73\htdocs\filecroco\loader\updatedownloadlink.php(95): GuzzleHttp\Promise\Promise->wait()
#15 {main}|440GuzzleHttp\Exception\RequestException: cURL error 56:  (see http://curl.haxx.se/libcurl/c/libcurl-errors.html) in E:\xampp73\htdocs\filecroco\loader\vendor\guzzlehttp\guzzle\src\Handler\CurlFactory.php:186
Stack trace:
#0 E:\xampp73\htdocs\filecroco\loader\vendor\guzzlehttp\guzzle\src\Handler\CurlFactory.php(149): GuzzleHttp\Handler\CurlFactory::createRejection(Object(GuzzleHttp\Handler\EasyHandle), Array)
#1 E:\xampp73\htdocs\filecroco\loader\vendor\guzzlehttp\guzzle\src\Handler\CurlFactory.php(102): GuzzleHttp\Handler\CurlFactory::finishError(Object(GuzzleHttp\Handler\CurlMultiHandler), Object(GuzzleHttp\Handler\EasyHandle), Object(GuzzleHttp\Handler\CurlFactory))
#2 E:\xampp73\htdocs\filecroco\loader\vendor\guzzlehttp\guzzle\src\Handler\CurlMultiHandler.php(181): GuzzleHttp\Handler\CurlFactory::finish(Object(GuzzleHttp\Handler\CurlMultiHandler), Object(GuzzleHttp\Handler\EasyHandle), Object(GuzzleHttp\Handler\CurlFactory))
#3 E:\xampp73\htdocs\filecroco\loader\vendor\guzzlehttp\guzzle\src\Handler\CurlMultiHandler.php(110): GuzzleHttp\Handler\CurlMultiHandler->processMessages()
#4 E:\xampp73\htdocs\filecroco\loader\vendor\guzzlehttp\guzzle\src\Handler\CurlMultiHandler.php(125): GuzzleHttp\Handler\CurlMultiHandler->tick()
#5 E:\xampp73\htdocs\filecroco\loader\vendor\guzzlehttp\promises\src\Promise.php(246): GuzzleHttp\Handler\CurlMultiHandler->execute(true)
#6 E:\xampp73\htdocs\filecroco\loader\vendor\guzzlehttp\promises\src\Promise.php(223): GuzzleHttp\Promise\Promise->invokeWaitFn()
#7 E:\xampp73\htdocs\filecroco\loader\vendor\guzzlehttp\promises\src\Promise.php(267): GuzzleHttp\Promise\Promise->waitIfPending()
#8 E:\xampp73\htdocs\filecroco\loader\vendor\guzzlehttp\promises\src\Promise.php(225): GuzzleHttp\Promise\Promise->invokeWaitList()
#9 E:\xampp73\htdocs\filecroco\loader\vendor\guzzlehttp\promises\src\Promise.php(62): GuzzleHttp\Promise\Promise->waitIfPending()
#10 E:\xampp73\htdocs\filecroco\loader\vendor\guzzlehttp\promises\src\EachPromise.php(101): GuzzleHttp\Promise\Promise->wait()
#11 E:\xampp73\htdocs\filecroco\loader\vendor\guzzlehttp\promises\src\Promise.php(246): GuzzleHttp\Promise\EachPromise->GuzzleHttp\Promise\{closure}(true)
#12 E:\xampp73\htdocs\filecroco\loader\vendor\guzzlehttp\promises\src\Promise.php(223): GuzzleHttp\Promise\Promise->invokeWaitFn()
#13 E:\xampp73\htdocs\filecroco\loader\vendor\guzzlehttp\promises\src\Promise.php(62): GuzzleHttp\Promise\Promise->waitIfPending()
#14 E:\xampp73\htdocs\filecroco\loader\updatedownloadlink.php(95): GuzzleHttp\Promise\Promise->wait()
#15 {main}|441GuzzleHttp\Exception\RequestException: cURL error 56:  (see http://curl.haxx.se/libcurl/c/libcurl-errors.html) in E:\xampp73\htdocs\filecroco\loader\vendor\guzzlehttp\guzzle\src\Handler\CurlFactory.php:186
Stack trace:
#0 E:\xampp73\htdocs\filecroco\loader\vendor\guzzlehttp\guzzle\src\Handler\CurlFactory.php(149): GuzzleHttp\Handler\CurlFactory::createRejection(Object(GuzzleHttp\Handler\EasyHandle), Array)
#1 E:\xampp73\htdocs\filecroco\loader\vendor\guzzlehttp\guzzle\src\Handler\CurlFactory.php(102): GuzzleHttp\Handler\CurlFactory::finishError(Object(GuzzleHttp\Handler\CurlMultiHandler), Object(GuzzleHttp\Handler\EasyHandle), Object(GuzzleHttp\Handler\CurlFactory))
#2 E:\xampp73\htdocs\filecroco\loader\vendor\guzzlehttp\guzzle\src\Handler\CurlMultiHandler.php(181): GuzzleHttp\Handler\CurlFactory::finish(Object(GuzzleHttp\Handler\CurlMultiHandler), Object(GuzzleHttp\Handler\EasyHandle), Object(GuzzleHttp\Handler\CurlFactory))
#3 E:\xampp73\htdocs\filecroco\loader\vendor\guzzlehttp\guzzle\src\Handler\CurlMultiHandler.php(110): GuzzleHttp\Handler\CurlMultiHandler->processMessages()
#4 E:\xampp73\htdocs\filecroco\loader\vendor\guzzlehttp\guzzle\src\Handler\CurlMultiHandler.php(125): GuzzleHttp\Handler\CurlMultiHandler->tick()
#5 E:\xampp73\htdocs\filecroco\loader\vendor\guzzlehttp\promises\src\Promise.php(246): GuzzleHttp\Handler\CurlMultiHandler->execute(true)
#6 E:\xampp73\htdocs\filecroco\loader\vendor\guzzlehttp\promises\src\Promise.php(223): GuzzleHttp\Promise\Promise->invokeWaitFn()
#7 E:\xampp73\htdocs\filecroco\loader\vendor\guzzlehttp\promises\src\Promise.php(267): GuzzleHttp\Promise\Promise->waitIfPending()
#8 E:\xampp73\htdocs\filecroco\loader\vendor\guzzlehttp\promises\src\Promise.php(225): GuzzleHttp\Promise\Promise->invokeWaitList()
#9 E:\xampp73\htdocs\filecroco\loader\vendor\guzzlehttp\promises\src\Promise.php(62): GuzzleHttp\Promise\Promise->waitIfPending()
#10 E:\xampp73\htdocs\filecroco\loader\vendor\guzzlehttp\promises\src\EachPromise.php(101): GuzzleHttp\Promise\Promise->wait()
#11 E:\xampp73\htdocs\filecroco\loader\vendor\guzzlehttp\promises\src\Promise.php(246): GuzzleHttp\Promise\EachPromise->GuzzleHttp\Promise\{closure}(true)
#12 E:\xampp73\htdocs\filecroco\loader\vendor\guzzlehttp\promises\src\Promise.php(223): GuzzleHttp\Promise\Promise->invokeWaitFn()
#13 E:\xampp73\htdocs\filecroco\loader\vendor\guzzlehttp\promises\src\Promise.php(62): GuzzleHttp\Promise\Promise->waitIfPending()
#14 E:\xampp73\htdocs\filecroco\loader\updatedownloadlink.php(95): GuzzleHttp\Promise\Promise->wait()
#15 {main}|442GuzzleHttp\Exception\RequestException: cURL error 56:  (see http://curl.haxx.se/libcurl/c/libcurl-errors.html) in E:\xampp73\htdocs\filecroco\loader\vendor\guzzlehttp\guzzle\src\Handler\CurlFactory.php:186
Stack trace:
#0 E:\xampp73\htdocs\filecroco\loader\vendor\guzzlehttp\guzzle\src\Handler\CurlFactory.php(149): GuzzleHttp\Handler\CurlFactory::createRejection(Object(GuzzleHttp\Handler\EasyHandle), Array)
#1 E:\xampp73\htdocs\filecroco\loader\vendor\guzzlehttp\guzzle\src\Handler\CurlFactory.php(102): GuzzleHttp\Handler\CurlFactory::finishError(Object(GuzzleHttp\Handler\CurlMultiHandler), Object(GuzzleHttp\Handler\EasyHandle), Object(GuzzleHttp\Handler\CurlFactory))
#2 E:\xampp73\htdocs\filecroco\loader\vendor\guzzlehttp\guzzle\src\Handler\CurlMultiHandler.php(181): GuzzleHttp\Handler\CurlFactory::finish(Object(GuzzleHttp\Handler\CurlMultiHandler), Object(GuzzleHttp\Handler\EasyHandle), Object(GuzzleHttp\Handler\CurlFactory))
#3 E:\xampp73\htdocs\filecroco\loader\vendor\guzzlehttp\guzzle\src\Handler\CurlMultiHandler.php(110): GuzzleHttp\Handler\CurlMultiHandler->processMessages()
#4 E:\xampp73\htdocs\filecroco\loader\vendor\guzzlehttp\guzzle\src\Handler\CurlMultiHandler.php(125): GuzzleHttp\Handler\CurlMultiHandler->tick()
#5 E:\xampp73\htdocs\filecroco\loader\vendor\guzzlehttp\promises\src\Promise.php(246): GuzzleHttp\Handler\CurlMultiHandler->execute(true)
#6 E:\xampp73\htdocs\filecroco\loader\vendor\guzzlehttp\promises\src\Promise.php(223): GuzzleHttp\Promise\Promise->invokeWaitFn()
#7 E:\xampp73\htdocs\filecroco\loader\vendor\guzzlehttp\promises\src\Promise.php(267): GuzzleHttp\Promise\Promise->waitIfPending()
#8 E:\xampp73\htdocs\filecroco\loader\vendor\guzzlehttp\promises\src\Promise.php(225): GuzzleHttp\Promise\Promise->invokeWaitList()
#9 E:\xampp73\htdocs\filecroco\loader\vendor\guzzlehttp\promises\src\Promise.php(62): GuzzleHttp\Promise\Promise->waitIfPending()
#10 E:\xampp73\htdocs\filecroco\loader\vendor\guzzlehttp\promises\src\EachPromise.php(101): GuzzleHttp\Promise\Promise->wait()
#11 E:\xampp73\htdocs\filecroco\loader\vendor\guzzlehttp\promises\src\Promise.php(246): GuzzleHttp\Promise\EachPromise->GuzzleHttp\Promise\{closure}(true)
#12 E:\xampp73\htdocs\filecroco\loader\vendor\guzzlehttp\promises\src\Promise.php(223): GuzzleHttp\Promise\Promise->invokeWaitFn()
#13 E:\xampp73\htdocs\filecroco\loader\vendor\guzzlehttp\promises\src\Promise.php(62): GuzzleHttp\Promise\Promise->waitIfPending()
#14 E:\xampp73\htdocs\filecroco\loader\updatedownloadlink.php(95): GuzzleHttp\Promise\Promise->wait()
#15 {main}|443GuzzleHttp\Exception\RequestException: cURL error 56:  (see http://curl.haxx.se/libcurl/c/libcurl-errors.html) in E:\xampp73\htdocs\filecroco\loader\vendor\guzzlehttp\guzzle\src\Handler\CurlFactory.php:186
Stack trace:
#0 E:\xampp73\htdocs\filecroco\loader\vendor\guzzlehttp\guzzle\src\Handler\CurlFactory.php(149): GuzzleHttp\Handler\CurlFactory::createRejection(Object(GuzzleHttp\Handler\EasyHandle), Array)
#1 E:\xampp73\htdocs\filecroco\loader\vendor\guzzlehttp\guzzle\src\Handler\CurlFactory.php(102): GuzzleHttp\Handler\CurlFactory::finishError(Object(GuzzleHttp\Handler\CurlMultiHandler), Object(GuzzleHttp\Handler\EasyHandle), Object(GuzzleHttp\Handler\CurlFactory))
#2 E:\xampp73\htdocs\filecroco\loader\vendor\guzzlehttp\guzzle\src\Handler\CurlMultiHandler.php(181): GuzzleHttp\Handler\CurlFactory::finish(Object(GuzzleHttp\Handler\CurlMultiHandler), Object(GuzzleHttp\Handler\EasyHandle), Object(GuzzleHttp\Handler\CurlFactory))
#3 E:\xampp73\htdocs\filecroco\loader\vendor\guzzlehttp\guzzle\src\Handler\CurlMultiHandler.php(110): GuzzleHttp\Handler\CurlMultiHandler->processMessages()
#4 E:\xampp73\htdocs\filecroco\loader\vendor\guzzlehttp\guzzle\src\Handler\CurlMultiHandler.php(125): GuzzleHttp\Handler\CurlMultiHandler->tick()
#5 E:\xampp73\htdocs\filecroco\loader\vendor\guzzlehttp\promises\src\Promise.php(246): GuzzleHttp\Handler\CurlMultiHandler->execute(true)
#6 E:\xampp73\htdocs\filecroco\loader\vendor\guzzlehttp\promises\src\Promise.php(223): GuzzleHttp\Promise\Promise->invokeWaitFn()
#7 E:\xampp73\htdocs\filecroco\loader\vendor\guzzlehttp\promises\src\Promise.php(267): GuzzleHttp\Promise\Promise->waitIfPending()
#8 E:\xampp73\htdocs\filecroco\loader\vendor\guzzlehttp\promises\src\Promise.php(225): GuzzleHttp\Promise\Promise->invokeWaitList()
#9 E:\xampp73\htdocs\filecroco\loader\vendor\guzzlehttp\promises\src\Promise.php(62): GuzzleHttp\Promise\Promise->waitIfPending()
#10 E:\xampp73\htdocs\filecroco\loader\vendor\guzzlehttp\promises\src\EachPromise.php(101): GuzzleHttp\Promise\Promise->wait()
#11 E:\xampp73\htdocs\filecroco\loader\vendor\guzzlehttp\promises\src\Promise.php(246): GuzzleHttp\Promise\EachPromise->GuzzleHttp\Promise\{closure}(true)
#12 E:\xampp73\htdocs\filecroco\loader\vendor\guzzlehttp\promises\src\Promise.php(223): GuzzleHttp\Promise\Promise->invokeWaitFn()
#13 E:\xampp73\htdocs\filecroco\loader\vendor\guzzlehttp\promises\src\Promise.php(62): GuzzleHttp\Promise\Promise->waitIfPending()
#14 E:\xampp73\htdocs\filecroco\loader\updatedownloadlink.php(95): GuzzleHttp\Promise\Promise->wait()
#15 {main}|444GuzzleHttp\Exception\RequestException: cURL error 56:  (see http://curl.haxx.se/libcurl/c/libcurl-errors.html) in E:\xampp73\htdocs\filecroco\loader\vendor\guzzlehttp\guzzle\src\Handler\CurlFactory.php:186
Stack trace:
#0 E:\xampp73\htdocs\filecroco\loader\vendor\guzzlehttp\guzzle\src\Handler\CurlFactory.php(149): GuzzleHttp\Handler\CurlFactory::createRejection(Object(GuzzleHttp\Handler\EasyHandle), Array)
#1 E:\xampp73\htdocs\filecroco\loader\vendor\guzzlehttp\guzzle\src\Handler\CurlFactory.php(102): GuzzleHttp\Handler\CurlFactory::finishError(Object(GuzzleHttp\Handler\CurlMultiHandler), Object(GuzzleHttp\Handler\EasyHandle), Object(GuzzleHttp\Handler\CurlFactory))
#2 E:\xampp73\htdocs\filecroco\loader\vendor\guzzlehttp\guzzle\src\Handler\CurlMultiHandler.php(181): GuzzleHttp\Handler\CurlFactory::finish(Object(GuzzleHttp\Handler\CurlMultiHandler), Object(GuzzleHttp\Handler\EasyHandle), Object(GuzzleHttp\Handler\CurlFactory))
#3 E:\xampp73\htdocs\filecroco\loader\vendor\guzzlehttp\guzzle\src\Handler\CurlMultiHandler.php(110): GuzzleHttp\Handler\CurlMultiHandler->processMessages()
#4 E:\xampp73\htdocs\filecroco\loader\vendor\guzzlehttp\guzzle\src\Handler\CurlMultiHandler.php(125): GuzzleHttp\Handler\CurlMultiHandler->tick()
#5 E:\xampp73\htdocs\filecroco\loader\vendor\guzzlehttp\promises\src\Promise.php(246): GuzzleHttp\Handler\CurlMultiHandler->execute(true)
#6 E:\xampp73\htdocs\filecroco\loader\vendor\guzzlehttp\promises\src\Promise.php(223): GuzzleHttp\Promise\Promise->invokeWaitFn()
#7 E:\xampp73\htdocs\filecroco\loader\vendor\guzzlehttp\promises\src\Promise.php(267): GuzzleHttp\Promise\Promise->waitIfPending()
#8 E:\xampp73\htdocs\filecroco\loader\vendor\guzzlehttp\promises\src\Promise.php(225): GuzzleHttp\Promise\Promise->invokeWaitList()
#9 E:\xampp73\htdocs\filecroco\loader\vendor\guzzlehttp\promises\src\Promise.php(62): GuzzleHttp\Promise\Promise->waitIfPending()
#10 E:\xampp73\htdocs\filecroco\loader\vendor\guzzlehttp\promises\src\EachPromise.php(101): GuzzleHttp\Promise\Promise->wait()
#11 E:\xampp73\htdocs\filecroco\loader\vendor\guzzlehttp\promises\src\Promise.php(246): GuzzleHttp\Promise\EachPromise->GuzzleHttp\Promise\{closure}(true)
#12 E:\xampp73\htdocs\filecroco\loader\vendor\guzzlehttp\promises\src\Promise.php(223): GuzzleHttp\Promise\Promise->invokeWaitFn()
#13 E:\xampp73\htdocs\filecroco\loader\vendor\guzzlehttp\promises\src\Promise.php(62): GuzzleHttp\Promise\Promise->waitIfPending()
#14 E:\xampp73\htdocs\filecroco\loader\updatedownloadlink.php(95): GuzzleHttp\Promise\Promise->wait()
#15 {main}|445GuzzleHttp\Exception\RequestException: cURL error 56:  (see http://curl.haxx.se/libcurl/c/libcurl-errors.html) in E:\xampp73\htdocs\filecroco\loader\vendor\guzzlehttp\guzzle\src\Handler\CurlFactory.php:186
Stack trace:
#0 E:\xampp73\htdocs\filecroco\loader\vendor\guzzlehttp\guzzle\src\Handler\CurlFactory.php(149): GuzzleHttp\Handler\CurlFactory::createRejection(Object(GuzzleHttp\Handler\EasyHandle), Array)
#1 E:\xampp73\htdocs\filecroco\loader\vendor\guzzlehttp\guzzle\src\Handler\CurlFactory.php(102): GuzzleHttp\Handler\CurlFactory::finishError(Object(GuzzleHttp\Handler\CurlMultiHandler), Object(GuzzleHttp\Handler\EasyHandle), Object(GuzzleHttp\Handler\CurlFactory))
#2 E:\xampp73\htdocs\filecroco\loader\vendor\guzzlehttp\guzzle\src\Handler\CurlMultiHandler.php(181): GuzzleHttp\Handler\CurlFactory::finish(Object(GuzzleHttp\Handler\CurlMultiHandler), Object(GuzzleHttp\Handler\EasyHandle), Object(GuzzleHttp\Handler\CurlFactory))
#3 E:\xampp73\htdocs\filecroco\loader\vendor\guzzlehttp\guzzle\src\Handler\CurlMultiHandler.php(110): GuzzleHttp\Handler\CurlMultiHandler->processMessages()
#4 E:\xampp73\htdocs\filecroco\loader\vendor\guzzlehttp\guzzle\src\Handler\CurlMultiHandler.php(125): GuzzleHttp\Handler\CurlMultiHandler->tick()
#5 E:\xampp73\htdocs\filecroco\loader\vendor\guzzlehttp\promises\src\Promise.php(246): GuzzleHttp\Handler\CurlMultiHandler->execute(true)
#6 E:\xampp73\htdocs\filecroco\loader\vendor\guzzlehttp\promises\src\Promise.php(223): GuzzleHttp\Promise\Promise->invokeWaitFn()
#7 E:\xampp73\htdocs\filecroco\loader\vendor\guzzlehttp\promises\src\Promise.php(267): GuzzleHttp\Promise\Promise->waitIfPending()
#8 E:\xampp73\htdocs\filecroco\loader\vendor\guzzlehttp\promises\src\Promise.php(225): GuzzleHttp\Promise\Promise->invokeWaitList()
#9 E:\xampp73\htdocs\filecroco\loader\vendor\guzzlehttp\promises\src\Promise.php(62): GuzzleHttp\Promise\Promise->waitIfPending()
#10 E:\xampp73\htdocs\filecroco\loader\vendor\guzzlehttp\promises\src\EachPromise.php(101): GuzzleHttp\Promise\Promise->wait()
#11 E:\xampp73\htdocs\filecroco\loader\vendor\guzzlehttp\promises\src\Promise.php(246): GuzzleHttp\Promise\EachPromise->GuzzleHttp\Promise\{closure}(true)
#12 E:\xampp73\htdocs\filecroco\loader\vendor\guzzlehttp\promises\src\Promise.php(223): GuzzleHttp\Promise\Promise->invokeWaitFn()
#13 E:\xampp73\htdocs\filecroco\loader\vendor\guzzlehttp\promises\src\Promise.php(62): GuzzleHttp\Promise\Promise->waitIfPending()
#14 E:\xampp73\htdocs\filecroco\loader\updatedownloadlink.php(95): GuzzleHttp\Promise\Promise->wait()
#15 {main}|446GuzzleHttp\Exception\RequestException: cURL error 56:  (see http://curl.haxx.se/libcurl/c/libcurl-errors.html) in E:\xampp73\htdocs\filecroco\loader\vendor\guzzlehttp\guzzle\src\Handler\CurlFactory.php:186
Stack trace:
#0 E:\xampp73\htdocs\filecroco\loader\vendor\guzzlehttp\guzzle\src\Handler\CurlFactory.php(149): GuzzleHttp\Handler\CurlFactory::createRejection(Object(GuzzleHttp\Handler\EasyHandle), Array)
#1 E:\xampp73\htdocs\filecroco\loader\vendor\guzzlehttp\guzzle\src\Handler\CurlFactory.php(102): GuzzleHttp\Handler\CurlFactory::finishError(Object(GuzzleHttp\Handler\CurlMultiHandler), Object(GuzzleHttp\Handler\EasyHandle), Object(GuzzleHttp\Handler\CurlFactory))
#2 E:\xampp73\htdocs\filecroco\loader\vendor\guzzlehttp\guzzle\src\Handler\CurlMultiHandler.php(181): GuzzleHttp\Handler\CurlFactory::finish(Object(GuzzleHttp\Handler\CurlMultiHandler), Object(GuzzleHttp\Handler\EasyHandle), Object(GuzzleHttp\Handler\CurlFactory))
#3 E:\xampp73\htdocs\filecroco\loader\vendor\guzzlehttp\guzzle\src\Handler\CurlMultiHandler.php(110): GuzzleHttp\Handler\CurlMultiHandler->processMessages()
#4 E:\xampp73\htdocs\filecroco\loader\vendor\guzzlehttp\guzzle\src\Handler\CurlMultiHandler.php(125): GuzzleHttp\Handler\CurlMultiHandler->tick()
#5 E:\xampp73\htdocs\filecroco\loader\vendor\guzzlehttp\promises\src\Promise.php(246): GuzzleHttp\Handler\CurlMultiHandler->execute(true)
#6 E:\xampp73\htdocs\filecroco\loader\vendor\guzzlehttp\promises\src\Promise.php(223): GuzzleHttp\Promise\Promise->invokeWaitFn()
#7 E:\xampp73\htdocs\filecroco\loader\vendor\guzzlehttp\promises\src\Promise.php(267): GuzzleHttp\Promise\Promise->waitIfPending()
#8 E:\xampp73\htdocs\filecroco\loader\vendor\guzzlehttp\promises\src\Promise.php(225): GuzzleHttp\Promise\Promise->invokeWaitList()
#9 E:\xampp73\htdocs\filecroco\loader\vendor\guzzlehttp\promises\src\Promise.php(62): GuzzleHttp\Promise\Promise->waitIfPending()
#10 E:\xampp73\htdocs\filecroco\loader\vendor\guzzlehttp\promises\src\EachPromise.php(101): GuzzleHttp\Promise\Promise->wait()
#11 E:\xampp73\htdocs\filecroco\loader\vendor\guzzlehttp\promises\src\Promise.php(246): GuzzleHttp\Promise\EachPromise->GuzzleHttp\Promise\{closure}(true)
#12 E:\xampp73\htdocs\filecroco\loader\vendor\guzzlehttp\promises\src\Promise.php(223): GuzzleHttp\Promise\Promise->invokeWaitFn()
#13 E:\xampp73\htdocs\filecroco\loader\vendor\guzzlehttp\promises\src\Promise.php(62): GuzzleHttp\Promise\Promise->waitIfPending()
#14 E:\xampp73\htdocs\filecroco\loader\updatedownloadlink.php(95): GuzzleHttp\Promise\Promise->wait()
#15 {main}|447GuzzleHttp\Exception\RequestException: cURL error 56:  (see http://curl.haxx.se/libcurl/c/libcurl-errors.html) in E:\xampp73\htdocs\filecroco\loader\vendor\guzzlehttp\guzzle\src\Handler\CurlFactory.php:186
Stack trace:
#0 E:\xampp73\htdocs\filecroco\loader\vendor\guzzlehttp\guzzle\src\Handler\CurlFactory.php(149): GuzzleHttp\Handler\CurlFactory::createRejection(Object(GuzzleHttp\Handler\EasyHandle), Array)
#1 E:\xampp73\htdocs\filecroco\loader\vendor\guzzlehttp\guzzle\src\Handler\CurlFactory.php(102): GuzzleHttp\Handler\CurlFactory::finishError(Object(GuzzleHttp\Handler\CurlMultiHandler), Object(GuzzleHttp\Handler\EasyHandle), Object(GuzzleHttp\Handler\CurlFactory))
#2 E:\xampp73\htdocs\filecroco\loader\vendor\guzzlehttp\guzzle\src\Handler\CurlMultiHandler.php(181): GuzzleHttp\Handler\CurlFactory::finish(Object(GuzzleHttp\Handler\CurlMultiHandler), Object(GuzzleHttp\Handler\EasyHandle), Object(GuzzleHttp\Handler\CurlFactory))
#3 E:\xampp73\htdocs\filecroco\loader\vendor\guzzlehttp\guzzle\src\Handler\CurlMultiHandler.php(110): GuzzleHttp\Handler\CurlMultiHandler->processMessages()
#4 E:\xampp73\htdocs\filecroco\loader\vendor\guzzlehttp\guzzle\src\Handler\CurlMultiHandler.php(125): GuzzleHttp\Handler\CurlMultiHandler->tick()
#5 E:\xampp73\htdocs\filecroco\loader\vendor\guzzlehttp\promises\src\Promise.php(246): GuzzleHttp\Handler\CurlMultiHandler->execute(true)
#6 E:\xampp73\htdocs\filecroco\loader\vendor\guzzlehttp\promises\src\Promise.php(223): GuzzleHttp\Promise\Promise->invokeWaitFn()
#7 E:\xampp73\htdocs\filecroco\loader\vendor\guzzlehttp\promises\src\Promise.php(267): GuzzleHttp\Promise\Promise->waitIfPending()
#8 E:\xampp73\htdocs\filecroco\loader\vendor\guzzlehttp\promises\src\Promise.php(225): GuzzleHttp\Promise\Promise->invokeWaitList()
#9 E:\xampp73\htdocs\filecroco\loader\vendor\guzzlehttp\promises\src\Promise.php(62): GuzzleHttp\Promise\Promise->waitIfPending()
#10 E:\xampp73\htdocs\filecroco\loader\vendor\guzzlehttp\promises\src\EachPromise.php(101): GuzzleHttp\Promise\Promise->wait()
#11 E:\xampp73\htdocs\filecroco\loader\vendor\guzzlehttp\promises\src\Promise.php(246): GuzzleHttp\Promise\EachPromise->GuzzleHttp\Promise\{closure}(true)
#12 E:\xampp73\htdocs\filecroco\loader\vendor\guzzlehttp\promises\src\Promise.php(223): GuzzleHttp\Promise\Promise->invokeWaitFn()
#13 E:\xampp73\htdocs\filecroco\loader\vendor\guzzlehttp\promises\src\Promise.php(62): GuzzleHttp\Promise\Promise->waitIfPending()
#14 E:\xampp73\htdocs\filecroco\loader\updatedownloadlink.php(95): GuzzleHttp\Promise\Promise->wait()
#15 {main}|448GuzzleHttp\Exception\RequestException: cURL error 56:  (see http://curl.haxx.se/libcurl/c/libcurl-errors.html) in E:\xampp73\htdocs\filecroco\loader\vendor\guzzlehttp\guzzle\src\Handler\CurlFactory.php:186
Stack trace:
#0 E:\xampp73\htdocs\filecroco\loader\vendor\guzzlehttp\guzzle\src\Handler\CurlFactory.php(149): GuzzleHttp\Handler\CurlFactory::createRejection(Object(GuzzleHttp\Handler\EasyHandle), Array)
#1 E:\xampp73\htdocs\filecroco\loader\vendor\guzzlehttp\guzzle\src\Handler\CurlFactory.php(102): GuzzleHttp\Handler\CurlFactory::finishError(Object(GuzzleHttp\Handler\CurlMultiHandler), Object(GuzzleHttp\Handler\EasyHandle), Object(GuzzleHttp\Handler\CurlFactory))
#2 E:\xampp73\htdocs\filecroco\loader\vendor\guzzlehttp\guzzle\src\Handler\CurlMultiHandler.php(181): GuzzleHttp\Handler\CurlFactory::finish(Object(GuzzleHttp\Handler\CurlMultiHandler), Object(GuzzleHttp\Handler\EasyHandle), Object(GuzzleHttp\Handler\CurlFactory))
#3 E:\xampp73\htdocs\filecroco\loader\vendor\guzzlehttp\guzzle\src\Handler\CurlMultiHandler.php(110): GuzzleHttp\Handler\CurlMultiHandler->processMessages()
#4 E:\xampp73\htdocs\filecroco\loader\vendor\guzzlehttp\guzzle\src\Handler\CurlMultiHandler.php(125): GuzzleHttp\Handler\CurlMultiHandler->tick()
#5 E:\xampp73\htdocs\filecroco\loader\vendor\guzzlehttp\promises\src\Promise.php(246): GuzzleHttp\Handler\CurlMultiHandler->execute(true)
#6 E:\xampp73\htdocs\filecroco\loader\vendor\guzzlehttp\promises\src\Promise.php(223): GuzzleHttp\Promise\Promise->invokeWaitFn()
#7 E:\xampp73\htdocs\filecroco\loader\vendor\guzzlehttp\promises\src\Promise.php(267): GuzzleHttp\Promise\Promise->waitIfPending()
#8 E:\xampp73\htdocs\filecroco\loader\vendor\guzzlehttp\promises\src\Promise.php(225): GuzzleHttp\Promise\Promise->invokeWaitList()
#9 E:\xampp73\htdocs\filecroco\loader\vendor\guzzlehttp\promises\src\Promise.php(62): GuzzleHttp\Promise\Promise->waitIfPending()
#10 E:\xampp73\htdocs\filecroco\loader\vendor\guzzlehttp\promises\src\EachPromise.php(101): GuzzleHttp\Promise\Promise->wait()
#11 E:\xampp73\htdocs\filecroco\loader\vendor\guzzlehttp\promises\src\Promise.php(246): GuzzleHttp\Promise\EachPromise->GuzzleHttp\Promise\{closure}(true)
#12 E:\xampp73\htdocs\filecroco\loader\vendor\guzzlehttp\promises\src\Promise.php(223): GuzzleHttp\Promise\Promise->invokeWaitFn()
#13 E:\xampp73\htdocs\filecroco\loader\vendor\guzzlehttp\promises\src\Promise.php(62): GuzzleHttp\Promise\Promise->waitIfPending()
#14 E:\xampp73\htdocs\filecroco\loader\updatedownloadlink.php(95): GuzzleHttp\Promise\Promise->wait()
#15 {main}|449GuzzleHttp\Exception\RequestException: cURL error 56:  (see http://curl.haxx.se/libcurl/c/libcurl-errors.html) in E:\xampp73\htdocs\filecroco\loader\vendor\guzzlehttp\guzzle\src\Handler\CurlFactory.php:186
Stack trace:
#0 E:\xampp73\htdocs\filecroco\loader\vendor\guzzlehttp\guzzle\src\Handler\CurlFactory.php(149): GuzzleHttp\Handler\CurlFactory::createRejection(Object(GuzzleHttp\Handler\EasyHandle), Array)
#1 E:\xampp73\htdocs\filecroco\loader\vendor\guzzlehttp\guzzle\src\Handler\CurlFactory.php(102): GuzzleHttp\Handler\CurlFactory::finishError(Object(GuzzleHttp\Handler\CurlMultiHandler), Object(GuzzleHttp\Handler\EasyHandle), Object(GuzzleHttp\Handler\CurlFactory))
#2 E:\xampp73\htdocs\filecroco\loader\vendor\guzzlehttp\guzzle\src\Handler\CurlMultiHandler.php(181): GuzzleHttp\Handler\CurlFactory::finish(Object(GuzzleHttp\Handler\CurlMultiHandler), Object(GuzzleHttp\Handler\EasyHandle), Object(GuzzleHttp\Handler\CurlFactory))
#3 E:\xampp73\htdocs\filecroco\loader\vendor\guzzlehttp\guzzle\src\Handler\CurlMultiHandler.php(110): GuzzleHttp\Handler\CurlMultiHandler->processMessages()
#4 E:\xampp73\htdocs\filecroco\loader\vendor\guzzlehttp\guzzle\src\Handler\CurlMultiHandler.php(125): GuzzleHttp\Handler\CurlMultiHandler->tick()
#5 E:\xampp73\htdocs\filecroco\loader\vendor\guzzlehttp\promises\src\Promise.php(246): GuzzleHttp\Handler\CurlMultiHandler->execute(true)
#6 E:\xampp73\htdocs\filecroco\loader\vendor\guzzlehttp\promises\src\Promise.php(223): GuzzleHttp\Promise\Promise->invokeWaitFn()
#7 E:\xampp73\htdocs\filecroco\loader\vendor\guzzlehttp\promises\src\Promise.php(267): GuzzleHttp\Promise\Promise->waitIfPending()
#8 E:\xampp73\htdocs\filecroco\loader\vendor\guzzlehttp\promises\src\Promise.php(225): GuzzleHttp\Promise\Promise->invokeWaitList()
#9 E:\xampp73\htdocs\filecroco\loader\vendor\guzzlehttp\promises\src\Promise.php(62): GuzzleHttp\Promise\Promise->waitIfPending()
#10 E:\xampp73\htdocs\filecroco\loader\vendor\guzzlehttp\promises\src\EachPromise.php(101): GuzzleHttp\Promise\Promise->wait()
#11 E:\xampp73\htdocs\filecroco\loader\vendor\guzzlehttp\promises\src\Promise.php(246): GuzzleHttp\Promise\EachPromise->GuzzleHttp\Promise\{closure}(true)
#12 E:\xampp73\htdocs\filecroco\loader\vendor\guzzlehttp\promises\src\Promise.php(223): GuzzleHttp\Promise\Promise->invokeWaitFn()
#13 E:\xampp73\htdocs\filecroco\loader\vendor\guzzlehttp\promises\src\Promise.php(62): GuzzleHttp\Promise\Promise->waitIfPending()
#14 E:\xampp73\htdocs\filecroco\loader\updatedownloadlink.php(95): GuzzleHttp\Promise\Promise->wait()
#15 {main}|450GuzzleHttp\Exception\RequestException: cURL error 56:  (see http://curl.haxx.se/libcurl/c/libcurl-errors.html) in E:\xampp73\htdocs\filecroco\loader\vendor\guzzlehttp\guzzle\src\Handler\CurlFactory.php:186
Stack trace:
#0 E:\xampp73\htdocs\filecroco\loader\vendor\guzzlehttp\guzzle\src\Handler\CurlFactory.php(149): GuzzleHttp\Handler\CurlFactory::createRejection(Object(GuzzleHttp\Handler\EasyHandle), Array)
#1 E:\xampp73\htdocs\filecroco\loader\vendor\guzzlehttp\guzzle\src\Handler\CurlFactory.php(102): GuzzleHttp\Handler\CurlFactory::finishError(Object(GuzzleHttp\Handler\CurlMultiHandler), Object(GuzzleHttp\Handler\EasyHandle), Object(GuzzleHttp\Handler\CurlFactory))
#2 E:\xampp73\htdocs\filecroco\loader\vendor\guzzlehttp\guzzle\src\Handler\CurlMultiHandler.php(181): GuzzleHttp\Handler\CurlFactory::finish(Object(GuzzleHttp\Handler\CurlMultiHandler), Object(GuzzleHttp\Handler\EasyHandle), Object(GuzzleHttp\Handler\CurlFactory))
#3 E:\xampp73\htdocs\filecroco\loader\vendor\guzzlehttp\guzzle\src\Handler\CurlMultiHandler.php(110): GuzzleHttp\Handler\CurlMultiHandler->processMessages()
#4 E:\xampp73\htdocs\filecroco\loader\vendor\guzzlehttp\guzzle\src\Handler\CurlMultiHandler.php(125): GuzzleHttp\Handler\CurlMultiHandler->tick()
#5 E:\xampp73\htdocs\filecroco\loader\vendor\guzzlehttp\promises\src\Promise.php(246): GuzzleHttp\Handler\CurlMultiHandler->execute(true)
#6 E:\xampp73\htdocs\filecroco\loader\vendor\guzzlehttp\promises\src\Promise.php(223): GuzzleHttp\Promise\Promise->invokeWaitFn()
#7 E:\xampp73\htdocs\filecroco\loader\vendor\guzzlehttp\promises\src\Promise.php(267): GuzzleHttp\Promise\Promise->waitIfPending()
#8 E:\xampp73\htdocs\filecroco\loader\vendor\guzzlehttp\promises\src\Promise.php(225): GuzzleHttp\Promise\Promise->invokeWaitList()
#9 E:\xampp73\htdocs\filecroco\loader\vendor\guzzlehttp\promises\src\Promise.php(62): GuzzleHttp\Promise\Promise->waitIfPending()
#10 E:\xampp73\htdocs\filecroco\loader\vendor\guzzlehttp\promises\src\EachPromise.php(101): GuzzleHttp\Promise\Promise->wait()
#11 E:\xampp73\htdocs\filecroco\loader\vendor\guzzlehttp\promises\src\Promise.php(246): GuzzleHttp\Promise\EachPromise->GuzzleHttp\Promise\{closure}(true)
#12 E:\xampp73\htdocs\filecroco\loader\vendor\guzzlehttp\promises\src\Promise.php(223): GuzzleHttp\Promise\Promise->invokeWaitFn()
#13 E:\xampp73\htdocs\filecroco\loader\vendor\guzzlehttp\promises\src\Promise.php(62): GuzzleHttp\Promise\Promise->waitIfPending()
#14 E:\xampp73\htdocs\filecroco\loader\updatedownloadlink.php(95): GuzzleHttp\Promise\Promise->wait()
#15 {main}|451GuzzleHttp\Exception\RequestException: cURL error 56:  (see http://curl.haxx.se/libcurl/c/libcurl-errors.html) in E:\xampp73\htdocs\filecroco\loader\vendor\guzzlehttp\guzzle\src\Handler\CurlFactory.php:186
Stack trace:
#0 E:\xampp73\htdocs\filecroco\loader\vendor\guzzlehttp\guzzle\src\Handler\CurlFactory.php(149): GuzzleHttp\Handler\CurlFactory::createRejection(Object(GuzzleHttp\Handler\EasyHandle), Array)
#1 E:\xampp73\htdocs\filecroco\loader\vendor\guzzlehttp\guzzle\src\Handler\CurlFactory.php(102): GuzzleHttp\Handler\CurlFactory::finishError(Object(GuzzleHttp\Handler\CurlMultiHandler), Object(GuzzleHttp\Handler\EasyHandle), Object(GuzzleHttp\Handler\CurlFactory))
#2 E:\xampp73\htdocs\filecroco\loader\vendor\guzzlehttp\guzzle\src\Handler\CurlMultiHandler.php(181): GuzzleHttp\Handler\CurlFactory::finish(Object(GuzzleHttp\Handler\CurlMultiHandler), Object(GuzzleHttp\Handler\EasyHandle), Object(GuzzleHttp\Handler\CurlFactory))
#3 E:\xampp73\htdocs\filecroco\loader\vendor\guzzlehttp\guzzle\src\Handler\CurlMultiHandler.php(110): GuzzleHttp\Handler\CurlMultiHandler->processMessages()
#4 E:\xampp73\htdocs\filecroco\loader\vendor\guzzlehttp\guzzle\src\Handler\CurlMultiHandler.php(125): GuzzleHttp\Handler\CurlMultiHandler->tick()
#5 E:\xampp73\htdocs\filecroco\loader\vendor\guzzlehttp\promises\src\Promise.php(246): GuzzleHttp\Handler\CurlMultiHandler->execute(true)
#6 E:\xampp73\htdocs\filecroco\loader\vendor\guzzlehttp\promises\src\Promise.php(223): GuzzleHttp\Promise\Promise->invokeWaitFn()
#7 E:\xampp73\htdocs\filecroco\loader\vendor\guzzlehttp\promises\src\Promise.php(267): GuzzleHttp\Promise\Promise->waitIfPending()
#8 E:\xampp73\htdocs\filecroco\loader\vendor\guzzlehttp\promises\src\Promise.php(225): GuzzleHttp\Promise\Promise->invokeWaitList()
#9 E:\xampp73\htdocs\filecroco\loader\vendor\guzzlehttp\promises\src\Promise.php(62): GuzzleHttp\Promise\Promise->waitIfPending()
#10 E:\xampp73\htdocs\filecroco\loader\vendor\guzzlehttp\promises\src\EachPromise.php(101): GuzzleHttp\Promise\Promise->wait()
#11 E:\xampp73\htdocs\filecroco\loader\vendor\guzzlehttp\promises\src\Promise.php(246): GuzzleHttp\Promise\EachPromise->GuzzleHttp\Promise\{closure}(true)
#12 E:\xampp73\htdocs\filecroco\loader\vendor\guzzlehttp\promises\src\Promise.php(223): GuzzleHttp\Promise\Promise->invokeWaitFn()
#13 E:\xampp73\htdocs\filecroco\loader\vendor\guzzlehttp\promises\src\Promise.php(62): GuzzleHttp\Promise\Promise->waitIfPending()
#14 E:\xampp73\htdocs\filecroco\loader\updatedownloadlink.php(95): GuzzleHttp\Promise\Promise->wait()
#15 {main}|452GuzzleHttp\Exception\RequestException: cURL error 56:  (see http://curl.haxx.se/libcurl/c/libcurl-errors.html) in E:\xampp73\htdocs\filecroco\loader\vendor\guzzlehttp\guzzle\src\Handler\CurlFactory.php:186
Stack trace:
#0 E:\xampp73\htdocs\filecroco\loader\vendor\guzzlehttp\guzzle\src\Handler\CurlFactory.php(149): GuzzleHttp\Handler\CurlFactory::createRejection(Object(GuzzleHttp\Handler\EasyHandle), Array)
#1 E:\xampp73\htdocs\filecroco\loader\vendor\guzzlehttp\guzzle\src\Handler\CurlFactory.php(102): GuzzleHttp\Handler\CurlFactory::finishError(Object(GuzzleHttp\Handler\CurlMultiHandler), Object(GuzzleHttp\Handler\EasyHandle), Object(GuzzleHttp\Handler\CurlFactory))
#2 E:\xampp73\htdocs\filecroco\loader\vendor\guzzlehttp\guzzle\src\Handler\CurlMultiHandler.php(181): GuzzleHttp\Handler\CurlFactory::finish(Object(GuzzleHttp\Handler\CurlMultiHandler), Object(GuzzleHttp\Handler\EasyHandle), Object(GuzzleHttp\Handler\CurlFactory))
#3 E:\xampp73\htdocs\filecroco\loader\vendor\guzzlehttp\guzzle\src\Handler\CurlMultiHandler.php(110): GuzzleHttp\Handler\CurlMultiHandler->processMessages()
#4 E:\xampp73\htdocs\filecroco\loader\vendor\guzzlehttp\guzzle\src\Handler\CurlMultiHandler.php(125): GuzzleHttp\Handler\CurlMultiHandler->tick()
#5 E:\xampp73\htdocs\filecroco\loader\vendor\guzzlehttp\promises\src\Promise.php(246): GuzzleHttp\Handler\CurlMultiHandler->execute(true)
#6 E:\xampp73\htdocs\filecroco\loader\vendor\guzzlehttp\promises\src\Promise.php(223): GuzzleHttp\Promise\Promise->invokeWaitFn()
#7 E:\xampp73\htdocs\filecroco\loader\vendor\guzzlehttp\promises\src\Promise.php(267): GuzzleHttp\Promise\Promise->waitIfPending()
#8 E:\xampp73\htdocs\filecroco\loader\vendor\guzzlehttp\promises\src\Promise.php(225): GuzzleHttp\Promise\Promise->invokeWaitList()
#9 E:\xampp73\htdocs\filecroco\loader\vendor\guzzlehttp\promises\src\Promise.php(62): GuzzleHttp\Promise\Promise->waitIfPending()
#10 E:\xampp73\htdocs\filecroco\loader\vendor\guzzlehttp\promises\src\EachPromise.php(101): GuzzleHttp\Promise\Promise->wait()
#11 E:\xampp73\htdocs\filecroco\loader\vendor\guzzlehttp\promises\src\Promise.php(246): GuzzleHttp\Promise\EachPromise->GuzzleHttp\Promise\{closure}(true)
#12 E:\xampp73\htdocs\filecroco\loader\vendor\guzzlehttp\promises\src\Promise.php(223): GuzzleHttp\Promise\Promise->invokeWaitFn()
#13 E:\xampp73\htdocs\filecroco\loader\vendor\guzzlehttp\promises\src\Promise.php(62): GuzzleHttp\Promise\Promise->waitIfPending()
#14 E:\xampp73\htdocs\filecroco\loader\updatedownloadlink.php(95): GuzzleHttp\Promise\Promise->wait()
#15 {main}|453GuzzleHttp\Exception\RequestException: cURL error 56:  (see http://curl.haxx.se/libcurl/c/libcurl-errors.html) in E:\xampp73\htdocs\filecroco\loader\vendor\guzzlehttp\guzzle\src\Handler\CurlFactory.php:186
Stack trace:
#0 E:\xampp73\htdocs\filecroco\loader\vendor\guzzlehttp\guzzle\src\Handler\CurlFactory.php(149): GuzzleHttp\Handler\CurlFactory::createRejection(Object(GuzzleHttp\Handler\EasyHandle), Array)
#1 E:\xampp73\htdocs\filecroco\loader\vendor\guzzlehttp\guzzle\src\Handler\CurlFactory.php(102): GuzzleHttp\Handler\CurlFactory::finishError(Object(GuzzleHttp\Handler\CurlMultiHandler), Object(GuzzleHttp\Handler\EasyHandle), Object(GuzzleHttp\Handler\CurlFactory))
#2 E:\xampp73\htdocs\filecroco\loader\vendor\guzzlehttp\guzzle\src\Handler\CurlMultiHandler.php(181): GuzzleHttp\Handler\CurlFactory::finish(Object(GuzzleHttp\Handler\CurlMultiHandler), Object(GuzzleHttp\Handler\EasyHandle), Object(GuzzleHttp\Handler\CurlFactory))
#3 E:\xampp73\htdocs\filecroco\loader\vendor\guzzlehttp\guzzle\src\Handler\CurlMultiHandler.php(110): GuzzleHttp\Handler\CurlMultiHandler->processMessages()
#4 E:\xampp73\htdocs\filecroco\loader\vendor\guzzlehttp\guzzle\src\Handler\CurlMultiHandler.php(125): GuzzleHttp\Handler\CurlMultiHandler->tick()
#5 E:\xampp73\htdocs\filecroco\loader\vendor\guzzlehttp\promises\src\Promise.php(246): GuzzleHttp\Handler\CurlMultiHandler->execute(true)
#6 E:\xampp73\htdocs\filecroco\loader\vendor\guzzlehttp\promises\src\Promise.php(223): GuzzleHttp\Promise\Promise->invokeWaitFn()
#7 E:\xampp73\htdocs\filecroco\loader\vendor\guzzlehttp\promises\src\Promise.php(267): GuzzleHttp\Promise\Promise->waitIfPending()
#8 E:\xampp73\htdocs\filecroco\loader\vendor\guzzlehttp\promises\src\Promise.php(225): GuzzleHttp\Promise\Promise->invokeWaitList()
#9 E:\xampp73\htdocs\filecroco\loader\vendor\guzzlehttp\promises\src\Promise.php(62): GuzzleHttp\Promise\Promise->waitIfPending()
#10 E:\xampp73\htdocs\filecroco\loader\vendor\guzzlehttp\promises\src\EachPromise.php(101): GuzzleHttp\Promise\Promise->wait()
#11 E:\xampp73\htdocs\filecroco\loader\vendor\guzzlehttp\promises\src\Promise.php(246): GuzzleHttp\Promise\EachPromise->GuzzleHttp\Promise\{closure}(true)
#12 E:\xampp73\htdocs\filecroco\loader\vendor\guzzlehttp\promises\src\Promise.php(223): GuzzleHttp\Promise\Promise->invokeWaitFn()
#13 E:\xampp73\htdocs\filecroco\loader\vendor\guzzlehttp\promises\src\Promise.php(62): GuzzleHttp\Promise\Promise->waitIfPending()
#14 E:\xampp73\htdocs\filecroco\loader\updatedownloadlink.php(95): GuzzleHttp\Promise\Promise->wait()
#15 {main}|454GuzzleHttp\Exception\RequestException: cURL error 56:  (see http://curl.haxx.se/libcurl/c/libcurl-errors.html) in E:\xampp73\htdocs\filecroco\loader\vendor\guzzlehttp\guzzle\src\Handler\CurlFactory.php:186
Stack trace:
#0 E:\xampp73\htdocs\filecroco\loader\vendor\guzzlehttp\guzzle\src\Handler\CurlFactory.php(149): GuzzleHttp\Handler\CurlFactory::createRejection(Object(GuzzleHttp\Handler\EasyHandle), Array)
#1 E:\xampp73\htdocs\filecroco\loader\vendor\guzzlehttp\guzzle\src\Handler\CurlFactory.php(102): GuzzleHttp\Handler\CurlFactory::finishError(Object(GuzzleHttp\Handler\CurlMultiHandler), Object(GuzzleHttp\Handler\EasyHandle), Object(GuzzleHttp\Handler\CurlFactory))
#2 E:\xampp73\htdocs\filecroco\loader\vendor\guzzlehttp\guzzle\src\Handler\CurlMultiHandler.php(181): GuzzleHttp\Handler\CurlFactory::finish(Object(GuzzleHttp\Handler\CurlMultiHandler), Object(GuzzleHttp\Handler\EasyHandle), Object(GuzzleHttp\Handler\CurlFactory))
#3 E:\xampp73\htdocs\filecroco\loader\vendor\guzzlehttp\guzzle\src\Handler\CurlMultiHandler.php(110): GuzzleHttp\Handler\CurlMultiHandler->processMessages()
#4 E:\xampp73\htdocs\filecroco\loader\vendor\guzzlehttp\guzzle\src\Handler\CurlMultiHandler.php(125): GuzzleHttp\Handler\CurlMultiHandler->tick()
#5 E:\xampp73\htdocs\filecroco\loader\vendor\guzzlehttp\promises\src\Promise.php(246): GuzzleHttp\Handler\CurlMultiHandler->execute(true)
#6 E:\xampp73\htdocs\filecroco\loader\vendor\guzzlehttp\promises\src\Promise.php(223): GuzzleHttp\Promise\Promise->invokeWaitFn()
#7 E:\xampp73\htdocs\filecroco\loader\vendor\guzzlehttp\promises\src\Promise.php(267): GuzzleHttp\Promise\Promise->waitIfPending()
#8 E:\xampp73\htdocs\filecroco\loader\vendor\guzzlehttp\promises\src\Promise.php(225): GuzzleHttp\Promise\Promise->invokeWaitList()
#9 E:\xampp73\htdocs\filecroco\loader\vendor\guzzlehttp\promises\src\Promise.php(62): GuzzleHttp\Promise\Promise->waitIfPending()
#10 E:\xampp73\htdocs\filecroco\loader\vendor\guzzlehttp\promises\src\EachPromise.php(101): GuzzleHttp\Promise\Promise->wait()
#11 E:\xampp73\htdocs\filecroco\loader\vendor\guzzlehttp\promises\src\Promise.php(246): GuzzleHttp\Promise\EachPromise->GuzzleHttp\Promise\{closure}(true)
#12 E:\xampp73\htdocs\filecroco\loader\vendor\guzzlehttp\promises\src\Promise.php(223): GuzzleHttp\Promise\Promise->invokeWaitFn()
#13 E:\xampp73\htdocs\filecroco\loader\vendor\guzzlehttp\promises\src\Promise.php(62): GuzzleHttp\Promise\Promise->waitIfPending()
#14 E:\xampp73\htdocs\filecroco\loader\updatedownloadlink.php(95): GuzzleHttp\Promise\Promise->wait()
#15 {main}|455GuzzleHttp\Exception\RequestException: cURL error 56:  (see http://curl.haxx.se/libcurl/c/libcurl-errors.html) in E:\xampp73\htdocs\filecroco\loader\vendor\guzzlehttp\guzzle\src\Handler\CurlFactory.php:186
Stack trace:
#0 E:\xampp73\htdocs\filecroco\loader\vendor\guzzlehttp\guzzle\src\Handler\CurlFactory.php(149): GuzzleHttp\Handler\CurlFactory::createRejection(Object(GuzzleHttp\Handler\EasyHandle), Array)
#1 E:\xampp73\htdocs\filecroco\loader\vendor\guzzlehttp\guzzle\src\Handler\CurlFactory.php(102): GuzzleHttp\Handler\CurlFactory::finishError(Object(GuzzleHttp\Handler\CurlMultiHandler), Object(GuzzleHttp\Handler\EasyHandle), Object(GuzzleHttp\Handler\CurlFactory))
#2 E:\xampp73\htdocs\filecroco\loader\vendor\guzzlehttp\guzzle\src\Handler\CurlMultiHandler.php(181): GuzzleHttp\Handler\CurlFactory::finish(Object(GuzzleHttp\Handler\CurlMultiHandler), Object(GuzzleHttp\Handler\EasyHandle), Object(GuzzleHttp\Handler\CurlFactory))
#3 E:\xampp73\htdocs\filecroco\loader\vendor\guzzlehttp\guzzle\src\Handler\CurlMultiHandler.php(110): GuzzleHttp\Handler\CurlMultiHandler->processMessages()
#4 E:\xampp73\htdocs\filecroco\loader\vendor\guzzlehttp\guzzle\src\Handler\CurlMultiHandler.php(125): GuzzleHttp\Handler\CurlMultiHandler->tick()
#5 E:\xampp73\htdocs\filecroco\loader\vendor\guzzlehttp\promises\src\Promise.php(246): GuzzleHttp\Handler\CurlMultiHandler->execute(true)
#6 E:\xampp73\htdocs\filecroco\loader\vendor\guzzlehttp\promises\src\Promise.php(223): GuzzleHttp\Promise\Promise->invokeWaitFn()
#7 E:\xampp73\htdocs\filecroco\loader\vendor\guzzlehttp\promises\src\Promise.php(267): GuzzleHttp\Promise\Promise->waitIfPending()
#8 E:\xampp73\htdocs\filecroco\loader\vendor\guzzlehttp\promises\src\Promise.php(225): GuzzleHttp\Promise\Promise->invokeWaitList()
#9 E:\xampp73\htdocs\filecroco\loader\vendor\guzzlehttp\promises\src\Promise.php(62): GuzzleHttp\Promise\Promise->waitIfPending()
#10 E:\xampp73\htdocs\filecroco\loader\vendor\guzzlehttp\promises\src\EachPromise.php(101): GuzzleHttp\Promise\Promise->wait()
#11 E:\xampp73\htdocs\filecroco\loader\vendor\guzzlehttp\promises\src\Promise.php(246): GuzzleHttp\Promise\EachPromise->GuzzleHttp\Promise\{closure}(true)
#12 E:\xampp73\htdocs\filecroco\loader\vendor\guzzlehttp\promises\src\Promise.php(223): GuzzleHttp\Promise\Promise->invokeWaitFn()
#13 E:\xampp73\htdocs\filecroco\loader\vendor\guzzlehttp\promises\src\Promise.php(62): GuzzleHttp\Promise\Promise->waitIfPending()
#14 E:\xampp73\htdocs\filecroco\loader\updatedownloadlink.php(95): GuzzleHttp\Promise\Promise->wait()
#15 {main}|456GuzzleHttp\Exception\RequestException: cURL error 56:  (see http://curl.haxx.se/libcurl/c/libcurl-errors.html) in E:\xampp73\htdocs\filecroco\loader\vendor\guzzlehttp\guzzle\src\Handler\CurlFactory.php:186
Stack trace:
#0 E:\xampp73\htdocs\filecroco\loader\vendor\guzzlehttp\guzzle\src\Handler\CurlFactory.php(149): GuzzleHttp\Handler\CurlFactory::createRejection(Object(GuzzleHttp\Handler\EasyHandle), Array)
#1 E:\xampp73\htdocs\filecroco\loader\vendor\guzzlehttp\guzzle\src\Handler\CurlFactory.php(102): GuzzleHttp\Handler\CurlFactory::finishError(Object(GuzzleHttp\Handler\CurlMultiHandler), Object(GuzzleHttp\Handler\EasyHandle), Object(GuzzleHttp\Handler\CurlFactory))
#2 E:\xampp73\htdocs\filecroco\loader\vendor\guzzlehttp\guzzle\src\Handler\CurlMultiHandler.php(181): GuzzleHttp\Handler\CurlFactory::finish(Object(GuzzleHttp\Handler\CurlMultiHandler), Object(GuzzleHttp\Handler\EasyHandle), Object(GuzzleHttp\Handler\CurlFactory))
#3 E:\xampp73\htdocs\filecroco\loader\vendor\guzzlehttp\guzzle\src\Handler\CurlMultiHandler.php(110): GuzzleHttp\Handler\CurlMultiHandler->processMessages()
#4 E:\xampp73\htdocs\filecroco\loader\vendor\guzzlehttp\guzzle\src\Handler\CurlMultiHandler.php(125): GuzzleHttp\Handler\CurlMultiHandler->tick()
#5 E:\xampp73\htdocs\filecroco\loader\vendor\guzzlehttp\promises\src\Promise.php(246): GuzzleHttp\Handler\CurlMultiHandler->execute(true)
#6 E:\xampp73\htdocs\filecroco\loader\vendor\guzzlehttp\promises\src\Promise.php(223): GuzzleHttp\Promise\Promise->invokeWaitFn()
#7 E:\xampp73\htdocs\filecroco\loader\vendor\guzzlehttp\promises\src\Promise.php(267): GuzzleHttp\Promise\Promise->waitIfPending()
#8 E:\xampp73\htdocs\filecroco\loader\vendor\guzzlehttp\promises\src\Promise.php(225): GuzzleHttp\Promise\Promise->invokeWaitList()
#9 E:\xampp73\htdocs\filecroco\loader\vendor\guzzlehttp\promises\src\Promise.php(62): GuzzleHttp\Promise\Promise->waitIfPending()
#10 E:\xampp73\htdocs\filecroco\loader\vendor\guzzlehttp\promises\src\EachPromise.php(101): GuzzleHttp\Promise\Promise->wait()
#11 E:\xampp73\htdocs\filecroco\loader\vendor\guzzlehttp\promises\src\Promise.php(246): GuzzleHttp\Promise\EachPromise->GuzzleHttp\Promise\{closure}(true)
#12 E:\xampp73\htdocs\filecroco\loader\vendor\guzzlehttp\promises\src\Promise.php(223): GuzzleHttp\Promise\Promise->invokeWaitFn()
#13 E:\xampp73\htdocs\filecroco\loader\vendor\guzzlehttp\promises\src\Promise.php(62): GuzzleHttp\Promise\Promise->waitIfPending()
#14 E:\xampp73\htdocs\filecroco\loader\updatedownloadlink.php(95): GuzzleHttp\Promise\Promise->wait()
#15 {main}|457GuzzleHttp\Exception\RequestException: cURL error 56:  (see http://curl.haxx.se/libcurl/c/libcurl-errors.html) in E:\xampp73\htdocs\filecroco\loader\vendor\guzzlehttp\guzzle\src\Handler\CurlFactory.php:186
Stack trace:
#0 E:\xampp73\htdocs\filecroco\loader\vendor\guzzlehttp\guzzle\src\Handler\CurlFactory.php(149): GuzzleHttp\Handler\CurlFactory::createRejection(Object(GuzzleHttp\Handler\EasyHandle), Array)
#1 E:\xampp73\htdocs\filecroco\loader\vendor\guzzlehttp\guzzle\src\Handler\CurlFactory.php(102): GuzzleHttp\Handler\CurlFactory::finishError(Object(GuzzleHttp\Handler\CurlMultiHandler), Object(GuzzleHttp\Handler\EasyHandle), Object(GuzzleHttp\Handler\CurlFactory))
#2 E:\xampp73\htdocs\filecroco\loader\vendor\guzzlehttp\guzzle\src\Handler\CurlMultiHandler.php(181): GuzzleHttp\Handler\CurlFactory::finish(Object(GuzzleHttp\Handler\CurlMultiHandler), Object(GuzzleHttp\Handler\EasyHandle), Object(GuzzleHttp\Handler\CurlFactory))
#3 E:\xampp73\htdocs\filecroco\loader\vendor\guzzlehttp\guzzle\src\Handler\CurlMultiHandler.php(110): GuzzleHttp\Handler\CurlMultiHandler->processMessages()
#4 E:\xampp73\htdocs\filecroco\loader\vendor\guzzlehttp\guzzle\src\Handler\CurlMultiHandler.php(125): GuzzleHttp\Handler\CurlMultiHandler->tick()
#5 E:\xampp73\htdocs\filecroco\loader\vendor\guzzlehttp\promises\src\Promise.php(246): GuzzleHttp\Handler\CurlMultiHandler->execute(true)
#6 E:\xampp73\htdocs\filecroco\loader\vendor\guzzlehttp\promises\src\Promise.php(223): GuzzleHttp\Promise\Promise->invokeWaitFn()
#7 E:\xampp73\htdocs\filecroco\loader\vendor\guzzlehttp\promises\src\Promise.php(267): GuzzleHttp\Promise\Promise->waitIfPending()
#8 E:\xampp73\htdocs\filecroco\loader\vendor\guzzlehttp\promises\src\Promise.php(225): GuzzleHttp\Promise\Promise->invokeWaitList()
#9 E:\xampp73\htdocs\filecroco\loader\vendor\guzzlehttp\promises\src\Promise.php(62): GuzzleHttp\Promise\Promise->waitIfPending()
#10 E:\xampp73\htdocs\filecroco\loader\vendor\guzzlehttp\promises\src\EachPromise.php(101): GuzzleHttp\Promise\Promise->wait()
#11 E:\xampp73\htdocs\filecroco\loader\vendor\guzzlehttp\promises\src\Promise.php(246): GuzzleHttp\Promise\EachPromise->GuzzleHttp\Promise\{closure}(true)
#12 E:\xampp73\htdocs\filecroco\loader\vendor\guzzlehttp\promises\src\Promise.php(223): GuzzleHttp\Promise\Promise->invokeWaitFn()
#13 E:\xampp73\htdocs\filecroco\loader\vendor\guzzlehttp\promises\src\Promise.php(62): GuzzleHttp\Promise\Promise->waitIfPending()
#14 E:\xampp73\htdocs\filecroco\loader\updatedownloadlink.php(95): GuzzleHttp\Promise\Promise->wait()
#15 {main}|458GuzzleHttp\Exception\RequestException: cURL error 56:  (see http://curl.haxx.se/libcurl/c/libcurl-errors.html) in E:\xampp73\htdocs\filecroco\loader\vendor\guzzlehttp\guzzle\src\Handler\CurlFactory.php:186
Stack trace:
#0 E:\xampp73\htdocs\filecroco\loader\vendor\guzzlehttp\guzzle\src\Handler\CurlFactory.php(149): GuzzleHttp\Handler\CurlFactory::createRejection(Object(GuzzleHttp\Handler\EasyHandle), Array)
#1 E:\xampp73\htdocs\filecroco\loader\vendor\guzzlehttp\guzzle\src\Handler\CurlFactory.php(102): GuzzleHttp\Handler\CurlFactory::finishError(Object(GuzzleHttp\Handler\CurlMultiHandler), Object(GuzzleHttp\Handler\EasyHandle), Object(GuzzleHttp\Handler\CurlFactory))
#2 E:\xampp73\htdocs\filecroco\loader\vendor\guzzlehttp\guzzle\src\Handler\CurlMultiHandler.php(181): GuzzleHttp\Handler\CurlFactory::finish(Object(GuzzleHttp\Handler\CurlMultiHandler), Object(GuzzleHttp\Handler\EasyHandle), Object(GuzzleHttp\Handler\CurlFactory))
#3 E:\xampp73\htdocs\filecroco\loader\vendor\guzzlehttp\guzzle\src\Handler\CurlMultiHandler.php(110): GuzzleHttp\Handler\CurlMultiHandler->processMessages()
#4 E:\xampp73\htdocs\filecroco\loader\vendor\guzzlehttp\guzzle\src\Handler\CurlMultiHandler.php(125): GuzzleHttp\Handler\CurlMultiHandler->tick()
#5 E:\xampp73\htdocs\filecroco\loader\vendor\guzzlehttp\promises\src\Promise.php(246): GuzzleHttp\Handler\CurlMultiHandler->execute(true)
#6 E:\xampp73\htdocs\filecroco\loader\vendor\guzzlehttp\promises\src\Promise.php(223): GuzzleHttp\Promise\Promise->invokeWaitFn()
#7 E:\xampp73\htdocs\filecroco\loader\vendor\guzzlehttp\promises\src\Promise.php(267): GuzzleHttp\Promise\Promise->waitIfPending()
#8 E:\xampp73\htdocs\filecroco\loader\vendor\guzzlehttp\promises\src\Promise.php(225): GuzzleHttp\Promise\Promise->invokeWaitList()
#9 E:\xampp73\htdocs\filecroco\loader\vendor\guzzlehttp\promises\src\Promise.php(62): GuzzleHttp\Promise\Promise->waitIfPending()
#10 E:\xampp73\htdocs\filecroco\loader\vendor\guzzlehttp\promises\src\EachPromise.php(101): GuzzleHttp\Promise\Promise->wait()
#11 E:\xampp73\htdocs\filecroco\loader\vendor\guzzlehttp\promises\src\Promise.php(246): GuzzleHttp\Promise\EachPromise->GuzzleHttp\Promise\{closure}(true)
#12 E:\xampp73\htdocs\filecroco\loader\vendor\guzzlehttp\promises\src\Promise.php(223): GuzzleHttp\Promise\Promise->invokeWaitFn()
#13 E:\xampp73\htdocs\filecroco\loader\vendor\guzzlehttp\promises\src\Promise.php(62): GuzzleHttp\Promise\Promise->waitIfPending()
#14 E:\xampp73\htdocs\filecroco\loader\updatedownloadlink.php(95): GuzzleHttp\Promise\Promise->wait()
#15 {main}|459GuzzleHttp\Exception\RequestException: cURL error 56:  (see http://curl.haxx.se/libcurl/c/libcurl-errors.html) in E:\xampp73\htdocs\filecroco\loader\vendor\guzzlehttp\guzzle\src\Handler\CurlFactory.php:186
Stack trace:
#0 E:\xampp73\htdocs\filecroco\loader\vendor\guzzlehttp\guzzle\src\Handler\CurlFactory.php(149): GuzzleHttp\Handler\CurlFactory::createRejection(Object(GuzzleHttp\Handler\EasyHandle), Array)
#1 E:\xampp73\htdocs\filecroco\loader\vendor\guzzlehttp\guzzle\src\Handler\CurlFactory.php(102): GuzzleHttp\Handler\CurlFactory::finishError(Object(GuzzleHttp\Handler\CurlMultiHandler), Object(GuzzleHttp\Handler\EasyHandle), Object(GuzzleHttp\Handler\CurlFactory))
#2 E:\xampp73\htdocs\filecroco\loader\vendor\guzzlehttp\guzzle\src\Handler\CurlMultiHandler.php(181): GuzzleHttp\Handler\CurlFactory::finish(Object(GuzzleHttp\Handler\CurlMultiHandler), Object(GuzzleHttp\Handler\EasyHandle), Object(GuzzleHttp\Handler\CurlFactory))
#3 E:\xampp73\htdocs\filecroco\loader\vendor\guzzlehttp\guzzle\src\Handler\CurlMultiHandler.php(110): GuzzleHttp\Handler\CurlMultiHandler->processMessages()
#4 E:\xampp73\htdocs\filecroco\loader\vendor\guzzlehttp\guzzle\src\Handler\CurlMultiHandler.php(125): GuzzleHttp\Handler\CurlMultiHandler->tick()
#5 E:\xampp73\htdocs\filecroco\loader\vendor\guzzlehttp\promises\src\Promise.php(246): GuzzleHttp\Handler\CurlMultiHandler->execute(true)
#6 E:\xampp73\htdocs\filecroco\loader\vendor\guzzlehttp\promises\src\Promise.php(223): GuzzleHttp\Promise\Promise->invokeWaitFn()
#7 E:\xampp73\htdocs\filecroco\loader\vendor\guzzlehttp\promises\src\Promise.php(267): GuzzleHttp\Promise\Promise->waitIfPending()
#8 E:\xampp73\htdocs\filecroco\loader\vendor\guzzlehttp\promises\src\Promise.php(225): GuzzleHttp\Promise\Promise->invokeWaitList()
#9 E:\xampp73\htdocs\filecroco\loader\vendor\guzzlehttp\promises\src\Promise.php(62): GuzzleHttp\Promise\Promise->waitIfPending()
#10 E:\xampp73\htdocs\filecroco\loader\vendor\guzzlehttp\promises\src\EachPromise.php(101): GuzzleHttp\Promise\Promise->wait()
#11 E:\xampp73\htdocs\filecroco\loader\vendor\guzzlehttp\promises\src\Promise.php(246): GuzzleHttp\Promise\EachPromise->GuzzleHttp\Promise\{closure}(true)
#12 E:\xampp73\htdocs\filecroco\loader\vendor\guzzlehttp\promises\src\Promise.php(223): GuzzleHttp\Promise\Promise->invokeWaitFn()
#13 E:\xampp73\htdocs\filecroco\loader\vendor\guzzlehttp\promises\src\Promise.php(62): GuzzleHttp\Promise\Promise->waitIfPending()
#14 E:\xampp73\htdocs\filecroco\loader\updatedownloadlink.php(95): GuzzleHttp\Promise\Promise->wait()
#15 {main}|460GuzzleHttp\Exception\RequestException: cURL error 56:  (see http://curl.haxx.se/libcurl/c/libcurl-errors.html) in E:\xampp73\htdocs\filecroco\loader\vendor\guzzlehttp\guzzle\src\Handler\CurlFactory.php:186
Stack trace:
#0 E:\xampp73\htdocs\filecroco\loader\vendor\guzzlehttp\guzzle\src\Handler\CurlFactory.php(149): GuzzleHttp\Handler\CurlFactory::createRejection(Object(GuzzleHttp\Handler\EasyHandle), Array)
#1 E:\xampp73\htdocs\filecroco\loader\vendor\guzzlehttp\guzzle\src\Handler\CurlFactory.php(102): GuzzleHttp\Handler\CurlFactory::finishError(Object(GuzzleHttp\Handler\CurlMultiHandler), Object(GuzzleHttp\Handler\EasyHandle), Object(GuzzleHttp\Handler\CurlFactory))
#2 E:\xampp73\htdocs\filecroco\loader\vendor\guzzlehttp\guzzle\src\Handler\CurlMultiHandler.php(181): GuzzleHttp\Handler\CurlFactory::finish(Object(GuzzleHttp\Handler\CurlMultiHandler), Object(GuzzleHttp\Handler\EasyHandle), Object(GuzzleHttp\Handler\CurlFactory))
#3 E:\xampp73\htdocs\filecroco\loader\vendor\guzzlehttp\guzzle\src\Handler\CurlMultiHandler.php(110): GuzzleHttp\Handler\CurlMultiHandler->processMessages()
#4 E:\xampp73\htdocs\filecroco\loader\vendor\guzzlehttp\guzzle\src\Handler\CurlMultiHandler.php(125): GuzzleHttp\Handler\CurlMultiHandler->tick()
#5 E:\xampp73\htdocs\filecroco\loader\vendor\guzzlehttp\promises\src\Promise.php(246): GuzzleHttp\Handler\CurlMultiHandler->execute(true)
#6 E:\xampp73\htdocs\filecroco\loader\vendor\guzzlehttp\promises\src\Promise.php(223): GuzzleHttp\Promise\Promise->invokeWaitFn()
#7 E:\xampp73\htdocs\filecroco\loader\vendor\guzzlehttp\promises\src\Promise.php(267): GuzzleHttp\Promise\Promise->waitIfPending()
#8 E:\xampp73\htdocs\filecroco\loader\vendor\guzzlehttp\promises\src\Promise.php(225): GuzzleHttp\Promise\Promise->invokeWaitList()
#9 E:\xampp73\htdocs\filecroco\loader\vendor\guzzlehttp\promises\src\Promise.php(62): GuzzleHttp\Promise\Promise->waitIfPending()
#10 E:\xampp73\htdocs\filecroco\loader\vendor\guzzlehttp\promises\src\EachPromise.php(101): GuzzleHttp\Promise\Promise->wait()
#11 E:\xampp73\htdocs\filecroco\loader\vendor\guzzlehttp\promises\src\Promise.php(246): GuzzleHttp\Promise\EachPromise->GuzzleHttp\Promise\{closure}(true)
#12 E:\xampp73\htdocs\filecroco\loader\vendor\guzzlehttp\promises\src\Promise.php(223): GuzzleHttp\Promise\Promise->invokeWaitFn()
#13 E:\xampp73\htdocs\filecroco\loader\vendor\guzzlehttp\promises\src\Promise.php(62): GuzzleHttp\Promise\Promise->waitIfPending()
#14 E:\xampp73\htdocs\filecroco\loader\updatedownloadlink.php(95): GuzzleHttp\Promise\Promise->wait()
#15 {main}|461GuzzleHttp\Exception\RequestException: cURL error 56:  (see http://curl.haxx.se/libcurl/c/libcurl-errors.html) in E:\xampp73\htdocs\filecroco\loader\vendor\guzzlehttp\guzzle\src\Handler\CurlFactory.php:186
Stack trace:
#0 E:\xampp73\htdocs\filecroco\loader\vendor\guzzlehttp\guzzle\src\Handler\CurlFactory.php(149): GuzzleHttp\Handler\CurlFactory::createRejection(Object(GuzzleHttp\Handler\EasyHandle), Array)
#1 E:\xampp73\htdocs\filecroco\loader\vendor\guzzlehttp\guzzle\src\Handler\CurlFactory.php(102): GuzzleHttp\Handler\CurlFactory::finishError(Object(GuzzleHttp\Handler\CurlMultiHandler), Object(GuzzleHttp\Handler\EasyHandle), Object(GuzzleHttp\Handler\CurlFactory))
#2 E:\xampp73\htdocs\filecroco\loader\vendor\guzzlehttp\guzzle\src\Handler\CurlMultiHandler.php(181): GuzzleHttp\Handler\CurlFactory::finish(Object(GuzzleHttp\Handler\CurlMultiHandler), Object(GuzzleHttp\Handler\EasyHandle), Object(GuzzleHttp\Handler\CurlFactory))
#3 E:\xampp73\htdocs\filecroco\loader\vendor\guzzlehttp\guzzle\src\Handler\CurlMultiHandler.php(110): GuzzleHttp\Handler\CurlMultiHandler->processMessages()
#4 E:\xampp73\htdocs\filecroco\loader\vendor\guzzlehttp\guzzle\src\Handler\CurlMultiHandler.php(125): GuzzleHttp\Handler\CurlMultiHandler->tick()
#5 E:\xampp73\htdocs\filecroco\loader\vendor\guzzlehttp\promises\src\Promise.php(246): GuzzleHttp\Handler\CurlMultiHandler->execute(true)
#6 E:\xampp73\htdocs\filecroco\loader\vendor\guzzlehttp\promises\src\Promise.php(223): GuzzleHttp\Promise\Promise->invokeWaitFn()
#7 E:\xampp73\htdocs\filecroco\loader\vendor\guzzlehttp\promises\src\Promise.php(267): GuzzleHttp\Promise\Promise->waitIfPending()
#8 E:\xampp73\htdocs\filecroco\loader\vendor\guzzlehttp\promises\src\Promise.php(225): GuzzleHttp\Promise\Promise->invokeWaitList()
#9 E:\xampp73\htdocs\filecroco\loader\vendor\guzzlehttp\promises\src\Promise.php(62): GuzzleHttp\Promise\Promise->waitIfPending()
#10 E:\xampp73\htdocs\filecroco\loader\vendor\guzzlehttp\promises\src\EachPromise.php(101): GuzzleHttp\Promise\Promise->wait()
#11 E:\xampp73\htdocs\filecroco\loader\vendor\guzzlehttp\promises\src\Promise.php(246): GuzzleHttp\Promise\EachPromise->GuzzleHttp\Promise\{closure}(true)
#12 E:\xampp73\htdocs\filecroco\loader\vendor\guzzlehttp\promises\src\Promise.php(223): GuzzleHttp\Promise\Promise->invokeWaitFn()
#13 E:\xampp73\htdocs\filecroco\loader\vendor\guzzlehttp\promises\src\Promise.php(62): GuzzleHttp\Promise\Promise->waitIfPending()
#14 E:\xampp73\htdocs\filecroco\loader\updatedownloadlink.php(95): GuzzleHttp\Promise\Promise->wait()
#15 {main}|462GuzzleHttp\Exception\RequestException: cURL error 56:  (see http://curl.haxx.se/libcurl/c/libcurl-errors.html) in E:\xampp73\htdocs\filecroco\loader\vendor\guzzlehttp\guzzle\src\Handler\CurlFactory.php:186
Stack trace:
#0 E:\xampp73\htdocs\filecroco\loader\vendor\guzzlehttp\guzzle\src\Handler\CurlFactory.php(149): GuzzleHttp\Handler\CurlFactory::createRejection(Object(GuzzleHttp\Handler\EasyHandle), Array)
#1 E:\xampp73\htdocs\filecroco\loader\vendor\guzzlehttp\guzzle\src\Handler\CurlFactory.php(102): GuzzleHttp\Handler\CurlFactory::finishError(Object(GuzzleHttp\Handler\CurlMultiHandler), Object(GuzzleHttp\Handler\EasyHandle), Object(GuzzleHttp\Handler\CurlFactory))
#2 E:\xampp73\htdocs\filecroco\loader\vendor\guzzlehttp\guzzle\src\Handler\CurlMultiHandler.php(181): GuzzleHttp\Handler\CurlFactory::finish(Object(GuzzleHttp\Handler\CurlMultiHandler), Object(GuzzleHttp\Handler\EasyHandle), Object(GuzzleHttp\Handler\CurlFactory))
#3 E:\xampp73\htdocs\filecroco\loader\vendor\guzzlehttp\guzzle\src\Handler\CurlMultiHandler.php(110): GuzzleHttp\Handler\CurlMultiHandler->processMessages()
#4 E:\xampp73\htdocs\filecroco\loader\vendor\guzzlehttp\guzzle\src\Handler\CurlMultiHandler.php(125): GuzzleHttp\Handler\CurlMultiHandler->tick()
#5 E:\xampp73\htdocs\filecroco\loader\vendor\guzzlehttp\promises\src\Promise.php(246): GuzzleHttp\Handler\CurlMultiHandler->execute(true)
#6 E:\xampp73\htdocs\filecroco\loader\vendor\guzzlehttp\promises\src\Promise.php(223): GuzzleHttp\Promise\Promise->invokeWaitFn()
#7 E:\xampp73\htdocs\filecroco\loader\vendor\guzzlehttp\promises\src\Promise.php(267): GuzzleHttp\Promise\Promise->waitIfPending()
#8 E:\xampp73\htdocs\filecroco\loader\vendor\guzzlehttp\promises\src\Promise.php(225): GuzzleHttp\Promise\Promise->invokeWaitList()
#9 E:\xampp73\htdocs\filecroco\loader\vendor\guzzlehttp\promises\src\Promise.php(62): GuzzleHttp\Promise\Promise->waitIfPending()
#10 E:\xampp73\htdocs\filecroco\loader\vendor\guzzlehttp\promises\src\EachPromise.php(101): GuzzleHttp\Promise\Promise->wait()
#11 E:\xampp73\htdocs\filecroco\loader\vendor\guzzlehttp\promises\src\Promise.php(246): GuzzleHttp\Promise\EachPromise->GuzzleHttp\Promise\{closure}(true)
#12 E:\xampp73\htdocs\filecroco\loader\vendor\guzzlehttp\promises\src\Promise.php(223): GuzzleHttp\Promise\Promise->invokeWaitFn()
#13 E:\xampp73\htdocs\filecroco\loader\vendor\guzzlehttp\promises\src\Promise.php(62): GuzzleHttp\Promise\Promise->waitIfPending()
#14 E:\xampp73\htdocs\filecroco\loader\updatedownloadlink.php(95): GuzzleHttp\Promise\Promise->wait()
#15 {main}|463GuzzleHttp\Exception\RequestException: cURL error 56:  (see http://curl.haxx.se/libcurl/c/libcurl-errors.html) in E:\xampp73\htdocs\filecroco\loader\vendor\guzzlehttp\guzzle\src\Handler\CurlFactory.php:186
Stack trace:
#0 E:\xampp73\htdocs\filecroco\loader\vendor\guzzlehttp\guzzle\src\Handler\CurlFactory.php(149): GuzzleHttp\Handler\CurlFactory::createRejection(Object(GuzzleHttp\Handler\EasyHandle), Array)
#1 E:\xampp73\htdocs\filecroco\loader\vendor\guzzlehttp\guzzle\src\Handler\CurlFactory.php(102): GuzzleHttp\Handler\CurlFactory::finishError(Object(GuzzleHttp\Handler\CurlMultiHandler), Object(GuzzleHttp\Handler\EasyHandle), Object(GuzzleHttp\Handler\CurlFactory))
#2 E:\xampp73\htdocs\filecroco\loader\vendor\guzzlehttp\guzzle\src\Handler\CurlMultiHandler.php(181): GuzzleHttp\Handler\CurlFactory::finish(Object(GuzzleHttp\Handler\CurlMultiHandler), Object(GuzzleHttp\Handler\EasyHandle), Object(GuzzleHttp\Handler\CurlFactory))
#3 E:\xampp73\htdocs\filecroco\loader\vendor\guzzlehttp\guzzle\src\Handler\CurlMultiHandler.php(110): GuzzleHttp\Handler\CurlMultiHandler->processMessages()
#4 E:\xampp73\htdocs\filecroco\loader\vendor\guzzlehttp\guzzle\src\Handler\CurlMultiHandler.php(125): GuzzleHttp\Handler\CurlMultiHandler->tick()
#5 E:\xampp73\htdocs\filecroco\loader\vendor\guzzlehttp\promises\src\Promise.php(246): GuzzleHttp\Handler\CurlMultiHandler->execute(true)
#6 E:\xampp73\htdocs\filecroco\loader\vendor\guzzlehttp\promises\src\Promise.php(223): GuzzleHttp\Promise\Promise->invokeWaitFn()
#7 E:\xampp73\htdocs\filecroco\loader\vendor\guzzlehttp\promises\src\Promise.php(267): GuzzleHttp\Promise\Promise->waitIfPending()
#8 E:\xampp73\htdocs\filecroco\loader\vendor\guzzlehttp\promises\src\Promise.php(225): GuzzleHttp\Promise\Promise->invokeWaitList()
#9 E:\xampp73\htdocs\filecroco\loader\vendor\guzzlehttp\promises\src\Promise.php(62): GuzzleHttp\Promise\Promise->waitIfPending()
#10 E:\xampp73\htdocs\filecroco\loader\vendor\guzzlehttp\promises\src\EachPromise.php(101): GuzzleHttp\Promise\Promise->wait()
#11 E:\xampp73\htdocs\filecroco\loader\vendor\guzzlehttp\promises\src\Promise.php(246): GuzzleHttp\Promise\EachPromise->GuzzleHttp\Promise\{closure}(true)
#12 E:\xampp73\htdocs\filecroco\loader\vendor\guzzlehttp\promises\src\Promise.php(223): GuzzleHttp\Promise\Promise->invokeWaitFn()
#13 E:\xampp73\htdocs\filecroco\loader\vendor\guzzlehttp\promises\src\Promise.php(62): GuzzleHttp\Promise\Promise->waitIfPending()
#14 E:\xampp73\htdocs\filecroco\loader\updatedownloadlink.php(95): GuzzleHttp\Promise\Promise->wait()
#15 {main}|464GuzzleHttp\Exception\RequestException: cURL error 56:  (see http://curl.haxx.se/libcurl/c/libcurl-errors.html) in E:\xampp73\htdocs\filecroco\loader\vendor\guzzlehttp\guzzle\src\Handler\CurlFactory.php:186
Stack trace:
#0 E:\xampp73\htdocs\filecroco\loader\vendor\guzzlehttp\guzzle\src\Handler\CurlFactory.php(149): GuzzleHttp\Handler\CurlFactory::createRejection(Object(GuzzleHttp\Handler\EasyHandle), Array)
#1 E:\xampp73\htdocs\filecroco\loader\vendor\guzzlehttp\guzzle\src\Handler\CurlFactory.php(102): GuzzleHttp\Handler\CurlFactory::finishError(Object(GuzzleHttp\Handler\CurlMultiHandler), Object(GuzzleHttp\Handler\EasyHandle), Object(GuzzleHttp\Handler\CurlFactory))
#2 E:\xampp73\htdocs\filecroco\loader\vendor\guzzlehttp\guzzle\src\Handler\CurlMultiHandler.php(181): GuzzleHttp\Handler\CurlFactory::finish(Object(GuzzleHttp\Handler\CurlMultiHandler), Object(GuzzleHttp\Handler\EasyHandle), Object(GuzzleHttp\Handler\CurlFactory))
#3 E:\xampp73\htdocs\filecroco\loader\vendor\guzzlehttp\guzzle\src\Handler\CurlMultiHandler.php(110): GuzzleHttp\Handler\CurlMultiHandler->processMessages()
#4 E:\xampp73\htdocs\filecroco\loader\vendor\guzzlehttp\guzzle\src\Handler\CurlMultiHandler.php(125): GuzzleHttp\Handler\CurlMultiHandler->tick()
#5 E:\xampp73\htdocs\filecroco\loader\vendor\guzzlehttp\promises\src\Promise.php(246): GuzzleHttp\Handler\CurlMultiHandler->execute(true)
#6 E:\xampp73\htdocs\filecroco\loader\vendor\guzzlehttp\promises\src\Promise.php(223): GuzzleHttp\Promise\Promise->invokeWaitFn()
#7 E:\xampp73\htdocs\filecroco\loader\vendor\guzzlehttp\promises\src\Promise.php(267): GuzzleHttp\Promise\Promise->waitIfPending()
#8 E:\xampp73\htdocs\filecroco\loader\vendor\guzzlehttp\promises\src\Promise.php(225): GuzzleHttp\Promise\Promise->invokeWaitList()
#9 E:\xampp73\htdocs\filecroco\loader\vendor\guzzlehttp\promises\src\Promise.php(62): GuzzleHttp\Promise\Promise->waitIfPending()
#10 E:\xampp73\htdocs\filecroco\loader\vendor\guzzlehttp\promises\src\EachPromise.php(101): GuzzleHttp\Promise\Promise->wait()
#11 E:\xampp73\htdocs\filecroco\loader\vendor\guzzlehttp\promises\src\Promise.php(246): GuzzleHttp\Promise\EachPromise->GuzzleHttp\Promise\{closure}(true)
#12 E:\xampp73\htdocs\filecroco\loader\vendor\guzzlehttp\promises\src\Promise.php(223): GuzzleHttp\Promise\Promise->invokeWaitFn()
#13 E:\xampp73\htdocs\filecroco\loader\vendor\guzzlehttp\promises\src\Promise.php(62): GuzzleHttp\Promise\Promise->waitIfPending()
#14 E:\xampp73\htdocs\filecroco\loader\updatedownloadlink.php(95): GuzzleHttp\Promise\Promise->wait()
#15 {main}|465GuzzleHttp\Exception\RequestException: cURL error 56:  (see http://curl.haxx.se/libcurl/c/libcurl-errors.html) in E:\xampp73\htdocs\filecroco\loader\vendor\guzzlehttp\guzzle\src\Handler\CurlFactory.php:186
Stack trace:
#0 E:\xampp73\htdocs\filecroco\loader\vendor\guzzlehttp\guzzle\src\Handler\CurlFactory.php(149): GuzzleHttp\Handler\CurlFactory::createRejection(Object(GuzzleHttp\Handler\EasyHandle), Array)
#1 E:\xampp73\htdocs\filecroco\loader\vendor\guzzlehttp\guzzle\src\Handler\CurlFactory.php(102): GuzzleHttp\Handler\CurlFactory::finishError(Object(GuzzleHttp\Handler\CurlMultiHandler), Object(GuzzleHttp\Handler\EasyHandle), Object(GuzzleHttp\Handler\CurlFactory))
#2 E:\xampp73\htdocs\filecroco\loader\vendor\guzzlehttp\guzzle\src\Handler\CurlMultiHandler.php(181): GuzzleHttp\Handler\CurlFactory::finish(Object(GuzzleHttp\Handler\CurlMultiHandler), Object(GuzzleHttp\Handler\EasyHandle), Object(GuzzleHttp\Handler\CurlFactory))
#3 E:\xampp73\htdocs\filecroco\loader\vendor\guzzlehttp\guzzle\src\Handler\CurlMultiHandler.php(110): GuzzleHttp\Handler\CurlMultiHandler->processMessages()
#4 E:\xampp73\htdocs\filecroco\loader\vendor\guzzlehttp\guzzle\src\Handler\CurlMultiHandler.php(125): GuzzleHttp\Handler\CurlMultiHandler->tick()
#5 E:\xampp73\htdocs\filecroco\loader\vendor\guzzlehttp\promises\src\Promise.php(246): GuzzleHttp\Handler\CurlMultiHandler->execute(true)
#6 E:\xampp73\htdocs\filecroco\loader\vendor\guzzlehttp\promises\src\Promise.php(223): GuzzleHttp\Promise\Promise->invokeWaitFn()
#7 E:\xampp73\htdocs\filecroco\loader\vendor\guzzlehttp\promises\src\Promise.php(267): GuzzleHttp\Promise\Promise->waitIfPending()
#8 E:\xampp73\htdocs\filecroco\loader\vendor\guzzlehttp\promises\src\Promise.php(225): GuzzleHttp\Promise\Promise->invokeWaitList()
#9 E:\xampp73\htdocs\filecroco\loader\vendor\guzzlehttp\promises\src\Promise.php(62): GuzzleHttp\Promise\Promise->waitIfPending()
#10 E:\xampp73\htdocs\filecroco\loader\vendor\guzzlehttp\promises\src\EachPromise.php(101): GuzzleHttp\Promise\Promise->wait()
#11 E:\xampp73\htdocs\filecroco\loader\vendor\guzzlehttp\promises\src\Promise.php(246): GuzzleHttp\Promise\EachPromise->GuzzleHttp\Promise\{closure}(true)
#12 E:\xampp73\htdocs\filecroco\loader\vendor\guzzlehttp\promises\src\Promise.php(223): GuzzleHttp\Promise\Promise->invokeWaitFn()
#13 E:\xampp73\htdocs\filecroco\loader\vendor\guzzlehttp\promises\src\Promise.php(62): GuzzleHttp\Promise\Promise->waitIfPending()
#14 E:\xampp73\htdocs\filecroco\loader\updatedownloadlink.php(95): GuzzleHttp\Promise\Promise->wait()
#15 {main}|466GuzzleHttp\Exception\RequestException: cURL error 56:  (see http://curl.haxx.se/libcurl/c/libcurl-errors.html) in E:\xampp73\htdocs\filecroco\loader\vendor\guzzlehttp\guzzle\src\Handler\CurlFactory.php:186
Stack trace:
#0 E:\xampp73\htdocs\filecroco\loader\vendor\guzzlehttp\guzzle\src\Handler\CurlFactory.php(149): GuzzleHttp\Handler\CurlFactory::createRejection(Object(GuzzleHttp\Handler\EasyHandle), Array)
#1 E:\xampp73\htdocs\filecroco\loader\vendor\guzzlehttp\guzzle\src\Handler\CurlFactory.php(102): GuzzleHttp\Handler\CurlFactory::finishError(Object(GuzzleHttp\Handler\CurlMultiHandler), Object(GuzzleHttp\Handler\EasyHandle), Object(GuzzleHttp\Handler\CurlFactory))
#2 E:\xampp73\htdocs\filecroco\loader\vendor\guzzlehttp\guzzle\src\Handler\CurlMultiHandler.php(181): GuzzleHttp\Handler\CurlFactory::finish(Object(GuzzleHttp\Handler\CurlMultiHandler), Object(GuzzleHttp\Handler\EasyHandle), Object(GuzzleHttp\Handler\CurlFactory))
#3 E:\xampp73\htdocs\filecroco\loader\vendor\guzzlehttp\guzzle\src\Handler\CurlMultiHandler.php(110): GuzzleHttp\Handler\CurlMultiHandler->processMessages()
#4 E:\xampp73\htdocs\filecroco\loader\vendor\guzzlehttp\guzzle\src\Handler\CurlMultiHandler.php(125): GuzzleHttp\Handler\CurlMultiHandler->tick()
#5 E:\xampp73\htdocs\filecroco\loader\vendor\guzzlehttp\promises\src\Promise.php(246): GuzzleHttp\Handler\CurlMultiHandler->execute(true)
#6 E:\xampp73\htdocs\filecroco\loader\vendor\guzzlehttp\promises\src\Promise.php(223): GuzzleHttp\Promise\Promise->invokeWaitFn()
#7 E:\xampp73\htdocs\filecroco\loader\vendor\guzzlehttp\promises\src\Promise.php(267): GuzzleHttp\Promise\Promise->waitIfPending()
#8 E:\xampp73\htdocs\filecroco\loader\vendor\guzzlehttp\promises\src\Promise.php(225): GuzzleHttp\Promise\Promise->invokeWaitList()
#9 E:\xampp73\htdocs\filecroco\loader\vendor\guzzlehttp\promises\src\Promise.php(62): GuzzleHttp\Promise\Promise->waitIfPending()
#10 E:\xampp73\htdocs\filecroco\loader\vendor\guzzlehttp\promises\src\EachPromise.php(101): GuzzleHttp\Promise\Promise->wait()
#11 E:\xampp73\htdocs\filecroco\loader\vendor\guzzlehttp\promises\src\Promise.php(246): GuzzleHttp\Promise\EachPromise->GuzzleHttp\Promise\{closure}(true)
#12 E:\xampp73\htdocs\filecroco\loader\vendor\guzzlehttp\promises\src\Promise.php(223): GuzzleHttp\Promise\Promise->invokeWaitFn()
#13 E:\xampp73\htdocs\filecroco\loader\vendor\guzzlehttp\promises\src\Promise.php(62): GuzzleHttp\Promise\Promise->waitIfPending()
#14 E:\xampp73\htdocs\filecroco\loader\updatedownloadlink.php(95): GuzzleHttp\Promise\Promise->wait()
#15 {main}|467GuzzleHttp\Exception\RequestException: cURL error 56:  (see http://curl.haxx.se/libcurl/c/libcurl-errors.html) in E:\xampp73\htdocs\filecroco\loader\vendor\guzzlehttp\guzzle\src\Handler\CurlFactory.php:186
Stack trace:
#0 E:\xampp73\htdocs\filecroco\loader\vendor\guzzlehttp\guzzle\src\Handler\CurlFactory.php(149): GuzzleHttp\Handler\CurlFactory::createRejection(Object(GuzzleHttp\Handler\EasyHandle), Array)
#1 E:\xampp73\htdocs\filecroco\loader\vendor\guzzlehttp\guzzle\src\Handler\CurlFactory.php(102): GuzzleHttp\Handler\CurlFactory::finishError(Object(GuzzleHttp\Handler\CurlMultiHandler), Object(GuzzleHttp\Handler\EasyHandle), Object(GuzzleHttp\Handler\CurlFactory))
#2 E:\xampp73\htdocs\filecroco\loader\vendor\guzzlehttp\guzzle\src\Handler\CurlMultiHandler.php(181): GuzzleHttp\Handler\CurlFactory::finish(Object(GuzzleHttp\Handler\CurlMultiHandler), Object(GuzzleHttp\Handler\EasyHandle), Object(GuzzleHttp\Handler\CurlFactory))
#3 E:\xampp73\htdocs\filecroco\loader\vendor\guzzlehttp\guzzle\src\Handler\CurlMultiHandler.php(110): GuzzleHttp\Handler\CurlMultiHandler->processMessages()
#4 E:\xampp73\htdocs\filecroco\loader\vendor\guzzlehttp\guzzle\src\Handler\CurlMultiHandler.php(125): GuzzleHttp\Handler\CurlMultiHandler->tick()
#5 E:\xampp73\htdocs\filecroco\loader\vendor\guzzlehttp\promises\src\Promise.php(246): GuzzleHttp\Handler\CurlMultiHandler->execute(true)
#6 E:\xampp73\htdocs\filecroco\loader\vendor\guzzlehttp\promises\src\Promise.php(223): GuzzleHttp\Promise\Promise->invokeWaitFn()
#7 E:\xampp73\htdocs\filecroco\loader\vendor\guzzlehttp\promises\src\Promise.php(267): GuzzleHttp\Promise\Promise->waitIfPending()
#8 E:\xampp73\htdocs\filecroco\loader\vendor\guzzlehttp\promises\src\Promise.php(225): GuzzleHttp\Promise\Promise->invokeWaitList()
#9 E:\xampp73\htdocs\filecroco\loader\vendor\guzzlehttp\promises\src\Promise.php(62): GuzzleHttp\Promise\Promise->waitIfPending()
#10 E:\xampp73\htdocs\filecroco\loader\vendor\guzzlehttp\promises\src\EachPromise.php(101): GuzzleHttp\Promise\Promise->wait()
#11 E:\xampp73\htdocs\filecroco\loader\vendor\guzzlehttp\promises\src\Promise.php(246): GuzzleHttp\Promise\EachPromise->GuzzleHttp\Promise\{closure}(true)
#12 E:\xampp73\htdocs\filecroco\loader\vendor\guzzlehttp\promises\src\Promise.php(223): GuzzleHttp\Promise\Promise->invokeWaitFn()
#13 E:\xampp73\htdocs\filecroco\loader\vendor\guzzlehttp\promises\src\Promise.php(62): GuzzleHttp\Promise\Promise->waitIfPending()
#14 E:\xampp73\htdocs\filecroco\loader\updatedownloadlink.php(95): GuzzleHttp\Promise\Promise->wait()
#15 {main}|468GuzzleHttp\Exception\RequestException: cURL error 56:  (see http://curl.haxx.se/libcurl/c/libcurl-errors.html) in E:\xampp73\htdocs\filecroco\loader\vendor\guzzlehttp\guzzle\src\Handler\CurlFactory.php:186
Stack trace:
#0 E:\xampp73\htdocs\filecroco\loader\vendor\guzzlehttp\guzzle\src\Handler\CurlFactory.php(149): GuzzleHttp\Handler\CurlFactory::createRejection(Object(GuzzleHttp\Handler\EasyHandle), Array)
#1 E:\xampp73\htdocs\filecroco\loader\vendor\guzzlehttp\guzzle\src\Handler\CurlFactory.php(102): GuzzleHttp\Handler\CurlFactory::finishError(Object(GuzzleHttp\Handler\CurlMultiHandler), Object(GuzzleHttp\Handler\EasyHandle), Object(GuzzleHttp\Handler\CurlFactory))
#2 E:\xampp73\htdocs\filecroco\loader\vendor\guzzlehttp\guzzle\src\Handler\CurlMultiHandler.php(181): GuzzleHttp\Handler\CurlFactory::finish(Object(GuzzleHttp\Handler\CurlMultiHandler), Object(GuzzleHttp\Handler\EasyHandle), Object(GuzzleHttp\Handler\CurlFactory))
#3 E:\xampp73\htdocs\filecroco\loader\vendor\guzzlehttp\guzzle\src\Handler\CurlMultiHandler.php(110): GuzzleHttp\Handler\CurlMultiHandler->processMessages()
#4 E:\xampp73\htdocs\filecroco\loader\vendor\guzzlehttp\guzzle\src\Handler\CurlMultiHandler.php(125): GuzzleHttp\Handler\CurlMultiHandler->tick()
#5 E:\xampp73\htdocs\filecroco\loader\vendor\guzzlehttp\promises\src\Promise.php(246): GuzzleHttp\Handler\CurlMultiHandler->execute(true)
#6 E:\xampp73\htdocs\filecroco\loader\vendor\guzzlehttp\promises\src\Promise.php(223): GuzzleHttp\Promise\Promise->invokeWaitFn()
#7 E:\xampp73\htdocs\filecroco\loader\vendor\guzzlehttp\promises\src\Promise.php(267): GuzzleHttp\Promise\Promise->waitIfPending()
#8 E:\xampp73\htdocs\filecroco\loader\vendor\guzzlehttp\promises\src\Promise.php(225): GuzzleHttp\Promise\Promise->invokeWaitList()
#9 E:\xampp73\htdocs\filecroco\loader\vendor\guzzlehttp\promises\src\Promise.php(62): GuzzleHttp\Promise\Promise->waitIfPending()
#10 E:\xampp73\htdocs\filecroco\loader\vendor\guzzlehttp\promises\src\EachPromise.php(101): GuzzleHttp\Promise\Promise->wait()
#11 E:\xampp73\htdocs\filecroco\loader\vendor\guzzlehttp\promises\src\Promise.php(246): GuzzleHttp\Promise\EachPromise->GuzzleHttp\Promise\{closure}(true)
#12 E:\xampp73\htdocs\filecroco\loader\vendor\guzzlehttp\promises\src\Promise.php(223): GuzzleHttp\Promise\Promise->invokeWaitFn()
#13 E:\xampp73\htdocs\filecroco\loader\vendor\guzzlehttp\promises\src\Promise.php(62): GuzzleHttp\Promise\Promise->waitIfPending()
#14 E:\xampp73\htdocs\filecroco\loader\updatedownloadlink.php(95): GuzzleHttp\Promise\Promise->wait()
#15 {main}|469GuzzleHttp\Exception\RequestException: cURL error 56:  (see http://curl.haxx.se/libcurl/c/libcurl-errors.html) in E:\xampp73\htdocs\filecroco\loader\vendor\guzzlehttp\guzzle\src\Handler\CurlFactory.php:186
Stack trace:
#0 E:\xampp73\htdocs\filecroco\loader\vendor\guzzlehttp\guzzle\src\Handler\CurlFactory.php(149): GuzzleHttp\Handler\CurlFactory::createRejection(Object(GuzzleHttp\Handler\EasyHandle), Array)
#1 E:\xampp73\htdocs\filecroco\loader\vendor\guzzlehttp\guzzle\src\Handler\CurlFactory.php(102): GuzzleHttp\Handler\CurlFactory::finishError(Object(GuzzleHttp\Handler\CurlMultiHandler), Object(GuzzleHttp\Handler\EasyHandle), Object(GuzzleHttp\Handler\CurlFactory))
#2 E:\xampp73\htdocs\filecroco\loader\vendor\guzzlehttp\guzzle\src\Handler\CurlMultiHandler.php(181): GuzzleHttp\Handler\CurlFactory::finish(Object(GuzzleHttp\Handler\CurlMultiHandler), Object(GuzzleHttp\Handler\EasyHandle), Object(GuzzleHttp\Handler\CurlFactory))
#3 E:\xampp73\htdocs\filecroco\loader\vendor\guzzlehttp\guzzle\src\Handler\CurlMultiHandler.php(110): GuzzleHttp\Handler\CurlMultiHandler->processMessages()
#4 E:\xampp73\htdocs\filecroco\loader\vendor\guzzlehttp\guzzle\src\Handler\CurlMultiHandler.php(125): GuzzleHttp\Handler\CurlMultiHandler->tick()
#5 E:\xampp73\htdocs\filecroco\loader\vendor\guzzlehttp\promises\src\Promise.php(246): GuzzleHttp\Handler\CurlMultiHandler->execute(true)
#6 E:\xampp73\htdocs\filecroco\loader\vendor\guzzlehttp\promises\src\Promise.php(223): GuzzleHttp\Promise\Promise->invokeWaitFn()
#7 E:\xampp73\htdocs\filecroco\loader\vendor\guzzlehttp\promises\src\Promise.php(267): GuzzleHttp\Promise\Promise->waitIfPending()
#8 E:\xampp73\htdocs\filecroco\loader\vendor\guzzlehttp\promises\src\Promise.php(225): GuzzleHttp\Promise\Promise->invokeWaitList()
#9 E:\xampp73\htdocs\filecroco\loader\vendor\guzzlehttp\promises\src\Promise.php(62): GuzzleHttp\Promise\Promise->waitIfPending()
#10 E:\xampp73\htdocs\filecroco\loader\vendor\guzzlehttp\promises\src\EachPromise.php(101): GuzzleHttp\Promise\Promise->wait()
#11 E:\xampp73\htdocs\filecroco\loader\vendor\guzzlehttp\promises\src\Promise.php(246): GuzzleHttp\Promise\EachPromise->GuzzleHttp\Promise\{closure}(true)
#12 E:\xampp73\htdocs\filecroco\loader\vendor\guzzlehttp\promises\src\Promise.php(223): GuzzleHttp\Promise\Promise->invokeWaitFn()
#13 E:\xampp73\htdocs\filecroco\loader\vendor\guzzlehttp\promises\src\Promise.php(62): GuzzleHttp\Promise\Promise->waitIfPending()
#14 E:\xampp73\htdocs\filecroco\loader\updatedownloadlink.php(95): GuzzleHttp\Promise\Promise->wait()
#15 {main}|470GuzzleHttp\Exception\RequestException: cURL error 56:  (see http://curl.haxx.se/libcurl/c/libcurl-errors.html) in E:\xampp73\htdocs\filecroco\loader\vendor\guzzlehttp\guzzle\src\Handler\CurlFactory.php:186
Stack trace:
#0 E:\xampp73\htdocs\filecroco\loader\vendor\guzzlehttp\guzzle\src\Handler\CurlFactory.php(149): GuzzleHttp\Handler\CurlFactory::createRejection(Object(GuzzleHttp\Handler\EasyHandle), Array)
#1 E:\xampp73\htdocs\filecroco\loader\vendor\guzzlehttp\guzzle\src\Handler\CurlFactory.php(102): GuzzleHttp\Handler\CurlFactory::finishError(Object(GuzzleHttp\Handler\CurlMultiHandler), Object(GuzzleHttp\Handler\EasyHandle), Object(GuzzleHttp\Handler\CurlFactory))
#2 E:\xampp73\htdocs\filecroco\loader\vendor\guzzlehttp\guzzle\src\Handler\CurlMultiHandler.php(181): GuzzleHttp\Handler\CurlFactory::finish(Object(GuzzleHttp\Handler\CurlMultiHandler), Object(GuzzleHttp\Handler\EasyHandle), Object(GuzzleHttp\Handler\CurlFactory))
#3 E:\xampp73\htdocs\filecroco\loader\vendor\guzzlehttp\guzzle\src\Handler\CurlMultiHandler.php(110): GuzzleHttp\Handler\CurlMultiHandler->processMessages()
#4 E:\xampp73\htdocs\filecroco\loader\vendor\guzzlehttp\guzzle\src\Handler\CurlMultiHandler.php(125): GuzzleHttp\Handler\CurlMultiHandler->tick()
#5 E:\xampp73\htdocs\filecroco\loader\vendor\guzzlehttp\promises\src\Promise.php(246): GuzzleHttp\Handler\CurlMultiHandler->execute(true)
#6 E:\xampp73\htdocs\filecroco\loader\vendor\guzzlehttp\promises\src\Promise.php(223): GuzzleHttp\Promise\Promise->invokeWaitFn()
#7 E:\xampp73\htdocs\filecroco\loader\vendor\guzzlehttp\promises\src\Promise.php(267): GuzzleHttp\Promise\Promise->waitIfPending()
#8 E:\xampp73\htdocs\filecroco\loader\vendor\guzzlehttp\promises\src\Promise.php(225): GuzzleHttp\Promise\Promise->invokeWaitList()
#9 E:\xampp73\htdocs\filecroco\loader\vendor\guzzlehttp\promises\src\Promise.php(62): GuzzleHttp\Promise\Promise->waitIfPending()
#10 E:\xampp73\htdocs\filecroco\loader\vendor\guzzlehttp\promises\src\EachPromise.php(101): GuzzleHttp\Promise\Promise->wait()
#11 E:\xampp73\htdocs\filecroco\loader\vendor\guzzlehttp\promises\src\Promise.php(246): GuzzleHttp\Promise\EachPromise->GuzzleHttp\Promise\{closure}(true)
#12 E:\xampp73\htdocs\filecroco\loader\vendor\guzzlehttp\promises\src\Promise.php(223): GuzzleHttp\Promise\Promise->invokeWaitFn()
#13 E:\xampp73\htdocs\filecroco\loader\vendor\guzzlehttp\promises\src\Promise.php(62): GuzzleHttp\Promise\Promise->waitIfPending()
#14 E:\xampp73\htdocs\filecroco\loader\updatedownloadlink.php(95): GuzzleHttp\Promise\Promise->wait()
#15 {main}|471GuzzleHttp\Exception\RequestException: cURL error 56:  (see http://curl.haxx.se/libcurl/c/libcurl-errors.html) in E:\xampp73\htdocs\filecroco\loader\vendor\guzzlehttp\guzzle\src\Handler\CurlFactory.php:186
Stack trace:
#0 E:\xampp73\htdocs\filecroco\loader\vendor\guzzlehttp\guzzle\src\Handler\CurlFactory.php(149): GuzzleHttp\Handler\CurlFactory::createRejection(Object(GuzzleHttp\Handler\EasyHandle), Array)
#1 E:\xampp73\htdocs\filecroco\loader\vendor\guzzlehttp\guzzle\src\Handler\CurlFactory.php(102): GuzzleHttp\Handler\CurlFactory::finishError(Object(GuzzleHttp\Handler\CurlMultiHandler), Object(GuzzleHttp\Handler\EasyHandle), Object(GuzzleHttp\Handler\CurlFactory))
#2 E:\xampp73\htdocs\filecroco\loader\vendor\guzzlehttp\guzzle\src\Handler\CurlMultiHandler.php(181): GuzzleHttp\Handler\CurlFactory::finish(Object(GuzzleHttp\Handler\CurlMultiHandler), Object(GuzzleHttp\Handler\EasyHandle), Object(GuzzleHttp\Handler\CurlFactory))
#3 E:\xampp73\htdocs\filecroco\loader\vendor\guzzlehttp\guzzle\src\Handler\CurlMultiHandler.php(110): GuzzleHttp\Handler\CurlMultiHandler->processMessages()
#4 E:\xampp73\htdocs\filecroco\loader\vendor\guzzlehttp\guzzle\src\Handler\CurlMultiHandler.php(125): GuzzleHttp\Handler\CurlMultiHandler->tick()
#5 E:\xampp73\htdocs\filecroco\loader\vendor\guzzlehttp\promises\src\Promise.php(246): GuzzleHttp\Handler\CurlMultiHandler->execute(true)
#6 E:\xampp73\htdocs\filecroco\loader\vendor\guzzlehttp\promises\src\Promise.php(223): GuzzleHttp\Promise\Promise->invokeWaitFn()
#7 E:\xampp73\htdocs\filecroco\loader\vendor\guzzlehttp\promises\src\Promise.php(267): GuzzleHttp\Promise\Promise->waitIfPending()
#8 E:\xampp73\htdocs\filecroco\loader\vendor\guzzlehttp\promises\src\Promise.php(225): GuzzleHttp\Promise\Promise->invokeWaitList()
#9 E:\xampp73\htdocs\filecroco\loader\vendor\guzzlehttp\promises\src\Promise.php(62): GuzzleHttp\Promise\Promise->waitIfPending()
#10 E:\xampp73\htdocs\filecroco\loader\vendor\guzzlehttp\promises\src\EachPromise.php(101): GuzzleHttp\Promise\Promise->wait()
#11 E:\xampp73\htdocs\filecroco\loader\vendor\guzzlehttp\promises\src\Promise.php(246): GuzzleHttp\Promise\EachPromise->GuzzleHttp\Promise\{closure}(true)
#12 E:\xampp73\htdocs\filecroco\loader\vendor\guzzlehttp\promises\src\Promise.php(223): GuzzleHttp\Promise\Promise->invokeWaitFn()
#13 E:\xampp73\htdocs\filecroco\loader\vendor\guzzlehttp\promises\src\Promise.php(62): GuzzleHttp\Promise\Promise->waitIfPending()
#14 E:\xampp73\htdocs\filecroco\loader\updatedownloadlink.php(95): GuzzleHttp\Promise\Promise->wait()
#15 {main}|472GuzzleHttp\Exception\RequestException: cURL error 56:  (see http://curl.haxx.se/libcurl/c/libcurl-errors.html) in E:\xampp73\htdocs\filecroco\loader\vendor\guzzlehttp\guzzle\src\Handler\CurlFactory.php:186
Stack trace:
#0 E:\xampp73\htdocs\filecroco\loader\vendor\guzzlehttp\guzzle\src\Handler\CurlFactory.php(149): GuzzleHttp\Handler\CurlFactory::createRejection(Object(GuzzleHttp\Handler\EasyHandle), Array)
#1 E:\xampp73\htdocs\filecroco\loader\vendor\guzzlehttp\guzzle\src\Handler\CurlFactory.php(102): GuzzleHttp\Handler\CurlFactory::finishError(Object(GuzzleHttp\Handler\CurlMultiHandler), Object(GuzzleHttp\Handler\EasyHandle), Object(GuzzleHttp\Handler\CurlFactory))
#2 E:\xampp73\htdocs\filecroco\loader\vendor\guzzlehttp\guzzle\src\Handler\CurlMultiHandler.php(181): GuzzleHttp\Handler\CurlFactory::finish(Object(GuzzleHttp\Handler\CurlMultiHandler), Object(GuzzleHttp\Handler\EasyHandle), Object(GuzzleHttp\Handler\CurlFactory))
#3 E:\xampp73\htdocs\filecroco\loader\vendor\guzzlehttp\guzzle\src\Handler\CurlMultiHandler.php(110): GuzzleHttp\Handler\CurlMultiHandler->processMessages()
#4 E:\xampp73\htdocs\filecroco\loader\vendor\guzzlehttp\guzzle\src\Handler\CurlMultiHandler.php(125): GuzzleHttp\Handler\CurlMultiHandler->tick()
#5 E:\xampp73\htdocs\filecroco\loader\vendor\guzzlehttp\promises\src\Promise.php(246): GuzzleHttp\Handler\CurlMultiHandler->execute(true)
#6 E:\xampp73\htdocs\filecroco\loader\vendor\guzzlehttp\promises\src\Promise.php(223): GuzzleHttp\Promise\Promise->invokeWaitFn()
#7 E:\xampp73\htdocs\filecroco\loader\vendor\guzzlehttp\promises\src\Promise.php(267): GuzzleHttp\Promise\Promise->waitIfPending()
#8 E:\xampp73\htdocs\filecroco\loader\vendor\guzzlehttp\promises\src\Promise.php(225): GuzzleHttp\Promise\Promise->invokeWaitList()
#9 E:\xampp73\htdocs\filecroco\loader\vendor\guzzlehttp\promises\src\Promise.php(62): GuzzleHttp\Promise\Promise->waitIfPending()
#10 E:\xampp73\htdocs\filecroco\loader\vendor\guzzlehttp\promises\src\EachPromise.php(101): GuzzleHttp\Promise\Promise->wait()
#11 E:\xampp73\htdocs\filecroco\loader\vendor\guzzlehttp\promises\src\Promise.php(246): GuzzleHttp\Promise\EachPromise->GuzzleHttp\Promise\{closure}(true)
#12 E:\xampp73\htdocs\filecroco\loader\vendor\guzzlehttp\promises\src\Promise.php(223): GuzzleHttp\Promise\Promise->invokeWaitFn()
#13 E:\xampp73\htdocs\filecroco\loader\vendor\guzzlehttp\promises\src\Promise.php(62): GuzzleHttp\Promise\Promise->waitIfPending()
#14 E:\xampp73\htdocs\filecroco\loader\updatedownloadlink.php(95): GuzzleHttp\Promise\Promise->wait()
#15 {main}|473GuzzleHttp\Exception\RequestException: cURL error 56:  (see http://curl.haxx.se/libcurl/c/libcurl-errors.html) in E:\xampp73\htdocs\filecroco\loader\vendor\guzzlehttp\guzzle\src\Handler\CurlFactory.php:186
Stack trace:
#0 E:\xampp73\htdocs\filecroco\loader\vendor\guzzlehttp\guzzle\src\Handler\CurlFactory.php(149): GuzzleHttp\Handler\CurlFactory::createRejection(Object(GuzzleHttp\Handler\EasyHandle), Array)
#1 E:\xampp73\htdocs\filecroco\loader\vendor\guzzlehttp\guzzle\src\Handler\CurlFactory.php(102): GuzzleHttp\Handler\CurlFactory::finishError(Object(GuzzleHttp\Handler\CurlMultiHandler), Object(GuzzleHttp\Handler\EasyHandle), Object(GuzzleHttp\Handler\CurlFactory))
#2 E:\xampp73\htdocs\filecroco\loader\vendor\guzzlehttp\guzzle\src\Handler\CurlMultiHandler.php(181): GuzzleHttp\Handler\CurlFactory::finish(Object(GuzzleHttp\Handler\CurlMultiHandler), Object(GuzzleHttp\Handler\EasyHandle), Object(GuzzleHttp\Handler\CurlFactory))
#3 E:\xampp73\htdocs\filecroco\loader\vendor\guzzlehttp\guzzle\src\Handler\CurlMultiHandler.php(110): GuzzleHttp\Handler\CurlMultiHandler->processMessages()
#4 E:\xampp73\htdocs\filecroco\loader\vendor\guzzlehttp\guzzle\src\Handler\CurlMultiHandler.php(125): GuzzleHttp\Handler\CurlMultiHandler->tick()
#5 E:\xampp73\htdocs\filecroco\loader\vendor\guzzlehttp\promises\src\Promise.php(246): GuzzleHttp\Handler\CurlMultiHandler->execute(true)
#6 E:\xampp73\htdocs\filecroco\loader\vendor\guzzlehttp\promises\src\Promise.php(223): GuzzleHttp\Promise\Promise->invokeWaitFn()
#7 E:\xampp73\htdocs\filecroco\loader\vendor\guzzlehttp\promises\src\Promise.php(267): GuzzleHttp\Promise\Promise->waitIfPending()
#8 E:\xampp73\htdocs\filecroco\loader\vendor\guzzlehttp\promises\src\Promise.php(225): GuzzleHttp\Promise\Promise->invokeWaitList()
#9 E:\xampp73\htdocs\filecroco\loader\vendor\guzzlehttp\promises\src\Promise.php(62): GuzzleHttp\Promise\Promise->waitIfPending()
#10 E:\xampp73\htdocs\filecroco\loader\vendor\guzzlehttp\promises\src\EachPromise.php(101): GuzzleHttp\Promise\Promise->wait()
#11 E:\xampp73\htdocs\filecroco\loader\vendor\guzzlehttp\promises\src\Promise.php(246): GuzzleHttp\Promise\EachPromise->GuzzleHttp\Promise\{closure}(true)
#12 E:\xampp73\htdocs\filecroco\loader\vendor\guzzlehttp\promises\src\Promise.php(223): GuzzleHttp\Promise\Promise->invokeWaitFn()
#13 E:\xampp73\htdocs\filecroco\loader\vendor\guzzlehttp\promises\src\Promise.php(62): GuzzleHttp\Promise\Promise->waitIfPending()
#14 E:\xampp73\htdocs\filecroco\loader\updatedownloadlink.php(95): GuzzleHttp\Promise\Promise->wait()
#15 {main}|474GuzzleHttp\Exception\RequestException: cURL error 56:  (see http://curl.haxx.se/libcurl/c/libcurl-errors.html) in E:\xampp73\htdocs\filecroco\loader\vendor\guzzlehttp\guzzle\src\Handler\CurlFactory.php:186
Stack trace:
#0 E:\xampp73\htdocs\filecroco\loader\vendor\guzzlehttp\guzzle\src\Handler\CurlFactory.php(149): GuzzleHttp\Handler\CurlFactory::createRejection(Object(GuzzleHttp\Handler\EasyHandle), Array)
#1 E:\xampp73\htdocs\filecroco\loader\vendor\guzzlehttp\guzzle\src\Handler\CurlFactory.php(102): GuzzleHttp\Handler\CurlFactory::finishError(Object(GuzzleHttp\Handler\CurlMultiHandler), Object(GuzzleHttp\Handler\EasyHandle), Object(GuzzleHttp\Handler\CurlFactory))
#2 E:\xampp73\htdocs\filecroco\loader\vendor\guzzlehttp\guzzle\src\Handler\CurlMultiHandler.php(181): GuzzleHttp\Handler\CurlFactory::finish(Object(GuzzleHttp\Handler\CurlMultiHandler), Object(GuzzleHttp\Handler\EasyHandle), Object(GuzzleHttp\Handler\CurlFactory))
#3 E:\xampp73\htdocs\filecroco\loader\vendor\guzzlehttp\guzzle\src\Handler\CurlMultiHandler.php(110): GuzzleHttp\Handler\CurlMultiHandler->processMessages()
#4 E:\xampp73\htdocs\filecroco\loader\vendor\guzzlehttp\guzzle\src\Handler\CurlMultiHandler.php(125): GuzzleHttp\Handler\CurlMultiHandler->tick()
#5 E:\xampp73\htdocs\filecroco\loader\vendor\guzzlehttp\promises\src\Promise.php(246): GuzzleHttp\Handler\CurlMultiHandler->execute(true)
#6 E:\xampp73\htdocs\filecroco\loader\vendor\guzzlehttp\promises\src\Promise.php(223): GuzzleHttp\Promise\Promise->invokeWaitFn()
#7 E:\xampp73\htdocs\filecroco\loader\vendor\guzzlehttp\promises\src\Promise.php(267): GuzzleHttp\Promise\Promise->waitIfPending()
#8 E:\xampp73\htdocs\filecroco\loader\vendor\guzzlehttp\promises\src\Promise.php(225): GuzzleHttp\Promise\Promise->invokeWaitList()
#9 E:\xampp73\htdocs\filecroco\loader\vendor\guzzlehttp\promises\src\Promise.php(62): GuzzleHttp\Promise\Promise->waitIfPending()
#10 E:\xampp73\htdocs\filecroco\loader\vendor\guzzlehttp\promises\src\EachPromise.php(101): GuzzleHttp\Promise\Promise->wait()
#11 E:\xampp73\htdocs\filecroco\loader\vendor\guzzlehttp\promises\src\Promise.php(246): GuzzleHttp\Promise\EachPromise->GuzzleHttp\Promise\{closure}(true)
#12 E:\xampp73\htdocs\filecroco\loader\vendor\guzzlehttp\promises\src\Promise.php(223): GuzzleHttp\Promise\Promise->invokeWaitFn()
#13 E:\xampp73\htdocs\filecroco\loader\vendor\guzzlehttp\promises\src\Promise.php(62): GuzzleHttp\Promise\Promise->waitIfPending()
#14 E:\xampp73\htdocs\filecroco\loader\updatedownloadlink.php(95): GuzzleHttp\Promise\Promise->wait()
#15 {main}|475GuzzleHttp\Exception\RequestException: cURL error 56:  (see http://curl.haxx.se/libcurl/c/libcurl-errors.html) in E:\xampp73\htdocs\filecroco\loader\vendor\guzzlehttp\guzzle\src\Handler\CurlFactory.php:186
Stack trace:
#0 E:\xampp73\htdocs\filecroco\loader\vendor\guzzlehttp\guzzle\src\Handler\CurlFactory.php(149): GuzzleHttp\Handler\CurlFactory::createRejection(Object(GuzzleHttp\Handler\EasyHandle), Array)
#1 E:\xampp73\htdocs\filecroco\loader\vendor\guzzlehttp\guzzle\src\Handler\CurlFactory.php(102): GuzzleHttp\Handler\CurlFactory::finishError(Object(GuzzleHttp\Handler\CurlMultiHandler), Object(GuzzleHttp\Handler\EasyHandle), Object(GuzzleHttp\Handler\CurlFactory))
#2 E:\xampp73\htdocs\filecroco\loader\vendor\guzzlehttp\guzzle\src\Handler\CurlMultiHandler.php(181): GuzzleHttp\Handler\CurlFactory::finish(Object(GuzzleHttp\Handler\CurlMultiHandler), Object(GuzzleHttp\Handler\EasyHandle), Object(GuzzleHttp\Handler\CurlFactory))
#3 E:\xampp73\htdocs\filecroco\loader\vendor\guzzlehttp\guzzle\src\Handler\CurlMultiHandler.php(110): GuzzleHttp\Handler\CurlMultiHandler->processMessages()
#4 E:\xampp73\htdocs\filecroco\loader\vendor\guzzlehttp\guzzle\src\Handler\CurlMultiHandler.php(125): GuzzleHttp\Handler\CurlMultiHandler->tick()
#5 E:\xampp73\htdocs\filecroco\loader\vendor\guzzlehttp\promises\src\Promise.php(246): GuzzleHttp\Handler\CurlMultiHandler->execute(true)
#6 E:\xampp73\htdocs\filecroco\loader\vendor\guzzlehttp\promises\src\Promise.php(223): GuzzleHttp\Promise\Promise->invokeWaitFn()
#7 E:\xampp73\htdocs\filecroco\loader\vendor\guzzlehttp\promises\src\Promise.php(267): GuzzleHttp\Promise\Promise->waitIfPending()
#8 E:\xampp73\htdocs\filecroco\loader\vendor\guzzlehttp\promises\src\Promise.php(225): GuzzleHttp\Promise\Promise->invokeWaitList()
#9 E:\xampp73\htdocs\filecroco\loader\vendor\guzzlehttp\promises\src\Promise.php(62): GuzzleHttp\Promise\Promise->waitIfPending()
#10 E:\xampp73\htdocs\filecroco\loader\vendor\guzzlehttp\promises\src\EachPromise.php(101): GuzzleHttp\Promise\Promise->wait()
#11 E:\xampp73\htdocs\filecroco\loader\vendor\guzzlehttp\promises\src\Promise.php(246): GuzzleHttp\Promise\EachPromise->GuzzleHttp\Promise\{closure}(true)
#12 E:\xampp73\htdocs\filecroco\loader\vendor\guzzlehttp\promises\src\Promise.php(223): GuzzleHttp\Promise\Promise->invokeWaitFn()
#13 E:\xampp73\htdocs\filecroco\loader\vendor\guzzlehttp\promises\src\Promise.php(62): GuzzleHttp\Promise\Promise->waitIfPending()
#14 E:\xampp73\htdocs\filecroco\loader\updatedownloadlink.php(95): GuzzleHttp\Promise\Promise->wait()
#15 {main}|476GuzzleHttp\Exception\RequestException: cURL error 56:  (see http://curl.haxx.se/libcurl/c/libcurl-errors.html) in E:\xampp73\htdocs\filecroco\loader\vendor\guzzlehttp\guzzle\src\Handler\CurlFactory.php:186
Stack trace:
#0 E:\xampp73\htdocs\filecroco\loader\vendor\guzzlehttp\guzzle\src\Handler\CurlFactory.php(149): GuzzleHttp\Handler\CurlFactory::createRejection(Object(GuzzleHttp\Handler\EasyHandle), Array)
#1 E:\xampp73\htdocs\filecroco\loader\vendor\guzzlehttp\guzzle\src\Handler\CurlFactory.php(102): GuzzleHttp\Handler\CurlFactory::finishError(Object(GuzzleHttp\Handler\CurlMultiHandler), Object(GuzzleHttp\Handler\EasyHandle), Object(GuzzleHttp\Handler\CurlFactory))
#2 E:\xampp73\htdocs\filecroco\loader\vendor\guzzlehttp\guzzle\src\Handler\CurlMultiHandler.php(181): GuzzleHttp\Handler\CurlFactory::finish(Object(GuzzleHttp\Handler\CurlMultiHandler), Object(GuzzleHttp\Handler\EasyHandle), Object(GuzzleHttp\Handler\CurlFactory))
#3 E:\xampp73\htdocs\filecroco\loader\vendor\guzzlehttp\guzzle\src\Handler\CurlMultiHandler.php(110): GuzzleHttp\Handler\CurlMultiHandler->processMessages()
#4 E:\xampp73\htdocs\filecroco\loader\vendor\guzzlehttp\guzzle\src\Handler\CurlMultiHandler.php(125): GuzzleHttp\Handler\CurlMultiHandler->tick()
#5 E:\xampp73\htdocs\filecroco\loader\vendor\guzzlehttp\promises\src\Promise.php(246): GuzzleHttp\Handler\CurlMultiHandler->execute(true)
#6 E:\xampp73\htdocs\filecroco\loader\vendor\guzzlehttp\promises\src\Promise.php(223): GuzzleHttp\Promise\Promise->invokeWaitFn()
#7 E:\xampp73\htdocs\filecroco\loader\vendor\guzzlehttp\promises\src\Promise.php(267): GuzzleHttp\Promise\Promise->waitIfPending()
#8 E:\xampp73\htdocs\filecroco\loader\vendor\guzzlehttp\promises\src\Promise.php(225): GuzzleHttp\Promise\Promise->invokeWaitList()
#9 E:\xampp73\htdocs\filecroco\loader\vendor\guzzlehttp\promises\src\Promise.php(62): GuzzleHttp\Promise\Promise->waitIfPending()
#10 E:\xampp73\htdocs\filecroco\loader\vendor\guzzlehttp\promises\src\EachPromise.php(101): GuzzleHttp\Promise\Promise->wait()
#11 E:\xampp73\htdocs\filecroco\loader\vendor\guzzlehttp\promises\src\Promise.php(246): GuzzleHttp\Promise\EachPromise->GuzzleHttp\Promise\{closure}(true)
#12 E:\xampp73\htdocs\filecroco\loader\vendor\guzzlehttp\promises\src\Promise.php(223): GuzzleHttp\Promise\Promise->invokeWaitFn()
#13 E:\xampp73\htdocs\filecroco\loader\vendor\guzzlehttp\promises\src\Promise.php(62): GuzzleHttp\Promise\Promise->waitIfPending()
#14 E:\xampp73\htdocs\filecroco\loader\updatedownloadlink.php(95): GuzzleHttp\Promise\Promise->wait()
#15 {main}|477GuzzleHttp\Exception\RequestException: cURL error 56:  (see http://curl.haxx.se/libcurl/c/libcurl-errors.html) in E:\xampp73\htdocs\filecroco\loader\vendor\guzzlehttp\guzzle\src\Handler\CurlFactory.php:186
Stack trace:
#0 E:\xampp73\htdocs\filecroco\loader\vendor\guzzlehttp\guzzle\src\Handler\CurlFactory.php(149): GuzzleHttp\Handler\CurlFactory::createRejection(Object(GuzzleHttp\Handler\EasyHandle), Array)
#1 E:\xampp73\htdocs\filecroco\loader\vendor\guzzlehttp\guzzle\src\Handler\CurlFactory.php(102): GuzzleHttp\Handler\CurlFactory::finishError(Object(GuzzleHttp\Handler\CurlMultiHandler), Object(GuzzleHttp\Handler\EasyHandle), Object(GuzzleHttp\Handler\CurlFactory))
#2 E:\xampp73\htdocs\filecroco\loader\vendor\guzzlehttp\guzzle\src\Handler\CurlMultiHandler.php(181): GuzzleHttp\Handler\CurlFactory::finish(Object(GuzzleHttp\Handler\CurlMultiHandler), Object(GuzzleHttp\Handler\EasyHandle), Object(GuzzleHttp\Handler\CurlFactory))
#3 E:\xampp73\htdocs\filecroco\loader\vendor\guzzlehttp\guzzle\src\Handler\CurlMultiHandler.php(110): GuzzleHttp\Handler\CurlMultiHandler->processMessages()
#4 E:\xampp73\htdocs\filecroco\loader\vendor\guzzlehttp\guzzle\src\Handler\CurlMultiHandler.php(125): GuzzleHttp\Handler\CurlMultiHandler->tick()
#5 E:\xampp73\htdocs\filecroco\loader\vendor\guzzlehttp\promises\src\Promise.php(246): GuzzleHttp\Handler\CurlMultiHandler->execute(true)
#6 E:\xampp73\htdocs\filecroco\loader\vendor\guzzlehttp\promises\src\Promise.php(223): GuzzleHttp\Promise\Promise->invokeWaitFn()
#7 E:\xampp73\htdocs\filecroco\loader\vendor\guzzlehttp\promises\src\Promise.php(267): GuzzleHttp\Promise\Promise->waitIfPending()
#8 E:\xampp73\htdocs\filecroco\loader\vendor\guzzlehttp\promises\src\Promise.php(225): GuzzleHttp\Promise\Promise->invokeWaitList()
#9 E:\xampp73\htdocs\filecroco\loader\vendor\guzzlehttp\promises\src\Promise.php(62): GuzzleHttp\Promise\Promise->waitIfPending()
#10 E:\xampp73\htdocs\filecroco\loader\vendor\guzzlehttp\promises\src\EachPromise.php(101): GuzzleHttp\Promise\Promise->wait()
#11 E:\xampp73\htdocs\filecroco\loader\vendor\guzzlehttp\promises\src\Promise.php(246): GuzzleHttp\Promise\EachPromise->GuzzleHttp\Promise\{closure}(true)
#12 E:\xampp73\htdocs\filecroco\loader\vendor\guzzlehttp\promises\src\Promise.php(223): GuzzleHttp\Promise\Promise->invokeWaitFn()
#13 E:\xampp73\htdocs\filecroco\loader\vendor\guzzlehttp\promises\src\Promise.php(62): GuzzleHttp\Promise\Promise->waitIfPending()
#14 E:\xampp73\htdocs\filecroco\loader\updatedownloadlink.php(95): GuzzleHttp\Promise\Promise->wait()
#15 {main}|478GuzzleHttp\Exception\RequestException: cURL error 56:  (see http://curl.haxx.se/libcurl/c/libcurl-errors.html) in E:\xampp73\htdocs\filecroco\loader\vendor\guzzlehttp\guzzle\src\Handler\CurlFactory.php:186
Stack trace:
#0 E:\xampp73\htdocs\filecroco\loader\vendor\guzzlehttp\guzzle\src\Handler\CurlFactory.php(149): GuzzleHttp\Handler\CurlFactory::createRejection(Object(GuzzleHttp\Handler\EasyHandle), Array)
#1 E:\xampp73\htdocs\filecroco\loader\vendor\guzzlehttp\guzzle\src\Handler\CurlFactory.php(102): GuzzleHttp\Handler\CurlFactory::finishError(Object(GuzzleHttp\Handler\CurlMultiHandler), Object(GuzzleHttp\Handler\EasyHandle), Object(GuzzleHttp\Handler\CurlFactory))
#2 E:\xampp73\htdocs\filecroco\loader\vendor\guzzlehttp\guzzle\src\Handler\CurlMultiHandler.php(181): GuzzleHttp\Handler\CurlFactory::finish(Object(GuzzleHttp\Handler\CurlMultiHandler), Object(GuzzleHttp\Handler\EasyHandle), Object(GuzzleHttp\Handler\CurlFactory))
#3 E:\xampp73\htdocs\filecroco\loader\vendor\guzzlehttp\guzzle\src\Handler\CurlMultiHandler.php(110): GuzzleHttp\Handler\CurlMultiHandler->processMessages()
#4 E:\xampp73\htdocs\filecroco\loader\vendor\guzzlehttp\guzzle\src\Handler\CurlMultiHandler.php(125): GuzzleHttp\Handler\CurlMultiHandler->tick()
#5 E:\xampp73\htdocs\filecroco\loader\vendor\guzzlehttp\promises\src\Promise.php(246): GuzzleHttp\Handler\CurlMultiHandler->execute(true)
#6 E:\xampp73\htdocs\filecroco\loader\vendor\guzzlehttp\promises\src\Promise.php(223): GuzzleHttp\Promise\Promise->invokeWaitFn()
#7 E:\xampp73\htdocs\filecroco\loader\vendor\guzzlehttp\promises\src\Promise.php(267): GuzzleHttp\Promise\Promise->waitIfPending()
#8 E:\xampp73\htdocs\filecroco\loader\vendor\guzzlehttp\promises\src\Promise.php(225): GuzzleHttp\Promise\Promise->invokeWaitList()
#9 E:\xampp73\htdocs\filecroco\loader\vendor\guzzlehttp\promises\src\Promise.php(62): GuzzleHttp\Promise\Promise->waitIfPending()
#10 E:\xampp73\htdocs\filecroco\loader\vendor\guzzlehttp\promises\src\EachPromise.php(101): GuzzleHttp\Promise\Promise->wait()
#11 E:\xampp73\htdocs\filecroco\loader\vendor\guzzlehttp\promises\src\Promise.php(246): GuzzleHttp\Promise\EachPromise->GuzzleHttp\Promise\{closure}(true)
#12 E:\xampp73\htdocs\filecroco\loader\vendor\guzzlehttp\promises\src\Promise.php(223): GuzzleHttp\Promise\Promise->invokeWaitFn()
#13 E:\xampp73\htdocs\filecroco\loader\vendor\guzzlehttp\promises\src\Promise.php(62): GuzzleHttp\Promise\Promise->waitIfPending()
#14 E:\xampp73\htdocs\filecroco\loader\updatedownloadlink.php(95): GuzzleHttp\Promise\Promise->wait()
#15 {main}|479GuzzleHttp\Exception\RequestException: cURL error 56:  (see http://curl.haxx.se/libcurl/c/libcurl-errors.html) in E:\xampp73\htdocs\filecroco\loader\vendor\guzzlehttp\guzzle\src\Handler\CurlFactory.php:186
Stack trace:
#0 E:\xampp73\htdocs\filecroco\loader\vendor\guzzlehttp\guzzle\src\Handler\CurlFactory.php(149): GuzzleHttp\Handler\CurlFactory::createRejection(Object(GuzzleHttp\Handler\EasyHandle), Array)
#1 E:\xampp73\htdocs\filecroco\loader\vendor\guzzlehttp\guzzle\src\Handler\CurlFactory.php(102): GuzzleHttp\Handler\CurlFactory::finishError(Object(GuzzleHttp\Handler\CurlMultiHandler), Object(GuzzleHttp\Handler\EasyHandle), Object(GuzzleHttp\Handler\CurlFactory))
#2 E:\xampp73\htdocs\filecroco\loader\vendor\guzzlehttp\guzzle\src\Handler\CurlMultiHandler.php(181): GuzzleHttp\Handler\CurlFactory::finish(Object(GuzzleHttp\Handler\CurlMultiHandler), Object(GuzzleHttp\Handler\EasyHandle), Object(GuzzleHttp\Handler\CurlFactory))
#3 E:\xampp73\htdocs\filecroco\loader\vendor\guzzlehttp\guzzle\src\Handler\CurlMultiHandler.php(110): GuzzleHttp\Handler\CurlMultiHandler->processMessages()
#4 E:\xampp73\htdocs\filecroco\loader\vendor\guzzlehttp\guzzle\src\Handler\CurlMultiHandler.php(125): GuzzleHttp\Handler\CurlMultiHandler->tick()
#5 E:\xampp73\htdocs\filecroco\loader\vendor\guzzlehttp\promises\src\Promise.php(246): GuzzleHttp\Handler\CurlMultiHandler->execute(true)
#6 E:\xampp73\htdocs\filecroco\loader\vendor\guzzlehttp\promises\src\Promise.php(223): GuzzleHttp\Promise\Promise->invokeWaitFn()
#7 E:\xampp73\htdocs\filecroco\loader\vendor\guzzlehttp\promises\src\Promise.php(267): GuzzleHttp\Promise\Promise->waitIfPending()
#8 E:\xampp73\htdocs\filecroco\loader\vendor\guzzlehttp\promises\src\Promise.php(225): GuzzleHttp\Promise\Promise->invokeWaitList()
#9 E:\xampp73\htdocs\filecroco\loader\vendor\guzzlehttp\promises\src\Promise.php(62): GuzzleHttp\Promise\Promise->waitIfPending()
#10 E:\xampp73\htdocs\filecroco\loader\vendor\guzzlehttp\promises\src\EachPromise.php(101): GuzzleHttp\Promise\Promise->wait()
#11 E:\xampp73\htdocs\filecroco\loader\vendor\guzzlehttp\promises\src\Promise.php(246): GuzzleHttp\Promise\EachPromise->GuzzleHttp\Promise\{closure}(true)
#12 E:\xampp73\htdocs\filecroco\loader\vendor\guzzlehttp\promises\src\Promise.php(223): GuzzleHttp\Promise\Promise->invokeWaitFn()
#13 E:\xampp73\htdocs\filecroco\loader\vendor\guzzlehttp\promises\src\Promise.php(62): GuzzleHttp\Promise\Promise->waitIfPending()
#14 E:\xampp73\htdocs\filecroco\loader\updatedownloadlink.php(95): GuzzleHttp\Promise\Promise->wait()
#15 {main}|480GuzzleHttp\Exception\RequestException: cURL error 56:  (see http://curl.haxx.se/libcurl/c/libcurl-errors.html) in E:\xampp73\htdocs\filecroco\loader\vendor\guzzlehttp\guzzle\src\Handler\CurlFactory.php:186
Stack trace:
#0 E:\xampp73\htdocs\filecroco\loader\vendor\guzzlehttp\guzzle\src\Handler\CurlFactory.php(149): GuzzleHttp\Handler\CurlFactory::createRejection(Object(GuzzleHttp\Handler\EasyHandle), Array)
#1 E:\xampp73\htdocs\filecroco\loader\vendor\guzzlehttp\guzzle\src\Handler\CurlFactory.php(102): GuzzleHttp\Handler\CurlFactory::finishError(Object(GuzzleHttp\Handler\CurlMultiHandler), Object(GuzzleHttp\Handler\EasyHandle), Object(GuzzleHttp\Handler\CurlFactory))
#2 E:\xampp73\htdocs\filecroco\loader\vendor\guzzlehttp\guzzle\src\Handler\CurlMultiHandler.php(181): GuzzleHttp\Handler\CurlFactory::finish(Object(GuzzleHttp\Handler\CurlMultiHandler), Object(GuzzleHttp\Handler\EasyHandle), Object(GuzzleHttp\Handler\CurlFactory))
#3 E:\xampp73\htdocs\filecroco\loader\vendor\guzzlehttp\guzzle\src\Handler\CurlMultiHandler.php(110): GuzzleHttp\Handler\CurlMultiHandler->processMessages()
#4 E:\xampp73\htdocs\filecroco\loader\vendor\guzzlehttp\guzzle\src\Handler\CurlMultiHandler.php(125): GuzzleHttp\Handler\CurlMultiHandler->tick()
#5 E:\xampp73\htdocs\filecroco\loader\vendor\guzzlehttp\promises\src\Promise.php(246): GuzzleHttp\Handler\CurlMultiHandler->execute(true)
#6 E:\xampp73\htdocs\filecroco\loader\vendor\guzzlehttp\promises\src\Promise.php(223): GuzzleHttp\Promise\Promise->invokeWaitFn()
#7 E:\xampp73\htdocs\filecroco\loader\vendor\guzzlehttp\promises\src\Promise.php(267): GuzzleHttp\Promise\Promise->waitIfPending()
#8 E:\xampp73\htdocs\filecroco\loader\vendor\guzzlehttp\promises\src\Promise.php(225): GuzzleHttp\Promise\Promise->invokeWaitList()
#9 E:\xampp73\htdocs\filecroco\loader\vendor\guzzlehttp\promises\src\Promise.php(62): GuzzleHttp\Promise\Promise->waitIfPending()
#10 E:\xampp73\htdocs\filecroco\loader\vendor\guzzlehttp\promises\src\EachPromise.php(101): GuzzleHttp\Promise\Promise->wait()
#11 E:\xampp73\htdocs\filecroco\loader\vendor\guzzlehttp\promises\src\Promise.php(246): GuzzleHttp\Promise\EachPromise->GuzzleHttp\Promise\{closure}(true)
#12 E:\xampp73\htdocs\filecroco\loader\vendor\guzzlehttp\promises\src\Promise.php(223): GuzzleHttp\Promise\Promise->invokeWaitFn()
#13 E:\xampp73\htdocs\filecroco\loader\vendor\guzzlehttp\promises\src\Promise.php(62): GuzzleHttp\Promise\Promise->waitIfPending()
#14 E:\xampp73\htdocs\filecroco\loader\updatedownloadlink.php(95): GuzzleHttp\Promise\Promise->wait()
#15 {main}|481GuzzleHttp\Exception\RequestException: cURL error 56:  (see http://curl.haxx.se/libcurl/c/libcurl-errors.html) in E:\xampp73\htdocs\filecroco\loader\vendor\guzzlehttp\guzzle\src\Handler\CurlFactory.php:186
Stack trace:
#0 E:\xampp73\htdocs\filecroco\loader\vendor\guzzlehttp\guzzle\src\Handler\CurlFactory.php(149): GuzzleHttp\Handler\CurlFactory::createRejection(Object(GuzzleHttp\Handler\EasyHandle), Array)
#1 E:\xampp73\htdocs\filecroco\loader\vendor\guzzlehttp\guzzle\src\Handler\CurlFactory.php(102): GuzzleHttp\Handler\CurlFactory::finishError(Object(GuzzleHttp\Handler\CurlMultiHandler), Object(GuzzleHttp\Handler\EasyHandle), Object(GuzzleHttp\Handler\CurlFactory))
#2 E:\xampp73\htdocs\filecroco\loader\vendor\guzzlehttp\guzzle\src\Handler\CurlMultiHandler.php(181): GuzzleHttp\Handler\CurlFactory::finish(Object(GuzzleHttp\Handler\CurlMultiHandler), Object(GuzzleHttp\Handler\EasyHandle), Object(GuzzleHttp\Handler\CurlFactory))
#3 E:\xampp73\htdocs\filecroco\loader\vendor\guzzlehttp\guzzle\src\Handler\CurlMultiHandler.php(110): GuzzleHttp\Handler\CurlMultiHandler->processMessages()
#4 E:\xampp73\htdocs\filecroco\loader\vendor\guzzlehttp\guzzle\src\Handler\CurlMultiHandler.php(125): GuzzleHttp\Handler\CurlMultiHandler->tick()
#5 E:\xampp73\htdocs\filecroco\loader\vendor\guzzlehttp\promises\src\Promise.php(246): GuzzleHttp\Handler\CurlMultiHandler->execute(true)
#6 E:\xampp73\htdocs\filecroco\loader\vendor\guzzlehttp\promises\src\Promise.php(223): GuzzleHttp\Promise\Promise->invokeWaitFn()
#7 E:\xampp73\htdocs\filecroco\loader\vendor\guzzlehttp\promises\src\Promise.php(267): GuzzleHttp\Promise\Promise->waitIfPending()
#8 E:\xampp73\htdocs\filecroco\loader\vendor\guzzlehttp\promises\src\Promise.php(225): GuzzleHttp\Promise\Promise->invokeWaitList()
#9 E:\xampp73\htdocs\filecroco\loader\vendor\guzzlehttp\promises\src\Promise.php(62): GuzzleHttp\Promise\Promise->waitIfPending()
#10 E:\xampp73\htdocs\filecroco\loader\vendor\guzzlehttp\promises\src\EachPromise.php(101): GuzzleHttp\Promise\Promise->wait()
#11 E:\xampp73\htdocs\filecroco\loader\vendor\guzzlehttp\promises\src\Promise.php(246): GuzzleHttp\Promise\EachPromise->GuzzleHttp\Promise\{closure}(true)
#12 E:\xampp73\htdocs\filecroco\loader\vendor\guzzlehttp\promises\src\Promise.php(223): GuzzleHttp\Promise\Promise->invokeWaitFn()
#13 E:\xampp73\htdocs\filecroco\loader\vendor\guzzlehttp\promises\src\Promise.php(62): GuzzleHttp\Promise\Promise->waitIfPending()
#14 E:\xampp73\htdocs\filecroco\loader\updatedownloadlink.php(95): GuzzleHttp\Promise\Promise->wait()
#15 {main}|482GuzzleHttp\Exception\RequestException: cURL error 56:  (see http://curl.haxx.se/libcurl/c/libcurl-errors.html) in E:\xampp73\htdocs\filecroco\loader\vendor\guzzlehttp\guzzle\src\Handler\CurlFactory.php:186
Stack trace:
#0 E:\xampp73\htdocs\filecroco\loader\vendor\guzzlehttp\guzzle\src\Handler\CurlFactory.php(149): GuzzleHttp\Handler\CurlFactory::createRejection(Object(GuzzleHttp\Handler\EasyHandle), Array)
#1 E:\xampp73\htdocs\filecroco\loader\vendor\guzzlehttp\guzzle\src\Handler\CurlFactory.php(102): GuzzleHttp\Handler\CurlFactory::finishError(Object(GuzzleHttp\Handler\CurlMultiHandler), Object(GuzzleHttp\Handler\EasyHandle), Object(GuzzleHttp\Handler\CurlFactory))
#2 E:\xampp73\htdocs\filecroco\loader\vendor\guzzlehttp\guzzle\src\Handler\CurlMultiHandler.php(181): GuzzleHttp\Handler\CurlFactory::finish(Object(GuzzleHttp\Handler\CurlMultiHandler), Object(GuzzleHttp\Handler\EasyHandle), Object(GuzzleHttp\Handler\CurlFactory))
#3 E:\xampp73\htdocs\filecroco\loader\vendor\guzzlehttp\guzzle\src\Handler\CurlMultiHandler.php(110): GuzzleHttp\Handler\CurlMultiHandler->processMessages()
#4 E:\xampp73\htdocs\filecroco\loader\vendor\guzzlehttp\guzzle\src\Handler\CurlMultiHandler.php(125): GuzzleHttp\Handler\CurlMultiHandler->tick()
#5 E:\xampp73\htdocs\filecroco\loader\vendor\guzzlehttp\promises\src\Promise.php(246): GuzzleHttp\Handler\CurlMultiHandler->execute(true)
#6 E:\xampp73\htdocs\filecroco\loader\vendor\guzzlehttp\promises\src\Promise.php(223): GuzzleHttp\Promise\Promise->invokeWaitFn()
#7 E:\xampp73\htdocs\filecroco\loader\vendor\guzzlehttp\promises\src\Promise.php(267): GuzzleHttp\Promise\Promise->waitIfPending()
#8 E:\xampp73\htdocs\filecroco\loader\vendor\guzzlehttp\promises\src\Promise.php(225): GuzzleHttp\Promise\Promise->invokeWaitList()
#9 E:\xampp73\htdocs\filecroco\loader\vendor\guzzlehttp\promises\src\Promise.php(62): GuzzleHttp\Promise\Promise->waitIfPending()
#10 E:\xampp73\htdocs\filecroco\loader\vendor\guzzlehttp\promises\src\EachPromise.php(101): GuzzleHttp\Promise\Promise->wait()
#11 E:\xampp73\htdocs\filecroco\loader\vendor\guzzlehttp\promises\src\Promise.php(246): GuzzleHttp\Promise\EachPromise->GuzzleHttp\Promise\{closure}(true)
#12 E:\xampp73\htdocs\filecroco\loader\vendor\guzzlehttp\promises\src\Promise.php(223): GuzzleHttp\Promise\Promise->invokeWaitFn()
#13 E:\xampp73\htdocs\filecroco\loader\vendor\guzzlehttp\promises\src\Promise.php(62): GuzzleHttp\Promise\Promise->waitIfPending()
#14 E:\xampp73\htdocs\filecroco\loader\updatedownloadlink.php(95): GuzzleHttp\Promise\Promise->wait()
#15 {main}|483GuzzleHttp\Exception\RequestException: cURL error 56:  (see http://curl.haxx.se/libcurl/c/libcurl-errors.html) in E:\xampp73\htdocs\filecroco\loader\vendor\guzzlehttp\guzzle\src\Handler\CurlFactory.php:186
Stack trace:
#0 E:\xampp73\htdocs\filecroco\loader\vendor\guzzlehttp\guzzle\src\Handler\CurlFactory.php(149): GuzzleHttp\Handler\CurlFactory::createRejection(Object(GuzzleHttp\Handler\EasyHandle), Array)
#1 E:\xampp73\htdocs\filecroco\loader\vendor\guzzlehttp\guzzle\src\Handler\CurlFactory.php(102): GuzzleHttp\Handler\CurlFactory::finishError(Object(GuzzleHttp\Handler\CurlMultiHandler), Object(GuzzleHttp\Handler\EasyHandle), Object(GuzzleHttp\Handler\CurlFactory))
#2 E:\xampp73\htdocs\filecroco\loader\vendor\guzzlehttp\guzzle\src\Handler\CurlMultiHandler.php(181): GuzzleHttp\Handler\CurlFactory::finish(Object(GuzzleHttp\Handler\CurlMultiHandler), Object(GuzzleHttp\Handler\EasyHandle), Object(GuzzleHttp\Handler\CurlFactory))
#3 E:\xampp73\htdocs\filecroco\loader\vendor\guzzlehttp\guzzle\src\Handler\CurlMultiHandler.php(110): GuzzleHttp\Handler\CurlMultiHandler->processMessages()
#4 E:\xampp73\htdocs\filecroco\loader\vendor\guzzlehttp\guzzle\src\Handler\CurlMultiHandler.php(125): GuzzleHttp\Handler\CurlMultiHandler->tick()
#5 E:\xampp73\htdocs\filecroco\loader\vendor\guzzlehttp\promises\src\Promise.php(246): GuzzleHttp\Handler\CurlMultiHandler->execute(true)
#6 E:\xampp73\htdocs\filecroco\loader\vendor\guzzlehttp\promises\src\Promise.php(223): GuzzleHttp\Promise\Promise->invokeWaitFn()
#7 E:\xampp73\htdocs\filecroco\loader\vendor\guzzlehttp\promises\src\Promise.php(267): GuzzleHttp\Promise\Promise->waitIfPending()
#8 E:\xampp73\htdocs\filecroco\loader\vendor\guzzlehttp\promises\src\Promise.php(225): GuzzleHttp\Promise\Promise->invokeWaitList()
#9 E:\xampp73\htdocs\filecroco\loader\vendor\guzzlehttp\promises\src\Promise.php(62): GuzzleHttp\Promise\Promise->waitIfPending()
#10 E:\xampp73\htdocs\filecroco\loader\vendor\guzzlehttp\promises\src\EachPromise.php(101): GuzzleHttp\Promise\Promise->wait()
#11 E:\xampp73\htdocs\filecroco\loader\vendor\guzzlehttp\promises\src\Promise.php(246): GuzzleHttp\Promise\EachPromise->GuzzleHttp\Promise\{closure}(true)
#12 E:\xampp73\htdocs\filecroco\loader\vendor\guzzlehttp\promises\src\Promise.php(223): GuzzleHttp\Promise\Promise->invokeWaitFn()
#13 E:\xampp73\htdocs\filecroco\loader\vendor\guzzlehttp\promises\src\Promise.php(62): GuzzleHttp\Promise\Promise->waitIfPending()
#14 E:\xampp73\htdocs\filecroco\loader\updatedownloadlink.php(95): GuzzleHttp\Promise\Promise->wait()
#15 {main}|484GuzzleHttp\Exception\RequestException: cURL error 56:  (see http://curl.haxx.se/libcurl/c/libcurl-errors.html) in E:\xampp73\htdocs\filecroco\loader\vendor\guzzlehttp\guzzle\src\Handler\CurlFactory.php:186
Stack trace:
#0 E:\xampp73\htdocs\filecroco\loader\vendor\guzzlehttp\guzzle\src\Handler\CurlFactory.php(149): GuzzleHttp\Handler\CurlFactory::createRejection(Object(GuzzleHttp\Handler\EasyHandle), Array)
#1 E:\xampp73\htdocs\filecroco\loader\vendor\guzzlehttp\guzzle\src\Handler\CurlFactory.php(102): GuzzleHttp\Handler\CurlFactory::finishError(Object(GuzzleHttp\Handler\CurlMultiHandler), Object(GuzzleHttp\Handler\EasyHandle), Object(GuzzleHttp\Handler\CurlFactory))
#2 E:\xampp73\htdocs\filecroco\loader\vendor\guzzlehttp\guzzle\src\Handler\CurlMultiHandler.php(181): GuzzleHttp\Handler\CurlFactory::finish(Object(GuzzleHttp\Handler\CurlMultiHandler), Object(GuzzleHttp\Handler\EasyHandle), Object(GuzzleHttp\Handler\CurlFactory))
#3 E:\xampp73\htdocs\filecroco\loader\vendor\guzzlehttp\guzzle\src\Handler\CurlMultiHandler.php(110): GuzzleHttp\Handler\CurlMultiHandler->processMessages()
#4 E:\xampp73\htdocs\filecroco\loader\vendor\guzzlehttp\guzzle\src\Handler\CurlMultiHandler.php(125): GuzzleHttp\Handler\CurlMultiHandler->tick()
#5 E:\xampp73\htdocs\filecroco\loader\vendor\guzzlehttp\promises\src\Promise.php(246): GuzzleHttp\Handler\CurlMultiHandler->execute(true)
#6 E:\xampp73\htdocs\filecroco\loader\vendor\guzzlehttp\promises\src\Promise.php(223): GuzzleHttp\Promise\Promise->invokeWaitFn()
#7 E:\xampp73\htdocs\filecroco\loader\vendor\guzzlehttp\promises\src\Promise.php(267): GuzzleHttp\Promise\Promise->waitIfPending()
#8 E:\xampp73\htdocs\filecroco\loader\vendor\guzzlehttp\promises\src\Promise.php(225): GuzzleHttp\Promise\Promise->invokeWaitList()
#9 E:\xampp73\htdocs\filecroco\loader\vendor\guzzlehttp\promises\src\Promise.php(62): GuzzleHttp\Promise\Promise->waitIfPending()
#10 E:\xampp73\htdocs\filecroco\loader\vendor\guzzlehttp\promises\src\EachPromise.php(101): GuzzleHttp\Promise\Promise->wait()
#11 E:\xampp73\htdocs\filecroco\loader\vendor\guzzlehttp\promises\src\Promise.php(246): GuzzleHttp\Promise\EachPromise->GuzzleHttp\Promise\{closure}(true)
#12 E:\xampp73\htdocs\filecroco\loader\vendor\guzzlehttp\promises\src\Promise.php(223): GuzzleHttp\Promise\Promise->invokeWaitFn()
#13 E:\xampp73\htdocs\filecroco\loader\vendor\guzzlehttp\promises\src\Promise.php(62): GuzzleHttp\Promise\Promise->waitIfPending()
#14 E:\xampp73\htdocs\filecroco\loader\updatedownloadlink.php(95): GuzzleHttp\Promise\Promise->wait()
#15 {main}|485GuzzleHttp\Exception\RequestException: cURL error 56:  (see http://curl.haxx.se/libcurl/c/libcurl-errors.html) in E:\xampp73\htdocs\filecroco\loader\vendor\guzzlehttp\guzzle\src\Handler\CurlFactory.php:186
Stack trace:
#0 E:\xampp73\htdocs\filecroco\loader\vendor\guzzlehttp\guzzle\src\Handler\CurlFactory.php(149): GuzzleHttp\Handler\CurlFactory::createRejection(Object(GuzzleHttp\Handler\EasyHandle), Array)
#1 E:\xampp73\htdocs\filecroco\loader\vendor\guzzlehttp\guzzle\src\Handler\CurlFactory.php(102): GuzzleHttp\Handler\CurlFactory::finishError(Object(GuzzleHttp\Handler\CurlMultiHandler), Object(GuzzleHttp\Handler\EasyHandle), Object(GuzzleHttp\Handler\CurlFactory))
#2 E:\xampp73\htdocs\filecroco\loader\vendor\guzzlehttp\guzzle\src\Handler\CurlMultiHandler.php(181): GuzzleHttp\Handler\CurlFactory::finish(Object(GuzzleHttp\Handler\CurlMultiHandler), Object(GuzzleHttp\Handler\EasyHandle), Object(GuzzleHttp\Handler\CurlFactory))
#3 E:\xampp73\htdocs\filecroco\loader\vendor\guzzlehttp\guzzle\src\Handler\CurlMultiHandler.php(110): GuzzleHttp\Handler\CurlMultiHandler->processMessages()
#4 E:\xampp73\htdocs\filecroco\loader\vendor\guzzlehttp\guzzle\src\Handler\CurlMultiHandler.php(125): GuzzleHttp\Handler\CurlMultiHandler->tick()
#5 E:\xampp73\htdocs\filecroco\loader\vendor\guzzlehttp\promises\src\Promise.php(246): GuzzleHttp\Handler\CurlMultiHandler->execute(true)
#6 E:\xampp73\htdocs\filecroco\loader\vendor\guzzlehttp\promises\src\Promise.php(223): GuzzleHttp\Promise\Promise->invokeWaitFn()
#7 E:\xampp73\htdocs\filecroco\loader\vendor\guzzlehttp\promises\src\Promise.php(267): GuzzleHttp\Promise\Promise->waitIfPending()
#8 E:\xampp73\htdocs\filecroco\loader\vendor\guzzlehttp\promises\src\Promise.php(225): GuzzleHttp\Promise\Promise->invokeWaitList()
#9 E:\xampp73\htdocs\filecroco\loader\vendor\guzzlehttp\promises\src\Promise.php(62): GuzzleHttp\Promise\Promise->waitIfPending()
#10 E:\xampp73\htdocs\filecroco\loader\vendor\guzzlehttp\promises\src\EachPromise.php(101): GuzzleHttp\Promise\Promise->wait()
#11 E:\xampp73\htdocs\filecroco\loader\vendor\guzzlehttp\promises\src\Promise.php(246): GuzzleHttp\Promise\EachPromise->GuzzleHttp\Promise\{closure}(true)
#12 E:\xampp73\htdocs\filecroco\loader\vendor\guzzlehttp\promises\src\Promise.php(223): GuzzleHttp\Promise\Promise->invokeWaitFn()
#13 E:\xampp73\htdocs\filecroco\loader\vendor\guzzlehttp\promises\src\Promise.php(62): GuzzleHttp\Promise\Promise->waitIfPending()
#14 E:\xampp73\htdocs\filecroco\loader\updatedownloadlink.php(95): GuzzleHttp\Promise\Promise->wait()
#15 {main}|486GuzzleHttp\Exception\RequestException: cURL error 56:  (see http://curl.haxx.se/libcurl/c/libcurl-errors.html) in E:\xampp73\htdocs\filecroco\loader\vendor\guzzlehttp\guzzle\src\Handler\CurlFactory.php:186
Stack trace:
#0 E:\xampp73\htdocs\filecroco\loader\vendor\guzzlehttp\guzzle\src\Handler\CurlFactory.php(149): GuzzleHttp\Handler\CurlFactory::createRejection(Object(GuzzleHttp\Handler\EasyHandle), Array)
#1 E:\xampp73\htdocs\filecroco\loader\vendor\guzzlehttp\guzzle\src\Handler\CurlFactory.php(102): GuzzleHttp\Handler\CurlFactory::finishError(Object(GuzzleHttp\Handler\CurlMultiHandler), Object(GuzzleHttp\Handler\EasyHandle), Object(GuzzleHttp\Handler\CurlFactory))
#2 E:\xampp73\htdocs\filecroco\loader\vendor\guzzlehttp\guzzle\src\Handler\CurlMultiHandler.php(181): GuzzleHttp\Handler\CurlFactory::finish(Object(GuzzleHttp\Handler\CurlMultiHandler), Object(GuzzleHttp\Handler\EasyHandle), Object(GuzzleHttp\Handler\CurlFactory))
#3 E:\xampp73\htdocs\filecroco\loader\vendor\guzzlehttp\guzzle\src\Handler\CurlMultiHandler.php(110): GuzzleHttp\Handler\CurlMultiHandler->processMessages()
#4 E:\xampp73\htdocs\filecroco\loader\vendor\guzzlehttp\guzzle\src\Handler\CurlMultiHandler.php(125): GuzzleHttp\Handler\CurlMultiHandler->tick()
#5 E:\xampp73\htdocs\filecroco\loader\vendor\guzzlehttp\promises\src\Promise.php(246): GuzzleHttp\Handler\CurlMultiHandler->execute(true)
#6 E:\xampp73\htdocs\filecroco\loader\vendor\guzzlehttp\promises\src\Promise.php(223): GuzzleHttp\Promise\Promise->invokeWaitFn()
#7 E:\xampp73\htdocs\filecroco\loader\vendor\guzzlehttp\promises\src\Promise.php(267): GuzzleHttp\Promise\Promise->waitIfPending()
#8 E:\xampp73\htdocs\filecroco\loader\vendor\guzzlehttp\promises\src\Promise.php(225): GuzzleHttp\Promise\Promise->invokeWaitList()
#9 E:\xampp73\htdocs\filecroco\loader\vendor\guzzlehttp\promises\src\Promise.php(62): GuzzleHttp\Promise\Promise->waitIfPending()
#10 E:\xampp73\htdocs\filecroco\loader\vendor\guzzlehttp\promises\src\EachPromise.php(101): GuzzleHttp\Promise\Promise->wait()
#11 E:\xampp73\htdocs\filecroco\loader\vendor\guzzlehttp\promises\src\Promise.php(246): GuzzleHttp\Promise\EachPromise->GuzzleHttp\Promise\{closure}(true)
#12 E:\xampp73\htdocs\filecroco\loader\vendor\guzzlehttp\promises\src\Promise.php(223): GuzzleHttp\Promise\Promise->invokeWaitFn()
#13 E:\xampp73\htdocs\filecroco\loader\vendor\guzzlehttp\promises\src\Promise.php(62): GuzzleHttp\Promise\Promise->waitIfPending()
#14 E:\xampp73\htdocs\filecroco\loader\updatedownloadlink.php(95): GuzzleHttp\Promise\Promise->wait()
#15 {main}|487GuzzleHttp\Exception\RequestException: cURL error 56:  (see http://curl.haxx.se/libcurl/c/libcurl-errors.html) in E:\xampp73\htdocs\filecroco\loader\vendor\guzzlehttp\guzzle\src\Handler\CurlFactory.php:186
Stack trace:
#0 E:\xampp73\htdocs\filecroco\loader\vendor\guzzlehttp\guzzle\src\Handler\CurlFactory.php(149): GuzzleHttp\Handler\CurlFactory::createRejection(Object(GuzzleHttp\Handler\EasyHandle), Array)
#1 E:\xampp73\htdocs\filecroco\loader\vendor\guzzlehttp\guzzle\src\Handler\CurlFactory.php(102): GuzzleHttp\Handler\CurlFactory::finishError(Object(GuzzleHttp\Handler\CurlMultiHandler), Object(GuzzleHttp\Handler\EasyHandle), Object(GuzzleHttp\Handler\CurlFactory))
#2 E:\xampp73\htdocs\filecroco\loader\vendor\guzzlehttp\guzzle\src\Handler\CurlMultiHandler.php(181): GuzzleHttp\Handler\CurlFactory::finish(Object(GuzzleHttp\Handler\CurlMultiHandler), Object(GuzzleHttp\Handler\EasyHandle), Object(GuzzleHttp\Handler\CurlFactory))
#3 E:\xampp73\htdocs\filecroco\loader\vendor\guzzlehttp\guzzle\src\Handler\CurlMultiHandler.php(110): GuzzleHttp\Handler\CurlMultiHandler->processMessages()
#4 E:\xampp73\htdocs\filecroco\loader\vendor\guzzlehttp\guzzle\src\Handler\CurlMultiHandler.php(125): GuzzleHttp\Handler\CurlMultiHandler->tick()
#5 E:\xampp73\htdocs\filecroco\loader\vendor\guzzlehttp\promises\src\Promise.php(246): GuzzleHttp\Handler\CurlMultiHandler->execute(true)
#6 E:\xampp73\htdocs\filecroco\loader\vendor\guzzlehttp\promises\src\Promise.php(223): GuzzleHttp\Promise\Promise->invokeWaitFn()
#7 E:\xampp73\htdocs\filecroco\loader\vendor\guzzlehttp\promises\src\Promise.php(267): GuzzleHttp\Promise\Promise->waitIfPending()
#8 E:\xampp73\htdocs\filecroco\loader\vendor\guzzlehttp\promises\src\Promise.php(225): GuzzleHttp\Promise\Promise->invokeWaitList()
#9 E:\xampp73\htdocs\filecroco\loader\vendor\guzzlehttp\promises\src\Promise.php(62): GuzzleHttp\Promise\Promise->waitIfPending()
#10 E:\xampp73\htdocs\filecroco\loader\vendor\guzzlehttp\promises\src\EachPromise.php(101): GuzzleHttp\Promise\Promise->wait()
#11 E:\xampp73\htdocs\filecroco\loader\vendor\guzzlehttp\promises\src\Promise.php(246): GuzzleHttp\Promise\EachPromise->GuzzleHttp\Promise\{closure}(true)
#12 E:\xampp73\htdocs\filecroco\loader\vendor\guzzlehttp\promises\src\Promise.php(223): GuzzleHttp\Promise\Promise->invokeWaitFn()
#13 E:\xampp73\htdocs\filecroco\loader\vendor\guzzlehttp\promises\src\Promise.php(62): GuzzleHttp\Promise\Promise->waitIfPending()
#14 E:\xampp73\htdocs\filecroco\loader\updatedownloadlink.php(95): GuzzleHttp\Promise\Promise->wait()
#15 {main}|488GuzzleHttp\Exception\RequestException: cURL error 56:  (see http://curl.haxx.se/libcurl/c/libcurl-errors.html) in E:\xampp73\htdocs\filecroco\loader\vendor\guzzlehttp\guzzle\src\Handler\CurlFactory.php:186
Stack trace:
#0 E:\xampp73\htdocs\filecroco\loader\vendor\guzzlehttp\guzzle\src\Handler\CurlFactory.php(149): GuzzleHttp\Handler\CurlFactory::createRejection(Object(GuzzleHttp\Handler\EasyHandle), Array)
#1 E:\xampp73\htdocs\filecroco\loader\vendor\guzzlehttp\guzzle\src\Handler\CurlFactory.php(102): GuzzleHttp\Handler\CurlFactory::finishError(Object(GuzzleHttp\Handler\CurlMultiHandler), Object(GuzzleHttp\Handler\EasyHandle), Object(GuzzleHttp\Handler\CurlFactory))
#2 E:\xampp73\htdocs\filecroco\loader\vendor\guzzlehttp\guzzle\src\Handler\CurlMultiHandler.php(181): GuzzleHttp\Handler\CurlFactory::finish(Object(GuzzleHttp\Handler\CurlMultiHandler), Object(GuzzleHttp\Handler\EasyHandle), Object(GuzzleHttp\Handler\CurlFactory))
#3 E:\xampp73\htdocs\filecroco\loader\vendor\guzzlehttp\guzzle\src\Handler\CurlMultiHandler.php(110): GuzzleHttp\Handler\CurlMultiHandler->processMessages()
#4 E:\xampp73\htdocs\filecroco\loader\vendor\guzzlehttp\guzzle\src\Handler\CurlMultiHandler.php(125): GuzzleHttp\Handler\CurlMultiHandler->tick()
#5 E:\xampp73\htdocs\filecroco\loader\vendor\guzzlehttp\promises\src\Promise.php(246): GuzzleHttp\Handler\CurlMultiHandler->execute(true)
#6 E:\xampp73\htdocs\filecroco\loader\vendor\guzzlehttp\promises\src\Promise.php(223): GuzzleHttp\Promise\Promise->invokeWaitFn()
#7 E:\xampp73\htdocs\filecroco\loader\vendor\guzzlehttp\promises\src\Promise.php(267): GuzzleHttp\Promise\Promise->waitIfPending()
#8 E:\xampp73\htdocs\filecroco\loader\vendor\guzzlehttp\promises\src\Promise.php(225): GuzzleHttp\Promise\Promise->invokeWaitList()
#9 E:\xampp73\htdocs\filecroco\loader\vendor\guzzlehttp\promises\src\Promise.php(62): GuzzleHttp\Promise\Promise->waitIfPending()
#10 E:\xampp73\htdocs\filecroco\loader\vendor\guzzlehttp\promises\src\EachPromise.php(101): GuzzleHttp\Promise\Promise->wait()
#11 E:\xampp73\htdocs\filecroco\loader\vendor\guzzlehttp\promises\src\Promise.php(246): GuzzleHttp\Promise\EachPromise->GuzzleHttp\Promise\{closure}(true)
#12 E:\xampp73\htdocs\filecroco\loader\vendor\guzzlehttp\promises\src\Promise.php(223): GuzzleHttp\Promise\Promise->invokeWaitFn()
#13 E:\xampp73\htdocs\filecroco\loader\vendor\guzzlehttp\promises\src\Promise.php(62): GuzzleHttp\Promise\Promise->waitIfPending()
#14 E:\xampp73\htdocs\filecroco\loader\updatedownloadlink.php(95): GuzzleHttp\Promise\Promise->wait()
#15 {main}|489GuzzleHttp\Exception\RequestException: cURL error 56:  (see http://curl.haxx.se/libcurl/c/libcurl-errors.html) in E:\xampp73\htdocs\filecroco\loader\vendor\guzzlehttp\guzzle\src\Handler\CurlFactory.php:186
Stack trace:
#0 E:\xampp73\htdocs\filecroco\loader\vendor\guzzlehttp\guzzle\src\Handler\CurlFactory.php(149): GuzzleHttp\Handler\CurlFactory::createRejection(Object(GuzzleHttp\Handler\EasyHandle), Array)
#1 E:\xampp73\htdocs\filecroco\loader\vendor\guzzlehttp\guzzle\src\Handler\CurlFactory.php(102): GuzzleHttp\Handler\CurlFactory::finishError(Object(GuzzleHttp\Handler\CurlMultiHandler), Object(GuzzleHttp\Handler\EasyHandle), Object(GuzzleHttp\Handler\CurlFactory))
#2 E:\xampp73\htdocs\filecroco\loader\vendor\guzzlehttp\guzzle\src\Handler\CurlMultiHandler.php(181): GuzzleHttp\Handler\CurlFactory::finish(Object(GuzzleHttp\Handler\CurlMultiHandler), Object(GuzzleHttp\Handler\EasyHandle), Object(GuzzleHttp\Handler\CurlFactory))
#3 E:\xampp73\htdocs\filecroco\loader\vendor\guzzlehttp\guzzle\src\Handler\CurlMultiHandler.php(110): GuzzleHttp\Handler\CurlMultiHandler->processMessages()
#4 E:\xampp73\htdocs\filecroco\loader\vendor\guzzlehttp\guzzle\src\Handler\CurlMultiHandler.php(125): GuzzleHttp\Handler\CurlMultiHandler->tick()
#5 E:\xampp73\htdocs\filecroco\loader\vendor\guzzlehttp\promises\src\Promise.php(246): GuzzleHttp\Handler\CurlMultiHandler->execute(true)
#6 E:\xampp73\htdocs\filecroco\loader\vendor\guzzlehttp\promises\src\Promise.php(223): GuzzleHttp\Promise\Promise->invokeWaitFn()
#7 E:\xampp73\htdocs\filecroco\loader\vendor\guzzlehttp\promises\src\Promise.php(267): GuzzleHttp\Promise\Promise->waitIfPending()
#8 E:\xampp73\htdocs\filecroco\loader\vendor\guzzlehttp\promises\src\Promise.php(225): GuzzleHttp\Promise\Promise->invokeWaitList()
#9 E:\xampp73\htdocs\filecroco\loader\vendor\guzzlehttp\promises\src\Promise.php(62): GuzzleHttp\Promise\Promise->waitIfPending()
#10 E:\xampp73\htdocs\filecroco\loader\vendor\guzzlehttp\promises\src\EachPromise.php(101): GuzzleHttp\Promise\Promise->wait()
#11 E:\xampp73\htdocs\filecroco\loader\vendor\guzzlehttp\promises\src\Promise.php(246): GuzzleHttp\Promise\EachPromise->GuzzleHttp\Promise\{closure}(true)
#12 E:\xampp73\htdocs\filecroco\loader\vendor\guzzlehttp\promises\src\Promise.php(223): GuzzleHttp\Promise\Promise->invokeWaitFn()
#13 E:\xampp73\htdocs\filecroco\loader\vendor\guzzlehttp\promises\src\Promise.php(62): GuzzleHttp\Promise\Promise->waitIfPending()
#14 E:\xampp73\htdocs\filecroco\loader\updatedownloadlink.php(95): GuzzleHttp\Promise\Promise->wait()
#15 {main}|490GuzzleHttp\Exception\RequestException: cURL error 56:  (see http://curl.haxx.se/libcurl/c/libcurl-errors.html) in E:\xampp73\htdocs\filecroco\loader\vendor\guzzlehttp\guzzle\src\Handler\CurlFactory.php:186
Stack trace:
#0 E:\xampp73\htdocs\filecroco\loader\vendor\guzzlehttp\guzzle\src\Handler\CurlFactory.php(149): GuzzleHttp\Handler\CurlFactory::createRejection(Object(GuzzleHttp\Handler\EasyHandle), Array)
#1 E:\xampp73\htdocs\filecroco\loader\vendor\guzzlehttp\guzzle\src\Handler\CurlFactory.php(102): GuzzleHttp\Handler\CurlFactory::finishError(Object(GuzzleHttp\Handler\CurlMultiHandler), Object(GuzzleHttp\Handler\EasyHandle), Object(GuzzleHttp\Handler\CurlFactory))
#2 E:\xampp73\htdocs\filecroco\loader\vendor\guzzlehttp\guzzle\src\Handler\CurlMultiHandler.php(181): GuzzleHttp\Handler\CurlFactory::finish(Object(GuzzleHttp\Handler\CurlMultiHandler), Object(GuzzleHttp\Handler\EasyHandle), Object(GuzzleHttp\Handler\CurlFactory))
#3 E:\xampp73\htdocs\filecroco\loader\vendor\guzzlehttp\guzzle\src\Handler\CurlMultiHandler.php(110): GuzzleHttp\Handler\CurlMultiHandler->processMessages()
#4 E:\xampp73\htdocs\filecroco\loader\vendor\guzzlehttp\guzzle\src\Handler\CurlMultiHandler.php(125): GuzzleHttp\Handler\CurlMultiHandler->tick()
#5 E:\xampp73\htdocs\filecroco\loader\vendor\guzzlehttp\promises\src\Promise.php(246): GuzzleHttp\Handler\CurlMultiHandler->execute(true)
#6 E:\xampp73\htdocs\filecroco\loader\vendor\guzzlehttp\promises\src\Promise.php(223): GuzzleHttp\Promise\Promise->invokeWaitFn()
#7 E:\xampp73\htdocs\filecroco\loader\vendor\guzzlehttp\promises\src\Promise.php(267): GuzzleHttp\Promise\Promise->waitIfPending()
#8 E:\xampp73\htdocs\filecroco\loader\vendor\guzzlehttp\promises\src\Promise.php(225): GuzzleHttp\Promise\Promise->invokeWaitList()
#9 E:\xampp73\htdocs\filecroco\loader\vendor\guzzlehttp\promises\src\Promise.php(62): GuzzleHttp\Promise\Promise->waitIfPending()
#10 E:\xampp73\htdocs\filecroco\loader\vendor\guzzlehttp\promises\src\EachPromise.php(101): GuzzleHttp\Promise\Promise->wait()
#11 E:\xampp73\htdocs\filecroco\loader\vendor\guzzlehttp\promises\src\Promise.php(246): GuzzleHttp\Promise\EachPromise->GuzzleHttp\Promise\{closure}(true)
#12 E:\xampp73\htdocs\filecroco\loader\vendor\guzzlehttp\promises\src\Promise.php(223): GuzzleHttp\Promise\Promise->invokeWaitFn()
#13 E:\xampp73\htdocs\filecroco\loader\vendor\guzzlehttp\promises\src\Promise.php(62): GuzzleHttp\Promise\Promise->waitIfPending()
#14 E:\xampp73\htdocs\filecroco\loader\updatedownloadlink.php(95): GuzzleHttp\Promise\Promise->wait()
#15 {main}|491GuzzleHttp\Exception\RequestException: cURL error 56:  (see http://curl.haxx.se/libcurl/c/libcurl-errors.html) in E:\xampp73\htdocs\filecroco\loader\vendor\guzzlehttp\guzzle\src\Handler\CurlFactory.php:186
Stack trace:
#0 E:\xampp73\htdocs\filecroco\loader\vendor\guzzlehttp\guzzle\src\Handler\CurlFactory.php(149): GuzzleHttp\Handler\CurlFactory::createRejection(Object(GuzzleHttp\Handler\EasyHandle), Array)
#1 E:\xampp73\htdocs\filecroco\loader\vendor\guzzlehttp\guzzle\src\Handler\CurlFactory.php(102): GuzzleHttp\Handler\CurlFactory::finishError(Object(GuzzleHttp\Handler\CurlMultiHandler), Object(GuzzleHttp\Handler\EasyHandle), Object(GuzzleHttp\Handler\CurlFactory))
#2 E:\xampp73\htdocs\filecroco\loader\vendor\guzzlehttp\guzzle\src\Handler\CurlMultiHandler.php(181): GuzzleHttp\Handler\CurlFactory::finish(Object(GuzzleHttp\Handler\CurlMultiHandler), Object(GuzzleHttp\Handler\EasyHandle), Object(GuzzleHttp\Handler\CurlFactory))
#3 E:\xampp73\htdocs\filecroco\loader\vendor\guzzlehttp\guzzle\src\Handler\CurlMultiHandler.php(110): GuzzleHttp\Handler\CurlMultiHandler->processMessages()
#4 E:\xampp73\htdocs\filecroco\loader\vendor\guzzlehttp\guzzle\src\Handler\CurlMultiHandler.php(125): GuzzleHttp\Handler\CurlMultiHandler->tick()
#5 E:\xampp73\htdocs\filecroco\loader\vendor\guzzlehttp\promises\src\Promise.php(246): GuzzleHttp\Handler\CurlMultiHandler->execute(true)
#6 E:\xampp73\htdocs\filecroco\loader\vendor\guzzlehttp\promises\src\Promise.php(223): GuzzleHttp\Promise\Promise->invokeWaitFn()
#7 E:\xampp73\htdocs\filecroco\loader\vendor\guzzlehttp\promises\src\Promise.php(267): GuzzleHttp\Promise\Promise->waitIfPending()
#8 E:\xampp73\htdocs\filecroco\loader\vendor\guzzlehttp\promises\src\Promise.php(225): GuzzleHttp\Promise\Promise->invokeWaitList()
#9 E:\xampp73\htdocs\filecroco\loader\vendor\guzzlehttp\promises\src\Promise.php(62): GuzzleHttp\Promise\Promise->waitIfPending()
#10 E:\xampp73\htdocs\filecroco\loader\vendor\guzzlehttp\promises\src\EachPromise.php(101): GuzzleHttp\Promise\Promise->wait()
#11 E:\xampp73\htdocs\filecroco\loader\vendor\guzzlehttp\promises\src\Promise.php(246): GuzzleHttp\Promise\EachPromise->GuzzleHttp\Promise\{closure}(true)
#12 E:\xampp73\htdocs\filecroco\loader\vendor\guzzlehttp\promises\src\Promise.php(223): GuzzleHttp\Promise\Promise->invokeWaitFn()
#13 E:\xampp73\htdocs\filecroco\loader\vendor\guzzlehttp\promises\src\Promise.php(62): GuzzleHttp\Promise\Promise->waitIfPending()
#14 E:\xampp73\htdocs\filecroco\loader\updatedownloadlink.php(95): GuzzleHttp\Promise\Promise->wait()
#15 {main}|492GuzzleHttp\Exception\RequestException: cURL error 56:  (see http://curl.haxx.se/libcurl/c/libcurl-errors.html) in E:\xampp73\htdocs\filecroco\loader\vendor\guzzlehttp\guzzle\src\Handler\CurlFactory.php:186
Stack trace:
#0 E:\xampp73\htdocs\filecroco\loader\vendor\guzzlehttp\guzzle\src\Handler\CurlFactory.php(149): GuzzleHttp\Handler\CurlFactory::createRejection(Object(GuzzleHttp\Handler\EasyHandle), Array)
#1 E:\xampp73\htdocs\filecroco\loader\vendor\guzzlehttp\guzzle\src\Handler\CurlFactory.php(102): GuzzleHttp\Handler\CurlFactory::finishError(Object(GuzzleHttp\Handler\CurlMultiHandler), Object(GuzzleHttp\Handler\EasyHandle), Object(GuzzleHttp\Handler\CurlFactory))
#2 E:\xampp73\htdocs\filecroco\loader\vendor\guzzlehttp\guzzle\src\Handler\CurlMultiHandler.php(181): GuzzleHttp\Handler\CurlFactory::finish(Object(GuzzleHttp\Handler\CurlMultiHandler), Object(GuzzleHttp\Handler\EasyHandle), Object(GuzzleHttp\Handler\CurlFactory))
#3 E:\xampp73\htdocs\filecroco\loader\vendor\guzzlehttp\guzzle\src\Handler\CurlMultiHandler.php(110): GuzzleHttp\Handler\CurlMultiHandler->processMessages()
#4 E:\xampp73\htdocs\filecroco\loader\vendor\guzzlehttp\guzzle\src\Handler\CurlMultiHandler.php(125): GuzzleHttp\Handler\CurlMultiHandler->tick()
#5 E:\xampp73\htdocs\filecroco\loader\vendor\guzzlehttp\promises\src\Promise.php(246): GuzzleHttp\Handler\CurlMultiHandler->execute(true)
#6 E:\xampp73\htdocs\filecroco\loader\vendor\guzzlehttp\promises\src\Promise.php(223): GuzzleHttp\Promise\Promise->invokeWaitFn()
#7 E:\xampp73\htdocs\filecroco\loader\vendor\guzzlehttp\promises\src\Promise.php(267): GuzzleHttp\Promise\Promise->waitIfPending()
#8 E:\xampp73\htdocs\filecroco\loader\vendor\guzzlehttp\promises\src\Promise.php(225): GuzzleHttp\Promise\Promise->invokeWaitList()
#9 E:\xampp73\htdocs\filecroco\loader\vendor\guzzlehttp\promises\src\Promise.php(62): GuzzleHttp\Promise\Promise->waitIfPending()
#10 E:\xampp73\htdocs\filecroco\loader\vendor\guzzlehttp\promises\src\EachPromise.php(101): GuzzleHttp\Promise\Promise->wait()
#11 E:\xampp73\htdocs\filecroco\loader\vendor\guzzlehttp\promises\src\Promise.php(246): GuzzleHttp\Promise\EachPromise->GuzzleHttp\Promise\{closure}(true)
#12 E:\xampp73\htdocs\filecroco\loader\vendor\guzzlehttp\promises\src\Promise.php(223): GuzzleHttp\Promise\Promise->invokeWaitFn()
#13 E:\xampp73\htdocs\filecroco\loader\vendor\guzzlehttp\promises\src\Promise.php(62): GuzzleHttp\Promise\Promise->waitIfPending()
#14 E:\xampp73\htdocs\filecroco\loader\updatedownloadlink.php(95): GuzzleHttp\Promise\Promise->wait()
#15 {main}|493GuzzleHttp\Exception\RequestException: cURL error 56:  (see http://curl.haxx.se/libcurl/c/libcurl-errors.html) in E:\xampp73\htdocs\filecroco\loader\vendor\guzzlehttp\guzzle\src\Handler\CurlFactory.php:186
Stack trace:
#0 E:\xampp73\htdocs\filecroco\loader\vendor\guzzlehttp\guzzle\src\Handler\CurlFactory.php(149): GuzzleHttp\Handler\CurlFactory::createRejection(Object(GuzzleHttp\Handler\EasyHandle), Array)
#1 E:\xampp73\htdocs\filecroco\loader\vendor\guzzlehttp\guzzle\src\Handler\CurlFactory.php(102): GuzzleHttp\Handler\CurlFactory::finishError(Object(GuzzleHttp\Handler\CurlMultiHandler), Object(GuzzleHttp\Handler\EasyHandle), Object(GuzzleHttp\Handler\CurlFactory))
#2 E:\xampp73\htdocs\filecroco\loader\vendor\guzzlehttp\guzzle\src\Handler\CurlMultiHandler.php(181): GuzzleHttp\Handler\CurlFactory::finish(Object(GuzzleHttp\Handler\CurlMultiHandler), Object(GuzzleHttp\Handler\EasyHandle), Object(GuzzleHttp\Handler\CurlFactory))
#3 E:\xampp73\htdocs\filecroco\loader\vendor\guzzlehttp\guzzle\src\Handler\CurlMultiHandler.php(110): GuzzleHttp\Handler\CurlMultiHandler->processMessages()
#4 E:\xampp73\htdocs\filecroco\loader\vendor\guzzlehttp\guzzle\src\Handler\CurlMultiHandler.php(125): GuzzleHttp\Handler\CurlMultiHandler->tick()
#5 E:\xampp73\htdocs\filecroco\loader\vendor\guzzlehttp\promises\src\Promise.php(246): GuzzleHttp\Handler\CurlMultiHandler->execute(true)
#6 E:\xampp73\htdocs\filecroco\loader\vendor\guzzlehttp\promises\src\Promise.php(223): GuzzleHttp\Promise\Promise->invokeWaitFn()
#7 E:\xampp73\htdocs\filecroco\loader\vendor\guzzlehttp\promises\src\Promise.php(267): GuzzleHttp\Promise\Promise->waitIfPending()
#8 E:\xampp73\htdocs\filecroco\loader\vendor\guzzlehttp\promises\src\Promise.php(225): GuzzleHttp\Promise\Promise->invokeWaitList()
#9 E:\xampp73\htdocs\filecroco\loader\vendor\guzzlehttp\promises\src\Promise.php(62): GuzzleHttp\Promise\Promise->waitIfPending()
#10 E:\xampp73\htdocs\filecroco\loader\vendor\guzzlehttp\promises\src\EachPromise.php(101): GuzzleHttp\Promise\Promise->wait()
#11 E:\xampp73\htdocs\filecroco\loader\vendor\guzzlehttp\promises\src\Promise.php(246): GuzzleHttp\Promise\EachPromise->GuzzleHttp\Promise\{closure}(true)
#12 E:\xampp73\htdocs\filecroco\loader\vendor\guzzlehttp\promises\src\Promise.php(223): GuzzleHttp\Promise\Promise->invokeWaitFn()
#13 E:\xampp73\htdocs\filecroco\loader\vendor\guzzlehttp\promises\src\Promise.php(62): GuzzleHttp\Promise\Promise->waitIfPending()
#14 E:\xampp73\htdocs\filecroco\loader\updatedownloadlink.php(95): GuzzleHttp\Promise\Promise->wait()
#15 {main}|494GuzzleHttp\Exception\RequestException: cURL error 56:  (see http://curl.haxx.se/libcurl/c/libcurl-errors.html) in E:\xampp73\htdocs\filecroco\loader\vendor\guzzlehttp\guzzle\src\Handler\CurlFactory.php:186
Stack trace:
#0 E:\xampp73\htdocs\filecroco\loader\vendor\guzzlehttp\guzzle\src\Handler\CurlFactory.php(149): GuzzleHttp\Handler\CurlFactory::createRejection(Object(GuzzleHttp\Handler\EasyHandle), Array)
#1 E:\xampp73\htdocs\filecroco\loader\vendor\guzzlehttp\guzzle\src\Handler\CurlFactory.php(102): GuzzleHttp\Handler\CurlFactory::finishError(Object(GuzzleHttp\Handler\CurlMultiHandler), Object(GuzzleHttp\Handler\EasyHandle), Object(GuzzleHttp\Handler\CurlFactory))
#2 E:\xampp73\htdocs\filecroco\loader\vendor\guzzlehttp\guzzle\src\Handler\CurlMultiHandler.php(181): GuzzleHttp\Handler\CurlFactory::finish(Object(GuzzleHttp\Handler\CurlMultiHandler), Object(GuzzleHttp\Handler\EasyHandle), Object(GuzzleHttp\Handler\CurlFactory))
#3 E:\xampp73\htdocs\filecroco\loader\vendor\guzzlehttp\guzzle\src\Handler\CurlMultiHandler.php(110): GuzzleHttp\Handler\CurlMultiHandler->processMessages()
#4 E:\xampp73\htdocs\filecroco\loader\vendor\guzzlehttp\guzzle\src\Handler\CurlMultiHandler.php(125): GuzzleHttp\Handler\CurlMultiHandler->tick()
#5 E:\xampp73\htdocs\filecroco\loader\vendor\guzzlehttp\promises\src\Promise.php(246): GuzzleHttp\Handler\CurlMultiHandler->execute(true)
#6 E:\xampp73\htdocs\filecroco\loader\vendor\guzzlehttp\promises\src\Promise.php(223): GuzzleHttp\Promise\Promise->invokeWaitFn()
#7 E:\xampp73\htdocs\filecroco\loader\vendor\guzzlehttp\promises\src\Promise.php(267): GuzzleHttp\Promise\Promise->waitIfPending()
#8 E:\xampp73\htdocs\filecroco\loader\vendor\guzzlehttp\promises\src\Promise.php(225): GuzzleHttp\Promise\Promise->invokeWaitList()
#9 E:\xampp73\htdocs\filecroco\loader\vendor\guzzlehttp\promises\src\Promise.php(62): GuzzleHttp\Promise\Promise->waitIfPending()
#10 E:\xampp73\htdocs\filecroco\loader\vendor\guzzlehttp\promises\src\EachPromise.php(101): GuzzleHttp\Promise\Promise->wait()
#11 E:\xampp73\htdocs\filecroco\loader\vendor\guzzlehttp\promises\src\Promise.php(246): GuzzleHttp\Promise\EachPromise->GuzzleHttp\Promise\{closure}(true)
#12 E:\xampp73\htdocs\filecroco\loader\vendor\guzzlehttp\promises\src\Promise.php(223): GuzzleHttp\Promise\Promise->invokeWaitFn()
#13 E:\xampp73\htdocs\filecroco\loader\vendor\guzzlehttp\promises\src\Promise.php(62): GuzzleHttp\Promise\Promise->waitIfPending()
#14 E:\xampp73\htdocs\filecroco\loader\updatedownloadlink.php(95): GuzzleHttp\Promise\Promise->wait()
#15 {main}|495GuzzleHttp\Exception\RequestException: cURL error 56:  (see http://curl.haxx.se/libcurl/c/libcurl-errors.html) in E:\xampp73\htdocs\filecroco\loader\vendor\guzzlehttp\guzzle\src\Handler\CurlFactory.php:186
Stack trace:
#0 E:\xampp73\htdocs\filecroco\loader\vendor\guzzlehttp\guzzle\src\Handler\CurlFactory.php(149): GuzzleHttp\Handler\CurlFactory::createRejection(Object(GuzzleHttp\Handler\EasyHandle), Array)
#1 E:\xampp73\htdocs\filecroco\loader\vendor\guzzlehttp\guzzle\src\Handler\CurlFactory.php(102): GuzzleHttp\Handler\CurlFactory::finishError(Object(GuzzleHttp\Handler\CurlMultiHandler), Object(GuzzleHttp\Handler\EasyHandle), Object(GuzzleHttp\Handler\CurlFactory))
#2 E:\xampp73\htdocs\filecroco\loader\vendor\guzzlehttp\guzzle\src\Handler\CurlMultiHandler.php(181): GuzzleHttp\Handler\CurlFactory::finish(Object(GuzzleHttp\Handler\CurlMultiHandler), Object(GuzzleHttp\Handler\EasyHandle), Object(GuzzleHttp\Handler\CurlFactory))
#3 E:\xampp73\htdocs\filecroco\loader\vendor\guzzlehttp\guzzle\src\Handler\CurlMultiHandler.php(110): GuzzleHttp\Handler\CurlMultiHandler->processMessages()
#4 E:\xampp73\htdocs\filecroco\loader\vendor\guzzlehttp\guzzle\src\Handler\CurlMultiHandler.php(125): GuzzleHttp\Handler\CurlMultiHandler->tick()
#5 E:\xampp73\htdocs\filecroco\loader\vendor\guzzlehttp\promises\src\Promise.php(246): GuzzleHttp\Handler\CurlMultiHandler->execute(true)
#6 E:\xampp73\htdocs\filecroco\loader\vendor\guzzlehttp\promises\src\Promise.php(223): GuzzleHttp\Promise\Promise->invokeWaitFn()
#7 E:\xampp73\htdocs\filecroco\loader\vendor\guzzlehttp\promises\src\Promise.php(267): GuzzleHttp\Promise\Promise->waitIfPending()
#8 E:\xampp73\htdocs\filecroco\loader\vendor\guzzlehttp\promises\src\Promise.php(225): GuzzleHttp\Promise\Promise->invokeWaitList()
#9 E:\xampp73\htdocs\filecroco\loader\vendor\guzzlehttp\promises\src\Promise.php(62): GuzzleHttp\Promise\Promise->waitIfPending()
#10 E:\xampp73\htdocs\filecroco\loader\vendor\guzzlehttp\promises\src\EachPromise.php(101): GuzzleHttp\Promise\Promise->wait()
#11 E:\xampp73\htdocs\filecroco\loader\vendor\guzzlehttp\promises\src\Promise.php(246): GuzzleHttp\Promise\EachPromise->GuzzleHttp\Promise\{closure}(true)
#12 E:\xampp73\htdocs\filecroco\loader\vendor\guzzlehttp\promises\src\Promise.php(223): GuzzleHttp\Promise\Promise->invokeWaitFn()
#13 E:\xampp73\htdocs\filecroco\loader\vendor\guzzlehttp\promises\src\Promise.php(62): GuzzleHttp\Promise\Promise->waitIfPending()
#14 E:\xampp73\htdocs\filecroco\loader\updatedownloadlink.php(95): GuzzleHttp\Promise\Promise->wait()
#15 {main}|496GuzzleHttp\Exception\RequestException: cURL error 56:  (see http://curl.haxx.se/libcurl/c/libcurl-errors.html) in E:\xampp73\htdocs\filecroco\loader\vendor\guzzlehttp\guzzle\src\Handler\CurlFactory.php:186
Stack trace:
#0 E:\xampp73\htdocs\filecroco\loader\vendor\guzzlehttp\guzzle\src\Handler\CurlFactory.php(149): GuzzleHttp\Handler\CurlFactory::createRejection(Object(GuzzleHttp\Handler\EasyHandle), Array)
#1 E:\xampp73\htdocs\filecroco\loader\vendor\guzzlehttp\guzzle\src\Handler\CurlFactory.php(102): GuzzleHttp\Handler\CurlFactory::finishError(Object(GuzzleHttp\Handler\CurlMultiHandler), Object(GuzzleHttp\Handler\EasyHandle), Object(GuzzleHttp\Handler\CurlFactory))
#2 E:\xampp73\htdocs\filecroco\loader\vendor\guzzlehttp\guzzle\src\Handler\CurlMultiHandler.php(181): GuzzleHttp\Handler\CurlFactory::finish(Object(GuzzleHttp\Handler\CurlMultiHandler), Object(GuzzleHttp\Handler\EasyHandle), Object(GuzzleHttp\Handler\CurlFactory))
#3 E:\xampp73\htdocs\filecroco\loader\vendor\guzzlehttp\guzzle\src\Handler\CurlMultiHandler.php(110): GuzzleHttp\Handler\CurlMultiHandler->processMessages()
#4 E:\xampp73\htdocs\filecroco\loader\vendor\guzzlehttp\guzzle\src\Handler\CurlMultiHandler.php(125): GuzzleHttp\Handler\CurlMultiHandler->tick()
#5 E:\xampp73\htdocs\filecroco\loader\vendor\guzzlehttp\promises\src\Promise.php(246): GuzzleHttp\Handler\CurlMultiHandler->execute(true)
#6 E:\xampp73\htdocs\filecroco\loader\vendor\guzzlehttp\promises\src\Promise.php(223): GuzzleHttp\Promise\Promise->invokeWaitFn()
#7 E:\xampp73\htdocs\filecroco\loader\vendor\guzzlehttp\promises\src\Promise.php(267): GuzzleHttp\Promise\Promise->waitIfPending()
#8 E:\xampp73\htdocs\filecroco\loader\vendor\guzzlehttp\promises\src\Promise.php(225): GuzzleHttp\Promise\Promise->invokeWaitList()
#9 E:\xampp73\htdocs\filecroco\loader\vendor\guzzlehttp\promises\src\Promise.php(62): GuzzleHttp\Promise\Promise->waitIfPending()
#10 E:\xampp73\htdocs\filecroco\loader\vendor\guzzlehttp\promises\src\EachPromise.php(101): GuzzleHttp\Promise\Promise->wait()
#11 E:\xampp73\htdocs\filecroco\loader\vendor\guzzlehttp\promises\src\Promise.php(246): GuzzleHttp\Promise\EachPromise->GuzzleHttp\Promise\{closure}(true)
#12 E:\xampp73\htdocs\filecroco\loader\vendor\guzzlehttp\promises\src\Promise.php(223): GuzzleHttp\Promise\Promise->invokeWaitFn()
#13 E:\xampp73\htdocs\filecroco\loader\vendor\guzzlehttp\promises\src\Promise.php(62): GuzzleHttp\Promise\Promise->waitIfPending()
#14 E:\xampp73\htdocs\filecroco\loader\updatedownloadlink.php(95): GuzzleHttp\Promise\Promise->wait()
#15 {main}|497GuzzleHttp\Exception\RequestException: cURL error 56:  (see http://curl.haxx.se/libcurl/c/libcurl-errors.html) in E:\xampp73\htdocs\filecroco\loader\vendor\guzzlehttp\guzzle\src\Handler\CurlFactory.php:186
Stack trace:
#0 E:\xampp73\htdocs\filecroco\loader\vendor\guzzlehttp\guzzle\src\Handler\CurlFactory.php(149): GuzzleHttp\Handler\CurlFactory::createRejection(Object(GuzzleHttp\Handler\EasyHandle), Array)
#1 E:\xampp73\htdocs\filecroco\loader\vendor\guzzlehttp\guzzle\src\Handler\CurlFactory.php(102): GuzzleHttp\Handler\CurlFactory::finishError(Object(GuzzleHttp\Handler\CurlMultiHandler), Object(GuzzleHttp\Handler\EasyHandle), Object(GuzzleHttp\Handler\CurlFactory))
#2 E:\xampp73\htdocs\filecroco\loader\vendor\guzzlehttp\guzzle\src\Handler\CurlMultiHandler.php(181): GuzzleHttp\Handler\CurlFactory::finish(Object(GuzzleHttp\Handler\CurlMultiHandler), Object(GuzzleHttp\Handler\EasyHandle), Object(GuzzleHttp\Handler\CurlFactory))
#3 E:\xampp73\htdocs\filecroco\loader\vendor\guzzlehttp\guzzle\src\Handler\CurlMultiHandler.php(110): GuzzleHttp\Handler\CurlMultiHandler->processMessages()
#4 E:\xampp73\htdocs\filecroco\loader\vendor\guzzlehttp\guzzle\src\Handler\CurlMultiHandler.php(125): GuzzleHttp\Handler\CurlMultiHandler->tick()
#5 E:\xampp73\htdocs\filecroco\loader\vendor\guzzlehttp\promises\src\Promise.php(246): GuzzleHttp\Handler\CurlMultiHandler->execute(true)
#6 E:\xampp73\htdocs\filecroco\loader\vendor\guzzlehttp\promises\src\Promise.php(223): GuzzleHttp\Promise\Promise->invokeWaitFn()
#7 E:\xampp73\htdocs\filecroco\loader\vendor\guzzlehttp\promises\src\Promise.php(267): GuzzleHttp\Promise\Promise->waitIfPending()
#8 E:\xampp73\htdocs\filecroco\loader\vendor\guzzlehttp\promises\src\Promise.php(225): GuzzleHttp\Promise\Promise->invokeWaitList()
#9 E:\xampp73\htdocs\filecroco\loader\vendor\guzzlehttp\promises\src\Promise.php(62): GuzzleHttp\Promise\Promise->waitIfPending()
#10 E:\xampp73\htdocs\filecroco\loader\vendor\guzzlehttp\promises\src\EachPromise.php(101): GuzzleHttp\Promise\Promise->wait()
#11 E:\xampp73\htdocs\filecroco\loader\vendor\guzzlehttp\promises\src\Promise.php(246): GuzzleHttp\Promise\EachPromise->GuzzleHttp\Promise\{closure}(true)
#12 E:\xampp73\htdocs\filecroco\loader\vendor\guzzlehttp\promises\src\Promise.php(223): GuzzleHttp\Promise\Promise->invokeWaitFn()
#13 E:\xampp73\htdocs\filecroco\loader\vendor\guzzlehttp\promises\src\Promise.php(62): GuzzleHttp\Promise\Promise->waitIfPending()
#14 E:\xampp73\htdocs\filecroco\loader\updatedownloadlink.php(95): GuzzleHttp\Promise\Promise->wait()
#15 {main}|498GuzzleHttp\Exception\RequestException: cURL error 56:  (see http://curl.haxx.se/libcurl/c/libcurl-errors.html) in E:\xampp73\htdocs\filecroco\loader\vendor\guzzlehttp\guzzle\src\Handler\CurlFactory.php:186
Stack trace:
#0 E:\xampp73\htdocs\filecroco\loader\vendor\guzzlehttp\guzzle\src\Handler\CurlFactory.php(149): GuzzleHttp\Handler\CurlFactory::createRejection(Object(GuzzleHttp\Handler\EasyHandle), Array)
#1 E:\xampp73\htdocs\filecroco\loader\vendor\guzzlehttp\guzzle\src\Handler\CurlFactory.php(102): GuzzleHttp\Handler\CurlFactory::finishError(Object(GuzzleHttp\Handler\CurlMultiHandler), Object(GuzzleHttp\Handler\EasyHandle), Object(GuzzleHttp\Handler\CurlFactory))
#2 E:\xampp73\htdocs\filecroco\loader\vendor\guzzlehttp\guzzle\src\Handler\CurlMultiHandler.php(181): GuzzleHttp\Handler\CurlFactory::finish(Object(GuzzleHttp\Handler\CurlMultiHandler), Object(GuzzleHttp\Handler\EasyHandle), Object(GuzzleHttp\Handler\CurlFactory))
#3 E:\xampp73\htdocs\filecroco\loader\vendor\guzzlehttp\guzzle\src\Handler\CurlMultiHandler.php(110): GuzzleHttp\Handler\CurlMultiHandler->processMessages()
#4 E:\xampp73\htdocs\filecroco\loader\vendor\guzzlehttp\guzzle\src\Handler\CurlMultiHandler.php(125): GuzzleHttp\Handler\CurlMultiHandler->tick()
#5 E:\xampp73\htdocs\filecroco\loader\vendor\guzzlehttp\promises\src\Promise.php(246): GuzzleHttp\Handler\CurlMultiHandler->execute(true)
#6 E:\xampp73\htdocs\filecroco\loader\vendor\guzzlehttp\promises\src\Promise.php(223): GuzzleHttp\Promise\Promise->invokeWaitFn()
#7 E:\xampp73\htdocs\filecroco\loader\vendor\guzzlehttp\promises\src\Promise.php(267): GuzzleHttp\Promise\Promise->waitIfPending()
#8 E:\xampp73\htdocs\filecroco\loader\vendor\guzzlehttp\promises\src\Promise.php(225): GuzzleHttp\Promise\Promise->invokeWaitList()
#9 E:\xampp73\htdocs\filecroco\loader\vendor\guzzlehttp\promises\src\Promise.php(62): GuzzleHttp\Promise\Promise->waitIfPending()
#10 E:\xampp73\htdocs\filecroco\loader\vendor\guzzlehttp\promises\src\EachPromise.php(101): GuzzleHttp\Promise\Promise->wait()
#11 E:\xampp73\htdocs\filecroco\loader\vendor\guzzlehttp\promises\src\Promise.php(246): GuzzleHttp\Promise\EachPromise->GuzzleHttp\Promise\{closure}(true)
#12 E:\xampp73\htdocs\filecroco\loader\vendor\guzzlehttp\promises\src\Promise.php(223): GuzzleHttp\Promise\Promise->invokeWaitFn()
#13 E:\xampp73\htdocs\filecroco\loader\vendor\guzzlehttp\promises\src\Promise.php(62): GuzzleHttp\Promise\Promise->waitIfPending()
#14 E:\xampp73\htdocs\filecroco\loader\updatedownloadlink.php(95): GuzzleHttp\Promise\Promise->wait()
#15 {main}|499GuzzleHttp\Exception\RequestException: cURL error 56:  (see http://curl.haxx.se/libcurl/c/libcurl-errors.html) in E:\xampp73\htdocs\filecroco\loader\vendor\guzzlehttp\guzzle\src\Handler\CurlFactory.php:186
Stack trace:
#0 E:\xampp73\htdocs\filecroco\loader\vendor\guzzlehttp\guzzle\src\Handler\CurlFactory.php(149): GuzzleHttp\Handler\CurlFactory::createRejection(Object(GuzzleHttp\Handler\EasyHandle), Array)
#1 E:\xampp73\htdocs\filecroco\loader\vendor\guzzlehttp\guzzle\src\Handler\CurlFactory.php(102): GuzzleHttp\Handler\CurlFactory::finishError(Object(GuzzleHttp\Handler\CurlMultiHandler), Object(GuzzleHttp\Handler\EasyHandle), Object(GuzzleHttp\Handler\CurlFactory))
#2 E:\xampp73\htdocs\filecroco\loader\vendor\guzzlehttp\guzzle\src\Handler\CurlMultiHandler.php(181): GuzzleHttp\Handler\CurlFactory::finish(Object(GuzzleHttp\Handler\CurlMultiHandler), Object(GuzzleHttp\Handler\EasyHandle), Object(GuzzleHttp\Handler\CurlFactory))
#3 E:\xampp73\htdocs\filecroco\loader\vendor\guzzlehttp\guzzle\src\Handler\CurlMultiHandler.php(110): GuzzleHttp\Handler\CurlMultiHandler->processMessages()
#4 E:\xampp73\htdocs\filecroco\loader\vendor\guzzlehttp\guzzle\src\Handler\CurlMultiHandler.php(125): GuzzleHttp\Handler\CurlMultiHandler->tick()
#5 E:\xampp73\htdocs\filecroco\loader\vendor\guzzlehttp\promises\src\Promise.php(246): GuzzleHttp\Handler\CurlMultiHandler->execute(true)
#6 E:\xampp73\htdocs\filecroco\loader\vendor\guzzlehttp\promises\src\Promise.php(223): GuzzleHttp\Promise\Promise->invokeWaitFn()
#7 E:\xampp73\htdocs\filecroco\loader\vendor\guzzlehttp\promises\src\Promise.php(267): GuzzleHttp\Promise\Promise->waitIfPending()
#8 E:\xampp73\htdocs\filecroco\loader\vendor\guzzlehttp\promises\src\Promise.php(225): GuzzleHttp\Promise\Promise->invokeWaitList()
#9 E:\xampp73\htdocs\filecroco\loader\vendor\guzzlehttp\promises\src\Promise.php(62): GuzzleHttp\Promise\Promise->waitIfPending()
#10 E:\xampp73\htdocs\filecroco\loader\vendor\guzzlehttp\promises\src\EachPromise.php(101): GuzzleHttp\Promise\Promise->wait()
#11 E:\xampp73\htdocs\filecroco\loader\vendor\guzzlehttp\promises\src\Promise.php(246): GuzzleHttp\Promise\EachPromise->GuzzleHttp\Promise\{closure}(true)
#12 E:\xampp73\htdocs\filecroco\loader\vendor\guzzlehttp\promises\src\Promise.php(223): GuzzleHttp\Promise\Promise->invokeWaitFn()
#13 E:\xampp73\htdocs\filecroco\loader\vendor\guzzlehttp\promises\src\Promise.php(62): GuzzleHttp\Promise\Promise->waitIfPending()
#14 E:\xampp73\htdocs\filecroco\loader\updatedownloadlink.php(95): GuzzleHttp\Promise\Promise->wait()
#15 {main}|500GuzzleHttp\Exception\RequestException: cURL error 56:  (see http://curl.haxx.se/libcurl/c/libcurl-errors.html) in E:\xampp73\htdocs\filecroco\loader\vendor\guzzlehttp\guzzle\src\Handler\CurlFactory.php:186
Stack trace:
#0 E:\xampp73\htdocs\filecroco\loader\vendor\guzzlehttp\guzzle\src\Handler\CurlFactory.php(149): GuzzleHttp\Handler\CurlFactory::createRejection(Object(GuzzleHttp\Handler\EasyHandle), Array)
#1 E:\xampp73\htdocs\filecroco\loader\vendor\guzzlehttp\guzzle\src\Handler\CurlFactory.php(102): GuzzleHttp\Handler\CurlFactory::finishError(Object(GuzzleHttp\Handler\CurlMultiHandler), Object(GuzzleHttp\Handler\EasyHandle), Object(GuzzleHttp\Handler\CurlFactory))
#2 E:\xampp73\htdocs\filecroco\loader\vendor\guzzlehttp\guzzle\src\Handler\CurlMultiHandler.php(181): GuzzleHttp\Handler\CurlFactory::finish(Object(GuzzleHttp\Handler\CurlMultiHandler), Object(GuzzleHttp\Handler\EasyHandle), Object(GuzzleHttp\Handler\CurlFactory))
#3 E:\xampp73\htdocs\filecroco\loader\vendor\guzzlehttp\guzzle\src\Handler\CurlMultiHandler.php(110): GuzzleHttp\Handler\CurlMultiHandler->processMessages()
#4 E:\xampp73\htdocs\filecroco\loader\vendor\guzzlehttp\guzzle\src\Handler\CurlMultiHandler.php(125): GuzzleHttp\Handler\CurlMultiHandler->tick()
#5 E:\xampp73\htdocs\filecroco\loader\vendor\guzzlehttp\promises\src\Promise.php(246): GuzzleHttp\Handler\CurlMultiHandler->execute(true)
#6 E:\xampp73\htdocs\filecroco\loader\vendor\guzzlehttp\promises\src\Promise.php(223): GuzzleHttp\Promise\Promise->invokeWaitFn()
#7 E:\xampp73\htdocs\filecroco\loader\vendor\guzzlehttp\promises\src\Promise.php(267): GuzzleHttp\Promise\Promise->waitIfPending()
#8 E:\xampp73\htdocs\filecroco\loader\vendor\guzzlehttp\promises\src\Promise.php(225): GuzzleHttp\Promise\Promise->invokeWaitList()
#9 E:\xampp73\htdocs\filecroco\loader\vendor\guzzlehttp\promises\src\Promise.php(62): GuzzleHttp\Promise\Promise->waitIfPending()
#10 E:\xampp73\htdocs\filecroco\loader\vendor\guzzlehttp\promises\src\EachPromise.php(101): GuzzleHttp\Promise\Promise->wait()
#11 E:\xampp73\htdocs\filecroco\loader\vendor\guzzlehttp\promises\src\Promise.php(246): GuzzleHttp\Promise\EachPromise->GuzzleHttp\Promise\{closure}(true)
#12 E:\xampp73\htdocs\filecroco\loader\vendor\guzzlehttp\promises\src\Promise.php(223): GuzzleHttp\Promise\Promise->invokeWaitFn()
#13 E:\xampp73\htdocs\filecroco\loader\vendor\guzzlehttp\promises\src\Promise.php(62): GuzzleHttp\Promise\Promise->waitIfPending()
#14 E:\xampp73\htdocs\filecroco\loader\updatedownloadlink.php(95): GuzzleHttp\Promise\Promise->wait()
#15 {main}|501GuzzleHttp\Exception\RequestException: cURL error 56:  (see http://curl.haxx.se/libcurl/c/libcurl-errors.html) in E:\xampp73\htdocs\filecroco\loader\vendor\guzzlehttp\guzzle\src\Handler\CurlFactory.php:186
Stack trace:
#0 E:\xampp73\htdocs\filecroco\loader\vendor\guzzlehttp\guzzle\src\Handler\CurlFactory.php(149): GuzzleHttp\Handler\CurlFactory::createRejection(Object(GuzzleHttp\Handler\EasyHandle), Array)
#1 E:\xampp73\htdocs\filecroco\loader\vendor\guzzlehttp\guzzle\src\Handler\CurlFactory.php(102): GuzzleHttp\Handler\CurlFactory::finishError(Object(GuzzleHttp\Handler\CurlMultiHandler), Object(GuzzleHttp\Handler\EasyHandle), Object(GuzzleHttp\Handler\CurlFactory))
#2 E:\xampp73\htdocs\filecroco\loader\vendor\guzzlehttp\guzzle\src\Handler\CurlMultiHandler.php(181): GuzzleHttp\Handler\CurlFactory::finish(Object(GuzzleHttp\Handler\CurlMultiHandler), Object(GuzzleHttp\Handler\EasyHandle), Object(GuzzleHttp\Handler\CurlFactory))
#3 E:\xampp73\htdocs\filecroco\loader\vendor\guzzlehttp\guzzle\src\Handler\CurlMultiHandler.php(110): GuzzleHttp\Handler\CurlMultiHandler->processMessages()
#4 E:\xampp73\htdocs\filecroco\loader\vendor\guzzlehttp\guzzle\src\Handler\CurlMultiHandler.php(125): GuzzleHttp\Handler\CurlMultiHandler->tick()
#5 E:\xampp73\htdocs\filecroco\loader\vendor\guzzlehttp\promises\src\Promise.php(246): GuzzleHttp\Handler\CurlMultiHandler->execute(true)
#6 E:\xampp73\htdocs\filecroco\loader\vendor\guzzlehttp\promises\src\Promise.php(223): GuzzleHttp\Promise\Promise->invokeWaitFn()
#7 E:\xampp73\htdocs\filecroco\loader\vendor\guzzlehttp\promises\src\Promise.php(267): GuzzleHttp\Promise\Promise->waitIfPending()
#8 E:\xampp73\htdocs\filecroco\loader\vendor\guzzlehttp\promises\src\Promise.php(225): GuzzleHttp\Promise\Promise->invokeWaitList()
#9 E:\xampp73\htdocs\filecroco\loader\vendor\guzzlehttp\promises\src\Promise.php(62): GuzzleHttp\Promise\Promise->waitIfPending()
#10 E:\xampp73\htdocs\filecroco\loader\vendor\guzzlehttp\promises\src\EachPromise.php(101): GuzzleHttp\Promise\Promise->wait()
#11 E:\xampp73\htdocs\filecroco\loader\vendor\guzzlehttp\promises\src\Promise.php(246): GuzzleHttp\Promise\EachPromise->GuzzleHttp\Promise\{closure}(true)
#12 E:\xampp73\htdocs\filecroco\loader\vendor\guzzlehttp\promises\src\Promise.php(223): GuzzleHttp\Promise\Promise->invokeWaitFn()
#13 E:\xampp73\htdocs\filecroco\loader\vendor\guzzlehttp\promises\src\Promise.php(62): GuzzleHttp\Promise\Promise->waitIfPending()
#14 E:\xampp73\htdocs\filecroco\loader\updatedownloadlink.php(95): GuzzleHttp\Promise\Promise->wait()
#15 {main}|502GuzzleHttp\Exception\RequestException: cURL error 56:  (see http://curl.haxx.se/libcurl/c/libcurl-errors.html) in E:\xampp73\htdocs\filecroco\loader\vendor\guzzlehttp\guzzle\src\Handler\CurlFactory.php:186
Stack trace:
#0 E:\xampp73\htdocs\filecroco\loader\vendor\guzzlehttp\guzzle\src\Handler\CurlFactory.php(149): GuzzleHttp\Handler\CurlFactory::createRejection(Object(GuzzleHttp\Handler\EasyHandle), Array)
#1 E:\xampp73\htdocs\filecroco\loader\vendor\guzzlehttp\guzzle\src\Handler\CurlFactory.php(102): GuzzleHttp\Handler\CurlFactory::finishError(Object(GuzzleHttp\Handler\CurlMultiHandler), Object(GuzzleHttp\Handler\EasyHandle), Object(GuzzleHttp\Handler\CurlFactory))
#2 E:\xampp73\htdocs\filecroco\loader\vendor\guzzlehttp\guzzle\src\Handler\CurlMultiHandler.php(181): GuzzleHttp\Handler\CurlFactory::finish(Object(GuzzleHttp\Handler\CurlMultiHandler), Object(GuzzleHttp\Handler\EasyHandle), Object(GuzzleHttp\Handler\CurlFactory))
#3 E:\xampp73\htdocs\filecroco\loader\vendor\guzzlehttp\guzzle\src\Handler\CurlMultiHandler.php(110): GuzzleHttp\Handler\CurlMultiHandler->processMessages()
#4 E:\xampp73\htdocs\filecroco\loader\vendor\guzzlehttp\guzzle\src\Handler\CurlMultiHandler.php(125): GuzzleHttp\Handler\CurlMultiHandler->tick()
#5 E:\xampp73\htdocs\filecroco\loader\vendor\guzzlehttp\promises\src\Promise.php(246): GuzzleHttp\Handler\CurlMultiHandler->execute(true)
#6 E:\xampp73\htdocs\filecroco\loader\vendor\guzzlehttp\promises\src\Promise.php(223): GuzzleHttp\Promise\Promise->invokeWaitFn()
#7 E:\xampp73\htdocs\filecroco\loader\vendor\guzzlehttp\promises\src\Promise.php(267): GuzzleHttp\Promise\Promise->waitIfPending()
#8 E:\xampp73\htdocs\filecroco\loader\vendor\guzzlehttp\promises\src\Promise.php(225): GuzzleHttp\Promise\Promise->invokeWaitList()
#9 E:\xampp73\htdocs\filecroco\loader\vendor\guzzlehttp\promises\src\Promise.php(62): GuzzleHttp\Promise\Promise->waitIfPending()
#10 E:\xampp73\htdocs\filecroco\loader\vendor\guzzlehttp\promises\src\EachPromise.php(101): GuzzleHttp\Promise\Promise->wait()
#11 E:\xampp73\htdocs\filecroco\loader\vendor\guzzlehttp\promises\src\Promise.php(246): GuzzleHttp\Promise\EachPromise->GuzzleHttp\Promise\{closure}(true)
#12 E:\xampp73\htdocs\filecroco\loader\vendor\guzzlehttp\promises\src\Promise.php(223): GuzzleHttp\Promise\Promise->invokeWaitFn()
#13 E:\xampp73\htdocs\filecroco\loader\vendor\guzzlehttp\promises\src\Promise.php(62): GuzzleHttp\Promise\Promise->waitIfPending()
#14 E:\xampp73\htdocs\filecroco\loader\updatedownloadlink.php(95): GuzzleHttp\Promise\Promise->wait()
#15 {main}|503GuzzleHttp\Exception\RequestException: cURL error 56:  (see http://curl.haxx.se/libcurl/c/libcurl-errors.html) in E:\xampp73\htdocs\filecroco\loader\vendor\guzzlehttp\guzzle\src\Handler\CurlFactory.php:186
Stack trace:
#0 E:\xampp73\htdocs\filecroco\loader\vendor\guzzlehttp\guzzle\src\Handler\CurlFactory.php(149): GuzzleHttp\Handler\CurlFactory::createRejection(Object(GuzzleHttp\Handler\EasyHandle), Array)
#1 E:\xampp73\htdocs\filecroco\loader\vendor\guzzlehttp\guzzle\src\Handler\CurlFactory.php(102): GuzzleHttp\Handler\CurlFactory::finishError(Object(GuzzleHttp\Handler\CurlMultiHandler), Object(GuzzleHttp\Handler\EasyHandle), Object(GuzzleHttp\Handler\CurlFactory))
#2 E:\xampp73\htdocs\filecroco\loader\vendor\guzzlehttp\guzzle\src\Handler\CurlMultiHandler.php(181): GuzzleHttp\Handler\CurlFactory::finish(Object(GuzzleHttp\Handler\CurlMultiHandler), Object(GuzzleHttp\Handler\EasyHandle), Object(GuzzleHttp\Handler\CurlFactory))
#3 E:\xampp73\htdocs\filecroco\loader\vendor\guzzlehttp\guzzle\src\Handler\CurlMultiHandler.php(110): GuzzleHttp\Handler\CurlMultiHandler->processMessages()
#4 E:\xampp73\htdocs\filecroco\loader\vendor\guzzlehttp\guzzle\src\Handler\CurlMultiHandler.php(125): GuzzleHttp\Handler\CurlMultiHandler->tick()
#5 E:\xampp73\htdocs\filecroco\loader\vendor\guzzlehttp\promises\src\Promise.php(246): GuzzleHttp\Handler\CurlMultiHandler->execute(true)
#6 E:\xampp73\htdocs\filecroco\loader\vendor\guzzlehttp\promises\src\Promise.php(223): GuzzleHttp\Promise\Promise->invokeWaitFn()
#7 E:\xampp73\htdocs\filecroco\loader\vendor\guzzlehttp\promises\src\Promise.php(267): GuzzleHttp\Promise\Promise->waitIfPending()
#8 E:\xampp73\htdocs\filecroco\loader\vendor\guzzlehttp\promises\src\Promise.php(225): GuzzleHttp\Promise\Promise->invokeWaitList()
#9 E:\xampp73\htdocs\filecroco\loader\vendor\guzzlehttp\promises\src\Promise.php(62): GuzzleHttp\Promise\Promise->waitIfPending()
#10 E:\xampp73\htdocs\filecroco\loader\vendor\guzzlehttp\promises\src\EachPromise.php(101): GuzzleHttp\Promise\Promise->wait()
#11 E:\xampp73\htdocs\filecroco\loader\vendor\guzzlehttp\promises\src\Promise.php(246): GuzzleHttp\Promise\EachPromise->GuzzleHttp\Promise\{closure}(true)
#12 E:\xampp73\htdocs\filecroco\loader\vendor\guzzlehttp\promises\src\Promise.php(223): GuzzleHttp\Promise\Promise->invokeWaitFn()
#13 E:\xampp73\htdocs\filecroco\loader\vendor\guzzlehttp\promises\src\Promise.php(62): GuzzleHttp\Promise\Promise->waitIfPending()
#14 E:\xampp73\htdocs\filecroco\loader\updatedownloadlink.php(95): GuzzleHttp\Promise\Promise->wait()
#15 {main}|504GuzzleHttp\Exception\RequestException: cURL error 56:  (see http://curl.haxx.se/libcurl/c/libcurl-errors.html) in E:\xampp73\htdocs\filecroco\loader\vendor\guzzlehttp\guzzle\src\Handler\CurlFactory.php:186
Stack trace:
#0 E:\xampp73\htdocs\filecroco\loader\vendor\guzzlehttp\guzzle\src\Handler\CurlFactory.php(149): GuzzleHttp\Handler\CurlFactory::createRejection(Object(GuzzleHttp\Handler\EasyHandle), Array)
#1 E:\xampp73\htdocs\filecroco\loader\vendor\guzzlehttp\guzzle\src\Handler\CurlFactory.php(102): GuzzleHttp\Handler\CurlFactory::finishError(Object(GuzzleHttp\Handler\CurlMultiHandler), Object(GuzzleHttp\Handler\EasyHandle), Object(GuzzleHttp\Handler\CurlFactory))
#2 E:\xampp73\htdocs\filecroco\loader\vendor\guzzlehttp\guzzle\src\Handler\CurlMultiHandler.php(181): GuzzleHttp\Handler\CurlFactory::finish(Object(GuzzleHttp\Handler\CurlMultiHandler), Object(GuzzleHttp\Handler\EasyHandle), Object(GuzzleHttp\Handler\CurlFactory))
#3 E:\xampp73\htdocs\filecroco\loader\vendor\guzzlehttp\guzzle\src\Handler\CurlMultiHandler.php(110): GuzzleHttp\Handler\CurlMultiHandler->processMessages()
#4 E:\xampp73\htdocs\filecroco\loader\vendor\guzzlehttp\guzzle\src\Handler\CurlMultiHandler.php(125): GuzzleHttp\Handler\CurlMultiHandler->tick()
#5 E:\xampp73\htdocs\filecroco\loader\vendor\guzzlehttp\promises\src\Promise.php(246): GuzzleHttp\Handler\CurlMultiHandler->execute(true)
#6 E:\xampp73\htdocs\filecroco\loader\vendor\guzzlehttp\promises\src\Promise.php(223): GuzzleHttp\Promise\Promise->invokeWaitFn()
#7 E:\xampp73\htdocs\filecroco\loader\vendor\guzzlehttp\promises\src\Promise.php(267): GuzzleHttp\Promise\Promise->waitIfPending()
#8 E:\xampp73\htdocs\filecroco\loader\vendor\guzzlehttp\promises\src\Promise.php(225): GuzzleHttp\Promise\Promise->invokeWaitList()
#9 E:\xampp73\htdocs\filecroco\loader\vendor\guzzlehttp\promises\src\Promise.php(62): GuzzleHttp\Promise\Promise->waitIfPending()
#10 E:\xampp73\htdocs\filecroco\loader\vendor\guzzlehttp\promises\src\EachPromise.php(101): GuzzleHttp\Promise\Promise->wait()
#11 E:\xampp73\htdocs\filecroco\loader\vendor\guzzlehttp\promises\src\Promise.php(246): GuzzleHttp\Promise\EachPromise->GuzzleHttp\Promise\{closure}(true)
#12 E:\xampp73\htdocs\filecroco\loader\vendor\guzzlehttp\promises\src\Promise.php(223): GuzzleHttp\Promise\Promise->invokeWaitFn()
#13 E:\xampp73\htdocs\filecroco\loader\vendor\guzzlehttp\promises\src\Promise.php(62): GuzzleHttp\Promise\Promise->waitIfPending()
#14 E:\xampp73\htdocs\filecroco\loader\updatedownloadlink.php(95): GuzzleHttp\Promise\Promise->wait()
#15 {main}|505GuzzleHttp\Exception\RequestException: cURL error 56:  (see http://curl.haxx.se/libcurl/c/libcurl-errors.html) in E:\xampp73\htdocs\filecroco\loader\vendor\guzzlehttp\guzzle\src\Handler\CurlFactory.php:186
Stack trace:
#0 E:\xampp73\htdocs\filecroco\loader\vendor\guzzlehttp\guzzle\src\Handler\CurlFactory.php(149): GuzzleHttp\Handler\CurlFactory::createRejection(Object(GuzzleHttp\Handler\EasyHandle), Array)
#1 E:\xampp73\htdocs\filecroco\loader\vendor\guzzlehttp\guzzle\src\Handler\CurlFactory.php(102): GuzzleHttp\Handler\CurlFactory::finishError(Object(GuzzleHttp\Handler\CurlMultiHandler), Object(GuzzleHttp\Handler\EasyHandle), Object(GuzzleHttp\Handler\CurlFactory))
#2 E:\xampp73\htdocs\filecroco\loader\vendor\guzzlehttp\guzzle\src\Handler\CurlMultiHandler.php(181): GuzzleHttp\Handler\CurlFactory::finish(Object(GuzzleHttp\Handler\CurlMultiHandler), Object(GuzzleHttp\Handler\EasyHandle), Object(GuzzleHttp\Handler\CurlFactory))
#3 E:\xampp73\htdocs\filecroco\loader\vendor\guzzlehttp\guzzle\src\Handler\CurlMultiHandler.php(110): GuzzleHttp\Handler\CurlMultiHandler->processMessages()
#4 E:\xampp73\htdocs\filecroco\loader\vendor\guzzlehttp\guzzle\src\Handler\CurlMultiHandler.php(125): GuzzleHttp\Handler\CurlMultiHandler->tick()
#5 E:\xampp73\htdocs\filecroco\loader\vendor\guzzlehttp\promises\src\Promise.php(246): GuzzleHttp\Handler\CurlMultiHandler->execute(true)
#6 E:\xampp73\htdocs\filecroco\loader\vendor\guzzlehttp\promises\src\Promise.php(223): GuzzleHttp\Promise\Promise->invokeWaitFn()
#7 E:\xampp73\htdocs\filecroco\loader\vendor\guzzlehttp\promises\src\Promise.php(267): GuzzleHttp\Promise\Promise->waitIfPending()
#8 E:\xampp73\htdocs\filecroco\loader\vendor\guzzlehttp\promises\src\Promise.php(225): GuzzleHttp\Promise\Promise->invokeWaitList()
#9 E:\xampp73\htdocs\filecroco\loader\vendor\guzzlehttp\promises\src\Promise.php(62): GuzzleHttp\Promise\Promise->waitIfPending()
#10 E:\xampp73\htdocs\filecroco\loader\vendor\guzzlehttp\promises\src\EachPromise.php(101): GuzzleHttp\Promise\Promise->wait()
#11 E:\xampp73\htdocs\filecroco\loader\vendor\guzzlehttp\promises\src\Promise.php(246): GuzzleHttp\Promise\EachPromise->GuzzleHttp\Promise\{closure}(true)
#12 E:\xampp73\htdocs\filecroco\loader\vendor\guzzlehttp\promises\src\Promise.php(223): GuzzleHttp\Promise\Promise->invokeWaitFn()
#13 E:\xampp73\htdocs\filecroco\loader\vendor\guzzlehttp\promises\src\Promise.php(62): GuzzleHttp\Promise\Promise->waitIfPending()
#14 E:\xampp73\htdocs\filecroco\loader\updatedownloadlink.php(95): GuzzleHttp\Promise\Promise->wait()
#15 {main}|506GuzzleHttp\Exception\RequestException: cURL error 56:  (see http://curl.haxx.se/libcurl/c/libcurl-errors.html) in E:\xampp73\htdocs\filecroco\loader\vendor\guzzlehttp\guzzle\src\Handler\CurlFactory.php:186
Stack trace:
#0 E:\xampp73\htdocs\filecroco\loader\vendor\guzzlehttp\guzzle\src\Handler\CurlFactory.php(149): GuzzleHttp\Handler\CurlFactory::createRejection(Object(GuzzleHttp\Handler\EasyHandle), Array)
#1 E:\xampp73\htdocs\filecroco\loader\vendor\guzzlehttp\guzzle\src\Handler\CurlFactory.php(102): GuzzleHttp\Handler\CurlFactory::finishError(Object(GuzzleHttp\Handler\CurlMultiHandler), Object(GuzzleHttp\Handler\EasyHandle), Object(GuzzleHttp\Handler\CurlFactory))
#2 E:\xampp73\htdocs\filecroco\loader\vendor\guzzlehttp\guzzle\src\Handler\CurlMultiHandler.php(181): GuzzleHttp\Handler\CurlFactory::finish(Object(GuzzleHttp\Handler\CurlMultiHandler), Object(GuzzleHttp\Handler\EasyHandle), Object(GuzzleHttp\Handler\CurlFactory))
#3 E:\xampp73\htdocs\filecroco\loader\vendor\guzzlehttp\guzzle\src\Handler\CurlMultiHandler.php(110): GuzzleHttp\Handler\CurlMultiHandler->processMessages()
#4 E:\xampp73\htdocs\filecroco\loader\vendor\guzzlehttp\guzzle\src\Handler\CurlMultiHandler.php(125): GuzzleHttp\Handler\CurlMultiHandler->tick()
#5 E:\xampp73\htdocs\filecroco\loader\vendor\guzzlehttp\promises\src\Promise.php(246): GuzzleHttp\Handler\CurlMultiHandler->execute(true)
#6 E:\xampp73\htdocs\filecroco\loader\vendor\guzzlehttp\promises\src\Promise.php(223): GuzzleHttp\Promise\Promise->invokeWaitFn()
#7 E:\xampp73\htdocs\filecroco\loader\vendor\guzzlehttp\promises\src\Promise.php(267): GuzzleHttp\Promise\Promise->waitIfPending()
#8 E:\xampp73\htdocs\filecroco\loader\vendor\guzzlehttp\promises\src\Promise.php(225): GuzzleHttp\Promise\Promise->invokeWaitList()
#9 E:\xampp73\htdocs\filecroco\loader\vendor\guzzlehttp\promises\src\Promise.php(62): GuzzleHttp\Promise\Promise->waitIfPending()
#10 E:\xampp73\htdocs\filecroco\loader\vendor\guzzlehttp\promises\src\EachPromise.php(101): GuzzleHttp\Promise\Promise->wait()
#11 E:\xampp73\htdocs\filecroco\loader\vendor\guzzlehttp\promises\src\Promise.php(246): GuzzleHttp\Promise\EachPromise->GuzzleHttp\Promise\{closure}(true)
#12 E:\xampp73\htdocs\filecroco\loader\vendor\guzzlehttp\promises\src\Promise.php(223): GuzzleHttp\Promise\Promise->invokeWaitFn()
#13 E:\xampp73\htdocs\filecroco\loader\vendor\guzzlehttp\promises\src\Promise.php(62): GuzzleHttp\Promise\Promise->waitIfPending()
#14 E:\xampp73\htdocs\filecroco\loader\updatedownloadlink.php(95): GuzzleHttp\Promise\Promise->wait()
#15 {main}|507GuzzleHttp\Exception\RequestException: cURL error 56:  (see http://curl.haxx.se/libcurl/c/libcurl-errors.html) in E:\xampp73\htdocs\filecroco\loader\vendor\guzzlehttp\guzzle\src\Handler\CurlFactory.php:186
Stack trace:
#0 E:\xampp73\htdocs\filecroco\loader\vendor\guzzlehttp\guzzle\src\Handler\CurlFactory.php(149): GuzzleHttp\Handler\CurlFactory::createRejection(Object(GuzzleHttp\Handler\EasyHandle), Array)
#1 E:\xampp73\htdocs\filecroco\loader\vendor\guzzlehttp\guzzle\src\Handler\CurlFactory.php(102): GuzzleHttp\Handler\CurlFactory::finishError(Object(GuzzleHttp\Handler\CurlMultiHandler), Object(GuzzleHttp\Handler\EasyHandle), Object(GuzzleHttp\Handler\CurlFactory))
#2 E:\xampp73\htdocs\filecroco\loader\vendor\guzzlehttp\guzzle\src\Handler\CurlMultiHandler.php(181): GuzzleHttp\Handler\CurlFactory::finish(Object(GuzzleHttp\Handler\CurlMultiHandler), Object(GuzzleHttp\Handler\EasyHandle), Object(GuzzleHttp\Handler\CurlFactory))
#3 E:\xampp73\htdocs\filecroco\loader\vendor\guzzlehttp\guzzle\src\Handler\CurlMultiHandler.php(110): GuzzleHttp\Handler\CurlMultiHandler->processMessages()
#4 E:\xampp73\htdocs\filecroco\loader\vendor\guzzlehttp\guzzle\src\Handler\CurlMultiHandler.php(125): GuzzleHttp\Handler\CurlMultiHandler->tick()
#5 E:\xampp73\htdocs\filecroco\loader\vendor\guzzlehttp\promises\src\Promise.php(246): GuzzleHttp\Handler\CurlMultiHandler->execute(true)
#6 E:\xampp73\htdocs\filecroco\loader\vendor\guzzlehttp\promises\src\Promise.php(223): GuzzleHttp\Promise\Promise->invokeWaitFn()
#7 E:\xampp73\htdocs\filecroco\loader\vendor\guzzlehttp\promises\src\Promise.php(267): GuzzleHttp\Promise\Promise->waitIfPending()
#8 E:\xampp73\htdocs\filecroco\loader\vendor\guzzlehttp\promises\src\Promise.php(225): GuzzleHttp\Promise\Promise->invokeWaitList()
#9 E:\xampp73\htdocs\filecroco\loader\vendor\guzzlehttp\promises\src\Promise.php(62): GuzzleHttp\Promise\Promise->waitIfPending()
#10 E:\xampp73\htdocs\filecroco\loader\vendor\guzzlehttp\promises\src\EachPromise.php(101): GuzzleHttp\Promise\Promise->wait()
#11 E:\xampp73\htdocs\filecroco\loader\vendor\guzzlehttp\promises\src\Promise.php(246): GuzzleHttp\Promise\EachPromise->GuzzleHttp\Promise\{closure}(true)
#12 E:\xampp73\htdocs\filecroco\loader\vendor\guzzlehttp\promises\src\Promise.php(223): GuzzleHttp\Promise\Promise->invokeWaitFn()
#13 E:\xampp73\htdocs\filecroco\loader\vendor\guzzlehttp\promises\src\Promise.php(62): GuzzleHttp\Promise\Promise->waitIfPending()
#14 E:\xampp73\htdocs\filecroco\loader\updatedownloadlink.php(95): GuzzleHttp\Promise\Promise->wait()
#15 {main}|508GuzzleHttp\Exception\RequestException: cURL error 56:  (see http://curl.haxx.se/libcurl/c/libcurl-errors.html) in E:\xampp73\htdocs\filecroco\loader\vendor\guzzlehttp\guzzle\src\Handler\CurlFactory.php:186
Stack trace:
#0 E:\xampp73\htdocs\filecroco\loader\vendor\guzzlehttp\guzzle\src\Handler\CurlFactory.php(149): GuzzleHttp\Handler\CurlFactory::createRejection(Object(GuzzleHttp\Handler\EasyHandle), Array)
#1 E:\xampp73\htdocs\filecroco\loader\vendor\guzzlehttp\guzzle\src\Handler\CurlFactory.php(102): GuzzleHttp\Handler\CurlFactory::finishError(Object(GuzzleHttp\Handler\CurlMultiHandler), Object(GuzzleHttp\Handler\EasyHandle), Object(GuzzleHttp\Handler\CurlFactory))
#2 E:\xampp73\htdocs\filecroco\loader\vendor\guzzlehttp\guzzle\src\Handler\CurlMultiHandler.php(181): GuzzleHttp\Handler\CurlFactory::finish(Object(GuzzleHttp\Handler\CurlMultiHandler), Object(GuzzleHttp\Handler\EasyHandle), Object(GuzzleHttp\Handler\CurlFactory))
#3 E:\xampp73\htdocs\filecroco\loader\vendor\guzzlehttp\guzzle\src\Handler\CurlMultiHandler.php(110): GuzzleHttp\Handler\CurlMultiHandler->processMessages()
#4 E:\xampp73\htdocs\filecroco\loader\vendor\guzzlehttp\guzzle\src\Handler\CurlMultiHandler.php(125): GuzzleHttp\Handler\CurlMultiHandler->tick()
#5 E:\xampp73\htdocs\filecroco\loader\vendor\guzzlehttp\promises\src\Promise.php(246): GuzzleHttp\Handler\CurlMultiHandler->execute(true)
#6 E:\xampp73\htdocs\filecroco\loader\vendor\guzzlehttp\promises\src\Promise.php(223): GuzzleHttp\Promise\Promise->invokeWaitFn()
#7 E:\xampp73\htdocs\filecroco\loader\vendor\guzzlehttp\promises\src\Promise.php(267): GuzzleHttp\Promise\Promise->waitIfPending()
#8 E:\xampp73\htdocs\filecroco\loader\vendor\guzzlehttp\promises\src\Promise.php(225): GuzzleHttp\Promise\Promise->invokeWaitList()
#9 E:\xampp73\htdocs\filecroco\loader\vendor\guzzlehttp\promises\src\Promise.php(62): GuzzleHttp\Promise\Promise->waitIfPending()
#10 E:\xampp73\htdocs\filecroco\loader\vendor\guzzlehttp\promises\src\EachPromise.php(101): GuzzleHttp\Promise\Promise->wait()
#11 E:\xampp73\htdocs\filecroco\loader\vendor\guzzlehttp\promises\src\Promise.php(246): GuzzleHttp\Promise\EachPromise->GuzzleHttp\Promise\{closure}(true)
#12 E:\xampp73\htdocs\filecroco\loader\vendor\guzzlehttp\promises\src\Promise.php(223): GuzzleHttp\Promise\Promise->invokeWaitFn()
#13 E:\xampp73\htdocs\filecroco\loader\vendor\guzzlehttp\promises\src\Promise.php(62): GuzzleHttp\Promise\Promise->waitIfPending()
#14 E:\xampp73\htdocs\filecroco\loader\updatedownloadlink.php(95): GuzzleHttp\Promise\Promise->wait()
#15 {main}|509GuzzleHttp\Exception\RequestException: cURL error 56:  (see http://curl.haxx.se/libcurl/c/libcurl-errors.html) in E:\xampp73\htdocs\filecroco\loader\vendor\guzzlehttp\guzzle\src\Handler\CurlFactory.php:186
Stack trace:
#0 E:\xampp73\htdocs\filecroco\loader\vendor\guzzlehttp\guzzle\src\Handler\CurlFactory.php(149): GuzzleHttp\Handler\CurlFactory::createRejection(Object(GuzzleHttp\Handler\EasyHandle), Array)
#1 E:\xampp73\htdocs\filecroco\loader\vendor\guzzlehttp\guzzle\src\Handler\CurlFactory.php(102): GuzzleHttp\Handler\CurlFactory::finishError(Object(GuzzleHttp\Handler\CurlMultiHandler), Object(GuzzleHttp\Handler\EasyHandle), Object(GuzzleHttp\Handler\CurlFactory))
#2 E:\xampp73\htdocs\filecroco\loader\vendor\guzzlehttp\guzzle\src\Handler\CurlMultiHandler.php(181): GuzzleHttp\Handler\CurlFactory::finish(Object(GuzzleHttp\Handler\CurlMultiHandler), Object(GuzzleHttp\Handler\EasyHandle), Object(GuzzleHttp\Handler\CurlFactory))
#3 E:\xampp73\htdocs\filecroco\loader\vendor\guzzlehttp\guzzle\src\Handler\CurlMultiHandler.php(110): GuzzleHttp\Handler\CurlMultiHandler->processMessages()
#4 E:\xampp73\htdocs\filecroco\loader\vendor\guzzlehttp\guzzle\src\Handler\CurlMultiHandler.php(125): GuzzleHttp\Handler\CurlMultiHandler->tick()
#5 E:\xampp73\htdocs\filecroco\loader\vendor\guzzlehttp\promises\src\Promise.php(246): GuzzleHttp\Handler\CurlMultiHandler->execute(true)
#6 E:\xampp73\htdocs\filecroco\loader\vendor\guzzlehttp\promises\src\Promise.php(223): GuzzleHttp\Promise\Promise->invokeWaitFn()
#7 E:\xampp73\htdocs\filecroco\loader\vendor\guzzlehttp\promises\src\Promise.php(267): GuzzleHttp\Promise\Promise->waitIfPending()
#8 E:\xampp73\htdocs\filecroco\loader\vendor\guzzlehttp\promises\src\Promise.php(225): GuzzleHttp\Promise\Promise->invokeWaitList()
#9 E:\xampp73\htdocs\filecroco\loader\vendor\guzzlehttp\promises\src\Promise.php(62): GuzzleHttp\Promise\Promise->waitIfPending()
#10 E:\xampp73\htdocs\filecroco\loader\vendor\guzzlehttp\promises\src\EachPromise.php(101): GuzzleHttp\Promise\Promise->wait()
#11 E:\xampp73\htdocs\filecroco\loader\vendor\guzzlehttp\promises\src\Promise.php(246): GuzzleHttp\Promise\EachPromise->GuzzleHttp\Promise\{closure}(true)
#12 E:\xampp73\htdocs\filecroco\loader\vendor\guzzlehttp\promises\src\Promise.php(223): GuzzleHttp\Promise\Promise->invokeWaitFn()
#13 E:\xampp73\htdocs\filecroco\loader\vendor\guzzlehttp\promises\src\Promise.php(62): GuzzleHttp\Promise\Promise->waitIfPending()
#14 E:\xampp73\htdocs\filecroco\loader\updatedownloadlink.php(95): GuzzleHttp\Promise\Promise->wait()
#15 {main}|510GuzzleHttp\Exception\RequestException: cURL error 56:  (see http://curl.haxx.se/libcurl/c/libcurl-errors.html) in E:\xampp73\htdocs\filecroco\loader\vendor\guzzlehttp\guzzle\src\Handler\CurlFactory.php:186
Stack trace:
#0 E:\xampp73\htdocs\filecroco\loader\vendor\guzzlehttp\guzzle\src\Handler\CurlFactory.php(149): GuzzleHttp\Handler\CurlFactory::createRejection(Object(GuzzleHttp\Handler\EasyHandle), Array)
#1 E:\xampp73\htdocs\filecroco\loader\vendor\guzzlehttp\guzzle\src\Handler\CurlFactory.php(102): GuzzleHttp\Handler\CurlFactory::finishError(Object(GuzzleHttp\Handler\CurlMultiHandler), Object(GuzzleHttp\Handler\EasyHandle), Object(GuzzleHttp\Handler\CurlFactory))
#2 E:\xampp73\htdocs\filecroco\loader\vendor\guzzlehttp\guzzle\src\Handler\CurlMultiHandler.php(181): GuzzleHttp\Handler\CurlFactory::finish(Object(GuzzleHttp\Handler\CurlMultiHandler), Object(GuzzleHttp\Handler\EasyHandle), Object(GuzzleHttp\Handler\CurlFactory))
#3 E:\xampp73\htdocs\filecroco\loader\vendor\guzzlehttp\guzzle\src\Handler\CurlMultiHandler.php(110): GuzzleHttp\Handler\CurlMultiHandler->processMessages()
#4 E:\xampp73\htdocs\filecroco\loader\vendor\guzzlehttp\guzzle\src\Handler\CurlMultiHandler.php(125): GuzzleHttp\Handler\CurlMultiHandler->tick()
#5 E:\xampp73\htdocs\filecroco\loader\vendor\guzzlehttp\promises\src\Promise.php(246): GuzzleHttp\Handler\CurlMultiHandler->execute(true)
#6 E:\xampp73\htdocs\filecroco\loader\vendor\guzzlehttp\promises\src\Promise.php(223): GuzzleHttp\Promise\Promise->invokeWaitFn()
#7 E:\xampp73\htdocs\filecroco\loader\vendor\guzzlehttp\promises\src\Promise.php(267): GuzzleHttp\Promise\Promise->waitIfPending()
#8 E:\xampp73\htdocs\filecroco\loader\vendor\guzzlehttp\promises\src\Promise.php(225): GuzzleHttp\Promise\Promise->invokeWaitList()
#9 E:\xampp73\htdocs\filecroco\loader\vendor\guzzlehttp\promises\src\Promise.php(62): GuzzleHttp\Promise\Promise->waitIfPending()
#10 E:\xampp73\htdocs\filecroco\loader\vendor\guzzlehttp\promises\src\EachPromise.php(101): GuzzleHttp\Promise\Promise->wait()
#11 E:\xampp73\htdocs\filecroco\loader\vendor\guzzlehttp\promises\src\Promise.php(246): GuzzleHttp\Promise\EachPromise->GuzzleHttp\Promise\{closure}(true)
#12 E:\xampp73\htdocs\filecroco\loader\vendor\guzzlehttp\promises\src\Promise.php(223): GuzzleHttp\Promise\Promise->invokeWaitFn()
#13 E:\xampp73\htdocs\filecroco\loader\vendor\guzzlehttp\promises\src\Promise.php(62): GuzzleHttp\Promise\Promise->waitIfPending()
#14 E:\xampp73\htdocs\filecroco\loader\updatedownloadlink.php(95): GuzzleHttp\Promise\Promise->wait()
#15 {main}|511GuzzleHttp\Exception\RequestException: cURL error 56:  (see http://curl.haxx.se/libcurl/c/libcurl-errors.html) in E:\xampp73\htdocs\filecroco\loader\vendor\guzzlehttp\guzzle\src\Handler\CurlFactory.php:186
Stack trace:
#0 E:\xampp73\htdocs\filecroco\loader\vendor\guzzlehttp\guzzle\src\Handler\CurlFactory.php(149): GuzzleHttp\Handler\CurlFactory::createRejection(Object(GuzzleHttp\Handler\EasyHandle), Array)
#1 E:\xampp73\htdocs\filecroco\loader\vendor\guzzlehttp\guzzle\src\Handler\CurlFactory.php(102): GuzzleHttp\Handler\CurlFactory::finishError(Object(GuzzleHttp\Handler\CurlMultiHandler), Object(GuzzleHttp\Handler\EasyHandle), Object(GuzzleHttp\Handler\CurlFactory))
#2 E:\xampp73\htdocs\filecroco\loader\vendor\guzzlehttp\guzzle\src\Handler\CurlMultiHandler.php(181): GuzzleHttp\Handler\CurlFactory::finish(Object(GuzzleHttp\Handler\CurlMultiHandler), Object(GuzzleHttp\Handler\EasyHandle), Object(GuzzleHttp\Handler\CurlFactory))
#3 E:\xampp73\htdocs\filecroco\loader\vendor\guzzlehttp\guzzle\src\Handler\CurlMultiHandler.php(110): GuzzleHttp\Handler\CurlMultiHandler->processMessages()
#4 E:\xampp73\htdocs\filecroco\loader\vendor\guzzlehttp\guzzle\src\Handler\CurlMultiHandler.php(125): GuzzleHttp\Handler\CurlMultiHandler->tick()
#5 E:\xampp73\htdocs\filecroco\loader\vendor\guzzlehttp\promises\src\Promise.php(246): GuzzleHttp\Handler\CurlMultiHandler->execute(true)
#6 E:\xampp73\htdocs\filecroco\loader\vendor\guzzlehttp\promises\src\Promise.php(223): GuzzleHttp\Promise\Promise->invokeWaitFn()
#7 E:\xampp73\htdocs\filecroco\loader\vendor\guzzlehttp\promises\src\Promise.php(267): GuzzleHttp\Promise\Promise->waitIfPending()
#8 E:\xampp73\htdocs\filecroco\loader\vendor\guzzlehttp\promises\src\Promise.php(225): GuzzleHttp\Promise\Promise->invokeWaitList()
#9 E:\xampp73\htdocs\filecroco\loader\vendor\guzzlehttp\promises\src\Promise.php(62): GuzzleHttp\Promise\Promise->waitIfPending()
#10 E:\xampp73\htdocs\filecroco\loader\vendor\guzzlehttp\promises\src\EachPromise.php(101): GuzzleHttp\Promise\Promise->wait()
#11 E:\xampp73\htdocs\filecroco\loader\vendor\guzzlehttp\promises\src\Promise.php(246): GuzzleHttp\Promise\EachPromise->GuzzleHttp\Promise\{closure}(true)
#12 E:\xampp73\htdocs\filecroco\loader\vendor\guzzlehttp\promises\src\Promise.php(223): GuzzleHttp\Promise\Promise->invokeWaitFn()
#13 E:\xampp73\htdocs\filecroco\loader\vendor\guzzlehttp\promises\src\Promise.php(62): GuzzleHttp\Promise\Promise->waitIfPending()
#14 E:\xampp73\htdocs\filecroco\loader\updatedownloadlink.php(95): GuzzleHttp\Promise\Promise->wait()
#15 {main}|512GuzzleHttp\Exception\RequestException: cURL error 56:  (see http://curl.haxx.se/libcurl/c/libcurl-errors.html) in E:\xampp73\htdocs\filecroco\loader\vendor\guzzlehttp\guzzle\src\Handler\CurlFactory.php:186
Stack trace:
#0 E:\xampp73\htdocs\filecroco\loader\vendor\guzzlehttp\guzzle\src\Handler\CurlFactory.php(149): GuzzleHttp\Handler\CurlFactory::createRejection(Object(GuzzleHttp\Handler\EasyHandle), Array)
#1 E:\xampp73\htdocs\filecroco\loader\vendor\guzzlehttp\guzzle\src\Handler\CurlFactory.php(102): GuzzleHttp\Handler\CurlFactory::finishError(Object(GuzzleHttp\Handler\CurlMultiHandler), Object(GuzzleHttp\Handler\EasyHandle), Object(GuzzleHttp\Handler\CurlFactory))
#2 E:\xampp73\htdocs\filecroco\loader\vendor\guzzlehttp\guzzle\src\Handler\CurlMultiHandler.php(181): GuzzleHttp\Handler\CurlFactory::finish(Object(GuzzleHttp\Handler\CurlMultiHandler), Object(GuzzleHttp\Handler\EasyHandle), Object(GuzzleHttp\Handler\CurlFactory))
#3 E:\xampp73\htdocs\filecroco\loader\vendor\guzzlehttp\guzzle\src\Handler\CurlMultiHandler.php(110): GuzzleHttp\Handler\CurlMultiHandler->processMessages()
#4 E:\xampp73\htdocs\filecroco\loader\vendor\guzzlehttp\guzzle\src\Handler\CurlMultiHandler.php(125): GuzzleHttp\Handler\CurlMultiHandler->tick()
#5 E:\xampp73\htdocs\filecroco\loader\vendor\guzzlehttp\promises\src\Promise.php(246): GuzzleHttp\Handler\CurlMultiHandler->execute(true)
#6 E:\xampp73\htdocs\filecroco\loader\vendor\guzzlehttp\promises\src\Promise.php(223): GuzzleHttp\Promise\Promise->invokeWaitFn()
#7 E:\xampp73\htdocs\filecroco\loader\vendor\guzzlehttp\promises\src\Promise.php(267): GuzzleHttp\Promise\Promise->waitIfPending()
#8 E:\xampp73\htdocs\filecroco\loader\vendor\guzzlehttp\promises\src\Promise.php(225): GuzzleHttp\Promise\Promise->invokeWaitList()
#9 E:\xampp73\htdocs\filecroco\loader\vendor\guzzlehttp\promises\src\Promise.php(62): GuzzleHttp\Promise\Promise->waitIfPending()
#10 E:\xampp73\htdocs\filecroco\loader\vendor\guzzlehttp\promises\src\EachPromise.php(101): GuzzleHttp\Promise\Promise->wait()
#11 E:\xampp73\htdocs\filecroco\loader\vendor\guzzlehttp\promises\src\Promise.php(246): GuzzleHttp\Promise\EachPromise->GuzzleHttp\Promise\{closure}(true)
#12 E:\xampp73\htdocs\filecroco\loader\vendor\guzzlehttp\promises\src\Promise.php(223): GuzzleHttp\Promise\Promise->invokeWaitFn()
#13 E:\xampp73\htdocs\filecroco\loader\vendor\guzzlehttp\promises\src\Promise.php(62): GuzzleHttp\Promise\Promise->waitIfPending()
#14 E:\xampp73\htdocs\filecroco\loader\updatedownloadlink.php(95): GuzzleHttp\Promise\Promise->wait()
#15 {main}|513GuzzleHttp\Exception\RequestException: cURL error 56:  (see http://curl.haxx.se/libcurl/c/libcurl-errors.html) in E:\xampp73\htdocs\filecroco\loader\vendor\guzzlehttp\guzzle\src\Handler\CurlFactory.php:186
Stack trace:
#0 E:\xampp73\htdocs\filecroco\loader\vendor\guzzlehttp\guzzle\src\Handler\CurlFactory.php(149): GuzzleHttp\Handler\CurlFactory::createRejection(Object(GuzzleHttp\Handler\EasyHandle), Array)
#1 E:\xampp73\htdocs\filecroco\loader\vendor\guzzlehttp\guzzle\src\Handler\CurlFactory.php(102): GuzzleHttp\Handler\CurlFactory::finishError(Object(GuzzleHttp\Handler\CurlMultiHandler), Object(GuzzleHttp\Handler\EasyHandle), Object(GuzzleHttp\Handler\CurlFactory))
#2 E:\xampp73\htdocs\filecroco\loader\vendor\guzzlehttp\guzzle\src\Handler\CurlMultiHandler.php(181): GuzzleHttp\Handler\CurlFactory::finish(Object(GuzzleHttp\Handler\CurlMultiHandler), Object(GuzzleHttp\Handler\EasyHandle), Object(GuzzleHttp\Handler\CurlFactory))
#3 E:\xampp73\htdocs\filecroco\loader\vendor\guzzlehttp\guzzle\src\Handler\CurlMultiHandler.php(110): GuzzleHttp\Handler\CurlMultiHandler->processMessages()
#4 E:\xampp73\htdocs\filecroco\loader\vendor\guzzlehttp\guzzle\src\Handler\CurlMultiHandler.php(125): GuzzleHttp\Handler\CurlMultiHandler->tick()
#5 E:\xampp73\htdocs\filecroco\loader\vendor\guzzlehttp\promises\src\Promise.php(246): GuzzleHttp\Handler\CurlMultiHandler->execute(true)
#6 E:\xampp73\htdocs\filecroco\loader\vendor\guzzlehttp\promises\src\Promise.php(223): GuzzleHttp\Promise\Promise->invokeWaitFn()
#7 E:\xampp73\htdocs\filecroco\loader\vendor\guzzlehttp\promises\src\Promise.php(267): GuzzleHttp\Promise\Promise->waitIfPending()
#8 E:\xampp73\htdocs\filecroco\loader\vendor\guzzlehttp\promises\src\Promise.php(225): GuzzleHttp\Promise\Promise->invokeWaitList()
#9 E:\xampp73\htdocs\filecroco\loader\vendor\guzzlehttp\promises\src\Promise.php(62): GuzzleHttp\Promise\Promise->waitIfPending()
#10 E:\xampp73\htdocs\filecroco\loader\vendor\guzzlehttp\promises\src\EachPromise.php(101): GuzzleHttp\Promise\Promise->wait()
#11 E:\xampp73\htdocs\filecroco\loader\vendor\guzzlehttp\promises\src\Promise.php(246): GuzzleHttp\Promise\EachPromise->GuzzleHttp\Promise\{closure}(true)
#12 E:\xampp73\htdocs\filecroco\loader\vendor\guzzlehttp\promises\src\Promise.php(223): GuzzleHttp\Promise\Promise->invokeWaitFn()
#13 E:\xampp73\htdocs\filecroco\loader\vendor\guzzlehttp\promises\src\Promise.php(62): GuzzleHttp\Promise\Promise->waitIfPending()
#14 E:\xampp73\htdocs\filecroco\loader\updatedownloadlink.php(95): GuzzleHttp\Promise\Promise->wait()
#15 {main}|514GuzzleHttp\Exception\RequestException: cURL error 56:  (see http://curl.haxx.se/libcurl/c/libcurl-errors.html) in E:\xampp73\htdocs\filecroco\loader\vendor\guzzlehttp\guzzle\src\Handler\CurlFactory.php:186
Stack trace:
#0 E:\xampp73\htdocs\filecroco\loader\vendor\guzzlehttp\guzzle\src\Handler\CurlFactory.php(149): GuzzleHttp\Handler\CurlFactory::createRejection(Object(GuzzleHttp\Handler\EasyHandle), Array)
#1 E:\xampp73\htdocs\filecroco\loader\vendor\guzzlehttp\guzzle\src\Handler\CurlFactory.php(102): GuzzleHttp\Handler\CurlFactory::finishError(Object(GuzzleHttp\Handler\CurlMultiHandler), Object(GuzzleHttp\Handler\EasyHandle), Object(GuzzleHttp\Handler\CurlFactory))
#2 E:\xampp73\htdocs\filecroco\loader\vendor\guzzlehttp\guzzle\src\Handler\CurlMultiHandler.php(181): GuzzleHttp\Handler\CurlFactory::finish(Object(GuzzleHttp\Handler\CurlMultiHandler), Object(GuzzleHttp\Handler\EasyHandle), Object(GuzzleHttp\Handler\CurlFactory))
#3 E:\xampp73\htdocs\filecroco\loader\vendor\guzzlehttp\guzzle\src\Handler\CurlMultiHandler.php(110): GuzzleHttp\Handler\CurlMultiHandler->processMessages()
#4 E:\xampp73\htdocs\filecroco\loader\vendor\guzzlehttp\guzzle\src\Handler\CurlMultiHandler.php(125): GuzzleHttp\Handler\CurlMultiHandler->tick()
#5 E:\xampp73\htdocs\filecroco\loader\vendor\guzzlehttp\promises\src\Promise.php(246): GuzzleHttp\Handler\CurlMultiHandler->execute(true)
#6 E:\xampp73\htdocs\filecroco\loader\vendor\guzzlehttp\promises\src\Promise.php(223): GuzzleHttp\Promise\Promise->invokeWaitFn()
#7 E:\xampp73\htdocs\filecroco\loader\vendor\guzzlehttp\promises\src\Promise.php(267): GuzzleHttp\Promise\Promise->waitIfPending()
#8 E:\xampp73\htdocs\filecroco\loader\vendor\guzzlehttp\promises\src\Promise.php(225): GuzzleHttp\Promise\Promise->invokeWaitList()
#9 E:\xampp73\htdocs\filecroco\loader\vendor\guzzlehttp\promises\src\Promise.php(62): GuzzleHttp\Promise\Promise->waitIfPending()
#10 E:\xampp73\htdocs\filecroco\loader\vendor\guzzlehttp\promises\src\EachPromise.php(101): GuzzleHttp\Promise\Promise->wait()
#11 E:\xampp73\htdocs\filecroco\loader\vendor\guzzlehttp\promises\src\Promise.php(246): GuzzleHttp\Promise\EachPromise->GuzzleHttp\Promise\{closure}(true)
#12 E:\xampp73\htdocs\filecroco\loader\vendor\guzzlehttp\promises\src\Promise.php(223): GuzzleHttp\Promise\Promise->invokeWaitFn()
#13 E:\xampp73\htdocs\filecroco\loader\vendor\guzzlehttp\promises\src\Promise.php(62): GuzzleHttp\Promise\Promise->waitIfPending()
#14 E:\xampp73\htdocs\filecroco\loader\updatedownloadlink.php(95): GuzzleHttp\Promise\Promise->wait()
#15 {main}|515GuzzleHttp\Exception\RequestException: cURL error 56:  (see http://curl.haxx.se/libcurl/c/libcurl-errors.html) in E:\xampp73\htdocs\filecroco\loader\vendor\guzzlehttp\guzzle\src\Handler\CurlFactory.php:186
Stack trace:
#0 E:\xampp73\htdocs\filecroco\loader\vendor\guzzlehttp\guzzle\src\Handler\CurlFactory.php(149): GuzzleHttp\Handler\CurlFactory::createRejection(Object(GuzzleHttp\Handler\EasyHandle), Array)
#1 E:\xampp73\htdocs\filecroco\loader\vendor\guzzlehttp\guzzle\src\Handler\CurlFactory.php(102): GuzzleHttp\Handler\CurlFactory::finishError(Object(GuzzleHttp\Handler\CurlMultiHandler), Object(GuzzleHttp\Handler\EasyHandle), Object(GuzzleHttp\Handler\CurlFactory))
#2 E:\xampp73\htdocs\filecroco\loader\vendor\guzzlehttp\guzzle\src\Handler\CurlMultiHandler.php(181): GuzzleHttp\Handler\CurlFactory::finish(Object(GuzzleHttp\Handler\CurlMultiHandler), Object(GuzzleHttp\Handler\EasyHandle), Object(GuzzleHttp\Handler\CurlFactory))
#3 E:\xampp73\htdocs\filecroco\loader\vendor\guzzlehttp\guzzle\src\Handler\CurlMultiHandler.php(110): GuzzleHttp\Handler\CurlMultiHandler->processMessages()
#4 E:\xampp73\htdocs\filecroco\loader\vendor\guzzlehttp\guzzle\src\Handler\CurlMultiHandler.php(125): GuzzleHttp\Handler\CurlMultiHandler->tick()
#5 E:\xampp73\htdocs\filecroco\loader\vendor\guzzlehttp\promises\src\Promise.php(246): GuzzleHttp\Handler\CurlMultiHandler->execute(true)
#6 E:\xampp73\htdocs\filecroco\loader\vendor\guzzlehttp\promises\src\Promise.php(223): GuzzleHttp\Promise\Promise->invokeWaitFn()
#7 E:\xampp73\htdocs\filecroco\loader\vendor\guzzlehttp\promises\src\Promise.php(267): GuzzleHttp\Promise\Promise->waitIfPending()
#8 E:\xampp73\htdocs\filecroco\loader\vendor\guzzlehttp\promises\src\Promise.php(225): GuzzleHttp\Promise\Promise->invokeWaitList()
#9 E:\xampp73\htdocs\filecroco\loader\vendor\guzzlehttp\promises\src\Promise.php(62): GuzzleHttp\Promise\Promise->waitIfPending()
#10 E:\xampp73\htdocs\filecroco\loader\vendor\guzzlehttp\promises\src\EachPromise.php(101): GuzzleHttp\Promise\Promise->wait()
#11 E:\xampp73\htdocs\filecroco\loader\vendor\guzzlehttp\promises\src\Promise.php(246): GuzzleHttp\Promise\EachPromise->GuzzleHttp\Promise\{closure}(true)
#12 E:\xampp73\htdocs\filecroco\loader\vendor\guzzlehttp\promises\src\Promise.php(223): GuzzleHttp\Promise\Promise->invokeWaitFn()
#13 E:\xampp73\htdocs\filecroco\loader\vendor\guzzlehttp\promises\src\Promise.php(62): GuzzleHttp\Promise\Promise->waitIfPending()
#14 E:\xampp73\htdocs\filecroco\loader\updatedownloadlink.php(95): GuzzleHttp\Promise\Promise->wait()
#15 {main}|516GuzzleHttp\Exception\RequestException: cURL error 56:  (see http://curl.haxx.se/libcurl/c/libcurl-errors.html) in E:\xampp73\htdocs\filecroco\loader\vendor\guzzlehttp\guzzle\src\Handler\CurlFactory.php:186
Stack trace:
#0 E:\xampp73\htdocs\filecroco\loader\vendor\guzzlehttp\guzzle\src\Handler\CurlFactory.php(149): GuzzleHttp\Handler\CurlFactory::createRejection(Object(GuzzleHttp\Handler\EasyHandle), Array)
#1 E:\xampp73\htdocs\filecroco\loader\vendor\guzzlehttp\guzzle\src\Handler\CurlFactory.php(102): GuzzleHttp\Handler\CurlFactory::finishError(Object(GuzzleHttp\Handler\CurlMultiHandler), Object(GuzzleHttp\Handler\EasyHandle), Object(GuzzleHttp\Handler\CurlFactory))
#2 E:\xampp73\htdocs\filecroco\loader\vendor\guzzlehttp\guzzle\src\Handler\CurlMultiHandler.php(181): GuzzleHttp\Handler\CurlFactory::finish(Object(GuzzleHttp\Handler\CurlMultiHandler), Object(GuzzleHttp\Handler\EasyHandle), Object(GuzzleHttp\Handler\CurlFactory))
#3 E:\xampp73\htdocs\filecroco\loader\vendor\guzzlehttp\guzzle\src\Handler\CurlMultiHandler.php(110): GuzzleHttp\Handler\CurlMultiHandler->processMessages()
#4 E:\xampp73\htdocs\filecroco\loader\vendor\guzzlehttp\guzzle\src\Handler\CurlMultiHandler.php(125): GuzzleHttp\Handler\CurlMultiHandler->tick()
#5 E:\xampp73\htdocs\filecroco\loader\vendor\guzzlehttp\promises\src\Promise.php(246): GuzzleHttp\Handler\CurlMultiHandler->execute(true)
#6 E:\xampp73\htdocs\filecroco\loader\vendor\guzzlehttp\promises\src\Promise.php(223): GuzzleHttp\Promise\Promise->invokeWaitFn()
#7 E:\xampp73\htdocs\filecroco\loader\vendor\guzzlehttp\promises\src\Promise.php(267): GuzzleHttp\Promise\Promise->waitIfPending()
#8 E:\xampp73\htdocs\filecroco\loader\vendor\guzzlehttp\promises\src\Promise.php(225): GuzzleHttp\Promise\Promise->invokeWaitList()
#9 E:\xampp73\htdocs\filecroco\loader\vendor\guzzlehttp\promises\src\Promise.php(62): GuzzleHttp\Promise\Promise->waitIfPending()
#10 E:\xampp73\htdocs\filecroco\loader\vendor\guzzlehttp\promises\src\EachPromise.php(101): GuzzleHttp\Promise\Promise->wait()
#11 E:\xampp73\htdocs\filecroco\loader\vendor\guzzlehttp\promises\src\Promise.php(246): GuzzleHttp\Promise\EachPromise->GuzzleHttp\Promise\{closure}(true)
#12 E:\xampp73\htdocs\filecroco\loader\vendor\guzzlehttp\promises\src\Promise.php(223): GuzzleHttp\Promise\Promise->invokeWaitFn()
#13 E:\xampp73\htdocs\filecroco\loader\vendor\guzzlehttp\promises\src\Promise.php(62): GuzzleHttp\Promise\Promise->waitIfPending()
#14 E:\xampp73\htdocs\filecroco\loader\updatedownloadlink.php(95): GuzzleHttp\Promise\Promise->wait()
#15 {main}|517GuzzleHttp\Exception\RequestException: cURL error 56:  (see http://curl.haxx.se/libcurl/c/libcurl-errors.html) in E:\xampp73\htdocs\filecroco\loader\vendor\guzzlehttp\guzzle\src\Handler\CurlFactory.php:186
Stack trace:
#0 E:\xampp73\htdocs\filecroco\loader\vendor\guzzlehttp\guzzle\src\Handler\CurlFactory.php(149): GuzzleHttp\Handler\CurlFactory::createRejection(Object(GuzzleHttp\Handler\EasyHandle), Array)
#1 E:\xampp73\htdocs\filecroco\loader\vendor\guzzlehttp\guzzle\src\Handler\CurlFactory.php(102): GuzzleHttp\Handler\CurlFactory::finishError(Object(GuzzleHttp\Handler\CurlMultiHandler), Object(GuzzleHttp\Handler\EasyHandle), Object(GuzzleHttp\Handler\CurlFactory))
#2 E:\xampp73\htdocs\filecroco\loader\vendor\guzzlehttp\guzzle\src\Handler\CurlMultiHandler.php(181): GuzzleHttp\Handler\CurlFactory::finish(Object(GuzzleHttp\Handler\CurlMultiHandler), Object(GuzzleHttp\Handler\EasyHandle), Object(GuzzleHttp\Handler\CurlFactory))
#3 E:\xampp73\htdocs\filecroco\loader\vendor\guzzlehttp\guzzle\src\Handler\CurlMultiHandler.php(110): GuzzleHttp\Handler\CurlMultiHandler->processMessages()
#4 E:\xampp73\htdocs\filecroco\loader\vendor\guzzlehttp\guzzle\src\Handler\CurlMultiHandler.php(125): GuzzleHttp\Handler\CurlMultiHandler->tick()
#5 E:\xampp73\htdocs\filecroco\loader\vendor\guzzlehttp\promises\src\Promise.php(246): GuzzleHttp\Handler\CurlMultiHandler->execute(true)
#6 E:\xampp73\htdocs\filecroco\loader\vendor\guzzlehttp\promises\src\Promise.php(223): GuzzleHttp\Promise\Promise->invokeWaitFn()
#7 E:\xampp73\htdocs\filecroco\loader\vendor\guzzlehttp\promises\src\Promise.php(267): GuzzleHttp\Promise\Promise->waitIfPending()
#8 E:\xampp73\htdocs\filecroco\loader\vendor\guzzlehttp\promises\src\Promise.php(225): GuzzleHttp\Promise\Promise->invokeWaitList()
#9 E:\xampp73\htdocs\filecroco\loader\vendor\guzzlehttp\promises\src\Promise.php(62): GuzzleHttp\Promise\Promise->waitIfPending()
#10 E:\xampp73\htdocs\filecroco\loader\vendor\guzzlehttp\promises\src\EachPromise.php(101): GuzzleHttp\Promise\Promise->wait()
#11 E:\xampp73\htdocs\filecroco\loader\vendor\guzzlehttp\promises\src\Promise.php(246): GuzzleHttp\Promise\EachPromise->GuzzleHttp\Promise\{closure}(true)
#12 E:\xampp73\htdocs\filecroco\loader\vendor\guzzlehttp\promises\src\Promise.php(223): GuzzleHttp\Promise\Promise->invokeWaitFn()
#13 E:\xampp73\htdocs\filecroco\loader\vendor\guzzlehttp\promises\src\Promise.php(62): GuzzleHttp\Promise\Promise->waitIfPending()
#14 E:\xampp73\htdocs\filecroco\loader\updatedownloadlink.php(95): GuzzleHttp\Promise\Promise->wait()
#15 {main}|518GuzzleHttp\Exception\RequestException: cURL error 56:  (see http://curl.haxx.se/libcurl/c/libcurl-errors.html) in E:\xampp73\htdocs\filecroco\loader\vendor\guzzlehttp\guzzle\src\Handler\CurlFactory.php:186
Stack trace:
#0 E:\xampp73\htdocs\filecroco\loader\vendor\guzzlehttp\guzzle\src\Handler\CurlFactory.php(149): GuzzleHttp\Handler\CurlFactory::createRejection(Object(GuzzleHttp\Handler\EasyHandle), Array)
#1 E:\xampp73\htdocs\filecroco\loader\vendor\guzzlehttp\guzzle\src\Handler\CurlFactory.php(102): GuzzleHttp\Handler\CurlFactory::finishError(Object(GuzzleHttp\Handler\CurlMultiHandler), Object(GuzzleHttp\Handler\EasyHandle), Object(GuzzleHttp\Handler\CurlFactory))
#2 E:\xampp73\htdocs\filecroco\loader\vendor\guzzlehttp\guzzle\src\Handler\CurlMultiHandler.php(181): GuzzleHttp\Handler\CurlFactory::finish(Object(GuzzleHttp\Handler\CurlMultiHandler), Object(GuzzleHttp\Handler\EasyHandle), Object(GuzzleHttp\Handler\CurlFactory))
#3 E:\xampp73\htdocs\filecroco\loader\vendor\guzzlehttp\guzzle\src\Handler\CurlMultiHandler.php(110): GuzzleHttp\Handler\CurlMultiHandler->processMessages()
#4 E:\xampp73\htdocs\filecroco\loader\vendor\guzzlehttp\guzzle\src\Handler\CurlMultiHandler.php(125): GuzzleHttp\Handler\CurlMultiHandler->tick()
#5 E:\xampp73\htdocs\filecroco\loader\vendor\guzzlehttp\promises\src\Promise.php(246): GuzzleHttp\Handler\CurlMultiHandler->execute(true)
#6 E:\xampp73\htdocs\filecroco\loader\vendor\guzzlehttp\promises\src\Promise.php(223): GuzzleHttp\Promise\Promise->invokeWaitFn()
#7 E:\xampp73\htdocs\filecroco\loader\vendor\guzzlehttp\promises\src\Promise.php(267): GuzzleHttp\Promise\Promise->waitIfPending()
#8 E:\xampp73\htdocs\filecroco\loader\vendor\guzzlehttp\promises\src\Promise.php(225): GuzzleHttp\Promise\Promise->invokeWaitList()
#9 E:\xampp73\htdocs\filecroco\loader\vendor\guzzlehttp\promises\src\Promise.php(62): GuzzleHttp\Promise\Promise->waitIfPending()
#10 E:\xampp73\htdocs\filecroco\loader\vendor\guzzlehttp\promises\src\EachPromise.php(101): GuzzleHttp\Promise\Promise->wait()
#11 E:\xampp73\htdocs\filecroco\loader\vendor\guzzlehttp\promises\src\Promise.php(246): GuzzleHttp\Promise\EachPromise->GuzzleHttp\Promise\{closure}(true)
#12 E:\xampp73\htdocs\filecroco\loader\vendor\guzzlehttp\promises\src\Promise.php(223): GuzzleHttp\Promise\Promise->invokeWaitFn()
#13 E:\xampp73\htdocs\filecroco\loader\vendor\guzzlehttp\promises\src\Promise.php(62): GuzzleHttp\Promise\Promise->waitIfPending()
#14 E:\xampp73\htdocs\filecroco\loader\updatedownloadlink.php(95): GuzzleHttp\Promise\Promise->wait()
#15 {main}|519GuzzleHttp\Exception\RequestException: cURL error 56:  (see http://curl.haxx.se/libcurl/c/libcurl-errors.html) in E:\xampp73\htdocs\filecroco\loader\vendor\guzzlehttp\guzzle\src\Handler\CurlFactory.php:186
Stack trace:
#0 E:\xampp73\htdocs\filecroco\loader\vendor\guzzlehttp\guzzle\src\Handler\CurlFactory.php(149): GuzzleHttp\Handler\CurlFactory::createRejection(Object(GuzzleHttp\Handler\EasyHandle), Array)
#1 E:\xampp73\htdocs\filecroco\loader\vendor\guzzlehttp\guzzle\src\Handler\CurlFactory.php(102): GuzzleHttp\Handler\CurlFactory::finishError(Object(GuzzleHttp\Handler\CurlMultiHandler), Object(GuzzleHttp\Handler\EasyHandle), Object(GuzzleHttp\Handler\CurlFactory))
#2 E:\xampp73\htdocs\filecroco\loader\vendor\guzzlehttp\guzzle\src\Handler\CurlMultiHandler.php(181): GuzzleHttp\Handler\CurlFactory::finish(Object(GuzzleHttp\Handler\CurlMultiHandler), Object(GuzzleHttp\Handler\EasyHandle), Object(GuzzleHttp\Handler\CurlFactory))
#3 E:\xampp73\htdocs\filecroco\loader\vendor\guzzlehttp\guzzle\src\Handler\CurlMultiHandler.php(110): GuzzleHttp\Handler\CurlMultiHandler->processMessages()
#4 E:\xampp73\htdocs\filecroco\loader\vendor\guzzlehttp\guzzle\src\Handler\CurlMultiHandler.php(125): GuzzleHttp\Handler\CurlMultiHandler->tick()
#5 E:\xampp73\htdocs\filecroco\loader\vendor\guzzlehttp\promises\src\Promise.php(246): GuzzleHttp\Handler\CurlMultiHandler->execute(true)
#6 E:\xampp73\htdocs\filecroco\loader\vendor\guzzlehttp\promises\src\Promise.php(223): GuzzleHttp\Promise\Promise->invokeWaitFn()
#7 E:\xampp73\htdocs\filecroco\loader\vendor\guzzlehttp\promises\src\Promise.php(267): GuzzleHttp\Promise\Promise->waitIfPending()
#8 E:\xampp73\htdocs\filecroco\loader\vendor\guzzlehttp\promises\src\Promise.php(225): GuzzleHttp\Promise\Promise->invokeWaitList()
#9 E:\xampp73\htdocs\filecroco\loader\vendor\guzzlehttp\promises\src\Promise.php(62): GuzzleHttp\Promise\Promise->waitIfPending()
#10 E:\xampp73\htdocs\filecroco\loader\vendor\guzzlehttp\promises\src\EachPromise.php(101): GuzzleHttp\Promise\Promise->wait()
#11 E:\xampp73\htdocs\filecroco\loader\vendor\guzzlehttp\promises\src\Promise.php(246): GuzzleHttp\Promise\EachPromise->GuzzleHttp\Promise\{closure}(true)
#12 E:\xampp73\htdocs\filecroco\loader\vendor\guzzlehttp\promises\src\Promise.php(223): GuzzleHttp\Promise\Promise->invokeWaitFn()
#13 E:\xampp73\htdocs\filecroco\loader\vendor\guzzlehttp\promises\src\Promise.php(62): GuzzleHttp\Promise\Promise->waitIfPending()
#14 E:\xampp73\htdocs\filecroco\loader\updatedownloadlink.php(95): GuzzleHttp\Promise\Promise->wait()
#15 {main}|520GuzzleHttp\Exception\RequestException: cURL error 56:  (see http://curl.haxx.se/libcurl/c/libcurl-errors.html) in E:\xampp73\htdocs\filecroco\loader\vendor\guzzlehttp\guzzle\src\Handler\CurlFactory.php:186
Stack trace:
#0 E:\xampp73\htdocs\filecroco\loader\vendor\guzzlehttp\guzzle\src\Handler\CurlFactory.php(149): GuzzleHttp\Handler\CurlFactory::createRejection(Object(GuzzleHttp\Handler\EasyHandle), Array)
#1 E:\xampp73\htdocs\filecroco\loader\vendor\guzzlehttp\guzzle\src\Handler\CurlFactory.php(102): GuzzleHttp\Handler\CurlFactory::finishError(Object(GuzzleHttp\Handler\CurlMultiHandler), Object(GuzzleHttp\Handler\EasyHandle), Object(GuzzleHttp\Handler\CurlFactory))
#2 E:\xampp73\htdocs\filecroco\loader\vendor\guzzlehttp\guzzle\src\Handler\CurlMultiHandler.php(181): GuzzleHttp\Handler\CurlFactory::finish(Object(GuzzleHttp\Handler\CurlMultiHandler), Object(GuzzleHttp\Handler\EasyHandle), Object(GuzzleHttp\Handler\CurlFactory))
#3 E:\xampp73\htdocs\filecroco\loader\vendor\guzzlehttp\guzzle\src\Handler\CurlMultiHandler.php(110): GuzzleHttp\Handler\CurlMultiHandler->processMessages()
#4 E:\xampp73\htdocs\filecroco\loader\vendor\guzzlehttp\guzzle\src\Handler\CurlMultiHandler.php(125): GuzzleHttp\Handler\CurlMultiHandler->tick()
#5 E:\xampp73\htdocs\filecroco\loader\vendor\guzzlehttp\promises\src\Promise.php(246): GuzzleHttp\Handler\CurlMultiHandler->execute(true)
#6 E:\xampp73\htdocs\filecroco\loader\vendor\guzzlehttp\promises\src\Promise.php(223): GuzzleHttp\Promise\Promise->invokeWaitFn()
#7 E:\xampp73\htdocs\filecroco\loader\vendor\guzzlehttp\promises\src\Promise.php(267): GuzzleHttp\Promise\Promise->waitIfPending()
#8 E:\xampp73\htdocs\filecroco\loader\vendor\guzzlehttp\promises\src\Promise.php(225): GuzzleHttp\Promise\Promise->invokeWaitList()
#9 E:\xampp73\htdocs\filecroco\loader\vendor\guzzlehttp\promises\src\Promise.php(62): GuzzleHttp\Promise\Promise->waitIfPending()
#10 E:\xampp73\htdocs\filecroco\loader\vendor\guzzlehttp\promises\src\EachPromise.php(101): GuzzleHttp\Promise\Promise->wait()
#11 E:\xampp73\htdocs\filecroco\loader\vendor\guzzlehttp\promises\src\Promise.php(246): GuzzleHttp\Promise\EachPromise->GuzzleHttp\Promise\{closure}(true)
#12 E:\xampp73\htdocs\filecroco\loader\vendor\guzzlehttp\promises\src\Promise.php(223): GuzzleHttp\Promise\Promise->invokeWaitFn()
#13 E:\xampp73\htdocs\filecroco\loader\vendor\guzzlehttp\promises\src\Promise.php(62): GuzzleHttp\Promise\Promise->waitIfPending()
#14 E:\xampp73\htdocs\filecroco\loader\updatedownloadlink.php(95): GuzzleHttp\Promise\Promise->wait()
#15 {main}|521GuzzleHttp\Exception\RequestException: cURL error 56:  (see http://curl.haxx.se/libcurl/c/libcurl-errors.html) in E:\xampp73\htdocs\filecroco\loader\vendor\guzzlehttp\guzzle\src\Handler\CurlFactory.php:186
Stack trace:
#0 E:\xampp73\htdocs\filecroco\loader\vendor\guzzlehttp\guzzle\src\Handler\CurlFactory.php(149): GuzzleHttp\Handler\CurlFactory::createRejection(Object(GuzzleHttp\Handler\EasyHandle), Array)
#1 E:\xampp73\htdocs\filecroco\loader\vendor\guzzlehttp\guzzle\src\Handler\CurlFactory.php(102): GuzzleHttp\Handler\CurlFactory::finishError(Object(GuzzleHttp\Handler\CurlMultiHandler), Object(GuzzleHttp\Handler\EasyHandle), Object(GuzzleHttp\Handler\CurlFactory))
#2 E:\xampp73\htdocs\filecroco\loader\vendor\guzzlehttp\guzzle\src\Handler\CurlMultiHandler.php(181): GuzzleHttp\Handler\CurlFactory::finish(Object(GuzzleHttp\Handler\CurlMultiHandler), Object(GuzzleHttp\Handler\EasyHandle), Object(GuzzleHttp\Handler\CurlFactory))
#3 E:\xampp73\htdocs\filecroco\loader\vendor\guzzlehttp\guzzle\src\Handler\CurlMultiHandler.php(110): GuzzleHttp\Handler\CurlMultiHandler->processMessages()
#4 E:\xampp73\htdocs\filecroco\loader\vendor\guzzlehttp\guzzle\src\Handler\CurlMultiHandler.php(125): GuzzleHttp\Handler\CurlMultiHandler->tick()
#5 E:\xampp73\htdocs\filecroco\loader\vendor\guzzlehttp\promises\src\Promise.php(246): GuzzleHttp\Handler\CurlMultiHandler->execute(true)
#6 E:\xampp73\htdocs\filecroco\loader\vendor\guzzlehttp\promises\src\Promise.php(223): GuzzleHttp\Promise\Promise->invokeWaitFn()
#7 E:\xampp73\htdocs\filecroco\loader\vendor\guzzlehttp\promises\src\Promise.php(267): GuzzleHttp\Promise\Promise->waitIfPending()
#8 E:\xampp73\htdocs\filecroco\loader\vendor\guzzlehttp\promises\src\Promise.php(225): GuzzleHttp\Promise\Promise->invokeWaitList()
#9 E:\xampp73\htdocs\filecroco\loader\vendor\guzzlehttp\promises\src\Promise.php(62): GuzzleHttp\Promise\Promise->waitIfPending()
#10 E:\xampp73\htdocs\filecroco\loader\vendor\guzzlehttp\promises\src\EachPromise.php(101): GuzzleHttp\Promise\Promise->wait()
#11 E:\xampp73\htdocs\filecroco\loader\vendor\guzzlehttp\promises\src\Promise.php(246): GuzzleHttp\Promise\EachPromise->GuzzleHttp\Promise\{closure}(true)
#12 E:\xampp73\htdocs\filecroco\loader\vendor\guzzlehttp\promises\src\Promise.php(223): GuzzleHttp\Promise\Promise->invokeWaitFn()
#13 E:\xampp73\htdocs\filecroco\loader\vendor\guzzlehttp\promises\src\Promise.php(62): GuzzleHttp\Promise\Promise->waitIfPending()
#14 E:\xampp73\htdocs\filecroco\loader\updatedownloadlink.php(95): GuzzleHttp\Promise\Promise->wait()
#15 {main}|522GuzzleHttp\Exception\RequestException: cURL error 56:  (see http://curl.haxx.se/libcurl/c/libcurl-errors.html) in E:\xampp73\htdocs\filecroco\loader\vendor\guzzlehttp\guzzle\src\Handler\CurlFactory.php:186
Stack trace:
#0 E:\xampp73\htdocs\filecroco\loader\vendor\guzzlehttp\guzzle\src\Handler\CurlFactory.php(149): GuzzleHttp\Handler\CurlFactory::createRejection(Object(GuzzleHttp\Handler\EasyHandle), Array)
#1 E:\xampp73\htdocs\filecroco\loader\vendor\guzzlehttp\guzzle\src\Handler\CurlFactory.php(102): GuzzleHttp\Handler\CurlFactory::finishError(Object(GuzzleHttp\Handler\CurlMultiHandler), Object(GuzzleHttp\Handler\EasyHandle), Object(GuzzleHttp\Handler\CurlFactory))
#2 E:\xampp73\htdocs\filecroco\loader\vendor\guzzlehttp\guzzle\src\Handler\CurlMultiHandler.php(181): GuzzleHttp\Handler\CurlFactory::finish(Object(GuzzleHttp\Handler\CurlMultiHandler), Object(GuzzleHttp\Handler\EasyHandle), Object(GuzzleHttp\Handler\CurlFactory))
#3 E:\xampp73\htdocs\filecroco\loader\vendor\guzzlehttp\guzzle\src\Handler\CurlMultiHandler.php(110): GuzzleHttp\Handler\CurlMultiHandler->processMessages()
#4 E:\xampp73\htdocs\filecroco\loader\vendor\guzzlehttp\guzzle\src\Handler\CurlMultiHandler.php(125): GuzzleHttp\Handler\CurlMultiHandler->tick()
#5 E:\xampp73\htdocs\filecroco\loader\vendor\guzzlehttp\promises\src\Promise.php(246): GuzzleHttp\Handler\CurlMultiHandler->execute(true)
#6 E:\xampp73\htdocs\filecroco\loader\vendor\guzzlehttp\promises\src\Promise.php(223): GuzzleHttp\Promise\Promise->invokeWaitFn()
#7 E:\xampp73\htdocs\filecroco\loader\vendor\guzzlehttp\promises\src\Promise.php(267): GuzzleHttp\Promise\Promise->waitIfPending()
#8 E:\xampp73\htdocs\filecroco\loader\vendor\guzzlehttp\promises\src\Promise.php(225): GuzzleHttp\Promise\Promise->invokeWaitList()
#9 E:\xampp73\htdocs\filecroco\loader\vendor\guzzlehttp\promises\src\Promise.php(62): GuzzleHttp\Promise\Promise->waitIfPending()
#10 E:\xampp73\htdocs\filecroco\loader\vendor\guzzlehttp\promises\src\EachPromise.php(101): GuzzleHttp\Promise\Promise->wait()
#11 E:\xampp73\htdocs\filecroco\loader\vendor\guzzlehttp\promises\src\Promise.php(246): GuzzleHttp\Promise\EachPromise->GuzzleHttp\Promise\{closure}(true)
#12 E:\xampp73\htdocs\filecroco\loader\vendor\guzzlehttp\promises\src\Promise.php(223): GuzzleHttp\Promise\Promise->invokeWaitFn()
#13 E:\xampp73\htdocs\filecroco\loader\vendor\guzzlehttp\promises\src\Promise.php(62): GuzzleHttp\Promise\Promise->waitIfPending()
#14 E:\xampp73\htdocs\filecroco\loader\updatedownloadlink.php(95): GuzzleHttp\Promise\Promise->wait()
#15 {main}|523GuzzleHttp\Exception\RequestException: cURL error 56:  (see http://curl.haxx.se/libcurl/c/libcurl-errors.html) in E:\xampp73\htdocs\filecroco\loader\vendor\guzzlehttp\guzzle\src\Handler\CurlFactory.php:186
Stack trace:
#0 E:\xampp73\htdocs\filecroco\loader\vendor\guzzlehttp\guzzle\src\Handler\CurlFactory.php(149): GuzzleHttp\Handler\CurlFactory::createRejection(Object(GuzzleHttp\Handler\EasyHandle), Array)
#1 E:\xampp73\htdocs\filecroco\loader\vendor\guzzlehttp\guzzle\src\Handler\CurlFactory.php(102): GuzzleHttp\Handler\CurlFactory::finishError(Object(GuzzleHttp\Handler\CurlMultiHandler), Object(GuzzleHttp\Handler\EasyHandle), Object(GuzzleHttp\Handler\CurlFactory))
#2 E:\xampp73\htdocs\filecroco\loader\vendor\guzzlehttp\guzzle\src\Handler\CurlMultiHandler.php(181): GuzzleHttp\Handler\CurlFactory::finish(Object(GuzzleHttp\Handler\CurlMultiHandler), Object(GuzzleHttp\Handler\EasyHandle), Object(GuzzleHttp\Handler\CurlFactory))
#3 E:\xampp73\htdocs\filecroco\loader\vendor\guzzlehttp\guzzle\src\Handler\CurlMultiHandler.php(110): GuzzleHttp\Handler\CurlMultiHandler->processMessages()
#4 E:\xampp73\htdocs\filecroco\loader\vendor\guzzlehttp\guzzle\src\Handler\CurlMultiHandler.php(125): GuzzleHttp\Handler\CurlMultiHandler->tick()
#5 E:\xampp73\htdocs\filecroco\loader\vendor\guzzlehttp\promises\src\Promise.php(246): GuzzleHttp\Handler\CurlMultiHandler->execute(true)
#6 E:\xampp73\htdocs\filecroco\loader\vendor\guzzlehttp\promises\src\Promise.php(223): GuzzleHttp\Promise\Promise->invokeWaitFn()
#7 E:\xampp73\htdocs\filecroco\loader\vendor\guzzlehttp\promises\src\Promise.php(267): GuzzleHttp\Promise\Promise->waitIfPending()
#8 E:\xampp73\htdocs\filecroco\loader\vendor\guzzlehttp\promises\src\Promise.php(225): GuzzleHttp\Promise\Promise->invokeWaitList()
#9 E:\xampp73\htdocs\filecroco\loader\vendor\guzzlehttp\promises\src\Promise.php(62): GuzzleHttp\Promise\Promise->waitIfPending()
#10 E:\xampp73\htdocs\filecroco\loader\vendor\guzzlehttp\promises\src\EachPromise.php(101): GuzzleHttp\Promise\Promise->wait()
#11 E:\xampp73\htdocs\filecroco\loader\vendor\guzzlehttp\promises\src\Promise.php(246): GuzzleHttp\Promise\EachPromise->GuzzleHttp\Promise\{closure}(true)
#12 E:\xampp73\htdocs\filecroco\loader\vendor\guzzlehttp\promises\src\Promise.php(223): GuzzleHttp\Promise\Promise->invokeWaitFn()
#13 E:\xampp73\htdocs\filecroco\loader\vendor\guzzlehttp\promises\src\Promise.php(62): GuzzleHttp\Promise\Promise->waitIfPending()
#14 E:\xampp73\htdocs\filecroco\loader\updatedownloadlink.php(95): GuzzleHttp\Promise\Promise->wait()
#15 {main}|524GuzzleHttp\Exception\RequestException: cURL error 56:  (see http://curl.haxx.se/libcurl/c/libcurl-errors.html) in E:\xampp73\htdocs\filecroco\loader\vendor\guzzlehttp\guzzle\src\Handler\CurlFactory.php:186
Stack trace:
#0 E:\xampp73\htdocs\filecroco\loader\vendor\guzzlehttp\guzzle\src\Handler\CurlFactory.php(149): GuzzleHttp\Handler\CurlFactory::createRejection(Object(GuzzleHttp\Handler\EasyHandle), Array)
#1 E:\xampp73\htdocs\filecroco\loader\vendor\guzzlehttp\guzzle\src\Handler\CurlFactory.php(102): GuzzleHttp\Handler\CurlFactory::finishError(Object(GuzzleHttp\Handler\CurlMultiHandler), Object(GuzzleHttp\Handler\EasyHandle), Object(GuzzleHttp\Handler\CurlFactory))
#2 E:\xampp73\htdocs\filecroco\loader\vendor\guzzlehttp\guzzle\src\Handler\CurlMultiHandler.php(181): GuzzleHttp\Handler\CurlFactory::finish(Object(GuzzleHttp\Handler\CurlMultiHandler), Object(GuzzleHttp\Handler\EasyHandle), Object(GuzzleHttp\Handler\CurlFactory))
#3 E:\xampp73\htdocs\filecroco\loader\vendor\guzzlehttp\guzzle\src\Handler\CurlMultiHandler.php(110): GuzzleHttp\Handler\CurlMultiHandler->processMessages()
#4 E:\xampp73\htdocs\filecroco\loader\vendor\guzzlehttp\guzzle\src\Handler\CurlMultiHandler.php(125): GuzzleHttp\Handler\CurlMultiHandler->tick()
#5 E:\xampp73\htdocs\filecroco\loader\vendor\guzzlehttp\promises\src\Promise.php(246): GuzzleHttp\Handler\CurlMultiHandler->execute(true)
#6 E:\xampp73\htdocs\filecroco\loader\vendor\guzzlehttp\promises\src\Promise.php(223): GuzzleHttp\Promise\Promise->invokeWaitFn()
#7 E:\xampp73\htdocs\filecroco\loader\vendor\guzzlehttp\promises\src\Promise.php(267): GuzzleHttp\Promise\Promise->waitIfPending()
#8 E:\xampp73\htdocs\filecroco\loader\vendor\guzzlehttp\promises\src\Promise.php(225): GuzzleHttp\Promise\Promise->invokeWaitList()
#9 E:\xampp73\htdocs\filecroco\loader\vendor\guzzlehttp\promises\src\Promise.php(62): GuzzleHttp\Promise\Promise->waitIfPending()
#10 E:\xampp73\htdocs\filecroco\loader\vendor\guzzlehttp\promises\src\EachPromise.php(101): GuzzleHttp\Promise\Promise->wait()
#11 E:\xampp73\htdocs\filecroco\loader\vendor\guzzlehttp\promises\src\Promise.php(246): GuzzleHttp\Promise\EachPromise->GuzzleHttp\Promise\{closure}(true)
#12 E:\xampp73\htdocs\filecroco\loader\vendor\guzzlehttp\promises\src\Promise.php(223): GuzzleHttp\Promise\Promise->invokeWaitFn()
#13 E:\xampp73\htdocs\filecroco\loader\vendor\guzzlehttp\promises\src\Promise.php(62): GuzzleHttp\Promise\Promise->waitIfPending()
#14 E:\xampp73\htdocs\filecroco\loader\updatedownloadlink.php(95): GuzzleHttp\Promise\Promise->wait()
#15 {main}|525GuzzleHttp\Exception\RequestException: cURL error 56:  (see http://curl.haxx.se/libcurl/c/libcurl-errors.html) in E:\xampp73\htdocs\filecroco\loader\vendor\guzzlehttp\guzzle\src\Handler\CurlFactory.php:186
Stack trace:
#0 E:\xampp73\htdocs\filecroco\loader\vendor\guzzlehttp\guzzle\src\Handler\CurlFactory.php(149): GuzzleHttp\Handler\CurlFactory::createRejection(Object(GuzzleHttp\Handler\EasyHandle), Array)
#1 E:\xampp73\htdocs\filecroco\loader\vendor\guzzlehttp\guzzle\src\Handler\CurlFactory.php(102): GuzzleHttp\Handler\CurlFactory::finishError(Object(GuzzleHttp\Handler\CurlMultiHandler), Object(GuzzleHttp\Handler\EasyHandle), Object(GuzzleHttp\Handler\CurlFactory))
#2 E:\xampp73\htdocs\filecroco\loader\vendor\guzzlehttp\guzzle\src\Handler\CurlMultiHandler.php(181): GuzzleHttp\Handler\CurlFactory::finish(Object(GuzzleHttp\Handler\CurlMultiHandler), Object(GuzzleHttp\Handler\EasyHandle), Object(GuzzleHttp\Handler\CurlFactory))
#3 E:\xampp73\htdocs\filecroco\loader\vendor\guzzlehttp\guzzle\src\Handler\CurlMultiHandler.php(110): GuzzleHttp\Handler\CurlMultiHandler->processMessages()
#4 E:\xampp73\htdocs\filecroco\loader\vendor\guzzlehttp\guzzle\src\Handler\CurlMultiHandler.php(125): GuzzleHttp\Handler\CurlMultiHandler->tick()
#5 E:\xampp73\htdocs\filecroco\loader\vendor\guzzlehttp\promises\src\Promise.php(246): GuzzleHttp\Handler\CurlMultiHandler->execute(true)
#6 E:\xampp73\htdocs\filecroco\loader\vendor\guzzlehttp\promises\src\Promise.php(223): GuzzleHttp\Promise\Promise->invokeWaitFn()
#7 E:\xampp73\htdocs\filecroco\loader\vendor\guzzlehttp\promises\src\Promise.php(267): GuzzleHttp\Promise\Promise->waitIfPending()
#8 E:\xampp73\htdocs\filecroco\loader\vendor\guzzlehttp\promises\src\Promise.php(225): GuzzleHttp\Promise\Promise->invokeWaitList()
#9 E:\xampp73\htdocs\filecroco\loader\vendor\guzzlehttp\promises\src\Promise.php(62): GuzzleHttp\Promise\Promise->waitIfPending()
#10 E:\xampp73\htdocs\filecroco\loader\vendor\guzzlehttp\promises\src\EachPromise.php(101): GuzzleHttp\Promise\Promise->wait()
#11 E:\xampp73\htdocs\filecroco\loader\vendor\guzzlehttp\promises\src\Promise.php(246): GuzzleHttp\Promise\EachPromise->GuzzleHttp\Promise\{closure}(true)
#12 E:\xampp73\htdocs\filecroco\loader\vendor\guzzlehttp\promises\src\Promise.php(223): GuzzleHttp\Promise\Promise->invokeWaitFn()
#13 E:\xampp73\htdocs\filecroco\loader\vendor\guzzlehttp\promises\src\Promise.php(62): GuzzleHttp\Promise\Promise->waitIfPending()
#14 E:\xampp73\htdocs\filecroco\loader\updatedownloadlink.php(95): GuzzleHttp\Promise\Promise->wait()
#15 {main}|526GuzzleHttp\Exception\RequestException: cURL error 56:  (see http://curl.haxx.se/libcurl/c/libcurl-errors.html) in E:\xampp73\htdocs\filecroco\loader\vendor\guzzlehttp\guzzle\src\Handler\CurlFactory.php:186
Stack trace:
#0 E:\xampp73\htdocs\filecroco\loader\vendor\guzzlehttp\guzzle\src\Handler\CurlFactory.php(149): GuzzleHttp\Handler\CurlFactory::createRejection(Object(GuzzleHttp\Handler\EasyHandle), Array)
#1 E:\xampp73\htdocs\filecroco\loader\vendor\guzzlehttp\guzzle\src\Handler\CurlFactory.php(102): GuzzleHttp\Handler\CurlFactory::finishError(Object(GuzzleHttp\Handler\CurlMultiHandler), Object(GuzzleHttp\Handler\EasyHandle), Object(GuzzleHttp\Handler\CurlFactory))
#2 E:\xampp73\htdocs\filecroco\loader\vendor\guzzlehttp\guzzle\src\Handler\CurlMultiHandler.php(181): GuzzleHttp\Handler\CurlFactory::finish(Object(GuzzleHttp\Handler\CurlMultiHandler), Object(GuzzleHttp\Handler\EasyHandle), Object(GuzzleHttp\Handler\CurlFactory))
#3 E:\xampp73\htdocs\filecroco\loader\vendor\guzzlehttp\guzzle\src\Handler\CurlMultiHandler.php(110): GuzzleHttp\Handler\CurlMultiHandler->processMessages()
#4 E:\xampp73\htdocs\filecroco\loader\vendor\guzzlehttp\guzzle\src\Handler\CurlMultiHandler.php(125): GuzzleHttp\Handler\CurlMultiHandler->tick()
#5 E:\xampp73\htdocs\filecroco\loader\vendor\guzzlehttp\promises\src\Promise.php(246): GuzzleHttp\Handler\CurlMultiHandler->execute(true)
#6 E:\xampp73\htdocs\filecroco\loader\vendor\guzzlehttp\promises\src\Promise.php(223): GuzzleHttp\Promise\Promise->invokeWaitFn()
#7 E:\xampp73\htdocs\filecroco\loader\vendor\guzzlehttp\promises\src\Promise.php(267): GuzzleHttp\Promise\Promise->waitIfPending()
#8 E:\xampp73\htdocs\filecroco\loader\vendor\guzzlehttp\promises\src\Promise.php(225): GuzzleHttp\Promise\Promise->invokeWaitList()
#9 E:\xampp73\htdocs\filecroco\loader\vendor\guzzlehttp\promises\src\Promise.php(62): GuzzleHttp\Promise\Promise->waitIfPending()
#10 E:\xampp73\htdocs\filecroco\loader\vendor\guzzlehttp\promises\src\EachPromise.php(101): GuzzleHttp\Promise\Promise->wait()
#11 E:\xampp73\htdocs\filecroco\loader\vendor\guzzlehttp\promises\src\Promise.php(246): GuzzleHttp\Promise\EachPromise->GuzzleHttp\Promise\{closure}(true)
#12 E:\xampp73\htdocs\filecroco\loader\vendor\guzzlehttp\promises\src\Promise.php(223): GuzzleHttp\Promise\Promise->invokeWaitFn()
#13 E:\xampp73\htdocs\filecroco\loader\vendor\guzzlehttp\promises\src\Promise.php(62): GuzzleHttp\Promise\Promise->waitIfPending()
#14 E:\xampp73\htdocs\filecroco\loader\updatedownloadlink.php(95): GuzzleHttp\Promise\Promise->wait()
#15 {main}|527GuzzleHttp\Exception\RequestException: cURL error 56:  (see http://curl.haxx.se/libcurl/c/libcurl-errors.html) in E:\xampp73\htdocs\filecroco\loader\vendor\guzzlehttp\guzzle\src\Handler\CurlFactory.php:186
Stack trace:
#0 E:\xampp73\htdocs\filecroco\loader\vendor\guzzlehttp\guzzle\src\Handler\CurlFactory.php(149): GuzzleHttp\Handler\CurlFactory::createRejection(Object(GuzzleHttp\Handler\EasyHandle), Array)
#1 E:\xampp73\htdocs\filecroco\loader\vendor\guzzlehttp\guzzle\src\Handler\CurlFactory.php(102): GuzzleHttp\Handler\CurlFactory::finishError(Object(GuzzleHttp\Handler\CurlMultiHandler), Object(GuzzleHttp\Handler\EasyHandle), Object(GuzzleHttp\Handler\CurlFactory))
#2 E:\xampp73\htdocs\filecroco\loader\vendor\guzzlehttp\guzzle\src\Handler\CurlMultiHandler.php(181): GuzzleHttp\Handler\CurlFactory::finish(Object(GuzzleHttp\Handler\CurlMultiHandler), Object(GuzzleHttp\Handler\EasyHandle), Object(GuzzleHttp\Handler\CurlFactory))
#3 E:\xampp73\htdocs\filecroco\loader\vendor\guzzlehttp\guzzle\src\Handler\CurlMultiHandler.php(110): GuzzleHttp\Handler\CurlMultiHandler->processMessages()
#4 E:\xampp73\htdocs\filecroco\loader\vendor\guzzlehttp\guzzle\src\Handler\CurlMultiHandler.php(125): GuzzleHttp\Handler\CurlMultiHandler->tick()
#5 E:\xampp73\htdocs\filecroco\loader\vendor\guzzlehttp\promises\src\Promise.php(246): GuzzleHttp\Handler\CurlMultiHandler->execute(true)
#6 E:\xampp73\htdocs\filecroco\loader\vendor\guzzlehttp\promises\src\Promise.php(223): GuzzleHttp\Promise\Promise->invokeWaitFn()
#7 E:\xampp73\htdocs\filecroco\loader\vendor\guzzlehttp\promises\src\Promise.php(267): GuzzleHttp\Promise\Promise->waitIfPending()
#8 E:\xampp73\htdocs\filecroco\loader\vendor\guzzlehttp\promises\src\Promise.php(225): GuzzleHttp\Promise\Promise->invokeWaitList()
#9 E:\xampp73\htdocs\filecroco\loader\vendor\guzzlehttp\promises\src\Promise.php(62): GuzzleHttp\Promise\Promise->waitIfPending()
#10 E:\xampp73\htdocs\filecroco\loader\vendor\guzzlehttp\promises\src\EachPromise.php(101): GuzzleHttp\Promise\Promise->wait()
#11 E:\xampp73\htdocs\filecroco\loader\vendor\guzzlehttp\promises\src\Promise.php(246): GuzzleHttp\Promise\EachPromise->GuzzleHttp\Promise\{closure}(true)
#12 E:\xampp73\htdocs\filecroco\loader\vendor\guzzlehttp\promises\src\Promise.php(223): GuzzleHttp\Promise\Promise->invokeWaitFn()
#13 E:\xampp73\htdocs\filecroco\loader\vendor\guzzlehttp\promises\src\Promise.php(62): GuzzleHttp\Promise\Promise->waitIfPending()
#14 E:\xampp73\htdocs\filecroco\loader\updatedownloadlink.php(95): GuzzleHttp\Promise\Promise->wait()
#15 {main}|528GuzzleHttp\Exception\RequestException: cURL error 56:  (see http://curl.haxx.se/libcurl/c/libcurl-errors.html) in E:\xampp73\htdocs\filecroco\loader\vendor\guzzlehttp\guzzle\src\Handler\CurlFactory.php:186
Stack trace:
#0 E:\xampp73\htdocs\filecroco\loader\vendor\guzzlehttp\guzzle\src\Handler\CurlFactory.php(149): GuzzleHttp\Handler\CurlFactory::createRejection(Object(GuzzleHttp\Handler\EasyHandle), Array)
#1 E:\xampp73\htdocs\filecroco\loader\vendor\guzzlehttp\guzzle\src\Handler\CurlFactory.php(102): GuzzleHttp\Handler\CurlFactory::finishError(Object(GuzzleHttp\Handler\CurlMultiHandler), Object(GuzzleHttp\Handler\EasyHandle), Object(GuzzleHttp\Handler\CurlFactory))
#2 E:\xampp73\htdocs\filecroco\loader\vendor\guzzlehttp\guzzle\src\Handler\CurlMultiHandler.php(181): GuzzleHttp\Handler\CurlFactory::finish(Object(GuzzleHttp\Handler\CurlMultiHandler), Object(GuzzleHttp\Handler\EasyHandle), Object(GuzzleHttp\Handler\CurlFactory))
#3 E:\xampp73\htdocs\filecroco\loader\vendor\guzzlehttp\guzzle\src\Handler\CurlMultiHandler.php(110): GuzzleHttp\Handler\CurlMultiHandler->processMessages()
#4 E:\xampp73\htdocs\filecroco\loader\vendor\guzzlehttp\guzzle\src\Handler\CurlMultiHandler.php(125): GuzzleHttp\Handler\CurlMultiHandler->tick()
#5 E:\xampp73\htdocs\filecroco\loader\vendor\guzzlehttp\promises\src\Promise.php(246): GuzzleHttp\Handler\CurlMultiHandler->execute(true)
#6 E:\xampp73\htdocs\filecroco\loader\vendor\guzzlehttp\promises\src\Promise.php(223): GuzzleHttp\Promise\Promise->invokeWaitFn()
#7 E:\xampp73\htdocs\filecroco\loader\vendor\guzzlehttp\promises\src\Promise.php(267): GuzzleHttp\Promise\Promise->waitIfPending()
#8 E:\xampp73\htdocs\filecroco\loader\vendor\guzzlehttp\promises\src\Promise.php(225): GuzzleHttp\Promise\Promise->invokeWaitList()
#9 E:\xampp73\htdocs\filecroco\loader\vendor\guzzlehttp\promises\src\Promise.php(62): GuzzleHttp\Promise\Promise->waitIfPending()
#10 E:\xampp73\htdocs\filecroco\loader\vendor\guzzlehttp\promises\src\EachPromise.php(101): GuzzleHttp\Promise\Promise->wait()
#11 E:\xampp73\htdocs\filecroco\loader\vendor\guzzlehttp\promises\src\Promise.php(246): GuzzleHttp\Promise\EachPromise->GuzzleHttp\Promise\{closure}(true)
#12 E:\xampp73\htdocs\filecroco\loader\vendor\guzzlehttp\promises\src\Promise.php(223): GuzzleHttp\Promise\Promise->invokeWaitFn()
#13 E:\xampp73\htdocs\filecroco\loader\vendor\guzzlehttp\promises\src\Promise.php(62): GuzzleHttp\Promise\Promise->waitIfPending()
#14 E:\xampp73\htdocs\filecroco\loader\updatedownloadlink.php(95): GuzzleHttp\Promise\Promise->wait()
#15 {main}|529GuzzleHttp\Exception\RequestException: cURL error 56:  (see http://curl.haxx.se/libcurl/c/libcurl-errors.html) in E:\xampp73\htdocs\filecroco\loader\vendor\guzzlehttp\guzzle\src\Handler\CurlFactory.php:186
Stack trace:
#0 E:\xampp73\htdocs\filecroco\loader\vendor\guzzlehttp\guzzle\src\Handler\CurlFactory.php(149): GuzzleHttp\Handler\CurlFactory::createRejection(Object(GuzzleHttp\Handler\EasyHandle), Array)
#1 E:\xampp73\htdocs\filecroco\loader\vendor\guzzlehttp\guzzle\src\Handler\CurlFactory.php(102): GuzzleHttp\Handler\CurlFactory::finishError(Object(GuzzleHttp\Handler\CurlMultiHandler), Object(GuzzleHttp\Handler\EasyHandle), Object(GuzzleHttp\Handler\CurlFactory))
#2 E:\xampp73\htdocs\filecroco\loader\vendor\guzzlehttp\guzzle\src\Handler\CurlMultiHandler.php(181): GuzzleHttp\Handler\CurlFactory::finish(Object(GuzzleHttp\Handler\CurlMultiHandler), Object(GuzzleHttp\Handler\EasyHandle), Object(GuzzleHttp\Handler\CurlFactory))
#3 E:\xampp73\htdocs\filecroco\loader\vendor\guzzlehttp\guzzle\src\Handler\CurlMultiHandler.php(110): GuzzleHttp\Handler\CurlMultiHandler->processMessages()
#4 E:\xampp73\htdocs\filecroco\loader\vendor\guzzlehttp\guzzle\src\Handler\CurlMultiHandler.php(125): GuzzleHttp\Handler\CurlMultiHandler->tick()
#5 E:\xampp73\htdocs\filecroco\loader\vendor\guzzlehttp\promises\src\Promise.php(246): GuzzleHttp\Handler\CurlMultiHandler->execute(true)
#6 E:\xampp73\htdocs\filecroco\loader\vendor\guzzlehttp\promises\src\Promise.php(223): GuzzleHttp\Promise\Promise->invokeWaitFn()
#7 E:\xampp73\htdocs\filecroco\loader\vendor\guzzlehttp\promises\src\Promise.php(267): GuzzleHttp\Promise\Promise->waitIfPending()
#8 E:\xampp73\htdocs\filecroco\loader\vendor\guzzlehttp\promises\src\Promise.php(225): GuzzleHttp\Promise\Promise->invokeWaitList()
#9 E:\xampp73\htdocs\filecroco\loader\vendor\guzzlehttp\promises\src\Promise.php(62): GuzzleHttp\Promise\Promise->waitIfPending()
#10 E:\xampp73\htdocs\filecroco\loader\vendor\guzzlehttp\promises\src\EachPromise.php(101): GuzzleHttp\Promise\Promise->wait()
#11 E:\xampp73\htdocs\filecroco\loader\vendor\guzzlehttp\promises\src\Promise.php(246): GuzzleHttp\Promise\EachPromise->GuzzleHttp\Promise\{closure}(true)
#12 E:\xampp73\htdocs\filecroco\loader\vendor\guzzlehttp\promises\src\Promise.php(223): GuzzleHttp\Promise\Promise->invokeWaitFn()
#13 E:\xampp73\htdocs\filecroco\loader\vendor\guzzlehttp\promises\src\Promise.php(62): GuzzleHttp\Promise\Promise->waitIfPending()
#14 E:\xampp73\htdocs\filecroco\loader\updatedownloadlink.php(95): GuzzleHttp\Promise\Promise->wait()
#15 {main}|530GuzzleHttp\Exception\RequestException: cURL error 56:  (see http://curl.haxx.se/libcurl/c/libcurl-errors.html) in E:\xampp73\htdocs\filecroco\loader\vendor\guzzlehttp\guzzle\src\Handler\CurlFactory.php:186
Stack trace:
#0 E:\xampp73\htdocs\filecroco\loader\vendor\guzzlehttp\guzzle\src\Handler\CurlFactory.php(149): GuzzleHttp\Handler\CurlFactory::createRejection(Object(GuzzleHttp\Handler\EasyHandle), Array)
#1 E:\xampp73\htdocs\filecroco\loader\vendor\guzzlehttp\guzzle\src\Handler\CurlFactory.php(102): GuzzleHttp\Handler\CurlFactory::finishError(Object(GuzzleHttp\Handler\CurlMultiHandler), Object(GuzzleHttp\Handler\EasyHandle), Object(GuzzleHttp\Handler\CurlFactory))
#2 E:\xampp73\htdocs\filecroco\loader\vendor\guzzlehttp\guzzle\src\Handler\CurlMultiHandler.php(181): GuzzleHttp\Handler\CurlFactory::finish(Object(GuzzleHttp\Handler\CurlMultiHandler), Object(GuzzleHttp\Handler\EasyHandle), Object(GuzzleHttp\Handler\CurlFactory))
#3 E:\xampp73\htdocs\filecroco\loader\vendor\guzzlehttp\guzzle\src\Handler\CurlMultiHandler.php(110): GuzzleHttp\Handler\CurlMultiHandler->processMessages()
#4 E:\xampp73\htdocs\filecroco\loader\vendor\guzzlehttp\guzzle\src\Handler\CurlMultiHandler.php(125): GuzzleHttp\Handler\CurlMultiHandler->tick()
#5 E:\xampp73\htdocs\filecroco\loader\vendor\guzzlehttp\promises\src\Promise.php(246): GuzzleHttp\Handler\CurlMultiHandler->execute(true)
#6 E:\xampp73\htdocs\filecroco\loader\vendor\guzzlehttp\promises\src\Promise.php(223): GuzzleHttp\Promise\Promise->invokeWaitFn()
#7 E:\xampp73\htdocs\filecroco\loader\vendor\guzzlehttp\promises\src\Promise.php(267): GuzzleHttp\Promise\Promise->waitIfPending()
#8 E:\xampp73\htdocs\filecroco\loader\vendor\guzzlehttp\promises\src\Promise.php(225): GuzzleHttp\Promise\Promise->invokeWaitList()
#9 E:\xampp73\htdocs\filecroco\loader\vendor\guzzlehttp\promises\src\Promise.php(62): GuzzleHttp\Promise\Promise->waitIfPending()
#10 E:\xampp73\htdocs\filecroco\loader\vendor\guzzlehttp\promises\src\EachPromise.php(101): GuzzleHttp\Promise\Promise->wait()
#11 E:\xampp73\htdocs\filecroco\loader\vendor\guzzlehttp\promises\src\Promise.php(246): GuzzleHttp\Promise\EachPromise->GuzzleHttp\Promise\{closure}(true)
#12 E:\xampp73\htdocs\filecroco\loader\vendor\guzzlehttp\promises\src\Promise.php(223): GuzzleHttp\Promise\Promise->invokeWaitFn()
#13 E:\xampp73\htdocs\filecroco\loader\vendor\guzzlehttp\promises\src\Promise.php(62): GuzzleHttp\Promise\Promise->waitIfPending()
#14 E:\xampp73\htdocs\filecroco\loader\updatedownloadlink.php(95): GuzzleHttp\Promise\Promise->wait()
#15 {main}|531GuzzleHttp\Exception\RequestException: cURL error 56:  (see http://curl.haxx.se/libcurl/c/libcurl-errors.html) in E:\xampp73\htdocs\filecroco\loader\vendor\guzzlehttp\guzzle\src\Handler\CurlFactory.php:186
Stack trace:
#0 E:\xampp73\htdocs\filecroco\loader\vendor\guzzlehttp\guzzle\src\Handler\CurlFactory.php(149): GuzzleHttp\Handler\CurlFactory::createRejection(Object(GuzzleHttp\Handler\EasyHandle), Array)
#1 E:\xampp73\htdocs\filecroco\loader\vendor\guzzlehttp\guzzle\src\Handler\CurlFactory.php(102): GuzzleHttp\Handler\CurlFactory::finishError(Object(GuzzleHttp\Handler\CurlMultiHandler), Object(GuzzleHttp\Handler\EasyHandle), Object(GuzzleHttp\Handler\CurlFactory))
#2 E:\xampp73\htdocs\filecroco\loader\vendor\guzzlehttp\guzzle\src\Handler\CurlMultiHandler.php(181): GuzzleHttp\Handler\CurlFactory::finish(Object(GuzzleHttp\Handler\CurlMultiHandler), Object(GuzzleHttp\Handler\EasyHandle), Object(GuzzleHttp\Handler\CurlFactory))
#3 E:\xampp73\htdocs\filecroco\loader\vendor\guzzlehttp\guzzle\src\Handler\CurlMultiHandler.php(110): GuzzleHttp\Handler\CurlMultiHandler->processMessages()
#4 E:\xampp73\htdocs\filecroco\loader\vendor\guzzlehttp\guzzle\src\Handler\CurlMultiHandler.php(125): GuzzleHttp\Handler\CurlMultiHandler->tick()
#5 E:\xampp73\htdocs\filecroco\loader\vendor\guzzlehttp\promises\src\Promise.php(246): GuzzleHttp\Handler\CurlMultiHandler->execute(true)
#6 E:\xampp73\htdocs\filecroco\loader\vendor\guzzlehttp\promises\src\Promise.php(223): GuzzleHttp\Promise\Promise->invokeWaitFn()
#7 E:\xampp73\htdocs\filecroco\loader\vendor\guzzlehttp\promises\src\Promise.php(267): GuzzleHttp\Promise\Promise->waitIfPending()
#8 E:\xampp73\htdocs\filecroco\loader\vendor\guzzlehttp\promises\src\Promise.php(225): GuzzleHttp\Promise\Promise->invokeWaitList()
#9 E:\xampp73\htdocs\filecroco\loader\vendor\guzzlehttp\promises\src\Promise.php(62): GuzzleHttp\Promise\Promise->waitIfPending()
#10 E:\xampp73\htdocs\filecroco\loader\vendor\guzzlehttp\promises\src\EachPromise.php(101): GuzzleHttp\Promise\Promise->wait()
#11 E:\xampp73\htdocs\filecroco\loader\vendor\guzzlehttp\promises\src\Promise.php(246): GuzzleHttp\Promise\EachPromise->GuzzleHttp\Promise\{closure}(true)
#12 E:\xampp73\htdocs\filecroco\loader\vendor\guzzlehttp\promises\src\Promise.php(223): GuzzleHttp\Promise\Promise->invokeWaitFn()
#13 E:\xampp73\htdocs\filecroco\loader\vendor\guzzlehttp\promises\src\Promise.php(62): GuzzleHttp\Promise\Promise->waitIfPending()
#14 E:\xampp73\htdocs\filecroco\loader\updatedownloadlink.php(95): GuzzleHttp\Promise\Promise->wait()
#15 {main}|532GuzzleHttp\Exception\RequestException: cURL error 56:  (see http://curl.haxx.se/libcurl/c/libcurl-errors.html) in E:\xampp73\htdocs\filecroco\loader\vendor\guzzlehttp\guzzle\src\Handler\CurlFactory.php:186
Stack trace:
#0 E:\xampp73\htdocs\filecroco\loader\vendor\guzzlehttp\guzzle\src\Handler\CurlFactory.php(149): GuzzleHttp\Handler\CurlFactory::createRejection(Object(GuzzleHttp\Handler\EasyHandle), Array)
#1 E:\xampp73\htdocs\filecroco\loader\vendor\guzzlehttp\guzzle\src\Handler\CurlFactory.php(102): GuzzleHttp\Handler\CurlFactory::finishError(Object(GuzzleHttp\Handler\CurlMultiHandler), Object(GuzzleHttp\Handler\EasyHandle), Object(GuzzleHttp\Handler\CurlFactory))
#2 E:\xampp73\htdocs\filecroco\loader\vendor\guzzlehttp\guzzle\src\Handler\CurlMultiHandler.php(181): GuzzleHttp\Handler\CurlFactory::finish(Object(GuzzleHttp\Handler\CurlMultiHandler), Object(GuzzleHttp\Handler\EasyHandle), Object(GuzzleHttp\Handler\CurlFactory))
#3 E:\xampp73\htdocs\filecroco\loader\vendor\guzzlehttp\guzzle\src\Handler\CurlMultiHandler.php(110): GuzzleHttp\Handler\CurlMultiHandler->processMessages()
#4 E:\xampp73\htdocs\filecroco\loader\vendor\guzzlehttp\guzzle\src\Handler\CurlMultiHandler.php(125): GuzzleHttp\Handler\CurlMultiHandler->tick()
#5 E:\xampp73\htdocs\filecroco\loader\vendor\guzzlehttp\promises\src\Promise.php(246): GuzzleHttp\Handler\CurlMultiHandler->execute(true)
#6 E:\xampp73\htdocs\filecroco\loader\vendor\guzzlehttp\promises\src\Promise.php(223): GuzzleHttp\Promise\Promise->invokeWaitFn()
#7 E:\xampp73\htdocs\filecroco\loader\vendor\guzzlehttp\promises\src\Promise.php(267): GuzzleHttp\Promise\Promise->waitIfPending()
#8 E:\xampp73\htdocs\filecroco\loader\vendor\guzzlehttp\promises\src\Promise.php(225): GuzzleHttp\Promise\Promise->invokeWaitList()
#9 E:\xampp73\htdocs\filecroco\loader\vendor\guzzlehttp\promises\src\Promise.php(62): GuzzleHttp\Promise\Promise->waitIfPending()
#10 E:\xampp73\htdocs\filecroco\loader\vendor\guzzlehttp\promises\src\EachPromise.php(101): GuzzleHttp\Promise\Promise->wait()
#11 E:\xampp73\htdocs\filecroco\loader\vendor\guzzlehttp\promises\src\Promise.php(246): GuzzleHttp\Promise\EachPromise->GuzzleHttp\Promise\{closure}(true)
#12 E:\xampp73\htdocs\filecroco\loader\vendor\guzzlehttp\promises\src\Promise.php(223): GuzzleHttp\Promise\Promise->invokeWaitFn()
#13 E:\xampp73\htdocs\filecroco\loader\vendor\guzzlehttp\promises\src\Promise.php(62): GuzzleHttp\Promise\Promise->waitIfPending()
#14 E:\xampp73\htdocs\filecroco\loader\updatedownloadlink.php(95): GuzzleHttp\Promise\Promise->wait()
#15 {main}|533GuzzleHttp\Exception\RequestException: cURL error 56:  (see http://curl.haxx.se/libcurl/c/libcurl-errors.html) in E:\xampp73\htdocs\filecroco\loader\vendor\guzzlehttp\guzzle\src\Handler\CurlFactory.php:186
Stack trace:
#0 E:\xampp73\htdocs\filecroco\loader\vendor\guzzlehttp\guzzle\src\Handler\CurlFactory.php(149): GuzzleHttp\Handler\CurlFactory::createRejection(Object(GuzzleHttp\Handler\EasyHandle), Array)
#1 E:\xampp73\htdocs\filecroco\loader\vendor\guzzlehttp\guzzle\src\Handler\CurlFactory.php(102): GuzzleHttp\Handler\CurlFactory::finishError(Object(GuzzleHttp\Handler\CurlMultiHandler), Object(GuzzleHttp\Handler\EasyHandle), Object(GuzzleHttp\Handler\CurlFactory))
#2 E:\xampp73\htdocs\filecroco\loader\vendor\guzzlehttp\guzzle\src\Handler\CurlMultiHandler.php(181): GuzzleHttp\Handler\CurlFactory::finish(Object(GuzzleHttp\Handler\CurlMultiHandler), Object(GuzzleHttp\Handler\EasyHandle), Object(GuzzleHttp\Handler\CurlFactory))
#3 E:\xampp73\htdocs\filecroco\loader\vendor\guzzlehttp\guzzle\src\Handler\CurlMultiHandler.php(110): GuzzleHttp\Handler\CurlMultiHandler->processMessages()
#4 E:\xampp73\htdocs\filecroco\loader\vendor\guzzlehttp\guzzle\src\Handler\CurlMultiHandler.php(125): GuzzleHttp\Handler\CurlMultiHandler->tick()
#5 E:\xampp73\htdocs\filecroco\loader\vendor\guzzlehttp\promises\src\Promise.php(246): GuzzleHttp\Handler\CurlMultiHandler->execute(true)
#6 E:\xampp73\htdocs\filecroco\loader\vendor\guzzlehttp\promises\src\Promise.php(223): GuzzleHttp\Promise\Promise->invokeWaitFn()
#7 E:\xampp73\htdocs\filecroco\loader\vendor\guzzlehttp\promises\src\Promise.php(267): GuzzleHttp\Promise\Promise->waitIfPending()
#8 E:\xampp73\htdocs\filecroco\loader\vendor\guzzlehttp\promises\src\Promise.php(225): GuzzleHttp\Promise\Promise->invokeWaitList()
#9 E:\xampp73\htdocs\filecroco\loader\vendor\guzzlehttp\promises\src\Promise.php(62): GuzzleHttp\Promise\Promise->waitIfPending()
#10 E:\xampp73\htdocs\filecroco\loader\vendor\guzzlehttp\promises\src\EachPromise.php(101): GuzzleHttp\Promise\Promise->wait()
#11 E:\xampp73\htdocs\filecroco\loader\vendor\guzzlehttp\promises\src\Promise.php(246): GuzzleHttp\Promise\EachPromise->GuzzleHttp\Promise\{closure}(true)
#12 E:\xampp73\htdocs\filecroco\loader\vendor\guzzlehttp\promises\src\Promise.php(223): GuzzleHttp\Promise\Promise->invokeWaitFn()
#13 E:\xampp73\htdocs\filecroco\loader\vendor\guzzlehttp\promises\src\Promise.php(62): GuzzleHttp\Promise\Promise->waitIfPending()
#14 E:\xampp73\htdocs\filecroco\loader\updatedownloadlink.php(95): GuzzleHttp\Promise\Promise->wait()
#15 {main}|534GuzzleHttp\Exception\RequestException: cURL error 56:  (see http://curl.haxx.se/libcurl/c/libcurl-errors.html) in E:\xampp73\htdocs\filecroco\loader\vendor\guzzlehttp\guzzle\src\Handler\CurlFactory.php:186
Stack trace:
#0 E:\xampp73\htdocs\filecroco\loader\vendor\guzzlehttp\guzzle\src\Handler\CurlFactory.php(149): GuzzleHttp\Handler\CurlFactory::createRejection(Object(GuzzleHttp\Handler\EasyHandle), Array)
#1 E:\xampp73\htdocs\filecroco\loader\vendor\guzzlehttp\guzzle\src\Handler\CurlFactory.php(102): GuzzleHttp\Handler\CurlFactory::finishError(Object(GuzzleHttp\Handler\CurlMultiHandler), Object(GuzzleHttp\Handler\EasyHandle), Object(GuzzleHttp\Handler\CurlFactory))
#2 E:\xampp73\htdocs\filecroco\loader\vendor\guzzlehttp\guzzle\src\Handler\CurlMultiHandler.php(181): GuzzleHttp\Handler\CurlFactory::finish(Object(GuzzleHttp\Handler\CurlMultiHandler), Object(GuzzleHttp\Handler\EasyHandle), Object(GuzzleHttp\Handler\CurlFactory))
#3 E:\xampp73\htdocs\filecroco\loader\vendor\guzzlehttp\guzzle\src\Handler\CurlMultiHandler.php(110): GuzzleHttp\Handler\CurlMultiHandler->processMessages()
#4 E:\xampp73\htdocs\filecroco\loader\vendor\guzzlehttp\guzzle\src\Handler\CurlMultiHandler.php(125): GuzzleHttp\Handler\CurlMultiHandler->tick()
#5 E:\xampp73\htdocs\filecroco\loader\vendor\guzzlehttp\promises\src\Promise.php(246): GuzzleHttp\Handler\CurlMultiHandler->execute(true)
#6 E:\xampp73\htdocs\filecroco\loader\vendor\guzzlehttp\promises\src\Promise.php(223): GuzzleHttp\Promise\Promise->invokeWaitFn()
#7 E:\xampp73\htdocs\filecroco\loader\vendor\guzzlehttp\promises\src\Promise.php(267): GuzzleHttp\Promise\Promise->waitIfPending()
#8 E:\xampp73\htdocs\filecroco\loader\vendor\guzzlehttp\promises\src\Promise.php(225): GuzzleHttp\Promise\Promise->invokeWaitList()
#9 E:\xampp73\htdocs\filecroco\loader\vendor\guzzlehttp\promises\src\Promise.php(62): GuzzleHttp\Promise\Promise->waitIfPending()
#10 E:\xampp73\htdocs\filecroco\loader\vendor\guzzlehttp\promises\src\EachPromise.php(101): GuzzleHttp\Promise\Promise->wait()
#11 E:\xampp73\htdocs\filecroco\loader\vendor\guzzlehttp\promises\src\Promise.php(246): GuzzleHttp\Promise\EachPromise->GuzzleHttp\Promise\{closure}(true)
#12 E:\xampp73\htdocs\filecroco\loader\vendor\guzzlehttp\promises\src\Promise.php(223): GuzzleHttp\Promise\Promise->invokeWaitFn()
#13 E:\xampp73\htdocs\filecroco\loader\vendor\guzzlehttp\promises\src\Promise.php(62): GuzzleHttp\Promise\Promise->waitIfPending()
#14 E:\xampp73\htdocs\filecroco\loader\updatedownloadlink.php(95): GuzzleHttp\Promise\Promise->wait()
#15 {main}|535GuzzleHttp\Exception\RequestException: cURL error 56:  (see http://curl.haxx.se/libcurl/c/libcurl-errors.html) in E:\xampp73\htdocs\filecroco\loader\vendor\guzzlehttp\guzzle\src\Handler\CurlFactory.php:186
Stack trace:
#0 E:\xampp73\htdocs\filecroco\loader\vendor\guzzlehttp\guzzle\src\Handler\CurlFactory.php(149): GuzzleHttp\Handler\CurlFactory::createRejection(Object(GuzzleHttp\Handler\EasyHandle), Array)
#1 E:\xampp73\htdocs\filecroco\loader\vendor\guzzlehttp\guzzle\src\Handler\CurlFactory.php(102): GuzzleHttp\Handler\CurlFactory::finishError(Object(GuzzleHttp\Handler\CurlMultiHandler), Object(GuzzleHttp\Handler\EasyHandle), Object(GuzzleHttp\Handler\CurlFactory))
#2 E:\xampp73\htdocs\filecroco\loader\vendor\guzzlehttp\guzzle\src\Handler\CurlMultiHandler.php(181): GuzzleHttp\Handler\CurlFactory::finish(Object(GuzzleHttp\Handler\CurlMultiHandler), Object(GuzzleHttp\Handler\EasyHandle), Object(GuzzleHttp\Handler\CurlFactory))
#3 E:\xampp73\htdocs\filecroco\loader\vendor\guzzlehttp\guzzle\src\Handler\CurlMultiHandler.php(110): GuzzleHttp\Handler\CurlMultiHandler->processMessages()
#4 E:\xampp73\htdocs\filecroco\loader\vendor\guzzlehttp\guzzle\src\Handler\CurlMultiHandler.php(125): GuzzleHttp\Handler\CurlMultiHandler->tick()
#5 E:\xampp73\htdocs\filecroco\loader\vendor\guzzlehttp\promises\src\Promise.php(246): GuzzleHttp\Handler\CurlMultiHandler->execute(true)
#6 E:\xampp73\htdocs\filecroco\loader\vendor\guzzlehttp\promises\src\Promise.php(223): GuzzleHttp\Promise\Promise->invokeWaitFn()
#7 E:\xampp73\htdocs\filecroco\loader\vendor\guzzlehttp\promises\src\Promise.php(267): GuzzleHttp\Promise\Promise->waitIfPending()
#8 E:\xampp73\htdocs\filecroco\loader\vendor\guzzlehttp\promises\src\Promise.php(225): GuzzleHttp\Promise\Promise->invokeWaitList()
#9 E:\xampp73\htdocs\filecroco\loader\vendor\guzzlehttp\promises\src\Promise.php(62): GuzzleHttp\Promise\Promise->waitIfPending()
#10 E:\xampp73\htdocs\filecroco\loader\vendor\guzzlehttp\promises\src\EachPromise.php(101): GuzzleHttp\Promise\Promise->wait()
#11 E:\xampp73\htdocs\filecroco\loader\vendor\guzzlehttp\promises\src\Promise.php(246): GuzzleHttp\Promise\EachPromise->GuzzleHttp\Promise\{closure}(true)
#12 E:\xampp73\htdocs\filecroco\loader\vendor\guzzlehttp\promises\src\Promise.php(223): GuzzleHttp\Promise\Promise->invokeWaitFn()
#13 E:\xampp73\htdocs\filecroco\loader\vendor\guzzlehttp\promises\src\Promise.php(62): GuzzleHttp\Promise\Promise->waitIfPending()
#14 E:\xampp73\htdocs\filecroco\loader\updatedownloadlink.php(95): GuzzleHttp\Promise\Promise->wait()
#15 {main}|536GuzzleHttp\Exception\RequestException: cURL error 56:  (see http://curl.haxx.se/libcurl/c/libcurl-errors.html) in E:\xampp73\htdocs\filecroco\loader\vendor\guzzlehttp\guzzle\src\Handler\CurlFactory.php:186
Stack trace:
#0 E:\xampp73\htdocs\filecroco\loader\vendor\guzzlehttp\guzzle\src\Handler\CurlFactory.php(149): GuzzleHttp\Handler\CurlFactory::createRejection(Object(GuzzleHttp\Handler\EasyHandle), Array)
#1 E:\xampp73\htdocs\filecroco\loader\vendor\guzzlehttp\guzzle\src\Handler\CurlFactory.php(102): GuzzleHttp\Handler\CurlFactory::finishError(Object(GuzzleHttp\Handler\CurlMultiHandler), Object(GuzzleHttp\Handler\EasyHandle), Object(GuzzleHttp\Handler\CurlFactory))
#2 E:\xampp73\htdocs\filecroco\loader\vendor\guzzlehttp\guzzle\src\Handler\CurlMultiHandler.php(181): GuzzleHttp\Handler\CurlFactory::finish(Object(GuzzleHttp\Handler\CurlMultiHandler), Object(GuzzleHttp\Handler\EasyHandle), Object(GuzzleHttp\Handler\CurlFactory))
#3 E:\xampp73\htdocs\filecroco\loader\vendor\guzzlehttp\guzzle\src\Handler\CurlMultiHandler.php(110): GuzzleHttp\Handler\CurlMultiHandler->processMessages()
#4 E:\xampp73\htdocs\filecroco\loader\vendor\guzzlehttp\guzzle\src\Handler\CurlMultiHandler.php(125): GuzzleHttp\Handler\CurlMultiHandler->tick()
#5 E:\xampp73\htdocs\filecroco\loader\vendor\guzzlehttp\promises\src\Promise.php(246): GuzzleHttp\Handler\CurlMultiHandler->execute(true)
#6 E:\xampp73\htdocs\filecroco\loader\vendor\guzzlehttp\promises\src\Promise.php(223): GuzzleHttp\Promise\Promise->invokeWaitFn()
#7 E:\xampp73\htdocs\filecroco\loader\vendor\guzzlehttp\promises\src\Promise.php(267): GuzzleHttp\Promise\Promise->waitIfPending()
#8 E:\xampp73\htdocs\filecroco\loader\vendor\guzzlehttp\promises\src\Promise.php(225): GuzzleHttp\Promise\Promise->invokeWaitList()
#9 E:\xampp73\htdocs\filecroco\loader\vendor\guzzlehttp\promises\src\Promise.php(62): GuzzleHttp\Promise\Promise->waitIfPending()
#10 E:\xampp73\htdocs\filecroco\loader\vendor\guzzlehttp\promises\src\EachPromise.php(101): GuzzleHttp\Promise\Promise->wait()
#11 E:\xampp73\htdocs\filecroco\loader\vendor\guzzlehttp\promises\src\Promise.php(246): GuzzleHttp\Promise\EachPromise->GuzzleHttp\Promise\{closure}(true)
#12 E:\xampp73\htdocs\filecroco\loader\vendor\guzzlehttp\promises\src\Promise.php(223): GuzzleHttp\Promise\Promise->invokeWaitFn()
#13 E:\xampp73\htdocs\filecroco\loader\vendor\guzzlehttp\promises\src\Promise.php(62): GuzzleHttp\Promise\Promise->waitIfPending()
#14 E:\xampp73\htdocs\filecroco\loader\updatedownloadlink.php(95): GuzzleHttp\Promise\Promise->wait()
#15 {main}|537GuzzleHttp\Exception\RequestException: cURL error 56:  (see http://curl.haxx.se/libcurl/c/libcurl-errors.html) in E:\xampp73\htdocs\filecroco\loader\vendor\guzzlehttp\guzzle\src\Handler\CurlFactory.php:186
Stack trace:
#0 E:\xampp73\htdocs\filecroco\loader\vendor\guzzlehttp\guzzle\src\Handler\CurlFactory.php(149): GuzzleHttp\Handler\CurlFactory::createRejection(Object(GuzzleHttp\Handler\EasyHandle), Array)
#1 E:\xampp73\htdocs\filecroco\loader\vendor\guzzlehttp\guzzle\src\Handler\CurlFactory.php(102): GuzzleHttp\Handler\CurlFactory::finishError(Object(GuzzleHttp\Handler\CurlMultiHandler), Object(GuzzleHttp\Handler\EasyHandle), Object(GuzzleHttp\Handler\CurlFactory))
#2 E:\xampp73\htdocs\filecroco\loader\vendor\guzzlehttp\guzzle\src\Handler\CurlMultiHandler.php(181): GuzzleHttp\Handler\CurlFactory::finish(Object(GuzzleHttp\Handler\CurlMultiHandler), Object(GuzzleHttp\Handler\EasyHandle), Object(GuzzleHttp\Handler\CurlFactory))
#3 E:\xampp73\htdocs\filecroco\loader\vendor\guzzlehttp\guzzle\src\Handler\CurlMultiHandler.php(110): GuzzleHttp\Handler\CurlMultiHandler->processMessages()
#4 E:\xampp73\htdocs\filecroco\loader\vendor\guzzlehttp\guzzle\src\Handler\CurlMultiHandler.php(125): GuzzleHttp\Handler\CurlMultiHandler->tick()
#5 E:\xampp73\htdocs\filecroco\loader\vendor\guzzlehttp\promises\src\Promise.php(246): GuzzleHttp\Handler\CurlMultiHandler->execute(true)
#6 E:\xampp73\htdocs\filecroco\loader\vendor\guzzlehttp\promises\src\Promise.php(223): GuzzleHttp\Promise\Promise->invokeWaitFn()
#7 E:\xampp73\htdocs\filecroco\loader\vendor\guzzlehttp\promises\src\Promise.php(267): GuzzleHttp\Promise\Promise->waitIfPending()
#8 E:\xampp73\htdocs\filecroco\loader\vendor\guzzlehttp\promises\src\Promise.php(225): GuzzleHttp\Promise\Promise->invokeWaitList()
#9 E:\xampp73\htdocs\filecroco\loader\vendor\guzzlehttp\promises\src\Promise.php(62): GuzzleHttp\Promise\Promise->waitIfPending()
#10 E:\xampp73\htdocs\filecroco\loader\vendor\guzzlehttp\promises\src\EachPromise.php(101): GuzzleHttp\Promise\Promise->wait()
#11 E:\xampp73\htdocs\filecroco\loader\vendor\guzzlehttp\promises\src\Promise.php(246): GuzzleHttp\Promise\EachPromise->GuzzleHttp\Promise\{closure}(true)
#12 E:\xampp73\htdocs\filecroco\loader\vendor\guzzlehttp\promises\src\Promise.php(223): GuzzleHttp\Promise\Promise->invokeWaitFn()
#13 E:\xampp73\htdocs\filecroco\loader\vendor\guzzlehttp\promises\src\Promise.php(62): GuzzleHttp\Promise\Promise->waitIfPending()
#14 E:\xampp73\htdocs\filecroco\loader\updatedownloadlink.php(95): GuzzleHttp\Promise\Promise->wait()
#15 {main}|538GuzzleHttp\Exception\RequestException: cURL error 56:  (see http://curl.haxx.se/libcurl/c/libcurl-errors.html) in E:\xampp73\htdocs\filecroco\loader\vendor\guzzlehttp\guzzle\src\Handler\CurlFactory.php:186
Stack trace:
#0 E:\xampp73\htdocs\filecroco\loader\vendor\guzzlehttp\guzzle\src\Handler\CurlFactory.php(149): GuzzleHttp\Handler\CurlFactory::createRejection(Object(GuzzleHttp\Handler\EasyHandle), Array)
#1 E:\xampp73\htdocs\filecroco\loader\vendor\guzzlehttp\guzzle\src\Handler\CurlFactory.php(102): GuzzleHttp\Handler\CurlFactory::finishError(Object(GuzzleHttp\Handler\CurlMultiHandler), Object(GuzzleHttp\Handler\EasyHandle), Object(GuzzleHttp\Handler\CurlFactory))
#2 E:\xampp73\htdocs\filecroco\loader\vendor\guzzlehttp\guzzle\src\Handler\CurlMultiHandler.php(181): GuzzleHttp\Handler\CurlFactory::finish(Object(GuzzleHttp\Handler\CurlMultiHandler), Object(GuzzleHttp\Handler\EasyHandle), Object(GuzzleHttp\Handler\CurlFactory))
#3 E:\xampp73\htdocs\filecroco\loader\vendor\guzzlehttp\guzzle\src\Handler\CurlMultiHandler.php(110): GuzzleHttp\Handler\CurlMultiHandler->processMessages()
#4 E:\xampp73\htdocs\filecroco\loader\vendor\guzzlehttp\guzzle\src\Handler\CurlMultiHandler.php(125): GuzzleHttp\Handler\CurlMultiHandler->tick()
#5 E:\xampp73\htdocs\filecroco\loader\vendor\guzzlehttp\promises\src\Promise.php(246): GuzzleHttp\Handler\CurlMultiHandler->execute(true)
#6 E:\xampp73\htdocs\filecroco\loader\vendor\guzzlehttp\promises\src\Promise.php(223): GuzzleHttp\Promise\Promise->invokeWaitFn()
#7 E:\xampp73\htdocs\filecroco\loader\vendor\guzzlehttp\promises\src\Promise.php(267): GuzzleHttp\Promise\Promise->waitIfPending()
#8 E:\xampp73\htdocs\filecroco\loader\vendor\guzzlehttp\promises\src\Promise.php(225): GuzzleHttp\Promise\Promise->invokeWaitList()
#9 E:\xampp73\htdocs\filecroco\loader\vendor\guzzlehttp\promises\src\Promise.php(62): GuzzleHttp\Promise\Promise->waitIfPending()
#10 E:\xampp73\htdocs\filecroco\loader\vendor\guzzlehttp\promises\src\EachPromise.php(101): GuzzleHttp\Promise\Promise->wait()
#11 E:\xampp73\htdocs\filecroco\loader\vendor\guzzlehttp\promises\src\Promise.php(246): GuzzleHttp\Promise\EachPromise->GuzzleHttp\Promise\{closure}(true)
#12 E:\xampp73\htdocs\filecroco\loader\vendor\guzzlehttp\promises\src\Promise.php(223): GuzzleHttp\Promise\Promise->invokeWaitFn()
#13 E:\xampp73\htdocs\filecroco\loader\vendor\guzzlehttp\promises\src\Promise.php(62): GuzzleHttp\Promise\Promise->waitIfPending()
#14 E:\xampp73\htdocs\filecroco\loader\updatedownloadlink.php(95): GuzzleHttp\Promise\Promise->wait()
#15 {main}|539GuzzleHttp\Exception\RequestException: cURL error 56:  (see http://curl.haxx.se/libcurl/c/libcurl-errors.html) in E:\xampp73\htdocs\filecroco\loader\vendor\guzzlehttp\guzzle\src\Handler\CurlFactory.php:186
Stack trace:
#0 E:\xampp73\htdocs\filecroco\loader\vendor\guzzlehttp\guzzle\src\Handler\CurlFactory.php(149): GuzzleHttp\Handler\CurlFactory::createRejection(Object(GuzzleHttp\Handler\EasyHandle), Array)
#1 E:\xampp73\htdocs\filecroco\loader\vendor\guzzlehttp\guzzle\src\Handler\CurlFactory.php(102): GuzzleHttp\Handler\CurlFactory::finishError(Object(GuzzleHttp\Handler\CurlMultiHandler), Object(GuzzleHttp\Handler\EasyHandle), Object(GuzzleHttp\Handler\CurlFactory))
#2 E:\xampp73\htdocs\filecroco\loader\vendor\guzzlehttp\guzzle\src\Handler\CurlMultiHandler.php(181): GuzzleHttp\Handler\CurlFactory::finish(Object(GuzzleHttp\Handler\CurlMultiHandler), Object(GuzzleHttp\Handler\EasyHandle), Object(GuzzleHttp\Handler\CurlFactory))
#3 E:\xampp73\htdocs\filecroco\loader\vendor\guzzlehttp\guzzle\src\Handler\CurlMultiHandler.php(110): GuzzleHttp\Handler\CurlMultiHandler->processMessages()
#4 E:\xampp73\htdocs\filecroco\loader\vendor\guzzlehttp\guzzle\src\Handler\CurlMultiHandler.php(125): GuzzleHttp\Handler\CurlMultiHandler->tick()
#5 E:\xampp73\htdocs\filecroco\loader\vendor\guzzlehttp\promises\src\Promise.php(246): GuzzleHttp\Handler\CurlMultiHandler->execute(true)
#6 E:\xampp73\htdocs\filecroco\loader\vendor\guzzlehttp\promises\src\Promise.php(223): GuzzleHttp\Promise\Promise->invokeWaitFn()
#7 E:\xampp73\htdocs\filecroco\loader\vendor\guzzlehttp\promises\src\Promise.php(267): GuzzleHttp\Promise\Promise->waitIfPending()
#8 E:\xampp73\htdocs\filecroco\loader\vendor\guzzlehttp\promises\src\Promise.php(225): GuzzleHttp\Promise\Promise->invokeWaitList()
#9 E:\xampp73\htdocs\filecroco\loader\vendor\guzzlehttp\promises\src\Promise.php(62): GuzzleHttp\Promise\Promise->waitIfPending()
#10 E:\xampp73\htdocs\filecroco\loader\vendor\guzzlehttp\promises\src\EachPromise.php(101): GuzzleHttp\Promise\Promise->wait()
#11 E:\xampp73\htdocs\filecroco\loader\vendor\guzzlehttp\promises\src\Promise.php(246): GuzzleHttp\Promise\EachPromise->GuzzleHttp\Promise\{closure}(true)
#12 E:\xampp73\htdocs\filecroco\loader\vendor\guzzlehttp\promises\src\Promise.php(223): GuzzleHttp\Promise\Promise->invokeWaitFn()
#13 E:\xampp73\htdocs\filecroco\loader\vendor\guzzlehttp\promises\src\Promise.php(62): GuzzleHttp\Promise\Promise->waitIfPending()
#14 E:\xampp73\htdocs\filecroco\loader\updatedownloadlink.php(95): GuzzleHttp\Promise\Promise->wait()
#15 {main}|540GuzzleHttp\Exception\RequestException: cURL error 56:  (see http://curl.haxx.se/libcurl/c/libcurl-errors.html) in E:\xampp73\htdocs\filecroco\loader\vendor\guzzlehttp\guzzle\src\Handler\CurlFactory.php:186
Stack trace:
#0 E:\xampp73\htdocs\filecroco\loader\vendor\guzzlehttp\guzzle\src\Handler\CurlFactory.php(149): GuzzleHttp\Handler\CurlFactory::createRejection(Object(GuzzleHttp\Handler\EasyHandle), Array)
#1 E:\xampp73\htdocs\filecroco\loader\vendor\guzzlehttp\guzzle\src\Handler\CurlFactory.php(102): GuzzleHttp\Handler\CurlFactory::finishError(Object(GuzzleHttp\Handler\CurlMultiHandler), Object(GuzzleHttp\Handler\EasyHandle), Object(GuzzleHttp\Handler\CurlFactory))
#2 E:\xampp73\htdocs\filecroco\loader\vendor\guzzlehttp\guzzle\src\Handler\CurlMultiHandler.php(181): GuzzleHttp\Handler\CurlFactory::finish(Object(GuzzleHttp\Handler\CurlMultiHandler), Object(GuzzleHttp\Handler\EasyHandle), Object(GuzzleHttp\Handler\CurlFactory))
#3 E:\xampp73\htdocs\filecroco\loader\vendor\guzzlehttp\guzzle\src\Handler\CurlMultiHandler.php(110): GuzzleHttp\Handler\CurlMultiHandler->processMessages()
#4 E:\xampp73\htdocs\filecroco\loader\vendor\guzzlehttp\guzzle\src\Handler\CurlMultiHandler.php(125): GuzzleHttp\Handler\CurlMultiHandler->tick()
#5 E:\xampp73\htdocs\filecroco\loader\vendor\guzzlehttp\promises\src\Promise.php(246): GuzzleHttp\Handler\CurlMultiHandler->execute(true)
#6 E:\xampp73\htdocs\filecroco\loader\vendor\guzzlehttp\promises\src\Promise.php(223): GuzzleHttp\Promise\Promise->invokeWaitFn()
#7 E:\xampp73\htdocs\filecroco\loader\vendor\guzzlehttp\promises\src\Promise.php(267): GuzzleHttp\Promise\Promise->waitIfPending()
#8 E:\xampp73\htdocs\filecroco\loader\vendor\guzzlehttp\promises\src\Promise.php(225): GuzzleHttp\Promise\Promise->invokeWaitList()
#9 E:\xampp73\htdocs\filecroco\loader\vendor\guzzlehttp\promises\src\Promise.php(62): GuzzleHttp\Promise\Promise->waitIfPending()
#10 E:\xampp73\htdocs\filecroco\loader\vendor\guzzlehttp\promises\src\EachPromise.php(101): GuzzleHttp\Promise\Promise->wait()
#11 E:\xampp73\htdocs\filecroco\loader\vendor\guzzlehttp\promises\src\Promise.php(246): GuzzleHttp\Promise\EachPromise->GuzzleHttp\Promise\{closure}(true)
#12 E:\xampp73\htdocs\filecroco\loader\vendor\guzzlehttp\promises\src\Promise.php(223): GuzzleHttp\Promise\Promise->invokeWaitFn()
#13 E:\xampp73\htdocs\filecroco\loader\vendor\guzzlehttp\promises\src\Promise.php(62): GuzzleHttp\Promise\Promise->waitIfPending()
#14 E:\xampp73\htdocs\filecroco\loader\updatedownloadlink.php(95): GuzzleHttp\Promise\Promise->wait()
#15 {main}|541GuzzleHttp\Exception\RequestException: cURL error 56:  (see http://curl.haxx.se/libcurl/c/libcurl-errors.html) in E:\xampp73\htdocs\filecroco\loader\vendor\guzzlehttp\guzzle\src\Handler\CurlFactory.php:186
Stack trace:
#0 E:\xampp73\htdocs\filecroco\loader\vendor\guzzlehttp\guzzle\src\Handler\CurlFactory.php(149): GuzzleHttp\Handler\CurlFactory::createRejection(Object(GuzzleHttp\Handler\EasyHandle), Array)
#1 E:\xampp73\htdocs\filecroco\loader\vendor\guzzlehttp\guzzle\src\Handler\CurlFactory.php(102): GuzzleHttp\Handler\CurlFactory::finishError(Object(GuzzleHttp\Handler\CurlMultiHandler), Object(GuzzleHttp\Handler\EasyHandle), Object(GuzzleHttp\Handler\CurlFactory))
#2 E:\xampp73\htdocs\filecroco\loader\vendor\guzzlehttp\guzzle\src\Handler\CurlMultiHandler.php(181): GuzzleHttp\Handler\CurlFactory::finish(Object(GuzzleHttp\Handler\CurlMultiHandler), Object(GuzzleHttp\Handler\EasyHandle), Object(GuzzleHttp\Handler\CurlFactory))
#3 E:\xampp73\htdocs\filecroco\loader\vendor\guzzlehttp\guzzle\src\Handler\CurlMultiHandler.php(110): GuzzleHttp\Handler\CurlMultiHandler->processMessages()
#4 E:\xampp73\htdocs\filecroco\loader\vendor\guzzlehttp\guzzle\src\Handler\CurlMultiHandler.php(125): GuzzleHttp\Handler\CurlMultiHandler->tick()
#5 E:\xampp73\htdocs\filecroco\loader\vendor\guzzlehttp\promises\src\Promise.php(246): GuzzleHttp\Handler\CurlMultiHandler->execute(true)
#6 E:\xampp73\htdocs\filecroco\loader\vendor\guzzlehttp\promises\src\Promise.php(223): GuzzleHttp\Promise\Promise->invokeWaitFn()
#7 E:\xampp73\htdocs\filecroco\loader\vendor\guzzlehttp\promises\src\Promise.php(267): GuzzleHttp\Promise\Promise->waitIfPending()
#8 E:\xampp73\htdocs\filecroco\loader\vendor\guzzlehttp\promises\src\Promise.php(225): GuzzleHttp\Promise\Promise->invokeWaitList()
#9 E:\xampp73\htdocs\filecroco\loader\vendor\guzzlehttp\promises\src\Promise.php(62): GuzzleHttp\Promise\Promise->waitIfPending()
#10 E:\xampp73\htdocs\filecroco\loader\vendor\guzzlehttp\promises\src\EachPromise.php(101): GuzzleHttp\Promise\Promise->wait()
#11 E:\xampp73\htdocs\filecroco\loader\vendor\guzzlehttp\promises\src\Promise.php(246): GuzzleHttp\Promise\EachPromise->GuzzleHttp\Promise\{closure}(true)
#12 E:\xampp73\htdocs\filecroco\loader\vendor\guzzlehttp\promises\src\Promise.php(223): GuzzleHttp\Promise\Promise->invokeWaitFn()
#13 E:\xampp73\htdocs\filecroco\loader\vendor\guzzlehttp\promises\src\Promise.php(62): GuzzleHttp\Promise\Promise->waitIfPending()
#14 E:\xampp73\htdocs\filecroco\loader\updatedownloadlink.php(95): GuzzleHttp\Promise\Promise->wait()
#15 {main}|542GuzzleHttp\Exception\RequestException: cURL error 56:  (see http://curl.haxx.se/libcurl/c/libcurl-errors.html) in E:\xampp73\htdocs\filecroco\loader\vendor\guzzlehttp\guzzle\src\Handler\CurlFactory.php:186
Stack trace:
#0 E:\xampp73\htdocs\filecroco\loader\vendor\guzzlehttp\guzzle\src\Handler\CurlFactory.php(149): GuzzleHttp\Handler\CurlFactory::createRejection(Object(GuzzleHttp\Handler\EasyHandle), Array)
#1 E:\xampp73\htdocs\filecroco\loader\vendor\guzzlehttp\guzzle\src\Handler\CurlFactory.php(102): GuzzleHttp\Handler\CurlFactory::finishError(Object(GuzzleHttp\Handler\CurlMultiHandler), Object(GuzzleHttp\Handler\EasyHandle), Object(GuzzleHttp\Handler\CurlFactory))
#2 E:\xampp73\htdocs\filecroco\loader\vendor\guzzlehttp\guzzle\src\Handler\CurlMultiHandler.php(181): GuzzleHttp\Handler\CurlFactory::finish(Object(GuzzleHttp\Handler\CurlMultiHandler), Object(GuzzleHttp\Handler\EasyHandle), Object(GuzzleHttp\Handler\CurlFactory))
#3 E:\xampp73\htdocs\filecroco\loader\vendor\guzzlehttp\guzzle\src\Handler\CurlMultiHandler.php(110): GuzzleHttp\Handler\CurlMultiHandler->processMessages()
#4 E:\xampp73\htdocs\filecroco\loader\vendor\guzzlehttp\guzzle\src\Handler\CurlMultiHandler.php(125): GuzzleHttp\Handler\CurlMultiHandler->tick()
#5 E:\xampp73\htdocs\filecroco\loader\vendor\guzzlehttp\promises\src\Promise.php(246): GuzzleHttp\Handler\CurlMultiHandler->execute(true)
#6 E:\xampp73\htdocs\filecroco\loader\vendor\guzzlehttp\promises\src\Promise.php(223): GuzzleHttp\Promise\Promise->invokeWaitFn()
#7 E:\xampp73\htdocs\filecroco\loader\vendor\guzzlehttp\promises\src\Promise.php(267): GuzzleHttp\Promise\Promise->waitIfPending()
#8 E:\xampp73\htdocs\filecroco\loader\vendor\guzzlehttp\promises\src\Promise.php(225): GuzzleHttp\Promise\Promise->invokeWaitList()
#9 E:\xampp73\htdocs\filecroco\loader\vendor\guzzlehttp\promises\src\Promise.php(62): GuzzleHttp\Promise\Promise->waitIfPending()
#10 E:\xampp73\htdocs\filecroco\loader\vendor\guzzlehttp\promises\src\EachPromise.php(101): GuzzleHttp\Promise\Promise->wait()
#11 E:\xampp73\htdocs\filecroco\loader\vendor\guzzlehttp\promises\src\Promise.php(246): GuzzleHttp\Promise\EachPromise->GuzzleHttp\Promise\{closure}(true)
#12 E:\xampp73\htdocs\filecroco\loader\vendor\guzzlehttp\promises\src\Promise.php(223): GuzzleHttp\Promise\Promise->invokeWaitFn()
#13 E:\xampp73\htdocs\filecroco\loader\vendor\guzzlehttp\promises\src\Promise.php(62): GuzzleHttp\Promise\Promise->waitIfPending()
#14 E:\xampp73\htdocs\filecroco\loader\updatedownloadlink.php(95): GuzzleHttp\Promise\Promise->wait()
#15 {main}|543GuzzleHttp\Exception\RequestException: cURL error 56:  (see http://curl.haxx.se/libcurl/c/libcurl-errors.html) in E:\xampp73\htdocs\filecroco\loader\vendor\guzzlehttp\guzzle\src\Handler\CurlFactory.php:186
Stack trace:
#0 E:\xampp73\htdocs\filecroco\loader\vendor\guzzlehttp\guzzle\src\Handler\CurlFactory.php(149): GuzzleHttp\Handler\CurlFactory::createRejection(Object(GuzzleHttp\Handler\EasyHandle), Array)
#1 E:\xampp73\htdocs\filecroco\loader\vendor\guzzlehttp\guzzle\src\Handler\CurlFactory.php(102): GuzzleHttp\Handler\CurlFactory::finishError(Object(GuzzleHttp\Handler\CurlMultiHandler), Object(GuzzleHttp\Handler\EasyHandle), Object(GuzzleHttp\Handler\CurlFactory))
#2 E:\xampp73\htdocs\filecroco\loader\vendor\guzzlehttp\guzzle\src\Handler\CurlMultiHandler.php(181): GuzzleHttp\Handler\CurlFactory::finish(Object(GuzzleHttp\Handler\CurlMultiHandler), Object(GuzzleHttp\Handler\EasyHandle), Object(GuzzleHttp\Handler\CurlFactory))
#3 E:\xampp73\htdocs\filecroco\loader\vendor\guzzlehttp\guzzle\src\Handler\CurlMultiHandler.php(110): GuzzleHttp\Handler\CurlMultiHandler->processMessages()
#4 E:\xampp73\htdocs\filecroco\loader\vendor\guzzlehttp\guzzle\src\Handler\CurlMultiHandler.php(125): GuzzleHttp\Handler\CurlMultiHandler->tick()
#5 E:\xampp73\htdocs\filecroco\loader\vendor\guzzlehttp\promises\src\Promise.php(246): GuzzleHttp\Handler\CurlMultiHandler->execute(true)
#6 E:\xampp73\htdocs\filecroco\loader\vendor\guzzlehttp\promises\src\Promise.php(223): GuzzleHttp\Promise\Promise->invokeWaitFn()
#7 E:\xampp73\htdocs\filecroco\loader\vendor\guzzlehttp\promises\src\Promise.php(267): GuzzleHttp\Promise\Promise->waitIfPending()
#8 E:\xampp73\htdocs\filecroco\loader\vendor\guzzlehttp\promises\src\Promise.php(225): GuzzleHttp\Promise\Promise->invokeWaitList()
#9 E:\xampp73\htdocs\filecroco\loader\vendor\guzzlehttp\promises\src\Promise.php(62): GuzzleHttp\Promise\Promise->waitIfPending()
#10 E:\xampp73\htdocs\filecroco\loader\vendor\guzzlehttp\promises\src\EachPromise.php(101): GuzzleHttp\Promise\Promise->wait()
#11 E:\xampp73\htdocs\filecroco\loader\vendor\guzzlehttp\promises\src\Promise.php(246): GuzzleHttp\Promise\EachPromise->GuzzleHttp\Promise\{closure}(true)
#12 E:\xampp73\htdocs\filecroco\loader\vendor\guzzlehttp\promises\src\Promise.php(223): GuzzleHttp\Promise\Promise->invokeWaitFn()
#13 E:\xampp73\htdocs\filecroco\loader\vendor\guzzlehttp\promises\src\Promise.php(62): GuzzleHttp\Promise\Promise->waitIfPending()
#14 E:\xampp73\htdocs\filecroco\loader\updatedownloadlink.php(95): GuzzleHttp\Promise\Promise->wait()
#15 {main}|544GuzzleHttp\Exception\RequestException: cURL error 56:  (see http://curl.haxx.se/libcurl/c/libcurl-errors.html) in E:\xampp73\htdocs\filecroco\loader\vendor\guzzlehttp\guzzle\src\Handler\CurlFactory.php:186
Stack trace:
#0 E:\xampp73\htdocs\filecroco\loader\vendor\guzzlehttp\guzzle\src\Handler\CurlFactory.php(149): GuzzleHttp\Handler\CurlFactory::createRejection(Object(GuzzleHttp\Handler\EasyHandle), Array)
#1 E:\xampp73\htdocs\filecroco\loader\vendor\guzzlehttp\guzzle\src\Handler\CurlFactory.php(102): GuzzleHttp\Handler\CurlFactory::finishError(Object(GuzzleHttp\Handler\CurlMultiHandler), Object(GuzzleHttp\Handler\EasyHandle), Object(GuzzleHttp\Handler\CurlFactory))
#2 E:\xampp73\htdocs\filecroco\loader\vendor\guzzlehttp\guzzle\src\Handler\CurlMultiHandler.php(181): GuzzleHttp\Handler\CurlFactory::finish(Object(GuzzleHttp\Handler\CurlMultiHandler), Object(GuzzleHttp\Handler\EasyHandle), Object(GuzzleHttp\Handler\CurlFactory))
#3 E:\xampp73\htdocs\filecroco\loader\vendor\guzzlehttp\guzzle\src\Handler\CurlMultiHandler.php(110): GuzzleHttp\Handler\CurlMultiHandler->processMessages()
#4 E:\xampp73\htdocs\filecroco\loader\vendor\guzzlehttp\guzzle\src\Handler\CurlMultiHandler.php(125): GuzzleHttp\Handler\CurlMultiHandler->tick()
#5 E:\xampp73\htdocs\filecroco\loader\vendor\guzzlehttp\promises\src\Promise.php(246): GuzzleHttp\Handler\CurlMultiHandler->execute(true)
#6 E:\xampp73\htdocs\filecroco\loader\vendor\guzzlehttp\promises\src\Promise.php(223): GuzzleHttp\Promise\Promise->invokeWaitFn()
#7 E:\xampp73\htdocs\filecroco\loader\vendor\guzzlehttp\promises\src\Promise.php(267): GuzzleHttp\Promise\Promise->waitIfPending()
#8 E:\xampp73\htdocs\filecroco\loader\vendor\guzzlehttp\promises\src\Promise.php(225): GuzzleHttp\Promise\Promise->invokeWaitList()
#9 E:\xampp73\htdocs\filecroco\loader\vendor\guzzlehttp\promises\src\Promise.php(62): GuzzleHttp\Promise\Promise->waitIfPending()
#10 E:\xampp73\htdocs\filecroco\loader\vendor\guzzlehttp\promises\src\EachPromise.php(101): GuzzleHttp\Promise\Promise->wait()
#11 E:\xampp73\htdocs\filecroco\loader\vendor\guzzlehttp\promises\src\Promise.php(246): GuzzleHttp\Promise\EachPromise->GuzzleHttp\Promise\{closure}(true)
#12 E:\xampp73\htdocs\filecroco\loader\vendor\guzzlehttp\promises\src\Promise.php(223): GuzzleHttp\Promise\Promise->invokeWaitFn()
#13 E:\xampp73\htdocs\filecroco\loader\vendor\guzzlehttp\promises\src\Promise.php(62): GuzzleHttp\Promise\Promise->waitIfPending()
#14 E:\xampp73\htdocs\filecroco\loader\updatedownloadlink.php(95): GuzzleHttp\Promise\Promise->wait()
#15 {main}|545GuzzleHttp\Exception\RequestException: cURL error 56:  (see http://curl.haxx.se/libcurl/c/libcurl-errors.html) in E:\xampp73\htdocs\filecroco\loader\vendor\guzzlehttp\guzzle\src\Handler\CurlFactory.php:186
Stack trace:
#0 E:\xampp73\htdocs\filecroco\loader\vendor\guzzlehttp\guzzle\src\Handler\CurlFactory.php(149): GuzzleHttp\Handler\CurlFactory::createRejection(Object(GuzzleHttp\Handler\EasyHandle), Array)
#1 E:\xampp73\htdocs\filecroco\loader\vendor\guzzlehttp\guzzle\src\Handler\CurlFactory.php(102): GuzzleHttp\Handler\CurlFactory::finishError(Object(GuzzleHttp\Handler\CurlMultiHandler), Object(GuzzleHttp\Handler\EasyHandle), Object(GuzzleHttp\Handler\CurlFactory))
#2 E:\xampp73\htdocs\filecroco\loader\vendor\guzzlehttp\guzzle\src\Handler\CurlMultiHandler.php(181): GuzzleHttp\Handler\CurlFactory::finish(Object(GuzzleHttp\Handler\CurlMultiHandler), Object(GuzzleHttp\Handler\EasyHandle), Object(GuzzleHttp\Handler\CurlFactory))
#3 E:\xampp73\htdocs\filecroco\loader\vendor\guzzlehttp\guzzle\src\Handler\CurlMultiHandler.php(110): GuzzleHttp\Handler\CurlMultiHandler->processMessages()
#4 E:\xampp73\htdocs\filecroco\loader\vendor\guzzlehttp\guzzle\src\Handler\CurlMultiHandler.php(125): GuzzleHttp\Handler\CurlMultiHandler->tick()
#5 E:\xampp73\htdocs\filecroco\loader\vendor\guzzlehttp\promises\src\Promise.php(246): GuzzleHttp\Handler\CurlMultiHandler->execute(true)
#6 E:\xampp73\htdocs\filecroco\loader\vendor\guzzlehttp\promises\src\Promise.php(223): GuzzleHttp\Promise\Promise->invokeWaitFn()
#7 E:\xampp73\htdocs\filecroco\loader\vendor\guzzlehttp\promises\src\Promise.php(267): GuzzleHttp\Promise\Promise->waitIfPending()
#8 E:\xampp73\htdocs\filecroco\loader\vendor\guzzlehttp\promises\src\Promise.php(225): GuzzleHttp\Promise\Promise->invokeWaitList()
#9 E:\xampp73\htdocs\filecroco\loader\vendor\guzzlehttp\promises\src\Promise.php(62): GuzzleHttp\Promise\Promise->waitIfPending()
#10 E:\xampp73\htdocs\filecroco\loader\vendor\guzzlehttp\promises\src\EachPromise.php(101): GuzzleHttp\Promise\Promise->wait()
#11 E:\xampp73\htdocs\filecroco\loader\vendor\guzzlehttp\promises\src\Promise.php(246): GuzzleHttp\Promise\EachPromise->GuzzleHttp\Promise\{closure}(true)
#12 E:\xampp73\htdocs\filecroco\loader\vendor\guzzlehttp\promises\src\Promise.php(223): GuzzleHttp\Promise\Promise->invokeWaitFn()
#13 E:\xampp73\htdocs\filecroco\loader\vendor\guzzlehttp\promises\src\Promise.php(62): GuzzleHttp\Promise\Promise->waitIfPending()
#14 E:\xampp73\htdocs\filecroco\loader\updatedownloadlink.php(95): GuzzleHttp\Promise\Promise->wait()
#15 {main}|546GuzzleHttp\Exception\RequestException: cURL error 56:  (see http://curl.haxx.se/libcurl/c/libcurl-errors.html) in E:\xampp73\htdocs\filecroco\loader\vendor\guzzlehttp\guzzle\src\Handler\CurlFactory.php:186
Stack trace:
#0 E:\xampp73\htdocs\filecroco\loader\vendor\guzzlehttp\guzzle\src\Handler\CurlFactory.php(149): GuzzleHttp\Handler\CurlFactory::createRejection(Object(GuzzleHttp\Handler\EasyHandle), Array)
#1 E:\xampp73\htdocs\filecroco\loader\vendor\guzzlehttp\guzzle\src\Handler\CurlFactory.php(102): GuzzleHttp\Handler\CurlFactory::finishError(Object(GuzzleHttp\Handler\CurlMultiHandler), Object(GuzzleHttp\Handler\EasyHandle), Object(GuzzleHttp\Handler\CurlFactory))
#2 E:\xampp73\htdocs\filecroco\loader\vendor\guzzlehttp\guzzle\src\Handler\CurlMultiHandler.php(181): GuzzleHttp\Handler\CurlFactory::finish(Object(GuzzleHttp\Handler\CurlMultiHandler), Object(GuzzleHttp\Handler\EasyHandle), Object(GuzzleHttp\Handler\CurlFactory))
#3 E:\xampp73\htdocs\filecroco\loader\vendor\guzzlehttp\guzzle\src\Handler\CurlMultiHandler.php(110): GuzzleHttp\Handler\CurlMultiHandler->processMessages()
#4 E:\xampp73\htdocs\filecroco\loader\vendor\guzzlehttp\guzzle\src\Handler\CurlMultiHandler.php(125): GuzzleHttp\Handler\CurlMultiHandler->tick()
#5 E:\xampp73\htdocs\filecroco\loader\vendor\guzzlehttp\promises\src\Promise.php(246): GuzzleHttp\Handler\CurlMultiHandler->execute(true)
#6 E:\xampp73\htdocs\filecroco\loader\vendor\guzzlehttp\promises\src\Promise.php(223): GuzzleHttp\Promise\Promise->invokeWaitFn()
#7 E:\xampp73\htdocs\filecroco\loader\vendor\guzzlehttp\promises\src\Promise.php(267): GuzzleHttp\Promise\Promise->waitIfPending()
#8 E:\xampp73\htdocs\filecroco\loader\vendor\guzzlehttp\promises\src\Promise.php(225): GuzzleHttp\Promise\Promise->invokeWaitList()
#9 E:\xampp73\htdocs\filecroco\loader\vendor\guzzlehttp\promises\src\Promise.php(62): GuzzleHttp\Promise\Promise->waitIfPending()
#10 E:\xampp73\htdocs\filecroco\loader\vendor\guzzlehttp\promises\src\EachPromise.php(101): GuzzleHttp\Promise\Promise->wait()
#11 E:\xampp73\htdocs\filecroco\loader\vendor\guzzlehttp\promises\src\Promise.php(246): GuzzleHttp\Promise\EachPromise->GuzzleHttp\Promise\{closure}(true)
#12 E:\xampp73\htdocs\filecroco\loader\vendor\guzzlehttp\promises\src\Promise.php(223): GuzzleHttp\Promise\Promise->invokeWaitFn()
#13 E:\xampp73\htdocs\filecroco\loader\vendor\guzzlehttp\promises\src\Promise.php(62): GuzzleHttp\Promise\Promise->waitIfPending()
#14 E:\xampp73\htdocs\filecroco\loader\updatedownloadlink.php(95): GuzzleHttp\Promise\Promise->wait()
#15 {main}|547GuzzleHttp\Exception\RequestException: cURL error 56:  (see http://curl.haxx.se/libcurl/c/libcurl-errors.html) in E:\xampp73\htdocs\filecroco\loader\vendor\guzzlehttp\guzzle\src\Handler\CurlFactory.php:186
Stack trace:
#0 E:\xampp73\htdocs\filecroco\loader\vendor\guzzlehttp\guzzle\src\Handler\CurlFactory.php(149): GuzzleHttp\Handler\CurlFactory::createRejection(Object(GuzzleHttp\Handler\EasyHandle), Array)
#1 E:\xampp73\htdocs\filecroco\loader\vendor\guzzlehttp\guzzle\src\Handler\CurlFactory.php(102): GuzzleHttp\Handler\CurlFactory::finishError(Object(GuzzleHttp\Handler\CurlMultiHandler), Object(GuzzleHttp\Handler\EasyHandle), Object(GuzzleHttp\Handler\CurlFactory))
#2 E:\xampp73\htdocs\filecroco\loader\vendor\guzzlehttp\guzzle\src\Handler\CurlMultiHandler.php(181): GuzzleHttp\Handler\CurlFactory::finish(Object(GuzzleHttp\Handler\CurlMultiHandler), Object(GuzzleHttp\Handler\EasyHandle), Object(GuzzleHttp\Handler\CurlFactory))
#3 E:\xampp73\htdocs\filecroco\loader\vendor\guzzlehttp\guzzle\src\Handler\CurlMultiHandler.php(110): GuzzleHttp\Handler\CurlMultiHandler->processMessages()
#4 E:\xampp73\htdocs\filecroco\loader\vendor\guzzlehttp\guzzle\src\Handler\CurlMultiHandler.php(125): GuzzleHttp\Handler\CurlMultiHandler->tick()
#5 E:\xampp73\htdocs\filecroco\loader\vendor\guzzlehttp\promises\src\Promise.php(246): GuzzleHttp\Handler\CurlMultiHandler->execute(true)
#6 E:\xampp73\htdocs\filecroco\loader\vendor\guzzlehttp\promises\src\Promise.php(223): GuzzleHttp\Promise\Promise->invokeWaitFn()
#7 E:\xampp73\htdocs\filecroco\loader\vendor\guzzlehttp\promises\src\Promise.php(267): GuzzleHttp\Promise\Promise->waitIfPending()
#8 E:\xampp73\htdocs\filecroco\loader\vendor\guzzlehttp\promises\src\Promise.php(225): GuzzleHttp\Promise\Promise->invokeWaitList()
#9 E:\xampp73\htdocs\filecroco\loader\vendor\guzzlehttp\promises\src\Promise.php(62): GuzzleHttp\Promise\Promise->waitIfPending()
#10 E:\xampp73\htdocs\filecroco\loader\vendor\guzzlehttp\promises\src\EachPromise.php(101): GuzzleHttp\Promise\Promise->wait()
#11 E:\xampp73\htdocs\filecroco\loader\vendor\guzzlehttp\promises\src\Promise.php(246): GuzzleHttp\Promise\EachPromise->GuzzleHttp\Promise\{closure}(true)
#12 E:\xampp73\htdocs\filecroco\loader\vendor\guzzlehttp\promises\src\Promise.php(223): GuzzleHttp\Promise\Promise->invokeWaitFn()
#13 E:\xampp73\htdocs\filecroco\loader\vendor\guzzlehttp\promises\src\Promise.php(62): GuzzleHttp\Promise\Promise->waitIfPending()
#14 E:\xampp73\htdocs\filecroco\loader\updatedownloadlink.php(95): GuzzleHttp\Promise\Promise->wait()
#15 {main}|548GuzzleHttp\Exception\RequestException: cURL error 56:  (see http://curl.haxx.se/libcurl/c/libcurl-errors.html) in E:\xampp73\htdocs\filecroco\loader\vendor\guzzlehttp\guzzle\src\Handler\CurlFactory.php:186
Stack trace:
#0 E:\xampp73\htdocs\filecroco\loader\vendor\guzzlehttp\guzzle\src\Handler\CurlFactory.php(149): GuzzleHttp\Handler\CurlFactory::createRejection(Object(GuzzleHttp\Handler\EasyHandle), Array)
#1 E:\xampp73\htdocs\filecroco\loader\vendor\guzzlehttp\guzzle\src\Handler\CurlFactory.php(102): GuzzleHttp\Handler\CurlFactory::finishError(Object(GuzzleHttp\Handler\CurlMultiHandler), Object(GuzzleHttp\Handler\EasyHandle), Object(GuzzleHttp\Handler\CurlFactory))
#2 E:\xampp73\htdocs\filecroco\loader\vendor\guzzlehttp\guzzle\src\Handler\CurlMultiHandler.php(181): GuzzleHttp\Handler\CurlFactory::finish(Object(GuzzleHttp\Handler\CurlMultiHandler), Object(GuzzleHttp\Handler\EasyHandle), Object(GuzzleHttp\Handler\CurlFactory))
#3 E:\xampp73\htdocs\filecroco\loader\vendor\guzzlehttp\guzzle\src\Handler\CurlMultiHandler.php(110): GuzzleHttp\Handler\CurlMultiHandler->processMessages()
#4 E:\xampp73\htdocs\filecroco\loader\vendor\guzzlehttp\guzzle\src\Handler\CurlMultiHandler.php(125): GuzzleHttp\Handler\CurlMultiHandler->tick()
#5 E:\xampp73\htdocs\filecroco\loader\vendor\guzzlehttp\promises\src\Promise.php(246): GuzzleHttp\Handler\CurlMultiHandler->execute(true)
#6 E:\xampp73\htdocs\filecroco\loader\vendor\guzzlehttp\promises\src\Promise.php(223): GuzzleHttp\Promise\Promise->invokeWaitFn()
#7 E:\xampp73\htdocs\filecroco\loader\vendor\guzzlehttp\promises\src\Promise.php(267): GuzzleHttp\Promise\Promise->waitIfPending()
#8 E:\xampp73\htdocs\filecroco\loader\vendor\guzzlehttp\promises\src\Promise.php(225): GuzzleHttp\Promise\Promise->invokeWaitList()
#9 E:\xampp73\htdocs\filecroco\loader\vendor\guzzlehttp\promises\src\Promise.php(62): GuzzleHttp\Promise\Promise->waitIfPending()
#10 E:\xampp73\htdocs\filecroco\loader\vendor\guzzlehttp\promises\src\EachPromise.php(101): GuzzleHttp\Promise\Promise->wait()
#11 E:\xampp73\htdocs\filecroco\loader\vendor\guzzlehttp\promises\src\Promise.php(246): GuzzleHttp\Promise\EachPromise->GuzzleHttp\Promise\{closure}(true)
#12 E:\xampp73\htdocs\filecroco\loader\vendor\guzzlehttp\promises\src\Promise.php(223): GuzzleHttp\Promise\Promise->invokeWaitFn()
#13 E:\xampp73\htdocs\filecroco\loader\vendor\guzzlehttp\promises\src\Promise.php(62): GuzzleHttp\Promise\Promise->waitIfPending()
#14 E:\xampp73\htdocs\filecroco\loader\updatedownloadlink.php(95): GuzzleHttp\Promise\Promise->wait()
#15 {main}|549GuzzleHttp\Exception\RequestException: cURL error 56:  (see http://curl.haxx.se/libcurl/c/libcurl-errors.html) in E:\xampp73\htdocs\filecroco\loader\vendor\guzzlehttp\guzzle\src\Handler\CurlFactory.php:186
Stack trace:
#0 E:\xampp73\htdocs\filecroco\loader\vendor\guzzlehttp\guzzle\src\Handler\CurlFactory.php(149): GuzzleHttp\Handler\CurlFactory::createRejection(Object(GuzzleHttp\Handler\EasyHandle), Array)
#1 E:\xampp73\htdocs\filecroco\loader\vendor\guzzlehttp\guzzle\src\Handler\CurlFactory.php(102): GuzzleHttp\Handler\CurlFactory::finishError(Object(GuzzleHttp\Handler\CurlMultiHandler), Object(GuzzleHttp\Handler\EasyHandle), Object(GuzzleHttp\Handler\CurlFactory))
#2 E:\xampp73\htdocs\filecroco\loader\vendor\guzzlehttp\guzzle\src\Handler\CurlMultiHandler.php(181): GuzzleHttp\Handler\CurlFactory::finish(Object(GuzzleHttp\Handler\CurlMultiHandler), Object(GuzzleHttp\Handler\EasyHandle), Object(GuzzleHttp\Handler\CurlFactory))
#3 E:\xampp73\htdocs\filecroco\loader\vendor\guzzlehttp\guzzle\src\Handler\CurlMultiHandler.php(110): GuzzleHttp\Handler\CurlMultiHandler->processMessages()
#4 E:\xampp73\htdocs\filecroco\loader\vendor\guzzlehttp\guzzle\src\Handler\CurlMultiHandler.php(125): GuzzleHttp\Handler\CurlMultiHandler->tick()
#5 E:\xampp73\htdocs\filecroco\loader\vendor\guzzlehttp\promises\src\Promise.php(246): GuzzleHttp\Handler\CurlMultiHandler->execute(true)
#6 E:\xampp73\htdocs\filecroco\loader\vendor\guzzlehttp\promises\src\Promise.php(223): GuzzleHttp\Promise\Promise->invokeWaitFn()
#7 E:\xampp73\htdocs\filecroco\loader\vendor\guzzlehttp\promises\src\Promise.php(267): GuzzleHttp\Promise\Promise->waitIfPending()
#8 E:\xampp73\htdocs\filecroco\loader\vendor\guzzlehttp\promises\src\Promise.php(225): GuzzleHttp\Promise\Promise->invokeWaitList()
#9 E:\xampp73\htdocs\filecroco\loader\vendor\guzzlehttp\promises\src\Promise.php(62): GuzzleHttp\Promise\Promise->waitIfPending()
#10 E:\xampp73\htdocs\filecroco\loader\vendor\guzzlehttp\promises\src\EachPromise.php(101): GuzzleHttp\Promise\Promise->wait()
#11 E:\xampp73\htdocs\filecroco\loader\vendor\guzzlehttp\promises\src\Promise.php(246): GuzzleHttp\Promise\EachPromise->GuzzleHttp\Promise\{closure}(true)
#12 E:\xampp73\htdocs\filecroco\loader\vendor\guzzlehttp\promises\src\Promise.php(223): GuzzleHttp\Promise\Promise->invokeWaitFn()
#13 E:\xampp73\htdocs\filecroco\loader\vendor\guzzlehttp\promises\src\Promise.php(62): GuzzleHttp\Promise\Promise->waitIfPending()
#14 E:\xampp73\htdocs\filecroco\loader\updatedownloadlink.php(95): GuzzleHttp\Promise\Promise->wait()
#15 {main}|550GuzzleHttp\Exception\RequestException: cURL error 56:  (see http://curl.haxx.se/libcurl/c/libcurl-errors.html) in E:\xampp73\htdocs\filecroco\loader\vendor\guzzlehttp\guzzle\src\Handler\CurlFactory.php:186
Stack trace:
#0 E:\xampp73\htdocs\filecroco\loader\vendor\guzzlehttp\guzzle\src\Handler\CurlFactory.php(149): GuzzleHttp\Handler\CurlFactory::createRejection(Object(GuzzleHttp\Handler\EasyHandle), Array)
#1 E:\xampp73\htdocs\filecroco\loader\vendor\guzzlehttp\guzzle\src\Handler\CurlFactory.php(102): GuzzleHttp\Handler\CurlFactory::finishError(Object(GuzzleHttp\Handler\CurlMultiHandler), Object(GuzzleHttp\Handler\EasyHandle), Object(GuzzleHttp\Handler\CurlFactory))
#2 E:\xampp73\htdocs\filecroco\loader\vendor\guzzlehttp\guzzle\src\Handler\CurlMultiHandler.php(181): GuzzleHttp\Handler\CurlFactory::finish(Object(GuzzleHttp\Handler\CurlMultiHandler), Object(GuzzleHttp\Handler\EasyHandle), Object(GuzzleHttp\Handler\CurlFactory))
#3 E:\xampp73\htdocs\filecroco\loader\vendor\guzzlehttp\guzzle\src\Handler\CurlMultiHandler.php(110): GuzzleHttp\Handler\CurlMultiHandler->processMessages()
#4 E:\xampp73\htdocs\filecroco\loader\vendor\guzzlehttp\guzzle\src\Handler\CurlMultiHandler.php(125): GuzzleHttp\Handler\CurlMultiHandler->tick()
#5 E:\xampp73\htdocs\filecroco\loader\vendor\guzzlehttp\promises\src\Promise.php(246): GuzzleHttp\Handler\CurlMultiHandler->execute(true)
#6 E:\xampp73\htdocs\filecroco\loader\vendor\guzzlehttp\promises\src\Promise.php(223): GuzzleHttp\Promise\Promise->invokeWaitFn()
#7 E:\xampp73\htdocs\filecroco\loader\vendor\guzzlehttp\promises\src\Promise.php(267): GuzzleHttp\Promise\Promise->waitIfPending()
#8 E:\xampp73\htdocs\filecroco\loader\vendor\guzzlehttp\promises\src\Promise.php(225): GuzzleHttp\Promise\Promise->invokeWaitList()
#9 E:\xampp73\htdocs\filecroco\loader\vendor\guzzlehttp\promises\src\Promise.php(62): GuzzleHttp\Promise\Promise->waitIfPending()
#10 E:\xampp73\htdocs\filecroco\loader\vendor\guzzlehttp\promises\src\EachPromise.php(101): GuzzleHttp\Promise\Promise->wait()
#11 E:\xampp73\htdocs\filecroco\loader\vendor\guzzlehttp\promises\src\Promise.php(246): GuzzleHttp\Promise\EachPromise->GuzzleHttp\Promise\{closure}(true)
#12 E:\xampp73\htdocs\filecroco\loader\vendor\guzzlehttp\promises\src\Promise.php(223): GuzzleHttp\Promise\Promise->invokeWaitFn()
#13 E:\xampp73\htdocs\filecroco\loader\vendor\guzzlehttp\promises\src\Promise.php(62): GuzzleHttp\Promise\Promise->waitIfPending()
#14 E:\xampp73\htdocs\filecroco\loader\updatedownloadlink.php(95): GuzzleHttp\Promise\Promise->wait()
#15 {main}|551GuzzleHttp\Exception\RequestException: cURL error 56:  (see http://curl.haxx.se/libcurl/c/libcurl-errors.html) in E:\xampp73\htdocs\filecroco\loader\vendor\guzzlehttp\guzzle\src\Handler\CurlFactory.php:186
Stack trace:
#0 E:\xampp73\htdocs\filecroco\loader\vendor\guzzlehttp\guzzle\src\Handler\CurlFactory.php(149): GuzzleHttp\Handler\CurlFactory::createRejection(Object(GuzzleHttp\Handler\EasyHandle), Array)
#1 E:\xampp73\htdocs\filecroco\loader\vendor\guzzlehttp\guzzle\src\Handler\CurlFactory.php(102): GuzzleHttp\Handler\CurlFactory::finishError(Object(GuzzleHttp\Handler\CurlMultiHandler), Object(GuzzleHttp\Handler\EasyHandle), Object(GuzzleHttp\Handler\CurlFactory))
#2 E:\xampp73\htdocs\filecroco\loader\vendor\guzzlehttp\guzzle\src\Handler\CurlMultiHandler.php(181): GuzzleHttp\Handler\CurlFactory::finish(Object(GuzzleHttp\Handler\CurlMultiHandler), Object(GuzzleHttp\Handler\EasyHandle), Object(GuzzleHttp\Handler\CurlFactory))
#3 E:\xampp73\htdocs\filecroco\loader\vendor\guzzlehttp\guzzle\src\Handler\CurlMultiHandler.php(110): GuzzleHttp\Handler\CurlMultiHandler->processMessages()
#4 E:\xampp73\htdocs\filecroco\loader\vendor\guzzlehttp\guzzle\src\Handler\CurlMultiHandler.php(125): GuzzleHttp\Handler\CurlMultiHandler->tick()
#5 E:\xampp73\htdocs\filecroco\loader\vendor\guzzlehttp\promises\src\Promise.php(246): GuzzleHttp\Handler\CurlMultiHandler->execute(true)
#6 E:\xampp73\htdocs\filecroco\loader\vendor\guzzlehttp\promises\src\Promise.php(223): GuzzleHttp\Promise\Promise->invokeWaitFn()
#7 E:\xampp73\htdocs\filecroco\loader\vendor\guzzlehttp\promises\src\Promise.php(267): GuzzleHttp\Promise\Promise->waitIfPending()
#8 E:\xampp73\htdocs\filecroco\loader\vendor\guzzlehttp\promises\src\Promise.php(225): GuzzleHttp\Promise\Promise->invokeWaitList()
#9 E:\xampp73\htdocs\filecroco\loader\vendor\guzzlehttp\promises\src\Promise.php(62): GuzzleHttp\Promise\Promise->waitIfPending()
#10 E:\xampp73\htdocs\filecroco\loader\vendor\guzzlehttp\promises\src\EachPromise.php(101): GuzzleHttp\Promise\Promise->wait()
#11 E:\xampp73\htdocs\filecroco\loader\vendor\guzzlehttp\promises\src\Promise.php(246): GuzzleHttp\Promise\EachPromise->GuzzleHttp\Promise\{closure}(true)
#12 E:\xampp73\htdocs\filecroco\loader\vendor\guzzlehttp\promises\src\Promise.php(223): GuzzleHttp\Promise\Promise->invokeWaitFn()
#13 E:\xampp73\htdocs\filecroco\loader\vendor\guzzlehttp\promises\src\Promise.php(62): GuzzleHttp\Promise\Promise->waitIfPending()
#14 E:\xampp73\htdocs\filecroco\loader\updatedownloadlink.php(95): GuzzleHttp\Promise\Promise->wait()
#15 {main}|552GuzzleHttp\Exception\RequestException: cURL error 56:  (see http://curl.haxx.se/libcurl/c/libcurl-errors.html) in E:\xampp73\htdocs\filecroco\loader\vendor\guzzlehttp\guzzle\src\Handler\CurlFactory.php:186
Stack trace:
#0 E:\xampp73\htdocs\filecroco\loader\vendor\guzzlehttp\guzzle\src\Handler\CurlFactory.php(149): GuzzleHttp\Handler\CurlFactory::createRejection(Object(GuzzleHttp\Handler\EasyHandle), Array)
#1 E:\xampp73\htdocs\filecroco\loader\vendor\guzzlehttp\guzzle\src\Handler\CurlFactory.php(102): GuzzleHttp\Handler\CurlFactory::finishError(Object(GuzzleHttp\Handler\CurlMultiHandler), Object(GuzzleHttp\Handler\EasyHandle), Object(GuzzleHttp\Handler\CurlFactory))
#2 E:\xampp73\htdocs\filecroco\loader\vendor\guzzlehttp\guzzle\src\Handler\CurlMultiHandler.php(181): GuzzleHttp\Handler\CurlFactory::finish(Object(GuzzleHttp\Handler\CurlMultiHandler), Object(GuzzleHttp\Handler\EasyHandle), Object(GuzzleHttp\Handler\CurlFactory))
#3 E:\xampp73\htdocs\filecroco\loader\vendor\guzzlehttp\guzzle\src\Handler\CurlMultiHandler.php(110): GuzzleHttp\Handler\CurlMultiHandler->processMessages()
#4 E:\xampp73\htdocs\filecroco\loader\vendor\guzzlehttp\guzzle\src\Handler\CurlMultiHandler.php(125): GuzzleHttp\Handler\CurlMultiHandler->tick()
#5 E:\xampp73\htdocs\filecroco\loader\vendor\guzzlehttp\promises\src\Promise.php(246): GuzzleHttp\Handler\CurlMultiHandler->execute(true)
#6 E:\xampp73\htdocs\filecroco\loader\vendor\guzzlehttp\promises\src\Promise.php(223): GuzzleHttp\Promise\Promise->invokeWaitFn()
#7 E:\xampp73\htdocs\filecroco\loader\vendor\guzzlehttp\promises\src\Promise.php(267): GuzzleHttp\Promise\Promise->waitIfPending()
#8 E:\xampp73\htdocs\filecroco\loader\vendor\guzzlehttp\promises\src\Promise.php(225): GuzzleHttp\Promise\Promise->invokeWaitList()
#9 E:\xampp73\htdocs\filecroco\loader\vendor\guzzlehttp\promises\src\Promise.php(62): GuzzleHttp\Promise\Promise->waitIfPending()
#10 E:\xampp73\htdocs\filecroco\loader\vendor\guzzlehttp\promises\src\EachPromise.php(101): GuzzleHttp\Promise\Promise->wait()
#11 E:\xampp73\htdocs\filecroco\loader\vendor\guzzlehttp\promises\src\Promise.php(246): GuzzleHttp\Promise\EachPromise->GuzzleHttp\Promise\{closure}(true)
#12 E:\xampp73\htdocs\filecroco\loader\vendor\guzzlehttp\promises\src\Promise.php(223): GuzzleHttp\Promise\Promise->invokeWaitFn()
#13 E:\xampp73\htdocs\filecroco\loader\vendor\guzzlehttp\promises\src\Promise.php(62): GuzzleHttp\Promise\Promise->waitIfPending()
#14 E:\xampp73\htdocs\filecroco\loader\updatedownloadlink.php(95): GuzzleHttp\Promise\Promise->wait()
#15 {main}|553GuzzleHttp\Exception\RequestException: cURL error 56:  (see http://curl.haxx.se/libcurl/c/libcurl-errors.html) in E:\xampp73\htdocs\filecroco\loader\vendor\guzzlehttp\guzzle\src\Handler\CurlFactory.php:186
Stack trace:
#0 E:\xampp73\htdocs\filecroco\loader\vendor\guzzlehttp\guzzle\src\Handler\CurlFactory.php(149): GuzzleHttp\Handler\CurlFactory::createRejection(Object(GuzzleHttp\Handler\EasyHandle), Array)
#1 E:\xampp73\htdocs\filecroco\loader\vendor\guzzlehttp\guzzle\src\Handler\CurlFactory.php(102): GuzzleHttp\Handler\CurlFactory::finishError(Object(GuzzleHttp\Handler\CurlMultiHandler), Object(GuzzleHttp\Handler\EasyHandle), Object(GuzzleHttp\Handler\CurlFactory))
#2 E:\xampp73\htdocs\filecroco\loader\vendor\guzzlehttp\guzzle\src\Handler\CurlMultiHandler.php(181): GuzzleHttp\Handler\CurlFactory::finish(Object(GuzzleHttp\Handler\CurlMultiHandler), Object(GuzzleHttp\Handler\EasyHandle), Object(GuzzleHttp\Handler\CurlFactory))
#3 E:\xampp73\htdocs\filecroco\loader\vendor\guzzlehttp\guzzle\src\Handler\CurlMultiHandler.php(110): GuzzleHttp\Handler\CurlMultiHandler->processMessages()
#4 E:\xampp73\htdocs\filecroco\loader\vendor\guzzlehttp\guzzle\src\Handler\CurlMultiHandler.php(125): GuzzleHttp\Handler\CurlMultiHandler->tick()
#5 E:\xampp73\htdocs\filecroco\loader\vendor\guzzlehttp\promises\src\Promise.php(246): GuzzleHttp\Handler\CurlMultiHandler->execute(true)
#6 E:\xampp73\htdocs\filecroco\loader\vendor\guzzlehttp\promises\src\Promise.php(223): GuzzleHttp\Promise\Promise->invokeWaitFn()
#7 E:\xampp73\htdocs\filecroco\loader\vendor\guzzlehttp\promises\src\Promise.php(267): GuzzleHttp\Promise\Promise->waitIfPending()
#8 E:\xampp73\htdocs\filecroco\loader\vendor\guzzlehttp\promises\src\Promise.php(225): GuzzleHttp\Promise\Promise->invokeWaitList()
#9 E:\xampp73\htdocs\filecroco\loader\vendor\guzzlehttp\promises\src\Promise.php(62): GuzzleHttp\Promise\Promise->waitIfPending()
#10 E:\xampp73\htdocs\filecroco\loader\vendor\guzzlehttp\promises\src\EachPromise.php(101): GuzzleHttp\Promise\Promise->wait()
#11 E:\xampp73\htdocs\filecroco\loader\vendor\guzzlehttp\promises\src\Promise.php(246): GuzzleHttp\Promise\EachPromise->GuzzleHttp\Promise\{closure}(true)
#12 E:\xampp73\htdocs\filecroco\loader\vendor\guzzlehttp\promises\src\Promise.php(223): GuzzleHttp\Promise\Promise->invokeWaitFn()
#13 E:\xampp73\htdocs\filecroco\loader\vendor\guzzlehttp\promises\src\Promise.php(62): GuzzleHttp\Promise\Promise->waitIfPending()
#14 E:\xampp73\htdocs\filecroco\loader\updatedownloadlink.php(95): GuzzleHttp\Promise\Promise->wait()
#15 {main}|554GuzzleHttp\Exception\RequestException: cURL error 56:  (see http://curl.haxx.se/libcurl/c/libcurl-errors.html) in E:\xampp73\htdocs\filecroco\loader\vendor\guzzlehttp\guzzle\src\Handler\CurlFactory.php:186
Stack trace:
#0 E:\xampp73\htdocs\filecroco\loader\vendor\guzzlehttp\guzzle\src\Handler\CurlFactory.php(149): GuzzleHttp\Handler\CurlFactory::createRejection(Object(GuzzleHttp\Handler\EasyHandle), Array)
#1 E:\xampp73\htdocs\filecroco\loader\vendor\guzzlehttp\guzzle\src\Handler\CurlFactory.php(102): GuzzleHttp\Handler\CurlFactory::finishError(Object(GuzzleHttp\Handler\CurlMultiHandler), Object(GuzzleHttp\Handler\EasyHandle), Object(GuzzleHttp\Handler\CurlFactory))
#2 E:\xampp73\htdocs\filecroco\loader\vendor\guzzlehttp\guzzle\src\Handler\CurlMultiHandler.php(181): GuzzleHttp\Handler\CurlFactory::finish(Object(GuzzleHttp\Handler\CurlMultiHandler), Object(GuzzleHttp\Handler\EasyHandle), Object(GuzzleHttp\Handler\CurlFactory))
#3 E:\xampp73\htdocs\filecroco\loader\vendor\guzzlehttp\guzzle\src\Handler\CurlMultiHandler.php(110): GuzzleHttp\Handler\CurlMultiHandler->processMessages()
#4 E:\xampp73\htdocs\filecroco\loader\vendor\guzzlehttp\guzzle\src\Handler\CurlMultiHandler.php(125): GuzzleHttp\Handler\CurlMultiHandler->tick()
#5 E:\xampp73\htdocs\filecroco\loader\vendor\guzzlehttp\promises\src\Promise.php(246): GuzzleHttp\Handler\CurlMultiHandler->execute(true)
#6 E:\xampp73\htdocs\filecroco\loader\vendor\guzzlehttp\promises\src\Promise.php(223): GuzzleHttp\Promise\Promise->invokeWaitFn()
#7 E:\xampp73\htdocs\filecroco\loader\vendor\guzzlehttp\promises\src\Promise.php(267): GuzzleHttp\Promise\Promise->waitIfPending()
#8 E:\xampp73\htdocs\filecroco\loader\vendor\guzzlehttp\promises\src\Promise.php(225): GuzzleHttp\Promise\Promise->invokeWaitList()
#9 E:\xampp73\htdocs\filecroco\loader\vendor\guzzlehttp\promises\src\Promise.php(62): GuzzleHttp\Promise\Promise->waitIfPending()
#10 E:\xampp73\htdocs\filecroco\loader\vendor\guzzlehttp\promises\src\EachPromise.php(101): GuzzleHttp\Promise\Promise->wait()
#11 E:\xampp73\htdocs\filecroco\loader\vendor\guzzlehttp\promises\src\Promise.php(246): GuzzleHttp\Promise\EachPromise->GuzzleHttp\Promise\{closure}(true)
#12 E:\xampp73\htdocs\filecroco\loader\vendor\guzzlehttp\promises\src\Promise.php(223): GuzzleHttp\Promise\Promise->invokeWaitFn()
#13 E:\xampp73\htdocs\filecroco\loader\vendor\guzzlehttp\promises\src\Promise.php(62): GuzzleHttp\Promise\Promise->waitIfPending()
#14 E:\xampp73\htdocs\filecroco\loader\updatedownloadlink.php(95): GuzzleHttp\Promise\Promise->wait()
#15 {main}|555GuzzleHttp\Exception\RequestException: cURL error 56:  (see http://curl.haxx.se/libcurl/c/libcurl-errors.html) in E:\xampp73\htdocs\filecroco\loader\vendor\guzzlehttp\guzzle\src\Handler\CurlFactory.php:186
Stack trace:
#0 E:\xampp73\htdocs\filecroco\loader\vendor\guzzlehttp\guzzle\src\Handler\CurlFactory.php(149): GuzzleHttp\Handler\CurlFactory::createRejection(Object(GuzzleHttp\Handler\EasyHandle), Array)
#1 E:\xampp73\htdocs\filecroco\loader\vendor\guzzlehttp\guzzle\src\Handler\CurlFactory.php(102): GuzzleHttp\Handler\CurlFactory::finishError(Object(GuzzleHttp\Handler\CurlMultiHandler), Object(GuzzleHttp\Handler\EasyHandle), Object(GuzzleHttp\Handler\CurlFactory))
#2 E:\xampp73\htdocs\filecroco\loader\vendor\guzzlehttp\guzzle\src\Handler\CurlMultiHandler.php(181): GuzzleHttp\Handler\CurlFactory::finish(Object(GuzzleHttp\Handler\CurlMultiHandler), Object(GuzzleHttp\Handler\EasyHandle), Object(GuzzleHttp\Handler\CurlFactory))
#3 E:\xampp73\htdocs\filecroco\loader\vendor\guzzlehttp\guzzle\src\Handler\CurlMultiHandler.php(110): GuzzleHttp\Handler\CurlMultiHandler->processMessages()
#4 E:\xampp73\htdocs\filecroco\loader\vendor\guzzlehttp\guzzle\src\Handler\CurlMultiHandler.php(125): GuzzleHttp\Handler\CurlMultiHandler->tick()
#5 E:\xampp73\htdocs\filecroco\loader\vendor\guzzlehttp\promises\src\Promise.php(246): GuzzleHttp\Handler\CurlMultiHandler->execute(true)
#6 E:\xampp73\htdocs\filecroco\loader\vendor\guzzlehttp\promises\src\Promise.php(223): GuzzleHttp\Promise\Promise->invokeWaitFn()
#7 E:\xampp73\htdocs\filecroco\loader\vendor\guzzlehttp\promises\src\Promise.php(267): GuzzleHttp\Promise\Promise->waitIfPending()
#8 E:\xampp73\htdocs\filecroco\loader\vendor\guzzlehttp\promises\src\Promise.php(225): GuzzleHttp\Promise\Promise->invokeWaitList()
#9 E:\xampp73\htdocs\filecroco\loader\vendor\guzzlehttp\promises\src\Promise.php(62): GuzzleHttp\Promise\Promise->waitIfPending()
#10 E:\xampp73\htdocs\filecroco\loader\vendor\guzzlehttp\promises\src\EachPromise.php(101): GuzzleHttp\Promise\Promise->wait()
#11 E:\xampp73\htdocs\filecroco\loader\vendor\guzzlehttp\promises\src\Promise.php(246): GuzzleHttp\Promise\EachPromise->GuzzleHttp\Promise\{closure}(true)
#12 E:\xampp73\htdocs\filecroco\loader\vendor\guzzlehttp\promises\src\Promise.php(223): GuzzleHttp\Promise\Promise->invokeWaitFn()
#13 E:\xampp73\htdocs\filecroco\loader\vendor\guzzlehttp\promises\src\Promise.php(62): GuzzleHttp\Promise\Promise->waitIfPending()
#14 E:\xampp73\htdocs\filecroco\loader\updatedownloadlink.php(95): GuzzleHttp\Promise\Promise->wait()
#15 {main}|556GuzzleHttp\Exception\RequestException: cURL error 56:  (see http://curl.haxx.se/libcurl/c/libcurl-errors.html) in E:\xampp73\htdocs\filecroco\loader\vendor\guzzlehttp\guzzle\src\Handler\CurlFactory.php:186
Stack trace:
#0 E:\xampp73\htdocs\filecroco\loader\vendor\guzzlehttp\guzzle\src\Handler\CurlFactory.php(149): GuzzleHttp\Handler\CurlFactory::createRejection(Object(GuzzleHttp\Handler\EasyHandle), Array)
#1 E:\xampp73\htdocs\filecroco\loader\vendor\guzzlehttp\guzzle\src\Handler\CurlFactory.php(102): GuzzleHttp\Handler\CurlFactory::finishError(Object(GuzzleHttp\Handler\CurlMultiHandler), Object(GuzzleHttp\Handler\EasyHandle), Object(GuzzleHttp\Handler\CurlFactory))
#2 E:\xampp73\htdocs\filecroco\loader\vendor\guzzlehttp\guzzle\src\Handler\CurlMultiHandler.php(181): GuzzleHttp\Handler\CurlFactory::finish(Object(GuzzleHttp\Handler\CurlMultiHandler), Object(GuzzleHttp\Handler\EasyHandle), Object(GuzzleHttp\Handler\CurlFactory))
#3 E:\xampp73\htdocs\filecroco\loader\vendor\guzzlehttp\guzzle\src\Handler\CurlMultiHandler.php(110): GuzzleHttp\Handler\CurlMultiHandler->processMessages()
#4 E:\xampp73\htdocs\filecroco\loader\vendor\guzzlehttp\guzzle\src\Handler\CurlMultiHandler.php(125): GuzzleHttp\Handler\CurlMultiHandler->tick()
#5 E:\xampp73\htdocs\filecroco\loader\vendor\guzzlehttp\promises\src\Promise.php(246): GuzzleHttp\Handler\CurlMultiHandler->execute(true)
#6 E:\xampp73\htdocs\filecroco\loader\vendor\guzzlehttp\promises\src\Promise.php(223): GuzzleHttp\Promise\Promise->invokeWaitFn()
#7 E:\xampp73\htdocs\filecroco\loader\vendor\guzzlehttp\promises\src\Promise.php(267): GuzzleHttp\Promise\Promise->waitIfPending()
#8 E:\xampp73\htdocs\filecroco\loader\vendor\guzzlehttp\promises\src\Promise.php(225): GuzzleHttp\Promise\Promise->invokeWaitList()
#9 E:\xampp73\htdocs\filecroco\loader\vendor\guzzlehttp\promises\src\Promise.php(62): GuzzleHttp\Promise\Promise->waitIfPending()
#10 E:\xampp73\htdocs\filecroco\loader\vendor\guzzlehttp\promises\src\EachPromise.php(101): GuzzleHttp\Promise\Promise->wait()
#11 E:\xampp73\htdocs\filecroco\loader\vendor\guzzlehttp\promises\src\Promise.php(246): GuzzleHttp\Promise\EachPromise->GuzzleHttp\Promise\{closure}(true)
#12 E:\xampp73\htdocs\filecroco\loader\vendor\guzzlehttp\promises\src\Promise.php(223): GuzzleHttp\Promise\Promise->invokeWaitFn()
#13 E:\xampp73\htdocs\filecroco\loader\vendor\guzzlehttp\promises\src\Promise.php(62): GuzzleHttp\Promise\Promise->waitIfPending()
#14 E:\xampp73\htdocs\filecroco\loader\updatedownloadlink.php(95): GuzzleHttp\Promise\Promise->wait()
#15 {main}|557GuzzleHttp\Exception\RequestException: cURL error 56:  (see http://curl.haxx.se/libcurl/c/libcurl-errors.html) in E:\xampp73\htdocs\filecroco\loader\vendor\guzzlehttp\guzzle\src\Handler\CurlFactory.php:186
Stack trace:
#0 E:\xampp73\htdocs\filecroco\loader\vendor\guzzlehttp\guzzle\src\Handler\CurlFactory.php(149): GuzzleHttp\Handler\CurlFactory::createRejection(Object(GuzzleHttp\Handler\EasyHandle), Array)
#1 E:\xampp73\htdocs\filecroco\loader\vendor\guzzlehttp\guzzle\src\Handler\CurlFactory.php(102): GuzzleHttp\Handler\CurlFactory::finishError(Object(GuzzleHttp\Handler\CurlMultiHandler), Object(GuzzleHttp\Handler\EasyHandle), Object(GuzzleHttp\Handler\CurlFactory))
#2 E:\xampp73\htdocs\filecroco\loader\vendor\guzzlehttp\guzzle\src\Handler\CurlMultiHandler.php(181): GuzzleHttp\Handler\CurlFactory::finish(Object(GuzzleHttp\Handler\CurlMultiHandler), Object(GuzzleHttp\Handler\EasyHandle), Object(GuzzleHttp\Handler\CurlFactory))
#3 E:\xampp73\htdocs\filecroco\loader\vendor\guzzlehttp\guzzle\src\Handler\CurlMultiHandler.php(110): GuzzleHttp\Handler\CurlMultiHandler->processMessages()
#4 E:\xampp73\htdocs\filecroco\loader\vendor\guzzlehttp\guzzle\src\Handler\CurlMultiHandler.php(125): GuzzleHttp\Handler\CurlMultiHandler->tick()
#5 E:\xampp73\htdocs\filecroco\loader\vendor\guzzlehttp\promises\src\Promise.php(246): GuzzleHttp\Handler\CurlMultiHandler->execute(true)
#6 E:\xampp73\htdocs\filecroco\loader\vendor\guzzlehttp\promises\src\Promise.php(223): GuzzleHttp\Promise\Promise->invokeWaitFn()
#7 E:\xampp73\htdocs\filecroco\loader\vendor\guzzlehttp\promises\src\Promise.php(267): GuzzleHttp\Promise\Promise->waitIfPending()
#8 E:\xampp73\htdocs\filecroco\loader\vendor\guzzlehttp\promises\src\Promise.php(225): GuzzleHttp\Promise\Promise->invokeWaitList()
#9 E:\xampp73\htdocs\filecroco\loader\vendor\guzzlehttp\promises\src\Promise.php(62): GuzzleHttp\Promise\Promise->waitIfPending()
#10 E:\xampp73\htdocs\filecroco\loader\vendor\guzzlehttp\promises\src\EachPromise.php(101): GuzzleHttp\Promise\Promise->wait()
#11 E:\xampp73\htdocs\filecroco\loader\vendor\guzzlehttp\promises\src\Promise.php(246): GuzzleHttp\Promise\EachPromise->GuzzleHttp\Promise\{closure}(true)
#12 E:\xampp73\htdocs\filecroco\loader\vendor\guzzlehttp\promises\src\Promise.php(223): GuzzleHttp\Promise\Promise->invokeWaitFn()
#13 E:\xampp73\htdocs\filecroco\loader\vendor\guzzlehttp\promises\src\Promise.php(62): GuzzleHttp\Promise\Promise->waitIfPending()
#14 E:\xampp73\htdocs\filecroco\loader\updatedownloadlink.php(95): GuzzleHttp\Promise\Promise->wait()
#15 {main}|558GuzzleHttp\Exception\RequestException: cURL error 56:  (see http://curl.haxx.se/libcurl/c/libcurl-errors.html) in E:\xampp73\htdocs\filecroco\loader\vendor\guzzlehttp\guzzle\src\Handler\CurlFactory.php:186
Stack trace:
#0 E:\xampp73\htdocs\filecroco\loader\vendor\guzzlehttp\guzzle\src\Handler\CurlFactory.php(149): GuzzleHttp\Handler\CurlFactory::createRejection(Object(GuzzleHttp\Handler\EasyHandle), Array)
#1 E:\xampp73\htdocs\filecroco\loader\vendor\guzzlehttp\guzzle\src\Handler\CurlFactory.php(102): GuzzleHttp\Handler\CurlFactory::finishError(Object(GuzzleHttp\Handler\CurlMultiHandler), Object(GuzzleHttp\Handler\EasyHandle), Object(GuzzleHttp\Handler\CurlFactory))
#2 E:\xampp73\htdocs\filecroco\loader\vendor\guzzlehttp\guzzle\src\Handler\CurlMultiHandler.php(181): GuzzleHttp\Handler\CurlFactory::finish(Object(GuzzleHttp\Handler\CurlMultiHandler), Object(GuzzleHttp\Handler\EasyHandle), Object(GuzzleHttp\Handler\CurlFactory))
#3 E:\xampp73\htdocs\filecroco\loader\vendor\guzzlehttp\guzzle\src\Handler\CurlMultiHandler.php(110): GuzzleHttp\Handler\CurlMultiHandler->processMessages()
#4 E:\xampp73\htdocs\filecroco\loader\vendor\guzzlehttp\guzzle\src\Handler\CurlMultiHandler.php(125): GuzzleHttp\Handler\CurlMultiHandler->tick()
#5 E:\xampp73\htdocs\filecroco\loader\vendor\guzzlehttp\promises\src\Promise.php(246): GuzzleHttp\Handler\CurlMultiHandler->execute(true)
#6 E:\xampp73\htdocs\filecroco\loader\vendor\guzzlehttp\promises\src\Promise.php(223): GuzzleHttp\Promise\Promise->invokeWaitFn()
#7 E:\xampp73\htdocs\filecroco\loader\vendor\guzzlehttp\promises\src\Promise.php(267): GuzzleHttp\Promise\Promise->waitIfPending()
#8 E:\xampp73\htdocs\filecroco\loader\vendor\guzzlehttp\promises\src\Promise.php(225): GuzzleHttp\Promise\Promise->invokeWaitList()
#9 E:\xampp73\htdocs\filecroco\loader\vendor\guzzlehttp\promises\src\Promise.php(62): GuzzleHttp\Promise\Promise->waitIfPending()
#10 E:\xampp73\htdocs\filecroco\loader\vendor\guzzlehttp\promises\src\EachPromise.php(101): GuzzleHttp\Promise\Promise->wait()
#11 E:\xampp73\htdocs\filecroco\loader\vendor\guzzlehttp\promises\src\Promise.php(246): GuzzleHttp\Promise\EachPromise->GuzzleHttp\Promise\{closure}(true)
#12 E:\xampp73\htdocs\filecroco\loader\vendor\guzzlehttp\promises\src\Promise.php(223): GuzzleHttp\Promise\Promise->invokeWaitFn()
#13 E:\xampp73\htdocs\filecroco\loader\vendor\guzzlehttp\promises\src\Promise.php(62): GuzzleHttp\Promise\Promise->waitIfPending()
#14 E:\xampp73\htdocs\filecroco\loader\updatedownloadlink.php(95): GuzzleHttp\Promise\Promise->wait()
#15 {main}|559GuzzleHttp\Exception\RequestException: cURL error 56:  (see http://curl.haxx.se/libcurl/c/libcurl-errors.html) in E:\xampp73\htdocs\filecroco\loader\vendor\guzzlehttp\guzzle\src\Handler\CurlFactory.php:186
Stack trace:
#0 E:\xampp73\htdocs\filecroco\loader\vendor\guzzlehttp\guzzle\src\Handler\CurlFactory.php(149): GuzzleHttp\Handler\CurlFactory::createRejection(Object(GuzzleHttp\Handler\EasyHandle), Array)
#1 E:\xampp73\htdocs\filecroco\loader\vendor\guzzlehttp\guzzle\src\Handler\CurlFactory.php(102): GuzzleHttp\Handler\CurlFactory::finishError(Object(GuzzleHttp\Handler\CurlMultiHandler), Object(GuzzleHttp\Handler\EasyHandle), Object(GuzzleHttp\Handler\CurlFactory))
#2 E:\xampp73\htdocs\filecroco\loader\vendor\guzzlehttp\guzzle\src\Handler\CurlMultiHandler.php(181): GuzzleHttp\Handler\CurlFactory::finish(Object(GuzzleHttp\Handler\CurlMultiHandler), Object(GuzzleHttp\Handler\EasyHandle), Object(GuzzleHttp\Handler\CurlFactory))
#3 E:\xampp73\htdocs\filecroco\loader\vendor\guzzlehttp\guzzle\src\Handler\CurlMultiHandler.php(110): GuzzleHttp\Handler\CurlMultiHandler->processMessages()
#4 E:\xampp73\htdocs\filecroco\loader\vendor\guzzlehttp\guzzle\src\Handler\CurlMultiHandler.php(125): GuzzleHttp\Handler\CurlMultiHandler->tick()
#5 E:\xampp73\htdocs\filecroco\loader\vendor\guzzlehttp\promises\src\Promise.php(246): GuzzleHttp\Handler\CurlMultiHandler->execute(true)
#6 E:\xampp73\htdocs\filecroco\loader\vendor\guzzlehttp\promises\src\Promise.php(223): GuzzleHttp\Promise\Promise->invokeWaitFn()
#7 E:\xampp73\htdocs\filecroco\loader\vendor\guzzlehttp\promises\src\Promise.php(267): GuzzleHttp\Promise\Promise->waitIfPending()
#8 E:\xampp73\htdocs\filecroco\loader\vendor\guzzlehttp\promises\src\Promise.php(225): GuzzleHttp\Promise\Promise->invokeWaitList()
#9 E:\xampp73\htdocs\filecroco\loader\vendor\guzzlehttp\promises\src\Promise.php(62): GuzzleHttp\Promise\Promise->waitIfPending()
#10 E:\xampp73\htdocs\filecroco\loader\vendor\guzzlehttp\promises\src\EachPromise.php(101): GuzzleHttp\Promise\Promise->wait()
#11 E:\xampp73\htdocs\filecroco\loader\vendor\guzzlehttp\promises\src\Promise.php(246): GuzzleHttp\Promise\EachPromise->GuzzleHttp\Promise\{closure}(true)
#12 E:\xampp73\htdocs\filecroco\loader\vendor\guzzlehttp\promises\src\Promise.php(223): GuzzleHttp\Promise\Promise->invokeWaitFn()
#13 E:\xampp73\htdocs\filecroco\loader\vendor\guzzlehttp\promises\src\Promise.php(62): GuzzleHttp\Promise\Promise->waitIfPending()
#14 E:\xampp73\htdocs\filecroco\loader\updatedownloadlink.php(95): GuzzleHttp\Promise\Promise->wait()
#15 {main}|560GuzzleHttp\Exception\RequestException: cURL error 56:  (see http://curl.haxx.se/libcurl/c/libcurl-errors.html) in E:\xampp73\htdocs\filecroco\loader\vendor\guzzlehttp\guzzle\src\Handler\CurlFactory.php:186
Stack trace:
#0 E:\xampp73\htdocs\filecroco\loader\vendor\guzzlehttp\guzzle\src\Handler\CurlFactory.php(149): GuzzleHttp\Handler\CurlFactory::createRejection(Object(GuzzleHttp\Handler\EasyHandle), Array)
#1 E:\xampp73\htdocs\filecroco\loader\vendor\guzzlehttp\guzzle\src\Handler\CurlFactory.php(102): GuzzleHttp\Handler\CurlFactory::finishError(Object(GuzzleHttp\Handler\CurlMultiHandler), Object(GuzzleHttp\Handler\EasyHandle), Object(GuzzleHttp\Handler\CurlFactory))
#2 E:\xampp73\htdocs\filecroco\loader\vendor\guzzlehttp\guzzle\src\Handler\CurlMultiHandler.php(181): GuzzleHttp\Handler\CurlFactory::finish(Object(GuzzleHttp\Handler\CurlMultiHandler), Object(GuzzleHttp\Handler\EasyHandle), Object(GuzzleHttp\Handler\CurlFactory))
#3 E:\xampp73\htdocs\filecroco\loader\vendor\guzzlehttp\guzzle\src\Handler\CurlMultiHandler.php(110): GuzzleHttp\Handler\CurlMultiHandler->processMessages()
#4 E:\xampp73\htdocs\filecroco\loader\vendor\guzzlehttp\guzzle\src\Handler\CurlMultiHandler.php(125): GuzzleHttp\Handler\CurlMultiHandler->tick()
#5 E:\xampp73\htdocs\filecroco\loader\vendor\guzzlehttp\promises\src\Promise.php(246): GuzzleHttp\Handler\CurlMultiHandler->execute(true)
#6 E:\xampp73\htdocs\filecroco\loader\vendor\guzzlehttp\promises\src\Promise.php(223): GuzzleHttp\Promise\Promise->invokeWaitFn()
#7 E:\xampp73\htdocs\filecroco\loader\vendor\guzzlehttp\promises\src\Promise.php(267): GuzzleHttp\Promise\Promise->waitIfPending()
#8 E:\xampp73\htdocs\filecroco\loader\vendor\guzzlehttp\promises\src\Promise.php(225): GuzzleHttp\Promise\Promise->invokeWaitList()
#9 E:\xampp73\htdocs\filecroco\loader\vendor\guzzlehttp\promises\src\Promise.php(62): GuzzleHttp\Promise\Promise->waitIfPending()
#10 E:\xampp73\htdocs\filecroco\loader\vendor\guzzlehttp\promises\src\EachPromise.php(101): GuzzleHttp\Promise\Promise->wait()
#11 E:\xampp73\htdocs\filecroco\loader\vendor\guzzlehttp\promises\src\Promise.php(246): GuzzleHttp\Promise\EachPromise->GuzzleHttp\Promise\{closure}(true)
#12 E:\xampp73\htdocs\filecroco\loader\vendor\guzzlehttp\promises\src\Promise.php(223): GuzzleHttp\Promise\Promise->invokeWaitFn()
#13 E:\xampp73\htdocs\filecroco\loader\vendor\guzzlehttp\promises\src\Promise.php(62): GuzzleHttp\Promise\Promise->waitIfPending()
#14 E:\xampp73\htdocs\filecroco\loader\updatedownloadlink.php(95): GuzzleHttp\Promise\Promise->wait()
#15 {main}|561GuzzleHttp\Exception\RequestException: cURL error 56:  (see http://curl.haxx.se/libcurl/c/libcurl-errors.html) in E:\xampp73\htdocs\filecroco\loader\vendor\guzzlehttp\guzzle\src\Handler\CurlFactory.php:186
Stack trace:
#0 E:\xampp73\htdocs\filecroco\loader\vendor\guzzlehttp\guzzle\src\Handler\CurlFactory.php(149): GuzzleHttp\Handler\CurlFactory::createRejection(Object(GuzzleHttp\Handler\EasyHandle), Array)
#1 E:\xampp73\htdocs\filecroco\loader\vendor\guzzlehttp\guzzle\src\Handler\CurlFactory.php(102): GuzzleHttp\Handler\CurlFactory::finishError(Object(GuzzleHttp\Handler\CurlMultiHandler), Object(GuzzleHttp\Handler\EasyHandle), Object(GuzzleHttp\Handler\CurlFactory))
#2 E:\xampp73\htdocs\filecroco\loader\vendor\guzzlehttp\guzzle\src\Handler\CurlMultiHandler.php(181): GuzzleHttp\Handler\CurlFactory::finish(Object(GuzzleHttp\Handler\CurlMultiHandler), Object(GuzzleHttp\Handler\EasyHandle), Object(GuzzleHttp\Handler\CurlFactory))
#3 E:\xampp73\htdocs\filecroco\loader\vendor\guzzlehttp\guzzle\src\Handler\CurlMultiHandler.php(110): GuzzleHttp\Handler\CurlMultiHandler->processMessages()
#4 E:\xampp73\htdocs\filecroco\loader\vendor\guzzlehttp\guzzle\src\Handler\CurlMultiHandler.php(125): GuzzleHttp\Handler\CurlMultiHandler->tick()
#5 E:\xampp73\htdocs\filecroco\loader\vendor\guzzlehttp\promises\src\Promise.php(246): GuzzleHttp\Handler\CurlMultiHandler->execute(true)
#6 E:\xampp73\htdocs\filecroco\loader\vendor\guzzlehttp\promises\src\Promise.php(223): GuzzleHttp\Promise\Promise->invokeWaitFn()
#7 E:\xampp73\htdocs\filecroco\loader\vendor\guzzlehttp\promises\src\Promise.php(267): GuzzleHttp\Promise\Promise->waitIfPending()
#8 E:\xampp73\htdocs\filecroco\loader\vendor\guzzlehttp\promises\src\Promise.php(225): GuzzleHttp\Promise\Promise->invokeWaitList()
#9 E:\xampp73\htdocs\filecroco\loader\vendor\guzzlehttp\promises\src\Promise.php(62): GuzzleHttp\Promise\Promise->waitIfPending()
#10 E:\xampp73\htdocs\filecroco\loader\vendor\guzzlehttp\promises\src\EachPromise.php(101): GuzzleHttp\Promise\Promise->wait()
#11 E:\xampp73\htdocs\filecroco\loader\vendor\guzzlehttp\promises\src\Promise.php(246): GuzzleHttp\Promise\EachPromise->GuzzleHttp\Promise\{closure}(true)
#12 E:\xampp73\htdocs\filecroco\loader\vendor\guzzlehttp\promises\src\Promise.php(223): GuzzleHttp\Promise\Promise->invokeWaitFn()
#13 E:\xampp73\htdocs\filecroco\loader\vendor\guzzlehttp\promises\src\Promise.php(62): GuzzleHttp\Promise\Promise->waitIfPending()
#14 E:\xampp73\htdocs\filecroco\loader\updatedownloadlink.php(95): GuzzleHttp\Promise\Promise->wait()
#15 {main}|562GuzzleHttp\Exception\RequestException: cURL error 56:  (see http://curl.haxx.se/libcurl/c/libcurl-errors.html) in E:\xampp73\htdocs\filecroco\loader\vendor\guzzlehttp\guzzle\src\Handler\CurlFactory.php:186
Stack trace:
#0 E:\xampp73\htdocs\filecroco\loader\vendor\guzzlehttp\guzzle\src\Handler\CurlFactory.php(149): GuzzleHttp\Handler\CurlFactory::createRejection(Object(GuzzleHttp\Handler\EasyHandle), Array)
#1 E:\xampp73\htdocs\filecroco\loader\vendor\guzzlehttp\guzzle\src\Handler\CurlFactory.php(102): GuzzleHttp\Handler\CurlFactory::finishError(Object(GuzzleHttp\Handler\CurlMultiHandler), Object(GuzzleHttp\Handler\EasyHandle), Object(GuzzleHttp\Handler\CurlFactory))
#2 E:\xampp73\htdocs\filecroco\loader\vendor\guzzlehttp\guzzle\src\Handler\CurlMultiHandler.php(181): GuzzleHttp\Handler\CurlFactory::finish(Object(GuzzleHttp\Handler\CurlMultiHandler), Object(GuzzleHttp\Handler\EasyHandle), Object(GuzzleHttp\Handler\CurlFactory))
#3 E:\xampp73\htdocs\filecroco\loader\vendor\guzzlehttp\guzzle\src\Handler\CurlMultiHandler.php(110): GuzzleHttp\Handler\CurlMultiHandler->processMessages()
#4 E:\xampp73\htdocs\filecroco\loader\vendor\guzzlehttp\guzzle\src\Handler\CurlMultiHandler.php(125): GuzzleHttp\Handler\CurlMultiHandler->tick()
#5 E:\xampp73\htdocs\filecroco\loader\vendor\guzzlehttp\promises\src\Promise.php(246): GuzzleHttp\Handler\CurlMultiHandler->execute(true)
#6 E:\xampp73\htdocs\filecroco\loader\vendor\guzzlehttp\promises\src\Promise.php(223): GuzzleHttp\Promise\Promise->invokeWaitFn()
#7 E:\xampp73\htdocs\filecroco\loader\vendor\guzzlehttp\promises\src\Promise.php(267): GuzzleHttp\Promise\Promise->waitIfPending()
#8 E:\xampp73\htdocs\filecroco\loader\vendor\guzzlehttp\promises\src\Promise.php(225): GuzzleHttp\Promise\Promise->invokeWaitList()
#9 E:\xampp73\htdocs\filecroco\loader\vendor\guzzlehttp\promises\src\Promise.php(62): GuzzleHttp\Promise\Promise->waitIfPending()
#10 E:\xampp73\htdocs\filecroco\loader\vendor\guzzlehttp\promises\src\EachPromise.php(101): GuzzleHttp\Promise\Promise->wait()
#11 E:\xampp73\htdocs\filecroco\loader\vendor\guzzlehttp\promises\src\Promise.php(246): GuzzleHttp\Promise\EachPromise->GuzzleHttp\Promise\{closure}(true)
#12 E:\xampp73\htdocs\filecroco\loader\vendor\guzzlehttp\promises\src\Promise.php(223): GuzzleHttp\Promise\Promise->invokeWaitFn()
#13 E:\xampp73\htdocs\filecroco\loader\vendor\guzzlehttp\promises\src\Promise.php(62): GuzzleHttp\Promise\Promise->waitIfPending()
#14 E:\xampp73\htdocs\filecroco\loader\updatedownloadlink.php(95): GuzzleHttp\Promise\Promise->wait()
#15 {main}|563GuzzleHttp\Exception\RequestException: cURL error 56:  (see http://curl.haxx.se/libcurl/c/libcurl-errors.html) in E:\xampp73\htdocs\filecroco\loader\vendor\guzzlehttp\guzzle\src\Handler\CurlFactory.php:186
Stack trace:
#0 E:\xampp73\htdocs\filecroco\loader\vendor\guzzlehttp\guzzle\src\Handler\CurlFactory.php(149): GuzzleHttp\Handler\CurlFactory::createRejection(Object(GuzzleHttp\Handler\EasyHandle), Array)
#1 E:\xampp73\htdocs\filecroco\loader\vendor\guzzlehttp\guzzle\src\Handler\CurlFactory.php(102): GuzzleHttp\Handler\CurlFactory::finishError(Object(GuzzleHttp\Handler\CurlMultiHandler), Object(GuzzleHttp\Handler\EasyHandle), Object(GuzzleHttp\Handler\CurlFactory))
#2 E:\xampp73\htdocs\filecroco\loader\vendor\guzzlehttp\guzzle\src\Handler\CurlMultiHandler.php(181): GuzzleHttp\Handler\CurlFactory::finish(Object(GuzzleHttp\Handler\CurlMultiHandler), Object(GuzzleHttp\Handler\EasyHandle), Object(GuzzleHttp\Handler\CurlFactory))
#3 E:\xampp73\htdocs\filecroco\loader\vendor\guzzlehttp\guzzle\src\Handler\CurlMultiHandler.php(110): GuzzleHttp\Handler\CurlMultiHandler->processMessages()
#4 E:\xampp73\htdocs\filecroco\loader\vendor\guzzlehttp\guzzle\src\Handler\CurlMultiHandler.php(125): GuzzleHttp\Handler\CurlMultiHandler->tick()
#5 E:\xampp73\htdocs\filecroco\loader\vendor\guzzlehttp\promises\src\Promise.php(246): GuzzleHttp\Handler\CurlMultiHandler->execute(true)
#6 E:\xampp73\htdocs\filecroco\loader\vendor\guzzlehttp\promises\src\Promise.php(223): GuzzleHttp\Promise\Promise->invokeWaitFn()
#7 E:\xampp73\htdocs\filecroco\loader\vendor\guzzlehttp\promises\src\Promise.php(267): GuzzleHttp\Promise\Promise->waitIfPending()
#8 E:\xampp73\htdocs\filecroco\loader\vendor\guzzlehttp\promises\src\Promise.php(225): GuzzleHttp\Promise\Promise->invokeWaitList()
#9 E:\xampp73\htdocs\filecroco\loader\vendor\guzzlehttp\promises\src\Promise.php(62): GuzzleHttp\Promise\Promise->waitIfPending()
#10 E:\xampp73\htdocs\filecroco\loader\vendor\guzzlehttp\promises\src\EachPromise.php(101): GuzzleHttp\Promise\Promise->wait()
#11 E:\xampp73\htdocs\filecroco\loader\vendor\guzzlehttp\promises\src\Promise.php(246): GuzzleHttp\Promise\EachPromise->GuzzleHttp\Promise\{closure}(true)
#12 E:\xampp73\htdocs\filecroco\loader\vendor\guzzlehttp\promises\src\Promise.php(223): GuzzleHttp\Promise\Promise->invokeWaitFn()
#13 E:\xampp73\htdocs\filecroco\loader\vendor\guzzlehttp\promises\src\Promise.php(62): GuzzleHttp\Promise\Promise->waitIfPending()
#14 E:\xampp73\htdocs\filecroco\loader\updatedownloadlink.php(95): GuzzleHttp\Promise\Promise->wait()
#15 {main}|564GuzzleHttp\Exception\RequestException: cURL error 56:  (see http://curl.haxx.se/libcurl/c/libcurl-errors.html) in E:\xampp73\htdocs\filecroco\loader\vendor\guzzlehttp\guzzle\src\Handler\CurlFactory.php:186
Stack trace:
#0 E:\xampp73\htdocs\filecroco\loader\vendor\guzzlehttp\guzzle\src\Handler\CurlFactory.php(149): GuzzleHttp\Handler\CurlFactory::createRejection(Object(GuzzleHttp\Handler\EasyHandle), Array)
#1 E:\xampp73\htdocs\filecroco\loader\vendor\guzzlehttp\guzzle\src\Handler\CurlFactory.php(102): GuzzleHttp\Handler\CurlFactory::finishError(Object(GuzzleHttp\Handler\CurlMultiHandler), Object(GuzzleHttp\Handler\EasyHandle), Object(GuzzleHttp\Handler\CurlFactory))
#2 E:\xampp73\htdocs\filecroco\loader\vendor\guzzlehttp\guzzle\src\Handler\CurlMultiHandler.php(181): GuzzleHttp\Handler\CurlFactory::finish(Object(GuzzleHttp\Handler\CurlMultiHandler), Object(GuzzleHttp\Handler\EasyHandle), Object(GuzzleHttp\Handler\CurlFactory))
#3 E:\xampp73\htdocs\filecroco\loader\vendor\guzzlehttp\guzzle\src\Handler\CurlMultiHandler.php(110): GuzzleHttp\Handler\CurlMultiHandler->processMessages()
#4 E:\xampp73\htdocs\filecroco\loader\vendor\guzzlehttp\guzzle\src\Handler\CurlMultiHandler.php(125): GuzzleHttp\Handler\CurlMultiHandler->tick()
#5 E:\xampp73\htdocs\filecroco\loader\vendor\guzzlehttp\promises\src\Promise.php(246): GuzzleHttp\Handler\CurlMultiHandler->execute(true)
#6 E:\xampp73\htdocs\filecroco\loader\vendor\guzzlehttp\promises\src\Promise.php(223): GuzzleHttp\Promise\Promise->invokeWaitFn()
#7 E:\xampp73\htdocs\filecroco\loader\vendor\guzzlehttp\promises\src\Promise.php(267): GuzzleHttp\Promise\Promise->waitIfPending()
#8 E:\xampp73\htdocs\filecroco\loader\vendor\guzzlehttp\promises\src\Promise.php(225): GuzzleHttp\Promise\Promise->invokeWaitList()
#9 E:\xampp73\htdocs\filecroco\loader\vendor\guzzlehttp\promises\src\Promise.php(62): GuzzleHttp\Promise\Promise->waitIfPending()
#10 E:\xampp73\htdocs\filecroco\loader\vendor\guzzlehttp\promises\src\EachPromise.php(101): GuzzleHttp\Promise\Promise->wait()
#11 E:\xampp73\htdocs\filecroco\loader\vendor\guzzlehttp\promises\src\Promise.php(246): GuzzleHttp\Promise\EachPromise->GuzzleHttp\Promise\{closure}(true)
#12 E:\xampp73\htdocs\filecroco\loader\vendor\guzzlehttp\promises\src\Promise.php(223): GuzzleHttp\Promise\Promise->invokeWaitFn()
#13 E:\xampp73\htdocs\filecroco\loader\vendor\guzzlehttp\promises\src\Promise.php(62): GuzzleHttp\Promise\Promise->waitIfPending()
#14 E:\xampp73\htdocs\filecroco\loader\updatedownloadlink.php(95): GuzzleHttp\Promise\Promise->wait()
#15 {main}|565GuzzleHttp\Exception\RequestException: cURL error 56:  (see http://curl.haxx.se/libcurl/c/libcurl-errors.html) in E:\xampp73\htdocs\filecroco\loader\vendor\guzzlehttp\guzzle\src\Handler\CurlFactory.php:186
Stack trace:
#0 E:\xampp73\htdocs\filecroco\loader\vendor\guzzlehttp\guzzle\src\Handler\CurlFactory.php(149): GuzzleHttp\Handler\CurlFactory::createRejection(Object(GuzzleHttp\Handler\EasyHandle), Array)
#1 E:\xampp73\htdocs\filecroco\loader\vendor\guzzlehttp\guzzle\src\Handler\CurlFactory.php(102): GuzzleHttp\Handler\CurlFactory::finishError(Object(GuzzleHttp\Handler\CurlMultiHandler), Object(GuzzleHttp\Handler\EasyHandle), Object(GuzzleHttp\Handler\CurlFactory))
#2 E:\xampp73\htdocs\filecroco\loader\vendor\guzzlehttp\guzzle\src\Handler\CurlMultiHandler.php(181): GuzzleHttp\Handler\CurlFactory::finish(Object(GuzzleHttp\Handler\CurlMultiHandler), Object(GuzzleHttp\Handler\EasyHandle), Object(GuzzleHttp\Handler\CurlFactory))
#3 E:\xampp73\htdocs\filecroco\loader\vendor\guzzlehttp\guzzle\src\Handler\CurlMultiHandler.php(110): GuzzleHttp\Handler\CurlMultiHandler->processMessages()
#4 E:\xampp73\htdocs\filecroco\loader\vendor\guzzlehttp\guzzle\src\Handler\CurlMultiHandler.php(125): GuzzleHttp\Handler\CurlMultiHandler->tick()
#5 E:\xampp73\htdocs\filecroco\loader\vendor\guzzlehttp\promises\src\Promise.php(246): GuzzleHttp\Handler\CurlMultiHandler->execute(true)
#6 E:\xampp73\htdocs\filecroco\loader\vendor\guzzlehttp\promises\src\Promise.php(223): GuzzleHttp\Promise\Promise->invokeWaitFn()
#7 E:\xampp73\htdocs\filecroco\loader\vendor\guzzlehttp\promises\src\Promise.php(267): GuzzleHttp\Promise\Promise->waitIfPending()
#8 E:\xampp73\htdocs\filecroco\loader\vendor\guzzlehttp\promises\src\Promise.php(225): GuzzleHttp\Promise\Promise->invokeWaitList()
#9 E:\xampp73\htdocs\filecroco\loader\vendor\guzzlehttp\promises\src\Promise.php(62): GuzzleHttp\Promise\Promise->waitIfPending()
#10 E:\xampp73\htdocs\filecroco\loader\vendor\guzzlehttp\promises\src\EachPromise.php(101): GuzzleHttp\Promise\Promise->wait()
#11 E:\xampp73\htdocs\filecroco\loader\vendor\guzzlehttp\promises\src\Promise.php(246): GuzzleHttp\Promise\EachPromise->GuzzleHttp\Promise\{closure}(true)
#12 E:\xampp73\htdocs\filecroco\loader\vendor\guzzlehttp\promises\src\Promise.php(223): GuzzleHttp\Promise\Promise->invokeWaitFn()
#13 E:\xampp73\htdocs\filecroco\loader\vendor\guzzlehttp\promises\src\Promise.php(62): GuzzleHttp\Promise\Promise->waitIfPending()
#14 E:\xampp73\htdocs\filecroco\loader\updatedownloadlink.php(95): GuzzleHttp\Promise\Promise->wait()
#15 {main}|566GuzzleHttp\Exception\RequestException: cURL error 56:  (see http://curl.haxx.se/libcurl/c/libcurl-errors.html) in E:\xampp73\htdocs\filecroco\loader\vendor\guzzlehttp\guzzle\src\Handler\CurlFactory.php:186
Stack trace:
#0 E:\xampp73\htdocs\filecroco\loader\vendor\guzzlehttp\guzzle\src\Handler\CurlFactory.php(149): GuzzleHttp\Handler\CurlFactory::createRejection(Object(GuzzleHttp\Handler\EasyHandle), Array)
#1 E:\xampp73\htdocs\filecroco\loader\vendor\guzzlehttp\guzzle\src\Handler\CurlFactory.php(102): GuzzleHttp\Handler\CurlFactory::finishError(Object(GuzzleHttp\Handler\CurlMultiHandler), Object(GuzzleHttp\Handler\EasyHandle), Object(GuzzleHttp\Handler\CurlFactory))
#2 E:\xampp73\htdocs\filecroco\loader\vendor\guzzlehttp\guzzle\src\Handler\CurlMultiHandler.php(181): GuzzleHttp\Handler\CurlFactory::finish(Object(GuzzleHttp\Handler\CurlMultiHandler), Object(GuzzleHttp\Handler\EasyHandle), Object(GuzzleHttp\Handler\CurlFactory))
#3 E:\xampp73\htdocs\filecroco\loader\vendor\guzzlehttp\guzzle\src\Handler\CurlMultiHandler.php(110): GuzzleHttp\Handler\CurlMultiHandler->processMessages()
#4 E:\xampp73\htdocs\filecroco\loader\vendor\guzzlehttp\guzzle\src\Handler\CurlMultiHandler.php(125): GuzzleHttp\Handler\CurlMultiHandler->tick()
#5 E:\xampp73\htdocs\filecroco\loader\vendor\guzzlehttp\promises\src\Promise.php(246): GuzzleHttp\Handler\CurlMultiHandler->execute(true)
#6 E:\xampp73\htdocs\filecroco\loader\vendor\guzzlehttp\promises\src\Promise.php(223): GuzzleHttp\Promise\Promise->invokeWaitFn()
#7 E:\xampp73\htdocs\filecroco\loader\vendor\guzzlehttp\promises\src\Promise.php(267): GuzzleHttp\Promise\Promise->waitIfPending()
#8 E:\xampp73\htdocs\filecroco\loader\vendor\guzzlehttp\promises\src\Promise.php(225): GuzzleHttp\Promise\Promise->invokeWaitList()
#9 E:\xampp73\htdocs\filecroco\loader\vendor\guzzlehttp\promises\src\Promise.php(62): GuzzleHttp\Promise\Promise->waitIfPending()
#10 E:\xampp73\htdocs\filecroco\loader\vendor\guzzlehttp\promises\src\EachPromise.php(101): GuzzleHttp\Promise\Promise->wait()
#11 E:\xampp73\htdocs\filecroco\loader\vendor\guzzlehttp\promises\src\Promise.php(246): GuzzleHttp\Promise\EachPromise->GuzzleHttp\Promise\{closure}(true)
#12 E:\xampp73\htdocs\filecroco\loader\vendor\guzzlehttp\promises\src\Promise.php(223): GuzzleHttp\Promise\Promise->invokeWaitFn()
#13 E:\xampp73\htdocs\filecroco\loader\vendor\guzzlehttp\promises\src\Promise.php(62): GuzzleHttp\Promise\Promise->waitIfPending()
#14 E:\xampp73\htdocs\filecroco\loader\updatedownloadlink.php(95): GuzzleHttp\Promise\Promise->wait()
#15 {main}|567GuzzleHttp\Exception\RequestException: cURL error 56:  (see http://curl.haxx.se/libcurl/c/libcurl-errors.html) in E:\xampp73\htdocs\filecroco\loader\vendor\guzzlehttp\guzzle\src\Handler\CurlFactory.php:186
Stack trace:
#0 E:\xampp73\htdocs\filecroco\loader\vendor\guzzlehttp\guzzle\src\Handler\CurlFactory.php(149): GuzzleHttp\Handler\CurlFactory::createRejection(Object(GuzzleHttp\Handler\EasyHandle), Array)
#1 E:\xampp73\htdocs\filecroco\loader\vendor\guzzlehttp\guzzle\src\Handler\CurlFactory.php(102): GuzzleHttp\Handler\CurlFactory::finishError(Object(GuzzleHttp\Handler\CurlMultiHandler), Object(GuzzleHttp\Handler\EasyHandle), Object(GuzzleHttp\Handler\CurlFactory))
#2 E:\xampp73\htdocs\filecroco\loader\vendor\guzzlehttp\guzzle\src\Handler\CurlMultiHandler.php(181): GuzzleHttp\Handler\CurlFactory::finish(Object(GuzzleHttp\Handler\CurlMultiHandler), Object(GuzzleHttp\Handler\EasyHandle), Object(GuzzleHttp\Handler\CurlFactory))
#3 E:\xampp73\htdocs\filecroco\loader\vendor\guzzlehttp\guzzle\src\Handler\CurlMultiHandler.php(110): GuzzleHttp\Handler\CurlMultiHandler->processMessages()
#4 E:\xampp73\htdocs\filecroco\loader\vendor\guzzlehttp\guzzle\src\Handler\CurlMultiHandler.php(125): GuzzleHttp\Handler\CurlMultiHandler->tick()
#5 E:\xampp73\htdocs\filecroco\loader\vendor\guzzlehttp\promises\src\Promise.php(246): GuzzleHttp\Handler\CurlMultiHandler->execute(true)
#6 E:\xampp73\htdocs\filecroco\loader\vendor\guzzlehttp\promises\src\Promise.php(223): GuzzleHttp\Promise\Promise->invokeWaitFn()
#7 E:\xampp73\htdocs\filecroco\loader\vendor\guzzlehttp\promises\src\Promise.php(267): GuzzleHttp\Promise\Promise->waitIfPending()
#8 E:\xampp73\htdocs\filecroco\loader\vendor\guzzlehttp\promises\src\Promise.php(225): GuzzleHttp\Promise\Promise->invokeWaitList()
#9 E:\xampp73\htdocs\filecroco\loader\vendor\guzzlehttp\promises\src\Promise.php(62): GuzzleHttp\Promise\Promise->waitIfPending()
#10 E:\xampp73\htdocs\filecroco\loader\vendor\guzzlehttp\promises\src\EachPromise.php(101): GuzzleHttp\Promise\Promise->wait()
#11 E:\xampp73\htdocs\filecroco\loader\vendor\guzzlehttp\promises\src\Promise.php(246): GuzzleHttp\Promise\EachPromise->GuzzleHttp\Promise\{closure}(true)
#12 E:\xampp73\htdocs\filecroco\loader\vendor\guzzlehttp\promises\src\Promise.php(223): GuzzleHttp\Promise\Promise->invokeWaitFn()
#13 E:\xampp73\htdocs\filecroco\loader\vendor\guzzlehttp\promises\src\Promise.php(62): GuzzleHttp\Promise\Promise->waitIfPending()
#14 E:\xampp73\htdocs\filecroco\loader\updatedownloadlink.php(95): GuzzleHttp\Promise\Promise->wait()
#15 {main}|568GuzzleHttp\Exception\RequestException: cURL error 56:  (see http://curl.haxx.se/libcurl/c/libcurl-errors.html) in E:\xampp73\htdocs\filecroco\loader\vendor\guzzlehttp\guzzle\src\Handler\CurlFactory.php:186
Stack trace:
#0 E:\xampp73\htdocs\filecroco\loader\vendor\guzzlehttp\guzzle\src\Handler\CurlFactory.php(149): GuzzleHttp\Handler\CurlFactory::createRejection(Object(GuzzleHttp\Handler\EasyHandle), Array)
#1 E:\xampp73\htdocs\filecroco\loader\vendor\guzzlehttp\guzzle\src\Handler\CurlFactory.php(102): GuzzleHttp\Handler\CurlFactory::finishError(Object(GuzzleHttp\Handler\CurlMultiHandler), Object(GuzzleHttp\Handler\EasyHandle), Object(GuzzleHttp\Handler\CurlFactory))
#2 E:\xampp73\htdocs\filecroco\loader\vendor\guzzlehttp\guzzle\src\Handler\CurlMultiHandler.php(181): GuzzleHttp\Handler\CurlFactory::finish(Object(GuzzleHttp\Handler\CurlMultiHandler), Object(GuzzleHttp\Handler\EasyHandle), Object(GuzzleHttp\Handler\CurlFactory))
#3 E:\xampp73\htdocs\filecroco\loader\vendor\guzzlehttp\guzzle\src\Handler\CurlMultiHandler.php(110): GuzzleHttp\Handler\CurlMultiHandler->processMessages()
#4 E:\xampp73\htdocs\filecroco\loader\vendor\guzzlehttp\guzzle\src\Handler\CurlMultiHandler.php(125): GuzzleHttp\Handler\CurlMultiHandler->tick()
#5 E:\xampp73\htdocs\filecroco\loader\vendor\guzzlehttp\promises\src\Promise.php(246): GuzzleHttp\Handler\CurlMultiHandler->execute(true)
#6 E:\xampp73\htdocs\filecroco\loader\vendor\guzzlehttp\promises\src\Promise.php(223): GuzzleHttp\Promise\Promise->invokeWaitFn()
#7 E:\xampp73\htdocs\filecroco\loader\vendor\guzzlehttp\promises\src\Promise.php(267): GuzzleHttp\Promise\Promise->waitIfPending()
#8 E:\xampp73\htdocs\filecroco\loader\vendor\guzzlehttp\promises\src\Promise.php(225): GuzzleHttp\Promise\Promise->invokeWaitList()
#9 E:\xampp73\htdocs\filecroco\loader\vendor\guzzlehttp\promises\src\Promise.php(62): GuzzleHttp\Promise\Promise->waitIfPending()
#10 E:\xampp73\htdocs\filecroco\loader\vendor\guzzlehttp\promises\src\EachPromise.php(101): GuzzleHttp\Promise\Promise->wait()
#11 E:\xampp73\htdocs\filecroco\loader\vendor\guzzlehttp\promises\src\Promise.php(246): GuzzleHttp\Promise\EachPromise->GuzzleHttp\Promise\{closure}(true)
#12 E:\xampp73\htdocs\filecroco\loader\vendor\guzzlehttp\promises\src\Promise.php(223): GuzzleHttp\Promise\Promise->invokeWaitFn()
#13 E:\xampp73\htdocs\filecroco\loader\vendor\guzzlehttp\promises\src\Promise.php(62): GuzzleHttp\Promise\Promise->waitIfPending()
#14 E:\xampp73\htdocs\filecroco\loader\updatedownloadlink.php(95): GuzzleHttp\Promise\Promise->wait()
#15 {main}|569GuzzleHttp\Exception\RequestException: cURL error 56:  (see http://curl.haxx.se/libcurl/c/libcurl-errors.html) in E:\xampp73\htdocs\filecroco\loader\vendor\guzzlehttp\guzzle\src\Handler\CurlFactory.php:186
Stack trace:
#0 E:\xampp73\htdocs\filecroco\loader\vendor\guzzlehttp\guzzle\src\Handler\CurlFactory.php(149): GuzzleHttp\Handler\CurlFactory::createRejection(Object(GuzzleHttp\Handler\EasyHandle), Array)
#1 E:\xampp73\htdocs\filecroco\loader\vendor\guzzlehttp\guzzle\src\Handler\CurlFactory.php(102): GuzzleHttp\Handler\CurlFactory::finishError(Object(GuzzleHttp\Handler\CurlMultiHandler), Object(GuzzleHttp\Handler\EasyHandle), Object(GuzzleHttp\Handler\CurlFactory))
#2 E:\xampp73\htdocs\filecroco\loader\vendor\guzzlehttp\guzzle\src\Handler\CurlMultiHandler.php(181): GuzzleHttp\Handler\CurlFactory::finish(Object(GuzzleHttp\Handler\CurlMultiHandler), Object(GuzzleHttp\Handler\EasyHandle), Object(GuzzleHttp\Handler\CurlFactory))
#3 E:\xampp73\htdocs\filecroco\loader\vendor\guzzlehttp\guzzle\src\Handler\CurlMultiHandler.php(110): GuzzleHttp\Handler\CurlMultiHandler->processMessages()
#4 E:\xampp73\htdocs\filecroco\loader\vendor\guzzlehttp\guzzle\src\Handler\CurlMultiHandler.php(125): GuzzleHttp\Handler\CurlMultiHandler->tick()
#5 E:\xampp73\htdocs\filecroco\loader\vendor\guzzlehttp\promises\src\Promise.php(246): GuzzleHttp\Handler\CurlMultiHandler->execute(true)
#6 E:\xampp73\htdocs\filecroco\loader\vendor\guzzlehttp\promises\src\Promise.php(223): GuzzleHttp\Promise\Promise->invokeWaitFn()
#7 E:\xampp73\htdocs\filecroco\loader\vendor\guzzlehttp\promises\src\Promise.php(267): GuzzleHttp\Promise\Promise->waitIfPending()
#8 E:\xampp73\htdocs\filecroco\loader\vendor\guzzlehttp\promises\src\Promise.php(225): GuzzleHttp\Promise\Promise->invokeWaitList()
#9 E:\xampp73\htdocs\filecroco\loader\vendor\guzzlehttp\promises\src\Promise.php(62): GuzzleHttp\Promise\Promise->waitIfPending()
#10 E:\xampp73\htdocs\filecroco\loader\vendor\guzzlehttp\promises\src\EachPromise.php(101): GuzzleHttp\Promise\Promise->wait()
#11 E:\xampp73\htdocs\filecroco\loader\vendor\guzzlehttp\promises\src\Promise.php(246): GuzzleHttp\Promise\EachPromise->GuzzleHttp\Promise\{closure}(true)
#12 E:\xampp73\htdocs\filecroco\loader\vendor\guzzlehttp\promises\src\Promise.php(223): GuzzleHttp\Promise\Promise->invokeWaitFn()
#13 E:\xampp73\htdocs\filecroco\loader\vendor\guzzlehttp\promises\src\Promise.php(62): GuzzleHttp\Promise\Promise->waitIfPending()
#14 E:\xampp73\htdocs\filecroco\loader\updatedownloadlink.php(95): GuzzleHttp\Promise\Promise->wait()
#15 {main}|570GuzzleHttp\Exception\RequestException: cURL error 56:  (see http://curl.haxx.se/libcurl/c/libcurl-errors.html) in E:\xampp73\htdocs\filecroco\loader\vendor\guzzlehttp\guzzle\src\Handler\CurlFactory.php:186
Stack trace:
#0 E:\xampp73\htdocs\filecroco\loader\vendor\guzzlehttp\guzzle\src\Handler\CurlFactory.php(149): GuzzleHttp\Handler\CurlFactory::createRejection(Object(GuzzleHttp\Handler\EasyHandle), Array)
#1 E:\xampp73\htdocs\filecroco\loader\vendor\guzzlehttp\guzzle\src\Handler\CurlFactory.php(102): GuzzleHttp\Handler\CurlFactory::finishError(Object(GuzzleHttp\Handler\CurlMultiHandler), Object(GuzzleHttp\Handler\EasyHandle), Object(GuzzleHttp\Handler\CurlFactory))
#2 E:\xampp73\htdocs\filecroco\loader\vendor\guzzlehttp\guzzle\src\Handler\CurlMultiHandler.php(181): GuzzleHttp\Handler\CurlFactory::finish(Object(GuzzleHttp\Handler\CurlMultiHandler), Object(GuzzleHttp\Handler\EasyHandle), Object(GuzzleHttp\Handler\CurlFactory))
#3 E:\xampp73\htdocs\filecroco\loader\vendor\guzzlehttp\guzzle\src\Handler\CurlMultiHandler.php(110): GuzzleHttp\Handler\CurlMultiHandler->processMessages()
#4 E:\xampp73\htdocs\filecroco\loader\vendor\guzzlehttp\guzzle\src\Handler\CurlMultiHandler.php(125): GuzzleHttp\Handler\CurlMultiHandler->tick()
#5 E:\xampp73\htdocs\filecroco\loader\vendor\guzzlehttp\promises\src\Promise.php(246): GuzzleHttp\Handler\CurlMultiHandler->execute(true)
#6 E:\xampp73\htdocs\filecroco\loader\vendor\guzzlehttp\promises\src\Promise.php(223): GuzzleHttp\Promise\Promise->invokeWaitFn()
#7 E:\xampp73\htdocs\filecroco\loader\vendor\guzzlehttp\promises\src\Promise.php(267): GuzzleHttp\Promise\Promise->waitIfPending()
#8 E:\xampp73\htdocs\filecroco\loader\vendor\guzzlehttp\promises\src\Promise.php(225): GuzzleHttp\Promise\Promise->invokeWaitList()
#9 E:\xampp73\htdocs\filecroco\loader\vendor\guzzlehttp\promises\src\Promise.php(62): GuzzleHttp\Promise\Promise->waitIfPending()
#10 E:\xampp73\htdocs\filecroco\loader\vendor\guzzlehttp\promises\src\EachPromise.php(101): GuzzleHttp\Promise\Promise->wait()
#11 E:\xampp73\htdocs\filecroco\loader\vendor\guzzlehttp\promises\src\Promise.php(246): GuzzleHttp\Promise\EachPromise->GuzzleHttp\Promise\{closure}(true)
#12 E:\xampp73\htdocs\filecroco\loader\vendor\guzzlehttp\promises\src\Promise.php(223): GuzzleHttp\Promise\Promise->invokeWaitFn()
#13 E:\xampp73\htdocs\filecroco\loader\vendor\guzzlehttp\promises\src\Promise.php(62): GuzzleHttp\Promise\Promise->waitIfPending()
#14 E:\xampp73\htdocs\filecroco\loader\updatedownloadlink.php(95): GuzzleHttp\Promise\Promise->wait()
#15 {main}|571GuzzleHttp\Exception\RequestException: cURL error 56:  (see http://curl.haxx.se/libcurl/c/libcurl-errors.html) in E:\xampp73\htdocs\filecroco\loader\vendor\guzzlehttp\guzzle\src\Handler\CurlFactory.php:186
Stack trace:
#0 E:\xampp73\htdocs\filecroco\loader\vendor\guzzlehttp\guzzle\src\Handler\CurlFactory.php(149): GuzzleHttp\Handler\CurlFactory::createRejection(Object(GuzzleHttp\Handler\EasyHandle), Array)
#1 E:\xampp73\htdocs\filecroco\loader\vendor\guzzlehttp\guzzle\src\Handler\CurlFactory.php(102): GuzzleHttp\Handler\CurlFactory::finishError(Object(GuzzleHttp\Handler\CurlMultiHandler), Object(GuzzleHttp\Handler\EasyHandle), Object(GuzzleHttp\Handler\CurlFactory))
#2 E:\xampp73\htdocs\filecroco\loader\vendor\guzzlehttp\guzzle\src\Handler\CurlMultiHandler.php(181): GuzzleHttp\Handler\CurlFactory::finish(Object(GuzzleHttp\Handler\CurlMultiHandler), Object(GuzzleHttp\Handler\EasyHandle), Object(GuzzleHttp\Handler\CurlFactory))
#3 E:\xampp73\htdocs\filecroco\loader\vendor\guzzlehttp\guzzle\src\Handler\CurlMultiHandler.php(110): GuzzleHttp\Handler\CurlMultiHandler->processMessages()
#4 E:\xampp73\htdocs\filecroco\loader\vendor\guzzlehttp\guzzle\src\Handler\CurlMultiHandler.php(125): GuzzleHttp\Handler\CurlMultiHandler->tick()
#5 E:\xampp73\htdocs\filecroco\loader\vendor\guzzlehttp\promises\src\Promise.php(246): GuzzleHttp\Handler\CurlMultiHandler->execute(true)
#6 E:\xampp73\htdocs\filecroco\loader\vendor\guzzlehttp\promises\src\Promise.php(223): GuzzleHttp\Promise\Promise->invokeWaitFn()
#7 E:\xampp73\htdocs\filecroco\loader\vendor\guzzlehttp\promises\src\Promise.php(267): GuzzleHttp\Promise\Promise->waitIfPending()
#8 E:\xampp73\htdocs\filecroco\loader\vendor\guzzlehttp\promises\src\Promise.php(225): GuzzleHttp\Promise\Promise->invokeWaitList()
#9 E:\xampp73\htdocs\filecroco\loader\vendor\guzzlehttp\promises\src\Promise.php(62): GuzzleHttp\Promise\Promise->waitIfPending()
#10 E:\xampp73\htdocs\filecroco\loader\vendor\guzzlehttp\promises\src\EachPromise.php(101): GuzzleHttp\Promise\Promise->wait()
#11 E:\xampp73\htdocs\filecroco\loader\vendor\guzzlehttp\promises\src\Promise.php(246): GuzzleHttp\Promise\EachPromise->GuzzleHttp\Promise\{closure}(true)
#12 E:\xampp73\htdocs\filecroco\loader\vendor\guzzlehttp\promises\src\Promise.php(223): GuzzleHttp\Promise\Promise->invokeWaitFn()
#13 E:\xampp73\htdocs\filecroco\loader\vendor\guzzlehttp\promises\src\Promise.php(62): GuzzleHttp\Promise\Promise->waitIfPending()
#14 E:\xampp73\htdocs\filecroco\loader\updatedownloadlink.php(95): GuzzleHttp\Promise\Promise->wait()
#15 {main}|572GuzzleHttp\Exception\RequestException: cURL error 56:  (see http://curl.haxx.se/libcurl/c/libcurl-errors.html) in E:\xampp73\htdocs\filecroco\loader\vendor\guzzlehttp\guzzle\src\Handler\CurlFactory.php:186
Stack trace:
#0 E:\xampp73\htdocs\filecroco\loader\vendor\guzzlehttp\guzzle\src\Handler\CurlFactory.php(149): GuzzleHttp\Handler\CurlFactory::createRejection(Object(GuzzleHttp\Handler\EasyHandle), Array)
#1 E:\xampp73\htdocs\filecroco\loader\vendor\guzzlehttp\guzzle\src\Handler\CurlFactory.php(102): GuzzleHttp\Handler\CurlFactory::finishError(Object(GuzzleHttp\Handler\CurlMultiHandler), Object(GuzzleHttp\Handler\EasyHandle), Object(GuzzleHttp\Handler\CurlFactory))
#2 E:\xampp73\htdocs\filecroco\loader\vendor\guzzlehttp\guzzle\src\Handler\CurlMultiHandler.php(181): GuzzleHttp\Handler\CurlFactory::finish(Object(GuzzleHttp\Handler\CurlMultiHandler), Object(GuzzleHttp\Handler\EasyHandle), Object(GuzzleHttp\Handler\CurlFactory))
#3 E:\xampp73\htdocs\filecroco\loader\vendor\guzzlehttp\guzzle\src\Handler\CurlMultiHandler.php(110): GuzzleHttp\Handler\CurlMultiHandler->processMessages()
#4 E:\xampp73\htdocs\filecroco\loader\vendor\guzzlehttp\guzzle\src\Handler\CurlMultiHandler.php(125): GuzzleHttp\Handler\CurlMultiHandler->tick()
#5 E:\xampp73\htdocs\filecroco\loader\vendor\guzzlehttp\promises\src\Promise.php(246): GuzzleHttp\Handler\CurlMultiHandler->execute(true)
#6 E:\xampp73\htdocs\filecroco\loader\vendor\guzzlehttp\promises\src\Promise.php(223): GuzzleHttp\Promise\Promise->invokeWaitFn()
#7 E:\xampp73\htdocs\filecroco\loader\vendor\guzzlehttp\promises\src\Promise.php(267): GuzzleHttp\Promise\Promise->waitIfPending()
#8 E:\xampp73\htdocs\filecroco\loader\vendor\guzzlehttp\promises\src\Promise.php(225): GuzzleHttp\Promise\Promise->invokeWaitList()
#9 E:\xampp73\htdocs\filecroco\loader\vendor\guzzlehttp\promises\src\Promise.php(62): GuzzleHttp\Promise\Promise->waitIfPending()
#10 E:\xampp73\htdocs\filecroco\loader\vendor\guzzlehttp\promises\src\EachPromise.php(101): GuzzleHttp\Promise\Promise->wait()
#11 E:\xampp73\htdocs\filecroco\loader\vendor\guzzlehttp\promises\src\Promise.php(246): GuzzleHttp\Promise\EachPromise->GuzzleHttp\Promise\{closure}(true)
#12 E:\xampp73\htdocs\filecroco\loader\vendor\guzzlehttp\promises\src\Promise.php(223): GuzzleHttp\Promise\Promise->invokeWaitFn()
#13 E:\xampp73\htdocs\filecroco\loader\vendor\guzzlehttp\promises\src\Promise.php(62): GuzzleHttp\Promise\Promise->waitIfPending()
#14 E:\xampp73\htdocs\filecroco\loader\updatedownloadlink.php(95): GuzzleHttp\Promise\Promise->wait()
#15 {main}|573GuzzleHttp\Exception\RequestException: cURL error 56:  (see http://curl.haxx.se/libcurl/c/libcurl-errors.html) in E:\xampp73\htdocs\filecroco\loader\vendor\guzzlehttp\guzzle\src\Handler\CurlFactory.php:186
Stack trace:
#0 E:\xampp73\htdocs\filecroco\loader\vendor\guzzlehttp\guzzle\src\Handler\CurlFactory.php(149): GuzzleHttp\Handler\CurlFactory::createRejection(Object(GuzzleHttp\Handler\EasyHandle), Array)
#1 E:\xampp73\htdocs\filecroco\loader\vendor\guzzlehttp\guzzle\src\Handler\CurlFactory.php(102): GuzzleHttp\Handler\CurlFactory::finishError(Object(GuzzleHttp\Handler\CurlMultiHandler), Object(GuzzleHttp\Handler\EasyHandle), Object(GuzzleHttp\Handler\CurlFactory))
#2 E:\xampp73\htdocs\filecroco\loader\vendor\guzzlehttp\guzzle\src\Handler\CurlMultiHandler.php(181): GuzzleHttp\Handler\CurlFactory::finish(Object(GuzzleHttp\Handler\CurlMultiHandler), Object(GuzzleHttp\Handler\EasyHandle), Object(GuzzleHttp\Handler\CurlFactory))
#3 E:\xampp73\htdocs\filecroco\loader\vendor\guzzlehttp\guzzle\src\Handler\CurlMultiHandler.php(110): GuzzleHttp\Handler\CurlMultiHandler->processMessages()
#4 E:\xampp73\htdocs\filecroco\loader\vendor\guzzlehttp\guzzle\src\Handler\CurlMultiHandler.php(125): GuzzleHttp\Handler\CurlMultiHandler->tick()
#5 E:\xampp73\htdocs\filecroco\loader\vendor\guzzlehttp\promises\src\Promise.php(246): GuzzleHttp\Handler\CurlMultiHandler->execute(true)
#6 E:\xampp73\htdocs\filecroco\loader\vendor\guzzlehttp\promises\src\Promise.php(223): GuzzleHttp\Promise\Promise->invokeWaitFn()
#7 E:\xampp73\htdocs\filecroco\loader\vendor\guzzlehttp\promises\src\Promise.php(267): GuzzleHttp\Promise\Promise->waitIfPending()
#8 E:\xampp73\htdocs\filecroco\loader\vendor\guzzlehttp\promises\src\Promise.php(225): GuzzleHttp\Promise\Promise->invokeWaitList()
#9 E:\xampp73\htdocs\filecroco\loader\vendor\guzzlehttp\promises\src\Promise.php(62): GuzzleHttp\Promise\Promise->waitIfPending()
#10 E:\xampp73\htdocs\filecroco\loader\vendor\guzzlehttp\promises\src\EachPromise.php(101): GuzzleHttp\Promise\Promise->wait()
#11 E:\xampp73\htdocs\filecroco\loader\vendor\guzzlehttp\promises\src\Promise.php(246): GuzzleHttp\Promise\EachPromise->GuzzleHttp\Promise\{closure}(true)
#12 E:\xampp73\htdocs\filecroco\loader\vendor\guzzlehttp\promises\src\Promise.php(223): GuzzleHttp\Promise\Promise->invokeWaitFn()
#13 E:\xampp73\htdocs\filecroco\loader\vendor\guzzlehttp\promises\src\Promise.php(62): GuzzleHttp\Promise\Promise->waitIfPending()
#14 E:\xampp73\htdocs\filecroco\loader\updatedownloadlink.php(95): GuzzleHttp\Promise\Promise->wait()
#15 {main}|574GuzzleHttp\Exception\RequestException: cURL error 56:  (see http://curl.haxx.se/libcurl/c/libcurl-errors.html) in E:\xampp73\htdocs\filecroco\loader\vendor\guzzlehttp\guzzle\src\Handler\CurlFactory.php:186
Stack trace:
#0 E:\xampp73\htdocs\filecroco\loader\vendor\guzzlehttp\guzzle\src\Handler\CurlFactory.php(149): GuzzleHttp\Handler\CurlFactory::createRejection(Object(GuzzleHttp\Handler\EasyHandle), Array)
#1 E:\xampp73\htdocs\filecroco\loader\vendor\guzzlehttp\guzzle\src\Handler\CurlFactory.php(102): GuzzleHttp\Handler\CurlFactory::finishError(Object(GuzzleHttp\Handler\CurlMultiHandler), Object(GuzzleHttp\Handler\EasyHandle), Object(GuzzleHttp\Handler\CurlFactory))
#2 E:\xampp73\htdocs\filecroco\loader\vendor\guzzlehttp\guzzle\src\Handler\CurlMultiHandler.php(181): GuzzleHttp\Handler\CurlFactory::finish(Object(GuzzleHttp\Handler\CurlMultiHandler), Object(GuzzleHttp\Handler\EasyHandle), Object(GuzzleHttp\Handler\CurlFactory))
#3 E:\xampp73\htdocs\filecroco\loader\vendor\guzzlehttp\guzzle\src\Handler\CurlMultiHandler.php(110): GuzzleHttp\Handler\CurlMultiHandler->processMessages()
#4 E:\xampp73\htdocs\filecroco\loader\vendor\guzzlehttp\guzzle\src\Handler\CurlMultiHandler.php(125): GuzzleHttp\Handler\CurlMultiHandler->tick()
#5 E:\xampp73\htdocs\filecroco\loader\vendor\guzzlehttp\promises\src\Promise.php(246): GuzzleHttp\Handler\CurlMultiHandler->execute(true)
#6 E:\xampp73\htdocs\filecroco\loader\vendor\guzzlehttp\promises\src\Promise.php(223): GuzzleHttp\Promise\Promise->invokeWaitFn()
#7 E:\xampp73\htdocs\filecroco\loader\vendor\guzzlehttp\promises\src\Promise.php(267): GuzzleHttp\Promise\Promise->waitIfPending()
#8 E:\xampp73\htdocs\filecroco\loader\vendor\guzzlehttp\promises\src\Promise.php(225): GuzzleHttp\Promise\Promise->invokeWaitList()
#9 E:\xampp73\htdocs\filecroco\loader\vendor\guzzlehttp\promises\src\Promise.php(62): GuzzleHttp\Promise\Promise->waitIfPending()
#10 E:\xampp73\htdocs\filecroco\loader\vendor\guzzlehttp\promises\src\EachPromise.php(101): GuzzleHttp\Promise\Promise->wait()
#11 E:\xampp73\htdocs\filecroco\loader\vendor\guzzlehttp\promises\src\Promise.php(246): GuzzleHttp\Promise\EachPromise->GuzzleHttp\Promise\{closure}(true)
#12 E:\xampp73\htdocs\filecroco\loader\vendor\guzzlehttp\promises\src\Promise.php(223): GuzzleHttp\Promise\Promise->invokeWaitFn()
#13 E:\xampp73\htdocs\filecroco\loader\vendor\guzzlehttp\promises\src\Promise.php(62): GuzzleHttp\Promise\Promise->waitIfPending()
#14 E:\xampp73\htdocs\filecroco\loader\updatedownloadlink.php(95): GuzzleHttp\Promise\Promise->wait()
#15 {main}|575GuzzleHttp\Exception\RequestException: cURL error 56:  (see http://curl.haxx.se/libcurl/c/libcurl-errors.html) in E:\xampp73\htdocs\filecroco\loader\vendor\guzzlehttp\guzzle\src\Handler\CurlFactory.php:186
Stack trace:
#0 E:\xampp73\htdocs\filecroco\loader\vendor\guzzlehttp\guzzle\src\Handler\CurlFactory.php(149): GuzzleHttp\Handler\CurlFactory::createRejection(Object(GuzzleHttp\Handler\EasyHandle), Array)
#1 E:\xampp73\htdocs\filecroco\loader\vendor\guzzlehttp\guzzle\src\Handler\CurlFactory.php(102): GuzzleHttp\Handler\CurlFactory::finishError(Object(GuzzleHttp\Handler\CurlMultiHandler), Object(GuzzleHttp\Handler\EasyHandle), Object(GuzzleHttp\Handler\CurlFactory))
#2 E:\xampp73\htdocs\filecroco\loader\vendor\guzzlehttp\guzzle\src\Handler\CurlMultiHandler.php(181): GuzzleHttp\Handler\CurlFactory::finish(Object(GuzzleHttp\Handler\CurlMultiHandler), Object(GuzzleHttp\Handler\EasyHandle), Object(GuzzleHttp\Handler\CurlFactory))
#3 E:\xampp73\htdocs\filecroco\loader\vendor\guzzlehttp\guzzle\src\Handler\CurlMultiHandler.php(110): GuzzleHttp\Handler\CurlMultiHandler->processMessages()
#4 E:\xampp73\htdocs\filecroco\loader\vendor\guzzlehttp\guzzle\src\Handler\CurlMultiHandler.php(125): GuzzleHttp\Handler\CurlMultiHandler->tick()
#5 E:\xampp73\htdocs\filecroco\loader\vendor\guzzlehttp\promises\src\Promise.php(246): GuzzleHttp\Handler\CurlMultiHandler->execute(true)
#6 E:\xampp73\htdocs\filecroco\loader\vendor\guzzlehttp\promises\src\Promise.php(223): GuzzleHttp\Promise\Promise->invokeWaitFn()
#7 E:\xampp73\htdocs\filecroco\loader\vendor\guzzlehttp\promises\src\Promise.php(267): GuzzleHttp\Promise\Promise->waitIfPending()
#8 E:\xampp73\htdocs\filecroco\loader\vendor\guzzlehttp\promises\src\Promise.php(225): GuzzleHttp\Promise\Promise->invokeWaitList()
#9 E:\xampp73\htdocs\filecroco\loader\vendor\guzzlehttp\promises\src\Promise.php(62): GuzzleHttp\Promise\Promise->waitIfPending()
#10 E:\xampp73\htdocs\filecroco\loader\vendor\guzzlehttp\promises\src\EachPromise.php(101): GuzzleHttp\Promise\Promise->wait()
#11 E:\xampp73\htdocs\filecroco\loader\vendor\guzzlehttp\promises\src\Promise.php(246): GuzzleHttp\Promise\EachPromise->GuzzleHttp\Promise\{closure}(true)
#12 E:\xampp73\htdocs\filecroco\loader\vendor\guzzlehttp\promises\src\Promise.php(223): GuzzleHttp\Promise\Promise->invokeWaitFn()
#13 E:\xampp73\htdocs\filecroco\loader\vendor\guzzlehttp\promises\src\Promise.php(62): GuzzleHttp\Promise\Promise->waitIfPending()
#14 E:\xampp73\htdocs\filecroco\loader\updatedownloadlink.php(95): GuzzleHttp\Promise\Promise->wait()
#15 {main}|576GuzzleHttp\Exception\RequestException: cURL error 56:  (see http://curl.haxx.se/libcurl/c/libcurl-errors.html) in E:\xampp73\htdocs\filecroco\loader\vendor\guzzlehttp\guzzle\src\Handler\CurlFactory.php:186
Stack trace:
#0 E:\xampp73\htdocs\filecroco\loader\vendor\guzzlehttp\guzzle\src\Handler\CurlFactory.php(149): GuzzleHttp\Handler\CurlFactory::createRejection(Object(GuzzleHttp\Handler\EasyHandle), Array)
#1 E:\xampp73\htdocs\filecroco\loader\vendor\guzzlehttp\guzzle\src\Handler\CurlFactory.php(102): GuzzleHttp\Handler\CurlFactory::finishError(Object(GuzzleHttp\Handler\CurlMultiHandler), Object(GuzzleHttp\Handler\EasyHandle), Object(GuzzleHttp\Handler\CurlFactory))
#2 E:\xampp73\htdocs\filecroco\loader\vendor\guzzlehttp\guzzle\src\Handler\CurlMultiHandler.php(181): GuzzleHttp\Handler\CurlFactory::finish(Object(GuzzleHttp\Handler\CurlMultiHandler), Object(GuzzleHttp\Handler\EasyHandle), Object(GuzzleHttp\Handler\CurlFactory))
#3 E:\xampp73\htdocs\filecroco\loader\vendor\guzzlehttp\guzzle\src\Handler\CurlMultiHandler.php(110): GuzzleHttp\Handler\CurlMultiHandler->processMessages()
#4 E:\xampp73\htdocs\filecroco\loader\vendor\guzzlehttp\guzzle\src\Handler\CurlMultiHandler.php(125): GuzzleHttp\Handler\CurlMultiHandler->tick()
#5 E:\xampp73\htdocs\filecroco\loader\vendor\guzzlehttp\promises\src\Promise.php(246): GuzzleHttp\Handler\CurlMultiHandler->execute(true)
#6 E:\xampp73\htdocs\filecroco\loader\vendor\guzzlehttp\promises\src\Promise.php(223): GuzzleHttp\Promise\Promise->invokeWaitFn()
#7 E:\xampp73\htdocs\filecroco\loader\vendor\guzzlehttp\promises\src\Promise.php(267): GuzzleHttp\Promise\Promise->waitIfPending()
#8 E:\xampp73\htdocs\filecroco\loader\vendor\guzzlehttp\promises\src\Promise.php(225): GuzzleHttp\Promise\Promise->invokeWaitList()
#9 E:\xampp73\htdocs\filecroco\loader\vendor\guzzlehttp\promises\src\Promise.php(62): GuzzleHttp\Promise\Promise->waitIfPending()
#10 E:\xampp73\htdocs\filecroco\loader\vendor\guzzlehttp\promises\src\EachPromise.php(101): GuzzleHttp\Promise\Promise->wait()
#11 E:\xampp73\htdocs\filecroco\loader\vendor\guzzlehttp\promises\src\Promise.php(246): GuzzleHttp\Promise\EachPromise->GuzzleHttp\Promise\{closure}(true)
#12 E:\xampp73\htdocs\filecroco\loader\vendor\guzzlehttp\promises\src\Promise.php(223): GuzzleHttp\Promise\Promise->invokeWaitFn()
#13 E:\xampp73\htdocs\filecroco\loader\vendor\guzzlehttp\promises\src\Promise.php(62): GuzzleHttp\Promise\Promise->waitIfPending()
#14 E:\xampp73\htdocs\filecroco\loader\updatedownloadlink.php(95): GuzzleHttp\Promise\Promise->wait()
#15 {main}|577GuzzleHttp\Exception\RequestException: cURL error 56:  (see http://curl.haxx.se/libcurl/c/libcurl-errors.html) in E:\xampp73\htdocs\filecroco\loader\vendor\guzzlehttp\guzzle\src\Handler\CurlFactory.php:186
Stack trace:
#0 E:\xampp73\htdocs\filecroco\loader\vendor\guzzlehttp\guzzle\src\Handler\CurlFactory.php(149): GuzzleHttp\Handler\CurlFactory::createRejection(Object(GuzzleHttp\Handler\EasyHandle), Array)
#1 E:\xampp73\htdocs\filecroco\loader\vendor\guzzlehttp\guzzle\src\Handler\CurlFactory.php(102): GuzzleHttp\Handler\CurlFactory::finishError(Object(GuzzleHttp\Handler\CurlMultiHandler), Object(GuzzleHttp\Handler\EasyHandle), Object(GuzzleHttp\Handler\CurlFactory))
#2 E:\xampp73\htdocs\filecroco\loader\vendor\guzzlehttp\guzzle\src\Handler\CurlMultiHandler.php(181): GuzzleHttp\Handler\CurlFactory::finish(Object(GuzzleHttp\Handler\CurlMultiHandler), Object(GuzzleHttp\Handler\EasyHandle), Object(GuzzleHttp\Handler\CurlFactory))
#3 E:\xampp73\htdocs\filecroco\loader\vendor\guzzlehttp\guzzle\src\Handler\CurlMultiHandler.php(110): GuzzleHttp\Handler\CurlMultiHandler->processMessages()
#4 E:\xampp73\htdocs\filecroco\loader\vendor\guzzlehttp\guzzle\src\Handler\CurlMultiHandler.php(125): GuzzleHttp\Handler\CurlMultiHandler->tick()
#5 E:\xampp73\htdocs\filecroco\loader\vendor\guzzlehttp\promises\src\Promise.php(246): GuzzleHttp\Handler\CurlMultiHandler->execute(true)
#6 E:\xampp73\htdocs\filecroco\loader\vendor\guzzlehttp\promises\src\Promise.php(223): GuzzleHttp\Promise\Promise->invokeWaitFn()
#7 E:\xampp73\htdocs\filecroco\loader\vendor\guzzlehttp\promises\src\Promise.php(267): GuzzleHttp\Promise\Promise->waitIfPending()
#8 E:\xampp73\htdocs\filecroco\loader\vendor\guzzlehttp\promises\src\Promise.php(225): GuzzleHttp\Promise\Promise->invokeWaitList()
#9 E:\xampp73\htdocs\filecroco\loader\vendor\guzzlehttp\promises\src\Promise.php(62): GuzzleHttp\Promise\Promise->waitIfPending()
#10 E:\xampp73\htdocs\filecroco\loader\vendor\guzzlehttp\promises\src\EachPromise.php(101): GuzzleHttp\Promise\Promise->wait()
#11 E:\xampp73\htdocs\filecroco\loader\vendor\guzzlehttp\promises\src\Promise.php(246): GuzzleHttp\Promise\EachPromise->GuzzleHttp\Promise\{closure}(true)
#12 E:\xampp73\htdocs\filecroco\loader\vendor\guzzlehttp\promises\src\Promise.php(223): GuzzleHttp\Promise\Promise->invokeWaitFn()
#13 E:\xampp73\htdocs\filecroco\loader\vendor\guzzlehttp\promises\src\Promise.php(62): GuzzleHttp\Promise\Promise->waitIfPending()
#14 E:\xampp73\htdocs\filecroco\loader\updatedownloadlink.php(95): GuzzleHttp\Promise\Promise->wait()
#15 {main}|578GuzzleHttp\Exception\RequestException: cURL error 56:  (see http://curl.haxx.se/libcurl/c/libcurl-errors.html) in E:\xampp73\htdocs\filecroco\loader\vendor\guzzlehttp\guzzle\src\Handler\CurlFactory.php:186
Stack trace:
#0 E:\xampp73\htdocs\filecroco\loader\vendor\guzzlehttp\guzzle\src\Handler\CurlFactory.php(149): GuzzleHttp\Handler\CurlFactory::createRejection(Object(GuzzleHttp\Handler\EasyHandle), Array)
#1 E:\xampp73\htdocs\filecroco\loader\vendor\guzzlehttp\guzzle\src\Handler\CurlFactory.php(102): GuzzleHttp\Handler\CurlFactory::finishError(Object(GuzzleHttp\Handler\CurlMultiHandler), Object(GuzzleHttp\Handler\EasyHandle), Object(GuzzleHttp\Handler\CurlFactory))
#2 E:\xampp73\htdocs\filecroco\loader\vendor\guzzlehttp\guzzle\src\Handler\CurlMultiHandler.php(181): GuzzleHttp\Handler\CurlFactory::finish(Object(GuzzleHttp\Handler\CurlMultiHandler), Object(GuzzleHttp\Handler\EasyHandle), Object(GuzzleHttp\Handler\CurlFactory))
#3 E:\xampp73\htdocs\filecroco\loader\vendor\guzzlehttp\guzzle\src\Handler\CurlMultiHandler.php(110): GuzzleHttp\Handler\CurlMultiHandler->processMessages()
#4 E:\xampp73\htdocs\filecroco\loader\vendor\guzzlehttp\guzzle\src\Handler\CurlMultiHandler.php(125): GuzzleHttp\Handler\CurlMultiHandler->tick()
#5 E:\xampp73\htdocs\filecroco\loader\vendor\guzzlehttp\promises\src\Promise.php(246): GuzzleHttp\Handler\CurlMultiHandler->execute(true)
#6 E:\xampp73\htdocs\filecroco\loader\vendor\guzzlehttp\promises\src\Promise.php(223): GuzzleHttp\Promise\Promise->invokeWaitFn()
#7 E:\xampp73\htdocs\filecroco\loader\vendor\guzzlehttp\promises\src\Promise.php(267): GuzzleHttp\Promise\Promise->waitIfPending()
#8 E:\xampp73\htdocs\filecroco\loader\vendor\guzzlehttp\promises\src\Promise.php(225): GuzzleHttp\Promise\Promise->invokeWaitList()
#9 E:\xampp73\htdocs\filecroco\loader\vendor\guzzlehttp\promises\src\Promise.php(62): GuzzleHttp\Promise\Promise->waitIfPending()
#10 E:\xampp73\htdocs\filecroco\loader\vendor\guzzlehttp\promises\src\EachPromise.php(101): GuzzleHttp\Promise\Promise->wait()
#11 E:\xampp73\htdocs\filecroco\loader\vendor\guzzlehttp\promises\src\Promise.php(246): GuzzleHttp\Promise\EachPromise->GuzzleHttp\Promise\{closure}(true)
#12 E:\xampp73\htdocs\filecroco\loader\vendor\guzzlehttp\promises\src\Promise.php(223): GuzzleHttp\Promise\Promise->invokeWaitFn()
#13 E:\xampp73\htdocs\filecroco\loader\vendor\guzzlehttp\promises\src\Promise.php(62): GuzzleHttp\Promise\Promise->waitIfPending()
#14 E:\xampp73\htdocs\filecroco\loader\updatedownloadlink.php(95): GuzzleHttp\Promise\Promise->wait()
#15 {main}|579GuzzleHttp\Exception\RequestException: cURL error 56:  (see http://curl.haxx.se/libcurl/c/libcurl-errors.html) in E:\xampp73\htdocs\filecroco\loader\vendor\guzzlehttp\guzzle\src\Handler\CurlFactory.php:186
Stack trace:
#0 E:\xampp73\htdocs\filecroco\loader\vendor\guzzlehttp\guzzle\src\Handler\CurlFactory.php(149): GuzzleHttp\Handler\CurlFactory::createRejection(Object(GuzzleHttp\Handler\EasyHandle), Array)
#1 E:\xampp73\htdocs\filecroco\loader\vendor\guzzlehttp\guzzle\src\Handler\CurlFactory.php(102): GuzzleHttp\Handler\CurlFactory::finishError(Object(GuzzleHttp\Handler\CurlMultiHandler), Object(GuzzleHttp\Handler\EasyHandle), Object(GuzzleHttp\Handler\CurlFactory))
#2 E:\xampp73\htdocs\filecroco\loader\vendor\guzzlehttp\guzzle\src\Handler\CurlMultiHandler.php(181): GuzzleHttp\Handler\CurlFactory::finish(Object(GuzzleHttp\Handler\CurlMultiHandler), Object(GuzzleHttp\Handler\EasyHandle), Object(GuzzleHttp\Handler\CurlFactory))
#3 E:\xampp73\htdocs\filecroco\loader\vendor\guzzlehttp\guzzle\src\Handler\CurlMultiHandler.php(110): GuzzleHttp\Handler\CurlMultiHandler->processMessages()
#4 E:\xampp73\htdocs\filecroco\loader\vendor\guzzlehttp\guzzle\src\Handler\CurlMultiHandler.php(125): GuzzleHttp\Handler\CurlMultiHandler->tick()
#5 E:\xampp73\htdocs\filecroco\loader\vendor\guzzlehttp\promises\src\Promise.php(246): GuzzleHttp\Handler\CurlMultiHandler->execute(true)
#6 E:\xampp73\htdocs\filecroco\loader\vendor\guzzlehttp\promises\src\Promise.php(223): GuzzleHttp\Promise\Promise->invokeWaitFn()
#7 E:\xampp73\htdocs\filecroco\loader\vendor\guzzlehttp\promises\src\Promise.php(267): GuzzleHttp\Promise\Promise->waitIfPending()
#8 E:\xampp73\htdocs\filecroco\loader\vendor\guzzlehttp\promises\src\Promise.php(225): GuzzleHttp\Promise\Promise->invokeWaitList()
#9 E:\xampp73\htdocs\filecroco\loader\vendor\guzzlehttp\promises\src\Promise.php(62): GuzzleHttp\Promise\Promise->waitIfPending()
#10 E:\xampp73\htdocs\filecroco\loader\vendor\guzzlehttp\promises\src\EachPromise.php(101): GuzzleHttp\Promise\Promise->wait()
#11 E:\xampp73\htdocs\filecroco\loader\vendor\guzzlehttp\promises\src\Promise.php(246): GuzzleHttp\Promise\EachPromise->GuzzleHttp\Promise\{closure}(true)
#12 E:\xampp73\htdocs\filecroco\loader\vendor\guzzlehttp\promises\src\Promise.php(223): GuzzleHttp\Promise\Promise->invokeWaitFn()
#13 E:\xampp73\htdocs\filecroco\loader\vendor\guzzlehttp\promises\src\Promise.php(62): GuzzleHttp\Promise\Promise->waitIfPending()
#14 E:\xampp73\htdocs\filecroco\loader\updatedownloadlink.php(95): GuzzleHttp\Promise\Promise->wait()
#15 {main}|580GuzzleHttp\Exception\RequestException: cURL error 56:  (see http://curl.haxx.se/libcurl/c/libcurl-errors.html) in E:\xampp73\htdocs\filecroco\loader\vendor\guzzlehttp\guzzle\src\Handler\CurlFactory.php:186
Stack trace:
#0 E:\xampp73\htdocs\filecroco\loader\vendor\guzzlehttp\guzzle\src\Handler\CurlFactory.php(149): GuzzleHttp\Handler\CurlFactory::createRejection(Object(GuzzleHttp\Handler\EasyHandle), Array)
#1 E:\xampp73\htdocs\filecroco\loader\vendor\guzzlehttp\guzzle\src\Handler\CurlFactory.php(102): GuzzleHttp\Handler\CurlFactory::finishError(Object(GuzzleHttp\Handler\CurlMultiHandler), Object(GuzzleHttp\Handler\EasyHandle), Object(GuzzleHttp\Handler\CurlFactory))
#2 E:\xampp73\htdocs\filecroco\loader\vendor\guzzlehttp\guzzle\src\Handler\CurlMultiHandler.php(181): GuzzleHttp\Handler\CurlFactory::finish(Object(GuzzleHttp\Handler\CurlMultiHandler), Object(GuzzleHttp\Handler\EasyHandle), Object(GuzzleHttp\Handler\CurlFactory))
#3 E:\xampp73\htdocs\filecroco\loader\vendor\guzzlehttp\guzzle\src\Handler\CurlMultiHandler.php(110): GuzzleHttp\Handler\CurlMultiHandler->processMessages()
#4 E:\xampp73\htdocs\filecroco\loader\vendor\guzzlehttp\guzzle\src\Handler\CurlMultiHandler.php(125): GuzzleHttp\Handler\CurlMultiHandler->tick()
#5 E:\xampp73\htdocs\filecroco\loader\vendor\guzzlehttp\promises\src\Promise.php(246): GuzzleHttp\Handler\CurlMultiHandler->execute(true)
#6 E:\xampp73\htdocs\filecroco\loader\vendor\guzzlehttp\promises\src\Promise.php(223): GuzzleHttp\Promise\Promise->invokeWaitFn()
#7 E:\xampp73\htdocs\filecroco\loader\vendor\guzzlehttp\promises\src\Promise.php(267): GuzzleHttp\Promise\Promise->waitIfPending()
#8 E:\xampp73\htdocs\filecroco\loader\vendor\guzzlehttp\promises\src\Promise.php(225): GuzzleHttp\Promise\Promise->invokeWaitList()
#9 E:\xampp73\htdocs\filecroco\loader\vendor\guzzlehttp\promises\src\Promise.php(62): GuzzleHttp\Promise\Promise->waitIfPending()
#10 E:\xampp73\htdocs\filecroco\loader\vendor\guzzlehttp\promises\src\EachPromise.php(101): GuzzleHttp\Promise\Promise->wait()
#11 E:\xampp73\htdocs\filecroco\loader\vendor\guzzlehttp\promises\src\Promise.php(246): GuzzleHttp\Promise\EachPromise->GuzzleHttp\Promise\{closure}(true)
#12 E:\xampp73\htdocs\filecroco\loader\vendor\guzzlehttp\promises\src\Promise.php(223): GuzzleHttp\Promise\Promise->invokeWaitFn()
#13 E:\xampp73\htdocs\filecroco\loader\vendor\guzzlehttp\promises\src\Promise.php(62): GuzzleHttp\Promise\Promise->waitIfPending()
#14 E:\xampp73\htdocs\filecroco\loader\updatedownloadlink.php(95): GuzzleHttp\Promise\Promise->wait()
#15 {main}|581GuzzleHttp\Exception\RequestException: cURL error 56:  (see http://curl.haxx.se/libcurl/c/libcurl-errors.html) in E:\xampp73\htdocs\filecroco\loader\vendor\guzzlehttp\guzzle\src\Handler\CurlFactory.php:186
Stack trace:
#0 E:\xampp73\htdocs\filecroco\loader\vendor\guzzlehttp\guzzle\src\Handler\CurlFactory.php(149): GuzzleHttp\Handler\CurlFactory::createRejection(Object(GuzzleHttp\Handler\EasyHandle), Array)
#1 E:\xampp73\htdocs\filecroco\loader\vendor\guzzlehttp\guzzle\src\Handler\CurlFactory.php(102): GuzzleHttp\Handler\CurlFactory::finishError(Object(GuzzleHttp\Handler\CurlMultiHandler), Object(GuzzleHttp\Handler\EasyHandle), Object(GuzzleHttp\Handler\CurlFactory))
#2 E:\xampp73\htdocs\filecroco\loader\vendor\guzzlehttp\guzzle\src\Handler\CurlMultiHandler.php(181): GuzzleHttp\Handler\CurlFactory::finish(Object(GuzzleHttp\Handler\CurlMultiHandler), Object(GuzzleHttp\Handler\EasyHandle), Object(GuzzleHttp\Handler\CurlFactory))
#3 E:\xampp73\htdocs\filecroco\loader\vendor\guzzlehttp\guzzle\src\Handler\CurlMultiHandler.php(110): GuzzleHttp\Handler\CurlMultiHandler->processMessages()
#4 E:\xampp73\htdocs\filecroco\loader\vendor\guzzlehttp\guzzle\src\Handler\CurlMultiHandler.php(125): GuzzleHttp\Handler\CurlMultiHandler->tick()
#5 E:\xampp73\htdocs\filecroco\loader\vendor\guzzlehttp\promises\src\Promise.php(246): GuzzleHttp\Handler\CurlMultiHandler->execute(true)
#6 E:\xampp73\htdocs\filecroco\loader\vendor\guzzlehttp\promises\src\Promise.php(223): GuzzleHttp\Promise\Promise->invokeWaitFn()
#7 E:\xampp73\htdocs\filecroco\loader\vendor\guzzlehttp\promises\src\Promise.php(267): GuzzleHttp\Promise\Promise->waitIfPending()
#8 E:\xampp73\htdocs\filecroco\loader\vendor\guzzlehttp\promises\src\Promise.php(225): GuzzleHttp\Promise\Promise->invokeWaitList()
#9 E:\xampp73\htdocs\filecroco\loader\vendor\guzzlehttp\promises\src\Promise.php(62): GuzzleHttp\Promise\Promise->waitIfPending()
#10 E:\xampp73\htdocs\filecroco\loader\vendor\guzzlehttp\promises\src\EachPromise.php(101): GuzzleHttp\Promise\Promise->wait()
#11 E:\xampp73\htdocs\filecroco\loader\vendor\guzzlehttp\promises\src\Promise.php(246): GuzzleHttp\Promise\EachPromise->GuzzleHttp\Promise\{closure}(true)
#12 E:\xampp73\htdocs\filecroco\loader\vendor\guzzlehttp\promises\src\Promise.php(223): GuzzleHttp\Promise\Promise->invokeWaitFn()
#13 E:\xampp73\htdocs\filecroco\loader\vendor\guzzlehttp\promises\src\Promise.php(62): GuzzleHttp\Promise\Promise->waitIfPending()
#14 E:\xampp73\htdocs\filecroco\loader\updatedownloadlink.php(95): GuzzleHttp\Promise\Promise->wait()
#15 {main}|582GuzzleHttp\Exception\RequestException: cURL error 56:  (see http://curl.haxx.se/libcurl/c/libcurl-errors.html) in E:\xampp73\htdocs\filecroco\loader\vendor\guzzlehttp\guzzle\src\Handler\CurlFactory.php:186
Stack trace:
#0 E:\xampp73\htdocs\filecroco\loader\vendor\guzzlehttp\guzzle\src\Handler\CurlFactory.php(149): GuzzleHttp\Handler\CurlFactory::createRejection(Object(GuzzleHttp\Handler\EasyHandle), Array)
#1 E:\xampp73\htdocs\filecroco\loader\vendor\guzzlehttp\guzzle\src\Handler\CurlFactory.php(102): GuzzleHttp\Handler\CurlFactory::finishError(Object(GuzzleHttp\Handler\CurlMultiHandler), Object(GuzzleHttp\Handler\EasyHandle), Object(GuzzleHttp\Handler\CurlFactory))
#2 E:\xampp73\htdocs\filecroco\loader\vendor\guzzlehttp\guzzle\src\Handler\CurlMultiHandler.php(181): GuzzleHttp\Handler\CurlFactory::finish(Object(GuzzleHttp\Handler\CurlMultiHandler), Object(GuzzleHttp\Handler\EasyHandle), Object(GuzzleHttp\Handler\CurlFactory))
#3 E:\xampp73\htdocs\filecroco\loader\vendor\guzzlehttp\guzzle\src\Handler\CurlMultiHandler.php(110): GuzzleHttp\Handler\CurlMultiHandler->processMessages()
#4 E:\xampp73\htdocs\filecroco\loader\vendor\guzzlehttp\guzzle\src\Handler\CurlMultiHandler.php(125): GuzzleHttp\Handler\CurlMultiHandler->tick()
#5 E:\xampp73\htdocs\filecroco\loader\vendor\guzzlehttp\promises\src\Promise.php(246): GuzzleHttp\Handler\CurlMultiHandler->execute(true)
#6 E:\xampp73\htdocs\filecroco\loader\vendor\guzzlehttp\promises\src\Promise.php(223): GuzzleHttp\Promise\Promise->invokeWaitFn()
#7 E:\xampp73\htdocs\filecroco\loader\vendor\guzzlehttp\promises\src\Promise.php(267): GuzzleHttp\Promise\Promise->waitIfPending()
#8 E:\xampp73\htdocs\filecroco\loader\vendor\guzzlehttp\promises\src\Promise.php(225): GuzzleHttp\Promise\Promise->invokeWaitList()
#9 E:\xampp73\htdocs\filecroco\loader\vendor\guzzlehttp\promises\src\Promise.php(62): GuzzleHttp\Promise\Promise->waitIfPending()
#10 E:\xampp73\htdocs\filecroco\loader\vendor\guzzlehttp\promises\src\EachPromise.php(101): GuzzleHttp\Promise\Promise->wait()
#11 E:\xampp73\htdocs\filecroco\loader\vendor\guzzlehttp\promises\src\Promise.php(246): GuzzleHttp\Promise\EachPromise->GuzzleHttp\Promise\{closure}(true)
#12 E:\xampp73\htdocs\filecroco\loader\vendor\guzzlehttp\promises\src\Promise.php(223): GuzzleHttp\Promise\Promise->invokeWaitFn()
#13 E:\xampp73\htdocs\filecroco\loader\vendor\guzzlehttp\promises\src\Promise.php(62): GuzzleHttp\Promise\Promise->waitIfPending()
#14 E:\xampp73\htdocs\filecroco\loader\updatedownloadlink.php(95): GuzzleHttp\Promise\Promise->wait()
#15 {main}|583GuzzleHttp\Exception\RequestException: cURL error 56:  (see http://curl.haxx.se/libcurl/c/libcurl-errors.html) in E:\xampp73\htdocs\filecroco\loader\vendor\guzzlehttp\guzzle\src\Handler\CurlFactory.php:186
Stack trace:
#0 E:\xampp73\htdocs\filecroco\loader\vendor\guzzlehttp\guzzle\src\Handler\CurlFactory.php(149): GuzzleHttp\Handler\CurlFactory::createRejection(Object(GuzzleHttp\Handler\EasyHandle), Array)
#1 E:\xampp73\htdocs\filecroco\loader\vendor\guzzlehttp\guzzle\src\Handler\CurlFactory.php(102): GuzzleHttp\Handler\CurlFactory::finishError(Object(GuzzleHttp\Handler\CurlMultiHandler), Object(GuzzleHttp\Handler\EasyHandle), Object(GuzzleHttp\Handler\CurlFactory))
#2 E:\xampp73\htdocs\filecroco\loader\vendor\guzzlehttp\guzzle\src\Handler\CurlMultiHandler.php(181): GuzzleHttp\Handler\CurlFactory::finish(Object(GuzzleHttp\Handler\CurlMultiHandler), Object(GuzzleHttp\Handler\EasyHandle), Object(GuzzleHttp\Handler\CurlFactory))
#3 E:\xampp73\htdocs\filecroco\loader\vendor\guzzlehttp\guzzle\src\Handler\CurlMultiHandler.php(110): GuzzleHttp\Handler\CurlMultiHandler->processMessages()
#4 E:\xampp73\htdocs\filecroco\loader\vendor\guzzlehttp\guzzle\src\Handler\CurlMultiHandler.php(125): GuzzleHttp\Handler\CurlMultiHandler->tick()
#5 E:\xampp73\htdocs\filecroco\loader\vendor\guzzlehttp\promises\src\Promise.php(246): GuzzleHttp\Handler\CurlMultiHandler->execute(true)
#6 E:\xampp73\htdocs\filecroco\loader\vendor\guzzlehttp\promises\src\Promise.php(223): GuzzleHttp\Promise\Promise->invokeWaitFn()
#7 E:\xampp73\htdocs\filecroco\loader\vendor\guzzlehttp\promises\src\Promise.php(267): GuzzleHttp\Promise\Promise->waitIfPending()
#8 E:\xampp73\htdocs\filecroco\loader\vendor\guzzlehttp\promises\src\Promise.php(225): GuzzleHttp\Promise\Promise->invokeWaitList()
#9 E:\xampp73\htdocs\filecroco\loader\vendor\guzzlehttp\promises\src\Promise.php(62): GuzzleHttp\Promise\Promise->waitIfPending()
#10 E:\xampp73\htdocs\filecroco\loader\vendor\guzzlehttp\promises\src\EachPromise.php(101): GuzzleHttp\Promise\Promise->wait()
#11 E:\xampp73\htdocs\filecroco\loader\vendor\guzzlehttp\promises\src\Promise.php(246): GuzzleHttp\Promise\EachPromise->GuzzleHttp\Promise\{closure}(true)
#12 E:\xampp73\htdocs\filecroco\loader\vendor\guzzlehttp\promises\src\Promise.php(223): GuzzleHttp\Promise\Promise->invokeWaitFn()
#13 E:\xampp73\htdocs\filecroco\loader\vendor\guzzlehttp\promises\src\Promise.php(62): GuzzleHttp\Promise\Promise->waitIfPending()
#14 E:\xampp73\htdocs\filecroco\loader\updatedownloadlink.php(95): GuzzleHttp\Promise\Promise->wait()
#15 {main}|584GuzzleHttp\Exception\RequestException: cURL error 56:  (see http://curl.haxx.se/libcurl/c/libcurl-errors.html) in E:\xampp73\htdocs\filecroco\loader\vendor\guzzlehttp\guzzle\src\Handler\CurlFactory.php:186
Stack trace:
#0 E:\xampp73\htdocs\filecroco\loader\vendor\guzzlehttp\guzzle\src\Handler\CurlFactory.php(149): GuzzleHttp\Handler\CurlFactory::createRejection(Object(GuzzleHttp\Handler\EasyHandle), Array)
#1 E:\xampp73\htdocs\filecroco\loader\vendor\guzzlehttp\guzzle\src\Handler\CurlFactory.php(102): GuzzleHttp\Handler\CurlFactory::finishError(Object(GuzzleHttp\Handler\CurlMultiHandler), Object(GuzzleHttp\Handler\EasyHandle), Object(GuzzleHttp\Handler\CurlFactory))
#2 E:\xampp73\htdocs\filecroco\loader\vendor\guzzlehttp\guzzle\src\Handler\CurlMultiHandler.php(181): GuzzleHttp\Handler\CurlFactory::finish(Object(GuzzleHttp\Handler\CurlMultiHandler), Object(GuzzleHttp\Handler\EasyHandle), Object(GuzzleHttp\Handler\CurlFactory))
#3 E:\xampp73\htdocs\filecroco\loader\vendor\guzzlehttp\guzzle\src\Handler\CurlMultiHandler.php(110): GuzzleHttp\Handler\CurlMultiHandler->processMessages()
#4 E:\xampp73\htdocs\filecroco\loader\vendor\guzzlehttp\guzzle\src\Handler\CurlMultiHandler.php(125): GuzzleHttp\Handler\CurlMultiHandler->tick()
#5 E:\xampp73\htdocs\filecroco\loader\vendor\guzzlehttp\promises\src\Promise.php(246): GuzzleHttp\Handler\CurlMultiHandler->execute(true)
#6 E:\xampp73\htdocs\filecroco\loader\vendor\guzzlehttp\promises\src\Promise.php(223): GuzzleHttp\Promise\Promise->invokeWaitFn()
#7 E:\xampp73\htdocs\filecroco\loader\vendor\guzzlehttp\promises\src\Promise.php(267): GuzzleHttp\Promise\Promise->waitIfPending()
#8 E:\xampp73\htdocs\filecroco\loader\vendor\guzzlehttp\promises\src\Promise.php(225): GuzzleHttp\Promise\Promise->invokeWaitList()
#9 E:\xampp73\htdocs\filecroco\loader\vendor\guzzlehttp\promises\src\Promise.php(62): GuzzleHttp\Promise\Promise->waitIfPending()
#10 E:\xampp73\htdocs\filecroco\loader\vendor\guzzlehttp\promises\src\EachPromise.php(101): GuzzleHttp\Promise\Promise->wait()
#11 E:\xampp73\htdocs\filecroco\loader\vendor\guzzlehttp\promises\src\Promise.php(246): GuzzleHttp\Promise\EachPromise->GuzzleHttp\Promise\{closure}(true)
#12 E:\xampp73\htdocs\filecroco\loader\vendor\guzzlehttp\promises\src\Promise.php(223): GuzzleHttp\Promise\Promise->invokeWaitFn()
#13 E:\xampp73\htdocs\filecroco\loader\vendor\guzzlehttp\promises\src\Promise.php(62): GuzzleHttp\Promise\Promise->waitIfPending()
#14 E:\xampp73\htdocs\filecroco\loader\updatedownloadlink.php(95): GuzzleHttp\Promise\Promise->wait()
#15 {main}|585GuzzleHttp\Exception\RequestException: cURL error 56:  (see http://curl.haxx.se/libcurl/c/libcurl-errors.html) in E:\xampp73\htdocs\filecroco\loader\vendor\guzzlehttp\guzzle\src\Handler\CurlFactory.php:186
Stack trace:
#0 E:\xampp73\htdocs\filecroco\loader\vendor\guzzlehttp\guzzle\src\Handler\CurlFactory.php(149): GuzzleHttp\Handler\CurlFactory::createRejection(Object(GuzzleHttp\Handler\EasyHandle), Array)
#1 E:\xampp73\htdocs\filecroco\loader\vendor\guzzlehttp\guzzle\src\Handler\CurlFactory.php(102): GuzzleHttp\Handler\CurlFactory::finishError(Object(GuzzleHttp\Handler\CurlMultiHandler), Object(GuzzleHttp\Handler\EasyHandle), Object(GuzzleHttp\Handler\CurlFactory))
#2 E:\xampp73\htdocs\filecroco\loader\vendor\guzzlehttp\guzzle\src\Handler\CurlMultiHandler.php(181): GuzzleHttp\Handler\CurlFactory::finish(Object(GuzzleHttp\Handler\CurlMultiHandler), Object(GuzzleHttp\Handler\EasyHandle), Object(GuzzleHttp\Handler\CurlFactory))
#3 E:\xampp73\htdocs\filecroco\loader\vendor\guzzlehttp\guzzle\src\Handler\CurlMultiHandler.php(110): GuzzleHttp\Handler\CurlMultiHandler->processMessages()
#4 E:\xampp73\htdocs\filecroco\loader\vendor\guzzlehttp\guzzle\src\Handler\CurlMultiHandler.php(125): GuzzleHttp\Handler\CurlMultiHandler->tick()
#5 E:\xampp73\htdocs\filecroco\loader\vendor\guzzlehttp\promises\src\Promise.php(246): GuzzleHttp\Handler\CurlMultiHandler->execute(true)
#6 E:\xampp73\htdocs\filecroco\loader\vendor\guzzlehttp\promises\src\Promise.php(223): GuzzleHttp\Promise\Promise->invokeWaitFn()
#7 E:\xampp73\htdocs\filecroco\loader\vendor\guzzlehttp\promises\src\Promise.php(267): GuzzleHttp\Promise\Promise->waitIfPending()
#8 E:\xampp73\htdocs\filecroco\loader\vendor\guzzlehttp\promises\src\Promise.php(225): GuzzleHttp\Promise\Promise->invokeWaitList()
#9 E:\xampp73\htdocs\filecroco\loader\vendor\guzzlehttp\promises\src\Promise.php(62): GuzzleHttp\Promise\Promise->waitIfPending()
#10 E:\xampp73\htdocs\filecroco\loader\vendor\guzzlehttp\promises\src\EachPromise.php(101): GuzzleHttp\Promise\Promise->wait()
#11 E:\xampp73\htdocs\filecroco\loader\vendor\guzzlehttp\promises\src\Promise.php(246): GuzzleHttp\Promise\EachPromise->GuzzleHttp\Promise\{closure}(true)
#12 E:\xampp73\htdocs\filecroco\loader\vendor\guzzlehttp\promises\src\Promise.php(223): GuzzleHttp\Promise\Promise->invokeWaitFn()
#13 E:\xampp73\htdocs\filecroco\loader\vendor\guzzlehttp\promises\src\Promise.php(62): GuzzleHttp\Promise\Promise->waitIfPending()
#14 E:\xampp73\htdocs\filecroco\loader\updatedownloadlink.php(95): GuzzleHttp\Promise\Promise->wait()
#15 {main}|586GuzzleHttp\Exception\RequestException: cURL error 56:  (see http://curl.haxx.se/libcurl/c/libcurl-errors.html) in E:\xampp73\htdocs\filecroco\loader\vendor\guzzlehttp\guzzle\src\Handler\CurlFactory.php:186
Stack trace:
#0 E:\xampp73\htdocs\filecroco\loader\vendor\guzzlehttp\guzzle\src\Handler\CurlFactory.php(149): GuzzleHttp\Handler\CurlFactory::createRejection(Object(GuzzleHttp\Handler\EasyHandle), Array)
#1 E:\xampp73\htdocs\filecroco\loader\vendor\guzzlehttp\guzzle\src\Handler\CurlFactory.php(102): GuzzleHttp\Handler\CurlFactory::finishError(Object(GuzzleHttp\Handler\CurlMultiHandler), Object(GuzzleHttp\Handler\EasyHandle), Object(GuzzleHttp\Handler\CurlFactory))
#2 E:\xampp73\htdocs\filecroco\loader\vendor\guzzlehttp\guzzle\src\Handler\CurlMultiHandler.php(181): GuzzleHttp\Handler\CurlFactory::finish(Object(GuzzleHttp\Handler\CurlMultiHandler), Object(GuzzleHttp\Handler\EasyHandle), Object(GuzzleHttp\Handler\CurlFactory))
#3 E:\xampp73\htdocs\filecroco\loader\vendor\guzzlehttp\guzzle\src\Handler\CurlMultiHandler.php(110): GuzzleHttp\Handler\CurlMultiHandler->processMessages()
#4 E:\xampp73\htdocs\filecroco\loader\vendor\guzzlehttp\guzzle\src\Handler\CurlMultiHandler.php(125): GuzzleHttp\Handler\CurlMultiHandler->tick()
#5 E:\xampp73\htdocs\filecroco\loader\vendor\guzzlehttp\promises\src\Promise.php(246): GuzzleHttp\Handler\CurlMultiHandler->execute(true)
#6 E:\xampp73\htdocs\filecroco\loader\vendor\guzzlehttp\promises\src\Promise.php(223): GuzzleHttp\Promise\Promise->invokeWaitFn()
#7 E:\xampp73\htdocs\filecroco\loader\vendor\guzzlehttp\promises\src\Promise.php(267): GuzzleHttp\Promise\Promise->waitIfPending()
#8 E:\xampp73\htdocs\filecroco\loader\vendor\guzzlehttp\promises\src\Promise.php(225): GuzzleHttp\Promise\Promise->invokeWaitList()
#9 E:\xampp73\htdocs\filecroco\loader\vendor\guzzlehttp\promises\src\Promise.php(62): GuzzleHttp\Promise\Promise->waitIfPending()
#10 E:\xampp73\htdocs\filecroco\loader\vendor\guzzlehttp\promises\src\EachPromise.php(101): GuzzleHttp\Promise\Promise->wait()
#11 E:\xampp73\htdocs\filecroco\loader\vendor\guzzlehttp\promises\src\Promise.php(246): GuzzleHttp\Promise\EachPromise->GuzzleHttp\Promise\{closure}(true)
#12 E:\xampp73\htdocs\filecroco\loader\vendor\guzzlehttp\promises\src\Promise.php(223): GuzzleHttp\Promise\Promise->invokeWaitFn()
#13 E:\xampp73\htdocs\filecroco\loader\vendor\guzzlehttp\promises\src\Promise.php(62): GuzzleHttp\Promise\Promise->waitIfPending()
#14 E:\xampp73\htdocs\filecroco\loader\updatedownloadlink.php(95): GuzzleHttp\Promise\Promise->wait()
#15 {main}|587GuzzleHttp\Exception\RequestException: cURL error 56:  (see http://curl.haxx.se/libcurl/c/libcurl-errors.html) in E:\xampp73\htdocs\filecroco\loader\vendor\guzzlehttp\guzzle\src\Handler\CurlFactory.php:186
Stack trace:
#0 E:\xampp73\htdocs\filecroco\loader\vendor\guzzlehttp\guzzle\src\Handler\CurlFactory.php(149): GuzzleHttp\Handler\CurlFactory::createRejection(Object(GuzzleHttp\Handler\EasyHandle), Array)
#1 E:\xampp73\htdocs\filecroco\loader\vendor\guzzlehttp\guzzle\src\Handler\CurlFactory.php(102): GuzzleHttp\Handler\CurlFactory::finishError(Object(GuzzleHttp\Handler\CurlMultiHandler), Object(GuzzleHttp\Handler\EasyHandle), Object(GuzzleHttp\Handler\CurlFactory))
#2 E:\xampp73\htdocs\filecroco\loader\vendor\guzzlehttp\guzzle\src\Handler\CurlMultiHandler.php(181): GuzzleHttp\Handler\CurlFactory::finish(Object(GuzzleHttp\Handler\CurlMultiHandler), Object(GuzzleHttp\Handler\EasyHandle), Object(GuzzleHttp\Handler\CurlFactory))
#3 E:\xampp73\htdocs\filecroco\loader\vendor\guzzlehttp\guzzle\src\Handler\CurlMultiHandler.php(110): GuzzleHttp\Handler\CurlMultiHandler->processMessages()
#4 E:\xampp73\htdocs\filecroco\loader\vendor\guzzlehttp\guzzle\src\Handler\CurlMultiHandler.php(125): GuzzleHttp\Handler\CurlMultiHandler->tick()
#5 E:\xampp73\htdocs\filecroco\loader\vendor\guzzlehttp\promises\src\Promise.php(246): GuzzleHttp\Handler\CurlMultiHandler->execute(true)
#6 E:\xampp73\htdocs\filecroco\loader\vendor\guzzlehttp\promises\src\Promise.php(223): GuzzleHttp\Promise\Promise->invokeWaitFn()
#7 E:\xampp73\htdocs\filecroco\loader\vendor\guzzlehttp\promises\src\Promise.php(267): GuzzleHttp\Promise\Promise->waitIfPending()
#8 E:\xampp73\htdocs\filecroco\loader\vendor\guzzlehttp\promises\src\Promise.php(225): GuzzleHttp\Promise\Promise->invokeWaitList()
#9 E:\xampp73\htdocs\filecroco\loader\vendor\guzzlehttp\promises\src\Promise.php(62): GuzzleHttp\Promise\Promise->waitIfPending()
#10 E:\xampp73\htdocs\filecroco\loader\vendor\guzzlehttp\promises\src\EachPromise.php(101): GuzzleHttp\Promise\Promise->wait()
#11 E:\xampp73\htdocs\filecroco\loader\vendor\guzzlehttp\promises\src\Promise.php(246): GuzzleHttp\Promise\EachPromise->GuzzleHttp\Promise\{closure}(true)
#12 E:\xampp73\htdocs\filecroco\loader\vendor\guzzlehttp\promises\src\Promise.php(223): GuzzleHttp\Promise\Promise->invokeWaitFn()
#13 E:\xampp73\htdocs\filecroco\loader\vendor\guzzlehttp\promises\src\Promise.php(62): GuzzleHttp\Promise\Promise->waitIfPending()
#14 E:\xampp73\htdocs\filecroco\loader\updatedownloadlink.php(95): GuzzleHttp\Promise\Promise->wait()
#15 {main}|588GuzzleHttp\Exception\RequestException: cURL error 56:  (see http://curl.haxx.se/libcurl/c/libcurl-errors.html) in E:\xampp73\htdocs\filecroco\loader\vendor\guzzlehttp\guzzle\src\Handler\CurlFactory.php:186
Stack trace:
#0 E:\xampp73\htdocs\filecroco\loader\vendor\guzzlehttp\guzzle\src\Handler\CurlFactory.php(149): GuzzleHttp\Handler\CurlFactory::createRejection(Object(GuzzleHttp\Handler\EasyHandle), Array)
#1 E:\xampp73\htdocs\filecroco\loader\vendor\guzzlehttp\guzzle\src\Handler\CurlFactory.php(102): GuzzleHttp\Handler\CurlFactory::finishError(Object(GuzzleHttp\Handler\CurlMultiHandler), Object(GuzzleHttp\Handler\EasyHandle), Object(GuzzleHttp\Handler\CurlFactory))
#2 E:\xampp73\htdocs\filecroco\loader\vendor\guzzlehttp\guzzle\src\Handler\CurlMultiHandler.php(181): GuzzleHttp\Handler\CurlFactory::finish(Object(GuzzleHttp\Handler\CurlMultiHandler), Object(GuzzleHttp\Handler\EasyHandle), Object(GuzzleHttp\Handler\CurlFactory))
#3 E:\xampp73\htdocs\filecroco\loader\vendor\guzzlehttp\guzzle\src\Handler\CurlMultiHandler.php(110): GuzzleHttp\Handler\CurlMultiHandler->processMessages()
#4 E:\xampp73\htdocs\filecroco\loader\vendor\guzzlehttp\guzzle\src\Handler\CurlMultiHandler.php(125): GuzzleHttp\Handler\CurlMultiHandler->tick()
#5 E:\xampp73\htdocs\filecroco\loader\vendor\guzzlehttp\promises\src\Promise.php(246): GuzzleHttp\Handler\CurlMultiHandler->execute(true)
#6 E:\xampp73\htdocs\filecroco\loader\vendor\guzzlehttp\promises\src\Promise.php(223): GuzzleHttp\Promise\Promise->invokeWaitFn()
#7 E:\xampp73\htdocs\filecroco\loader\vendor\guzzlehttp\promises\src\Promise.php(267): GuzzleHttp\Promise\Promise->waitIfPending()
#8 E:\xampp73\htdocs\filecroco\loader\vendor\guzzlehttp\promises\src\Promise.php(225): GuzzleHttp\Promise\Promise->invokeWaitList()
#9 E:\xampp73\htdocs\filecroco\loader\vendor\guzzlehttp\promises\src\Promise.php(62): GuzzleHttp\Promise\Promise->waitIfPending()
#10 E:\xampp73\htdocs\filecroco\loader\vendor\guzzlehttp\promises\src\EachPromise.php(101): GuzzleHttp\Promise\Promise->wait()
#11 E:\xampp73\htdocs\filecroco\loader\vendor\guzzlehttp\promises\src\Promise.php(246): GuzzleHttp\Promise\EachPromise->GuzzleHttp\Promise\{closure}(true)
#12 E:\xampp73\htdocs\filecroco\loader\vendor\guzzlehttp\promises\src\Promise.php(223): GuzzleHttp\Promise\Promise->invokeWaitFn()
#13 E:\xampp73\htdocs\filecroco\loader\vendor\guzzlehttp\promises\src\Promise.php(62): GuzzleHttp\Promise\Promise->waitIfPending()
#14 E:\xampp73\htdocs\filecroco\loader\updatedownloadlink.php(95): GuzzleHttp\Promise\Promise->wait()
#15 {main}|589GuzzleHttp\Exception\RequestException: cURL error 56:  (see http://curl.haxx.se/libcurl/c/libcurl-errors.html) in E:\xampp73\htdocs\filecroco\loader\vendor\guzzlehttp\guzzle\src\Handler\CurlFactory.php:186
Stack trace:
#0 E:\xampp73\htdocs\filecroco\loader\vendor\guzzlehttp\guzzle\src\Handler\CurlFactory.php(149): GuzzleHttp\Handler\CurlFactory::createRejection(Object(GuzzleHttp\Handler\EasyHandle), Array)
#1 E:\xampp73\htdocs\filecroco\loader\vendor\guzzlehttp\guzzle\src\Handler\CurlFactory.php(102): GuzzleHttp\Handler\CurlFactory::finishError(Object(GuzzleHttp\Handler\CurlMultiHandler), Object(GuzzleHttp\Handler\EasyHandle), Object(GuzzleHttp\Handler\CurlFactory))
#2 E:\xampp73\htdocs\filecroco\loader\vendor\guzzlehttp\guzzle\src\Handler\CurlMultiHandler.php(181): GuzzleHttp\Handler\CurlFactory::finish(Object(GuzzleHttp\Handler\CurlMultiHandler), Object(GuzzleHttp\Handler\EasyHandle), Object(GuzzleHttp\Handler\CurlFactory))
#3 E:\xampp73\htdocs\filecroco\loader\vendor\guzzlehttp\guzzle\src\Handler\CurlMultiHandler.php(110): GuzzleHttp\Handler\CurlMultiHandler->processMessages()
#4 E:\xampp73\htdocs\filecroco\loader\vendor\guzzlehttp\guzzle\src\Handler\CurlMultiHandler.php(125): GuzzleHttp\Handler\CurlMultiHandler->tick()
#5 E:\xampp73\htdocs\filecroco\loader\vendor\guzzlehttp\promises\src\Promise.php(246): GuzzleHttp\Handler\CurlMultiHandler->execute(true)
#6 E:\xampp73\htdocs\filecroco\loader\vendor\guzzlehttp\promises\src\Promise.php(223): GuzzleHttp\Promise\Promise->invokeWaitFn()
#7 E:\xampp73\htdocs\filecroco\loader\vendor\guzzlehttp\promises\src\Promise.php(267): GuzzleHttp\Promise\Promise->waitIfPending()
#8 E:\xampp73\htdocs\filecroco\loader\vendor\guzzlehttp\promises\src\Promise.php(225): GuzzleHttp\Promise\Promise->invokeWaitList()
#9 E:\xampp73\htdocs\filecroco\loader\vendor\guzzlehttp\promises\src\Promise.php(62): GuzzleHttp\Promise\Promise->waitIfPending()
#10 E:\xampp73\htdocs\filecroco\loader\vendor\guzzlehttp\promises\src\EachPromise.php(101): GuzzleHttp\Promise\Promise->wait()
#11 E:\xampp73\htdocs\filecroco\loader\vendor\guzzlehttp\promises\src\Promise.php(246): GuzzleHttp\Promise\EachPromise->GuzzleHttp\Promise\{closure}(true)
#12 E:\xampp73\htdocs\filecroco\loader\vendor\guzzlehttp\promises\src\Promise.php(223): GuzzleHttp\Promise\Promise->invokeWaitFn()
#13 E:\xampp73\htdocs\filecroco\loader\vendor\guzzlehttp\promises\src\Promise.php(62): GuzzleHttp\Promise\Promise->waitIfPending()
#14 E:\xampp73\htdocs\filecroco\loader\updatedownloadlink.php(95): GuzzleHttp\Promise\Promise->wait()
#15 {main}|590GuzzleHttp\Exception\RequestException: cURL error 56:  (see http://curl.haxx.se/libcurl/c/libcurl-errors.html) in E:\xampp73\htdocs\filecroco\loader\vendor\guzzlehttp\guzzle\src\Handler\CurlFactory.php:186
Stack trace:
#0 E:\xampp73\htdocs\filecroco\loader\vendor\guzzlehttp\guzzle\src\Handler\CurlFactory.php(149): GuzzleHttp\Handler\CurlFactory::createRejection(Object(GuzzleHttp\Handler\EasyHandle), Array)
#1 E:\xampp73\htdocs\filecroco\loader\vendor\guzzlehttp\guzzle\src\Handler\CurlFactory.php(102): GuzzleHttp\Handler\CurlFactory::finishError(Object(GuzzleHttp\Handler\CurlMultiHandler), Object(GuzzleHttp\Handler\EasyHandle), Object(GuzzleHttp\Handler\CurlFactory))
#2 E:\xampp73\htdocs\filecroco\loader\vendor\guzzlehttp\guzzle\src\Handler\CurlMultiHandler.php(181): GuzzleHttp\Handler\CurlFactory::finish(Object(GuzzleHttp\Handler\CurlMultiHandler), Object(GuzzleHttp\Handler\EasyHandle), Object(GuzzleHttp\Handler\CurlFactory))
#3 E:\xampp73\htdocs\filecroco\loader\vendor\guzzlehttp\guzzle\src\Handler\CurlMultiHandler.php(110): GuzzleHttp\Handler\CurlMultiHandler->processMessages()
#4 E:\xampp73\htdocs\filecroco\loader\vendor\guzzlehttp\guzzle\src\Handler\CurlMultiHandler.php(125): GuzzleHttp\Handler\CurlMultiHandler->tick()
#5 E:\xampp73\htdocs\filecroco\loader\vendor\guzzlehttp\promises\src\Promise.php(246): GuzzleHttp\Handler\CurlMultiHandler->execute(true)
#6 E:\xampp73\htdocs\filecroco\loader\vendor\guzzlehttp\promises\src\Promise.php(223): GuzzleHttp\Promise\Promise->invokeWaitFn()
#7 E:\xampp73\htdocs\filecroco\loader\vendor\guzzlehttp\promises\src\Promise.php(267): GuzzleHttp\Promise\Promise->waitIfPending()
#8 E:\xampp73\htdocs\filecroco\loader\vendor\guzzlehttp\promises\src\Promise.php(225): GuzzleHttp\Promise\Promise->invokeWaitList()
#9 E:\xampp73\htdocs\filecroco\loader\vendor\guzzlehttp\promises\src\Promise.php(62): GuzzleHttp\Promise\Promise->waitIfPending()
#10 E:\xampp73\htdocs\filecroco\loader\vendor\guzzlehttp\promises\src\EachPromise.php(101): GuzzleHttp\Promise\Promise->wait()
#11 E:\xampp73\htdocs\filecroco\loader\vendor\guzzlehttp\promises\src\Promise.php(246): GuzzleHttp\Promise\EachPromise->GuzzleHttp\Promise\{closure}(true)
#12 E:\xampp73\htdocs\filecroco\loader\vendor\guzzlehttp\promises\src\Promise.php(223): GuzzleHttp\Promise\Promise->invokeWaitFn()
#13 E:\xampp73\htdocs\filecroco\loader\vendor\guzzlehttp\promises\src\Promise.php(62): GuzzleHttp\Promise\Promise->waitIfPending()
#14 E:\xampp73\htdocs\filecroco\loader\updatedownloadlink.php(95): GuzzleHttp\Promise\Promise->wait()
#15 {main}|591GuzzleHttp\Exception\RequestException: cURL error 56:  (see http://curl.haxx.se/libcurl/c/libcurl-errors.html) in E:\xampp73\htdocs\filecroco\loader\vendor\guzzlehttp\guzzle\src\Handler\CurlFactory.php:186
Stack trace:
#0 E:\xampp73\htdocs\filecroco\loader\vendor\guzzlehttp\guzzle\src\Handler\CurlFactory.php(149): GuzzleHttp\Handler\CurlFactory::createRejection(Object(GuzzleHttp\Handler\EasyHandle), Array)
#1 E:\xampp73\htdocs\filecroco\loader\vendor\guzzlehttp\guzzle\src\Handler\CurlFactory.php(102): GuzzleHttp\Handler\CurlFactory::finishError(Object(GuzzleHttp\Handler\CurlMultiHandler), Object(GuzzleHttp\Handler\EasyHandle), Object(GuzzleHttp\Handler\CurlFactory))
#2 E:\xampp73\htdocs\filecroco\loader\vendor\guzzlehttp\guzzle\src\Handler\CurlMultiHandler.php(181): GuzzleHttp\Handler\CurlFactory::finish(Object(GuzzleHttp\Handler\CurlMultiHandler), Object(GuzzleHttp\Handler\EasyHandle), Object(GuzzleHttp\Handler\CurlFactory))
#3 E:\xampp73\htdocs\filecroco\loader\vendor\guzzlehttp\guzzle\src\Handler\CurlMultiHandler.php(110): GuzzleHttp\Handler\CurlMultiHandler->processMessages()
#4 E:\xampp73\htdocs\filecroco\loader\vendor\guzzlehttp\guzzle\src\Handler\CurlMultiHandler.php(125): GuzzleHttp\Handler\CurlMultiHandler->tick()
#5 E:\xampp73\htdocs\filecroco\loader\vendor\guzzlehttp\promises\src\Promise.php(246): GuzzleHttp\Handler\CurlMultiHandler->execute(true)
#6 E:\xampp73\htdocs\filecroco\loader\vendor\guzzlehttp\promises\src\Promise.php(223): GuzzleHttp\Promise\Promise->invokeWaitFn()
#7 E:\xampp73\htdocs\filecroco\loader\vendor\guzzlehttp\promises\src\Promise.php(267): GuzzleHttp\Promise\Promise->waitIfPending()
#8 E:\xampp73\htdocs\filecroco\loader\vendor\guzzlehttp\promises\src\Promise.php(225): GuzzleHttp\Promise\Promise->invokeWaitList()
#9 E:\xampp73\htdocs\filecroco\loader\vendor\guzzlehttp\promises\src\Promise.php(62): GuzzleHttp\Promise\Promise->waitIfPending()
#10 E:\xampp73\htdocs\filecroco\loader\vendor\guzzlehttp\promises\src\EachPromise.php(101): GuzzleHttp\Promise\Promise->wait()
#11 E:\xampp73\htdocs\filecroco\loader\vendor\guzzlehttp\promises\src\Promise.php(246): GuzzleHttp\Promise\EachPromise->GuzzleHttp\Promise\{closure}(true)
#12 E:\xampp73\htdocs\filecroco\loader\vendor\guzzlehttp\promises\src\Promise.php(223): GuzzleHttp\Promise\Promise->invokeWaitFn()
#13 E:\xampp73\htdocs\filecroco\loader\vendor\guzzlehttp\promises\src\Promise.php(62): GuzzleHttp\Promise\Promise->waitIfPending()
#14 E:\xampp73\htdocs\filecroco\loader\updatedownloadlink.php(95): GuzzleHttp\Promise\Promise->wait()
#15 {main}|592GuzzleHttp\Exception\RequestException: cURL error 56:  (see http://curl.haxx.se/libcurl/c/libcurl-errors.html) in E:\xampp73\htdocs\filecroco\loader\vendor\guzzlehttp\guzzle\src\Handler\CurlFactory.php:186
Stack trace:
#0 E:\xampp73\htdocs\filecroco\loader\vendor\guzzlehttp\guzzle\src\Handler\CurlFactory.php(149): GuzzleHttp\Handler\CurlFactory::createRejection(Object(GuzzleHttp\Handler\EasyHandle), Array)
#1 E:\xampp73\htdocs\filecroco\loader\vendor\guzzlehttp\guzzle\src\Handler\CurlFactory.php(102): GuzzleHttp\Handler\CurlFactory::finishError(Object(GuzzleHttp\Handler\CurlMultiHandler), Object(GuzzleHttp\Handler\EasyHandle), Object(GuzzleHttp\Handler\CurlFactory))
#2 E:\xampp73\htdocs\filecroco\loader\vendor\guzzlehttp\guzzle\src\Handler\CurlMultiHandler.php(181): GuzzleHttp\Handler\CurlFactory::finish(Object(GuzzleHttp\Handler\CurlMultiHandler), Object(GuzzleHttp\Handler\EasyHandle), Object(GuzzleHttp\Handler\CurlFactory))
#3 E:\xampp73\htdocs\filecroco\loader\vendor\guzzlehttp\guzzle\src\Handler\CurlMultiHandler.php(110): GuzzleHttp\Handler\CurlMultiHandler->processMessages()
#4 E:\xampp73\htdocs\filecroco\loader\vendor\guzzlehttp\guzzle\src\Handler\CurlMultiHandler.php(125): GuzzleHttp\Handler\CurlMultiHandler->tick()
#5 E:\xampp73\htdocs\filecroco\loader\vendor\guzzlehttp\promises\src\Promise.php(246): GuzzleHttp\Handler\CurlMultiHandler->execute(true)
#6 E:\xampp73\htdocs\filecroco\loader\vendor\guzzlehttp\promises\src\Promise.php(223): GuzzleHttp\Promise\Promise->invokeWaitFn()
#7 E:\xampp73\htdocs\filecroco\loader\vendor\guzzlehttp\promises\src\Promise.php(267): GuzzleHttp\Promise\Promise->waitIfPending()
#8 E:\xampp73\htdocs\filecroco\loader\vendor\guzzlehttp\promises\src\Promise.php(225): GuzzleHttp\Promise\Promise->invokeWaitList()
#9 E:\xampp73\htdocs\filecroco\loader\vendor\guzzlehttp\promises\src\Promise.php(62): GuzzleHttp\Promise\Promise->waitIfPending()
#10 E:\xampp73\htdocs\filecroco\loader\vendor\guzzlehttp\promises\src\EachPromise.php(101): GuzzleHttp\Promise\Promise->wait()
#11 E:\xampp73\htdocs\filecroco\loader\vendor\guzzlehttp\promises\src\Promise.php(246): GuzzleHttp\Promise\EachPromise->GuzzleHttp\Promise\{closure}(true)
#12 E:\xampp73\htdocs\filecroco\loader\vendor\guzzlehttp\promises\src\Promise.php(223): GuzzleHttp\Promise\Promise->invokeWaitFn()
#13 E:\xampp73\htdocs\filecroco\loader\vendor\guzzlehttp\promises\src\Promise.php(62): GuzzleHttp\Promise\Promise->waitIfPending()
#14 E:\xampp73\htdocs\filecroco\loader\updatedownloadlink.php(95): GuzzleHttp\Promise\Promise->wait()
#15 {main}|593GuzzleHttp\Exception\RequestException: cURL error 56:  (see http://curl.haxx.se/libcurl/c/libcurl-errors.html) in E:\xampp73\htdocs\filecroco\loader\vendor\guzzlehttp\guzzle\src\Handler\CurlFactory.php:186
Stack trace:
#0 E:\xampp73\htdocs\filecroco\loader\vendor\guzzlehttp\guzzle\src\Handler\CurlFactory.php(149): GuzzleHttp\Handler\CurlFactory::createRejection(Object(GuzzleHttp\Handler\EasyHandle), Array)
#1 E:\xampp73\htdocs\filecroco\loader\vendor\guzzlehttp\guzzle\src\Handler\CurlFactory.php(102): GuzzleHttp\Handler\CurlFactory::finishError(Object(GuzzleHttp\Handler\CurlMultiHandler), Object(GuzzleHttp\Handler\EasyHandle), Object(GuzzleHttp\Handler\CurlFactory))
#2 E:\xampp73\htdocs\filecroco\loader\vendor\guzzlehttp\guzzle\src\Handler\CurlMultiHandler.php(181): GuzzleHttp\Handler\CurlFactory::finish(Object(GuzzleHttp\Handler\CurlMultiHandler), Object(GuzzleHttp\Handler\EasyHandle), Object(GuzzleHttp\Handler\CurlFactory))
#3 E:\xampp73\htdocs\filecroco\loader\vendor\guzzlehttp\guzzle\src\Handler\CurlMultiHandler.php(110): GuzzleHttp\Handler\CurlMultiHandler->processMessages()
#4 E:\xampp73\htdocs\filecroco\loader\vendor\guzzlehttp\guzzle\src\Handler\CurlMultiHandler.php(125): GuzzleHttp\Handler\CurlMultiHandler->tick()
#5 E:\xampp73\htdocs\filecroco\loader\vendor\guzzlehttp\promises\src\Promise.php(246): GuzzleHttp\Handler\CurlMultiHandler->execute(true)
#6 E:\xampp73\htdocs\filecroco\loader\vendor\guzzlehttp\promises\src\Promise.php(223): GuzzleHttp\Promise\Promise->invokeWaitFn()
#7 E:\xampp73\htdocs\filecroco\loader\vendor\guzzlehttp\promises\src\Promise.php(267): GuzzleHttp\Promise\Promise->waitIfPending()
#8 E:\xampp73\htdocs\filecroco\loader\vendor\guzzlehttp\promises\src\Promise.php(225): GuzzleHttp\Promise\Promise->invokeWaitList()
#9 E:\xampp73\htdocs\filecroco\loader\vendor\guzzlehttp\promises\src\Promise.php(62): GuzzleHttp\Promise\Promise->waitIfPending()
#10 E:\xampp73\htdocs\filecroco\loader\vendor\guzzlehttp\promises\src\EachPromise.php(101): GuzzleHttp\Promise\Promise->wait()
#11 E:\xampp73\htdocs\filecroco\loader\vendor\guzzlehttp\promises\src\Promise.php(246): GuzzleHttp\Promise\EachPromise->GuzzleHttp\Promise\{closure}(true)
#12 E:\xampp73\htdocs\filecroco\loader\vendor\guzzlehttp\promises\src\Promise.php(223): GuzzleHttp\Promise\Promise->invokeWaitFn()
#13 E:\xampp73\htdocs\filecroco\loader\vendor\guzzlehttp\promises\src\Promise.php(62): GuzzleHttp\Promise\Promise->waitIfPending()
#14 E:\xampp73\htdocs\filecroco\loader\updatedownloadlink.php(95): GuzzleHttp\Promise\Promise->wait()
#15 {main}|594GuzzleHttp\Exception\RequestException: cURL error 56:  (see http://curl.haxx.se/libcurl/c/libcurl-errors.html) in E:\xampp73\htdocs\filecroco\loader\vendor\guzzlehttp\guzzle\src\Handler\CurlFactory.php:186
Stack trace:
#0 E:\xampp73\htdocs\filecroco\loader\vendor\guzzlehttp\guzzle\src\Handler\CurlFactory.php(149): GuzzleHttp\Handler\CurlFactory::createRejection(Object(GuzzleHttp\Handler\EasyHandle), Array)
#1 E:\xampp73\htdocs\filecroco\loader\vendor\guzzlehttp\guzzle\src\Handler\CurlFactory.php(102): GuzzleHttp\Handler\CurlFactory::finishError(Object(GuzzleHttp\Handler\CurlMultiHandler), Object(GuzzleHttp\Handler\EasyHandle), Object(GuzzleHttp\Handler\CurlFactory))
#2 E:\xampp73\htdocs\filecroco\loader\vendor\guzzlehttp\guzzle\src\Handler\CurlMultiHandler.php(181): GuzzleHttp\Handler\CurlFactory::finish(Object(GuzzleHttp\Handler\CurlMultiHandler), Object(GuzzleHttp\Handler\EasyHandle), Object(GuzzleHttp\Handler\CurlFactory))
#3 E:\xampp73\htdocs\filecroco\loader\vendor\guzzlehttp\guzzle\src\Handler\CurlMultiHandler.php(110): GuzzleHttp\Handler\CurlMultiHandler->processMessages()
#4 E:\xampp73\htdocs\filecroco\loader\vendor\guzzlehttp\guzzle\src\Handler\CurlMultiHandler.php(125): GuzzleHttp\Handler\CurlMultiHandler->tick()
#5 E:\xampp73\htdocs\filecroco\loader\vendor\guzzlehttp\promises\src\Promise.php(246): GuzzleHttp\Handler\CurlMultiHandler->execute(true)
#6 E:\xampp73\htdocs\filecroco\loader\vendor\guzzlehttp\promises\src\Promise.php(223): GuzzleHttp\Promise\Promise->invokeWaitFn()
#7 E:\xampp73\htdocs\filecroco\loader\vendor\guzzlehttp\promises\src\Promise.php(267): GuzzleHttp\Promise\Promise->waitIfPending()
#8 E:\xampp73\htdocs\filecroco\loader\vendor\guzzlehttp\promises\src\Promise.php(225): GuzzleHttp\Promise\Promise->invokeWaitList()
#9 E:\xampp73\htdocs\filecroco\loader\vendor\guzzlehttp\promises\src\Promise.php(62): GuzzleHttp\Promise\Promise->waitIfPending()
#10 E:\xampp73\htdocs\filecroco\loader\vendor\guzzlehttp\promises\src\EachPromise.php(101): GuzzleHttp\Promise\Promise->wait()
#11 E:\xampp73\htdocs\filecroco\loader\vendor\guzzlehttp\promises\src\Promise.php(246): GuzzleHttp\Promise\EachPromise->GuzzleHttp\Promise\{closure}(true)
#12 E:\xampp73\htdocs\filecroco\loader\vendor\guzzlehttp\promises\src\Promise.php(223): GuzzleHttp\Promise\Promise->invokeWaitFn()
#13 E:\xampp73\htdocs\filecroco\loader\vendor\guzzlehttp\promises\src\Promise.php(62): GuzzleHttp\Promise\Promise->waitIfPending()
#14 E:\xampp73\htdocs\filecroco\loader\updatedownloadlink.php(95): GuzzleHttp\Promise\Promise->wait()
#15 {main}|595GuzzleHttp\Exception\RequestException: cURL error 56:  (see http://curl.haxx.se/libcurl/c/libcurl-errors.html) in E:\xampp73\htdocs\filecroco\loader\vendor\guzzlehttp\guzzle\src\Handler\CurlFactory.php:186
Stack trace:
#0 E:\xampp73\htdocs\filecroco\loader\vendor\guzzlehttp\guzzle\src\Handler\CurlFactory.php(149): GuzzleHttp\Handler\CurlFactory::createRejection(Object(GuzzleHttp\Handler\EasyHandle), Array)
#1 E:\xampp73\htdocs\filecroco\loader\vendor\guzzlehttp\guzzle\src\Handler\CurlFactory.php(102): GuzzleHttp\Handler\CurlFactory::finishError(Object(GuzzleHttp\Handler\CurlMultiHandler), Object(GuzzleHttp\Handler\EasyHandle), Object(GuzzleHttp\Handler\CurlFactory))
#2 E:\xampp73\htdocs\filecroco\loader\vendor\guzzlehttp\guzzle\src\Handler\CurlMultiHandler.php(181): GuzzleHttp\Handler\CurlFactory::finish(Object(GuzzleHttp\Handler\CurlMultiHandler), Object(GuzzleHttp\Handler\EasyHandle), Object(GuzzleHttp\Handler\CurlFactory))
#3 E:\xampp73\htdocs\filecroco\loader\vendor\guzzlehttp\guzzle\src\Handler\CurlMultiHandler.php(110): GuzzleHttp\Handler\CurlMultiHandler->processMessages()
#4 E:\xampp73\htdocs\filecroco\loader\vendor\guzzlehttp\guzzle\src\Handler\CurlMultiHandler.php(125): GuzzleHttp\Handler\CurlMultiHandler->tick()
#5 E:\xampp73\htdocs\filecroco\loader\vendor\guzzlehttp\promises\src\Promise.php(246): GuzzleHttp\Handler\CurlMultiHandler->execute(true)
#6 E:\xampp73\htdocs\filecroco\loader\vendor\guzzlehttp\promises\src\Promise.php(223): GuzzleHttp\Promise\Promise->invokeWaitFn()
#7 E:\xampp73\htdocs\filecroco\loader\vendor\guzzlehttp\promises\src\Promise.php(267): GuzzleHttp\Promise\Promise->waitIfPending()
#8 E:\xampp73\htdocs\filecroco\loader\vendor\guzzlehttp\promises\src\Promise.php(225): GuzzleHttp\Promise\Promise->invokeWaitList()
#9 E:\xampp73\htdocs\filecroco\loader\vendor\guzzlehttp\promises\src\Promise.php(62): GuzzleHttp\Promise\Promise->waitIfPending()
#10 E:\xampp73\htdocs\filecroco\loader\vendor\guzzlehttp\promises\src\EachPromise.php(101): GuzzleHttp\Promise\Promise->wait()
#11 E:\xampp73\htdocs\filecroco\loader\vendor\guzzlehttp\promises\src\Promise.php(246): GuzzleHttp\Promise\EachPromise->GuzzleHttp\Promise\{closure}(true)
#12 E:\xampp73\htdocs\filecroco\loader\vendor\guzzlehttp\promises\src\Promise.php(223): GuzzleHttp\Promise\Promise->invokeWaitFn()
#13 E:\xampp73\htdocs\filecroco\loader\vendor\guzzlehttp\promises\src\Promise.php(62): GuzzleHttp\Promise\Promise->waitIfPending()
#14 E:\xampp73\htdocs\filecroco\loader\updatedownloadlink.php(95): GuzzleHttp\Promise\Promise->wait()
#15 {main}|596GuzzleHttp\Exception\RequestException: cURL error 56:  (see http://curl.haxx.se/libcurl/c/libcurl-errors.html) in E:\xampp73\htdocs\filecroco\loader\vendor\guzzlehttp\guzzle\src\Handler\CurlFactory.php:186
Stack trace:
#0 E:\xampp73\htdocs\filecroco\loader\vendor\guzzlehttp\guzzle\src\Handler\CurlFactory.php(149): GuzzleHttp\Handler\CurlFactory::createRejection(Object(GuzzleHttp\Handler\EasyHandle), Array)
#1 E:\xampp73\htdocs\filecroco\loader\vendor\guzzlehttp\guzzle\src\Handler\CurlFactory.php(102): GuzzleHttp\Handler\CurlFactory::finishError(Object(GuzzleHttp\Handler\CurlMultiHandler), Object(GuzzleHttp\Handler\EasyHandle), Object(GuzzleHttp\Handler\CurlFactory))
#2 E:\xampp73\htdocs\filecroco\loader\vendor\guzzlehttp\guzzle\src\Handler\CurlMultiHandler.php(181): GuzzleHttp\Handler\CurlFactory::finish(Object(GuzzleHttp\Handler\CurlMultiHandler), Object(GuzzleHttp\Handler\EasyHandle), Object(GuzzleHttp\Handler\CurlFactory))
#3 E:\xampp73\htdocs\filecroco\loader\vendor\guzzlehttp\guzzle\src\Handler\CurlMultiHandler.php(110): GuzzleHttp\Handler\CurlMultiHandler->processMessages()
#4 E:\xampp73\htdocs\filecroco\loader\vendor\guzzlehttp\guzzle\src\Handler\CurlMultiHandler.php(125): GuzzleHttp\Handler\CurlMultiHandler->tick()
#5 E:\xampp73\htdocs\filecroco\loader\vendor\guzzlehttp\promises\src\Promise.php(246): GuzzleHttp\Handler\CurlMultiHandler->execute(true)
#6 E:\xampp73\htdocs\filecroco\loader\vendor\guzzlehttp\promises\src\Promise.php(223): GuzzleHttp\Promise\Promise->invokeWaitFn()
#7 E:\xampp73\htdocs\filecroco\loader\vendor\guzzlehttp\promises\src\Promise.php(267): GuzzleHttp\Promise\Promise->waitIfPending()
#8 E:\xampp73\htdocs\filecroco\loader\vendor\guzzlehttp\promises\src\Promise.php(225): GuzzleHttp\Promise\Promise->invokeWaitList()
#9 E:\xampp73\htdocs\filecroco\loader\vendor\guzzlehttp\promises\src\Promise.php(62): GuzzleHttp\Promise\Promise->waitIfPending()
#10 E:\xampp73\htdocs\filecroco\loader\vendor\guzzlehttp\promises\src\EachPromise.php(101): GuzzleHttp\Promise\Promise->wait()
#11 E:\xampp73\htdocs\filecroco\loader\vendor\guzzlehttp\promises\src\Promise.php(246): GuzzleHttp\Promise\EachPromise->GuzzleHttp\Promise\{closure}(true)
#12 E:\xampp73\htdocs\filecroco\loader\vendor\guzzlehttp\promises\src\Promise.php(223): GuzzleHttp\Promise\Promise->invokeWaitFn()
#13 E:\xampp73\htdocs\filecroco\loader\vendor\guzzlehttp\promises\src\Promise.php(62): GuzzleHttp\Promise\Promise->waitIfPending()
#14 E:\xampp73\htdocs\filecroco\loader\updatedownloadlink.php(95): GuzzleHttp\Promise\Promise->wait()
#15 {main}|597GuzzleHttp\Exception\RequestException: cURL error 56:  (see http://curl.haxx.se/libcurl/c/libcurl-errors.html) in E:\xampp73\htdocs\filecroco\loader\vendor\guzzlehttp\guzzle\src\Handler\CurlFactory.php:186
Stack trace:
#0 E:\xampp73\htdocs\filecroco\loader\vendor\guzzlehttp\guzzle\src\Handler\CurlFactory.php(149): GuzzleHttp\Handler\CurlFactory::createRejection(Object(GuzzleHttp\Handler\EasyHandle), Array)
#1 E:\xampp73\htdocs\filecroco\loader\vendor\guzzlehttp\guzzle\src\Handler\CurlFactory.php(102): GuzzleHttp\Handler\CurlFactory::finishError(Object(GuzzleHttp\Handler\CurlMultiHandler), Object(GuzzleHttp\Handler\EasyHandle), Object(GuzzleHttp\Handler\CurlFactory))
#2 E:\xampp73\htdocs\filecroco\loader\vendor\guzzlehttp\guzzle\src\Handler\CurlMultiHandler.php(181): GuzzleHttp\Handler\CurlFactory::finish(Object(GuzzleHttp\Handler\CurlMultiHandler), Object(GuzzleHttp\Handler\EasyHandle), Object(GuzzleHttp\Handler\CurlFactory))
#3 E:\xampp73\htdocs\filecroco\loader\vendor\guzzlehttp\guzzle\src\Handler\CurlMultiHandler.php(110): GuzzleHttp\Handler\CurlMultiHandler->processMessages()
#4 E:\xampp73\htdocs\filecroco\loader\vendor\guzzlehttp\guzzle\src\Handler\CurlMultiHandler.php(125): GuzzleHttp\Handler\CurlMultiHandler->tick()
#5 E:\xampp73\htdocs\filecroco\loader\vendor\guzzlehttp\promises\src\Promise.php(246): GuzzleHttp\Handler\CurlMultiHandler->execute(true)
#6 E:\xampp73\htdocs\filecroco\loader\vendor\guzzlehttp\promises\src\Promise.php(223): GuzzleHttp\Promise\Promise->invokeWaitFn()
#7 E:\xampp73\htdocs\filecroco\loader\vendor\guzzlehttp\promises\src\Promise.php(267): GuzzleHttp\Promise\Promise->waitIfPending()
#8 E:\xampp73\htdocs\filecroco\loader\vendor\guzzlehttp\promises\src\Promise.php(225): GuzzleHttp\Promise\Promise->invokeWaitList()
#9 E:\xampp73\htdocs\filecroco\loader\vendor\guzzlehttp\promises\src\Promise.php(62): GuzzleHttp\Promise\Promise->waitIfPending()
#10 E:\xampp73\htdocs\filecroco\loader\vendor\guzzlehttp\promises\src\EachPromise.php(101): GuzzleHttp\Promise\Promise->wait()
#11 E:\xampp73\htdocs\filecroco\loader\vendor\guzzlehttp\promises\src\Promise.php(246): GuzzleHttp\Promise\EachPromise->GuzzleHttp\Promise\{closure}(true)
#12 E:\xampp73\htdocs\filecroco\loader\vendor\guzzlehttp\promises\src\Promise.php(223): GuzzleHttp\Promise\Promise->invokeWaitFn()
#13 E:\xampp73\htdocs\filecroco\loader\vendor\guzzlehttp\promises\src\Promise.php(62): GuzzleHttp\Promise\Promise->waitIfPending()
#14 E:\xampp73\htdocs\filecroco\loader\updatedownloadlink.php(95): GuzzleHttp\Promise\Promise->wait()
#15 {main}|598GuzzleHttp\Exception\RequestException: cURL error 56:  (see http://curl.haxx.se/libcurl/c/libcurl-errors.html) in E:\xampp73\htdocs\filecroco\loader\vendor\guzzlehttp\guzzle\src\Handler\CurlFactory.php:186
Stack trace:
#0 E:\xampp73\htdocs\filecroco\loader\vendor\guzzlehttp\guzzle\src\Handler\CurlFactory.php(149): GuzzleHttp\Handler\CurlFactory::createRejection(Object(GuzzleHttp\Handler\EasyHandle), Array)
#1 E:\xampp73\htdocs\filecroco\loader\vendor\guzzlehttp\guzzle\src\Handler\CurlFactory.php(102): GuzzleHttp\Handler\CurlFactory::finishError(Object(GuzzleHttp\Handler\CurlMultiHandler), Object(GuzzleHttp\Handler\EasyHandle), Object(GuzzleHttp\Handler\CurlFactory))
#2 E:\xampp73\htdocs\filecroco\loader\vendor\guzzlehttp\guzzle\src\Handler\CurlMultiHandler.php(181): GuzzleHttp\Handler\CurlFactory::finish(Object(GuzzleHttp\Handler\CurlMultiHandler), Object(GuzzleHttp\Handler\EasyHandle), Object(GuzzleHttp\Handler\CurlFactory))
#3 E:\xampp73\htdocs\filecroco\loader\vendor\guzzlehttp\guzzle\src\Handler\CurlMultiHandler.php(110): GuzzleHttp\Handler\CurlMultiHandler->processMessages()
#4 E:\xampp73\htdocs\filecroco\loader\vendor\guzzlehttp\guzzle\src\Handler\CurlMultiHandler.php(125): GuzzleHttp\Handler\CurlMultiHandler->tick()
#5 E:\xampp73\htdocs\filecroco\loader\vendor\guzzlehttp\promises\src\Promise.php(246): GuzzleHttp\Handler\CurlMultiHandler->execute(true)
#6 E:\xampp73\htdocs\filecroco\loader\vendor\guzzlehttp\promises\src\Promise.php(223): GuzzleHttp\Promise\Promise->invokeWaitFn()
#7 E:\xampp73\htdocs\filecroco\loader\vendor\guzzlehttp\promises\src\Promise.php(267): GuzzleHttp\Promise\Promise->waitIfPending()
#8 E:\xampp73\htdocs\filecroco\loader\vendor\guzzlehttp\promises\src\Promise.php(225): GuzzleHttp\Promise\Promise->invokeWaitList()
#9 E:\xampp73\htdocs\filecroco\loader\vendor\guzzlehttp\promises\src\Promise.php(62): GuzzleHttp\Promise\Promise->waitIfPending()
#10 E:\xampp73\htdocs\filecroco\loader\vendor\guzzlehttp\promises\src\EachPromise.php(101): GuzzleHttp\Promise\Promise->wait()
#11 E:\xampp73\htdocs\filecroco\loader\vendor\guzzlehttp\promises\src\Promise.php(246): GuzzleHttp\Promise\EachPromise->GuzzleHttp\Promise\{closure}(true)
#12 E:\xampp73\htdocs\filecroco\loader\vendor\guzzlehttp\promises\src\Promise.php(223): GuzzleHttp\Promise\Promise->invokeWaitFn()
#13 E:\xampp73\htdocs\filecroco\loader\vendor\guzzlehttp\promises\src\Promise.php(62): GuzzleHttp\Promise\Promise->waitIfPending()
#14 E:\xampp73\htdocs\filecroco\loader\updatedownloadlink.php(95): GuzzleHttp\Promise\Promise->wait()
#15 {main}|599GuzzleHttp\Exception\RequestException: cURL error 56:  (see http://curl.haxx.se/libcurl/c/libcurl-errors.html) in E:\xampp73\htdocs\filecroco\loader\vendor\guzzlehttp\guzzle\src\Handler\CurlFactory.php:186
Stack trace:
#0 E:\xampp73\htdocs\filecroco\loader\vendor\guzzlehttp\guzzle\src\Handler\CurlFactory.php(149): GuzzleHttp\Handler\CurlFactory::createRejection(Object(GuzzleHttp\Handler\EasyHandle), Array)
#1 E:\xampp73\htdocs\filecroco\loader\vendor\guzzlehttp\guzzle\src\Handler\CurlFactory.php(102): GuzzleHttp\Handler\CurlFactory::finishError(Object(GuzzleHttp\Handler\CurlMultiHandler), Object(GuzzleHttp\Handler\EasyHandle), Object(GuzzleHttp\Handler\CurlFactory))
#2 E:\xampp73\htdocs\filecroco\loader\vendor\guzzlehttp\guzzle\src\Handler\CurlMultiHandler.php(181): GuzzleHttp\Handler\CurlFactory::finish(Object(GuzzleHttp\Handler\CurlMultiHandler), Object(GuzzleHttp\Handler\EasyHandle), Object(GuzzleHttp\Handler\CurlFactory))
#3 E:\xampp73\htdocs\filecroco\loader\vendor\guzzlehttp\guzzle\src\Handler\CurlMultiHandler.php(110): GuzzleHttp\Handler\CurlMultiHandler->processMessages()
#4 E:\xampp73\htdocs\filecroco\loader\vendor\guzzlehttp\guzzle\src\Handler\CurlMultiHandler.php(125): GuzzleHttp\Handler\CurlMultiHandler->tick()
#5 E:\xampp73\htdocs\filecroco\loader\vendor\guzzlehttp\promises\src\Promise.php(246): GuzzleHttp\Handler\CurlMultiHandler->execute(true)
#6 E:\xampp73\htdocs\filecroco\loader\vendor\guzzlehttp\promises\src\Promise.php(223): GuzzleHttp\Promise\Promise->invokeWaitFn()
#7 E:\xampp73\htdocs\filecroco\loader\vendor\guzzlehttp\promises\src\Promise.php(267): GuzzleHttp\Promise\Promise->waitIfPending()
#8 E:\xampp73\htdocs\filecroco\loader\vendor\guzzlehttp\promises\src\Promise.php(225): GuzzleHttp\Promise\Promise->invokeWaitList()
#9 E:\xampp73\htdocs\filecroco\loader\vendor\guzzlehttp\promises\src\Promise.php(62): GuzzleHttp\Promise\Promise->waitIfPending()
#10 E:\xampp73\htdocs\filecroco\loader\vendor\guzzlehttp\promises\src\EachPromise.php(101): GuzzleHttp\Promise\Promise->wait()
#11 E:\xampp73\htdocs\filecroco\loader\vendor\guzzlehttp\promises\src\Promise.php(246): GuzzleHttp\Promise\EachPromise->GuzzleHttp\Promise\{closure}(true)
#12 E:\xampp73\htdocs\filecroco\loader\vendor\guzzlehttp\promises\src\Promise.php(223): GuzzleHttp\Promise\Promise->invokeWaitFn()
#13 E:\xampp73\htdocs\filecroco\loader\vendor\guzzlehttp\promises\src\Promise.php(62): GuzzleHttp\Promise\Promise->waitIfPending()
#14 E:\xampp73\htdocs\filecroco\loader\updatedownloadlink.php(95): GuzzleHttp\Promise\Promise->wait()
#15 {main}|600GuzzleHttp\Exception\RequestException: cURL error 56:  (see http://curl.haxx.se/libcurl/c/libcurl-errors.html) in E:\xampp73\htdocs\filecroco\loader\vendor\guzzlehttp\guzzle\src\Handler\CurlFactory.php:186
Stack trace:
#0 E:\xampp73\htdocs\filecroco\loader\vendor\guzzlehttp\guzzle\src\Handler\CurlFactory.php(149): GuzzleHttp\Handler\CurlFactory::createRejection(Object(GuzzleHttp\Handler\EasyHandle), Array)
#1 E:\xampp73\htdocs\filecroco\loader\vendor\guzzlehttp\guzzle\src\Handler\CurlFactory.php(102): GuzzleHttp\Handler\CurlFactory::finishError(Object(GuzzleHttp\Handler\CurlMultiHandler), Object(GuzzleHttp\Handler\EasyHandle), Object(GuzzleHttp\Handler\CurlFactory))
#2 E:\xampp73\htdocs\filecroco\loader\vendor\guzzlehttp\guzzle\src\Handler\CurlMultiHandler.php(181): GuzzleHttp\Handler\CurlFactory::finish(Object(GuzzleHttp\Handler\CurlMultiHandler), Object(GuzzleHttp\Handler\EasyHandle), Object(GuzzleHttp\Handler\CurlFactory))
#3 E:\xampp73\htdocs\filecroco\loader\vendor\guzzlehttp\guzzle\src\Handler\CurlMultiHandler.php(110): GuzzleHttp\Handler\CurlMultiHandler->processMessages()
#4 E:\xampp73\htdocs\filecroco\loader\vendor\guzzlehttp\guzzle\src\Handler\CurlMultiHandler.php(125): GuzzleHttp\Handler\CurlMultiHandler->tick()
#5 E:\xampp73\htdocs\filecroco\loader\vendor\guzzlehttp\promises\src\Promise.php(246): GuzzleHttp\Handler\CurlMultiHandler->execute(true)
#6 E:\xampp73\htdocs\filecroco\loader\vendor\guzzlehttp\promises\src\Promise.php(223): GuzzleHttp\Promise\Promise->invokeWaitFn()
#7 E:\xampp73\htdocs\filecroco\loader\vendor\guzzlehttp\promises\src\Promise.php(267): GuzzleHttp\Promise\Promise->waitIfPending()
#8 E:\xampp73\htdocs\filecroco\loader\vendor\guzzlehttp\promises\src\Promise.php(225): GuzzleHttp\Promise\Promise->invokeWaitList()
#9 E:\xampp73\htdocs\filecroco\loader\vendor\guzzlehttp\promises\src\Promise.php(62): GuzzleHttp\Promise\Promise->waitIfPending()
#10 E:\xampp73\htdocs\filecroco\loader\vendor\guzzlehttp\promises\src\EachPromise.php(101): GuzzleHttp\Promise\Promise->wait()
#11 E:\xampp73\htdocs\filecroco\loader\vendor\guzzlehttp\promises\src\Promise.php(246): GuzzleHttp\Promise\EachPromise->GuzzleHttp\Promise\{closure}(true)
#12 E:\xampp73\htdocs\filecroco\loader\vendor\guzzlehttp\promises\src\Promise.php(223): GuzzleHttp\Promise\Promise->invokeWaitFn()
#13 E:\xampp73\htdocs\filecroco\loader\vendor\guzzlehttp\promises\src\Promise.php(62): GuzzleHttp\Promise\Promise->waitIfPending()
#14 E:\xampp73\htdocs\filecroco\loader\updatedownloadlink.php(95): GuzzleHttp\Promise\Promise->wait()
#15 {main}|601GuzzleHttp\Exception\RequestException: cURL error 56:  (see http://curl.haxx.se/libcurl/c/libcurl-errors.html) in E:\xampp73\htdocs\filecroco\loader\vendor\guzzlehttp\guzzle\src\Handler\CurlFactory.php:186
Stack trace:
#0 E:\xampp73\htdocs\filecroco\loader\vendor\guzzlehttp\guzzle\src\Handler\CurlFactory.php(149): GuzzleHttp\Handler\CurlFactory::createRejection(Object(GuzzleHttp\Handler\EasyHandle), Array)
#1 E:\xampp73\htdocs\filecroco\loader\vendor\guzzlehttp\guzzle\src\Handler\CurlFactory.php(102): GuzzleHttp\Handler\CurlFactory::finishError(Object(GuzzleHttp\Handler\CurlMultiHandler), Object(GuzzleHttp\Handler\EasyHandle), Object(GuzzleHttp\Handler\CurlFactory))
#2 E:\xampp73\htdocs\filecroco\loader\vendor\guzzlehttp\guzzle\src\Handler\CurlMultiHandler.php(181): GuzzleHttp\Handler\CurlFactory::finish(Object(GuzzleHttp\Handler\CurlMultiHandler), Object(GuzzleHttp\Handler\EasyHandle), Object(GuzzleHttp\Handler\CurlFactory))
#3 E:\xampp73\htdocs\filecroco\loader\vendor\guzzlehttp\guzzle\src\Handler\CurlMultiHandler.php(110): GuzzleHttp\Handler\CurlMultiHandler->processMessages()
#4 E:\xampp73\htdocs\filecroco\loader\vendor\guzzlehttp\guzzle\src\Handler\CurlMultiHandler.php(125): GuzzleHttp\Handler\CurlMultiHandler->tick()
#5 E:\xampp73\htdocs\filecroco\loader\vendor\guzzlehttp\promises\src\Promise.php(246): GuzzleHttp\Handler\CurlMultiHandler->execute(true)
#6 E:\xampp73\htdocs\filecroco\loader\vendor\guzzlehttp\promises\src\Promise.php(223): GuzzleHttp\Promise\Promise->invokeWaitFn()
#7 E:\xampp73\htdocs\filecroco\loader\vendor\guzzlehttp\promises\src\Promise.php(267): GuzzleHttp\Promise\Promise->waitIfPending()
#8 E:\xampp73\htdocs\filecroco\loader\vendor\guzzlehttp\promises\src\Promise.php(225): GuzzleHttp\Promise\Promise->invokeWaitList()
#9 E:\xampp73\htdocs\filecroco\loader\vendor\guzzlehttp\promises\src\Promise.php(62): GuzzleHttp\Promise\Promise->waitIfPending()
#10 E:\xampp73\htdocs\filecroco\loader\vendor\guzzlehttp\promises\src\EachPromise.php(101): GuzzleHttp\Promise\Promise->wait()
#11 E:\xampp73\htdocs\filecroco\loader\vendor\guzzlehttp\promises\src\Promise.php(246): GuzzleHttp\Promise\EachPromise->GuzzleHttp\Promise\{closure}(true)
#12 E:\xampp73\htdocs\filecroco\loader\vendor\guzzlehttp\promises\src\Promise.php(223): GuzzleHttp\Promise\Promise->invokeWaitFn()
#13 E:\xampp73\htdocs\filecroco\loader\vendor\guzzlehttp\promises\src\Promise.php(62): GuzzleHttp\Promise\Promise->waitIfPending()
#14 E:\xampp73\htdocs\filecroco\loader\updatedownloadlink.php(95): GuzzleHttp\Promise\Promise->wait()
#15 {main}|602GuzzleHttp\Exception\RequestException: cURL error 56:  (see http://curl.haxx.se/libcurl/c/libcurl-errors.html) in E:\xampp73\htdocs\filecroco\loader\vendor\guzzlehttp\guzzle\src\Handler\CurlFactory.php:186
Stack trace:
#0 E:\xampp73\htdocs\filecroco\loader\vendor\guzzlehttp\guzzle\src\Handler\CurlFactory.php(149): GuzzleHttp\Handler\CurlFactory::createRejection(Object(GuzzleHttp\Handler\EasyHandle), Array)
#1 E:\xampp73\htdocs\filecroco\loader\vendor\guzzlehttp\guzzle\src\Handler\CurlFactory.php(102): GuzzleHttp\Handler\CurlFactory::finishError(Object(GuzzleHttp\Handler\CurlMultiHandler), Object(GuzzleHttp\Handler\EasyHandle), Object(GuzzleHttp\Handler\CurlFactory))
#2 E:\xampp73\htdocs\filecroco\loader\vendor\guzzlehttp\guzzle\src\Handler\CurlMultiHandler.php(181): GuzzleHttp\Handler\CurlFactory::finish(Object(GuzzleHttp\Handler\CurlMultiHandler), Object(GuzzleHttp\Handler\EasyHandle), Object(GuzzleHttp\Handler\CurlFactory))
#3 E:\xampp73\htdocs\filecroco\loader\vendor\guzzlehttp\guzzle\src\Handler\CurlMultiHandler.php(110): GuzzleHttp\Handler\CurlMultiHandler->processMessages()
#4 E:\xampp73\htdocs\filecroco\loader\vendor\guzzlehttp\guzzle\src\Handler\CurlMultiHandler.php(125): GuzzleHttp\Handler\CurlMultiHandler->tick()
#5 E:\xampp73\htdocs\filecroco\loader\vendor\guzzlehttp\promises\src\Promise.php(246): GuzzleHttp\Handler\CurlMultiHandler->execute(true)
#6 E:\xampp73\htdocs\filecroco\loader\vendor\guzzlehttp\promises\src\Promise.php(223): GuzzleHttp\Promise\Promise->invokeWaitFn()
#7 E:\xampp73\htdocs\filecroco\loader\vendor\guzzlehttp\promises\src\Promise.php(267): GuzzleHttp\Promise\Promise->waitIfPending()
#8 E:\xampp73\htdocs\filecroco\loader\vendor\guzzlehttp\promises\src\Promise.php(225): GuzzleHttp\Promise\Promise->invokeWaitList()
#9 E:\xampp73\htdocs\filecroco\loader\vendor\guzzlehttp\promises\src\Promise.php(62): GuzzleHttp\Promise\Promise->waitIfPending()
#10 E:\xampp73\htdocs\filecroco\loader\vendor\guzzlehttp\promises\src\EachPromise.php(101): GuzzleHttp\Promise\Promise->wait()
#11 E:\xampp73\htdocs\filecroco\loader\vendor\guzzlehttp\promises\src\Promise.php(246): GuzzleHttp\Promise\EachPromise->GuzzleHttp\Promise\{closure}(true)
#12 E:\xampp73\htdocs\filecroco\loader\vendor\guzzlehttp\promises\src\Promise.php(223): GuzzleHttp\Promise\Promise->invokeWaitFn()
#13 E:\xampp73\htdocs\filecroco\loader\vendor\guzzlehttp\promises\src\Promise.php(62): GuzzleHttp\Promise\Promise->waitIfPending()
#14 E:\xampp73\htdocs\filecroco\loader\updatedownloadlink.php(95): GuzzleHttp\Promise\Promise->wait()
#15 {main}|603GuzzleHttp\Exception\RequestException: cURL error 56:  (see http://curl.haxx.se/libcurl/c/libcurl-errors.html) in E:\xampp73\htdocs\filecroco\loader\vendor\guzzlehttp\guzzle\src\Handler\CurlFactory.php:186
Stack trace:
#0 E:\xampp73\htdocs\filecroco\loader\vendor\guzzlehttp\guzzle\src\Handler\CurlFactory.php(149): GuzzleHttp\Handler\CurlFactory::createRejection(Object(GuzzleHttp\Handler\EasyHandle), Array)
#1 E:\xampp73\htdocs\filecroco\loader\vendor\guzzlehttp\guzzle\src\Handler\CurlFactory.php(102): GuzzleHttp\Handler\CurlFactory::finishError(Object(GuzzleHttp\Handler\CurlMultiHandler), Object(GuzzleHttp\Handler\EasyHandle), Object(GuzzleHttp\Handler\CurlFactory))
#2 E:\xampp73\htdocs\filecroco\loader\vendor\guzzlehttp\guzzle\src\Handler\CurlMultiHandler.php(181): GuzzleHttp\Handler\CurlFactory::finish(Object(GuzzleHttp\Handler\CurlMultiHandler), Object(GuzzleHttp\Handler\EasyHandle), Object(GuzzleHttp\Handler\CurlFactory))
#3 E:\xampp73\htdocs\filecroco\loader\vendor\guzzlehttp\guzzle\src\Handler\CurlMultiHandler.php(110): GuzzleHttp\Handler\CurlMultiHandler->processMessages()
#4 E:\xampp73\htdocs\filecroco\loader\vendor\guzzlehttp\guzzle\src\Handler\CurlMultiHandler.php(125): GuzzleHttp\Handler\CurlMultiHandler->tick()
#5 E:\xampp73\htdocs\filecroco\loader\vendor\guzzlehttp\promises\src\Promise.php(246): GuzzleHttp\Handler\CurlMultiHandler->execute(true)
#6 E:\xampp73\htdocs\filecroco\loader\vendor\guzzlehttp\promises\src\Promise.php(223): GuzzleHttp\Promise\Promise->invokeWaitFn()
#7 E:\xampp73\htdocs\filecroco\loader\vendor\guzzlehttp\promises\src\Promise.php(267): GuzzleHttp\Promise\Promise->waitIfPending()
#8 E:\xampp73\htdocs\filecroco\loader\vendor\guzzlehttp\promises\src\Promise.php(225): GuzzleHttp\Promise\Promise->invokeWaitList()
#9 E:\xampp73\htdocs\filecroco\loader\vendor\guzzlehttp\promises\src\Promise.php(62): GuzzleHttp\Promise\Promise->waitIfPending()
#10 E:\xampp73\htdocs\filecroco\loader\vendor\guzzlehttp\promises\src\EachPromise.php(101): GuzzleHttp\Promise\Promise->wait()
#11 E:\xampp73\htdocs\filecroco\loader\vendor\guzzlehttp\promises\src\Promise.php(246): GuzzleHttp\Promise\EachPromise->GuzzleHttp\Promise\{closure}(true)
#12 E:\xampp73\htdocs\filecroco\loader\vendor\guzzlehttp\promises\src\Promise.php(223): GuzzleHttp\Promise\Promise->invokeWaitFn()
#13 E:\xampp73\htdocs\filecroco\loader\vendor\guzzlehttp\promises\src\Promise.php(62): GuzzleHttp\Promise\Promise->waitIfPending()
#14 E:\xampp73\htdocs\filecroco\loader\updatedownloadlink.php(95): GuzzleHttp\Promise\Promise->wait()
#15 {main}|604GuzzleHttp\Exception\RequestException: cURL error 56:  (see http://curl.haxx.se/libcurl/c/libcurl-errors.html) in E:\xampp73\htdocs\filecroco\loader\vendor\guzzlehttp\guzzle\src\Handler\CurlFactory.php:186
Stack trace:
#0 E:\xampp73\htdocs\filecroco\loader\vendor\guzzlehttp\guzzle\src\Handler\CurlFactory.php(149): GuzzleHttp\Handler\CurlFactory::createRejection(Object(GuzzleHttp\Handler\EasyHandle), Array)
#1 E:\xampp73\htdocs\filecroco\loader\vendor\guzzlehttp\guzzle\src\Handler\CurlFactory.php(102): GuzzleHttp\Handler\CurlFactory::finishError(Object(GuzzleHttp\Handler\CurlMultiHandler), Object(GuzzleHttp\Handler\EasyHandle), Object(GuzzleHttp\Handler\CurlFactory))
#2 E:\xampp73\htdocs\filecroco\loader\vendor\guzzlehttp\guzzle\src\Handler\CurlMultiHandler.php(181): GuzzleHttp\Handler\CurlFactory::finish(Object(GuzzleHttp\Handler\CurlMultiHandler), Object(GuzzleHttp\Handler\EasyHandle), Object(GuzzleHttp\Handler\CurlFactory))
#3 E:\xampp73\htdocs\filecroco\loader\vendor\guzzlehttp\guzzle\src\Handler\CurlMultiHandler.php(110): GuzzleHttp\Handler\CurlMultiHandler->processMessages()
#4 E:\xampp73\htdocs\filecroco\loader\vendor\guzzlehttp\guzzle\src\Handler\CurlMultiHandler.php(125): GuzzleHttp\Handler\CurlMultiHandler->tick()
#5 E:\xampp73\htdocs\filecroco\loader\vendor\guzzlehttp\promises\src\Promise.php(246): GuzzleHttp\Handler\CurlMultiHandler->execute(true)
#6 E:\xampp73\htdocs\filecroco\loader\vendor\guzzlehttp\promises\src\Promise.php(223): GuzzleHttp\Promise\Promise->invokeWaitFn()
#7 E:\xampp73\htdocs\filecroco\loader\vendor\guzzlehttp\promises\src\Promise.php(267): GuzzleHttp\Promise\Promise->waitIfPending()
#8 E:\xampp73\htdocs\filecroco\loader\vendor\guzzlehttp\promises\src\Promise.php(225): GuzzleHttp\Promise\Promise->invokeWaitList()
#9 E:\xampp73\htdocs\filecroco\loader\vendor\guzzlehttp\promises\src\Promise.php(62): GuzzleHttp\Promise\Promise->waitIfPending()
#10 E:\xampp73\htdocs\filecroco\loader\vendor\guzzlehttp\promises\src\EachPromise.php(101): GuzzleHttp\Promise\Promise->wait()
#11 E:\xampp73\htdocs\filecroco\loader\vendor\guzzlehttp\promises\src\Promise.php(246): GuzzleHttp\Promise\EachPromise->GuzzleHttp\Promise\{closure}(true)
#12 E:\xampp73\htdocs\filecroco\loader\vendor\guzzlehttp\promises\src\Promise.php(223): GuzzleHttp\Promise\Promise->invokeWaitFn()
#13 E:\xampp73\htdocs\filecroco\loader\vendor\guzzlehttp\promises\src\Promise.php(62): GuzzleHttp\Promise\Promise->waitIfPending()
#14 E:\xampp73\htdocs\filecroco\loader\updatedownloadlink.php(95): GuzzleHttp\Promise\Promise->wait()
#15 {main}|605GuzzleHttp\Exception\RequestException: cURL error 56:  (see http://curl.haxx.se/libcurl/c/libcurl-errors.html) in E:\xampp73\htdocs\filecroco\loader\vendor\guzzlehttp\guzzle\src\Handler\CurlFactory.php:186
Stack trace:
#0 E:\xampp73\htdocs\filecroco\loader\vendor\guzzlehttp\guzzle\src\Handler\CurlFactory.php(149): GuzzleHttp\Handler\CurlFactory::createRejection(Object(GuzzleHttp\Handler\EasyHandle), Array)
#1 E:\xampp73\htdocs\filecroco\loader\vendor\guzzlehttp\guzzle\src\Handler\CurlFactory.php(102): GuzzleHttp\Handler\CurlFactory::finishError(Object(GuzzleHttp\Handler\CurlMultiHandler), Object(GuzzleHttp\Handler\EasyHandle), Object(GuzzleHttp\Handler\CurlFactory))
#2 E:\xampp73\htdocs\filecroco\loader\vendor\guzzlehttp\guzzle\src\Handler\CurlMultiHandler.php(181): GuzzleHttp\Handler\CurlFactory::finish(Object(GuzzleHttp\Handler\CurlMultiHandler), Object(GuzzleHttp\Handler\EasyHandle), Object(GuzzleHttp\Handler\CurlFactory))
#3 E:\xampp73\htdocs\filecroco\loader\vendor\guzzlehttp\guzzle\src\Handler\CurlMultiHandler.php(110): GuzzleHttp\Handler\CurlMultiHandler->processMessages()
#4 E:\xampp73\htdocs\filecroco\loader\vendor\guzzlehttp\guzzle\src\Handler\CurlMultiHandler.php(125): GuzzleHttp\Handler\CurlMultiHandler->tick()
#5 E:\xampp73\htdocs\filecroco\loader\vendor\guzzlehttp\promises\src\Promise.php(246): GuzzleHttp\Handler\CurlMultiHandler->execute(true)
#6 E:\xampp73\htdocs\filecroco\loader\vendor\guzzlehttp\promises\src\Promise.php(223): GuzzleHttp\Promise\Promise->invokeWaitFn()
#7 E:\xampp73\htdocs\filecroco\loader\vendor\guzzlehttp\promises\src\Promise.php(267): GuzzleHttp\Promise\Promise->waitIfPending()
#8 E:\xampp73\htdocs\filecroco\loader\vendor\guzzlehttp\promises\src\Promise.php(225): GuzzleHttp\Promise\Promise->invokeWaitList()
#9 E:\xampp73\htdocs\filecroco\loader\vendor\guzzlehttp\promises\src\Promise.php(62): GuzzleHttp\Promise\Promise->waitIfPending()
#10 E:\xampp73\htdocs\filecroco\loader\vendor\guzzlehttp\promises\src\EachPromise.php(101): GuzzleHttp\Promise\Promise->wait()
#11 E:\xampp73\htdocs\filecroco\loader\vendor\guzzlehttp\promises\src\Promise.php(246): GuzzleHttp\Promise\EachPromise->GuzzleHttp\Promise\{closure}(true)
#12 E:\xampp73\htdocs\filecroco\loader\vendor\guzzlehttp\promises\src\Promise.php(223): GuzzleHttp\Promise\Promise->invokeWaitFn()
#13 E:\xampp73\htdocs\filecroco\loader\vendor\guzzlehttp\promises\src\Promise.php(62): GuzzleHttp\Promise\Promise->waitIfPending()
#14 E:\xampp73\htdocs\filecroco\loader\updatedownloadlink.php(95): GuzzleHttp\Promise\Promise->wait()
#15 {main}|606GuzzleHttp\Exception\RequestException: cURL error 56:  (see http://curl.haxx.se/libcurl/c/libcurl-errors.html) in E:\xampp73\htdocs\filecroco\loader\vendor\guzzlehttp\guzzle\src\Handler\CurlFactory.php:186
Stack trace:
#0 E:\xampp73\htdocs\filecroco\loader\vendor\guzzlehttp\guzzle\src\Handler\CurlFactory.php(149): GuzzleHttp\Handler\CurlFactory::createRejection(Object(GuzzleHttp\Handler\EasyHandle), Array)
#1 E:\xampp73\htdocs\filecroco\loader\vendor\guzzlehttp\guzzle\src\Handler\CurlFactory.php(102): GuzzleHttp\Handler\CurlFactory::finishError(Object(GuzzleHttp\Handler\CurlMultiHandler), Object(GuzzleHttp\Handler\EasyHandle), Object(GuzzleHttp\Handler\CurlFactory))
#2 E:\xampp73\htdocs\filecroco\loader\vendor\guzzlehttp\guzzle\src\Handler\CurlMultiHandler.php(181): GuzzleHttp\Handler\CurlFactory::finish(Object(GuzzleHttp\Handler\CurlMultiHandler), Object(GuzzleHttp\Handler\EasyHandle), Object(GuzzleHttp\Handler\CurlFactory))
#3 E:\xampp73\htdocs\filecroco\loader\vendor\guzzlehttp\guzzle\src\Handler\CurlMultiHandler.php(110): GuzzleHttp\Handler\CurlMultiHandler->processMessages()
#4 E:\xampp73\htdocs\filecroco\loader\vendor\guzzlehttp\guzzle\src\Handler\CurlMultiHandler.php(125): GuzzleHttp\Handler\CurlMultiHandler->tick()
#5 E:\xampp73\htdocs\filecroco\loader\vendor\guzzlehttp\promises\src\Promise.php(246): GuzzleHttp\Handler\CurlMultiHandler->execute(true)
#6 E:\xampp73\htdocs\filecroco\loader\vendor\guzzlehttp\promises\src\Promise.php(223): GuzzleHttp\Promise\Promise->invokeWaitFn()
#7 E:\xampp73\htdocs\filecroco\loader\vendor\guzzlehttp\promises\src\Promise.php(267): GuzzleHttp\Promise\Promise->waitIfPending()
#8 E:\xampp73\htdocs\filecroco\loader\vendor\guzzlehttp\promises\src\Promise.php(225): GuzzleHttp\Promise\Promise->invokeWaitList()
#9 E:\xampp73\htdocs\filecroco\loader\vendor\guzzlehttp\promises\src\Promise.php(62): GuzzleHttp\Promise\Promise->waitIfPending()
#10 E:\xampp73\htdocs\filecroco\loader\vendor\guzzlehttp\promises\src\EachPromise.php(101): GuzzleHttp\Promise\Promise->wait()
#11 E:\xampp73\htdocs\filecroco\loader\vendor\guzzlehttp\promises\src\Promise.php(246): GuzzleHttp\Promise\EachPromise->GuzzleHttp\Promise\{closure}(true)
#12 E:\xampp73\htdocs\filecroco\loader\vendor\guzzlehttp\promises\src\Promise.php(223): GuzzleHttp\Promise\Promise->invokeWaitFn()
#13 E:\xampp73\htdocs\filecroco\loader\vendor\guzzlehttp\promises\src\Promise.php(62): GuzzleHttp\Promise\Promise->waitIfPending()
#14 E:\xampp73\htdocs\filecroco\loader\updatedownloadlink.php(95): GuzzleHttp\Promise\Promise->wait()
#15 {main}|607GuzzleHttp\Exception\RequestException: cURL error 56:  (see http://curl.haxx.se/libcurl/c/libcurl-errors.html) in E:\xampp73\htdocs\filecroco\loader\vendor\guzzlehttp\guzzle\src\Handler\CurlFactory.php:186
Stack trace:
#0 E:\xampp73\htdocs\filecroco\loader\vendor\guzzlehttp\guzzle\src\Handler\CurlFactory.php(149): GuzzleHttp\Handler\CurlFactory::createRejection(Object(GuzzleHttp\Handler\EasyHandle), Array)
#1 E:\xampp73\htdocs\filecroco\loader\vendor\guzzlehttp\guzzle\src\Handler\CurlFactory.php(102): GuzzleHttp\Handler\CurlFactory::finishError(Object(GuzzleHttp\Handler\CurlMultiHandler), Object(GuzzleHttp\Handler\EasyHandle), Object(GuzzleHttp\Handler\CurlFactory))
#2 E:\xampp73\htdocs\filecroco\loader\vendor\guzzlehttp\guzzle\src\Handler\CurlMultiHandler.php(181): GuzzleHttp\Handler\CurlFactory::finish(Object(GuzzleHttp\Handler\CurlMultiHandler), Object(GuzzleHttp\Handler\EasyHandle), Object(GuzzleHttp\Handler\CurlFactory))
#3 E:\xampp73\htdocs\filecroco\loader\vendor\guzzlehttp\guzzle\src\Handler\CurlMultiHandler.php(110): GuzzleHttp\Handler\CurlMultiHandler->processMessages()
#4 E:\xampp73\htdocs\filecroco\loader\vendor\guzzlehttp\guzzle\src\Handler\CurlMultiHandler.php(125): GuzzleHttp\Handler\CurlMultiHandler->tick()
#5 E:\xampp73\htdocs\filecroco\loader\vendor\guzzlehttp\promises\src\Promise.php(246): GuzzleHttp\Handler\CurlMultiHandler->execute(true)
#6 E:\xampp73\htdocs\filecroco\loader\vendor\guzzlehttp\promises\src\Promise.php(223): GuzzleHttp\Promise\Promise->invokeWaitFn()
#7 E:\xampp73\htdocs\filecroco\loader\vendor\guzzlehttp\promises\src\Promise.php(267): GuzzleHttp\Promise\Promise->waitIfPending()
#8 E:\xampp73\htdocs\filecroco\loader\vendor\guzzlehttp\promises\src\Promise.php(225): GuzzleHttp\Promise\Promise->invokeWaitList()
#9 E:\xampp73\htdocs\filecroco\loader\vendor\guzzlehttp\promises\src\Promise.php(62): GuzzleHttp\Promise\Promise->waitIfPending()
#10 E:\xampp73\htdocs\filecroco\loader\vendor\guzzlehttp\promises\src\EachPromise.php(101): GuzzleHttp\Promise\Promise->wait()
#11 E:\xampp73\htdocs\filecroco\loader\vendor\guzzlehttp\promises\src\Promise.php(246): GuzzleHttp\Promise\EachPromise->GuzzleHttp\Promise\{closure}(true)
#12 E:\xampp73\htdocs\filecroco\loader\vendor\guzzlehttp\promises\src\Promise.php(223): GuzzleHttp\Promise\Promise->invokeWaitFn()
#13 E:\xampp73\htdocs\filecroco\loader\vendor\guzzlehttp\promises\src\Promise.php(62): GuzzleHttp\Promise\Promise->waitIfPending()
#14 E:\xampp73\htdocs\filecroco\loader\updatedownloadlink.php(95): GuzzleHttp\Promise\Promise->wait()
#15 {main}|608GuzzleHttp\Exception\RequestException: cURL error 56:  (see http://curl.haxx.se/libcurl/c/libcurl-errors.html) in E:\xampp73\htdocs\filecroco\loader\vendor\guzzlehttp\guzzle\src\Handler\CurlFactory.php:186
Stack trace:
#0 E:\xampp73\htdocs\filecroco\loader\vendor\guzzlehttp\guzzle\src\Handler\CurlFactory.php(149): GuzzleHttp\Handler\CurlFactory::createRejection(Object(GuzzleHttp\Handler\EasyHandle), Array)
#1 E:\xampp73\htdocs\filecroco\loader\vendor\guzzlehttp\guzzle\src\Handler\CurlFactory.php(102): GuzzleHttp\Handler\CurlFactory::finishError(Object(GuzzleHttp\Handler\CurlMultiHandler), Object(GuzzleHttp\Handler\EasyHandle), Object(GuzzleHttp\Handler\CurlFactory))
#2 E:\xampp73\htdocs\filecroco\loader\vendor\guzzlehttp\guzzle\src\Handler\CurlMultiHandler.php(181): GuzzleHttp\Handler\CurlFactory::finish(Object(GuzzleHttp\Handler\CurlMultiHandler), Object(GuzzleHttp\Handler\EasyHandle), Object(GuzzleHttp\Handler\CurlFactory))
#3 E:\xampp73\htdocs\filecroco\loader\vendor\guzzlehttp\guzzle\src\Handler\CurlMultiHandler.php(110): GuzzleHttp\Handler\CurlMultiHandler->processMessages()
#4 E:\xampp73\htdocs\filecroco\loader\vendor\guzzlehttp\guzzle\src\Handler\CurlMultiHandler.php(125): GuzzleHttp\Handler\CurlMultiHandler->tick()
#5 E:\xampp73\htdocs\filecroco\loader\vendor\guzzlehttp\promises\src\Promise.php(246): GuzzleHttp\Handler\CurlMultiHandler->execute(true)
#6 E:\xampp73\htdocs\filecroco\loader\vendor\guzzlehttp\promises\src\Promise.php(223): GuzzleHttp\Promise\Promise->invokeWaitFn()
#7 E:\xampp73\htdocs\filecroco\loader\vendor\guzzlehttp\promises\src\Promise.php(267): GuzzleHttp\Promise\Promise->waitIfPending()
#8 E:\xampp73\htdocs\filecroco\loader\vendor\guzzlehttp\promises\src\Promise.php(225): GuzzleHttp\Promise\Promise->invokeWaitList()
#9 E:\xampp73\htdocs\filecroco\loader\vendor\guzzlehttp\promises\src\Promise.php(62): GuzzleHttp\Promise\Promise->waitIfPending()
#10 E:\xampp73\htdocs\filecroco\loader\vendor\guzzlehttp\promises\src\EachPromise.php(101): GuzzleHttp\Promise\Promise->wait()
#11 E:\xampp73\htdocs\filecroco\loader\vendor\guzzlehttp\promises\src\Promise.php(246): GuzzleHttp\Promise\EachPromise->GuzzleHttp\Promise\{closure}(true)
#12 E:\xampp73\htdocs\filecroco\loader\vendor\guzzlehttp\promises\src\Promise.php(223): GuzzleHttp\Promise\Promise->invokeWaitFn()
#13 E:\xampp73\htdocs\filecroco\loader\vendor\guzzlehttp\promises\src\Promise.php(62): GuzzleHttp\Promise\Promise->waitIfPending()
#14 E:\xampp73\htdocs\filecroco\loader\updatedownloadlink.php(95): GuzzleHttp\Promise\Promise->wait()
#15 {main}|609GuzzleHttp\Exception\RequestException: cURL error 56:  (see http://curl.haxx.se/libcurl/c/libcurl-errors.html) in E:\xampp73\htdocs\filecroco\loader\vendor\guzzlehttp\guzzle\src\Handler\CurlFactory.php:186
Stack trace:
#0 E:\xampp73\htdocs\filecroco\loader\vendor\guzzlehttp\guzzle\src\Handler\CurlFactory.php(149): GuzzleHttp\Handler\CurlFactory::createRejection(Object(GuzzleHttp\Handler\EasyHandle), Array)
#1 E:\xampp73\htdocs\filecroco\loader\vendor\guzzlehttp\guzzle\src\Handler\CurlFactory.php(102): GuzzleHttp\Handler\CurlFactory::finishError(Object(GuzzleHttp\Handler\CurlMultiHandler), Object(GuzzleHttp\Handler\EasyHandle), Object(GuzzleHttp\Handler\CurlFactory))
#2 E:\xampp73\htdocs\filecroco\loader\vendor\guzzlehttp\guzzle\src\Handler\CurlMultiHandler.php(181): GuzzleHttp\Handler\CurlFactory::finish(Object(GuzzleHttp\Handler\CurlMultiHandler), Object(GuzzleHttp\Handler\EasyHandle), Object(GuzzleHttp\Handler\CurlFactory))
#3 E:\xampp73\htdocs\filecroco\loader\vendor\guzzlehttp\guzzle\src\Handler\CurlMultiHandler.php(110): GuzzleHttp\Handler\CurlMultiHandler->processMessages()
#4 E:\xampp73\htdocs\filecroco\loader\vendor\guzzlehttp\guzzle\src\Handler\CurlMultiHandler.php(125): GuzzleHttp\Handler\CurlMultiHandler->tick()
#5 E:\xampp73\htdocs\filecroco\loader\vendor\guzzlehttp\promises\src\Promise.php(246): GuzzleHttp\Handler\CurlMultiHandler->execute(true)
#6 E:\xampp73\htdocs\filecroco\loader\vendor\guzzlehttp\promises\src\Promise.php(223): GuzzleHttp\Promise\Promise->invokeWaitFn()
#7 E:\xampp73\htdocs\filecroco\loader\vendor\guzzlehttp\promises\src\Promise.php(267): GuzzleHttp\Promise\Promise->waitIfPending()
#8 E:\xampp73\htdocs\filecroco\loader\vendor\guzzlehttp\promises\src\Promise.php(225): GuzzleHttp\Promise\Promise->invokeWaitList()
#9 E:\xampp73\htdocs\filecroco\loader\vendor\guzzlehttp\promises\src\Promise.php(62): GuzzleHttp\Promise\Promise->waitIfPending()
#10 E:\xampp73\htdocs\filecroco\loader\vendor\guzzlehttp\promises\src\EachPromise.php(101): GuzzleHttp\Promise\Promise->wait()
#11 E:\xampp73\htdocs\filecroco\loader\vendor\guzzlehttp\promises\src\Promise.php(246): GuzzleHttp\Promise\EachPromise->GuzzleHttp\Promise\{closure}(true)
#12 E:\xampp73\htdocs\filecroco\loader\vendor\guzzlehttp\promises\src\Promise.php(223): GuzzleHttp\Promise\Promise->invokeWaitFn()
#13 E:\xampp73\htdocs\filecroco\loader\vendor\guzzlehttp\promises\src\Promise.php(62): GuzzleHttp\Promise\Promise->waitIfPending()
#14 E:\xampp73\htdocs\filecroco\loader\updatedownloadlink.php(95): GuzzleHttp\Promise\Promise->wait()
#15 {main}|610GuzzleHttp\Exception\RequestException: cURL error 56:  (see http://curl.haxx.se/libcurl/c/libcurl-errors.html) in E:\xampp73\htdocs\filecroco\loader\vendor\guzzlehttp\guzzle\src\Handler\CurlFactory.php:186
Stack trace:
#0 E:\xampp73\htdocs\filecroco\loader\vendor\guzzlehttp\guzzle\src\Handler\CurlFactory.php(149): GuzzleHttp\Handler\CurlFactory::createRejection(Object(GuzzleHttp\Handler\EasyHandle), Array)
#1 E:\xampp73\htdocs\filecroco\loader\vendor\guzzlehttp\guzzle\src\Handler\CurlFactory.php(102): GuzzleHttp\Handler\CurlFactory::finishError(Object(GuzzleHttp\Handler\CurlMultiHandler), Object(GuzzleHttp\Handler\EasyHandle), Object(GuzzleHttp\Handler\CurlFactory))
#2 E:\xampp73\htdocs\filecroco\loader\vendor\guzzlehttp\guzzle\src\Handler\CurlMultiHandler.php(181): GuzzleHttp\Handler\CurlFactory::finish(Object(GuzzleHttp\Handler\CurlMultiHandler), Object(GuzzleHttp\Handler\EasyHandle), Object(GuzzleHttp\Handler\CurlFactory))
#3 E:\xampp73\htdocs\filecroco\loader\vendor\guzzlehttp\guzzle\src\Handler\CurlMultiHandler.php(110): GuzzleHttp\Handler\CurlMultiHandler->processMessages()
#4 E:\xampp73\htdocs\filecroco\loader\vendor\guzzlehttp\guzzle\src\Handler\CurlMultiHandler.php(125): GuzzleHttp\Handler\CurlMultiHandler->tick()
#5 E:\xampp73\htdocs\filecroco\loader\vendor\guzzlehttp\promises\src\Promise.php(246): GuzzleHttp\Handler\CurlMultiHandler->execute(true)
#6 E:\xampp73\htdocs\filecroco\loader\vendor\guzzlehttp\promises\src\Promise.php(223): GuzzleHttp\Promise\Promise->invokeWaitFn()
#7 E:\xampp73\htdocs\filecroco\loader\vendor\guzzlehttp\promises\src\Promise.php(267): GuzzleHttp\Promise\Promise->waitIfPending()
#8 E:\xampp73\htdocs\filecroco\loader\vendor\guzzlehttp\promises\src\Promise.php(225): GuzzleHttp\Promise\Promise->invokeWaitList()
#9 E:\xampp73\htdocs\filecroco\loader\vendor\guzzlehttp\promises\src\Promise.php(62): GuzzleHttp\Promise\Promise->waitIfPending()
#10 E:\xampp73\htdocs\filecroco\loader\vendor\guzzlehttp\promises\src\EachPromise.php(101): GuzzleHttp\Promise\Promise->wait()
#11 E:\xampp73\htdocs\filecroco\loader\vendor\guzzlehttp\promises\src\Promise.php(246): GuzzleHttp\Promise\EachPromise->GuzzleHttp\Promise\{closure}(true)
#12 E:\xampp73\htdocs\filecroco\loader\vendor\guzzlehttp\promises\src\Promise.php(223): GuzzleHttp\Promise\Promise->invokeWaitFn()
#13 E:\xampp73\htdocs\filecroco\loader\vendor\guzzlehttp\promises\src\Promise.php(62): GuzzleHttp\Promise\Promise->waitIfPending()
#14 E:\xampp73\htdocs\filecroco\loader\updatedownloadlink.php(95): GuzzleHttp\Promise\Promise->wait()
#15 {main}|611GuzzleHttp\Exception\RequestException: cURL error 56:  (see http://curl.haxx.se/libcurl/c/libcurl-errors.html) in E:\xampp73\htdocs\filecroco\loader\vendor\guzzlehttp\guzzle\src\Handler\CurlFactory.php:186
Stack trace:
#0 E:\xampp73\htdocs\filecroco\loader\vendor\guzzlehttp\guzzle\src\Handler\CurlFactory.php(149): GuzzleHttp\Handler\CurlFactory::createRejection(Object(GuzzleHttp\Handler\EasyHandle), Array)
#1 E:\xampp73\htdocs\filecroco\loader\vendor\guzzlehttp\guzzle\src\Handler\CurlFactory.php(102): GuzzleHttp\Handler\CurlFactory::finishError(Object(GuzzleHttp\Handler\CurlMultiHandler), Object(GuzzleHttp\Handler\EasyHandle), Object(GuzzleHttp\Handler\CurlFactory))
#2 E:\xampp73\htdocs\filecroco\loader\vendor\guzzlehttp\guzzle\src\Handler\CurlMultiHandler.php(181): GuzzleHttp\Handler\CurlFactory::finish(Object(GuzzleHttp\Handler\CurlMultiHandler), Object(GuzzleHttp\Handler\EasyHandle), Object(GuzzleHttp\Handler\CurlFactory))
#3 E:\xampp73\htdocs\filecroco\loader\vendor\guzzlehttp\guzzle\src\Handler\CurlMultiHandler.php(110): GuzzleHttp\Handler\CurlMultiHandler->processMessages()
#4 E:\xampp73\htdocs\filecroco\loader\vendor\guzzlehttp\guzzle\src\Handler\CurlMultiHandler.php(125): GuzzleHttp\Handler\CurlMultiHandler->tick()
#5 E:\xampp73\htdocs\filecroco\loader\vendor\guzzlehttp\promises\src\Promise.php(246): GuzzleHttp\Handler\CurlMultiHandler->execute(true)
#6 E:\xampp73\htdocs\filecroco\loader\vendor\guzzlehttp\promises\src\Promise.php(223): GuzzleHttp\Promise\Promise->invokeWaitFn()
#7 E:\xampp73\htdocs\filecroco\loader\vendor\guzzlehttp\promises\src\Promise.php(267): GuzzleHttp\Promise\Promise->waitIfPending()
#8 E:\xampp73\htdocs\filecroco\loader\vendor\guzzlehttp\promises\src\Promise.php(225): GuzzleHttp\Promise\Promise->invokeWaitList()
#9 E:\xampp73\htdocs\filecroco\loader\vendor\guzzlehttp\promises\src\Promise.php(62): GuzzleHttp\Promise\Promise->waitIfPending()
#10 E:\xampp73\htdocs\filecroco\loader\vendor\guzzlehttp\promises\src\EachPromise.php(101): GuzzleHttp\Promise\Promise->wait()
#11 E:\xampp73\htdocs\filecroco\loader\vendor\guzzlehttp\promises\src\Promise.php(246): GuzzleHttp\Promise\EachPromise->GuzzleHttp\Promise\{closure}(true)
#12 E:\xampp73\htdocs\filecroco\loader\vendor\guzzlehttp\promises\src\Promise.php(223): GuzzleHttp\Promise\Promise->invokeWaitFn()
#13 E:\xampp73\htdocs\filecroco\loader\vendor\guzzlehttp\promises\src\Promise.php(62): GuzzleHttp\Promise\Promise->waitIfPending()
#14 E:\xampp73\htdocs\filecroco\loader\updatedownloadlink.php(95): GuzzleHttp\Promise\Promise->wait()
#15 {main}|612GuzzleHttp\Exception\RequestException: cURL error 56:  (see http://curl.haxx.se/libcurl/c/libcurl-errors.html) in E:\xampp73\htdocs\filecroco\loader\vendor\guzzlehttp\guzzle\src\Handler\CurlFactory.php:186
Stack trace:
#0 E:\xampp73\htdocs\filecroco\loader\vendor\guzzlehttp\guzzle\src\Handler\CurlFactory.php(149): GuzzleHttp\Handler\CurlFactory::createRejection(Object(GuzzleHttp\Handler\EasyHandle), Array)
#1 E:\xampp73\htdocs\filecroco\loader\vendor\guzzlehttp\guzzle\src\Handler\CurlFactory.php(102): GuzzleHttp\Handler\CurlFactory::finishError(Object(GuzzleHttp\Handler\CurlMultiHandler), Object(GuzzleHttp\Handler\EasyHandle), Object(GuzzleHttp\Handler\CurlFactory))
#2 E:\xampp73\htdocs\filecroco\loader\vendor\guzzlehttp\guzzle\src\Handler\CurlMultiHandler.php(181): GuzzleHttp\Handler\CurlFactory::finish(Object(GuzzleHttp\Handler\CurlMultiHandler), Object(GuzzleHttp\Handler\EasyHandle), Object(GuzzleHttp\Handler\CurlFactory))
#3 E:\xampp73\htdocs\filecroco\loader\vendor\guzzlehttp\guzzle\src\Handler\CurlMultiHandler.php(110): GuzzleHttp\Handler\CurlMultiHandler->processMessages()
#4 E:\xampp73\htdocs\filecroco\loader\vendor\guzzlehttp\guzzle\src\Handler\CurlMultiHandler.php(125): GuzzleHttp\Handler\CurlMultiHandler->tick()
#5 E:\xampp73\htdocs\filecroco\loader\vendor\guzzlehttp\promises\src\Promise.php(246): GuzzleHttp\Handler\CurlMultiHandler->execute(true)
#6 E:\xampp73\htdocs\filecroco\loader\vendor\guzzlehttp\promises\src\Promise.php(223): GuzzleHttp\Promise\Promise->invokeWaitFn()
#7 E:\xampp73\htdocs\filecroco\loader\vendor\guzzlehttp\promises\src\Promise.php(267): GuzzleHttp\Promise\Promise->waitIfPending()
#8 E:\xampp73\htdocs\filecroco\loader\vendor\guzzlehttp\promises\src\Promise.php(225): GuzzleHttp\Promise\Promise->invokeWaitList()
#9 E:\xampp73\htdocs\filecroco\loader\vendor\guzzlehttp\promises\src\Promise.php(62): GuzzleHttp\Promise\Promise->waitIfPending()
#10 E:\xampp73\htdocs\filecroco\loader\vendor\guzzlehttp\promises\src\EachPromise.php(101): GuzzleHttp\Promise\Promise->wait()
#11 E:\xampp73\htdocs\filecroco\loader\vendor\guzzlehttp\promises\src\Promise.php(246): GuzzleHttp\Promise\EachPromise->GuzzleHttp\Promise\{closure}(true)
#12 E:\xampp73\htdocs\filecroco\loader\vendor\guzzlehttp\promises\src\Promise.php(223): GuzzleHttp\Promise\Promise->invokeWaitFn()
#13 E:\xampp73\htdocs\filecroco\loader\vendor\guzzlehttp\promises\src\Promise.php(62): GuzzleHttp\Promise\Promise->waitIfPending()
#14 E:\xampp73\htdocs\filecroco\loader\updatedownloadlink.php(95): GuzzleHttp\Promise\Promise->wait()
#15 {main}|613GuzzleHttp\Exception\RequestException: cURL error 56:  (see http://curl.haxx.se/libcurl/c/libcurl-errors.html) in E:\xampp73\htdocs\filecroco\loader\vendor\guzzlehttp\guzzle\src\Handler\CurlFactory.php:186
Stack trace:
#0 E:\xampp73\htdocs\filecroco\loader\vendor\guzzlehttp\guzzle\src\Handler\CurlFactory.php(149): GuzzleHttp\Handler\CurlFactory::createRejection(Object(GuzzleHttp\Handler\EasyHandle), Array)
#1 E:\xampp73\htdocs\filecroco\loader\vendor\guzzlehttp\guzzle\src\Handler\CurlFactory.php(102): GuzzleHttp\Handler\CurlFactory::finishError(Object(GuzzleHttp\Handler\CurlMultiHandler), Object(GuzzleHttp\Handler\EasyHandle), Object(GuzzleHttp\Handler\CurlFactory))
#2 E:\xampp73\htdocs\filecroco\loader\vendor\guzzlehttp\guzzle\src\Handler\CurlMultiHandler.php(181): GuzzleHttp\Handler\CurlFactory::finish(Object(GuzzleHttp\Handler\CurlMultiHandler), Object(GuzzleHttp\Handler\EasyHandle), Object(GuzzleHttp\Handler\CurlFactory))
#3 E:\xampp73\htdocs\filecroco\loader\vendor\guzzlehttp\guzzle\src\Handler\CurlMultiHandler.php(110): GuzzleHttp\Handler\CurlMultiHandler->processMessages()
#4 E:\xampp73\htdocs\filecroco\loader\vendor\guzzlehttp\guzzle\src\Handler\CurlMultiHandler.php(125): GuzzleHttp\Handler\CurlMultiHandler->tick()
#5 E:\xampp73\htdocs\filecroco\loader\vendor\guzzlehttp\promises\src\Promise.php(246): GuzzleHttp\Handler\CurlMultiHandler->execute(true)
#6 E:\xampp73\htdocs\filecroco\loader\vendor\guzzlehttp\promises\src\Promise.php(223): GuzzleHttp\Promise\Promise->invokeWaitFn()
#7 E:\xampp73\htdocs\filecroco\loader\vendor\guzzlehttp\promises\src\Promise.php(267): GuzzleHttp\Promise\Promise->waitIfPending()
#8 E:\xampp73\htdocs\filecroco\loader\vendor\guzzlehttp\promises\src\Promise.php(225): GuzzleHttp\Promise\Promise->invokeWaitList()
#9 E:\xampp73\htdocs\filecroco\loader\vendor\guzzlehttp\promises\src\Promise.php(62): GuzzleHttp\Promise\Promise->waitIfPending()
#10 E:\xampp73\htdocs\filecroco\loader\vendor\guzzlehttp\promises\src\EachPromise.php(101): GuzzleHttp\Promise\Promise->wait()
#11 E:\xampp73\htdocs\filecroco\loader\vendor\guzzlehttp\promises\src\Promise.php(246): GuzzleHttp\Promise\EachPromise->GuzzleHttp\Promise\{closure}(true)
#12 E:\xampp73\htdocs\filecroco\loader\vendor\guzzlehttp\promises\src\Promise.php(223): GuzzleHttp\Promise\Promise->invokeWaitFn()
#13 E:\xampp73\htdocs\filecroco\loader\vendor\guzzlehttp\promises\src\Promise.php(62): GuzzleHttp\Promise\Promise->waitIfPending()
#14 E:\xampp73\htdocs\filecroco\loader\updatedownloadlink.php(95): GuzzleHttp\Promise\Promise->wait()
#15 {main}|614GuzzleHttp\Exception\RequestException: cURL error 56:  (see http://curl.haxx.se/libcurl/c/libcurl-errors.html) in E:\xampp73\htdocs\filecroco\loader\vendor\guzzlehttp\guzzle\src\Handler\CurlFactory.php:186
Stack trace:
#0 E:\xampp73\htdocs\filecroco\loader\vendor\guzzlehttp\guzzle\src\Handler\CurlFactory.php(149): GuzzleHttp\Handler\CurlFactory::createRejection(Object(GuzzleHttp\Handler\EasyHandle), Array)
#1 E:\xampp73\htdocs\filecroco\loader\vendor\guzzlehttp\guzzle\src\Handler\CurlFactory.php(102): GuzzleHttp\Handler\CurlFactory::finishError(Object(GuzzleHttp\Handler\CurlMultiHandler), Object(GuzzleHttp\Handler\EasyHandle), Object(GuzzleHttp\Handler\CurlFactory))
#2 E:\xampp73\htdocs\filecroco\loader\vendor\guzzlehttp\guzzle\src\Handler\CurlMultiHandler.php(181): GuzzleHttp\Handler\CurlFactory::finish(Object(GuzzleHttp\Handler\CurlMultiHandler), Object(GuzzleHttp\Handler\EasyHandle), Object(GuzzleHttp\Handler\CurlFactory))
#3 E:\xampp73\htdocs\filecroco\loader\vendor\guzzlehttp\guzzle\src\Handler\CurlMultiHandler.php(110): GuzzleHttp\Handler\CurlMultiHandler->processMessages()
#4 E:\xampp73\htdocs\filecroco\loader\vendor\guzzlehttp\guzzle\src\Handler\CurlMultiHandler.php(125): GuzzleHttp\Handler\CurlMultiHandler->tick()
#5 E:\xampp73\htdocs\filecroco\loader\vendor\guzzlehttp\promises\src\Promise.php(246): GuzzleHttp\Handler\CurlMultiHandler->execute(true)
#6 E:\xampp73\htdocs\filecroco\loader\vendor\guzzlehttp\promises\src\Promise.php(223): GuzzleHttp\Promise\Promise->invokeWaitFn()
#7 E:\xampp73\htdocs\filecroco\loader\vendor\guzzlehttp\promises\src\Promise.php(267): GuzzleHttp\Promise\Promise->waitIfPending()
#8 E:\xampp73\htdocs\filecroco\loader\vendor\guzzlehttp\promises\src\Promise.php(225): GuzzleHttp\Promise\Promise->invokeWaitList()
#9 E:\xampp73\htdocs\filecroco\loader\vendor\guzzlehttp\promises\src\Promise.php(62): GuzzleHttp\Promise\Promise->waitIfPending()
#10 E:\xampp73\htdocs\filecroco\loader\vendor\guzzlehttp\promises\src\EachPromise.php(101): GuzzleHttp\Promise\Promise->wait()
#11 E:\xampp73\htdocs\filecroco\loader\vendor\guzzlehttp\promises\src\Promise.php(246): GuzzleHttp\Promise\EachPromise->GuzzleHttp\Promise\{closure}(true)
#12 E:\xampp73\htdocs\filecroco\loader\vendor\guzzlehttp\promises\src\Promise.php(223): GuzzleHttp\Promise\Promise->invokeWaitFn()
#13 E:\xampp73\htdocs\filecroco\loader\vendor\guzzlehttp\promises\src\Promise.php(62): GuzzleHttp\Promise\Promise->waitIfPending()
#14 E:\xampp73\htdocs\filecroco\loader\updatedownloadlink.php(95): GuzzleHttp\Promise\Promise->wait()
#15 {main}|615GuzzleHttp\Exception\RequestException: cURL error 56:  (see http://curl.haxx.se/libcurl/c/libcurl-errors.html) in E:\xampp73\htdocs\filecroco\loader\vendor\guzzlehttp\guzzle\src\Handler\CurlFactory.php:186
Stack trace:
#0 E:\xampp73\htdocs\filecroco\loader\vendor\guzzlehttp\guzzle\src\Handler\CurlFactory.php(149): GuzzleHttp\Handler\CurlFactory::createRejection(Object(GuzzleHttp\Handler\EasyHandle), Array)
#1 E:\xampp73\htdocs\filecroco\loader\vendor\guzzlehttp\guzzle\src\Handler\CurlFactory.php(102): GuzzleHttp\Handler\CurlFactory::finishError(Object(GuzzleHttp\Handler\CurlMultiHandler), Object(GuzzleHttp\Handler\EasyHandle), Object(GuzzleHttp\Handler\CurlFactory))
#2 E:\xampp73\htdocs\filecroco\loader\vendor\guzzlehttp\guzzle\src\Handler\CurlMultiHandler.php(181): GuzzleHttp\Handler\CurlFactory::finish(Object(GuzzleHttp\Handler\CurlMultiHandler), Object(GuzzleHttp\Handler\EasyHandle), Object(GuzzleHttp\Handler\CurlFactory))
#3 E:\xampp73\htdocs\filecroco\loader\vendor\guzzlehttp\guzzle\src\Handler\CurlMultiHandler.php(110): GuzzleHttp\Handler\CurlMultiHandler->processMessages()
#4 E:\xampp73\htdocs\filecroco\loader\vendor\guzzlehttp\guzzle\src\Handler\CurlMultiHandler.php(125): GuzzleHttp\Handler\CurlMultiHandler->tick()
#5 E:\xampp73\htdocs\filecroco\loader\vendor\guzzlehttp\promises\src\Promise.php(246): GuzzleHttp\Handler\CurlMultiHandler->execute(true)
#6 E:\xampp73\htdocs\filecroco\loader\vendor\guzzlehttp\promises\src\Promise.php(223): GuzzleHttp\Promise\Promise->invokeWaitFn()
#7 E:\xampp73\htdocs\filecroco\loader\vendor\guzzlehttp\promises\src\Promise.php(267): GuzzleHttp\Promise\Promise->waitIfPending()
#8 E:\xampp73\htdocs\filecroco\loader\vendor\guzzlehttp\promises\src\Promise.php(225): GuzzleHttp\Promise\Promise->invokeWaitList()
#9 E:\xampp73\htdocs\filecroco\loader\vendor\guzzlehttp\promises\src\Promise.php(62): GuzzleHttp\Promise\Promise->waitIfPending()
#10 E:\xampp73\htdocs\filecroco\loader\vendor\guzzlehttp\promises\src\EachPromise.php(101): GuzzleHttp\Promise\Promise->wait()
#11 E:\xampp73\htdocs\filecroco\loader\vendor\guzzlehttp\promises\src\Promise.php(246): GuzzleHttp\Promise\EachPromise->GuzzleHttp\Promise\{closure}(true)
#12 E:\xampp73\htdocs\filecroco\loader\vendor\guzzlehttp\promises\src\Promise.php(223): GuzzleHttp\Promise\Promise->invokeWaitFn()
#13 E:\xampp73\htdocs\filecroco\loader\vendor\guzzlehttp\promises\src\Promise.php(62): GuzzleHttp\Promise\Promise->waitIfPending()
#14 E:\xampp73\htdocs\filecroco\loader\updatedownloadlink.php(95): GuzzleHttp\Promise\Promise->wait()
#15 {main}|616GuzzleHttp\Exception\RequestException: cURL error 56:  (see http://curl.haxx.se/libcurl/c/libcurl-errors.html) in E:\xampp73\htdocs\filecroco\loader\vendor\guzzlehttp\guzzle\src\Handler\CurlFactory.php:186
Stack trace:
#0 E:\xampp73\htdocs\filecroco\loader\vendor\guzzlehttp\guzzle\src\Handler\CurlFactory.php(149): GuzzleHttp\Handler\CurlFactory::createRejection(Object(GuzzleHttp\Handler\EasyHandle), Array)
#1 E:\xampp73\htdocs\filecroco\loader\vendor\guzzlehttp\guzzle\src\Handler\CurlFactory.php(102): GuzzleHttp\Handler\CurlFactory::finishError(Object(GuzzleHttp\Handler\CurlMultiHandler), Object(GuzzleHttp\Handler\EasyHandle), Object(GuzzleHttp\Handler\CurlFactory))
#2 E:\xampp73\htdocs\filecroco\loader\vendor\guzzlehttp\guzzle\src\Handler\CurlMultiHandler.php(181): GuzzleHttp\Handler\CurlFactory::finish(Object(GuzzleHttp\Handler\CurlMultiHandler), Object(GuzzleHttp\Handler\EasyHandle), Object(GuzzleHttp\Handler\CurlFactory))
#3 E:\xampp73\htdocs\filecroco\loader\vendor\guzzlehttp\guzzle\src\Handler\CurlMultiHandler.php(110): GuzzleHttp\Handler\CurlMultiHandler->processMessages()
#4 E:\xampp73\htdocs\filecroco\loader\vendor\guzzlehttp\guzzle\src\Handler\CurlMultiHandler.php(125): GuzzleHttp\Handler\CurlMultiHandler->tick()
#5 E:\xampp73\htdocs\filecroco\loader\vendor\guzzlehttp\promises\src\Promise.php(246): GuzzleHttp\Handler\CurlMultiHandler->execute(true)
#6 E:\xampp73\htdocs\filecroco\loader\vendor\guzzlehttp\promises\src\Promise.php(223): GuzzleHttp\Promise\Promise->invokeWaitFn()
#7 E:\xampp73\htdocs\filecroco\loader\vendor\guzzlehttp\promises\src\Promise.php(267): GuzzleHttp\Promise\Promise->waitIfPending()
#8 E:\xampp73\htdocs\filecroco\loader\vendor\guzzlehttp\promises\src\Promise.php(225): GuzzleHttp\Promise\Promise->invokeWaitList()
#9 E:\xampp73\htdocs\filecroco\loader\vendor\guzzlehttp\promises\src\Promise.php(62): GuzzleHttp\Promise\Promise->waitIfPending()
#10 E:\xampp73\htdocs\filecroco\loader\vendor\guzzlehttp\promises\src\EachPromise.php(101): GuzzleHttp\Promise\Promise->wait()
#11 E:\xampp73\htdocs\filecroco\loader\vendor\guzzlehttp\promises\src\Promise.php(246): GuzzleHttp\Promise\EachPromise->GuzzleHttp\Promise\{closure}(true)
#12 E:\xampp73\htdocs\filecroco\loader\vendor\guzzlehttp\promises\src\Promise.php(223): GuzzleHttp\Promise\Promise->invokeWaitFn()
#13 E:\xampp73\htdocs\filecroco\loader\vendor\guzzlehttp\promises\src\Promise.php(62): GuzzleHttp\Promise\Promise->waitIfPending()
#14 E:\xampp73\htdocs\filecroco\loader\updatedownloadlink.php(95): GuzzleHttp\Promise\Promise->wait()
#15 {main}|617GuzzleHttp\Exception\RequestException: cURL error 56:  (see http://curl.haxx.se/libcurl/c/libcurl-errors.html) in E:\xampp73\htdocs\filecroco\loader\vendor\guzzlehttp\guzzle\src\Handler\CurlFactory.php:186
Stack trace:
#0 E:\xampp73\htdocs\filecroco\loader\vendor\guzzlehttp\guzzle\src\Handler\CurlFactory.php(149): GuzzleHttp\Handler\CurlFactory::createRejection(Object(GuzzleHttp\Handler\EasyHandle), Array)
#1 E:\xampp73\htdocs\filecroco\loader\vendor\guzzlehttp\guzzle\src\Handler\CurlFactory.php(102): GuzzleHttp\Handler\CurlFactory::finishError(Object(GuzzleHttp\Handler\CurlMultiHandler), Object(GuzzleHttp\Handler\EasyHandle), Object(GuzzleHttp\Handler\CurlFactory))
#2 E:\xampp73\htdocs\filecroco\loader\vendor\guzzlehttp\guzzle\src\Handler\CurlMultiHandler.php(181): GuzzleHttp\Handler\CurlFactory::finish(Object(GuzzleHttp\Handler\CurlMultiHandler), Object(GuzzleHttp\Handler\EasyHandle), Object(GuzzleHttp\Handler\CurlFactory))
#3 E:\xampp73\htdocs\filecroco\loader\vendor\guzzlehttp\guzzle\src\Handler\CurlMultiHandler.php(110): GuzzleHttp\Handler\CurlMultiHandler->processMessages()
#4 E:\xampp73\htdocs\filecroco\loader\vendor\guzzlehttp\guzzle\src\Handler\CurlMultiHandler.php(125): GuzzleHttp\Handler\CurlMultiHandler->tick()
#5 E:\xampp73\htdocs\filecroco\loader\vendor\guzzlehttp\promises\src\Promise.php(246): GuzzleHttp\Handler\CurlMultiHandler->execute(true)
#6 E:\xampp73\htdocs\filecroco\loader\vendor\guzzlehttp\promises\src\Promise.php(223): GuzzleHttp\Promise\Promise->invokeWaitFn()
#7 E:\xampp73\htdocs\filecroco\loader\vendor\guzzlehttp\promises\src\Promise.php(267): GuzzleHttp\Promise\Promise->waitIfPending()
#8 E:\xampp73\htdocs\filecroco\loader\vendor\guzzlehttp\promises\src\Promise.php(225): GuzzleHttp\Promise\Promise->invokeWaitList()
#9 E:\xampp73\htdocs\filecroco\loader\vendor\guzzlehttp\promises\src\Promise.php(62): GuzzleHttp\Promise\Promise->waitIfPending()
#10 E:\xampp73\htdocs\filecroco\loader\vendor\guzzlehttp\promises\src\EachPromise.php(101): GuzzleHttp\Promise\Promise->wait()
#11 E:\xampp73\htdocs\filecroco\loader\vendor\guzzlehttp\promises\src\Promise.php(246): GuzzleHttp\Promise\EachPromise->GuzzleHttp\Promise\{closure}(true)
#12 E:\xampp73\htdocs\filecroco\loader\vendor\guzzlehttp\promises\src\Promise.php(223): GuzzleHttp\Promise\Promise->invokeWaitFn()
#13 E:\xampp73\htdocs\filecroco\loader\vendor\guzzlehttp\promises\src\Promise.php(62): GuzzleHttp\Promise\Promise->waitIfPending()
#14 E:\xampp73\htdocs\filecroco\loader\updatedownloadlink.php(95): GuzzleHttp\Promise\Promise->wait()
#15 {main}|618GuzzleHttp\Exception\RequestException: cURL error 56:  (see http://curl.haxx.se/libcurl/c/libcurl-errors.html) in E:\xampp73\htdocs\filecroco\loader\vendor\guzzlehttp\guzzle\src\Handler\CurlFactory.php:186
Stack trace:
#0 E:\xampp73\htdocs\filecroco\loader\vendor\guzzlehttp\guzzle\src\Handler\CurlFactory.php(149): GuzzleHttp\Handler\CurlFactory::createRejection(Object(GuzzleHttp\Handler\EasyHandle), Array)
#1 E:\xampp73\htdocs\filecroco\loader\vendor\guzzlehttp\guzzle\src\Handler\CurlFactory.php(102): GuzzleHttp\Handler\CurlFactory::finishError(Object(GuzzleHttp\Handler\CurlMultiHandler), Object(GuzzleHttp\Handler\EasyHandle), Object(GuzzleHttp\Handler\CurlFactory))
#2 E:\xampp73\htdocs\filecroco\loader\vendor\guzzlehttp\guzzle\src\Handler\CurlMultiHandler.php(181): GuzzleHttp\Handler\CurlFactory::finish(Object(GuzzleHttp\Handler\CurlMultiHandler), Object(GuzzleHttp\Handler\EasyHandle), Object(GuzzleHttp\Handler\CurlFactory))
#3 E:\xampp73\htdocs\filecroco\loader\vendor\guzzlehttp\guzzle\src\Handler\CurlMultiHandler.php(110): GuzzleHttp\Handler\CurlMultiHandler->processMessages()
#4 E:\xampp73\htdocs\filecroco\loader\vendor\guzzlehttp\guzzle\src\Handler\CurlMultiHandler.php(125): GuzzleHttp\Handler\CurlMultiHandler->tick()
#5 E:\xampp73\htdocs\filecroco\loader\vendor\guzzlehttp\promises\src\Promise.php(246): GuzzleHttp\Handler\CurlMultiHandler->execute(true)
#6 E:\xampp73\htdocs\filecroco\loader\vendor\guzzlehttp\promises\src\Promise.php(223): GuzzleHttp\Promise\Promise->invokeWaitFn()
#7 E:\xampp73\htdocs\filecroco\loader\vendor\guzzlehttp\promises\src\Promise.php(267): GuzzleHttp\Promise\Promise->waitIfPending()
#8 E:\xampp73\htdocs\filecroco\loader\vendor\guzzlehttp\promises\src\Promise.php(225): GuzzleHttp\Promise\Promise->invokeWaitList()
#9 E:\xampp73\htdocs\filecroco\loader\vendor\guzzlehttp\promises\src\Promise.php(62): GuzzleHttp\Promise\Promise->waitIfPending()
#10 E:\xampp73\htdocs\filecroco\loader\vendor\guzzlehttp\promises\src\EachPromise.php(101): GuzzleHttp\Promise\Promise->wait()
#11 E:\xampp73\htdocs\filecroco\loader\vendor\guzzlehttp\promises\src\Promise.php(246): GuzzleHttp\Promise\EachPromise->GuzzleHttp\Promise\{closure}(true)
#12 E:\xampp73\htdocs\filecroco\loader\vendor\guzzlehttp\promises\src\Promise.php(223): GuzzleHttp\Promise\Promise->invokeWaitFn()
#13 E:\xampp73\htdocs\filecroco\loader\vendor\guzzlehttp\promises\src\Promise.php(62): GuzzleHttp\Promise\Promise->waitIfPending()
#14 E:\xampp73\htdocs\filecroco\loader\updatedownloadlink.php(95): GuzzleHttp\Promise\Promise->wait()
#15 {main}|619GuzzleHttp\Exception\RequestException: cURL error 56:  (see http://curl.haxx.se/libcurl/c/libcurl-errors.html) in E:\xampp73\htdocs\filecroco\loader\vendor\guzzlehttp\guzzle\src\Handler\CurlFactory.php:186
Stack trace:
#0 E:\xampp73\htdocs\filecroco\loader\vendor\guzzlehttp\guzzle\src\Handler\CurlFactory.php(149): GuzzleHttp\Handler\CurlFactory::createRejection(Object(GuzzleHttp\Handler\EasyHandle), Array)
#1 E:\xampp73\htdocs\filecroco\loader\vendor\guzzlehttp\guzzle\src\Handler\CurlFactory.php(102): GuzzleHttp\Handler\CurlFactory::finishError(Object(GuzzleHttp\Handler\CurlMultiHandler), Object(GuzzleHttp\Handler\EasyHandle), Object(GuzzleHttp\Handler\CurlFactory))
#2 E:\xampp73\htdocs\filecroco\loader\vendor\guzzlehttp\guzzle\src\Handler\CurlMultiHandler.php(181): GuzzleHttp\Handler\CurlFactory::finish(Object(GuzzleHttp\Handler\CurlMultiHandler), Object(GuzzleHttp\Handler\EasyHandle), Object(GuzzleHttp\Handler\CurlFactory))
#3 E:\xampp73\htdocs\filecroco\loader\vendor\guzzlehttp\guzzle\src\Handler\CurlMultiHandler.php(110): GuzzleHttp\Handler\CurlMultiHandler->processMessages()
#4 E:\xampp73\htdocs\filecroco\loader\vendor\guzzlehttp\guzzle\src\Handler\CurlMultiHandler.php(125): GuzzleHttp\Handler\CurlMultiHandler->tick()
#5 E:\xampp73\htdocs\filecroco\loader\vendor\guzzlehttp\promises\src\Promise.php(246): GuzzleHttp\Handler\CurlMultiHandler->execute(true)
#6 E:\xampp73\htdocs\filecroco\loader\vendor\guzzlehttp\promises\src\Promise.php(223): GuzzleHttp\Promise\Promise->invokeWaitFn()
#7 E:\xampp73\htdocs\filecroco\loader\vendor\guzzlehttp\promises\src\Promise.php(267): GuzzleHttp\Promise\Promise->waitIfPending()
#8 E:\xampp73\htdocs\filecroco\loader\vendor\guzzlehttp\promises\src\Promise.php(225): GuzzleHttp\Promise\Promise->invokeWaitList()
#9 E:\xampp73\htdocs\filecroco\loader\vendor\guzzlehttp\promises\src\Promise.php(62): GuzzleHttp\Promise\Promise->waitIfPending()
#10 E:\xampp73\htdocs\filecroco\loader\vendor\guzzlehttp\promises\src\EachPromise.php(101): GuzzleHttp\Promise\Promise->wait()
#11 E:\xampp73\htdocs\filecroco\loader\vendor\guzzlehttp\promises\src\Promise.php(246): GuzzleHttp\Promise\EachPromise->GuzzleHttp\Promise\{closure}(true)
#12 E:\xampp73\htdocs\filecroco\loader\vendor\guzzlehttp\promises\src\Promise.php(223): GuzzleHttp\Promise\Promise->invokeWaitFn()
#13 E:\xampp73\htdocs\filecroco\loader\vendor\guzzlehttp\promises\src\Promise.php(62): GuzzleHttp\Promise\Promise->waitIfPending()
#14 E:\xampp73\htdocs\filecroco\loader\updatedownloadlink.php(95): GuzzleHttp\Promise\Promise->wait()
#15 {main}|620GuzzleHttp\Exception\RequestException: cURL error 56:  (see http://curl.haxx.se/libcurl/c/libcurl-errors.html) in E:\xampp73\htdocs\filecroco\loader\vendor\guzzlehttp\guzzle\src\Handler\CurlFactory.php:186
Stack trace:
#0 E:\xampp73\htdocs\filecroco\loader\vendor\guzzlehttp\guzzle\src\Handler\CurlFactory.php(149): GuzzleHttp\Handler\CurlFactory::createRejection(Object(GuzzleHttp\Handler\EasyHandle), Array)
#1 E:\xampp73\htdocs\filecroco\loader\vendor\guzzlehttp\guzzle\src\Handler\CurlFactory.php(102): GuzzleHttp\Handler\CurlFactory::finishError(Object(GuzzleHttp\Handler\CurlMultiHandler), Object(GuzzleHttp\Handler\EasyHandle), Object(GuzzleHttp\Handler\CurlFactory))
#2 E:\xampp73\htdocs\filecroco\loader\vendor\guzzlehttp\guzzle\src\Handler\CurlMultiHandler.php(181): GuzzleHttp\Handler\CurlFactory::finish(Object(GuzzleHttp\Handler\CurlMultiHandler), Object(GuzzleHttp\Handler\EasyHandle), Object(GuzzleHttp\Handler\CurlFactory))
#3 E:\xampp73\htdocs\filecroco\loader\vendor\guzzlehttp\guzzle\src\Handler\CurlMultiHandler.php(110): GuzzleHttp\Handler\CurlMultiHandler->processMessages()
#4 E:\xampp73\htdocs\filecroco\loader\vendor\guzzlehttp\guzzle\src\Handler\CurlMultiHandler.php(125): GuzzleHttp\Handler\CurlMultiHandler->tick()
#5 E:\xampp73\htdocs\filecroco\loader\vendor\guzzlehttp\promises\src\Promise.php(246): GuzzleHttp\Handler\CurlMultiHandler->execute(true)
#6 E:\xampp73\htdocs\filecroco\loader\vendor\guzzlehttp\promises\src\Promise.php(223): GuzzleHttp\Promise\Promise->invokeWaitFn()
#7 E:\xampp73\htdocs\filecroco\loader\vendor\guzzlehttp\promises\src\Promise.php(267): GuzzleHttp\Promise\Promise->waitIfPending()
#8 E:\xampp73\htdocs\filecroco\loader\vendor\guzzlehttp\promises\src\Promise.php(225): GuzzleHttp\Promise\Promise->invokeWaitList()
#9 E:\xampp73\htdocs\filecroco\loader\vendor\guzzlehttp\promises\src\Promise.php(62): GuzzleHttp\Promise\Promise->waitIfPending()
#10 E:\xampp73\htdocs\filecroco\loader\vendor\guzzlehttp\promises\src\EachPromise.php(101): GuzzleHttp\Promise\Promise->wait()
#11 E:\xampp73\htdocs\filecroco\loader\vendor\guzzlehttp\promises\src\Promise.php(246): GuzzleHttp\Promise\EachPromise->GuzzleHttp\Promise\{closure}(true)
#12 E:\xampp73\htdocs\filecroco\loader\vendor\guzzlehttp\promises\src\Promise.php(223): GuzzleHttp\Promise\Promise->invokeWaitFn()
#13 E:\xampp73\htdocs\filecroco\loader\vendor\guzzlehttp\promises\src\Promise.php(62): GuzzleHttp\Promise\Promise->waitIfPending()
#14 E:\xampp73\htdocs\filecroco\loader\updatedownloadlink.php(95): GuzzleHttp\Promise\Promise->wait()
#15 {main}|621GuzzleHttp\Exception\RequestException: cURL error 56:  (see http://curl.haxx.se/libcurl/c/libcurl-errors.html) in E:\xampp73\htdocs\filecroco\loader\vendor\guzzlehttp\guzzle\src\Handler\CurlFactory.php:186
Stack trace:
#0 E:\xampp73\htdocs\filecroco\loader\vendor\guzzlehttp\guzzle\src\Handler\CurlFactory.php(149): GuzzleHttp\Handler\CurlFactory::createRejection(Object(GuzzleHttp\Handler\EasyHandle), Array)
#1 E:\xampp73\htdocs\filecroco\loader\vendor\guzzlehttp\guzzle\src\Handler\CurlFactory.php(102): GuzzleHttp\Handler\CurlFactory::finishError(Object(GuzzleHttp\Handler\CurlMultiHandler), Object(GuzzleHttp\Handler\EasyHandle), Object(GuzzleHttp\Handler\CurlFactory))
#2 E:\xampp73\htdocs\filecroco\loader\vendor\guzzlehttp\guzzle\src\Handler\CurlMultiHandler.php(181): GuzzleHttp\Handler\CurlFactory::finish(Object(GuzzleHttp\Handler\CurlMultiHandler), Object(GuzzleHttp\Handler\EasyHandle), Object(GuzzleHttp\Handler\CurlFactory))
#3 E:\xampp73\htdocs\filecroco\loader\vendor\guzzlehttp\guzzle\src\Handler\CurlMultiHandler.php(110): GuzzleHttp\Handler\CurlMultiHandler->processMessages()
#4 E:\xampp73\htdocs\filecroco\loader\vendor\guzzlehttp\guzzle\src\Handler\CurlMultiHandler.php(125): GuzzleHttp\Handler\CurlMultiHandler->tick()
#5 E:\xampp73\htdocs\filecroco\loader\vendor\guzzlehttp\promises\src\Promise.php(246): GuzzleHttp\Handler\CurlMultiHandler->execute(true)
#6 E:\xampp73\htdocs\filecroco\loader\vendor\guzzlehttp\promises\src\Promise.php(223): GuzzleHttp\Promise\Promise->invokeWaitFn()
#7 E:\xampp73\htdocs\filecroco\loader\vendor\guzzlehttp\promises\src\Promise.php(267): GuzzleHttp\Promise\Promise->waitIfPending()
#8 E:\xampp73\htdocs\filecroco\loader\vendor\guzzlehttp\promises\src\Promise.php(225): GuzzleHttp\Promise\Promise->invokeWaitList()
#9 E:\xampp73\htdocs\filecroco\loader\vendor\guzzlehttp\promises\src\Promise.php(62): GuzzleHttp\Promise\Promise->waitIfPending()
#10 E:\xampp73\htdocs\filecroco\loader\vendor\guzzlehttp\promises\src\EachPromise.php(101): GuzzleHttp\Promise\Promise->wait()
#11 E:\xampp73\htdocs\filecroco\loader\vendor\guzzlehttp\promises\src\Promise.php(246): GuzzleHttp\Promise\EachPromise->GuzzleHttp\Promise\{closure}(true)
#12 E:\xampp73\htdocs\filecroco\loader\vendor\guzzlehttp\promises\src\Promise.php(223): GuzzleHttp\Promise\Promise->invokeWaitFn()
#13 E:\xampp73\htdocs\filecroco\loader\vendor\guzzlehttp\promises\src\Promise.php(62): GuzzleHttp\Promise\Promise->waitIfPending()
#14 E:\xampp73\htdocs\filecroco\loader\updatedownloadlink.php(95): GuzzleHttp\Promise\Promise->wait()
#15 {main}|622GuzzleHttp\Exception\RequestException: cURL error 56:  (see http://curl.haxx.se/libcurl/c/libcurl-errors.html) in E:\xampp73\htdocs\filecroco\loader\vendor\guzzlehttp\guzzle\src\Handler\CurlFactory.php:186
Stack trace:
#0 E:\xampp73\htdocs\filecroco\loader\vendor\guzzlehttp\guzzle\src\Handler\CurlFactory.php(149): GuzzleHttp\Handler\CurlFactory::createRejection(Object(GuzzleHttp\Handler\EasyHandle), Array)
#1 E:\xampp73\htdocs\filecroco\loader\vendor\guzzlehttp\guzzle\src\Handler\CurlFactory.php(102): GuzzleHttp\Handler\CurlFactory::finishError(Object(GuzzleHttp\Handler\CurlMultiHandler), Object(GuzzleHttp\Handler\EasyHandle), Object(GuzzleHttp\Handler\CurlFactory))
#2 E:\xampp73\htdocs\filecroco\loader\vendor\guzzlehttp\guzzle\src\Handler\CurlMultiHandler.php(181): GuzzleHttp\Handler\CurlFactory::finish(Object(GuzzleHttp\Handler\CurlMultiHandler), Object(GuzzleHttp\Handler\EasyHandle), Object(GuzzleHttp\Handler\CurlFactory))
#3 E:\xampp73\htdocs\filecroco\loader\vendor\guzzlehttp\guzzle\src\Handler\CurlMultiHandler.php(110): GuzzleHttp\Handler\CurlMultiHandler->processMessages()
#4 E:\xampp73\htdocs\filecroco\loader\vendor\guzzlehttp\guzzle\src\Handler\CurlMultiHandler.php(125): GuzzleHttp\Handler\CurlMultiHandler->tick()
#5 E:\xampp73\htdocs\filecroco\loader\vendor\guzzlehttp\promises\src\Promise.php(246): GuzzleHttp\Handler\CurlMultiHandler->execute(true)
#6 E:\xampp73\htdocs\filecroco\loader\vendor\guzzlehttp\promises\src\Promise.php(223): GuzzleHttp\Promise\Promise->invokeWaitFn()
#7 E:\xampp73\htdocs\filecroco\loader\vendor\guzzlehttp\promises\src\Promise.php(267): GuzzleHttp\Promise\Promise->waitIfPending()
#8 E:\xampp73\htdocs\filecroco\loader\vendor\guzzlehttp\promises\src\Promise.php(225): GuzzleHttp\Promise\Promise->invokeWaitList()
#9 E:\xampp73\htdocs\filecroco\loader\vendor\guzzlehttp\promises\src\Promise.php(62): GuzzleHttp\Promise\Promise->waitIfPending()
#10 E:\xampp73\htdocs\filecroco\loader\vendor\guzzlehttp\promises\src\EachPromise.php(101): GuzzleHttp\Promise\Promise->wait()
#11 E:\xampp73\htdocs\filecroco\loader\vendor\guzzlehttp\promises\src\Promise.php(246): GuzzleHttp\Promise\EachPromise->GuzzleHttp\Promise\{closure}(true)
#12 E:\xampp73\htdocs\filecroco\loader\vendor\guzzlehttp\promises\src\Promise.php(223): GuzzleHttp\Promise\Promise->invokeWaitFn()
#13 E:\xampp73\htdocs\filecroco\loader\vendor\guzzlehttp\promises\src\Promise.php(62): GuzzleHttp\Promise\Promise->waitIfPending()
#14 E:\xampp73\htdocs\filecroco\loader\updatedownloadlink.php(95): GuzzleHttp\Promise\Promise->wait()
#15 {main}|623GuzzleHttp\Exception\RequestException: cURL error 56:  (see http://curl.haxx.se/libcurl/c/libcurl-errors.html) in E:\xampp73\htdocs\filecroco\loader\vendor\guzzlehttp\guzzle\src\Handler\CurlFactory.php:186
Stack trace:
#0 E:\xampp73\htdocs\filecroco\loader\vendor\guzzlehttp\guzzle\src\Handler\CurlFactory.php(149): GuzzleHttp\Handler\CurlFactory::createRejection(Object(GuzzleHttp\Handler\EasyHandle), Array)
#1 E:\xampp73\htdocs\filecroco\loader\vendor\guzzlehttp\guzzle\src\Handler\CurlFactory.php(102): GuzzleHttp\Handler\CurlFactory::finishError(Object(GuzzleHttp\Handler\CurlMultiHandler), Object(GuzzleHttp\Handler\EasyHandle), Object(GuzzleHttp\Handler\CurlFactory))
#2 E:\xampp73\htdocs\filecroco\loader\vendor\guzzlehttp\guzzle\src\Handler\CurlMultiHandler.php(181): GuzzleHttp\Handler\CurlFactory::finish(Object(GuzzleHttp\Handler\CurlMultiHandler), Object(GuzzleHttp\Handler\EasyHandle), Object(GuzzleHttp\Handler\CurlFactory))
#3 E:\xampp73\htdocs\filecroco\loader\vendor\guzzlehttp\guzzle\src\Handler\CurlMultiHandler.php(110): GuzzleHttp\Handler\CurlMultiHandler->processMessages()
#4 E:\xampp73\htdocs\filecroco\loader\vendor\guzzlehttp\guzzle\src\Handler\CurlMultiHandler.php(125): GuzzleHttp\Handler\CurlMultiHandler->tick()
#5 E:\xampp73\htdocs\filecroco\loader\vendor\guzzlehttp\promises\src\Promise.php(246): GuzzleHttp\Handler\CurlMultiHandler->execute(true)
#6 E:\xampp73\htdocs\filecroco\loader\vendor\guzzlehttp\promises\src\Promise.php(223): GuzzleHttp\Promise\Promise->invokeWaitFn()
#7 E:\xampp73\htdocs\filecroco\loader\vendor\guzzlehttp\promises\src\Promise.php(267): GuzzleHttp\Promise\Promise->waitIfPending()
#8 E:\xampp73\htdocs\filecroco\loader\vendor\guzzlehttp\promises\src\Promise.php(225): GuzzleHttp\Promise\Promise->invokeWaitList()
#9 E:\xampp73\htdocs\filecroco\loader\vendor\guzzlehttp\promises\src\Promise.php(62): GuzzleHttp\Promise\Promise->waitIfPending()
#10 E:\xampp73\htdocs\filecroco\loader\vendor\guzzlehttp\promises\src\EachPromise.php(101): GuzzleHttp\Promise\Promise->wait()
#11 E:\xampp73\htdocs\filecroco\loader\vendor\guzzlehttp\promises\src\Promise.php(246): GuzzleHttp\Promise\EachPromise->GuzzleHttp\Promise\{closure}(true)
#12 E:\xampp73\htdocs\filecroco\loader\vendor\guzzlehttp\promises\src\Promise.php(223): GuzzleHttp\Promise\Promise->invokeWaitFn()
#13 E:\xampp73\htdocs\filecroco\loader\vendor\guzzlehttp\promises\src\Promise.php(62): GuzzleHttp\Promise\Promise->waitIfPending()
#14 E:\xampp73\htdocs\filecroco\loader\updatedownloadlink.php(95): GuzzleHttp\Promise\Promise->wait()
#15 {main}|624GuzzleHttp\Exception\RequestException: cURL error 56:  (see http://curl.haxx.se/libcurl/c/libcurl-errors.html) in E:\xampp73\htdocs\filecroco\loader\vendor\guzzlehttp\guzzle\src\Handler\CurlFactory.php:186
Stack trace:
#0 E:\xampp73\htdocs\filecroco\loader\vendor\guzzlehttp\guzzle\src\Handler\CurlFactory.php(149): GuzzleHttp\Handler\CurlFactory::createRejection(Object(GuzzleHttp\Handler\EasyHandle), Array)
#1 E:\xampp73\htdocs\filecroco\loader\vendor\guzzlehttp\guzzle\src\Handler\CurlFactory.php(102): GuzzleHttp\Handler\CurlFactory::finishError(Object(GuzzleHttp\Handler\CurlMultiHandler), Object(GuzzleHttp\Handler\EasyHandle), Object(GuzzleHttp\Handler\CurlFactory))
#2 E:\xampp73\htdocs\filecroco\loader\vendor\guzzlehttp\guzzle\src\Handler\CurlMultiHandler.php(181): GuzzleHttp\Handler\CurlFactory::finish(Object(GuzzleHttp\Handler\CurlMultiHandler), Object(GuzzleHttp\Handler\EasyHandle), Object(GuzzleHttp\Handler\CurlFactory))
#3 E:\xampp73\htdocs\filecroco\loader\vendor\guzzlehttp\guzzle\src\Handler\CurlMultiHandler.php(110): GuzzleHttp\Handler\CurlMultiHandler->processMessages()
#4 E:\xampp73\htdocs\filecroco\loader\vendor\guzzlehttp\guzzle\src\Handler\CurlMultiHandler.php(125): GuzzleHttp\Handler\CurlMultiHandler->tick()
#5 E:\xampp73\htdocs\filecroco\loader\vendor\guzzlehttp\promises\src\Promise.php(246): GuzzleHttp\Handler\CurlMultiHandler->execute(true)
#6 E:\xampp73\htdocs\filecroco\loader\vendor\guzzlehttp\promises\src\Promise.php(223): GuzzleHttp\Promise\Promise->invokeWaitFn()
#7 E:\xampp73\htdocs\filecroco\loader\vendor\guzzlehttp\promises\src\Promise.php(267): GuzzleHttp\Promise\Promise->waitIfPending()
#8 E:\xampp73\htdocs\filecroco\loader\vendor\guzzlehttp\promises\src\Promise.php(225): GuzzleHttp\Promise\Promise->invokeWaitList()
#9 E:\xampp73\htdocs\filecroco\loader\vendor\guzzlehttp\promises\src\Promise.php(62): GuzzleHttp\Promise\Promise->waitIfPending()
#10 E:\xampp73\htdocs\filecroco\loader\vendor\guzzlehttp\promises\src\EachPromise.php(101): GuzzleHttp\Promise\Promise->wait()
#11 E:\xampp73\htdocs\filecroco\loader\vendor\guzzlehttp\promises\src\Promise.php(246): GuzzleHttp\Promise\EachPromise->GuzzleHttp\Promise\{closure}(true)
#12 E:\xampp73\htdocs\filecroco\loader\vendor\guzzlehttp\promises\src\Promise.php(223): GuzzleHttp\Promise\Promise->invokeWaitFn()
#13 E:\xampp73\htdocs\filecroco\loader\vendor\guzzlehttp\promises\src\Promise.php(62): GuzzleHttp\Promise\Promise->waitIfPending()
#14 E:\xampp73\htdocs\filecroco\loader\updatedownloadlink.php(95): GuzzleHttp\Promise\Promise->wait()
#15 {main}|625GuzzleHttp\Exception\RequestException: cURL error 56:  (see http://curl.haxx.se/libcurl/c/libcurl-errors.html) in E:\xampp73\htdocs\filecroco\loader\vendor\guzzlehttp\guzzle\src\Handler\CurlFactory.php:186
Stack trace:
#0 E:\xampp73\htdocs\filecroco\loader\vendor\guzzlehttp\guzzle\src\Handler\CurlFactory.php(149): GuzzleHttp\Handler\CurlFactory::createRejection(Object(GuzzleHttp\Handler\EasyHandle), Array)
#1 E:\xampp73\htdocs\filecroco\loader\vendor\guzzlehttp\guzzle\src\Handler\CurlFactory.php(102): GuzzleHttp\Handler\CurlFactory::finishError(Object(GuzzleHttp\Handler\CurlMultiHandler), Object(GuzzleHttp\Handler\EasyHandle), Object(GuzzleHttp\Handler\CurlFactory))
#2 E:\xampp73\htdocs\filecroco\loader\vendor\guzzlehttp\guzzle\src\Handler\CurlMultiHandler.php(181): GuzzleHttp\Handler\CurlFactory::finish(Object(GuzzleHttp\Handler\CurlMultiHandler), Object(GuzzleHttp\Handler\EasyHandle), Object(GuzzleHttp\Handler\CurlFactory))
#3 E:\xampp73\htdocs\filecroco\loader\vendor\guzzlehttp\guzzle\src\Handler\CurlMultiHandler.php(110): GuzzleHttp\Handler\CurlMultiHandler->processMessages()
#4 E:\xampp73\htdocs\filecroco\loader\vendor\guzzlehttp\guzzle\src\Handler\CurlMultiHandler.php(125): GuzzleHttp\Handler\CurlMultiHandler->tick()
#5 E:\xampp73\htdocs\filecroco\loader\vendor\guzzlehttp\promises\src\Promise.php(246): GuzzleHttp\Handler\CurlMultiHandler->execute(true)
#6 E:\xampp73\htdocs\filecroco\loader\vendor\guzzlehttp\promises\src\Promise.php(223): GuzzleHttp\Promise\Promise->invokeWaitFn()
#7 E:\xampp73\htdocs\filecroco\loader\vendor\guzzlehttp\promises\src\Promise.php(267): GuzzleHttp\Promise\Promise->waitIfPending()
#8 E:\xampp73\htdocs\filecroco\loader\vendor\guzzlehttp\promises\src\Promise.php(225): GuzzleHttp\Promise\Promise->invokeWaitList()
#9 E:\xampp73\htdocs\filecroco\loader\vendor\guzzlehttp\promises\src\Promise.php(62): GuzzleHttp\Promise\Promise->waitIfPending()
#10 E:\xampp73\htdocs\filecroco\loader\vendor\guzzlehttp\promises\src\EachPromise.php(101): GuzzleHttp\Promise\Promise->wait()
#11 E:\xampp73\htdocs\filecroco\loader\vendor\guzzlehttp\promises\src\Promise.php(246): GuzzleHttp\Promise\EachPromise->GuzzleHttp\Promise\{closure}(true)
#12 E:\xampp73\htdocs\filecroco\loader\vendor\guzzlehttp\promises\src\Promise.php(223): GuzzleHttp\Promise\Promise->invokeWaitFn()
#13 E:\xampp73\htdocs\filecroco\loader\vendor\guzzlehttp\promises\src\Promise.php(62): GuzzleHttp\Promise\Promise->waitIfPending()
#14 E:\xampp73\htdocs\filecroco\loader\updatedownloadlink.php(95): GuzzleHttp\Promise\Promise->wait()
#15 {main}|626GuzzleHttp\Exception\RequestException: cURL error 56:  (see http://curl.haxx.se/libcurl/c/libcurl-errors.html) in E:\xampp73\htdocs\filecroco\loader\vendor\guzzlehttp\guzzle\src\Handler\CurlFactory.php:186
Stack trace:
#0 E:\xampp73\htdocs\filecroco\loader\vendor\guzzlehttp\guzzle\src\Handler\CurlFactory.php(149): GuzzleHttp\Handler\CurlFactory::createRejection(Object(GuzzleHttp\Handler\EasyHandle), Array)
#1 E:\xampp73\htdocs\filecroco\loader\vendor\guzzlehttp\guzzle\src\Handler\CurlFactory.php(102): GuzzleHttp\Handler\CurlFactory::finishError(Object(GuzzleHttp\Handler\CurlMultiHandler), Object(GuzzleHttp\Handler\EasyHandle), Object(GuzzleHttp\Handler\CurlFactory))
#2 E:\xampp73\htdocs\filecroco\loader\vendor\guzzlehttp\guzzle\src\Handler\CurlMultiHandler.php(181): GuzzleHttp\Handler\CurlFactory::finish(Object(GuzzleHttp\Handler\CurlMultiHandler), Object(GuzzleHttp\Handler\EasyHandle), Object(GuzzleHttp\Handler\CurlFactory))
#3 E:\xampp73\htdocs\filecroco\loader\vendor\guzzlehttp\guzzle\src\Handler\CurlMultiHandler.php(110): GuzzleHttp\Handler\CurlMultiHandler->processMessages()
#4 E:\xampp73\htdocs\filecroco\loader\vendor\guzzlehttp\guzzle\src\Handler\CurlMultiHandler.php(125): GuzzleHttp\Handler\CurlMultiHandler->tick()
#5 E:\xampp73\htdocs\filecroco\loader\vendor\guzzlehttp\promises\src\Promise.php(246): GuzzleHttp\Handler\CurlMultiHandler->execute(true)
#6 E:\xampp73\htdocs\filecroco\loader\vendor\guzzlehttp\promises\src\Promise.php(223): GuzzleHttp\Promise\Promise->invokeWaitFn()
#7 E:\xampp73\htdocs\filecroco\loader\vendor\guzzlehttp\promises\src\Promise.php(267): GuzzleHttp\Promise\Promise->waitIfPending()
#8 E:\xampp73\htdocs\filecroco\loader\vendor\guzzlehttp\promises\src\Promise.php(225): GuzzleHttp\Promise\Promise->invokeWaitList()
#9 E:\xampp73\htdocs\filecroco\loader\vendor\guzzlehttp\promises\src\Promise.php(62): GuzzleHttp\Promise\Promise->waitIfPending()
#10 E:\xampp73\htdocs\filecroco\loader\vendor\guzzlehttp\promises\src\EachPromise.php(101): GuzzleHttp\Promise\Promise->wait()
#11 E:\xampp73\htdocs\filecroco\loader\vendor\guzzlehttp\promises\src\Promise.php(246): GuzzleHttp\Promise\EachPromise->GuzzleHttp\Promise\{closure}(true)
#12 E:\xampp73\htdocs\filecroco\loader\vendor\guzzlehttp\promises\src\Promise.php(223): GuzzleHttp\Promise\Promise->invokeWaitFn()
#13 E:\xampp73\htdocs\filecroco\loader\vendor\guzzlehttp\promises\src\Promise.php(62): GuzzleHttp\Promise\Promise->waitIfPending()
#14 E:\xampp73\htdocs\filecroco\loader\updatedownloadlink.php(95): GuzzleHttp\Promise\Promise->wait()
#15 {main}|627GuzzleHttp\Exception\RequestException: cURL error 56:  (see http://curl.haxx.se/libcurl/c/libcurl-errors.html) in E:\xampp73\htdocs\filecroco\loader\vendor\guzzlehttp\guzzle\src\Handler\CurlFactory.php:186
Stack trace:
#0 E:\xampp73\htdocs\filecroco\loader\vendor\guzzlehttp\guzzle\src\Handler\CurlFactory.php(149): GuzzleHttp\Handler\CurlFactory::createRejection(Object(GuzzleHttp\Handler\EasyHandle), Array)
#1 E:\xampp73\htdocs\filecroco\loader\vendor\guzzlehttp\guzzle\src\Handler\CurlFactory.php(102): GuzzleHttp\Handler\CurlFactory::finishError(Object(GuzzleHttp\Handler\CurlMultiHandler), Object(GuzzleHttp\Handler\EasyHandle), Object(GuzzleHttp\Handler\CurlFactory))
#2 E:\xampp73\htdocs\filecroco\loader\vendor\guzzlehttp\guzzle\src\Handler\CurlMultiHandler.php(181): GuzzleHttp\Handler\CurlFactory::finish(Object(GuzzleHttp\Handler\CurlMultiHandler), Object(GuzzleHttp\Handler\EasyHandle), Object(GuzzleHttp\Handler\CurlFactory))
#3 E:\xampp73\htdocs\filecroco\loader\vendor\guzzlehttp\guzzle\src\Handler\CurlMultiHandler.php(110): GuzzleHttp\Handler\CurlMultiHandler->processMessages()
#4 E:\xampp73\htdocs\filecroco\loader\vendor\guzzlehttp\guzzle\src\Handler\CurlMultiHandler.php(125): GuzzleHttp\Handler\CurlMultiHandler->tick()
#5 E:\xampp73\htdocs\filecroco\loader\vendor\guzzlehttp\promises\src\Promise.php(246): GuzzleHttp\Handler\CurlMultiHandler->execute(true)
#6 E:\xampp73\htdocs\filecroco\loader\vendor\guzzlehttp\promises\src\Promise.php(223): GuzzleHttp\Promise\Promise->invokeWaitFn()
#7 E:\xampp73\htdocs\filecroco\loader\vendor\guzzlehttp\promises\src\Promise.php(267): GuzzleHttp\Promise\Promise->waitIfPending()
#8 E:\xampp73\htdocs\filecroco\loader\vendor\guzzlehttp\promises\src\Promise.php(225): GuzzleHttp\Promise\Promise->invokeWaitList()
#9 E:\xampp73\htdocs\filecroco\loader\vendor\guzzlehttp\promises\src\Promise.php(62): GuzzleHttp\Promise\Promise->waitIfPending()
#10 E:\xampp73\htdocs\filecroco\loader\vendor\guzzlehttp\promises\src\EachPromise.php(101): GuzzleHttp\Promise\Promise->wait()
#11 E:\xampp73\htdocs\filecroco\loader\vendor\guzzlehttp\promises\src\Promise.php(246): GuzzleHttp\Promise\EachPromise->GuzzleHttp\Promise\{closure}(true)
#12 E:\xampp73\htdocs\filecroco\loader\vendor\guzzlehttp\promises\src\Promise.php(223): GuzzleHttp\Promise\Promise->invokeWaitFn()
#13 E:\xampp73\htdocs\filecroco\loader\vendor\guzzlehttp\promises\src\Promise.php(62): GuzzleHttp\Promise\Promise->waitIfPending()
#14 E:\xampp73\htdocs\filecroco\loader\updatedownloadlink.php(95): GuzzleHttp\Promise\Promise->wait()
#15 {main}|628GuzzleHttp\Exception\RequestException: cURL error 56:  (see http://curl.haxx.se/libcurl/c/libcurl-errors.html) in E:\xampp73\htdocs\filecroco\loader\vendor\guzzlehttp\guzzle\src\Handler\CurlFactory.php:186
Stack trace:
#0 E:\xampp73\htdocs\filecroco\loader\vendor\guzzlehttp\guzzle\src\Handler\CurlFactory.php(149): GuzzleHttp\Handler\CurlFactory::createRejection(Object(GuzzleHttp\Handler\EasyHandle), Array)
#1 E:\xampp73\htdocs\filecroco\loader\vendor\guzzlehttp\guzzle\src\Handler\CurlFactory.php(102): GuzzleHttp\Handler\CurlFactory::finishError(Object(GuzzleHttp\Handler\CurlMultiHandler), Object(GuzzleHttp\Handler\EasyHandle), Object(GuzzleHttp\Handler\CurlFactory))
#2 E:\xampp73\htdocs\filecroco\loader\vendor\guzzlehttp\guzzle\src\Handler\CurlMultiHandler.php(181): GuzzleHttp\Handler\CurlFactory::finish(Object(GuzzleHttp\Handler\CurlMultiHandler), Object(GuzzleHttp\Handler\EasyHandle), Object(GuzzleHttp\Handler\CurlFactory))
#3 E:\xampp73\htdocs\filecroco\loader\vendor\guzzlehttp\guzzle\src\Handler\CurlMultiHandler.php(110): GuzzleHttp\Handler\CurlMultiHandler->processMessages()
#4 E:\xampp73\htdocs\filecroco\loader\vendor\guzzlehttp\guzzle\src\Handler\CurlMultiHandler.php(125): GuzzleHttp\Handler\CurlMultiHandler->tick()
#5 E:\xampp73\htdocs\filecroco\loader\vendor\guzzlehttp\promises\src\Promise.php(246): GuzzleHttp\Handler\CurlMultiHandler->execute(true)
#6 E:\xampp73\htdocs\filecroco\loader\vendor\guzzlehttp\promises\src\Promise.php(223): GuzzleHttp\Promise\Promise->invokeWaitFn()
#7 E:\xampp73\htdocs\filecroco\loader\vendor\guzzlehttp\promises\src\Promise.php(267): GuzzleHttp\Promise\Promise->waitIfPending()
#8 E:\xampp73\htdocs\filecroco\loader\vendor\guzzlehttp\promises\src\Promise.php(225): GuzzleHttp\Promise\Promise->invokeWaitList()
#9 E:\xampp73\htdocs\filecroco\loader\vendor\guzzlehttp\promises\src\Promise.php(62): GuzzleHttp\Promise\Promise->waitIfPending()
#10 E:\xampp73\htdocs\filecroco\loader\vendor\guzzlehttp\promises\src\EachPromise.php(101): GuzzleHttp\Promise\Promise->wait()
#11 E:\xampp73\htdocs\filecroco\loader\vendor\guzzlehttp\promises\src\Promise.php(246): GuzzleHttp\Promise\EachPromise->GuzzleHttp\Promise\{closure}(true)
#12 E:\xampp73\htdocs\filecroco\loader\vendor\guzzlehttp\promises\src\Promise.php(223): GuzzleHttp\Promise\Promise->invokeWaitFn()
#13 E:\xampp73\htdocs\filecroco\loader\vendor\guzzlehttp\promises\src\Promise.php(62): GuzzleHttp\Promise\Promise->waitIfPending()
#14 E:\xampp73\htdocs\filecroco\loader\updatedownloadlink.php(95): GuzzleHttp\Promise\Promise->wait()
#15 {main}|629GuzzleHttp\Exception\RequestException: cURL error 56:  (see http://curl.haxx.se/libcurl/c/libcurl-errors.html) in E:\xampp73\htdocs\filecroco\loader\vendor\guzzlehttp\guzzle\src\Handler\CurlFactory.php:186
Stack trace:
#0 E:\xampp73\htdocs\filecroco\loader\vendor\guzzlehttp\guzzle\src\Handler\CurlFactory.php(149): GuzzleHttp\Handler\CurlFactory::createRejection(Object(GuzzleHttp\Handler\EasyHandle), Array)
#1 E:\xampp73\htdocs\filecroco\loader\vendor\guzzlehttp\guzzle\src\Handler\CurlFactory.php(102): GuzzleHttp\Handler\CurlFactory::finishError(Object(GuzzleHttp\Handler\CurlMultiHandler), Object(GuzzleHttp\Handler\EasyHandle), Object(GuzzleHttp\Handler\CurlFactory))
#2 E:\xampp73\htdocs\filecroco\loader\vendor\guzzlehttp\guzzle\src\Handler\CurlMultiHandler.php(181): GuzzleHttp\Handler\CurlFactory::finish(Object(GuzzleHttp\Handler\CurlMultiHandler), Object(GuzzleHttp\Handler\EasyHandle), Object(GuzzleHttp\Handler\CurlFactory))
#3 E:\xampp73\htdocs\filecroco\loader\vendor\guzzlehttp\guzzle\src\Handler\CurlMultiHandler.php(110): GuzzleHttp\Handler\CurlMultiHandler->processMessages()
#4 E:\xampp73\htdocs\filecroco\loader\vendor\guzzlehttp\guzzle\src\Handler\CurlMultiHandler.php(125): GuzzleHttp\Handler\CurlMultiHandler->tick()
#5 E:\xampp73\htdocs\filecroco\loader\vendor\guzzlehttp\promises\src\Promise.php(246): GuzzleHttp\Handler\CurlMultiHandler->execute(true)
#6 E:\xampp73\htdocs\filecroco\loader\vendor\guzzlehttp\promises\src\Promise.php(223): GuzzleHttp\Promise\Promise->invokeWaitFn()
#7 E:\xampp73\htdocs\filecroco\loader\vendor\guzzlehttp\promises\src\Promise.php(267): GuzzleHttp\Promise\Promise->waitIfPending()
#8 E:\xampp73\htdocs\filecroco\loader\vendor\guzzlehttp\promises\src\Promise.php(225): GuzzleHttp\Promise\Promise->invokeWaitList()
#9 E:\xampp73\htdocs\filecroco\loader\vendor\guzzlehttp\promises\src\Promise.php(62): GuzzleHttp\Promise\Promise->waitIfPending()
#10 E:\xampp73\htdocs\filecroco\loader\vendor\guzzlehttp\promises\src\EachPromise.php(101): GuzzleHttp\Promise\Promise->wait()
#11 E:\xampp73\htdocs\filecroco\loader\vendor\guzzlehttp\promises\src\Promise.php(246): GuzzleHttp\Promise\EachPromise->GuzzleHttp\Promise\{closure}(true)
#12 E:\xampp73\htdocs\filecroco\loader\vendor\guzzlehttp\promises\src\Promise.php(223): GuzzleHttp\Promise\Promise->invokeWaitFn()
#13 E:\xampp73\htdocs\filecroco\loader\vendor\guzzlehttp\promises\src\Promise.php(62): GuzzleHttp\Promise\Promise->waitIfPending()
#14 E:\xampp73\htdocs\filecroco\loader\updatedownloadlink.php(95): GuzzleHttp\Promise\Promise->wait()
#15 {main}|630GuzzleHttp\Exception\RequestException: cURL error 56:  (see http://curl.haxx.se/libcurl/c/libcurl-errors.html) in E:\xampp73\htdocs\filecroco\loader\vendor\guzzlehttp\guzzle\src\Handler\CurlFactory.php:186
Stack trace:
#0 E:\xampp73\htdocs\filecroco\loader\vendor\guzzlehttp\guzzle\src\Handler\CurlFactory.php(149): GuzzleHttp\Handler\CurlFactory::createRejection(Object(GuzzleHttp\Handler\EasyHandle), Array)
#1 E:\xampp73\htdocs\filecroco\loader\vendor\guzzlehttp\guzzle\src\Handler\CurlFactory.php(102): GuzzleHttp\Handler\CurlFactory::finishError(Object(GuzzleHttp\Handler\CurlMultiHandler), Object(GuzzleHttp\Handler\EasyHandle), Object(GuzzleHttp\Handler\CurlFactory))
#2 E:\xampp73\htdocs\filecroco\loader\vendor\guzzlehttp\guzzle\src\Handler\CurlMultiHandler.php(181): GuzzleHttp\Handler\CurlFactory::finish(Object(GuzzleHttp\Handler\CurlMultiHandler), Object(GuzzleHttp\Handler\EasyHandle), Object(GuzzleHttp\Handler\CurlFactory))
#3 E:\xampp73\htdocs\filecroco\loader\vendor\guzzlehttp\guzzle\src\Handler\CurlMultiHandler.php(110): GuzzleHttp\Handler\CurlMultiHandler->processMessages()
#4 E:\xampp73\htdocs\filecroco\loader\vendor\guzzlehttp\guzzle\src\Handler\CurlMultiHandler.php(125): GuzzleHttp\Handler\CurlMultiHandler->tick()
#5 E:\xampp73\htdocs\filecroco\loader\vendor\guzzlehttp\promises\src\Promise.php(246): GuzzleHttp\Handler\CurlMultiHandler->execute(true)
#6 E:\xampp73\htdocs\filecroco\loader\vendor\guzzlehttp\promises\src\Promise.php(223): GuzzleHttp\Promise\Promise->invokeWaitFn()
#7 E:\xampp73\htdocs\filecroco\loader\vendor\guzzlehttp\promises\src\Promise.php(267): GuzzleHttp\Promise\Promise->waitIfPending()
#8 E:\xampp73\htdocs\filecroco\loader\vendor\guzzlehttp\promises\src\Promise.php(225): GuzzleHttp\Promise\Promise->invokeWaitList()
#9 E:\xampp73\htdocs\filecroco\loader\vendor\guzzlehttp\promises\src\Promise.php(62): GuzzleHttp\Promise\Promise->waitIfPending()
#10 E:\xampp73\htdocs\filecroco\loader\vendor\guzzlehttp\promises\src\EachPromise.php(101): GuzzleHttp\Promise\Promise->wait()
#11 E:\xampp73\htdocs\filecroco\loader\vendor\guzzlehttp\promises\src\Promise.php(246): GuzzleHttp\Promise\EachPromise->GuzzleHttp\Promise\{closure}(true)
#12 E:\xampp73\htdocs\filecroco\loader\vendor\guzzlehttp\promises\src\Promise.php(223): GuzzleHttp\Promise\Promise->invokeWaitFn()
#13 E:\xampp73\htdocs\filecroco\loader\vendor\guzzlehttp\promises\src\Promise.php(62): GuzzleHttp\Promise\Promise->waitIfPending()
#14 E:\xampp73\htdocs\filecroco\loader\updatedownloadlink.php(95): GuzzleHttp\Promise\Promise->wait()
#15 {main}|631GuzzleHttp\Exception\RequestException: cURL error 56:  (see http://curl.haxx.se/libcurl/c/libcurl-errors.html) in E:\xampp73\htdocs\filecroco\loader\vendor\guzzlehttp\guzzle\src\Handler\CurlFactory.php:186
Stack trace:
#0 E:\xampp73\htdocs\filecroco\loader\vendor\guzzlehttp\guzzle\src\Handler\CurlFactory.php(149): GuzzleHttp\Handler\CurlFactory::createRejection(Object(GuzzleHttp\Handler\EasyHandle), Array)
#1 E:\xampp73\htdocs\filecroco\loader\vendor\guzzlehttp\guzzle\src\Handler\CurlFactory.php(102): GuzzleHttp\Handler\CurlFactory::finishError(Object(GuzzleHttp\Handler\CurlMultiHandler), Object(GuzzleHttp\Handler\EasyHandle), Object(GuzzleHttp\Handler\CurlFactory))
#2 E:\xampp73\htdocs\filecroco\loader\vendor\guzzlehttp\guzzle\src\Handler\CurlMultiHandler.php(181): GuzzleHttp\Handler\CurlFactory::finish(Object(GuzzleHttp\Handler\CurlMultiHandler), Object(GuzzleHttp\Handler\EasyHandle), Object(GuzzleHttp\Handler\CurlFactory))
#3 E:\xampp73\htdocs\filecroco\loader\vendor\guzzlehttp\guzzle\src\Handler\CurlMultiHandler.php(110): GuzzleHttp\Handler\CurlMultiHandler->processMessages()
#4 E:\xampp73\htdocs\filecroco\loader\vendor\guzzlehttp\guzzle\src\Handler\CurlMultiHandler.php(125): GuzzleHttp\Handler\CurlMultiHandler->tick()
#5 E:\xampp73\htdocs\filecroco\loader\vendor\guzzlehttp\promises\src\Promise.php(246): GuzzleHttp\Handler\CurlMultiHandler->execute(true)
#6 E:\xampp73\htdocs\filecroco\loader\vendor\guzzlehttp\promises\src\Promise.php(223): GuzzleHttp\Promise\Promise->invokeWaitFn()
#7 E:\xampp73\htdocs\filecroco\loader\vendor\guzzlehttp\promises\src\Promise.php(267): GuzzleHttp\Promise\Promise->waitIfPending()
#8 E:\xampp73\htdocs\filecroco\loader\vendor\guzzlehttp\promises\src\Promise.php(225): GuzzleHttp\Promise\Promise->invokeWaitList()
#9 E:\xampp73\htdocs\filecroco\loader\vendor\guzzlehttp\promises\src\Promise.php(62): GuzzleHttp\Promise\Promise->waitIfPending()
#10 E:\xampp73\htdocs\filecroco\loader\vendor\guzzlehttp\promises\src\EachPromise.php(101): GuzzleHttp\Promise\Promise->wait()
#11 E:\xampp73\htdocs\filecroco\loader\vendor\guzzlehttp\promises\src\Promise.php(246): GuzzleHttp\Promise\EachPromise->GuzzleHttp\Promise\{closure}(true)
#12 E:\xampp73\htdocs\filecroco\loader\vendor\guzzlehttp\promises\src\Promise.php(223): GuzzleHttp\Promise\Promise->invokeWaitFn()
#13 E:\xampp73\htdocs\filecroco\loader\vendor\guzzlehttp\promises\src\Promise.php(62): GuzzleHttp\Promise\Promise->waitIfPending()
#14 E:\xampp73\htdocs\filecroco\loader\updatedownloadlink.php(95): GuzzleHttp\Promise\Promise->wait()
#15 {main}|632GuzzleHttp\Exception\RequestException: cURL error 56:  (see http://curl.haxx.se/libcurl/c/libcurl-errors.html) in E:\xampp73\htdocs\filecroco\loader\vendor\guzzlehttp\guzzle\src\Handler\CurlFactory.php:186
Stack trace:
#0 E:\xampp73\htdocs\filecroco\loader\vendor\guzzlehttp\guzzle\src\Handler\CurlFactory.php(149): GuzzleHttp\Handler\CurlFactory::createRejection(Object(GuzzleHttp\Handler\EasyHandle), Array)
#1 E:\xampp73\htdocs\filecroco\loader\vendor\guzzlehttp\guzzle\src\Handler\CurlFactory.php(102): GuzzleHttp\Handler\CurlFactory::finishError(Object(GuzzleHttp\Handler\CurlMultiHandler), Object(GuzzleHttp\Handler\EasyHandle), Object(GuzzleHttp\Handler\CurlFactory))
#2 E:\xampp73\htdocs\filecroco\loader\vendor\guzzlehttp\guzzle\src\Handler\CurlMultiHandler.php(181): GuzzleHttp\Handler\CurlFactory::finish(Object(GuzzleHttp\Handler\CurlMultiHandler), Object(GuzzleHttp\Handler\EasyHandle), Object(GuzzleHttp\Handler\CurlFactory))
#3 E:\xampp73\htdocs\filecroco\loader\vendor\guzzlehttp\guzzle\src\Handler\CurlMultiHandler.php(110): GuzzleHttp\Handler\CurlMultiHandler->processMessages()
#4 E:\xampp73\htdocs\filecroco\loader\vendor\guzzlehttp\guzzle\src\Handler\CurlMultiHandler.php(125): GuzzleHttp\Handler\CurlMultiHandler->tick()
#5 E:\xampp73\htdocs\filecroco\loader\vendor\guzzlehttp\promises\src\Promise.php(246): GuzzleHttp\Handler\CurlMultiHandler->execute(true)
#6 E:\xampp73\htdocs\filecroco\loader\vendor\guzzlehttp\promises\src\Promise.php(223): GuzzleHttp\Promise\Promise->invokeWaitFn()
#7 E:\xampp73\htdocs\filecroco\loader\vendor\guzzlehttp\promises\src\Promise.php(267): GuzzleHttp\Promise\Promise->waitIfPending()
#8 E:\xampp73\htdocs\filecroco\loader\vendor\guzzlehttp\promises\src\Promise.php(225): GuzzleHttp\Promise\Promise->invokeWaitList()
#9 E:\xampp73\htdocs\filecroco\loader\vendor\guzzlehttp\promises\src\Promise.php(62): GuzzleHttp\Promise\Promise->waitIfPending()
#10 E:\xampp73\htdocs\filecroco\loader\vendor\guzzlehttp\promises\src\EachPromise.php(101): GuzzleHttp\Promise\Promise->wait()
#11 E:\xampp73\htdocs\filecroco\loader\vendor\guzzlehttp\promises\src\Promise.php(246): GuzzleHttp\Promise\EachPromise->GuzzleHttp\Promise\{closure}(true)
#12 E:\xampp73\htdocs\filecroco\loader\vendor\guzzlehttp\promises\src\Promise.php(223): GuzzleHttp\Promise\Promise->invokeWaitFn()
#13 E:\xampp73\htdocs\filecroco\loader\vendor\guzzlehttp\promises\src\Promise.php(62): GuzzleHttp\Promise\Promise->waitIfPending()
#14 E:\xampp73\htdocs\filecroco\loader\updatedownloadlink.php(95): GuzzleHttp\Promise\Promise->wait()
#15 {main}|633GuzzleHttp\Exception\RequestException: cURL error 56:  (see http://curl.haxx.se/libcurl/c/libcurl-errors.html) in E:\xampp73\htdocs\filecroco\loader\vendor\guzzlehttp\guzzle\src\Handler\CurlFactory.php:186
Stack trace:
#0 E:\xampp73\htdocs\filecroco\loader\vendor\guzzlehttp\guzzle\src\Handler\CurlFactory.php(149): GuzzleHttp\Handler\CurlFactory::createRejection(Object(GuzzleHttp\Handler\EasyHandle), Array)
#1 E:\xampp73\htdocs\filecroco\loader\vendor\guzzlehttp\guzzle\src\Handler\CurlFactory.php(102): GuzzleHttp\Handler\CurlFactory::finishError(Object(GuzzleHttp\Handler\CurlMultiHandler), Object(GuzzleHttp\Handler\EasyHandle), Object(GuzzleHttp\Handler\CurlFactory))
#2 E:\xampp73\htdocs\filecroco\loader\vendor\guzzlehttp\guzzle\src\Handler\CurlMultiHandler.php(181): GuzzleHttp\Handler\CurlFactory::finish(Object(GuzzleHttp\Handler\CurlMultiHandler), Object(GuzzleHttp\Handler\EasyHandle), Object(GuzzleHttp\Handler\CurlFactory))
#3 E:\xampp73\htdocs\filecroco\loader\vendor\guzzlehttp\guzzle\src\Handler\CurlMultiHandler.php(110): GuzzleHttp\Handler\CurlMultiHandler->processMessages()
#4 E:\xampp73\htdocs\filecroco\loader\vendor\guzzlehttp\guzzle\src\Handler\CurlMultiHandler.php(125): GuzzleHttp\Handler\CurlMultiHandler->tick()
#5 E:\xampp73\htdocs\filecroco\loader\vendor\guzzlehttp\promises\src\Promise.php(246): GuzzleHttp\Handler\CurlMultiHandler->execute(true)
#6 E:\xampp73\htdocs\filecroco\loader\vendor\guzzlehttp\promises\src\Promise.php(223): GuzzleHttp\Promise\Promise->invokeWaitFn()
#7 E:\xampp73\htdocs\filecroco\loader\vendor\guzzlehttp\promises\src\Promise.php(267): GuzzleHttp\Promise\Promise->waitIfPending()
#8 E:\xampp73\htdocs\filecroco\loader\vendor\guzzlehttp\promises\src\Promise.php(225): GuzzleHttp\Promise\Promise->invokeWaitList()
#9 E:\xampp73\htdocs\filecroco\loader\vendor\guzzlehttp\promises\src\Promise.php(62): GuzzleHttp\Promise\Promise->waitIfPending()
#10 E:\xampp73\htdocs\filecroco\loader\vendor\guzzlehttp\promises\src\EachPromise.php(101): GuzzleHttp\Promise\Promise->wait()
#11 E:\xampp73\htdocs\filecroco\loader\vendor\guzzlehttp\promises\src\Promise.php(246): GuzzleHttp\Promise\EachPromise->GuzzleHttp\Promise\{closure}(true)
#12 E:\xampp73\htdocs\filecroco\loader\vendor\guzzlehttp\promises\src\Promise.php(223): GuzzleHttp\Promise\Promise->invokeWaitFn()
#13 E:\xampp73\htdocs\filecroco\loader\vendor\guzzlehttp\promises\src\Promise.php(62): GuzzleHttp\Promise\Promise->waitIfPending()
#14 E:\xampp73\htdocs\filecroco\loader\updatedownloadlink.php(95): GuzzleHttp\Promise\Promise->wait()
#15 {main}|634GuzzleHttp\Exception\RequestException: cURL error 56:  (see http://curl.haxx.se/libcurl/c/libcurl-errors.html) in E:\xampp73\htdocs\filecroco\loader\vendor\guzzlehttp\guzzle\src\Handler\CurlFactory.php:186
Stack trace:
#0 E:\xampp73\htdocs\filecroco\loader\vendor\guzzlehttp\guzzle\src\Handler\CurlFactory.php(149): GuzzleHttp\Handler\CurlFactory::createRejection(Object(GuzzleHttp\Handler\EasyHandle), Array)
#1 E:\xampp73\htdocs\filecroco\loader\vendor\guzzlehttp\guzzle\src\Handler\CurlFactory.php(102): GuzzleHttp\Handler\CurlFactory::finishError(Object(GuzzleHttp\Handler\CurlMultiHandler), Object(GuzzleHttp\Handler\EasyHandle), Object(GuzzleHttp\Handler\CurlFactory))
#2 E:\xampp73\htdocs\filecroco\loader\vendor\guzzlehttp\guzzle\src\Handler\CurlMultiHandler.php(181): GuzzleHttp\Handler\CurlFactory::finish(Object(GuzzleHttp\Handler\CurlMultiHandler), Object(GuzzleHttp\Handler\EasyHandle), Object(GuzzleHttp\Handler\CurlFactory))
#3 E:\xampp73\htdocs\filecroco\loader\vendor\guzzlehttp\guzzle\src\Handler\CurlMultiHandler.php(110): GuzzleHttp\Handler\CurlMultiHandler->processMessages()
#4 E:\xampp73\htdocs\filecroco\loader\vendor\guzzlehttp\guzzle\src\Handler\CurlMultiHandler.php(125): GuzzleHttp\Handler\CurlMultiHandler->tick()
#5 E:\xampp73\htdocs\filecroco\loader\vendor\guzzlehttp\promises\src\Promise.php(246): GuzzleHttp\Handler\CurlMultiHandler->execute(true)
#6 E:\xampp73\htdocs\filecroco\loader\vendor\guzzlehttp\promises\src\Promise.php(223): GuzzleHttp\Promise\Promise->invokeWaitFn()
#7 E:\xampp73\htdocs\filecroco\loader\vendor\guzzlehttp\promises\src\Promise.php(267): GuzzleHttp\Promise\Promise->waitIfPending()
#8 E:\xampp73\htdocs\filecroco\loader\vendor\guzzlehttp\promises\src\Promise.php(225): GuzzleHttp\Promise\Promise->invokeWaitList()
#9 E:\xampp73\htdocs\filecroco\loader\vendor\guzzlehttp\promises\src\Promise.php(62): GuzzleHttp\Promise\Promise->waitIfPending()
#10 E:\xampp73\htdocs\filecroco\loader\vendor\guzzlehttp\promises\src\EachPromise.php(101): GuzzleHttp\Promise\Promise->wait()
#11 E:\xampp73\htdocs\filecroco\loader\vendor\guzzlehttp\promises\src\Promise.php(246): GuzzleHttp\Promise\EachPromise->GuzzleHttp\Promise\{closure}(true)
#12 E:\xampp73\htdocs\filecroco\loader\vendor\guzzlehttp\promises\src\Promise.php(223): GuzzleHttp\Promise\Promise->invokeWaitFn()
#13 E:\xampp73\htdocs\filecroco\loader\vendor\guzzlehttp\promises\src\Promise.php(62): GuzzleHttp\Promise\Promise->waitIfPending()
#14 E:\xampp73\htdocs\filecroco\loader\updatedownloadlink.php(95): GuzzleHttp\Promise\Promise->wait()
#15 {main}|635GuzzleHttp\Exception\RequestException: cURL error 56:  (see http://curl.haxx.se/libcurl/c/libcurl-errors.html) in E:\xampp73\htdocs\filecroco\loader\vendor\guzzlehttp\guzzle\src\Handler\CurlFactory.php:186
Stack trace:
#0 E:\xampp73\htdocs\filecroco\loader\vendor\guzzlehttp\guzzle\src\Handler\CurlFactory.php(149): GuzzleHttp\Handler\CurlFactory::createRejection(Object(GuzzleHttp\Handler\EasyHandle), Array)
#1 E:\xampp73\htdocs\filecroco\loader\vendor\guzzlehttp\guzzle\src\Handler\CurlFactory.php(102): GuzzleHttp\Handler\CurlFactory::finishError(Object(GuzzleHttp\Handler\CurlMultiHandler), Object(GuzzleHttp\Handler\EasyHandle), Object(GuzzleHttp\Handler\CurlFactory))
#2 E:\xampp73\htdocs\filecroco\loader\vendor\guzzlehttp\guzzle\src\Handler\CurlMultiHandler.php(181): GuzzleHttp\Handler\CurlFactory::finish(Object(GuzzleHttp\Handler\CurlMultiHandler), Object(GuzzleHttp\Handler\EasyHandle), Object(GuzzleHttp\Handler\CurlFactory))
#3 E:\xampp73\htdocs\filecroco\loader\vendor\guzzlehttp\guzzle\src\Handler\CurlMultiHandler.php(110): GuzzleHttp\Handler\CurlMultiHandler->processMessages()
#4 E:\xampp73\htdocs\filecroco\loader\vendor\guzzlehttp\guzzle\src\Handler\CurlMultiHandler.php(125): GuzzleHttp\Handler\CurlMultiHandler->tick()
#5 E:\xampp73\htdocs\filecroco\loader\vendor\guzzlehttp\promises\src\Promise.php(246): GuzzleHttp\Handler\CurlMultiHandler->execute(true)
#6 E:\xampp73\htdocs\filecroco\loader\vendor\guzzlehttp\promises\src\Promise.php(223): GuzzleHttp\Promise\Promise->invokeWaitFn()
#7 E:\xampp73\htdocs\filecroco\loader\vendor\guzzlehttp\promises\src\Promise.php(267): GuzzleHttp\Promise\Promise->waitIfPending()
#8 E:\xampp73\htdocs\filecroco\loader\vendor\guzzlehttp\promises\src\Promise.php(225): GuzzleHttp\Promise\Promise->invokeWaitList()
#9 E:\xampp73\htdocs\filecroco\loader\vendor\guzzlehttp\promises\src\Promise.php(62): GuzzleHttp\Promise\Promise->waitIfPending()
#10 E:\xampp73\htdocs\filecroco\loader\vendor\guzzlehttp\promises\src\EachPromise.php(101): GuzzleHttp\Promise\Promise->wait()
#11 E:\xampp73\htdocs\filecroco\loader\vendor\guzzlehttp\promises\src\Promise.php(246): GuzzleHttp\Promise\EachPromise->GuzzleHttp\Promise\{closure}(true)
#12 E:\xampp73\htdocs\filecroco\loader\vendor\guzzlehttp\promises\src\Promise.php(223): GuzzleHttp\Promise\Promise->invokeWaitFn()
#13 E:\xampp73\htdocs\filecroco\loader\vendor\guzzlehttp\promises\src\Promise.php(62): GuzzleHttp\Promise\Promise->waitIfPending()
#14 E:\xampp73\htdocs\filecroco\loader\updatedownloadlink.php(95): GuzzleHttp\Promise\Promise->wait()
#15 {main}|636GuzzleHttp\Exception\RequestException: cURL error 56:  (see http://curl.haxx.se/libcurl/c/libcurl-errors.html) in E:\xampp73\htdocs\filecroco\loader\vendor\guzzlehttp\guzzle\src\Handler\CurlFactory.php:186
Stack trace:
#0 E:\xampp73\htdocs\filecroco\loader\vendor\guzzlehttp\guzzle\src\Handler\CurlFactory.php(149): GuzzleHttp\Handler\CurlFactory::createRejection(Object(GuzzleHttp\Handler\EasyHandle), Array)
#1 E:\xampp73\htdocs\filecroco\loader\vendor\guzzlehttp\guzzle\src\Handler\CurlFactory.php(102): GuzzleHttp\Handler\CurlFactory::finishError(Object(GuzzleHttp\Handler\CurlMultiHandler), Object(GuzzleHttp\Handler\EasyHandle), Object(GuzzleHttp\Handler\CurlFactory))
#2 E:\xampp73\htdocs\filecroco\loader\vendor\guzzlehttp\guzzle\src\Handler\CurlMultiHandler.php(181): GuzzleHttp\Handler\CurlFactory::finish(Object(GuzzleHttp\Handler\CurlMultiHandler), Object(GuzzleHttp\Handler\EasyHandle), Object(GuzzleHttp\Handler\CurlFactory))
#3 E:\xampp73\htdocs\filecroco\loader\vendor\guzzlehttp\guzzle\src\Handler\CurlMultiHandler.php(110): GuzzleHttp\Handler\CurlMultiHandler->processMessages()
#4 E:\xampp73\htdocs\filecroco\loader\vendor\guzzlehttp\guzzle\src\Handler\CurlMultiHandler.php(125): GuzzleHttp\Handler\CurlMultiHandler->tick()
#5 E:\xampp73\htdocs\filecroco\loader\vendor\guzzlehttp\promises\src\Promise.php(246): GuzzleHttp\Handler\CurlMultiHandler->execute(true)
#6 E:\xampp73\htdocs\filecroco\loader\vendor\guzzlehttp\promises\src\Promise.php(223): GuzzleHttp\Promise\Promise->invokeWaitFn()
#7 E:\xampp73\htdocs\filecroco\loader\vendor\guzzlehttp\promises\src\Promise.php(267): GuzzleHttp\Promise\Promise->waitIfPending()
#8 E:\xampp73\htdocs\filecroco\loader\vendor\guzzlehttp\promises\src\Promise.php(225): GuzzleHttp\Promise\Promise->invokeWaitList()
#9 E:\xampp73\htdocs\filecroco\loader\vendor\guzzlehttp\promises\src\Promise.php(62): GuzzleHttp\Promise\Promise->waitIfPending()
#10 E:\xampp73\htdocs\filecroco\loader\vendor\guzzlehttp\promises\src\EachPromise.php(101): GuzzleHttp\Promise\Promise->wait()
#11 E:\xampp73\htdocs\filecroco\loader\vendor\guzzlehttp\promises\src\Promise.php(246): GuzzleHttp\Promise\EachPromise->GuzzleHttp\Promise\{closure}(true)
#12 E:\xampp73\htdocs\filecroco\loader\vendor\guzzlehttp\promises\src\Promise.php(223): GuzzleHttp\Promise\Promise->invokeWaitFn()
#13 E:\xampp73\htdocs\filecroco\loader\vendor\guzzlehttp\promises\src\Promise.php(62): GuzzleHttp\Promise\Promise->waitIfPending()
#14 E:\xampp73\htdocs\filecroco\loader\updatedownloadlink.php(95): GuzzleHttp\Promise\Promise->wait()
#15 {main}|637GuzzleHttp\Exception\RequestException: cURL error 56:  (see http://curl.haxx.se/libcurl/c/libcurl-errors.html) in E:\xampp73\htdocs\filecroco\loader\vendor\guzzlehttp\guzzle\src\Handler\CurlFactory.php:186
Stack trace:
#0 E:\xampp73\htdocs\filecroco\loader\vendor\guzzlehttp\guzzle\src\Handler\CurlFactory.php(149): GuzzleHttp\Handler\CurlFactory::createRejection(Object(GuzzleHttp\Handler\EasyHandle), Array)
#1 E:\xampp73\htdocs\filecroco\loader\vendor\guzzlehttp\guzzle\src\Handler\CurlFactory.php(102): GuzzleHttp\Handler\CurlFactory::finishError(Object(GuzzleHttp\Handler\CurlMultiHandler), Object(GuzzleHttp\Handler\EasyHandle), Object(GuzzleHttp\Handler\CurlFactory))
#2 E:\xampp73\htdocs\filecroco\loader\vendor\guzzlehttp\guzzle\src\Handler\CurlMultiHandler.php(181): GuzzleHttp\Handler\CurlFactory::finish(Object(GuzzleHttp\Handler\CurlMultiHandler), Object(GuzzleHttp\Handler\EasyHandle), Object(GuzzleHttp\Handler\CurlFactory))
#3 E:\xampp73\htdocs\filecroco\loader\vendor\guzzlehttp\guzzle\src\Handler\CurlMultiHandler.php(110): GuzzleHttp\Handler\CurlMultiHandler->processMessages()
#4 E:\xampp73\htdocs\filecroco\loader\vendor\guzzlehttp\guzzle\src\Handler\CurlMultiHandler.php(125): GuzzleHttp\Handler\CurlMultiHandler->tick()
#5 E:\xampp73\htdocs\filecroco\loader\vendor\guzzlehttp\promises\src\Promise.php(246): GuzzleHttp\Handler\CurlMultiHandler->execute(true)
#6 E:\xampp73\htdocs\filecroco\loader\vendor\guzzlehttp\promises\src\Promise.php(223): GuzzleHttp\Promise\Promise->invokeWaitFn()
#7 E:\xampp73\htdocs\filecroco\loader\vendor\guzzlehttp\promises\src\Promise.php(267): GuzzleHttp\Promise\Promise->waitIfPending()
#8 E:\xampp73\htdocs\filecroco\loader\vendor\guzzlehttp\promises\src\Promise.php(225): GuzzleHttp\Promise\Promise->invokeWaitList()
#9 E:\xampp73\htdocs\filecroco\loader\vendor\guzzlehttp\promises\src\Promise.php(62): GuzzleHttp\Promise\Promise->waitIfPending()
#10 E:\xampp73\htdocs\filecroco\loader\vendor\guzzlehttp\promises\src\EachPromise.php(101): GuzzleHttp\Promise\Promise->wait()
#11 E:\xampp73\htdocs\filecroco\loader\vendor\guzzlehttp\promises\src\Promise.php(246): GuzzleHttp\Promise\EachPromise->GuzzleHttp\Promise\{closure}(true)
#12 E:\xampp73\htdocs\filecroco\loader\vendor\guzzlehttp\promises\src\Promise.php(223): GuzzleHttp\Promise\Promise->invokeWaitFn()
#13 E:\xampp73\htdocs\filecroco\loader\vendor\guzzlehttp\promises\src\Promise.php(62): GuzzleHttp\Promise\Promise->waitIfPending()
#14 E:\xampp73\htdocs\filecroco\loader\updatedownloadlink.php(95): GuzzleHttp\Promise\Promise->wait()
#15 {main}|638GuzzleHttp\Exception\RequestException: cURL error 56:  (see http://curl.haxx.se/libcurl/c/libcurl-errors.html) in E:\xampp73\htdocs\filecroco\loader\vendor\guzzlehttp\guzzle\src\Handler\CurlFactory.php:186
Stack trace:
#0 E:\xampp73\htdocs\filecroco\loader\vendor\guzzlehttp\guzzle\src\Handler\CurlFactory.php(149): GuzzleHttp\Handler\CurlFactory::createRejection(Object(GuzzleHttp\Handler\EasyHandle), Array)
#1 E:\xampp73\htdocs\filecroco\loader\vendor\guzzlehttp\guzzle\src\Handler\CurlFactory.php(102): GuzzleHttp\Handler\CurlFactory::finishError(Object(GuzzleHttp\Handler\CurlMultiHandler), Object(GuzzleHttp\Handler\EasyHandle), Object(GuzzleHttp\Handler\CurlFactory))
#2 E:\xampp73\htdocs\filecroco\loader\vendor\guzzlehttp\guzzle\src\Handler\CurlMultiHandler.php(181): GuzzleHttp\Handler\CurlFactory::finish(Object(GuzzleHttp\Handler\CurlMultiHandler), Object(GuzzleHttp\Handler\EasyHandle), Object(GuzzleHttp\Handler\CurlFactory))
#3 E:\xampp73\htdocs\filecroco\loader\vendor\guzzlehttp\guzzle\src\Handler\CurlMultiHandler.php(110): GuzzleHttp\Handler\CurlMultiHandler->processMessages()
#4 E:\xampp73\htdocs\filecroco\loader\vendor\guzzlehttp\guzzle\src\Handler\CurlMultiHandler.php(125): GuzzleHttp\Handler\CurlMultiHandler->tick()
#5 E:\xampp73\htdocs\filecroco\loader\vendor\guzzlehttp\promises\src\Promise.php(246): GuzzleHttp\Handler\CurlMultiHandler->execute(true)
#6 E:\xampp73\htdocs\filecroco\loader\vendor\guzzlehttp\promises\src\Promise.php(223): GuzzleHttp\Promise\Promise->invokeWaitFn()
#7 E:\xampp73\htdocs\filecroco\loader\vendor\guzzlehttp\promises\src\Promise.php(267): GuzzleHttp\Promise\Promise->waitIfPending()
#8 E:\xampp73\htdocs\filecroco\loader\vendor\guzzlehttp\promises\src\Promise.php(225): GuzzleHttp\Promise\Promise->invokeWaitList()
#9 E:\xampp73\htdocs\filecroco\loader\vendor\guzzlehttp\promises\src\Promise.php(62): GuzzleHttp\Promise\Promise->waitIfPending()
#10 E:\xampp73\htdocs\filecroco\loader\vendor\guzzlehttp\promises\src\EachPromise.php(101): GuzzleHttp\Promise\Promise->wait()
#11 E:\xampp73\htdocs\filecroco\loader\vendor\guzzlehttp\promises\src\Promise.php(246): GuzzleHttp\Promise\EachPromise->GuzzleHttp\Promise\{closure}(true)
#12 E:\xampp73\htdocs\filecroco\loader\vendor\guzzlehttp\promises\src\Promise.php(223): GuzzleHttp\Promise\Promise->invokeWaitFn()
#13 E:\xampp73\htdocs\filecroco\loader\vendor\guzzlehttp\promises\src\Promise.php(62): GuzzleHttp\Promise\Promise->waitIfPending()
#14 E:\xampp73\htdocs\filecroco\loader\updatedownloadlink.php(95): GuzzleHttp\Promise\Promise->wait()
#15 {main}|639GuzzleHttp\Exception\RequestException: cURL error 56:  (see http://curl.haxx.se/libcurl/c/libcurl-errors.html) in E:\xampp73\htdocs\filecroco\loader\vendor\guzzlehttp\guzzle\src\Handler\CurlFactory.php:186
Stack trace:
#0 E:\xampp73\htdocs\filecroco\loader\vendor\guzzlehttp\guzzle\src\Handler\CurlFactory.php(149): GuzzleHttp\Handler\CurlFactory::createRejection(Object(GuzzleHttp\Handler\EasyHandle), Array)
#1 E:\xampp73\htdocs\filecroco\loader\vendor\guzzlehttp\guzzle\src\Handler\CurlFactory.php(102): GuzzleHttp\Handler\CurlFactory::finishError(Object(GuzzleHttp\Handler\CurlMultiHandler), Object(GuzzleHttp\Handler\EasyHandle), Object(GuzzleHttp\Handler\CurlFactory))
#2 E:\xampp73\htdocs\filecroco\loader\vendor\guzzlehttp\guzzle\src\Handler\CurlMultiHandler.php(181): GuzzleHttp\Handler\CurlFactory::finish(Object(GuzzleHttp\Handler\CurlMultiHandler), Object(GuzzleHttp\Handler\EasyHandle), Object(GuzzleHttp\Handler\CurlFactory))
#3 E:\xampp73\htdocs\filecroco\loader\vendor\guzzlehttp\guzzle\src\Handler\CurlMultiHandler.php(110): GuzzleHttp\Handler\CurlMultiHandler->processMessages()
#4 E:\xampp73\htdocs\filecroco\loader\vendor\guzzlehttp\guzzle\src\Handler\CurlMultiHandler.php(125): GuzzleHttp\Handler\CurlMultiHandler->tick()
#5 E:\xampp73\htdocs\filecroco\loader\vendor\guzzlehttp\promises\src\Promise.php(246): GuzzleHttp\Handler\CurlMultiHandler->execute(true)
#6 E:\xampp73\htdocs\filecroco\loader\vendor\guzzlehttp\promises\src\Promise.php(223): GuzzleHttp\Promise\Promise->invokeWaitFn()
#7 E:\xampp73\htdocs\filecroco\loader\vendor\guzzlehttp\promises\src\Promise.php(267): GuzzleHttp\Promise\Promise->waitIfPending()
#8 E:\xampp73\htdocs\filecroco\loader\vendor\guzzlehttp\promises\src\Promise.php(225): GuzzleHttp\Promise\Promise->invokeWaitList()
#9 E:\xampp73\htdocs\filecroco\loader\vendor\guzzlehttp\promises\src\Promise.php(62): GuzzleHttp\Promise\Promise->waitIfPending()
#10 E:\xampp73\htdocs\filecroco\loader\vendor\guzzlehttp\promises\src\EachPromise.php(101): GuzzleHttp\Promise\Promise->wait()
#11 E:\xampp73\htdocs\filecroco\loader\vendor\guzzlehttp\promises\src\Promise.php(246): GuzzleHttp\Promise\EachPromise->GuzzleHttp\Promise\{closure}(true)
#12 E:\xampp73\htdocs\filecroco\loader\vendor\guzzlehttp\promises\src\Promise.php(223): GuzzleHttp\Promise\Promise->invokeWaitFn()
#13 E:\xampp73\htdocs\filecroco\loader\vendor\guzzlehttp\promises\src\Promise.php(62): GuzzleHttp\Promise\Promise->waitIfPending()
#14 E:\xampp73\htdocs\filecroco\loader\updatedownloadlink.php(95): GuzzleHttp\Promise\Promise->wait()
#15 {main}|640GuzzleHttp\Exception\RequestException: cURL error 56:  (see http://curl.haxx.se/libcurl/c/libcurl-errors.html) in E:\xampp73\htdocs\filecroco\loader\vendor\guzzlehttp\guzzle\src\Handler\CurlFactory.php:186
Stack trace:
#0 E:\xampp73\htdocs\filecroco\loader\vendor\guzzlehttp\guzzle\src\Handler\CurlFactory.php(149): GuzzleHttp\Handler\CurlFactory::createRejection(Object(GuzzleHttp\Handler\EasyHandle), Array)
#1 E:\xampp73\htdocs\filecroco\loader\vendor\guzzlehttp\guzzle\src\Handler\CurlFactory.php(102): GuzzleHttp\Handler\CurlFactory::finishError(Object(GuzzleHttp\Handler\CurlMultiHandler), Object(GuzzleHttp\Handler\EasyHandle), Object(GuzzleHttp\Handler\CurlFactory))
#2 E:\xampp73\htdocs\filecroco\loader\vendor\guzzlehttp\guzzle\src\Handler\CurlMultiHandler.php(181): GuzzleHttp\Handler\CurlFactory::finish(Object(GuzzleHttp\Handler\CurlMultiHandler), Object(GuzzleHttp\Handler\EasyHandle), Object(GuzzleHttp\Handler\CurlFactory))
#3 E:\xampp73\htdocs\filecroco\loader\vendor\guzzlehttp\guzzle\src\Handler\CurlMultiHandler.php(110): GuzzleHttp\Handler\CurlMultiHandler->processMessages()
#4 E:\xampp73\htdocs\filecroco\loader\vendor\guzzlehttp\guzzle\src\Handler\CurlMultiHandler.php(125): GuzzleHttp\Handler\CurlMultiHandler->tick()
#5 E:\xampp73\htdocs\filecroco\loader\vendor\guzzlehttp\promises\src\Promise.php(246): GuzzleHttp\Handler\CurlMultiHandler->execute(true)
#6 E:\xampp73\htdocs\filecroco\loader\vendor\guzzlehttp\promises\src\Promise.php(223): GuzzleHttp\Promise\Promise->invokeWaitFn()
#7 E:\xampp73\htdocs\filecroco\loader\vendor\guzzlehttp\promises\src\Promise.php(267): GuzzleHttp\Promise\Promise->waitIfPending()
#8 E:\xampp73\htdocs\filecroco\loader\vendor\guzzlehttp\promises\src\Promise.php(225): GuzzleHttp\Promise\Promise->invokeWaitList()
#9 E:\xampp73\htdocs\filecroco\loader\vendor\guzzlehttp\promises\src\Promise.php(62): GuzzleHttp\Promise\Promise->waitIfPending()
#10 E:\xampp73\htdocs\filecroco\loader\vendor\guzzlehttp\promises\src\EachPromise.php(101): GuzzleHttp\Promise\Promise->wait()
#11 E:\xampp73\htdocs\filecroco\loader\vendor\guzzlehttp\promises\src\Promise.php(246): GuzzleHttp\Promise\EachPromise->GuzzleHttp\Promise\{closure}(true)
#12 E:\xampp73\htdocs\filecroco\loader\vendor\guzzlehttp\promises\src\Promise.php(223): GuzzleHttp\Promise\Promise->invokeWaitFn()
#13 E:\xampp73\htdocs\filecroco\loader\vendor\guzzlehttp\promises\src\Promise.php(62): GuzzleHttp\Promise\Promise->waitIfPending()
#14 E:\xampp73\htdocs\filecroco\loader\updatedownloadlink.php(95): GuzzleHttp\Promise\Promise->wait()
#15 {main}|641GuzzleHttp\Exception\RequestException: cURL error 56:  (see http://curl.haxx.se/libcurl/c/libcurl-errors.html) in E:\xampp73\htdocs\filecroco\loader\vendor\guzzlehttp\guzzle\src\Handler\CurlFactory.php:186
Stack trace:
#0 E:\xampp73\htdocs\filecroco\loader\vendor\guzzlehttp\guzzle\src\Handler\CurlFactory.php(149): GuzzleHttp\Handler\CurlFactory::createRejection(Object(GuzzleHttp\Handler\EasyHandle), Array)
#1 E:\xampp73\htdocs\filecroco\loader\vendor\guzzlehttp\guzzle\src\Handler\CurlFactory.php(102): GuzzleHttp\Handler\CurlFactory::finishError(Object(GuzzleHttp\Handler\CurlMultiHandler), Object(GuzzleHttp\Handler\EasyHandle), Object(GuzzleHttp\Handler\CurlFactory))
#2 E:\xampp73\htdocs\filecroco\loader\vendor\guzzlehttp\guzzle\src\Handler\CurlMultiHandler.php(181): GuzzleHttp\Handler\CurlFactory::finish(Object(GuzzleHttp\Handler\CurlMultiHandler), Object(GuzzleHttp\Handler\EasyHandle), Object(GuzzleHttp\Handler\CurlFactory))
#3 E:\xampp73\htdocs\filecroco\loader\vendor\guzzlehttp\guzzle\src\Handler\CurlMultiHandler.php(110): GuzzleHttp\Handler\CurlMultiHandler->processMessages()
#4 E:\xampp73\htdocs\filecroco\loader\vendor\guzzlehttp\guzzle\src\Handler\CurlMultiHandler.php(125): GuzzleHttp\Handler\CurlMultiHandler->tick()
#5 E:\xampp73\htdocs\filecroco\loader\vendor\guzzlehttp\promises\src\Promise.php(246): GuzzleHttp\Handler\CurlMultiHandler->execute(true)
#6 E:\xampp73\htdocs\filecroco\loader\vendor\guzzlehttp\promises\src\Promise.php(223): GuzzleHttp\Promise\Promise->invokeWaitFn()
#7 E:\xampp73\htdocs\filecroco\loader\vendor\guzzlehttp\promises\src\Promise.php(267): GuzzleHttp\Promise\Promise->waitIfPending()
#8 E:\xampp73\htdocs\filecroco\loader\vendor\guzzlehttp\promises\src\Promise.php(225): GuzzleHttp\Promise\Promise->invokeWaitList()
#9 E:\xampp73\htdocs\filecroco\loader\vendor\guzzlehttp\promises\src\Promise.php(62): GuzzleHttp\Promise\Promise->waitIfPending()
#10 E:\xampp73\htdocs\filecroco\loader\vendor\guzzlehttp\promises\src\EachPromise.php(101): GuzzleHttp\Promise\Promise->wait()
#11 E:\xampp73\htdocs\filecroco\loader\vendor\guzzlehttp\promises\src\Promise.php(246): GuzzleHttp\Promise\EachPromise->GuzzleHttp\Promise\{closure}(true)
#12 E:\xampp73\htdocs\filecroco\loader\vendor\guzzlehttp\promises\src\Promise.php(223): GuzzleHttp\Promise\Promise->invokeWaitFn()
#13 E:\xampp73\htdocs\filecroco\loader\vendor\guzzlehttp\promises\src\Promise.php(62): GuzzleHttp\Promise\Promise->waitIfPending()
#14 E:\xampp73\htdocs\filecroco\loader\updatedownloadlink.php(95): GuzzleHttp\Promise\Promise->wait()
#15 {main}|642GuzzleHttp\Exception\RequestException: cURL error 56:  (see http://curl.haxx.se/libcurl/c/libcurl-errors.html) in E:\xampp73\htdocs\filecroco\loader\vendor\guzzlehttp\guzzle\src\Handler\CurlFactory.php:186
Stack trace:
#0 E:\xampp73\htdocs\filecroco\loader\vendor\guzzlehttp\guzzle\src\Handler\CurlFactory.php(149): GuzzleHttp\Handler\CurlFactory::createRejection(Object(GuzzleHttp\Handler\EasyHandle), Array)
#1 E:\xampp73\htdocs\filecroco\loader\vendor\guzzlehttp\guzzle\src\Handler\CurlFactory.php(102): GuzzleHttp\Handler\CurlFactory::finishError(Object(GuzzleHttp\Handler\CurlMultiHandler), Object(GuzzleHttp\Handler\EasyHandle), Object(GuzzleHttp\Handler\CurlFactory))
#2 E:\xampp73\htdocs\filecroco\loader\vendor\guzzlehttp\guzzle\src\Handler\CurlMultiHandler.php(181): GuzzleHttp\Handler\CurlFactory::finish(Object(GuzzleHttp\Handler\CurlMultiHandler), Object(GuzzleHttp\Handler\EasyHandle), Object(GuzzleHttp\Handler\CurlFactory))
#3 E:\xampp73\htdocs\filecroco\loader\vendor\guzzlehttp\guzzle\src\Handler\CurlMultiHandler.php(110): GuzzleHttp\Handler\CurlMultiHandler->processMessages()
#4 E:\xampp73\htdocs\filecroco\loader\vendor\guzzlehttp\guzzle\src\Handler\CurlMultiHandler.php(125): GuzzleHttp\Handler\CurlMultiHandler->tick()
#5 E:\xampp73\htdocs\filecroco\loader\vendor\guzzlehttp\promises\src\Promise.php(246): GuzzleHttp\Handler\CurlMultiHandler->execute(true)
#6 E:\xampp73\htdocs\filecroco\loader\vendor\guzzlehttp\promises\src\Promise.php(223): GuzzleHttp\Promise\Promise->invokeWaitFn()
#7 E:\xampp73\htdocs\filecroco\loader\vendor\guzzlehttp\promises\src\Promise.php(267): GuzzleHttp\Promise\Promise->waitIfPending()
#8 E:\xampp73\htdocs\filecroco\loader\vendor\guzzlehttp\promises\src\Promise.php(225): GuzzleHttp\Promise\Promise->invokeWaitList()
#9 E:\xampp73\htdocs\filecroco\loader\vendor\guzzlehttp\promises\src\Promise.php(62): GuzzleHttp\Promise\Promise->waitIfPending()
#10 E:\xampp73\htdocs\filecroco\loader\vendor\guzzlehttp\promises\src\EachPromise.php(101): GuzzleHttp\Promise\Promise->wait()
#11 E:\xampp73\htdocs\filecroco\loader\vendor\guzzlehttp\promises\src\Promise.php(246): GuzzleHttp\Promise\EachPromise->GuzzleHttp\Promise\{closure}(true)
#12 E:\xampp73\htdocs\filecroco\loader\vendor\guzzlehttp\promises\src\Promise.php(223): GuzzleHttp\Promise\Promise->invokeWaitFn()
#13 E:\xampp73\htdocs\filecroco\loader\vendor\guzzlehttp\promises\src\Promise.php(62): GuzzleHttp\Promise\Promise->waitIfPending()
#14 E:\xampp73\htdocs\filecroco\loader\updatedownloadlink.php(95): GuzzleHttp\Promise\Promise->wait()
#15 {main}|643GuzzleHttp\Exception\RequestException: cURL error 56:  (see http://curl.haxx.se/libcurl/c/libcurl-errors.html) in E:\xampp73\htdocs\filecroco\loader\vendor\guzzlehttp\guzzle\src\Handler\CurlFactory.php:186
Stack trace:
#0 E:\xampp73\htdocs\filecroco\loader\vendor\guzzlehttp\guzzle\src\Handler\CurlFactory.php(149): GuzzleHttp\Handler\CurlFactory::createRejection(Object(GuzzleHttp\Handler\EasyHandle), Array)
#1 E:\xampp73\htdocs\filecroco\loader\vendor\guzzlehttp\guzzle\src\Handler\CurlFactory.php(102): GuzzleHttp\Handler\CurlFactory::finishError(Object(GuzzleHttp\Handler\CurlMultiHandler), Object(GuzzleHttp\Handler\EasyHandle), Object(GuzzleHttp\Handler\CurlFactory))
#2 E:\xampp73\htdocs\filecroco\loader\vendor\guzzlehttp\guzzle\src\Handler\CurlMultiHandler.php(181): GuzzleHttp\Handler\CurlFactory::finish(Object(GuzzleHttp\Handler\CurlMultiHandler), Object(GuzzleHttp\Handler\EasyHandle), Object(GuzzleHttp\Handler\CurlFactory))
#3 E:\xampp73\htdocs\filecroco\loader\vendor\guzzlehttp\guzzle\src\Handler\CurlMultiHandler.php(110): GuzzleHttp\Handler\CurlMultiHandler->processMessages()
#4 E:\xampp73\htdocs\filecroco\loader\vendor\guzzlehttp\guzzle\src\Handler\CurlMultiHandler.php(125): GuzzleHttp\Handler\CurlMultiHandler->tick()
#5 E:\xampp73\htdocs\filecroco\loader\vendor\guzzlehttp\promises\src\Promise.php(246): GuzzleHttp\Handler\CurlMultiHandler->execute(true)
#6 E:\xampp73\htdocs\filecroco\loader\vendor\guzzlehttp\promises\src\Promise.php(223): GuzzleHttp\Promise\Promise->invokeWaitFn()
#7 E:\xampp73\htdocs\filecroco\loader\vendor\guzzlehttp\promises\src\Promise.php(267): GuzzleHttp\Promise\Promise->waitIfPending()
#8 E:\xampp73\htdocs\filecroco\loader\vendor\guzzlehttp\promises\src\Promise.php(225): GuzzleHttp\Promise\Promise->invokeWaitList()
#9 E:\xampp73\htdocs\filecroco\loader\vendor\guzzlehttp\promises\src\Promise.php(62): GuzzleHttp\Promise\Promise->waitIfPending()
#10 E:\xampp73\htdocs\filecroco\loader\vendor\guzzlehttp\promises\src\EachPromise.php(101): GuzzleHttp\Promise\Promise->wait()
#11 E:\xampp73\htdocs\filecroco\loader\vendor\guzzlehttp\promises\src\Promise.php(246): GuzzleHttp\Promise\EachPromise->GuzzleHttp\Promise\{closure}(true)
#12 E:\xampp73\htdocs\filecroco\loader\vendor\guzzlehttp\promises\src\Promise.php(223): GuzzleHttp\Promise\Promise->invokeWaitFn()
#13 E:\xampp73\htdocs\filecroco\loader\vendor\guzzlehttp\promises\src\Promise.php(62): GuzzleHttp\Promise\Promise->waitIfPending()
#14 E:\xampp73\htdocs\filecroco\loader\updatedownloadlink.php(95): GuzzleHttp\Promise\Promise->wait()
#15 {main}|644GuzzleHttp\Exception\RequestException: cURL error 56:  (see http://curl.haxx.se/libcurl/c/libcurl-errors.html) in E:\xampp73\htdocs\filecroco\loader\vendor\guzzlehttp\guzzle\src\Handler\CurlFactory.php:186
Stack trace:
#0 E:\xampp73\htdocs\filecroco\loader\vendor\guzzlehttp\guzzle\src\Handler\CurlFactory.php(149): GuzzleHttp\Handler\CurlFactory::createRejection(Object(GuzzleHttp\Handler\EasyHandle), Array)
#1 E:\xampp73\htdocs\filecroco\loader\vendor\guzzlehttp\guzzle\src\Handler\CurlFactory.php(102): GuzzleHttp\Handler\CurlFactory::finishError(Object(GuzzleHttp\Handler\CurlMultiHandler), Object(GuzzleHttp\Handler\EasyHandle), Object(GuzzleHttp\Handler\CurlFactory))
#2 E:\xampp73\htdocs\filecroco\loader\vendor\guzzlehttp\guzzle\src\Handler\CurlMultiHandler.php(181): GuzzleHttp\Handler\CurlFactory::finish(Object(GuzzleHttp\Handler\CurlMultiHandler), Object(GuzzleHttp\Handler\EasyHandle), Object(GuzzleHttp\Handler\CurlFactory))
#3 E:\xampp73\htdocs\filecroco\loader\vendor\guzzlehttp\guzzle\src\Handler\CurlMultiHandler.php(110): GuzzleHttp\Handler\CurlMultiHandler->processMessages()
#4 E:\xampp73\htdocs\filecroco\loader\vendor\guzzlehttp\guzzle\src\Handler\CurlMultiHandler.php(125): GuzzleHttp\Handler\CurlMultiHandler->tick()
#5 E:\xampp73\htdocs\filecroco\loader\vendor\guzzlehttp\promises\src\Promise.php(246): GuzzleHttp\Handler\CurlMultiHandler->execute(true)
#6 E:\xampp73\htdocs\filecroco\loader\vendor\guzzlehttp\promises\src\Promise.php(223): GuzzleHttp\Promise\Promise->invokeWaitFn()
#7 E:\xampp73\htdocs\filecroco\loader\vendor\guzzlehttp\promises\src\Promise.php(267): GuzzleHttp\Promise\Promise->waitIfPending()
#8 E:\xampp73\htdocs\filecroco\loader\vendor\guzzlehttp\promises\src\Promise.php(225): GuzzleHttp\Promise\Promise->invokeWaitList()
#9 E:\xampp73\htdocs\filecroco\loader\vendor\guzzlehttp\promises\src\Promise.php(62): GuzzleHttp\Promise\Promise->waitIfPending()
#10 E:\xampp73\htdocs\filecroco\loader\vendor\guzzlehttp\promises\src\EachPromise.php(101): GuzzleHttp\Promise\Promise->wait()
#11 E:\xampp73\htdocs\filecroco\loader\vendor\guzzlehttp\promises\src\Promise.php(246): GuzzleHttp\Promise\EachPromise->GuzzleHttp\Promise\{closure}(true)
#12 E:\xampp73\htdocs\filecroco\loader\vendor\guzzlehttp\promises\src\Promise.php(223): GuzzleHttp\Promise\Promise->invokeWaitFn()
#13 E:\xampp73\htdocs\filecroco\loader\vendor\guzzlehttp\promises\src\Promise.php(62): GuzzleHttp\Promise\Promise->waitIfPending()
#14 E:\xampp73\htdocs\filecroco\loader\updatedownloadlink.php(95): GuzzleHttp\Promise\Promise->wait()
#15 {main}|645GuzzleHttp\Exception\RequestException: cURL error 56:  (see http://curl.haxx.se/libcurl/c/libcurl-errors.html) in E:\xampp73\htdocs\filecroco\loader\vendor\guzzlehttp\guzzle\src\Handler\CurlFactory.php:186
Stack trace:
#0 E:\xampp73\htdocs\filecroco\loader\vendor\guzzlehttp\guzzle\src\Handler\CurlFactory.php(149): GuzzleHttp\Handler\CurlFactory::createRejection(Object(GuzzleHttp\Handler\EasyHandle), Array)
#1 E:\xampp73\htdocs\filecroco\loader\vendor\guzzlehttp\guzzle\src\Handler\CurlFactory.php(102): GuzzleHttp\Handler\CurlFactory::finishError(Object(GuzzleHttp\Handler\CurlMultiHandler), Object(GuzzleHttp\Handler\EasyHandle), Object(GuzzleHttp\Handler\CurlFactory))
#2 E:\xampp73\htdocs\filecroco\loader\vendor\guzzlehttp\guzzle\src\Handler\CurlMultiHandler.php(181): GuzzleHttp\Handler\CurlFactory::finish(Object(GuzzleHttp\Handler\CurlMultiHandler), Object(GuzzleHttp\Handler\EasyHandle), Object(GuzzleHttp\Handler\CurlFactory))
#3 E:\xampp73\htdocs\filecroco\loader\vendor\guzzlehttp\guzzle\src\Handler\CurlMultiHandler.php(110): GuzzleHttp\Handler\CurlMultiHandler->processMessages()
#4 E:\xampp73\htdocs\filecroco\loader\vendor\guzzlehttp\guzzle\src\Handler\CurlMultiHandler.php(125): GuzzleHttp\Handler\CurlMultiHandler->tick()
#5 E:\xampp73\htdocs\filecroco\loader\vendor\guzzlehttp\promises\src\Promise.php(246): GuzzleHttp\Handler\CurlMultiHandler->execute(true)
#6 E:\xampp73\htdocs\filecroco\loader\vendor\guzzlehttp\promises\src\Promise.php(223): GuzzleHttp\Promise\Promise->invokeWaitFn()
#7 E:\xampp73\htdocs\filecroco\loader\vendor\guzzlehttp\promises\src\Promise.php(267): GuzzleHttp\Promise\Promise->waitIfPending()
#8 E:\xampp73\htdocs\filecroco\loader\vendor\guzzlehttp\promises\src\Promise.php(225): GuzzleHttp\Promise\Promise->invokeWaitList()
#9 E:\xampp73\htdocs\filecroco\loader\vendor\guzzlehttp\promises\src\Promise.php(62): GuzzleHttp\Promise\Promise->waitIfPending()
#10 E:\xampp73\htdocs\filecroco\loader\vendor\guzzlehttp\promises\src\EachPromise.php(101): GuzzleHttp\Promise\Promise->wait()
#11 E:\xampp73\htdocs\filecroco\loader\vendor\guzzlehttp\promises\src\Promise.php(246): GuzzleHttp\Promise\EachPromise->GuzzleHttp\Promise\{closure}(true)
#12 E:\xampp73\htdocs\filecroco\loader\vendor\guzzlehttp\promises\src\Promise.php(223): GuzzleHttp\Promise\Promise->invokeWaitFn()
#13 E:\xampp73\htdocs\filecroco\loader\vendor\guzzlehttp\promises\src\Promise.php(62): GuzzleHttp\Promise\Promise->waitIfPending()
#14 E:\xampp73\htdocs\filecroco\loader\updatedownloadlink.php(95): GuzzleHttp\Promise\Promise->wait()
#15 {main}|646GuzzleHttp\Exception\RequestException: cURL error 56:  (see http://curl.haxx.se/libcurl/c/libcurl-errors.html) in E:\xampp73\htdocs\filecroco\loader\vendor\guzzlehttp\guzzle\src\Handler\CurlFactory.php:186
Stack trace:
#0 E:\xampp73\htdocs\filecroco\loader\vendor\guzzlehttp\guzzle\src\Handler\CurlFactory.php(149): GuzzleHttp\Handler\CurlFactory::createRejection(Object(GuzzleHttp\Handler\EasyHandle), Array)
#1 E:\xampp73\htdocs\filecroco\loader\vendor\guzzlehttp\guzzle\src\Handler\CurlFactory.php(102): GuzzleHttp\Handler\CurlFactory::finishError(Object(GuzzleHttp\Handler\CurlMultiHandler), Object(GuzzleHttp\Handler\EasyHandle), Object(GuzzleHttp\Handler\CurlFactory))
#2 E:\xampp73\htdocs\filecroco\loader\vendor\guzzlehttp\guzzle\src\Handler\CurlMultiHandler.php(181): GuzzleHttp\Handler\CurlFactory::finish(Object(GuzzleHttp\Handler\CurlMultiHandler), Object(GuzzleHttp\Handler\EasyHandle), Object(GuzzleHttp\Handler\CurlFactory))
#3 E:\xampp73\htdocs\filecroco\loader\vendor\guzzlehttp\guzzle\src\Handler\CurlMultiHandler.php(110): GuzzleHttp\Handler\CurlMultiHandler->processMessages()
#4 E:\xampp73\htdocs\filecroco\loader\vendor\guzzlehttp\guzzle\src\Handler\CurlMultiHandler.php(125): GuzzleHttp\Handler\CurlMultiHandler->tick()
#5 E:\xampp73\htdocs\filecroco\loader\vendor\guzzlehttp\promises\src\Promise.php(246): GuzzleHttp\Handler\CurlMultiHandler->execute(true)
#6 E:\xampp73\htdocs\filecroco\loader\vendor\guzzlehttp\promises\src\Promise.php(223): GuzzleHttp\Promise\Promise->invokeWaitFn()
#7 E:\xampp73\htdocs\filecroco\loader\vendor\guzzlehttp\promises\src\Promise.php(267): GuzzleHttp\Promise\Promise->waitIfPending()
#8 E:\xampp73\htdocs\filecroco\loader\vendor\guzzlehttp\promises\src\Promise.php(225): GuzzleHttp\Promise\Promise->invokeWaitList()
#9 E:\xampp73\htdocs\filecroco\loader\vendor\guzzlehttp\promises\src\Promise.php(62): GuzzleHttp\Promise\Promise->waitIfPending()
#10 E:\xampp73\htdocs\filecroco\loader\vendor\guzzlehttp\promises\src\EachPromise.php(101): GuzzleHttp\Promise\Promise->wait()
#11 E:\xampp73\htdocs\filecroco\loader\vendor\guzzlehttp\promises\src\Promise.php(246): GuzzleHttp\Promise\EachPromise->GuzzleHttp\Promise\{closure}(true)
#12 E:\xampp73\htdocs\filecroco\loader\vendor\guzzlehttp\promises\src\Promise.php(223): GuzzleHttp\Promise\Promise->invokeWaitFn()
#13 E:\xampp73\htdocs\filecroco\loader\vendor\guzzlehttp\promises\src\Promise.php(62): GuzzleHttp\Promise\Promise->waitIfPending()
#14 E:\xampp73\htdocs\filecroco\loader\updatedownloadlink.php(95): GuzzleHttp\Promise\Promise->wait()
#15 {main}|647GuzzleHttp\Exception\RequestException: cURL error 56:  (see http://curl.haxx.se/libcurl/c/libcurl-errors.html) in E:\xampp73\htdocs\filecroco\loader\vendor\guzzlehttp\guzzle\src\Handler\CurlFactory.php:186
Stack trace:
#0 E:\xampp73\htdocs\filecroco\loader\vendor\guzzlehttp\guzzle\src\Handler\CurlFactory.php(149): GuzzleHttp\Handler\CurlFactory::createRejection(Object(GuzzleHttp\Handler\EasyHandle), Array)
#1 E:\xampp73\htdocs\filecroco\loader\vendor\guzzlehttp\guzzle\src\Handler\CurlFactory.php(102): GuzzleHttp\Handler\CurlFactory::finishError(Object(GuzzleHttp\Handler\CurlMultiHandler), Object(GuzzleHttp\Handler\EasyHandle), Object(GuzzleHttp\Handler\CurlFactory))
#2 E:\xampp73\htdocs\filecroco\loader\vendor\guzzlehttp\guzzle\src\Handler\CurlMultiHandler.php(181): GuzzleHttp\Handler\CurlFactory::finish(Object(GuzzleHttp\Handler\CurlMultiHandler), Object(GuzzleHttp\Handler\EasyHandle), Object(GuzzleHttp\Handler\CurlFactory))
#3 E:\xampp73\htdocs\filecroco\loader\vendor\guzzlehttp\guzzle\src\Handler\CurlMultiHandler.php(110): GuzzleHttp\Handler\CurlMultiHandler->processMessages()
#4 E:\xampp73\htdocs\filecroco\loader\vendor\guzzlehttp\guzzle\src\Handler\CurlMultiHandler.php(125): GuzzleHttp\Handler\CurlMultiHandler->tick()
#5 E:\xampp73\htdocs\filecroco\loader\vendor\guzzlehttp\promises\src\Promise.php(246): GuzzleHttp\Handler\CurlMultiHandler->execute(true)
#6 E:\xampp73\htdocs\filecroco\loader\vendor\guzzlehttp\promises\src\Promise.php(223): GuzzleHttp\Promise\Promise->invokeWaitFn()
#7 E:\xampp73\htdocs\filecroco\loader\vendor\guzzlehttp\promises\src\Promise.php(267): GuzzleHttp\Promise\Promise->waitIfPending()
#8 E:\xampp73\htdocs\filecroco\loader\vendor\guzzlehttp\promises\src\Promise.php(225): GuzzleHttp\Promise\Promise->invokeWaitList()
#9 E:\xampp73\htdocs\filecroco\loader\vendor\guzzlehttp\promises\src\Promise.php(62): GuzzleHttp\Promise\Promise->waitIfPending()
#10 E:\xampp73\htdocs\filecroco\loader\vendor\guzzlehttp\promises\src\EachPromise.php(101): GuzzleHttp\Promise\Promise->wait()
#11 E:\xampp73\htdocs\filecroco\loader\vendor\guzzlehttp\promises\src\Promise.php(246): GuzzleHttp\Promise\EachPromise->GuzzleHttp\Promise\{closure}(true)
#12 E:\xampp73\htdocs\filecroco\loader\vendor\guzzlehttp\promises\src\Promise.php(223): GuzzleHttp\Promise\Promise->invokeWaitFn()
#13 E:\xampp73\htdocs\filecroco\loader\vendor\guzzlehttp\promises\src\Promise.php(62): GuzzleHttp\Promise\Promise->waitIfPending()
#14 E:\xampp73\htdocs\filecroco\loader\updatedownloadlink.php(95): GuzzleHttp\Promise\Promise->wait()
#15 {main}|648GuzzleHttp\Exception\RequestException: cURL error 56:  (see http://curl.haxx.se/libcurl/c/libcurl-errors.html) in E:\xampp73\htdocs\filecroco\loader\vendor\guzzlehttp\guzzle\src\Handler\CurlFactory.php:186
Stack trace:
#0 E:\xampp73\htdocs\filecroco\loader\vendor\guzzlehttp\guzzle\src\Handler\CurlFactory.php(149): GuzzleHttp\Handler\CurlFactory::createRejection(Object(GuzzleHttp\Handler\EasyHandle), Array)
#1 E:\xampp73\htdocs\filecroco\loader\vendor\guzzlehttp\guzzle\src\Handler\CurlFactory.php(102): GuzzleHttp\Handler\CurlFactory::finishError(Object(GuzzleHttp\Handler\CurlMultiHandler), Object(GuzzleHttp\Handler\EasyHandle), Object(GuzzleHttp\Handler\CurlFactory))
#2 E:\xampp73\htdocs\filecroco\loader\vendor\guzzlehttp\guzzle\src\Handler\CurlMultiHandler.php(181): GuzzleHttp\Handler\CurlFactory::finish(Object(GuzzleHttp\Handler\CurlMultiHandler), Object(GuzzleHttp\Handler\EasyHandle), Object(GuzzleHttp\Handler\CurlFactory))
#3 E:\xampp73\htdocs\filecroco\loader\vendor\guzzlehttp\guzzle\src\Handler\CurlMultiHandler.php(110): GuzzleHttp\Handler\CurlMultiHandler->processMessages()
#4 E:\xampp73\htdocs\filecroco\loader\vendor\guzzlehttp\guzzle\src\Handler\CurlMultiHandler.php(125): GuzzleHttp\Handler\CurlMultiHandler->tick()
#5 E:\xampp73\htdocs\filecroco\loader\vendor\guzzlehttp\promises\src\Promise.php(246): GuzzleHttp\Handler\CurlMultiHandler->execute(true)
#6 E:\xampp73\htdocs\filecroco\loader\vendor\guzzlehttp\promises\src\Promise.php(223): GuzzleHttp\Promise\Promise->invokeWaitFn()
#7 E:\xampp73\htdocs\filecroco\loader\vendor\guzzlehttp\promises\src\Promise.php(267): GuzzleHttp\Promise\Promise->waitIfPending()
#8 E:\xampp73\htdocs\filecroco\loader\vendor\guzzlehttp\promises\src\Promise.php(225): GuzzleHttp\Promise\Promise->invokeWaitList()
#9 E:\xampp73\htdocs\filecroco\loader\vendor\guzzlehttp\promises\src\Promise.php(62): GuzzleHttp\Promise\Promise->waitIfPending()
#10 E:\xampp73\htdocs\filecroco\loader\vendor\guzzlehttp\promises\src\EachPromise.php(101): GuzzleHttp\Promise\Promise->wait()
#11 E:\xampp73\htdocs\filecroco\loader\vendor\guzzlehttp\promises\src\Promise.php(246): GuzzleHttp\Promise\EachPromise->GuzzleHttp\Promise\{closure}(true)
#12 E:\xampp73\htdocs\filecroco\loader\vendor\guzzlehttp\promises\src\Promise.php(223): GuzzleHttp\Promise\Promise->invokeWaitFn()
#13 E:\xampp73\htdocs\filecroco\loader\vendor\guzzlehttp\promises\src\Promise.php(62): GuzzleHttp\Promise\Promise->waitIfPending()
#14 E:\xampp73\htdocs\filecroco\loader\updatedownloadlink.php(95): GuzzleHttp\Promise\Promise->wait()
#15 {main}|649GuzzleHttp\Exception\RequestException: cURL error 56:  (see http://curl.haxx.se/libcurl/c/libcurl-errors.html) in E:\xampp73\htdocs\filecroco\loader\vendor\guzzlehttp\guzzle\src\Handler\CurlFactory.php:186
Stack trace:
#0 E:\xampp73\htdocs\filecroco\loader\vendor\guzzlehttp\guzzle\src\Handler\CurlFactory.php(149): GuzzleHttp\Handler\CurlFactory::createRejection(Object(GuzzleHttp\Handler\EasyHandle), Array)
#1 E:\xampp73\htdocs\filecroco\loader\vendor\guzzlehttp\guzzle\src\Handler\CurlFactory.php(102): GuzzleHttp\Handler\CurlFactory::finishError(Object(GuzzleHttp\Handler\CurlMultiHandler), Object(GuzzleHttp\Handler\EasyHandle), Object(GuzzleHttp\Handler\CurlFactory))
#2 E:\xampp73\htdocs\filecroco\loader\vendor\guzzlehttp\guzzle\src\Handler\CurlMultiHandler.php(181): GuzzleHttp\Handler\CurlFactory::finish(Object(GuzzleHttp\Handler\CurlMultiHandler), Object(GuzzleHttp\Handler\EasyHandle), Object(GuzzleHttp\Handler\CurlFactory))
#3 E:\xampp73\htdocs\filecroco\loader\vendor\guzzlehttp\guzzle\src\Handler\CurlMultiHandler.php(110): GuzzleHttp\Handler\CurlMultiHandler->processMessages()
#4 E:\xampp73\htdocs\filecroco\loader\vendor\guzzlehttp\guzzle\src\Handler\CurlMultiHandler.php(125): GuzzleHttp\Handler\CurlMultiHandler->tick()
#5 E:\xampp73\htdocs\filecroco\loader\vendor\guzzlehttp\promises\src\Promise.php(246): GuzzleHttp\Handler\CurlMultiHandler->execute(true)
#6 E:\xampp73\htdocs\filecroco\loader\vendor\guzzlehttp\promises\src\Promise.php(223): GuzzleHttp\Promise\Promise->invokeWaitFn()
#7 E:\xampp73\htdocs\filecroco\loader\vendor\guzzlehttp\promises\src\Promise.php(267): GuzzleHttp\Promise\Promise->waitIfPending()
#8 E:\xampp73\htdocs\filecroco\loader\vendor\guzzlehttp\promises\src\Promise.php(225): GuzzleHttp\Promise\Promise->invokeWaitList()
#9 E:\xampp73\htdocs\filecroco\loader\vendor\guzzlehttp\promises\src\Promise.php(62): GuzzleHttp\Promise\Promise->waitIfPending()
#10 E:\xampp73\htdocs\filecroco\loader\vendor\guzzlehttp\promises\src\EachPromise.php(101): GuzzleHttp\Promise\Promise->wait()
#11 E:\xampp73\htdocs\filecroco\loader\vendor\guzzlehttp\promises\src\Promise.php(246): GuzzleHttp\Promise\EachPromise->GuzzleHttp\Promise\{closure}(true)
#12 E:\xampp73\htdocs\filecroco\loader\vendor\guzzlehttp\promises\src\Promise.php(223): GuzzleHttp\Promise\Promise->invokeWaitFn()
#13 E:\xampp73\htdocs\filecroco\loader\vendor\guzzlehttp\promises\src\Promise.php(62): GuzzleHttp\Promise\Promise->waitIfPending()
#14 E:\xampp73\htdocs\filecroco\loader\updatedownloadlink.php(95): GuzzleHttp\Promise\Promise->wait()
#15 {main}|650GuzzleHttp\Exception\RequestException: cURL error 56:  (see http://curl.haxx.se/libcurl/c/libcurl-errors.html) in E:\xampp73\htdocs\filecroco\loader\vendor\guzzlehttp\guzzle\src\Handler\CurlFactory.php:186
Stack trace:
#0 E:\xampp73\htdocs\filecroco\loader\vendor\guzzlehttp\guzzle\src\Handler\CurlFactory.php(149): GuzzleHttp\Handler\CurlFactory::createRejection(Object(GuzzleHttp\Handler\EasyHandle), Array)
#1 E:\xampp73\htdocs\filecroco\loader\vendor\guzzlehttp\guzzle\src\Handler\CurlFactory.php(102): GuzzleHttp\Handler\CurlFactory::finishError(Object(GuzzleHttp\Handler\CurlMultiHandler), Object(GuzzleHttp\Handler\EasyHandle), Object(GuzzleHttp\Handler\CurlFactory))
#2 E:\xampp73\htdocs\filecroco\loader\vendor\guzzlehttp\guzzle\src\Handler\CurlMultiHandler.php(181): GuzzleHttp\Handler\CurlFactory::finish(Object(GuzzleHttp\Handler\CurlMultiHandler), Object(GuzzleHttp\Handler\EasyHandle), Object(GuzzleHttp\Handler\CurlFactory))
#3 E:\xampp73\htdocs\filecroco\loader\vendor\guzzlehttp\guzzle\src\Handler\CurlMultiHandler.php(110): GuzzleHttp\Handler\CurlMultiHandler->processMessages()
#4 E:\xampp73\htdocs\filecroco\loader\vendor\guzzlehttp\guzzle\src\Handler\CurlMultiHandler.php(125): GuzzleHttp\Handler\CurlMultiHandler->tick()
#5 E:\xampp73\htdocs\filecroco\loader\vendor\guzzlehttp\promises\src\Promise.php(246): GuzzleHttp\Handler\CurlMultiHandler->execute(true)
#6 E:\xampp73\htdocs\filecroco\loader\vendor\guzzlehttp\promises\src\Promise.php(223): GuzzleHttp\Promise\Promise->invokeWaitFn()
#7 E:\xampp73\htdocs\filecroco\loader\vendor\guzzlehttp\promises\src\Promise.php(267): GuzzleHttp\Promise\Promise->waitIfPending()
#8 E:\xampp73\htdocs\filecroco\loader\vendor\guzzlehttp\promises\src\Promise.php(225): GuzzleHttp\Promise\Promise->invokeWaitList()
#9 E:\xampp73\htdocs\filecroco\loader\vendor\guzzlehttp\promises\src\Promise.php(62): GuzzleHttp\Promise\Promise->waitIfPending()
#10 E:\xampp73\htdocs\filecroco\loader\vendor\guzzlehttp\promises\src\EachPromise.php(101): GuzzleHttp\Promise\Promise->wait()
#11 E:\xampp73\htdocs\filecroco\loader\vendor\guzzlehttp\promises\src\Promise.php(246): GuzzleHttp\Promise\EachPromise->GuzzleHttp\Promise\{closure}(true)
#12 E:\xampp73\htdocs\filecroco\loader\vendor\guzzlehttp\promises\src\Promise.php(223): GuzzleHttp\Promise\Promise->invokeWaitFn()
#13 E:\xampp73\htdocs\filecroco\loader\vendor\guzzlehttp\promises\src\Promise.php(62): GuzzleHttp\Promise\Promise->waitIfPending()
#14 E:\xampp73\htdocs\filecroco\loader\updatedownloadlink.php(95): GuzzleHttp\Promise\Promise->wait()
#15 {main}|651GuzzleHttp\Exception\RequestException: cURL error 56:  (see http://curl.haxx.se/libcurl/c/libcurl-errors.html) in E:\xampp73\htdocs\filecroco\loader\vendor\guzzlehttp\guzzle\src\Handler\CurlFactory.php:186
Stack trace:
#0 E:\xampp73\htdocs\filecroco\loader\vendor\guzzlehttp\guzzle\src\Handler\CurlFactory.php(149): GuzzleHttp\Handler\CurlFactory::createRejection(Object(GuzzleHttp\Handler\EasyHandle), Array)
#1 E:\xampp73\htdocs\filecroco\loader\vendor\guzzlehttp\guzzle\src\Handler\CurlFactory.php(102): GuzzleHttp\Handler\CurlFactory::finishError(Object(GuzzleHttp\Handler\CurlMultiHandler), Object(GuzzleHttp\Handler\EasyHandle), Object(GuzzleHttp\Handler\CurlFactory))
#2 E:\xampp73\htdocs\filecroco\loader\vendor\guzzlehttp\guzzle\src\Handler\CurlMultiHandler.php(181): GuzzleHttp\Handler\CurlFactory::finish(Object(GuzzleHttp\Handler\CurlMultiHandler), Object(GuzzleHttp\Handler\EasyHandle), Object(GuzzleHttp\Handler\CurlFactory))
#3 E:\xampp73\htdocs\filecroco\loader\vendor\guzzlehttp\guzzle\src\Handler\CurlMultiHandler.php(110): GuzzleHttp\Handler\CurlMultiHandler->processMessages()
#4 E:\xampp73\htdocs\filecroco\loader\vendor\guzzlehttp\guzzle\src\Handler\CurlMultiHandler.php(125): GuzzleHttp\Handler\CurlMultiHandler->tick()
#5 E:\xampp73\htdocs\filecroco\loader\vendor\guzzlehttp\promises\src\Promise.php(246): GuzzleHttp\Handler\CurlMultiHandler->execute(true)
#6 E:\xampp73\htdocs\filecroco\loader\vendor\guzzlehttp\promises\src\Promise.php(223): GuzzleHttp\Promise\Promise->invokeWaitFn()
#7 E:\xampp73\htdocs\filecroco\loader\vendor\guzzlehttp\promises\src\Promise.php(267): GuzzleHttp\Promise\Promise->waitIfPending()
#8 E:\xampp73\htdocs\filecroco\loader\vendor\guzzlehttp\promises\src\Promise.php(225): GuzzleHttp\Promise\Promise->invokeWaitList()
#9 E:\xampp73\htdocs\filecroco\loader\vendor\guzzlehttp\promises\src\Promise.php(62): GuzzleHttp\Promise\Promise->waitIfPending()
#10 E:\xampp73\htdocs\filecroco\loader\vendor\guzzlehttp\promises\src\EachPromise.php(101): GuzzleHttp\Promise\Promise->wait()
#11 E:\xampp73\htdocs\filecroco\loader\vendor\guzzlehttp\promises\src\Promise.php(246): GuzzleHttp\Promise\EachPromise->GuzzleHttp\Promise\{closure}(true)
#12 E:\xampp73\htdocs\filecroco\loader\vendor\guzzlehttp\promises\src\Promise.php(223): GuzzleHttp\Promise\Promise->invokeWaitFn()
#13 E:\xampp73\htdocs\filecroco\loader\vendor\guzzlehttp\promises\src\Promise.php(62): GuzzleHttp\Promise\Promise->waitIfPending()
#14 E:\xampp73\htdocs\filecroco\loader\updatedownloadlink.php(95): GuzzleHttp\Promise\Promise->wait()
#15 {main}|652GuzzleHttp\Exception\RequestException: cURL error 56:  (see http://curl.haxx.se/libcurl/c/libcurl-errors.html) in E:\xampp73\htdocs\filecroco\loader\vendor\guzzlehttp\guzzle\src\Handler\CurlFactory.php:186
Stack trace:
#0 E:\xampp73\htdocs\filecroco\loader\vendor\guzzlehttp\guzzle\src\Handler\CurlFactory.php(149): GuzzleHttp\Handler\CurlFactory::createRejection(Object(GuzzleHttp\Handler\EasyHandle), Array)
#1 E:\xampp73\htdocs\filecroco\loader\vendor\guzzlehttp\guzzle\src\Handler\CurlFactory.php(102): GuzzleHttp\Handler\CurlFactory::finishError(Object(GuzzleHttp\Handler\CurlMultiHandler), Object(GuzzleHttp\Handler\EasyHandle), Object(GuzzleHttp\Handler\CurlFactory))
#2 E:\xampp73\htdocs\filecroco\loader\vendor\guzzlehttp\guzzle\src\Handler\CurlMultiHandler.php(181): GuzzleHttp\Handler\CurlFactory::finish(Object(GuzzleHttp\Handler\CurlMultiHandler), Object(GuzzleHttp\Handler\EasyHandle), Object(GuzzleHttp\Handler\CurlFactory))
#3 E:\xampp73\htdocs\filecroco\loader\vendor\guzzlehttp\guzzle\src\Handler\CurlMultiHandler.php(110): GuzzleHttp\Handler\CurlMultiHandler->processMessages()
#4 E:\xampp73\htdocs\filecroco\loader\vendor\guzzlehttp\guzzle\src\Handler\CurlMultiHandler.php(125): GuzzleHttp\Handler\CurlMultiHandler->tick()
#5 E:\xampp73\htdocs\filecroco\loader\vendor\guzzlehttp\promises\src\Promise.php(246): GuzzleHttp\Handler\CurlMultiHandler->execute(true)
#6 E:\xampp73\htdocs\filecroco\loader\vendor\guzzlehttp\promises\src\Promise.php(223): GuzzleHttp\Promise\Promise->invokeWaitFn()
#7 E:\xampp73\htdocs\filecroco\loader\vendor\guzzlehttp\promises\src\Promise.php(267): GuzzleHttp\Promise\Promise->waitIfPending()
#8 E:\xampp73\htdocs\filecroco\loader\vendor\guzzlehttp\promises\src\Promise.php(225): GuzzleHttp\Promise\Promise->invokeWaitList()
#9 E:\xampp73\htdocs\filecroco\loader\vendor\guzzlehttp\promises\src\Promise.php(62): GuzzleHttp\Promise\Promise->waitIfPending()
#10 E:\xampp73\htdocs\filecroco\loader\vendor\guzzlehttp\promises\src\EachPromise.php(101): GuzzleHttp\Promise\Promise->wait()
#11 E:\xampp73\htdocs\filecroco\loader\vendor\guzzlehttp\promises\src\Promise.php(246): GuzzleHttp\Promise\EachPromise->GuzzleHttp\Promise\{closure}(true)
#12 E:\xampp73\htdocs\filecroco\loader\vendor\guzzlehttp\promises\src\Promise.php(223): GuzzleHttp\Promise\Promise->invokeWaitFn()
#13 E:\xampp73\htdocs\filecroco\loader\vendor\guzzlehttp\promises\src\Promise.php(62): GuzzleHttp\Promise\Promise->waitIfPending()
#14 E:\xampp73\htdocs\filecroco\loader\updatedownloadlink.php(95): GuzzleHttp\Promise\Promise->wait()
#15 {main}|653GuzzleHttp\Exception\RequestException: cURL error 56:  (see http://curl.haxx.se/libcurl/c/libcurl-errors.html) in E:\xampp73\htdocs\filecroco\loader\vendor\guzzlehttp\guzzle\src\Handler\CurlFactory.php:186
Stack trace:
#0 E:\xampp73\htdocs\filecroco\loader\vendor\guzzlehttp\guzzle\src\Handler\CurlFactory.php(149): GuzzleHttp\Handler\CurlFactory::createRejection(Object(GuzzleHttp\Handler\EasyHandle), Array)
#1 E:\xampp73\htdocs\filecroco\loader\vendor\guzzlehttp\guzzle\src\Handler\CurlFactory.php(102): GuzzleHttp\Handler\CurlFactory::finishError(Object(GuzzleHttp\Handler\CurlMultiHandler), Object(GuzzleHttp\Handler\EasyHandle), Object(GuzzleHttp\Handler\CurlFactory))
#2 E:\xampp73\htdocs\filecroco\loader\vendor\guzzlehttp\guzzle\src\Handler\CurlMultiHandler.php(181): GuzzleHttp\Handler\CurlFactory::finish(Object(GuzzleHttp\Handler\CurlMultiHandler), Object(GuzzleHttp\Handler\EasyHandle), Object(GuzzleHttp\Handler\CurlFactory))
#3 E:\xampp73\htdocs\filecroco\loader\vendor\guzzlehttp\guzzle\src\Handler\CurlMultiHandler.php(110): GuzzleHttp\Handler\CurlMultiHandler->processMessages()
#4 E:\xampp73\htdocs\filecroco\loader\vendor\guzzlehttp\guzzle\src\Handler\CurlMultiHandler.php(125): GuzzleHttp\Handler\CurlMultiHandler->tick()
#5 E:\xampp73\htdocs\filecroco\loader\vendor\guzzlehttp\promises\src\Promise.php(246): GuzzleHttp\Handler\CurlMultiHandler->execute(true)
#6 E:\xampp73\htdocs\filecroco\loader\vendor\guzzlehttp\promises\src\Promise.php(223): GuzzleHttp\Promise\Promise->invokeWaitFn()
#7 E:\xampp73\htdocs\filecroco\loader\vendor\guzzlehttp\promises\src\Promise.php(267): GuzzleHttp\Promise\Promise->waitIfPending()
#8 E:\xampp73\htdocs\filecroco\loader\vendor\guzzlehttp\promises\src\Promise.php(225): GuzzleHttp\Promise\Promise->invokeWaitList()
#9 E:\xampp73\htdocs\filecroco\loader\vendor\guzzlehttp\promises\src\Promise.php(62): GuzzleHttp\Promise\Promise->waitIfPending()
#10 E:\xampp73\htdocs\filecroco\loader\vendor\guzzlehttp\promises\src\EachPromise.php(101): GuzzleHttp\Promise\Promise->wait()
#11 E:\xampp73\htdocs\filecroco\loader\vendor\guzzlehttp\promises\src\Promise.php(246): GuzzleHttp\Promise\EachPromise->GuzzleHttp\Promise\{closure}(true)
#12 E:\xampp73\htdocs\filecroco\loader\vendor\guzzlehttp\promises\src\Promise.php(223): GuzzleHttp\Promise\Promise->invokeWaitFn()
#13 E:\xampp73\htdocs\filecroco\loader\vendor\guzzlehttp\promises\src\Promise.php(62): GuzzleHttp\Promise\Promise->waitIfPending()
#14 E:\xampp73\htdocs\filecroco\loader\updatedownloadlink.php(95): GuzzleHttp\Promise\Promise->wait()
#15 {main}|654GuzzleHttp\Exception\RequestException: cURL error 56:  (see http://curl.haxx.se/libcurl/c/libcurl-errors.html) in E:\xampp73\htdocs\filecroco\loader\vendor\guzzlehttp\guzzle\src\Handler\CurlFactory.php:186
Stack trace:
#0 E:\xampp73\htdocs\filecroco\loader\vendor\guzzlehttp\guzzle\src\Handler\CurlFactory.php(149): GuzzleHttp\Handler\CurlFactory::createRejection(Object(GuzzleHttp\Handler\EasyHandle), Array)
#1 E:\xampp73\htdocs\filecroco\loader\vendor\guzzlehttp\guzzle\src\Handler\CurlFactory.php(102): GuzzleHttp\Handler\CurlFactory::finishError(Object(GuzzleHttp\Handler\CurlMultiHandler), Object(GuzzleHttp\Handler\EasyHandle), Object(GuzzleHttp\Handler\CurlFactory))
#2 E:\xampp73\htdocs\filecroco\loader\vendor\guzzlehttp\guzzle\src\Handler\CurlMultiHandler.php(181): GuzzleHttp\Handler\CurlFactory::finish(Object(GuzzleHttp\Handler\CurlMultiHandler), Object(GuzzleHttp\Handler\EasyHandle), Object(GuzzleHttp\Handler\CurlFactory))
#3 E:\xampp73\htdocs\filecroco\loader\vendor\guzzlehttp\guzzle\src\Handler\CurlMultiHandler.php(110): GuzzleHttp\Handler\CurlMultiHandler->processMessages()
#4 E:\xampp73\htdocs\filecroco\loader\vendor\guzzlehttp\guzzle\src\Handler\CurlMultiHandler.php(125): GuzzleHttp\Handler\CurlMultiHandler->tick()
#5 E:\xampp73\htdocs\filecroco\loader\vendor\guzzlehttp\promises\src\Promise.php(246): GuzzleHttp\Handler\CurlMultiHandler->execute(true)
#6 E:\xampp73\htdocs\filecroco\loader\vendor\guzzlehttp\promises\src\Promise.php(223): GuzzleHttp\Promise\Promise->invokeWaitFn()
#7 E:\xampp73\htdocs\filecroco\loader\vendor\guzzlehttp\promises\src\Promise.php(267): GuzzleHttp\Promise\Promise->waitIfPending()
#8 E:\xampp73\htdocs\filecroco\loader\vendor\guzzlehttp\promises\src\Promise.php(225): GuzzleHttp\Promise\Promise->invokeWaitList()
#9 E:\xampp73\htdocs\filecroco\loader\vendor\guzzlehttp\promises\src\Promise.php(62): GuzzleHttp\Promise\Promise->waitIfPending()
#10 E:\xampp73\htdocs\filecroco\loader\vendor\guzzlehttp\promises\src\EachPromise.php(101): GuzzleHttp\Promise\Promise->wait()
#11 E:\xampp73\htdocs\filecroco\loader\vendor\guzzlehttp\promises\src\Promise.php(246): GuzzleHttp\Promise\EachPromise->GuzzleHttp\Promise\{closure}(true)
#12 E:\xampp73\htdocs\filecroco\loader\vendor\guzzlehttp\promises\src\Promise.php(223): GuzzleHttp\Promise\Promise->invokeWaitFn()
#13 E:\xampp73\htdocs\filecroco\loader\vendor\guzzlehttp\promises\src\Promise.php(62): GuzzleHttp\Promise\Promise->waitIfPending()
#14 E:\xampp73\htdocs\filecroco\loader\updatedownloadlink.php(95): GuzzleHttp\Promise\Promise->wait()
#15 {main}|655GuzzleHttp\Exception\RequestException: cURL error 56:  (see http://curl.haxx.se/libcurl/c/libcurl-errors.html) in E:\xampp73\htdocs\filecroco\loader\vendor\guzzlehttp\guzzle\src\Handler\CurlFactory.php:186
Stack trace:
#0 E:\xampp73\htdocs\filecroco\loader\vendor\guzzlehttp\guzzle\src\Handler\CurlFactory.php(149): GuzzleHttp\Handler\CurlFactory::createRejection(Object(GuzzleHttp\Handler\EasyHandle), Array)
#1 E:\xampp73\htdocs\filecroco\loader\vendor\guzzlehttp\guzzle\src\Handler\CurlFactory.php(102): GuzzleHttp\Handler\CurlFactory::finishError(Object(GuzzleHttp\Handler\CurlMultiHandler), Object(GuzzleHttp\Handler\EasyHandle), Object(GuzzleHttp\Handler\CurlFactory))
#2 E:\xampp73\htdocs\filecroco\loader\vendor\guzzlehttp\guzzle\src\Handler\CurlMultiHandler.php(181): GuzzleHttp\Handler\CurlFactory::finish(Object(GuzzleHttp\Handler\CurlMultiHandler), Object(GuzzleHttp\Handler\EasyHandle), Object(GuzzleHttp\Handler\CurlFactory))
#3 E:\xampp73\htdocs\filecroco\loader\vendor\guzzlehttp\guzzle\src\Handler\CurlMultiHandler.php(110): GuzzleHttp\Handler\CurlMultiHandler->processMessages()
#4 E:\xampp73\htdocs\filecroco\loader\vendor\guzzlehttp\guzzle\src\Handler\CurlMultiHandler.php(125): GuzzleHttp\Handler\CurlMultiHandler->tick()
#5 E:\xampp73\htdocs\filecroco\loader\vendor\guzzlehttp\promises\src\Promise.php(246): GuzzleHttp\Handler\CurlMultiHandler->execute(true)
#6 E:\xampp73\htdocs\filecroco\loader\vendor\guzzlehttp\promises\src\Promise.php(223): GuzzleHttp\Promise\Promise->invokeWaitFn()
#7 E:\xampp73\htdocs\filecroco\loader\vendor\guzzlehttp\promises\src\Promise.php(267): GuzzleHttp\Promise\Promise->waitIfPending()
#8 E:\xampp73\htdocs\filecroco\loader\vendor\guzzlehttp\promises\src\Promise.php(225): GuzzleHttp\Promise\Promise->invokeWaitList()
#9 E:\xampp73\htdocs\filecroco\loader\vendor\guzzlehttp\promises\src\Promise.php(62): GuzzleHttp\Promise\Promise->waitIfPending()
#10 E:\xampp73\htdocs\filecroco\loader\vendor\guzzlehttp\promises\src\EachPromise.php(101): GuzzleHttp\Promise\Promise->wait()
#11 E:\xampp73\htdocs\filecroco\loader\vendor\guzzlehttp\promises\src\Promise.php(246): GuzzleHttp\Promise\EachPromise->GuzzleHttp\Promise\{closure}(true)
#12 E:\xampp73\htdocs\filecroco\loader\vendor\guzzlehttp\promises\src\Promise.php(223): GuzzleHttp\Promise\Promise->invokeWaitFn()
#13 E:\xampp73\htdocs\filecroco\loader\vendor\guzzlehttp\promises\src\Promise.php(62): GuzzleHttp\Promise\Promise->waitIfPending()
#14 E:\xampp73\htdocs\filecroco\loader\updatedownloadlink.php(95): GuzzleHttp\Promise\Promise->wait()
#15 {main}|656GuzzleHttp\Exception\RequestException: cURL error 56:  (see http://curl.haxx.se/libcurl/c/libcurl-errors.html) in E:\xampp73\htdocs\filecroco\loader\vendor\guzzlehttp\guzzle\src\Handler\CurlFactory.php:186
Stack trace:
#0 E:\xampp73\htdocs\filecroco\loader\vendor\guzzlehttp\guzzle\src\Handler\CurlFactory.php(149): GuzzleHttp\Handler\CurlFactory::createRejection(Object(GuzzleHttp\Handler\EasyHandle), Array)
#1 E:\xampp73\htdocs\filecroco\loader\vendor\guzzlehttp\guzzle\src\Handler\CurlFactory.php(102): GuzzleHttp\Handler\CurlFactory::finishError(Object(GuzzleHttp\Handler\CurlMultiHandler), Object(GuzzleHttp\Handler\EasyHandle), Object(GuzzleHttp\Handler\CurlFactory))
#2 E:\xampp73\htdocs\filecroco\loader\vendor\guzzlehttp\guzzle\src\Handler\CurlMultiHandler.php(181): GuzzleHttp\Handler\CurlFactory::finish(Object(GuzzleHttp\Handler\CurlMultiHandler), Object(GuzzleHttp\Handler\EasyHandle), Object(GuzzleHttp\Handler\CurlFactory))
#3 E:\xampp73\htdocs\filecroco\loader\vendor\guzzlehttp\guzzle\src\Handler\CurlMultiHandler.php(110): GuzzleHttp\Handler\CurlMultiHandler->processMessages()
#4 E:\xampp73\htdocs\filecroco\loader\vendor\guzzlehttp\guzzle\src\Handler\CurlMultiHandler.php(125): GuzzleHttp\Handler\CurlMultiHandler->tick()
#5 E:\xampp73\htdocs\filecroco\loader\vendor\guzzlehttp\promises\src\Promise.php(246): GuzzleHttp\Handler\CurlMultiHandler->execute(true)
#6 E:\xampp73\htdocs\filecroco\loader\vendor\guzzlehttp\promises\src\Promise.php(223): GuzzleHttp\Promise\Promise->invokeWaitFn()
#7 E:\xampp73\htdocs\filecroco\loader\vendor\guzzlehttp\promises\src\Promise.php(267): GuzzleHttp\Promise\Promise->waitIfPending()
#8 E:\xampp73\htdocs\filecroco\loader\vendor\guzzlehttp\promises\src\Promise.php(225): GuzzleHttp\Promise\Promise->invokeWaitList()
#9 E:\xampp73\htdocs\filecroco\loader\vendor\guzzlehttp\promises\src\Promise.php(62): GuzzleHttp\Promise\Promise->waitIfPending()
#10 E:\xampp73\htdocs\filecroco\loader\vendor\guzzlehttp\promises\src\EachPromise.php(101): GuzzleHttp\Promise\Promise->wait()
#11 E:\xampp73\htdocs\filecroco\loader\vendor\guzzlehttp\promises\src\Promise.php(246): GuzzleHttp\Promise\EachPromise->GuzzleHttp\Promise\{closure}(true)
#12 E:\xampp73\htdocs\filecroco\loader\vendor\guzzlehttp\promises\src\Promise.php(223): GuzzleHttp\Promise\Promise->invokeWaitFn()
#13 E:\xampp73\htdocs\filecroco\loader\vendor\guzzlehttp\promises\src\Promise.php(62): GuzzleHttp\Promise\Promise->waitIfPending()
#14 E:\xampp73\htdocs\filecroco\loader\updatedownloadlink.php(95): GuzzleHttp\Promise\Promise->wait()
#15 {main}|657GuzzleHttp\Exception\RequestException: cURL error 56:  (see http://curl.haxx.se/libcurl/c/libcurl-errors.html) in E:\xampp73\htdocs\filecroco\loader\vendor\guzzlehttp\guzzle\src\Handler\CurlFactory.php:186
Stack trace:
#0 E:\xampp73\htdocs\filecroco\loader\vendor\guzzlehttp\guzzle\src\Handler\CurlFactory.php(149): GuzzleHttp\Handler\CurlFactory::createRejection(Object(GuzzleHttp\Handler\EasyHandle), Array)
#1 E:\xampp73\htdocs\filecroco\loader\vendor\guzzlehttp\guzzle\src\Handler\CurlFactory.php(102): GuzzleHttp\Handler\CurlFactory::finishError(Object(GuzzleHttp\Handler\CurlMultiHandler), Object(GuzzleHttp\Handler\EasyHandle), Object(GuzzleHttp\Handler\CurlFactory))
#2 E:\xampp73\htdocs\filecroco\loader\vendor\guzzlehttp\guzzle\src\Handler\CurlMultiHandler.php(181): GuzzleHttp\Handler\CurlFactory::finish(Object(GuzzleHttp\Handler\CurlMultiHandler), Object(GuzzleHttp\Handler\EasyHandle), Object(GuzzleHttp\Handler\CurlFactory))
#3 E:\xampp73\htdocs\filecroco\loader\vendor\guzzlehttp\guzzle\src\Handler\CurlMultiHandler.php(110): GuzzleHttp\Handler\CurlMultiHandler->processMessages()
#4 E:\xampp73\htdocs\filecroco\loader\vendor\guzzlehttp\guzzle\src\Handler\CurlMultiHandler.php(125): GuzzleHttp\Handler\CurlMultiHandler->tick()
#5 E:\xampp73\htdocs\filecroco\loader\vendor\guzzlehttp\promises\src\Promise.php(246): GuzzleHttp\Handler\CurlMultiHandler->execute(true)
#6 E:\xampp73\htdocs\filecroco\loader\vendor\guzzlehttp\promises\src\Promise.php(223): GuzzleHttp\Promise\Promise->invokeWaitFn()
#7 E:\xampp73\htdocs\filecroco\loader\vendor\guzzlehttp\promises\src\Promise.php(267): GuzzleHttp\Promise\Promise->waitIfPending()
#8 E:\xampp73\htdocs\filecroco\loader\vendor\guzzlehttp\promises\src\Promise.php(225): GuzzleHttp\Promise\Promise->invokeWaitList()
#9 E:\xampp73\htdocs\filecroco\loader\vendor\guzzlehttp\promises\src\Promise.php(62): GuzzleHttp\Promise\Promise->waitIfPending()
#10 E:\xampp73\htdocs\filecroco\loader\vendor\guzzlehttp\promises\src\EachPromise.php(101): GuzzleHttp\Promise\Promise->wait()
#11 E:\xampp73\htdocs\filecroco\loader\vendor\guzzlehttp\promises\src\Promise.php(246): GuzzleHttp\Promise\EachPromise->GuzzleHttp\Promise\{closure}(true)
#12 E:\xampp73\htdocs\filecroco\loader\vendor\guzzlehttp\promises\src\Promise.php(223): GuzzleHttp\Promise\Promise->invokeWaitFn()
#13 E:\xampp73\htdocs\filecroco\loader\vendor\guzzlehttp\promises\src\Promise.php(62): GuzzleHttp\Promise\Promise->waitIfPending()
#14 E:\xampp73\htdocs\filecroco\loader\updatedownloadlink.php(95): GuzzleHttp\Promise\Promise->wait()
#15 {main}|658GuzzleHttp\Exception\RequestException: cURL error 56:  (see http://curl.haxx.se/libcurl/c/libcurl-errors.html) in E:\xampp73\htdocs\filecroco\loader\vendor\guzzlehttp\guzzle\src\Handler\CurlFactory.php:186
Stack trace:
#0 E:\xampp73\htdocs\filecroco\loader\vendor\guzzlehttp\guzzle\src\Handler\CurlFactory.php(149): GuzzleHttp\Handler\CurlFactory::createRejection(Object(GuzzleHttp\Handler\EasyHandle), Array)
#1 E:\xampp73\htdocs\filecroco\loader\vendor\guzzlehttp\guzzle\src\Handler\CurlFactory.php(102): GuzzleHttp\Handler\CurlFactory::finishError(Object(GuzzleHttp\Handler\CurlMultiHandler), Object(GuzzleHttp\Handler\EasyHandle), Object(GuzzleHttp\Handler\CurlFactory))
#2 E:\xampp73\htdocs\filecroco\loader\vendor\guzzlehttp\guzzle\src\Handler\CurlMultiHandler.php(181): GuzzleHttp\Handler\CurlFactory::finish(Object(GuzzleHttp\Handler\CurlMultiHandler), Object(GuzzleHttp\Handler\EasyHandle), Object(GuzzleHttp\Handler\CurlFactory))
#3 E:\xampp73\htdocs\filecroco\loader\vendor\guzzlehttp\guzzle\src\Handler\CurlMultiHandler.php(110): GuzzleHttp\Handler\CurlMultiHandler->processMessages()
#4 E:\xampp73\htdocs\filecroco\loader\vendor\guzzlehttp\guzzle\src\Handler\CurlMultiHandler.php(125): GuzzleHttp\Handler\CurlMultiHandler->tick()
#5 E:\xampp73\htdocs\filecroco\loader\vendor\guzzlehttp\promises\src\Promise.php(246): GuzzleHttp\Handler\CurlMultiHandler->execute(true)
#6 E:\xampp73\htdocs\filecroco\loader\vendor\guzzlehttp\promises\src\Promise.php(223): GuzzleHttp\Promise\Promise->invokeWaitFn()
#7 E:\xampp73\htdocs\filecroco\loader\vendor\guzzlehttp\promises\src\Promise.php(267): GuzzleHttp\Promise\Promise->waitIfPending()
#8 E:\xampp73\htdocs\filecroco\loader\vendor\guzzlehttp\promises\src\Promise.php(225): GuzzleHttp\Promise\Promise->invokeWaitList()
#9 E:\xampp73\htdocs\filecroco\loader\vendor\guzzlehttp\promises\src\Promise.php(62): GuzzleHttp\Promise\Promise->waitIfPending()
#10 E:\xampp73\htdocs\filecroco\loader\vendor\guzzlehttp\promises\src\EachPromise.php(101): GuzzleHttp\Promise\Promise->wait()
#11 E:\xampp73\htdocs\filecroco\loader\vendor\guzzlehttp\promises\src\Promise.php(246): GuzzleHttp\Promise\EachPromise->GuzzleHttp\Promise\{closure}(true)
#12 E:\xampp73\htdocs\filecroco\loader\vendor\guzzlehttp\promises\src\Promise.php(223): GuzzleHttp\Promise\Promise->invokeWaitFn()
#13 E:\xampp73\htdocs\filecroco\loader\vendor\guzzlehttp\promises\src\Promise.php(62): GuzzleHttp\Promise\Promise->waitIfPending()
#14 E:\xampp73\htdocs\filecroco\loader\updatedownloadlink.php(95): GuzzleHttp\Promise\Promise->wait()
#15 {main}|659GuzzleHttp\Exception\RequestException: cURL error 56:  (see http://curl.haxx.se/libcurl/c/libcurl-errors.html) in E:\xampp73\htdocs\filecroco\loader\vendor\guzzlehttp\guzzle\src\Handler\CurlFactory.php:186
Stack trace:
#0 E:\xampp73\htdocs\filecroco\loader\vendor\guzzlehttp\guzzle\src\Handler\CurlFactory.php(149): GuzzleHttp\Handler\CurlFactory::createRejection(Object(GuzzleHttp\Handler\EasyHandle), Array)
#1 E:\xampp73\htdocs\filecroco\loader\vendor\guzzlehttp\guzzle\src\Handler\CurlFactory.php(102): GuzzleHttp\Handler\CurlFactory::finishError(Object(GuzzleHttp\Handler\CurlMultiHandler), Object(GuzzleHttp\Handler\EasyHandle), Object(GuzzleHttp\Handler\CurlFactory))
#2 E:\xampp73\htdocs\filecroco\loader\vendor\guzzlehttp\guzzle\src\Handler\CurlMultiHandler.php(181): GuzzleHttp\Handler\CurlFactory::finish(Object(GuzzleHttp\Handler\CurlMultiHandler), Object(GuzzleHttp\Handler\EasyHandle), Object(GuzzleHttp\Handler\CurlFactory))
#3 E:\xampp73\htdocs\filecroco\loader\vendor\guzzlehttp\guzzle\src\Handler\CurlMultiHandler.php(110): GuzzleHttp\Handler\CurlMultiHandler->processMessages()
#4 E:\xampp73\htdocs\filecroco\loader\vendor\guzzlehttp\guzzle\src\Handler\CurlMultiHandler.php(125): GuzzleHttp\Handler\CurlMultiHandler->tick()
#5 E:\xampp73\htdocs\filecroco\loader\vendor\guzzlehttp\promises\src\Promise.php(246): GuzzleHttp\Handler\CurlMultiHandler->execute(true)
#6 E:\xampp73\htdocs\filecroco\loader\vendor\guzzlehttp\promises\src\Promise.php(223): GuzzleHttp\Promise\Promise->invokeWaitFn()
#7 E:\xampp73\htdocs\filecroco\loader\vendor\guzzlehttp\promises\src\Promise.php(267): GuzzleHttp\Promise\Promise->waitIfPending()
#8 E:\xampp73\htdocs\filecroco\loader\vendor\guzzlehttp\promises\src\Promise.php(225): GuzzleHttp\Promise\Promise->invokeWaitList()
#9 E:\xampp73\htdocs\filecroco\loader\vendor\guzzlehttp\promises\src\Promise.php(62): GuzzleHttp\Promise\Promise->waitIfPending()
#10 E:\xampp73\htdocs\filecroco\loader\vendor\guzzlehttp\promises\src\EachPromise.php(101): GuzzleHttp\Promise\Promise->wait()
#11 E:\xampp73\htdocs\filecroco\loader\vendor\guzzlehttp\promises\src\Promise.php(246): GuzzleHttp\Promise\EachPromise->GuzzleHttp\Promise\{closure}(true)
#12 E:\xampp73\htdocs\filecroco\loader\vendor\guzzlehttp\promises\src\Promise.php(223): GuzzleHttp\Promise\Promise->invokeWaitFn()
#13 E:\xampp73\htdocs\filecroco\loader\vendor\guzzlehttp\promises\src\Promise.php(62): GuzzleHttp\Promise\Promise->waitIfPending()
#14 E:\xampp73\htdocs\filecroco\loader\updatedownloadlink.php(95): GuzzleHttp\Promise\Promise->wait()
#15 {main}|660GuzzleHttp\Exception\RequestException: cURL error 56:  (see http://curl.haxx.se/libcurl/c/libcurl-errors.html) in E:\xampp73\htdocs\filecroco\loader\vendor\guzzlehttp\guzzle\src\Handler\CurlFactory.php:186
Stack trace:
#0 E:\xampp73\htdocs\filecroco\loader\vendor\guzzlehttp\guzzle\src\Handler\CurlFactory.php(149): GuzzleHttp\Handler\CurlFactory::createRejection(Object(GuzzleHttp\Handler\EasyHandle), Array)
#1 E:\xampp73\htdocs\filecroco\loader\vendor\guzzlehttp\guzzle\src\Handler\CurlFactory.php(102): GuzzleHttp\Handler\CurlFactory::finishError(Object(GuzzleHttp\Handler\CurlMultiHandler), Object(GuzzleHttp\Handler\EasyHandle), Object(GuzzleHttp\Handler\CurlFactory))
#2 E:\xampp73\htdocs\filecroco\loader\vendor\guzzlehttp\guzzle\src\Handler\CurlMultiHandler.php(181): GuzzleHttp\Handler\CurlFactory::finish(Object(GuzzleHttp\Handler\CurlMultiHandler), Object(GuzzleHttp\Handler\EasyHandle), Object(GuzzleHttp\Handler\CurlFactory))
#3 E:\xampp73\htdocs\filecroco\loader\vendor\guzzlehttp\guzzle\src\Handler\CurlMultiHandler.php(110): GuzzleHttp\Handler\CurlMultiHandler->processMessages()
#4 E:\xampp73\htdocs\filecroco\loader\vendor\guzzlehttp\guzzle\src\Handler\CurlMultiHandler.php(125): GuzzleHttp\Handler\CurlMultiHandler->tick()
#5 E:\xampp73\htdocs\filecroco\loader\vendor\guzzlehttp\promises\src\Promise.php(246): GuzzleHttp\Handler\CurlMultiHandler->execute(true)
#6 E:\xampp73\htdocs\filecroco\loader\vendor\guzzlehttp\promises\src\Promise.php(223): GuzzleHttp\Promise\Promise->invokeWaitFn()
#7 E:\xampp73\htdocs\filecroco\loader\vendor\guzzlehttp\promises\src\Promise.php(267): GuzzleHttp\Promise\Promise->waitIfPending()
#8 E:\xampp73\htdocs\filecroco\loader\vendor\guzzlehttp\promises\src\Promise.php(225): GuzzleHttp\Promise\Promise->invokeWaitList()
#9 E:\xampp73\htdocs\filecroco\loader\vendor\guzzlehttp\promises\src\Promise.php(62): GuzzleHttp\Promise\Promise->waitIfPending()
#10 E:\xampp73\htdocs\filecroco\loader\vendor\guzzlehttp\promises\src\EachPromise.php(101): GuzzleHttp\Promise\Promise->wait()
#11 E:\xampp73\htdocs\filecroco\loader\vendor\guzzlehttp\promises\src\Promise.php(246): GuzzleHttp\Promise\EachPromise->GuzzleHttp\Promise\{closure}(true)
#12 E:\xampp73\htdocs\filecroco\loader\vendor\guzzlehttp\promises\src\Promise.php(223): GuzzleHttp\Promise\Promise->invokeWaitFn()
#13 E:\xampp73\htdocs\filecroco\loader\vendor\guzzlehttp\promises\src\Promise.php(62): GuzzleHttp\Promise\Promise->waitIfPending()
#14 E:\xampp73\htdocs\filecroco\loader\updatedownloadlink.php(95): GuzzleHttp\Promise\Promise->wait()
#15 {main}|661GuzzleHttp\Exception\RequestException: cURL error 56:  (see http://curl.haxx.se/libcurl/c/libcurl-errors.html) in E:\xampp73\htdocs\filecroco\loader\vendor\guzzlehttp\guzzle\src\Handler\CurlFactory.php:186
Stack trace:
#0 E:\xampp73\htdocs\filecroco\loader\vendor\guzzlehttp\guzzle\src\Handler\CurlFactory.php(149): GuzzleHttp\Handler\CurlFactory::createRejection(Object(GuzzleHttp\Handler\EasyHandle), Array)
#1 E:\xampp73\htdocs\filecroco\loader\vendor\guzzlehttp\guzzle\src\Handler\CurlFactory.php(102): GuzzleHttp\Handler\CurlFactory::finishError(Object(GuzzleHttp\Handler\CurlMultiHandler), Object(GuzzleHttp\Handler\EasyHandle), Object(GuzzleHttp\Handler\CurlFactory))
#2 E:\xampp73\htdocs\filecroco\loader\vendor\guzzlehttp\guzzle\src\Handler\CurlMultiHandler.php(181): GuzzleHttp\Handler\CurlFactory::finish(Object(GuzzleHttp\Handler\CurlMultiHandler), Object(GuzzleHttp\Handler\EasyHandle), Object(GuzzleHttp\Handler\CurlFactory))
#3 E:\xampp73\htdocs\filecroco\loader\vendor\guzzlehttp\guzzle\src\Handler\CurlMultiHandler.php(110): GuzzleHttp\Handler\CurlMultiHandler->processMessages()
#4 E:\xampp73\htdocs\filecroco\loader\vendor\guzzlehttp\guzzle\src\Handler\CurlMultiHandler.php(125): GuzzleHttp\Handler\CurlMultiHandler->tick()
#5 E:\xampp73\htdocs\filecroco\loader\vendor\guzzlehttp\promises\src\Promise.php(246): GuzzleHttp\Handler\CurlMultiHandler->execute(true)
#6 E:\xampp73\htdocs\filecroco\loader\vendor\guzzlehttp\promises\src\Promise.php(223): GuzzleHttp\Promise\Promise->invokeWaitFn()
#7 E:\xampp73\htdocs\filecroco\loader\vendor\guzzlehttp\promises\src\Promise.php(267): GuzzleHttp\Promise\Promise->waitIfPending()
#8 E:\xampp73\htdocs\filecroco\loader\vendor\guzzlehttp\promises\src\Promise.php(225): GuzzleHttp\Promise\Promise->invokeWaitList()
#9 E:\xampp73\htdocs\filecroco\loader\vendor\guzzlehttp\promises\src\Promise.php(62): GuzzleHttp\Promise\Promise->waitIfPending()
#10 E:\xampp73\htdocs\filecroco\loader\vendor\guzzlehttp\promises\src\EachPromise.php(101): GuzzleHttp\Promise\Promise->wait()
#11 E:\xampp73\htdocs\filecroco\loader\vendor\guzzlehttp\promises\src\Promise.php(246): GuzzleHttp\Promise\EachPromise->GuzzleHttp\Promise\{closure}(true)
#12 E:\xampp73\htdocs\filecroco\loader\vendor\guzzlehttp\promises\src\Promise.php(223): GuzzleHttp\Promise\Promise->invokeWaitFn()
#13 E:\xampp73\htdocs\filecroco\loader\vendor\guzzlehttp\promises\src\Promise.php(62): GuzzleHttp\Promise\Promise->waitIfPending()
#14 E:\xampp73\htdocs\filecroco\loader\updatedownloadlink.php(95): GuzzleHttp\Promise\Promise->wait()
#15 {main}|662GuzzleHttp\Exception\RequestException: cURL error 56:  (see http://curl.haxx.se/libcurl/c/libcurl-errors.html) in E:\xampp73\htdocs\filecroco\loader\vendor\guzzlehttp\guzzle\src\Handler\CurlFactory.php:186
Stack trace:
#0 E:\xampp73\htdocs\filecroco\loader\vendor\guzzlehttp\guzzle\src\Handler\CurlFactory.php(149): GuzzleHttp\Handler\CurlFactory::createRejection(Object(GuzzleHttp\Handler\EasyHandle), Array)
#1 E:\xampp73\htdocs\filecroco\loader\vendor\guzzlehttp\guzzle\src\Handler\CurlFactory.php(102): GuzzleHttp\Handler\CurlFactory::finishError(Object(GuzzleHttp\Handler\CurlMultiHandler), Object(GuzzleHttp\Handler\EasyHandle), Object(GuzzleHttp\Handler\CurlFactory))
#2 E:\xampp73\htdocs\filecroco\loader\vendor\guzzlehttp\guzzle\src\Handler\CurlMultiHandler.php(181): GuzzleHttp\Handler\CurlFactory::finish(Object(GuzzleHttp\Handler\CurlMultiHandler), Object(GuzzleHttp\Handler\EasyHandle), Object(GuzzleHttp\Handler\CurlFactory))
#3 E:\xampp73\htdocs\filecroco\loader\vendor\guzzlehttp\guzzle\src\Handler\CurlMultiHandler.php(110): GuzzleHttp\Handler\CurlMultiHandler->processMessages()
#4 E:\xampp73\htdocs\filecroco\loader\vendor\guzzlehttp\guzzle\src\Handler\CurlMultiHandler.php(125): GuzzleHttp\Handler\CurlMultiHandler->tick()
#5 E:\xampp73\htdocs\filecroco\loader\vendor\guzzlehttp\promises\src\Promise.php(246): GuzzleHttp\Handler\CurlMultiHandler->execute(true)
#6 E:\xampp73\htdocs\filecroco\loader\vendor\guzzlehttp\promises\src\Promise.php(223): GuzzleHttp\Promise\Promise->invokeWaitFn()
#7 E:\xampp73\htdocs\filecroco\loader\vendor\guzzlehttp\promises\src\Promise.php(267): GuzzleHttp\Promise\Promise->waitIfPending()
#8 E:\xampp73\htdocs\filecroco\loader\vendor\guzzlehttp\promises\src\Promise.php(225): GuzzleHttp\Promise\Promise->invokeWaitList()
#9 E:\xampp73\htdocs\filecroco\loader\vendor\guzzlehttp\promises\src\Promise.php(62): GuzzleHttp\Promise\Promise->waitIfPending()
#10 E:\xampp73\htdocs\filecroco\loader\vendor\guzzlehttp\promises\src\EachPromise.php(101): GuzzleHttp\Promise\Promise->wait()
#11 E:\xampp73\htdocs\filecroco\loader\vendor\guzzlehttp\promises\src\Promise.php(246): GuzzleHttp\Promise\EachPromise->GuzzleHttp\Promise\{closure}(true)
#12 E:\xampp73\htdocs\filecroco\loader\vendor\guzzlehttp\promises\src\Promise.php(223): GuzzleHttp\Promise\Promise->invokeWaitFn()
#13 E:\xampp73\htdocs\filecroco\loader\vendor\guzzlehttp\promises\src\Promise.php(62): GuzzleHttp\Promise\Promise->waitIfPending()
#14 E:\xampp73\htdocs\filecroco\loader\updatedownloadlink.php(95): GuzzleHttp\Promise\Promise->wait()
#15 {main}|663GuzzleHttp\Exception\RequestException: cURL error 56:  (see http://curl.haxx.se/libcurl/c/libcurl-errors.html) in E:\xampp73\htdocs\filecroco\loader\vendor\guzzlehttp\guzzle\src\Handler\CurlFactory.php:186
Stack trace:
#0 E:\xampp73\htdocs\filecroco\loader\vendor\guzzlehttp\guzzle\src\Handler\CurlFactory.php(149): GuzzleHttp\Handler\CurlFactory::createRejection(Object(GuzzleHttp\Handler\EasyHandle), Array)
#1 E:\xampp73\htdocs\filecroco\loader\vendor\guzzlehttp\guzzle\src\Handler\CurlFactory.php(102): GuzzleHttp\Handler\CurlFactory::finishError(Object(GuzzleHttp\Handler\CurlMultiHandler), Object(GuzzleHttp\Handler\EasyHandle), Object(GuzzleHttp\Handler\CurlFactory))
#2 E:\xampp73\htdocs\filecroco\loader\vendor\guzzlehttp\guzzle\src\Handler\CurlMultiHandler.php(181): GuzzleHttp\Handler\CurlFactory::finish(Object(GuzzleHttp\Handler\CurlMultiHandler), Object(GuzzleHttp\Handler\EasyHandle), Object(GuzzleHttp\Handler\CurlFactory))
#3 E:\xampp73\htdocs\filecroco\loader\vendor\guzzlehttp\guzzle\src\Handler\CurlMultiHandler.php(110): GuzzleHttp\Handler\CurlMultiHandler->processMessages()
#4 E:\xampp73\htdocs\filecroco\loader\vendor\guzzlehttp\guzzle\src\Handler\CurlMultiHandler.php(125): GuzzleHttp\Handler\CurlMultiHandler->tick()
#5 E:\xampp73\htdocs\filecroco\loader\vendor\guzzlehttp\promises\src\Promise.php(246): GuzzleHttp\Handler\CurlMultiHandler->execute(true)
#6 E:\xampp73\htdocs\filecroco\loader\vendor\guzzlehttp\promises\src\Promise.php(223): GuzzleHttp\Promise\Promise->invokeWaitFn()
#7 E:\xampp73\htdocs\filecroco\loader\vendor\guzzlehttp\promises\src\Promise.php(267): GuzzleHttp\Promise\Promise->waitIfPending()
#8 E:\xampp73\htdocs\filecroco\loader\vendor\guzzlehttp\promises\src\Promise.php(225): GuzzleHttp\Promise\Promise->invokeWaitList()
#9 E:\xampp73\htdocs\filecroco\loader\vendor\guzzlehttp\promises\src\Promise.php(62): GuzzleHttp\Promise\Promise->waitIfPending()
#10 E:\xampp73\htdocs\filecroco\loader\vendor\guzzlehttp\promises\src\EachPromise.php(101): GuzzleHttp\Promise\Promise->wait()
#11 E:\xampp73\htdocs\filecroco\loader\vendor\guzzlehttp\promises\src\Promise.php(246): GuzzleHttp\Promise\EachPromise->GuzzleHttp\Promise\{closure}(true)
#12 E:\xampp73\htdocs\filecroco\loader\vendor\guzzlehttp\promises\src\Promise.php(223): GuzzleHttp\Promise\Promise->invokeWaitFn()
#13 E:\xampp73\htdocs\filecroco\loader\vendor\guzzlehttp\promises\src\Promise.php(62): GuzzleHttp\Promise\Promise->waitIfPending()
#14 E:\xampp73\htdocs\filecroco\loader\updatedownloadlink.php(95): GuzzleHttp\Promise\Promise->wait()
#15 {main}|664GuzzleHttp\Exception\RequestException: cURL error 56:  (see http://curl.haxx.se/libcurl/c/libcurl-errors.html) in E:\xampp73\htdocs\filecroco\loader\vendor\guzzlehttp\guzzle\src\Handler\CurlFactory.php:186
Stack trace:
#0 E:\xampp73\htdocs\filecroco\loader\vendor\guzzlehttp\guzzle\src\Handler\CurlFactory.php(149): GuzzleHttp\Handler\CurlFactory::createRejection(Object(GuzzleHttp\Handler\EasyHandle), Array)
#1 E:\xampp73\htdocs\filecroco\loader\vendor\guzzlehttp\guzzle\src\Handler\CurlFactory.php(102): GuzzleHttp\Handler\CurlFactory::finishError(Object(GuzzleHttp\Handler\CurlMultiHandler), Object(GuzzleHttp\Handler\EasyHandle), Object(GuzzleHttp\Handler\CurlFactory))
#2 E:\xampp73\htdocs\filecroco\loader\vendor\guzzlehttp\guzzle\src\Handler\CurlMultiHandler.php(181): GuzzleHttp\Handler\CurlFactory::finish(Object(GuzzleHttp\Handler\CurlMultiHandler), Object(GuzzleHttp\Handler\EasyHandle), Object(GuzzleHttp\Handler\CurlFactory))
#3 E:\xampp73\htdocs\filecroco\loader\vendor\guzzlehttp\guzzle\src\Handler\CurlMultiHandler.php(110): GuzzleHttp\Handler\CurlMultiHandler->processMessages()
#4 E:\xampp73\htdocs\filecroco\loader\vendor\guzzlehttp\guzzle\src\Handler\CurlMultiHandler.php(125): GuzzleHttp\Handler\CurlMultiHandler->tick()
#5 E:\xampp73\htdocs\filecroco\loader\vendor\guzzlehttp\promises\src\Promise.php(246): GuzzleHttp\Handler\CurlMultiHandler->execute(true)
#6 E:\xampp73\htdocs\filecroco\loader\vendor\guzzlehttp\promises\src\Promise.php(223): GuzzleHttp\Promise\Promise->invokeWaitFn()
#7 E:\xampp73\htdocs\filecroco\loader\vendor\guzzlehttp\promises\src\Promise.php(267): GuzzleHttp\Promise\Promise->waitIfPending()
#8 E:\xampp73\htdocs\filecroco\loader\vendor\guzzlehttp\promises\src\Promise.php(225): GuzzleHttp\Promise\Promise->invokeWaitList()
#9 E:\xampp73\htdocs\filecroco\loader\vendor\guzzlehttp\promises\src\Promise.php(62): GuzzleHttp\Promise\Promise->waitIfPending()
#10 E:\xampp73\htdocs\filecroco\loader\vendor\guzzlehttp\promises\src\EachPromise.php(101): GuzzleHttp\Promise\Promise->wait()
#11 E:\xampp73\htdocs\filecroco\loader\vendor\guzzlehttp\promises\src\Promise.php(246): GuzzleHttp\Promise\EachPromise->GuzzleHttp\Promise\{closure}(true)
#12 E:\xampp73\htdocs\filecroco\loader\vendor\guzzlehttp\promises\src\Promise.php(223): GuzzleHttp\Promise\Promise->invokeWaitFn()
#13 E:\xampp73\htdocs\filecroco\loader\vendor\guzzlehttp\promises\src\Promise.php(62): GuzzleHttp\Promise\Promise->waitIfPending()
#14 E:\xampp73\htdocs\filecroco\loader\updatedownloadlink.php(95): GuzzleHttp\Promise\Promise->wait()
#15 {main}|665GuzzleHttp\Exception\RequestException: cURL error 56:  (see http://curl.haxx.se/libcurl/c/libcurl-errors.html) in E:\xampp73\htdocs\filecroco\loader\vendor\guzzlehttp\guzzle\src\Handler\CurlFactory.php:186
Stack trace:
#0 E:\xampp73\htdocs\filecroco\loader\vendor\guzzlehttp\guzzle\src\Handler\CurlFactory.php(149): GuzzleHttp\Handler\CurlFactory::createRejection(Object(GuzzleHttp\Handler\EasyHandle), Array)
#1 E:\xampp73\htdocs\filecroco\loader\vendor\guzzlehttp\guzzle\src\Handler\CurlFactory.php(102): GuzzleHttp\Handler\CurlFactory::finishError(Object(GuzzleHttp\Handler\CurlMultiHandler), Object(GuzzleHttp\Handler\EasyHandle), Object(GuzzleHttp\Handler\CurlFactory))
#2 E:\xampp73\htdocs\filecroco\loader\vendor\guzzlehttp\guzzle\src\Handler\CurlMultiHandler.php(181): GuzzleHttp\Handler\CurlFactory::finish(Object(GuzzleHttp\Handler\CurlMultiHandler), Object(GuzzleHttp\Handler\EasyHandle), Object(GuzzleHttp\Handler\CurlFactory))
#3 E:\xampp73\htdocs\filecroco\loader\vendor\guzzlehttp\guzzle\src\Handler\CurlMultiHandler.php(110): GuzzleHttp\Handler\CurlMultiHandler->processMessages()
#4 E:\xampp73\htdocs\filecroco\loader\vendor\guzzlehttp\guzzle\src\Handler\CurlMultiHandler.php(125): GuzzleHttp\Handler\CurlMultiHandler->tick()
#5 E:\xampp73\htdocs\filecroco\loader\vendor\guzzlehttp\promises\src\Promise.php(246): GuzzleHttp\Handler\CurlMultiHandler->execute(true)
#6 E:\xampp73\htdocs\filecroco\loader\vendor\guzzlehttp\promises\src\Promise.php(223): GuzzleHttp\Promise\Promise->invokeWaitFn()
#7 E:\xampp73\htdocs\filecroco\loader\vendor\guzzlehttp\promises\src\Promise.php(267): GuzzleHttp\Promise\Promise->waitIfPending()
#8 E:\xampp73\htdocs\filecroco\loader\vendor\guzzlehttp\promises\src\Promise.php(225): GuzzleHttp\Promise\Promise->invokeWaitList()
#9 E:\xampp73\htdocs\filecroco\loader\vendor\guzzlehttp\promises\src\Promise.php(62): GuzzleHttp\Promise\Promise->waitIfPending()
#10 E:\xampp73\htdocs\filecroco\loader\vendor\guzzlehttp\promises\src\EachPromise.php(101): GuzzleHttp\Promise\Promise->wait()
#11 E:\xampp73\htdocs\filecroco\loader\vendor\guzzlehttp\promises\src\Promise.php(246): GuzzleHttp\Promise\EachPromise->GuzzleHttp\Promise\{closure}(true)
#12 E:\xampp73\htdocs\filecroco\loader\vendor\guzzlehttp\promises\src\Promise.php(223): GuzzleHttp\Promise\Promise->invokeWaitFn()
#13 E:\xampp73\htdocs\filecroco\loader\vendor\guzzlehttp\promises\src\Promise.php(62): GuzzleHttp\Promise\Promise->waitIfPending()
#14 E:\xampp73\htdocs\filecroco\loader\updatedownloadlink.php(95): GuzzleHttp\Promise\Promise->wait()
#15 {main}|666GuzzleHttp\Exception\RequestException: cURL error 56:  (see http://curl.haxx.se/libcurl/c/libcurl-errors.html) in E:\xampp73\htdocs\filecroco\loader\vendor\guzzlehttp\guzzle\src\Handler\CurlFactory.php:186
Stack trace:
#0 E:\xampp73\htdocs\filecroco\loader\vendor\guzzlehttp\guzzle\src\Handler\CurlFactory.php(149): GuzzleHttp\Handler\CurlFactory::createRejection(Object(GuzzleHttp\Handler\EasyHandle), Array)
#1 E:\xampp73\htdocs\filecroco\loader\vendor\guzzlehttp\guzzle\src\Handler\CurlFactory.php(102): GuzzleHttp\Handler\CurlFactory::finishError(Object(GuzzleHttp\Handler\CurlMultiHandler), Object(GuzzleHttp\Handler\EasyHandle), Object(GuzzleHttp\Handler\CurlFactory))
#2 E:\xampp73\htdocs\filecroco\loader\vendor\guzzlehttp\guzzle\src\Handler\CurlMultiHandler.php(181): GuzzleHttp\Handler\CurlFactory::finish(Object(GuzzleHttp\Handler\CurlMultiHandler), Object(GuzzleHttp\Handler\EasyHandle), Object(GuzzleHttp\Handler\CurlFactory))
#3 E:\xampp73\htdocs\filecroco\loader\vendor\guzzlehttp\guzzle\src\Handler\CurlMultiHandler.php(110): GuzzleHttp\Handler\CurlMultiHandler->processMessages()
#4 E:\xampp73\htdocs\filecroco\loader\vendor\guzzlehttp\guzzle\src\Handler\CurlMultiHandler.php(125): GuzzleHttp\Handler\CurlMultiHandler->tick()
#5 E:\xampp73\htdocs\filecroco\loader\vendor\guzzlehttp\promises\src\Promise.php(246): GuzzleHttp\Handler\CurlMultiHandler->execute(true)
#6 E:\xampp73\htdocs\filecroco\loader\vendor\guzzlehttp\promises\src\Promise.php(223): GuzzleHttp\Promise\Promise->invokeWaitFn()
#7 E:\xampp73\htdocs\filecroco\loader\vendor\guzzlehttp\promises\src\Promise.php(267): GuzzleHttp\Promise\Promise->waitIfPending()
#8 E:\xampp73\htdocs\filecroco\loader\vendor\guzzlehttp\promises\src\Promise.php(225): GuzzleHttp\Promise\Promise->invokeWaitList()
#9 E:\xampp73\htdocs\filecroco\loader\vendor\guzzlehttp\promises\src\Promise.php(62): GuzzleHttp\Promise\Promise->waitIfPending()
#10 E:\xampp73\htdocs\filecroco\loader\vendor\guzzlehttp\promises\src\EachPromise.php(101): GuzzleHttp\Promise\Promise->wait()
#11 E:\xampp73\htdocs\filecroco\loader\vendor\guzzlehttp\promises\src\Promise.php(246): GuzzleHttp\Promise\EachPromise->GuzzleHttp\Promise\{closure}(true)
#12 E:\xampp73\htdocs\filecroco\loader\vendor\guzzlehttp\promises\src\Promise.php(223): GuzzleHttp\Promise\Promise->invokeWaitFn()
#13 E:\xampp73\htdocs\filecroco\loader\vendor\guzzlehttp\promises\src\Promise.php(62): GuzzleHttp\Promise\Promise->waitIfPending()
#14 E:\xampp73\htdocs\filecroco\loader\updatedownloadlink.php(95): GuzzleHttp\Promise\Promise->wait()
#15 {main}|667GuzzleHttp\Exception\RequestException: cURL error 56:  (see http://curl.haxx.se/libcurl/c/libcurl-errors.html) in E:\xampp73\htdocs\filecroco\loader\vendor\guzzlehttp\guzzle\src\Handler\CurlFactory.php:186
Stack trace:
#0 E:\xampp73\htdocs\filecroco\loader\vendor\guzzlehttp\guzzle\src\Handler\CurlFactory.php(149): GuzzleHttp\Handler\CurlFactory::createRejection(Object(GuzzleHttp\Handler\EasyHandle), Array)
#1 E:\xampp73\htdocs\filecroco\loader\vendor\guzzlehttp\guzzle\src\Handler\CurlFactory.php(102): GuzzleHttp\Handler\CurlFactory::finishError(Object(GuzzleHttp\Handler\CurlMultiHandler), Object(GuzzleHttp\Handler\EasyHandle), Object(GuzzleHttp\Handler\CurlFactory))
#2 E:\xampp73\htdocs\filecroco\loader\vendor\guzzlehttp\guzzle\src\Handler\CurlMultiHandler.php(181): GuzzleHttp\Handler\CurlFactory::finish(Object(GuzzleHttp\Handler\CurlMultiHandler), Object(GuzzleHttp\Handler\EasyHandle), Object(GuzzleHttp\Handler\CurlFactory))
#3 E:\xampp73\htdocs\filecroco\loader\vendor\guzzlehttp\guzzle\src\Handler\CurlMultiHandler.php(110): GuzzleHttp\Handler\CurlMultiHandler->processMessages()
#4 E:\xampp73\htdocs\filecroco\loader\vendor\guzzlehttp\guzzle\src\Handler\CurlMultiHandler.php(125): GuzzleHttp\Handler\CurlMultiHandler->tick()
#5 E:\xampp73\htdocs\filecroco\loader\vendor\guzzlehttp\promises\src\Promise.php(246): GuzzleHttp\Handler\CurlMultiHandler->execute(true)
#6 E:\xampp73\htdocs\filecroco\loader\vendor\guzzlehttp\promises\src\Promise.php(223): GuzzleHttp\Promise\Promise->invokeWaitFn()
#7 E:\xampp73\htdocs\filecroco\loader\vendor\guzzlehttp\promises\src\Promise.php(267): GuzzleHttp\Promise\Promise->waitIfPending()
#8 E:\xampp73\htdocs\filecroco\loader\vendor\guzzlehttp\promises\src\Promise.php(225): GuzzleHttp\Promise\Promise->invokeWaitList()
#9 E:\xampp73\htdocs\filecroco\loader\vendor\guzzlehttp\promises\src\Promise.php(62): GuzzleHttp\Promise\Promise->waitIfPending()
#10 E:\xampp73\htdocs\filecroco\loader\vendor\guzzlehttp\promises\src\EachPromise.php(101): GuzzleHttp\Promise\Promise->wait()
#11 E:\xampp73\htdocs\filecroco\loader\vendor\guzzlehttp\promises\src\Promise.php(246): GuzzleHttp\Promise\EachPromise->GuzzleHttp\Promise\{closure}(true)
#12 E:\xampp73\htdocs\filecroco\loader\vendor\guzzlehttp\promises\src\Promise.php(223): GuzzleHttp\Promise\Promise->invokeWaitFn()
#13 E:\xampp73\htdocs\filecroco\loader\vendor\guzzlehttp\promises\src\Promise.php(62): GuzzleHttp\Promise\Promise->waitIfPending()
#14 E:\xampp73\htdocs\filecroco\loader\updatedownloadlink.php(95): GuzzleHttp\Promise\Promise->wait()
#15 {main}|668GuzzleHttp\Exception\RequestException: cURL error 56:  (see http://curl.haxx.se/libcurl/c/libcurl-errors.html) in E:\xampp73\htdocs\filecroco\loader\vendor\guzzlehttp\guzzle\src\Handler\CurlFactory.php:186
Stack trace:
#0 E:\xampp73\htdocs\filecroco\loader\vendor\guzzlehttp\guzzle\src\Handler\CurlFactory.php(149): GuzzleHttp\Handler\CurlFactory::createRejection(Object(GuzzleHttp\Handler\EasyHandle), Array)
#1 E:\xampp73\htdocs\filecroco\loader\vendor\guzzlehttp\guzzle\src\Handler\CurlFactory.php(102): GuzzleHttp\Handler\CurlFactory::finishError(Object(GuzzleHttp\Handler\CurlMultiHandler), Object(GuzzleHttp\Handler\EasyHandle), Object(GuzzleHttp\Handler\CurlFactory))
#2 E:\xampp73\htdocs\filecroco\loader\vendor\guzzlehttp\guzzle\src\Handler\CurlMultiHandler.php(181): GuzzleHttp\Handler\CurlFactory::finish(Object(GuzzleHttp\Handler\CurlMultiHandler), Object(GuzzleHttp\Handler\EasyHandle), Object(GuzzleHttp\Handler\CurlFactory))
#3 E:\xampp73\htdocs\filecroco\loader\vendor\guzzlehttp\guzzle\src\Handler\CurlMultiHandler.php(110): GuzzleHttp\Handler\CurlMultiHandler->processMessages()
#4 E:\xampp73\htdocs\filecroco\loader\vendor\guzzlehttp\guzzle\src\Handler\CurlMultiHandler.php(125): GuzzleHttp\Handler\CurlMultiHandler->tick()
#5 E:\xampp73\htdocs\filecroco\loader\vendor\guzzlehttp\promises\src\Promise.php(246): GuzzleHttp\Handler\CurlMultiHandler->execute(true)
#6 E:\xampp73\htdocs\filecroco\loader\vendor\guzzlehttp\promises\src\Promise.php(223): GuzzleHttp\Promise\Promise->invokeWaitFn()
#7 E:\xampp73\htdocs\filecroco\loader\vendor\guzzlehttp\promises\src\Promise.php(267): GuzzleHttp\Promise\Promise->waitIfPending()
#8 E:\xampp73\htdocs\filecroco\loader\vendor\guzzlehttp\promises\src\Promise.php(225): GuzzleHttp\Promise\Promise->invokeWaitList()
#9 E:\xampp73\htdocs\filecroco\loader\vendor\guzzlehttp\promises\src\Promise.php(62): GuzzleHttp\Promise\Promise->waitIfPending()
#10 E:\xampp73\htdocs\filecroco\loader\vendor\guzzlehttp\promises\src\EachPromise.php(101): GuzzleHttp\Promise\Promise->wait()
#11 E:\xampp73\htdocs\filecroco\loader\vendor\guzzlehttp\promises\src\Promise.php(246): GuzzleHttp\Promise\EachPromise->GuzzleHttp\Promise\{closure}(true)
#12 E:\xampp73\htdocs\filecroco\loader\vendor\guzzlehttp\promises\src\Promise.php(223): GuzzleHttp\Promise\Promise->invokeWaitFn()
#13 E:\xampp73\htdocs\filecroco\loader\vendor\guzzlehttp\promises\src\Promise.php(62): GuzzleHttp\Promise\Promise->waitIfPending()
#14 E:\xampp73\htdocs\filecroco\loader\updatedownloadlink.php(95): GuzzleHttp\Promise\Promise->wait()
#15 {main}|669GuzzleHttp\Exception\RequestException: cURL error 56:  (see http://curl.haxx.se/libcurl/c/libcurl-errors.html) in E:\xampp73\htdocs\filecroco\loader\vendor\guzzlehttp\guzzle\src\Handler\CurlFactory.php:186
Stack trace:
#0 E:\xampp73\htdocs\filecroco\loader\vendor\guzzlehttp\guzzle\src\Handler\CurlFactory.php(149): GuzzleHttp\Handler\CurlFactory::createRejection(Object(GuzzleHttp\Handler\EasyHandle), Array)
#1 E:\xampp73\htdocs\filecroco\loader\vendor\guzzlehttp\guzzle\src\Handler\CurlFactory.php(102): GuzzleHttp\Handler\CurlFactory::finishError(Object(GuzzleHttp\Handler\CurlMultiHandler), Object(GuzzleHttp\Handler\EasyHandle), Object(GuzzleHttp\Handler\CurlFactory))
#2 E:\xampp73\htdocs\filecroco\loader\vendor\guzzlehttp\guzzle\src\Handler\CurlMultiHandler.php(181): GuzzleHttp\Handler\CurlFactory::finish(Object(GuzzleHttp\Handler\CurlMultiHandler), Object(GuzzleHttp\Handler\EasyHandle), Object(GuzzleHttp\Handler\CurlFactory))
#3 E:\xampp73\htdocs\filecroco\loader\vendor\guzzlehttp\guzzle\src\Handler\CurlMultiHandler.php(110): GuzzleHttp\Handler\CurlMultiHandler->processMessages()
#4 E:\xampp73\htdocs\filecroco\loader\vendor\guzzlehttp\guzzle\src\Handler\CurlMultiHandler.php(125): GuzzleHttp\Handler\CurlMultiHandler->tick()
#5 E:\xampp73\htdocs\filecroco\loader\vendor\guzzlehttp\promises\src\Promise.php(246): GuzzleHttp\Handler\CurlMultiHandler->execute(true)
#6 E:\xampp73\htdocs\filecroco\loader\vendor\guzzlehttp\promises\src\Promise.php(223): GuzzleHttp\Promise\Promise->invokeWaitFn()
#7 E:\xampp73\htdocs\filecroco\loader\vendor\guzzlehttp\promises\src\Promise.php(267): GuzzleHttp\Promise\Promise->waitIfPending()
#8 E:\xampp73\htdocs\filecroco\loader\vendor\guzzlehttp\promises\src\Promise.php(225): GuzzleHttp\Promise\Promise->invokeWaitList()
#9 E:\xampp73\htdocs\filecroco\loader\vendor\guzzlehttp\promises\src\Promise.php(62): GuzzleHttp\Promise\Promise->waitIfPending()
#10 E:\xampp73\htdocs\filecroco\loader\vendor\guzzlehttp\promises\src\EachPromise.php(101): GuzzleHttp\Promise\Promise->wait()
#11 E:\xampp73\htdocs\filecroco\loader\vendor\guzzlehttp\promises\src\Promise.php(246): GuzzleHttp\Promise\EachPromise->GuzzleHttp\Promise\{closure}(true)
#12 E:\xampp73\htdocs\filecroco\loader\vendor\guzzlehttp\promises\src\Promise.php(223): GuzzleHttp\Promise\Promise->invokeWaitFn()
#13 E:\xampp73\htdocs\filecroco\loader\vendor\guzzlehttp\promises\src\Promise.php(62): GuzzleHttp\Promise\Promise->waitIfPending()
#14 E:\xampp73\htdocs\filecroco\loader\updatedownloadlink.php(95): GuzzleHttp\Promise\Promise->wait()
#15 {main}|670GuzzleHttp\Exception\RequestException: cURL error 56:  (see http://curl.haxx.se/libcurl/c/libcurl-errors.html) in E:\xampp73\htdocs\filecroco\loader\vendor\guzzlehttp\guzzle\src\Handler\CurlFactory.php:186
Stack trace:
#0 E:\xampp73\htdocs\filecroco\loader\vendor\guzzlehttp\guzzle\src\Handler\CurlFactory.php(149): GuzzleHttp\Handler\CurlFactory::createRejection(Object(GuzzleHttp\Handler\EasyHandle), Array)
#1 E:\xampp73\htdocs\filecroco\loader\vendor\guzzlehttp\guzzle\src\Handler\CurlFactory.php(102): GuzzleHttp\Handler\CurlFactory::finishError(Object(GuzzleHttp\Handler\CurlMultiHandler), Object(GuzzleHttp\Handler\EasyHandle), Object(GuzzleHttp\Handler\CurlFactory))
#2 E:\xampp73\htdocs\filecroco\loader\vendor\guzzlehttp\guzzle\src\Handler\CurlMultiHandler.php(181): GuzzleHttp\Handler\CurlFactory::finish(Object(GuzzleHttp\Handler\CurlMultiHandler), Object(GuzzleHttp\Handler\EasyHandle), Object(GuzzleHttp\Handler\CurlFactory))
#3 E:\xampp73\htdocs\filecroco\loader\vendor\guzzlehttp\guzzle\src\Handler\CurlMultiHandler.php(110): GuzzleHttp\Handler\CurlMultiHandler->processMessages()
#4 E:\xampp73\htdocs\filecroco\loader\vendor\guzzlehttp\guzzle\src\Handler\CurlMultiHandler.php(125): GuzzleHttp\Handler\CurlMultiHandler->tick()
#5 E:\xampp73\htdocs\filecroco\loader\vendor\guzzlehttp\promises\src\Promise.php(246): GuzzleHttp\Handler\CurlMultiHandler->execute(true)
#6 E:\xampp73\htdocs\filecroco\loader\vendor\guzzlehttp\promises\src\Promise.php(223): GuzzleHttp\Promise\Promise->invokeWaitFn()
#7 E:\xampp73\htdocs\filecroco\loader\vendor\guzzlehttp\promises\src\Promise.php(267): GuzzleHttp\Promise\Promise->waitIfPending()
#8 E:\xampp73\htdocs\filecroco\loader\vendor\guzzlehttp\promises\src\Promise.php(225): GuzzleHttp\Promise\Promise->invokeWaitList()
#9 E:\xampp73\htdocs\filecroco\loader\vendor\guzzlehttp\promises\src\Promise.php(62): GuzzleHttp\Promise\Promise->waitIfPending()
#10 E:\xampp73\htdocs\filecroco\loader\vendor\guzzlehttp\promises\src\EachPromise.php(101): GuzzleHttp\Promise\Promise->wait()
#11 E:\xampp73\htdocs\filecroco\loader\vendor\guzzlehttp\promises\src\Promise.php(246): GuzzleHttp\Promise\EachPromise->GuzzleHttp\Promise\{closure}(true)
#12 E:\xampp73\htdocs\filecroco\loader\vendor\guzzlehttp\promises\src\Promise.php(223): GuzzleHttp\Promise\Promise->invokeWaitFn()
#13 E:\xampp73\htdocs\filecroco\loader\vendor\guzzlehttp\promises\src\Promise.php(62): GuzzleHttp\Promise\Promise->waitIfPending()
#14 E:\xampp73\htdocs\filecroco\loader\updatedownloadlink.php(95): GuzzleHttp\Promise\Promise->wait()
#15 {main}|671GuzzleHttp\Exception\RequestException: cURL error 56:  (see http://curl.haxx.se/libcurl/c/libcurl-errors.html) in E:\xampp73\htdocs\filecroco\loader\vendor\guzzlehttp\guzzle\src\Handler\CurlFactory.php:186
Stack trace:
#0 E:\xampp73\htdocs\filecroco\loader\vendor\guzzlehttp\guzzle\src\Handler\CurlFactory.php(149): GuzzleHttp\Handler\CurlFactory::createRejection(Object(GuzzleHttp\Handler\EasyHandle), Array)
#1 E:\xampp73\htdocs\filecroco\loader\vendor\guzzlehttp\guzzle\src\Handler\CurlFactory.php(102): GuzzleHttp\Handler\CurlFactory::finishError(Object(GuzzleHttp\Handler\CurlMultiHandler), Object(GuzzleHttp\Handler\EasyHandle), Object(GuzzleHttp\Handler\CurlFactory))
#2 E:\xampp73\htdocs\filecroco\loader\vendor\guzzlehttp\guzzle\src\Handler\CurlMultiHandler.php(181): GuzzleHttp\Handler\CurlFactory::finish(Object(GuzzleHttp\Handler\CurlMultiHandler), Object(GuzzleHttp\Handler\EasyHandle), Object(GuzzleHttp\Handler\CurlFactory))
#3 E:\xampp73\htdocs\filecroco\loader\vendor\guzzlehttp\guzzle\src\Handler\CurlMultiHandler.php(110): GuzzleHttp\Handler\CurlMultiHandler->processMessages()
#4 E:\xampp73\htdocs\filecroco\loader\vendor\guzzlehttp\guzzle\src\Handler\CurlMultiHandler.php(125): GuzzleHttp\Handler\CurlMultiHandler->tick()
#5 E:\xampp73\htdocs\filecroco\loader\vendor\guzzlehttp\promises\src\Promise.php(246): GuzzleHttp\Handler\CurlMultiHandler->execute(true)
#6 E:\xampp73\htdocs\filecroco\loader\vendor\guzzlehttp\promises\src\Promise.php(223): GuzzleHttp\Promise\Promise->invokeWaitFn()
#7 E:\xampp73\htdocs\filecroco\loader\vendor\guzzlehttp\promises\src\Promise.php(267): GuzzleHttp\Promise\Promise->waitIfPending()
#8 E:\xampp73\htdocs\filecroco\loader\vendor\guzzlehttp\promises\src\Promise.php(225): GuzzleHttp\Promise\Promise->invokeWaitList()
#9 E:\xampp73\htdocs\filecroco\loader\vendor\guzzlehttp\promises\src\Promise.php(62): GuzzleHttp\Promise\Promise->waitIfPending()
#10 E:\xampp73\htdocs\filecroco\loader\vendor\guzzlehttp\promises\src\EachPromise.php(101): GuzzleHttp\Promise\Promise->wait()
#11 E:\xampp73\htdocs\filecroco\loader\vendor\guzzlehttp\promises\src\Promise.php(246): GuzzleHttp\Promise\EachPromise->GuzzleHttp\Promise\{closure}(true)
#12 E:\xampp73\htdocs\filecroco\loader\vendor\guzzlehttp\promises\src\Promise.php(223): GuzzleHttp\Promise\Promise->invokeWaitFn()
#13 E:\xampp73\htdocs\filecroco\loader\vendor\guzzlehttp\promises\src\Promise.php(62): GuzzleHttp\Promise\Promise->waitIfPending()
#14 E:\xampp73\htdocs\filecroco\loader\updatedownloadlink.php(95): GuzzleHttp\Promise\Promise->wait()
#15 {main}|672GuzzleHttp\Exception\RequestException: cURL error 56:  (see http://curl.haxx.se/libcurl/c/libcurl-errors.html) in E:\xampp73\htdocs\filecroco\loader\vendor\guzzlehttp\guzzle\src\Handler\CurlFactory.php:186
Stack trace:
#0 E:\xampp73\htdocs\filecroco\loader\vendor\guzzlehttp\guzzle\src\Handler\CurlFactory.php(149): GuzzleHttp\Handler\CurlFactory::createRejection(Object(GuzzleHttp\Handler\EasyHandle), Array)
#1 E:\xampp73\htdocs\filecroco\loader\vendor\guzzlehttp\guzzle\src\Handler\CurlFactory.php(102): GuzzleHttp\Handler\CurlFactory::finishError(Object(GuzzleHttp\Handler\CurlMultiHandler), Object(GuzzleHttp\Handler\EasyHandle), Object(GuzzleHttp\Handler\CurlFactory))
#2 E:\xampp73\htdocs\filecroco\loader\vendor\guzzlehttp\guzzle\src\Handler\CurlMultiHandler.php(181): GuzzleHttp\Handler\CurlFactory::finish(Object(GuzzleHttp\Handler\CurlMultiHandler), Object(GuzzleHttp\Handler\EasyHandle), Object(GuzzleHttp\Handler\CurlFactory))
#3 E:\xampp73\htdocs\filecroco\loader\vendor\guzzlehttp\guzzle\src\Handler\CurlMultiHandler.php(110): GuzzleHttp\Handler\CurlMultiHandler->processMessages()
#4 E:\xampp73\htdocs\filecroco\loader\vendor\guzzlehttp\guzzle\src\Handler\CurlMultiHandler.php(125): GuzzleHttp\Handler\CurlMultiHandler->tick()
#5 E:\xampp73\htdocs\filecroco\loader\vendor\guzzlehttp\promises\src\Promise.php(246): GuzzleHttp\Handler\CurlMultiHandler->execute(true)
#6 E:\xampp73\htdocs\filecroco\loader\vendor\guzzlehttp\promises\src\Promise.php(223): GuzzleHttp\Promise\Promise->invokeWaitFn()
#7 E:\xampp73\htdocs\filecroco\loader\vendor\guzzlehttp\promises\src\Promise.php(267): GuzzleHttp\Promise\Promise->waitIfPending()
#8 E:\xampp73\htdocs\filecroco\loader\vendor\guzzlehttp\promises\src\Promise.php(225): GuzzleHttp\Promise\Promise->invokeWaitList()
#9 E:\xampp73\htdocs\filecroco\loader\vendor\guzzlehttp\promises\src\Promise.php(62): GuzzleHttp\Promise\Promise->waitIfPending()
#10 E:\xampp73\htdocs\filecroco\loader\vendor\guzzlehttp\promises\src\EachPromise.php(101): GuzzleHttp\Promise\Promise->wait()
#11 E:\xampp73\htdocs\filecroco\loader\vendor\guzzlehttp\promises\src\Promise.php(246): GuzzleHttp\Promise\EachPromise->GuzzleHttp\Promise\{closure}(true)
#12 E:\xampp73\htdocs\filecroco\loader\vendor\guzzlehttp\promises\src\Promise.php(223): GuzzleHttp\Promise\Promise->invokeWaitFn()
#13 E:\xampp73\htdocs\filecroco\loader\vendor\guzzlehttp\promises\src\Promise.php(62): GuzzleHttp\Promise\Promise->waitIfPending()
#14 E:\xampp73\htdocs\filecroco\loader\updatedownloadlink.php(95): GuzzleHttp\Promise\Promise->wait()
#15 {main}|673GuzzleHttp\Exception\RequestException: cURL error 56:  (see http://curl.haxx.se/libcurl/c/libcurl-errors.html) in E:\xampp73\htdocs\filecroco\loader\vendor\guzzlehttp\guzzle\src\Handler\CurlFactory.php:186
Stack trace:
#0 E:\xampp73\htdocs\filecroco\loader\vendor\guzzlehttp\guzzle\src\Handler\CurlFactory.php(149): GuzzleHttp\Handler\CurlFactory::createRejection(Object(GuzzleHttp\Handler\EasyHandle), Array)
#1 E:\xampp73\htdocs\filecroco\loader\vendor\guzzlehttp\guzzle\src\Handler\CurlFactory.php(102): GuzzleHttp\Handler\CurlFactory::finishError(Object(GuzzleHttp\Handler\CurlMultiHandler), Object(GuzzleHttp\Handler\EasyHandle), Object(GuzzleHttp\Handler\CurlFactory))
#2 E:\xampp73\htdocs\filecroco\loader\vendor\guzzlehttp\guzzle\src\Handler\CurlMultiHandler.php(181): GuzzleHttp\Handler\CurlFactory::finish(Object(GuzzleHttp\Handler\CurlMultiHandler), Object(GuzzleHttp\Handler\EasyHandle), Object(GuzzleHttp\Handler\CurlFactory))
#3 E:\xampp73\htdocs\filecroco\loader\vendor\guzzlehttp\guzzle\src\Handler\CurlMultiHandler.php(110): GuzzleHttp\Handler\CurlMultiHandler->processMessages()
#4 E:\xampp73\htdocs\filecroco\loader\vendor\guzzlehttp\guzzle\src\Handler\CurlMultiHandler.php(125): GuzzleHttp\Handler\CurlMultiHandler->tick()
#5 E:\xampp73\htdocs\filecroco\loader\vendor\guzzlehttp\promises\src\Promise.php(246): GuzzleHttp\Handler\CurlMultiHandler->execute(true)
#6 E:\xampp73\htdocs\filecroco\loader\vendor\guzzlehttp\promises\src\Promise.php(223): GuzzleHttp\Promise\Promise->invokeWaitFn()
#7 E:\xampp73\htdocs\filecroco\loader\vendor\guzzlehttp\promises\src\Promise.php(267): GuzzleHttp\Promise\Promise->waitIfPending()
#8 E:\xampp73\htdocs\filecroco\loader\vendor\guzzlehttp\promises\src\Promise.php(225): GuzzleHttp\Promise\Promise->invokeWaitList()
#9 E:\xampp73\htdocs\filecroco\loader\vendor\guzzlehttp\promises\src\Promise.php(62): GuzzleHttp\Promise\Promise->waitIfPending()
#10 E:\xampp73\htdocs\filecroco\loader\vendor\guzzlehttp\promises\src\EachPromise.php(101): GuzzleHttp\Promise\Promise->wait()
#11 E:\xampp73\htdocs\filecroco\loader\vendor\guzzlehttp\promises\src\Promise.php(246): GuzzleHttp\Promise\EachPromise->GuzzleHttp\Promise\{closure}(true)
#12 E:\xampp73\htdocs\filecroco\loader\vendor\guzzlehttp\promises\src\Promise.php(223): GuzzleHttp\Promise\Promise->invokeWaitFn()
#13 E:\xampp73\htdocs\filecroco\loader\vendor\guzzlehttp\promises\src\Promise.php(62): GuzzleHttp\Promise\Promise->waitIfPending()
#14 E:\xampp73\htdocs\filecroco\loader\updatedownloadlink.php(95): GuzzleHttp\Promise\Promise->wait()
#15 {main}|674GuzzleHttp\Exception\RequestException: cURL error 56:  (see http://curl.haxx.se/libcurl/c/libcurl-errors.html) in E:\xampp73\htdocs\filecroco\loader\vendor\guzzlehttp\guzzle\src\Handler\CurlFactory.php:186
Stack trace:
#0 E:\xampp73\htdocs\filecroco\loader\vendor\guzzlehttp\guzzle\src\Handler\CurlFactory.php(149): GuzzleHttp\Handler\CurlFactory::createRejection(Object(GuzzleHttp\Handler\EasyHandle), Array)
#1 E:\xampp73\htdocs\filecroco\loader\vendor\guzzlehttp\guzzle\src\Handler\CurlFactory.php(102): GuzzleHttp\Handler\CurlFactory::finishError(Object(GuzzleHttp\Handler\CurlMultiHandler), Object(GuzzleHttp\Handler\EasyHandle), Object(GuzzleHttp\Handler\CurlFactory))
#2 E:\xampp73\htdocs\filecroco\loader\vendor\guzzlehttp\guzzle\src\Handler\CurlMultiHandler.php(181): GuzzleHttp\Handler\CurlFactory::finish(Object(GuzzleHttp\Handler\CurlMultiHandler), Object(GuzzleHttp\Handler\EasyHandle), Object(GuzzleHttp\Handler\CurlFactory))
#3 E:\xampp73\htdocs\filecroco\loader\vendor\guzzlehttp\guzzle\src\Handler\CurlMultiHandler.php(110): GuzzleHttp\Handler\CurlMultiHandler->processMessages()
#4 E:\xampp73\htdocs\filecroco\loader\vendor\guzzlehttp\guzzle\src\Handler\CurlMultiHandler.php(125): GuzzleHttp\Handler\CurlMultiHandler->tick()
#5 E:\xampp73\htdocs\filecroco\loader\vendor\guzzlehttp\promises\src\Promise.php(246): GuzzleHttp\Handler\CurlMultiHandler->execute(true)
#6 E:\xampp73\htdocs\filecroco\loader\vendor\guzzlehttp\promises\src\Promise.php(223): GuzzleHttp\Promise\Promise->invokeWaitFn()
#7 E:\xampp73\htdocs\filecroco\loader\vendor\guzzlehttp\promises\src\Promise.php(267): GuzzleHttp\Promise\Promise->waitIfPending()
#8 E:\xampp73\htdocs\filecroco\loader\vendor\guzzlehttp\promises\src\Promise.php(225): GuzzleHttp\Promise\Promise->invokeWaitList()
#9 E:\xampp73\htdocs\filecroco\loader\vendor\guzzlehttp\promises\src\Promise.php(62): GuzzleHttp\Promise\Promise->waitIfPending()
#10 E:\xampp73\htdocs\filecroco\loader\vendor\guzzlehttp\promises\src\EachPromise.php(101): GuzzleHttp\Promise\Promise->wait()
#11 E:\xampp73\htdocs\filecroco\loader\vendor\guzzlehttp\promises\src\Promise.php(246): GuzzleHttp\Promise\EachPromise->GuzzleHttp\Promise\{closure}(true)
#12 E:\xampp73\htdocs\filecroco\loader\vendor\guzzlehttp\promises\src\Promise.php(223): GuzzleHttp\Promise\Promise->invokeWaitFn()
#13 E:\xampp73\htdocs\filecroco\loader\vendor\guzzlehttp\promises\src\Promise.php(62): GuzzleHttp\Promise\Promise->waitIfPending()
#14 E:\xampp73\htdocs\filecroco\loader\updatedownloadlink.php(95): GuzzleHttp\Promise\Promise->wait()
#15 {main}|675GuzzleHttp\Exception\RequestException: cURL error 56:  (see http://curl.haxx.se/libcurl/c/libcurl-errors.html) in E:\xampp73\htdocs\filecroco\loader\vendor\guzzlehttp\guzzle\src\Handler\CurlFactory.php:186
Stack trace:
#0 E:\xampp73\htdocs\filecroco\loader\vendor\guzzlehttp\guzzle\src\Handler\CurlFactory.php(149): GuzzleHttp\Handler\CurlFactory::createRejection(Object(GuzzleHttp\Handler\EasyHandle), Array)
#1 E:\xampp73\htdocs\filecroco\loader\vendor\guzzlehttp\guzzle\src\Handler\CurlFactory.php(102): GuzzleHttp\Handler\CurlFactory::finishError(Object(GuzzleHttp\Handler\CurlMultiHandler), Object(GuzzleHttp\Handler\EasyHandle), Object(GuzzleHttp\Handler\CurlFactory))
#2 E:\xampp73\htdocs\filecroco\loader\vendor\guzzlehttp\guzzle\src\Handler\CurlMultiHandler.php(181): GuzzleHttp\Handler\CurlFactory::finish(Object(GuzzleHttp\Handler\CurlMultiHandler), Object(GuzzleHttp\Handler\EasyHandle), Object(GuzzleHttp\Handler\CurlFactory))
#3 E:\xampp73\htdocs\filecroco\loader\vendor\guzzlehttp\guzzle\src\Handler\CurlMultiHandler.php(110): GuzzleHttp\Handler\CurlMultiHandler->processMessages()
#4 E:\xampp73\htdocs\filecroco\loader\vendor\guzzlehttp\guzzle\src\Handler\CurlMultiHandler.php(125): GuzzleHttp\Handler\CurlMultiHandler->tick()
#5 E:\xampp73\htdocs\filecroco\loader\vendor\guzzlehttp\promises\src\Promise.php(246): GuzzleHttp\Handler\CurlMultiHandler->execute(true)
#6 E:\xampp73\htdocs\filecroco\loader\vendor\guzzlehttp\promises\src\Promise.php(223): GuzzleHttp\Promise\Promise->invokeWaitFn()
#7 E:\xampp73\htdocs\filecroco\loader\vendor\guzzlehttp\promises\src\Promise.php(267): GuzzleHttp\Promise\Promise->waitIfPending()
#8 E:\xampp73\htdocs\filecroco\loader\vendor\guzzlehttp\promises\src\Promise.php(225): GuzzleHttp\Promise\Promise->invokeWaitList()
#9 E:\xampp73\htdocs\filecroco\loader\vendor\guzzlehttp\promises\src\Promise.php(62): GuzzleHttp\Promise\Promise->waitIfPending()
#10 E:\xampp73\htdocs\filecroco\loader\vendor\guzzlehttp\promises\src\EachPromise.php(101): GuzzleHttp\Promise\Promise->wait()
#11 E:\xampp73\htdocs\filecroco\loader\vendor\guzzlehttp\promises\src\Promise.php(246): GuzzleHttp\Promise\EachPromise->GuzzleHttp\Promise\{closure}(true)
#12 E:\xampp73\htdocs\filecroco\loader\vendor\guzzlehttp\promises\src\Promise.php(223): GuzzleHttp\Promise\Promise->invokeWaitFn()
#13 E:\xampp73\htdocs\filecroco\loader\vendor\guzzlehttp\promises\src\Promise.php(62): GuzzleHttp\Promise\Promise->waitIfPending()
#14 E:\xampp73\htdocs\filecroco\loader\updatedownloadlink.php(95): GuzzleHttp\Promise\Promise->wait()
#15 {main}|676GuzzleHttp\Exception\RequestException: cURL error 56:  (see http://curl.haxx.se/libcurl/c/libcurl-errors.html) in E:\xampp73\htdocs\filecroco\loader\vendor\guzzlehttp\guzzle\src\Handler\CurlFactory.php:186
Stack trace:
#0 E:\xampp73\htdocs\filecroco\loader\vendor\guzzlehttp\guzzle\src\Handler\CurlFactory.php(149): GuzzleHttp\Handler\CurlFactory::createRejection(Object(GuzzleHttp\Handler\EasyHandle), Array)
#1 E:\xampp73\htdocs\filecroco\loader\vendor\guzzlehttp\guzzle\src\Handler\CurlFactory.php(102): GuzzleHttp\Handler\CurlFactory::finishError(Object(GuzzleHttp\Handler\CurlMultiHandler), Object(GuzzleHttp\Handler\EasyHandle), Object(GuzzleHttp\Handler\CurlFactory))
#2 E:\xampp73\htdocs\filecroco\loader\vendor\guzzlehttp\guzzle\src\Handler\CurlMultiHandler.php(181): GuzzleHttp\Handler\CurlFactory::finish(Object(GuzzleHttp\Handler\CurlMultiHandler), Object(GuzzleHttp\Handler\EasyHandle), Object(GuzzleHttp\Handler\CurlFactory))
#3 E:\xampp73\htdocs\filecroco\loader\vendor\guzzlehttp\guzzle\src\Handler\CurlMultiHandler.php(110): GuzzleHttp\Handler\CurlMultiHandler->processMessages()
#4 E:\xampp73\htdocs\filecroco\loader\vendor\guzzlehttp\guzzle\src\Handler\CurlMultiHandler.php(125): GuzzleHttp\Handler\CurlMultiHandler->tick()
#5 E:\xampp73\htdocs\filecroco\loader\vendor\guzzlehttp\promises\src\Promise.php(246): GuzzleHttp\Handler\CurlMultiHandler->execute(true)
#6 E:\xampp73\htdocs\filecroco\loader\vendor\guzzlehttp\promises\src\Promise.php(223): GuzzleHttp\Promise\Promise->invokeWaitFn()
#7 E:\xampp73\htdocs\filecroco\loader\vendor\guzzlehttp\promises\src\Promise.php(267): GuzzleHttp\Promise\Promise->waitIfPending()
#8 E:\xampp73\htdocs\filecroco\loader\vendor\guzzlehttp\promises\src\Promise.php(225): GuzzleHttp\Promise\Promise->invokeWaitList()
#9 E:\xampp73\htdocs\filecroco\loader\vendor\guzzlehttp\promises\src\Promise.php(62): GuzzleHttp\Promise\Promise->waitIfPending()
#10 E:\xampp73\htdocs\filecroco\loader\vendor\guzzlehttp\promises\src\EachPromise.php(101): GuzzleHttp\Promise\Promise->wait()
#11 E:\xampp73\htdocs\filecroco\loader\vendor\guzzlehttp\promises\src\Promise.php(246): GuzzleHttp\Promise\EachPromise->GuzzleHttp\Promise\{closure}(true)
#12 E:\xampp73\htdocs\filecroco\loader\vendor\guzzlehttp\promises\src\Promise.php(223): GuzzleHttp\Promise\Promise->invokeWaitFn()
#13 E:\xampp73\htdocs\filecroco\loader\vendor\guzzlehttp\promises\src\Promise.php(62): GuzzleHttp\Promise\Promise->waitIfPending()
#14 E:\xampp73\htdocs\filecroco\loader\updatedownloadlink.php(95): GuzzleHttp\Promise\Promise->wait()
#15 {main}|677GuzzleHttp\Exception\RequestException: cURL error 56:  (see http://curl.haxx.se/libcurl/c/libcurl-errors.html) in E:\xampp73\htdocs\filecroco\loader\vendor\guzzlehttp\guzzle\src\Handler\CurlFactory.php:186
Stack trace:
#0 E:\xampp73\htdocs\filecroco\loader\vendor\guzzlehttp\guzzle\src\Handler\CurlFactory.php(149): GuzzleHttp\Handler\CurlFactory::createRejection(Object(GuzzleHttp\Handler\EasyHandle), Array)
#1 E:\xampp73\htdocs\filecroco\loader\vendor\guzzlehttp\guzzle\src\Handler\CurlFactory.php(102): GuzzleHttp\Handler\CurlFactory::finishError(Object(GuzzleHttp\Handler\CurlMultiHandler), Object(GuzzleHttp\Handler\EasyHandle), Object(GuzzleHttp\Handler\CurlFactory))
#2 E:\xampp73\htdocs\filecroco\loader\vendor\guzzlehttp\guzzle\src\Handler\CurlMultiHandler.php(181): GuzzleHttp\Handler\CurlFactory::finish(Object(GuzzleHttp\Handler\CurlMultiHandler), Object(GuzzleHttp\Handler\EasyHandle), Object(GuzzleHttp\Handler\CurlFactory))
#3 E:\xampp73\htdocs\filecroco\loader\vendor\guzzlehttp\guzzle\src\Handler\CurlMultiHandler.php(110): GuzzleHttp\Handler\CurlMultiHandler->processMessages()
#4 E:\xampp73\htdocs\filecroco\loader\vendor\guzzlehttp\guzzle\src\Handler\CurlMultiHandler.php(125): GuzzleHttp\Handler\CurlMultiHandler->tick()
#5 E:\xampp73\htdocs\filecroco\loader\vendor\guzzlehttp\promises\src\Promise.php(246): GuzzleHttp\Handler\CurlMultiHandler->execute(true)
#6 E:\xampp73\htdocs\filecroco\loader\vendor\guzzlehttp\promises\src\Promise.php(223): GuzzleHttp\Promise\Promise->invokeWaitFn()
#7 E:\xampp73\htdocs\filecroco\loader\vendor\guzzlehttp\promises\src\Promise.php(267): GuzzleHttp\Promise\Promise->waitIfPending()
#8 E:\xampp73\htdocs\filecroco\loader\vendor\guzzlehttp\promises\src\Promise.php(225): GuzzleHttp\Promise\Promise->invokeWaitList()
#9 E:\xampp73\htdocs\filecroco\loader\vendor\guzzlehttp\promises\src\Promise.php(62): GuzzleHttp\Promise\Promise->waitIfPending()
#10 E:\xampp73\htdocs\filecroco\loader\vendor\guzzlehttp\promises\src\EachPromise.php(101): GuzzleHttp\Promise\Promise->wait()
#11 E:\xampp73\htdocs\filecroco\loader\vendor\guzzlehttp\promises\src\Promise.php(246): GuzzleHttp\Promise\EachPromise->GuzzleHttp\Promise\{closure}(true)
#12 E:\xampp73\htdocs\filecroco\loader\vendor\guzzlehttp\promises\src\Promise.php(223): GuzzleHttp\Promise\Promise->invokeWaitFn()
#13 E:\xampp73\htdocs\filecroco\loader\vendor\guzzlehttp\promises\src\Promise.php(62): GuzzleHttp\Promise\Promise->waitIfPending()
#14 E:\xampp73\htdocs\filecroco\loader\updatedownloadlink.php(95): GuzzleHttp\Promise\Promise->wait()
#15 {main}|678GuzzleHttp\Exception\RequestException: cURL error 56:  (see http://curl.haxx.se/libcurl/c/libcurl-errors.html) in E:\xampp73\htdocs\filecroco\loader\vendor\guzzlehttp\guzzle\src\Handler\CurlFactory.php:186
Stack trace:
#0 E:\xampp73\htdocs\filecroco\loader\vendor\guzzlehttp\guzzle\src\Handler\CurlFactory.php(149): GuzzleHttp\Handler\CurlFactory::createRejection(Object(GuzzleHttp\Handler\EasyHandle), Array)
#1 E:\xampp73\htdocs\filecroco\loader\vendor\guzzlehttp\guzzle\src\Handler\CurlFactory.php(102): GuzzleHttp\Handler\CurlFactory::finishError(Object(GuzzleHttp\Handler\CurlMultiHandler), Object(GuzzleHttp\Handler\EasyHandle), Object(GuzzleHttp\Handler\CurlFactory))
#2 E:\xampp73\htdocs\filecroco\loader\vendor\guzzlehttp\guzzle\src\Handler\CurlMultiHandler.php(181): GuzzleHttp\Handler\CurlFactory::finish(Object(GuzzleHttp\Handler\CurlMultiHandler), Object(GuzzleHttp\Handler\EasyHandle), Object(GuzzleHttp\Handler\CurlFactory))
#3 E:\xampp73\htdocs\filecroco\loader\vendor\guzzlehttp\guzzle\src\Handler\CurlMultiHandler.php(110): GuzzleHttp\Handler\CurlMultiHandler->processMessages()
#4 E:\xampp73\htdocs\filecroco\loader\vendor\guzzlehttp\guzzle\src\Handler\CurlMultiHandler.php(125): GuzzleHttp\Handler\CurlMultiHandler->tick()
#5 E:\xampp73\htdocs\filecroco\loader\vendor\guzzlehttp\promises\src\Promise.php(246): GuzzleHttp\Handler\CurlMultiHandler->execute(true)
#6 E:\xampp73\htdocs\filecroco\loader\vendor\guzzlehttp\promises\src\Promise.php(223): GuzzleHttp\Promise\Promise->invokeWaitFn()
#7 E:\xampp73\htdocs\filecroco\loader\vendor\guzzlehttp\promises\src\Promise.php(267): GuzzleHttp\Promise\Promise->waitIfPending()
#8 E:\xampp73\htdocs\filecroco\loader\vendor\guzzlehttp\promises\src\Promise.php(225): GuzzleHttp\Promise\Promise->invokeWaitList()
#9 E:\xampp73\htdocs\filecroco\loader\vendor\guzzlehttp\promises\src\Promise.php(62): GuzzleHttp\Promise\Promise->waitIfPending()
#10 E:\xampp73\htdocs\filecroco\loader\vendor\guzzlehttp\promises\src\EachPromise.php(101): GuzzleHttp\Promise\Promise->wait()
#11 E:\xampp73\htdocs\filecroco\loader\vendor\guzzlehttp\promises\src\Promise.php(246): GuzzleHttp\Promise\EachPromise->GuzzleHttp\Promise\{closure}(true)
#12 E:\xampp73\htdocs\filecroco\loader\vendor\guzzlehttp\promises\src\Promise.php(223): GuzzleHttp\Promise\Promise->invokeWaitFn()
#13 E:\xampp73\htdocs\filecroco\loader\vendor\guzzlehttp\promises\src\Promise.php(62): GuzzleHttp\Promise\Promise->waitIfPending()
#14 E:\xampp73\htdocs\filecroco\loader\updatedownloadlink.php(95): GuzzleHttp\Promise\Promise->wait()
#15 {main}|679GuzzleHttp\Exception\RequestException: cURL error 56:  (see http://curl.haxx.se/libcurl/c/libcurl-errors.html) in E:\xampp73\htdocs\filecroco\loader\vendor\guzzlehttp\guzzle\src\Handler\CurlFactory.php:186
Stack trace:
#0 E:\xampp73\htdocs\filecroco\loader\vendor\guzzlehttp\guzzle\src\Handler\CurlFactory.php(149): GuzzleHttp\Handler\CurlFactory::createRejection(Object(GuzzleHttp\Handler\EasyHandle), Array)
#1 E:\xampp73\htdocs\filecroco\loader\vendor\guzzlehttp\guzzle\src\Handler\CurlFactory.php(102): GuzzleHttp\Handler\CurlFactory::finishError(Object(GuzzleHttp\Handler\CurlMultiHandler), Object(GuzzleHttp\Handler\EasyHandle), Object(GuzzleHttp\Handler\CurlFactory))
#2 E:\xampp73\htdocs\filecroco\loader\vendor\guzzlehttp\guzzle\src\Handler\CurlMultiHandler.php(181): GuzzleHttp\Handler\CurlFactory::finish(Object(GuzzleHttp\Handler\CurlMultiHandler), Object(GuzzleHttp\Handler\EasyHandle), Object(GuzzleHttp\Handler\CurlFactory))
#3 E:\xampp73\htdocs\filecroco\loader\vendor\guzzlehttp\guzzle\src\Handler\CurlMultiHandler.php(110): GuzzleHttp\Handler\CurlMultiHandler->processMessages()
#4 E:\xampp73\htdocs\filecroco\loader\vendor\guzzlehttp\guzzle\src\Handler\CurlMultiHandler.php(125): GuzzleHttp\Handler\CurlMultiHandler->tick()
#5 E:\xampp73\htdocs\filecroco\loader\vendor\guzzlehttp\promises\src\Promise.php(246): GuzzleHttp\Handler\CurlMultiHandler->execute(true)
#6 E:\xampp73\htdocs\filecroco\loader\vendor\guzzlehttp\promises\src\Promise.php(223): GuzzleHttp\Promise\Promise->invokeWaitFn()
#7 E:\xampp73\htdocs\filecroco\loader\vendor\guzzlehttp\promises\src\Promise.php(267): GuzzleHttp\Promise\Promise->waitIfPending()
#8 E:\xampp73\htdocs\filecroco\loader\vendor\guzzlehttp\promises\src\Promise.php(225): GuzzleHttp\Promise\Promise->invokeWaitList()
#9 E:\xampp73\htdocs\filecroco\loader\vendor\guzzlehttp\promises\src\Promise.php(62): GuzzleHttp\Promise\Promise->waitIfPending()
#10 E:\xampp73\htdocs\filecroco\loader\vendor\guzzlehttp\promises\src\EachPromise.php(101): GuzzleHttp\Promise\Promise->wait()
#11 E:\xampp73\htdocs\filecroco\loader\vendor\guzzlehttp\promises\src\Promise.php(246): GuzzleHttp\Promise\EachPromise->GuzzleHttp\Promise\{closure}(true)
#12 E:\xampp73\htdocs\filecroco\loader\vendor\guzzlehttp\promises\src\Promise.php(223): GuzzleHttp\Promise\Promise->invokeWaitFn()
#13 E:\xampp73\htdocs\filecroco\loader\vendor\guzzlehttp\promises\src\Promise.php(62): GuzzleHttp\Promise\Promise->waitIfPending()
#14 E:\xampp73\htdocs\filecroco\loader\updatedownloadlink.php(95): GuzzleHttp\Promise\Promise->wait()
#15 {main}|680GuzzleHttp\Exception\RequestException: cURL error 56:  (see http://curl.haxx.se/libcurl/c/libcurl-errors.html) in E:\xampp73\htdocs\filecroco\loader\vendor\guzzlehttp\guzzle\src\Handler\CurlFactory.php:186
Stack trace:
#0 E:\xampp73\htdocs\filecroco\loader\vendor\guzzlehttp\guzzle\src\Handler\CurlFactory.php(149): GuzzleHttp\Handler\CurlFactory::createRejection(Object(GuzzleHttp\Handler\EasyHandle), Array)
#1 E:\xampp73\htdocs\filecroco\loader\vendor\guzzlehttp\guzzle\src\Handler\CurlFactory.php(102): GuzzleHttp\Handler\CurlFactory::finishError(Object(GuzzleHttp\Handler\CurlMultiHandler), Object(GuzzleHttp\Handler\EasyHandle), Object(GuzzleHttp\Handler\CurlFactory))
#2 E:\xampp73\htdocs\filecroco\loader\vendor\guzzlehttp\guzzle\src\Handler\CurlMultiHandler.php(181): GuzzleHttp\Handler\CurlFactory::finish(Object(GuzzleHttp\Handler\CurlMultiHandler), Object(GuzzleHttp\Handler\EasyHandle), Object(GuzzleHttp\Handler\CurlFactory))
#3 E:\xampp73\htdocs\filecroco\loader\vendor\guzzlehttp\guzzle\src\Handler\CurlMultiHandler.php(110): GuzzleHttp\Handler\CurlMultiHandler->processMessages()
#4 E:\xampp73\htdocs\filecroco\loader\vendor\guzzlehttp\guzzle\src\Handler\CurlMultiHandler.php(125): GuzzleHttp\Handler\CurlMultiHandler->tick()
#5 E:\xampp73\htdocs\filecroco\loader\vendor\guzzlehttp\promises\src\Promise.php(246): GuzzleHttp\Handler\CurlMultiHandler->execute(true)
#6 E:\xampp73\htdocs\filecroco\loader\vendor\guzzlehttp\promises\src\Promise.php(223): GuzzleHttp\Promise\Promise->invokeWaitFn()
#7 E:\xampp73\htdocs\filecroco\loader\vendor\guzzlehttp\promises\src\Promise.php(267): GuzzleHttp\Promise\Promise->waitIfPending()
#8 E:\xampp73\htdocs\filecroco\loader\vendor\guzzlehttp\promises\src\Promise.php(225): GuzzleHttp\Promise\Promise->invokeWaitList()
#9 E:\xampp73\htdocs\filecroco\loader\vendor\guzzlehttp\promises\src\Promise.php(62): GuzzleHttp\Promise\Promise->waitIfPending()
#10 E:\xampp73\htdocs\filecroco\loader\vendor\guzzlehttp\promises\src\EachPromise.php(101): GuzzleHttp\Promise\Promise->wait()
#11 E:\xampp73\htdocs\filecroco\loader\vendor\guzzlehttp\promises\src\Promise.php(246): GuzzleHttp\Promise\EachPromise->GuzzleHttp\Promise\{closure}(true)
#12 E:\xampp73\htdocs\filecroco\loader\vendor\guzzlehttp\promises\src\Promise.php(223): GuzzleHttp\Promise\Promise->invokeWaitFn()
#13 E:\xampp73\htdocs\filecroco\loader\vendor\guzzlehttp\promises\src\Promise.php(62): GuzzleHttp\Promise\Promise->waitIfPending()
#14 E:\xampp73\htdocs\filecroco\loader\updatedownloadlink.php(95): GuzzleHttp\Promise\Promise->wait()
#15 {main}|681GuzzleHttp\Exception\RequestException: cURL error 56:  (see http://curl.haxx.se/libcurl/c/libcurl-errors.html) in E:\xampp73\htdocs\filecroco\loader\vendor\guzzlehttp\guzzle\src\Handler\CurlFactory.php:186
Stack trace:
#0 E:\xampp73\htdocs\filecroco\loader\vendor\guzzlehttp\guzzle\src\Handler\CurlFactory.php(149): GuzzleHttp\Handler\CurlFactory::createRejection(Object(GuzzleHttp\Handler\EasyHandle), Array)
#1 E:\xampp73\htdocs\filecroco\loader\vendor\guzzlehttp\guzzle\src\Handler\CurlFactory.php(102): GuzzleHttp\Handler\CurlFactory::finishError(Object(GuzzleHttp\Handler\CurlMultiHandler), Object(GuzzleHttp\Handler\EasyHandle), Object(GuzzleHttp\Handler\CurlFactory))
#2 E:\xampp73\htdocs\filecroco\loader\vendor\guzzlehttp\guzzle\src\Handler\CurlMultiHandler.php(181): GuzzleHttp\Handler\CurlFactory::finish(Object(GuzzleHttp\Handler\CurlMultiHandler), Object(GuzzleHttp\Handler\EasyHandle), Object(GuzzleHttp\Handler\CurlFactory))
#3 E:\xampp73\htdocs\filecroco\loader\vendor\guzzlehttp\guzzle\src\Handler\CurlMultiHandler.php(110): GuzzleHttp\Handler\CurlMultiHandler->processMessages()
#4 E:\xampp73\htdocs\filecroco\loader\vendor\guzzlehttp\guzzle\src\Handler\CurlMultiHandler.php(125): GuzzleHttp\Handler\CurlMultiHandler->tick()
#5 E:\xampp73\htdocs\filecroco\loader\vendor\guzzlehttp\promises\src\Promise.php(246): GuzzleHttp\Handler\CurlMultiHandler->execute(true)
#6 E:\xampp73\htdocs\filecroco\loader\vendor\guzzlehttp\promises\src\Promise.php(223): GuzzleHttp\Promise\Promise->invokeWaitFn()
#7 E:\xampp73\htdocs\filecroco\loader\vendor\guzzlehttp\promises\src\Promise.php(267): GuzzleHttp\Promise\Promise->waitIfPending()
#8 E:\xampp73\htdocs\filecroco\loader\vendor\guzzlehttp\promises\src\Promise.php(225): GuzzleHttp\Promise\Promise->invokeWaitList()
#9 E:\xampp73\htdocs\filecroco\loader\vendor\guzzlehttp\promises\src\Promise.php(62): GuzzleHttp\Promise\Promise->waitIfPending()
#10 E:\xampp73\htdocs\filecroco\loader\vendor\guzzlehttp\promises\src\EachPromise.php(101): GuzzleHttp\Promise\Promise->wait()
#11 E:\xampp73\htdocs\filecroco\loader\vendor\guzzlehttp\promises\src\Promise.php(246): GuzzleHttp\Promise\EachPromise->GuzzleHttp\Promise\{closure}(true)
#12 E:\xampp73\htdocs\filecroco\loader\vendor\guzzlehttp\promises\src\Promise.php(223): GuzzleHttp\Promise\Promise->invokeWaitFn()
#13 E:\xampp73\htdocs\filecroco\loader\vendor\guzzlehttp\promises\src\Promise.php(62): GuzzleHttp\Promise\Promise->waitIfPending()
#14 E:\xampp73\htdocs\filecroco\loader\updatedownloadlink.php(95): GuzzleHttp\Promise\Promise->wait()
#15 {main}|682GuzzleHttp\Exception\RequestException: cURL error 56:  (see http://curl.haxx.se/libcurl/c/libcurl-errors.html) in E:\xampp73\htdocs\filecroco\loader\vendor\guzzlehttp\guzzle\src\Handler\CurlFactory.php:186
Stack trace:
#0 E:\xampp73\htdocs\filecroco\loader\vendor\guzzlehttp\guzzle\src\Handler\CurlFactory.php(149): GuzzleHttp\Handler\CurlFactory::createRejection(Object(GuzzleHttp\Handler\EasyHandle), Array)
#1 E:\xampp73\htdocs\filecroco\loader\vendor\guzzlehttp\guzzle\src\Handler\CurlFactory.php(102): GuzzleHttp\Handler\CurlFactory::finishError(Object(GuzzleHttp\Handler\CurlMultiHandler), Object(GuzzleHttp\Handler\EasyHandle), Object(GuzzleHttp\Handler\CurlFactory))
#2 E:\xampp73\htdocs\filecroco\loader\vendor\guzzlehttp\guzzle\src\Handler\CurlMultiHandler.php(181): GuzzleHttp\Handler\CurlFactory::finish(Object(GuzzleHttp\Handler\CurlMultiHandler), Object(GuzzleHttp\Handler\EasyHandle), Object(GuzzleHttp\Handler\CurlFactory))
#3 E:\xampp73\htdocs\filecroco\loader\vendor\guzzlehttp\guzzle\src\Handler\CurlMultiHandler.php(110): GuzzleHttp\Handler\CurlMultiHandler->processMessages()
#4 E:\xampp73\htdocs\filecroco\loader\vendor\guzzlehttp\guzzle\src\Handler\CurlMultiHandler.php(125): GuzzleHttp\Handler\CurlMultiHandler->tick()
#5 E:\xampp73\htdocs\filecroco\loader\vendor\guzzlehttp\promises\src\Promise.php(246): GuzzleHttp\Handler\CurlMultiHandler->execute(true)
#6 E:\xampp73\htdocs\filecroco\loader\vendor\guzzlehttp\promises\src\Promise.php(223): GuzzleHttp\Promise\Promise->invokeWaitFn()
#7 E:\xampp73\htdocs\filecroco\loader\vendor\guzzlehttp\promises\src\Promise.php(267): GuzzleHttp\Promise\Promise->waitIfPending()
#8 E:\xampp73\htdocs\filecroco\loader\vendor\guzzlehttp\promises\src\Promise.php(225): GuzzleHttp\Promise\Promise->invokeWaitList()
#9 E:\xampp73\htdocs\filecroco\loader\vendor\guzzlehttp\promises\src\Promise.php(62): GuzzleHttp\Promise\Promise->waitIfPending()
#10 E:\xampp73\htdocs\filecroco\loader\vendor\guzzlehttp\promises\src\EachPromise.php(101): GuzzleHttp\Promise\Promise->wait()
#11 E:\xampp73\htdocs\filecroco\loader\vendor\guzzlehttp\promises\src\Promise.php(246): GuzzleHttp\Promise\EachPromise->GuzzleHttp\Promise\{closure}(true)
#12 E:\xampp73\htdocs\filecroco\loader\vendor\guzzlehttp\promises\src\Promise.php(223): GuzzleHttp\Promise\Promise->invokeWaitFn()
#13 E:\xampp73\htdocs\filecroco\loader\vendor\guzzlehttp\promises\src\Promise.php(62): GuzzleHttp\Promise\Promise->waitIfPending()
#14 E:\xampp73\htdocs\filecroco\loader\updatedownloadlink.php(95): GuzzleHttp\Promise\Promise->wait()
#15 {main}|683GuzzleHttp\Exception\RequestException: cURL error 56:  (see http://curl.haxx.se/libcurl/c/libcurl-errors.html) in E:\xampp73\htdocs\filecroco\loader\vendor\guzzlehttp\guzzle\src\Handler\CurlFactory.php:186
Stack trace:
#0 E:\xampp73\htdocs\filecroco\loader\vendor\guzzlehttp\guzzle\src\Handler\CurlFactory.php(149): GuzzleHttp\Handler\CurlFactory::createRejection(Object(GuzzleHttp\Handler\EasyHandle), Array)
#1 E:\xampp73\htdocs\filecroco\loader\vendor\guzzlehttp\guzzle\src\Handler\CurlFactory.php(102): GuzzleHttp\Handler\CurlFactory::finishError(Object(GuzzleHttp\Handler\CurlMultiHandler), Object(GuzzleHttp\Handler\EasyHandle), Object(GuzzleHttp\Handler\CurlFactory))
#2 E:\xampp73\htdocs\filecroco\loader\vendor\guzzlehttp\guzzle\src\Handler\CurlMultiHandler.php(181): GuzzleHttp\Handler\CurlFactory::finish(Object(GuzzleHttp\Handler\CurlMultiHandler), Object(GuzzleHttp\Handler\EasyHandle), Object(GuzzleHttp\Handler\CurlFactory))
#3 E:\xampp73\htdocs\filecroco\loader\vendor\guzzlehttp\guzzle\src\Handler\CurlMultiHandler.php(110): GuzzleHttp\Handler\CurlMultiHandler->processMessages()
#4 E:\xampp73\htdocs\filecroco\loader\vendor\guzzlehttp\guzzle\src\Handler\CurlMultiHandler.php(125): GuzzleHttp\Handler\CurlMultiHandler->tick()
#5 E:\xampp73\htdocs\filecroco\loader\vendor\guzzlehttp\promises\src\Promise.php(246): GuzzleHttp\Handler\CurlMultiHandler->execute(true)
#6 E:\xampp73\htdocs\filecroco\loader\vendor\guzzlehttp\promises\src\Promise.php(223): GuzzleHttp\Promise\Promise->invokeWaitFn()
#7 E:\xampp73\htdocs\filecroco\loader\vendor\guzzlehttp\promises\src\Promise.php(267): GuzzleHttp\Promise\Promise->waitIfPending()
#8 E:\xampp73\htdocs\filecroco\loader\vendor\guzzlehttp\promises\src\Promise.php(225): GuzzleHttp\Promise\Promise->invokeWaitList()
#9 E:\xampp73\htdocs\filecroco\loader\vendor\guzzlehttp\promises\src\Promise.php(62): GuzzleHttp\Promise\Promise->waitIfPending()
#10 E:\xampp73\htdocs\filecroco\loader\vendor\guzzlehttp\promises\src\EachPromise.php(101): GuzzleHttp\Promise\Promise->wait()
#11 E:\xampp73\htdocs\filecroco\loader\vendor\guzzlehttp\promises\src\Promise.php(246): GuzzleHttp\Promise\EachPromise->GuzzleHttp\Promise\{closure}(true)
#12 E:\xampp73\htdocs\filecroco\loader\vendor\guzzlehttp\promises\src\Promise.php(223): GuzzleHttp\Promise\Promise->invokeWaitFn()
#13 E:\xampp73\htdocs\filecroco\loader\vendor\guzzlehttp\promises\src\Promise.php(62): GuzzleHttp\Promise\Promise->waitIfPending()
#14 E:\xampp73\htdocs\filecroco\loader\updatedownloadlink.php(95): GuzzleHttp\Promise\Promise->wait()
#15 {main}|684GuzzleHttp\Exception\RequestException: cURL error 56:  (see http://curl.haxx.se/libcurl/c/libcurl-errors.html) in E:\xampp73\htdocs\filecroco\loader\vendor\guzzlehttp\guzzle\src\Handler\CurlFactory.php:186
Stack trace:
#0 E:\xampp73\htdocs\filecroco\loader\vendor\guzzlehttp\guzzle\src\Handler\CurlFactory.php(149): GuzzleHttp\Handler\CurlFactory::createRejection(Object(GuzzleHttp\Handler\EasyHandle), Array)
#1 E:\xampp73\htdocs\filecroco\loader\vendor\guzzlehttp\guzzle\src\Handler\CurlFactory.php(102): GuzzleHttp\Handler\CurlFactory::finishError(Object(GuzzleHttp\Handler\CurlMultiHandler), Object(GuzzleHttp\Handler\EasyHandle), Object(GuzzleHttp\Handler\CurlFactory))
#2 E:\xampp73\htdocs\filecroco\loader\vendor\guzzlehttp\guzzle\src\Handler\CurlMultiHandler.php(181): GuzzleHttp\Handler\CurlFactory::finish(Object(GuzzleHttp\Handler\CurlMultiHandler), Object(GuzzleHttp\Handler\EasyHandle), Object(GuzzleHttp\Handler\CurlFactory))
#3 E:\xampp73\htdocs\filecroco\loader\vendor\guzzlehttp\guzzle\src\Handler\CurlMultiHandler.php(110): GuzzleHttp\Handler\CurlMultiHandler->processMessages()
#4 E:\xampp73\htdocs\filecroco\loader\vendor\guzzlehttp\guzzle\src\Handler\CurlMultiHandler.php(125): GuzzleHttp\Handler\CurlMultiHandler->tick()
#5 E:\xampp73\htdocs\filecroco\loader\vendor\guzzlehttp\promises\src\Promise.php(246): GuzzleHttp\Handler\CurlMultiHandler->execute(true)
#6 E:\xampp73\htdocs\filecroco\loader\vendor\guzzlehttp\promises\src\Promise.php(223): GuzzleHttp\Promise\Promise->invokeWaitFn()
#7 E:\xampp73\htdocs\filecroco\loader\vendor\guzzlehttp\promises\src\Promise.php(267): GuzzleHttp\Promise\Promise->waitIfPending()
#8 E:\xampp73\htdocs\filecroco\loader\vendor\guzzlehttp\promises\src\Promise.php(225): GuzzleHttp\Promise\Promise->invokeWaitList()
#9 E:\xampp73\htdocs\filecroco\loader\vendor\guzzlehttp\promises\src\Promise.php(62): GuzzleHttp\Promise\Promise->waitIfPending()
#10 E:\xampp73\htdocs\filecroco\loader\vendor\guzzlehttp\promises\src\EachPromise.php(101): GuzzleHttp\Promise\Promise->wait()
#11 E:\xampp73\htdocs\filecroco\loader\vendor\guzzlehttp\promises\src\Promise.php(246): GuzzleHttp\Promise\EachPromise->GuzzleHttp\Promise\{closure}(true)
#12 E:\xampp73\htdocs\filecroco\loader\vendor\guzzlehttp\promises\src\Promise.php(223): GuzzleHttp\Promise\Promise->invokeWaitFn()
#13 E:\xampp73\htdocs\filecroco\loader\vendor\guzzlehttp\promises\src\Promise.php(62): GuzzleHttp\Promise\Promise->waitIfPending()
#14 E:\xampp73\htdocs\filecroco\loader\updatedownloadlink.php(95): GuzzleHttp\Promise\Promise->wait()
#15 {main}|685GuzzleHttp\Exception\RequestException: cURL error 56:  (see http://curl.haxx.se/libcurl/c/libcurl-errors.html) in E:\xampp73\htdocs\filecroco\loader\vendor\guzzlehttp\guzzle\src\Handler\CurlFactory.php:186
Stack trace:
#0 E:\xampp73\htdocs\filecroco\loader\vendor\guzzlehttp\guzzle\src\Handler\CurlFactory.php(149): GuzzleHttp\Handler\CurlFactory::createRejection(Object(GuzzleHttp\Handler\EasyHandle), Array)
#1 E:\xampp73\htdocs\filecroco\loader\vendor\guzzlehttp\guzzle\src\Handler\CurlFactory.php(102): GuzzleHttp\Handler\CurlFactory::finishError(Object(GuzzleHttp\Handler\CurlMultiHandler), Object(GuzzleHttp\Handler\EasyHandle), Object(GuzzleHttp\Handler\CurlFactory))
#2 E:\xampp73\htdocs\filecroco\loader\vendor\guzzlehttp\guzzle\src\Handler\CurlMultiHandler.php(181): GuzzleHttp\Handler\CurlFactory::finish(Object(GuzzleHttp\Handler\CurlMultiHandler), Object(GuzzleHttp\Handler\EasyHandle), Object(GuzzleHttp\Handler\CurlFactory))
#3 E:\xampp73\htdocs\filecroco\loader\vendor\guzzlehttp\guzzle\src\Handler\CurlMultiHandler.php(110): GuzzleHttp\Handler\CurlMultiHandler->processMessages()
#4 E:\xampp73\htdocs\filecroco\loader\vendor\guzzlehttp\guzzle\src\Handler\CurlMultiHandler.php(125): GuzzleHttp\Handler\CurlMultiHandler->tick()
#5 E:\xampp73\htdocs\filecroco\loader\vendor\guzzlehttp\promises\src\Promise.php(246): GuzzleHttp\Handler\CurlMultiHandler->execute(true)
#6 E:\xampp73\htdocs\filecroco\loader\vendor\guzzlehttp\promises\src\Promise.php(223): GuzzleHttp\Promise\Promise->invokeWaitFn()
#7 E:\xampp73\htdocs\filecroco\loader\vendor\guzzlehttp\promises\src\Promise.php(267): GuzzleHttp\Promise\Promise->waitIfPending()
#8 E:\xampp73\htdocs\filecroco\loader\vendor\guzzlehttp\promises\src\Promise.php(225): GuzzleHttp\Promise\Promise->invokeWaitList()
#9 E:\xampp73\htdocs\filecroco\loader\vendor\guzzlehttp\promises\src\Promise.php(62): GuzzleHttp\Promise\Promise->waitIfPending()
#10 E:\xampp73\htdocs\filecroco\loader\vendor\guzzlehttp\promises\src\EachPromise.php(101): GuzzleHttp\Promise\Promise->wait()
#11 E:\xampp73\htdocs\filecroco\loader\vendor\guzzlehttp\promises\src\Promise.php(246): GuzzleHttp\Promise\EachPromise->GuzzleHttp\Promise\{closure}(true)
#12 E:\xampp73\htdocs\filecroco\loader\vendor\guzzlehttp\promises\src\Promise.php(223): GuzzleHttp\Promise\Promise->invokeWaitFn()
#13 E:\xampp73\htdocs\filecroco\loader\vendor\guzzlehttp\promises\src\Promise.php(62): GuzzleHttp\Promise\Promise->waitIfPending()
#14 E:\xampp73\htdocs\filecroco\loader\updatedownloadlink.php(95): GuzzleHttp\Promise\Promise->wait()
#15 {main}|686GuzzleHttp\Exception\RequestException: cURL error 56:  (see http://curl.haxx.se/libcurl/c/libcurl-errors.html) in E:\xampp73\htdocs\filecroco\loader\vendor\guzzlehttp\guzzle\src\Handler\CurlFactory.php:186
Stack trace:
#0 E:\xampp73\htdocs\filecroco\loader\vendor\guzzlehttp\guzzle\src\Handler\CurlFactory.php(149): GuzzleHttp\Handler\CurlFactory::createRejection(Object(GuzzleHttp\Handler\EasyHandle), Array)
#1 E:\xampp73\htdocs\filecroco\loader\vendor\guzzlehttp\guzzle\src\Handler\CurlFactory.php(102): GuzzleHttp\Handler\CurlFactory::finishError(Object(GuzzleHttp\Handler\CurlMultiHandler), Object(GuzzleHttp\Handler\EasyHandle), Object(GuzzleHttp\Handler\CurlFactory))
#2 E:\xampp73\htdocs\filecroco\loader\vendor\guzzlehttp\guzzle\src\Handler\CurlMultiHandler.php(181): GuzzleHttp\Handler\CurlFactory::finish(Object(GuzzleHttp\Handler\CurlMultiHandler), Object(GuzzleHttp\Handler\EasyHandle), Object(GuzzleHttp\Handler\CurlFactory))
#3 E:\xampp73\htdocs\filecroco\loader\vendor\guzzlehttp\guzzle\src\Handler\CurlMultiHandler.php(110): GuzzleHttp\Handler\CurlMultiHandler->processMessages()
#4 E:\xampp73\htdocs\filecroco\loader\vendor\guzzlehttp\guzzle\src\Handler\CurlMultiHandler.php(125): GuzzleHttp\Handler\CurlMultiHandler->tick()
#5 E:\xampp73\htdocs\filecroco\loader\vendor\guzzlehttp\promises\src\Promise.php(246): GuzzleHttp\Handler\CurlMultiHandler->execute(true)
#6 E:\xampp73\htdocs\filecroco\loader\vendor\guzzlehttp\promises\src\Promise.php(223): GuzzleHttp\Promise\Promise->invokeWaitFn()
#7 E:\xampp73\htdocs\filecroco\loader\vendor\guzzlehttp\promises\src\Promise.php(267): GuzzleHttp\Promise\Promise->waitIfPending()
#8 E:\xampp73\htdocs\filecroco\loader\vendor\guzzlehttp\promises\src\Promise.php(225): GuzzleHttp\Promise\Promise->invokeWaitList()
#9 E:\xampp73\htdocs\filecroco\loader\vendor\guzzlehttp\promises\src\Promise.php(62): GuzzleHttp\Promise\Promise->waitIfPending()
#10 E:\xampp73\htdocs\filecroco\loader\vendor\guzzlehttp\promises\src\EachPromise.php(101): GuzzleHttp\Promise\Promise->wait()
#11 E:\xampp73\htdocs\filecroco\loader\vendor\guzzlehttp\promises\src\Promise.php(246): GuzzleHttp\Promise\EachPromise->GuzzleHttp\Promise\{closure}(true)
#12 E:\xampp73\htdocs\filecroco\loader\vendor\guzzlehttp\promises\src\Promise.php(223): GuzzleHttp\Promise\Promise->invokeWaitFn()
#13 E:\xampp73\htdocs\filecroco\loader\vendor\guzzlehttp\promises\src\Promise.php(62): GuzzleHttp\Promise\Promise->waitIfPending()
#14 E:\xampp73\htdocs\filecroco\loader\updatedownloadlink.php(95): GuzzleHttp\Promise\Promise->wait()
#15 {main}|687GuzzleHttp\Exception\RequestException: cURL error 56:  (see http://curl.haxx.se/libcurl/c/libcurl-errors.html) in E:\xampp73\htdocs\filecroco\loader\vendor\guzzlehttp\guzzle\src\Handler\CurlFactory.php:186
Stack trace:
#0 E:\xampp73\htdocs\filecroco\loader\vendor\guzzlehttp\guzzle\src\Handler\CurlFactory.php(149): GuzzleHttp\Handler\CurlFactory::createRejection(Object(GuzzleHttp\Handler\EasyHandle), Array)
#1 E:\xampp73\htdocs\filecroco\loader\vendor\guzzlehttp\guzzle\src\Handler\CurlFactory.php(102): GuzzleHttp\Handler\CurlFactory::finishError(Object(GuzzleHttp\Handler\CurlMultiHandler), Object(GuzzleHttp\Handler\EasyHandle), Object(GuzzleHttp\Handler\CurlFactory))
#2 E:\xampp73\htdocs\filecroco\loader\vendor\guzzlehttp\guzzle\src\Handler\CurlMultiHandler.php(181): GuzzleHttp\Handler\CurlFactory::finish(Object(GuzzleHttp\Handler\CurlMultiHandler), Object(GuzzleHttp\Handler\EasyHandle), Object(GuzzleHttp\Handler\CurlFactory))
#3 E:\xampp73\htdocs\filecroco\loader\vendor\guzzlehttp\guzzle\src\Handler\CurlMultiHandler.php(110): GuzzleHttp\Handler\CurlMultiHandler->processMessages()
#4 E:\xampp73\htdocs\filecroco\loader\vendor\guzzlehttp\guzzle\src\Handler\CurlMultiHandler.php(125): GuzzleHttp\Handler\CurlMultiHandler->tick()
#5 E:\xampp73\htdocs\filecroco\loader\vendor\guzzlehttp\promises\src\Promise.php(246): GuzzleHttp\Handler\CurlMultiHandler->execute(true)
#6 E:\xampp73\htdocs\filecroco\loader\vendor\guzzlehttp\promises\src\Promise.php(223): GuzzleHttp\Promise\Promise->invokeWaitFn()
#7 E:\xampp73\htdocs\filecroco\loader\vendor\guzzlehttp\promises\src\Promise.php(267): GuzzleHttp\Promise\Promise->waitIfPending()
#8 E:\xampp73\htdocs\filecroco\loader\vendor\guzzlehttp\promises\src\Promise.php(225): GuzzleHttp\Promise\Promise->invokeWaitList()
#9 E:\xampp73\htdocs\filecroco\loader\vendor\guzzlehttp\promises\src\Promise.php(62): GuzzleHttp\Promise\Promise->waitIfPending()
#10 E:\xampp73\htdocs\filecroco\loader\vendor\guzzlehttp\promises\src\EachPromise.php(101): GuzzleHttp\Promise\Promise->wait()
#11 E:\xampp73\htdocs\filecroco\loader\vendor\guzzlehttp\promises\src\Promise.php(246): GuzzleHttp\Promise\EachPromise->GuzzleHttp\Promise\{closure}(true)
#12 E:\xampp73\htdocs\filecroco\loader\vendor\guzzlehttp\promises\src\Promise.php(223): GuzzleHttp\Promise\Promise->invokeWaitFn()
#13 E:\xampp73\htdocs\filecroco\loader\vendor\guzzlehttp\promises\src\Promise.php(62): GuzzleHttp\Promise\Promise->waitIfPending()
#14 E:\xampp73\htdocs\filecroco\loader\updatedownloadlink.php(95): GuzzleHttp\Promise\Promise->wait()
#15 {main}|688GuzzleHttp\Exception\RequestException: cURL error 56:  (see http://curl.haxx.se/libcurl/c/libcurl-errors.html) in E:\xampp73\htdocs\filecroco\loader\vendor\guzzlehttp\guzzle\src\Handler\CurlFactory.php:186
Stack trace:
#0 E:\xampp73\htdocs\filecroco\loader\vendor\guzzlehttp\guzzle\src\Handler\CurlFactory.php(149): GuzzleHttp\Handler\CurlFactory::createRejection(Object(GuzzleHttp\Handler\EasyHandle), Array)
#1 E:\xampp73\htdocs\filecroco\loader\vendor\guzzlehttp\guzzle\src\Handler\CurlFactory.php(102): GuzzleHttp\Handler\CurlFactory::finishError(Object(GuzzleHttp\Handler\CurlMultiHandler), Object(GuzzleHttp\Handler\EasyHandle), Object(GuzzleHttp\Handler\CurlFactory))
#2 E:\xampp73\htdocs\filecroco\loader\vendor\guzzlehttp\guzzle\src\Handler\CurlMultiHandler.php(181): GuzzleHttp\Handler\CurlFactory::finish(Object(GuzzleHttp\Handler\CurlMultiHandler), Object(GuzzleHttp\Handler\EasyHandle), Object(GuzzleHttp\Handler\CurlFactory))
#3 E:\xampp73\htdocs\filecroco\loader\vendor\guzzlehttp\guzzle\src\Handler\CurlMultiHandler.php(110): GuzzleHttp\Handler\CurlMultiHandler->processMessages()
#4 E:\xampp73\htdocs\filecroco\loader\vendor\guzzlehttp\guzzle\src\Handler\CurlMultiHandler.php(125): GuzzleHttp\Handler\CurlMultiHandler->tick()
#5 E:\xampp73\htdocs\filecroco\loader\vendor\guzzlehttp\promises\src\Promise.php(246): GuzzleHttp\Handler\CurlMultiHandler->execute(true)
#6 E:\xampp73\htdocs\filecroco\loader\vendor\guzzlehttp\promises\src\Promise.php(223): GuzzleHttp\Promise\Promise->invokeWaitFn()
#7 E:\xampp73\htdocs\filecroco\loader\vendor\guzzlehttp\promises\src\Promise.php(267): GuzzleHttp\Promise\Promise->waitIfPending()
#8 E:\xampp73\htdocs\filecroco\loader\vendor\guzzlehttp\promises\src\Promise.php(225): GuzzleHttp\Promise\Promise->invokeWaitList()
#9 E:\xampp73\htdocs\filecroco\loader\vendor\guzzlehttp\promises\src\Promise.php(62): GuzzleHttp\Promise\Promise->waitIfPending()
#10 E:\xampp73\htdocs\filecroco\loader\vendor\guzzlehttp\promises\src\EachPromise.php(101): GuzzleHttp\Promise\Promise->wait()
#11 E:\xampp73\htdocs\filecroco\loader\vendor\guzzlehttp\promises\src\Promise.php(246): GuzzleHttp\Promise\EachPromise->GuzzleHttp\Promise\{closure}(true)
#12 E:\xampp73\htdocs\filecroco\loader\vendor\guzzlehttp\promises\src\Promise.php(223): GuzzleHttp\Promise\Promise->invokeWaitFn()
#13 E:\xampp73\htdocs\filecroco\loader\vendor\guzzlehttp\promises\src\Promise.php(62): GuzzleHttp\Promise\Promise->waitIfPending()
#14 E:\xampp73\htdocs\filecroco\loader\updatedownloadlink.php(95): GuzzleHttp\Promise\Promise->wait()
#15 {main}|689GuzzleHttp\Exception\RequestException: cURL error 56:  (see http://curl.haxx.se/libcurl/c/libcurl-errors.html) in E:\xampp73\htdocs\filecroco\loader\vendor\guzzlehttp\guzzle\src\Handler\CurlFactory.php:186
Stack trace:
#0 E:\xampp73\htdocs\filecroco\loader\vendor\guzzlehttp\guzzle\src\Handler\CurlFactory.php(149): GuzzleHttp\Handler\CurlFactory::createRejection(Object(GuzzleHttp\Handler\EasyHandle), Array)
#1 E:\xampp73\htdocs\filecroco\loader\vendor\guzzlehttp\guzzle\src\Handler\CurlFactory.php(102): GuzzleHttp\Handler\CurlFactory::finishError(Object(GuzzleHttp\Handler\CurlMultiHandler), Object(GuzzleHttp\Handler\EasyHandle), Object(GuzzleHttp\Handler\CurlFactory))
#2 E:\xampp73\htdocs\filecroco\loader\vendor\guzzlehttp\guzzle\src\Handler\CurlMultiHandler.php(181): GuzzleHttp\Handler\CurlFactory::finish(Object(GuzzleHttp\Handler\CurlMultiHandler), Object(GuzzleHttp\Handler\EasyHandle), Object(GuzzleHttp\Handler\CurlFactory))
#3 E:\xampp73\htdocs\filecroco\loader\vendor\guzzlehttp\guzzle\src\Handler\CurlMultiHandler.php(110): GuzzleHttp\Handler\CurlMultiHandler->processMessages()
#4 E:\xampp73\htdocs\filecroco\loader\vendor\guzzlehttp\guzzle\src\Handler\CurlMultiHandler.php(125): GuzzleHttp\Handler\CurlMultiHandler->tick()
#5 E:\xampp73\htdocs\filecroco\loader\vendor\guzzlehttp\promises\src\Promise.php(246): GuzzleHttp\Handler\CurlMultiHandler->execute(true)
#6 E:\xampp73\htdocs\filecroco\loader\vendor\guzzlehttp\promises\src\Promise.php(223): GuzzleHttp\Promise\Promise->invokeWaitFn()
#7 E:\xampp73\htdocs\filecroco\loader\vendor\guzzlehttp\promises\src\Promise.php(267): GuzzleHttp\Promise\Promise->waitIfPending()
#8 E:\xampp73\htdocs\filecroco\loader\vendor\guzzlehttp\promises\src\Promise.php(225): GuzzleHttp\Promise\Promise->invokeWaitList()
#9 E:\xampp73\htdocs\filecroco\loader\vendor\guzzlehttp\promises\src\Promise.php(62): GuzzleHttp\Promise\Promise->waitIfPending()
#10 E:\xampp73\htdocs\filecroco\loader\vendor\guzzlehttp\promises\src\EachPromise.php(101): GuzzleHttp\Promise\Promise->wait()
#11 E:\xampp73\htdocs\filecroco\loader\vendor\guzzlehttp\promises\src\Promise.php(246): GuzzleHttp\Promise\EachPromise->GuzzleHttp\Promise\{closure}(true)
#12 E:\xampp73\htdocs\filecroco\loader\vendor\guzzlehttp\promises\src\Promise.php(223): GuzzleHttp\Promise\Promise->invokeWaitFn()
#13 E:\xampp73\htdocs\filecroco\loader\vendor\guzzlehttp\promises\src\Promise.php(62): GuzzleHttp\Promise\Promise->waitIfPending()
#14 E:\xampp73\htdocs\filecroco\loader\updatedownloadlink.php(95): GuzzleHttp\Promise\Promise->wait()
#15 {main}|690GuzzleHttp\Exception\RequestException: cURL error 56:  (see http://curl.haxx.se/libcurl/c/libcurl-errors.html) in E:\xampp73\htdocs\filecroco\loader\vendor\guzzlehttp\guzzle\src\Handler\CurlFactory.php:186
Stack trace:
#0 E:\xampp73\htdocs\filecroco\loader\vendor\guzzlehttp\guzzle\src\Handler\CurlFactory.php(149): GuzzleHttp\Handler\CurlFactory::createRejection(Object(GuzzleHttp\Handler\EasyHandle), Array)
#1 E:\xampp73\htdocs\filecroco\loader\vendor\guzzlehttp\guzzle\src\Handler\CurlFactory.php(102): GuzzleHttp\Handler\CurlFactory::finishError(Object(GuzzleHttp\Handler\CurlMultiHandler), Object(GuzzleHttp\Handler\EasyHandle), Object(GuzzleHttp\Handler\CurlFactory))
#2 E:\xampp73\htdocs\filecroco\loader\vendor\guzzlehttp\guzzle\src\Handler\CurlMultiHandler.php(181): GuzzleHttp\Handler\CurlFactory::finish(Object(GuzzleHttp\Handler\CurlMultiHandler), Object(GuzzleHttp\Handler\EasyHandle), Object(GuzzleHttp\Handler\CurlFactory))
#3 E:\xampp73\htdocs\filecroco\loader\vendor\guzzlehttp\guzzle\src\Handler\CurlMultiHandler.php(110): GuzzleHttp\Handler\CurlMultiHandler->processMessages()
#4 E:\xampp73\htdocs\filecroco\loader\vendor\guzzlehttp\guzzle\src\Handler\CurlMultiHandler.php(125): GuzzleHttp\Handler\CurlMultiHandler->tick()
#5 E:\xampp73\htdocs\filecroco\loader\vendor\guzzlehttp\promises\src\Promise.php(246): GuzzleHttp\Handler\CurlMultiHandler->execute(true)
#6 E:\xampp73\htdocs\filecroco\loader\vendor\guzzlehttp\promises\src\Promise.php(223): GuzzleHttp\Promise\Promise->invokeWaitFn()
#7 E:\xampp73\htdocs\filecroco\loader\vendor\guzzlehttp\promises\src\Promise.php(267): GuzzleHttp\Promise\Promise->waitIfPending()
#8 E:\xampp73\htdocs\filecroco\loader\vendor\guzzlehttp\promises\src\Promise.php(225): GuzzleHttp\Promise\Promise->invokeWaitList()
#9 E:\xampp73\htdocs\filecroco\loader\vendor\guzzlehttp\promises\src\Promise.php(62): GuzzleHttp\Promise\Promise->waitIfPending()
#10 E:\xampp73\htdocs\filecroco\loader\vendor\guzzlehttp\promises\src\EachPromise.php(101): GuzzleHttp\Promise\Promise->wait()
#11 E:\xampp73\htdocs\filecroco\loader\vendor\guzzlehttp\promises\src\Promise.php(246): GuzzleHttp\Promise\EachPromise->GuzzleHttp\Promise\{closure}(true)
#12 E:\xampp73\htdocs\filecroco\loader\vendor\guzzlehttp\promises\src\Promise.php(223): GuzzleHttp\Promise\Promise->invokeWaitFn()
#13 E:\xampp73\htdocs\filecroco\loader\vendor\guzzlehttp\promises\src\Promise.php(62): GuzzleHttp\Promise\Promise->waitIfPending()
#14 E:\xampp73\htdocs\filecroco\loader\updatedownloadlink.php(95): GuzzleHttp\Promise\Promise->wait()
#15 {main}|691GuzzleHttp\Exception\RequestException: cURL error 56:  (see http://curl.haxx.se/libcurl/c/libcurl-errors.html) in E:\xampp73\htdocs\filecroco\loader\vendor\guzzlehttp\guzzle\src\Handler\CurlFactory.php:186
Stack trace:
#0 E:\xampp73\htdocs\filecroco\loader\vendor\guzzlehttp\guzzle\src\Handler\CurlFactory.php(149): GuzzleHttp\Handler\CurlFactory::createRejection(Object(GuzzleHttp\Handler\EasyHandle), Array)
#1 E:\xampp73\htdocs\filecroco\loader\vendor\guzzlehttp\guzzle\src\Handler\CurlFactory.php(102): GuzzleHttp\Handler\CurlFactory::finishError(Object(GuzzleHttp\Handler\CurlMultiHandler), Object(GuzzleHttp\Handler\EasyHandle), Object(GuzzleHttp\Handler\CurlFactory))
#2 E:\xampp73\htdocs\filecroco\loader\vendor\guzzlehttp\guzzle\src\Handler\CurlMultiHandler.php(181): GuzzleHttp\Handler\CurlFactory::finish(Object(GuzzleHttp\Handler\CurlMultiHandler), Object(GuzzleHttp\Handler\EasyHandle), Object(GuzzleHttp\Handler\CurlFactory))
#3 E:\xampp73\htdocs\filecroco\loader\vendor\guzzlehttp\guzzle\src\Handler\CurlMultiHandler.php(110): GuzzleHttp\Handler\CurlMultiHandler->processMessages()
#4 E:\xampp73\htdocs\filecroco\loader\vendor\guzzlehttp\guzzle\src\Handler\CurlMultiHandler.php(125): GuzzleHttp\Handler\CurlMultiHandler->tick()
#5 E:\xampp73\htdocs\filecroco\loader\vendor\guzzlehttp\promises\src\Promise.php(246): GuzzleHttp\Handler\CurlMultiHandler->execute(true)
#6 E:\xampp73\htdocs\filecroco\loader\vendor\guzzlehttp\promises\src\Promise.php(223): GuzzleHttp\Promise\Promise->invokeWaitFn()
#7 E:\xampp73\htdocs\filecroco\loader\vendor\guzzlehttp\promises\src\Promise.php(267): GuzzleHttp\Promise\Promise->waitIfPending()
#8 E:\xampp73\htdocs\filecroco\loader\vendor\guzzlehttp\promises\src\Promise.php(225): GuzzleHttp\Promise\Promise->invokeWaitList()
#9 E:\xampp73\htdocs\filecroco\loader\vendor\guzzlehttp\promises\src\Promise.php(62): GuzzleHttp\Promise\Promise->waitIfPending()
#10 E:\xampp73\htdocs\filecroco\loader\vendor\guzzlehttp\promises\src\EachPromise.php(101): GuzzleHttp\Promise\Promise->wait()
#11 E:\xampp73\htdocs\filecroco\loader\vendor\guzzlehttp\promises\src\Promise.php(246): GuzzleHttp\Promise\EachPromise->GuzzleHttp\Promise\{closure}(true)
#12 E:\xampp73\htdocs\filecroco\loader\vendor\guzzlehttp\promises\src\Promise.php(223): GuzzleHttp\Promise\Promise->invokeWaitFn()
#13 E:\xampp73\htdocs\filecroco\loader\vendor\guzzlehttp\promises\src\Promise.php(62): GuzzleHttp\Promise\Promise->waitIfPending()
#14 E:\xampp73\htdocs\filecroco\loader\updatedownloadlink.php(95): GuzzleHttp\Promise\Promise->wait()
#15 {main}|692GuzzleHttp\Exception\RequestException: cURL error 56:  (see http://curl.haxx.se/libcurl/c/libcurl-errors.html) in E:\xampp73\htdocs\filecroco\loader\vendor\guzzlehttp\guzzle\src\Handler\CurlFactory.php:186
Stack trace:
#0 E:\xampp73\htdocs\filecroco\loader\vendor\guzzlehttp\guzzle\src\Handler\CurlFactory.php(149): GuzzleHttp\Handler\CurlFactory::createRejection(Object(GuzzleHttp\Handler\EasyHandle), Array)
#1 E:\xampp73\htdocs\filecroco\loader\vendor\guzzlehttp\guzzle\src\Handler\CurlFactory.php(102): GuzzleHttp\Handler\CurlFactory::finishError(Object(GuzzleHttp\Handler\CurlMultiHandler), Object(GuzzleHttp\Handler\EasyHandle), Object(GuzzleHttp\Handler\CurlFactory))
#2 E:\xampp73\htdocs\filecroco\loader\vendor\guzzlehttp\guzzle\src\Handler\CurlMultiHandler.php(181): GuzzleHttp\Handler\CurlFactory::finish(Object(GuzzleHttp\Handler\CurlMultiHandler), Object(GuzzleHttp\Handler\EasyHandle), Object(GuzzleHttp\Handler\CurlFactory))
#3 E:\xampp73\htdocs\filecroco\loader\vendor\guzzlehttp\guzzle\src\Handler\CurlMultiHandler.php(110): GuzzleHttp\Handler\CurlMultiHandler->processMessages()
#4 E:\xampp73\htdocs\filecroco\loader\vendor\guzzlehttp\guzzle\src\Handler\CurlMultiHandler.php(125): GuzzleHttp\Handler\CurlMultiHandler->tick()
#5 E:\xampp73\htdocs\filecroco\loader\vendor\guzzlehttp\promises\src\Promise.php(246): GuzzleHttp\Handler\CurlMultiHandler->execute(true)
#6 E:\xampp73\htdocs\filecroco\loader\vendor\guzzlehttp\promises\src\Promise.php(223): GuzzleHttp\Promise\Promise->invokeWaitFn()
#7 E:\xampp73\htdocs\filecroco\loader\vendor\guzzlehttp\promises\src\Promise.php(267): GuzzleHttp\Promise\Promise->waitIfPending()
#8 E:\xampp73\htdocs\filecroco\loader\vendor\guzzlehttp\promises\src\Promise.php(225): GuzzleHttp\Promise\Promise->invokeWaitList()
#9 E:\xampp73\htdocs\filecroco\loader\vendor\guzzlehttp\promises\src\Promise.php(62): GuzzleHttp\Promise\Promise->waitIfPending()
#10 E:\xampp73\htdocs\filecroco\loader\vendor\guzzlehttp\promises\src\EachPromise.php(101): GuzzleHttp\Promise\Promise->wait()
#11 E:\xampp73\htdocs\filecroco\loader\vendor\guzzlehttp\promises\src\Promise.php(246): GuzzleHttp\Promise\EachPromise->GuzzleHttp\Promise\{closure}(true)
#12 E:\xampp73\htdocs\filecroco\loader\vendor\guzzlehttp\promises\src\Promise.php(223): GuzzleHttp\Promise\Promise->invokeWaitFn()
#13 E:\xampp73\htdocs\filecroco\loader\vendor\guzzlehttp\promises\src\Promise.php(62): GuzzleHttp\Promise\Promise->waitIfPending()
#14 E:\xampp73\htdocs\filecroco\loader\updatedownloadlink.php(95): GuzzleHttp\Promise\Promise->wait()
#15 {main}|693GuzzleHttp\Exception\RequestException: cURL error 56:  (see http://curl.haxx.se/libcurl/c/libcurl-errors.html) in E:\xampp73\htdocs\filecroco\loader\vendor\guzzlehttp\guzzle\src\Handler\CurlFactory.php:186
Stack trace:
#0 E:\xampp73\htdocs\filecroco\loader\vendor\guzzlehttp\guzzle\src\Handler\CurlFactory.php(149): GuzzleHttp\Handler\CurlFactory::createRejection(Object(GuzzleHttp\Handler\EasyHandle), Array)
#1 E:\xampp73\htdocs\filecroco\loader\vendor\guzzlehttp\guzzle\src\Handler\CurlFactory.php(102): GuzzleHttp\Handler\CurlFactory::finishError(Object(GuzzleHttp\Handler\CurlMultiHandler), Object(GuzzleHttp\Handler\EasyHandle), Object(GuzzleHttp\Handler\CurlFactory))
#2 E:\xampp73\htdocs\filecroco\loader\vendor\guzzlehttp\guzzle\src\Handler\CurlMultiHandler.php(181): GuzzleHttp\Handler\CurlFactory::finish(Object(GuzzleHttp\Handler\CurlMultiHandler), Object(GuzzleHttp\Handler\EasyHandle), Object(GuzzleHttp\Handler\CurlFactory))
#3 E:\xampp73\htdocs\filecroco\loader\vendor\guzzlehttp\guzzle\src\Handler\CurlMultiHandler.php(110): GuzzleHttp\Handler\CurlMultiHandler->processMessages()
#4 E:\xampp73\htdocs\filecroco\loader\vendor\guzzlehttp\guzzle\src\Handler\CurlMultiHandler.php(125): GuzzleHttp\Handler\CurlMultiHandler->tick()
#5 E:\xampp73\htdocs\filecroco\loader\vendor\guzzlehttp\promises\src\Promise.php(246): GuzzleHttp\Handler\CurlMultiHandler->execute(true)
#6 E:\xampp73\htdocs\filecroco\loader\vendor\guzzlehttp\promises\src\Promise.php(223): GuzzleHttp\Promise\Promise->invokeWaitFn()
#7 E:\xampp73\htdocs\filecroco\loader\vendor\guzzlehttp\promises\src\Promise.php(267): GuzzleHttp\Promise\Promise->waitIfPending()
#8 E:\xampp73\htdocs\filecroco\loader\vendor\guzzlehttp\promises\src\Promise.php(225): GuzzleHttp\Promise\Promise->invokeWaitList()
#9 E:\xampp73\htdocs\filecroco\loader\vendor\guzzlehttp\promises\src\Promise.php(62): GuzzleHttp\Promise\Promise->waitIfPending()
#10 E:\xampp73\htdocs\filecroco\loader\vendor\guzzlehttp\promises\src\EachPromise.php(101): GuzzleHttp\Promise\Promise->wait()
#11 E:\xampp73\htdocs\filecroco\loader\vendor\guzzlehttp\promises\src\Promise.php(246): GuzzleHttp\Promise\EachPromise->GuzzleHttp\Promise\{closure}(true)
#12 E:\xampp73\htdocs\filecroco\loader\vendor\guzzlehttp\promises\src\Promise.php(223): GuzzleHttp\Promise\Promise->invokeWaitFn()
#13 E:\xampp73\htdocs\filecroco\loader\vendor\guzzlehttp\promises\src\Promise.php(62): GuzzleHttp\Promise\Promise->waitIfPending()
#14 E:\xampp73\htdocs\filecroco\loader\updatedownloadlink.php(95): GuzzleHttp\Promise\Promise->wait()
#15 {main}|694GuzzleHttp\Exception\RequestException: cURL error 56:  (see http://curl.haxx.se/libcurl/c/libcurl-errors.html) in E:\xampp73\htdocs\filecroco\loader\vendor\guzzlehttp\guzzle\src\Handler\CurlFactory.php:186
Stack trace:
#0 E:\xampp73\htdocs\filecroco\loader\vendor\guzzlehttp\guzzle\src\Handler\CurlFactory.php(149): GuzzleHttp\Handler\CurlFactory::createRejection(Object(GuzzleHttp\Handler\EasyHandle), Array)
#1 E:\xampp73\htdocs\filecroco\loader\vendor\guzzlehttp\guzzle\src\Handler\CurlFactory.php(102): GuzzleHttp\Handler\CurlFactory::finishError(Object(GuzzleHttp\Handler\CurlMultiHandler), Object(GuzzleHttp\Handler\EasyHandle), Object(GuzzleHttp\Handler\CurlFactory))
#2 E:\xampp73\htdocs\filecroco\loader\vendor\guzzlehttp\guzzle\src\Handler\CurlMultiHandler.php(181): GuzzleHttp\Handler\CurlFactory::finish(Object(GuzzleHttp\Handler\CurlMultiHandler), Object(GuzzleHttp\Handler\EasyHandle), Object(GuzzleHttp\Handler\CurlFactory))
#3 E:\xampp73\htdocs\filecroco\loader\vendor\guzzlehttp\guzzle\src\Handler\CurlMultiHandler.php(110): GuzzleHttp\Handler\CurlMultiHandler->processMessages()
#4 E:\xampp73\htdocs\filecroco\loader\vendor\guzzlehttp\guzzle\src\Handler\CurlMultiHandler.php(125): GuzzleHttp\Handler\CurlMultiHandler->tick()
#5 E:\xampp73\htdocs\filecroco\loader\vendor\guzzlehttp\promises\src\Promise.php(246): GuzzleHttp\Handler\CurlMultiHandler->execute(true)
#6 E:\xampp73\htdocs\filecroco\loader\vendor\guzzlehttp\promises\src\Promise.php(223): GuzzleHttp\Promise\Promise->invokeWaitFn()
#7 E:\xampp73\htdocs\filecroco\loader\vendor\guzzlehttp\promises\src\Promise.php(267): GuzzleHttp\Promise\Promise->waitIfPending()
#8 E:\xampp73\htdocs\filecroco\loader\vendor\guzzlehttp\promises\src\Promise.php(225): GuzzleHttp\Promise\Promise->invokeWaitList()
#9 E:\xampp73\htdocs\filecroco\loader\vendor\guzzlehttp\promises\src\Promise.php(62): GuzzleHttp\Promise\Promise->waitIfPending()
#10 E:\xampp73\htdocs\filecroco\loader\vendor\guzzlehttp\promises\src\EachPromise.php(101): GuzzleHttp\Promise\Promise->wait()
#11 E:\xampp73\htdocs\filecroco\loader\vendor\guzzlehttp\promises\src\Promise.php(246): GuzzleHttp\Promise\EachPromise->GuzzleHttp\Promise\{closure}(true)
#12 E:\xampp73\htdocs\filecroco\loader\vendor\guzzlehttp\promises\src\Promise.php(223): GuzzleHttp\Promise\Promise->invokeWaitFn()
#13 E:\xampp73\htdocs\filecroco\loader\vendor\guzzlehttp\promises\src\Promise.php(62): GuzzleHttp\Promise\Promise->waitIfPending()
#14 E:\xampp73\htdocs\filecroco\loader\updatedownloadlink.php(95): GuzzleHttp\Promise\Promise->wait()
#15 {main}|695GuzzleHttp\Exception\RequestException: cURL error 56:  (see http://curl.haxx.se/libcurl/c/libcurl-errors.html) in E:\xampp73\htdocs\filecroco\loader\vendor\guzzlehttp\guzzle\src\Handler\CurlFactory.php:186
Stack trace:
#0 E:\xampp73\htdocs\filecroco\loader\vendor\guzzlehttp\guzzle\src\Handler\CurlFactory.php(149): GuzzleHttp\Handler\CurlFactory::createRejection(Object(GuzzleHttp\Handler\EasyHandle), Array)
#1 E:\xampp73\htdocs\filecroco\loader\vendor\guzzlehttp\guzzle\src\Handler\CurlFactory.php(102): GuzzleHttp\Handler\CurlFactory::finishError(Object(GuzzleHttp\Handler\CurlMultiHandler), Object(GuzzleHttp\Handler\EasyHandle), Object(GuzzleHttp\Handler\CurlFactory))
#2 E:\xampp73\htdocs\filecroco\loader\vendor\guzzlehttp\guzzle\src\Handler\CurlMultiHandler.php(181): GuzzleHttp\Handler\CurlFactory::finish(Object(GuzzleHttp\Handler\CurlMultiHandler), Object(GuzzleHttp\Handler\EasyHandle), Object(GuzzleHttp\Handler\CurlFactory))
#3 E:\xampp73\htdocs\filecroco\loader\vendor\guzzlehttp\guzzle\src\Handler\CurlMultiHandler.php(110): GuzzleHttp\Handler\CurlMultiHandler->processMessages()
#4 E:\xampp73\htdocs\filecroco\loader\vendor\guzzlehttp\guzzle\src\Handler\CurlMultiHandler.php(125): GuzzleHttp\Handler\CurlMultiHandler->tick()
#5 E:\xampp73\htdocs\filecroco\loader\vendor\guzzlehttp\promises\src\Promise.php(246): GuzzleHttp\Handler\CurlMultiHandler->execute(true)
#6 E:\xampp73\htdocs\filecroco\loader\vendor\guzzlehttp\promises\src\Promise.php(223): GuzzleHttp\Promise\Promise->invokeWaitFn()
#7 E:\xampp73\htdocs\filecroco\loader\vendor\guzzlehttp\promises\src\Promise.php(267): GuzzleHttp\Promise\Promise->waitIfPending()
#8 E:\xampp73\htdocs\filecroco\loader\vendor\guzzlehttp\promises\src\Promise.php(225): GuzzleHttp\Promise\Promise->invokeWaitList()
#9 E:\xampp73\htdocs\filecroco\loader\vendor\guzzlehttp\promises\src\Promise.php(62): GuzzleHttp\Promise\Promise->waitIfPending()
#10 E:\xampp73\htdocs\filecroco\loader\vendor\guzzlehttp\promises\src\EachPromise.php(101): GuzzleHttp\Promise\Promise->wait()
#11 E:\xampp73\htdocs\filecroco\loader\vendor\guzzlehttp\promises\src\Promise.php(246): GuzzleHttp\Promise\EachPromise->GuzzleHttp\Promise\{closure}(true)
#12 E:\xampp73\htdocs\filecroco\loader\vendor\guzzlehttp\promises\src\Promise.php(223): GuzzleHttp\Promise\Promise->invokeWaitFn()
#13 E:\xampp73\htdocs\filecroco\loader\vendor\guzzlehttp\promises\src\Promise.php(62): GuzzleHttp\Promise\Promise->waitIfPending()
#14 E:\xampp73\htdocs\filecroco\loader\updatedownloadlink.php(95): GuzzleHttp\Promise\Promise->wait()
#15 {main}|696GuzzleHttp\Exception\RequestException: cURL error 56:  (see http://curl.haxx.se/libcurl/c/libcurl-errors.html) in E:\xampp73\htdocs\filecroco\loader\vendor\guzzlehttp\guzzle\src\Handler\CurlFactory.php:186
Stack trace:
#0 E:\xampp73\htdocs\filecroco\loader\vendor\guzzlehttp\guzzle\src\Handler\CurlFactory.php(149): GuzzleHttp\Handler\CurlFactory::createRejection(Object(GuzzleHttp\Handler\EasyHandle), Array)
#1 E:\xampp73\htdocs\filecroco\loader\vendor\guzzlehttp\guzzle\src\Handler\CurlFactory.php(102): GuzzleHttp\Handler\CurlFactory::finishError(Object(GuzzleHttp\Handler\CurlMultiHandler), Object(GuzzleHttp\Handler\EasyHandle), Object(GuzzleHttp\Handler\CurlFactory))
#2 E:\xampp73\htdocs\filecroco\loader\vendor\guzzlehttp\guzzle\src\Handler\CurlMultiHandler.php(181): GuzzleHttp\Handler\CurlFactory::finish(Object(GuzzleHttp\Handler\CurlMultiHandler), Object(GuzzleHttp\Handler\EasyHandle), Object(GuzzleHttp\Handler\CurlFactory))
#3 E:\xampp73\htdocs\filecroco\loader\vendor\guzzlehttp\guzzle\src\Handler\CurlMultiHandler.php(110): GuzzleHttp\Handler\CurlMultiHandler->processMessages()
#4 E:\xampp73\htdocs\filecroco\loader\vendor\guzzlehttp\guzzle\src\Handler\CurlMultiHandler.php(125): GuzzleHttp\Handler\CurlMultiHandler->tick()
#5 E:\xampp73\htdocs\filecroco\loader\vendor\guzzlehttp\promises\src\Promise.php(246): GuzzleHttp\Handler\CurlMultiHandler->execute(true)
#6 E:\xampp73\htdocs\filecroco\loader\vendor\guzzlehttp\promises\src\Promise.php(223): GuzzleHttp\Promise\Promise->invokeWaitFn()
#7 E:\xampp73\htdocs\filecroco\loader\vendor\guzzlehttp\promises\src\Promise.php(267): GuzzleHttp\Promise\Promise->waitIfPending()
#8 E:\xampp73\htdocs\filecroco\loader\vendor\guzzlehttp\promises\src\Promise.php(225): GuzzleHttp\Promise\Promise->invokeWaitList()
#9 E:\xampp73\htdocs\filecroco\loader\vendor\guzzlehttp\promises\src\Promise.php(62): GuzzleHttp\Promise\Promise->waitIfPending()
#10 E:\xampp73\htdocs\filecroco\loader\vendor\guzzlehttp\promises\src\EachPromise.php(101): GuzzleHttp\Promise\Promise->wait()
#11 E:\xampp73\htdocs\filecroco\loader\vendor\guzzlehttp\promises\src\Promise.php(246): GuzzleHttp\Promise\EachPromise->GuzzleHttp\Promise\{closure}(true)
#12 E:\xampp73\htdocs\filecroco\loader\vendor\guzzlehttp\promises\src\Promise.php(223): GuzzleHttp\Promise\Promise->invokeWaitFn()
#13 E:\xampp73\htdocs\filecroco\loader\vendor\guzzlehttp\promises\src\Promise.php(62): GuzzleHttp\Promise\Promise->waitIfPending()
#14 E:\xampp73\htdocs\filecroco\loader\updatedownloadlink.php(95): GuzzleHttp\Promise\Promise->wait()
#15 {main}|697GuzzleHttp\Exception\RequestException: cURL error 56:  (see http://curl.haxx.se/libcurl/c/libcurl-errors.html) in E:\xampp73\htdocs\filecroco\loader\vendor\guzzlehttp\guzzle\src\Handler\CurlFactory.php:186
Stack trace:
#0 E:\xampp73\htdocs\filecroco\loader\vendor\guzzlehttp\guzzle\src\Handler\CurlFactory.php(149): GuzzleHttp\Handler\CurlFactory::createRejection(Object(GuzzleHttp\Handler\EasyHandle), Array)
#1 E:\xampp73\htdocs\filecroco\loader\vendor\guzzlehttp\guzzle\src\Handler\CurlFactory.php(102): GuzzleHttp\Handler\CurlFactory::finishError(Object(GuzzleHttp\Handler\CurlMultiHandler), Object(GuzzleHttp\Handler\EasyHandle), Object(GuzzleHttp\Handler\CurlFactory))
#2 E:\xampp73\htdocs\filecroco\loader\vendor\guzzlehttp\guzzle\src\Handler\CurlMultiHandler.php(181): GuzzleHttp\Handler\CurlFactory::finish(Object(GuzzleHttp\Handler\CurlMultiHandler), Object(GuzzleHttp\Handler\EasyHandle), Object(GuzzleHttp\Handler\CurlFactory))
#3 E:\xampp73\htdocs\filecroco\loader\vendor\guzzlehttp\guzzle\src\Handler\CurlMultiHandler.php(110): GuzzleHttp\Handler\CurlMultiHandler->processMessages()
#4 E:\xampp73\htdocs\filecroco\loader\vendor\guzzlehttp\guzzle\src\Handler\CurlMultiHandler.php(125): GuzzleHttp\Handler\CurlMultiHandler->tick()
#5 E:\xampp73\htdocs\filecroco\loader\vendor\guzzlehttp\promises\src\Promise.php(246): GuzzleHttp\Handler\CurlMultiHandler->execute(true)
#6 E:\xampp73\htdocs\filecroco\loader\vendor\guzzlehttp\promises\src\Promise.php(223): GuzzleHttp\Promise\Promise->invokeWaitFn()
#7 E:\xampp73\htdocs\filecroco\loader\vendor\guzzlehttp\promises\src\Promise.php(267): GuzzleHttp\Promise\Promise->waitIfPending()
#8 E:\xampp73\htdocs\filecroco\loader\vendor\guzzlehttp\promises\src\Promise.php(225): GuzzleHttp\Promise\Promise->invokeWaitList()
#9 E:\xampp73\htdocs\filecroco\loader\vendor\guzzlehttp\promises\src\Promise.php(62): GuzzleHttp\Promise\Promise->waitIfPending()
#10 E:\xampp73\htdocs\filecroco\loader\vendor\guzzlehttp\promises\src\EachPromise.php(101): GuzzleHttp\Promise\Promise->wait()
#11 E:\xampp73\htdocs\filecroco\loader\vendor\guzzlehttp\promises\src\Promise.php(246): GuzzleHttp\Promise\EachPromise->GuzzleHttp\Promise\{closure}(true)
#12 E:\xampp73\htdocs\filecroco\loader\vendor\guzzlehttp\promises\src\Promise.php(223): GuzzleHttp\Promise\Promise->invokeWaitFn()
#13 E:\xampp73\htdocs\filecroco\loader\vendor\guzzlehttp\promises\src\Promise.php(62): GuzzleHttp\Promise\Promise->waitIfPending()
#14 E:\xampp73\htdocs\filecroco\loader\updatedownloadlink.php(95): GuzzleHttp\Promise\Promise->wait()
#15 {main}|698GuzzleHttp\Exception\RequestException: cURL error 56:  (see http://curl.haxx.se/libcurl/c/libcurl-errors.html) in E:\xampp73\htdocs\filecroco\loader\vendor\guzzlehttp\guzzle\src\Handler\CurlFactory.php:186
Stack trace:
#0 E:\xampp73\htdocs\filecroco\loader\vendor\guzzlehttp\guzzle\src\Handler\CurlFactory.php(149): GuzzleHttp\Handler\CurlFactory::createRejection(Object(GuzzleHttp\Handler\EasyHandle), Array)
#1 E:\xampp73\htdocs\filecroco\loader\vendor\guzzlehttp\guzzle\src\Handler\CurlFactory.php(102): GuzzleHttp\Handler\CurlFactory::finishError(Object(GuzzleHttp\Handler\CurlMultiHandler), Object(GuzzleHttp\Handler\EasyHandle), Object(GuzzleHttp\Handler\CurlFactory))
#2 E:\xampp73\htdocs\filecroco\loader\vendor\guzzlehttp\guzzle\src\Handler\CurlMultiHandler.php(181): GuzzleHttp\Handler\CurlFactory::finish(Object(GuzzleHttp\Handler\CurlMultiHandler), Object(GuzzleHttp\Handler\EasyHandle), Object(GuzzleHttp\Handler\CurlFactory))
#3 E:\xampp73\htdocs\filecroco\loader\vendor\guzzlehttp\guzzle\src\Handler\CurlMultiHandler.php(110): GuzzleHttp\Handler\CurlMultiHandler->processMessages()
#4 E:\xampp73\htdocs\filecroco\loader\vendor\guzzlehttp\guzzle\src\Handler\CurlMultiHandler.php(125): GuzzleHttp\Handler\CurlMultiHandler->tick()
#5 E:\xampp73\htdocs\filecroco\loader\vendor\guzzlehttp\promises\src\Promise.php(246): GuzzleHttp\Handler\CurlMultiHandler->execute(true)
#6 E:\xampp73\htdocs\filecroco\loader\vendor\guzzlehttp\promises\src\Promise.php(223): GuzzleHttp\Promise\Promise->invokeWaitFn()
#7 E:\xampp73\htdocs\filecroco\loader\vendor\guzzlehttp\promises\src\Promise.php(267): GuzzleHttp\Promise\Promise->waitIfPending()
#8 E:\xampp73\htdocs\filecroco\loader\vendor\guzzlehttp\promises\src\Promise.php(225): GuzzleHttp\Promise\Promise->invokeWaitList()
#9 E:\xampp73\htdocs\filecroco\loader\vendor\guzzlehttp\promises\src\Promise.php(62): GuzzleHttp\Promise\Promise->waitIfPending()
#10 E:\xampp73\htdocs\filecroco\loader\vendor\guzzlehttp\promises\src\EachPromise.php(101): GuzzleHttp\Promise\Promise->wait()
#11 E:\xampp73\htdocs\filecroco\loader\vendor\guzzlehttp\promises\src\Promise.php(246): GuzzleHttp\Promise\EachPromise->GuzzleHttp\Promise\{closure}(true)
#12 E:\xampp73\htdocs\filecroco\loader\vendor\guzzlehttp\promises\src\Promise.php(223): GuzzleHttp\Promise\Promise->invokeWaitFn()
#13 E:\xampp73\htdocs\filecroco\loader\vendor\guzzlehttp\promises\src\Promise.php(62): GuzzleHttp\Promise\Promise->waitIfPending()
#14 E:\xampp73\htdocs\filecroco\loader\updatedownloadlink.php(95): GuzzleHttp\Promise\Promise->wait()
#15 {main}|699GuzzleHttp\Exception\RequestException: cURL error 56:  (see http://curl.haxx.se/libcurl/c/libcurl-errors.html) in E:\xampp73\htdocs\filecroco\loader\vendor\guzzlehttp\guzzle\src\Handler\CurlFactory.php:186
Stack trace:
#0 E:\xampp73\htdocs\filecroco\loader\vendor\guzzlehttp\guzzle\src\Handler\CurlFactory.php(149): GuzzleHttp\Handler\CurlFactory::createRejection(Object(GuzzleHttp\Handler\EasyHandle), Array)
#1 E:\xampp73\htdocs\filecroco\loader\vendor\guzzlehttp\guzzle\src\Handler\CurlFactory.php(102): GuzzleHttp\Handler\CurlFactory::finishError(Object(GuzzleHttp\Handler\CurlMultiHandler), Object(GuzzleHttp\Handler\EasyHandle), Object(GuzzleHttp\Handler\CurlFactory))
#2 E:\xampp73\htdocs\filecroco\loader\vendor\guzzlehttp\guzzle\src\Handler\CurlMultiHandler.php(181): GuzzleHttp\Handler\CurlFactory::finish(Object(GuzzleHttp\Handler\CurlMultiHandler), Object(GuzzleHttp\Handler\EasyHandle), Object(GuzzleHttp\Handler\CurlFactory))
#3 E:\xampp73\htdocs\filecroco\loader\vendor\guzzlehttp\guzzle\src\Handler\CurlMultiHandler.php(110): GuzzleHttp\Handler\CurlMultiHandler->processMessages()
#4 E:\xampp73\htdocs\filecroco\loader\vendor\guzzlehttp\guzzle\src\Handler\CurlMultiHandler.php(125): GuzzleHttp\Handler\CurlMultiHandler->tick()
#5 E:\xampp73\htdocs\filecroco\loader\vendor\guzzlehttp\promises\src\Promise.php(246): GuzzleHttp\Handler\CurlMultiHandler->execute(true)
#6 E:\xampp73\htdocs\filecroco\loader\vendor\guzzlehttp\promises\src\Promise.php(223): GuzzleHttp\Promise\Promise->invokeWaitFn()
#7 E:\xampp73\htdocs\filecroco\loader\vendor\guzzlehttp\promises\src\Promise.php(267): GuzzleHttp\Promise\Promise->waitIfPending()
#8 E:\xampp73\htdocs\filecroco\loader\vendor\guzzlehttp\promises\src\Promise.php(225): GuzzleHttp\Promise\Promise->invokeWaitList()
#9 E:\xampp73\htdocs\filecroco\loader\vendor\guzzlehttp\promises\src\Promise.php(62): GuzzleHttp\Promise\Promise->waitIfPending()
#10 E:\xampp73\htdocs\filecroco\loader\vendor\guzzlehttp\promises\src\EachPromise.php(101): GuzzleHttp\Promise\Promise->wait()
#11 E:\xampp73\htdocs\filecroco\loader\vendor\guzzlehttp\promises\src\Promise.php(246): GuzzleHttp\Promise\EachPromise->GuzzleHttp\Promise\{closure}(true)
#12 E:\xampp73\htdocs\filecroco\loader\vendor\guzzlehttp\promises\src\Promise.php(223): GuzzleHttp\Promise\Promise->invokeWaitFn()
#13 E:\xampp73\htdocs\filecroco\loader\vendor\guzzlehttp\promises\src\Promise.php(62): GuzzleHttp\Promise\Promise->waitIfPending()
#14 E:\xampp73\htdocs\filecroco\loader\updatedownloadlink.php(95): GuzzleHttp\Promise\Promise->wait()
#15 {main}|700GuzzleHttp\Exception\RequestException: cURL error 56:  (see http://curl.haxx.se/libcurl/c/libcurl-errors.html) in E:\xampp73\htdocs\filecroco\loader\vendor\guzzlehttp\guzzle\src\Handler\CurlFactory.php:186
Stack trace:
#0 E:\xampp73\htdocs\filecroco\loader\vendor\guzzlehttp\guzzle\src\Handler\CurlFactory.php(149): GuzzleHttp\Handler\CurlFactory::createRejection(Object(GuzzleHttp\Handler\EasyHandle), Array)
#1 E:\xampp73\htdocs\filecroco\loader\vendor\guzzlehttp\guzzle\src\Handler\CurlFactory.php(102): GuzzleHttp\Handler\CurlFactory::finishError(Object(GuzzleHttp\Handler\CurlMultiHandler), Object(GuzzleHttp\Handler\EasyHandle), Object(GuzzleHttp\Handler\CurlFactory))
#2 E:\xampp73\htdocs\filecroco\loader\vendor\guzzlehttp\guzzle\src\Handler\CurlMultiHandler.php(181): GuzzleHttp\Handler\CurlFactory::finish(Object(GuzzleHttp\Handler\CurlMultiHandler), Object(GuzzleHttp\Handler\EasyHandle), Object(GuzzleHttp\Handler\CurlFactory))
#3 E:\xampp73\htdocs\filecroco\loader\vendor\guzzlehttp\guzzle\src\Handler\CurlMultiHandler.php(110): GuzzleHttp\Handler\CurlMultiHandler->processMessages()
#4 E:\xampp73\htdocs\filecroco\loader\vendor\guzzlehttp\guzzle\src\Handler\CurlMultiHandler.php(125): GuzzleHttp\Handler\CurlMultiHandler->tick()
#5 E:\xampp73\htdocs\filecroco\loader\vendor\guzzlehttp\promises\src\Promise.php(246): GuzzleHttp\Handler\CurlMultiHandler->execute(true)
#6 E:\xampp73\htdocs\filecroco\loader\vendor\guzzlehttp\promises\src\Promise.php(223): GuzzleHttp\Promise\Promise->invokeWaitFn()
#7 E:\xampp73\htdocs\filecroco\loader\vendor\guzzlehttp\promises\src\Promise.php(267): GuzzleHttp\Promise\Promise->waitIfPending()
#8 E:\xampp73\htdocs\filecroco\loader\vendor\guzzlehttp\promises\src\Promise.php(225): GuzzleHttp\Promise\Promise->invokeWaitList()
#9 E:\xampp73\htdocs\filecroco\loader\vendor\guzzlehttp\promises\src\Promise.php(62): GuzzleHttp\Promise\Promise->waitIfPending()
#10 E:\xampp73\htdocs\filecroco\loader\vendor\guzzlehttp\promises\src\EachPromise.php(101): GuzzleHttp\Promise\Promise->wait()
#11 E:\xampp73\htdocs\filecroco\loader\vendor\guzzlehttp\promises\src\Promise.php(246): GuzzleHttp\Promise\EachPromise->GuzzleHttp\Promise\{closure}(true)
#12 E:\xampp73\htdocs\filecroco\loader\vendor\guzzlehttp\promises\src\Promise.php(223): GuzzleHttp\Promise\Promise->invokeWaitFn()
#13 E:\xampp73\htdocs\filecroco\loader\vendor\guzzlehttp\promises\src\Promise.php(62): GuzzleHttp\Promise\Promise->waitIfPending()
#14 E:\xampp73\htdocs\filecroco\loader\updatedownloadlink.php(95): GuzzleHttp\Promise\Promise->wait()
#15 {main}|701GuzzleHttp\Exception\RequestException: cURL error 56:  (see http://curl.haxx.se/libcurl/c/libcurl-errors.html) in E:\xampp73\htdocs\filecroco\loader\vendor\guzzlehttp\guzzle\src\Handler\CurlFactory.php:186
Stack trace:
#0 E:\xampp73\htdocs\filecroco\loader\vendor\guzzlehttp\guzzle\src\Handler\CurlFactory.php(149): GuzzleHttp\Handler\CurlFactory::createRejection(Object(GuzzleHttp\Handler\EasyHandle), Array)
#1 E:\xampp73\htdocs\filecroco\loader\vendor\guzzlehttp\guzzle\src\Handler\CurlFactory.php(102): GuzzleHttp\Handler\CurlFactory::finishError(Object(GuzzleHttp\Handler\CurlMultiHandler), Object(GuzzleHttp\Handler\EasyHandle), Object(GuzzleHttp\Handler\CurlFactory))
#2 E:\xampp73\htdocs\filecroco\loader\vendor\guzzlehttp\guzzle\src\Handler\CurlMultiHandler.php(181): GuzzleHttp\Handler\CurlFactory::finish(Object(GuzzleHttp\Handler\CurlMultiHandler), Object(GuzzleHttp\Handler\EasyHandle), Object(GuzzleHttp\Handler\CurlFactory))
#3 E:\xampp73\htdocs\filecroco\loader\vendor\guzzlehttp\guzzle\src\Handler\CurlMultiHandler.php(110): GuzzleHttp\Handler\CurlMultiHandler->processMessages()
#4 E:\xampp73\htdocs\filecroco\loader\vendor\guzzlehttp\guzzle\src\Handler\CurlMultiHandler.php(125): GuzzleHttp\Handler\CurlMultiHandler->tick()
#5 E:\xampp73\htdocs\filecroco\loader\vendor\guzzlehttp\promises\src\Promise.php(246): GuzzleHttp\Handler\CurlMultiHandler->execute(true)
#6 E:\xampp73\htdocs\filecroco\loader\vendor\guzzlehttp\promises\src\Promise.php(223): GuzzleHttp\Promise\Promise->invokeWaitFn()
#7 E:\xampp73\htdocs\filecroco\loader\vendor\guzzlehttp\promises\src\Promise.php(267): GuzzleHttp\Promise\Promise->waitIfPending()
#8 E:\xampp73\htdocs\filecroco\loader\vendor\guzzlehttp\promises\src\Promise.php(225): GuzzleHttp\Promise\Promise->invokeWaitList()
#9 E:\xampp73\htdocs\filecroco\loader\vendor\guzzlehttp\promises\src\Promise.php(62): GuzzleHttp\Promise\Promise->waitIfPending()
#10 E:\xampp73\htdocs\filecroco\loader\vendor\guzzlehttp\promises\src\EachPromise.php(101): GuzzleHttp\Promise\Promise->wait()
#11 E:\xampp73\htdocs\filecroco\loader\vendor\guzzlehttp\promises\src\Promise.php(246): GuzzleHttp\Promise\EachPromise->GuzzleHttp\Promise\{closure}(true)
#12 E:\xampp73\htdocs\filecroco\loader\vendor\guzzlehttp\promises\src\Promise.php(223): GuzzleHttp\Promise\Promise->invokeWaitFn()
#13 E:\xampp73\htdocs\filecroco\loader\vendor\guzzlehttp\promises\src\Promise.php(62): GuzzleHttp\Promise\Promise->waitIfPending()
#14 E:\xampp73\htdocs\filecroco\loader\updatedownloadlink.php(95): GuzzleHttp\Promise\Promise->wait()
#15 {main}|702GuzzleHttp\Exception\RequestException: cURL error 56:  (see http://curl.haxx.se/libcurl/c/libcurl-errors.html) in E:\xampp73\htdocs\filecroco\loader\vendor\guzzlehttp\guzzle\src\Handler\CurlFactory.php:186
Stack trace:
#0 E:\xampp73\htdocs\filecroco\loader\vendor\guzzlehttp\guzzle\src\Handler\CurlFactory.php(149): GuzzleHttp\Handler\CurlFactory::createRejection(Object(GuzzleHttp\Handler\EasyHandle), Array)
#1 E:\xampp73\htdocs\filecroco\loader\vendor\guzzlehttp\guzzle\src\Handler\CurlFactory.php(102): GuzzleHttp\Handler\CurlFactory::finishError(Object(GuzzleHttp\Handler\CurlMultiHandler), Object(GuzzleHttp\Handler\EasyHandle), Object(GuzzleHttp\Handler\CurlFactory))
#2 E:\xampp73\htdocs\filecroco\loader\vendor\guzzlehttp\guzzle\src\Handler\CurlMultiHandler.php(181): GuzzleHttp\Handler\CurlFactory::finish(Object(GuzzleHttp\Handler\CurlMultiHandler), Object(GuzzleHttp\Handler\EasyHandle), Object(GuzzleHttp\Handler\CurlFactory))
#3 E:\xampp73\htdocs\filecroco\loader\vendor\guzzlehttp\guzzle\src\Handler\CurlMultiHandler.php(110): GuzzleHttp\Handler\CurlMultiHandler->processMessages()
#4 E:\xampp73\htdocs\filecroco\loader\vendor\guzzlehttp\guzzle\src\Handler\CurlMultiHandler.php(125): GuzzleHttp\Handler\CurlMultiHandler->tick()
#5 E:\xampp73\htdocs\filecroco\loader\vendor\guzzlehttp\promises\src\Promise.php(246): GuzzleHttp\Handler\CurlMultiHandler->execute(true)
#6 E:\xampp73\htdocs\filecroco\loader\vendor\guzzlehttp\promises\src\Promise.php(223): GuzzleHttp\Promise\Promise->invokeWaitFn()
#7 E:\xampp73\htdocs\filecroco\loader\vendor\guzzlehttp\promises\src\Promise.php(267): GuzzleHttp\Promise\Promise->waitIfPending()
#8 E:\xampp73\htdocs\filecroco\loader\vendor\guzzlehttp\promises\src\Promise.php(225): GuzzleHttp\Promise\Promise->invokeWaitList()
#9 E:\xampp73\htdocs\filecroco\loader\vendor\guzzlehttp\promises\src\Promise.php(62): GuzzleHttp\Promise\Promise->waitIfPending()
#10 E:\xampp73\htdocs\filecroco\loader\vendor\guzzlehttp\promises\src\EachPromise.php(101): GuzzleHttp\Promise\Promise->wait()
#11 E:\xampp73\htdocs\filecroco\loader\vendor\guzzlehttp\promises\src\Promise.php(246): GuzzleHttp\Promise\EachPromise->GuzzleHttp\Promise\{closure}(true)
#12 E:\xampp73\htdocs\filecroco\loader\vendor\guzzlehttp\promises\src\Promise.php(223): GuzzleHttp\Promise\Promise->invokeWaitFn()
#13 E:\xampp73\htdocs\filecroco\loader\vendor\guzzlehttp\promises\src\Promise.php(62): GuzzleHttp\Promise\Promise->waitIfPending()
#14 E:\xampp73\htdocs\filecroco\loader\updatedownloadlink.php(95): GuzzleHttp\Promise\Promise->wait()
#15 {main}|703GuzzleHttp\Exception\RequestException: cURL error 56:  (see http://curl.haxx.se/libcurl/c/libcurl-errors.html) in E:\xampp73\htdocs\filecroco\loader\vendor\guzzlehttp\guzzle\src\Handler\CurlFactory.php:186
Stack trace:
#0 E:\xampp73\htdocs\filecroco\loader\vendor\guzzlehttp\guzzle\src\Handler\CurlFactory.php(149): GuzzleHttp\Handler\CurlFactory::createRejection(Object(GuzzleHttp\Handler\EasyHandle), Array)
#1 E:\xampp73\htdocs\filecroco\loader\vendor\guzzlehttp\guzzle\src\Handler\CurlFactory.php(102): GuzzleHttp\Handler\CurlFactory::finishError(Object(GuzzleHttp\Handler\CurlMultiHandler), Object(GuzzleHttp\Handler\EasyHandle), Object(GuzzleHttp\Handler\CurlFactory))
#2 E:\xampp73\htdocs\filecroco\loader\vendor\guzzlehttp\guzzle\src\Handler\CurlMultiHandler.php(181): GuzzleHttp\Handler\CurlFactory::finish(Object(GuzzleHttp\Handler\CurlMultiHandler), Object(GuzzleHttp\Handler\EasyHandle), Object(GuzzleHttp\Handler\CurlFactory))
#3 E:\xampp73\htdocs\filecroco\loader\vendor\guzzlehttp\guzzle\src\Handler\CurlMultiHandler.php(110): GuzzleHttp\Handler\CurlMultiHandler->processMessages()
#4 E:\xampp73\htdocs\filecroco\loader\vendor\guzzlehttp\guzzle\src\Handler\CurlMultiHandler.php(125): GuzzleHttp\Handler\CurlMultiHandler->tick()
#5 E:\xampp73\htdocs\filecroco\loader\vendor\guzzlehttp\promises\src\Promise.php(246): GuzzleHttp\Handler\CurlMultiHandler->execute(true)
#6 E:\xampp73\htdocs\filecroco\loader\vendor\guzzlehttp\promises\src\Promise.php(223): GuzzleHttp\Promise\Promise->invokeWaitFn()
#7 E:\xampp73\htdocs\filecroco\loader\vendor\guzzlehttp\promises\src\Promise.php(267): GuzzleHttp\Promise\Promise->waitIfPending()
#8 E:\xampp73\htdocs\filecroco\loader\vendor\guzzlehttp\promises\src\Promise.php(225): GuzzleHttp\Promise\Promise->invokeWaitList()
#9 E:\xampp73\htdocs\filecroco\loader\vendor\guzzlehttp\promises\src\Promise.php(62): GuzzleHttp\Promise\Promise->waitIfPending()
#10 E:\xampp73\htdocs\filecroco\loader\vendor\guzzlehttp\promises\src\EachPromise.php(101): GuzzleHttp\Promise\Promise->wait()
#11 E:\xampp73\htdocs\filecroco\loader\vendor\guzzlehttp\promises\src\Promise.php(246): GuzzleHttp\Promise\EachPromise->GuzzleHttp\Promise\{closure}(true)
#12 E:\xampp73\htdocs\filecroco\loader\vendor\guzzlehttp\promises\src\Promise.php(223): GuzzleHttp\Promise\Promise->invokeWaitFn()
#13 E:\xampp73\htdocs\filecroco\loader\vendor\guzzlehttp\promises\src\Promise.php(62): GuzzleHttp\Promise\Promise->waitIfPending()
#14 E:\xampp73\htdocs\filecroco\loader\updatedownloadlink.php(95): GuzzleHttp\Promise\Promise->wait()
#15 {main}|704GuzzleHttp\Exception\RequestException: cURL error 56:  (see http://curl.haxx.se/libcurl/c/libcurl-errors.html) in E:\xampp73\htdocs\filecroco\loader\vendor\guzzlehttp\guzzle\src\Handler\CurlFactory.php:186
Stack trace:
#0 E:\xampp73\htdocs\filecroco\loader\vendor\guzzlehttp\guzzle\src\Handler\CurlFactory.php(149): GuzzleHttp\Handler\CurlFactory::createRejection(Object(GuzzleHttp\Handler\EasyHandle), Array)
#1 E:\xampp73\htdocs\filecroco\loader\vendor\guzzlehttp\guzzle\src\Handler\CurlFactory.php(102): GuzzleHttp\Handler\CurlFactory::finishError(Object(GuzzleHttp\Handler\CurlMultiHandler), Object(GuzzleHttp\Handler\EasyHandle), Object(GuzzleHttp\Handler\CurlFactory))
#2 E:\xampp73\htdocs\filecroco\loader\vendor\guzzlehttp\guzzle\src\Handler\CurlMultiHandler.php(181): GuzzleHttp\Handler\CurlFactory::finish(Object(GuzzleHttp\Handler\CurlMultiHandler), Object(GuzzleHttp\Handler\EasyHandle), Object(GuzzleHttp\Handler\CurlFactory))
#3 E:\xampp73\htdocs\filecroco\loader\vendor\guzzlehttp\guzzle\src\Handler\CurlMultiHandler.php(110): GuzzleHttp\Handler\CurlMultiHandler->processMessages()
#4 E:\xampp73\htdocs\filecroco\loader\vendor\guzzlehttp\guzzle\src\Handler\CurlMultiHandler.php(125): GuzzleHttp\Handler\CurlMultiHandler->tick()
#5 E:\xampp73\htdocs\filecroco\loader\vendor\guzzlehttp\promises\src\Promise.php(246): GuzzleHttp\Handler\CurlMultiHandler->execute(true)
#6 E:\xampp73\htdocs\filecroco\loader\vendor\guzzlehttp\promises\src\Promise.php(223): GuzzleHttp\Promise\Promise->invokeWaitFn()
#7 E:\xampp73\htdocs\filecroco\loader\vendor\guzzlehttp\promises\src\Promise.php(267): GuzzleHttp\Promise\Promise->waitIfPending()
#8 E:\xampp73\htdocs\filecroco\loader\vendor\guzzlehttp\promises\src\Promise.php(225): GuzzleHttp\Promise\Promise->invokeWaitList()
#9 E:\xampp73\htdocs\filecroco\loader\vendor\guzzlehttp\promises\src\Promise.php(62): GuzzleHttp\Promise\Promise->waitIfPending()
#10 E:\xampp73\htdocs\filecroco\loader\vendor\guzzlehttp\promises\src\EachPromise.php(101): GuzzleHttp\Promise\Promise->wait()
#11 E:\xampp73\htdocs\filecroco\loader\vendor\guzzlehttp\promises\src\Promise.php(246): GuzzleHttp\Promise\EachPromise->GuzzleHttp\Promise\{closure}(true)
#12 E:\xampp73\htdocs\filecroco\loader\vendor\guzzlehttp\promises\src\Promise.php(223): GuzzleHttp\Promise\Promise->invokeWaitFn()
#13 E:\xampp73\htdocs\filecroco\loader\vendor\guzzlehttp\promises\src\Promise.php(62): GuzzleHttp\Promise\Promise->waitIfPending()
#14 E:\xampp73\htdocs\filecroco\loader\updatedownloadlink.php(95): GuzzleHttp\Promise\Promise->wait()
#15 {main}|705GuzzleHttp\Exception\RequestException: cURL error 56:  (see http://curl.haxx.se/libcurl/c/libcurl-errors.html) in E:\xampp73\htdocs\filecroco\loader\vendor\guzzlehttp\guzzle\src\Handler\CurlFactory.php:186
Stack trace:
#0 E:\xampp73\htdocs\filecroco\loader\vendor\guzzlehttp\guzzle\src\Handler\CurlFactory.php(149): GuzzleHttp\Handler\CurlFactory::createRejection(Object(GuzzleHttp\Handler\EasyHandle), Array)
#1 E:\xampp73\htdocs\filecroco\loader\vendor\guzzlehttp\guzzle\src\Handler\CurlFactory.php(102): GuzzleHttp\Handler\CurlFactory::finishError(Object(GuzzleHttp\Handler\CurlMultiHandler), Object(GuzzleHttp\Handler\EasyHandle), Object(GuzzleHttp\Handler\CurlFactory))
#2 E:\xampp73\htdocs\filecroco\loader\vendor\guzzlehttp\guzzle\src\Handler\CurlMultiHandler.php(181): GuzzleHttp\Handler\CurlFactory::finish(Object(GuzzleHttp\Handler\CurlMultiHandler), Object(GuzzleHttp\Handler\EasyHandle), Object(GuzzleHttp\Handler\CurlFactory))
#3 E:\xampp73\htdocs\filecroco\loader\vendor\guzzlehttp\guzzle\src\Handler\CurlMultiHandler.php(110): GuzzleHttp\Handler\CurlMultiHandler->processMessages()
#4 E:\xampp73\htdocs\filecroco\loader\vendor\guzzlehttp\guzzle\src\Handler\CurlMultiHandler.php(125): GuzzleHttp\Handler\CurlMultiHandler->tick()
#5 E:\xampp73\htdocs\filecroco\loader\vendor\guzzlehttp\promises\src\Promise.php(246): GuzzleHttp\Handler\CurlMultiHandler->execute(true)
#6 E:\xampp73\htdocs\filecroco\loader\vendor\guzzlehttp\promises\src\Promise.php(223): GuzzleHttp\Promise\Promise->invokeWaitFn()
#7 E:\xampp73\htdocs\filecroco\loader\vendor\guzzlehttp\promises\src\Promise.php(267): GuzzleHttp\Promise\Promise->waitIfPending()
#8 E:\xampp73\htdocs\filecroco\loader\vendor\guzzlehttp\promises\src\Promise.php(225): GuzzleHttp\Promise\Promise->invokeWaitList()
#9 E:\xampp73\htdocs\filecroco\loader\vendor\guzzlehttp\promises\src\Promise.php(62): GuzzleHttp\Promise\Promise->waitIfPending()
#10 E:\xampp73\htdocs\filecroco\loader\vendor\guzzlehttp\promises\src\EachPromise.php(101): GuzzleHttp\Promise\Promise->wait()
#11 E:\xampp73\htdocs\filecroco\loader\vendor\guzzlehttp\promises\src\Promise.php(246): GuzzleHttp\Promise\EachPromise->GuzzleHttp\Promise\{closure}(true)
#12 E:\xampp73\htdocs\filecroco\loader\vendor\guzzlehttp\promises\src\Promise.php(223): GuzzleHttp\Promise\Promise->invokeWaitFn()
#13 E:\xampp73\htdocs\filecroco\loader\vendor\guzzlehttp\promises\src\Promise.php(62): GuzzleHttp\Promise\Promise->waitIfPending()
#14 E:\xampp73\htdocs\filecroco\loader\updatedownloadlink.php(95): GuzzleHttp\Promise\Promise->wait()
#15 {main}|706GuzzleHttp\Exception\RequestException: cURL error 56:  (see http://curl.haxx.se/libcurl/c/libcurl-errors.html) in E:\xampp73\htdocs\filecroco\loader\vendor\guzzlehttp\guzzle\src\Handler\CurlFactory.php:186
Stack trace:
#0 E:\xampp73\htdocs\filecroco\loader\vendor\guzzlehttp\guzzle\src\Handler\CurlFactory.php(149): GuzzleHttp\Handler\CurlFactory::createRejection(Object(GuzzleHttp\Handler\EasyHandle), Array)
#1 E:\xampp73\htdocs\filecroco\loader\vendor\guzzlehttp\guzzle\src\Handler\CurlFactory.php(102): GuzzleHttp\Handler\CurlFactory::finishError(Object(GuzzleHttp\Handler\CurlMultiHandler), Object(GuzzleHttp\Handler\EasyHandle), Object(GuzzleHttp\Handler\CurlFactory))
#2 E:\xampp73\htdocs\filecroco\loader\vendor\guzzlehttp\guzzle\src\Handler\CurlMultiHandler.php(181): GuzzleHttp\Handler\CurlFactory::finish(Object(GuzzleHttp\Handler\CurlMultiHandler), Object(GuzzleHttp\Handler\EasyHandle), Object(GuzzleHttp\Handler\CurlFactory))
#3 E:\xampp73\htdocs\filecroco\loader\vendor\guzzlehttp\guzzle\src\Handler\CurlMultiHandler.php(110): GuzzleHttp\Handler\CurlMultiHandler->processMessages()
#4 E:\xampp73\htdocs\filecroco\loader\vendor\guzzlehttp\guzzle\src\Handler\CurlMultiHandler.php(125): GuzzleHttp\Handler\CurlMultiHandler->tick()
#5 E:\xampp73\htdocs\filecroco\loader\vendor\guzzlehttp\promises\src\Promise.php(246): GuzzleHttp\Handler\CurlMultiHandler->execute(true)
#6 E:\xampp73\htdocs\filecroco\loader\vendor\guzzlehttp\promises\src\Promise.php(223): GuzzleHttp\Promise\Promise->invokeWaitFn()
#7 E:\xampp73\htdocs\filecroco\loader\vendor\guzzlehttp\promises\src\Promise.php(267): GuzzleHttp\Promise\Promise->waitIfPending()
#8 E:\xampp73\htdocs\filecroco\loader\vendor\guzzlehttp\promises\src\Promise.php(225): GuzzleHttp\Promise\Promise->invokeWaitList()
#9 E:\xampp73\htdocs\filecroco\loader\vendor\guzzlehttp\promises\src\Promise.php(62): GuzzleHttp\Promise\Promise->waitIfPending()
#10 E:\xampp73\htdocs\filecroco\loader\vendor\guzzlehttp\promises\src\EachPromise.php(101): GuzzleHttp\Promise\Promise->wait()
#11 E:\xampp73\htdocs\filecroco\loader\vendor\guzzlehttp\promises\src\Promise.php(246): GuzzleHttp\Promise\EachPromise->GuzzleHttp\Promise\{closure}(true)
#12 E:\xampp73\htdocs\filecroco\loader\vendor\guzzlehttp\promises\src\Promise.php(223): GuzzleHttp\Promise\Promise->invokeWaitFn()
#13 E:\xampp73\htdocs\filecroco\loader\vendor\guzzlehttp\promises\src\Promise.php(62): GuzzleHttp\Promise\Promise->waitIfPending()
#14 E:\xampp73\htdocs\filecroco\loader\updatedownloadlink.php(95): GuzzleHttp\Promise\Promise->wait()
#15 {main}|707GuzzleHttp\Exception\RequestException: cURL error 56:  (see http://curl.haxx.se/libcurl/c/libcurl-errors.html) in E:\xampp73\htdocs\filecroco\loader\vendor\guzzlehttp\guzzle\src\Handler\CurlFactory.php:186
Stack trace:
#0 E:\xampp73\htdocs\filecroco\loader\vendor\guzzlehttp\guzzle\src\Handler\CurlFactory.php(149): GuzzleHttp\Handler\CurlFactory::createRejection(Object(GuzzleHttp\Handler\EasyHandle), Array)
#1 E:\xampp73\htdocs\filecroco\loader\vendor\guzzlehttp\guzzle\src\Handler\CurlFactory.php(102): GuzzleHttp\Handler\CurlFactory::finishError(Object(GuzzleHttp\Handler\CurlMultiHandler), Object(GuzzleHttp\Handler\EasyHandle), Object(GuzzleHttp\Handler\CurlFactory))
#2 E:\xampp73\htdocs\filecroco\loader\vendor\guzzlehttp\guzzle\src\Handler\CurlMultiHandler.php(181): GuzzleHttp\Handler\CurlFactory::finish(Object(GuzzleHttp\Handler\CurlMultiHandler), Object(GuzzleHttp\Handler\EasyHandle), Object(GuzzleHttp\Handler\CurlFactory))
#3 E:\xampp73\htdocs\filecroco\loader\vendor\guzzlehttp\guzzle\src\Handler\CurlMultiHandler.php(110): GuzzleHttp\Handler\CurlMultiHandler->processMessages()
#4 E:\xampp73\htdocs\filecroco\loader\vendor\guzzlehttp\guzzle\src\Handler\CurlMultiHandler.php(125): GuzzleHttp\Handler\CurlMultiHandler->tick()
#5 E:\xampp73\htdocs\filecroco\loader\vendor\guzzlehttp\promises\src\Promise.php(246): GuzzleHttp\Handler\CurlMultiHandler->execute(true)
#6 E:\xampp73\htdocs\filecroco\loader\vendor\guzzlehttp\promises\src\Promise.php(223): GuzzleHttp\Promise\Promise->invokeWaitFn()
#7 E:\xampp73\htdocs\filecroco\loader\vendor\guzzlehttp\promises\src\Promise.php(267): GuzzleHttp\Promise\Promise->waitIfPending()
#8 E:\xampp73\htdocs\filecroco\loader\vendor\guzzlehttp\promises\src\Promise.php(225): GuzzleHttp\Promise\Promise->invokeWaitList()
#9 E:\xampp73\htdocs\filecroco\loader\vendor\guzzlehttp\promises\src\Promise.php(62): GuzzleHttp\Promise\Promise->waitIfPending()
#10 E:\xampp73\htdocs\filecroco\loader\vendor\guzzlehttp\promises\src\EachPromise.php(101): GuzzleHttp\Promise\Promise->wait()
#11 E:\xampp73\htdocs\filecroco\loader\vendor\guzzlehttp\promises\src\Promise.php(246): GuzzleHttp\Promise\EachPromise->GuzzleHttp\Promise\{closure}(true)
#12 E:\xampp73\htdocs\filecroco\loader\vendor\guzzlehttp\promises\src\Promise.php(223): GuzzleHttp\Promise\Promise->invokeWaitFn()
#13 E:\xampp73\htdocs\filecroco\loader\vendor\guzzlehttp\promises\src\Promise.php(62): GuzzleHttp\Promise\Promise->waitIfPending()
#14 E:\xampp73\htdocs\filecroco\loader\updatedownloadlink.php(95): GuzzleHttp\Promise\Promise->wait()
#15 {main}|708GuzzleHttp\Exception\RequestException: cURL error 56:  (see http://curl.haxx.se/libcurl/c/libcurl-errors.html) in E:\xampp73\htdocs\filecroco\loader\vendor\guzzlehttp\guzzle\src\Handler\CurlFactory.php:186
Stack trace:
#0 E:\xampp73\htdocs\filecroco\loader\vendor\guzzlehttp\guzzle\src\Handler\CurlFactory.php(149): GuzzleHttp\Handler\CurlFactory::createRejection(Object(GuzzleHttp\Handler\EasyHandle), Array)
#1 E:\xampp73\htdocs\filecroco\loader\vendor\guzzlehttp\guzzle\src\Handler\CurlFactory.php(102): GuzzleHttp\Handler\CurlFactory::finishError(Object(GuzzleHttp\Handler\CurlMultiHandler), Object(GuzzleHttp\Handler\EasyHandle), Object(GuzzleHttp\Handler\CurlFactory))
#2 E:\xampp73\htdocs\filecroco\loader\vendor\guzzlehttp\guzzle\src\Handler\CurlMultiHandler.php(181): GuzzleHttp\Handler\CurlFactory::finish(Object(GuzzleHttp\Handler\CurlMultiHandler), Object(GuzzleHttp\Handler\EasyHandle), Object(GuzzleHttp\Handler\CurlFactory))
#3 E:\xampp73\htdocs\filecroco\loader\vendor\guzzlehttp\guzzle\src\Handler\CurlMultiHandler.php(110): GuzzleHttp\Handler\CurlMultiHandler->processMessages()
#4 E:\xampp73\htdocs\filecroco\loader\vendor\guzzlehttp\guzzle\src\Handler\CurlMultiHandler.php(125): GuzzleHttp\Handler\CurlMultiHandler->tick()
#5 E:\xampp73\htdocs\filecroco\loader\vendor\guzzlehttp\promises\src\Promise.php(246): GuzzleHttp\Handler\CurlMultiHandler->execute(true)
#6 E:\xampp73\htdocs\filecroco\loader\vendor\guzzlehttp\promises\src\Promise.php(223): GuzzleHttp\Promise\Promise->invokeWaitFn()
#7 E:\xampp73\htdocs\filecroco\loader\vendor\guzzlehttp\promises\src\Promise.php(267): GuzzleHttp\Promise\Promise->waitIfPending()
#8 E:\xampp73\htdocs\filecroco\loader\vendor\guzzlehttp\promises\src\Promise.php(225): GuzzleHttp\Promise\Promise->invokeWaitList()
#9 E:\xampp73\htdocs\filecroco\loader\vendor\guzzlehttp\promises\src\Promise.php(62): GuzzleHttp\Promise\Promise->waitIfPending()
#10 E:\xampp73\htdocs\filecroco\loader\vendor\guzzlehttp\promises\src\EachPromise.php(101): GuzzleHttp\Promise\Promise->wait()
#11 E:\xampp73\htdocs\filecroco\loader\vendor\guzzlehttp\promises\src\Promise.php(246): GuzzleHttp\Promise\EachPromise->GuzzleHttp\Promise\{closure}(true)
#12 E:\xampp73\htdocs\filecroco\loader\vendor\guzzlehttp\promises\src\Promise.php(223): GuzzleHttp\Promise\Promise->invokeWaitFn()
#13 E:\xampp73\htdocs\filecroco\loader\vendor\guzzlehttp\promises\src\Promise.php(62): GuzzleHttp\Promise\Promise->waitIfPending()
#14 E:\xampp73\htdocs\filecroco\loader\updatedownloadlink.php(95): GuzzleHttp\Promise\Promise->wait()
#15 {main}|709GuzzleHttp\Exception\RequestException: cURL error 56:  (see http://curl.haxx.se/libcurl/c/libcurl-errors.html) in E:\xampp73\htdocs\filecroco\loader\vendor\guzzlehttp\guzzle\src\Handler\CurlFactory.php:186
Stack trace:
#0 E:\xampp73\htdocs\filecroco\loader\vendor\guzzlehttp\guzzle\src\Handler\CurlFactory.php(149): GuzzleHttp\Handler\CurlFactory::createRejection(Object(GuzzleHttp\Handler\EasyHandle), Array)
#1 E:\xampp73\htdocs\filecroco\loader\vendor\guzzlehttp\guzzle\src\Handler\CurlFactory.php(102): GuzzleHttp\Handler\CurlFactory::finishError(Object(GuzzleHttp\Handler\CurlMultiHandler), Object(GuzzleHttp\Handler\EasyHandle), Object(GuzzleHttp\Handler\CurlFactory))
#2 E:\xampp73\htdocs\filecroco\loader\vendor\guzzlehttp\guzzle\src\Handler\CurlMultiHandler.php(181): GuzzleHttp\Handler\CurlFactory::finish(Object(GuzzleHttp\Handler\CurlMultiHandler), Object(GuzzleHttp\Handler\EasyHandle), Object(GuzzleHttp\Handler\CurlFactory))
#3 E:\xampp73\htdocs\filecroco\loader\vendor\guzzlehttp\guzzle\src\Handler\CurlMultiHandler.php(110): GuzzleHttp\Handler\CurlMultiHandler->processMessages()
#4 E:\xampp73\htdocs\filecroco\loader\vendor\guzzlehttp\guzzle\src\Handler\CurlMultiHandler.php(125): GuzzleHttp\Handler\CurlMultiHandler->tick()
#5 E:\xampp73\htdocs\filecroco\loader\vendor\guzzlehttp\promises\src\Promise.php(246): GuzzleHttp\Handler\CurlMultiHandler->execute(true)
#6 E:\xampp73\htdocs\filecroco\loader\vendor\guzzlehttp\promises\src\Promise.php(223): GuzzleHttp\Promise\Promise->invokeWaitFn()
#7 E:\xampp73\htdocs\filecroco\loader\vendor\guzzlehttp\promises\src\Promise.php(267): GuzzleHttp\Promise\Promise->waitIfPending()
#8 E:\xampp73\htdocs\filecroco\loader\vendor\guzzlehttp\promises\src\Promise.php(225): GuzzleHttp\Promise\Promise->invokeWaitList()
#9 E:\xampp73\htdocs\filecroco\loader\vendor\guzzlehttp\promises\src\Promise.php(62): GuzzleHttp\Promise\Promise->waitIfPending()
#10 E:\xampp73\htdocs\filecroco\loader\vendor\guzzlehttp\promises\src\EachPromise.php(101): GuzzleHttp\Promise\Promise->wait()
#11 E:\xampp73\htdocs\filecroco\loader\vendor\guzzlehttp\promises\src\Promise.php(246): GuzzleHttp\Promise\EachPromise->GuzzleHttp\Promise\{closure}(true)
#12 E:\xampp73\htdocs\filecroco\loader\vendor\guzzlehttp\promises\src\Promise.php(223): GuzzleHttp\Promise\Promise->invokeWaitFn()
#13 E:\xampp73\htdocs\filecroco\loader\vendor\guzzlehttp\promises\src\Promise.php(62): GuzzleHttp\Promise\Promise->waitIfPending()
#14 E:\xampp73\htdocs\filecroco\loader\updatedownloadlink.php(95): GuzzleHttp\Promise\Promise->wait()
#15 {main}|710GuzzleHttp\Exception\RequestException: cURL error 56:  (see http://curl.haxx.se/libcurl/c/libcurl-errors.html) in E:\xampp73\htdocs\filecroco\loader\vendor\guzzlehttp\guzzle\src\Handler\CurlFactory.php:186
Stack trace:
#0 E:\xampp73\htdocs\filecroco\loader\vendor\guzzlehttp\guzzle\src\Handler\CurlFactory.php(149): GuzzleHttp\Handler\CurlFactory::createRejection(Object(GuzzleHttp\Handler\EasyHandle), Array)
#1 E:\xampp73\htdocs\filecroco\loader\vendor\guzzlehttp\guzzle\src\Handler\CurlFactory.php(102): GuzzleHttp\Handler\CurlFactory::finishError(Object(GuzzleHttp\Handler\CurlMultiHandler), Object(GuzzleHttp\Handler\EasyHandle), Object(GuzzleHttp\Handler\CurlFactory))
#2 E:\xampp73\htdocs\filecroco\loader\vendor\guzzlehttp\guzzle\src\Handler\CurlMultiHandler.php(181): GuzzleHttp\Handler\CurlFactory::finish(Object(GuzzleHttp\Handler\CurlMultiHandler), Object(GuzzleHttp\Handler\EasyHandle), Object(GuzzleHttp\Handler\CurlFactory))
#3 E:\xampp73\htdocs\filecroco\loader\vendor\guzzlehttp\guzzle\src\Handler\CurlMultiHandler.php(110): GuzzleHttp\Handler\CurlMultiHandler->processMessages()
#4 E:\xampp73\htdocs\filecroco\loader\vendor\guzzlehttp\guzzle\src\Handler\CurlMultiHandler.php(125): GuzzleHttp\Handler\CurlMultiHandler->tick()
#5 E:\xampp73\htdocs\filecroco\loader\vendor\guzzlehttp\promises\src\Promise.php(246): GuzzleHttp\Handler\CurlMultiHandler->execute(true)
#6 E:\xampp73\htdocs\filecroco\loader\vendor\guzzlehttp\promises\src\Promise.php(223): GuzzleHttp\Promise\Promise->invokeWaitFn()
#7 E:\xampp73\htdocs\filecroco\loader\vendor\guzzlehttp\promises\src\Promise.php(267): GuzzleHttp\Promise\Promise->waitIfPending()
#8 E:\xampp73\htdocs\filecroco\loader\vendor\guzzlehttp\promises\src\Promise.php(225): GuzzleHttp\Promise\Promise->invokeWaitList()
#9 E:\xampp73\htdocs\filecroco\loader\vendor\guzzlehttp\promises\src\Promise.php(62): GuzzleHttp\Promise\Promise->waitIfPending()
#10 E:\xampp73\htdocs\filecroco\loader\vendor\guzzlehttp\promises\src\EachPromise.php(101): GuzzleHttp\Promise\Promise->wait()
#11 E:\xampp73\htdocs\filecroco\loader\vendor\guzzlehttp\promises\src\Promise.php(246): GuzzleHttp\Promise\EachPromise->GuzzleHttp\Promise\{closure}(true)
#12 E:\xampp73\htdocs\filecroco\loader\vendor\guzzlehttp\promises\src\Promise.php(223): GuzzleHttp\Promise\Promise->invokeWaitFn()
#13 E:\xampp73\htdocs\filecroco\loader\vendor\guzzlehttp\promises\src\Promise.php(62): GuzzleHttp\Promise\Promise->waitIfPending()
#14 E:\xampp73\htdocs\filecroco\loader\updatedownloadlink.php(95): GuzzleHttp\Promise\Promise->wait()
#15 {main}|711GuzzleHttp\Exception\RequestException: cURL error 56:  (see http://curl.haxx.se/libcurl/c/libcurl-errors.html) in E:\xampp73\htdocs\filecroco\loader\vendor\guzzlehttp\guzzle\src\Handler\CurlFactory.php:186
Stack trace:
#0 E:\xampp73\htdocs\filecroco\loader\vendor\guzzlehttp\guzzle\src\Handler\CurlFactory.php(149): GuzzleHttp\Handler\CurlFactory::createRejection(Object(GuzzleHttp\Handler\EasyHandle), Array)
#1 E:\xampp73\htdocs\filecroco\loader\vendor\guzzlehttp\guzzle\src\Handler\CurlFactory.php(102): GuzzleHttp\Handler\CurlFactory::finishError(Object(GuzzleHttp\Handler\CurlMultiHandler), Object(GuzzleHttp\Handler\EasyHandle), Object(GuzzleHttp\Handler\CurlFactory))
#2 E:\xampp73\htdocs\filecroco\loader\vendor\guzzlehttp\guzzle\src\Handler\CurlMultiHandler.php(181): GuzzleHttp\Handler\CurlFactory::finish(Object(GuzzleHttp\Handler\CurlMultiHandler), Object(GuzzleHttp\Handler\EasyHandle), Object(GuzzleHttp\Handler\CurlFactory))
#3 E:\xampp73\htdocs\filecroco\loader\vendor\guzzlehttp\guzzle\src\Handler\CurlMultiHandler.php(110): GuzzleHttp\Handler\CurlMultiHandler->processMessages()
#4 E:\xampp73\htdocs\filecroco\loader\vendor\guzzlehttp\guzzle\src\Handler\CurlMultiHandler.php(125): GuzzleHttp\Handler\CurlMultiHandler->tick()
#5 E:\xampp73\htdocs\filecroco\loader\vendor\guzzlehttp\promises\src\Promise.php(246): GuzzleHttp\Handler\CurlMultiHandler->execute(true)
#6 E:\xampp73\htdocs\filecroco\loader\vendor\guzzlehttp\promises\src\Promise.php(223): GuzzleHttp\Promise\Promise->invokeWaitFn()
#7 E:\xampp73\htdocs\filecroco\loader\vendor\guzzlehttp\promises\src\Promise.php(267): GuzzleHttp\Promise\Promise->waitIfPending()
#8 E:\xampp73\htdocs\filecroco\loader\vendor\guzzlehttp\promises\src\Promise.php(225): GuzzleHttp\Promise\Promise->invokeWaitList()
#9 E:\xampp73\htdocs\filecroco\loader\vendor\guzzlehttp\promises\src\Promise.php(62): GuzzleHttp\Promise\Promise->waitIfPending()
#10 E:\xampp73\htdocs\filecroco\loader\vendor\guzzlehttp\promises\src\EachPromise.php(101): GuzzleHttp\Promise\Promise->wait()
#11 E:\xampp73\htdocs\filecroco\loader\vendor\guzzlehttp\promises\src\Promise.php(246): GuzzleHttp\Promise\EachPromise->GuzzleHttp\Promise\{closure}(true)
#12 E:\xampp73\htdocs\filecroco\loader\vendor\guzzlehttp\promises\src\Promise.php(223): GuzzleHttp\Promise\Promise->invokeWaitFn()
#13 E:\xampp73\htdocs\filecroco\loader\vendor\guzzlehttp\promises\src\Promise.php(62): GuzzleHttp\Promise\Promise->waitIfPending()
#14 E:\xampp73\htdocs\filecroco\loader\updatedownloadlink.php(95): GuzzleHttp\Promise\Promise->wait()
#15 {main}|712GuzzleHttp\Exception\RequestException: cURL error 56:  (see http://curl.haxx.se/libcurl/c/libcurl-errors.html) in E:\xampp73\htdocs\filecroco\loader\vendor\guzzlehttp\guzzle\src\Handler\CurlFactory.php:186
Stack trace:
#0 E:\xampp73\htdocs\filecroco\loader\vendor\guzzlehttp\guzzle\src\Handler\CurlFactory.php(149): GuzzleHttp\Handler\CurlFactory::createRejection(Object(GuzzleHttp\Handler\EasyHandle), Array)
#1 E:\xampp73\htdocs\filecroco\loader\vendor\guzzlehttp\guzzle\src\Handler\CurlFactory.php(102): GuzzleHttp\Handler\CurlFactory::finishError(Object(GuzzleHttp\Handler\CurlMultiHandler), Object(GuzzleHttp\Handler\EasyHandle), Object(GuzzleHttp\Handler\CurlFactory))
#2 E:\xampp73\htdocs\filecroco\loader\vendor\guzzlehttp\guzzle\src\Handler\CurlMultiHandler.php(181): GuzzleHttp\Handler\CurlFactory::finish(Object(GuzzleHttp\Handler\CurlMultiHandler), Object(GuzzleHttp\Handler\EasyHandle), Object(GuzzleHttp\Handler\CurlFactory))
#3 E:\xampp73\htdocs\filecroco\loader\vendor\guzzlehttp\guzzle\src\Handler\CurlMultiHandler.php(110): GuzzleHttp\Handler\CurlMultiHandler->processMessages()
#4 E:\xampp73\htdocs\filecroco\loader\vendor\guzzlehttp\guzzle\src\Handler\CurlMultiHandler.php(125): GuzzleHttp\Handler\CurlMultiHandler->tick()
#5 E:\xampp73\htdocs\filecroco\loader\vendor\guzzlehttp\promises\src\Promise.php(246): GuzzleHttp\Handler\CurlMultiHandler->execute(true)
#6 E:\xampp73\htdocs\filecroco\loader\vendor\guzzlehttp\promises\src\Promise.php(223): GuzzleHttp\Promise\Promise->invokeWaitFn()
#7 E:\xampp73\htdocs\filecroco\loader\vendor\guzzlehttp\promises\src\Promise.php(267): GuzzleHttp\Promise\Promise->waitIfPending()
#8 E:\xampp73\htdocs\filecroco\loader\vendor\guzzlehttp\promises\src\Promise.php(225): GuzzleHttp\Promise\Promise->invokeWaitList()
#9 E:\xampp73\htdocs\filecroco\loader\vendor\guzzlehttp\promises\src\Promise.php(62): GuzzleHttp\Promise\Promise->waitIfPending()
#10 E:\xampp73\htdocs\filecroco\loader\vendor\guzzlehttp\promises\src\EachPromise.php(101): GuzzleHttp\Promise\Promise->wait()
#11 E:\xampp73\htdocs\filecroco\loader\vendor\guzzlehttp\promises\src\Promise.php(246): GuzzleHttp\Promise\EachPromise->GuzzleHttp\Promise\{closure}(true)
#12 E:\xampp73\htdocs\filecroco\loader\vendor\guzzlehttp\promises\src\Promise.php(223): GuzzleHttp\Promise\Promise->invokeWaitFn()
#13 E:\xampp73\htdocs\filecroco\loader\vendor\guzzlehttp\promises\src\Promise.php(62): GuzzleHttp\Promise\Promise->waitIfPending()
#14 E:\xampp73\htdocs\filecroco\loader\updatedownloadlink.php(95): GuzzleHttp\Promise\Promise->wait()
#15 {main}|713GuzzleHttp\Exception\RequestException: cURL error 56:  (see http://curl.haxx.se/libcurl/c/libcurl-errors.html) in E:\xampp73\htdocs\filecroco\loader\vendor\guzzlehttp\guzzle\src\Handler\CurlFactory.php:186
Stack trace:
#0 E:\xampp73\htdocs\filecroco\loader\vendor\guzzlehttp\guzzle\src\Handler\CurlFactory.php(149): GuzzleHttp\Handler\CurlFactory::createRejection(Object(GuzzleHttp\Handler\EasyHandle), Array)
#1 E:\xampp73\htdocs\filecroco\loader\vendor\guzzlehttp\guzzle\src\Handler\CurlFactory.php(102): GuzzleHttp\Handler\CurlFactory::finishError(Object(GuzzleHttp\Handler\CurlMultiHandler), Object(GuzzleHttp\Handler\EasyHandle), Object(GuzzleHttp\Handler\CurlFactory))
#2 E:\xampp73\htdocs\filecroco\loader\vendor\guzzlehttp\guzzle\src\Handler\CurlMultiHandler.php(181): GuzzleHttp\Handler\CurlFactory::finish(Object(GuzzleHttp\Handler\CurlMultiHandler), Object(GuzzleHttp\Handler\EasyHandle), Object(GuzzleHttp\Handler\CurlFactory))
#3 E:\xampp73\htdocs\filecroco\loader\vendor\guzzlehttp\guzzle\src\Handler\CurlMultiHandler.php(110): GuzzleHttp\Handler\CurlMultiHandler->processMessages()
#4 E:\xampp73\htdocs\filecroco\loader\vendor\guzzlehttp\guzzle\src\Handler\CurlMultiHandler.php(125): GuzzleHttp\Handler\CurlMultiHandler->tick()
#5 E:\xampp73\htdocs\filecroco\loader\vendor\guzzlehttp\promises\src\Promise.php(246): GuzzleHttp\Handler\CurlMultiHandler->execute(true)
#6 E:\xampp73\htdocs\filecroco\loader\vendor\guzzlehttp\promises\src\Promise.php(223): GuzzleHttp\Promise\Promise->invokeWaitFn()
#7 E:\xampp73\htdocs\filecroco\loader\vendor\guzzlehttp\promises\src\Promise.php(267): GuzzleHttp\Promise\Promise->waitIfPending()
#8 E:\xampp73\htdocs\filecroco\loader\vendor\guzzlehttp\promises\src\Promise.php(225): GuzzleHttp\Promise\Promise->invokeWaitList()
#9 E:\xampp73\htdocs\filecroco\loader\vendor\guzzlehttp\promises\src\Promise.php(62): GuzzleHttp\Promise\Promise->waitIfPending()
#10 E:\xampp73\htdocs\filecroco\loader\vendor\guzzlehttp\promises\src\EachPromise.php(101): GuzzleHttp\Promise\Promise->wait()
#11 E:\xampp73\htdocs\filecroco\loader\vendor\guzzlehttp\promises\src\Promise.php(246): GuzzleHttp\Promise\EachPromise->GuzzleHttp\Promise\{closure}(true)
#12 E:\xampp73\htdocs\filecroco\loader\vendor\guzzlehttp\promises\src\Promise.php(223): GuzzleHttp\Promise\Promise->invokeWaitFn()
#13 E:\xampp73\htdocs\filecroco\loader\vendor\guzzlehttp\promises\src\Promise.php(62): GuzzleHttp\Promise\Promise->waitIfPending()
#14 E:\xampp73\htdocs\filecroco\loader\updatedownloadlink.php(95): GuzzleHttp\Promise\Promise->wait()
#15 {main}|714GuzzleHttp\Exception\RequestException: cURL error 56:  (see http://curl.haxx.se/libcurl/c/libcurl-errors.html) in E:\xampp73\htdocs\filecroco\loader\vendor\guzzlehttp\guzzle\src\Handler\CurlFactory.php:186
Stack trace:
#0 E:\xampp73\htdocs\filecroco\loader\vendor\guzzlehttp\guzzle\src\Handler\CurlFactory.php(149): GuzzleHttp\Handler\CurlFactory::createRejection(Object(GuzzleHttp\Handler\EasyHandle), Array)
#1 E:\xampp73\htdocs\filecroco\loader\vendor\guzzlehttp\guzzle\src\Handler\CurlFactory.php(102): GuzzleHttp\Handler\CurlFactory::finishError(Object(GuzzleHttp\Handler\CurlMultiHandler), Object(GuzzleHttp\Handler\EasyHandle), Object(GuzzleHttp\Handler\CurlFactory))
#2 E:\xampp73\htdocs\filecroco\loader\vendor\guzzlehttp\guzzle\src\Handler\CurlMultiHandler.php(181): GuzzleHttp\Handler\CurlFactory::finish(Object(GuzzleHttp\Handler\CurlMultiHandler), Object(GuzzleHttp\Handler\EasyHandle), Object(GuzzleHttp\Handler\CurlFactory))
#3 E:\xampp73\htdocs\filecroco\loader\vendor\guzzlehttp\guzzle\src\Handler\CurlMultiHandler.php(110): GuzzleHttp\Handler\CurlMultiHandler->processMessages()
#4 E:\xampp73\htdocs\filecroco\loader\vendor\guzzlehttp\guzzle\src\Handler\CurlMultiHandler.php(125): GuzzleHttp\Handler\CurlMultiHandler->tick()
#5 E:\xampp73\htdocs\filecroco\loader\vendor\guzzlehttp\promises\src\Promise.php(246): GuzzleHttp\Handler\CurlMultiHandler->execute(true)
#6 E:\xampp73\htdocs\filecroco\loader\vendor\guzzlehttp\promises\src\Promise.php(223): GuzzleHttp\Promise\Promise->invokeWaitFn()
#7 E:\xampp73\htdocs\filecroco\loader\vendor\guzzlehttp\promises\src\Promise.php(267): GuzzleHttp\Promise\Promise->waitIfPending()
#8 E:\xampp73\htdocs\filecroco\loader\vendor\guzzlehttp\promises\src\Promise.php(225): GuzzleHttp\Promise\Promise->invokeWaitList()
#9 E:\xampp73\htdocs\filecroco\loader\vendor\guzzlehttp\promises\src\Promise.php(62): GuzzleHttp\Promise\Promise->waitIfPending()
#10 E:\xampp73\htdocs\filecroco\loader\vendor\guzzlehttp\promises\src\EachPromise.php(101): GuzzleHttp\Promise\Promise->wait()
#11 E:\xampp73\htdocs\filecroco\loader\vendor\guzzlehttp\promises\src\Promise.php(246): GuzzleHttp\Promise\EachPromise->GuzzleHttp\Promise\{closure}(true)
#12 E:\xampp73\htdocs\filecroco\loader\vendor\guzzlehttp\promises\src\Promise.php(223): GuzzleHttp\Promise\Promise->invokeWaitFn()
#13 E:\xampp73\htdocs\filecroco\loader\vendor\guzzlehttp\promises\src\Promise.php(62): GuzzleHttp\Promise\Promise->waitIfPending()
#14 E:\xampp73\htdocs\filecroco\loader\updatedownloadlink.php(95): GuzzleHttp\Promise\Promise->wait()
#15 {main}|715GuzzleHttp\Exception\RequestException: cURL error 56:  (see http://curl.haxx.se/libcurl/c/libcurl-errors.html) in E:\xampp73\htdocs\filecroco\loader\vendor\guzzlehttp\guzzle\src\Handler\CurlFactory.php:186
Stack trace:
#0 E:\xampp73\htdocs\filecroco\loader\vendor\guzzlehttp\guzzle\src\Handler\CurlFactory.php(149): GuzzleHttp\Handler\CurlFactory::createRejection(Object(GuzzleHttp\Handler\EasyHandle), Array)
#1 E:\xampp73\htdocs\filecroco\loader\vendor\guzzlehttp\guzzle\src\Handler\CurlFactory.php(102): GuzzleHttp\Handler\CurlFactory::finishError(Object(GuzzleHttp\Handler\CurlMultiHandler), Object(GuzzleHttp\Handler\EasyHandle), Object(GuzzleHttp\Handler\CurlFactory))
#2 E:\xampp73\htdocs\filecroco\loader\vendor\guzzlehttp\guzzle\src\Handler\CurlMultiHandler.php(181): GuzzleHttp\Handler\CurlFactory::finish(Object(GuzzleHttp\Handler\CurlMultiHandler), Object(GuzzleHttp\Handler\EasyHandle), Object(GuzzleHttp\Handler\CurlFactory))
#3 E:\xampp73\htdocs\filecroco\loader\vendor\guzzlehttp\guzzle\src\Handler\CurlMultiHandler.php(110): GuzzleHttp\Handler\CurlMultiHandler->processMessages()
#4 E:\xampp73\htdocs\filecroco\loader\vendor\guzzlehttp\guzzle\src\Handler\CurlMultiHandler.php(125): GuzzleHttp\Handler\CurlMultiHandler->tick()
#5 E:\xampp73\htdocs\filecroco\loader\vendor\guzzlehttp\promises\src\Promise.php(246): GuzzleHttp\Handler\CurlMultiHandler->execute(true)
#6 E:\xampp73\htdocs\filecroco\loader\vendor\guzzlehttp\promises\src\Promise.php(223): GuzzleHttp\Promise\Promise->invokeWaitFn()
#7 E:\xampp73\htdocs\filecroco\loader\vendor\guzzlehttp\promises\src\Promise.php(267): GuzzleHttp\Promise\Promise->waitIfPending()
#8 E:\xampp73\htdocs\filecroco\loader\vendor\guzzlehttp\promises\src\Promise.php(225): GuzzleHttp\Promise\Promise->invokeWaitList()
#9 E:\xampp73\htdocs\filecroco\loader\vendor\guzzlehttp\promises\src\Promise.php(62): GuzzleHttp\Promise\Promise->waitIfPending()
#10 E:\xampp73\htdocs\filecroco\loader\vendor\guzzlehttp\promises\src\EachPromise.php(101): GuzzleHttp\Promise\Promise->wait()
#11 E:\xampp73\htdocs\filecroco\loader\vendor\guzzlehttp\promises\src\Promise.php(246): GuzzleHttp\Promise\EachPromise->GuzzleHttp\Promise\{closure}(true)
#12 E:\xampp73\htdocs\filecroco\loader\vendor\guzzlehttp\promises\src\Promise.php(223): GuzzleHttp\Promise\Promise->invokeWaitFn()
#13 E:\xampp73\htdocs\filecroco\loader\vendor\guzzlehttp\promises\src\Promise.php(62): GuzzleHttp\Promise\Promise->waitIfPending()
#14 E:\xampp73\htdocs\filecroco\loader\updatedownloadlink.php(95): GuzzleHttp\Promise\Promise->wait()
#15 {main}|716GuzzleHttp\Exception\RequestException: cURL error 56:  (see http://curl.haxx.se/libcurl/c/libcurl-errors.html) in E:\xampp73\htdocs\filecroco\loader\vendor\guzzlehttp\guzzle\src\Handler\CurlFactory.php:186
Stack trace:
#0 E:\xampp73\htdocs\filecroco\loader\vendor\guzzlehttp\guzzle\src\Handler\CurlFactory.php(149): GuzzleHttp\Handler\CurlFactory::createRejection(Object(GuzzleHttp\Handler\EasyHandle), Array)
#1 E:\xampp73\htdocs\filecroco\loader\vendor\guzzlehttp\guzzle\src\Handler\CurlFactory.php(102): GuzzleHttp\Handler\CurlFactory::finishError(Object(GuzzleHttp\Handler\CurlMultiHandler), Object(GuzzleHttp\Handler\EasyHandle), Object(GuzzleHttp\Handler\CurlFactory))
#2 E:\xampp73\htdocs\filecroco\loader\vendor\guzzlehttp\guzzle\src\Handler\CurlMultiHandler.php(181): GuzzleHttp\Handler\CurlFactory::finish(Object(GuzzleHttp\Handler\CurlMultiHandler), Object(GuzzleHttp\Handler\EasyHandle), Object(GuzzleHttp\Handler\CurlFactory))
#3 E:\xampp73\htdocs\filecroco\loader\vendor\guzzlehttp\guzzle\src\Handler\CurlMultiHandler.php(110): GuzzleHttp\Handler\CurlMultiHandler->processMessages()
#4 E:\xampp73\htdocs\filecroco\loader\vendor\guzzlehttp\guzzle\src\Handler\CurlMultiHandler.php(125): GuzzleHttp\Handler\CurlMultiHandler->tick()
#5 E:\xampp73\htdocs\filecroco\loader\vendor\guzzlehttp\promises\src\Promise.php(246): GuzzleHttp\Handler\CurlMultiHandler->execute(true)
#6 E:\xampp73\htdocs\filecroco\loader\vendor\guzzlehttp\promises\src\Promise.php(223): GuzzleHttp\Promise\Promise->invokeWaitFn()
#7 E:\xampp73\htdocs\filecroco\loader\vendor\guzzlehttp\promises\src\Promise.php(267): GuzzleHttp\Promise\Promise->waitIfPending()
#8 E:\xampp73\htdocs\filecroco\loader\vendor\guzzlehttp\promises\src\Promise.php(225): GuzzleHttp\Promise\Promise->invokeWaitList()
#9 E:\xampp73\htdocs\filecroco\loader\vendor\guzzlehttp\promises\src\Promise.php(62): GuzzleHttp\Promise\Promise->waitIfPending()
#10 E:\xampp73\htdocs\filecroco\loader\vendor\guzzlehttp\promises\src\EachPromise.php(101): GuzzleHttp\Promise\Promise->wait()
#11 E:\xampp73\htdocs\filecroco\loader\vendor\guzzlehttp\promises\src\Promise.php(246): GuzzleHttp\Promise\EachPromise->GuzzleHttp\Promise\{closure}(true)
#12 E:\xampp73\htdocs\filecroco\loader\vendor\guzzlehttp\promises\src\Promise.php(223): GuzzleHttp\Promise\Promise->invokeWaitFn()
#13 E:\xampp73\htdocs\filecroco\loader\vendor\guzzlehttp\promises\src\Promise.php(62): GuzzleHttp\Promise\Promise->waitIfPending()
#14 E:\xampp73\htdocs\filecroco\loader\updatedownloadlink.php(95): GuzzleHttp\Promise\Promise->wait()
#15 {main}|717GuzzleHttp\Exception\RequestException: cURL error 56:  (see http://curl.haxx.se/libcurl/c/libcurl-errors.html) in E:\xampp73\htdocs\filecroco\loader\vendor\guzzlehttp\guzzle\src\Handler\CurlFactory.php:186
Stack trace:
#0 E:\xampp73\htdocs\filecroco\loader\vendor\guzzlehttp\guzzle\src\Handler\CurlFactory.php(149): GuzzleHttp\Handler\CurlFactory::createRejection(Object(GuzzleHttp\Handler\EasyHandle), Array)
#1 E:\xampp73\htdocs\filecroco\loader\vendor\guzzlehttp\guzzle\src\Handler\CurlFactory.php(102): GuzzleHttp\Handler\CurlFactory::finishError(Object(GuzzleHttp\Handler\CurlMultiHandler), Object(GuzzleHttp\Handler\EasyHandle), Object(GuzzleHttp\Handler\CurlFactory))
#2 E:\xampp73\htdocs\filecroco\loader\vendor\guzzlehttp\guzzle\src\Handler\CurlMultiHandler.php(181): GuzzleHttp\Handler\CurlFactory::finish(Object(GuzzleHttp\Handler\CurlMultiHandler), Object(GuzzleHttp\Handler\EasyHandle), Object(GuzzleHttp\Handler\CurlFactory))
#3 E:\xampp73\htdocs\filecroco\loader\vendor\guzzlehttp\guzzle\src\Handler\CurlMultiHandler.php(110): GuzzleHttp\Handler\CurlMultiHandler->processMessages()
#4 E:\xampp73\htdocs\filecroco\loader\vendor\guzzlehttp\guzzle\src\Handler\CurlMultiHandler.php(125): GuzzleHttp\Handler\CurlMultiHandler->tick()
#5 E:\xampp73\htdocs\filecroco\loader\vendor\guzzlehttp\promises\src\Promise.php(246): GuzzleHttp\Handler\CurlMultiHandler->execute(true)
#6 E:\xampp73\htdocs\filecroco\loader\vendor\guzzlehttp\promises\src\Promise.php(223): GuzzleHttp\Promise\Promise->invokeWaitFn()
#7 E:\xampp73\htdocs\filecroco\loader\vendor\guzzlehttp\promises\src\Promise.php(267): GuzzleHttp\Promise\Promise->waitIfPending()
#8 E:\xampp73\htdocs\filecroco\loader\vendor\guzzlehttp\promises\src\Promise.php(225): GuzzleHttp\Promise\Promise->invokeWaitList()
#9 E:\xampp73\htdocs\filecroco\loader\vendor\guzzlehttp\promises\src\Promise.php(62): GuzzleHttp\Promise\Promise->waitIfPending()
#10 E:\xampp73\htdocs\filecroco\loader\vendor\guzzlehttp\promises\src\EachPromise.php(101): GuzzleHttp\Promise\Promise->wait()
#11 E:\xampp73\htdocs\filecroco\loader\vendor\guzzlehttp\promises\src\Promise.php(246): GuzzleHttp\Promise\EachPromise->GuzzleHttp\Promise\{closure}(true)
#12 E:\xampp73\htdocs\filecroco\loader\vendor\guzzlehttp\promises\src\Promise.php(223): GuzzleHttp\Promise\Promise->invokeWaitFn()
#13 E:\xampp73\htdocs\filecroco\loader\vendor\guzzlehttp\promises\src\Promise.php(62): GuzzleHttp\Promise\Promise->waitIfPending()
#14 E:\xampp73\htdocs\filecroco\loader\updatedownloadlink.php(95): GuzzleHttp\Promise\Promise->wait()
#15 {main}|718GuzzleHttp\Exception\RequestException: cURL error 56:  (see http://curl.haxx.se/libcurl/c/libcurl-errors.html) in E:\xampp73\htdocs\filecroco\loader\vendor\guzzlehttp\guzzle\src\Handler\CurlFactory.php:186
Stack trace:
#0 E:\xampp73\htdocs\filecroco\loader\vendor\guzzlehttp\guzzle\src\Handler\CurlFactory.php(149): GuzzleHttp\Handler\CurlFactory::createRejection(Object(GuzzleHttp\Handler\EasyHandle), Array)
#1 E:\xampp73\htdocs\filecroco\loader\vendor\guzzlehttp\guzzle\src\Handler\CurlFactory.php(102): GuzzleHttp\Handler\CurlFactory::finishError(Object(GuzzleHttp\Handler\CurlMultiHandler), Object(GuzzleHttp\Handler\EasyHandle), Object(GuzzleHttp\Handler\CurlFactory))
#2 E:\xampp73\htdocs\filecroco\loader\vendor\guzzlehttp\guzzle\src\Handler\CurlMultiHandler.php(181): GuzzleHttp\Handler\CurlFactory::finish(Object(GuzzleHttp\Handler\CurlMultiHandler), Object(GuzzleHttp\Handler\EasyHandle), Object(GuzzleHttp\Handler\CurlFactory))
#3 E:\xampp73\htdocs\filecroco\loader\vendor\guzzlehttp\guzzle\src\Handler\CurlMultiHandler.php(110): GuzzleHttp\Handler\CurlMultiHandler->processMessages()
#4 E:\xampp73\htdocs\filecroco\loader\vendor\guzzlehttp\guzzle\src\Handler\CurlMultiHandler.php(125): GuzzleHttp\Handler\CurlMultiHandler->tick()
#5 E:\xampp73\htdocs\filecroco\loader\vendor\guzzlehttp\promises\src\Promise.php(246): GuzzleHttp\Handler\CurlMultiHandler->execute(true)
#6 E:\xampp73\htdocs\filecroco\loader\vendor\guzzlehttp\promises\src\Promise.php(223): GuzzleHttp\Promise\Promise->invokeWaitFn()
#7 E:\xampp73\htdocs\filecroco\loader\vendor\guzzlehttp\promises\src\Promise.php(267): GuzzleHttp\Promise\Promise->waitIfPending()
#8 E:\xampp73\htdocs\filecroco\loader\vendor\guzzlehttp\promises\src\Promise.php(225): GuzzleHttp\Promise\Promise->invokeWaitList()
#9 E:\xampp73\htdocs\filecroco\loader\vendor\guzzlehttp\promises\src\Promise.php(62): GuzzleHttp\Promise\Promise->waitIfPending()
#10 E:\xampp73\htdocs\filecroco\loader\vendor\guzzlehttp\promises\src\EachPromise.php(101): GuzzleHttp\Promise\Promise->wait()
#11 E:\xampp73\htdocs\filecroco\loader\vendor\guzzlehttp\promises\src\Promise.php(246): GuzzleHttp\Promise\EachPromise->GuzzleHttp\Promise\{closure}(true)
#12 E:\xampp73\htdocs\filecroco\loader\vendor\guzzlehttp\promises\src\Promise.php(223): GuzzleHttp\Promise\Promise->invokeWaitFn()
#13 E:\xampp73\htdocs\filecroco\loader\vendor\guzzlehttp\promises\src\Promise.php(62): GuzzleHttp\Promise\Promise->waitIfPending()
#14 E:\xampp73\htdocs\filecroco\loader\updatedownloadlink.php(95): GuzzleHttp\Promise\Promise->wait()
#15 {main}|719GuzzleHttp\Exception\RequestException: cURL error 56:  (see http://curl.haxx.se/libcurl/c/libcurl-errors.html) in E:\xampp73\htdocs\filecroco\loader\vendor\guzzlehttp\guzzle\src\Handler\CurlFactory.php:186
Stack trace:
#0 E:\xampp73\htdocs\filecroco\loader\vendor\guzzlehttp\guzzle\src\Handler\CurlFactory.php(149): GuzzleHttp\Handler\CurlFactory::createRejection(Object(GuzzleHttp\Handler\EasyHandle), Array)
#1 E:\xampp73\htdocs\filecroco\loader\vendor\guzzlehttp\guzzle\src\Handler\CurlFactory.php(102): GuzzleHttp\Handler\CurlFactory::finishError(Object(GuzzleHttp\Handler\CurlMultiHandler), Object(GuzzleHttp\Handler\EasyHandle), Object(GuzzleHttp\Handler\CurlFactory))
#2 E:\xampp73\htdocs\filecroco\loader\vendor\guzzlehttp\guzzle\src\Handler\CurlMultiHandler.php(181): GuzzleHttp\Handler\CurlFactory::finish(Object(GuzzleHttp\Handler\CurlMultiHandler), Object(GuzzleHttp\Handler\EasyHandle), Object(GuzzleHttp\Handler\CurlFactory))
#3 E:\xampp73\htdocs\filecroco\loader\vendor\guzzlehttp\guzzle\src\Handler\CurlMultiHandler.php(110): GuzzleHttp\Handler\CurlMultiHandler->processMessages()
#4 E:\xampp73\htdocs\filecroco\loader\vendor\guzzlehttp\guzzle\src\Handler\CurlMultiHandler.php(125): GuzzleHttp\Handler\CurlMultiHandler->tick()
#5 E:\xampp73\htdocs\filecroco\loader\vendor\guzzlehttp\promises\src\Promise.php(246): GuzzleHttp\Handler\CurlMultiHandler->execute(true)
#6 E:\xampp73\htdocs\filecroco\loader\vendor\guzzlehttp\promises\src\Promise.php(223): GuzzleHttp\Promise\Promise->invokeWaitFn()
#7 E:\xampp73\htdocs\filecroco\loader\vendor\guzzlehttp\promises\src\Promise.php(267): GuzzleHttp\Promise\Promise->waitIfPending()
#8 E:\xampp73\htdocs\filecroco\loader\vendor\guzzlehttp\promises\src\Promise.php(225): GuzzleHttp\Promise\Promise->invokeWaitList()
#9 E:\xampp73\htdocs\filecroco\loader\vendor\guzzlehttp\promises\src\Promise.php(62): GuzzleHttp\Promise\Promise->waitIfPending()
#10 E:\xampp73\htdocs\filecroco\loader\vendor\guzzlehttp\promises\src\EachPromise.php(101): GuzzleHttp\Promise\Promise->wait()
#11 E:\xampp73\htdocs\filecroco\loader\vendor\guzzlehttp\promises\src\Promise.php(246): GuzzleHttp\Promise\EachPromise->GuzzleHttp\Promise\{closure}(true)
#12 E:\xampp73\htdocs\filecroco\loader\vendor\guzzlehttp\promises\src\Promise.php(223): GuzzleHttp\Promise\Promise->invokeWaitFn()
#13 E:\xampp73\htdocs\filecroco\loader\vendor\guzzlehttp\promises\src\Promise.php(62): GuzzleHttp\Promise\Promise->waitIfPending()
#14 E:\xampp73\htdocs\filecroco\loader\updatedownloadlink.php(95): GuzzleHttp\Promise\Promise->wait()
#15 {main}|720GuzzleHttp\Exception\RequestException: cURL error 56:  (see http://curl.haxx.se/libcurl/c/libcurl-errors.html) in E:\xampp73\htdocs\filecroco\loader\vendor\guzzlehttp\guzzle\src\Handler\CurlFactory.php:186
Stack trace:
#0 E:\xampp73\htdocs\filecroco\loader\vendor\guzzlehttp\guzzle\src\Handler\CurlFactory.php(149): GuzzleHttp\Handler\CurlFactory::createRejection(Object(GuzzleHttp\Handler\EasyHandle), Array)
#1 E:\xampp73\htdocs\filecroco\loader\vendor\guzzlehttp\guzzle\src\Handler\CurlFactory.php(102): GuzzleHttp\Handler\CurlFactory::finishError(Object(GuzzleHttp\Handler\CurlMultiHandler), Object(GuzzleHttp\Handler\EasyHandle), Object(GuzzleHttp\Handler\CurlFactory))
#2 E:\xampp73\htdocs\filecroco\loader\vendor\guzzlehttp\guzzle\src\Handler\CurlMultiHandler.php(181): GuzzleHttp\Handler\CurlFactory::finish(Object(GuzzleHttp\Handler\CurlMultiHandler), Object(GuzzleHttp\Handler\EasyHandle), Object(GuzzleHttp\Handler\CurlFactory))
#3 E:\xampp73\htdocs\filecroco\loader\vendor\guzzlehttp\guzzle\src\Handler\CurlMultiHandler.php(110): GuzzleHttp\Handler\CurlMultiHandler->processMessages()
#4 E:\xampp73\htdocs\filecroco\loader\vendor\guzzlehttp\guzzle\src\Handler\CurlMultiHandler.php(125): GuzzleHttp\Handler\CurlMultiHandler->tick()
#5 E:\xampp73\htdocs\filecroco\loader\vendor\guzzlehttp\promises\src\Promise.php(246): GuzzleHttp\Handler\CurlMultiHandler->execute(true)
#6 E:\xampp73\htdocs\filecroco\loader\vendor\guzzlehttp\promises\src\Promise.php(223): GuzzleHttp\Promise\Promise->invokeWaitFn()
#7 E:\xampp73\htdocs\filecroco\loader\vendor\guzzlehttp\promises\src\Promise.php(267): GuzzleHttp\Promise\Promise->waitIfPending()
#8 E:\xampp73\htdocs\filecroco\loader\vendor\guzzlehttp\promises\src\Promise.php(225): GuzzleHttp\Promise\Promise->invokeWaitList()
#9 E:\xampp73\htdocs\filecroco\loader\vendor\guzzlehttp\promises\src\Promise.php(62): GuzzleHttp\Promise\Promise->waitIfPending()
#10 E:\xampp73\htdocs\filecroco\loader\vendor\guzzlehttp\promises\src\EachPromise.php(101): GuzzleHttp\Promise\Promise->wait()
#11 E:\xampp73\htdocs\filecroco\loader\vendor\guzzlehttp\promises\src\Promise.php(246): GuzzleHttp\Promise\EachPromise->GuzzleHttp\Promise\{closure}(true)
#12 E:\xampp73\htdocs\filecroco\loader\vendor\guzzlehttp\promises\src\Promise.php(223): GuzzleHttp\Promise\Promise->invokeWaitFn()
#13 E:\xampp73\htdocs\filecroco\loader\vendor\guzzlehttp\promises\src\Promise.php(62): GuzzleHttp\Promise\Promise->waitIfPending()
#14 E:\xampp73\htdocs\filecroco\loader\updatedownloadlink.php(95): GuzzleHttp\Promise\Promise->wait()
#15 {main}|721GuzzleHttp\Exception\RequestException: cURL error 56:  (see http://curl.haxx.se/libcurl/c/libcurl-errors.html) in E:\xampp73\htdocs\filecroco\loader\vendor\guzzlehttp\guzzle\src\Handler\CurlFactory.php:186
Stack trace:
#0 E:\xampp73\htdocs\filecroco\loader\vendor\guzzlehttp\guzzle\src\Handler\CurlFactory.php(149): GuzzleHttp\Handler\CurlFactory::createRejection(Object(GuzzleHttp\Handler\EasyHandle), Array)
#1 E:\xampp73\htdocs\filecroco\loader\vendor\guzzlehttp\guzzle\src\Handler\CurlFactory.php(102): GuzzleHttp\Handler\CurlFactory::finishError(Object(GuzzleHttp\Handler\CurlMultiHandler), Object(GuzzleHttp\Handler\EasyHandle), Object(GuzzleHttp\Handler\CurlFactory))
#2 E:\xampp73\htdocs\filecroco\loader\vendor\guzzlehttp\guzzle\src\Handler\CurlMultiHandler.php(181): GuzzleHttp\Handler\CurlFactory::finish(Object(GuzzleHttp\Handler\CurlMultiHandler), Object(GuzzleHttp\Handler\EasyHandle), Object(GuzzleHttp\Handler\CurlFactory))
#3 E:\xampp73\htdocs\filecroco\loader\vendor\guzzlehttp\guzzle\src\Handler\CurlMultiHandler.php(110): GuzzleHttp\Handler\CurlMultiHandler->processMessages()
#4 E:\xampp73\htdocs\filecroco\loader\vendor\guzzlehttp\guzzle\src\Handler\CurlMultiHandler.php(125): GuzzleHttp\Handler\CurlMultiHandler->tick()
#5 E:\xampp73\htdocs\filecroco\loader\vendor\guzzlehttp\promises\src\Promise.php(246): GuzzleHttp\Handler\CurlMultiHandler->execute(true)
#6 E:\xampp73\htdocs\filecroco\loader\vendor\guzzlehttp\promises\src\Promise.php(223): GuzzleHttp\Promise\Promise->invokeWaitFn()
#7 E:\xampp73\htdocs\filecroco\loader\vendor\guzzlehttp\promises\src\Promise.php(267): GuzzleHttp\Promise\Promise->waitIfPending()
#8 E:\xampp73\htdocs\filecroco\loader\vendor\guzzlehttp\promises\src\Promise.php(225): GuzzleHttp\Promise\Promise->invokeWaitList()
#9 E:\xampp73\htdocs\filecroco\loader\vendor\guzzlehttp\promises\src\Promise.php(62): GuzzleHttp\Promise\Promise->waitIfPending()
#10 E:\xampp73\htdocs\filecroco\loader\vendor\guzzlehttp\promises\src\EachPromise.php(101): GuzzleHttp\Promise\Promise->wait()
#11 E:\xampp73\htdocs\filecroco\loader\vendor\guzzlehttp\promises\src\Promise.php(246): GuzzleHttp\Promise\EachPromise->GuzzleHttp\Promise\{closure}(true)
#12 E:\xampp73\htdocs\filecroco\loader\vendor\guzzlehttp\promises\src\Promise.php(223): GuzzleHttp\Promise\Promise->invokeWaitFn()
#13 E:\xampp73\htdocs\filecroco\loader\vendor\guzzlehttp\promises\src\Promise.php(62): GuzzleHttp\Promise\Promise->waitIfPending()
#14 E:\xampp73\htdocs\filecroco\loader\updatedownloadlink.php(95): GuzzleHttp\Promise\Promise->wait()
#15 {main}|722GuzzleHttp\Exception\RequestException: cURL error 56:  (see http://curl.haxx.se/libcurl/c/libcurl-errors.html) in E:\xampp73\htdocs\filecroco\loader\vendor\guzzlehttp\guzzle\src\Handler\CurlFactory.php:186
Stack trace:
#0 E:\xampp73\htdocs\filecroco\loader\vendor\guzzlehttp\guzzle\src\Handler\CurlFactory.php(149): GuzzleHttp\Handler\CurlFactory::createRejection(Object(GuzzleHttp\Handler\EasyHandle), Array)
#1 E:\xampp73\htdocs\filecroco\loader\vendor\guzzlehttp\guzzle\src\Handler\CurlFactory.php(102): GuzzleHttp\Handler\CurlFactory::finishError(Object(GuzzleHttp\Handler\CurlMultiHandler), Object(GuzzleHttp\Handler\EasyHandle), Object(GuzzleHttp\Handler\CurlFactory))
#2 E:\xampp73\htdocs\filecroco\loader\vendor\guzzlehttp\guzzle\src\Handler\CurlMultiHandler.php(181): GuzzleHttp\Handler\CurlFactory::finish(Object(GuzzleHttp\Handler\CurlMultiHandler), Object(GuzzleHttp\Handler\EasyHandle), Object(GuzzleHttp\Handler\CurlFactory))
#3 E:\xampp73\htdocs\filecroco\loader\vendor\guzzlehttp\guzzle\src\Handler\CurlMultiHandler.php(110): GuzzleHttp\Handler\CurlMultiHandler->processMessages()
#4 E:\xampp73\htdocs\filecroco\loader\vendor\guzzlehttp\guzzle\src\Handler\CurlMultiHandler.php(125): GuzzleHttp\Handler\CurlMultiHandler->tick()
#5 E:\xampp73\htdocs\filecroco\loader\vendor\guzzlehttp\promises\src\Promise.php(246): GuzzleHttp\Handler\CurlMultiHandler->execute(true)
#6 E:\xampp73\htdocs\filecroco\loader\vendor\guzzlehttp\promises\src\Promise.php(223): GuzzleHttp\Promise\Promise->invokeWaitFn()
#7 E:\xampp73\htdocs\filecroco\loader\vendor\guzzlehttp\promises\src\Promise.php(267): GuzzleHttp\Promise\Promise->waitIfPending()
#8 E:\xampp73\htdocs\filecroco\loader\vendor\guzzlehttp\promises\src\Promise.php(225): GuzzleHttp\Promise\Promise->invokeWaitList()
#9 E:\xampp73\htdocs\filecroco\loader\vendor\guzzlehttp\promises\src\Promise.php(62): GuzzleHttp\Promise\Promise->waitIfPending()
#10 E:\xampp73\htdocs\filecroco\loader\vendor\guzzlehttp\promises\src\EachPromise.php(101): GuzzleHttp\Promise\Promise->wait()
#11 E:\xampp73\htdocs\filecroco\loader\vendor\guzzlehttp\promises\src\Promise.php(246): GuzzleHttp\Promise\EachPromise->GuzzleHttp\Promise\{closure}(true)
#12 E:\xampp73\htdocs\filecroco\loader\vendor\guzzlehttp\promises\src\Promise.php(223): GuzzleHttp\Promise\Promise->invokeWaitFn()
#13 E:\xampp73\htdocs\filecroco\loader\vendor\guzzlehttp\promises\src\Promise.php(62): GuzzleHttp\Promise\Promise->waitIfPending()
#14 E:\xampp73\htdocs\filecroco\loader\updatedownloadlink.php(95): GuzzleHttp\Promise\Promise->wait()
#15 {main}|723GuzzleHttp\Exception\RequestException: cURL error 56:  (see http://curl.haxx.se/libcurl/c/libcurl-errors.html) in E:\xampp73\htdocs\filecroco\loader\vendor\guzzlehttp\guzzle\src\Handler\CurlFactory.php:186
Stack trace:
#0 E:\xampp73\htdocs\filecroco\loader\vendor\guzzlehttp\guzzle\src\Handler\CurlFactory.php(149): GuzzleHttp\Handler\CurlFactory::createRejection(Object(GuzzleHttp\Handler\EasyHandle), Array)
#1 E:\xampp73\htdocs\filecroco\loader\vendor\guzzlehttp\guzzle\src\Handler\CurlFactory.php(102): GuzzleHttp\Handler\CurlFactory::finishError(Object(GuzzleHttp\Handler\CurlMultiHandler), Object(GuzzleHttp\Handler\EasyHandle), Object(GuzzleHttp\Handler\CurlFactory))
#2 E:\xampp73\htdocs\filecroco\loader\vendor\guzzlehttp\guzzle\src\Handler\CurlMultiHandler.php(181): GuzzleHttp\Handler\CurlFactory::finish(Object(GuzzleHttp\Handler\CurlMultiHandler), Object(GuzzleHttp\Handler\EasyHandle), Object(GuzzleHttp\Handler\CurlFactory))
#3 E:\xampp73\htdocs\filecroco\loader\vendor\guzzlehttp\guzzle\src\Handler\CurlMultiHandler.php(110): GuzzleHttp\Handler\CurlMultiHandler->processMessages()
#4 E:\xampp73\htdocs\filecroco\loader\vendor\guzzlehttp\guzzle\src\Handler\CurlMultiHandler.php(125): GuzzleHttp\Handler\CurlMultiHandler->tick()
#5 E:\xampp73\htdocs\filecroco\loader\vendor\guzzlehttp\promises\src\Promise.php(246): GuzzleHttp\Handler\CurlMultiHandler->execute(true)
#6 E:\xampp73\htdocs\filecroco\loader\vendor\guzzlehttp\promises\src\Promise.php(223): GuzzleHttp\Promise\Promise->invokeWaitFn()
#7 E:\xampp73\htdocs\filecroco\loader\vendor\guzzlehttp\promises\src\Promise.php(267): GuzzleHttp\Promise\Promise->waitIfPending()
#8 E:\xampp73\htdocs\filecroco\loader\vendor\guzzlehttp\promises\src\Promise.php(225): GuzzleHttp\Promise\Promise->invokeWaitList()
#9 E:\xampp73\htdocs\filecroco\loader\vendor\guzzlehttp\promises\src\Promise.php(62): GuzzleHttp\Promise\Promise->waitIfPending()
#10 E:\xampp73\htdocs\filecroco\loader\vendor\guzzlehttp\promises\src\EachPromise.php(101): GuzzleHttp\Promise\Promise->wait()
#11 E:\xampp73\htdocs\filecroco\loader\vendor\guzzlehttp\promises\src\Promise.php(246): GuzzleHttp\Promise\EachPromise->GuzzleHttp\Promise\{closure}(true)
#12 E:\xampp73\htdocs\filecroco\loader\vendor\guzzlehttp\promises\src\Promise.php(223): GuzzleHttp\Promise\Promise->invokeWaitFn()
#13 E:\xampp73\htdocs\filecroco\loader\vendor\guzzlehttp\promises\src\Promise.php(62): GuzzleHttp\Promise\Promise->waitIfPending()
#14 E:\xampp73\htdocs\filecroco\loader\updatedownloadlink.php(95): GuzzleHttp\Promise\Promise->wait()
#15 {main}|724GuzzleHttp\Exception\RequestException: cURL error 56:  (see http://curl.haxx.se/libcurl/c/libcurl-errors.html) in E:\xampp73\htdocs\filecroco\loader\vendor\guzzlehttp\guzzle\src\Handler\CurlFactory.php:186
Stack trace:
#0 E:\xampp73\htdocs\filecroco\loader\vendor\guzzlehttp\guzzle\src\Handler\CurlFactory.php(149): GuzzleHttp\Handler\CurlFactory::createRejection(Object(GuzzleHttp\Handler\EasyHandle), Array)
#1 E:\xampp73\htdocs\filecroco\loader\vendor\guzzlehttp\guzzle\src\Handler\CurlFactory.php(102): GuzzleHttp\Handler\CurlFactory::finishError(Object(GuzzleHttp\Handler\CurlMultiHandler), Object(GuzzleHttp\Handler\EasyHandle), Object(GuzzleHttp\Handler\CurlFactory))
#2 E:\xampp73\htdocs\filecroco\loader\vendor\guzzlehttp\guzzle\src\Handler\CurlMultiHandler.php(181): GuzzleHttp\Handler\CurlFactory::finish(Object(GuzzleHttp\Handler\CurlMultiHandler), Object(GuzzleHttp\Handler\EasyHandle), Object(GuzzleHttp\Handler\CurlFactory))
#3 E:\xampp73\htdocs\filecroco\loader\vendor\guzzlehttp\guzzle\src\Handler\CurlMultiHandler.php(110): GuzzleHttp\Handler\CurlMultiHandler->processMessages()
#4 E:\xampp73\htdocs\filecroco\loader\vendor\guzzlehttp\guzzle\src\Handler\CurlMultiHandler.php(125): GuzzleHttp\Handler\CurlMultiHandler->tick()
#5 E:\xampp73\htdocs\filecroco\loader\vendor\guzzlehttp\promises\src\Promise.php(246): GuzzleHttp\Handler\CurlMultiHandler->execute(true)
#6 E:\xampp73\htdocs\filecroco\loader\vendor\guzzlehttp\promises\src\Promise.php(223): GuzzleHttp\Promise\Promise->invokeWaitFn()
#7 E:\xampp73\htdocs\filecroco\loader\vendor\guzzlehttp\promises\src\Promise.php(267): GuzzleHttp\Promise\Promise->waitIfPending()
#8 E:\xampp73\htdocs\filecroco\loader\vendor\guzzlehttp\promises\src\Promise.php(225): GuzzleHttp\Promise\Promise->invokeWaitList()
#9 E:\xampp73\htdocs\filecroco\loader\vendor\guzzlehttp\promises\src\Promise.php(62): GuzzleHttp\Promise\Promise->waitIfPending()
#10 E:\xampp73\htdocs\filecroco\loader\vendor\guzzlehttp\promises\src\EachPromise.php(101): GuzzleHttp\Promise\Promise->wait()
#11 E:\xampp73\htdocs\filecroco\loader\vendor\guzzlehttp\promises\src\Promise.php(246): GuzzleHttp\Promise\EachPromise->GuzzleHttp\Promise\{closure}(true)
#12 E:\xampp73\htdocs\filecroco\loader\vendor\guzzlehttp\promises\src\Promise.php(223): GuzzleHttp\Promise\Promise->invokeWaitFn()
#13 E:\xampp73\htdocs\filecroco\loader\vendor\guzzlehttp\promises\src\Promise.php(62): GuzzleHttp\Promise\Promise->waitIfPending()
#14 E:\xampp73\htdocs\filecroco\loader\updatedownloadlink.php(95): GuzzleHttp\Promise\Promise->wait()
#15 {main}|725GuzzleHttp\Exception\RequestException: cURL error 56:  (see http://curl.haxx.se/libcurl/c/libcurl-errors.html) in E:\xampp73\htdocs\filecroco\loader\vendor\guzzlehttp\guzzle\src\Handler\CurlFactory.php:186
Stack trace:
#0 E:\xampp73\htdocs\filecroco\loader\vendor\guzzlehttp\guzzle\src\Handler\CurlFactory.php(149): GuzzleHttp\Handler\CurlFactory::createRejection(Object(GuzzleHttp\Handler\EasyHandle), Array)
#1 E:\xampp73\htdocs\filecroco\loader\vendor\guzzlehttp\guzzle\src\Handler\CurlFactory.php(102): GuzzleHttp\Handler\CurlFactory::finishError(Object(GuzzleHttp\Handler\CurlMultiHandler), Object(GuzzleHttp\Handler\EasyHandle), Object(GuzzleHttp\Handler\CurlFactory))
#2 E:\xampp73\htdocs\filecroco\loader\vendor\guzzlehttp\guzzle\src\Handler\CurlMultiHandler.php(181): GuzzleHttp\Handler\CurlFactory::finish(Object(GuzzleHttp\Handler\CurlMultiHandler), Object(GuzzleHttp\Handler\EasyHandle), Object(GuzzleHttp\Handler\CurlFactory))
#3 E:\xampp73\htdocs\filecroco\loader\vendor\guzzlehttp\guzzle\src\Handler\CurlMultiHandler.php(110): GuzzleHttp\Handler\CurlMultiHandler->processMessages()
#4 E:\xampp73\htdocs\filecroco\loader\vendor\guzzlehttp\guzzle\src\Handler\CurlMultiHandler.php(125): GuzzleHttp\Handler\CurlMultiHandler->tick()
#5 E:\xampp73\htdocs\filecroco\loader\vendor\guzzlehttp\promises\src\Promise.php(246): GuzzleHttp\Handler\CurlMultiHandler->execute(true)
#6 E:\xampp73\htdocs\filecroco\loader\vendor\guzzlehttp\promises\src\Promise.php(223): GuzzleHttp\Promise\Promise->invokeWaitFn()
#7 E:\xampp73\htdocs\filecroco\loader\vendor\guzzlehttp\promises\src\Promise.php(267): GuzzleHttp\Promise\Promise->waitIfPending()
#8 E:\xampp73\htdocs\filecroco\loader\vendor\guzzlehttp\promises\src\Promise.php(225): GuzzleHttp\Promise\Promise->invokeWaitList()
#9 E:\xampp73\htdocs\filecroco\loader\vendor\guzzlehttp\promises\src\Promise.php(62): GuzzleHttp\Promise\Promise->waitIfPending()
#10 E:\xampp73\htdocs\filecroco\loader\vendor\guzzlehttp\promises\src\EachPromise.php(101): GuzzleHttp\Promise\Promise->wait()
#11 E:\xampp73\htdocs\filecroco\loader\vendor\guzzlehttp\promises\src\Promise.php(246): GuzzleHttp\Promise\EachPromise->GuzzleHttp\Promise\{closure}(true)
#12 E:\xampp73\htdocs\filecroco\loader\vendor\guzzlehttp\promises\src\Promise.php(223): GuzzleHttp\Promise\Promise->invokeWaitFn()
#13 E:\xampp73\htdocs\filecroco\loader\vendor\guzzlehttp\promises\src\Promise.php(62): GuzzleHttp\Promise\Promise->waitIfPending()
#14 E:\xampp73\htdocs\filecroco\loader\updatedownloadlink.php(95): GuzzleHttp\Promise\Promise->wait()
#15 {main}|726GuzzleHttp\Exception\RequestException: cURL error 56:  (see http://curl.haxx.se/libcurl/c/libcurl-errors.html) in E:\xampp73\htdocs\filecroco\loader\vendor\guzzlehttp\guzzle\src\Handler\CurlFactory.php:186
Stack trace:
#0 E:\xampp73\htdocs\filecroco\loader\vendor\guzzlehttp\guzzle\src\Handler\CurlFactory.php(149): GuzzleHttp\Handler\CurlFactory::createRejection(Object(GuzzleHttp\Handler\EasyHandle), Array)
#1 E:\xampp73\htdocs\filecroco\loader\vendor\guzzlehttp\guzzle\src\Handler\CurlFactory.php(102): GuzzleHttp\Handler\CurlFactory::finishError(Object(GuzzleHttp\Handler\CurlMultiHandler), Object(GuzzleHttp\Handler\EasyHandle), Object(GuzzleHttp\Handler\CurlFactory))
#2 E:\xampp73\htdocs\filecroco\loader\vendor\guzzlehttp\guzzle\src\Handler\CurlMultiHandler.php(181): GuzzleHttp\Handler\CurlFactory::finish(Object(GuzzleHttp\Handler\CurlMultiHandler), Object(GuzzleHttp\Handler\EasyHandle), Object(GuzzleHttp\Handler\CurlFactory))
#3 E:\xampp73\htdocs\filecroco\loader\vendor\guzzlehttp\guzzle\src\Handler\CurlMultiHandler.php(110): GuzzleHttp\Handler\CurlMultiHandler->processMessages()
#4 E:\xampp73\htdocs\filecroco\loader\vendor\guzzlehttp\guzzle\src\Handler\CurlMultiHandler.php(125): GuzzleHttp\Handler\CurlMultiHandler->tick()
#5 E:\xampp73\htdocs\filecroco\loader\vendor\guzzlehttp\promises\src\Promise.php(246): GuzzleHttp\Handler\CurlMultiHandler->execute(true)
#6 E:\xampp73\htdocs\filecroco\loader\vendor\guzzlehttp\promises\src\Promise.php(223): GuzzleHttp\Promise\Promise->invokeWaitFn()
#7 E:\xampp73\htdocs\filecroco\loader\vendor\guzzlehttp\promises\src\Promise.php(267): GuzzleHttp\Promise\Promise->waitIfPending()
#8 E:\xampp73\htdocs\filecroco\loader\vendor\guzzlehttp\promises\src\Promise.php(225): GuzzleHttp\Promise\Promise->invokeWaitList()
#9 E:\xampp73\htdocs\filecroco\loader\vendor\guzzlehttp\promises\src\Promise.php(62): GuzzleHttp\Promise\Promise->waitIfPending()
#10 E:\xampp73\htdocs\filecroco\loader\vendor\guzzlehttp\promises\src\EachPromise.php(101): GuzzleHttp\Promise\Promise->wait()
#11 E:\xampp73\htdocs\filecroco\loader\vendor\guzzlehttp\promises\src\Promise.php(246): GuzzleHttp\Promise\EachPromise->GuzzleHttp\Promise\{closure}(true)
#12 E:\xampp73\htdocs\filecroco\loader\vendor\guzzlehttp\promises\src\Promise.php(223): GuzzleHttp\Promise\Promise->invokeWaitFn()
#13 E:\xampp73\htdocs\filecroco\loader\vendor\guzzlehttp\promises\src\Promise.php(62): GuzzleHttp\Promise\Promise->waitIfPending()
#14 E:\xampp73\htdocs\filecroco\loader\updatedownloadlink.php(95): GuzzleHttp\Promise\Promise->wait()
#15 {main}|727GuzzleHttp\Exception\RequestException: cURL error 56:  (see http://curl.haxx.se/libcurl/c/libcurl-errors.html) in E:\xampp73\htdocs\filecroco\loader\vendor\guzzlehttp\guzzle\src\Handler\CurlFactory.php:186
Stack trace:
#0 E:\xampp73\htdocs\filecroco\loader\vendor\guzzlehttp\guzzle\src\Handler\CurlFactory.php(149): GuzzleHttp\Handler\CurlFactory::createRejection(Object(GuzzleHttp\Handler\EasyHandle), Array)
#1 E:\xampp73\htdocs\filecroco\loader\vendor\guzzlehttp\guzzle\src\Handler\CurlFactory.php(102): GuzzleHttp\Handler\CurlFactory::finishError(Object(GuzzleHttp\Handler\CurlMultiHandler), Object(GuzzleHttp\Handler\EasyHandle), Object(GuzzleHttp\Handler\CurlFactory))
#2 E:\xampp73\htdocs\filecroco\loader\vendor\guzzlehttp\guzzle\src\Handler\CurlMultiHandler.php(181): GuzzleHttp\Handler\CurlFactory::finish(Object(GuzzleHttp\Handler\CurlMultiHandler), Object(GuzzleHttp\Handler\EasyHandle), Object(GuzzleHttp\Handler\CurlFactory))
#3 E:\xampp73\htdocs\filecroco\loader\vendor\guzzlehttp\guzzle\src\Handler\CurlMultiHandler.php(110): GuzzleHttp\Handler\CurlMultiHandler->processMessages()
#4 E:\xampp73\htdocs\filecroco\loader\vendor\guzzlehttp\guzzle\src\Handler\CurlMultiHandler.php(125): GuzzleHttp\Handler\CurlMultiHandler->tick()
#5 E:\xampp73\htdocs\filecroco\loader\vendor\guzzlehttp\promises\src\Promise.php(246): GuzzleHttp\Handler\CurlMultiHandler->execute(true)
#6 E:\xampp73\htdocs\filecroco\loader\vendor\guzzlehttp\promises\src\Promise.php(223): GuzzleHttp\Promise\Promise->invokeWaitFn()
#7 E:\xampp73\htdocs\filecroco\loader\vendor\guzzlehttp\promises\src\Promise.php(267): GuzzleHttp\Promise\Promise->waitIfPending()
#8 E:\xampp73\htdocs\filecroco\loader\vendor\guzzlehttp\promises\src\Promise.php(225): GuzzleHttp\Promise\Promise->invokeWaitList()
#9 E:\xampp73\htdocs\filecroco\loader\vendor\guzzlehttp\promises\src\Promise.php(62): GuzzleHttp\Promise\Promise->waitIfPending()
#10 E:\xampp73\htdocs\filecroco\loader\vendor\guzzlehttp\promises\src\EachPromise.php(101): GuzzleHttp\Promise\Promise->wait()
#11 E:\xampp73\htdocs\filecroco\loader\vendor\guzzlehttp\promises\src\Promise.php(246): GuzzleHttp\Promise\EachPromise->GuzzleHttp\Promise\{closure}(true)
#12 E:\xampp73\htdocs\filecroco\loader\vendor\guzzlehttp\promises\src\Promise.php(223): GuzzleHttp\Promise\Promise->invokeWaitFn()
#13 E:\xampp73\htdocs\filecroco\loader\vendor\guzzlehttp\promises\src\Promise.php(62): GuzzleHttp\Promise\Promise->waitIfPending()
#14 E:\xampp73\htdocs\filecroco\loader\updatedownloadlink.php(95): GuzzleHttp\Promise\Promise->wait()
#15 {main}|728GuzzleHttp\Exception\RequestException: cURL error 56:  (see http://curl.haxx.se/libcurl/c/libcurl-errors.html) in E:\xampp73\htdocs\filecroco\loader\vendor\guzzlehttp\guzzle\src\Handler\CurlFactory.php:186
Stack trace:
#0 E:\xampp73\htdocs\filecroco\loader\vendor\guzzlehttp\guzzle\src\Handler\CurlFactory.php(149): GuzzleHttp\Handler\CurlFactory::createRejection(Object(GuzzleHttp\Handler\EasyHandle), Array)
#1 E:\xampp73\htdocs\filecroco\loader\vendor\guzzlehttp\guzzle\src\Handler\CurlFactory.php(102): GuzzleHttp\Handler\CurlFactory::finishError(Object(GuzzleHttp\Handler\CurlMultiHandler), Object(GuzzleHttp\Handler\EasyHandle), Object(GuzzleHttp\Handler\CurlFactory))
#2 E:\xampp73\htdocs\filecroco\loader\vendor\guzzlehttp\guzzle\src\Handler\CurlMultiHandler.php(181): GuzzleHttp\Handler\CurlFactory::finish(Object(GuzzleHttp\Handler\CurlMultiHandler), Object(GuzzleHttp\Handler\EasyHandle), Object(GuzzleHttp\Handler\CurlFactory))
#3 E:\xampp73\htdocs\filecroco\loader\vendor\guzzlehttp\guzzle\src\Handler\CurlMultiHandler.php(110): GuzzleHttp\Handler\CurlMultiHandler->processMessages()
#4 E:\xampp73\htdocs\filecroco\loader\vendor\guzzlehttp\guzzle\src\Handler\CurlMultiHandler.php(125): GuzzleHttp\Handler\CurlMultiHandler->tick()
#5 E:\xampp73\htdocs\filecroco\loader\vendor\guzzlehttp\promises\src\Promise.php(246): GuzzleHttp\Handler\CurlMultiHandler->execute(true)
#6 E:\xampp73\htdocs\filecroco\loader\vendor\guzzlehttp\promises\src\Promise.php(223): GuzzleHttp\Promise\Promise->invokeWaitFn()
#7 E:\xampp73\htdocs\filecroco\loader\vendor\guzzlehttp\promises\src\Promise.php(267): GuzzleHttp\Promise\Promise->waitIfPending()
#8 E:\xampp73\htdocs\filecroco\loader\vendor\guzzlehttp\promises\src\Promise.php(225): GuzzleHttp\Promise\Promise->invokeWaitList()
#9 E:\xampp73\htdocs\filecroco\loader\vendor\guzzlehttp\promises\src\Promise.php(62): GuzzleHttp\Promise\Promise->waitIfPending()
#10 E:\xampp73\htdocs\filecroco\loader\vendor\guzzlehttp\promises\src\EachPromise.php(101): GuzzleHttp\Promise\Promise->wait()
#11 E:\xampp73\htdocs\filecroco\loader\vendor\guzzlehttp\promises\src\Promise.php(246): GuzzleHttp\Promise\EachPromise->GuzzleHttp\Promise\{closure}(true)
#12 E:\xampp73\htdocs\filecroco\loader\vendor\guzzlehttp\promises\src\Promise.php(223): GuzzleHttp\Promise\Promise->invokeWaitFn()
#13 E:\xampp73\htdocs\filecroco\loader\vendor\guzzlehttp\promises\src\Promise.php(62): GuzzleHttp\Promise\Promise->waitIfPending()
#14 E:\xampp73\htdocs\filecroco\loader\updatedownloadlink.php(95): GuzzleHttp\Promise\Promise->wait()
#15 {main}|729GuzzleHttp\Exception\RequestException: cURL error 56:  (see http://curl.haxx.se/libcurl/c/libcurl-errors.html) in E:\xampp73\htdocs\filecroco\loader\vendor\guzzlehttp\guzzle\src\Handler\CurlFactory.php:186
Stack trace:
#0 E:\xampp73\htdocs\filecroco\loader\vendor\guzzlehttp\guzzle\src\Handler\CurlFactory.php(149): GuzzleHttp\Handler\CurlFactory::createRejection(Object(GuzzleHttp\Handler\EasyHandle), Array)
#1 E:\xampp73\htdocs\filecroco\loader\vendor\guzzlehttp\guzzle\src\Handler\CurlFactory.php(102): GuzzleHttp\Handler\CurlFactory::finishError(Object(GuzzleHttp\Handler\CurlMultiHandler), Object(GuzzleHttp\Handler\EasyHandle), Object(GuzzleHttp\Handler\CurlFactory))
#2 E:\xampp73\htdocs\filecroco\loader\vendor\guzzlehttp\guzzle\src\Handler\CurlMultiHandler.php(181): GuzzleHttp\Handler\CurlFactory::finish(Object(GuzzleHttp\Handler\CurlMultiHandler), Object(GuzzleHttp\Handler\EasyHandle), Object(GuzzleHttp\Handler\CurlFactory))
#3 E:\xampp73\htdocs\filecroco\loader\vendor\guzzlehttp\guzzle\src\Handler\CurlMultiHandler.php(110): GuzzleHttp\Handler\CurlMultiHandler->processMessages()
#4 E:\xampp73\htdocs\filecroco\loader\vendor\guzzlehttp\guzzle\src\Handler\CurlMultiHandler.php(125): GuzzleHttp\Handler\CurlMultiHandler->tick()
#5 E:\xampp73\htdocs\filecroco\loader\vendor\guzzlehttp\promises\src\Promise.php(246): GuzzleHttp\Handler\CurlMultiHandler->execute(true)
#6 E:\xampp73\htdocs\filecroco\loader\vendor\guzzlehttp\promises\src\Promise.php(223): GuzzleHttp\Promise\Promise->invokeWaitFn()
#7 E:\xampp73\htdocs\filecroco\loader\vendor\guzzlehttp\promises\src\Promise.php(267): GuzzleHttp\Promise\Promise->waitIfPending()
#8 E:\xampp73\htdocs\filecroco\loader\vendor\guzzlehttp\promises\src\Promise.php(225): GuzzleHttp\Promise\Promise->invokeWaitList()
#9 E:\xampp73\htdocs\filecroco\loader\vendor\guzzlehttp\promises\src\Promise.php(62): GuzzleHttp\Promise\Promise->waitIfPending()
#10 E:\xampp73\htdocs\filecroco\loader\vendor\guzzlehttp\promises\src\EachPromise.php(101): GuzzleHttp\Promise\Promise->wait()
#11 E:\xampp73\htdocs\filecroco\loader\vendor\guzzlehttp\promises\src\Promise.php(246): GuzzleHttp\Promise\EachPromise->GuzzleHttp\Promise\{closure}(true)
#12 E:\xampp73\htdocs\filecroco\loader\vendor\guzzlehttp\promises\src\Promise.php(223): GuzzleHttp\Promise\Promise->invokeWaitFn()
#13 E:\xampp73\htdocs\filecroco\loader\vendor\guzzlehttp\promises\src\Promise.php(62): GuzzleHttp\Promise\Promise->waitIfPending()
#14 E:\xampp73\htdocs\filecroco\loader\updatedownloadlink.php(95): GuzzleHttp\Promise\Promise->wait()
#15 {main}|730GuzzleHttp\Exception\RequestException: cURL error 56:  (see http://curl.haxx.se/libcurl/c/libcurl-errors.html) in E:\xampp73\htdocs\filecroco\loader\vendor\guzzlehttp\guzzle\src\Handler\CurlFactory.php:186
Stack trace:
#0 E:\xampp73\htdocs\filecroco\loader\vendor\guzzlehttp\guzzle\src\Handler\CurlFactory.php(149): GuzzleHttp\Handler\CurlFactory::createRejection(Object(GuzzleHttp\Handler\EasyHandle), Array)
#1 E:\xampp73\htdocs\filecroco\loader\vendor\guzzlehttp\guzzle\src\Handler\CurlFactory.php(102): GuzzleHttp\Handler\CurlFactory::finishError(Object(GuzzleHttp\Handler\CurlMultiHandler), Object(GuzzleHttp\Handler\EasyHandle), Object(GuzzleHttp\Handler\CurlFactory))
#2 E:\xampp73\htdocs\filecroco\loader\vendor\guzzlehttp\guzzle\src\Handler\CurlMultiHandler.php(181): GuzzleHttp\Handler\CurlFactory::finish(Object(GuzzleHttp\Handler\CurlMultiHandler), Object(GuzzleHttp\Handler\EasyHandle), Object(GuzzleHttp\Handler\CurlFactory))
#3 E:\xampp73\htdocs\filecroco\loader\vendor\guzzlehttp\guzzle\src\Handler\CurlMultiHandler.php(110): GuzzleHttp\Handler\CurlMultiHandler->processMessages()
#4 E:\xampp73\htdocs\filecroco\loader\vendor\guzzlehttp\guzzle\src\Handler\CurlMultiHandler.php(125): GuzzleHttp\Handler\CurlMultiHandler->tick()
#5 E:\xampp73\htdocs\filecroco\loader\vendor\guzzlehttp\promises\src\Promise.php(246): GuzzleHttp\Handler\CurlMultiHandler->execute(true)
#6 E:\xampp73\htdocs\filecroco\loader\vendor\guzzlehttp\promises\src\Promise.php(223): GuzzleHttp\Promise\Promise->invokeWaitFn()
#7 E:\xampp73\htdocs\filecroco\loader\vendor\guzzlehttp\promises\src\Promise.php(267): GuzzleHttp\Promise\Promise->waitIfPending()
#8 E:\xampp73\htdocs\filecroco\loader\vendor\guzzlehttp\promises\src\Promise.php(225): GuzzleHttp\Promise\Promise->invokeWaitList()
#9 E:\xampp73\htdocs\filecroco\loader\vendor\guzzlehttp\promises\src\Promise.php(62): GuzzleHttp\Promise\Promise->waitIfPending()
#10 E:\xampp73\htdocs\filecroco\loader\vendor\guzzlehttp\promises\src\EachPromise.php(101): GuzzleHttp\Promise\Promise->wait()
#11 E:\xampp73\htdocs\filecroco\loader\vendor\guzzlehttp\promises\src\Promise.php(246): GuzzleHttp\Promise\EachPromise->GuzzleHttp\Promise\{closure}(true)
#12 E:\xampp73\htdocs\filecroco\loader\vendor\guzzlehttp\promises\src\Promise.php(223): GuzzleHttp\Promise\Promise->invokeWaitFn()
#13 E:\xampp73\htdocs\filecroco\loader\vendor\guzzlehttp\promises\src\Promise.php(62): GuzzleHttp\Promise\Promise->waitIfPending()
#14 E:\xampp73\htdocs\filecroco\loader\updatedownloadlink.php(95): GuzzleHttp\Promise\Promise->wait()
#15 {main}|731GuzzleHttp\Exception\RequestException: cURL error 56:  (see http://curl.haxx.se/libcurl/c/libcurl-errors.html) in E:\xampp73\htdocs\filecroco\loader\vendor\guzzlehttp\guzzle\src\Handler\CurlFactory.php:186
Stack trace:
#0 E:\xampp73\htdocs\filecroco\loader\vendor\guzzlehttp\guzzle\src\Handler\CurlFactory.php(149): GuzzleHttp\Handler\CurlFactory::createRejection(Object(GuzzleHttp\Handler\EasyHandle), Array)
#1 E:\xampp73\htdocs\filecroco\loader\vendor\guzzlehttp\guzzle\src\Handler\CurlFactory.php(102): GuzzleHttp\Handler\CurlFactory::finishError(Object(GuzzleHttp\Handler\CurlMultiHandler), Object(GuzzleHttp\Handler\EasyHandle), Object(GuzzleHttp\Handler\CurlFactory))
#2 E:\xampp73\htdocs\filecroco\loader\vendor\guzzlehttp\guzzle\src\Handler\CurlMultiHandler.php(181): GuzzleHttp\Handler\CurlFactory::finish(Object(GuzzleHttp\Handler\CurlMultiHandler), Object(GuzzleHttp\Handler\EasyHandle), Object(GuzzleHttp\Handler\CurlFactory))
#3 E:\xampp73\htdocs\filecroco\loader\vendor\guzzlehttp\guzzle\src\Handler\CurlMultiHandler.php(110): GuzzleHttp\Handler\CurlMultiHandler->processMessages()
#4 E:\xampp73\htdocs\filecroco\loader\vendor\guzzlehttp\guzzle\src\Handler\CurlMultiHandler.php(125): GuzzleHttp\Handler\CurlMultiHandler->tick()
#5 E:\xampp73\htdocs\filecroco\loader\vendor\guzzlehttp\promises\src\Promise.php(246): GuzzleHttp\Handler\CurlMultiHandler->execute(true)
#6 E:\xampp73\htdocs\filecroco\loader\vendor\guzzlehttp\promises\src\Promise.php(223): GuzzleHttp\Promise\Promise->invokeWaitFn()
#7 E:\xampp73\htdocs\filecroco\loader\vendor\guzzlehttp\promises\src\Promise.php(267): GuzzleHttp\Promise\Promise->waitIfPending()
#8 E:\xampp73\htdocs\filecroco\loader\vendor\guzzlehttp\promises\src\Promise.php(225): GuzzleHttp\Promise\Promise->invokeWaitList()
#9 E:\xampp73\htdocs\filecroco\loader\vendor\guzzlehttp\promises\src\Promise.php(62): GuzzleHttp\Promise\Promise->waitIfPending()
#10 E:\xampp73\htdocs\filecroco\loader\vendor\guzzlehttp\promises\src\EachPromise.php(101): GuzzleHttp\Promise\Promise->wait()
#11 E:\xampp73\htdocs\filecroco\loader\vendor\guzzlehttp\promises\src\Promise.php(246): GuzzleHttp\Promise\EachPromise->GuzzleHttp\Promise\{closure}(true)
#12 E:\xampp73\htdocs\filecroco\loader\vendor\guzzlehttp\promises\src\Promise.php(223): GuzzleHttp\Promise\Promise->invokeWaitFn()
#13 E:\xampp73\htdocs\filecroco\loader\vendor\guzzlehttp\promises\src\Promise.php(62): GuzzleHttp\Promise\Promise->waitIfPending()
#14 E:\xampp73\htdocs\filecroco\loader\updatedownloadlink.php(95): GuzzleHttp\Promise\Promise->wait()
#15 {main}|732GuzzleHttp\Exception\RequestException: cURL error 56:  (see http://curl.haxx.se/libcurl/c/libcurl-errors.html) in E:\xampp73\htdocs\filecroco\loader\vendor\guzzlehttp\guzzle\src\Handler\CurlFactory.php:186
Stack trace:
#0 E:\xampp73\htdocs\filecroco\loader\vendor\guzzlehttp\guzzle\src\Handler\CurlFactory.php(149): GuzzleHttp\Handler\CurlFactory::createRejection(Object(GuzzleHttp\Handler\EasyHandle), Array)
#1 E:\xampp73\htdocs\filecroco\loader\vendor\guzzlehttp\guzzle\src\Handler\CurlFactory.php(102): GuzzleHttp\Handler\CurlFactory::finishError(Object(GuzzleHttp\Handler\CurlMultiHandler), Object(GuzzleHttp\Handler\EasyHandle), Object(GuzzleHttp\Handler\CurlFactory))
#2 E:\xampp73\htdocs\filecroco\loader\vendor\guzzlehttp\guzzle\src\Handler\CurlMultiHandler.php(181): GuzzleHttp\Handler\CurlFactory::finish(Object(GuzzleHttp\Handler\CurlMultiHandler), Object(GuzzleHttp\Handler\EasyHandle), Object(GuzzleHttp\Handler\CurlFactory))
#3 E:\xampp73\htdocs\filecroco\loader\vendor\guzzlehttp\guzzle\src\Handler\CurlMultiHandler.php(110): GuzzleHttp\Handler\CurlMultiHandler->processMessages()
#4 E:\xampp73\htdocs\filecroco\loader\vendor\guzzlehttp\guzzle\src\Handler\CurlMultiHandler.php(125): GuzzleHttp\Handler\CurlMultiHandler->tick()
#5 E:\xampp73\htdocs\filecroco\loader\vendor\guzzlehttp\promises\src\Promise.php(246): GuzzleHttp\Handler\CurlMultiHandler->execute(true)
#6 E:\xampp73\htdocs\filecroco\loader\vendor\guzzlehttp\promises\src\Promise.php(223): GuzzleHttp\Promise\Promise->invokeWaitFn()
#7 E:\xampp73\htdocs\filecroco\loader\vendor\guzzlehttp\promises\src\Promise.php(267): GuzzleHttp\Promise\Promise->waitIfPending()
#8 E:\xampp73\htdocs\filecroco\loader\vendor\guzzlehttp\promises\src\Promise.php(225): GuzzleHttp\Promise\Promise->invokeWaitList()
#9 E:\xampp73\htdocs\filecroco\loader\vendor\guzzlehttp\promises\src\Promise.php(62): GuzzleHttp\Promise\Promise->waitIfPending()
#10 E:\xampp73\htdocs\filecroco\loader\vendor\guzzlehttp\promises\src\EachPromise.php(101): GuzzleHttp\Promise\Promise->wait()
#11 E:\xampp73\htdocs\filecroco\loader\vendor\guzzlehttp\promises\src\Promise.php(246): GuzzleHttp\Promise\EachPromise->GuzzleHttp\Promise\{closure}(true)
#12 E:\xampp73\htdocs\filecroco\loader\vendor\guzzlehttp\promises\src\Promise.php(223): GuzzleHttp\Promise\Promise->invokeWaitFn()
#13 E:\xampp73\htdocs\filecroco\loader\vendor\guzzlehttp\promises\src\Promise.php(62): GuzzleHttp\Promise\Promise->waitIfPending()
#14 E:\xampp73\htdocs\filecroco\loader\updatedownloadlink.php(95): GuzzleHttp\Promise\Promise->wait()
#15 {main}|733GuzzleHttp\Exception\RequestException: cURL error 56:  (see http://curl.haxx.se/libcurl/c/libcurl-errors.html) in E:\xampp73\htdocs\filecroco\loader\vendor\guzzlehttp\guzzle\src\Handler\CurlFactory.php:186
Stack trace:
#0 E:\xampp73\htdocs\filecroco\loader\vendor\guzzlehttp\guzzle\src\Handler\CurlFactory.php(149): GuzzleHttp\Handler\CurlFactory::createRejection(Object(GuzzleHttp\Handler\EasyHandle), Array)
#1 E:\xampp73\htdocs\filecroco\loader\vendor\guzzlehttp\guzzle\src\Handler\CurlFactory.php(102): GuzzleHttp\Handler\CurlFactory::finishError(Object(GuzzleHttp\Handler\CurlMultiHandler), Object(GuzzleHttp\Handler\EasyHandle), Object(GuzzleHttp\Handler\CurlFactory))
#2 E:\xampp73\htdocs\filecroco\loader\vendor\guzzlehttp\guzzle\src\Handler\CurlMultiHandler.php(181): GuzzleHttp\Handler\CurlFactory::finish(Object(GuzzleHttp\Handler\CurlMultiHandler), Object(GuzzleHttp\Handler\EasyHandle), Object(GuzzleHttp\Handler\CurlFactory))
#3 E:\xampp73\htdocs\filecroco\loader\vendor\guzzlehttp\guzzle\src\Handler\CurlMultiHandler.php(110): GuzzleHttp\Handler\CurlMultiHandler->processMessages()
#4 E:\xampp73\htdocs\filecroco\loader\vendor\guzzlehttp\guzzle\src\Handler\CurlMultiHandler.php(125): GuzzleHttp\Handler\CurlMultiHandler->tick()
#5 E:\xampp73\htdocs\filecroco\loader\vendor\guzzlehttp\promises\src\Promise.php(246): GuzzleHttp\Handler\CurlMultiHandler->execute(true)
#6 E:\xampp73\htdocs\filecroco\loader\vendor\guzzlehttp\promises\src\Promise.php(223): GuzzleHttp\Promise\Promise->invokeWaitFn()
#7 E:\xampp73\htdocs\filecroco\loader\vendor\guzzlehttp\promises\src\Promise.php(267): GuzzleHttp\Promise\Promise->waitIfPending()
#8 E:\xampp73\htdocs\filecroco\loader\vendor\guzzlehttp\promises\src\Promise.php(225): GuzzleHttp\Promise\Promise->invokeWaitList()
#9 E:\xampp73\htdocs\filecroco\loader\vendor\guzzlehttp\promises\src\Promise.php(62): GuzzleHttp\Promise\Promise->waitIfPending()
#10 E:\xampp73\htdocs\filecroco\loader\vendor\guzzlehttp\promises\src\EachPromise.php(101): GuzzleHttp\Promise\Promise->wait()
#11 E:\xampp73\htdocs\filecroco\loader\vendor\guzzlehttp\promises\src\Promise.php(246): GuzzleHttp\Promise\EachPromise->GuzzleHttp\Promise\{closure}(true)
#12 E:\xampp73\htdocs\filecroco\loader\vendor\guzzlehttp\promises\src\Promise.php(223): GuzzleHttp\Promise\Promise->invokeWaitFn()
#13 E:\xampp73\htdocs\filecroco\loader\vendor\guzzlehttp\promises\src\Promise.php(62): GuzzleHttp\Promise\Promise->waitIfPending()
#14 E:\xampp73\htdocs\filecroco\loader\updatedownloadlink.php(95): GuzzleHttp\Promise\Promise->wait()
#15 {main}|734GuzzleHttp\Exception\RequestException: cURL error 56:  (see http://curl.haxx.se/libcurl/c/libcurl-errors.html) in E:\xampp73\htdocs\filecroco\loader\vendor\guzzlehttp\guzzle\src\Handler\CurlFactory.php:186
Stack trace:
#0 E:\xampp73\htdocs\filecroco\loader\vendor\guzzlehttp\guzzle\src\Handler\CurlFactory.php(149): GuzzleHttp\Handler\CurlFactory::createRejection(Object(GuzzleHttp\Handler\EasyHandle), Array)
#1 E:\xampp73\htdocs\filecroco\loader\vendor\guzzlehttp\guzzle\src\Handler\CurlFactory.php(102): GuzzleHttp\Handler\CurlFactory::finishError(Object(GuzzleHttp\Handler\CurlMultiHandler), Object(GuzzleHttp\Handler\EasyHandle), Object(GuzzleHttp\Handler\CurlFactory))
#2 E:\xampp73\htdocs\filecroco\loader\vendor\guzzlehttp\guzzle\src\Handler\CurlMultiHandler.php(181): GuzzleHttp\Handler\CurlFactory::finish(Object(GuzzleHttp\Handler\CurlMultiHandler), Object(GuzzleHttp\Handler\EasyHandle), Object(GuzzleHttp\Handler\CurlFactory))
#3 E:\xampp73\htdocs\filecroco\loader\vendor\guzzlehttp\guzzle\src\Handler\CurlMultiHandler.php(110): GuzzleHttp\Handler\CurlMultiHandler->processMessages()
#4 E:\xampp73\htdocs\filecroco\loader\vendor\guzzlehttp\guzzle\src\Handler\CurlMultiHandler.php(125): GuzzleHttp\Handler\CurlMultiHandler->tick()
#5 E:\xampp73\htdocs\filecroco\loader\vendor\guzzlehttp\promises\src\Promise.php(246): GuzzleHttp\Handler\CurlMultiHandler->execute(true)
#6 E:\xampp73\htdocs\filecroco\loader\vendor\guzzlehttp\promises\src\Promise.php(223): GuzzleHttp\Promise\Promise->invokeWaitFn()
#7 E:\xampp73\htdocs\filecroco\loader\vendor\guzzlehttp\promises\src\Promise.php(267): GuzzleHttp\Promise\Promise->waitIfPending()
#8 E:\xampp73\htdocs\filecroco\loader\vendor\guzzlehttp\promises\src\Promise.php(225): GuzzleHttp\Promise\Promise->invokeWaitList()
#9 E:\xampp73\htdocs\filecroco\loader\vendor\guzzlehttp\promises\src\Promise.php(62): GuzzleHttp\Promise\Promise->waitIfPending()
#10 E:\xampp73\htdocs\filecroco\loader\vendor\guzzlehttp\promises\src\EachPromise.php(101): GuzzleHttp\Promise\Promise->wait()
#11 E:\xampp73\htdocs\filecroco\loader\vendor\guzzlehttp\promises\src\Promise.php(246): GuzzleHttp\Promise\EachPromise->GuzzleHttp\Promise\{closure}(true)
#12 E:\xampp73\htdocs\filecroco\loader\vendor\guzzlehttp\promises\src\Promise.php(223): GuzzleHttp\Promise\Promise->invokeWaitFn()
#13 E:\xampp73\htdocs\filecroco\loader\vendor\guzzlehttp\promises\src\Promise.php(62): GuzzleHttp\Promise\Promise->waitIfPending()
#14 E:\xampp73\htdocs\filecroco\loader\updatedownloadlink.php(95): GuzzleHttp\Promise\Promise->wait()
#15 {main}|735GuzzleHttp\Exception\RequestException: cURL error 56:  (see http://curl.haxx.se/libcurl/c/libcurl-errors.html) in E:\xampp73\htdocs\filecroco\loader\vendor\guzzlehttp\guzzle\src\Handler\CurlFactory.php:186
Stack trace:
#0 E:\xampp73\htdocs\filecroco\loader\vendor\guzzlehttp\guzzle\src\Handler\CurlFactory.php(149): GuzzleHttp\Handler\CurlFactory::createRejection(Object(GuzzleHttp\Handler\EasyHandle), Array)
#1 E:\xampp73\htdocs\filecroco\loader\vendor\guzzlehttp\guzzle\src\Handler\CurlFactory.php(102): GuzzleHttp\Handler\CurlFactory::finishError(Object(GuzzleHttp\Handler\CurlMultiHandler), Object(GuzzleHttp\Handler\EasyHandle), Object(GuzzleHttp\Handler\CurlFactory))
#2 E:\xampp73\htdocs\filecroco\loader\vendor\guzzlehttp\guzzle\src\Handler\CurlMultiHandler.php(181): GuzzleHttp\Handler\CurlFactory::finish(Object(GuzzleHttp\Handler\CurlMultiHandler), Object(GuzzleHttp\Handler\EasyHandle), Object(GuzzleHttp\Handler\CurlFactory))
#3 E:\xampp73\htdocs\filecroco\loader\vendor\guzzlehttp\guzzle\src\Handler\CurlMultiHandler.php(110): GuzzleHttp\Handler\CurlMultiHandler->processMessages()
#4 E:\xampp73\htdocs\filecroco\loader\vendor\guzzlehttp\guzzle\src\Handler\CurlMultiHandler.php(125): GuzzleHttp\Handler\CurlMultiHandler->tick()
#5 E:\xampp73\htdocs\filecroco\loader\vendor\guzzlehttp\promises\src\Promise.php(246): GuzzleHttp\Handler\CurlMultiHandler->execute(true)
#6 E:\xampp73\htdocs\filecroco\loader\vendor\guzzlehttp\promises\src\Promise.php(223): GuzzleHttp\Promise\Promise->invokeWaitFn()
#7 E:\xampp73\htdocs\filecroco\loader\vendor\guzzlehttp\promises\src\Promise.php(267): GuzzleHttp\Promise\Promise->waitIfPending()
#8 E:\xampp73\htdocs\filecroco\loader\vendor\guzzlehttp\promises\src\Promise.php(225): GuzzleHttp\Promise\Promise->invokeWaitList()
#9 E:\xampp73\htdocs\filecroco\loader\vendor\guzzlehttp\promises\src\Promise.php(62): GuzzleHttp\Promise\Promise->waitIfPending()
#10 E:\xampp73\htdocs\filecroco\loader\vendor\guzzlehttp\promises\src\EachPromise.php(101): GuzzleHttp\Promise\Promise->wait()
#11 E:\xampp73\htdocs\filecroco\loader\vendor\guzzlehttp\promises\src\Promise.php(246): GuzzleHttp\Promise\EachPromise->GuzzleHttp\Promise\{closure}(true)
#12 E:\xampp73\htdocs\filecroco\loader\vendor\guzzlehttp\promises\src\Promise.php(223): GuzzleHttp\Promise\Promise->invokeWaitFn()
#13 E:\xampp73\htdocs\filecroco\loader\vendor\guzzlehttp\promises\src\Promise.php(62): GuzzleHttp\Promise\Promise->waitIfPending()
#14 E:\xampp73\htdocs\filecroco\loader\updatedownloadlink.php(95): GuzzleHttp\Promise\Promise->wait()
#15 {main}|736GuzzleHttp\Exception\RequestException: cURL error 56:  (see http://curl.haxx.se/libcurl/c/libcurl-errors.html) in E:\xampp73\htdocs\filecroco\loader\vendor\guzzlehttp\guzzle\src\Handler\CurlFactory.php:186
Stack trace:
#0 E:\xampp73\htdocs\filecroco\loader\vendor\guzzlehttp\guzzle\src\Handler\CurlFactory.php(149): GuzzleHttp\Handler\CurlFactory::createRejection(Object(GuzzleHttp\Handler\EasyHandle), Array)
#1 E:\xampp73\htdocs\filecroco\loader\vendor\guzzlehttp\guzzle\src\Handler\CurlFactory.php(102): GuzzleHttp\Handler\CurlFactory::finishError(Object(GuzzleHttp\Handler\CurlMultiHandler), Object(GuzzleHttp\Handler\EasyHandle), Object(GuzzleHttp\Handler\CurlFactory))
#2 E:\xampp73\htdocs\filecroco\loader\vendor\guzzlehttp\guzzle\src\Handler\CurlMultiHandler.php(181): GuzzleHttp\Handler\CurlFactory::finish(Object(GuzzleHttp\Handler\CurlMultiHandler), Object(GuzzleHttp\Handler\EasyHandle), Object(GuzzleHttp\Handler\CurlFactory))
#3 E:\xampp73\htdocs\filecroco\loader\vendor\guzzlehttp\guzzle\src\Handler\CurlMultiHandler.php(110): GuzzleHttp\Handler\CurlMultiHandler->processMessages()
#4 E:\xampp73\htdocs\filecroco\loader\vendor\guzzlehttp\guzzle\src\Handler\CurlMultiHandler.php(125): GuzzleHttp\Handler\CurlMultiHandler->tick()
#5 E:\xampp73\htdocs\filecroco\loader\vendor\guzzlehttp\promises\src\Promise.php(246): GuzzleHttp\Handler\CurlMultiHandler->execute(true)
#6 E:\xampp73\htdocs\filecroco\loader\vendor\guzzlehttp\promises\src\Promise.php(223): GuzzleHttp\Promise\Promise->invokeWaitFn()
#7 E:\xampp73\htdocs\filecroco\loader\vendor\guzzlehttp\promises\src\Promise.php(267): GuzzleHttp\Promise\Promise->waitIfPending()
#8 E:\xampp73\htdocs\filecroco\loader\vendor\guzzlehttp\promises\src\Promise.php(225): GuzzleHttp\Promise\Promise->invokeWaitList()
#9 E:\xampp73\htdocs\filecroco\loader\vendor\guzzlehttp\promises\src\Promise.php(62): GuzzleHttp\Promise\Promise->waitIfPending()
#10 E:\xampp73\htdocs\filecroco\loader\vendor\guzzlehttp\promises\src\EachPromise.php(101): GuzzleHttp\Promise\Promise->wait()
#11 E:\xampp73\htdocs\filecroco\loader\vendor\guzzlehttp\promises\src\Promise.php(246): GuzzleHttp\Promise\EachPromise->GuzzleHttp\Promise\{closure}(true)
#12 E:\xampp73\htdocs\filecroco\loader\vendor\guzzlehttp\promises\src\Promise.php(223): GuzzleHttp\Promise\Promise->invokeWaitFn()
#13 E:\xampp73\htdocs\filecroco\loader\vendor\guzzlehttp\promises\src\Promise.php(62): GuzzleHttp\Promise\Promise->waitIfPending()
#14 E:\xampp73\htdocs\filecroco\loader\updatedownloadlink.php(95): GuzzleHttp\Promise\Promise->wait()
#15 {main}|737GuzzleHttp\Exception\RequestException: cURL error 56:  (see http://curl.haxx.se/libcurl/c/libcurl-errors.html) in E:\xampp73\htdocs\filecroco\loader\vendor\guzzlehttp\guzzle\src\Handler\CurlFactory.php:186
Stack trace:
#0 E:\xampp73\htdocs\filecroco\loader\vendor\guzzlehttp\guzzle\src\Handler\CurlFactory.php(149): GuzzleHttp\Handler\CurlFactory::createRejection(Object(GuzzleHttp\Handler\EasyHandle), Array)
#1 E:\xampp73\htdocs\filecroco\loader\vendor\guzzlehttp\guzzle\src\Handler\CurlFactory.php(102): GuzzleHttp\Handler\CurlFactory::finishError(Object(GuzzleHttp\Handler\CurlMultiHandler), Object(GuzzleHttp\Handler\EasyHandle), Object(GuzzleHttp\Handler\CurlFactory))
#2 E:\xampp73\htdocs\filecroco\loader\vendor\guzzlehttp\guzzle\src\Handler\CurlMultiHandler.php(181): GuzzleHttp\Handler\CurlFactory::finish(Object(GuzzleHttp\Handler\CurlMultiHandler), Object(GuzzleHttp\Handler\EasyHandle), Object(GuzzleHttp\Handler\CurlFactory))
#3 E:\xampp73\htdocs\filecroco\loader\vendor\guzzlehttp\guzzle\src\Handler\CurlMultiHandler.php(110): GuzzleHttp\Handler\CurlMultiHandler->processMessages()
#4 E:\xampp73\htdocs\filecroco\loader\vendor\guzzlehttp\guzzle\src\Handler\CurlMultiHandler.php(125): GuzzleHttp\Handler\CurlMultiHandler->tick()
#5 E:\xampp73\htdocs\filecroco\loader\vendor\guzzlehttp\promises\src\Promise.php(246): GuzzleHttp\Handler\CurlMultiHandler->execute(true)
#6 E:\xampp73\htdocs\filecroco\loader\vendor\guzzlehttp\promises\src\Promise.php(223): GuzzleHttp\Promise\Promise->invokeWaitFn()
#7 E:\xampp73\htdocs\filecroco\loader\vendor\guzzlehttp\promises\src\Promise.php(267): GuzzleHttp\Promise\Promise->waitIfPending()
#8 E:\xampp73\htdocs\filecroco\loader\vendor\guzzlehttp\promises\src\Promise.php(225): GuzzleHttp\Promise\Promise->invokeWaitList()
#9 E:\xampp73\htdocs\filecroco\loader\vendor\guzzlehttp\promises\src\Promise.php(62): GuzzleHttp\Promise\Promise->waitIfPending()
#10 E:\xampp73\htdocs\filecroco\loader\vendor\guzzlehttp\promises\src\EachPromise.php(101): GuzzleHttp\Promise\Promise->wait()
#11 E:\xampp73\htdocs\filecroco\loader\vendor\guzzlehttp\promises\src\Promise.php(246): GuzzleHttp\Promise\EachPromise->GuzzleHttp\Promise\{closure}(true)
#12 E:\xampp73\htdocs\filecroco\loader\vendor\guzzlehttp\promises\src\Promise.php(223): GuzzleHttp\Promise\Promise->invokeWaitFn()
#13 E:\xampp73\htdocs\filecroco\loader\vendor\guzzlehttp\promises\src\Promise.php(62): GuzzleHttp\Promise\Promise->waitIfPending()
#14 E:\xampp73\htdocs\filecroco\loader\updatedownloadlink.php(95): GuzzleHttp\Promise\Promise->wait()
#15 {main}|738GuzzleHttp\Exception\RequestException: cURL error 56:  (see http://curl.haxx.se/libcurl/c/libcurl-errors.html) in E:\xampp73\htdocs\filecroco\loader\vendor\guzzlehttp\guzzle\src\Handler\CurlFactory.php:186
Stack trace:
#0 E:\xampp73\htdocs\filecroco\loader\vendor\guzzlehttp\guzzle\src\Handler\CurlFactory.php(149): GuzzleHttp\Handler\CurlFactory::createRejection(Object(GuzzleHttp\Handler\EasyHandle), Array)
#1 E:\xampp73\htdocs\filecroco\loader\vendor\guzzlehttp\guzzle\src\Handler\CurlFactory.php(102): GuzzleHttp\Handler\CurlFactory::finishError(Object(GuzzleHttp\Handler\CurlMultiHandler), Object(GuzzleHttp\Handler\EasyHandle), Object(GuzzleHttp\Handler\CurlFactory))
#2 E:\xampp73\htdocs\filecroco\loader\vendor\guzzlehttp\guzzle\src\Handler\CurlMultiHandler.php(181): GuzzleHttp\Handler\CurlFactory::finish(Object(GuzzleHttp\Handler\CurlMultiHandler), Object(GuzzleHttp\Handler\EasyHandle), Object(GuzzleHttp\Handler\CurlFactory))
#3 E:\xampp73\htdocs\filecroco\loader\vendor\guzzlehttp\guzzle\src\Handler\CurlMultiHandler.php(110): GuzzleHttp\Handler\CurlMultiHandler->processMessages()
#4 E:\xampp73\htdocs\filecroco\loader\vendor\guzzlehttp\guzzle\src\Handler\CurlMultiHandler.php(125): GuzzleHttp\Handler\CurlMultiHandler->tick()
#5 E:\xampp73\htdocs\filecroco\loader\vendor\guzzlehttp\promises\src\Promise.php(246): GuzzleHttp\Handler\CurlMultiHandler->execute(true)
#6 E:\xampp73\htdocs\filecroco\loader\vendor\guzzlehttp\promises\src\Promise.php(223): GuzzleHttp\Promise\Promise->invokeWaitFn()
#7 E:\xampp73\htdocs\filecroco\loader\vendor\guzzlehttp\promises\src\Promise.php(267): GuzzleHttp\Promise\Promise->waitIfPending()
#8 E:\xampp73\htdocs\filecroco\loader\vendor\guzzlehttp\promises\src\Promise.php(225): GuzzleHttp\Promise\Promise->invokeWaitList()
#9 E:\xampp73\htdocs\filecroco\loader\vendor\guzzlehttp\promises\src\Promise.php(62): GuzzleHttp\Promise\Promise->waitIfPending()
#10 E:\xampp73\htdocs\filecroco\loader\vendor\guzzlehttp\promises\src\EachPromise.php(101): GuzzleHttp\Promise\Promise->wait()
#11 E:\xampp73\htdocs\filecroco\loader\vendor\guzzlehttp\promises\src\Promise.php(246): GuzzleHttp\Promise\EachPromise->GuzzleHttp\Promise\{closure}(true)
#12 E:\xampp73\htdocs\filecroco\loader\vendor\guzzlehttp\promises\src\Promise.php(223): GuzzleHttp\Promise\Promise->invokeWaitFn()
#13 E:\xampp73\htdocs\filecroco\loader\vendor\guzzlehttp\promises\src\Promise.php(62): GuzzleHttp\Promise\Promise->waitIfPending()
#14 E:\xampp73\htdocs\filecroco\loader\updatedownloadlink.php(95): GuzzleHttp\Promise\Promise->wait()
#15 {main}|739GuzzleHttp\Exception\RequestException: cURL error 56:  (see http://curl.haxx.se/libcurl/c/libcurl-errors.html) in E:\xampp73\htdocs\filecroco\loader\vendor\guzzlehttp\guzzle\src\Handler\CurlFactory.php:186
Stack trace:
#0 E:\xampp73\htdocs\filecroco\loader\vendor\guzzlehttp\guzzle\src\Handler\CurlFactory.php(149): GuzzleHttp\Handler\CurlFactory::createRejection(Object(GuzzleHttp\Handler\EasyHandle), Array)
#1 E:\xampp73\htdocs\filecroco\loader\vendor\guzzlehttp\guzzle\src\Handler\CurlFactory.php(102): GuzzleHttp\Handler\CurlFactory::finishError(Object(GuzzleHttp\Handler\CurlMultiHandler), Object(GuzzleHttp\Handler\EasyHandle), Object(GuzzleHttp\Handler\CurlFactory))
#2 E:\xampp73\htdocs\filecroco\loader\vendor\guzzlehttp\guzzle\src\Handler\CurlMultiHandler.php(181): GuzzleHttp\Handler\CurlFactory::finish(Object(GuzzleHttp\Handler\CurlMultiHandler), Object(GuzzleHttp\Handler\EasyHandle), Object(GuzzleHttp\Handler\CurlFactory))
#3 E:\xampp73\htdocs\filecroco\loader\vendor\guzzlehttp\guzzle\src\Handler\CurlMultiHandler.php(110): GuzzleHttp\Handler\CurlMultiHandler->processMessages()
#4 E:\xampp73\htdocs\filecroco\loader\vendor\guzzlehttp\guzzle\src\Handler\CurlMultiHandler.php(125): GuzzleHttp\Handler\CurlMultiHandler->tick()
#5 E:\xampp73\htdocs\filecroco\loader\vendor\guzzlehttp\promises\src\Promise.php(246): GuzzleHttp\Handler\CurlMultiHandler->execute(true)
#6 E:\xampp73\htdocs\filecroco\loader\vendor\guzzlehttp\promises\src\Promise.php(223): GuzzleHttp\Promise\Promise->invokeWaitFn()
#7 E:\xampp73\htdocs\filecroco\loader\vendor\guzzlehttp\promises\src\Promise.php(267): GuzzleHttp\Promise\Promise->waitIfPending()
#8 E:\xampp73\htdocs\filecroco\loader\vendor\guzzlehttp\promises\src\Promise.php(225): GuzzleHttp\Promise\Promise->invokeWaitList()
#9 E:\xampp73\htdocs\filecroco\loader\vendor\guzzlehttp\promises\src\Promise.php(62): GuzzleHttp\Promise\Promise->waitIfPending()
#10 E:\xampp73\htdocs\filecroco\loader\vendor\guzzlehttp\promises\src\EachPromise.php(101): GuzzleHttp\Promise\Promise->wait()
#11 E:\xampp73\htdocs\filecroco\loader\vendor\guzzlehttp\promises\src\Promise.php(246): GuzzleHttp\Promise\EachPromise->GuzzleHttp\Promise\{closure}(true)
#12 E:\xampp73\htdocs\filecroco\loader\vendor\guzzlehttp\promises\src\Promise.php(223): GuzzleHttp\Promise\Promise->invokeWaitFn()
#13 E:\xampp73\htdocs\filecroco\loader\vendor\guzzlehttp\promises\src\Promise.php(62): GuzzleHttp\Promise\Promise->waitIfPending()
#14 E:\xampp73\htdocs\filecroco\loader\updatedownloadlink.php(95): GuzzleHttp\Promise\Promise->wait()
#15 {main}|740GuzzleHttp\Exception\RequestException: cURL error 56:  (see http://curl.haxx.se/libcurl/c/libcurl-errors.html) in E:\xampp73\htdocs\filecroco\loader\vendor\guzzlehttp\guzzle\src\Handler\CurlFactory.php:186
Stack trace:
#0 E:\xampp73\htdocs\filecroco\loader\vendor\guzzlehttp\guzzle\src\Handler\CurlFactory.php(149): GuzzleHttp\Handler\CurlFactory::createRejection(Object(GuzzleHttp\Handler\EasyHandle), Array)
#1 E:\xampp73\htdocs\filecroco\loader\vendor\guzzlehttp\guzzle\src\Handler\CurlFactory.php(102): GuzzleHttp\Handler\CurlFactory::finishError(Object(GuzzleHttp\Handler\CurlMultiHandler), Object(GuzzleHttp\Handler\EasyHandle), Object(GuzzleHttp\Handler\CurlFactory))
#2 E:\xampp73\htdocs\filecroco\loader\vendor\guzzlehttp\guzzle\src\Handler\CurlMultiHandler.php(181): GuzzleHttp\Handler\CurlFactory::finish(Object(GuzzleHttp\Handler\CurlMultiHandler), Object(GuzzleHttp\Handler\EasyHandle), Object(GuzzleHttp\Handler\CurlFactory))
#3 E:\xampp73\htdocs\filecroco\loader\vendor\guzzlehttp\guzzle\src\Handler\CurlMultiHandler.php(110): GuzzleHttp\Handler\CurlMultiHandler->processMessages()
#4 E:\xampp73\htdocs\filecroco\loader\vendor\guzzlehttp\guzzle\src\Handler\CurlMultiHandler.php(125): GuzzleHttp\Handler\CurlMultiHandler->tick()
#5 E:\xampp73\htdocs\filecroco\loader\vendor\guzzlehttp\promises\src\Promise.php(246): GuzzleHttp\Handler\CurlMultiHandler->execute(true)
#6 E:\xampp73\htdocs\filecroco\loader\vendor\guzzlehttp\promises\src\Promise.php(223): GuzzleHttp\Promise\Promise->invokeWaitFn()
#7 E:\xampp73\htdocs\filecroco\loader\vendor\guzzlehttp\promises\src\Promise.php(267): GuzzleHttp\Promise\Promise->waitIfPending()
#8 E:\xampp73\htdocs\filecroco\loader\vendor\guzzlehttp\promises\src\Promise.php(225): GuzzleHttp\Promise\Promise->invokeWaitList()
#9 E:\xampp73\htdocs\filecroco\loader\vendor\guzzlehttp\promises\src\Promise.php(62): GuzzleHttp\Promise\Promise->waitIfPending()
#10 E:\xampp73\htdocs\filecroco\loader\vendor\guzzlehttp\promises\src\EachPromise.php(101): GuzzleHttp\Promise\Promise->wait()
#11 E:\xampp73\htdocs\filecroco\loader\vendor\guzzlehttp\promises\src\Promise.php(246): GuzzleHttp\Promise\EachPromise->GuzzleHttp\Promise\{closure}(true)
#12 E:\xampp73\htdocs\filecroco\loader\vendor\guzzlehttp\promises\src\Promise.php(223): GuzzleHttp\Promise\Promise->invokeWaitFn()
#13 E:\xampp73\htdocs\filecroco\loader\vendor\guzzlehttp\promises\src\Promise.php(62): GuzzleHttp\Promise\Promise->waitIfPending()
#14 E:\xampp73\htdocs\filecroco\loader\updatedownloadlink.php(95): GuzzleHttp\Promise\Promise->wait()
#15 {main}|741GuzzleHttp\Exception\RequestException: cURL error 56:  (see http://curl.haxx.se/libcurl/c/libcurl-errors.html) in E:\xampp73\htdocs\filecroco\loader\vendor\guzzlehttp\guzzle\src\Handler\CurlFactory.php:186
Stack trace:
#0 E:\xampp73\htdocs\filecroco\loader\vendor\guzzlehttp\guzzle\src\Handler\CurlFactory.php(149): GuzzleHttp\Handler\CurlFactory::createRejection(Object(GuzzleHttp\Handler\EasyHandle), Array)
#1 E:\xampp73\htdocs\filecroco\loader\vendor\guzzlehttp\guzzle\src\Handler\CurlFactory.php(102): GuzzleHttp\Handler\CurlFactory::finishError(Object(GuzzleHttp\Handler\CurlMultiHandler), Object(GuzzleHttp\Handler\EasyHandle), Object(GuzzleHttp\Handler\CurlFactory))
#2 E:\xampp73\htdocs\filecroco\loader\vendor\guzzlehttp\guzzle\src\Handler\CurlMultiHandler.php(181): GuzzleHttp\Handler\CurlFactory::finish(Object(GuzzleHttp\Handler\CurlMultiHandler), Object(GuzzleHttp\Handler\EasyHandle), Object(GuzzleHttp\Handler\CurlFactory))
#3 E:\xampp73\htdocs\filecroco\loader\vendor\guzzlehttp\guzzle\src\Handler\CurlMultiHandler.php(110): GuzzleHttp\Handler\CurlMultiHandler->processMessages()
#4 E:\xampp73\htdocs\filecroco\loader\vendor\guzzlehttp\guzzle\src\Handler\CurlMultiHandler.php(125): GuzzleHttp\Handler\CurlMultiHandler->tick()
#5 E:\xampp73\htdocs\filecroco\loader\vendor\guzzlehttp\promises\src\Promise.php(246): GuzzleHttp\Handler\CurlMultiHandler->execute(true)
#6 E:\xampp73\htdocs\filecroco\loader\vendor\guzzlehttp\promises\src\Promise.php(223): GuzzleHttp\Promise\Promise->invokeWaitFn()
#7 E:\xampp73\htdocs\filecroco\loader\vendor\guzzlehttp\promises\src\Promise.php(267): GuzzleHttp\Promise\Promise->waitIfPending()
#8 E:\xampp73\htdocs\filecroco\loader\vendor\guzzlehttp\promises\src\Promise.php(225): GuzzleHttp\Promise\Promise->invokeWaitList()
#9 E:\xampp73\htdocs\filecroco\loader\vendor\guzzlehttp\promises\src\Promise.php(62): GuzzleHttp\Promise\Promise->waitIfPending()
#10 E:\xampp73\htdocs\filecroco\loader\vendor\guzzlehttp\promises\src\EachPromise.php(101): GuzzleHttp\Promise\Promise->wait()
#11 E:\xampp73\htdocs\filecroco\loader\vendor\guzzlehttp\promises\src\Promise.php(246): GuzzleHttp\Promise\EachPromise->GuzzleHttp\Promise\{closure}(true)
#12 E:\xampp73\htdocs\filecroco\loader\vendor\guzzlehttp\promises\src\Promise.php(223): GuzzleHttp\Promise\Promise->invokeWaitFn()
#13 E:\xampp73\htdocs\filecroco\loader\vendor\guzzlehttp\promises\src\Promise.php(62): GuzzleHttp\Promise\Promise->waitIfPending()
#14 E:\xampp73\htdocs\filecroco\loader\updatedownloadlink.php(95): GuzzleHttp\Promise\Promise->wait()
#15 {main}|742GuzzleHttp\Exception\RequestException: cURL error 56:  (see http://curl.haxx.se/libcurl/c/libcurl-errors.html) in E:\xampp73\htdocs\filecroco\loader\vendor\guzzlehttp\guzzle\src\Handler\CurlFactory.php:186
Stack trace:
#0 E:\xampp73\htdocs\filecroco\loader\vendor\guzzlehttp\guzzle\src\Handler\CurlFactory.php(149): GuzzleHttp\Handler\CurlFactory::createRejection(Object(GuzzleHttp\Handler\EasyHandle), Array)
#1 E:\xampp73\htdocs\filecroco\loader\vendor\guzzlehttp\guzzle\src\Handler\CurlFactory.php(102): GuzzleHttp\Handler\CurlFactory::finishError(Object(GuzzleHttp\Handler\CurlMultiHandler), Object(GuzzleHttp\Handler\EasyHandle), Object(GuzzleHttp\Handler\CurlFactory))
#2 E:\xampp73\htdocs\filecroco\loader\vendor\guzzlehttp\guzzle\src\Handler\CurlMultiHandler.php(181): GuzzleHttp\Handler\CurlFactory::finish(Object(GuzzleHttp\Handler\CurlMultiHandler), Object(GuzzleHttp\Handler\EasyHandle), Object(GuzzleHttp\Handler\CurlFactory))
#3 E:\xampp73\htdocs\filecroco\loader\vendor\guzzlehttp\guzzle\src\Handler\CurlMultiHandler.php(110): GuzzleHttp\Handler\CurlMultiHandler->processMessages()
#4 E:\xampp73\htdocs\filecroco\loader\vendor\guzzlehttp\guzzle\src\Handler\CurlMultiHandler.php(125): GuzzleHttp\Handler\CurlMultiHandler->tick()
#5 E:\xampp73\htdocs\filecroco\loader\vendor\guzzlehttp\promises\src\Promise.php(246): GuzzleHttp\Handler\CurlMultiHandler->execute(true)
#6 E:\xampp73\htdocs\filecroco\loader\vendor\guzzlehttp\promises\src\Promise.php(223): GuzzleHttp\Promise\Promise->invokeWaitFn()
#7 E:\xampp73\htdocs\filecroco\loader\vendor\guzzlehttp\promises\src\Promise.php(267): GuzzleHttp\Promise\Promise->waitIfPending()
#8 E:\xampp73\htdocs\filecroco\loader\vendor\guzzlehttp\promises\src\Promise.php(225): GuzzleHttp\Promise\Promise->invokeWaitList()
#9 E:\xampp73\htdocs\filecroco\loader\vendor\guzzlehttp\promises\src\Promise.php(62): GuzzleHttp\Promise\Promise->waitIfPending()
#10 E:\xampp73\htdocs\filecroco\loader\vendor\guzzlehttp\promises\src\EachPromise.php(101): GuzzleHttp\Promise\Promise->wait()
#11 E:\xampp73\htdocs\filecroco\loader\vendor\guzzlehttp\promises\src\Promise.php(246): GuzzleHttp\Promise\EachPromise->GuzzleHttp\Promise\{closure}(true)
#12 E:\xampp73\htdocs\filecroco\loader\vendor\guzzlehttp\promises\src\Promise.php(223): GuzzleHttp\Promise\Promise->invokeWaitFn()
#13 E:\xampp73\htdocs\filecroco\loader\vendor\guzzlehttp\promises\src\Promise.php(62): GuzzleHttp\Promise\Promise->waitIfPending()
#14 E:\xampp73\htdocs\filecroco\loader\updatedownloadlink.php(95): GuzzleHttp\Promise\Promise->wait()
#15 {main}|743GuzzleHttp\Exception\RequestException: cURL error 56:  (see http://curl.haxx.se/libcurl/c/libcurl-errors.html) in E:\xampp73\htdocs\filecroco\loader\vendor\guzzlehttp\guzzle\src\Handler\CurlFactory.php:186
Stack trace:
#0 E:\xampp73\htdocs\filecroco\loader\vendor\guzzlehttp\guzzle\src\Handler\CurlFactory.php(149): GuzzleHttp\Handler\CurlFactory::createRejection(Object(GuzzleHttp\Handler\EasyHandle), Array)
#1 E:\xampp73\htdocs\filecroco\loader\vendor\guzzlehttp\guzzle\src\Handler\CurlFactory.php(102): GuzzleHttp\Handler\CurlFactory::finishError(Object(GuzzleHttp\Handler\CurlMultiHandler), Object(GuzzleHttp\Handler\EasyHandle), Object(GuzzleHttp\Handler\CurlFactory))
#2 E:\xampp73\htdocs\filecroco\loader\vendor\guzzlehttp\guzzle\src\Handler\CurlMultiHandler.php(181): GuzzleHttp\Handler\CurlFactory::finish(Object(GuzzleHttp\Handler\CurlMultiHandler), Object(GuzzleHttp\Handler\EasyHandle), Object(GuzzleHttp\Handler\CurlFactory))
#3 E:\xampp73\htdocs\filecroco\loader\vendor\guzzlehttp\guzzle\src\Handler\CurlMultiHandler.php(110): GuzzleHttp\Handler\CurlMultiHandler->processMessages()
#4 E:\xampp73\htdocs\filecroco\loader\vendor\guzzlehttp\guzzle\src\Handler\CurlMultiHandler.php(125): GuzzleHttp\Handler\CurlMultiHandler->tick()
#5 E:\xampp73\htdocs\filecroco\loader\vendor\guzzlehttp\promises\src\Promise.php(246): GuzzleHttp\Handler\CurlMultiHandler->execute(true)
#6 E:\xampp73\htdocs\filecroco\loader\vendor\guzzlehttp\promises\src\Promise.php(223): GuzzleHttp\Promise\Promise->invokeWaitFn()
#7 E:\xampp73\htdocs\filecroco\loader\vendor\guzzlehttp\promises\src\Promise.php(267): GuzzleHttp\Promise\Promise->waitIfPending()
#8 E:\xampp73\htdocs\filecroco\loader\vendor\guzzlehttp\promises\src\Promise.php(225): GuzzleHttp\Promise\Promise->invokeWaitList()
#9 E:\xampp73\htdocs\filecroco\loader\vendor\guzzlehttp\promises\src\Promise.php(62): GuzzleHttp\Promise\Promise->waitIfPending()
#10 E:\xampp73\htdocs\filecroco\loader\vendor\guzzlehttp\promises\src\EachPromise.php(101): GuzzleHttp\Promise\Promise->wait()
#11 E:\xampp73\htdocs\filecroco\loader\vendor\guzzlehttp\promises\src\Promise.php(246): GuzzleHttp\Promise\EachPromise->GuzzleHttp\Promise\{closure}(true)
#12 E:\xampp73\htdocs\filecroco\loader\vendor\guzzlehttp\promises\src\Promise.php(223): GuzzleHttp\Promise\Promise->invokeWaitFn()
#13 E:\xampp73\htdocs\filecroco\loader\vendor\guzzlehttp\promises\src\Promise.php(62): GuzzleHttp\Promise\Promise->waitIfPending()
#14 E:\xampp73\htdocs\filecroco\loader\updatedownloadlink.php(95): GuzzleHttp\Promise\Promise->wait()
#15 {main}|744GuzzleHttp\Exception\RequestException: cURL error 56:  (see http://curl.haxx.se/libcurl/c/libcurl-errors.html) in E:\xampp73\htdocs\filecroco\loader\vendor\guzzlehttp\guzzle\src\Handler\CurlFactory.php:186
Stack trace:
#0 E:\xampp73\htdocs\filecroco\loader\vendor\guzzlehttp\guzzle\src\Handler\CurlFactory.php(149): GuzzleHttp\Handler\CurlFactory::createRejection(Object(GuzzleHttp\Handler\EasyHandle), Array)
#1 E:\xampp73\htdocs\filecroco\loader\vendor\guzzlehttp\guzzle\src\Handler\CurlFactory.php(102): GuzzleHttp\Handler\CurlFactory::finishError(Object(GuzzleHttp\Handler\CurlMultiHandler), Object(GuzzleHttp\Handler\EasyHandle), Object(GuzzleHttp\Handler\CurlFactory))
#2 E:\xampp73\htdocs\filecroco\loader\vendor\guzzlehttp\guzzle\src\Handler\CurlMultiHandler.php(181): GuzzleHttp\Handler\CurlFactory::finish(Object(GuzzleHttp\Handler\CurlMultiHandler), Object(GuzzleHttp\Handler\EasyHandle), Object(GuzzleHttp\Handler\CurlFactory))
#3 E:\xampp73\htdocs\filecroco\loader\vendor\guzzlehttp\guzzle\src\Handler\CurlMultiHandler.php(110): GuzzleHttp\Handler\CurlMultiHandler->processMessages()
#4 E:\xampp73\htdocs\filecroco\loader\vendor\guzzlehttp\guzzle\src\Handler\CurlMultiHandler.php(125): GuzzleHttp\Handler\CurlMultiHandler->tick()
#5 E:\xampp73\htdocs\filecroco\loader\vendor\guzzlehttp\promises\src\Promise.php(246): GuzzleHttp\Handler\CurlMultiHandler->execute(true)
#6 E:\xampp73\htdocs\filecroco\loader\vendor\guzzlehttp\promises\src\Promise.php(223): GuzzleHttp\Promise\Promise->invokeWaitFn()
#7 E:\xampp73\htdocs\filecroco\loader\vendor\guzzlehttp\promises\src\Promise.php(267): GuzzleHttp\Promise\Promise->waitIfPending()
#8 E:\xampp73\htdocs\filecroco\loader\vendor\guzzlehttp\promises\src\Promise.php(225): GuzzleHttp\Promise\Promise->invokeWaitList()
#9 E:\xampp73\htdocs\filecroco\loader\vendor\guzzlehttp\promises\src\Promise.php(62): GuzzleHttp\Promise\Promise->waitIfPending()
#10 E:\xampp73\htdocs\filecroco\loader\vendor\guzzlehttp\promises\src\EachPromise.php(101): GuzzleHttp\Promise\Promise->wait()
#11 E:\xampp73\htdocs\filecroco\loader\vendor\guzzlehttp\promises\src\Promise.php(246): GuzzleHttp\Promise\EachPromise->GuzzleHttp\Promise\{closure}(true)
#12 E:\xampp73\htdocs\filecroco\loader\vendor\guzzlehttp\promises\src\Promise.php(223): GuzzleHttp\Promise\Promise->invokeWaitFn()
#13 E:\xampp73\htdocs\filecroco\loader\vendor\guzzlehttp\promises\src\Promise.php(62): GuzzleHttp\Promise\Promise->waitIfPending()
#14 E:\xampp73\htdocs\filecroco\loader\updatedownloadlink.php(95): GuzzleHttp\Promise\Promise->wait()
#15 {main}|745GuzzleHttp\Exception\RequestException: cURL error 56:  (see http://curl.haxx.se/libcurl/c/libcurl-errors.html) in E:\xampp73\htdocs\filecroco\loader\vendor\guzzlehttp\guzzle\src\Handler\CurlFactory.php:186
Stack trace:
#0 E:\xampp73\htdocs\filecroco\loader\vendor\guzzlehttp\guzzle\src\Handler\CurlFactory.php(149): GuzzleHttp\Handler\CurlFactory::createRejection(Object(GuzzleHttp\Handler\EasyHandle), Array)
#1 E:\xampp73\htdocs\filecroco\loader\vendor\guzzlehttp\guzzle\src\Handler\CurlFactory.php(102): GuzzleHttp\Handler\CurlFactory::finishError(Object(GuzzleHttp\Handler\CurlMultiHandler), Object(GuzzleHttp\Handler\EasyHandle), Object(GuzzleHttp\Handler\CurlFactory))
#2 E:\xampp73\htdocs\filecroco\loader\vendor\guzzlehttp\guzzle\src\Handler\CurlMultiHandler.php(181): GuzzleHttp\Handler\CurlFactory::finish(Object(GuzzleHttp\Handler\CurlMultiHandler), Object(GuzzleHttp\Handler\EasyHandle), Object(GuzzleHttp\Handler\CurlFactory))
#3 E:\xampp73\htdocs\filecroco\loader\vendor\guzzlehttp\guzzle\src\Handler\CurlMultiHandler.php(110): GuzzleHttp\Handler\CurlMultiHandler->processMessages()
#4 E:\xampp73\htdocs\filecroco\loader\vendor\guzzlehttp\guzzle\src\Handler\CurlMultiHandler.php(125): GuzzleHttp\Handler\CurlMultiHandler->tick()
#5 E:\xampp73\htdocs\filecroco\loader\vendor\guzzlehttp\promises\src\Promise.php(246): GuzzleHttp\Handler\CurlMultiHandler->execute(true)
#6 E:\xampp73\htdocs\filecroco\loader\vendor\guzzlehttp\promises\src\Promise.php(223): GuzzleHttp\Promise\Promise->invokeWaitFn()
#7 E:\xampp73\htdocs\filecroco\loader\vendor\guzzlehttp\promises\src\Promise.php(267): GuzzleHttp\Promise\Promise->waitIfPending()
#8 E:\xampp73\htdocs\filecroco\loader\vendor\guzzlehttp\promises\src\Promise.php(225): GuzzleHttp\Promise\Promise->invokeWaitList()
#9 E:\xampp73\htdocs\filecroco\loader\vendor\guzzlehttp\promises\src\Promise.php(62): GuzzleHttp\Promise\Promise->waitIfPending()
#10 E:\xampp73\htdocs\filecroco\loader\vendor\guzzlehttp\promises\src\EachPromise.php(101): GuzzleHttp\Promise\Promise->wait()
#11 E:\xampp73\htdocs\filecroco\loader\vendor\guzzlehttp\promises\src\Promise.php(246): GuzzleHttp\Promise\EachPromise->GuzzleHttp\Promise\{closure}(true)
#12 E:\xampp73\htdocs\filecroco\loader\vendor\guzzlehttp\promises\src\Promise.php(223): GuzzleHttp\Promise\Promise->invokeWaitFn()
#13 E:\xampp73\htdocs\filecroco\loader\vendor\guzzlehttp\promises\src\Promise.php(62): GuzzleHttp\Promise\Promise->waitIfPending()
#14 E:\xampp73\htdocs\filecroco\loader\updatedownloadlink.php(95): GuzzleHttp\Promise\Promise->wait()
#15 {main}|746GuzzleHttp\Exception\RequestException: cURL error 56:  (see http://curl.haxx.se/libcurl/c/libcurl-errors.html) in E:\xampp73\htdocs\filecroco\loader\vendor\guzzlehttp\guzzle\src\Handler\CurlFactory.php:186
Stack trace:
#0 E:\xampp73\htdocs\filecroco\loader\vendor\guzzlehttp\guzzle\src\Handler\CurlFactory.php(149): GuzzleHttp\Handler\CurlFactory::createRejection(Object(GuzzleHttp\Handler\EasyHandle), Array)
#1 E:\xampp73\htdocs\filecroco\loader\vendor\guzzlehttp\guzzle\src\Handler\CurlFactory.php(102): GuzzleHttp\Handler\CurlFactory::finishError(Object(GuzzleHttp\Handler\CurlMultiHandler), Object(GuzzleHttp\Handler\EasyHandle), Object(GuzzleHttp\Handler\CurlFactory))
#2 E:\xampp73\htdocs\filecroco\loader\vendor\guzzlehttp\guzzle\src\Handler\CurlMultiHandler.php(181): GuzzleHttp\Handler\CurlFactory::finish(Object(GuzzleHttp\Handler\CurlMultiHandler), Object(GuzzleHttp\Handler\EasyHandle), Object(GuzzleHttp\Handler\CurlFactory))
#3 E:\xampp73\htdocs\filecroco\loader\vendor\guzzlehttp\guzzle\src\Handler\CurlMultiHandler.php(110): GuzzleHttp\Handler\CurlMultiHandler->processMessages()
#4 E:\xampp73\htdocs\filecroco\loader\vendor\guzzlehttp\guzzle\src\Handler\CurlMultiHandler.php(125): GuzzleHttp\Handler\CurlMultiHandler->tick()
#5 E:\xampp73\htdocs\filecroco\loader\vendor\guzzlehttp\promises\src\Promise.php(246): GuzzleHttp\Handler\CurlMultiHandler->execute(true)
#6 E:\xampp73\htdocs\filecroco\loader\vendor\guzzlehttp\promises\src\Promise.php(223): GuzzleHttp\Promise\Promise->invokeWaitFn()
#7 E:\xampp73\htdocs\filecroco\loader\vendor\guzzlehttp\promises\src\Promise.php(267): GuzzleHttp\Promise\Promise->waitIfPending()
#8 E:\xampp73\htdocs\filecroco\loader\vendor\guzzlehttp\promises\src\Promise.php(225): GuzzleHttp\Promise\Promise->invokeWaitList()
#9 E:\xampp73\htdocs\filecroco\loader\vendor\guzzlehttp\promises\src\Promise.php(62): GuzzleHttp\Promise\Promise->waitIfPending()
#10 E:\xampp73\htdocs\filecroco\loader\vendor\guzzlehttp\promises\src\EachPromise.php(101): GuzzleHttp\Promise\Promise->wait()
#11 E:\xampp73\htdocs\filecroco\loader\vendor\guzzlehttp\promises\src\Promise.php(246): GuzzleHttp\Promise\EachPromise->GuzzleHttp\Promise\{closure}(true)
#12 E:\xampp73\htdocs\filecroco\loader\vendor\guzzlehttp\promises\src\Promise.php(223): GuzzleHttp\Promise\Promise->invokeWaitFn()
#13 E:\xampp73\htdocs\filecroco\loader\vendor\guzzlehttp\promises\src\Promise.php(62): GuzzleHttp\Promise\Promise->waitIfPending()
#14 E:\xampp73\htdocs\filecroco\loader\updatedownloadlink.php(95): GuzzleHttp\Promise\Promise->wait()
#15 {main}|747GuzzleHttp\Exception\RequestException: cURL error 56:  (see http://curl.haxx.se/libcurl/c/libcurl-errors.html) in E:\xampp73\htdocs\filecroco\loader\vendor\guzzlehttp\guzzle\src\Handler\CurlFactory.php:186
Stack trace:
#0 E:\xampp73\htdocs\filecroco\loader\vendor\guzzlehttp\guzzle\src\Handler\CurlFactory.php(149): GuzzleHttp\Handler\CurlFactory::createRejection(Object(GuzzleHttp\Handler\EasyHandle), Array)
#1 E:\xampp73\htdocs\filecroco\loader\vendor\guzzlehttp\guzzle\src\Handler\CurlFactory.php(102): GuzzleHttp\Handler\CurlFactory::finishError(Object(GuzzleHttp\Handler\CurlMultiHandler), Object(GuzzleHttp\Handler\EasyHandle), Object(GuzzleHttp\Handler\CurlFactory))
#2 E:\xampp73\htdocs\filecroco\loader\vendor\guzzlehttp\guzzle\src\Handler\CurlMultiHandler.php(181): GuzzleHttp\Handler\CurlFactory::finish(Object(GuzzleHttp\Handler\CurlMultiHandler), Object(GuzzleHttp\Handler\EasyHandle), Object(GuzzleHttp\Handler\CurlFactory))
#3 E:\xampp73\htdocs\filecroco\loader\vendor\guzzlehttp\guzzle\src\Handler\CurlMultiHandler.php(110): GuzzleHttp\Handler\CurlMultiHandler->processMessages()
#4 E:\xampp73\htdocs\filecroco\loader\vendor\guzzlehttp\guzzle\src\Handler\CurlMultiHandler.php(125): GuzzleHttp\Handler\CurlMultiHandler->tick()
#5 E:\xampp73\htdocs\filecroco\loader\vendor\guzzlehttp\promises\src\Promise.php(246): GuzzleHttp\Handler\CurlMultiHandler->execute(true)
#6 E:\xampp73\htdocs\filecroco\loader\vendor\guzzlehttp\promises\src\Promise.php(223): GuzzleHttp\Promise\Promise->invokeWaitFn()
#7 E:\xampp73\htdocs\filecroco\loader\vendor\guzzlehttp\promises\src\Promise.php(267): GuzzleHttp\Promise\Promise->waitIfPending()
#8 E:\xampp73\htdocs\filecroco\loader\vendor\guzzlehttp\promises\src\Promise.php(225): GuzzleHttp\Promise\Promise->invokeWaitList()
#9 E:\xampp73\htdocs\filecroco\loader\vendor\guzzlehttp\promises\src\Promise.php(62): GuzzleHttp\Promise\Promise->waitIfPending()
#10 E:\xampp73\htdocs\filecroco\loader\vendor\guzzlehttp\promises\src\EachPromise.php(101): GuzzleHttp\Promise\Promise->wait()
#11 E:\xampp73\htdocs\filecroco\loader\vendor\guzzlehttp\promises\src\Promise.php(246): GuzzleHttp\Promise\EachPromise->GuzzleHttp\Promise\{closure}(true)
#12 E:\xampp73\htdocs\filecroco\loader\vendor\guzzlehttp\promises\src\Promise.php(223): GuzzleHttp\Promise\Promise->invokeWaitFn()
#13 E:\xampp73\htdocs\filecroco\loader\vendor\guzzlehttp\promises\src\Promise.php(62): GuzzleHttp\Promise\Promise->waitIfPending()
#14 E:\xampp73\htdocs\filecroco\loader\updatedownloadlink.php(95): GuzzleHttp\Promise\Promise->wait()
#15 {main}|748GuzzleHttp\Exception\RequestException: cURL error 56:  (see http://curl.haxx.se/libcurl/c/libcurl-errors.html) in E:\xampp73\htdocs\filecroco\loader\vendor\guzzlehttp\guzzle\src\Handler\CurlFactory.php:186
Stack trace:
#0 E:\xampp73\htdocs\filecroco\loader\vendor\guzzlehttp\guzzle\src\Handler\CurlFactory.php(149): GuzzleHttp\Handler\CurlFactory::createRejection(Object(GuzzleHttp\Handler\EasyHandle), Array)
#1 E:\xampp73\htdocs\filecroco\loader\vendor\guzzlehttp\guzzle\src\Handler\CurlFactory.php(102): GuzzleHttp\Handler\CurlFactory::finishError(Object(GuzzleHttp\Handler\CurlMultiHandler), Object(GuzzleHttp\Handler\EasyHandle), Object(GuzzleHttp\Handler\CurlFactory))
#2 E:\xampp73\htdocs\filecroco\loader\vendor\guzzlehttp\guzzle\src\Handler\CurlMultiHandler.php(181): GuzzleHttp\Handler\CurlFactory::finish(Object(GuzzleHttp\Handler\CurlMultiHandler), Object(GuzzleHttp\Handler\EasyHandle), Object(GuzzleHttp\Handler\CurlFactory))
#3 E:\xampp73\htdocs\filecroco\loader\vendor\guzzlehttp\guzzle\src\Handler\CurlMultiHandler.php(110): GuzzleHttp\Handler\CurlMultiHandler->processMessages()
#4 E:\xampp73\htdocs\filecroco\loader\vendor\guzzlehttp\guzzle\src\Handler\CurlMultiHandler.php(125): GuzzleHttp\Handler\CurlMultiHandler->tick()
#5 E:\xampp73\htdocs\filecroco\loader\vendor\guzzlehttp\promises\src\Promise.php(246): GuzzleHttp\Handler\CurlMultiHandler->execute(true)
#6 E:\xampp73\htdocs\filecroco\loader\vendor\guzzlehttp\promises\src\Promise.php(223): GuzzleHttp\Promise\Promise->invokeWaitFn()
#7 E:\xampp73\htdocs\filecroco\loader\vendor\guzzlehttp\promises\src\Promise.php(267): GuzzleHttp\Promise\Promise->waitIfPending()
#8 E:\xampp73\htdocs\filecroco\loader\vendor\guzzlehttp\promises\src\Promise.php(225): GuzzleHttp\Promise\Promise->invokeWaitList()
#9 E:\xampp73\htdocs\filecroco\loader\vendor\guzzlehttp\promises\src\Promise.php(62): GuzzleHttp\Promise\Promise->waitIfPending()
#10 E:\xampp73\htdocs\filecroco\loader\vendor\guzzlehttp\promises\src\EachPromise.php(101): GuzzleHttp\Promise\Promise->wait()
#11 E:\xampp73\htdocs\filecroco\loader\vendor\guzzlehttp\promises\src\Promise.php(246): GuzzleHttp\Promise\EachPromise->GuzzleHttp\Promise\{closure}(true)
#12 E:\xampp73\htdocs\filecroco\loader\vendor\guzzlehttp\promises\src\Promise.php(223): GuzzleHttp\Promise\Promise->invokeWaitFn()
#13 E:\xampp73\htdocs\filecroco\loader\vendor\guzzlehttp\promises\src\Promise.php(62): GuzzleHttp\Promise\Promise->waitIfPending()
#14 E:\xampp73\htdocs\filecroco\loader\updatedownloadlink.php(95): GuzzleHttp\Promise\Promise->wait()
#15 {main}|749GuzzleHttp\Exception\RequestException: cURL error 56:  (see http://curl.haxx.se/libcurl/c/libcurl-errors.html) in E:\xampp73\htdocs\filecroco\loader\vendor\guzzlehttp\guzzle\src\Handler\CurlFactory.php:186
Stack trace:
#0 E:\xampp73\htdocs\filecroco\loader\vendor\guzzlehttp\guzzle\src\Handler\CurlFactory.php(149): GuzzleHttp\Handler\CurlFactory::createRejection(Object(GuzzleHttp\Handler\EasyHandle), Array)
#1 E:\xampp73\htdocs\filecroco\loader\vendor\guzzlehttp\guzzle\src\Handler\CurlFactory.php(102): GuzzleHttp\Handler\CurlFactory::finishError(Object(GuzzleHttp\Handler\CurlMultiHandler), Object(GuzzleHttp\Handler\EasyHandle), Object(GuzzleHttp\Handler\CurlFactory))
#2 E:\xampp73\htdocs\filecroco\loader\vendor\guzzlehttp\guzzle\src\Handler\CurlMultiHandler.php(181): GuzzleHttp\Handler\CurlFactory::finish(Object(GuzzleHttp\Handler\CurlMultiHandler), Object(GuzzleHttp\Handler\EasyHandle), Object(GuzzleHttp\Handler\CurlFactory))
#3 E:\xampp73\htdocs\filecroco\loader\vendor\guzzlehttp\guzzle\src\Handler\CurlMultiHandler.php(110): GuzzleHttp\Handler\CurlMultiHandler->processMessages()
#4 E:\xampp73\htdocs\filecroco\loader\vendor\guzzlehttp\guzzle\src\Handler\CurlMultiHandler.php(125): GuzzleHttp\Handler\CurlMultiHandler->tick()
#5 E:\xampp73\htdocs\filecroco\loader\vendor\guzzlehttp\promises\src\Promise.php(246): GuzzleHttp\Handler\CurlMultiHandler->execute(true)
#6 E:\xampp73\htdocs\filecroco\loader\vendor\guzzlehttp\promises\src\Promise.php(223): GuzzleHttp\Promise\Promise->invokeWaitFn()
#7 E:\xampp73\htdocs\filecroco\loader\vendor\guzzlehttp\promises\src\Promise.php(267): GuzzleHttp\Promise\Promise->waitIfPending()
#8 E:\xampp73\htdocs\filecroco\loader\vendor\guzzlehttp\promises\src\Promise.php(225): GuzzleHttp\Promise\Promise->invokeWaitList()
#9 E:\xampp73\htdocs\filecroco\loader\vendor\guzzlehttp\promises\src\Promise.php(62): GuzzleHttp\Promise\Promise->waitIfPending()
#10 E:\xampp73\htdocs\filecroco\loader\vendor\guzzlehttp\promises\src\EachPromise.php(101): GuzzleHttp\Promise\Promise->wait()
#11 E:\xampp73\htdocs\filecroco\loader\vendor\guzzlehttp\promises\src\Promise.php(246): GuzzleHttp\Promise\EachPromise->GuzzleHttp\Promise\{closure}(true)
#12 E:\xampp73\htdocs\filecroco\loader\vendor\guzzlehttp\promises\src\Promise.php(223): GuzzleHttp\Promise\Promise->invokeWaitFn()
#13 E:\xampp73\htdocs\filecroco\loader\vendor\guzzlehttp\promises\src\Promise.php(62): GuzzleHttp\Promise\Promise->waitIfPending()
#14 E:\xampp73\htdocs\filecroco\loader\updatedownloadlink.php(95): GuzzleHttp\Promise\Promise->wait()
#15 {main}|750GuzzleHttp\Exception\RequestException: cURL error 56:  (see http://curl.haxx.se/libcurl/c/libcurl-errors.html) in E:\xampp73\htdocs\filecroco\loader\vendor\guzzlehttp\guzzle\src\Handler\CurlFactory.php:186
Stack trace:
#0 E:\xampp73\htdocs\filecroco\loader\vendor\guzzlehttp\guzzle\src\Handler\CurlFactory.php(149): GuzzleHttp\Handler\CurlFactory::createRejection(Object(GuzzleHttp\Handler\EasyHandle), Array)
#1 E:\xampp73\htdocs\filecroco\loader\vendor\guzzlehttp\guzzle\src\Handler\CurlFactory.php(102): GuzzleHttp\Handler\CurlFactory::finishError(Object(GuzzleHttp\Handler\CurlMultiHandler), Object(GuzzleHttp\Handler\EasyHandle), Object(GuzzleHttp\Handler\CurlFactory))
#2 E:\xampp73\htdocs\filecroco\loader\vendor\guzzlehttp\guzzle\src\Handler\CurlMultiHandler.php(181): GuzzleHttp\Handler\CurlFactory::finish(Object(GuzzleHttp\Handler\CurlMultiHandler), Object(GuzzleHttp\Handler\EasyHandle), Object(GuzzleHttp\Handler\CurlFactory))
#3 E:\xampp73\htdocs\filecroco\loader\vendor\guzzlehttp\guzzle\src\Handler\CurlMultiHandler.php(110): GuzzleHttp\Handler\CurlMultiHandler->processMessages()
#4 E:\xampp73\htdocs\filecroco\loader\vendor\guzzlehttp\guzzle\src\Handler\CurlMultiHandler.php(125): GuzzleHttp\Handler\CurlMultiHandler->tick()
#5 E:\xampp73\htdocs\filecroco\loader\vendor\guzzlehttp\promises\src\Promise.php(246): GuzzleHttp\Handler\CurlMultiHandler->execute(true)
#6 E:\xampp73\htdocs\filecroco\loader\vendor\guzzlehttp\promises\src\Promise.php(223): GuzzleHttp\Promise\Promise->invokeWaitFn()
#7 E:\xampp73\htdocs\filecroco\loader\vendor\guzzlehttp\promises\src\Promise.php(267): GuzzleHttp\Promise\Promise->waitIfPending()
#8 E:\xampp73\htdocs\filecroco\loader\vendor\guzzlehttp\promises\src\Promise.php(225): GuzzleHttp\Promise\Promise->invokeWaitList()
#9 E:\xampp73\htdocs\filecroco\loader\vendor\guzzlehttp\promises\src\Promise.php(62): GuzzleHttp\Promise\Promise->waitIfPending()
#10 E:\xampp73\htdocs\filecroco\loader\vendor\guzzlehttp\promises\src\EachPromise.php(101): GuzzleHttp\Promise\Promise->wait()
#11 E:\xampp73\htdocs\filecroco\loader\vendor\guzzlehttp\promises\src\Promise.php(246): GuzzleHttp\Promise\EachPromise->GuzzleHttp\Promise\{closure}(true)
#12 E:\xampp73\htdocs\filecroco\loader\vendor\guzzlehttp\promises\src\Promise.php(223): GuzzleHttp\Promise\Promise->invokeWaitFn()
#13 E:\xampp73\htdocs\filecroco\loader\vendor\guzzlehttp\promises\src\Promise.php(62): GuzzleHttp\Promise\Promise->waitIfPending()
#14 E:\xampp73\htdocs\filecroco\loader\updatedownloadlink.php(95): GuzzleHttp\Promise\Promise->wait()
#15 {main}|751GuzzleHttp\Exception\RequestException: cURL error 56:  (see http://curl.haxx.se/libcurl/c/libcurl-errors.html) in E:\xampp73\htdocs\filecroco\loader\vendor\guzzlehttp\guzzle\src\Handler\CurlFactory.php:186
Stack trace:
#0 E:\xampp73\htdocs\filecroco\loader\vendor\guzzlehttp\guzzle\src\Handler\CurlFactory.php(149): GuzzleHttp\Handler\CurlFactory::createRejection(Object(GuzzleHttp\Handler\EasyHandle), Array)
#1 E:\xampp73\htdocs\filecroco\loader\vendor\guzzlehttp\guzzle\src\Handler\CurlFactory.php(102): GuzzleHttp\Handler\CurlFactory::finishError(Object(GuzzleHttp\Handler\CurlMultiHandler), Object(GuzzleHttp\Handler\EasyHandle), Object(GuzzleHttp\Handler\CurlFactory))
#2 E:\xampp73\htdocs\filecroco\loader\vendor\guzzlehttp\guzzle\src\Handler\CurlMultiHandler.php(181): GuzzleHttp\Handler\CurlFactory::finish(Object(GuzzleHttp\Handler\CurlMultiHandler), Object(GuzzleHttp\Handler\EasyHandle), Object(GuzzleHttp\Handler\CurlFactory))
#3 E:\xampp73\htdocs\filecroco\loader\vendor\guzzlehttp\guzzle\src\Handler\CurlMultiHandler.php(110): GuzzleHttp\Handler\CurlMultiHandler->processMessages()
#4 E:\xampp73\htdocs\filecroco\loader\vendor\guzzlehttp\guzzle\src\Handler\CurlMultiHandler.php(125): GuzzleHttp\Handler\CurlMultiHandler->tick()
#5 E:\xampp73\htdocs\filecroco\loader\vendor\guzzlehttp\promises\src\Promise.php(246): GuzzleHttp\Handler\CurlMultiHandler->execute(true)
#6 E:\xampp73\htdocs\filecroco\loader\vendor\guzzlehttp\promises\src\Promise.php(223): GuzzleHttp\Promise\Promise->invokeWaitFn()
#7 E:\xampp73\htdocs\filecroco\loader\vendor\guzzlehttp\promises\src\Promise.php(267): GuzzleHttp\Promise\Promise->waitIfPending()
#8 E:\xampp73\htdocs\filecroco\loader\vendor\guzzlehttp\promises\src\Promise.php(225): GuzzleHttp\Promise\Promise->invokeWaitList()
#9 E:\xampp73\htdocs\filecroco\loader\vendor\guzzlehttp\promises\src\Promise.php(62): GuzzleHttp\Promise\Promise->waitIfPending()
#10 E:\xampp73\htdocs\filecroco\loader\vendor\guzzlehttp\promises\src\EachPromise.php(101): GuzzleHttp\Promise\Promise->wait()
#11 E:\xampp73\htdocs\filecroco\loader\vendor\guzzlehttp\promises\src\Promise.php(246): GuzzleHttp\Promise\EachPromise->GuzzleHttp\Promise\{closure}(true)
#12 E:\xampp73\htdocs\filecroco\loader\vendor\guzzlehttp\promises\src\Promise.php(223): GuzzleHttp\Promise\Promise->invokeWaitFn()
#13 E:\xampp73\htdocs\filecroco\loader\vendor\guzzlehttp\promises\src\Promise.php(62): GuzzleHttp\Promise\Promise->waitIfPending()
#14 E:\xampp73\htdocs\filecroco\loader\updatedownloadlink.php(95): GuzzleHttp\Promise\Promise->wait()
#15 {main}|752GuzzleHttp\Exception\RequestException: cURL error 56:  (see http://curl.haxx.se/libcurl/c/libcurl-errors.html) in E:\xampp73\htdocs\filecroco\loader\vendor\guzzlehttp\guzzle\src\Handler\CurlFactory.php:186
Stack trace:
#0 E:\xampp73\htdocs\filecroco\loader\vendor\guzzlehttp\guzzle\src\Handler\CurlFactory.php(149): GuzzleHttp\Handler\CurlFactory::createRejection(Object(GuzzleHttp\Handler\EasyHandle), Array)
#1 E:\xampp73\htdocs\filecroco\loader\vendor\guzzlehttp\guzzle\src\Handler\CurlFactory.php(102): GuzzleHttp\Handler\CurlFactory::finishError(Object(GuzzleHttp\Handler\CurlMultiHandler), Object(GuzzleHttp\Handler\EasyHandle), Object(GuzzleHttp\Handler\CurlFactory))
#2 E:\xampp73\htdocs\filecroco\loader\vendor\guzzlehttp\guzzle\src\Handler\CurlMultiHandler.php(181): GuzzleHttp\Handler\CurlFactory::finish(Object(GuzzleHttp\Handler\CurlMultiHandler), Object(GuzzleHttp\Handler\EasyHandle), Object(GuzzleHttp\Handler\CurlFactory))
#3 E:\xampp73\htdocs\filecroco\loader\vendor\guzzlehttp\guzzle\src\Handler\CurlMultiHandler.php(110): GuzzleHttp\Handler\CurlMultiHandler->processMessages()
#4 E:\xampp73\htdocs\filecroco\loader\vendor\guzzlehttp\guzzle\src\Handler\CurlMultiHandler.php(125): GuzzleHttp\Handler\CurlMultiHandler->tick()
#5 E:\xampp73\htdocs\filecroco\loader\vendor\guzzlehttp\promises\src\Promise.php(246): GuzzleHttp\Handler\CurlMultiHandler->execute(true)
#6 E:\xampp73\htdocs\filecroco\loader\vendor\guzzlehttp\promises\src\Promise.php(223): GuzzleHttp\Promise\Promise->invokeWaitFn()
#7 E:\xampp73\htdocs\filecroco\loader\vendor\guzzlehttp\promises\src\Promise.php(267): GuzzleHttp\Promise\Promise->waitIfPending()
#8 E:\xampp73\htdocs\filecroco\loader\vendor\guzzlehttp\promises\src\Promise.php(225): GuzzleHttp\Promise\Promise->invokeWaitList()
#9 E:\xampp73\htdocs\filecroco\loader\vendor\guzzlehttp\promises\src\Promise.php(62): GuzzleHttp\Promise\Promise->waitIfPending()
#10 E:\xampp73\htdocs\filecroco\loader\vendor\guzzlehttp\promises\src\EachPromise.php(101): GuzzleHttp\Promise\Promise->wait()
#11 E:\xampp73\htdocs\filecroco\loader\vendor\guzzlehttp\promises\src\Promise.php(246): GuzzleHttp\Promise\EachPromise->GuzzleHttp\Promise\{closure}(true)
#12 E:\xampp73\htdocs\filecroco\loader\vendor\guzzlehttp\promises\src\Promise.php(223): GuzzleHttp\Promise\Promise->invokeWaitFn()
#13 E:\xampp73\htdocs\filecroco\loader\vendor\guzzlehttp\promises\src\Promise.php(62): GuzzleHttp\Promise\Promise->waitIfPending()
#14 E:\xampp73\htdocs\filecroco\loader\updatedownloadlink.php(95): GuzzleHttp\Promise\Promise->wait()
#15 {main}|753GuzzleHttp\Exception\RequestException: cURL error 56:  (see http://curl.haxx.se/libcurl/c/libcurl-errors.html) in E:\xampp73\htdocs\filecroco\loader\vendor\guzzlehttp\guzzle\src\Handler\CurlFactory.php:186
Stack trace:
#0 E:\xampp73\htdocs\filecroco\loader\vendor\guzzlehttp\guzzle\src\Handler\CurlFactory.php(149): GuzzleHttp\Handler\CurlFactory::createRejection(Object(GuzzleHttp\Handler\EasyHandle), Array)
#1 E:\xampp73\htdocs\filecroco\loader\vendor\guzzlehttp\guzzle\src\Handler\CurlFactory.php(102): GuzzleHttp\Handler\CurlFactory::finishError(Object(GuzzleHttp\Handler\CurlMultiHandler), Object(GuzzleHttp\Handler\EasyHandle), Object(GuzzleHttp\Handler\CurlFactory))
#2 E:\xampp73\htdocs\filecroco\loader\vendor\guzzlehttp\guzzle\src\Handler\CurlMultiHandler.php(181): GuzzleHttp\Handler\CurlFactory::finish(Object(GuzzleHttp\Handler\CurlMultiHandler), Object(GuzzleHttp\Handler\EasyHandle), Object(GuzzleHttp\Handler\CurlFactory))
#3 E:\xampp73\htdocs\filecroco\loader\vendor\guzzlehttp\guzzle\src\Handler\CurlMultiHandler.php(110): GuzzleHttp\Handler\CurlMultiHandler->processMessages()
#4 E:\xampp73\htdocs\filecroco\loader\vendor\guzzlehttp\guzzle\src\Handler\CurlMultiHandler.php(125): GuzzleHttp\Handler\CurlMultiHandler->tick()
#5 E:\xampp73\htdocs\filecroco\loader\vendor\guzzlehttp\promises\src\Promise.php(246): GuzzleHttp\Handler\CurlMultiHandler->execute(true)
#6 E:\xampp73\htdocs\filecroco\loader\vendor\guzzlehttp\promises\src\Promise.php(223): GuzzleHttp\Promise\Promise->invokeWaitFn()
#7 E:\xampp73\htdocs\filecroco\loader\vendor\guzzlehttp\promises\src\Promise.php(267): GuzzleHttp\Promise\Promise->waitIfPending()
#8 E:\xampp73\htdocs\filecroco\loader\vendor\guzzlehttp\promises\src\Promise.php(225): GuzzleHttp\Promise\Promise->invokeWaitList()
#9 E:\xampp73\htdocs\filecroco\loader\vendor\guzzlehttp\promises\src\Promise.php(62): GuzzleHttp\Promise\Promise->waitIfPending()
#10 E:\xampp73\htdocs\filecroco\loader\vendor\guzzlehttp\promises\src\EachPromise.php(101): GuzzleHttp\Promise\Promise->wait()
#11 E:\xampp73\htdocs\filecroco\loader\vendor\guzzlehttp\promises\src\Promise.php(246): GuzzleHttp\Promise\EachPromise->GuzzleHttp\Promise\{closure}(true)
#12 E:\xampp73\htdocs\filecroco\loader\vendor\guzzlehttp\promises\src\Promise.php(223): GuzzleHttp\Promise\Promise->invokeWaitFn()
#13 E:\xampp73\htdocs\filecroco\loader\vendor\guzzlehttp\promises\src\Promise.php(62): GuzzleHttp\Promise\Promise->waitIfPending()
#14 E:\xampp73\htdocs\filecroco\loader\updatedownloadlink.php(95): GuzzleHttp\Promise\Promise->wait()
#15 {main}|754GuzzleHttp\Exception\RequestException: cURL error 56:  (see http://curl.haxx.se/libcurl/c/libcurl-errors.html) in E:\xampp73\htdocs\filecroco\loader\vendor\guzzlehttp\guzzle\src\Handler\CurlFactory.php:186
Stack trace:
#0 E:\xampp73\htdocs\filecroco\loader\vendor\guzzlehttp\guzzle\src\Handler\CurlFactory.php(149): GuzzleHttp\Handler\CurlFactory::createRejection(Object(GuzzleHttp\Handler\EasyHandle), Array)
#1 E:\xampp73\htdocs\filecroco\loader\vendor\guzzlehttp\guzzle\src\Handler\CurlFactory.php(102): GuzzleHttp\Handler\CurlFactory::finishError(Object(GuzzleHttp\Handler\CurlMultiHandler), Object(GuzzleHttp\Handler\EasyHandle), Object(GuzzleHttp\Handler\CurlFactory))
#2 E:\xampp73\htdocs\filecroco\loader\vendor\guzzlehttp\guzzle\src\Handler\CurlMultiHandler.php(181): GuzzleHttp\Handler\CurlFactory::finish(Object(GuzzleHttp\Handler\CurlMultiHandler), Object(GuzzleHttp\Handler\EasyHandle), Object(GuzzleHttp\Handler\CurlFactory))
#3 E:\xampp73\htdocs\filecroco\loader\vendor\guzzlehttp\guzzle\src\Handler\CurlMultiHandler.php(110): GuzzleHttp\Handler\CurlMultiHandler->processMessages()
#4 E:\xampp73\htdocs\filecroco\loader\vendor\guzzlehttp\guzzle\src\Handler\CurlMultiHandler.php(125): GuzzleHttp\Handler\CurlMultiHandler->tick()
#5 E:\xampp73\htdocs\filecroco\loader\vendor\guzzlehttp\promises\src\Promise.php(246): GuzzleHttp\Handler\CurlMultiHandler->execute(true)
#6 E:\xampp73\htdocs\filecroco\loader\vendor\guzzlehttp\promises\src\Promise.php(223): GuzzleHttp\Promise\Promise->invokeWaitFn()
#7 E:\xampp73\htdocs\filecroco\loader\vendor\guzzlehttp\promises\src\Promise.php(267): GuzzleHttp\Promise\Promise->waitIfPending()
#8 E:\xampp73\htdocs\filecroco\loader\vendor\guzzlehttp\promises\src\Promise.php(225): GuzzleHttp\Promise\Promise->invokeWaitList()
#9 E:\xampp73\htdocs\filecroco\loader\vendor\guzzlehttp\promises\src\Promise.php(62): GuzzleHttp\Promise\Promise->waitIfPending()
#10 E:\xampp73\htdocs\filecroco\loader\vendor\guzzlehttp\promises\src\EachPromise.php(101): GuzzleHttp\Promise\Promise->wait()
#11 E:\xampp73\htdocs\filecroco\loader\vendor\guzzlehttp\promises\src\Promise.php(246): GuzzleHttp\Promise\EachPromise->GuzzleHttp\Promise\{closure}(true)
#12 E:\xampp73\htdocs\filecroco\loader\vendor\guzzlehttp\promises\src\Promise.php(223): GuzzleHttp\Promise\Promise->invokeWaitFn()
#13 E:\xampp73\htdocs\filecroco\loader\vendor\guzzlehttp\promises\src\Promise.php(62): GuzzleHttp\Promise\Promise->waitIfPending()
#14 E:\xampp73\htdocs\filecroco\loader\updatedownloadlink.php(95): GuzzleHttp\Promise\Promise->wait()
#15 {main}|755GuzzleHttp\Exception\RequestException: cURL error 56:  (see http://curl.haxx.se/libcurl/c/libcurl-errors.html) in E:\xampp73\htdocs\filecroco\loader\vendor\guzzlehttp\guzzle\src\Handler\CurlFactory.php:186
Stack trace:
#0 E:\xampp73\htdocs\filecroco\loader\vendor\guzzlehttp\guzzle\src\Handler\CurlFactory.php(149): GuzzleHttp\Handler\CurlFactory::createRejection(Object(GuzzleHttp\Handler\EasyHandle), Array)
#1 E:\xampp73\htdocs\filecroco\loader\vendor\guzzlehttp\guzzle\src\Handler\CurlFactory.php(102): GuzzleHttp\Handler\CurlFactory::finishError(Object(GuzzleHttp\Handler\CurlMultiHandler), Object(GuzzleHttp\Handler\EasyHandle), Object(GuzzleHttp\Handler\CurlFactory))
#2 E:\xampp73\htdocs\filecroco\loader\vendor\guzzlehttp\guzzle\src\Handler\CurlMultiHandler.php(181): GuzzleHttp\Handler\CurlFactory::finish(Object(GuzzleHttp\Handler\CurlMultiHandler), Object(GuzzleHttp\Handler\EasyHandle), Object(GuzzleHttp\Handler\CurlFactory))
#3 E:\xampp73\htdocs\filecroco\loader\vendor\guzzlehttp\guzzle\src\Handler\CurlMultiHandler.php(110): GuzzleHttp\Handler\CurlMultiHandler->processMessages()
#4 E:\xampp73\htdocs\filecroco\loader\vendor\guzzlehttp\guzzle\src\Handler\CurlMultiHandler.php(125): GuzzleHttp\Handler\CurlMultiHandler->tick()
#5 E:\xampp73\htdocs\filecroco\loader\vendor\guzzlehttp\promises\src\Promise.php(246): GuzzleHttp\Handler\CurlMultiHandler->execute(true)
#6 E:\xampp73\htdocs\filecroco\loader\vendor\guzzlehttp\promises\src\Promise.php(223): GuzzleHttp\Promise\Promise->invokeWaitFn()
#7 E:\xampp73\htdocs\filecroco\loader\vendor\guzzlehttp\promises\src\Promise.php(267): GuzzleHttp\Promise\Promise->waitIfPending()
#8 E:\xampp73\htdocs\filecroco\loader\vendor\guzzlehttp\promises\src\Promise.php(225): GuzzleHttp\Promise\Promise->invokeWaitList()
#9 E:\xampp73\htdocs\filecroco\loader\vendor\guzzlehttp\promises\src\Promise.php(62): GuzzleHttp\Promise\Promise->waitIfPending()
#10 E:\xampp73\htdocs\filecroco\loader\vendor\guzzlehttp\promises\src\EachPromise.php(101): GuzzleHttp\Promise\Promise->wait()
#11 E:\xampp73\htdocs\filecroco\loader\vendor\guzzlehttp\promises\src\Promise.php(246): GuzzleHttp\Promise\EachPromise->GuzzleHttp\Promise\{closure}(true)
#12 E:\xampp73\htdocs\filecroco\loader\vendor\guzzlehttp\promises\src\Promise.php(223): GuzzleHttp\Promise\Promise->invokeWaitFn()
#13 E:\xampp73\htdocs\filecroco\loader\vendor\guzzlehttp\promises\src\Promise.php(62): GuzzleHttp\Promise\Promise->waitIfPending()
#14 E:\xampp73\htdocs\filecroco\loader\updatedownloadlink.php(95): GuzzleHttp\Promise\Promise->wait()
#15 {main}|756GuzzleHttp\Exception\RequestException: cURL error 56:  (see http://curl.haxx.se/libcurl/c/libcurl-errors.html) in E:\xampp73\htdocs\filecroco\loader\vendor\guzzlehttp\guzzle\src\Handler\CurlFactory.php:186
Stack trace:
#0 E:\xampp73\htdocs\filecroco\loader\vendor\guzzlehttp\guzzle\src\Handler\CurlFactory.php(149): GuzzleHttp\Handler\CurlFactory::createRejection(Object(GuzzleHttp\Handler\EasyHandle), Array)
#1 E:\xampp73\htdocs\filecroco\loader\vendor\guzzlehttp\guzzle\src\Handler\CurlFactory.php(102): GuzzleHttp\Handler\CurlFactory::finishError(Object(GuzzleHttp\Handler\CurlMultiHandler), Object(GuzzleHttp\Handler\EasyHandle), Object(GuzzleHttp\Handler\CurlFactory))
#2 E:\xampp73\htdocs\filecroco\loader\vendor\guzzlehttp\guzzle\src\Handler\CurlMultiHandler.php(181): GuzzleHttp\Handler\CurlFactory::finish(Object(GuzzleHttp\Handler\CurlMultiHandler), Object(GuzzleHttp\Handler\EasyHandle), Object(GuzzleHttp\Handler\CurlFactory))
#3 E:\xampp73\htdocs\filecroco\loader\vendor\guzzlehttp\guzzle\src\Handler\CurlMultiHandler.php(110): GuzzleHttp\Handler\CurlMultiHandler->processMessages()
#4 E:\xampp73\htdocs\filecroco\loader\vendor\guzzlehttp\guzzle\src\Handler\CurlMultiHandler.php(125): GuzzleHttp\Handler\CurlMultiHandler->tick()
#5 E:\xampp73\htdocs\filecroco\loader\vendor\guzzlehttp\promises\src\Promise.php(246): GuzzleHttp\Handler\CurlMultiHandler->execute(true)
#6 E:\xampp73\htdocs\filecroco\loader\vendor\guzzlehttp\promises\src\Promise.php(223): GuzzleHttp\Promise\Promise->invokeWaitFn()
#7 E:\xampp73\htdocs\filecroco\loader\vendor\guzzlehttp\promises\src\Promise.php(267): GuzzleHttp\Promise\Promise->waitIfPending()
#8 E:\xampp73\htdocs\filecroco\loader\vendor\guzzlehttp\promises\src\Promise.php(225): GuzzleHttp\Promise\Promise->invokeWaitList()
#9 E:\xampp73\htdocs\filecroco\loader\vendor\guzzlehttp\promises\src\Promise.php(62): GuzzleHttp\Promise\Promise->waitIfPending()
#10 E:\xampp73\htdocs\filecroco\loader\vendor\guzzlehttp\promises\src\EachPromise.php(101): GuzzleHttp\Promise\Promise->wait()
#11 E:\xampp73\htdocs\filecroco\loader\vendor\guzzlehttp\promises\src\Promise.php(246): GuzzleHttp\Promise\EachPromise->GuzzleHttp\Promise\{closure}(true)
#12 E:\xampp73\htdocs\filecroco\loader\vendor\guzzlehttp\promises\src\Promise.php(223): GuzzleHttp\Promise\Promise->invokeWaitFn()
#13 E:\xampp73\htdocs\filecroco\loader\vendor\guzzlehttp\promises\src\Promise.php(62): GuzzleHttp\Promise\Promise->waitIfPending()
#14 E:\xampp73\htdocs\filecroco\loader\updatedownloadlink.php(95): GuzzleHttp\Promise\Promise->wait()
#15 {main}|757GuzzleHttp\Exception\RequestException: cURL error 56:  (see http://curl.haxx.se/libcurl/c/libcurl-errors.html) in E:\xampp73\htdocs\filecroco\loader\vendor\guzzlehttp\guzzle\src\Handler\CurlFactory.php:186
Stack trace:
#0 E:\xampp73\htdocs\filecroco\loader\vendor\guzzlehttp\guzzle\src\Handler\CurlFactory.php(149): GuzzleHttp\Handler\CurlFactory::createRejection(Object(GuzzleHttp\Handler\EasyHandle), Array)
#1 E:\xampp73\htdocs\filecroco\loader\vendor\guzzlehttp\guzzle\src\Handler\CurlFactory.php(102): GuzzleHttp\Handler\CurlFactory::finishError(Object(GuzzleHttp\Handler\CurlMultiHandler), Object(GuzzleHttp\Handler\EasyHandle), Object(GuzzleHttp\Handler\CurlFactory))
#2 E:\xampp73\htdocs\filecroco\loader\vendor\guzzlehttp\guzzle\src\Handler\CurlMultiHandler.php(181): GuzzleHttp\Handler\CurlFactory::finish(Object(GuzzleHttp\Handler\CurlMultiHandler), Object(GuzzleHttp\Handler\EasyHandle), Object(GuzzleHttp\Handler\CurlFactory))
#3 E:\xampp73\htdocs\filecroco\loader\vendor\guzzlehttp\guzzle\src\Handler\CurlMultiHandler.php(110): GuzzleHttp\Handler\CurlMultiHandler->processMessages()
#4 E:\xampp73\htdocs\filecroco\loader\vendor\guzzlehttp\guzzle\src\Handler\CurlMultiHandler.php(125): GuzzleHttp\Handler\CurlMultiHandler->tick()
#5 E:\xampp73\htdocs\filecroco\loader\vendor\guzzlehttp\promises\src\Promise.php(246): GuzzleHttp\Handler\CurlMultiHandler->execute(true)
#6 E:\xampp73\htdocs\filecroco\loader\vendor\guzzlehttp\promises\src\Promise.php(223): GuzzleHttp\Promise\Promise->invokeWaitFn()
#7 E:\xampp73\htdocs\filecroco\loader\vendor\guzzlehttp\promises\src\Promise.php(267): GuzzleHttp\Promise\Promise->waitIfPending()
#8 E:\xampp73\htdocs\filecroco\loader\vendor\guzzlehttp\promises\src\Promise.php(225): GuzzleHttp\Promise\Promise->invokeWaitList()
#9 E:\xampp73\htdocs\filecroco\loader\vendor\guzzlehttp\promises\src\Promise.php(62): GuzzleHttp\Promise\Promise->waitIfPending()
#10 E:\xampp73\htdocs\filecroco\loader\vendor\guzzlehttp\promises\src\EachPromise.php(101): GuzzleHttp\Promise\Promise->wait()
#11 E:\xampp73\htdocs\filecroco\loader\vendor\guzzlehttp\promises\src\Promise.php(246): GuzzleHttp\Promise\EachPromise->GuzzleHttp\Promise\{closure}(true)
#12 E:\xampp73\htdocs\filecroco\loader\vendor\guzzlehttp\promises\src\Promise.php(223): GuzzleHttp\Promise\Promise->invokeWaitFn()
#13 E:\xampp73\htdocs\filecroco\loader\vendor\guzzlehttp\promises\src\Promise.php(62): GuzzleHttp\Promise\Promise->waitIfPending()
#14 E:\xampp73\htdocs\filecroco\loader\updatedownloadlink.php(95): GuzzleHttp\Promise\Promise->wait()
#15 {main}|758GuzzleHttp\Exception\RequestException: cURL error 56:  (see http://curl.haxx.se/libcurl/c/libcurl-errors.html) in E:\xampp73\htdocs\filecroco\loader\vendor\guzzlehttp\guzzle\src\Handler\CurlFactory.php:186
Stack trace:
#0 E:\xampp73\htdocs\filecroco\loader\vendor\guzzlehttp\guzzle\src\Handler\CurlFactory.php(149): GuzzleHttp\Handler\CurlFactory::createRejection(Object(GuzzleHttp\Handler\EasyHandle), Array)
#1 E:\xampp73\htdocs\filecroco\loader\vendor\guzzlehttp\guzzle\src\Handler\CurlFactory.php(102): GuzzleHttp\Handler\CurlFactory::finishError(Object(GuzzleHttp\Handler\CurlMultiHandler), Object(GuzzleHttp\Handler\EasyHandle), Object(GuzzleHttp\Handler\CurlFactory))
#2 E:\xampp73\htdocs\filecroco\loader\vendor\guzzlehttp\guzzle\src\Handler\CurlMultiHandler.php(181): GuzzleHttp\Handler\CurlFactory::finish(Object(GuzzleHttp\Handler\CurlMultiHandler), Object(GuzzleHttp\Handler\EasyHandle), Object(GuzzleHttp\Handler\CurlFactory))
#3 E:\xampp73\htdocs\filecroco\loader\vendor\guzzlehttp\guzzle\src\Handler\CurlMultiHandler.php(110): GuzzleHttp\Handler\CurlMultiHandler->processMessages()
#4 E:\xampp73\htdocs\filecroco\loader\vendor\guzzlehttp\guzzle\src\Handler\CurlMultiHandler.php(125): GuzzleHttp\Handler\CurlMultiHandler->tick()
#5 E:\xampp73\htdocs\filecroco\loader\vendor\guzzlehttp\promises\src\Promise.php(246): GuzzleHttp\Handler\CurlMultiHandler->execute(true)
#6 E:\xampp73\htdocs\filecroco\loader\vendor\guzzlehttp\promises\src\Promise.php(223): GuzzleHttp\Promise\Promise->invokeWaitFn()
#7 E:\xampp73\htdocs\filecroco\loader\vendor\guzzlehttp\promises\src\Promise.php(267): GuzzleHttp\Promise\Promise->waitIfPending()
#8 E:\xampp73\htdocs\filecroco\loader\vendor\guzzlehttp\promises\src\Promise.php(225): GuzzleHttp\Promise\Promise->invokeWaitList()
#9 E:\xampp73\htdocs\filecroco\loader\vendor\guzzlehttp\promises\src\Promise.php(62): GuzzleHttp\Promise\Promise->waitIfPending()
#10 E:\xampp73\htdocs\filecroco\loader\vendor\guzzlehttp\promises\src\EachPromise.php(101): GuzzleHttp\Promise\Promise->wait()
#11 E:\xampp73\htdocs\filecroco\loader\vendor\guzzlehttp\promises\src\Promise.php(246): GuzzleHttp\Promise\EachPromise->GuzzleHttp\Promise\{closure}(true)
#12 E:\xampp73\htdocs\filecroco\loader\vendor\guzzlehttp\promises\src\Promise.php(223): GuzzleHttp\Promise\Promise->invokeWaitFn()
#13 E:\xampp73\htdocs\filecroco\loader\vendor\guzzlehttp\promises\src\Promise.php(62): GuzzleHttp\Promise\Promise->waitIfPending()
#14 E:\xampp73\htdocs\filecroco\loader\updatedownloadlink.php(95): GuzzleHttp\Promise\Promise->wait()
#15 {main}|759GuzzleHttp\Exception\RequestException: cURL error 56:  (see http://curl.haxx.se/libcurl/c/libcurl-errors.html) in E:\xampp73\htdocs\filecroco\loader\vendor\guzzlehttp\guzzle\src\Handler\CurlFactory.php:186
Stack trace:
#0 E:\xampp73\htdocs\filecroco\loader\vendor\guzzlehttp\guzzle\src\Handler\CurlFactory.php(149): GuzzleHttp\Handler\CurlFactory::createRejection(Object(GuzzleHttp\Handler\EasyHandle), Array)
#1 E:\xampp73\htdocs\filecroco\loader\vendor\guzzlehttp\guzzle\src\Handler\CurlFactory.php(102): GuzzleHttp\Handler\CurlFactory::finishError(Object(GuzzleHttp\Handler\CurlMultiHandler), Object(GuzzleHttp\Handler\EasyHandle), Object(GuzzleHttp\Handler\CurlFactory))
#2 E:\xampp73\htdocs\filecroco\loader\vendor\guzzlehttp\guzzle\src\Handler\CurlMultiHandler.php(181): GuzzleHttp\Handler\CurlFactory::finish(Object(GuzzleHttp\Handler\CurlMultiHandler), Object(GuzzleHttp\Handler\EasyHandle), Object(GuzzleHttp\Handler\CurlFactory))
#3 E:\xampp73\htdocs\filecroco\loader\vendor\guzzlehttp\guzzle\src\Handler\CurlMultiHandler.php(110): GuzzleHttp\Handler\CurlMultiHandler->processMessages()
#4 E:\xampp73\htdocs\filecroco\loader\vendor\guzzlehttp\guzzle\src\Handler\CurlMultiHandler.php(125): GuzzleHttp\Handler\CurlMultiHandler->tick()
#5 E:\xampp73\htdocs\filecroco\loader\vendor\guzzlehttp\promises\src\Promise.php(246): GuzzleHttp\Handler\CurlMultiHandler->execute(true)
#6 E:\xampp73\htdocs\filecroco\loader\vendor\guzzlehttp\promises\src\Promise.php(223): GuzzleHttp\Promise\Promise->invokeWaitFn()
#7 E:\xampp73\htdocs\filecroco\loader\vendor\guzzlehttp\promises\src\Promise.php(267): GuzzleHttp\Promise\Promise->waitIfPending()
#8 E:\xampp73\htdocs\filecroco\loader\vendor\guzzlehttp\promises\src\Promise.php(225): GuzzleHttp\Promise\Promise->invokeWaitList()
#9 E:\xampp73\htdocs\filecroco\loader\vendor\guzzlehttp\promises\src\Promise.php(62): GuzzleHttp\Promise\Promise->waitIfPending()
#10 E:\xampp73\htdocs\filecroco\loader\vendor\guzzlehttp\promises\src\EachPromise.php(101): GuzzleHttp\Promise\Promise->wait()
#11 E:\xampp73\htdocs\filecroco\loader\vendor\guzzlehttp\promises\src\Promise.php(246): GuzzleHttp\Promise\EachPromise->GuzzleHttp\Promise\{closure}(true)
#12 E:\xampp73\htdocs\filecroco\loader\vendor\guzzlehttp\promises\src\Promise.php(223): GuzzleHttp\Promise\Promise->invokeWaitFn()
#13 E:\xampp73\htdocs\filecroco\loader\vendor\guzzlehttp\promises\src\Promise.php(62): GuzzleHttp\Promise\Promise->waitIfPending()
#14 E:\xampp73\htdocs\filecroco\loader\updatedownloadlink.php(95): GuzzleHttp\Promise\Promise->wait()
#15 {main}|760GuzzleHttp\Exception\RequestException: cURL error 56:  (see http://curl.haxx.se/libcurl/c/libcurl-errors.html) in E:\xampp73\htdocs\filecroco\loader\vendor\guzzlehttp\guzzle\src\Handler\CurlFactory.php:186
Stack trace:
#0 E:\xampp73\htdocs\filecroco\loader\vendor\guzzlehttp\guzzle\src\Handler\CurlFactory.php(149): GuzzleHttp\Handler\CurlFactory::createRejection(Object(GuzzleHttp\Handler\EasyHandle), Array)
#1 E:\xampp73\htdocs\filecroco\loader\vendor\guzzlehttp\guzzle\src\Handler\CurlFactory.php(102): GuzzleHttp\Handler\CurlFactory::finishError(Object(GuzzleHttp\Handler\CurlMultiHandler), Object(GuzzleHttp\Handler\EasyHandle), Object(GuzzleHttp\Handler\CurlFactory))
#2 E:\xampp73\htdocs\filecroco\loader\vendor\guzzlehttp\guzzle\src\Handler\CurlMultiHandler.php(181): GuzzleHttp\Handler\CurlFactory::finish(Object(GuzzleHttp\Handler\CurlMultiHandler), Object(GuzzleHttp\Handler\EasyHandle), Object(GuzzleHttp\Handler\CurlFactory))
#3 E:\xampp73\htdocs\filecroco\loader\vendor\guzzlehttp\guzzle\src\Handler\CurlMultiHandler.php(110): GuzzleHttp\Handler\CurlMultiHandler->processMessages()
#4 E:\xampp73\htdocs\filecroco\loader\vendor\guzzlehttp\guzzle\src\Handler\CurlMultiHandler.php(125): GuzzleHttp\Handler\CurlMultiHandler->tick()
#5 E:\xampp73\htdocs\filecroco\loader\vendor\guzzlehttp\promises\src\Promise.php(246): GuzzleHttp\Handler\CurlMultiHandler->execute(true)
#6 E:\xampp73\htdocs\filecroco\loader\vendor\guzzlehttp\promises\src\Promise.php(223): GuzzleHttp\Promise\Promise->invokeWaitFn()
#7 E:\xampp73\htdocs\filecroco\loader\vendor\guzzlehttp\promises\src\Promise.php(267): GuzzleHttp\Promise\Promise->waitIfPending()
#8 E:\xampp73\htdocs\filecroco\loader\vendor\guzzlehttp\promises\src\Promise.php(225): GuzzleHttp\Promise\Promise->invokeWaitList()
#9 E:\xampp73\htdocs\filecroco\loader\vendor\guzzlehttp\promises\src\Promise.php(62): GuzzleHttp\Promise\Promise->waitIfPending()
#10 E:\xampp73\htdocs\filecroco\loader\vendor\guzzlehttp\promises\src\EachPromise.php(101): GuzzleHttp\Promise\Promise->wait()
#11 E:\xampp73\htdocs\filecroco\loader\vendor\guzzlehttp\promises\src\Promise.php(246): GuzzleHttp\Promise\EachPromise->GuzzleHttp\Promise\{closure}(true)
#12 E:\xampp73\htdocs\filecroco\loader\vendor\guzzlehttp\promises\src\Promise.php(223): GuzzleHttp\Promise\Promise->invokeWaitFn()
#13 E:\xampp73\htdocs\filecroco\loader\vendor\guzzlehttp\promises\src\Promise.php(62): GuzzleHttp\Promise\Promise->waitIfPending()
#14 E:\xampp73\htdocs\filecroco\loader\updatedownloadlink.php(95): GuzzleHttp\Promise\Promise->wait()
#15 {main}|761GuzzleHttp\Exception\RequestException: cURL error 56:  (see http://curl.haxx.se/libcurl/c/libcurl-errors.html) in E:\xampp73\htdocs\filecroco\loader\vendor\guzzlehttp\guzzle\src\Handler\CurlFactory.php:186
Stack trace:
#0 E:\xampp73\htdocs\filecroco\loader\vendor\guzzlehttp\guzzle\src\Handler\CurlFactory.php(149): GuzzleHttp\Handler\CurlFactory::createRejection(Object(GuzzleHttp\Handler\EasyHandle), Array)
#1 E:\xampp73\htdocs\filecroco\loader\vendor\guzzlehttp\guzzle\src\Handler\CurlFactory.php(102): GuzzleHttp\Handler\CurlFactory::finishError(Object(GuzzleHttp\Handler\CurlMultiHandler), Object(GuzzleHttp\Handler\EasyHandle), Object(GuzzleHttp\Handler\CurlFactory))
#2 E:\xampp73\htdocs\filecroco\loader\vendor\guzzlehttp\guzzle\src\Handler\CurlMultiHandler.php(181): GuzzleHttp\Handler\CurlFactory::finish(Object(GuzzleHttp\Handler\CurlMultiHandler), Object(GuzzleHttp\Handler\EasyHandle), Object(GuzzleHttp\Handler\CurlFactory))
#3 E:\xampp73\htdocs\filecroco\loader\vendor\guzzlehttp\guzzle\src\Handler\CurlMultiHandler.php(110): GuzzleHttp\Handler\CurlMultiHandler->processMessages()
#4 E:\xampp73\htdocs\filecroco\loader\vendor\guzzlehttp\guzzle\src\Handler\CurlMultiHandler.php(125): GuzzleHttp\Handler\CurlMultiHandler->tick()
#5 E:\xampp73\htdocs\filecroco\loader\vendor\guzzlehttp\promises\src\Promise.php(246): GuzzleHttp\Handler\CurlMultiHandler->execute(true)
#6 E:\xampp73\htdocs\filecroco\loader\vendor\guzzlehttp\promises\src\Promise.php(223): GuzzleHttp\Promise\Promise->invokeWaitFn()
#7 E:\xampp73\htdocs\filecroco\loader\vendor\guzzlehttp\promises\src\Promise.php(267): GuzzleHttp\Promise\Promise->waitIfPending()
#8 E:\xampp73\htdocs\filecroco\loader\vendor\guzzlehttp\promises\src\Promise.php(225): GuzzleHttp\Promise\Promise->invokeWaitList()
#9 E:\xampp73\htdocs\filecroco\loader\vendor\guzzlehttp\promises\src\Promise.php(62): GuzzleHttp\Promise\Promise->waitIfPending()
#10 E:\xampp73\htdocs\filecroco\loader\vendor\guzzlehttp\promises\src\EachPromise.php(101): GuzzleHttp\Promise\Promise->wait()
#11 E:\xampp73\htdocs\filecroco\loader\vendor\guzzlehttp\promises\src\Promise.php(246): GuzzleHttp\Promise\EachPromise->GuzzleHttp\Promise\{closure}(true)
#12 E:\xampp73\htdocs\filecroco\loader\vendor\guzzlehttp\promises\src\Promise.php(223): GuzzleHttp\Promise\Promise->invokeWaitFn()
#13 E:\xampp73\htdocs\filecroco\loader\vendor\guzzlehttp\promises\src\Promise.php(62): GuzzleHttp\Promise\Promise->waitIfPending()
#14 E:\xampp73\htdocs\filecroco\loader\updatedownloadlink.php(95): GuzzleHttp\Promise\Promise->wait()
#15 {main}|762GuzzleHttp\Exception\RequestException: cURL error 56:  (see http://curl.haxx.se/libcurl/c/libcurl-errors.html) in E:\xampp73\htdocs\filecroco\loader\vendor\guzzlehttp\guzzle\src\Handler\CurlFactory.php:186
Stack trace:
#0 E:\xampp73\htdocs\filecroco\loader\vendor\guzzlehttp\guzzle\src\Handler\CurlFactory.php(149): GuzzleHttp\Handler\CurlFactory::createRejection(Object(GuzzleHttp\Handler\EasyHandle), Array)
#1 E:\xampp73\htdocs\filecroco\loader\vendor\guzzlehttp\guzzle\src\Handler\CurlFactory.php(102): GuzzleHttp\Handler\CurlFactory::finishError(Object(GuzzleHttp\Handler\CurlMultiHandler), Object(GuzzleHttp\Handler\EasyHandle), Object(GuzzleHttp\Handler\CurlFactory))
#2 E:\xampp73\htdocs\filecroco\loader\vendor\guzzlehttp\guzzle\src\Handler\CurlMultiHandler.php(181): GuzzleHttp\Handler\CurlFactory::finish(Object(GuzzleHttp\Handler\CurlMultiHandler), Object(GuzzleHttp\Handler\EasyHandle), Object(GuzzleHttp\Handler\CurlFactory))
#3 E:\xampp73\htdocs\filecroco\loader\vendor\guzzlehttp\guzzle\src\Handler\CurlMultiHandler.php(110): GuzzleHttp\Handler\CurlMultiHandler->processMessages()
#4 E:\xampp73\htdocs\filecroco\loader\vendor\guzzlehttp\guzzle\src\Handler\CurlMultiHandler.php(125): GuzzleHttp\Handler\CurlMultiHandler->tick()
#5 E:\xampp73\htdocs\filecroco\loader\vendor\guzzlehttp\promises\src\Promise.php(246): GuzzleHttp\Handler\CurlMultiHandler->execute(true)
#6 E:\xampp73\htdocs\filecroco\loader\vendor\guzzlehttp\promises\src\Promise.php(223): GuzzleHttp\Promise\Promise->invokeWaitFn()
#7 E:\xampp73\htdocs\filecroco\loader\vendor\guzzlehttp\promises\src\Promise.php(267): GuzzleHttp\Promise\Promise->waitIfPending()
#8 E:\xampp73\htdocs\filecroco\loader\vendor\guzzlehttp\promises\src\Promise.php(225): GuzzleHttp\Promise\Promise->invokeWaitList()
#9 E:\xampp73\htdocs\filecroco\loader\vendor\guzzlehttp\promises\src\Promise.php(62): GuzzleHttp\Promise\Promise->waitIfPending()
#10 E:\xampp73\htdocs\filecroco\loader\vendor\guzzlehttp\promises\src\EachPromise.php(101): GuzzleHttp\Promise\Promise->wait()
#11 E:\xampp73\htdocs\filecroco\loader\vendor\guzzlehttp\promises\src\Promise.php(246): GuzzleHttp\Promise\EachPromise->GuzzleHttp\Promise\{closure}(true)
#12 E:\xampp73\htdocs\filecroco\loader\vendor\guzzlehttp\promises\src\Promise.php(223): GuzzleHttp\Promise\Promise->invokeWaitFn()
#13 E:\xampp73\htdocs\filecroco\loader\vendor\guzzlehttp\promises\src\Promise.php(62): GuzzleHttp\Promise\Promise->waitIfPending()
#14 E:\xampp73\htdocs\filecroco\loader\updatedownloadlink.php(95): GuzzleHttp\Promise\Promise->wait()
#15 {main}|763GuzzleHttp\Exception\RequestException: cURL error 56:  (see http://curl.haxx.se/libcurl/c/libcurl-errors.html) in E:\xampp73\htdocs\filecroco\loader\vendor\guzzlehttp\guzzle\src\Handler\CurlFactory.php:186
Stack trace:
#0 E:\xampp73\htdocs\filecroco\loader\vendor\guzzlehttp\guzzle\src\Handler\CurlFactory.php(149): GuzzleHttp\Handler\CurlFactory::createRejection(Object(GuzzleHttp\Handler\EasyHandle), Array)
#1 E:\xampp73\htdocs\filecroco\loader\vendor\guzzlehttp\guzzle\src\Handler\CurlFactory.php(102): GuzzleHttp\Handler\CurlFactory::finishError(Object(GuzzleHttp\Handler\CurlMultiHandler), Object(GuzzleHttp\Handler\EasyHandle), Object(GuzzleHttp\Handler\CurlFactory))
#2 E:\xampp73\htdocs\filecroco\loader\vendor\guzzlehttp\guzzle\src\Handler\CurlMultiHandler.php(181): GuzzleHttp\Handler\CurlFactory::finish(Object(GuzzleHttp\Handler\CurlMultiHandler), Object(GuzzleHttp\Handler\EasyHandle), Object(GuzzleHttp\Handler\CurlFactory))
#3 E:\xampp73\htdocs\filecroco\loader\vendor\guzzlehttp\guzzle\src\Handler\CurlMultiHandler.php(110): GuzzleHttp\Handler\CurlMultiHandler->processMessages()
#4 E:\xampp73\htdocs\filecroco\loader\vendor\guzzlehttp\guzzle\src\Handler\CurlMultiHandler.php(125): GuzzleHttp\Handler\CurlMultiHandler->tick()
#5 E:\xampp73\htdocs\filecroco\loader\vendor\guzzlehttp\promises\src\Promise.php(246): GuzzleHttp\Handler\CurlMultiHandler->execute(true)
#6 E:\xampp73\htdocs\filecroco\loader\vendor\guzzlehttp\promises\src\Promise.php(223): GuzzleHttp\Promise\Promise->invokeWaitFn()
#7 E:\xampp73\htdocs\filecroco\loader\vendor\guzzlehttp\promises\src\Promise.php(267): GuzzleHttp\Promise\Promise->waitIfPending()
#8 E:\xampp73\htdocs\filecroco\loader\vendor\guzzlehttp\promises\src\Promise.php(225): GuzzleHttp\Promise\Promise->invokeWaitList()
#9 E:\xampp73\htdocs\filecroco\loader\vendor\guzzlehttp\promises\src\Promise.php(62): GuzzleHttp\Promise\Promise->waitIfPending()
#10 E:\xampp73\htdocs\filecroco\loader\vendor\guzzlehttp\promises\src\EachPromise.php(101): GuzzleHttp\Promise\Promise->wait()
#11 E:\xampp73\htdocs\filecroco\loader\vendor\guzzlehttp\promises\src\Promise.php(246): GuzzleHttp\Promise\EachPromise->GuzzleHttp\Promise\{closure}(true)
#12 E:\xampp73\htdocs\filecroco\loader\vendor\guzzlehttp\promises\src\Promise.php(223): GuzzleHttp\Promise\Promise->invokeWaitFn()
#13 E:\xampp73\htdocs\filecroco\loader\vendor\guzzlehttp\promises\src\Promise.php(62): GuzzleHttp\Promise\Promise->waitIfPending()
#14 E:\xampp73\htdocs\filecroco\loader\updatedownloadlink.php(95): GuzzleHttp\Promise\Promise->wait()
#15 {main}|764GuzzleHttp\Exception\RequestException: cURL error 56:  (see http://curl.haxx.se/libcurl/c/libcurl-errors.html) in E:\xampp73\htdocs\filecroco\loader\vendor\guzzlehttp\guzzle\src\Handler\CurlFactory.php:186
Stack trace:
#0 E:\xampp73\htdocs\filecroco\loader\vendor\guzzlehttp\guzzle\src\Handler\CurlFactory.php(149): GuzzleHttp\Handler\CurlFactory::createRejection(Object(GuzzleHttp\Handler\EasyHandle), Array)
#1 E:\xampp73\htdocs\filecroco\loader\vendor\guzzlehttp\guzzle\src\Handler\CurlFactory.php(102): GuzzleHttp\Handler\CurlFactory::finishError(Object(GuzzleHttp\Handler\CurlMultiHandler), Object(GuzzleHttp\Handler\EasyHandle), Object(GuzzleHttp\Handler\CurlFactory))
#2 E:\xampp73\htdocs\filecroco\loader\vendor\guzzlehttp\guzzle\src\Handler\CurlMultiHandler.php(181): GuzzleHttp\Handler\CurlFactory::finish(Object(GuzzleHttp\Handler\CurlMultiHandler), Object(GuzzleHttp\Handler\EasyHandle), Object(GuzzleHttp\Handler\CurlFactory))
#3 E:\xampp73\htdocs\filecroco\loader\vendor\guzzlehttp\guzzle\src\Handler\CurlMultiHandler.php(110): GuzzleHttp\Handler\CurlMultiHandler->processMessages()
#4 E:\xampp73\htdocs\filecroco\loader\vendor\guzzlehttp\guzzle\src\Handler\CurlMultiHandler.php(125): GuzzleHttp\Handler\CurlMultiHandler->tick()
#5 E:\xampp73\htdocs\filecroco\loader\vendor\guzzlehttp\promises\src\Promise.php(246): GuzzleHttp\Handler\CurlMultiHandler->execute(true)
#6 E:\xampp73\htdocs\filecroco\loader\vendor\guzzlehttp\promises\src\Promise.php(223): GuzzleHttp\Promise\Promise->invokeWaitFn()
#7 E:\xampp73\htdocs\filecroco\loader\vendor\guzzlehttp\promises\src\Promise.php(267): GuzzleHttp\Promise\Promise->waitIfPending()
#8 E:\xampp73\htdocs\filecroco\loader\vendor\guzzlehttp\promises\src\Promise.php(225): GuzzleHttp\Promise\Promise->invokeWaitList()
#9 E:\xampp73\htdocs\filecroco\loader\vendor\guzzlehttp\promises\src\Promise.php(62): GuzzleHttp\Promise\Promise->waitIfPending()
#10 E:\xampp73\htdocs\filecroco\loader\vendor\guzzlehttp\promises\src\EachPromise.php(101): GuzzleHttp\Promise\Promise->wait()
#11 E:\xampp73\htdocs\filecroco\loader\vendor\guzzlehttp\promises\src\Promise.php(246): GuzzleHttp\Promise\EachPromise->GuzzleHttp\Promise\{closure}(true)
#12 E:\xampp73\htdocs\filecroco\loader\vendor\guzzlehttp\promises\src\Promise.php(223): GuzzleHttp\Promise\Promise->invokeWaitFn()
#13 E:\xampp73\htdocs\filecroco\loader\vendor\guzzlehttp\promises\src\Promise.php(62): GuzzleHttp\Promise\Promise->waitIfPending()
#14 E:\xampp73\htdocs\filecroco\loader\updatedownloadlink.php(95): GuzzleHttp\Promise\Promise->wait()
#15 {main}|765GuzzleHttp\Exception\RequestException: cURL error 56:  (see http://curl.haxx.se/libcurl/c/libcurl-errors.html) in E:\xampp73\htdocs\filecroco\loader\vendor\guzzlehttp\guzzle\src\Handler\CurlFactory.php:186
Stack trace:
#0 E:\xampp73\htdocs\filecroco\loader\vendor\guzzlehttp\guzzle\src\Handler\CurlFactory.php(149): GuzzleHttp\Handler\CurlFactory::createRejection(Object(GuzzleHttp\Handler\EasyHandle), Array)
#1 E:\xampp73\htdocs\filecroco\loader\vendor\guzzlehttp\guzzle\src\Handler\CurlFactory.php(102): GuzzleHttp\Handler\CurlFactory::finishError(Object(GuzzleHttp\Handler\CurlMultiHandler), Object(GuzzleHttp\Handler\EasyHandle), Object(GuzzleHttp\Handler\CurlFactory))
#2 E:\xampp73\htdocs\filecroco\loader\vendor\guzzlehttp\guzzle\src\Handler\CurlMultiHandler.php(181): GuzzleHttp\Handler\CurlFactory::finish(Object(GuzzleHttp\Handler\CurlMultiHandler), Object(GuzzleHttp\Handler\EasyHandle), Object(GuzzleHttp\Handler\CurlFactory))
#3 E:\xampp73\htdocs\filecroco\loader\vendor\guzzlehttp\guzzle\src\Handler\CurlMultiHandler.php(110): GuzzleHttp\Handler\CurlMultiHandler->processMessages()
#4 E:\xampp73\htdocs\filecroco\loader\vendor\guzzlehttp\guzzle\src\Handler\CurlMultiHandler.php(125): GuzzleHttp\Handler\CurlMultiHandler->tick()
#5 E:\xampp73\htdocs\filecroco\loader\vendor\guzzlehttp\promises\src\Promise.php(246): GuzzleHttp\Handler\CurlMultiHandler->execute(true)
#6 E:\xampp73\htdocs\filecroco\loader\vendor\guzzlehttp\promises\src\Promise.php(223): GuzzleHttp\Promise\Promise->invokeWaitFn()
#7 E:\xampp73\htdocs\filecroco\loader\vendor\guzzlehttp\promises\src\Promise.php(267): GuzzleHttp\Promise\Promise->waitIfPending()
#8 E:\xampp73\htdocs\filecroco\loader\vendor\guzzlehttp\promises\src\Promise.php(225): GuzzleHttp\Promise\Promise->invokeWaitList()
#9 E:\xampp73\htdocs\filecroco\loader\vendor\guzzlehttp\promises\src\Promise.php(62): GuzzleHttp\Promise\Promise->waitIfPending()
#10 E:\xampp73\htdocs\filecroco\loader\vendor\guzzlehttp\promises\src\EachPromise.php(101): GuzzleHttp\Promise\Promise->wait()
#11 E:\xampp73\htdocs\filecroco\loader\vendor\guzzlehttp\promises\src\Promise.php(246): GuzzleHttp\Promise\EachPromise->GuzzleHttp\Promise\{closure}(true)
#12 E:\xampp73\htdocs\filecroco\loader\vendor\guzzlehttp\promises\src\Promise.php(223): GuzzleHttp\Promise\Promise->invokeWaitFn()
#13 E:\xampp73\htdocs\filecroco\loader\vendor\guzzlehttp\promises\src\Promise.php(62): GuzzleHttp\Promise\Promise->waitIfPending()
#14 E:\xampp73\htdocs\filecroco\loader\updatedownloadlink.php(95): GuzzleHttp\Promise\Promise->wait()
#15 {main}|766GuzzleHttp\Exception\RequestException: cURL error 56:  (see http://curl.haxx.se/libcurl/c/libcurl-errors.html) in E:\xampp73\htdocs\filecroco\loader\vendor\guzzlehttp\guzzle\src\Handler\CurlFactory.php:186
Stack trace:
#0 E:\xampp73\htdocs\filecroco\loader\vendor\guzzlehttp\guzzle\src\Handler\CurlFactory.php(149): GuzzleHttp\Handler\CurlFactory::createRejection(Object(GuzzleHttp\Handler\EasyHandle), Array)
#1 E:\xampp73\htdocs\filecroco\loader\vendor\guzzlehttp\guzzle\src\Handler\CurlFactory.php(102): GuzzleHttp\Handler\CurlFactory::finishError(Object(GuzzleHttp\Handler\CurlMultiHandler), Object(GuzzleHttp\Handler\EasyHandle), Object(GuzzleHttp\Handler\CurlFactory))
#2 E:\xampp73\htdocs\filecroco\loader\vendor\guzzlehttp\guzzle\src\Handler\CurlMultiHandler.php(181): GuzzleHttp\Handler\CurlFactory::finish(Object(GuzzleHttp\Handler\CurlMultiHandler), Object(GuzzleHttp\Handler\EasyHandle), Object(GuzzleHttp\Handler\CurlFactory))
#3 E:\xampp73\htdocs\filecroco\loader\vendor\guzzlehttp\guzzle\src\Handler\CurlMultiHandler.php(110): GuzzleHttp\Handler\CurlMultiHandler->processMessages()
#4 E:\xampp73\htdocs\filecroco\loader\vendor\guzzlehttp\guzzle\src\Handler\CurlMultiHandler.php(125): GuzzleHttp\Handler\CurlMultiHandler->tick()
#5 E:\xampp73\htdocs\filecroco\loader\vendor\guzzlehttp\promises\src\Promise.php(246): GuzzleHttp\Handler\CurlMultiHandler->execute(true)
#6 E:\xampp73\htdocs\filecroco\loader\vendor\guzzlehttp\promises\src\Promise.php(223): GuzzleHttp\Promise\Promise->invokeWaitFn()
#7 E:\xampp73\htdocs\filecroco\loader\vendor\guzzlehttp\promises\src\Promise.php(267): GuzzleHttp\Promise\Promise->waitIfPending()
#8 E:\xampp73\htdocs\filecroco\loader\vendor\guzzlehttp\promises\src\Promise.php(225): GuzzleHttp\Promise\Promise->invokeWaitList()
#9 E:\xampp73\htdocs\filecroco\loader\vendor\guzzlehttp\promises\src\Promise.php(62): GuzzleHttp\Promise\Promise->waitIfPending()
#10 E:\xampp73\htdocs\filecroco\loader\vendor\guzzlehttp\promises\src\EachPromise.php(101): GuzzleHttp\Promise\Promise->wait()
#11 E:\xampp73\htdocs\filecroco\loader\vendor\guzzlehttp\promises\src\Promise.php(246): GuzzleHttp\Promise\EachPromise->GuzzleHttp\Promise\{closure}(true)
#12 E:\xampp73\htdocs\filecroco\loader\vendor\guzzlehttp\promises\src\Promise.php(223): GuzzleHttp\Promise\Promise->invokeWaitFn()
#13 E:\xampp73\htdocs\filecroco\loader\vendor\guzzlehttp\promises\src\Promise.php(62): GuzzleHttp\Promise\Promise->waitIfPending()
#14 E:\xampp73\htdocs\filecroco\loader\updatedownloadlink.php(95): GuzzleHttp\Promise\Promise->wait()
#15 {main}|767GuzzleHttp\Exception\RequestException: cURL error 56:  (see http://curl.haxx.se/libcurl/c/libcurl-errors.html) in E:\xampp73\htdocs\filecroco\loader\vendor\guzzlehttp\guzzle\src\Handler\CurlFactory.php:186
Stack trace:
#0 E:\xampp73\htdocs\filecroco\loader\vendor\guzzlehttp\guzzle\src\Handler\CurlFactory.php(149): GuzzleHttp\Handler\CurlFactory::createRejection(Object(GuzzleHttp\Handler\EasyHandle), Array)
#1 E:\xampp73\htdocs\filecroco\loader\vendor\guzzlehttp\guzzle\src\Handler\CurlFactory.php(102): GuzzleHttp\Handler\CurlFactory::finishError(Object(GuzzleHttp\Handler\CurlMultiHandler), Object(GuzzleHttp\Handler\EasyHandle), Object(GuzzleHttp\Handler\CurlFactory))
#2 E:\xampp73\htdocs\filecroco\loader\vendor\guzzlehttp\guzzle\src\Handler\CurlMultiHandler.php(181): GuzzleHttp\Handler\CurlFactory::finish(Object(GuzzleHttp\Handler\CurlMultiHandler), Object(GuzzleHttp\Handler\EasyHandle), Object(GuzzleHttp\Handler\CurlFactory))
#3 E:\xampp73\htdocs\filecroco\loader\vendor\guzzlehttp\guzzle\src\Handler\CurlMultiHandler.php(110): GuzzleHttp\Handler\CurlMultiHandler->processMessages()
#4 E:\xampp73\htdocs\filecroco\loader\vendor\guzzlehttp\guzzle\src\Handler\CurlMultiHandler.php(125): GuzzleHttp\Handler\CurlMultiHandler->tick()
#5 E:\xampp73\htdocs\filecroco\loader\vendor\guzzlehttp\promises\src\Promise.php(246): GuzzleHttp\Handler\CurlMultiHandler->execute(true)
#6 E:\xampp73\htdocs\filecroco\loader\vendor\guzzlehttp\promises\src\Promise.php(223): GuzzleHttp\Promise\Promise->invokeWaitFn()
#7 E:\xampp73\htdocs\filecroco\loader\vendor\guzzlehttp\promises\src\Promise.php(267): GuzzleHttp\Promise\Promise->waitIfPending()
#8 E:\xampp73\htdocs\filecroco\loader\vendor\guzzlehttp\promises\src\Promise.php(225): GuzzleHttp\Promise\Promise->invokeWaitList()
#9 E:\xampp73\htdocs\filecroco\loader\vendor\guzzlehttp\promises\src\Promise.php(62): GuzzleHttp\Promise\Promise->waitIfPending()
#10 E:\xampp73\htdocs\filecroco\loader\vendor\guzzlehttp\promises\src\EachPromise.php(101): GuzzleHttp\Promise\Promise->wait()
#11 E:\xampp73\htdocs\filecroco\loader\vendor\guzzlehttp\promises\src\Promise.php(246): GuzzleHttp\Promise\EachPromise->GuzzleHttp\Promise\{closure}(true)
#12 E:\xampp73\htdocs\filecroco\loader\vendor\guzzlehttp\promises\src\Promise.php(223): GuzzleHttp\Promise\Promise->invokeWaitFn()
#13 E:\xampp73\htdocs\filecroco\loader\vendor\guzzlehttp\promises\src\Promise.php(62): GuzzleHttp\Promise\Promise->waitIfPending()
#14 E:\xampp73\htdocs\filecroco\loader\updatedownloadlink.php(95): GuzzleHttp\Promise\Promise->wait()
#15 {main}|768GuzzleHttp\Exception\RequestException: cURL error 56:  (see http://curl.haxx.se/libcurl/c/libcurl-errors.html) in E:\xampp73\htdocs\filecroco\loader\vendor\guzzlehttp\guzzle\src\Handler\CurlFactory.php:186
Stack trace:
#0 E:\xampp73\htdocs\filecroco\loader\vendor\guzzlehttp\guzzle\src\Handler\CurlFactory.php(149): GuzzleHttp\Handler\CurlFactory::createRejection(Object(GuzzleHttp\Handler\EasyHandle), Array)
#1 E:\xampp73\htdocs\filecroco\loader\vendor\guzzlehttp\guzzle\src\Handler\CurlFactory.php(102): GuzzleHttp\Handler\CurlFactory::finishError(Object(GuzzleHttp\Handler\CurlMultiHandler), Object(GuzzleHttp\Handler\EasyHandle), Object(GuzzleHttp\Handler\CurlFactory))
#2 E:\xampp73\htdocs\filecroco\loader\vendor\guzzlehttp\guzzle\src\Handler\CurlMultiHandler.php(181): GuzzleHttp\Handler\CurlFactory::finish(Object(GuzzleHttp\Handler\CurlMultiHandler), Object(GuzzleHttp\Handler\EasyHandle), Object(GuzzleHttp\Handler\CurlFactory))
#3 E:\xampp73\htdocs\filecroco\loader\vendor\guzzlehttp\guzzle\src\Handler\CurlMultiHandler.php(110): GuzzleHttp\Handler\CurlMultiHandler->processMessages()
#4 E:\xampp73\htdocs\filecroco\loader\vendor\guzzlehttp\guzzle\src\Handler\CurlMultiHandler.php(125): GuzzleHttp\Handler\CurlMultiHandler->tick()
#5 E:\xampp73\htdocs\filecroco\loader\vendor\guzzlehttp\promises\src\Promise.php(246): GuzzleHttp\Handler\CurlMultiHandler->execute(true)
#6 E:\xampp73\htdocs\filecroco\loader\vendor\guzzlehttp\promises\src\Promise.php(223): GuzzleHttp\Promise\Promise->invokeWaitFn()
#7 E:\xampp73\htdocs\filecroco\loader\vendor\guzzlehttp\promises\src\Promise.php(267): GuzzleHttp\Promise\Promise->waitIfPending()
#8 E:\xampp73\htdocs\filecroco\loader\vendor\guzzlehttp\promises\src\Promise.php(225): GuzzleHttp\Promise\Promise->invokeWaitList()
#9 E:\xampp73\htdocs\filecroco\loader\vendor\guzzlehttp\promises\src\Promise.php(62): GuzzleHttp\Promise\Promise->waitIfPending()
#10 E:\xampp73\htdocs\filecroco\loader\vendor\guzzlehttp\promises\src\EachPromise.php(101): GuzzleHttp\Promise\Promise->wait()
#11 E:\xampp73\htdocs\filecroco\loader\vendor\guzzlehttp\promises\src\Promise.php(246): GuzzleHttp\Promise\EachPromise->GuzzleHttp\Promise\{closure}(true)
#12 E:\xampp73\htdocs\filecroco\loader\vendor\guzzlehttp\promises\src\Promise.php(223): GuzzleHttp\Promise\Promise->invokeWaitFn()
#13 E:\xampp73\htdocs\filecroco\loader\vendor\guzzlehttp\promises\src\Promise.php(62): GuzzleHttp\Promise\Promise->waitIfPending()
#14 E:\xampp73\htdocs\filecroco\loader\updatedownloadlink.php(95): GuzzleHttp\Promise\Promise->wait()
#15 {main}|769GuzzleHttp\Exception\RequestException: cURL error 56:  (see http://curl.haxx.se/libcurl/c/libcurl-errors.html) in E:\xampp73\htdocs\filecroco\loader\vendor\guzzlehttp\guzzle\src\Handler\CurlFactory.php:186
Stack trace:
#0 E:\xampp73\htdocs\filecroco\loader\vendor\guzzlehttp\guzzle\src\Handler\CurlFactory.php(149): GuzzleHttp\Handler\CurlFactory::createRejection(Object(GuzzleHttp\Handler\EasyHandle), Array)
#1 E:\xampp73\htdocs\filecroco\loader\vendor\guzzlehttp\guzzle\src\Handler\CurlFactory.php(102): GuzzleHttp\Handler\CurlFactory::finishError(Object(GuzzleHttp\Handler\CurlMultiHandler), Object(GuzzleHttp\Handler\EasyHandle), Object(GuzzleHttp\Handler\CurlFactory))
#2 E:\xampp73\htdocs\filecroco\loader\vendor\guzzlehttp\guzzle\src\Handler\CurlMultiHandler.php(181): GuzzleHttp\Handler\CurlFactory::finish(Object(GuzzleHttp\Handler\CurlMultiHandler), Object(GuzzleHttp\Handler\EasyHandle), Object(GuzzleHttp\Handler\CurlFactory))
#3 E:\xampp73\htdocs\filecroco\loader\vendor\guzzlehttp\guzzle\src\Handler\CurlMultiHandler.php(110): GuzzleHttp\Handler\CurlMultiHandler->processMessages()
#4 E:\xampp73\htdocs\filecroco\loader\vendor\guzzlehttp\guzzle\src\Handler\CurlMultiHandler.php(125): GuzzleHttp\Handler\CurlMultiHandler->tick()
#5 E:\xampp73\htdocs\filecroco\loader\vendor\guzzlehttp\promises\src\Promise.php(246): GuzzleHttp\Handler\CurlMultiHandler->execute(true)
#6 E:\xampp73\htdocs\filecroco\loader\vendor\guzzlehttp\promises\src\Promise.php(223): GuzzleHttp\Promise\Promise->invokeWaitFn()
#7 E:\xampp73\htdocs\filecroco\loader\vendor\guzzlehttp\promises\src\Promise.php(267): GuzzleHttp\Promise\Promise->waitIfPending()
#8 E:\xampp73\htdocs\filecroco\loader\vendor\guzzlehttp\promises\src\Promise.php(225): GuzzleHttp\Promise\Promise->invokeWaitList()
#9 E:\xampp73\htdocs\filecroco\loader\vendor\guzzlehttp\promises\src\Promise.php(62): GuzzleHttp\Promise\Promise->waitIfPending()
#10 E:\xampp73\htdocs\filecroco\loader\vendor\guzzlehttp\promises\src\EachPromise.php(101): GuzzleHttp\Promise\Promise->wait()
#11 E:\xampp73\htdocs\filecroco\loader\vendor\guzzlehttp\promises\src\Promise.php(246): GuzzleHttp\Promise\EachPromise->GuzzleHttp\Promise\{closure}(true)
#12 E:\xampp73\htdocs\filecroco\loader\vendor\guzzlehttp\promises\src\Promise.php(223): GuzzleHttp\Promise\Promise->invokeWaitFn()
#13 E:\xampp73\htdocs\filecroco\loader\vendor\guzzlehttp\promises\src\Promise.php(62): GuzzleHttp\Promise\Promise->waitIfPending()
#14 E:\xampp73\htdocs\filecroco\loader\updatedownloadlink.php(95): GuzzleHttp\Promise\Promise->wait()
#15 {main}|770GuzzleHttp\Exception\RequestException: cURL error 56:  (see http://curl.haxx.se/libcurl/c/libcurl-errors.html) in E:\xampp73\htdocs\filecroco\loader\vendor\guzzlehttp\guzzle\src\Handler\CurlFactory.php:186
Stack trace:
#0 E:\xampp73\htdocs\filecroco\loader\vendor\guzzlehttp\guzzle\src\Handler\CurlFactory.php(149): GuzzleHttp\Handler\CurlFactory::createRejection(Object(GuzzleHttp\Handler\EasyHandle), Array)
#1 E:\xampp73\htdocs\filecroco\loader\vendor\guzzlehttp\guzzle\src\Handler\CurlFactory.php(102): GuzzleHttp\Handler\CurlFactory::finishError(Object(GuzzleHttp\Handler\CurlMultiHandler), Object(GuzzleHttp\Handler\EasyHandle), Object(GuzzleHttp\Handler\CurlFactory))
#2 E:\xampp73\htdocs\filecroco\loader\vendor\guzzlehttp\guzzle\src\Handler\CurlMultiHandler.php(181): GuzzleHttp\Handler\CurlFactory::finish(Object(GuzzleHttp\Handler\CurlMultiHandler), Object(GuzzleHttp\Handler\EasyHandle), Object(GuzzleHttp\Handler\CurlFactory))
#3 E:\xampp73\htdocs\filecroco\loader\vendor\guzzlehttp\guzzle\src\Handler\CurlMultiHandler.php(110): GuzzleHttp\Handler\CurlMultiHandler->processMessages()
#4 E:\xampp73\htdocs\filecroco\loader\vendor\guzzlehttp\guzzle\src\Handler\CurlMultiHandler.php(125): GuzzleHttp\Handler\CurlMultiHandler->tick()
#5 E:\xampp73\htdocs\filecroco\loader\vendor\guzzlehttp\promises\src\Promise.php(246): GuzzleHttp\Handler\CurlMultiHandler->execute(true)
#6 E:\xampp73\htdocs\filecroco\loader\vendor\guzzlehttp\promises\src\Promise.php(223): GuzzleHttp\Promise\Promise->invokeWaitFn()
#7 E:\xampp73\htdocs\filecroco\loader\vendor\guzzlehttp\promises\src\Promise.php(267): GuzzleHttp\Promise\Promise->waitIfPending()
#8 E:\xampp73\htdocs\filecroco\loader\vendor\guzzlehttp\promises\src\Promise.php(225): GuzzleHttp\Promise\Promise->invokeWaitList()
#9 E:\xampp73\htdocs\filecroco\loader\vendor\guzzlehttp\promises\src\Promise.php(62): GuzzleHttp\Promise\Promise->waitIfPending()
#10 E:\xampp73\htdocs\filecroco\loader\vendor\guzzlehttp\promises\src\EachPromise.php(101): GuzzleHttp\Promise\Promise->wait()
#11 E:\xampp73\htdocs\filecroco\loader\vendor\guzzlehttp\promises\src\Promise.php(246): GuzzleHttp\Promise\EachPromise->GuzzleHttp\Promise\{closure}(true)
#12 E:\xampp73\htdocs\filecroco\loader\vendor\guzzlehttp\promises\src\Promise.php(223): GuzzleHttp\Promise\Promise->invokeWaitFn()
#13 E:\xampp73\htdocs\filecroco\loader\vendor\guzzlehttp\promises\src\Promise.php(62): GuzzleHttp\Promise\Promise->waitIfPending()
#14 E:\xampp73\htdocs\filecroco\loader\updatedownloadlink.php(95): GuzzleHttp\Promise\Promise->wait()
#15 {main}|771GuzzleHttp\Exception\RequestException: cURL error 56:  (see http://curl.haxx.se/libcurl/c/libcurl-errors.html) in E:\xampp73\htdocs\filecroco\loader\vendor\guzzlehttp\guzzle\src\Handler\CurlFactory.php:186
Stack trace:
#0 E:\xampp73\htdocs\filecroco\loader\vendor\guzzlehttp\guzzle\src\Handler\CurlFactory.php(149): GuzzleHttp\Handler\CurlFactory::createRejection(Object(GuzzleHttp\Handler\EasyHandle), Array)
#1 E:\xampp73\htdocs\filecroco\loader\vendor\guzzlehttp\guzzle\src\Handler\CurlFactory.php(102): GuzzleHttp\Handler\CurlFactory::finishError(Object(GuzzleHttp\Handler\CurlMultiHandler), Object(GuzzleHttp\Handler\EasyHandle), Object(GuzzleHttp\Handler\CurlFactory))
#2 E:\xampp73\htdocs\filecroco\loader\vendor\guzzlehttp\guzzle\src\Handler\CurlMultiHandler.php(181): GuzzleHttp\Handler\CurlFactory::finish(Object(GuzzleHttp\Handler\CurlMultiHandler), Object(GuzzleHttp\Handler\EasyHandle), Object(GuzzleHttp\Handler\CurlFactory))
#3 E:\xampp73\htdocs\filecroco\loader\vendor\guzzlehttp\guzzle\src\Handler\CurlMultiHandler.php(110): GuzzleHttp\Handler\CurlMultiHandler->processMessages()
#4 E:\xampp73\htdocs\filecroco\loader\vendor\guzzlehttp\guzzle\src\Handler\CurlMultiHandler.php(125): GuzzleHttp\Handler\CurlMultiHandler->tick()
#5 E:\xampp73\htdocs\filecroco\loader\vendor\guzzlehttp\promises\src\Promise.php(246): GuzzleHttp\Handler\CurlMultiHandler->execute(true)
#6 E:\xampp73\htdocs\filecroco\loader\vendor\guzzlehttp\promises\src\Promise.php(223): GuzzleHttp\Promise\Promise->invokeWaitFn()
#7 E:\xampp73\htdocs\filecroco\loader\vendor\guzzlehttp\promises\src\Promise.php(267): GuzzleHttp\Promise\Promise->waitIfPending()
#8 E:\xampp73\htdocs\filecroco\loader\vendor\guzzlehttp\promises\src\Promise.php(225): GuzzleHttp\Promise\Promise->invokeWaitList()
#9 E:\xampp73\htdocs\filecroco\loader\vendor\guzzlehttp\promises\src\Promise.php(62): GuzzleHttp\Promise\Promise->waitIfPending()
#10 E:\xampp73\htdocs\filecroco\loader\vendor\guzzlehttp\promises\src\EachPromise.php(101): GuzzleHttp\Promise\Promise->wait()
#11 E:\xampp73\htdocs\filecroco\loader\vendor\guzzlehttp\promises\src\Promise.php(246): GuzzleHttp\Promise\EachPromise->GuzzleHttp\Promise\{closure}(true)
#12 E:\xampp73\htdocs\filecroco\loader\vendor\guzzlehttp\promises\src\Promise.php(223): GuzzleHttp\Promise\Promise->invokeWaitFn()
#13 E:\xampp73\htdocs\filecroco\loader\vendor\guzzlehttp\promises\src\Promise.php(62): GuzzleHttp\Promise\Promise->waitIfPending()
#14 E:\xampp73\htdocs\filecroco\loader\updatedownloadlink.php(95): GuzzleHttp\Promise\Promise->wait()
#15 {main}|772GuzzleHttp\Exception\RequestException: cURL error 56:  (see http://curl.haxx.se/libcurl/c/libcurl-errors.html) in E:\xampp73\htdocs\filecroco\loader\vendor\guzzlehttp\guzzle\src\Handler\CurlFactory.php:186
Stack trace:
#0 E:\xampp73\htdocs\filecroco\loader\vendor\guzzlehttp\guzzle\src\Handler\CurlFactory.php(149): GuzzleHttp\Handler\CurlFactory::createRejection(Object(GuzzleHttp\Handler\EasyHandle), Array)
#1 E:\xampp73\htdocs\filecroco\loader\vendor\guzzlehttp\guzzle\src\Handler\CurlFactory.php(102): GuzzleHttp\Handler\CurlFactory::finishError(Object(GuzzleHttp\Handler\CurlMultiHandler), Object(GuzzleHttp\Handler\EasyHandle), Object(GuzzleHttp\Handler\CurlFactory))
#2 E:\xampp73\htdocs\filecroco\loader\vendor\guzzlehttp\guzzle\src\Handler\CurlMultiHandler.php(181): GuzzleHttp\Handler\CurlFactory::finish(Object(GuzzleHttp\Handler\CurlMultiHandler), Object(GuzzleHttp\Handler\EasyHandle), Object(GuzzleHttp\Handler\CurlFactory))
#3 E:\xampp73\htdocs\filecroco\loader\vendor\guzzlehttp\guzzle\src\Handler\CurlMultiHandler.php(110): GuzzleHttp\Handler\CurlMultiHandler->processMessages()
#4 E:\xampp73\htdocs\filecroco\loader\vendor\guzzlehttp\guzzle\src\Handler\CurlMultiHandler.php(125): GuzzleHttp\Handler\CurlMultiHandler->tick()
#5 E:\xampp73\htdocs\filecroco\loader\vendor\guzzlehttp\promises\src\Promise.php(246): GuzzleHttp\Handler\CurlMultiHandler->execute(true)
#6 E:\xampp73\htdocs\filecroco\loader\vendor\guzzlehttp\promises\src\Promise.php(223): GuzzleHttp\Promise\Promise->invokeWaitFn()
#7 E:\xampp73\htdocs\filecroco\loader\vendor\guzzlehttp\promises\src\Promise.php(267): GuzzleHttp\Promise\Promise->waitIfPending()
#8 E:\xampp73\htdocs\filecroco\loader\vendor\guzzlehttp\promises\src\Promise.php(225): GuzzleHttp\Promise\Promise->invokeWaitList()
#9 E:\xampp73\htdocs\filecroco\loader\vendor\guzzlehttp\promises\src\Promise.php(62): GuzzleHttp\Promise\Promise->waitIfPending()
#10 E:\xampp73\htdocs\filecroco\loader\vendor\guzzlehttp\promises\src\EachPromise.php(101): GuzzleHttp\Promise\Promise->wait()
#11 E:\xampp73\htdocs\filecroco\loader\vendor\guzzlehttp\promises\src\Promise.php(246): GuzzleHttp\Promise\EachPromise->GuzzleHttp\Promise\{closure}(true)
#12 E:\xampp73\htdocs\filecroco\loader\vendor\guzzlehttp\promises\src\Promise.php(223): GuzzleHttp\Promise\Promise->invokeWaitFn()
#13 E:\xampp73\htdocs\filecroco\loader\vendor\guzzlehttp\promises\src\Promise.php(62): GuzzleHttp\Promise\Promise->waitIfPending()
#14 E:\xampp73\htdocs\filecroco\loader\updatedownloadlink.php(95): GuzzleHttp\Promise\Promise->wait()
#15 {main}|773GuzzleHttp\Exception\RequestException: cURL error 56:  (see http://curl.haxx.se/libcurl/c/libcurl-errors.html) in E:\xampp73\htdocs\filecroco\loader\vendor\guzzlehttp\guzzle\src\Handler\CurlFactory.php:186
Stack trace:
#0 E:\xampp73\htdocs\filecroco\loader\vendor\guzzlehttp\guzzle\src\Handler\CurlFactory.php(149): GuzzleHttp\Handler\CurlFactory::createRejection(Object(GuzzleHttp\Handler\EasyHandle), Array)
#1 E:\xampp73\htdocs\filecroco\loader\vendor\guzzlehttp\guzzle\src\Handler\CurlFactory.php(102): GuzzleHttp\Handler\CurlFactory::finishError(Object(GuzzleHttp\Handler\CurlMultiHandler), Object(GuzzleHttp\Handler\EasyHandle), Object(GuzzleHttp\Handler\CurlFactory))
#2 E:\xampp73\htdocs\filecroco\loader\vendor\guzzlehttp\guzzle\src\Handler\CurlMultiHandler.php(181): GuzzleHttp\Handler\CurlFactory::finish(Object(GuzzleHttp\Handler\CurlMultiHandler), Object(GuzzleHttp\Handler\EasyHandle), Object(GuzzleHttp\Handler\CurlFactory))
#3 E:\xampp73\htdocs\filecroco\loader\vendor\guzzlehttp\guzzle\src\Handler\CurlMultiHandler.php(110): GuzzleHttp\Handler\CurlMultiHandler->processMessages()
#4 E:\xampp73\htdocs\filecroco\loader\vendor\guzzlehttp\guzzle\src\Handler\CurlMultiHandler.php(125): GuzzleHttp\Handler\CurlMultiHandler->tick()
#5 E:\xampp73\htdocs\filecroco\loader\vendor\guzzlehttp\promises\src\Promise.php(246): GuzzleHttp\Handler\CurlMultiHandler->execute(true)
#6 E:\xampp73\htdocs\filecroco\loader\vendor\guzzlehttp\promises\src\Promise.php(223): GuzzleHttp\Promise\Promise->invokeWaitFn()
#7 E:\xampp73\htdocs\filecroco\loader\vendor\guzzlehttp\promises\src\Promise.php(267): GuzzleHttp\Promise\Promise->waitIfPending()
#8 E:\xampp73\htdocs\filecroco\loader\vendor\guzzlehttp\promises\src\Promise.php(225): GuzzleHttp\Promise\Promise->invokeWaitList()
#9 E:\xampp73\htdocs\filecroco\loader\vendor\guzzlehttp\promises\src\Promise.php(62): GuzzleHttp\Promise\Promise->waitIfPending()
#10 E:\xampp73\htdocs\filecroco\loader\vendor\guzzlehttp\promises\src\EachPromise.php(101): GuzzleHttp\Promise\Promise->wait()
#11 E:\xampp73\htdocs\filecroco\loader\vendor\guzzlehttp\promises\src\Promise.php(246): GuzzleHttp\Promise\EachPromise->GuzzleHttp\Promise\{closure}(true)
#12 E:\xampp73\htdocs\filecroco\loader\vendor\guzzlehttp\promises\src\Promise.php(223): GuzzleHttp\Promise\Promise->invokeWaitFn()
#13 E:\xampp73\htdocs\filecroco\loader\vendor\guzzlehttp\promises\src\Promise.php(62): GuzzleHttp\Promise\Promise->waitIfPending()
#14 E:\xampp73\htdocs\filecroco\loader\updatedownloadlink.php(95): GuzzleHttp\Promise\Promise->wait()
#15 {main}|774GuzzleHttp\Exception\RequestException: cURL error 56:  (see http://curl.haxx.se/libcurl/c/libcurl-errors.html) in E:\xampp73\htdocs\filecroco\loader\vendor\guzzlehttp\guzzle\src\Handler\CurlFactory.php:186
Stack trace:
#0 E:\xampp73\htdocs\filecroco\loader\vendor\guzzlehttp\guzzle\src\Handler\CurlFactory.php(149): GuzzleHttp\Handler\CurlFactory::createRejection(Object(GuzzleHttp\Handler\EasyHandle), Array)
#1 E:\xampp73\htdocs\filecroco\loader\vendor\guzzlehttp\guzzle\src\Handler\CurlFactory.php(102): GuzzleHttp\Handler\CurlFactory::finishError(Object(GuzzleHttp\Handler\CurlMultiHandler), Object(GuzzleHttp\Handler\EasyHandle), Object(GuzzleHttp\Handler\CurlFactory))
#2 E:\xampp73\htdocs\filecroco\loader\vendor\guzzlehttp\guzzle\src\Handler\CurlMultiHandler.php(181): GuzzleHttp\Handler\CurlFactory::finish(Object(GuzzleHttp\Handler\CurlMultiHandler), Object(GuzzleHttp\Handler\EasyHandle), Object(GuzzleHttp\Handler\CurlFactory))
#3 E:\xampp73\htdocs\filecroco\loader\vendor\guzzlehttp\guzzle\src\Handler\CurlMultiHandler.php(110): GuzzleHttp\Handler\CurlMultiHandler->processMessages()
#4 E:\xampp73\htdocs\filecroco\loader\vendor\guzzlehttp\guzzle\src\Handler\CurlMultiHandler.php(125): GuzzleHttp\Handler\CurlMultiHandler->tick()
#5 E:\xampp73\htdocs\filecroco\loader\vendor\guzzlehttp\promises\src\Promise.php(246): GuzzleHttp\Handler\CurlMultiHandler->execute(true)
#6 E:\xampp73\htdocs\filecroco\loader\vendor\guzzlehttp\promises\src\Promise.php(223): GuzzleHttp\Promise\Promise->invokeWaitFn()
#7 E:\xampp73\htdocs\filecroco\loader\vendor\guzzlehttp\promises\src\Promise.php(267): GuzzleHttp\Promise\Promise->waitIfPending()
#8 E:\xampp73\htdocs\filecroco\loader\vendor\guzzlehttp\promises\src\Promise.php(225): GuzzleHttp\Promise\Promise->invokeWaitList()
#9 E:\xampp73\htdocs\filecroco\loader\vendor\guzzlehttp\promises\src\Promise.php(62): GuzzleHttp\Promise\Promise->waitIfPending()
#10 E:\xampp73\htdocs\filecroco\loader\vendor\guzzlehttp\promises\src\EachPromise.php(101): GuzzleHttp\Promise\Promise->wait()
#11 E:\xampp73\htdocs\filecroco\loader\vendor\guzzlehttp\promises\src\Promise.php(246): GuzzleHttp\Promise\EachPromise->GuzzleHttp\Promise\{closure}(true)
#12 E:\xampp73\htdocs\filecroco\loader\vendor\guzzlehttp\promises\src\Promise.php(223): GuzzleHttp\Promise\Promise->invokeWaitFn()
#13 E:\xampp73\htdocs\filecroco\loader\vendor\guzzlehttp\promises\src\Promise.php(62): GuzzleHttp\Promise\Promise->waitIfPending()
#14 E:\xampp73\htdocs\filecroco\loader\updatedownloadlink.php(95): GuzzleHttp\Promise\Promise->wait()
#15 {main}|775GuzzleHttp\Exception\RequestException: cURL error 56:  (see http://curl.haxx.se/libcurl/c/libcurl-errors.html) in E:\xampp73\htdocs\filecroco\loader\vendor\guzzlehttp\guzzle\src\Handler\CurlFactory.php:186
Stack trace:
#0 E:\xampp73\htdocs\filecroco\loader\vendor\guzzlehttp\guzzle\src\Handler\CurlFactory.php(149): GuzzleHttp\Handler\CurlFactory::createRejection(Object(GuzzleHttp\Handler\EasyHandle), Array)
#1 E:\xampp73\htdocs\filecroco\loader\vendor\guzzlehttp\guzzle\src\Handler\CurlFactory.php(102): GuzzleHttp\Handler\CurlFactory::finishError(Object(GuzzleHttp\Handler\CurlMultiHandler), Object(GuzzleHttp\Handler\EasyHandle), Object(GuzzleHttp\Handler\CurlFactory))
#2 E:\xampp73\htdocs\filecroco\loader\vendor\guzzlehttp\guzzle\src\Handler\CurlMultiHandler.php(181): GuzzleHttp\Handler\CurlFactory::finish(Object(GuzzleHttp\Handler\CurlMultiHandler), Object(GuzzleHttp\Handler\EasyHandle), Object(GuzzleHttp\Handler\CurlFactory))
#3 E:\xampp73\htdocs\filecroco\loader\vendor\guzzlehttp\guzzle\src\Handler\CurlMultiHandler.php(110): GuzzleHttp\Handler\CurlMultiHandler->processMessages()
#4 E:\xampp73\htdocs\filecroco\loader\vendor\guzzlehttp\guzzle\src\Handler\CurlMultiHandler.php(125): GuzzleHttp\Handler\CurlMultiHandler->tick()
#5 E:\xampp73\htdocs\filecroco\loader\vendor\guzzlehttp\promises\src\Promise.php(246): GuzzleHttp\Handler\CurlMultiHandler->execute(true)
#6 E:\xampp73\htdocs\filecroco\loader\vendor\guzzlehttp\promises\src\Promise.php(223): GuzzleHttp\Promise\Promise->invokeWaitFn()
#7 E:\xampp73\htdocs\filecroco\loader\vendor\guzzlehttp\promises\src\Promise.php(267): GuzzleHttp\Promise\Promise->waitIfPending()
#8 E:\xampp73\htdocs\filecroco\loader\vendor\guzzlehttp\promises\src\Promise.php(225): GuzzleHttp\Promise\Promise->invokeWaitList()
#9 E:\xampp73\htdocs\filecroco\loader\vendor\guzzlehttp\promises\src\Promise.php(62): GuzzleHttp\Promise\Promise->waitIfPending()
#10 E:\xampp73\htdocs\filecroco\loader\vendor\guzzlehttp\promises\src\EachPromise.php(101): GuzzleHttp\Promise\Promise->wait()
#11 E:\xampp73\htdocs\filecroco\loader\vendor\guzzlehttp\promises\src\Promise.php(246): GuzzleHttp\Promise\EachPromise->GuzzleHttp\Promise\{closure}(true)
#12 E:\xampp73\htdocs\filecroco\loader\vendor\guzzlehttp\promises\src\Promise.php(223): GuzzleHttp\Promise\Promise->invokeWaitFn()
#13 E:\xampp73\htdocs\filecroco\loader\vendor\guzzlehttp\promises\src\Promise.php(62): GuzzleHttp\Promise\Promise->waitIfPending()
#14 E:\xampp73\htdocs\filecroco\loader\updatedownloadlink.php(95): GuzzleHttp\Promise\Promise->wait()
#15 {main}|776GuzzleHttp\Exception\RequestException: cURL error 56:  (see http://curl.haxx.se/libcurl/c/libcurl-errors.html) in E:\xampp73\htdocs\filecroco\loader\vendor\guzzlehttp\guzzle\src\Handler\CurlFactory.php:186
Stack trace:
#0 E:\xampp73\htdocs\filecroco\loader\vendor\guzzlehttp\guzzle\src\Handler\CurlFactory.php(149): GuzzleHttp\Handler\CurlFactory::createRejection(Object(GuzzleHttp\Handler\EasyHandle), Array)
#1 E:\xampp73\htdocs\filecroco\loader\vendor\guzzlehttp\guzzle\src\Handler\CurlFactory.php(102): GuzzleHttp\Handler\CurlFactory::finishError(Object(GuzzleHttp\Handler\CurlMultiHandler), Object(GuzzleHttp\Handler\EasyHandle), Object(GuzzleHttp\Handler\CurlFactory))
#2 E:\xampp73\htdocs\filecroco\loader\vendor\guzzlehttp\guzzle\src\Handler\CurlMultiHandler.php(181): GuzzleHttp\Handler\CurlFactory::finish(Object(GuzzleHttp\Handler\CurlMultiHandler), Object(GuzzleHttp\Handler\EasyHandle), Object(GuzzleHttp\Handler\CurlFactory))
#3 E:\xampp73\htdocs\filecroco\loader\vendor\guzzlehttp\guzzle\src\Handler\CurlMultiHandler.php(110): GuzzleHttp\Handler\CurlMultiHandler->processMessages()
#4 E:\xampp73\htdocs\filecroco\loader\vendor\guzzlehttp\guzzle\src\Handler\CurlMultiHandler.php(125): GuzzleHttp\Handler\CurlMultiHandler->tick()
#5 E:\xampp73\htdocs\filecroco\loader\vendor\guzzlehttp\promises\src\Promise.php(246): GuzzleHttp\Handler\CurlMultiHandler->execute(true)
#6 E:\xampp73\htdocs\filecroco\loader\vendor\guzzlehttp\promises\src\Promise.php(223): GuzzleHttp\Promise\Promise->invokeWaitFn()
#7 E:\xampp73\htdocs\filecroco\loader\vendor\guzzlehttp\promises\src\Promise.php(267): GuzzleHttp\Promise\Promise->waitIfPending()
#8 E:\xampp73\htdocs\filecroco\loader\vendor\guzzlehttp\promises\src\Promise.php(225): GuzzleHttp\Promise\Promise->invokeWaitList()
#9 E:\xampp73\htdocs\filecroco\loader\vendor\guzzlehttp\promises\src\Promise.php(62): GuzzleHttp\Promise\Promise->waitIfPending()
#10 E:\xampp73\htdocs\filecroco\loader\vendor\guzzlehttp\promises\src\EachPromise.php(101): GuzzleHttp\Promise\Promise->wait()
#11 E:\xampp73\htdocs\filecroco\loader\vendor\guzzlehttp\promises\src\Promise.php(246): GuzzleHttp\Promise\EachPromise->GuzzleHttp\Promise\{closure}(true)
#12 E:\xampp73\htdocs\filecroco\loader\vendor\guzzlehttp\promises\src\Promise.php(223): GuzzleHttp\Promise\Promise->invokeWaitFn()
#13 E:\xampp73\htdocs\filecroco\loader\vendor\guzzlehttp\promises\src\Promise.php(62): GuzzleHttp\Promise\Promise->waitIfPending()
#14 E:\xampp73\htdocs\filecroco\loader\updatedownloadlink.php(95): GuzzleHttp\Promise\Promise->wait()
#15 {main}|777GuzzleHttp\Exception\RequestException: cURL error 56:  (see http://curl.haxx.se/libcurl/c/libcurl-errors.html) in E:\xampp73\htdocs\filecroco\loader\vendor\guzzlehttp\guzzle\src\Handler\CurlFactory.php:186
Stack trace:
#0 E:\xampp73\htdocs\filecroco\loader\vendor\guzzlehttp\guzzle\src\Handler\CurlFactory.php(149): GuzzleHttp\Handler\CurlFactory::createRejection(Object(GuzzleHttp\Handler\EasyHandle), Array)
#1 E:\xampp73\htdocs\filecroco\loader\vendor\guzzlehttp\guzzle\src\Handler\CurlFactory.php(102): GuzzleHttp\Handler\CurlFactory::finishError(Object(GuzzleHttp\Handler\CurlMultiHandler), Object(GuzzleHttp\Handler\EasyHandle), Object(GuzzleHttp\Handler\CurlFactory))
#2 E:\xampp73\htdocs\filecroco\loader\vendor\guzzlehttp\guzzle\src\Handler\CurlMultiHandler.php(181): GuzzleHttp\Handler\CurlFactory::finish(Object(GuzzleHttp\Handler\CurlMultiHandler), Object(GuzzleHttp\Handler\EasyHandle), Object(GuzzleHttp\Handler\CurlFactory))
#3 E:\xampp73\htdocs\filecroco\loader\vendor\guzzlehttp\guzzle\src\Handler\CurlMultiHandler.php(110): GuzzleHttp\Handler\CurlMultiHandler->processMessages()
#4 E:\xampp73\htdocs\filecroco\loader\vendor\guzzlehttp\guzzle\src\Handler\CurlMultiHandler.php(125): GuzzleHttp\Handler\CurlMultiHandler->tick()
#5 E:\xampp73\htdocs\filecroco\loader\vendor\guzzlehttp\promises\src\Promise.php(246): GuzzleHttp\Handler\CurlMultiHandler->execute(true)
#6 E:\xampp73\htdocs\filecroco\loader\vendor\guzzlehttp\promises\src\Promise.php(223): GuzzleHttp\Promise\Promise->invokeWaitFn()
#7 E:\xampp73\htdocs\filecroco\loader\vendor\guzzlehttp\promises\src\Promise.php(267): GuzzleHttp\Promise\Promise->waitIfPending()
#8 E:\xampp73\htdocs\filecroco\loader\vendor\guzzlehttp\promises\src\Promise.php(225): GuzzleHttp\Promise\Promise->invokeWaitList()
#9 E:\xampp73\htdocs\filecroco\loader\vendor\guzzlehttp\promises\src\Promise.php(62): GuzzleHttp\Promise\Promise->waitIfPending()
#10 E:\xampp73\htdocs\filecroco\loader\vendor\guzzlehttp\promises\src\EachPromise.php(101): GuzzleHttp\Promise\Promise->wait()
#11 E:\xampp73\htdocs\filecroco\loader\vendor\guzzlehttp\promises\src\Promise.php(246): GuzzleHttp\Promise\EachPromise->GuzzleHttp\Promise\{closure}(true)
#12 E:\xampp73\htdocs\filecroco\loader\vendor\guzzlehttp\promises\src\Promise.php(223): GuzzleHttp\Promise\Promise->invokeWaitFn()
#13 E:\xampp73\htdocs\filecroco\loader\vendor\guzzlehttp\promises\src\Promise.php(62): GuzzleHttp\Promise\Promise->waitIfPending()
#14 E:\xampp73\htdocs\filecroco\loader\updatedownloadlink.php(95): GuzzleHttp\Promise\Promise->wait()
#15 {main}|778GuzzleHttp\Exception\RequestException: cURL error 56:  (see http://curl.haxx.se/libcurl/c/libcurl-errors.html) in E:\xampp73\htdocs\filecroco\loader\vendor\guzzlehttp\guzzle\src\Handler\CurlFactory.php:186
Stack trace:
#0 E:\xampp73\htdocs\filecroco\loader\vendor\guzzlehttp\guzzle\src\Handler\CurlFactory.php(149): GuzzleHttp\Handler\CurlFactory::createRejection(Object(GuzzleHttp\Handler\EasyHandle), Array)
#1 E:\xampp73\htdocs\filecroco\loader\vendor\guzzlehttp\guzzle\src\Handler\CurlFactory.php(102): GuzzleHttp\Handler\CurlFactory::finishError(Object(GuzzleHttp\Handler\CurlMultiHandler), Object(GuzzleHttp\Handler\EasyHandle), Object(GuzzleHttp\Handler\CurlFactory))
#2 E:\xampp73\htdocs\filecroco\loader\vendor\guzzlehttp\guzzle\src\Handler\CurlMultiHandler.php(181): GuzzleHttp\Handler\CurlFactory::finish(Object(GuzzleHttp\Handler\CurlMultiHandler), Object(GuzzleHttp\Handler\EasyHandle), Object(GuzzleHttp\Handler\CurlFactory))
#3 E:\xampp73\htdocs\filecroco\loader\vendor\guzzlehttp\guzzle\src\Handler\CurlMultiHandler.php(110): GuzzleHttp\Handler\CurlMultiHandler->processMessages()
#4 E:\xampp73\htdocs\filecroco\loader\vendor\guzzlehttp\guzzle\src\Handler\CurlMultiHandler.php(125): GuzzleHttp\Handler\CurlMultiHandler->tick()
#5 E:\xampp73\htdocs\filecroco\loader\vendor\guzzlehttp\promises\src\Promise.php(246): GuzzleHttp\Handler\CurlMultiHandler->execute(true)
#6 E:\xampp73\htdocs\filecroco\loader\vendor\guzzlehttp\promises\src\Promise.php(223): GuzzleHttp\Promise\Promise->invokeWaitFn()
#7 E:\xampp73\htdocs\filecroco\loader\vendor\guzzlehttp\promises\src\Promise.php(267): GuzzleHttp\Promise\Promise->waitIfPending()
#8 E:\xampp73\htdocs\filecroco\loader\vendor\guzzlehttp\promises\src\Promise.php(225): GuzzleHttp\Promise\Promise->invokeWaitList()
#9 E:\xampp73\htdocs\filecroco\loader\vendor\guzzlehttp\promises\src\Promise.php(62): GuzzleHttp\Promise\Promise->waitIfPending()
#10 E:\xampp73\htdocs\filecroco\loader\vendor\guzzlehttp\promises\src\EachPromise.php(101): GuzzleHttp\Promise\Promise->wait()
#11 E:\xampp73\htdocs\filecroco\loader\vendor\guzzlehttp\promises\src\Promise.php(246): GuzzleHttp\Promise\EachPromise->GuzzleHttp\Promise\{closure}(true)
#12 E:\xampp73\htdocs\filecroco\loader\vendor\guzzlehttp\promises\src\Promise.php(223): GuzzleHttp\Promise\Promise->invokeWaitFn()
#13 E:\xampp73\htdocs\filecroco\loader\vendor\guzzlehttp\promises\src\Promise.php(62): GuzzleHttp\Promise\Promise->waitIfPending()
#14 E:\xampp73\htdocs\filecroco\loader\updatedownloadlink.php(95): GuzzleHttp\Promise\Promise->wait()
#15 {main}|779GuzzleHttp\Exception\RequestException: cURL error 56:  (see http://curl.haxx.se/libcurl/c/libcurl-errors.html) in E:\xampp73\htdocs\filecroco\loader\vendor\guzzlehttp\guzzle\src\Handler\CurlFactory.php:186
Stack trace:
#0 E:\xampp73\htdocs\filecroco\loader\vendor\guzzlehttp\guzzle\src\Handler\CurlFactory.php(149): GuzzleHttp\Handler\CurlFactory::createRejection(Object(GuzzleHttp\Handler\EasyHandle), Array)
#1 E:\xampp73\htdocs\filecroco\loader\vendor\guzzlehttp\guzzle\src\Handler\CurlFactory.php(102): GuzzleHttp\Handler\CurlFactory::finishError(Object(GuzzleHttp\Handler\CurlMultiHandler), Object(GuzzleHttp\Handler\EasyHandle), Object(GuzzleHttp\Handler\CurlFactory))
#2 E:\xampp73\htdocs\filecroco\loader\vendor\guzzlehttp\guzzle\src\Handler\CurlMultiHandler.php(181): GuzzleHttp\Handler\CurlFactory::finish(Object(GuzzleHttp\Handler\CurlMultiHandler), Object(GuzzleHttp\Handler\EasyHandle), Object(GuzzleHttp\Handler\CurlFactory))
#3 E:\xampp73\htdocs\filecroco\loader\vendor\guzzlehttp\guzzle\src\Handler\CurlMultiHandler.php(110): GuzzleHttp\Handler\CurlMultiHandler->processMessages()
#4 E:\xampp73\htdocs\filecroco\loader\vendor\guzzlehttp\guzzle\src\Handler\CurlMultiHandler.php(125): GuzzleHttp\Handler\CurlMultiHandler->tick()
#5 E:\xampp73\htdocs\filecroco\loader\vendor\guzzlehttp\promises\src\Promise.php(246): GuzzleHttp\Handler\CurlMultiHandler->execute(true)
#6 E:\xampp73\htdocs\filecroco\loader\vendor\guzzlehttp\promises\src\Promise.php(223): GuzzleHttp\Promise\Promise->invokeWaitFn()
#7 E:\xampp73\htdocs\filecroco\loader\vendor\guzzlehttp\promises\src\Promise.php(267): GuzzleHttp\Promise\Promise->waitIfPending()
#8 E:\xampp73\htdocs\filecroco\loader\vendor\guzzlehttp\promises\src\Promise.php(225): GuzzleHttp\Promise\Promise->invokeWaitList()
#9 E:\xampp73\htdocs\filecroco\loader\vendor\guzzlehttp\promises\src\Promise.php(62): GuzzleHttp\Promise\Promise->waitIfPending()
#10 E:\xampp73\htdocs\filecroco\loader\vendor\guzzlehttp\promises\src\EachPromise.php(101): GuzzleHttp\Promise\Promise->wait()
#11 E:\xampp73\htdocs\filecroco\loader\vendor\guzzlehttp\promises\src\Promise.php(246): GuzzleHttp\Promise\EachPromise->GuzzleHttp\Promise\{closure}(true)
#12 E:\xampp73\htdocs\filecroco\loader\vendor\guzzlehttp\promises\src\Promise.php(223): GuzzleHttp\Promise\Promise->invokeWaitFn()
#13 E:\xampp73\htdocs\filecroco\loader\vendor\guzzlehttp\promises\src\Promise.php(62): GuzzleHttp\Promise\Promise->waitIfPending()
#14 E:\xampp73\htdocs\filecroco\loader\updatedownloadlink.php(95): GuzzleHttp\Promise\Promise->wait()
#15 {main}|780GuzzleHttp\Exception\RequestException: cURL error 56:  (see http://curl.haxx.se/libcurl/c/libcurl-errors.html) in E:\xampp73\htdocs\filecroco\loader\vendor\guzzlehttp\guzzle\src\Handler\CurlFactory.php:186
Stack trace:
#0 E:\xampp73\htdocs\filecroco\loader\vendor\guzzlehttp\guzzle\src\Handler\CurlFactory.php(149): GuzzleHttp\Handler\CurlFactory::createRejection(Object(GuzzleHttp\Handler\EasyHandle), Array)
#1 E:\xampp73\htdocs\filecroco\loader\vendor\guzzlehttp\guzzle\src\Handler\CurlFactory.php(102): GuzzleHttp\Handler\CurlFactory::finishError(Object(GuzzleHttp\Handler\CurlMultiHandler), Object(GuzzleHttp\Handler\EasyHandle), Object(GuzzleHttp\Handler\CurlFactory))
#2 E:\xampp73\htdocs\filecroco\loader\vendor\guzzlehttp\guzzle\src\Handler\CurlMultiHandler.php(181): GuzzleHttp\Handler\CurlFactory::finish(Object(GuzzleHttp\Handler\CurlMultiHandler), Object(GuzzleHttp\Handler\EasyHandle), Object(GuzzleHttp\Handler\CurlFactory))
#3 E:\xampp73\htdocs\filecroco\loader\vendor\guzzlehttp\guzzle\src\Handler\CurlMultiHandler.php(110): GuzzleHttp\Handler\CurlMultiHandler->processMessages()
#4 E:\xampp73\htdocs\filecroco\loader\vendor\guzzlehttp\guzzle\src\Handler\CurlMultiHandler.php(125): GuzzleHttp\Handler\CurlMultiHandler->tick()
#5 E:\xampp73\htdocs\filecroco\loader\vendor\guzzlehttp\promises\src\Promise.php(246): GuzzleHttp\Handler\CurlMultiHandler->execute(true)
#6 E:\xampp73\htdocs\filecroco\loader\vendor\guzzlehttp\promises\src\Promise.php(223): GuzzleHttp\Promise\Promise->invokeWaitFn()
#7 E:\xampp73\htdocs\filecroco\loader\vendor\guzzlehttp\promises\src\Promise.php(267): GuzzleHttp\Promise\Promise->waitIfPending()
#8 E:\xampp73\htdocs\filecroco\loader\vendor\guzzlehttp\promises\src\Promise.php(225): GuzzleHttp\Promise\Promise->invokeWaitList()
#9 E:\xampp73\htdocs\filecroco\loader\vendor\guzzlehttp\promises\src\Promise.php(62): GuzzleHttp\Promise\Promise->waitIfPending()
#10 E:\xampp73\htdocs\filecroco\loader\vendor\guzzlehttp\promises\src\EachPromise.php(101): GuzzleHttp\Promise\Promise->wait()
#11 E:\xampp73\htdocs\filecroco\loader\vendor\guzzlehttp\promises\src\Promise.php(246): GuzzleHttp\Promise\EachPromise->GuzzleHttp\Promise\{closure}(true)
#12 E:\xampp73\htdocs\filecroco\loader\vendor\guzzlehttp\promises\src\Promise.php(223): GuzzleHttp\Promise\Promise->invokeWaitFn()
#13 E:\xampp73\htdocs\filecroco\loader\vendor\guzzlehttp\promises\src\Promise.php(62): GuzzleHttp\Promise\Promise->waitIfPending()
#14 E:\xampp73\htdocs\filecroco\loader\updatedownloadlink.php(95): GuzzleHttp\Promise\Promise->wait()
#15 {main}|781GuzzleHttp\Exception\RequestException: cURL error 56:  (see http://curl.haxx.se/libcurl/c/libcurl-errors.html) in E:\xampp73\htdocs\filecroco\loader\vendor\guzzlehttp\guzzle\src\Handler\CurlFactory.php:186
Stack trace:
#0 E:\xampp73\htdocs\filecroco\loader\vendor\guzzlehttp\guzzle\src\Handler\CurlFactory.php(149): GuzzleHttp\Handler\CurlFactory::createRejection(Object(GuzzleHttp\Handler\EasyHandle), Array)
#1 E:\xampp73\htdocs\filecroco\loader\vendor\guzzlehttp\guzzle\src\Handler\CurlFactory.php(102): GuzzleHttp\Handler\CurlFactory::finishError(Object(GuzzleHttp\Handler\CurlMultiHandler), Object(GuzzleHttp\Handler\EasyHandle), Object(GuzzleHttp\Handler\CurlFactory))
#2 E:\xampp73\htdocs\filecroco\loader\vendor\guzzlehttp\guzzle\src\Handler\CurlMultiHandler.php(181): GuzzleHttp\Handler\CurlFactory::finish(Object(GuzzleHttp\Handler\CurlMultiHandler), Object(GuzzleHttp\Handler\EasyHandle), Object(GuzzleHttp\Handler\CurlFactory))
#3 E:\xampp73\htdocs\filecroco\loader\vendor\guzzlehttp\guzzle\src\Handler\CurlMultiHandler.php(110): GuzzleHttp\Handler\CurlMultiHandler->processMessages()
#4 E:\xampp73\htdocs\filecroco\loader\vendor\guzzlehttp\guzzle\src\Handler\CurlMultiHandler.php(125): GuzzleHttp\Handler\CurlMultiHandler->tick()
#5 E:\xampp73\htdocs\filecroco\loader\vendor\guzzlehttp\promises\src\Promise.php(246): GuzzleHttp\Handler\CurlMultiHandler->execute(true)
#6 E:\xampp73\htdocs\filecroco\loader\vendor\guzzlehttp\promises\src\Promise.php(223): GuzzleHttp\Promise\Promise->invokeWaitFn()
#7 E:\xampp73\htdocs\filecroco\loader\vendor\guzzlehttp\promises\src\Promise.php(267): GuzzleHttp\Promise\Promise->waitIfPending()
#8 E:\xampp73\htdocs\filecroco\loader\vendor\guzzlehttp\promises\src\Promise.php(225): GuzzleHttp\Promise\Promise->invokeWaitList()
#9 E:\xampp73\htdocs\filecroco\loader\vendor\guzzlehttp\promises\src\Promise.php(62): GuzzleHttp\Promise\Promise->waitIfPending()
#10 E:\xampp73\htdocs\filecroco\loader\vendor\guzzlehttp\promises\src\EachPromise.php(101): GuzzleHttp\Promise\Promise->wait()
#11 E:\xampp73\htdocs\filecroco\loader\vendor\guzzlehttp\promises\src\Promise.php(246): GuzzleHttp\Promise\EachPromise->GuzzleHttp\Promise\{closure}(true)
#12 E:\xampp73\htdocs\filecroco\loader\vendor\guzzlehttp\promises\src\Promise.php(223): GuzzleHttp\Promise\Promise->invokeWaitFn()
#13 E:\xampp73\htdocs\filecroco\loader\vendor\guzzlehttp\promises\src\Promise.php(62): GuzzleHttp\Promise\Promise->waitIfPending()
#14 E:\xampp73\htdocs\filecroco\loader\updatedownloadlink.php(95): GuzzleHttp\Promise\Promise->wait()
#15 {main}|782GuzzleHttp\Exception\RequestException: cURL error 56:  (see http://curl.haxx.se/libcurl/c/libcurl-errors.html) in E:\xampp73\htdocs\filecroco\loader\vendor\guzzlehttp\guzzle\src\Handler\CurlFactory.php:186
Stack trace:
#0 E:\xampp73\htdocs\filecroco\loader\vendor\guzzlehttp\guzzle\src\Handler\CurlFactory.php(149): GuzzleHttp\Handler\CurlFactory::createRejection(Object(GuzzleHttp\Handler\EasyHandle), Array)
#1 E:\xampp73\htdocs\filecroco\loader\vendor\guzzlehttp\guzzle\src\Handler\CurlFactory.php(102): GuzzleHttp\Handler\CurlFactory::finishError(Object(GuzzleHttp\Handler\CurlMultiHandler), Object(GuzzleHttp\Handler\EasyHandle), Object(GuzzleHttp\Handler\CurlFactory))
#2 E:\xampp73\htdocs\filecroco\loader\vendor\guzzlehttp\guzzle\src\Handler\CurlMultiHandler.php(181): GuzzleHttp\Handler\CurlFactory::finish(Object(GuzzleHttp\Handler\CurlMultiHandler), Object(GuzzleHttp\Handler\EasyHandle), Object(GuzzleHttp\Handler\CurlFactory))
#3 E:\xampp73\htdocs\filecroco\loader\vendor\guzzlehttp\guzzle\src\Handler\CurlMultiHandler.php(110): GuzzleHttp\Handler\CurlMultiHandler->processMessages()
#4 E:\xampp73\htdocs\filecroco\loader\vendor\guzzlehttp\guzzle\src\Handler\CurlMultiHandler.php(125): GuzzleHttp\Handler\CurlMultiHandler->tick()
#5 E:\xampp73\htdocs\filecroco\loader\vendor\guzzlehttp\promises\src\Promise.php(246): GuzzleHttp\Handler\CurlMultiHandler->execute(true)
#6 E:\xampp73\htdocs\filecroco\loader\vendor\guzzlehttp\promises\src\Promise.php(223): GuzzleHttp\Promise\Promise->invokeWaitFn()
#7 E:\xampp73\htdocs\filecroco\loader\vendor\guzzlehttp\promises\src\Promise.php(267): GuzzleHttp\Promise\Promise->waitIfPending()
#8 E:\xampp73\htdocs\filecroco\loader\vendor\guzzlehttp\promises\src\Promise.php(225): GuzzleHttp\Promise\Promise->invokeWaitList()
#9 E:\xampp73\htdocs\filecroco\loader\vendor\guzzlehttp\promises\src\Promise.php(62): GuzzleHttp\Promise\Promise->waitIfPending()
#10 E:\xampp73\htdocs\filecroco\loader\vendor\guzzlehttp\promises\src\EachPromise.php(101): GuzzleHttp\Promise\Promise->wait()
#11 E:\xampp73\htdocs\filecroco\loader\vendor\guzzlehttp\promises\src\Promise.php(246): GuzzleHttp\Promise\EachPromise->GuzzleHttp\Promise\{closure}(true)
#12 E:\xampp73\htdocs\filecroco\loader\vendor\guzzlehttp\promises\src\Promise.php(223): GuzzleHttp\Promise\Promise->invokeWaitFn()
#13 E:\xampp73\htdocs\filecroco\loader\vendor\guzzlehttp\promises\src\Promise.php(62): GuzzleHttp\Promise\Promise->waitIfPending()
#14 E:\xampp73\htdocs\filecroco\loader\updatedownloadlink.php(95): GuzzleHttp\Promise\Promise->wait()
#15 {main}|783GuzzleHttp\Exception\RequestException: cURL error 56:  (see http://curl.haxx.se/libcurl/c/libcurl-errors.html) in E:\xampp73\htdocs\filecroco\loader\vendor\guzzlehttp\guzzle\src\Handler\CurlFactory.php:186
Stack trace:
#0 E:\xampp73\htdocs\filecroco\loader\vendor\guzzlehttp\guzzle\src\Handler\CurlFactory.php(149): GuzzleHttp\Handler\CurlFactory::createRejection(Object(GuzzleHttp\Handler\EasyHandle), Array)
#1 E:\xampp73\htdocs\filecroco\loader\vendor\guzzlehttp\guzzle\src\Handler\CurlFactory.php(102): GuzzleHttp\Handler\CurlFactory::finishError(Object(GuzzleHttp\Handler\CurlMultiHandler), Object(GuzzleHttp\Handler\EasyHandle), Object(GuzzleHttp\Handler\CurlFactory))
#2 E:\xampp73\htdocs\filecroco\loader\vendor\guzzlehttp\guzzle\src\Handler\CurlMultiHandler.php(181): GuzzleHttp\Handler\CurlFactory::finish(Object(GuzzleHttp\Handler\CurlMultiHandler), Object(GuzzleHttp\Handler\EasyHandle), Object(GuzzleHttp\Handler\CurlFactory))
#3 E:\xampp73\htdocs\filecroco\loader\vendor\guzzlehttp\guzzle\src\Handler\CurlMultiHandler.php(110): GuzzleHttp\Handler\CurlMultiHandler->processMessages()
#4 E:\xampp73\htdocs\filecroco\loader\vendor\guzzlehttp\guzzle\src\Handler\CurlMultiHandler.php(125): GuzzleHttp\Handler\CurlMultiHandler->tick()
#5 E:\xampp73\htdocs\filecroco\loader\vendor\guzzlehttp\promises\src\Promise.php(246): GuzzleHttp\Handler\CurlMultiHandler->execute(true)
#6 E:\xampp73\htdocs\filecroco\loader\vendor\guzzlehttp\promises\src\Promise.php(223): GuzzleHttp\Promise\Promise->invokeWaitFn()
#7 E:\xampp73\htdocs\filecroco\loader\vendor\guzzlehttp\promises\src\Promise.php(267): GuzzleHttp\Promise\Promise->waitIfPending()
#8 E:\xampp73\htdocs\filecroco\loader\vendor\guzzlehttp\promises\src\Promise.php(225): GuzzleHttp\Promise\Promise->invokeWaitList()
#9 E:\xampp73\htdocs\filecroco\loader\vendor\guzzlehttp\promises\src\Promise.php(62): GuzzleHttp\Promise\Promise->waitIfPending()
#10 E:\xampp73\htdocs\filecroco\loader\vendor\guzzlehttp\promises\src\EachPromise.php(101): GuzzleHttp\Promise\Promise->wait()
#11 E:\xampp73\htdocs\filecroco\loader\vendor\guzzlehttp\promises\src\Promise.php(246): GuzzleHttp\Promise\EachPromise->GuzzleHttp\Promise\{closure}(true)
#12 E:\xampp73\htdocs\filecroco\loader\vendor\guzzlehttp\promises\src\Promise.php(223): GuzzleHttp\Promise\Promise->invokeWaitFn()
#13 E:\xampp73\htdocs\filecroco\loader\vendor\guzzlehttp\promises\src\Promise.php(62): GuzzleHttp\Promise\Promise->waitIfPending()
#14 E:\xampp73\htdocs\filecroco\loader\updatedownloadlink.php(95): GuzzleHttp\Promise\Promise->wait()
#15 {main}|784GuzzleHttp\Exception\RequestException: cURL error 56:  (see http://curl.haxx.se/libcurl/c/libcurl-errors.html) in E:\xampp73\htdocs\filecroco\loader\vendor\guzzlehttp\guzzle\src\Handler\CurlFactory.php:186
Stack trace:
#0 E:\xampp73\htdocs\filecroco\loader\vendor\guzzlehttp\guzzle\src\Handler\CurlFactory.php(149): GuzzleHttp\Handler\CurlFactory::createRejection(Object(GuzzleHttp\Handler\EasyHandle), Array)
#1 E:\xampp73\htdocs\filecroco\loader\vendor\guzzlehttp\guzzle\src\Handler\CurlFactory.php(102): GuzzleHttp\Handler\CurlFactory::finishError(Object(GuzzleHttp\Handler\CurlMultiHandler), Object(GuzzleHttp\Handler\EasyHandle), Object(GuzzleHttp\Handler\CurlFactory))
#2 E:\xampp73\htdocs\filecroco\loader\vendor\guzzlehttp\guzzle\src\Handler\CurlMultiHandler.php(181): GuzzleHttp\Handler\CurlFactory::finish(Object(GuzzleHttp\Handler\CurlMultiHandler), Object(GuzzleHttp\Handler\EasyHandle), Object(GuzzleHttp\Handler\CurlFactory))
#3 E:\xampp73\htdocs\filecroco\loader\vendor\guzzlehttp\guzzle\src\Handler\CurlMultiHandler.php(110): GuzzleHttp\Handler\CurlMultiHandler->processMessages()
#4 E:\xampp73\htdocs\filecroco\loader\vendor\guzzlehttp\guzzle\src\Handler\CurlMultiHandler.php(125): GuzzleHttp\Handler\CurlMultiHandler->tick()
#5 E:\xampp73\htdocs\filecroco\loader\vendor\guzzlehttp\promises\src\Promise.php(246): GuzzleHttp\Handler\CurlMultiHandler->execute(true)
#6 E:\xampp73\htdocs\filecroco\loader\vendor\guzzlehttp\promises\src\Promise.php(223): GuzzleHttp\Promise\Promise->invokeWaitFn()
#7 E:\xampp73\htdocs\filecroco\loader\vendor\guzzlehttp\promises\src\Promise.php(267): GuzzleHttp\Promise\Promise->waitIfPending()
#8 E:\xampp73\htdocs\filecroco\loader\vendor\guzzlehttp\promises\src\Promise.php(225): GuzzleHttp\Promise\Promise->invokeWaitList()
#9 E:\xampp73\htdocs\filecroco\loader\vendor\guzzlehttp\promises\src\Promise.php(62): GuzzleHttp\Promise\Promise->waitIfPending()
#10 E:\xampp73\htdocs\filecroco\loader\vendor\guzzlehttp\promises\src\EachPromise.php(101): GuzzleHttp\Promise\Promise->wait()
#11 E:\xampp73\htdocs\filecroco\loader\vendor\guzzlehttp\promises\src\Promise.php(246): GuzzleHttp\Promise\EachPromise->GuzzleHttp\Promise\{closure}(true)
#12 E:\xampp73\htdocs\filecroco\loader\vendor\guzzlehttp\promises\src\Promise.php(223): GuzzleHttp\Promise\Promise->invokeWaitFn()
#13 E:\xampp73\htdocs\filecroco\loader\vendor\guzzlehttp\promises\src\Promise.php(62): GuzzleHttp\Promise\Promise->waitIfPending()
#14 E:\xampp73\htdocs\filecroco\loader\updatedownloadlink.php(95): GuzzleHttp\Promise\Promise->wait()
#15 {main}|785GuzzleHttp\Exception\RequestException: cURL error 56:  (see http://curl.haxx.se/libcurl/c/libcurl-errors.html) in E:\xampp73\htdocs\filecroco\loader\vendor\guzzlehttp\guzzle\src\Handler\CurlFactory.php:186
Stack trace:
#0 E:\xampp73\htdocs\filecroco\loader\vendor\guzzlehttp\guzzle\src\Handler\CurlFactory.php(149): GuzzleHttp\Handler\CurlFactory::createRejection(Object(GuzzleHttp\Handler\EasyHandle), Array)
#1 E:\xampp73\htdocs\filecroco\loader\vendor\guzzlehttp\guzzle\src\Handler\CurlFactory.php(102): GuzzleHttp\Handler\CurlFactory::finishError(Object(GuzzleHttp\Handler\CurlMultiHandler), Object(GuzzleHttp\Handler\EasyHandle), Object(GuzzleHttp\Handler\CurlFactory))
#2 E:\xampp73\htdocs\filecroco\loader\vendor\guzzlehttp\guzzle\src\Handler\CurlMultiHandler.php(181): GuzzleHttp\Handler\CurlFactory::finish(Object(GuzzleHttp\Handler\CurlMultiHandler), Object(GuzzleHttp\Handler\EasyHandle), Object(GuzzleHttp\Handler\CurlFactory))
#3 E:\xampp73\htdocs\filecroco\loader\vendor\guzzlehttp\guzzle\src\Handler\CurlMultiHandler.php(110): GuzzleHttp\Handler\CurlMultiHandler->processMessages()
#4 E:\xampp73\htdocs\filecroco\loader\vendor\guzzlehttp\guzzle\src\Handler\CurlMultiHandler.php(125): GuzzleHttp\Handler\CurlMultiHandler->tick()
#5 E:\xampp73\htdocs\filecroco\loader\vendor\guzzlehttp\promises\src\Promise.php(246): GuzzleHttp\Handler\CurlMultiHandler->execute(true)
#6 E:\xampp73\htdocs\filecroco\loader\vendor\guzzlehttp\promises\src\Promise.php(223): GuzzleHttp\Promise\Promise->invokeWaitFn()
#7 E:\xampp73\htdocs\filecroco\loader\vendor\guzzlehttp\promises\src\Promise.php(267): GuzzleHttp\Promise\Promise->waitIfPending()
#8 E:\xampp73\htdocs\filecroco\loader\vendor\guzzlehttp\promises\src\Promise.php(225): GuzzleHttp\Promise\Promise->invokeWaitList()
#9 E:\xampp73\htdocs\filecroco\loader\vendor\guzzlehttp\promises\src\Promise.php(62): GuzzleHttp\Promise\Promise->waitIfPending()
#10 E:\xampp73\htdocs\filecroco\loader\vendor\guzzlehttp\promises\src\EachPromise.php(101): GuzzleHttp\Promise\Promise->wait()
#11 E:\xampp73\htdocs\filecroco\loader\vendor\guzzlehttp\promises\src\Promise.php(246): GuzzleHttp\Promise\EachPromise->GuzzleHttp\Promise\{closure}(true)
#12 E:\xampp73\htdocs\filecroco\loader\vendor\guzzlehttp\promises\src\Promise.php(223): GuzzleHttp\Promise\Promise->invokeWaitFn()
#13 E:\xampp73\htdocs\filecroco\loader\vendor\guzzlehttp\promises\src\Promise.php(62): GuzzleHttp\Promise\Promise->waitIfPending()
#14 E:\xampp73\htdocs\filecroco\loader\updatedownloadlink.php(95): GuzzleHttp\Promise\Promise->wait()
#15 {main}|786GuzzleHttp\Exception\RequestException: cURL error 56:  (see http://curl.haxx.se/libcurl/c/libcurl-errors.html) in E:\xampp73\htdocs\filecroco\loader\vendor\guzzlehttp\guzzle\src\Handler\CurlFactory.php:186
Stack trace:
#0 E:\xampp73\htdocs\filecroco\loader\vendor\guzzlehttp\guzzle\src\Handler\CurlFactory.php(149): GuzzleHttp\Handler\CurlFactory::createRejection(Object(GuzzleHttp\Handler\EasyHandle), Array)
#1 E:\xampp73\htdocs\filecroco\loader\vendor\guzzlehttp\guzzle\src\Handler\CurlFactory.php(102): GuzzleHttp\Handler\CurlFactory::finishError(Object(GuzzleHttp\Handler\CurlMultiHandler), Object(GuzzleHttp\Handler\EasyHandle), Object(GuzzleHttp\Handler\CurlFactory))
#2 E:\xampp73\htdocs\filecroco\loader\vendor\guzzlehttp\guzzle\src\Handler\CurlMultiHandler.php(181): GuzzleHttp\Handler\CurlFactory::finish(Object(GuzzleHttp\Handler\CurlMultiHandler), Object(GuzzleHttp\Handler\EasyHandle), Object(GuzzleHttp\Handler\CurlFactory))
#3 E:\xampp73\htdocs\filecroco\loader\vendor\guzzlehttp\guzzle\src\Handler\CurlMultiHandler.php(110): GuzzleHttp\Handler\CurlMultiHandler->processMessages()
#4 E:\xampp73\htdocs\filecroco\loader\vendor\guzzlehttp\guzzle\src\Handler\CurlMultiHandler.php(125): GuzzleHttp\Handler\CurlMultiHandler->tick()
#5 E:\xampp73\htdocs\filecroco\loader\vendor\guzzlehttp\promises\src\Promise.php(246): GuzzleHttp\Handler\CurlMultiHandler->execute(true)
#6 E:\xampp73\htdocs\filecroco\loader\vendor\guzzlehttp\promises\src\Promise.php(223): GuzzleHttp\Promise\Promise->invokeWaitFn()
#7 E:\xampp73\htdocs\filecroco\loader\vendor\guzzlehttp\promises\src\Promise.php(267): GuzzleHttp\Promise\Promise->waitIfPending()
#8 E:\xampp73\htdocs\filecroco\loader\vendor\guzzlehttp\promises\src\Promise.php(225): GuzzleHttp\Promise\Promise->invokeWaitList()
#9 E:\xampp73\htdocs\filecroco\loader\vendor\guzzlehttp\promises\src\Promise.php(62): GuzzleHttp\Promise\Promise->waitIfPending()
#10 E:\xampp73\htdocs\filecroco\loader\vendor\guzzlehttp\promises\src\EachPromise.php(101): GuzzleHttp\Promise\Promise->wait()
#11 E:\xampp73\htdocs\filecroco\loader\vendor\guzzlehttp\promises\src\Promise.php(246): GuzzleHttp\Promise\EachPromise->GuzzleHttp\Promise\{closure}(true)
#12 E:\xampp73\htdocs\filecroco\loader\vendor\guzzlehttp\promises\src\Promise.php(223): GuzzleHttp\Promise\Promise->invokeWaitFn()
#13 E:\xampp73\htdocs\filecroco\loader\vendor\guzzlehttp\promises\src\Promise.php(62): GuzzleHttp\Promise\Promise->waitIfPending()
#14 E:\xampp73\htdocs\filecroco\loader\updatedownloadlink.php(95): GuzzleHttp\Promise\Promise->wait()
#15 {main}|787GuzzleHttp\Exception\RequestException: cURL error 56:  (see http://curl.haxx.se/libcurl/c/libcurl-errors.html) in E:\xampp73\htdocs\filecroco\loader\vendor\guzzlehttp\guzzle\src\Handler\CurlFactory.php:186
Stack trace:
#0 E:\xampp73\htdocs\filecroco\loader\vendor\guzzlehttp\guzzle\src\Handler\CurlFactory.php(149): GuzzleHttp\Handler\CurlFactory::createRejection(Object(GuzzleHttp\Handler\EasyHandle), Array)
#1 E:\xampp73\htdocs\filecroco\loader\vendor\guzzlehttp\guzzle\src\Handler\CurlFactory.php(102): GuzzleHttp\Handler\CurlFactory::finishError(Object(GuzzleHttp\Handler\CurlMultiHandler), Object(GuzzleHttp\Handler\EasyHandle), Object(GuzzleHttp\Handler\CurlFactory))
#2 E:\xampp73\htdocs\filecroco\loader\vendor\guzzlehttp\guzzle\src\Handler\CurlMultiHandler.php(181): GuzzleHttp\Handler\CurlFactory::finish(Object(GuzzleHttp\Handler\CurlMultiHandler), Object(GuzzleHttp\Handler\EasyHandle), Object(GuzzleHttp\Handler\CurlFactory))
#3 E:\xampp73\htdocs\filecroco\loader\vendor\guzzlehttp\guzzle\src\Handler\CurlMultiHandler.php(110): GuzzleHttp\Handler\CurlMultiHandler->processMessages()
#4 E:\xampp73\htdocs\filecroco\loader\vendor\guzzlehttp\guzzle\src\Handler\CurlMultiHandler.php(125): GuzzleHttp\Handler\CurlMultiHandler->tick()
#5 E:\xampp73\htdocs\filecroco\loader\vendor\guzzlehttp\promises\src\Promise.php(246): GuzzleHttp\Handler\CurlMultiHandler->execute(true)
#6 E:\xampp73\htdocs\filecroco\loader\vendor\guzzlehttp\promises\src\Promise.php(223): GuzzleHttp\Promise\Promise->invokeWaitFn()
#7 E:\xampp73\htdocs\filecroco\loader\vendor\guzzlehttp\promises\src\Promise.php(267): GuzzleHttp\Promise\Promise->waitIfPending()
#8 E:\xampp73\htdocs\filecroco\loader\vendor\guzzlehttp\promises\src\Promise.php(225): GuzzleHttp\Promise\Promise->invokeWaitList()
#9 E:\xampp73\htdocs\filecroco\loader\vendor\guzzlehttp\promises\src\Promise.php(62): GuzzleHttp\Promise\Promise->waitIfPending()
#10 E:\xampp73\htdocs\filecroco\loader\vendor\guzzlehttp\promises\src\EachPromise.php(101): GuzzleHttp\Promise\Promise->wait()
#11 E:\xampp73\htdocs\filecroco\loader\vendor\guzzlehttp\promises\src\Promise.php(246): GuzzleHttp\Promise\EachPromise->GuzzleHttp\Promise\{closure}(true)
#12 E:\xampp73\htdocs\filecroco\loader\vendor\guzzlehttp\promises\src\Promise.php(223): GuzzleHttp\Promise\Promise->invokeWaitFn()
#13 E:\xampp73\htdocs\filecroco\loader\vendor\guzzlehttp\promises\src\Promise.php(62): GuzzleHttp\Promise\Promise->waitIfPending()
#14 E:\xampp73\htdocs\filecroco\loader\updatedownloadlink.php(95): GuzzleHttp\Promise\Promise->wait()
#15 {main}|788GuzzleHttp\Exception\RequestException: cURL error 56:  (see http://curl.haxx.se/libcurl/c/libcurl-errors.html) in E:\xampp73\htdocs\filecroco\loader\vendor\guzzlehttp\guzzle\src\Handler\CurlFactory.php:186
Stack trace:
#0 E:\xampp73\htdocs\filecroco\loader\vendor\guzzlehttp\guzzle\src\Handler\CurlFactory.php(149): GuzzleHttp\Handler\CurlFactory::createRejection(Object(GuzzleHttp\Handler\EasyHandle), Array)
#1 E:\xampp73\htdocs\filecroco\loader\vendor\guzzlehttp\guzzle\src\Handler\CurlFactory.php(102): GuzzleHttp\Handler\CurlFactory::finishError(Object(GuzzleHttp\Handler\CurlMultiHandler), Object(GuzzleHttp\Handler\EasyHandle), Object(GuzzleHttp\Handler\CurlFactory))
#2 E:\xampp73\htdocs\filecroco\loader\vendor\guzzlehttp\guzzle\src\Handler\CurlMultiHandler.php(181): GuzzleHttp\Handler\CurlFactory::finish(Object(GuzzleHttp\Handler\CurlMultiHandler), Object(GuzzleHttp\Handler\EasyHandle), Object(GuzzleHttp\Handler\CurlFactory))
#3 E:\xampp73\htdocs\filecroco\loader\vendor\guzzlehttp\guzzle\src\Handler\CurlMultiHandler.php(110): GuzzleHttp\Handler\CurlMultiHandler->processMessages()
#4 E:\xampp73\htdocs\filecroco\loader\vendor\guzzlehttp\guzzle\src\Handler\CurlMultiHandler.php(125): GuzzleHttp\Handler\CurlMultiHandler->tick()
#5 E:\xampp73\htdocs\filecroco\loader\vendor\guzzlehttp\promises\src\Promise.php(246): GuzzleHttp\Handler\CurlMultiHandler->execute(true)
#6 E:\xampp73\htdocs\filecroco\loader\vendor\guzzlehttp\promises\src\Promise.php(223): GuzzleHttp\Promise\Promise->invokeWaitFn()
#7 E:\xampp73\htdocs\filecroco\loader\vendor\guzzlehttp\promises\src\Promise.php(267): GuzzleHttp\Promise\Promise->waitIfPending()
#8 E:\xampp73\htdocs\filecroco\loader\vendor\guzzlehttp\promises\src\Promise.php(225): GuzzleHttp\Promise\Promise->invokeWaitList()
#9 E:\xampp73\htdocs\filecroco\loader\vendor\guzzlehttp\promises\src\Promise.php(62): GuzzleHttp\Promise\Promise->waitIfPending()
#10 E:\xampp73\htdocs\filecroco\loader\vendor\guzzlehttp\promises\src\EachPromise.php(101): GuzzleHttp\Promise\Promise->wait()
#11 E:\xampp73\htdocs\filecroco\loader\vendor\guzzlehttp\promises\src\Promise.php(246): GuzzleHttp\Promise\EachPromise->GuzzleHttp\Promise\{closure}(true)
#12 E:\xampp73\htdocs\filecroco\loader\vendor\guzzlehttp\promises\src\Promise.php(223): GuzzleHttp\Promise\Promise->invokeWaitFn()
#13 E:\xampp73\htdocs\filecroco\loader\vendor\guzzlehttp\promises\src\Promise.php(62): GuzzleHttp\Promise\Promise->waitIfPending()
#14 E:\xampp73\htdocs\filecroco\loader\updatedownloadlink.php(95): GuzzleHttp\Promise\Promise->wait()
#15 {main}|789GuzzleHttp\Exception\RequestException: cURL error 56:  (see http://curl.haxx.se/libcurl/c/libcurl-errors.html) in E:\xampp73\htdocs\filecroco\loader\vendor\guzzlehttp\guzzle\src\Handler\CurlFactory.php:186
Stack trace:
#0 E:\xampp73\htdocs\filecroco\loader\vendor\guzzlehttp\guzzle\src\Handler\CurlFactory.php(149): GuzzleHttp\Handler\CurlFactory::createRejection(Object(GuzzleHttp\Handler\EasyHandle), Array)
#1 E:\xampp73\htdocs\filecroco\loader\vendor\guzzlehttp\guzzle\src\Handler\CurlFactory.php(102): GuzzleHttp\Handler\CurlFactory::finishError(Object(GuzzleHttp\Handler\CurlMultiHandler), Object(GuzzleHttp\Handler\EasyHandle), Object(GuzzleHttp\Handler\CurlFactory))
#2 E:\xampp73\htdocs\filecroco\loader\vendor\guzzlehttp\guzzle\src\Handler\CurlMultiHandler.php(181): GuzzleHttp\Handler\CurlFactory::finish(Object(GuzzleHttp\Handler\CurlMultiHandler), Object(GuzzleHttp\Handler\EasyHandle), Object(GuzzleHttp\Handler\CurlFactory))
#3 E:\xampp73\htdocs\filecroco\loader\vendor\guzzlehttp\guzzle\src\Handler\CurlMultiHandler.php(110): GuzzleHttp\Handler\CurlMultiHandler->processMessages()
#4 E:\xampp73\htdocs\filecroco\loader\vendor\guzzlehttp\guzzle\src\Handler\CurlMultiHandler.php(125): GuzzleHttp\Handler\CurlMultiHandler->tick()
#5 E:\xampp73\htdocs\filecroco\loader\vendor\guzzlehttp\promises\src\Promise.php(246): GuzzleHttp\Handler\CurlMultiHandler->execute(true)
#6 E:\xampp73\htdocs\filecroco\loader\vendor\guzzlehttp\promises\src\Promise.php(223): GuzzleHttp\Promise\Promise->invokeWaitFn()
#7 E:\xampp73\htdocs\filecroco\loader\vendor\guzzlehttp\promises\src\Promise.php(267): GuzzleHttp\Promise\Promise->waitIfPending()
#8 E:\xampp73\htdocs\filecroco\loader\vendor\guzzlehttp\promises\src\Promise.php(225): GuzzleHttp\Promise\Promise->invokeWaitList()
#9 E:\xampp73\htdocs\filecroco\loader\vendor\guzzlehttp\promises\src\Promise.php(62): GuzzleHttp\Promise\Promise->waitIfPending()
#10 E:\xampp73\htdocs\filecroco\loader\vendor\guzzlehttp\promises\src\EachPromise.php(101): GuzzleHttp\Promise\Promise->wait()
#11 E:\xampp73\htdocs\filecroco\loader\vendor\guzzlehttp\promises\src\Promise.php(246): GuzzleHttp\Promise\EachPromise->GuzzleHttp\Promise\{closure}(true)
#12 E:\xampp73\htdocs\filecroco\loader\vendor\guzzlehttp\promises\src\Promise.php(223): GuzzleHttp\Promise\Promise->invokeWaitFn()
#13 E:\xampp73\htdocs\filecroco\loader\vendor\guzzlehttp\promises\src\Promise.php(62): GuzzleHttp\Promise\Promise->waitIfPending()
#14 E:\xampp73\htdocs\filecroco\loader\updatedownloadlink.php(95): GuzzleHttp\Promise\Promise->wait()
#15 {main}|790GuzzleHttp\Exception\RequestException: cURL error 56:  (see http://curl.haxx.se/libcurl/c/libcurl-errors.html) in E:\xampp73\htdocs\filecroco\loader\vendor\guzzlehttp\guzzle\src\Handler\CurlFactory.php:186
Stack trace:
#0 E:\xampp73\htdocs\filecroco\loader\vendor\guzzlehttp\guzzle\src\Handler\CurlFactory.php(149): GuzzleHttp\Handler\CurlFactory::createRejection(Object(GuzzleHttp\Handler\EasyHandle), Array)
#1 E:\xampp73\htdocs\filecroco\loader\vendor\guzzlehttp\guzzle\src\Handler\CurlFactory.php(102): GuzzleHttp\Handler\CurlFactory::finishError(Object(GuzzleHttp\Handler\CurlMultiHandler), Object(GuzzleHttp\Handler\EasyHandle), Object(GuzzleHttp\Handler\CurlFactory))
#2 E:\xampp73\htdocs\filecroco\loader\vendor\guzzlehttp\guzzle\src\Handler\CurlMultiHandler.php(181): GuzzleHttp\Handler\CurlFactory::finish(Object(GuzzleHttp\Handler\CurlMultiHandler), Object(GuzzleHttp\Handler\EasyHandle), Object(GuzzleHttp\Handler\CurlFactory))
#3 E:\xampp73\htdocs\filecroco\loader\vendor\guzzlehttp\guzzle\src\Handler\CurlMultiHandler.php(110): GuzzleHttp\Handler\CurlMultiHandler->processMessages()
#4 E:\xampp73\htdocs\filecroco\loader\vendor\guzzlehttp\guzzle\src\Handler\CurlMultiHandler.php(125): GuzzleHttp\Handler\CurlMultiHandler->tick()
#5 E:\xampp73\htdocs\filecroco\loader\vendor\guzzlehttp\promises\src\Promise.php(246): GuzzleHttp\Handler\CurlMultiHandler->execute(true)
#6 E:\xampp73\htdocs\filecroco\loader\vendor\guzzlehttp\promises\src\Promise.php(223): GuzzleHttp\Promise\Promise->invokeWaitFn()
#7 E:\xampp73\htdocs\filecroco\loader\vendor\guzzlehttp\promises\src\Promise.php(267): GuzzleHttp\Promise\Promise->waitIfPending()
#8 E:\xampp73\htdocs\filecroco\loader\vendor\guzzlehttp\promises\src\Promise.php(225): GuzzleHttp\Promise\Promise->invokeWaitList()
#9 E:\xampp73\htdocs\filecroco\loader\vendor\guzzlehttp\promises\src\Promise.php(62): GuzzleHttp\Promise\Promise->waitIfPending()
#10 E:\xampp73\htdocs\filecroco\loader\vendor\guzzlehttp\promises\src\EachPromise.php(101): GuzzleHttp\Promise\Promise->wait()
#11 E:\xampp73\htdocs\filecroco\loader\vendor\guzzlehttp\promises\src\Promise.php(246): GuzzleHttp\Promise\EachPromise->GuzzleHttp\Promise\{closure}(true)
#12 E:\xampp73\htdocs\filecroco\loader\vendor\guzzlehttp\promises\src\Promise.php(223): GuzzleHttp\Promise\Promise->invokeWaitFn()
#13 E:\xampp73\htdocs\filecroco\loader\vendor\guzzlehttp\promises\src\Promise.php(62): GuzzleHttp\Promise\Promise->waitIfPending()
#14 E:\xampp73\htdocs\filecroco\loader\updatedownloadlink.php(95): GuzzleHttp\Promise\Promise->wait()
#15 {main}|791GuzzleHttp\Exception\RequestException: cURL error 56:  (see http://curl.haxx.se/libcurl/c/libcurl-errors.html) in E:\xampp73\htdocs\filecroco\loader\vendor\guzzlehttp\guzzle\src\Handler\CurlFactory.php:186
Stack trace:
#0 E:\xampp73\htdocs\filecroco\loader\vendor\guzzlehttp\guzzle\src\Handler\CurlFactory.php(149): GuzzleHttp\Handler\CurlFactory::createRejection(Object(GuzzleHttp\Handler\EasyHandle), Array)
#1 E:\xampp73\htdocs\filecroco\loader\vendor\guzzlehttp\guzzle\src\Handler\CurlFactory.php(102): GuzzleHttp\Handler\CurlFactory::finishError(Object(GuzzleHttp\Handler\CurlMultiHandler), Object(GuzzleHttp\Handler\EasyHandle), Object(GuzzleHttp\Handler\CurlFactory))
#2 E:\xampp73\htdocs\filecroco\loader\vendor\guzzlehttp\guzzle\src\Handler\CurlMultiHandler.php(181): GuzzleHttp\Handler\CurlFactory::finish(Object(GuzzleHttp\Handler\CurlMultiHandler), Object(GuzzleHttp\Handler\EasyHandle), Object(GuzzleHttp\Handler\CurlFactory))
#3 E:\xampp73\htdocs\filecroco\loader\vendor\guzzlehttp\guzzle\src\Handler\CurlMultiHandler.php(110): GuzzleHttp\Handler\CurlMultiHandler->processMessages()
#4 E:\xampp73\htdocs\filecroco\loader\vendor\guzzlehttp\guzzle\src\Handler\CurlMultiHandler.php(125): GuzzleHttp\Handler\CurlMultiHandler->tick()
#5 E:\xampp73\htdocs\filecroco\loader\vendor\guzzlehttp\promises\src\Promise.php(246): GuzzleHttp\Handler\CurlMultiHandler->execute(true)
#6 E:\xampp73\htdocs\filecroco\loader\vendor\guzzlehttp\promises\src\Promise.php(223): GuzzleHttp\Promise\Promise->invokeWaitFn()
#7 E:\xampp73\htdocs\filecroco\loader\vendor\guzzlehttp\promises\src\Promise.php(267): GuzzleHttp\Promise\Promise->waitIfPending()
#8 E:\xampp73\htdocs\filecroco\loader\vendor\guzzlehttp\promises\src\Promise.php(225): GuzzleHttp\Promise\Promise->invokeWaitList()
#9 E:\xampp73\htdocs\filecroco\loader\vendor\guzzlehttp\promises\src\Promise.php(62): GuzzleHttp\Promise\Promise->waitIfPending()
#10 E:\xampp73\htdocs\filecroco\loader\vendor\guzzlehttp\promises\src\EachPromise.php(101): GuzzleHttp\Promise\Promise->wait()
#11 E:\xampp73\htdocs\filecroco\loader\vendor\guzzlehttp\promises\src\Promise.php(246): GuzzleHttp\Promise\EachPromise->GuzzleHttp\Promise\{closure}(true)
#12 E:\xampp73\htdocs\filecroco\loader\vendor\guzzlehttp\promises\src\Promise.php(223): GuzzleHttp\Promise\Promise->invokeWaitFn()
#13 E:\xampp73\htdocs\filecroco\loader\vendor\guzzlehttp\promises\src\Promise.php(62): GuzzleHttp\Promise\Promise->waitIfPending()
#14 E:\xampp73\htdocs\filecroco\loader\updatedownloadlink.php(95): GuzzleHttp\Promise\Promise->wait()
#15 {main}|792GuzzleHttp\Exception\RequestException: cURL error 56:  (see http://curl.haxx.se/libcurl/c/libcurl-errors.html) in E:\xampp73\htdocs\filecroco\loader\vendor\guzzlehttp\guzzle\src\Handler\CurlFactory.php:186
Stack trace:
#0 E:\xampp73\htdocs\filecroco\loader\vendor\guzzlehttp\guzzle\src\Handler\CurlFactory.php(149): GuzzleHttp\Handler\CurlFactory::createRejection(Object(GuzzleHttp\Handler\EasyHandle), Array)
#1 E:\xampp73\htdocs\filecroco\loader\vendor\guzzlehttp\guzzle\src\Handler\CurlFactory.php(102): GuzzleHttp\Handler\CurlFactory::finishError(Object(GuzzleHttp\Handler\CurlMultiHandler), Object(GuzzleHttp\Handler\EasyHandle), Object(GuzzleHttp\Handler\CurlFactory))
#2 E:\xampp73\htdocs\filecroco\loader\vendor\guzzlehttp\guzzle\src\Handler\CurlMultiHandler.php(181): GuzzleHttp\Handler\CurlFactory::finish(Object(GuzzleHttp\Handler\CurlMultiHandler), Object(GuzzleHttp\Handler\EasyHandle), Object(GuzzleHttp\Handler\CurlFactory))
#3 E:\xampp73\htdocs\filecroco\loader\vendor\guzzlehttp\guzzle\src\Handler\CurlMultiHandler.php(110): GuzzleHttp\Handler\CurlMultiHandler->processMessages()
#4 E:\xampp73\htdocs\filecroco\loader\vendor\guzzlehttp\guzzle\src\Handler\CurlMultiHandler.php(125): GuzzleHttp\Handler\CurlMultiHandler->tick()
#5 E:\xampp73\htdocs\filecroco\loader\vendor\guzzlehttp\promises\src\Promise.php(246): GuzzleHttp\Handler\CurlMultiHandler->execute(true)
#6 E:\xampp73\htdocs\filecroco\loader\vendor\guzzlehttp\promises\src\Promise.php(223): GuzzleHttp\Promise\Promise->invokeWaitFn()
#7 E:\xampp73\htdocs\filecroco\loader\vendor\guzzlehttp\promises\src\Promise.php(267): GuzzleHttp\Promise\Promise->waitIfPending()
#8 E:\xampp73\htdocs\filecroco\loader\vendor\guzzlehttp\promises\src\Promise.php(225): GuzzleHttp\Promise\Promise->invokeWaitList()
#9 E:\xampp73\htdocs\filecroco\loader\vendor\guzzlehttp\promises\src\Promise.php(62): GuzzleHttp\Promise\Promise->waitIfPending()
#10 E:\xampp73\htdocs\filecroco\loader\vendor\guzzlehttp\promises\src\EachPromise.php(101): GuzzleHttp\Promise\Promise->wait()
#11 E:\xampp73\htdocs\filecroco\loader\vendor\guzzlehttp\promises\src\Promise.php(246): GuzzleHttp\Promise\EachPromise->GuzzleHttp\Promise\{closure}(true)
#12 E:\xampp73\htdocs\filecroco\loader\vendor\guzzlehttp\promises\src\Promise.php(223): GuzzleHttp\Promise\Promise->invokeWaitFn()
#13 E:\xampp73\htdocs\filecroco\loader\vendor\guzzlehttp\promises\src\Promise.php(62): GuzzleHttp\Promise\Promise->waitIfPending()
#14 E:\xampp73\htdocs\filecroco\loader\updatedownloadlink.php(95): GuzzleHttp\Promise\Promise->wait()
#15 {main}|793GuzzleHttp\Exception\RequestException: cURL error 56:  (see http://curl.haxx.se/libcurl/c/libcurl-errors.html) in E:\xampp73\htdocs\filecroco\loader\vendor\guzzlehttp\guzzle\src\Handler\CurlFactory.php:186
Stack trace:
#0 E:\xampp73\htdocs\filecroco\loader\vendor\guzzlehttp\guzzle\src\Handler\CurlFactory.php(149): GuzzleHttp\Handler\CurlFactory::createRejection(Object(GuzzleHttp\Handler\EasyHandle), Array)
#1 E:\xampp73\htdocs\filecroco\loader\vendor\guzzlehttp\guzzle\src\Handler\CurlFactory.php(102): GuzzleHttp\Handler\CurlFactory::finishError(Object(GuzzleHttp\Handler\CurlMultiHandler), Object(GuzzleHttp\Handler\EasyHandle), Object(GuzzleHttp\Handler\CurlFactory))
#2 E:\xampp73\htdocs\filecroco\loader\vendor\guzzlehttp\guzzle\src\Handler\CurlMultiHandler.php(181): GuzzleHttp\Handler\CurlFactory::finish(Object(GuzzleHttp\Handler\CurlMultiHandler), Object(GuzzleHttp\Handler\EasyHandle), Object(GuzzleHttp\Handler\CurlFactory))
#3 E:\xampp73\htdocs\filecroco\loader\vendor\guzzlehttp\guzzle\src\Handler\CurlMultiHandler.php(110): GuzzleHttp\Handler\CurlMultiHandler->processMessages()
#4 E:\xampp73\htdocs\filecroco\loader\vendor\guzzlehttp\guzzle\src\Handler\CurlMultiHandler.php(125): GuzzleHttp\Handler\CurlMultiHandler->tick()
#5 E:\xampp73\htdocs\filecroco\loader\vendor\guzzlehttp\promises\src\Promise.php(246): GuzzleHttp\Handler\CurlMultiHandler->execute(true)
#6 E:\xampp73\htdocs\filecroco\loader\vendor\guzzlehttp\promises\src\Promise.php(223): GuzzleHttp\Promise\Promise->invokeWaitFn()
#7 E:\xampp73\htdocs\filecroco\loader\vendor\guzzlehttp\promises\src\Promise.php(267): GuzzleHttp\Promise\Promise->waitIfPending()
#8 E:\xampp73\htdocs\filecroco\loader\vendor\guzzlehttp\promises\src\Promise.php(225): GuzzleHttp\Promise\Promise->invokeWaitList()
#9 E:\xampp73\htdocs\filecroco\loader\vendor\guzzlehttp\promises\src\Promise.php(62): GuzzleHttp\Promise\Promise->waitIfPending()
#10 E:\xampp73\htdocs\filecroco\loader\vendor\guzzlehttp\promises\src\EachPromise.php(101): GuzzleHttp\Promise\Promise->wait()
#11 E:\xampp73\htdocs\filecroco\loader\vendor\guzzlehttp\promises\src\Promise.php(246): GuzzleHttp\Promise\EachPromise->GuzzleHttp\Promise\{closure}(true)
#12 E:\xampp73\htdocs\filecroco\loader\vendor\guzzlehttp\promises\src\Promise.php(223): GuzzleHttp\Promise\Promise->invokeWaitFn()
#13 E:\xampp73\htdocs\filecroco\loader\vendor\guzzlehttp\promises\src\Promise.php(62): GuzzleHttp\Promise\Promise->waitIfPending()
#14 E:\xampp73\htdocs\filecroco\loader\updatedownloadlink.php(95): GuzzleHttp\Promise\Promise->wait()
#15 {main}|794GuzzleHttp\Exception\RequestException: cURL error 56:  (see http://curl.haxx.se/libcurl/c/libcurl-errors.html) in E:\xampp73\htdocs\filecroco\loader\vendor\guzzlehttp\guzzle\src\Handler\CurlFactory.php:186
Stack trace:
#0 E:\xampp73\htdocs\filecroco\loader\vendor\guzzlehttp\guzzle\src\Handler\CurlFactory.php(149): GuzzleHttp\Handler\CurlFactory::createRejection(Object(GuzzleHttp\Handler\EasyHandle), Array)
#1 E:\xampp73\htdocs\filecroco\loader\vendor\guzzlehttp\guzzle\src\Handler\CurlFactory.php(102): GuzzleHttp\Handler\CurlFactory::finishError(Object(GuzzleHttp\Handler\CurlMultiHandler), Object(GuzzleHttp\Handler\EasyHandle), Object(GuzzleHttp\Handler\CurlFactory))
#2 E:\xampp73\htdocs\filecroco\loader\vendor\guzzlehttp\guzzle\src\Handler\CurlMultiHandler.php(181): GuzzleHttp\Handler\CurlFactory::finish(Object(GuzzleHttp\Handler\CurlMultiHandler), Object(GuzzleHttp\Handler\EasyHandle), Object(GuzzleHttp\Handler\CurlFactory))
#3 E:\xampp73\htdocs\filecroco\loader\vendor\guzzlehttp\guzzle\src\Handler\CurlMultiHandler.php(110): GuzzleHttp\Handler\CurlMultiHandler->processMessages()
#4 E:\xampp73\htdocs\filecroco\loader\vendor\guzzlehttp\guzzle\src\Handler\CurlMultiHandler.php(125): GuzzleHttp\Handler\CurlMultiHandler->tick()
#5 E:\xampp73\htdocs\filecroco\loader\vendor\guzzlehttp\promises\src\Promise.php(246): GuzzleHttp\Handler\CurlMultiHandler->execute(true)
#6 E:\xampp73\htdocs\filecroco\loader\vendor\guzzlehttp\promises\src\Promise.php(223): GuzzleHttp\Promise\Promise->invokeWaitFn()
#7 E:\xampp73\htdocs\filecroco\loader\vendor\guzzlehttp\promises\src\Promise.php(267): GuzzleHttp\Promise\Promise->waitIfPending()
#8 E:\xampp73\htdocs\filecroco\loader\vendor\guzzlehttp\promises\src\Promise.php(225): GuzzleHttp\Promise\Promise->invokeWaitList()
#9 E:\xampp73\htdocs\filecroco\loader\vendor\guzzlehttp\promises\src\Promise.php(62): GuzzleHttp\Promise\Promise->waitIfPending()
#10 E:\xampp73\htdocs\filecroco\loader\vendor\guzzlehttp\promises\src\EachPromise.php(101): GuzzleHttp\Promise\Promise->wait()
#11 E:\xampp73\htdocs\filecroco\loader\vendor\guzzlehttp\promises\src\Promise.php(246): GuzzleHttp\Promise\EachPromise->GuzzleHttp\Promise\{closure}(true)
#12 E:\xampp73\htdocs\filecroco\loader\vendor\guzzlehttp\promises\src\Promise.php(223): GuzzleHttp\Promise\Promise->invokeWaitFn()
#13 E:\xampp73\htdocs\filecroco\loader\vendor\guzzlehttp\promises\src\Promise.php(62): GuzzleHttp\Promise\Promise->waitIfPending()
#14 E:\xampp73\htdocs\filecroco\loader\updatedownloadlink.php(95): GuzzleHttp\Promise\Promise->wait()
#15 {main}|795GuzzleHttp\Exception\RequestException: cURL error 56:  (see http://curl.haxx.se/libcurl/c/libcurl-errors.html) in E:\xampp73\htdocs\filecroco\loader\vendor\guzzlehttp\guzzle\src\Handler\CurlFactory.php:186
Stack trace:
#0 E:\xampp73\htdocs\filecroco\loader\vendor\guzzlehttp\guzzle\src\Handler\CurlFactory.php(149): GuzzleHttp\Handler\CurlFactory::createRejection(Object(GuzzleHttp\Handler\EasyHandle), Array)
#1 E:\xampp73\htdocs\filecroco\loader\vendor\guzzlehttp\guzzle\src\Handler\CurlFactory.php(102): GuzzleHttp\Handler\CurlFactory::finishError(Object(GuzzleHttp\Handler\CurlMultiHandler), Object(GuzzleHttp\Handler\EasyHandle), Object(GuzzleHttp\Handler\CurlFactory))
#2 E:\xampp73\htdocs\filecroco\loader\vendor\guzzlehttp\guzzle\src\Handler\CurlMultiHandler.php(181): GuzzleHttp\Handler\CurlFactory::finish(Object(GuzzleHttp\Handler\CurlMultiHandler), Object(GuzzleHttp\Handler\EasyHandle), Object(GuzzleHttp\Handler\CurlFactory))
#3 E:\xampp73\htdocs\filecroco\loader\vendor\guzzlehttp\guzzle\src\Handler\CurlMultiHandler.php(110): GuzzleHttp\Handler\CurlMultiHandler->processMessages()
#4 E:\xampp73\htdocs\filecroco\loader\vendor\guzzlehttp\guzzle\src\Handler\CurlMultiHandler.php(125): GuzzleHttp\Handler\CurlMultiHandler->tick()
#5 E:\xampp73\htdocs\filecroco\loader\vendor\guzzlehttp\promises\src\Promise.php(246): GuzzleHttp\Handler\CurlMultiHandler->execute(true)
#6 E:\xampp73\htdocs\filecroco\loader\vendor\guzzlehttp\promises\src\Promise.php(223): GuzzleHttp\Promise\Promise->invokeWaitFn()
#7 E:\xampp73\htdocs\filecroco\loader\vendor\guzzlehttp\promises\src\Promise.php(267): GuzzleHttp\Promise\Promise->waitIfPending()
#8 E:\xampp73\htdocs\filecroco\loader\vendor\guzzlehttp\promises\src\Promise.php(225): GuzzleHttp\Promise\Promise->invokeWaitList()
#9 E:\xampp73\htdocs\filecroco\loader\vendor\guzzlehttp\promises\src\Promise.php(62): GuzzleHttp\Promise\Promise->waitIfPending()
#10 E:\xampp73\htdocs\filecroco\loader\vendor\guzzlehttp\promises\src\EachPromise.php(101): GuzzleHttp\Promise\Promise->wait()
#11 E:\xampp73\htdocs\filecroco\loader\vendor\guzzlehttp\promises\src\Promise.php(246): GuzzleHttp\Promise\EachPromise->GuzzleHttp\Promise\{closure}(true)
#12 E:\xampp73\htdocs\filecroco\loader\vendor\guzzlehttp\promises\src\Promise.php(223): GuzzleHttp\Promise\Promise->invokeWaitFn()
#13 E:\xampp73\htdocs\filecroco\loader\vendor\guzzlehttp\promises\src\Promise.php(62): GuzzleHttp\Promise\Promise->waitIfPending()
#14 E:\xampp73\htdocs\filecroco\loader\updatedownloadlink.php(95): GuzzleHttp\Promise\Promise->wait()
#15 {main}|796GuzzleHttp\Exception\RequestException: cURL error 56:  (see http://curl.haxx.se/libcurl/c/libcurl-errors.html) in E:\xampp73\htdocs\filecroco\loader\vendor\guzzlehttp\guzzle\src\Handler\CurlFactory.php:186
Stack trace:
#0 E:\xampp73\htdocs\filecroco\loader\vendor\guzzlehttp\guzzle\src\Handler\CurlFactory.php(149): GuzzleHttp\Handler\CurlFactory::createRejection(Object(GuzzleHttp\Handler\EasyHandle), Array)
#1 E:\xampp73\htdocs\filecroco\loader\vendor\guzzlehttp\guzzle\src\Handler\CurlFactory.php(102): GuzzleHttp\Handler\CurlFactory::finishError(Object(GuzzleHttp\Handler\CurlMultiHandler), Object(GuzzleHttp\Handler\EasyHandle), Object(GuzzleHttp\Handler\CurlFactory))
#2 E:\xampp73\htdocs\filecroco\loader\vendor\guzzlehttp\guzzle\src\Handler\CurlMultiHandler.php(181): GuzzleHttp\Handler\CurlFactory::finish(Object(GuzzleHttp\Handler\CurlMultiHandler), Object(GuzzleHttp\Handler\EasyHandle), Object(GuzzleHttp\Handler\CurlFactory))
#3 E:\xampp73\htdocs\filecroco\loader\vendor\guzzlehttp\guzzle\src\Handler\CurlMultiHandler.php(110): GuzzleHttp\Handler\CurlMultiHandler->processMessages()
#4 E:\xampp73\htdocs\filecroco\loader\vendor\guzzlehttp\guzzle\src\Handler\CurlMultiHandler.php(125): GuzzleHttp\Handler\CurlMultiHandler->tick()
#5 E:\xampp73\htdocs\filecroco\loader\vendor\guzzlehttp\promises\src\Promise.php(246): GuzzleHttp\Handler\CurlMultiHandler->execute(true)
#6 E:\xampp73\htdocs\filecroco\loader\vendor\guzzlehttp\promises\src\Promise.php(223): GuzzleHttp\Promise\Promise->invokeWaitFn()
#7 E:\xampp73\htdocs\filecroco\loader\vendor\guzzlehttp\promises\src\Promise.php(267): GuzzleHttp\Promise\Promise->waitIfPending()
#8 E:\xampp73\htdocs\filecroco\loader\vendor\guzzlehttp\promises\src\Promise.php(225): GuzzleHttp\Promise\Promise->invokeWaitList()
#9 E:\xampp73\htdocs\filecroco\loader\vendor\guzzlehttp\promises\src\Promise.php(62): GuzzleHttp\Promise\Promise->waitIfPending()
#10 E:\xampp73\htdocs\filecroco\loader\vendor\guzzlehttp\promises\src\EachPromise.php(101): GuzzleHttp\Promise\Promise->wait()
#11 E:\xampp73\htdocs\filecroco\loader\vendor\guzzlehttp\promises\src\Promise.php(246): GuzzleHttp\Promise\EachPromise->GuzzleHttp\Promise\{closure}(true)
#12 E:\xampp73\htdocs\filecroco\loader\vendor\guzzlehttp\promises\src\Promise.php(223): GuzzleHttp\Promise\Promise->invokeWaitFn()
#13 E:\xampp73\htdocs\filecroco\loader\vendor\guzzlehttp\promises\src\Promise.php(62): GuzzleHttp\Promise\Promise->waitIfPending()
#14 E:\xampp73\htdocs\filecroco\loader\updatedownloadlink.php(95): GuzzleHttp\Promise\Promise->wait()
#15 {main}|797GuzzleHttp\Exception\RequestException: cURL error 56:  (see http://curl.haxx.se/libcurl/c/libcurl-errors.html) in E:\xampp73\htdocs\filecroco\loader\vendor\guzzlehttp\guzzle\src\Handler\CurlFactory.php:186
Stack trace:
#0 E:\xampp73\htdocs\filecroco\loader\vendor\guzzlehttp\guzzle\src\Handler\CurlFactory.php(149): GuzzleHttp\Handler\CurlFactory::createRejection(Object(GuzzleHttp\Handler\EasyHandle), Array)
#1 E:\xampp73\htdocs\filecroco\loader\vendor\guzzlehttp\guzzle\src\Handler\CurlFactory.php(102): GuzzleHttp\Handler\CurlFactory::finishError(Object(GuzzleHttp\Handler\CurlMultiHandler), Object(GuzzleHttp\Handler\EasyHandle), Object(GuzzleHttp\Handler\CurlFactory))
#2 E:\xampp73\htdocs\filecroco\loader\vendor\guzzlehttp\guzzle\src\Handler\CurlMultiHandler.php(181): GuzzleHttp\Handler\CurlFactory::finish(Object(GuzzleHttp\Handler\CurlMultiHandler), Object(GuzzleHttp\Handler\EasyHandle), Object(GuzzleHttp\Handler\CurlFactory))
#3 E:\xampp73\htdocs\filecroco\loader\vendor\guzzlehttp\guzzle\src\Handler\CurlMultiHandler.php(110): GuzzleHttp\Handler\CurlMultiHandler->processMessages()
#4 E:\xampp73\htdocs\filecroco\loader\vendor\guzzlehttp\guzzle\src\Handler\CurlMultiHandler.php(125): GuzzleHttp\Handler\CurlMultiHandler->tick()
#5 E:\xampp73\htdocs\filecroco\loader\vendor\guzzlehttp\promises\src\Promise.php(246): GuzzleHttp\Handler\CurlMultiHandler->execute(true)
#6 E:\xampp73\htdocs\filecroco\loader\vendor\guzzlehttp\promises\src\Promise.php(223): GuzzleHttp\Promise\Promise->invokeWaitFn()
#7 E:\xampp73\htdocs\filecroco\loader\vendor\guzzlehttp\promises\src\Promise.php(267): GuzzleHttp\Promise\Promise->waitIfPending()
#8 E:\xampp73\htdocs\filecroco\loader\vendor\guzzlehttp\promises\src\Promise.php(225): GuzzleHttp\Promise\Promise->invokeWaitList()
#9 E:\xampp73\htdocs\filecroco\loader\vendor\guzzlehttp\promises\src\Promise.php(62): GuzzleHttp\Promise\Promise->waitIfPending()
#10 E:\xampp73\htdocs\filecroco\loader\vendor\guzzlehttp\promises\src\EachPromise.php(101): GuzzleHttp\Promise\Promise->wait()
#11 E:\xampp73\htdocs\filecroco\loader\vendor\guzzlehttp\promises\src\Promise.php(246): GuzzleHttp\Promise\EachPromise->GuzzleHttp\Promise\{closure}(true)
#12 E:\xampp73\htdocs\filecroco\loader\vendor\guzzlehttp\promises\src\Promise.php(223): GuzzleHttp\Promise\Promise->invokeWaitFn()
#13 E:\xampp73\htdocs\filecroco\loader\vendor\guzzlehttp\promises\src\Promise.php(62): GuzzleHttp\Promise\Promise->waitIfPending()
#14 E:\xampp73\htdocs\filecroco\loader\updatedownloadlink.php(95): GuzzleHttp\Promise\Promise->wait()
#15 {main}|798GuzzleHttp\Exception\RequestException: cURL error 56:  (see http://curl.haxx.se/libcurl/c/libcurl-errors.html) in E:\xampp73\htdocs\filecroco\loader\vendor\guzzlehttp\guzzle\src\Handler\CurlFactory.php:186
Stack trace:
#0 E:\xampp73\htdocs\filecroco\loader\vendor\guzzlehttp\guzzle\src\Handler\CurlFactory.php(149): GuzzleHttp\Handler\CurlFactory::createRejection(Object(GuzzleHttp\Handler\EasyHandle), Array)
#1 E:\xampp73\htdocs\filecroco\loader\vendor\guzzlehttp\guzzle\src\Handler\CurlFactory.php(102): GuzzleHttp\Handler\CurlFactory::finishError(Object(GuzzleHttp\Handler\CurlMultiHandler), Object(GuzzleHttp\Handler\EasyHandle), Object(GuzzleHttp\Handler\CurlFactory))
#2 E:\xampp73\htdocs\filecroco\loader\vendor\guzzlehttp\guzzle\src\Handler\CurlMultiHandler.php(181): GuzzleHttp\Handler\CurlFactory::finish(Object(GuzzleHttp\Handler\CurlMultiHandler), Object(GuzzleHttp\Handler\EasyHandle), Object(GuzzleHttp\Handler\CurlFactory))
#3 E:\xampp73\htdocs\filecroco\loader\vendor\guzzlehttp\guzzle\src\Handler\CurlMultiHandler.php(110): GuzzleHttp\Handler\CurlMultiHandler->processMessages()
#4 E:\xampp73\htdocs\filecroco\loader\vendor\guzzlehttp\guzzle\src\Handler\CurlMultiHandler.php(125): GuzzleHttp\Handler\CurlMultiHandler->tick()
#5 E:\xampp73\htdocs\filecroco\loader\vendor\guzzlehttp\promises\src\Promise.php(246): GuzzleHttp\Handler\CurlMultiHandler->execute(true)
#6 E:\xampp73\htdocs\filecroco\loader\vendor\guzzlehttp\promises\src\Promise.php(223): GuzzleHttp\Promise\Promise->invokeWaitFn()
#7 E:\xampp73\htdocs\filecroco\loader\vendor\guzzlehttp\promises\src\Promise.php(267): GuzzleHttp\Promise\Promise->waitIfPending()
#8 E:\xampp73\htdocs\filecroco\loader\vendor\guzzlehttp\promises\src\Promise.php(225): GuzzleHttp\Promise\Promise->invokeWaitList()
#9 E:\xampp73\htdocs\filecroco\loader\vendor\guzzlehttp\promises\src\Promise.php(62): GuzzleHttp\Promise\Promise->waitIfPending()
#10 E:\xampp73\htdocs\filecroco\loader\vendor\guzzlehttp\promises\src\EachPromise.php(101): GuzzleHttp\Promise\Promise->wait()
#11 E:\xampp73\htdocs\filecroco\loader\vendor\guzzlehttp\promises\src\Promise.php(246): GuzzleHttp\Promise\EachPromise->GuzzleHttp\Promise\{closure}(true)
#12 E:\xampp73\htdocs\filecroco\loader\vendor\guzzlehttp\promises\src\Promise.php(223): GuzzleHttp\Promise\Promise->invokeWaitFn()
#13 E:\xampp73\htdocs\filecroco\loader\vendor\guzzlehttp\promises\src\Promise.php(62): GuzzleHttp\Promise\Promise->waitIfPending()
#14 E:\xampp73\htdocs\filecroco\loader\updatedownloadlink.php(95): GuzzleHttp\Promise\Promise->wait()
#15 {main}|799GuzzleHttp\Exception\RequestException: cURL error 56:  (see http://curl.haxx.se/libcurl/c/libcurl-errors.html) in E:\xampp73\htdocs\filecroco\loader\vendor\guzzlehttp\guzzle\src\Handler\CurlFactory.php:186
Stack trace:
#0 E:\xampp73\htdocs\filecroco\loader\vendor\guzzlehttp\guzzle\src\Handler\CurlFactory.php(149): GuzzleHttp\Handler\CurlFactory::createRejection(Object(GuzzleHttp\Handler\EasyHandle), Array)
#1 E:\xampp73\htdocs\filecroco\loader\vendor\guzzlehttp\guzzle\src\Handler\CurlFactory.php(102): GuzzleHttp\Handler\CurlFactory::finishError(Object(GuzzleHttp\Handler\CurlMultiHandler), Object(GuzzleHttp\Handler\EasyHandle), Object(GuzzleHttp\Handler\CurlFactory))
#2 E:\xampp73\htdocs\filecroco\loader\vendor\guzzlehttp\guzzle\src\Handler\CurlMultiHandler.php(181): GuzzleHttp\Handler\CurlFactory::finish(Object(GuzzleHttp\Handler\CurlMultiHandler), Object(GuzzleHttp\Handler\EasyHandle), Object(GuzzleHttp\Handler\CurlFactory))
#3 E:\xampp73\htdocs\filecroco\loader\vendor\guzzlehttp\guzzle\src\Handler\CurlMultiHandler.php(110): GuzzleHttp\Handler\CurlMultiHandler->processMessages()
#4 E:\xampp73\htdocs\filecroco\loader\vendor\guzzlehttp\guzzle\src\Handler\CurlMultiHandler.php(125): GuzzleHttp\Handler\CurlMultiHandler->tick()
#5 E:\xampp73\htdocs\filecroco\loader\vendor\guzzlehttp\promises\src\Promise.php(246): GuzzleHttp\Handler\CurlMultiHandler->execute(true)
#6 E:\xampp73\htdocs\filecroco\loader\vendor\guzzlehttp\promises\src\Promise.php(223): GuzzleHttp\Promise\Promise->invokeWaitFn()
#7 E:\xampp73\htdocs\filecroco\loader\vendor\guzzlehttp\promises\src\Promise.php(267): GuzzleHttp\Promise\Promise->waitIfPending()
#8 E:\xampp73\htdocs\filecroco\loader\vendor\guzzlehttp\promises\src\Promise.php(225): GuzzleHttp\Promise\Promise->invokeWaitList()
#9 E:\xampp73\htdocs\filecroco\loader\vendor\guzzlehttp\promises\src\Promise.php(62): GuzzleHttp\Promise\Promise->waitIfPending()
#10 E:\xampp73\htdocs\filecroco\loader\vendor\guzzlehttp\promises\src\EachPromise.php(101): GuzzleHttp\Promise\Promise->wait()
#11 E:\xampp73\htdocs\filecroco\loader\vendor\guzzlehttp\promises\src\Promise.php(246): GuzzleHttp\Promise\EachPromise->GuzzleHttp\Promise\{closure}(true)
#12 E:\xampp73\htdocs\filecroco\loader\vendor\guzzlehttp\promises\src\Promise.php(223): GuzzleHttp\Promise\Promise->invokeWaitFn()
#13 E:\xampp73\htdocs\filecroco\loader\vendor\guzzlehttp\promises\src\Promise.php(62): GuzzleHttp\Promise\Promise->waitIfPending()
#14 E:\xampp73\htdocs\filecroco\loader\updatedownloadlink.php(95): GuzzleHttp\Promise\Promise->wait()
#15 {main}|800GuzzleHttp\Exception\RequestException: cURL error 56:  (see http://curl.haxx.se/libcurl/c/libcurl-errors.html) in E:\xampp73\htdocs\filecroco\loader\vendor\guzzlehttp\guzzle\src\Handler\CurlFactory.php:186
Stack trace:
#0 E:\xampp73\htdocs\filecroco\loader\vendor\guzzlehttp\guzzle\src\Handler\CurlFactory.php(149): GuzzleHttp\Handler\CurlFactory::createRejection(Object(GuzzleHttp\Handler\EasyHandle), Array)
#1 E:\xampp73\htdocs\filecroco\loader\vendor\guzzlehttp\guzzle\src\Handler\CurlFactory.php(102): GuzzleHttp\Handler\CurlFactory::finishError(Object(GuzzleHttp\Handler\CurlMultiHandler), Object(GuzzleHttp\Handler\EasyHandle), Object(GuzzleHttp\Handler\CurlFactory))
#2 E:\xampp73\htdocs\filecroco\loader\vendor\guzzlehttp\guzzle\src\Handler\CurlMultiHandler.php(181): GuzzleHttp\Handler\CurlFactory::finish(Object(GuzzleHttp\Handler\CurlMultiHandler), Object(GuzzleHttp\Handler\EasyHandle), Object(GuzzleHttp\Handler\CurlFactory))
#3 E:\xampp73\htdocs\filecroco\loader\vendor\guzzlehttp\guzzle\src\Handler\CurlMultiHandler.php(110): GuzzleHttp\Handler\CurlMultiHandler->processMessages()
#4 E:\xampp73\htdocs\filecroco\loader\vendor\guzzlehttp\guzzle\src\Handler\CurlMultiHandler.php(125): GuzzleHttp\Handler\CurlMultiHandler->tick()
#5 E:\xampp73\htdocs\filecroco\loader\vendor\guzzlehttp\promises\src\Promise.php(246): GuzzleHttp\Handler\CurlMultiHandler->execute(true)
#6 E:\xampp73\htdocs\filecroco\loader\vendor\guzzlehttp\promises\src\Promise.php(223): GuzzleHttp\Promise\Promise->invokeWaitFn()
#7 E:\xampp73\htdocs\filecroco\loader\vendor\guzzlehttp\promises\src\Promise.php(267): GuzzleHttp\Promise\Promise->waitIfPending()
#8 E:\xampp73\htdocs\filecroco\loader\vendor\guzzlehttp\promises\src\Promise.php(225): GuzzleHttp\Promise\Promise->invokeWaitList()
#9 E:\xampp73\htdocs\filecroco\loader\vendor\guzzlehttp\promises\src\Promise.php(62): GuzzleHttp\Promise\Promise->waitIfPending()
#10 E:\xampp73\htdocs\filecroco\loader\vendor\guzzlehttp\promises\src\EachPromise.php(101): GuzzleHttp\Promise\Promise->wait()
#11 E:\xampp73\htdocs\filecroco\loader\vendor\guzzlehttp\promises\src\Promise.php(246): GuzzleHttp\Promise\EachPromise->GuzzleHttp\Promise\{closure}(true)
#12 E:\xampp73\htdocs\filecroco\loader\vendor\guzzlehttp\promises\src\Promise.php(223): GuzzleHttp\Promise\Promise->invokeWaitFn()
#13 E:\xampp73\htdocs\filecroco\loader\vendor\guzzlehttp\promises\src\Promise.php(62): GuzzleHttp\Promise\Promise->waitIfPending()
#14 E:\xampp73\htdocs\filecroco\loader\updatedownloadlink.php(95): GuzzleHttp\Promise\Promise->wait()
#15 {main}|801GuzzleHttp\Exception\RequestException: cURL error 56:  (see http://curl.haxx.se/libcurl/c/libcurl-errors.html) in E:\xampp73\htdocs\filecroco\loader\vendor\guzzlehttp\guzzle\src\Handler\CurlFactory.php:186
Stack trace:
#0 E:\xampp73\htdocs\filecroco\loader\vendor\guzzlehttp\guzzle\src\Handler\CurlFactory.php(149): GuzzleHttp\Handler\CurlFactory::createRejection(Object(GuzzleHttp\Handler\EasyHandle), Array)
#1 E:\xampp73\htdocs\filecroco\loader\vendor\guzzlehttp\guzzle\src\Handler\CurlFactory.php(102): GuzzleHttp\Handler\CurlFactory::finishError(Object(GuzzleHttp\Handler\CurlMultiHandler), Object(GuzzleHttp\Handler\EasyHandle), Object(GuzzleHttp\Handler\CurlFactory))
#2 E:\xampp73\htdocs\filecroco\loader\vendor\guzzlehttp\guzzle\src\Handler\CurlMultiHandler.php(181): GuzzleHttp\Handler\CurlFactory::finish(Object(GuzzleHttp\Handler\CurlMultiHandler), Object(GuzzleHttp\Handler\EasyHandle), Object(GuzzleHttp\Handler\CurlFactory))
#3 E:\xampp73\htdocs\filecroco\loader\vendor\guzzlehttp\guzzle\src\Handler\CurlMultiHandler.php(110): GuzzleHttp\Handler\CurlMultiHandler->processMessages()
#4 E:\xampp73\htdocs\filecroco\loader\vendor\guzzlehttp\guzzle\src\Handler\CurlMultiHandler.php(125): GuzzleHttp\Handler\CurlMultiHandler->tick()
#5 E:\xampp73\htdocs\filecroco\loader\vendor\guzzlehttp\promises\src\Promise.php(246): GuzzleHttp\Handler\CurlMultiHandler->execute(true)
#6 E:\xampp73\htdocs\filecroco\loader\vendor\guzzlehttp\promises\src\Promise.php(223): GuzzleHttp\Promise\Promise->invokeWaitFn()
#7 E:\xampp73\htdocs\filecroco\loader\vendor\guzzlehttp\promises\src\Promise.php(267): GuzzleHttp\Promise\Promise->waitIfPending()
#8 E:\xampp73\htdocs\filecroco\loader\vendor\guzzlehttp\promises\src\Promise.php(225): GuzzleHttp\Promise\Promise->invokeWaitList()
#9 E:\xampp73\htdocs\filecroco\loader\vendor\guzzlehttp\promises\src\Promise.php(62): GuzzleHttp\Promise\Promise->waitIfPending()
#10 E:\xampp73\htdocs\filecroco\loader\vendor\guzzlehttp\promises\src\EachPromise.php(101): GuzzleHttp\Promise\Promise->wait()
#11 E:\xampp73\htdocs\filecroco\loader\vendor\guzzlehttp\promises\src\Promise.php(246): GuzzleHttp\Promise\EachPromise->GuzzleHttp\Promise\{closure}(true)
#12 E:\xampp73\htdocs\filecroco\loader\vendor\guzzlehttp\promises\src\Promise.php(223): GuzzleHttp\Promise\Promise->invokeWaitFn()
#13 E:\xampp73\htdocs\filecroco\loader\vendor\guzzlehttp\promises\src\Promise.php(62): GuzzleHttp\Promise\Promise->waitIfPending()
#14 E:\xampp73\htdocs\filecroco\loader\updatedownloadlink.php(95): GuzzleHttp\Promise\Promise->wait()
#15 {main}|802GuzzleHttp\Exception\RequestException: cURL error 56:  (see http://curl.haxx.se/libcurl/c/libcurl-errors.html) in E:\xampp73\htdocs\filecroco\loader\vendor\guzzlehttp\guzzle\src\Handler\CurlFactory.php:186
Stack trace:
#0 E:\xampp73\htdocs\filecroco\loader\vendor\guzzlehttp\guzzle\src\Handler\CurlFactory.php(149): GuzzleHttp\Handler\CurlFactory::createRejection(Object(GuzzleHttp\Handler\EasyHandle), Array)
#1 E:\xampp73\htdocs\filecroco\loader\vendor\guzzlehttp\guzzle\src\Handler\CurlFactory.php(102): GuzzleHttp\Handler\CurlFactory::finishError(Object(GuzzleHttp\Handler\CurlMultiHandler), Object(GuzzleHttp\Handler\EasyHandle), Object(GuzzleHttp\Handler\CurlFactory))
#2 E:\xampp73\htdocs\filecroco\loader\vendor\guzzlehttp\guzzle\src\Handler\CurlMultiHandler.php(181): GuzzleHttp\Handler\CurlFactory::finish(Object(GuzzleHttp\Handler\CurlMultiHandler), Object(GuzzleHttp\Handler\EasyHandle), Object(GuzzleHttp\Handler\CurlFactory))
#3 E:\xampp73\htdocs\filecroco\loader\vendor\guzzlehttp\guzzle\src\Handler\CurlMultiHandler.php(110): GuzzleHttp\Handler\CurlMultiHandler->processMessages()
#4 E:\xampp73\htdocs\filecroco\loader\vendor\guzzlehttp\guzzle\src\Handler\CurlMultiHandler.php(125): GuzzleHttp\Handler\CurlMultiHandler->tick()
#5 E:\xampp73\htdocs\filecroco\loader\vendor\guzzlehttp\promises\src\Promise.php(246): GuzzleHttp\Handler\CurlMultiHandler->execute(true)
#6 E:\xampp73\htdocs\filecroco\loader\vendor\guzzlehttp\promises\src\Promise.php(223): GuzzleHttp\Promise\Promise->invokeWaitFn()
#7 E:\xampp73\htdocs\filecroco\loader\vendor\guzzlehttp\promises\src\Promise.php(267): GuzzleHttp\Promise\Promise->waitIfPending()
#8 E:\xampp73\htdocs\filecroco\loader\vendor\guzzlehttp\promises\src\Promise.php(225): GuzzleHttp\Promise\Promise->invokeWaitList()
#9 E:\xampp73\htdocs\filecroco\loader\vendor\guzzlehttp\promises\src\Promise.php(62): GuzzleHttp\Promise\Promise->waitIfPending()
#10 E:\xampp73\htdocs\filecroco\loader\vendor\guzzlehttp\promises\src\EachPromise.php(101): GuzzleHttp\Promise\Promise->wait()
#11 E:\xampp73\htdocs\filecroco\loader\vendor\guzzlehttp\promises\src\Promise.php(246): GuzzleHttp\Promise\EachPromise->GuzzleHttp\Promise\{closure}(true)
#12 E:\xampp73\htdocs\filecroco\loader\vendor\guzzlehttp\promises\src\Promise.php(223): GuzzleHttp\Promise\Promise->invokeWaitFn()
#13 E:\xampp73\htdocs\filecroco\loader\vendor\guzzlehttp\promises\src\Promise.php(62): GuzzleHttp\Promise\Promise->waitIfPending()
#14 E:\xampp73\htdocs\filecroco\loader\updatedownloadlink.php(95): GuzzleHttp\Promise\Promise->wait()
#15 {main}|803GuzzleHttp\Exception\RequestException: cURL error 56:  (see http://curl.haxx.se/libcurl/c/libcurl-errors.html) in E:\xampp73\htdocs\filecroco\loader\vendor\guzzlehttp\guzzle\src\Handler\CurlFactory.php:186
Stack trace:
#0 E:\xampp73\htdocs\filecroco\loader\vendor\guzzlehttp\guzzle\src\Handler\CurlFactory.php(149): GuzzleHttp\Handler\CurlFactory::createRejection(Object(GuzzleHttp\Handler\EasyHandle), Array)
#1 E:\xampp73\htdocs\filecroco\loader\vendor\guzzlehttp\guzzle\src\Handler\CurlFactory.php(102): GuzzleHttp\Handler\CurlFactory::finishError(Object(GuzzleHttp\Handler\CurlMultiHandler), Object(GuzzleHttp\Handler\EasyHandle), Object(GuzzleHttp\Handler\CurlFactory))
#2 E:\xampp73\htdocs\filecroco\loader\vendor\guzzlehttp\guzzle\src\Handler\CurlMultiHandler.php(181): GuzzleHttp\Handler\CurlFactory::finish(Object(GuzzleHttp\Handler\CurlMultiHandler), Object(GuzzleHttp\Handler\EasyHandle), Object(GuzzleHttp\Handler\CurlFactory))
#3 E:\xampp73\htdocs\filecroco\loader\vendor\guzzlehttp\guzzle\src\Handler\CurlMultiHandler.php(110): GuzzleHttp\Handler\CurlMultiHandler->processMessages()
#4 E:\xampp73\htdocs\filecroco\loader\vendor\guzzlehttp\guzzle\src\Handler\CurlMultiHandler.php(125): GuzzleHttp\Handler\CurlMultiHandler->tick()
#5 E:\xampp73\htdocs\filecroco\loader\vendor\guzzlehttp\promises\src\Promise.php(246): GuzzleHttp\Handler\CurlMultiHandler->execute(true)
#6 E:\xampp73\htdocs\filecroco\loader\vendor\guzzlehttp\promises\src\Promise.php(223): GuzzleHttp\Promise\Promise->invokeWaitFn()
#7 E:\xampp73\htdocs\filecroco\loader\vendor\guzzlehttp\promises\src\Promise.php(267): GuzzleHttp\Promise\Promise->waitIfPending()
#8 E:\xampp73\htdocs\filecroco\loader\vendor\guzzlehttp\promises\src\Promise.php(225): GuzzleHttp\Promise\Promise->invokeWaitList()
#9 E:\xampp73\htdocs\filecroco\loader\vendor\guzzlehttp\promises\src\Promise.php(62): GuzzleHttp\Promise\Promise->waitIfPending()
#10 E:\xampp73\htdocs\filecroco\loader\vendor\guzzlehttp\promises\src\EachPromise.php(101): GuzzleHttp\Promise\Promise->wait()
#11 E:\xampp73\htdocs\filecroco\loader\vendor\guzzlehttp\promises\src\Promise.php(246): GuzzleHttp\Promise\EachPromise->GuzzleHttp\Promise\{closure}(true)
#12 E:\xampp73\htdocs\filecroco\loader\vendor\guzzlehttp\promises\src\Promise.php(223): GuzzleHttp\Promise\Promise->invokeWaitFn()
#13 E:\xampp73\htdocs\filecroco\loader\vendor\guzzlehttp\promises\src\Promise.php(62): GuzzleHttp\Promise\Promise->waitIfPending()
#14 E:\xampp73\htdocs\filecroco\loader\updatedownloadlink.php(95): GuzzleHttp\Promise\Promise->wait()
#15 {main}|804GuzzleHttp\Exception\RequestException: cURL error 56:  (see http://curl.haxx.se/libcurl/c/libcurl-errors.html) in E:\xampp73\htdocs\filecroco\loader\vendor\guzzlehttp\guzzle\src\Handler\CurlFactory.php:186
Stack trace:
#0 E:\xampp73\htdocs\filecroco\loader\vendor\guzzlehttp\guzzle\src\Handler\CurlFactory.php(149): GuzzleHttp\Handler\CurlFactory::createRejection(Object(GuzzleHttp\Handler\EasyHandle), Array)
#1 E:\xampp73\htdocs\filecroco\loader\vendor\guzzlehttp\guzzle\src\Handler\CurlFactory.php(102): GuzzleHttp\Handler\CurlFactory::finishError(Object(GuzzleHttp\Handler\CurlMultiHandler), Object(GuzzleHttp\Handler\EasyHandle), Object(GuzzleHttp\Handler\CurlFactory))
#2 E:\xampp73\htdocs\filecroco\loader\vendor\guzzlehttp\guzzle\src\Handler\CurlMultiHandler.php(181): GuzzleHttp\Handler\CurlFactory::finish(Object(GuzzleHttp\Handler\CurlMultiHandler), Object(GuzzleHttp\Handler\EasyHandle), Object(GuzzleHttp\Handler\CurlFactory))
#3 E:\xampp73\htdocs\filecroco\loader\vendor\guzzlehttp\guzzle\src\Handler\CurlMultiHandler.php(110): GuzzleHttp\Handler\CurlMultiHandler->processMessages()
#4 E:\xampp73\htdocs\filecroco\loader\vendor\guzzlehttp\guzzle\src\Handler\CurlMultiHandler.php(125): GuzzleHttp\Handler\CurlMultiHandler->tick()
#5 E:\xampp73\htdocs\filecroco\loader\vendor\guzzlehttp\promises\src\Promise.php(246): GuzzleHttp\Handler\CurlMultiHandler->execute(true)
#6 E:\xampp73\htdocs\filecroco\loader\vendor\guzzlehttp\promises\src\Promise.php(223): GuzzleHttp\Promise\Promise->invokeWaitFn()
#7 E:\xampp73\htdocs\filecroco\loader\vendor\guzzlehttp\promises\src\Promise.php(267): GuzzleHttp\Promise\Promise->waitIfPending()
#8 E:\xampp73\htdocs\filecroco\loader\vendor\guzzlehttp\promises\src\Promise.php(225): GuzzleHttp\Promise\Promise->invokeWaitList()
#9 E:\xampp73\htdocs\filecroco\loader\vendor\guzzlehttp\promises\src\Promise.php(62): GuzzleHttp\Promise\Promise->waitIfPending()
#10 E:\xampp73\htdocs\filecroco\loader\vendor\guzzlehttp\promises\src\EachPromise.php(101): GuzzleHttp\Promise\Promise->wait()
#11 E:\xampp73\htdocs\filecroco\loader\vendor\guzzlehttp\promises\src\Promise.php(246): GuzzleHttp\Promise\EachPromise->GuzzleHttp\Promise\{closure}(true)
#12 E:\xampp73\htdocs\filecroco\loader\vendor\guzzlehttp\promises\src\Promise.php(223): GuzzleHttp\Promise\Promise->invokeWaitFn()
#13 E:\xampp73\htdocs\filecroco\loader\vendor\guzzlehttp\promises\src\Promise.php(62): GuzzleHttp\Promise\Promise->waitIfPending()
#14 E:\xampp73\htdocs\filecroco\loader\updatedownloadlink.php(95): GuzzleHttp\Promise\Promise->wait()
#15 {main}|805GuzzleHttp\Exception\RequestException: cURL error 56:  (see http://curl.haxx.se/libcurl/c/libcurl-errors.html) in E:\xampp73\htdocs\filecroco\loader\vendor\guzzlehttp\guzzle\src\Handler\CurlFactory.php:186
Stack trace:
#0 E:\xampp73\htdocs\filecroco\loader\vendor\guzzlehttp\guzzle\src\Handler\CurlFactory.php(149): GuzzleHttp\Handler\CurlFactory::createRejection(Object(GuzzleHttp\Handler\EasyHandle), Array)
#1 E:\xampp73\htdocs\filecroco\loader\vendor\guzzlehttp\guzzle\src\Handler\CurlFactory.php(102): GuzzleHttp\Handler\CurlFactory::finishError(Object(GuzzleHttp\Handler\CurlMultiHandler), Object(GuzzleHttp\Handler\EasyHandle), Object(GuzzleHttp\Handler\CurlFactory))
#2 E:\xampp73\htdocs\filecroco\loader\vendor\guzzlehttp\guzzle\src\Handler\CurlMultiHandler.php(181): GuzzleHttp\Handler\CurlFactory::finish(Object(GuzzleHttp\Handler\CurlMultiHandler), Object(GuzzleHttp\Handler\EasyHandle), Object(GuzzleHttp\Handler\CurlFactory))
#3 E:\xampp73\htdocs\filecroco\loader\vendor\guzzlehttp\guzzle\src\Handler\CurlMultiHandler.php(110): GuzzleHttp\Handler\CurlMultiHandler->processMessages()
#4 E:\xampp73\htdocs\filecroco\loader\vendor\guzzlehttp\guzzle\src\Handler\CurlMultiHandler.php(125): GuzzleHttp\Handler\CurlMultiHandler->tick()
#5 E:\xampp73\htdocs\filecroco\loader\vendor\guzzlehttp\promises\src\Promise.php(246): GuzzleHttp\Handler\CurlMultiHandler->execute(true)
#6 E:\xampp73\htdocs\filecroco\loader\vendor\guzzlehttp\promises\src\Promise.php(223): GuzzleHttp\Promise\Promise->invokeWaitFn()
#7 E:\xampp73\htdocs\filecroco\loader\vendor\guzzlehttp\promises\src\Promise.php(267): GuzzleHttp\Promise\Promise->waitIfPending()
#8 E:\xampp73\htdocs\filecroco\loader\vendor\guzzlehttp\promises\src\Promise.php(225): GuzzleHttp\Promise\Promise->invokeWaitList()
#9 E:\xampp73\htdocs\filecroco\loader\vendor\guzzlehttp\promises\src\Promise.php(62): GuzzleHttp\Promise\Promise->waitIfPending()
#10 E:\xampp73\htdocs\filecroco\loader\vendor\guzzlehttp\promises\src\EachPromise.php(101): GuzzleHttp\Promise\Promise->wait()
#11 E:\xampp73\htdocs\filecroco\loader\vendor\guzzlehttp\promises\src\Promise.php(246): GuzzleHttp\Promise\EachPromise->GuzzleHttp\Promise\{closure}(true)
#12 E:\xampp73\htdocs\filecroco\loader\vendor\guzzlehttp\promises\src\Promise.php(223): GuzzleHttp\Promise\Promise->invokeWaitFn()
#13 E:\xampp73\htdocs\filecroco\loader\vendor\guzzlehttp\promises\src\Promise.php(62): GuzzleHttp\Promise\Promise->waitIfPending()
#14 E:\xampp73\htdocs\filecroco\loader\updatedownloadlink.php(95): GuzzleHttp\Promise\Promise->wait()
#15 {main}|806GuzzleHttp\Exception\RequestException: cURL error 56:  (see http://curl.haxx.se/libcurl/c/libcurl-errors.html) in E:\xampp73\htdocs\filecroco\loader\vendor\guzzlehttp\guzzle\src\Handler\CurlFactory.php:186
Stack trace:
#0 E:\xampp73\htdocs\filecroco\loader\vendor\guzzlehttp\guzzle\src\Handler\CurlFactory.php(149): GuzzleHttp\Handler\CurlFactory::createRejection(Object(GuzzleHttp\Handler\EasyHandle), Array)
#1 E:\xampp73\htdocs\filecroco\loader\vendor\guzzlehttp\guzzle\src\Handler\CurlFactory.php(102): GuzzleHttp\Handler\CurlFactory::finishError(Object(GuzzleHttp\Handler\CurlMultiHandler), Object(GuzzleHttp\Handler\EasyHandle), Object(GuzzleHttp\Handler\CurlFactory))
#2 E:\xampp73\htdocs\filecroco\loader\vendor\guzzlehttp\guzzle\src\Handler\CurlMultiHandler.php(181): GuzzleHttp\Handler\CurlFactory::finish(Object(GuzzleHttp\Handler\CurlMultiHandler), Object(GuzzleHttp\Handler\EasyHandle), Object(GuzzleHttp\Handler\CurlFactory))
#3 E:\xampp73\htdocs\filecroco\loader\vendor\guzzlehttp\guzzle\src\Handler\CurlMultiHandler.php(110): GuzzleHttp\Handler\CurlMultiHandler->processMessages()
#4 E:\xampp73\htdocs\filecroco\loader\vendor\guzzlehttp\guzzle\src\Handler\CurlMultiHandler.php(125): GuzzleHttp\Handler\CurlMultiHandler->tick()
#5 E:\xampp73\htdocs\filecroco\loader\vendor\guzzlehttp\promises\src\Promise.php(246): GuzzleHttp\Handler\CurlMultiHandler->execute(true)
#6 E:\xampp73\htdocs\filecroco\loader\vendor\guzzlehttp\promises\src\Promise.php(223): GuzzleHttp\Promise\Promise->invokeWaitFn()
#7 E:\xampp73\htdocs\filecroco\loader\vendor\guzzlehttp\promises\src\Promise.php(267): GuzzleHttp\Promise\Promise->waitIfPending()
#8 E:\xampp73\htdocs\filecroco\loader\vendor\guzzlehttp\promises\src\Promise.php(225): GuzzleHttp\Promise\Promise->invokeWaitList()
#9 E:\xampp73\htdocs\filecroco\loader\vendor\guzzlehttp\promises\src\Promise.php(62): GuzzleHttp\Promise\Promise->waitIfPending()
#10 E:\xampp73\htdocs\filecroco\loader\vendor\guzzlehttp\promises\src\EachPromise.php(101): GuzzleHttp\Promise\Promise->wait()
#11 E:\xampp73\htdocs\filecroco\loader\vendor\guzzlehttp\promises\src\Promise.php(246): GuzzleHttp\Promise\EachPromise->GuzzleHttp\Promise\{closure}(true)
#12 E:\xampp73\htdocs\filecroco\loader\vendor\guzzlehttp\promises\src\Promise.php(223): GuzzleHttp\Promise\Promise->invokeWaitFn()
#13 E:\xampp73\htdocs\filecroco\loader\vendor\guzzlehttp\promises\src\Promise.php(62): GuzzleHttp\Promise\Promise->waitIfPending()
#14 E:\xampp73\htdocs\filecroco\loader\updatedownloadlink.php(95): GuzzleHttp\Promise\Promise->wait()
#15 {main}|807GuzzleHttp\Exception\RequestException: cURL error 56:  (see http://curl.haxx.se/libcurl/c/libcurl-errors.html) in E:\xampp73\htdocs\filecroco\loader\vendor\guzzlehttp\guzzle\src\Handler\CurlFactory.php:186
Stack trace:
#0 E:\xampp73\htdocs\filecroco\loader\vendor\guzzlehttp\guzzle\src\Handler\CurlFactory.php(149): GuzzleHttp\Handler\CurlFactory::createRejection(Object(GuzzleHttp\Handler\EasyHandle), Array)
#1 E:\xampp73\htdocs\filecroco\loader\vendor\guzzlehttp\guzzle\src\Handler\CurlFactory.php(102): GuzzleHttp\Handler\CurlFactory::finishError(Object(GuzzleHttp\Handler\CurlMultiHandler), Object(GuzzleHttp\Handler\EasyHandle), Object(GuzzleHttp\Handler\CurlFactory))
#2 E:\xampp73\htdocs\filecroco\loader\vendor\guzzlehttp\guzzle\src\Handler\CurlMultiHandler.php(181): GuzzleHttp\Handler\CurlFactory::finish(Object(GuzzleHttp\Handler\CurlMultiHandler), Object(GuzzleHttp\Handler\EasyHandle), Object(GuzzleHttp\Handler\CurlFactory))
#3 E:\xampp73\htdocs\filecroco\loader\vendor\guzzlehttp\guzzle\src\Handler\CurlMultiHandler.php(110): GuzzleHttp\Handler\CurlMultiHandler->processMessages()
#4 E:\xampp73\htdocs\filecroco\loader\vendor\guzzlehttp\guzzle\src\Handler\CurlMultiHandler.php(125): GuzzleHttp\Handler\CurlMultiHandler->tick()
#5 E:\xampp73\htdocs\filecroco\loader\vendor\guzzlehttp\promises\src\Promise.php(246): GuzzleHttp\Handler\CurlMultiHandler->execute(true)
#6 E:\xampp73\htdocs\filecroco\loader\vendor\guzzlehttp\promises\src\Promise.php(223): GuzzleHttp\Promise\Promise->invokeWaitFn()
#7 E:\xampp73\htdocs\filecroco\loader\vendor\guzzlehttp\promises\src\Promise.php(267): GuzzleHttp\Promise\Promise->waitIfPending()
#8 E:\xampp73\htdocs\filecroco\loader\vendor\guzzlehttp\promises\src\Promise.php(225): GuzzleHttp\Promise\Promise->invokeWaitList()
#9 E:\xampp73\htdocs\filecroco\loader\vendor\guzzlehttp\promises\src\Promise.php(62): GuzzleHttp\Promise\Promise->waitIfPending()
#10 E:\xampp73\htdocs\filecroco\loader\vendor\guzzlehttp\promises\src\EachPromise.php(101): GuzzleHttp\Promise\Promise->wait()
#11 E:\xampp73\htdocs\filecroco\loader\vendor\guzzlehttp\promises\src\Promise.php(246): GuzzleHttp\Promise\EachPromise->GuzzleHttp\Promise\{closure}(true)
#12 E:\xampp73\htdocs\filecroco\loader\vendor\guzzlehttp\promises\src\Promise.php(223): GuzzleHttp\Promise\Promise->invokeWaitFn()
#13 E:\xampp73\htdocs\filecroco\loader\vendor\guzzlehttp\promises\src\Promise.php(62): GuzzleHttp\Promise\Promise->waitIfPending()
#14 E:\xampp73\htdocs\filecroco\loader\updatedownloadlink.php(95): GuzzleHttp\Promise\Promise->wait()
#15 {main}|808GuzzleHttp\Exception\RequestException: cURL error 56:  (see http://curl.haxx.se/libcurl/c/libcurl-errors.html) in E:\xampp73\htdocs\filecroco\loader\vendor\guzzlehttp\guzzle\src\Handler\CurlFactory.php:186
Stack trace:
#0 E:\xampp73\htdocs\filecroco\loader\vendor\guzzlehttp\guzzle\src\Handler\CurlFactory.php(149): GuzzleHttp\Handler\CurlFactory::createRejection(Object(GuzzleHttp\Handler\EasyHandle), Array)
#1 E:\xampp73\htdocs\filecroco\loader\vendor\guzzlehttp\guzzle\src\Handler\CurlFactory.php(102): GuzzleHttp\Handler\CurlFactory::finishError(Object(GuzzleHttp\Handler\CurlMultiHandler), Object(GuzzleHttp\Handler\EasyHandle), Object(GuzzleHttp\Handler\CurlFactory))
#2 E:\xampp73\htdocs\filecroco\loader\vendor\guzzlehttp\guzzle\src\Handler\CurlMultiHandler.php(181): GuzzleHttp\Handler\CurlFactory::finish(Object(GuzzleHttp\Handler\CurlMultiHandler), Object(GuzzleHttp\Handler\EasyHandle), Object(GuzzleHttp\Handler\CurlFactory))
#3 E:\xampp73\htdocs\filecroco\loader\vendor\guzzlehttp\guzzle\src\Handler\CurlMultiHandler.php(110): GuzzleHttp\Handler\CurlMultiHandler->processMessages()
#4 E:\xampp73\htdocs\filecroco\loader\vendor\guzzlehttp\guzzle\src\Handler\CurlMultiHandler.php(125): GuzzleHttp\Handler\CurlMultiHandler->tick()
#5 E:\xampp73\htdocs\filecroco\loader\vendor\guzzlehttp\promises\src\Promise.php(246): GuzzleHttp\Handler\CurlMultiHandler->execute(true)
#6 E:\xampp73\htdocs\filecroco\loader\vendor\guzzlehttp\promises\src\Promise.php(223): GuzzleHttp\Promise\Promise->invokeWaitFn()
#7 E:\xampp73\htdocs\filecroco\loader\vendor\guzzlehttp\promises\src\Promise.php(267): GuzzleHttp\Promise\Promise->waitIfPending()
#8 E:\xampp73\htdocs\filecroco\loader\vendor\guzzlehttp\promises\src\Promise.php(225): GuzzleHttp\Promise\Promise->invokeWaitList()
#9 E:\xampp73\htdocs\filecroco\loader\vendor\guzzlehttp\promises\src\Promise.php(62): GuzzleHttp\Promise\Promise->waitIfPending()
#10 E:\xampp73\htdocs\filecroco\loader\vendor\guzzlehttp\promises\src\EachPromise.php(101): GuzzleHttp\Promise\Promise->wait()
#11 E:\xampp73\htdocs\filecroco\loader\vendor\guzzlehttp\promises\src\Promise.php(246): GuzzleHttp\Promise\EachPromise->GuzzleHttp\Promise\{closure}(true)
#12 E:\xampp73\htdocs\filecroco\loader\vendor\guzzlehttp\promises\src\Promise.php(223): GuzzleHttp\Promise\Promise->invokeWaitFn()
#13 E:\xampp73\htdocs\filecroco\loader\vendor\guzzlehttp\promises\src\Promise.php(62): GuzzleHttp\Promise\Promise->waitIfPending()
#14 E:\xampp73\htdocs\filecroco\loader\updatedownloadlink.php(95): GuzzleHttp\Promise\Promise->wait()
#15 {main}|809GuzzleHttp\Exception\RequestException: cURL error 56:  (see http://curl.haxx.se/libcurl/c/libcurl-errors.html) in E:\xampp73\htdocs\filecroco\loader\vendor\guzzlehttp\guzzle\src\Handler\CurlFactory.php:186
Stack trace:
#0 E:\xampp73\htdocs\filecroco\loader\vendor\guzzlehttp\guzzle\src\Handler\CurlFactory.php(149): GuzzleHttp\Handler\CurlFactory::createRejection(Object(GuzzleHttp\Handler\EasyHandle), Array)
#1 E:\xampp73\htdocs\filecroco\loader\vendor\guzzlehttp\guzzle\src\Handler\CurlFactory.php(102): GuzzleHttp\Handler\CurlFactory::finishError(Object(GuzzleHttp\Handler\CurlMultiHandler), Object(GuzzleHttp\Handler\EasyHandle), Object(GuzzleHttp\Handler\CurlFactory))
#2 E:\xampp73\htdocs\filecroco\loader\vendor\guzzlehttp\guzzle\src\Handler\CurlMultiHandler.php(181): GuzzleHttp\Handler\CurlFactory::finish(Object(GuzzleHttp\Handler\CurlMultiHandler), Object(GuzzleHttp\Handler\EasyHandle), Object(GuzzleHttp\Handler\CurlFactory))
#3 E:\xampp73\htdocs\filecroco\loader\vendor\guzzlehttp\guzzle\src\Handler\CurlMultiHandler.php(110): GuzzleHttp\Handler\CurlMultiHandler->processMessages()
#4 E:\xampp73\htdocs\filecroco\loader\vendor\guzzlehttp\guzzle\src\Handler\CurlMultiHandler.php(125): GuzzleHttp\Handler\CurlMultiHandler->tick()
#5 E:\xampp73\htdocs\filecroco\loader\vendor\guzzlehttp\promises\src\Promise.php(246): GuzzleHttp\Handler\CurlMultiHandler->execute(true)
#6 E:\xampp73\htdocs\filecroco\loader\vendor\guzzlehttp\promises\src\Promise.php(223): GuzzleHttp\Promise\Promise->invokeWaitFn()
#7 E:\xampp73\htdocs\filecroco\loader\vendor\guzzlehttp\promises\src\Promise.php(267): GuzzleHttp\Promise\Promise->waitIfPending()
#8 E:\xampp73\htdocs\filecroco\loader\vendor\guzzlehttp\promises\src\Promise.php(225): GuzzleHttp\Promise\Promise->invokeWaitList()
#9 E:\xampp73\htdocs\filecroco\loader\vendor\guzzlehttp\promises\src\Promise.php(62): GuzzleHttp\Promise\Promise->waitIfPending()
#10 E:\xampp73\htdocs\filecroco\loader\vendor\guzzlehttp\promises\src\EachPromise.php(101): GuzzleHttp\Promise\Promise->wait()
#11 E:\xampp73\htdocs\filecroco\loader\vendor\guzzlehttp\promises\src\Promise.php(246): GuzzleHttp\Promise\EachPromise->GuzzleHttp\Promise\{closure}(true)
#12 E:\xampp73\htdocs\filecroco\loader\vendor\guzzlehttp\promises\src\Promise.php(223): GuzzleHttp\Promise\Promise->invokeWaitFn()
#13 E:\xampp73\htdocs\filecroco\loader\vendor\guzzlehttp\promises\src\Promise.php(62): GuzzleHttp\Promise\Promise->waitIfPending()
#14 E:\xampp73\htdocs\filecroco\loader\updatedownloadlink.php(95): GuzzleHttp\Promise\Promise->wait()
#15 {main}|810GuzzleHttp\Exception\RequestException: cURL error 56:  (see http://curl.haxx.se/libcurl/c/libcurl-errors.html) in E:\xampp73\htdocs\filecroco\loader\vendor\guzzlehttp\guzzle\src\Handler\CurlFactory.php:186
Stack trace:
#0 E:\xampp73\htdocs\filecroco\loader\vendor\guzzlehttp\guzzle\src\Handler\CurlFactory.php(149): GuzzleHttp\Handler\CurlFactory::createRejection(Object(GuzzleHttp\Handler\EasyHandle), Array)
#1 E:\xampp73\htdocs\filecroco\loader\vendor\guzzlehttp\guzzle\src\Handler\CurlFactory.php(102): GuzzleHttp\Handler\CurlFactory::finishError(Object(GuzzleHttp\Handler\CurlMultiHandler), Object(GuzzleHttp\Handler\EasyHandle), Object(GuzzleHttp\Handler\CurlFactory))
#2 E:\xampp73\htdocs\filecroco\loader\vendor\guzzlehttp\guzzle\src\Handler\CurlMultiHandler.php(181): GuzzleHttp\Handler\CurlFactory::finish(Object(GuzzleHttp\Handler\CurlMultiHandler), Object(GuzzleHttp\Handler\EasyHandle), Object(GuzzleHttp\Handler\CurlFactory))
#3 E:\xampp73\htdocs\filecroco\loader\vendor\guzzlehttp\guzzle\src\Handler\CurlMultiHandler.php(110): GuzzleHttp\Handler\CurlMultiHandler->processMessages()
#4 E:\xampp73\htdocs\filecroco\loader\vendor\guzzlehttp\guzzle\src\Handler\CurlMultiHandler.php(125): GuzzleHttp\Handler\CurlMultiHandler->tick()
#5 E:\xampp73\htdocs\filecroco\loader\vendor\guzzlehttp\promises\src\Promise.php(246): GuzzleHttp\Handler\CurlMultiHandler->execute(true)
#6 E:\xampp73\htdocs\filecroco\loader\vendor\guzzlehttp\promises\src\Promise.php(223): GuzzleHttp\Promise\Promise->invokeWaitFn()
#7 E:\xampp73\htdocs\filecroco\loader\vendor\guzzlehttp\promises\src\Promise.php(267): GuzzleHttp\Promise\Promise->waitIfPending()
#8 E:\xampp73\htdocs\filecroco\loader\vendor\guzzlehttp\promises\src\Promise.php(225): GuzzleHttp\Promise\Promise->invokeWaitList()
#9 E:\xampp73\htdocs\filecroco\loader\vendor\guzzlehttp\promises\src\Promise.php(62): GuzzleHttp\Promise\Promise->waitIfPending()
#10 E:\xampp73\htdocs\filecroco\loader\vendor\guzzlehttp\promises\src\EachPromise.php(101): GuzzleHttp\Promise\Promise->wait()
#11 E:\xampp73\htdocs\filecroco\loader\vendor\guzzlehttp\promises\src\Promise.php(246): GuzzleHttp\Promise\EachPromise->GuzzleHttp\Promise\{closure}(true)
#12 E:\xampp73\htdocs\filecroco\loader\vendor\guzzlehttp\promises\src\Promise.php(223): GuzzleHttp\Promise\Promise->invokeWaitFn()
#13 E:\xampp73\htdocs\filecroco\loader\vendor\guzzlehttp\promises\src\Promise.php(62): GuzzleHttp\Promise\Promise->waitIfPending()
#14 E:\xampp73\htdocs\filecroco\loader\updatedownloadlink.php(95): GuzzleHttp\Promise\Promise->wait()
#15 {main}|811GuzzleHttp\Exception\RequestException: cURL error 56:  (see http://curl.haxx.se/libcurl/c/libcurl-errors.html) in E:\xampp73\htdocs\filecroco\loader\vendor\guzzlehttp\guzzle\src\Handler\CurlFactory.php:186
Stack trace:
#0 E:\xampp73\htdocs\filecroco\loader\vendor\guzzlehttp\guzzle\src\Handler\CurlFactory.php(149): GuzzleHttp\Handler\CurlFactory::createRejection(Object(GuzzleHttp\Handler\EasyHandle), Array)
#1 E:\xampp73\htdocs\filecroco\loader\vendor\guzzlehttp\guzzle\src\Handler\CurlFactory.php(102): GuzzleHttp\Handler\CurlFactory::finishError(Object(GuzzleHttp\Handler\CurlMultiHandler), Object(GuzzleHttp\Handler\EasyHandle), Object(GuzzleHttp\Handler\CurlFactory))
#2 E:\xampp73\htdocs\filecroco\loader\vendor\guzzlehttp\guzzle\src\Handler\CurlMultiHandler.php(181): GuzzleHttp\Handler\CurlFactory::finish(Object(GuzzleHttp\Handler\CurlMultiHandler), Object(GuzzleHttp\Handler\EasyHandle), Object(GuzzleHttp\Handler\CurlFactory))
#3 E:\xampp73\htdocs\filecroco\loader\vendor\guzzlehttp\guzzle\src\Handler\CurlMultiHandler.php(110): GuzzleHttp\Handler\CurlMultiHandler->processMessages()
#4 E:\xampp73\htdocs\filecroco\loader\vendor\guzzlehttp\guzzle\src\Handler\CurlMultiHandler.php(125): GuzzleHttp\Handler\CurlMultiHandler->tick()
#5 E:\xampp73\htdocs\filecroco\loader\vendor\guzzlehttp\promises\src\Promise.php(246): GuzzleHttp\Handler\CurlMultiHandler->execute(true)
#6 E:\xampp73\htdocs\filecroco\loader\vendor\guzzlehttp\promises\src\Promise.php(223): GuzzleHttp\Promise\Promise->invokeWaitFn()
#7 E:\xampp73\htdocs\filecroco\loader\vendor\guzzlehttp\promises\src\Promise.php(267): GuzzleHttp\Promise\Promise->waitIfPending()
#8 E:\xampp73\htdocs\filecroco\loader\vendor\guzzlehttp\promises\src\Promise.php(225): GuzzleHttp\Promise\Promise->invokeWaitList()
#9 E:\xampp73\htdocs\filecroco\loader\vendor\guzzlehttp\promises\src\Promise.php(62): GuzzleHttp\Promise\Promise->waitIfPending()
#10 E:\xampp73\htdocs\filecroco\loader\vendor\guzzlehttp\promises\src\EachPromise.php(101): GuzzleHttp\Promise\Promise->wait()
#11 E:\xampp73\htdocs\filecroco\loader\vendor\guzzlehttp\promises\src\Promise.php(246): GuzzleHttp\Promise\EachPromise->GuzzleHttp\Promise\{closure}(true)
#12 E:\xampp73\htdocs\filecroco\loader\vendor\guzzlehttp\promises\src\Promise.php(223): GuzzleHttp\Promise\Promise->invokeWaitFn()
#13 E:\xampp73\htdocs\filecroco\loader\vendor\guzzlehttp\promises\src\Promise.php(62): GuzzleHttp\Promise\Promise->waitIfPending()
#14 E:\xampp73\htdocs\filecroco\loader\updatedownloadlink.php(95): GuzzleHttp\Promise\Promise->wait()
#15 {main}|812GuzzleHttp\Exception\RequestException: cURL error 56:  (see http://curl.haxx.se/libcurl/c/libcurl-errors.html) in E:\xampp73\htdocs\filecroco\loader\vendor\guzzlehttp\guzzle\src\Handler\CurlFactory.php:186
Stack trace:
#0 E:\xampp73\htdocs\filecroco\loader\vendor\guzzlehttp\guzzle\src\Handler\CurlFactory.php(149): GuzzleHttp\Handler\CurlFactory::createRejection(Object(GuzzleHttp\Handler\EasyHandle), Array)
#1 E:\xampp73\htdocs\filecroco\loader\vendor\guzzlehttp\guzzle\src\Handler\CurlFactory.php(102): GuzzleHttp\Handler\CurlFactory::finishError(Object(GuzzleHttp\Handler\CurlMultiHandler), Object(GuzzleHttp\Handler\EasyHandle), Object(GuzzleHttp\Handler\CurlFactory))
#2 E:\xampp73\htdocs\filecroco\loader\vendor\guzzlehttp\guzzle\src\Handler\CurlMultiHandler.php(181): GuzzleHttp\Handler\CurlFactory::finish(Object(GuzzleHttp\Handler\CurlMultiHandler), Object(GuzzleHttp\Handler\EasyHandle), Object(GuzzleHttp\Handler\CurlFactory))
#3 E:\xampp73\htdocs\filecroco\loader\vendor\guzzlehttp\guzzle\src\Handler\CurlMultiHandler.php(110): GuzzleHttp\Handler\CurlMultiHandler->processMessages()
#4 E:\xampp73\htdocs\filecroco\loader\vendor\guzzlehttp\guzzle\src\Handler\CurlMultiHandler.php(125): GuzzleHttp\Handler\CurlMultiHandler->tick()
#5 E:\xampp73\htdocs\filecroco\loader\vendor\guzzlehttp\promises\src\Promise.php(246): GuzzleHttp\Handler\CurlMultiHandler->execute(true)
#6 E:\xampp73\htdocs\filecroco\loader\vendor\guzzlehttp\promises\src\Promise.php(223): GuzzleHttp\Promise\Promise->invokeWaitFn()
#7 E:\xampp73\htdocs\filecroco\loader\vendor\guzzlehttp\promises\src\Promise.php(267): GuzzleHttp\Promise\Promise->waitIfPending()
#8 E:\xampp73\htdocs\filecroco\loader\vendor\guzzlehttp\promises\src\Promise.php(225): GuzzleHttp\Promise\Promise->invokeWaitList()
#9 E:\xampp73\htdocs\filecroco\loader\vendor\guzzlehttp\promises\src\Promise.php(62): GuzzleHttp\Promise\Promise->waitIfPending()
#10 E:\xampp73\htdocs\filecroco\loader\vendor\guzzlehttp\promises\src\EachPromise.php(101): GuzzleHttp\Promise\Promise->wait()
#11 E:\xampp73\htdocs\filecroco\loader\vendor\guzzlehttp\promises\src\Promise.php(246): GuzzleHttp\Promise\EachPromise->GuzzleHttp\Promise\{closure}(true)
#12 E:\xampp73\htdocs\filecroco\loader\vendor\guzzlehttp\promises\src\Promise.php(223): GuzzleHttp\Promise\Promise->invokeWaitFn()
#13 E:\xampp73\htdocs\filecroco\loader\vendor\guzzlehttp\promises\src\Promise.php(62): GuzzleHttp\Promise\Promise->waitIfPending()
#14 E:\xampp73\htdocs\filecroco\loader\updatedownloadlink.php(95): GuzzleHttp\Promise\Promise->wait()
#15 {main}|813GuzzleHttp\Exception\RequestException: cURL error 56:  (see http://curl.haxx.se/libcurl/c/libcurl-errors.html) in E:\xampp73\htdocs\filecroco\loader\vendor\guzzlehttp\guzzle\src\Handler\CurlFactory.php:186
Stack trace:
#0 E:\xampp73\htdocs\filecroco\loader\vendor\guzzlehttp\guzzle\src\Handler\CurlFactory.php(149): GuzzleHttp\Handler\CurlFactory::createRejection(Object(GuzzleHttp\Handler\EasyHandle), Array)
#1 E:\xampp73\htdocs\filecroco\loader\vendor\guzzlehttp\guzzle\src\Handler\CurlFactory.php(102): GuzzleHttp\Handler\CurlFactory::finishError(Object(GuzzleHttp\Handler\CurlMultiHandler), Object(GuzzleHttp\Handler\EasyHandle), Object(GuzzleHttp\Handler\CurlFactory))
#2 E:\xampp73\htdocs\filecroco\loader\vendor\guzzlehttp\guzzle\src\Handler\CurlMultiHandler.php(181): GuzzleHttp\Handler\CurlFactory::finish(Object(GuzzleHttp\Handler\CurlMultiHandler), Object(GuzzleHttp\Handler\EasyHandle), Object(GuzzleHttp\Handler\CurlFactory))
#3 E:\xampp73\htdocs\filecroco\loader\vendor\guzzlehttp\guzzle\src\Handler\CurlMultiHandler.php(110): GuzzleHttp\Handler\CurlMultiHandler->processMessages()
#4 E:\xampp73\htdocs\filecroco\loader\vendor\guzzlehttp\guzzle\src\Handler\CurlMultiHandler.php(125): GuzzleHttp\Handler\CurlMultiHandler->tick()
#5 E:\xampp73\htdocs\filecroco\loader\vendor\guzzlehttp\promises\src\Promise.php(246): GuzzleHttp\Handler\CurlMultiHandler->execute(true)
#6 E:\xampp73\htdocs\filecroco\loader\vendor\guzzlehttp\promises\src\Promise.php(223): GuzzleHttp\Promise\Promise->invokeWaitFn()
#7 E:\xampp73\htdocs\filecroco\loader\vendor\guzzlehttp\promises\src\Promise.php(267): GuzzleHttp\Promise\Promise->waitIfPending()
#8 E:\xampp73\htdocs\filecroco\loader\vendor\guzzlehttp\promises\src\Promise.php(225): GuzzleHttp\Promise\Promise->invokeWaitList()
#9 E:\xampp73\htdocs\filecroco\loader\vendor\guzzlehttp\promises\src\Promise.php(62): GuzzleHttp\Promise\Promise->waitIfPending()
#10 E:\xampp73\htdocs\filecroco\loader\vendor\guzzlehttp\promises\src\EachPromise.php(101): GuzzleHttp\Promise\Promise->wait()
#11 E:\xampp73\htdocs\filecroco\loader\vendor\guzzlehttp\promises\src\Promise.php(246): GuzzleHttp\Promise\EachPromise->GuzzleHttp\Promise\{closure}(true)
#12 E:\xampp73\htdocs\filecroco\loader\vendor\guzzlehttp\promises\src\Promise.php(223): GuzzleHttp\Promise\Promise->invokeWaitFn()
#13 E:\xampp73\htdocs\filecroco\loader\vendor\guzzlehttp\promises\src\Promise.php(62): GuzzleHttp\Promise\Promise->waitIfPending()
#14 E:\xampp73\htdocs\filecroco\loader\updatedownloadlink.php(95): GuzzleHttp\Promise\Promise->wait()
#15 {main}|814GuzzleHttp\Exception\RequestException: cURL error 56:  (see http://curl.haxx.se/libcurl/c/libcurl-errors.html) in E:\xampp73\htdocs\filecroco\loader\vendor\guzzlehttp\guzzle\src\Handler\CurlFactory.php:186
Stack trace:
#0 E:\xampp73\htdocs\filecroco\loader\vendor\guzzlehttp\guzzle\src\Handler\CurlFactory.php(149): GuzzleHttp\Handler\CurlFactory::createRejection(Object(GuzzleHttp\Handler\EasyHandle), Array)
#1 E:\xampp73\htdocs\filecroco\loader\vendor\guzzlehttp\guzzle\src\Handler\CurlFactory.php(102): GuzzleHttp\Handler\CurlFactory::finishError(Object(GuzzleHttp\Handler\CurlMultiHandler), Object(GuzzleHttp\Handler\EasyHandle), Object(GuzzleHttp\Handler\CurlFactory))
#2 E:\xampp73\htdocs\filecroco\loader\vendor\guzzlehttp\guzzle\src\Handler\CurlMultiHandler.php(181): GuzzleHttp\Handler\CurlFactory::finish(Object(GuzzleHttp\Handler\CurlMultiHandler), Object(GuzzleHttp\Handler\EasyHandle), Object(GuzzleHttp\Handler\CurlFactory))
#3 E:\xampp73\htdocs\filecroco\loader\vendor\guzzlehttp\guzzle\src\Handler\CurlMultiHandler.php(110): GuzzleHttp\Handler\CurlMultiHandler->processMessages()
#4 E:\xampp73\htdocs\filecroco\loader\vendor\guzzlehttp\guzzle\src\Handler\CurlMultiHandler.php(125): GuzzleHttp\Handler\CurlMultiHandler->tick()
#5 E:\xampp73\htdocs\filecroco\loader\vendor\guzzlehttp\promises\src\Promise.php(246): GuzzleHttp\Handler\CurlMultiHandler->execute(true)
#6 E:\xampp73\htdocs\filecroco\loader\vendor\guzzlehttp\promises\src\Promise.php(223): GuzzleHttp\Promise\Promise->invokeWaitFn()
#7 E:\xampp73\htdocs\filecroco\loader\vendor\guzzlehttp\promises\src\Promise.php(267): GuzzleHttp\Promise\Promise->waitIfPending()
#8 E:\xampp73\htdocs\filecroco\loader\vendor\guzzlehttp\promises\src\Promise.php(225): GuzzleHttp\Promise\Promise->invokeWaitList()
#9 E:\xampp73\htdocs\filecroco\loader\vendor\guzzlehttp\promises\src\Promise.php(62): GuzzleHttp\Promise\Promise->waitIfPending()
#10 E:\xampp73\htdocs\filecroco\loader\vendor\guzzlehttp\promises\src\EachPromise.php(101): GuzzleHttp\Promise\Promise->wait()
#11 E:\xampp73\htdocs\filecroco\loader\vendor\guzzlehttp\promises\src\Promise.php(246): GuzzleHttp\Promise\EachPromise->GuzzleHttp\Promise\{closure}(true)
#12 E:\xampp73\htdocs\filecroco\loader\vendor\guzzlehttp\promises\src\Promise.php(223): GuzzleHttp\Promise\Promise->invokeWaitFn()
#13 E:\xampp73\htdocs\filecroco\loader\vendor\guzzlehttp\promises\src\Promise.php(62): GuzzleHttp\Promise\Promise->waitIfPending()
#14 E:\xampp73\htdocs\filecroco\loader\updatedownloadlink.php(95): GuzzleHttp\Promise\Promise->wait()
#15 {main}|815GuzzleHttp\Exception\RequestException: cURL error 56:  (see http://curl.haxx.se/libcurl/c/libcurl-errors.html) in E:\xampp73\htdocs\filecroco\loader\vendor\guzzlehttp\guzzle\src\Handler\CurlFactory.php:186
Stack trace:
#0 E:\xampp73\htdocs\filecroco\loader\vendor\guzzlehttp\guzzle\src\Handler\CurlFactory.php(149): GuzzleHttp\Handler\CurlFactory::createRejection(Object(GuzzleHttp\Handler\EasyHandle), Array)
#1 E:\xampp73\htdocs\filecroco\loader\vendor\guzzlehttp\guzzle\src\Handler\CurlFactory.php(102): GuzzleHttp\Handler\CurlFactory::finishError(Object(GuzzleHttp\Handler\CurlMultiHandler), Object(GuzzleHttp\Handler\EasyHandle), Object(GuzzleHttp\Handler\CurlFactory))
#2 E:\xampp73\htdocs\filecroco\loader\vendor\guzzlehttp\guzzle\src\Handler\CurlMultiHandler.php(181): GuzzleHttp\Handler\CurlFactory::finish(Object(GuzzleHttp\Handler\CurlMultiHandler), Object(GuzzleHttp\Handler\EasyHandle), Object(GuzzleHttp\Handler\CurlFactory))
#3 E:\xampp73\htdocs\filecroco\loader\vendor\guzzlehttp\guzzle\src\Handler\CurlMultiHandler.php(110): GuzzleHttp\Handler\CurlMultiHandler->processMessages()
#4 E:\xampp73\htdocs\filecroco\loader\vendor\guzzlehttp\guzzle\src\Handler\CurlMultiHandler.php(125): GuzzleHttp\Handler\CurlMultiHandler->tick()
#5 E:\xampp73\htdocs\filecroco\loader\vendor\guzzlehttp\promises\src\Promise.php(246): GuzzleHttp\Handler\CurlMultiHandler->execute(true)
#6 E:\xampp73\htdocs\filecroco\loader\vendor\guzzlehttp\promises\src\Promise.php(223): GuzzleHttp\Promise\Promise->invokeWaitFn()
#7 E:\xampp73\htdocs\filecroco\loader\vendor\guzzlehttp\promises\src\Promise.php(267): GuzzleHttp\Promise\Promise->waitIfPending()
#8 E:\xampp73\htdocs\filecroco\loader\vendor\guzzlehttp\promises\src\Promise.php(225): GuzzleHttp\Promise\Promise->invokeWaitList()
#9 E:\xampp73\htdocs\filecroco\loader\vendor\guzzlehttp\promises\src\Promise.php(62): GuzzleHttp\Promise\Promise->waitIfPending()
#10 E:\xampp73\htdocs\filecroco\loader\vendor\guzzlehttp\promises\src\EachPromise.php(101): GuzzleHttp\Promise\Promise->wait()
#11 E:\xampp73\htdocs\filecroco\loader\vendor\guzzlehttp\promises\src\Promise.php(246): GuzzleHttp\Promise\EachPromise->GuzzleHttp\Promise\{closure}(true)
#12 E:\xampp73\htdocs\filecroco\loader\vendor\guzzlehttp\promises\src\Promise.php(223): GuzzleHttp\Promise\Promise->invokeWaitFn()
#13 E:\xampp73\htdocs\filecroco\loader\vendor\guzzlehttp\promises\src\Promise.php(62): GuzzleHttp\Promise\Promise->waitIfPending()
#14 E:\xampp73\htdocs\filecroco\loader\updatedownloadlink.php(95): GuzzleHttp\Promise\Promise->wait()
#15 {main}|816GuzzleHttp\Exception\RequestException: cURL error 56:  (see http://curl.haxx.se/libcurl/c/libcurl-errors.html) in E:\xampp73\htdocs\filecroco\loader\vendor\guzzlehttp\guzzle\src\Handler\CurlFactory.php:186
Stack trace:
#0 E:\xampp73\htdocs\filecroco\loader\vendor\guzzlehttp\guzzle\src\Handler\CurlFactory.php(149): GuzzleHttp\Handler\CurlFactory::createRejection(Object(GuzzleHttp\Handler\EasyHandle), Array)
#1 E:\xampp73\htdocs\filecroco\loader\vendor\guzzlehttp\guzzle\src\Handler\CurlFactory.php(102): GuzzleHttp\Handler\CurlFactory::finishError(Object(GuzzleHttp\Handler\CurlMultiHandler), Object(GuzzleHttp\Handler\EasyHandle), Object(GuzzleHttp\Handler\CurlFactory))
#2 E:\xampp73\htdocs\filecroco\loader\vendor\guzzlehttp\guzzle\src\Handler\CurlMultiHandler.php(181): GuzzleHttp\Handler\CurlFactory::finish(Object(GuzzleHttp\Handler\CurlMultiHandler), Object(GuzzleHttp\Handler\EasyHandle), Object(GuzzleHttp\Handler\CurlFactory))
#3 E:\xampp73\htdocs\filecroco\loader\vendor\guzzlehttp\guzzle\src\Handler\CurlMultiHandler.php(110): GuzzleHttp\Handler\CurlMultiHandler->processMessages()
#4 E:\xampp73\htdocs\filecroco\loader\vendor\guzzlehttp\guzzle\src\Handler\CurlMultiHandler.php(125): GuzzleHttp\Handler\CurlMultiHandler->tick()
#5 E:\xampp73\htdocs\filecroco\loader\vendor\guzzlehttp\promises\src\Promise.php(246): GuzzleHttp\Handler\CurlMultiHandler->execute(true)
#6 E:\xampp73\htdocs\filecroco\loader\vendor\guzzlehttp\promises\src\Promise.php(223): GuzzleHttp\Promise\Promise->invokeWaitFn()
#7 E:\xampp73\htdocs\filecroco\loader\vendor\guzzlehttp\promises\src\Promise.php(267): GuzzleHttp\Promise\Promise->waitIfPending()
#8 E:\xampp73\htdocs\filecroco\loader\vendor\guzzlehttp\promises\src\Promise.php(225): GuzzleHttp\Promise\Promise->invokeWaitList()
#9 E:\xampp73\htdocs\filecroco\loader\vendor\guzzlehttp\promises\src\Promise.php(62): GuzzleHttp\Promise\Promise->waitIfPending()
#10 E:\xampp73\htdocs\filecroco\loader\vendor\guzzlehttp\promises\src\EachPromise.php(101): GuzzleHttp\Promise\Promise->wait()
#11 E:\xampp73\htdocs\filecroco\loader\vendor\guzzlehttp\promises\src\Promise.php(246): GuzzleHttp\Promise\EachPromise->GuzzleHttp\Promise\{closure}(true)
#12 E:\xampp73\htdocs\filecroco\loader\vendor\guzzlehttp\promises\src\Promise.php(223): GuzzleHttp\Promise\Promise->invokeWaitFn()
#13 E:\xampp73\htdocs\filecroco\loader\vendor\guzzlehttp\promises\src\Promise.php(62): GuzzleHttp\Promise\Promise->waitIfPending()
#14 E:\xampp73\htdocs\filecroco\loader\updatedownloadlink.php(95): GuzzleHttp\Promise\Promise->wait()
#15 {main}|817GuzzleHttp\Exception\RequestException: cURL error 56:  (see http://curl.haxx.se/libcurl/c/libcurl-errors.html) in E:\xampp73\htdocs\filecroco\loader\vendor\guzzlehttp\guzzle\src\Handler\CurlFactory.php:186
Stack trace:
#0 E:\xampp73\htdocs\filecroco\loader\vendor\guzzlehttp\guzzle\src\Handler\CurlFactory.php(149): GuzzleHttp\Handler\CurlFactory::createRejection(Object(GuzzleHttp\Handler\EasyHandle), Array)
#1 E:\xampp73\htdocs\filecroco\loader\vendor\guzzlehttp\guzzle\src\Handler\CurlFactory.php(102): GuzzleHttp\Handler\CurlFactory::finishError(Object(GuzzleHttp\Handler\CurlMultiHandler), Object(GuzzleHttp\Handler\EasyHandle), Object(GuzzleHttp\Handler\CurlFactory))
#2 E:\xampp73\htdocs\filecroco\loader\vendor\guzzlehttp\guzzle\src\Handler\CurlMultiHandler.php(181): GuzzleHttp\Handler\CurlFactory::finish(Object(GuzzleHttp\Handler\CurlMultiHandler), Object(GuzzleHttp\Handler\EasyHandle), Object(GuzzleHttp\Handler\CurlFactory))
#3 E:\xampp73\htdocs\filecroco\loader\vendor\guzzlehttp\guzzle\src\Handler\CurlMultiHandler.php(110): GuzzleHttp\Handler\CurlMultiHandler->processMessages()
#4 E:\xampp73\htdocs\filecroco\loader\vendor\guzzlehttp\guzzle\src\Handler\CurlMultiHandler.php(125): GuzzleHttp\Handler\CurlMultiHandler->tick()
#5 E:\xampp73\htdocs\filecroco\loader\vendor\guzzlehttp\promises\src\Promise.php(246): GuzzleHttp\Handler\CurlMultiHandler->execute(true)
#6 E:\xampp73\htdocs\filecroco\loader\vendor\guzzlehttp\promises\src\Promise.php(223): GuzzleHttp\Promise\Promise->invokeWaitFn()
#7 E:\xampp73\htdocs\filecroco\loader\vendor\guzzlehttp\promises\src\Promise.php(267): GuzzleHttp\Promise\Promise->waitIfPending()
#8 E:\xampp73\htdocs\filecroco\loader\vendor\guzzlehttp\promises\src\Promise.php(225): GuzzleHttp\Promise\Promise->invokeWaitList()
#9 E:\xampp73\htdocs\filecroco\loader\vendor\guzzlehttp\promises\src\Promise.php(62): GuzzleHttp\Promise\Promise->waitIfPending()
#10 E:\xampp73\htdocs\filecroco\loader\vendor\guzzlehttp\promises\src\EachPromise.php(101): GuzzleHttp\Promise\Promise->wait()
#11 E:\xampp73\htdocs\filecroco\loader\vendor\guzzlehttp\promises\src\Promise.php(246): GuzzleHttp\Promise\EachPromise->GuzzleHttp\Promise\{closure}(true)
#12 E:\xampp73\htdocs\filecroco\loader\vendor\guzzlehttp\promises\src\Promise.php(223): GuzzleHttp\Promise\Promise->invokeWaitFn()
#13 E:\xampp73\htdocs\filecroco\loader\vendor\guzzlehttp\promises\src\Promise.php(62): GuzzleHttp\Promise\Promise->waitIfPending()
#14 E:\xampp73\htdocs\filecroco\loader\updatedownloadlink.php(95): GuzzleHttp\Promise\Promise->wait()
#15 {main}|818GuzzleHttp\Exception\RequestException: cURL error 56:  (see http://curl.haxx.se/libcurl/c/libcurl-errors.html) in E:\xampp73\htdocs\filecroco\loader\vendor\guzzlehttp\guzzle\src\Handler\CurlFactory.php:186
Stack trace:
#0 E:\xampp73\htdocs\filecroco\loader\vendor\guzzlehttp\guzzle\src\Handler\CurlFactory.php(149): GuzzleHttp\Handler\CurlFactory::createRejection(Object(GuzzleHttp\Handler\EasyHandle), Array)
#1 E:\xampp73\htdocs\filecroco\loader\vendor\guzzlehttp\guzzle\src\Handler\CurlFactory.php(102): GuzzleHttp\Handler\CurlFactory::finishError(Object(GuzzleHttp\Handler\CurlMultiHandler), Object(GuzzleHttp\Handler\EasyHandle), Object(GuzzleHttp\Handler\CurlFactory))
#2 E:\xampp73\htdocs\filecroco\loader\vendor\guzzlehttp\guzzle\src\Handler\CurlMultiHandler.php(181): GuzzleHttp\Handler\CurlFactory::finish(Object(GuzzleHttp\Handler\CurlMultiHandler), Object(GuzzleHttp\Handler\EasyHandle), Object(GuzzleHttp\Handler\CurlFactory))
#3 E:\xampp73\htdocs\filecroco\loader\vendor\guzzlehttp\guzzle\src\Handler\CurlMultiHandler.php(110): GuzzleHttp\Handler\CurlMultiHandler->processMessages()
#4 E:\xampp73\htdocs\filecroco\loader\vendor\guzzlehttp\guzzle\src\Handler\CurlMultiHandler.php(125): GuzzleHttp\Handler\CurlMultiHandler->tick()
#5 E:\xampp73\htdocs\filecroco\loader\vendor\guzzlehttp\promises\src\Promise.php(246): GuzzleHttp\Handler\CurlMultiHandler->execute(true)
#6 E:\xampp73\htdocs\filecroco\loader\vendor\guzzlehttp\promises\src\Promise.php(223): GuzzleHttp\Promise\Promise->invokeWaitFn()
#7 E:\xampp73\htdocs\filecroco\loader\vendor\guzzlehttp\promises\src\Promise.php(267): GuzzleHttp\Promise\Promise->waitIfPending()
#8 E:\xampp73\htdocs\filecroco\loader\vendor\guzzlehttp\promises\src\Promise.php(225): GuzzleHttp\Promise\Promise->invokeWaitList()
#9 E:\xampp73\htdocs\filecroco\loader\vendor\guzzlehttp\promises\src\Promise.php(62): GuzzleHttp\Promise\Promise->waitIfPending()
#10 E:\xampp73\htdocs\filecroco\loader\vendor\guzzlehttp\promises\src\EachPromise.php(101): GuzzleHttp\Promise\Promise->wait()
#11 E:\xampp73\htdocs\filecroco\loader\vendor\guzzlehttp\promises\src\Promise.php(246): GuzzleHttp\Promise\EachPromise->GuzzleHttp\Promise\{closure}(true)
#12 E:\xampp73\htdocs\filecroco\loader\vendor\guzzlehttp\promises\src\Promise.php(223): GuzzleHttp\Promise\Promise->invokeWaitFn()
#13 E:\xampp73\htdocs\filecroco\loader\vendor\guzzlehttp\promises\src\Promise.php(62): GuzzleHttp\Promise\Promise->waitIfPending()
#14 E:\xampp73\htdocs\filecroco\loader\updatedownloadlink.php(95): GuzzleHttp\Promise\Promise->wait()
#15 {main}|819GuzzleHttp\Exception\RequestException: cURL error 56:  (see http://curl.haxx.se/libcurl/c/libcurl-errors.html) in E:\xampp73\htdocs\filecroco\loader\vendor\guzzlehttp\guzzle\src\Handler\CurlFactory.php:186
Stack trace:
#0 E:\xampp73\htdocs\filecroco\loader\vendor\guzzlehttp\guzzle\src\Handler\CurlFactory.php(149): GuzzleHttp\Handler\CurlFactory::createRejection(Object(GuzzleHttp\Handler\EasyHandle), Array)
#1 E:\xampp73\htdocs\filecroco\loader\vendor\guzzlehttp\guzzle\src\Handler\CurlFactory.php(102): GuzzleHttp\Handler\CurlFactory::finishError(Object(GuzzleHttp\Handler\CurlMultiHandler), Object(GuzzleHttp\Handler\EasyHandle), Object(GuzzleHttp\Handler\CurlFactory))
#2 E:\xampp73\htdocs\filecroco\loader\vendor\guzzlehttp\guzzle\src\Handler\CurlMultiHandler.php(181): GuzzleHttp\Handler\CurlFactory::finish(Object(GuzzleHttp\Handler\CurlMultiHandler), Object(GuzzleHttp\Handler\EasyHandle), Object(GuzzleHttp\Handler\CurlFactory))
#3 E:\xampp73\htdocs\filecroco\loader\vendor\guzzlehttp\guzzle\src\Handler\CurlMultiHandler.php(110): GuzzleHttp\Handler\CurlMultiHandler->processMessages()
#4 E:\xampp73\htdocs\filecroco\loader\vendor\guzzlehttp\guzzle\src\Handler\CurlMultiHandler.php(125): GuzzleHttp\Handler\CurlMultiHandler->tick()
#5 E:\xampp73\htdocs\filecroco\loader\vendor\guzzlehttp\promises\src\Promise.php(246): GuzzleHttp\Handler\CurlMultiHandler->execute(true)
#6 E:\xampp73\htdocs\filecroco\loader\vendor\guzzlehttp\promises\src\Promise.php(223): GuzzleHttp\Promise\Promise->invokeWaitFn()
#7 E:\xampp73\htdocs\filecroco\loader\vendor\guzzlehttp\promises\src\Promise.php(267): GuzzleHttp\Promise\Promise->waitIfPending()
#8 E:\xampp73\htdocs\filecroco\loader\vendor\guzzlehttp\promises\src\Promise.php(225): GuzzleHttp\Promise\Promise->invokeWaitList()
#9 E:\xampp73\htdocs\filecroco\loader\vendor\guzzlehttp\promises\src\Promise.php(62): GuzzleHttp\Promise\Promise->waitIfPending()
#10 E:\xampp73\htdocs\filecroco\loader\vendor\guzzlehttp\promises\src\EachPromise.php(101): GuzzleHttp\Promise\Promise->wait()
#11 E:\xampp73\htdocs\filecroco\loader\vendor\guzzlehttp\promises\src\Promise.php(246): GuzzleHttp\Promise\EachPromise->GuzzleHttp\Promise\{closure}(true)
#12 E:\xampp73\htdocs\filecroco\loader\vendor\guzzlehttp\promises\src\Promise.php(223): GuzzleHttp\Promise\Promise->invokeWaitFn()
#13 E:\xampp73\htdocs\filecroco\loader\vendor\guzzlehttp\promises\src\Promise.php(62): GuzzleHttp\Promise\Promise->waitIfPending()
#14 E:\xampp73\htdocs\filecroco\loader\updatedownloadlink.php(95): GuzzleHttp\Promise\Promise->wait()
#15 {main}|820GuzzleHttp\Exception\RequestException: cURL error 56:  (see http://curl.haxx.se/libcurl/c/libcurl-errors.html) in E:\xampp73\htdocs\filecroco\loader\vendor\guzzlehttp\guzzle\src\Handler\CurlFactory.php:186
Stack trace:
#0 E:\xampp73\htdocs\filecroco\loader\vendor\guzzlehttp\guzzle\src\Handler\CurlFactory.php(149): GuzzleHttp\Handler\CurlFactory::createRejection(Object(GuzzleHttp\Handler\EasyHandle), Array)
#1 E:\xampp73\htdocs\filecroco\loader\vendor\guzzlehttp\guzzle\src\Handler\CurlFactory.php(102): GuzzleHttp\Handler\CurlFactory::finishError(Object(GuzzleHttp\Handler\CurlMultiHandler), Object(GuzzleHttp\Handler\EasyHandle), Object(GuzzleHttp\Handler\CurlFactory))
#2 E:\xampp73\htdocs\filecroco\loader\vendor\guzzlehttp\guzzle\src\Handler\CurlMultiHandler.php(181): GuzzleHttp\Handler\CurlFactory::finish(Object(GuzzleHttp\Handler\CurlMultiHandler), Object(GuzzleHttp\Handler\EasyHandle), Object(GuzzleHttp\Handler\CurlFactory))
#3 E:\xampp73\htdocs\filecroco\loader\vendor\guzzlehttp\guzzle\src\Handler\CurlMultiHandler.php(110): GuzzleHttp\Handler\CurlMultiHandler->processMessages()
#4 E:\xampp73\htdocs\filecroco\loader\vendor\guzzlehttp\guzzle\src\Handler\CurlMultiHandler.php(125): GuzzleHttp\Handler\CurlMultiHandler->tick()
#5 E:\xampp73\htdocs\filecroco\loader\vendor\guzzlehttp\promises\src\Promise.php(246): GuzzleHttp\Handler\CurlMultiHandler->execute(true)
#6 E:\xampp73\htdocs\filecroco\loader\vendor\guzzlehttp\promises\src\Promise.php(223): GuzzleHttp\Promise\Promise->invokeWaitFn()
#7 E:\xampp73\htdocs\filecroco\loader\vendor\guzzlehttp\promises\src\Promise.php(267): GuzzleHttp\Promise\Promise->waitIfPending()
#8 E:\xampp73\htdocs\filecroco\loader\vendor\guzzlehttp\promises\src\Promise.php(225): GuzzleHttp\Promise\Promise->invokeWaitList()
#9 E:\xampp73\htdocs\filecroco\loader\vendor\guzzlehttp\promises\src\Promise.php(62): GuzzleHttp\Promise\Promise->waitIfPending()
#10 E:\xampp73\htdocs\filecroco\loader\vendor\guzzlehttp\promises\src\EachPromise.php(101): GuzzleHttp\Promise\Promise->wait()
#11 E:\xampp73\htdocs\filecroco\loader\vendor\guzzlehttp\promises\src\Promise.php(246): GuzzleHttp\Promise\EachPromise->GuzzleHttp\Promise\{closure}(true)
#12 E:\xampp73\htdocs\filecroco\loader\vendor\guzzlehttp\promises\src\Promise.php(223): GuzzleHttp\Promise\Promise->invokeWaitFn()
#13 E:\xampp73\htdocs\filecroco\loader\vendor\guzzlehttp\promises\src\Promise.php(62): GuzzleHttp\Promise\Promise->waitIfPending()
#14 E:\xampp73\htdocs\filecroco\loader\updatedownloadlink.php(95): GuzzleHttp\Promise\Promise->wait()
#15 {main}|821GuzzleHttp\Exception\RequestException: cURL error 56:  (see http://curl.haxx.se/libcurl/c/libcurl-errors.html) in E:\xampp73\htdocs\filecroco\loader\vendor\guzzlehttp\guzzle\src\Handler\CurlFactory.php:186
Stack trace:
#0 E:\xampp73\htdocs\filecroco\loader\vendor\guzzlehttp\guzzle\src\Handler\CurlFactory.php(149): GuzzleHttp\Handler\CurlFactory::createRejection(Object(GuzzleHttp\Handler\EasyHandle), Array)
#1 E:\xampp73\htdocs\filecroco\loader\vendor\guzzlehttp\guzzle\src\Handler\CurlFactory.php(102): GuzzleHttp\Handler\CurlFactory::finishError(Object(GuzzleHttp\Handler\CurlMultiHandler), Object(GuzzleHttp\Handler\EasyHandle), Object(GuzzleHttp\Handler\CurlFactory))
#2 E:\xampp73\htdocs\filecroco\loader\vendor\guzzlehttp\guzzle\src\Handler\CurlMultiHandler.php(181): GuzzleHttp\Handler\CurlFactory::finish(Object(GuzzleHttp\Handler\CurlMultiHandler), Object(GuzzleHttp\Handler\EasyHandle), Object(GuzzleHttp\Handler\CurlFactory))
#3 E:\xampp73\htdocs\filecroco\loader\vendor\guzzlehttp\guzzle\src\Handler\CurlMultiHandler.php(110): GuzzleHttp\Handler\CurlMultiHandler->processMessages()
#4 E:\xampp73\htdocs\filecroco\loader\vendor\guzzlehttp\guzzle\src\Handler\CurlMultiHandler.php(125): GuzzleHttp\Handler\CurlMultiHandler->tick()
#5 E:\xampp73\htdocs\filecroco\loader\vendor\guzzlehttp\promises\src\Promise.php(246): GuzzleHttp\Handler\CurlMultiHandler->execute(true)
#6 E:\xampp73\htdocs\filecroco\loader\vendor\guzzlehttp\promises\src\Promise.php(223): GuzzleHttp\Promise\Promise->invokeWaitFn()
#7 E:\xampp73\htdocs\filecroco\loader\vendor\guzzlehttp\promises\src\Promise.php(267): GuzzleHttp\Promise\Promise->waitIfPending()
#8 E:\xampp73\htdocs\filecroco\loader\vendor\guzzlehttp\promises\src\Promise.php(225): GuzzleHttp\Promise\Promise->invokeWaitList()
#9 E:\xampp73\htdocs\filecroco\loader\vendor\guzzlehttp\promises\src\Promise.php(62): GuzzleHttp\Promise\Promise->waitIfPending()
#10 E:\xampp73\htdocs\filecroco\loader\vendor\guzzlehttp\promises\src\EachPromise.php(101): GuzzleHttp\Promise\Promise->wait()
#11 E:\xampp73\htdocs\filecroco\loader\vendor\guzzlehttp\promises\src\Promise.php(246): GuzzleHttp\Promise\EachPromise->GuzzleHttp\Promise\{closure}(true)
#12 E:\xampp73\htdocs\filecroco\loader\vendor\guzzlehttp\promises\src\Promise.php(223): GuzzleHttp\Promise\Promise->invokeWaitFn()
#13 E:\xampp73\htdocs\filecroco\loader\vendor\guzzlehttp\promises\src\Promise.php(62): GuzzleHttp\Promise\Promise->waitIfPending()
#14 E:\xampp73\htdocs\filecroco\loader\updatedownloadlink.php(95): GuzzleHttp\Promise\Promise->wait()
#15 {main}|822GuzzleHttp\Exception\RequestException: cURL error 56:  (see http://curl.haxx.se/libcurl/c/libcurl-errors.html) in E:\xampp73\htdocs\filecroco\loader\vendor\guzzlehttp\guzzle\src\Handler\CurlFactory.php:186
Stack trace:
#0 E:\xampp73\htdocs\filecroco\loader\vendor\guzzlehttp\guzzle\src\Handler\CurlFactory.php(149): GuzzleHttp\Handler\CurlFactory::createRejection(Object(GuzzleHttp\Handler\EasyHandle), Array)
#1 E:\xampp73\htdocs\filecroco\loader\vendor\guzzlehttp\guzzle\src\Handler\CurlFactory.php(102): GuzzleHttp\Handler\CurlFactory::finishError(Object(GuzzleHttp\Handler\CurlMultiHandler), Object(GuzzleHttp\Handler\EasyHandle), Object(GuzzleHttp\Handler\CurlFactory))
#2 E:\xampp73\htdocs\filecroco\loader\vendor\guzzlehttp\guzzle\src\Handler\CurlMultiHandler.php(181): GuzzleHttp\Handler\CurlFactory::finish(Object(GuzzleHttp\Handler\CurlMultiHandler), Object(GuzzleHttp\Handler\EasyHandle), Object(GuzzleHttp\Handler\CurlFactory))
#3 E:\xampp73\htdocs\filecroco\loader\vendor\guzzlehttp\guzzle\src\Handler\CurlMultiHandler.php(110): GuzzleHttp\Handler\CurlMultiHandler->processMessages()
#4 E:\xampp73\htdocs\filecroco\loader\vendor\guzzlehttp\guzzle\src\Handler\CurlMultiHandler.php(125): GuzzleHttp\Handler\CurlMultiHandler->tick()
#5 E:\xampp73\htdocs\filecroco\loader\vendor\guzzlehttp\promises\src\Promise.php(246): GuzzleHttp\Handler\CurlMultiHandler->execute(true)
#6 E:\xampp73\htdocs\filecroco\loader\vendor\guzzlehttp\promises\src\Promise.php(223): GuzzleHttp\Promise\Promise->invokeWaitFn()
#7 E:\xampp73\htdocs\filecroco\loader\vendor\guzzlehttp\promises\src\Promise.php(267): GuzzleHttp\Promise\Promise->waitIfPending()
#8 E:\xampp73\htdocs\filecroco\loader\vendor\guzzlehttp\promises\src\Promise.php(225): GuzzleHttp\Promise\Promise->invokeWaitList()
#9 E:\xampp73\htdocs\filecroco\loader\vendor\guzzlehttp\promises\src\Promise.php(62): GuzzleHttp\Promise\Promise->waitIfPending()
#10 E:\xampp73\htdocs\filecroco\loader\vendor\guzzlehttp\promises\src\EachPromise.php(101): GuzzleHttp\Promise\Promise->wait()
#11 E:\xampp73\htdocs\filecroco\loader\vendor\guzzlehttp\promises\src\Promise.php(246): GuzzleHttp\Promise\EachPromise->GuzzleHttp\Promise\{closure}(true)
#12 E:\xampp73\htdocs\filecroco\loader\vendor\guzzlehttp\promises\src\Promise.php(223): GuzzleHttp\Promise\Promise->invokeWaitFn()
#13 E:\xampp73\htdocs\filecroco\loader\vendor\guzzlehttp\promises\src\Promise.php(62): GuzzleHttp\Promise\Promise->waitIfPending()
#14 E:\xampp73\htdocs\filecroco\loader\updatedownloadlink.php(95): GuzzleHttp\Promise\Promise->wait()
#15 {main}|823GuzzleHttp\Exception\RequestException: cURL error 56:  (see http://curl.haxx.se/libcurl/c/libcurl-errors.html) in E:\xampp73\htdocs\filecroco\loader\vendor\guzzlehttp\guzzle\src\Handler\CurlFactory.php:186
Stack trace:
#0 E:\xampp73\htdocs\filecroco\loader\vendor\guzzlehttp\guzzle\src\Handler\CurlFactory.php(149): GuzzleHttp\Handler\CurlFactory::createRejection(Object(GuzzleHttp\Handler\EasyHandle), Array)
#1 E:\xampp73\htdocs\filecroco\loader\vendor\guzzlehttp\guzzle\src\Handler\CurlFactory.php(102): GuzzleHttp\Handler\CurlFactory::finishError(Object(GuzzleHttp\Handler\CurlMultiHandler), Object(GuzzleHttp\Handler\EasyHandle), Object(GuzzleHttp\Handler\CurlFactory))
#2 E:\xampp73\htdocs\filecroco\loader\vendor\guzzlehttp\guzzle\src\Handler\CurlMultiHandler.php(181): GuzzleHttp\Handler\CurlFactory::finish(Object(GuzzleHttp\Handler\CurlMultiHandler), Object(GuzzleHttp\Handler\EasyHandle), Object(GuzzleHttp\Handler\CurlFactory))
#3 E:\xampp73\htdocs\filecroco\loader\vendor\guzzlehttp\guzzle\src\Handler\CurlMultiHandler.php(110): GuzzleHttp\Handler\CurlMultiHandler->processMessages()
#4 E:\xampp73\htdocs\filecroco\loader\vendor\guzzlehttp\guzzle\src\Handler\CurlMultiHandler.php(125): GuzzleHttp\Handler\CurlMultiHandler->tick()
#5 E:\xampp73\htdocs\filecroco\loader\vendor\guzzlehttp\promises\src\Promise.php(246): GuzzleHttp\Handler\CurlMultiHandler->execute(true)
#6 E:\xampp73\htdocs\filecroco\loader\vendor\guzzlehttp\promises\src\Promise.php(223): GuzzleHttp\Promise\Promise->invokeWaitFn()
#7 E:\xampp73\htdocs\filecroco\loader\vendor\guzzlehttp\promises\src\Promise.php(267): GuzzleHttp\Promise\Promise->waitIfPending()
#8 E:\xampp73\htdocs\filecroco\loader\vendor\guzzlehttp\promises\src\Promise.php(225): GuzzleHttp\Promise\Promise->invokeWaitList()
#9 E:\xampp73\htdocs\filecroco\loader\vendor\guzzlehttp\promises\src\Promise.php(62): GuzzleHttp\Promise\Promise->waitIfPending()
#10 E:\xampp73\htdocs\filecroco\loader\vendor\guzzlehttp\promises\src\EachPromise.php(101): GuzzleHttp\Promise\Promise->wait()
#11 E:\xampp73\htdocs\filecroco\loader\vendor\guzzlehttp\promises\src\Promise.php(246): GuzzleHttp\Promise\EachPromise->GuzzleHttp\Promise\{closure}(true)
#12 E:\xampp73\htdocs\filecroco\loader\vendor\guzzlehttp\promises\src\Promise.php(223): GuzzleHttp\Promise\Promise->invokeWaitFn()
#13 E:\xampp73\htdocs\filecroco\loader\vendor\guzzlehttp\promises\src\Promise.php(62): GuzzleHttp\Promise\Promise->waitIfPending()
#14 E:\xampp73\htdocs\filecroco\loader\updatedownloadlink.php(95): GuzzleHttp\Promise\Promise->wait()
#15 {main}|824GuzzleHttp\Exception\RequestException: cURL error 56:  (see http://curl.haxx.se/libcurl/c/libcurl-errors.html) in E:\xampp73\htdocs\filecroco\loader\vendor\guzzlehttp\guzzle\src\Handler\CurlFactory.php:186
Stack trace:
#0 E:\xampp73\htdocs\filecroco\loader\vendor\guzzlehttp\guzzle\src\Handler\CurlFactory.php(149): GuzzleHttp\Handler\CurlFactory::createRejection(Object(GuzzleHttp\Handler\EasyHandle), Array)
#1 E:\xampp73\htdocs\filecroco\loader\vendor\guzzlehttp\guzzle\src\Handler\CurlFactory.php(102): GuzzleHttp\Handler\CurlFactory::finishError(Object(GuzzleHttp\Handler\CurlMultiHandler), Object(GuzzleHttp\Handler\EasyHandle), Object(GuzzleHttp\Handler\CurlFactory))
#2 E:\xampp73\htdocs\filecroco\loader\vendor\guzzlehttp\guzzle\src\Handler\CurlMultiHandler.php(181): GuzzleHttp\Handler\CurlFactory::finish(Object(GuzzleHttp\Handler\CurlMultiHandler), Object(GuzzleHttp\Handler\EasyHandle), Object(GuzzleHttp\Handler\CurlFactory))
#3 E:\xampp73\htdocs\filecroco\loader\vendor\guzzlehttp\guzzle\src\Handler\CurlMultiHandler.php(110): GuzzleHttp\Handler\CurlMultiHandler->processMessages()
#4 E:\xampp73\htdocs\filecroco\loader\vendor\guzzlehttp\guzzle\src\Handler\CurlMultiHandler.php(125): GuzzleHttp\Handler\CurlMultiHandler->tick()
#5 E:\xampp73\htdocs\filecroco\loader\vendor\guzzlehttp\promises\src\Promise.php(246): GuzzleHttp\Handler\CurlMultiHandler->execute(true)
#6 E:\xampp73\htdocs\filecroco\loader\vendor\guzzlehttp\promises\src\Promise.php(223): GuzzleHttp\Promise\Promise->invokeWaitFn()
#7 E:\xampp73\htdocs\filecroco\loader\vendor\guzzlehttp\promises\src\Promise.php(267): GuzzleHttp\Promise\Promise->waitIfPending()
#8 E:\xampp73\htdocs\filecroco\loader\vendor\guzzlehttp\promises\src\Promise.php(225): GuzzleHttp\Promise\Promise->invokeWaitList()
#9 E:\xampp73\htdocs\filecroco\loader\vendor\guzzlehttp\promises\src\Promise.php(62): GuzzleHttp\Promise\Promise->waitIfPending()
#10 E:\xampp73\htdocs\filecroco\loader\vendor\guzzlehttp\promises\src\EachPromise.php(101): GuzzleHttp\Promise\Promise->wait()
#11 E:\xampp73\htdocs\filecroco\loader\vendor\guzzlehttp\promises\src\Promise.php(246): GuzzleHttp\Promise\EachPromise->GuzzleHttp\Promise\{closure}(true)
#12 E:\xampp73\htdocs\filecroco\loader\vendor\guzzlehttp\promises\src\Promise.php(223): GuzzleHttp\Promise\Promise->invokeWaitFn()
#13 E:\xampp73\htdocs\filecroco\loader\vendor\guzzlehttp\promises\src\Promise.php(62): GuzzleHttp\Promise\Promise->waitIfPending()
#14 E:\xampp73\htdocs\filecroco\loader\updatedownloadlink.php(95): GuzzleHttp\Promise\Promise->wait()
#15 {main}|825GuzzleHttp\Exception\RequestException: cURL error 56:  (see http://curl.haxx.se/libcurl/c/libcurl-errors.html) in E:\xampp73\htdocs\filecroco\loader\vendor\guzzlehttp\guzzle\src\Handler\CurlFactory.php:186
Stack trace:
#0 E:\xampp73\htdocs\filecroco\loader\vendor\guzzlehttp\guzzle\src\Handler\CurlFactory.php(149): GuzzleHttp\Handler\CurlFactory::createRejection(Object(GuzzleHttp\Handler\EasyHandle), Array)
#1 E:\xampp73\htdocs\filecroco\loader\vendor\guzzlehttp\guzzle\src\Handler\CurlFactory.php(102): GuzzleHttp\Handler\CurlFactory::finishError(Object(GuzzleHttp\Handler\CurlMultiHandler), Object(GuzzleHttp\Handler\EasyHandle), Object(GuzzleHttp\Handler\CurlFactory))
#2 E:\xampp73\htdocs\filecroco\loader\vendor\guzzlehttp\guzzle\src\Handler\CurlMultiHandler.php(181): GuzzleHttp\Handler\CurlFactory::finish(Object(GuzzleHttp\Handler\CurlMultiHandler), Object(GuzzleHttp\Handler\EasyHandle), Object(GuzzleHttp\Handler\CurlFactory))
#3 E:\xampp73\htdocs\filecroco\loader\vendor\guzzlehttp\guzzle\src\Handler\CurlMultiHandler.php(110): GuzzleHttp\Handler\CurlMultiHandler->processMessages()
#4 E:\xampp73\htdocs\filecroco\loader\vendor\guzzlehttp\guzzle\src\Handler\CurlMultiHandler.php(125): GuzzleHttp\Handler\CurlMultiHandler->tick()
#5 E:\xampp73\htdocs\filecroco\loader\vendor\guzzlehttp\promises\src\Promise.php(246): GuzzleHttp\Handler\CurlMultiHandler->execute(true)
#6 E:\xampp73\htdocs\filecroco\loader\vendor\guzzlehttp\promises\src\Promise.php(223): GuzzleHttp\Promise\Promise->invokeWaitFn()
#7 E:\xampp73\htdocs\filecroco\loader\vendor\guzzlehttp\promises\src\Promise.php(267): GuzzleHttp\Promise\Promise->waitIfPending()
#8 E:\xampp73\htdocs\filecroco\loader\vendor\guzzlehttp\promises\src\Promise.php(225): GuzzleHttp\Promise\Promise->invokeWaitList()
#9 E:\xampp73\htdocs\filecroco\loader\vendor\guzzlehttp\promises\src\Promise.php(62): GuzzleHttp\Promise\Promise->waitIfPending()
#10 E:\xampp73\htdocs\filecroco\loader\vendor\guzzlehttp\promises\src\EachPromise.php(101): GuzzleHttp\Promise\Promise->wait()
#11 E:\xampp73\htdocs\filecroco\loader\vendor\guzzlehttp\promises\src\Promise.php(246): GuzzleHttp\Promise\EachPromise->GuzzleHttp\Promise\{closure}(true)
#12 E:\xampp73\htdocs\filecroco\loader\vendor\guzzlehttp\promises\src\Promise.php(223): GuzzleHttp\Promise\Promise->invokeWaitFn()
#13 E:\xampp73\htdocs\filecroco\loader\vendor\guzzlehttp\promises\src\Promise.php(62): GuzzleHttp\Promise\Promise->waitIfPending()
#14 E:\xampp73\htdocs\filecroco\loader\updatedownloadlink.php(95): GuzzleHttp\Promise\Promise->wait()
#15 {main}|826GuzzleHttp\Exception\RequestException: cURL error 56:  (see http://curl.haxx.se/libcurl/c/libcurl-errors.html) in E:\xampp73\htdocs\filecroco\loader\vendor\guzzlehttp\guzzle\src\Handler\CurlFactory.php:186
Stack trace:
#0 E:\xampp73\htdocs\filecroco\loader\vendor\guzzlehttp\guzzle\src\Handler\CurlFactory.php(149): GuzzleHttp\Handler\CurlFactory::createRejection(Object(GuzzleHttp\Handler\EasyHandle), Array)
#1 E:\xampp73\htdocs\filecroco\loader\vendor\guzzlehttp\guzzle\src\Handler\CurlFactory.php(102): GuzzleHttp\Handler\CurlFactory::finishError(Object(GuzzleHttp\Handler\CurlMultiHandler), Object(GuzzleHttp\Handler\EasyHandle), Object(GuzzleHttp\Handler\CurlFactory))
#2 E:\xampp73\htdocs\filecroco\loader\vendor\guzzlehttp\guzzle\src\Handler\CurlMultiHandler.php(181): GuzzleHttp\Handler\CurlFactory::finish(Object(GuzzleHttp\Handler\CurlMultiHandler), Object(GuzzleHttp\Handler\EasyHandle), Object(GuzzleHttp\Handler\CurlFactory))
#3 E:\xampp73\htdocs\filecroco\loader\vendor\guzzlehttp\guzzle\src\Handler\CurlMultiHandler.php(110): GuzzleHttp\Handler\CurlMultiHandler->processMessages()
#4 E:\xampp73\htdocs\filecroco\loader\vendor\guzzlehttp\guzzle\src\Handler\CurlMultiHandler.php(125): GuzzleHttp\Handler\CurlMultiHandler->tick()
#5 E:\xampp73\htdocs\filecroco\loader\vendor\guzzlehttp\promises\src\Promise.php(246): GuzzleHttp\Handler\CurlMultiHandler->execute(true)
#6 E:\xampp73\htdocs\filecroco\loader\vendor\guzzlehttp\promises\src\Promise.php(223): GuzzleHttp\Promise\Promise->invokeWaitFn()
#7 E:\xampp73\htdocs\filecroco\loader\vendor\guzzlehttp\promises\src\Promise.php(267): GuzzleHttp\Promise\Promise->waitIfPending()
#8 E:\xampp73\htdocs\filecroco\loader\vendor\guzzlehttp\promises\src\Promise.php(225): GuzzleHttp\Promise\Promise->invokeWaitList()
#9 E:\xampp73\htdocs\filecroco\loader\vendor\guzzlehttp\promises\src\Promise.php(62): GuzzleHttp\Promise\Promise->waitIfPending()
#10 E:\xampp73\htdocs\filecroco\loader\vendor\guzzlehttp\promises\src\EachPromise.php(101): GuzzleHttp\Promise\Promise->wait()
#11 E:\xampp73\htdocs\filecroco\loader\vendor\guzzlehttp\promises\src\Promise.php(246): GuzzleHttp\Promise\EachPromise->GuzzleHttp\Promise\{closure}(true)
#12 E:\xampp73\htdocs\filecroco\loader\vendor\guzzlehttp\promises\src\Promise.php(223): GuzzleHttp\Promise\Promise->invokeWaitFn()
#13 E:\xampp73\htdocs\filecroco\loader\vendor\guzzlehttp\promises\src\Promise.php(62): GuzzleHttp\Promise\Promise->waitIfPending()
#14 E:\xampp73\htdocs\filecroco\loader\updatedownloadlink.php(95): GuzzleHttp\Promise\Promise->wait()
#15 {main}|827GuzzleHttp\Exception\RequestException: cURL error 56:  (see http://curl.haxx.se/libcurl/c/libcurl-errors.html) in E:\xampp73\htdocs\filecroco\loader\vendor\guzzlehttp\guzzle\src\Handler\CurlFactory.php:186
Stack trace:
#0 E:\xampp73\htdocs\filecroco\loader\vendor\guzzlehttp\guzzle\src\Handler\CurlFactory.php(149): GuzzleHttp\Handler\CurlFactory::createRejection(Object(GuzzleHttp\Handler\EasyHandle), Array)
#1 E:\xampp73\htdocs\filecroco\loader\vendor\guzzlehttp\guzzle\src\Handler\CurlFactory.php(102): GuzzleHttp\Handler\CurlFactory::finishError(Object(GuzzleHttp\Handler\CurlMultiHandler), Object(GuzzleHttp\Handler\EasyHandle), Object(GuzzleHttp\Handler\CurlFactory))
#2 E:\xampp73\htdocs\filecroco\loader\vendor\guzzlehttp\guzzle\src\Handler\CurlMultiHandler.php(181): GuzzleHttp\Handler\CurlFactory::finish(Object(GuzzleHttp\Handler\CurlMultiHandler), Object(GuzzleHttp\Handler\EasyHandle), Object(GuzzleHttp\Handler\CurlFactory))
#3 E:\xampp73\htdocs\filecroco\loader\vendor\guzzlehttp\guzzle\src\Handler\CurlMultiHandler.php(110): GuzzleHttp\Handler\CurlMultiHandler->processMessages()
#4 E:\xampp73\htdocs\filecroco\loader\vendor\guzzlehttp\guzzle\src\Handler\CurlMultiHandler.php(125): GuzzleHttp\Handler\CurlMultiHandler->tick()
#5 E:\xampp73\htdocs\filecroco\loader\vendor\guzzlehttp\promises\src\Promise.php(246): GuzzleHttp\Handler\CurlMultiHandler->execute(true)
#6 E:\xampp73\htdocs\filecroco\loader\vendor\guzzlehttp\promises\src\Promise.php(223): GuzzleHttp\Promise\Promise->invokeWaitFn()
#7 E:\xampp73\htdocs\filecroco\loader\vendor\guzzlehttp\promises\src\Promise.php(267): GuzzleHttp\Promise\Promise->waitIfPending()
#8 E:\xampp73\htdocs\filecroco\loader\vendor\guzzlehttp\promises\src\Promise.php(225): GuzzleHttp\Promise\Promise->invokeWaitList()
#9 E:\xampp73\htdocs\filecroco\loader\vendor\guzzlehttp\promises\src\Promise.php(62): GuzzleHttp\Promise\Promise->waitIfPending()
#10 E:\xampp73\htdocs\filecroco\loader\vendor\guzzlehttp\promises\src\EachPromise.php(101): GuzzleHttp\Promise\Promise->wait()
#11 E:\xampp73\htdocs\filecroco\loader\vendor\guzzlehttp\promises\src\Promise.php(246): GuzzleHttp\Promise\EachPromise->GuzzleHttp\Promise\{closure}(true)
#12 E:\xampp73\htdocs\filecroco\loader\vendor\guzzlehttp\promises\src\Promise.php(223): GuzzleHttp\Promise\Promise->invokeWaitFn()
#13 E:\xampp73\htdocs\filecroco\loader\vendor\guzzlehttp\promises\src\Promise.php(62): GuzzleHttp\Promise\Promise->waitIfPending()
#14 E:\xampp73\htdocs\filecroco\loader\updatedownloadlink.php(95): GuzzleHttp\Promise\Promise->wait()
#15 {main}|828GuzzleHttp\Exception\RequestException: cURL error 56:  (see http://curl.haxx.se/libcurl/c/libcurl-errors.html) in E:\xampp73\htdocs\filecroco\loader\vendor\guzzlehttp\guzzle\src\Handler\CurlFactory.php:186
Stack trace:
#0 E:\xampp73\htdocs\filecroco\loader\vendor\guzzlehttp\guzzle\src\Handler\CurlFactory.php(149): GuzzleHttp\Handler\CurlFactory::createRejection(Object(GuzzleHttp\Handler\EasyHandle), Array)
#1 E:\xampp73\htdocs\filecroco\loader\vendor\guzzlehttp\guzzle\src\Handler\CurlFactory.php(102): GuzzleHttp\Handler\CurlFactory::finishError(Object(GuzzleHttp\Handler\CurlMultiHandler), Object(GuzzleHttp\Handler\EasyHandle), Object(GuzzleHttp\Handler\CurlFactory))
#2 E:\xampp73\htdocs\filecroco\loader\vendor\guzzlehttp\guzzle\src\Handler\CurlMultiHandler.php(181): GuzzleHttp\Handler\CurlFactory::finish(Object(GuzzleHttp\Handler\CurlMultiHandler), Object(GuzzleHttp\Handler\EasyHandle), Object(GuzzleHttp\Handler\CurlFactory))
#3 E:\xampp73\htdocs\filecroco\loader\vendor\guzzlehttp\guzzle\src\Handler\CurlMultiHandler.php(110): GuzzleHttp\Handler\CurlMultiHandler->processMessages()
#4 E:\xampp73\htdocs\filecroco\loader\vendor\guzzlehttp\guzzle\src\Handler\CurlMultiHandler.php(125): GuzzleHttp\Handler\CurlMultiHandler->tick()
#5 E:\xampp73\htdocs\filecroco\loader\vendor\guzzlehttp\promises\src\Promise.php(246): GuzzleHttp\Handler\CurlMultiHandler->execute(true)
#6 E:\xampp73\htdocs\filecroco\loader\vendor\guzzlehttp\promises\src\Promise.php(223): GuzzleHttp\Promise\Promise->invokeWaitFn()
#7 E:\xampp73\htdocs\filecroco\loader\vendor\guzzlehttp\promises\src\Promise.php(267): GuzzleHttp\Promise\Promise->waitIfPending()
#8 E:\xampp73\htdocs\filecroco\loader\vendor\guzzlehttp\promises\src\Promise.php(225): GuzzleHttp\Promise\Promise->invokeWaitList()
#9 E:\xampp73\htdocs\filecroco\loader\vendor\guzzlehttp\promises\src\Promise.php(62): GuzzleHttp\Promise\Promise->waitIfPending()
#10 E:\xampp73\htdocs\filecroco\loader\vendor\guzzlehttp\promises\src\EachPromise.php(101): GuzzleHttp\Promise\Promise->wait()
#11 E:\xampp73\htdocs\filecroco\loader\vendor\guzzlehttp\promises\src\Promise.php(246): GuzzleHttp\Promise\EachPromise->GuzzleHttp\Promise\{closure}(true)
#12 E:\xampp73\htdocs\filecroco\loader\vendor\guzzlehttp\promises\src\Promise.php(223): GuzzleHttp\Promise\Promise->invokeWaitFn()
#13 E:\xampp73\htdocs\filecroco\loader\vendor\guzzlehttp\promises\src\Promise.php(62): GuzzleHttp\Promise\Promise->waitIfPending()
#14 E:\xampp73\htdocs\filecroco\loader\updatedownloadlink.php(95): GuzzleHttp\Promise\Promise->wait()
#15 {main}|829GuzzleHttp\Exception\RequestException: cURL error 56:  (see http://curl.haxx.se/libcurl/c/libcurl-errors.html) in E:\xampp73\htdocs\filecroco\loader\vendor\guzzlehttp\guzzle\src\Handler\CurlFactory.php:186
Stack trace:
#0 E:\xampp73\htdocs\filecroco\loader\vendor\guzzlehttp\guzzle\src\Handler\CurlFactory.php(149): GuzzleHttp\Handler\CurlFactory::createRejection(Object(GuzzleHttp\Handler\EasyHandle), Array)
#1 E:\xampp73\htdocs\filecroco\loader\vendor\guzzlehttp\guzzle\src\Handler\CurlFactory.php(102): GuzzleHttp\Handler\CurlFactory::finishError(Object(GuzzleHttp\Handler\CurlMultiHandler), Object(GuzzleHttp\Handler\EasyHandle), Object(GuzzleHttp\Handler\CurlFactory))
#2 E:\xampp73\htdocs\filecroco\loader\vendor\guzzlehttp\guzzle\src\Handler\CurlMultiHandler.php(181): GuzzleHttp\Handler\CurlFactory::finish(Object(GuzzleHttp\Handler\CurlMultiHandler), Object(GuzzleHttp\Handler\EasyHandle), Object(GuzzleHttp\Handler\CurlFactory))
#3 E:\xampp73\htdocs\filecroco\loader\vendor\guzzlehttp\guzzle\src\Handler\CurlMultiHandler.php(110): GuzzleHttp\Handler\CurlMultiHandler->processMessages()
#4 E:\xampp73\htdocs\filecroco\loader\vendor\guzzlehttp\guzzle\src\Handler\CurlMultiHandler.php(125): GuzzleHttp\Handler\CurlMultiHandler->tick()
#5 E:\xampp73\htdocs\filecroco\loader\vendor\guzzlehttp\promises\src\Promise.php(246): GuzzleHttp\Handler\CurlMultiHandler->execute(true)
#6 E:\xampp73\htdocs\filecroco\loader\vendor\guzzlehttp\promises\src\Promise.php(223): GuzzleHttp\Promise\Promise->invokeWaitFn()
#7 E:\xampp73\htdocs\filecroco\loader\vendor\guzzlehttp\promises\src\Promise.php(267): GuzzleHttp\Promise\Promise->waitIfPending()
#8 E:\xampp73\htdocs\filecroco\loader\vendor\guzzlehttp\promises\src\Promise.php(225): GuzzleHttp\Promise\Promise->invokeWaitList()
#9 E:\xampp73\htdocs\filecroco\loader\vendor\guzzlehttp\promises\src\Promise.php(62): GuzzleHttp\Promise\Promise->waitIfPending()
#10 E:\xampp73\htdocs\filecroco\loader\vendor\guzzlehttp\promises\src\EachPromise.php(101): GuzzleHttp\Promise\Promise->wait()
#11 E:\xampp73\htdocs\filecroco\loader\vendor\guzzlehttp\promises\src\Promise.php(246): GuzzleHttp\Promise\EachPromise->GuzzleHttp\Promise\{closure}(true)
#12 E:\xampp73\htdocs\filecroco\loader\vendor\guzzlehttp\promises\src\Promise.php(223): GuzzleHttp\Promise\Promise->invokeWaitFn()
#13 E:\xampp73\htdocs\filecroco\loader\vendor\guzzlehttp\promises\src\Promise.php(62): GuzzleHttp\Promise\Promise->waitIfPending()
#14 E:\xampp73\htdocs\filecroco\loader\updatedownloadlink.php(95): GuzzleHttp\Promise\Promise->wait()
#15 {main}|830GuzzleHttp\Exception\RequestException: cURL error 56:  (see http://curl.haxx.se/libcurl/c/libcurl-errors.html) in E:\xampp73\htdocs\filecroco\loader\vendor\guzzlehttp\guzzle\src\Handler\CurlFactory.php:186
Stack trace:
#0 E:\xampp73\htdocs\filecroco\loader\vendor\guzzlehttp\guzzle\src\Handler\CurlFactory.php(149): GuzzleHttp\Handler\CurlFactory::createRejection(Object(GuzzleHttp\Handler\EasyHandle), Array)
#1 E:\xampp73\htdocs\filecroco\loader\vendor\guzzlehttp\guzzle\src\Handler\CurlFactory.php(102): GuzzleHttp\Handler\CurlFactory::finishError(Object(GuzzleHttp\Handler\CurlMultiHandler), Object(GuzzleHttp\Handler\EasyHandle), Object(GuzzleHttp\Handler\CurlFactory))
#2 E:\xampp73\htdocs\filecroco\loader\vendor\guzzlehttp\guzzle\src\Handler\CurlMultiHandler.php(181): GuzzleHttp\Handler\CurlFactory::finish(Object(GuzzleHttp\Handler\CurlMultiHandler), Object(GuzzleHttp\Handler\EasyHandle), Object(GuzzleHttp\Handler\CurlFactory))
#3 E:\xampp73\htdocs\filecroco\loader\vendor\guzzlehttp\guzzle\src\Handler\CurlMultiHandler.php(110): GuzzleHttp\Handler\CurlMultiHandler->processMessages()
#4 E:\xampp73\htdocs\filecroco\loader\vendor\guzzlehttp\guzzle\src\Handler\CurlMultiHandler.php(125): GuzzleHttp\Handler\CurlMultiHandler->tick()
#5 E:\xampp73\htdocs\filecroco\loader\vendor\guzzlehttp\promises\src\Promise.php(246): GuzzleHttp\Handler\CurlMultiHandler->execute(true)
#6 E:\xampp73\htdocs\filecroco\loader\vendor\guzzlehttp\promises\src\Promise.php(223): GuzzleHttp\Promise\Promise->invokeWaitFn()
#7 E:\xampp73\htdocs\filecroco\loader\vendor\guzzlehttp\promises\src\Promise.php(267): GuzzleHttp\Promise\Promise->waitIfPending()
#8 E:\xampp73\htdocs\filecroco\loader\vendor\guzzlehttp\promises\src\Promise.php(225): GuzzleHttp\Promise\Promise->invokeWaitList()
#9 E:\xampp73\htdocs\filecroco\loader\vendor\guzzlehttp\promises\src\Promise.php(62): GuzzleHttp\Promise\Promise->waitIfPending()
#10 E:\xampp73\htdocs\filecroco\loader\vendor\guzzlehttp\promises\src\EachPromise.php(101): GuzzleHttp\Promise\Promise->wait()
#11 E:\xampp73\htdocs\filecroco\loader\vendor\guzzlehttp\promises\src\Promise.php(246): GuzzleHttp\Promise\EachPromise->GuzzleHttp\Promise\{closure}(true)
#12 E:\xampp73\htdocs\filecroco\loader\vendor\guzzlehttp\promises\src\Promise.php(223): GuzzleHttp\Promise\Promise->invokeWaitFn()
#13 E:\xampp73\htdocs\filecroco\loader\vendor\guzzlehttp\promises\src\Promise.php(62): GuzzleHttp\Promise\Promise->waitIfPending()
#14 E:\xampp73\htdocs\filecroco\loader\updatedownloadlink.php(95): GuzzleHttp\Promise\Promise->wait()
#15 {main}|831GuzzleHttp\Exception\RequestException: cURL error 56:  (see http://curl.haxx.se/libcurl/c/libcurl-errors.html) in E:\xampp73\htdocs\filecroco\loader\vendor\guzzlehttp\guzzle\src\Handler\CurlFactory.php:186
Stack trace:
#0 E:\xampp73\htdocs\filecroco\loader\vendor\guzzlehttp\guzzle\src\Handler\CurlFactory.php(149): GuzzleHttp\Handler\CurlFactory::createRejection(Object(GuzzleHttp\Handler\EasyHandle), Array)
#1 E:\xampp73\htdocs\filecroco\loader\vendor\guzzlehttp\guzzle\src\Handler\CurlFactory.php(102): GuzzleHttp\Handler\CurlFactory::finishError(Object(GuzzleHttp\Handler\CurlMultiHandler), Object(GuzzleHttp\Handler\EasyHandle), Object(GuzzleHttp\Handler\CurlFactory))
#2 E:\xampp73\htdocs\filecroco\loader\vendor\guzzlehttp\guzzle\src\Handler\CurlMultiHandler.php(181): GuzzleHttp\Handler\CurlFactory::finish(Object(GuzzleHttp\Handler\CurlMultiHandler), Object(GuzzleHttp\Handler\EasyHandle), Object(GuzzleHttp\Handler\CurlFactory))
#3 E:\xampp73\htdocs\filecroco\loader\vendor\guzzlehttp\guzzle\src\Handler\CurlMultiHandler.php(110): GuzzleHttp\Handler\CurlMultiHandler->processMessages()
#4 E:\xampp73\htdocs\filecroco\loader\vendor\guzzlehttp\guzzle\src\Handler\CurlMultiHandler.php(125): GuzzleHttp\Handler\CurlMultiHandler->tick()
#5 E:\xampp73\htdocs\filecroco\loader\vendor\guzzlehttp\promises\src\Promise.php(246): GuzzleHttp\Handler\CurlMultiHandler->execute(true)
#6 E:\xampp73\htdocs\filecroco\loader\vendor\guzzlehttp\promises\src\Promise.php(223): GuzzleHttp\Promise\Promise->invokeWaitFn()
#7 E:\xampp73\htdocs\filecroco\loader\vendor\guzzlehttp\promises\src\Promise.php(267): GuzzleHttp\Promise\Promise->waitIfPending()
#8 E:\xampp73\htdocs\filecroco\loader\vendor\guzzlehttp\promises\src\Promise.php(225): GuzzleHttp\Promise\Promise->invokeWaitList()
#9 E:\xampp73\htdocs\filecroco\loader\vendor\guzzlehttp\promises\src\Promise.php(62): GuzzleHttp\Promise\Promise->waitIfPending()
#10 E:\xampp73\htdocs\filecroco\loader\vendor\guzzlehttp\promises\src\EachPromise.php(101): GuzzleHttp\Promise\Promise->wait()
#11 E:\xampp73\htdocs\filecroco\loader\vendor\guzzlehttp\promises\src\Promise.php(246): GuzzleHttp\Promise\EachPromise->GuzzleHttp\Promise\{closure}(true)
#12 E:\xampp73\htdocs\filecroco\loader\vendor\guzzlehttp\promises\src\Promise.php(223): GuzzleHttp\Promise\Promise->invokeWaitFn()
#13 E:\xampp73\htdocs\filecroco\loader\vendor\guzzlehttp\promises\src\Promise.php(62): GuzzleHttp\Promise\Promise->waitIfPending()
#14 E:\xampp73\htdocs\filecroco\loader\updatedownloadlink.php(95): GuzzleHttp\Promise\Promise->wait()
#15 {main}|832GuzzleHttp\Exception\RequestException: cURL error 56:  (see http://curl.haxx.se/libcurl/c/libcurl-errors.html) in E:\xampp73\htdocs\filecroco\loader\vendor\guzzlehttp\guzzle\src\Handler\CurlFactory.php:186
Stack trace:
#0 E:\xampp73\htdocs\filecroco\loader\vendor\guzzlehttp\guzzle\src\Handler\CurlFactory.php(149): GuzzleHttp\Handler\CurlFactory::createRejection(Object(GuzzleHttp\Handler\EasyHandle), Array)
#1 E:\xampp73\htdocs\filecroco\loader\vendor\guzzlehttp\guzzle\src\Handler\CurlFactory.php(102): GuzzleHttp\Handler\CurlFactory::finishError(Object(GuzzleHttp\Handler\CurlMultiHandler), Object(GuzzleHttp\Handler\EasyHandle), Object(GuzzleHttp\Handler\CurlFactory))
#2 E:\xampp73\htdocs\filecroco\loader\vendor\guzzlehttp\guzzle\src\Handler\CurlMultiHandler.php(181): GuzzleHttp\Handler\CurlFactory::finish(Object(GuzzleHttp\Handler\CurlMultiHandler), Object(GuzzleHttp\Handler\EasyHandle), Object(GuzzleHttp\Handler\CurlFactory))
#3 E:\xampp73\htdocs\filecroco\loader\vendor\guzzlehttp\guzzle\src\Handler\CurlMultiHandler.php(110): GuzzleHttp\Handler\CurlMultiHandler->processMessages()
#4 E:\xampp73\htdocs\filecroco\loader\vendor\guzzlehttp\guzzle\src\Handler\CurlMultiHandler.php(125): GuzzleHttp\Handler\CurlMultiHandler->tick()
#5 E:\xampp73\htdocs\filecroco\loader\vendor\guzzlehttp\promises\src\Promise.php(246): GuzzleHttp\Handler\CurlMultiHandler->execute(true)
#6 E:\xampp73\htdocs\filecroco\loader\vendor\guzzlehttp\promises\src\Promise.php(223): GuzzleHttp\Promise\Promise->invokeWaitFn()
#7 E:\xampp73\htdocs\filecroco\loader\vendor\guzzlehttp\promises\src\Promise.php(267): GuzzleHttp\Promise\Promise->waitIfPending()
#8 E:\xampp73\htdocs\filecroco\loader\vendor\guzzlehttp\promises\src\Promise.php(225): GuzzleHttp\Promise\Promise->invokeWaitList()
#9 E:\xampp73\htdocs\filecroco\loader\vendor\guzzlehttp\promises\src\Promise.php(62): GuzzleHttp\Promise\Promise->waitIfPending()
#10 E:\xampp73\htdocs\filecroco\loader\vendor\guzzlehttp\promises\src\EachPromise.php(101): GuzzleHttp\Promise\Promise->wait()
#11 E:\xampp73\htdocs\filecroco\loader\vendor\guzzlehttp\promises\src\Promise.php(246): GuzzleHttp\Promise\EachPromise->GuzzleHttp\Promise\{closure}(true)
#12 E:\xampp73\htdocs\filecroco\loader\vendor\guzzlehttp\promises\src\Promise.php(223): GuzzleHttp\Promise\Promise->invokeWaitFn()
#13 E:\xampp73\htdocs\filecroco\loader\vendor\guzzlehttp\promises\src\Promise.php(62): GuzzleHttp\Promise\Promise->waitIfPending()
#14 E:\xampp73\htdocs\filecroco\loader\updatedownloadlink.php(95): GuzzleHttp\Promise\Promise->wait()
#15 {main}|833GuzzleHttp\Exception\RequestException: cURL error 56:  (see http://curl.haxx.se/libcurl/c/libcurl-errors.html) in E:\xampp73\htdocs\filecroco\loader\vendor\guzzlehttp\guzzle\src\Handler\CurlFactory.php:186
Stack trace:
#0 E:\xampp73\htdocs\filecroco\loader\vendor\guzzlehttp\guzzle\src\Handler\CurlFactory.php(149): GuzzleHttp\Handler\CurlFactory::createRejection(Object(GuzzleHttp\Handler\EasyHandle), Array)
#1 E:\xampp73\htdocs\filecroco\loader\vendor\guzzlehttp\guzzle\src\Handler\CurlFactory.php(102): GuzzleHttp\Handler\CurlFactory::finishError(Object(GuzzleHttp\Handler\CurlMultiHandler), Object(GuzzleHttp\Handler\EasyHandle), Object(GuzzleHttp\Handler\CurlFactory))
#2 E:\xampp73\htdocs\filecroco\loader\vendor\guzzlehttp\guzzle\src\Handler\CurlMultiHandler.php(181): GuzzleHttp\Handler\CurlFactory::finish(Object(GuzzleHttp\Handler\CurlMultiHandler), Object(GuzzleHttp\Handler\EasyHandle), Object(GuzzleHttp\Handler\CurlFactory))
#3 E:\xampp73\htdocs\filecroco\loader\vendor\guzzlehttp\guzzle\src\Handler\CurlMultiHandler.php(110): GuzzleHttp\Handler\CurlMultiHandler->processMessages()
#4 E:\xampp73\htdocs\filecroco\loader\vendor\guzzlehttp\guzzle\src\Handler\CurlMultiHandler.php(125): GuzzleHttp\Handler\CurlMultiHandler->tick()
#5 E:\xampp73\htdocs\filecroco\loader\vendor\guzzlehttp\promises\src\Promise.php(246): GuzzleHttp\Handler\CurlMultiHandler->execute(true)
#6 E:\xampp73\htdocs\filecroco\loader\vendor\guzzlehttp\promises\src\Promise.php(223): GuzzleHttp\Promise\Promise->invokeWaitFn()
#7 E:\xampp73\htdocs\filecroco\loader\vendor\guzzlehttp\promises\src\Promise.php(267): GuzzleHttp\Promise\Promise->waitIfPending()
#8 E:\xampp73\htdocs\filecroco\loader\vendor\guzzlehttp\promises\src\Promise.php(225): GuzzleHttp\Promise\Promise->invokeWaitList()
#9 E:\xampp73\htdocs\filecroco\loader\vendor\guzzlehttp\promises\src\Promise.php(62): GuzzleHttp\Promise\Promise->waitIfPending()
#10 E:\xampp73\htdocs\filecroco\loader\vendor\guzzlehttp\promises\src\EachPromise.php(101): GuzzleHttp\Promise\Promise->wait()
#11 E:\xampp73\htdocs\filecroco\loader\vendor\guzzlehttp\promises\src\Promise.php(246): GuzzleHttp\Promise\EachPromise->GuzzleHttp\Promise\{closure}(true)
#12 E:\xampp73\htdocs\filecroco\loader\vendor\guzzlehttp\promises\src\Promise.php(223): GuzzleHttp\Promise\Promise->invokeWaitFn()
#13 E:\xampp73\htdocs\filecroco\loader\vendor\guzzlehttp\promises\src\Promise.php(62): GuzzleHttp\Promise\Promise->waitIfPending()
#14 E:\xampp73\htdocs\filecroco\loader\updatedownloadlink.php(95): GuzzleHttp\Promise\Promise->wait()
#15 {main}|834GuzzleHttp\Exception\RequestException: cURL error 56:  (see http://curl.haxx.se/libcurl/c/libcurl-errors.html) in E:\xampp73\htdocs\filecroco\loader\vendor\guzzlehttp\guzzle\src\Handler\CurlFactory.php:186
Stack trace:
#0 E:\xampp73\htdocs\filecroco\loader\vendor\guzzlehttp\guzzle\src\Handler\CurlFactory.php(149): GuzzleHttp\Handler\CurlFactory::createRejection(Object(GuzzleHttp\Handler\EasyHandle), Array)
#1 E:\xampp73\htdocs\filecroco\loader\vendor\guzzlehttp\guzzle\src\Handler\CurlFactory.php(102): GuzzleHttp\Handler\CurlFactory::finishError(Object(GuzzleHttp\Handler\CurlMultiHandler), Object(GuzzleHttp\Handler\EasyHandle), Object(GuzzleHttp\Handler\CurlFactory))
#2 E:\xampp73\htdocs\filecroco\loader\vendor\guzzlehttp\guzzle\src\Handler\CurlMultiHandler.php(181): GuzzleHttp\Handler\CurlFactory::finish(Object(GuzzleHttp\Handler\CurlMultiHandler), Object(GuzzleHttp\Handler\EasyHandle), Object(GuzzleHttp\Handler\CurlFactory))
#3 E:\xampp73\htdocs\filecroco\loader\vendor\guzzlehttp\guzzle\src\Handler\CurlMultiHandler.php(110): GuzzleHttp\Handler\CurlMultiHandler->processMessages()
#4 E:\xampp73\htdocs\filecroco\loader\vendor\guzzlehttp\guzzle\src\Handler\CurlMultiHandler.php(125): GuzzleHttp\Handler\CurlMultiHandler->tick()
#5 E:\xampp73\htdocs\filecroco\loader\vendor\guzzlehttp\promises\src\Promise.php(246): GuzzleHttp\Handler\CurlMultiHandler->execute(true)
#6 E:\xampp73\htdocs\filecroco\loader\vendor\guzzlehttp\promises\src\Promise.php(223): GuzzleHttp\Promise\Promise->invokeWaitFn()
#7 E:\xampp73\htdocs\filecroco\loader\vendor\guzzlehttp\promises\src\Promise.php(267): GuzzleHttp\Promise\Promise->waitIfPending()
#8 E:\xampp73\htdocs\filecroco\loader\vendor\guzzlehttp\promises\src\Promise.php(225): GuzzleHttp\Promise\Promise->invokeWaitList()
#9 E:\xampp73\htdocs\filecroco\loader\vendor\guzzlehttp\promises\src\Promise.php(62): GuzzleHttp\Promise\Promise->waitIfPending()
#10 E:\xampp73\htdocs\filecroco\loader\vendor\guzzlehttp\promises\src\EachPromise.php(101): GuzzleHttp\Promise\Promise->wait()
#11 E:\xampp73\htdocs\filecroco\loader\vendor\guzzlehttp\promises\src\Promise.php(246): GuzzleHttp\Promise\EachPromise->GuzzleHttp\Promise\{closure}(true)
#12 E:\xampp73\htdocs\filecroco\loader\vendor\guzzlehttp\promises\src\Promise.php(223): GuzzleHttp\Promise\Promise->invokeWaitFn()
#13 E:\xampp73\htdocs\filecroco\loader\vendor\guzzlehttp\promises\src\Promise.php(62): GuzzleHttp\Promise\Promise->waitIfPending()
#14 E:\xampp73\htdocs\filecroco\loader\updatedownloadlink.php(95): GuzzleHttp\Promise\Promise->wait()
#15 {main}|835GuzzleHttp\Exception\RequestException: cURL error 56:  (see http://curl.haxx.se/libcurl/c/libcurl-errors.html) in E:\xampp73\htdocs\filecroco\loader\vendor\guzzlehttp\guzzle\src\Handler\CurlFactory.php:186
Stack trace:
#0 E:\xampp73\htdocs\filecroco\loader\vendor\guzzlehttp\guzzle\src\Handler\CurlFactory.php(149): GuzzleHttp\Handler\CurlFactory::createRejection(Object(GuzzleHttp\Handler\EasyHandle), Array)
#1 E:\xampp73\htdocs\filecroco\loader\vendor\guzzlehttp\guzzle\src\Handler\CurlFactory.php(102): GuzzleHttp\Handler\CurlFactory::finishError(Object(GuzzleHttp\Handler\CurlMultiHandler), Object(GuzzleHttp\Handler\EasyHandle), Object(GuzzleHttp\Handler\CurlFactory))
#2 E:\xampp73\htdocs\filecroco\loader\vendor\guzzlehttp\guzzle\src\Handler\CurlMultiHandler.php(181): GuzzleHttp\Handler\CurlFactory::finish(Object(GuzzleHttp\Handler\CurlMultiHandler), Object(GuzzleHttp\Handler\EasyHandle), Object(GuzzleHttp\Handler\CurlFactory))
#3 E:\xampp73\htdocs\filecroco\loader\vendor\guzzlehttp\guzzle\src\Handler\CurlMultiHandler.php(110): GuzzleHttp\Handler\CurlMultiHandler->processMessages()
#4 E:\xampp73\htdocs\filecroco\loader\vendor\guzzlehttp\guzzle\src\Handler\CurlMultiHandler.php(125): GuzzleHttp\Handler\CurlMultiHandler->tick()
#5 E:\xampp73\htdocs\filecroco\loader\vendor\guzzlehttp\promises\src\Promise.php(246): GuzzleHttp\Handler\CurlMultiHandler->execute(true)
#6 E:\xampp73\htdocs\filecroco\loader\vendor\guzzlehttp\promises\src\Promise.php(223): GuzzleHttp\Promise\Promise->invokeWaitFn()
#7 E:\xampp73\htdocs\filecroco\loader\vendor\guzzlehttp\promises\src\Promise.php(267): GuzzleHttp\Promise\Promise->waitIfPending()
#8 E:\xampp73\htdocs\filecroco\loader\vendor\guzzlehttp\promises\src\Promise.php(225): GuzzleHttp\Promise\Promise->invokeWaitList()
#9 E:\xampp73\htdocs\filecroco\loader\vendor\guzzlehttp\promises\src\Promise.php(62): GuzzleHttp\Promise\Promise->waitIfPending()
#10 E:\xampp73\htdocs\filecroco\loader\vendor\guzzlehttp\promises\src\EachPromise.php(101): GuzzleHttp\Promise\Promise->wait()
#11 E:\xampp73\htdocs\filecroco\loader\vendor\guzzlehttp\promises\src\Promise.php(246): GuzzleHttp\Promise\EachPromise->GuzzleHttp\Promise\{closure}(true)
#12 E:\xampp73\htdocs\filecroco\loader\vendor\guzzlehttp\promises\src\Promise.php(223): GuzzleHttp\Promise\Promise->invokeWaitFn()
#13 E:\xampp73\htdocs\filecroco\loader\vendor\guzzlehttp\promises\src\Promise.php(62): GuzzleHttp\Promise\Promise->waitIfPending()
#14 E:\xampp73\htdocs\filecroco\loader\updatedownloadlink.php(95): GuzzleHttp\Promise\Promise->wait()
#15 {main}|836GuzzleHttp\Exception\RequestException: cURL error 56:  (see http://curl.haxx.se/libcurl/c/libcurl-errors.html) in E:\xampp73\htdocs\filecroco\loader\vendor\guzzlehttp\guzzle\src\Handler\CurlFactory.php:186
Stack trace:
#0 E:\xampp73\htdocs\filecroco\loader\vendor\guzzlehttp\guzzle\src\Handler\CurlFactory.php(149): GuzzleHttp\Handler\CurlFactory::createRejection(Object(GuzzleHttp\Handler\EasyHandle), Array)
#1 E:\xampp73\htdocs\filecroco\loader\vendor\guzzlehttp\guzzle\src\Handler\CurlFactory.php(102): GuzzleHttp\Handler\CurlFactory::finishError(Object(GuzzleHttp\Handler\CurlMultiHandler), Object(GuzzleHttp\Handler\EasyHandle), Object(GuzzleHttp\Handler\CurlFactory))
#2 E:\xampp73\htdocs\filecroco\loader\vendor\guzzlehttp\guzzle\src\Handler\CurlMultiHandler.php(181): GuzzleHttp\Handler\CurlFactory::finish(Object(GuzzleHttp\Handler\CurlMultiHandler), Object(GuzzleHttp\Handler\EasyHandle), Object(GuzzleHttp\Handler\CurlFactory))
#3 E:\xampp73\htdocs\filecroco\loader\vendor\guzzlehttp\guzzle\src\Handler\CurlMultiHandler.php(110): GuzzleHttp\Handler\CurlMultiHandler->processMessages()
#4 E:\xampp73\htdocs\filecroco\loader\vendor\guzzlehttp\guzzle\src\Handler\CurlMultiHandler.php(125): GuzzleHttp\Handler\CurlMultiHandler->tick()
#5 E:\xampp73\htdocs\filecroco\loader\vendor\guzzlehttp\promises\src\Promise.php(246): GuzzleHttp\Handler\CurlMultiHandler->execute(true)
#6 E:\xampp73\htdocs\filecroco\loader\vendor\guzzlehttp\promises\src\Promise.php(223): GuzzleHttp\Promise\Promise->invokeWaitFn()
#7 E:\xampp73\htdocs\filecroco\loader\vendor\guzzlehttp\promises\src\Promise.php(267): GuzzleHttp\Promise\Promise->waitIfPending()
#8 E:\xampp73\htdocs\filecroco\loader\vendor\guzzlehttp\promises\src\Promise.php(225): GuzzleHttp\Promise\Promise->invokeWaitList()
#9 E:\xampp73\htdocs\filecroco\loader\vendor\guzzlehttp\promises\src\Promise.php(62): GuzzleHttp\Promise\Promise->waitIfPending()
#10 E:\xampp73\htdocs\filecroco\loader\vendor\guzzlehttp\promises\src\EachPromise.php(101): GuzzleHttp\Promise\Promise->wait()
#11 E:\xampp73\htdocs\filecroco\loader\vendor\guzzlehttp\promises\src\Promise.php(246): GuzzleHttp\Promise\EachPromise->GuzzleHttp\Promise\{closure}(true)
#12 E:\xampp73\htdocs\filecroco\loader\vendor\guzzlehttp\promises\src\Promise.php(223): GuzzleHttp\Promise\Promise->invokeWaitFn()
#13 E:\xampp73\htdocs\filecroco\loader\vendor\guzzlehttp\promises\src\Promise.php(62): GuzzleHttp\Promise\Promise->waitIfPending()
#14 E:\xampp73\htdocs\filecroco\loader\updatedownloadlink.php(95): GuzzleHttp\Promise\Promise->wait()
#15 {main}|837GuzzleHttp\Exception\RequestException: cURL error 56:  (see http://curl.haxx.se/libcurl/c/libcurl-errors.html) in E:\xampp73\htdocs\filecroco\loader\vendor\guzzlehttp\guzzle\src\Handler\CurlFactory.php:186
Stack trace:
#0 E:\xampp73\htdocs\filecroco\loader\vendor\guzzlehttp\guzzle\src\Handler\CurlFactory.php(149): GuzzleHttp\Handler\CurlFactory::createRejection(Object(GuzzleHttp\Handler\EasyHandle), Array)
#1 E:\xampp73\htdocs\filecroco\loader\vendor\guzzlehttp\guzzle\src\Handler\CurlFactory.php(102): GuzzleHttp\Handler\CurlFactory::finishError(Object(GuzzleHttp\Handler\CurlMultiHandler), Object(GuzzleHttp\Handler\EasyHandle), Object(GuzzleHttp\Handler\CurlFactory))
#2 E:\xampp73\htdocs\filecroco\loader\vendor\guzzlehttp\guzzle\src\Handler\CurlMultiHandler.php(181): GuzzleHttp\Handler\CurlFactory::finish(Object(GuzzleHttp\Handler\CurlMultiHandler), Object(GuzzleHttp\Handler\EasyHandle), Object(GuzzleHttp\Handler\CurlFactory))
#3 E:\xampp73\htdocs\filecroco\loader\vendor\guzzlehttp\guzzle\src\Handler\CurlMultiHandler.php(110): GuzzleHttp\Handler\CurlMultiHandler->processMessages()
#4 E:\xampp73\htdocs\filecroco\loader\vendor\guzzlehttp\guzzle\src\Handler\CurlMultiHandler.php(125): GuzzleHttp\Handler\CurlMultiHandler->tick()
#5 E:\xampp73\htdocs\filecroco\loader\vendor\guzzlehttp\promises\src\Promise.php(246): GuzzleHttp\Handler\CurlMultiHandler->execute(true)
#6 E:\xampp73\htdocs\filecroco\loader\vendor\guzzlehttp\promises\src\Promise.php(223): GuzzleHttp\Promise\Promise->invokeWaitFn()
#7 E:\xampp73\htdocs\filecroco\loader\vendor\guzzlehttp\promises\src\Promise.php(267): GuzzleHttp\Promise\Promise->waitIfPending()
#8 E:\xampp73\htdocs\filecroco\loader\vendor\guzzlehttp\promises\src\Promise.php(225): GuzzleHttp\Promise\Promise->invokeWaitList()
#9 E:\xampp73\htdocs\filecroco\loader\vendor\guzzlehttp\promises\src\Promise.php(62): GuzzleHttp\Promise\Promise->waitIfPending()
#10 E:\xampp73\htdocs\filecroco\loader\vendor\guzzlehttp\promises\src\EachPromise.php(101): GuzzleHttp\Promise\Promise->wait()
#11 E:\xampp73\htdocs\filecroco\loader\vendor\guzzlehttp\promises\src\Promise.php(246): GuzzleHttp\Promise\EachPromise->GuzzleHttp\Promise\{closure}(true)
#12 E:\xampp73\htdocs\filecroco\loader\vendor\guzzlehttp\promises\src\Promise.php(223): GuzzleHttp\Promise\Promise->invokeWaitFn()
#13 E:\xampp73\htdocs\filecroco\loader\vendor\guzzlehttp\promises\src\Promise.php(62): GuzzleHttp\Promise\Promise->waitIfPending()
#14 E:\xampp73\htdocs\filecroco\loader\updatedownloadlink.php(95): GuzzleHttp\Promise\Promise->wait()
#15 {main}|838GuzzleHttp\Exception\RequestException: cURL error 56:  (see http://curl.haxx.se/libcurl/c/libcurl-errors.html) in E:\xampp73\htdocs\filecroco\loader\vendor\guzzlehttp\guzzle\src\Handler\CurlFactory.php:186
Stack trace:
#0 E:\xampp73\htdocs\filecroco\loader\vendor\guzzlehttp\guzzle\src\Handler\CurlFactory.php(149): GuzzleHttp\Handler\CurlFactory::createRejection(Object(GuzzleHttp\Handler\EasyHandle), Array)
#1 E:\xampp73\htdocs\filecroco\loader\vendor\guzzlehttp\guzzle\src\Handler\CurlFactory.php(102): GuzzleHttp\Handler\CurlFactory::finishError(Object(GuzzleHttp\Handler\CurlMultiHandler), Object(GuzzleHttp\Handler\EasyHandle), Object(GuzzleHttp\Handler\CurlFactory))
#2 E:\xampp73\htdocs\filecroco\loader\vendor\guzzlehttp\guzzle\src\Handler\CurlMultiHandler.php(181): GuzzleHttp\Handler\CurlFactory::finish(Object(GuzzleHttp\Handler\CurlMultiHandler), Object(GuzzleHttp\Handler\EasyHandle), Object(GuzzleHttp\Handler\CurlFactory))
#3 E:\xampp73\htdocs\filecroco\loader\vendor\guzzlehttp\guzzle\src\Handler\CurlMultiHandler.php(110): GuzzleHttp\Handler\CurlMultiHandler->processMessages()
#4 E:\xampp73\htdocs\filecroco\loader\vendor\guzzlehttp\guzzle\src\Handler\CurlMultiHandler.php(125): GuzzleHttp\Handler\CurlMultiHandler->tick()
#5 E:\xampp73\htdocs\filecroco\loader\vendor\guzzlehttp\promises\src\Promise.php(246): GuzzleHttp\Handler\CurlMultiHandler->execute(true)
#6 E:\xampp73\htdocs\filecroco\loader\vendor\guzzlehttp\promises\src\Promise.php(223): GuzzleHttp\Promise\Promise->invokeWaitFn()
#7 E:\xampp73\htdocs\filecroco\loader\vendor\guzzlehttp\promises\src\Promise.php(267): GuzzleHttp\Promise\Promise->waitIfPending()
#8 E:\xampp73\htdocs\filecroco\loader\vendor\guzzlehttp\promises\src\Promise.php(225): GuzzleHttp\Promise\Promise->invokeWaitList()
#9 E:\xampp73\htdocs\filecroco\loader\vendor\guzzlehttp\promises\src\Promise.php(62): GuzzleHttp\Promise\Promise->waitIfPending()
#10 E:\xampp73\htdocs\filecroco\loader\vendor\guzzlehttp\promises\src\EachPromise.php(101): GuzzleHttp\Promise\Promise->wait()
#11 E:\xampp73\htdocs\filecroco\loader\vendor\guzzlehttp\promises\src\Promise.php(246): GuzzleHttp\Promise\EachPromise->GuzzleHttp\Promise\{closure}(true)
#12 E:\xampp73\htdocs\filecroco\loader\vendor\guzzlehttp\promises\src\Promise.php(223): GuzzleHttp\Promise\Promise->invokeWaitFn()
#13 E:\xampp73\htdocs\filecroco\loader\vendor\guzzlehttp\promises\src\Promise.php(62): GuzzleHttp\Promise\Promise->waitIfPending()
#14 E:\xampp73\htdocs\filecroco\loader\updatedownloadlink.php(95): GuzzleHttp\Promise\Promise->wait()
#15 {main}|839GuzzleHttp\Exception\RequestException: cURL error 56:  (see http://curl.haxx.se/libcurl/c/libcurl-errors.html) in E:\xampp73\htdocs\filecroco\loader\vendor\guzzlehttp\guzzle\src\Handler\CurlFactory.php:186
Stack trace:
#0 E:\xampp73\htdocs\filecroco\loader\vendor\guzzlehttp\guzzle\src\Handler\CurlFactory.php(149): GuzzleHttp\Handler\CurlFactory::createRejection(Object(GuzzleHttp\Handler\EasyHandle), Array)
#1 E:\xampp73\htdocs\filecroco\loader\vendor\guzzlehttp\guzzle\src\Handler\CurlFactory.php(102): GuzzleHttp\Handler\CurlFactory::finishError(Object(GuzzleHttp\Handler\CurlMultiHandler), Object(GuzzleHttp\Handler\EasyHandle), Object(GuzzleHttp\Handler\CurlFactory))
#2 E:\xampp73\htdocs\filecroco\loader\vendor\guzzlehttp\guzzle\src\Handler\CurlMultiHandler.php(181): GuzzleHttp\Handler\CurlFactory::finish(Object(GuzzleHttp\Handler\CurlMultiHandler), Object(GuzzleHttp\Handler\EasyHandle), Object(GuzzleHttp\Handler\CurlFactory))
#3 E:\xampp73\htdocs\filecroco\loader\vendor\guzzlehttp\guzzle\src\Handler\CurlMultiHandler.php(110): GuzzleHttp\Handler\CurlMultiHandler->processMessages()
#4 E:\xampp73\htdocs\filecroco\loader\vendor\guzzlehttp\guzzle\src\Handler\CurlMultiHandler.php(125): GuzzleHttp\Handler\CurlMultiHandler->tick()
#5 E:\xampp73\htdocs\filecroco\loader\vendor\guzzlehttp\promises\src\Promise.php(246): GuzzleHttp\Handler\CurlMultiHandler->execute(true)
#6 E:\xampp73\htdocs\filecroco\loader\vendor\guzzlehttp\promises\src\Promise.php(223): GuzzleHttp\Promise\Promise->invokeWaitFn()
#7 E:\xampp73\htdocs\filecroco\loader\vendor\guzzlehttp\promises\src\Promise.php(267): GuzzleHttp\Promise\Promise->waitIfPending()
#8 E:\xampp73\htdocs\filecroco\loader\vendor\guzzlehttp\promises\src\Promise.php(225): GuzzleHttp\Promise\Promise->invokeWaitList()
#9 E:\xampp73\htdocs\filecroco\loader\vendor\guzzlehttp\promises\src\Promise.php(62): GuzzleHttp\Promise\Promise->waitIfPending()
#10 E:\xampp73\htdocs\filecroco\loader\vendor\guzzlehttp\promises\src\EachPromise.php(101): GuzzleHttp\Promise\Promise->wait()
#11 E:\xampp73\htdocs\filecroco\loader\vendor\guzzlehttp\promises\src\Promise.php(246): GuzzleHttp\Promise\EachPromise->GuzzleHttp\Promise\{closure}(true)
#12 E:\xampp73\htdocs\filecroco\loader\vendor\guzzlehttp\promises\src\Promise.php(223): GuzzleHttp\Promise\Promise->invokeWaitFn()
#13 E:\xampp73\htdocs\filecroco\loader\vendor\guzzlehttp\promises\src\Promise.php(62): GuzzleHttp\Promise\Promise->waitIfPending()
#14 E:\xampp73\htdocs\filecroco\loader\updatedownloadlink.php(95): GuzzleHttp\Promise\Promise->wait()
#15 {main}|840GuzzleHttp\Exception\RequestException: cURL error 56:  (see http://curl.haxx.se/libcurl/c/libcurl-errors.html) in E:\xampp73\htdocs\filecroco\loader\vendor\guzzlehttp\guzzle\src\Handler\CurlFactory.php:186
Stack trace:
#0 E:\xampp73\htdocs\filecroco\loader\vendor\guzzlehttp\guzzle\src\Handler\CurlFactory.php(149): GuzzleHttp\Handler\CurlFactory::createRejection(Object(GuzzleHttp\Handler\EasyHandle), Array)
#1 E:\xampp73\htdocs\filecroco\loader\vendor\guzzlehttp\guzzle\src\Handler\CurlFactory.php(102): GuzzleHttp\Handler\CurlFactory::finishError(Object(GuzzleHttp\Handler\CurlMultiHandler), Object(GuzzleHttp\Handler\EasyHandle), Object(GuzzleHttp\Handler\CurlFactory))
#2 E:\xampp73\htdocs\filecroco\loader\vendor\guzzlehttp\guzzle\src\Handler\CurlMultiHandler.php(181): GuzzleHttp\Handler\CurlFactory::finish(Object(GuzzleHttp\Handler\CurlMultiHandler), Object(GuzzleHttp\Handler\EasyHandle), Object(GuzzleHttp\Handler\CurlFactory))
#3 E:\xampp73\htdocs\filecroco\loader\vendor\guzzlehttp\guzzle\src\Handler\CurlMultiHandler.php(110): GuzzleHttp\Handler\CurlMultiHandler->processMessages()
#4 E:\xampp73\htdocs\filecroco\loader\vendor\guzzlehttp\guzzle\src\Handler\CurlMultiHandler.php(125): GuzzleHttp\Handler\CurlMultiHandler->tick()
#5 E:\xampp73\htdocs\filecroco\loader\vendor\guzzlehttp\promises\src\Promise.php(246): GuzzleHttp\Handler\CurlMultiHandler->execute(true)
#6 E:\xampp73\htdocs\filecroco\loader\vendor\guzzlehttp\promises\src\Promise.php(223): GuzzleHttp\Promise\Promise->invokeWaitFn()
#7 E:\xampp73\htdocs\filecroco\loader\vendor\guzzlehttp\promises\src\Promise.php(267): GuzzleHttp\Promise\Promise->waitIfPending()
#8 E:\xampp73\htdocs\filecroco\loader\vendor\guzzlehttp\promises\src\Promise.php(225): GuzzleHttp\Promise\Promise->invokeWaitList()
#9 E:\xampp73\htdocs\filecroco\loader\vendor\guzzlehttp\promises\src\Promise.php(62): GuzzleHttp\Promise\Promise->waitIfPending()
#10 E:\xampp73\htdocs\filecroco\loader\vendor\guzzlehttp\promises\src\EachPromise.php(101): GuzzleHttp\Promise\Promise->wait()
#11 E:\xampp73\htdocs\filecroco\loader\vendor\guzzlehttp\promises\src\Promise.php(246): GuzzleHttp\Promise\EachPromise->GuzzleHttp\Promise\{closure}(true)
#12 E:\xampp73\htdocs\filecroco\loader\vendor\guzzlehttp\promises\src\Promise.php(223): GuzzleHttp\Promise\Promise->invokeWaitFn()
#13 E:\xampp73\htdocs\filecroco\loader\vendor\guzzlehttp\promises\src\Promise.php(62): GuzzleHttp\Promise\Promise->waitIfPending()
#14 E:\xampp73\htdocs\filecroco\loader\updatedownloadlink.php(95): GuzzleHttp\Promise\Promise->wait()
#15 {main}|841GuzzleHttp\Exception\RequestException: cURL error 56:  (see http://curl.haxx.se/libcurl/c/libcurl-errors.html) in E:\xampp73\htdocs\filecroco\loader\vendor\guzzlehttp\guzzle\src\Handler\CurlFactory.php:186
Stack trace:
#0 E:\xampp73\htdocs\filecroco\loader\vendor\guzzlehttp\guzzle\src\Handler\CurlFactory.php(149): GuzzleHttp\Handler\CurlFactory::createRejection(Object(GuzzleHttp\Handler\EasyHandle), Array)
#1 E:\xampp73\htdocs\filecroco\loader\vendor\guzzlehttp\guzzle\src\Handler\CurlFactory.php(102): GuzzleHttp\Handler\CurlFactory::finishError(Object(GuzzleHttp\Handler\CurlMultiHandler), Object(GuzzleHttp\Handler\EasyHandle), Object(GuzzleHttp\Handler\CurlFactory))
#2 E:\xampp73\htdocs\filecroco\loader\vendor\guzzlehttp\guzzle\src\Handler\CurlMultiHandler.php(181): GuzzleHttp\Handler\CurlFactory::finish(Object(GuzzleHttp\Handler\CurlMultiHandler), Object(GuzzleHttp\Handler\EasyHandle), Object(GuzzleHttp\Handler\CurlFactory))
#3 E:\xampp73\htdocs\filecroco\loader\vendor\guzzlehttp\guzzle\src\Handler\CurlMultiHandler.php(110): GuzzleHttp\Handler\CurlMultiHandler->processMessages()
#4 E:\xampp73\htdocs\filecroco\loader\vendor\guzzlehttp\guzzle\src\Handler\CurlMultiHandler.php(125): GuzzleHttp\Handler\CurlMultiHandler->tick()
#5 E:\xampp73\htdocs\filecroco\loader\vendor\guzzlehttp\promises\src\Promise.php(246): GuzzleHttp\Handler\CurlMultiHandler->execute(true)
#6 E:\xampp73\htdocs\filecroco\loader\vendor\guzzlehttp\promises\src\Promise.php(223): GuzzleHttp\Promise\Promise->invokeWaitFn()
#7 E:\xampp73\htdocs\filecroco\loader\vendor\guzzlehttp\promises\src\Promise.php(267): GuzzleHttp\Promise\Promise->waitIfPending()
#8 E:\xampp73\htdocs\filecroco\loader\vendor\guzzlehttp\promises\src\Promise.php(225): GuzzleHttp\Promise\Promise->invokeWaitList()
#9 E:\xampp73\htdocs\filecroco\loader\vendor\guzzlehttp\promises\src\Promise.php(62): GuzzleHttp\Promise\Promise->waitIfPending()
#10 E:\xampp73\htdocs\filecroco\loader\vendor\guzzlehttp\promises\src\EachPromise.php(101): GuzzleHttp\Promise\Promise->wait()
#11 E:\xampp73\htdocs\filecroco\loader\vendor\guzzlehttp\promises\src\Promise.php(246): GuzzleHttp\Promise\EachPromise->GuzzleHttp\Promise\{closure}(true)
#12 E:\xampp73\htdocs\filecroco\loader\vendor\guzzlehttp\promises\src\Promise.php(223): GuzzleHttp\Promise\Promise->invokeWaitFn()
#13 E:\xampp73\htdocs\filecroco\loader\vendor\guzzlehttp\promises\src\Promise.php(62): GuzzleHttp\Promise\Promise->waitIfPending()
#14 E:\xampp73\htdocs\filecroco\loader\updatedownloadlink.php(95): GuzzleHttp\Promise\Promise->wait()
#15 {main}|842GuzzleHttp\Exception\RequestException: cURL error 56:  (see http://curl.haxx.se/libcurl/c/libcurl-errors.html) in E:\xampp73\htdocs\filecroco\loader\vendor\guzzlehttp\guzzle\src\Handler\CurlFactory.php:186
Stack trace:
#0 E:\xampp73\htdocs\filecroco\loader\vendor\guzzlehttp\guzzle\src\Handler\CurlFactory.php(149): GuzzleHttp\Handler\CurlFactory::createRejection(Object(GuzzleHttp\Handler\EasyHandle), Array)
#1 E:\xampp73\htdocs\filecroco\loader\vendor\guzzlehttp\guzzle\src\Handler\CurlFactory.php(102): GuzzleHttp\Handler\CurlFactory::finishError(Object(GuzzleHttp\Handler\CurlMultiHandler), Object(GuzzleHttp\Handler\EasyHandle), Object(GuzzleHttp\Handler\CurlFactory))
#2 E:\xampp73\htdocs\filecroco\loader\vendor\guzzlehttp\guzzle\src\Handler\CurlMultiHandler.php(181): GuzzleHttp\Handler\CurlFactory::finish(Object(GuzzleHttp\Handler\CurlMultiHandler), Object(GuzzleHttp\Handler\EasyHandle), Object(GuzzleHttp\Handler\CurlFactory))
#3 E:\xampp73\htdocs\filecroco\loader\vendor\guzzlehttp\guzzle\src\Handler\CurlMultiHandler.php(110): GuzzleHttp\Handler\CurlMultiHandler->processMessages()
#4 E:\xampp73\htdocs\filecroco\loader\vendor\guzzlehttp\guzzle\src\Handler\CurlMultiHandler.php(125): GuzzleHttp\Handler\CurlMultiHandler->tick()
#5 E:\xampp73\htdocs\filecroco\loader\vendor\guzzlehttp\promises\src\Promise.php(246): GuzzleHttp\Handler\CurlMultiHandler->execute(true)
#6 E:\xampp73\htdocs\filecroco\loader\vendor\guzzlehttp\promises\src\Promise.php(223): GuzzleHttp\Promise\Promise->invokeWaitFn()
#7 E:\xampp73\htdocs\filecroco\loader\vendor\guzzlehttp\promises\src\Promise.php(267): GuzzleHttp\Promise\Promise->waitIfPending()
#8 E:\xampp73\htdocs\filecroco\loader\vendor\guzzlehttp\promises\src\Promise.php(225): GuzzleHttp\Promise\Promise->invokeWaitList()
#9 E:\xampp73\htdocs\filecroco\loader\vendor\guzzlehttp\promises\src\Promise.php(62): GuzzleHttp\Promise\Promise->waitIfPending()
#10 E:\xampp73\htdocs\filecroco\loader\vendor\guzzlehttp\promises\src\EachPromise.php(101): GuzzleHttp\Promise\Promise->wait()
#11 E:\xampp73\htdocs\filecroco\loader\vendor\guzzlehttp\promises\src\Promise.php(246): GuzzleHttp\Promise\EachPromise->GuzzleHttp\Promise\{closure}(true)
#12 E:\xampp73\htdocs\filecroco\loader\vendor\guzzlehttp\promises\src\Promise.php(223): GuzzleHttp\Promise\Promise->invokeWaitFn()
#13 E:\xampp73\htdocs\filecroco\loader\vendor\guzzlehttp\promises\src\Promise.php(62): GuzzleHttp\Promise\Promise->waitIfPending()
#14 E:\xampp73\htdocs\filecroco\loader\updatedownloadlink.php(95): GuzzleHttp\Promise\Promise->wait()
#15 {main}|843GuzzleHttp\Exception\RequestException: cURL error 56:  (see http://curl.haxx.se/libcurl/c/libcurl-errors.html) in E:\xampp73\htdocs\filecroco\loader\vendor\guzzlehttp\guzzle\src\Handler\CurlFactory.php:186
Stack trace:
#0 E:\xampp73\htdocs\filecroco\loader\vendor\guzzlehttp\guzzle\src\Handler\CurlFactory.php(149): GuzzleHttp\Handler\CurlFactory::createRejection(Object(GuzzleHttp\Handler\EasyHandle), Array)
#1 E:\xampp73\htdocs\filecroco\loader\vendor\guzzlehttp\guzzle\src\Handler\CurlFactory.php(102): GuzzleHttp\Handler\CurlFactory::finishError(Object(GuzzleHttp\Handler\CurlMultiHandler), Object(GuzzleHttp\Handler\EasyHandle), Object(GuzzleHttp\Handler\CurlFactory))
#2 E:\xampp73\htdocs\filecroco\loader\vendor\guzzlehttp\guzzle\src\Handler\CurlMultiHandler.php(181): GuzzleHttp\Handler\CurlFactory::finish(Object(GuzzleHttp\Handler\CurlMultiHandler), Object(GuzzleHttp\Handler\EasyHandle), Object(GuzzleHttp\Handler\CurlFactory))
#3 E:\xampp73\htdocs\filecroco\loader\vendor\guzzlehttp\guzzle\src\Handler\CurlMultiHandler.php(110): GuzzleHttp\Handler\CurlMultiHandler->processMessages()
#4 E:\xampp73\htdocs\filecroco\loader\vendor\guzzlehttp\guzzle\src\Handler\CurlMultiHandler.php(125): GuzzleHttp\Handler\CurlMultiHandler->tick()
#5 E:\xampp73\htdocs\filecroco\loader\vendor\guzzlehttp\promises\src\Promise.php(246): GuzzleHttp\Handler\CurlMultiHandler->execute(true)
#6 E:\xampp73\htdocs\filecroco\loader\vendor\guzzlehttp\promises\src\Promise.php(223): GuzzleHttp\Promise\Promise->invokeWaitFn()
#7 E:\xampp73\htdocs\filecroco\loader\vendor\guzzlehttp\promises\src\Promise.php(267): GuzzleHttp\Promise\Promise->waitIfPending()
#8 E:\xampp73\htdocs\filecroco\loader\vendor\guzzlehttp\promises\src\Promise.php(225): GuzzleHttp\Promise\Promise->invokeWaitList()
#9 E:\xampp73\htdocs\filecroco\loader\vendor\guzzlehttp\promises\src\Promise.php(62): GuzzleHttp\Promise\Promise->waitIfPending()
#10 E:\xampp73\htdocs\filecroco\loader\vendor\guzzlehttp\promises\src\EachPromise.php(101): GuzzleHttp\Promise\Promise->wait()
#11 E:\xampp73\htdocs\filecroco\loader\vendor\guzzlehttp\promises\src\Promise.php(246): GuzzleHttp\Promise\EachPromise->GuzzleHttp\Promise\{closure}(true)
#12 E:\xampp73\htdocs\filecroco\loader\vendor\guzzlehttp\promises\src\Promise.php(223): GuzzleHttp\Promise\Promise->invokeWaitFn()
#13 E:\xampp73\htdocs\filecroco\loader\vendor\guzzlehttp\promises\src\Promise.php(62): GuzzleHttp\Promise\Promise->waitIfPending()
#14 E:\xampp73\htdocs\filecroco\loader\updatedownloadlink.php(95): GuzzleHttp\Promise\Promise->wait()
#15 {main}|844GuzzleHttp\Exception\RequestException: cURL error 56:  (see http://curl.haxx.se/libcurl/c/libcurl-errors.html) in E:\xampp73\htdocs\filecroco\loader\vendor\guzzlehttp\guzzle\src\Handler\CurlFactory.php:186
Stack trace:
#0 E:\xampp73\htdocs\filecroco\loader\vendor\guzzlehttp\guzzle\src\Handler\CurlFactory.php(149): GuzzleHttp\Handler\CurlFactory::createRejection(Object(GuzzleHttp\Handler\EasyHandle), Array)
#1 E:\xampp73\htdocs\filecroco\loader\vendor\guzzlehttp\guzzle\src\Handler\CurlFactory.php(102): GuzzleHttp\Handler\CurlFactory::finishError(Object(GuzzleHttp\Handler\CurlMultiHandler), Object(GuzzleHttp\Handler\EasyHandle), Object(GuzzleHttp\Handler\CurlFactory))
#2 E:\xampp73\htdocs\filecroco\loader\vendor\guzzlehttp\guzzle\src\Handler\CurlMultiHandler.php(181): GuzzleHttp\Handler\CurlFactory::finish(Object(GuzzleHttp\Handler\CurlMultiHandler), Object(GuzzleHttp\Handler\EasyHandle), Object(GuzzleHttp\Handler\CurlFactory))
#3 E:\xampp73\htdocs\filecroco\loader\vendor\guzzlehttp\guzzle\src\Handler\CurlMultiHandler.php(110): GuzzleHttp\Handler\CurlMultiHandler->processMessages()
#4 E:\xampp73\htdocs\filecroco\loader\vendor\guzzlehttp\guzzle\src\Handler\CurlMultiHandler.php(125): GuzzleHttp\Handler\CurlMultiHandler->tick()
#5 E:\xampp73\htdocs\filecroco\loader\vendor\guzzlehttp\promises\src\Promise.php(246): GuzzleHttp\Handler\CurlMultiHandler->execute(true)
#6 E:\xampp73\htdocs\filecroco\loader\vendor\guzzlehttp\promises\src\Promise.php(223): GuzzleHttp\Promise\Promise->invokeWaitFn()
#7 E:\xampp73\htdocs\filecroco\loader\vendor\guzzlehttp\promises\src\Promise.php(267): GuzzleHttp\Promise\Promise->waitIfPending()
#8 E:\xampp73\htdocs\filecroco\loader\vendor\guzzlehttp\promises\src\Promise.php(225): GuzzleHttp\Promise\Promise->invokeWaitList()
#9 E:\xampp73\htdocs\filecroco\loader\vendor\guzzlehttp\promises\src\Promise.php(62): GuzzleHttp\Promise\Promise->waitIfPending()
#10 E:\xampp73\htdocs\filecroco\loader\vendor\guzzlehttp\promises\src\EachPromise.php(101): GuzzleHttp\Promise\Promise->wait()
#11 E:\xampp73\htdocs\filecroco\loader\vendor\guzzlehttp\promises\src\Promise.php(246): GuzzleHttp\Promise\EachPromise->GuzzleHttp\Promise\{closure}(true)
#12 E:\xampp73\htdocs\filecroco\loader\vendor\guzzlehttp\promises\src\Promise.php(223): GuzzleHttp\Promise\Promise->invokeWaitFn()
#13 E:\xampp73\htdocs\filecroco\loader\vendor\guzzlehttp\promises\src\Promise.php(62): GuzzleHttp\Promise\Promise->waitIfPending()
#14 E:\xampp73\htdocs\filecroco\loader\updatedownloadlink.php(95): GuzzleHttp\Promise\Promise->wait()
#15 {main}|845GuzzleHttp\Exception\RequestException: cURL error 56:  (see http://curl.haxx.se/libcurl/c/libcurl-errors.html) in E:\xampp73\htdocs\filecroco\loader\vendor\guzzlehttp\guzzle\src\Handler\CurlFactory.php:186
Stack trace:
#0 E:\xampp73\htdocs\filecroco\loader\vendor\guzzlehttp\guzzle\src\Handler\CurlFactory.php(149): GuzzleHttp\Handler\CurlFactory::createRejection(Object(GuzzleHttp\Handler\EasyHandle), Array)
#1 E:\xampp73\htdocs\filecroco\loader\vendor\guzzlehttp\guzzle\src\Handler\CurlFactory.php(102): GuzzleHttp\Handler\CurlFactory::finishError(Object(GuzzleHttp\Handler\CurlMultiHandler), Object(GuzzleHttp\Handler\EasyHandle), Object(GuzzleHttp\Handler\CurlFactory))
#2 E:\xampp73\htdocs\filecroco\loader\vendor\guzzlehttp\guzzle\src\Handler\CurlMultiHandler.php(181): GuzzleHttp\Handler\CurlFactory::finish(Object(GuzzleHttp\Handler\CurlMultiHandler), Object(GuzzleHttp\Handler\EasyHandle), Object(GuzzleHttp\Handler\CurlFactory))
#3 E:\xampp73\htdocs\filecroco\loader\vendor\guzzlehttp\guzzle\src\Handler\CurlMultiHandler.php(110): GuzzleHttp\Handler\CurlMultiHandler->processMessages()
#4 E:\xampp73\htdocs\filecroco\loader\vendor\guzzlehttp\guzzle\src\Handler\CurlMultiHandler.php(125): GuzzleHttp\Handler\CurlMultiHandler->tick()
#5 E:\xampp73\htdocs\filecroco\loader\vendor\guzzlehttp\promises\src\Promise.php(246): GuzzleHttp\Handler\CurlMultiHandler->execute(true)
#6 E:\xampp73\htdocs\filecroco\loader\vendor\guzzlehttp\promises\src\Promise.php(223): GuzzleHttp\Promise\Promise->invokeWaitFn()
#7 E:\xampp73\htdocs\filecroco\loader\vendor\guzzlehttp\promises\src\Promise.php(267): GuzzleHttp\Promise\Promise->waitIfPending()
#8 E:\xampp73\htdocs\filecroco\loader\vendor\guzzlehttp\promises\src\Promise.php(225): GuzzleHttp\Promise\Promise->invokeWaitList()
#9 E:\xampp73\htdocs\filecroco\loader\vendor\guzzlehttp\promises\src\Promise.php(62): GuzzleHttp\Promise\Promise->waitIfPending()
#10 E:\xampp73\htdocs\filecroco\loader\vendor\guzzlehttp\promises\src\EachPromise.php(101): GuzzleHttp\Promise\Promise->wait()
#11 E:\xampp73\htdocs\filecroco\loader\vendor\guzzlehttp\promises\src\Promise.php(246): GuzzleHttp\Promise\EachPromise->GuzzleHttp\Promise\{closure}(true)
#12 E:\xampp73\htdocs\filecroco\loader\vendor\guzzlehttp\promises\src\Promise.php(223): GuzzleHttp\Promise\Promise->invokeWaitFn()
#13 E:\xampp73\htdocs\filecroco\loader\vendor\guzzlehttp\promises\src\Promise.php(62): GuzzleHttp\Promise\Promise->waitIfPending()
#14 E:\xampp73\htdocs\filecroco\loader\updatedownloadlink.php(95): GuzzleHttp\Promise\Promise->wait()
#15 {main}|846GuzzleHttp\Exception\RequestException: cURL error 56:  (see http://curl.haxx.se/libcurl/c/libcurl-errors.html) in E:\xampp73\htdocs\filecroco\loader\vendor\guzzlehttp\guzzle\src\Handler\CurlFactory.php:186
Stack trace:
#0 E:\xampp73\htdocs\filecroco\loader\vendor\guzzlehttp\guzzle\src\Handler\CurlFactory.php(149): GuzzleHttp\Handler\CurlFactory::createRejection(Object(GuzzleHttp\Handler\EasyHandle), Array)
#1 E:\xampp73\htdocs\filecroco\loader\vendor\guzzlehttp\guzzle\src\Handler\CurlFactory.php(102): GuzzleHttp\Handler\CurlFactory::finishError(Object(GuzzleHttp\Handler\CurlMultiHandler), Object(GuzzleHttp\Handler\EasyHandle), Object(GuzzleHttp\Handler\CurlFactory))
#2 E:\xampp73\htdocs\filecroco\loader\vendor\guzzlehttp\guzzle\src\Handler\CurlMultiHandler.php(181): GuzzleHttp\Handler\CurlFactory::finish(Object(GuzzleHttp\Handler\CurlMultiHandler), Object(GuzzleHttp\Handler\EasyHandle), Object(GuzzleHttp\Handler\CurlFactory))
#3 E:\xampp73\htdocs\filecroco\loader\vendor\guzzlehttp\guzzle\src\Handler\CurlMultiHandler.php(110): GuzzleHttp\Handler\CurlMultiHandler->processMessages()
#4 E:\xampp73\htdocs\filecroco\loader\vendor\guzzlehttp\guzzle\src\Handler\CurlMultiHandler.php(125): GuzzleHttp\Handler\CurlMultiHandler->tick()
#5 E:\xampp73\htdocs\filecroco\loader\vendor\guzzlehttp\promises\src\Promise.php(246): GuzzleHttp\Handler\CurlMultiHandler->execute(true)
#6 E:\xampp73\htdocs\filecroco\loader\vendor\guzzlehttp\promises\src\Promise.php(223): GuzzleHttp\Promise\Promise->invokeWaitFn()
#7 E:\xampp73\htdocs\filecroco\loader\vendor\guzzlehttp\promises\src\Promise.php(267): GuzzleHttp\Promise\Promise->waitIfPending()
#8 E:\xampp73\htdocs\filecroco\loader\vendor\guzzlehttp\promises\src\Promise.php(225): GuzzleHttp\Promise\Promise->invokeWaitList()
#9 E:\xampp73\htdocs\filecroco\loader\vendor\guzzlehttp\promises\src\Promise.php(62): GuzzleHttp\Promise\Promise->waitIfPending()
#10 E:\xampp73\htdocs\filecroco\loader\vendor\guzzlehttp\promises\src\EachPromise.php(101): GuzzleHttp\Promise\Promise->wait()
#11 E:\xampp73\htdocs\filecroco\loader\vendor\guzzlehttp\promises\src\Promise.php(246): GuzzleHttp\Promise\EachPromise->GuzzleHttp\Promise\{closure}(true)
#12 E:\xampp73\htdocs\filecroco\loader\vendor\guzzlehttp\promises\src\Promise.php(223): GuzzleHttp\Promise\Promise->invokeWaitFn()
#13 E:\xampp73\htdocs\filecroco\loader\vendor\guzzlehttp\promises\src\Promise.php(62): GuzzleHttp\Promise\Promise->waitIfPending()
#14 E:\xampp73\htdocs\filecroco\loader\updatedownloadlink.php(95): GuzzleHttp\Promise\Promise->wait()
#15 {main}|847GuzzleHttp\Exception\RequestException: cURL error 56:  (see http://curl.haxx.se/libcurl/c/libcurl-errors.html) in E:\xampp73\htdocs\filecroco\loader\vendor\guzzlehttp\guzzle\src\Handler\CurlFactory.php:186
Stack trace:
#0 E:\xampp73\htdocs\filecroco\loader\vendor\guzzlehttp\guzzle\src\Handler\CurlFactory.php(149): GuzzleHttp\Handler\CurlFactory::createRejection(Object(GuzzleHttp\Handler\EasyHandle), Array)
#1 E:\xampp73\htdocs\filecroco\loader\vendor\guzzlehttp\guzzle\src\Handler\CurlFactory.php(102): GuzzleHttp\Handler\CurlFactory::finishError(Object(GuzzleHttp\Handler\CurlMultiHandler), Object(GuzzleHttp\Handler\EasyHandle), Object(GuzzleHttp\Handler\CurlFactory))
#2 E:\xampp73\htdocs\filecroco\loader\vendor\guzzlehttp\guzzle\src\Handler\CurlMultiHandler.php(181): GuzzleHttp\Handler\CurlFactory::finish(Object(GuzzleHttp\Handler\CurlMultiHandler), Object(GuzzleHttp\Handler\EasyHandle), Object(GuzzleHttp\Handler\CurlFactory))
#3 E:\xampp73\htdocs\filecroco\loader\vendor\guzzlehttp\guzzle\src\Handler\CurlMultiHandler.php(110): GuzzleHttp\Handler\CurlMultiHandler->processMessages()
#4 E:\xampp73\htdocs\filecroco\loader\vendor\guzzlehttp\guzzle\src\Handler\CurlMultiHandler.php(125): GuzzleHttp\Handler\CurlMultiHandler->tick()
#5 E:\xampp73\htdocs\filecroco\loader\vendor\guzzlehttp\promises\src\Promise.php(246): GuzzleHttp\Handler\CurlMultiHandler->execute(true)
#6 E:\xampp73\htdocs\filecroco\loader\vendor\guzzlehttp\promises\src\Promise.php(223): GuzzleHttp\Promise\Promise->invokeWaitFn()
#7 E:\xampp73\htdocs\filecroco\loader\vendor\guzzlehttp\promises\src\Promise.php(267): GuzzleHttp\Promise\Promise->waitIfPending()
#8 E:\xampp73\htdocs\filecroco\loader\vendor\guzzlehttp\promises\src\Promise.php(225): GuzzleHttp\Promise\Promise->invokeWaitList()
#9 E:\xampp73\htdocs\filecroco\loader\vendor\guzzlehttp\promises\src\Promise.php(62): GuzzleHttp\Promise\Promise->waitIfPending()
#10 E:\xampp73\htdocs\filecroco\loader\vendor\guzzlehttp\promises\src\EachPromise.php(101): GuzzleHttp\Promise\Promise->wait()
#11 E:\xampp73\htdocs\filecroco\loader\vendor\guzzlehttp\promises\src\Promise.php(246): GuzzleHttp\Promise\EachPromise->GuzzleHttp\Promise\{closure}(true)
#12 E:\xampp73\htdocs\filecroco\loader\vendor\guzzlehttp\promises\src\Promise.php(223): GuzzleHttp\Promise\Promise->invokeWaitFn()
#13 E:\xampp73\htdocs\filecroco\loader\vendor\guzzlehttp\promises\src\Promise.php(62): GuzzleHttp\Promise\Promise->waitIfPending()
#14 E:\xampp73\htdocs\filecroco\loader\updatedownloadlink.php(95): GuzzleHttp\Promise\Promise->wait()
#15 {main}|848GuzzleHttp\Exception\RequestException: cURL error 56:  (see http://curl.haxx.se/libcurl/c/libcurl-errors.html) in E:\xampp73\htdocs\filecroco\loader\vendor\guzzlehttp\guzzle\src\Handler\CurlFactory.php:186
Stack trace:
#0 E:\xampp73\htdocs\filecroco\loader\vendor\guzzlehttp\guzzle\src\Handler\CurlFactory.php(149): GuzzleHttp\Handler\CurlFactory::createRejection(Object(GuzzleHttp\Handler\EasyHandle), Array)
#1 E:\xampp73\htdocs\filecroco\loader\vendor\guzzlehttp\guzzle\src\Handler\CurlFactory.php(102): GuzzleHttp\Handler\CurlFactory::finishError(Object(GuzzleHttp\Handler\CurlMultiHandler), Object(GuzzleHttp\Handler\EasyHandle), Object(GuzzleHttp\Handler\CurlFactory))
#2 E:\xampp73\htdocs\filecroco\loader\vendor\guzzlehttp\guzzle\src\Handler\CurlMultiHandler.php(181): GuzzleHttp\Handler\CurlFactory::finish(Object(GuzzleHttp\Handler\CurlMultiHandler), Object(GuzzleHttp\Handler\EasyHandle), Object(GuzzleHttp\Handler\CurlFactory))
#3 E:\xampp73\htdocs\filecroco\loader\vendor\guzzlehttp\guzzle\src\Handler\CurlMultiHandler.php(110): GuzzleHttp\Handler\CurlMultiHandler->processMessages()
#4 E:\xampp73\htdocs\filecroco\loader\vendor\guzzlehttp\guzzle\src\Handler\CurlMultiHandler.php(125): GuzzleHttp\Handler\CurlMultiHandler->tick()
#5 E:\xampp73\htdocs\filecroco\loader\vendor\guzzlehttp\promises\src\Promise.php(246): GuzzleHttp\Handler\CurlMultiHandler->execute(true)
#6 E:\xampp73\htdocs\filecroco\loader\vendor\guzzlehttp\promises\src\Promise.php(223): GuzzleHttp\Promise\Promise->invokeWaitFn()
#7 E:\xampp73\htdocs\filecroco\loader\vendor\guzzlehttp\promises\src\Promise.php(267): GuzzleHttp\Promise\Promise->waitIfPending()
#8 E:\xampp73\htdocs\filecroco\loader\vendor\guzzlehttp\promises\src\Promise.php(225): GuzzleHttp\Promise\Promise->invokeWaitList()
#9 E:\xampp73\htdocs\filecroco\loader\vendor\guzzlehttp\promises\src\Promise.php(62): GuzzleHttp\Promise\Promise->waitIfPending()
#10 E:\xampp73\htdocs\filecroco\loader\vendor\guzzlehttp\promises\src\EachPromise.php(101): GuzzleHttp\Promise\Promise->wait()
#11 E:\xampp73\htdocs\filecroco\loader\vendor\guzzlehttp\promises\src\Promise.php(246): GuzzleHttp\Promise\EachPromise->GuzzleHttp\Promise\{closure}(true)
#12 E:\xampp73\htdocs\filecroco\loader\vendor\guzzlehttp\promises\src\Promise.php(223): GuzzleHttp\Promise\Promise->invokeWaitFn()
#13 E:\xampp73\htdocs\filecroco\loader\vendor\guzzlehttp\promises\src\Promise.php(62): GuzzleHttp\Promise\Promise->waitIfPending()
#14 E:\xampp73\htdocs\filecroco\loader\updatedownloadlink.php(95): GuzzleHttp\Promise\Promise->wait()
#15 {main}|849GuzzleHttp\Exception\RequestException: cURL error 56:  (see http://curl.haxx.se/libcurl/c/libcurl-errors.html) in E:\xampp73\htdocs\filecroco\loader\vendor\guzzlehttp\guzzle\src\Handler\CurlFactory.php:186
Stack trace:
#0 E:\xampp73\htdocs\filecroco\loader\vendor\guzzlehttp\guzzle\src\Handler\CurlFactory.php(149): GuzzleHttp\Handler\CurlFactory::createRejection(Object(GuzzleHttp\Handler\EasyHandle), Array)
#1 E:\xampp73\htdocs\filecroco\loader\vendor\guzzlehttp\guzzle\src\Handler\CurlFactory.php(102): GuzzleHttp\Handler\CurlFactory::finishError(Object(GuzzleHttp\Handler\CurlMultiHandler), Object(GuzzleHttp\Handler\EasyHandle), Object(GuzzleHttp\Handler\CurlFactory))
#2 E:\xampp73\htdocs\filecroco\loader\vendor\guzzlehttp\guzzle\src\Handler\CurlMultiHandler.php(181): GuzzleHttp\Handler\CurlFactory::finish(Object(GuzzleHttp\Handler\CurlMultiHandler), Object(GuzzleHttp\Handler\EasyHandle), Object(GuzzleHttp\Handler\CurlFactory))
#3 E:\xampp73\htdocs\filecroco\loader\vendor\guzzlehttp\guzzle\src\Handler\CurlMultiHandler.php(110): GuzzleHttp\Handler\CurlMultiHandler->processMessages()
#4 E:\xampp73\htdocs\filecroco\loader\vendor\guzzlehttp\guzzle\src\Handler\CurlMultiHandler.php(125): GuzzleHttp\Handler\CurlMultiHandler->tick()
#5 E:\xampp73\htdocs\filecroco\loader\vendor\guzzlehttp\promises\src\Promise.php(246): GuzzleHttp\Handler\CurlMultiHandler->execute(true)
#6 E:\xampp73\htdocs\filecroco\loader\vendor\guzzlehttp\promises\src\Promise.php(223): GuzzleHttp\Promise\Promise->invokeWaitFn()
#7 E:\xampp73\htdocs\filecroco\loader\vendor\guzzlehttp\promises\src\Promise.php(267): GuzzleHttp\Promise\Promise->waitIfPending()
#8 E:\xampp73\htdocs\filecroco\loader\vendor\guzzlehttp\promises\src\Promise.php(225): GuzzleHttp\Promise\Promise->invokeWaitList()
#9 E:\xampp73\htdocs\filecroco\loader\vendor\guzzlehttp\promises\src\Promise.php(62): GuzzleHttp\Promise\Promise->waitIfPending()
#10 E:\xampp73\htdocs\filecroco\loader\vendor\guzzlehttp\promises\src\EachPromise.php(101): GuzzleHttp\Promise\Promise->wait()
#11 E:\xampp73\htdocs\filecroco\loader\vendor\guzzlehttp\promises\src\Promise.php(246): GuzzleHttp\Promise\EachPromise->GuzzleHttp\Promise\{closure}(true)
#12 E:\xampp73\htdocs\filecroco\loader\vendor\guzzlehttp\promises\src\Promise.php(223): GuzzleHttp\Promise\Promise->invokeWaitFn()
#13 E:\xampp73\htdocs\filecroco\loader\vendor\guzzlehttp\promises\src\Promise.php(62): GuzzleHttp\Promise\Promise->waitIfPending()
#14 E:\xampp73\htdocs\filecroco\loader\updatedownloadlink.php(95): GuzzleHttp\Promise\Promise->wait()
#15 {main}|850GuzzleHttp\Exception\RequestException: cURL error 56:  (see http://curl.haxx.se/libcurl/c/libcurl-errors.html) in E:\xampp73\htdocs\filecroco\loader\vendor\guzzlehttp\guzzle\src\Handler\CurlFactory.php:186
Stack trace:
#0 E:\xampp73\htdocs\filecroco\loader\vendor\guzzlehttp\guzzle\src\Handler\CurlFactory.php(149): GuzzleHttp\Handler\CurlFactory::createRejection(Object(GuzzleHttp\Handler\EasyHandle), Array)
#1 E:\xampp73\htdocs\filecroco\loader\vendor\guzzlehttp\guzzle\src\Handler\CurlFactory.php(102): GuzzleHttp\Handler\CurlFactory::finishError(Object(GuzzleHttp\Handler\CurlMultiHandler), Object(GuzzleHttp\Handler\EasyHandle), Object(GuzzleHttp\Handler\CurlFactory))
#2 E:\xampp73\htdocs\filecroco\loader\vendor\guzzlehttp\guzzle\src\Handler\CurlMultiHandler.php(181): GuzzleHttp\Handler\CurlFactory::finish(Object(GuzzleHttp\Handler\CurlMultiHandler), Object(GuzzleHttp\Handler\EasyHandle), Object(GuzzleHttp\Handler\CurlFactory))
#3 E:\xampp73\htdocs\filecroco\loader\vendor\guzzlehttp\guzzle\src\Handler\CurlMultiHandler.php(110): GuzzleHttp\Handler\CurlMultiHandler->processMessages()
#4 E:\xampp73\htdocs\filecroco\loader\vendor\guzzlehttp\guzzle\src\Handler\CurlMultiHandler.php(125): GuzzleHttp\Handler\CurlMultiHandler->tick()
#5 E:\xampp73\htdocs\filecroco\loader\vendor\guzzlehttp\promises\src\Promise.php(246): GuzzleHttp\Handler\CurlMultiHandler->execute(true)
#6 E:\xampp73\htdocs\filecroco\loader\vendor\guzzlehttp\promises\src\Promise.php(223): GuzzleHttp\Promise\Promise->invokeWaitFn()
#7 E:\xampp73\htdocs\filecroco\loader\vendor\guzzlehttp\promises\src\Promise.php(267): GuzzleHttp\Promise\Promise->waitIfPending()
#8 E:\xampp73\htdocs\filecroco\loader\vendor\guzzlehttp\promises\src\Promise.php(225): GuzzleHttp\Promise\Promise->invokeWaitList()
#9 E:\xampp73\htdocs\filecroco\loader\vendor\guzzlehttp\promises\src\Promise.php(62): GuzzleHttp\Promise\Promise->waitIfPending()
#10 E:\xampp73\htdocs\filecroco\loader\vendor\guzzlehttp\promises\src\EachPromise.php(101): GuzzleHttp\Promise\Promise->wait()
#11 E:\xampp73\htdocs\filecroco\loader\vendor\guzzlehttp\promises\src\Promise.php(246): GuzzleHttp\Promise\EachPromise->GuzzleHttp\Promise\{closure}(true)
#12 E:\xampp73\htdocs\filecroco\loader\vendor\guzzlehttp\promises\src\Promise.php(223): GuzzleHttp\Promise\Promise->invokeWaitFn()
#13 E:\xampp73\htdocs\filecroco\loader\vendor\guzzlehttp\promises\src\Promise.php(62): GuzzleHttp\Promise\Promise->waitIfPending()
#14 E:\xampp73\htdocs\filecroco\loader\updatedownloadlink.php(95): GuzzleHttp\Promise\Promise->wait()
#15 {main}|851GuzzleHttp\Exception\RequestException: cURL error 56:  (see http://curl.haxx.se/libcurl/c/libcurl-errors.html) in E:\xampp73\htdocs\filecroco\loader\vendor\guzzlehttp\guzzle\src\Handler\CurlFactory.php:186
Stack trace:
#0 E:\xampp73\htdocs\filecroco\loader\vendor\guzzlehttp\guzzle\src\Handler\CurlFactory.php(149): GuzzleHttp\Handler\CurlFactory::createRejection(Object(GuzzleHttp\Handler\EasyHandle), Array)
#1 E:\xampp73\htdocs\filecroco\loader\vendor\guzzlehttp\guzzle\src\Handler\CurlFactory.php(102): GuzzleHttp\Handler\CurlFactory::finishError(Object(GuzzleHttp\Handler\CurlMultiHandler), Object(GuzzleHttp\Handler\EasyHandle), Object(GuzzleHttp\Handler\CurlFactory))
#2 E:\xampp73\htdocs\filecroco\loader\vendor\guzzlehttp\guzzle\src\Handler\CurlMultiHandler.php(181): GuzzleHttp\Handler\CurlFactory::finish(Object(GuzzleHttp\Handler\CurlMultiHandler), Object(GuzzleHttp\Handler\EasyHandle), Object(GuzzleHttp\Handler\CurlFactory))
#3 E:\xampp73\htdocs\filecroco\loader\vendor\guzzlehttp\guzzle\src\Handler\CurlMultiHandler.php(110): GuzzleHttp\Handler\CurlMultiHandler->processMessages()
#4 E:\xampp73\htdocs\filecroco\loader\vendor\guzzlehttp\guzzle\src\Handler\CurlMultiHandler.php(125): GuzzleHttp\Handler\CurlMultiHandler->tick()
#5 E:\xampp73\htdocs\filecroco\loader\vendor\guzzlehttp\promises\src\Promise.php(246): GuzzleHttp\Handler\CurlMultiHandler->execute(true)
#6 E:\xampp73\htdocs\filecroco\loader\vendor\guzzlehttp\promises\src\Promise.php(223): GuzzleHttp\Promise\Promise->invokeWaitFn()
#7 E:\xampp73\htdocs\filecroco\loader\vendor\guzzlehttp\promises\src\Promise.php(267): GuzzleHttp\Promise\Promise->waitIfPending()
#8 E:\xampp73\htdocs\filecroco\loader\vendor\guzzlehttp\promises\src\Promise.php(225): GuzzleHttp\Promise\Promise->invokeWaitList()
#9 E:\xampp73\htdocs\filecroco\loader\vendor\guzzlehttp\promises\src\Promise.php(62): GuzzleHttp\Promise\Promise->waitIfPending()
#10 E:\xampp73\htdocs\filecroco\loader\vendor\guzzlehttp\promises\src\EachPromise.php(101): GuzzleHttp\Promise\Promise->wait()
#11 E:\xampp73\htdocs\filecroco\loader\vendor\guzzlehttp\promises\src\Promise.php(246): GuzzleHttp\Promise\EachPromise->GuzzleHttp\Promise\{closure}(true)
#12 E:\xampp73\htdocs\filecroco\loader\vendor\guzzlehttp\promises\src\Promise.php(223): GuzzleHttp\Promise\Promise->invokeWaitFn()
#13 E:\xampp73\htdocs\filecroco\loader\vendor\guzzlehttp\promises\src\Promise.php(62): GuzzleHttp\Promise\Promise->waitIfPending()
#14 E:\xampp73\htdocs\filecroco\loader\updatedownloadlink.php(95): GuzzleHttp\Promise\Promise->wait()
#15 {main}|852GuzzleHttp\Exception\RequestException: cURL error 56:  (see http://curl.haxx.se/libcurl/c/libcurl-errors.html) in E:\xampp73\htdocs\filecroco\loader\vendor\guzzlehttp\guzzle\src\Handler\CurlFactory.php:186
Stack trace:
#0 E:\xampp73\htdocs\filecroco\loader\vendor\guzzlehttp\guzzle\src\Handler\CurlFactory.php(149): GuzzleHttp\Handler\CurlFactory::createRejection(Object(GuzzleHttp\Handler\EasyHandle), Array)
#1 E:\xampp73\htdocs\filecroco\loader\vendor\guzzlehttp\guzzle\src\Handler\CurlFactory.php(102): GuzzleHttp\Handler\CurlFactory::finishError(Object(GuzzleHttp\Handler\CurlMultiHandler), Object(GuzzleHttp\Handler\EasyHandle), Object(GuzzleHttp\Handler\CurlFactory))
#2 E:\xampp73\htdocs\filecroco\loader\vendor\guzzlehttp\guzzle\src\Handler\CurlMultiHandler.php(181): GuzzleHttp\Handler\CurlFactory::finish(Object(GuzzleHttp\Handler\CurlMultiHandler), Object(GuzzleHttp\Handler\EasyHandle), Object(GuzzleHttp\Handler\CurlFactory))
#3 E:\xampp73\htdocs\filecroco\loader\vendor\guzzlehttp\guzzle\src\Handler\CurlMultiHandler.php(110): GuzzleHttp\Handler\CurlMultiHandler->processMessages()
#4 E:\xampp73\htdocs\filecroco\loader\vendor\guzzlehttp\guzzle\src\Handler\CurlMultiHandler.php(125): GuzzleHttp\Handler\CurlMultiHandler->tick()
#5 E:\xampp73\htdocs\filecroco\loader\vendor\guzzlehttp\promises\src\Promise.php(246): GuzzleHttp\Handler\CurlMultiHandler->execute(true)
#6 E:\xampp73\htdocs\filecroco\loader\vendor\guzzlehttp\promises\src\Promise.php(223): GuzzleHttp\Promise\Promise->invokeWaitFn()
#7 E:\xampp73\htdocs\filecroco\loader\vendor\guzzlehttp\promises\src\Promise.php(267): GuzzleHttp\Promise\Promise->waitIfPending()
#8 E:\xampp73\htdocs\filecroco\loader\vendor\guzzlehttp\promises\src\Promise.php(225): GuzzleHttp\Promise\Promise->invokeWaitList()
#9 E:\xampp73\htdocs\filecroco\loader\vendor\guzzlehttp\promises\src\Promise.php(62): GuzzleHttp\Promise\Promise->waitIfPending()
#10 E:\xampp73\htdocs\filecroco\loader\vendor\guzzlehttp\promises\src\EachPromise.php(101): GuzzleHttp\Promise\Promise->wait()
#11 E:\xampp73\htdocs\filecroco\loader\vendor\guzzlehttp\promises\src\Promise.php(246): GuzzleHttp\Promise\EachPromise->GuzzleHttp\Promise\{closure}(true)
#12 E:\xampp73\htdocs\filecroco\loader\vendor\guzzlehttp\promises\src\Promise.php(223): GuzzleHttp\Promise\Promise->invokeWaitFn()
#13 E:\xampp73\htdocs\filecroco\loader\vendor\guzzlehttp\promises\src\Promise.php(62): GuzzleHttp\Promise\Promise->waitIfPending()
#14 E:\xampp73\htdocs\filecroco\loader\updatedownloadlink.php(95): GuzzleHttp\Promise\Promise->wait()
#15 {main}|853GuzzleHttp\Exception\RequestException: cURL error 56:  (see http://curl.haxx.se/libcurl/c/libcurl-errors.html) in E:\xampp73\htdocs\filecroco\loader\vendor\guzzlehttp\guzzle\src\Handler\CurlFactory.php:186
Stack trace:
#0 E:\xampp73\htdocs\filecroco\loader\vendor\guzzlehttp\guzzle\src\Handler\CurlFactory.php(149): GuzzleHttp\Handler\CurlFactory::createRejection(Object(GuzzleHttp\Handler\EasyHandle), Array)
#1 E:\xampp73\htdocs\filecroco\loader\vendor\guzzlehttp\guzzle\src\Handler\CurlFactory.php(102): GuzzleHttp\Handler\CurlFactory::finishError(Object(GuzzleHttp\Handler\CurlMultiHandler), Object(GuzzleHttp\Handler\EasyHandle), Object(GuzzleHttp\Handler\CurlFactory))
#2 E:\xampp73\htdocs\filecroco\loader\vendor\guzzlehttp\guzzle\src\Handler\CurlMultiHandler.php(181): GuzzleHttp\Handler\CurlFactory::finish(Object(GuzzleHttp\Handler\CurlMultiHandler), Object(GuzzleHttp\Handler\EasyHandle), Object(GuzzleHttp\Handler\CurlFactory))
#3 E:\xampp73\htdocs\filecroco\loader\vendor\guzzlehttp\guzzle\src\Handler\CurlMultiHandler.php(110): GuzzleHttp\Handler\CurlMultiHandler->processMessages()
#4 E:\xampp73\htdocs\filecroco\loader\vendor\guzzlehttp\guzzle\src\Handler\CurlMultiHandler.php(125): GuzzleHttp\Handler\CurlMultiHandler->tick()
#5 E:\xampp73\htdocs\filecroco\loader\vendor\guzzlehttp\promises\src\Promise.php(246): GuzzleHttp\Handler\CurlMultiHandler->execute(true)
#6 E:\xampp73\htdocs\filecroco\loader\vendor\guzzlehttp\promises\src\Promise.php(223): GuzzleHttp\Promise\Promise->invokeWaitFn()
#7 E:\xampp73\htdocs\filecroco\loader\vendor\guzzlehttp\promises\src\Promise.php(267): GuzzleHttp\Promise\Promise->waitIfPending()
#8 E:\xampp73\htdocs\filecroco\loader\vendor\guzzlehttp\promises\src\Promise.php(225): GuzzleHttp\Promise\Promise->invokeWaitList()
#9 E:\xampp73\htdocs\filecroco\loader\vendor\guzzlehttp\promises\src\Promise.php(62): GuzzleHttp\Promise\Promise->waitIfPending()
#10 E:\xampp73\htdocs\filecroco\loader\vendor\guzzlehttp\promises\src\EachPromise.php(101): GuzzleHttp\Promise\Promise->wait()
#11 E:\xampp73\htdocs\filecroco\loader\vendor\guzzlehttp\promises\src\Promise.php(246): GuzzleHttp\Promise\EachPromise->GuzzleHttp\Promise\{closure}(true)
#12 E:\xampp73\htdocs\filecroco\loader\vendor\guzzlehttp\promises\src\Promise.php(223): GuzzleHttp\Promise\Promise->invokeWaitFn()
#13 E:\xampp73\htdocs\filecroco\loader\vendor\guzzlehttp\promises\src\Promise.php(62): GuzzleHttp\Promise\Promise->waitIfPending()
#14 E:\xampp73\htdocs\filecroco\loader\updatedownloadlink.php(95): GuzzleHttp\Promise\Promise->wait()
#15 {main}|854GuzzleHttp\Exception\RequestException: cURL error 56:  (see http://curl.haxx.se/libcurl/c/libcurl-errors.html) in E:\xampp73\htdocs\filecroco\loader\vendor\guzzlehttp\guzzle\src\Handler\CurlFactory.php:186
Stack trace:
#0 E:\xampp73\htdocs\filecroco\loader\vendor\guzzlehttp\guzzle\src\Handler\CurlFactory.php(149): GuzzleHttp\Handler\CurlFactory::createRejection(Object(GuzzleHttp\Handler\EasyHandle), Array)
#1 E:\xampp73\htdocs\filecroco\loader\vendor\guzzlehttp\guzzle\src\Handler\CurlFactory.php(102): GuzzleHttp\Handler\CurlFactory::finishError(Object(GuzzleHttp\Handler\CurlMultiHandler), Object(GuzzleHttp\Handler\EasyHandle), Object(GuzzleHttp\Handler\CurlFactory))
#2 E:\xampp73\htdocs\filecroco\loader\vendor\guzzlehttp\guzzle\src\Handler\CurlMultiHandler.php(181): GuzzleHttp\Handler\CurlFactory::finish(Object(GuzzleHttp\Handler\CurlMultiHandler), Object(GuzzleHttp\Handler\EasyHandle), Object(GuzzleHttp\Handler\CurlFactory))
#3 E:\xampp73\htdocs\filecroco\loader\vendor\guzzlehttp\guzzle\src\Handler\CurlMultiHandler.php(110): GuzzleHttp\Handler\CurlMultiHandler->processMessages()
#4 E:\xampp73\htdocs\filecroco\loader\vendor\guzzlehttp\guzzle\src\Handler\CurlMultiHandler.php(125): GuzzleHttp\Handler\CurlMultiHandler->tick()
#5 E:\xampp73\htdocs\filecroco\loader\vendor\guzzlehttp\promises\src\Promise.php(246): GuzzleHttp\Handler\CurlMultiHandler->execute(true)
#6 E:\xampp73\htdocs\filecroco\loader\vendor\guzzlehttp\promises\src\Promise.php(223): GuzzleHttp\Promise\Promise->invokeWaitFn()
#7 E:\xampp73\htdocs\filecroco\loader\vendor\guzzlehttp\promises\src\Promise.php(267): GuzzleHttp\Promise\Promise->waitIfPending()
#8 E:\xampp73\htdocs\filecroco\loader\vendor\guzzlehttp\promises\src\Promise.php(225): GuzzleHttp\Promise\Promise->invokeWaitList()
#9 E:\xampp73\htdocs\filecroco\loader\vendor\guzzlehttp\promises\src\Promise.php(62): GuzzleHttp\Promise\Promise->waitIfPending()
#10 E:\xampp73\htdocs\filecroco\loader\vendor\guzzlehttp\promises\src\EachPromise.php(101): GuzzleHttp\Promise\Promise->wait()
#11 E:\xampp73\htdocs\filecroco\loader\vendor\guzzlehttp\promises\src\Promise.php(246): GuzzleHttp\Promise\EachPromise->GuzzleHttp\Promise\{closure}(true)
#12 E:\xampp73\htdocs\filecroco\loader\vendor\guzzlehttp\promises\src\Promise.php(223): GuzzleHttp\Promise\Promise->invokeWaitFn()
#13 E:\xampp73\htdocs\filecroco\loader\vendor\guzzlehttp\promises\src\Promise.php(62): GuzzleHttp\Promise\Promise->waitIfPending()
#14 E:\xampp73\htdocs\filecroco\loader\updatedownloadlink.php(95): GuzzleHttp\Promise\Promise->wait()
#15 {main}|855GuzzleHttp\Exception\RequestException: cURL error 56:  (see http://curl.haxx.se/libcurl/c/libcurl-errors.html) in E:\xampp73\htdocs\filecroco\loader\vendor\guzzlehttp\guzzle\src\Handler\CurlFactory.php:186
Stack trace:
#0 E:\xampp73\htdocs\filecroco\loader\vendor\guzzlehttp\guzzle\src\Handler\CurlFactory.php(149): GuzzleHttp\Handler\CurlFactory::createRejection(Object(GuzzleHttp\Handler\EasyHandle), Array)
#1 E:\xampp73\htdocs\filecroco\loader\vendor\guzzlehttp\guzzle\src\Handler\CurlFactory.php(102): GuzzleHttp\Handler\CurlFactory::finishError(Object(GuzzleHttp\Handler\CurlMultiHandler), Object(GuzzleHttp\Handler\EasyHandle), Object(GuzzleHttp\Handler\CurlFactory))
#2 E:\xampp73\htdocs\filecroco\loader\vendor\guzzlehttp\guzzle\src\Handler\CurlMultiHandler.php(181): GuzzleHttp\Handler\CurlFactory::finish(Object(GuzzleHttp\Handler\CurlMultiHandler), Object(GuzzleHttp\Handler\EasyHandle), Object(GuzzleHttp\Handler\CurlFactory))
#3 E:\xampp73\htdocs\filecroco\loader\vendor\guzzlehttp\guzzle\src\Handler\CurlMultiHandler.php(110): GuzzleHttp\Handler\CurlMultiHandler->processMessages()
#4 E:\xampp73\htdocs\filecroco\loader\vendor\guzzlehttp\guzzle\src\Handler\CurlMultiHandler.php(125): GuzzleHttp\Handler\CurlMultiHandler->tick()
#5 E:\xampp73\htdocs\filecroco\loader\vendor\guzzlehttp\promises\src\Promise.php(246): GuzzleHttp\Handler\CurlMultiHandler->execute(true)
#6 E:\xampp73\htdocs\filecroco\loader\vendor\guzzlehttp\promises\src\Promise.php(223): GuzzleHttp\Promise\Promise->invokeWaitFn()
#7 E:\xampp73\htdocs\filecroco\loader\vendor\guzzlehttp\promises\src\Promise.php(267): GuzzleHttp\Promise\Promise->waitIfPending()
#8 E:\xampp73\htdocs\filecroco\loader\vendor\guzzlehttp\promises\src\Promise.php(225): GuzzleHttp\Promise\Promise->invokeWaitList()
#9 E:\xampp73\htdocs\filecroco\loader\vendor\guzzlehttp\promises\src\Promise.php(62): GuzzleHttp\Promise\Promise->waitIfPending()
#10 E:\xampp73\htdocs\filecroco\loader\vendor\guzzlehttp\promises\src\EachPromise.php(101): GuzzleHttp\Promise\Promise->wait()
#11 E:\xampp73\htdocs\filecroco\loader\vendor\guzzlehttp\promises\src\Promise.php(246): GuzzleHttp\Promise\EachPromise->GuzzleHttp\Promise\{closure}(true)
#12 E:\xampp73\htdocs\filecroco\loader\vendor\guzzlehttp\promises\src\Promise.php(223): GuzzleHttp\Promise\Promise->invokeWaitFn()
#13 E:\xampp73\htdocs\filecroco\loader\vendor\guzzlehttp\promises\src\Promise.php(62): GuzzleHttp\Promise\Promise->waitIfPending()
#14 E:\xampp73\htdocs\filecroco\loader\updatedownloadlink.php(95): GuzzleHttp\Promise\Promise->wait()
#15 {main}|856GuzzleHttp\Exception\RequestException: cURL error 56:  (see http://curl.haxx.se/libcurl/c/libcurl-errors.html) in E:\xampp73\htdocs\filecroco\loader\vendor\guzzlehttp\guzzle\src\Handler\CurlFactory.php:186
Stack trace:
#0 E:\xampp73\htdocs\filecroco\loader\vendor\guzzlehttp\guzzle\src\Handler\CurlFactory.php(149): GuzzleHttp\Handler\CurlFactory::createRejection(Object(GuzzleHttp\Handler\EasyHandle), Array)
#1 E:\xampp73\htdocs\filecroco\loader\vendor\guzzlehttp\guzzle\src\Handler\CurlFactory.php(102): GuzzleHttp\Handler\CurlFactory::finishError(Object(GuzzleHttp\Handler\CurlMultiHandler), Object(GuzzleHttp\Handler\EasyHandle), Object(GuzzleHttp\Handler\CurlFactory))
#2 E:\xampp73\htdocs\filecroco\loader\vendor\guzzlehttp\guzzle\src\Handler\CurlMultiHandler.php(181): GuzzleHttp\Handler\CurlFactory::finish(Object(GuzzleHttp\Handler\CurlMultiHandler), Object(GuzzleHttp\Handler\EasyHandle), Object(GuzzleHttp\Handler\CurlFactory))
#3 E:\xampp73\htdocs\filecroco\loader\vendor\guzzlehttp\guzzle\src\Handler\CurlMultiHandler.php(110): GuzzleHttp\Handler\CurlMultiHandler->processMessages()
#4 E:\xampp73\htdocs\filecroco\loader\vendor\guzzlehttp\guzzle\src\Handler\CurlMultiHandler.php(125): GuzzleHttp\Handler\CurlMultiHandler->tick()
#5 E:\xampp73\htdocs\filecroco\loader\vendor\guzzlehttp\promises\src\Promise.php(246): GuzzleHttp\Handler\CurlMultiHandler->execute(true)
#6 E:\xampp73\htdocs\filecroco\loader\vendor\guzzlehttp\promises\src\Promise.php(223): GuzzleHttp\Promise\Promise->invokeWaitFn()
#7 E:\xampp73\htdocs\filecroco\loader\vendor\guzzlehttp\promises\src\Promise.php(267): GuzzleHttp\Promise\Promise->waitIfPending()
#8 E:\xampp73\htdocs\filecroco\loader\vendor\guzzlehttp\promises\src\Promise.php(225): GuzzleHttp\Promise\Promise->invokeWaitList()
#9 E:\xampp73\htdocs\filecroco\loader\vendor\guzzlehttp\promises\src\Promise.php(62): GuzzleHttp\Promise\Promise->waitIfPending()
#10 E:\xampp73\htdocs\filecroco\loader\vendor\guzzlehttp\promises\src\EachPromise.php(101): GuzzleHttp\Promise\Promise->wait()
#11 E:\xampp73\htdocs\filecroco\loader\vendor\guzzlehttp\promises\src\Promise.php(246): GuzzleHttp\Promise\EachPromise->GuzzleHttp\Promise\{closure}(true)
#12 E:\xampp73\htdocs\filecroco\loader\vendor\guzzlehttp\promises\src\Promise.php(223): GuzzleHttp\Promise\Promise->invokeWaitFn()
#13 E:\xampp73\htdocs\filecroco\loader\vendor\guzzlehttp\promises\src\Promise.php(62): GuzzleHttp\Promise\Promise->waitIfPending()
#14 E:\xampp73\htdocs\filecroco\loader\updatedownloadlink.php(95): GuzzleHttp\Promise\Promise->wait()
#15 {main}|857GuzzleHttp\Exception\RequestException: cURL error 56:  (see http://curl.haxx.se/libcurl/c/libcurl-errors.html) in E:\xampp73\htdocs\filecroco\loader\vendor\guzzlehttp\guzzle\src\Handler\CurlFactory.php:186
Stack trace:
#0 E:\xampp73\htdocs\filecroco\loader\vendor\guzzlehttp\guzzle\src\Handler\CurlFactory.php(149): GuzzleHttp\Handler\CurlFactory::createRejection(Object(GuzzleHttp\Handler\EasyHandle), Array)
#1 E:\xampp73\htdocs\filecroco\loader\vendor\guzzlehttp\guzzle\src\Handler\CurlFactory.php(102): GuzzleHttp\Handler\CurlFactory::finishError(Object(GuzzleHttp\Handler\CurlMultiHandler), Object(GuzzleHttp\Handler\EasyHandle), Object(GuzzleHttp\Handler\CurlFactory))
#2 E:\xampp73\htdocs\filecroco\loader\vendor\guzzlehttp\guzzle\src\Handler\CurlMultiHandler.php(181): GuzzleHttp\Handler\CurlFactory::finish(Object(GuzzleHttp\Handler\CurlMultiHandler), Object(GuzzleHttp\Handler\EasyHandle), Object(GuzzleHttp\Handler\CurlFactory))
#3 E:\xampp73\htdocs\filecroco\loader\vendor\guzzlehttp\guzzle\src\Handler\CurlMultiHandler.php(110): GuzzleHttp\Handler\CurlMultiHandler->processMessages()
#4 E:\xampp73\htdocs\filecroco\loader\vendor\guzzlehttp\guzzle\src\Handler\CurlMultiHandler.php(125): GuzzleHttp\Handler\CurlMultiHandler->tick()
#5 E:\xampp73\htdocs\filecroco\loader\vendor\guzzlehttp\promises\src\Promise.php(246): GuzzleHttp\Handler\CurlMultiHandler->execute(true)
#6 E:\xampp73\htdocs\filecroco\loader\vendor\guzzlehttp\promises\src\Promise.php(223): GuzzleHttp\Promise\Promise->invokeWaitFn()
#7 E:\xampp73\htdocs\filecroco\loader\vendor\guzzlehttp\promises\src\Promise.php(267): GuzzleHttp\Promise\Promise->waitIfPending()
#8 E:\xampp73\htdocs\filecroco\loader\vendor\guzzlehttp\promises\src\Promise.php(225): GuzzleHttp\Promise\Promise->invokeWaitList()
#9 E:\xampp73\htdocs\filecroco\loader\vendor\guzzlehttp\promises\src\Promise.php(62): GuzzleHttp\Promise\Promise->waitIfPending()
#10 E:\xampp73\htdocs\filecroco\loader\vendor\guzzlehttp\promises\src\EachPromise.php(101): GuzzleHttp\Promise\Promise->wait()
#11 E:\xampp73\htdocs\filecroco\loader\vendor\guzzlehttp\promises\src\Promise.php(246): GuzzleHttp\Promise\EachPromise->GuzzleHttp\Promise\{closure}(true)
#12 E:\xampp73\htdocs\filecroco\loader\vendor\guzzlehttp\promises\src\Promise.php(223): GuzzleHttp\Promise\Promise->invokeWaitFn()
#13 E:\xampp73\htdocs\filecroco\loader\vendor\guzzlehttp\promises\src\Promise.php(62): GuzzleHttp\Promise\Promise->waitIfPending()
#14 E:\xampp73\htdocs\filecroco\loader\updatedownloadlink.php(95): GuzzleHttp\Promise\Promise->wait()
#15 {main}|858GuzzleHttp\Exception\RequestException: cURL error 56:  (see http://curl.haxx.se/libcurl/c/libcurl-errors.html) in E:\xampp73\htdocs\filecroco\loader\vendor\guzzlehttp\guzzle\src\Handler\CurlFactory.php:186
Stack trace:
#0 E:\xampp73\htdocs\filecroco\loader\vendor\guzzlehttp\guzzle\src\Handler\CurlFactory.php(149): GuzzleHttp\Handler\CurlFactory::createRejection(Object(GuzzleHttp\Handler\EasyHandle), Array)
#1 E:\xampp73\htdocs\filecroco\loader\vendor\guzzlehttp\guzzle\src\Handler\CurlFactory.php(102): GuzzleHttp\Handler\CurlFactory::finishError(Object(GuzzleHttp\Handler\CurlMultiHandler), Object(GuzzleHttp\Handler\EasyHandle), Object(GuzzleHttp\Handler\CurlFactory))
#2 E:\xampp73\htdocs\filecroco\loader\vendor\guzzlehttp\guzzle\src\Handler\CurlMultiHandler.php(181): GuzzleHttp\Handler\CurlFactory::finish(Object(GuzzleHttp\Handler\CurlMultiHandler), Object(GuzzleHttp\Handler\EasyHandle), Object(GuzzleHttp\Handler\CurlFactory))
#3 E:\xampp73\htdocs\filecroco\loader\vendor\guzzlehttp\guzzle\src\Handler\CurlMultiHandler.php(110): GuzzleHttp\Handler\CurlMultiHandler->processMessages()
#4 E:\xampp73\htdocs\filecroco\loader\vendor\guzzlehttp\guzzle\src\Handler\CurlMultiHandler.php(125): GuzzleHttp\Handler\CurlMultiHandler->tick()
#5 E:\xampp73\htdocs\filecroco\loader\vendor\guzzlehttp\promises\src\Promise.php(246): GuzzleHttp\Handler\CurlMultiHandler->execute(true)
#6 E:\xampp73\htdocs\filecroco\loader\vendor\guzzlehttp\promises\src\Promise.php(223): GuzzleHttp\Promise\Promise->invokeWaitFn()
#7 E:\xampp73\htdocs\filecroco\loader\vendor\guzzlehttp\promises\src\Promise.php(267): GuzzleHttp\Promise\Promise->waitIfPending()
#8 E:\xampp73\htdocs\filecroco\loader\vendor\guzzlehttp\promises\src\Promise.php(225): GuzzleHttp\Promise\Promise->invokeWaitList()
#9 E:\xampp73\htdocs\filecroco\loader\vendor\guzzlehttp\promises\src\Promise.php(62): GuzzleHttp\Promise\Promise->waitIfPending()
#10 E:\xampp73\htdocs\filecroco\loader\vendor\guzzlehttp\promises\src\EachPromise.php(101): GuzzleHttp\Promise\Promise->wait()
#11 E:\xampp73\htdocs\filecroco\loader\vendor\guzzlehttp\promises\src\Promise.php(246): GuzzleHttp\Promise\EachPromise->GuzzleHttp\Promise\{closure}(true)
#12 E:\xampp73\htdocs\filecroco\loader\vendor\guzzlehttp\promises\src\Promise.php(223): GuzzleHttp\Promise\Promise->invokeWaitFn()
#13 E:\xampp73\htdocs\filecroco\loader\vendor\guzzlehttp\promises\src\Promise.php(62): GuzzleHttp\Promise\Promise->waitIfPending()
#14 E:\xampp73\htdocs\filecroco\loader\updatedownloadlink.php(95): GuzzleHttp\Promise\Promise->wait()
#15 {main}|859GuzzleHttp\Exception\RequestException: cURL error 56:  (see http://curl.haxx.se/libcurl/c/libcurl-errors.html) in E:\xampp73\htdocs\filecroco\loader\vendor\guzzlehttp\guzzle\src\Handler\CurlFactory.php:186
Stack trace:
#0 E:\xampp73\htdocs\filecroco\loader\vendor\guzzlehttp\guzzle\src\Handler\CurlFactory.php(149): GuzzleHttp\Handler\CurlFactory::createRejection(Object(GuzzleHttp\Handler\EasyHandle), Array)
#1 E:\xampp73\htdocs\filecroco\loader\vendor\guzzlehttp\guzzle\src\Handler\CurlFactory.php(102): GuzzleHttp\Handler\CurlFactory::finishError(Object(GuzzleHttp\Handler\CurlMultiHandler), Object(GuzzleHttp\Handler\EasyHandle), Object(GuzzleHttp\Handler\CurlFactory))
#2 E:\xampp73\htdocs\filecroco\loader\vendor\guzzlehttp\guzzle\src\Handler\CurlMultiHandler.php(181): GuzzleHttp\Handler\CurlFactory::finish(Object(GuzzleHttp\Handler\CurlMultiHandler), Object(GuzzleHttp\Handler\EasyHandle), Object(GuzzleHttp\Handler\CurlFactory))
#3 E:\xampp73\htdocs\filecroco\loader\vendor\guzzlehttp\guzzle\src\Handler\CurlMultiHandler.php(110): GuzzleHttp\Handler\CurlMultiHandler->processMessages()
#4 E:\xampp73\htdocs\filecroco\loader\vendor\guzzlehttp\guzzle\src\Handler\CurlMultiHandler.php(125): GuzzleHttp\Handler\CurlMultiHandler->tick()
#5 E:\xampp73\htdocs\filecroco\loader\vendor\guzzlehttp\promises\src\Promise.php(246): GuzzleHttp\Handler\CurlMultiHandler->execute(true)
#6 E:\xampp73\htdocs\filecroco\loader\vendor\guzzlehttp\promises\src\Promise.php(223): GuzzleHttp\Promise\Promise->invokeWaitFn()
#7 E:\xampp73\htdocs\filecroco\loader\vendor\guzzlehttp\promises\src\Promise.php(267): GuzzleHttp\Promise\Promise->waitIfPending()
#8 E:\xampp73\htdocs\filecroco\loader\vendor\guzzlehttp\promises\src\Promise.php(225): GuzzleHttp\Promise\Promise->invokeWaitList()
#9 E:\xampp73\htdocs\filecroco\loader\vendor\guzzlehttp\promises\src\Promise.php(62): GuzzleHttp\Promise\Promise->waitIfPending()
#10 E:\xampp73\htdocs\filecroco\loader\vendor\guzzlehttp\promises\src\EachPromise.php(101): GuzzleHttp\Promise\Promise->wait()
#11 E:\xampp73\htdocs\filecroco\loader\vendor\guzzlehttp\promises\src\Promise.php(246): GuzzleHttp\Promise\EachPromise->GuzzleHttp\Promise\{closure}(true)
#12 E:\xampp73\htdocs\filecroco\loader\vendor\guzzlehttp\promises\src\Promise.php(223): GuzzleHttp\Promise\Promise->invokeWaitFn()
#13 E:\xampp73\htdocs\filecroco\loader\vendor\guzzlehttp\promises\src\Promise.php(62): GuzzleHttp\Promise\Promise->waitIfPending()
#14 E:\xampp73\htdocs\filecroco\loader\updatedownloadlink.php(95): GuzzleHttp\Promise\Promise->wait()
#15 {main}|860GuzzleHttp\Exception\RequestException: cURL error 56:  (see http://curl.haxx.se/libcurl/c/libcurl-errors.html) in E:\xampp73\htdocs\filecroco\loader\vendor\guzzlehttp\guzzle\src\Handler\CurlFactory.php:186
Stack trace:
#0 E:\xampp73\htdocs\filecroco\loader\vendor\guzzlehttp\guzzle\src\Handler\CurlFactory.php(149): GuzzleHttp\Handler\CurlFactory::createRejection(Object(GuzzleHttp\Handler\EasyHandle), Array)
#1 E:\xampp73\htdocs\filecroco\loader\vendor\guzzlehttp\guzzle\src\Handler\CurlFactory.php(102): GuzzleHttp\Handler\CurlFactory::finishError(Object(GuzzleHttp\Handler\CurlMultiHandler), Object(GuzzleHttp\Handler\EasyHandle), Object(GuzzleHttp\Handler\CurlFactory))
#2 E:\xampp73\htdocs\filecroco\loader\vendor\guzzlehttp\guzzle\src\Handler\CurlMultiHandler.php(181): GuzzleHttp\Handler\CurlFactory::finish(Object(GuzzleHttp\Handler\CurlMultiHandler), Object(GuzzleHttp\Handler\EasyHandle), Object(GuzzleHttp\Handler\CurlFactory))
#3 E:\xampp73\htdocs\filecroco\loader\vendor\guzzlehttp\guzzle\src\Handler\CurlMultiHandler.php(110): GuzzleHttp\Handler\CurlMultiHandler->processMessages()
#4 E:\xampp73\htdocs\filecroco\loader\vendor\guzzlehttp\guzzle\src\Handler\CurlMultiHandler.php(125): GuzzleHttp\Handler\CurlMultiHandler->tick()
#5 E:\xampp73\htdocs\filecroco\loader\vendor\guzzlehttp\promises\src\Promise.php(246): GuzzleHttp\Handler\CurlMultiHandler->execute(true)
#6 E:\xampp73\htdocs\filecroco\loader\vendor\guzzlehttp\promises\src\Promise.php(223): GuzzleHttp\Promise\Promise->invokeWaitFn()
#7 E:\xampp73\htdocs\filecroco\loader\vendor\guzzlehttp\promises\src\Promise.php(267): GuzzleHttp\Promise\Promise->waitIfPending()
#8 E:\xampp73\htdocs\filecroco\loader\vendor\guzzlehttp\promises\src\Promise.php(225): GuzzleHttp\Promise\Promise->invokeWaitList()
#9 E:\xampp73\htdocs\filecroco\loader\vendor\guzzlehttp\promises\src\Promise.php(62): GuzzleHttp\Promise\Promise->waitIfPending()
#10 E:\xampp73\htdocs\filecroco\loader\vendor\guzzlehttp\promises\src\EachPromise.php(101): GuzzleHttp\Promise\Promise->wait()
#11 E:\xampp73\htdocs\filecroco\loader\vendor\guzzlehttp\promises\src\Promise.php(246): GuzzleHttp\Promise\EachPromise->GuzzleHttp\Promise\{closure}(true)
#12 E:\xampp73\htdocs\filecroco\loader\vendor\guzzlehttp\promises\src\Promise.php(223): GuzzleHttp\Promise\Promise->invokeWaitFn()
#13 E:\xampp73\htdocs\filecroco\loader\vendor\guzzlehttp\promises\src\Promise.php(62): GuzzleHttp\Promise\Promise->waitIfPending()
#14 E:\xampp73\htdocs\filecroco\loader\updatedownloadlink.php(95): GuzzleHttp\Promise\Promise->wait()
#15 {main}|861GuzzleHttp\Exception\RequestException: cURL error 56:  (see http://curl.haxx.se/libcurl/c/libcurl-errors.html) in E:\xampp73\htdocs\filecroco\loader\vendor\guzzlehttp\guzzle\src\Handler\CurlFactory.php:186
Stack trace:
#0 E:\xampp73\htdocs\filecroco\loader\vendor\guzzlehttp\guzzle\src\Handler\CurlFactory.php(149): GuzzleHttp\Handler\CurlFactory::createRejection(Object(GuzzleHttp\Handler\EasyHandle), Array)
#1 E:\xampp73\htdocs\filecroco\loader\vendor\guzzlehttp\guzzle\src\Handler\CurlFactory.php(102): GuzzleHttp\Handler\CurlFactory::finishError(Object(GuzzleHttp\Handler\CurlMultiHandler), Object(GuzzleHttp\Handler\EasyHandle), Object(GuzzleHttp\Handler\CurlFactory))
#2 E:\xampp73\htdocs\filecroco\loader\vendor\guzzlehttp\guzzle\src\Handler\CurlMultiHandler.php(181): GuzzleHttp\Handler\CurlFactory::finish(Object(GuzzleHttp\Handler\CurlMultiHandler), Object(GuzzleHttp\Handler\EasyHandle), Object(GuzzleHttp\Handler\CurlFactory))
#3 E:\xampp73\htdocs\filecroco\loader\vendor\guzzlehttp\guzzle\src\Handler\CurlMultiHandler.php(110): GuzzleHttp\Handler\CurlMultiHandler->processMessages()
#4 E:\xampp73\htdocs\filecroco\loader\vendor\guzzlehttp\guzzle\src\Handler\CurlMultiHandler.php(125): GuzzleHttp\Handler\CurlMultiHandler->tick()
#5 E:\xampp73\htdocs\filecroco\loader\vendor\guzzlehttp\promises\src\Promise.php(246): GuzzleHttp\Handler\CurlMultiHandler->execute(true)
#6 E:\xampp73\htdocs\filecroco\loader\vendor\guzzlehttp\promises\src\Promise.php(223): GuzzleHttp\Promise\Promise->invokeWaitFn()
#7 E:\xampp73\htdocs\filecroco\loader\vendor\guzzlehttp\promises\src\Promise.php(267): GuzzleHttp\Promise\Promise->waitIfPending()
#8 E:\xampp73\htdocs\filecroco\loader\vendor\guzzlehttp\promises\src\Promise.php(225): GuzzleHttp\Promise\Promise->invokeWaitList()
#9 E:\xampp73\htdocs\filecroco\loader\vendor\guzzlehttp\promises\src\Promise.php(62): GuzzleHttp\Promise\Promise->waitIfPending()
#10 E:\xampp73\htdocs\filecroco\loader\vendor\guzzlehttp\promises\src\EachPromise.php(101): GuzzleHttp\Promise\Promise->wait()
#11 E:\xampp73\htdocs\filecroco\loader\vendor\guzzlehttp\promises\src\Promise.php(246): GuzzleHttp\Promise\EachPromise->GuzzleHttp\Promise\{closure}(true)
#12 E:\xampp73\htdocs\filecroco\loader\vendor\guzzlehttp\promises\src\Promise.php(223): GuzzleHttp\Promise\Promise->invokeWaitFn()
#13 E:\xampp73\htdocs\filecroco\loader\vendor\guzzlehttp\promises\src\Promise.php(62): GuzzleHttp\Promise\Promise->waitIfPending()
#14 E:\xampp73\htdocs\filecroco\loader\updatedownloadlink.php(95): GuzzleHttp\Promise\Promise->wait()
#15 {main}|862GuzzleHttp\Exception\RequestException: cURL error 56:  (see http://curl.haxx.se/libcurl/c/libcurl-errors.html) in E:\xampp73\htdocs\filecroco\loader\vendor\guzzlehttp\guzzle\src\Handler\CurlFactory.php:186
Stack trace:
#0 E:\xampp73\htdocs\filecroco\loader\vendor\guzzlehttp\guzzle\src\Handler\CurlFactory.php(149): GuzzleHttp\Handler\CurlFactory::createRejection(Object(GuzzleHttp\Handler\EasyHandle), Array)
#1 E:\xampp73\htdocs\filecroco\loader\vendor\guzzlehttp\guzzle\src\Handler\CurlFactory.php(102): GuzzleHttp\Handler\CurlFactory::finishError(Object(GuzzleHttp\Handler\CurlMultiHandler), Object(GuzzleHttp\Handler\EasyHandle), Object(GuzzleHttp\Handler\CurlFactory))
#2 E:\xampp73\htdocs\filecroco\loader\vendor\guzzlehttp\guzzle\src\Handler\CurlMultiHandler.php(181): GuzzleHttp\Handler\CurlFactory::finish(Object(GuzzleHttp\Handler\CurlMultiHandler), Object(GuzzleHttp\Handler\EasyHandle), Object(GuzzleHttp\Handler\CurlFactory))
#3 E:\xampp73\htdocs\filecroco\loader\vendor\guzzlehttp\guzzle\src\Handler\CurlMultiHandler.php(110): GuzzleHttp\Handler\CurlMultiHandler->processMessages()
#4 E:\xampp73\htdocs\filecroco\loader\vendor\guzzlehttp\guzzle\src\Handler\CurlMultiHandler.php(125): GuzzleHttp\Handler\CurlMultiHandler->tick()
#5 E:\xampp73\htdocs\filecroco\loader\vendor\guzzlehttp\promises\src\Promise.php(246): GuzzleHttp\Handler\CurlMultiHandler->execute(true)
#6 E:\xampp73\htdocs\filecroco\loader\vendor\guzzlehttp\promises\src\Promise.php(223): GuzzleHttp\Promise\Promise->invokeWaitFn()
#7 E:\xampp73\htdocs\filecroco\loader\vendor\guzzlehttp\promises\src\Promise.php(267): GuzzleHttp\Promise\Promise->waitIfPending()
#8 E:\xampp73\htdocs\filecroco\loader\vendor\guzzlehttp\promises\src\Promise.php(225): GuzzleHttp\Promise\Promise->invokeWaitList()
#9 E:\xampp73\htdocs\filecroco\loader\vendor\guzzlehttp\promises\src\Promise.php(62): GuzzleHttp\Promise\Promise->waitIfPending()
#10 E:\xampp73\htdocs\filecroco\loader\vendor\guzzlehttp\promises\src\EachPromise.php(101): GuzzleHttp\Promise\Promise->wait()
#11 E:\xampp73\htdocs\filecroco\loader\vendor\guzzlehttp\promises\src\Promise.php(246): GuzzleHttp\Promise\EachPromise->GuzzleHttp\Promise\{closure}(true)
#12 E:\xampp73\htdocs\filecroco\loader\vendor\guzzlehttp\promises\src\Promise.php(223): GuzzleHttp\Promise\Promise->invokeWaitFn()
#13 E:\xampp73\htdocs\filecroco\loader\vendor\guzzlehttp\promises\src\Promise.php(62): GuzzleHttp\Promise\Promise->waitIfPending()
#14 E:\xampp73\htdocs\filecroco\loader\updatedownloadlink.php(95): GuzzleHttp\Promise\Promise->wait()
#15 {main}|863GuzzleHttp\Exception\RequestException: cURL error 56:  (see http://curl.haxx.se/libcurl/c/libcurl-errors.html) in E:\xampp73\htdocs\filecroco\loader\vendor\guzzlehttp\guzzle\src\Handler\CurlFactory.php:186
Stack trace:
#0 E:\xampp73\htdocs\filecroco\loader\vendor\guzzlehttp\guzzle\src\Handler\CurlFactory.php(149): GuzzleHttp\Handler\CurlFactory::createRejection(Object(GuzzleHttp\Handler\EasyHandle), Array)
#1 E:\xampp73\htdocs\filecroco\loader\vendor\guzzlehttp\guzzle\src\Handler\CurlFactory.php(102): GuzzleHttp\Handler\CurlFactory::finishError(Object(GuzzleHttp\Handler\CurlMultiHandler), Object(GuzzleHttp\Handler\EasyHandle), Object(GuzzleHttp\Handler\CurlFactory))
#2 E:\xampp73\htdocs\filecroco\loader\vendor\guzzlehttp\guzzle\src\Handler\CurlMultiHandler.php(181): GuzzleHttp\Handler\CurlFactory::finish(Object(GuzzleHttp\Handler\CurlMultiHandler), Object(GuzzleHttp\Handler\EasyHandle), Object(GuzzleHttp\Handler\CurlFactory))
#3 E:\xampp73\htdocs\filecroco\loader\vendor\guzzlehttp\guzzle\src\Handler\CurlMultiHandler.php(110): GuzzleHttp\Handler\CurlMultiHandler->processMessages()
#4 E:\xampp73\htdocs\filecroco\loader\vendor\guzzlehttp\guzzle\src\Handler\CurlMultiHandler.php(125): GuzzleHttp\Handler\CurlMultiHandler->tick()
#5 E:\xampp73\htdocs\filecroco\loader\vendor\guzzlehttp\promises\src\Promise.php(246): GuzzleHttp\Handler\CurlMultiHandler->execute(true)
#6 E:\xampp73\htdocs\filecroco\loader\vendor\guzzlehttp\promises\src\Promise.php(223): GuzzleHttp\Promise\Promise->invokeWaitFn()
#7 E:\xampp73\htdocs\filecroco\loader\vendor\guzzlehttp\promises\src\Promise.php(267): GuzzleHttp\Promise\Promise->waitIfPending()
#8 E:\xampp73\htdocs\filecroco\loader\vendor\guzzlehttp\promises\src\Promise.php(225): GuzzleHttp\Promise\Promise->invokeWaitList()
#9 E:\xampp73\htdocs\filecroco\loader\vendor\guzzlehttp\promises\src\Promise.php(62): GuzzleHttp\Promise\Promise->waitIfPending()
#10 E:\xampp73\htdocs\filecroco\loader\vendor\guzzlehttp\promises\src\EachPromise.php(101): GuzzleHttp\Promise\Promise->wait()
#11 E:\xampp73\htdocs\filecroco\loader\vendor\guzzlehttp\promises\src\Promise.php(246): GuzzleHttp\Promise\EachPromise->GuzzleHttp\Promise\{closure}(true)
#12 E:\xampp73\htdocs\filecroco\loader\vendor\guzzlehttp\promises\src\Promise.php(223): GuzzleHttp\Promise\Promise->invokeWaitFn()
#13 E:\xampp73\htdocs\filecroco\loader\vendor\guzzlehttp\promises\src\Promise.php(62): GuzzleHttp\Promise\Promise->waitIfPending()
#14 E:\xampp73\htdocs\filecroco\loader\updatedownloadlink.php(95): GuzzleHttp\Promise\Promise->wait()
#15 {main}|864GuzzleHttp\Exception\RequestException: cURL error 56:  (see http://curl.haxx.se/libcurl/c/libcurl-errors.html) in E:\xampp73\htdocs\filecroco\loader\vendor\guzzlehttp\guzzle\src\Handler\CurlFactory.php:186
Stack trace:
#0 E:\xampp73\htdocs\filecroco\loader\vendor\guzzlehttp\guzzle\src\Handler\CurlFactory.php(149): GuzzleHttp\Handler\CurlFactory::createRejection(Object(GuzzleHttp\Handler\EasyHandle), Array)
#1 E:\xampp73\htdocs\filecroco\loader\vendor\guzzlehttp\guzzle\src\Handler\CurlFactory.php(102): GuzzleHttp\Handler\CurlFactory::finishError(Object(GuzzleHttp\Handler\CurlMultiHandler), Object(GuzzleHttp\Handler\EasyHandle), Object(GuzzleHttp\Handler\CurlFactory))
#2 E:\xampp73\htdocs\filecroco\loader\vendor\guzzlehttp\guzzle\src\Handler\CurlMultiHandler.php(181): GuzzleHttp\Handler\CurlFactory::finish(Object(GuzzleHttp\Handler\CurlMultiHandler), Object(GuzzleHttp\Handler\EasyHandle), Object(GuzzleHttp\Handler\CurlFactory))
#3 E:\xampp73\htdocs\filecroco\loader\vendor\guzzlehttp\guzzle\src\Handler\CurlMultiHandler.php(110): GuzzleHttp\Handler\CurlMultiHandler->processMessages()
#4 E:\xampp73\htdocs\filecroco\loader\vendor\guzzlehttp\guzzle\src\Handler\CurlMultiHandler.php(125): GuzzleHttp\Handler\CurlMultiHandler->tick()
#5 E:\xampp73\htdocs\filecroco\loader\vendor\guzzlehttp\promises\src\Promise.php(246): GuzzleHttp\Handler\CurlMultiHandler->execute(true)
#6 E:\xampp73\htdocs\filecroco\loader\vendor\guzzlehttp\promises\src\Promise.php(223): GuzzleHttp\Promise\Promise->invokeWaitFn()
#7 E:\xampp73\htdocs\filecroco\loader\vendor\guzzlehttp\promises\src\Promise.php(267): GuzzleHttp\Promise\Promise->waitIfPending()
#8 E:\xampp73\htdocs\filecroco\loader\vendor\guzzlehttp\promises\src\Promise.php(225): GuzzleHttp\Promise\Promise->invokeWaitList()
#9 E:\xampp73\htdocs\filecroco\loader\vendor\guzzlehttp\promises\src\Promise.php(62): GuzzleHttp\Promise\Promise->waitIfPending()
#10 E:\xampp73\htdocs\filecroco\loader\vendor\guzzlehttp\promises\src\EachPromise.php(101): GuzzleHttp\Promise\Promise->wait()
#11 E:\xampp73\htdocs\filecroco\loader\vendor\guzzlehttp\promises\src\Promise.php(246): GuzzleHttp\Promise\EachPromise->GuzzleHttp\Promise\{closure}(true)
#12 E:\xampp73\htdocs\filecroco\loader\vendor\guzzlehttp\promises\src\Promise.php(223): GuzzleHttp\Promise\Promise->invokeWaitFn()
#13 E:\xampp73\htdocs\filecroco\loader\vendor\guzzlehttp\promises\src\Promise.php(62): GuzzleHttp\Promise\Promise->waitIfPending()
#14 E:\xampp73\htdocs\filecroco\loader\updatedownloadlink.php(95): GuzzleHttp\Promise\Promise->wait()
#15 {main}|865GuzzleHttp\Exception\RequestException: cURL error 56:  (see http://curl.haxx.se/libcurl/c/libcurl-errors.html) in E:\xampp73\htdocs\filecroco\loader\vendor\guzzlehttp\guzzle\src\Handler\CurlFactory.php:186
Stack trace:
#0 E:\xampp73\htdocs\filecroco\loader\vendor\guzzlehttp\guzzle\src\Handler\CurlFactory.php(149): GuzzleHttp\Handler\CurlFactory::createRejection(Object(GuzzleHttp\Handler\EasyHandle), Array)
#1 E:\xampp73\htdocs\filecroco\loader\vendor\guzzlehttp\guzzle\src\Handler\CurlFactory.php(102): GuzzleHttp\Handler\CurlFactory::finishError(Object(GuzzleHttp\Handler\CurlMultiHandler), Object(GuzzleHttp\Handler\EasyHandle), Object(GuzzleHttp\Handler\CurlFactory))
#2 E:\xampp73\htdocs\filecroco\loader\vendor\guzzlehttp\guzzle\src\Handler\CurlMultiHandler.php(181): GuzzleHttp\Handler\CurlFactory::finish(Object(GuzzleHttp\Handler\CurlMultiHandler), Object(GuzzleHttp\Handler\EasyHandle), Object(GuzzleHttp\Handler\CurlFactory))
#3 E:\xampp73\htdocs\filecroco\loader\vendor\guzzlehttp\guzzle\src\Handler\CurlMultiHandler.php(110): GuzzleHttp\Handler\CurlMultiHandler->processMessages()
#4 E:\xampp73\htdocs\filecroco\loader\vendor\guzzlehttp\guzzle\src\Handler\CurlMultiHandler.php(125): GuzzleHttp\Handler\CurlMultiHandler->tick()
#5 E:\xampp73\htdocs\filecroco\loader\vendor\guzzlehttp\promises\src\Promise.php(246): GuzzleHttp\Handler\CurlMultiHandler->execute(true)
#6 E:\xampp73\htdocs\filecroco\loader\vendor\guzzlehttp\promises\src\Promise.php(223): GuzzleHttp\Promise\Promise->invokeWaitFn()
#7 E:\xampp73\htdocs\filecroco\loader\vendor\guzzlehttp\promises\src\Promise.php(267): GuzzleHttp\Promise\Promise->waitIfPending()
#8 E:\xampp73\htdocs\filecroco\loader\vendor\guzzlehttp\promises\src\Promise.php(225): GuzzleHttp\Promise\Promise->invokeWaitList()
#9 E:\xampp73\htdocs\filecroco\loader\vendor\guzzlehttp\promises\src\Promise.php(62): GuzzleHttp\Promise\Promise->waitIfPending()
#10 E:\xampp73\htdocs\filecroco\loader\vendor\guzzlehttp\promises\src\EachPromise.php(101): GuzzleHttp\Promise\Promise->wait()
#11 E:\xampp73\htdocs\filecroco\loader\vendor\guzzlehttp\promises\src\Promise.php(246): GuzzleHttp\Promise\EachPromise->GuzzleHttp\Promise\{closure}(true)
#12 E:\xampp73\htdocs\filecroco\loader\vendor\guzzlehttp\promises\src\Promise.php(223): GuzzleHttp\Promise\Promise->invokeWaitFn()
#13 E:\xampp73\htdocs\filecroco\loader\vendor\guzzlehttp\promises\src\Promise.php(62): GuzzleHttp\Promise\Promise->waitIfPending()
#14 E:\xampp73\htdocs\filecroco\loader\updatedownloadlink.php(95): GuzzleHttp\Promise\Promise->wait()
#15 {main}|866GuzzleHttp\Exception\RequestException: cURL error 56:  (see http://curl.haxx.se/libcurl/c/libcurl-errors.html) in E:\xampp73\htdocs\filecroco\loader\vendor\guzzlehttp\guzzle\src\Handler\CurlFactory.php:186
Stack trace:
#0 E:\xampp73\htdocs\filecroco\loader\vendor\guzzlehttp\guzzle\src\Handler\CurlFactory.php(149): GuzzleHttp\Handler\CurlFactory::createRejection(Object(GuzzleHttp\Handler\EasyHandle), Array)
#1 E:\xampp73\htdocs\filecroco\loader\vendor\guzzlehttp\guzzle\src\Handler\CurlFactory.php(102): GuzzleHttp\Handler\CurlFactory::finishError(Object(GuzzleHttp\Handler\CurlMultiHandler), Object(GuzzleHttp\Handler\EasyHandle), Object(GuzzleHttp\Handler\CurlFactory))
#2 E:\xampp73\htdocs\filecroco\loader\vendor\guzzlehttp\guzzle\src\Handler\CurlMultiHandler.php(181): GuzzleHttp\Handler\CurlFactory::finish(Object(GuzzleHttp\Handler\CurlMultiHandler), Object(GuzzleHttp\Handler\EasyHandle), Object(GuzzleHttp\Handler\CurlFactory))
#3 E:\xampp73\htdocs\filecroco\loader\vendor\guzzlehttp\guzzle\src\Handler\CurlMultiHandler.php(110): GuzzleHttp\Handler\CurlMultiHandler->processMessages()
#4 E:\xampp73\htdocs\filecroco\loader\vendor\guzzlehttp\guzzle\src\Handler\CurlMultiHandler.php(125): GuzzleHttp\Handler\CurlMultiHandler->tick()
#5 E:\xampp73\htdocs\filecroco\loader\vendor\guzzlehttp\promises\src\Promise.php(246): GuzzleHttp\Handler\CurlMultiHandler->execute(true)
#6 E:\xampp73\htdocs\filecroco\loader\vendor\guzzlehttp\promises\src\Promise.php(223): GuzzleHttp\Promise\Promise->invokeWaitFn()
#7 E:\xampp73\htdocs\filecroco\loader\vendor\guzzlehttp\promises\src\Promise.php(267): GuzzleHttp\Promise\Promise->waitIfPending()
#8 E:\xampp73\htdocs\filecroco\loader\vendor\guzzlehttp\promises\src\Promise.php(225): GuzzleHttp\Promise\Promise->invokeWaitList()
#9 E:\xampp73\htdocs\filecroco\loader\vendor\guzzlehttp\promises\src\Promise.php(62): GuzzleHttp\Promise\Promise->waitIfPending()
#10 E:\xampp73\htdocs\filecroco\loader\vendor\guzzlehttp\promises\src\EachPromise.php(101): GuzzleHttp\Promise\Promise->wait()
#11 E:\xampp73\htdocs\filecroco\loader\vendor\guzzlehttp\promises\src\Promise.php(246): GuzzleHttp\Promise\EachPromise->GuzzleHttp\Promise\{closure}(true)
#12 E:\xampp73\htdocs\filecroco\loader\vendor\guzzlehttp\promises\src\Promise.php(223): GuzzleHttp\Promise\Promise->invokeWaitFn()
#13 E:\xampp73\htdocs\filecroco\loader\vendor\guzzlehttp\promises\src\Promise.php(62): GuzzleHttp\Promise\Promise->waitIfPending()
#14 E:\xampp73\htdocs\filecroco\loader\updatedownloadlink.php(95): GuzzleHttp\Promise\Promise->wait()
#15 {main}|867GuzzleHttp\Exception\RequestException: cURL error 56:  (see http://curl.haxx.se/libcurl/c/libcurl-errors.html) in E:\xampp73\htdocs\filecroco\loader\vendor\guzzlehttp\guzzle\src\Handler\CurlFactory.php:186
Stack trace:
#0 E:\xampp73\htdocs\filecroco\loader\vendor\guzzlehttp\guzzle\src\Handler\CurlFactory.php(149): GuzzleHttp\Handler\CurlFactory::createRejection(Object(GuzzleHttp\Handler\EasyHandle), Array)
#1 E:\xampp73\htdocs\filecroco\loader\vendor\guzzlehttp\guzzle\src\Handler\CurlFactory.php(102): GuzzleHttp\Handler\CurlFactory::finishError(Object(GuzzleHttp\Handler\CurlMultiHandler), Object(GuzzleHttp\Handler\EasyHandle), Object(GuzzleHttp\Handler\CurlFactory))
#2 E:\xampp73\htdocs\filecroco\loader\vendor\guzzlehttp\guzzle\src\Handler\CurlMultiHandler.php(181): GuzzleHttp\Handler\CurlFactory::finish(Object(GuzzleHttp\Handler\CurlMultiHandler), Object(GuzzleHttp\Handler\EasyHandle), Object(GuzzleHttp\Handler\CurlFactory))
#3 E:\xampp73\htdocs\filecroco\loader\vendor\guzzlehttp\guzzle\src\Handler\CurlMultiHandler.php(110): GuzzleHttp\Handler\CurlMultiHandler->processMessages()
#4 E:\xampp73\htdocs\filecroco\loader\vendor\guzzlehttp\guzzle\src\Handler\CurlMultiHandler.php(125): GuzzleHttp\Handler\CurlMultiHandler->tick()
#5 E:\xampp73\htdocs\filecroco\loader\vendor\guzzlehttp\promises\src\Promise.php(246): GuzzleHttp\Handler\CurlMultiHandler->execute(true)
#6 E:\xampp73\htdocs\filecroco\loader\vendor\guzzlehttp\promises\src\Promise.php(223): GuzzleHttp\Promise\Promise->invokeWaitFn()
#7 E:\xampp73\htdocs\filecroco\loader\vendor\guzzlehttp\promises\src\Promise.php(267): GuzzleHttp\Promise\Promise->waitIfPending()
#8 E:\xampp73\htdocs\filecroco\loader\vendor\guzzlehttp\promises\src\Promise.php(225): GuzzleHttp\Promise\Promise->invokeWaitList()
#9 E:\xampp73\htdocs\filecroco\loader\vendor\guzzlehttp\promises\src\Promise.php(62): GuzzleHttp\Promise\Promise->waitIfPending()
#10 E:\xampp73\htdocs\filecroco\loader\vendor\guzzlehttp\promises\src\EachPromise.php(101): GuzzleHttp\Promise\Promise->wait()
#11 E:\xampp73\htdocs\filecroco\loader\vendor\guzzlehttp\promises\src\Promise.php(246): GuzzleHttp\Promise\EachPromise->GuzzleHttp\Promise\{closure}(true)
#12 E:\xampp73\htdocs\filecroco\loader\vendor\guzzlehttp\promises\src\Promise.php(223): GuzzleHttp\Promise\Promise->invokeWaitFn()
#13 E:\xampp73\htdocs\filecroco\loader\vendor\guzzlehttp\promises\src\Promise.php(62): GuzzleHttp\Promise\Promise->waitIfPending()
#14 E:\xampp73\htdocs\filecroco\loader\updatedownloadlink.php(95): GuzzleHttp\Promise\Promise->wait()
#15 {main}|868GuzzleHttp\Exception\RequestException: cURL error 56:  (see http://curl.haxx.se/libcurl/c/libcurl-errors.html) in E:\xampp73\htdocs\filecroco\loader\vendor\guzzlehttp\guzzle\src\Handler\CurlFactory.php:186
Stack trace:
#0 E:\xampp73\htdocs\filecroco\loader\vendor\guzzlehttp\guzzle\src\Handler\CurlFactory.php(149): GuzzleHttp\Handler\CurlFactory::createRejection(Object(GuzzleHttp\Handler\EasyHandle), Array)
#1 E:\xampp73\htdocs\filecroco\loader\vendor\guzzlehttp\guzzle\src\Handler\CurlFactory.php(102): GuzzleHttp\Handler\CurlFactory::finishError(Object(GuzzleHttp\Handler\CurlMultiHandler), Object(GuzzleHttp\Handler\EasyHandle), Object(GuzzleHttp\Handler\CurlFactory))
#2 E:\xampp73\htdocs\filecroco\loader\vendor\guzzlehttp\guzzle\src\Handler\CurlMultiHandler.php(181): GuzzleHttp\Handler\CurlFactory::finish(Object(GuzzleHttp\Handler\CurlMultiHandler), Object(GuzzleHttp\Handler\EasyHandle), Object(GuzzleHttp\Handler\CurlFactory))
#3 E:\xampp73\htdocs\filecroco\loader\vendor\guzzlehttp\guzzle\src\Handler\CurlMultiHandler.php(110): GuzzleHttp\Handler\CurlMultiHandler->processMessages()
#4 E:\xampp73\htdocs\filecroco\loader\vendor\guzzlehttp\guzzle\src\Handler\CurlMultiHandler.php(125): GuzzleHttp\Handler\CurlMultiHandler->tick()
#5 E:\xampp73\htdocs\filecroco\loader\vendor\guzzlehttp\promises\src\Promise.php(246): GuzzleHttp\Handler\CurlMultiHandler->execute(true)
#6 E:\xampp73\htdocs\filecroco\loader\vendor\guzzlehttp\promises\src\Promise.php(223): GuzzleHttp\Promise\Promise->invokeWaitFn()
#7 E:\xampp73\htdocs\filecroco\loader\vendor\guzzlehttp\promises\src\Promise.php(267): GuzzleHttp\Promise\Promise->waitIfPending()
#8 E:\xampp73\htdocs\filecroco\loader\vendor\guzzlehttp\promises\src\Promise.php(225): GuzzleHttp\Promise\Promise->invokeWaitList()
#9 E:\xampp73\htdocs\filecroco\loader\vendor\guzzlehttp\promises\src\Promise.php(62): GuzzleHttp\Promise\Promise->waitIfPending()
#10 E:\xampp73\htdocs\filecroco\loader\vendor\guzzlehttp\promises\src\EachPromise.php(101): GuzzleHttp\Promise\Promise->wait()
#11 E:\xampp73\htdocs\filecroco\loader\vendor\guzzlehttp\promises\src\Promise.php(246): GuzzleHttp\Promise\EachPromise->GuzzleHttp\Promise\{closure}(true)
#12 E:\xampp73\htdocs\filecroco\loader\vendor\guzzlehttp\promises\src\Promise.php(223): GuzzleHttp\Promise\Promise->invokeWaitFn()
#13 E:\xampp73\htdocs\filecroco\loader\vendor\guzzlehttp\promises\src\Promise.php(62): GuzzleHttp\Promise\Promise->waitIfPending()
#14 E:\xampp73\htdocs\filecroco\loader\updatedownloadlink.php(95): GuzzleHttp\Promise\Promise->wait()
#15 {main}|869GuzzleHttp\Exception\RequestException: cURL error 56:  (see http://curl.haxx.se/libcurl/c/libcurl-errors.html) in E:\xampp73\htdocs\filecroco\loader\vendor\guzzlehttp\guzzle\src\Handler\CurlFactory.php:186
Stack trace:
#0 E:\xampp73\htdocs\filecroco\loader\vendor\guzzlehttp\guzzle\src\Handler\CurlFactory.php(149): GuzzleHttp\Handler\CurlFactory::createRejection(Object(GuzzleHttp\Handler\EasyHandle), Array)
#1 E:\xampp73\htdocs\filecroco\loader\vendor\guzzlehttp\guzzle\src\Handler\CurlFactory.php(102): GuzzleHttp\Handler\CurlFactory::finishError(Object(GuzzleHttp\Handler\CurlMultiHandler), Object(GuzzleHttp\Handler\EasyHandle), Object(GuzzleHttp\Handler\CurlFactory))
#2 E:\xampp73\htdocs\filecroco\loader\vendor\guzzlehttp\guzzle\src\Handler\CurlMultiHandler.php(181): GuzzleHttp\Handler\CurlFactory::finish(Object(GuzzleHttp\Handler\CurlMultiHandler), Object(GuzzleHttp\Handler\EasyHandle), Object(GuzzleHttp\Handler\CurlFactory))
#3 E:\xampp73\htdocs\filecroco\loader\vendor\guzzlehttp\guzzle\src\Handler\CurlMultiHandler.php(110): GuzzleHttp\Handler\CurlMultiHandler->processMessages()
#4 E:\xampp73\htdocs\filecroco\loader\vendor\guzzlehttp\guzzle\src\Handler\CurlMultiHandler.php(125): GuzzleHttp\Handler\CurlMultiHandler->tick()
#5 E:\xampp73\htdocs\filecroco\loader\vendor\guzzlehttp\promises\src\Promise.php(246): GuzzleHttp\Handler\CurlMultiHandler->execute(true)
#6 E:\xampp73\htdocs\filecroco\loader\vendor\guzzlehttp\promises\src\Promise.php(223): GuzzleHttp\Promise\Promise->invokeWaitFn()
#7 E:\xampp73\htdocs\filecroco\loader\vendor\guzzlehttp\promises\src\Promise.php(267): GuzzleHttp\Promise\Promise->waitIfPending()
#8 E:\xampp73\htdocs\filecroco\loader\vendor\guzzlehttp\promises\src\Promise.php(225): GuzzleHttp\Promise\Promise->invokeWaitList()
#9 E:\xampp73\htdocs\filecroco\loader\vendor\guzzlehttp\promises\src\Promise.php(62): GuzzleHttp\Promise\Promise->waitIfPending()
#10 E:\xampp73\htdocs\filecroco\loader\vendor\guzzlehttp\promises\src\EachPromise.php(101): GuzzleHttp\Promise\Promise->wait()
#11 E:\xampp73\htdocs\filecroco\loader\vendor\guzzlehttp\promises\src\Promise.php(246): GuzzleHttp\Promise\EachPromise->GuzzleHttp\Promise\{closure}(true)
#12 E:\xampp73\htdocs\filecroco\loader\vendor\guzzlehttp\promises\src\Promise.php(223): GuzzleHttp\Promise\Promise->invokeWaitFn()
#13 E:\xampp73\htdocs\filecroco\loader\vendor\guzzlehttp\promises\src\Promise.php(62): GuzzleHttp\Promise\Promise->waitIfPending()
#14 E:\xampp73\htdocs\filecroco\loader\updatedownloadlink.php(95): GuzzleHttp\Promise\Promise->wait()
#15 {main}|870GuzzleHttp\Exception\RequestException: cURL error 56:  (see http://curl.haxx.se/libcurl/c/libcurl-errors.html) in E:\xampp73\htdocs\filecroco\loader\vendor\guzzlehttp\guzzle\src\Handler\CurlFactory.php:186
Stack trace:
#0 E:\xampp73\htdocs\filecroco\loader\vendor\guzzlehttp\guzzle\src\Handler\CurlFactory.php(149): GuzzleHttp\Handler\CurlFactory::createRejection(Object(GuzzleHttp\Handler\EasyHandle), Array)
#1 E:\xampp73\htdocs\filecroco\loader\vendor\guzzlehttp\guzzle\src\Handler\CurlFactory.php(102): GuzzleHttp\Handler\CurlFactory::finishError(Object(GuzzleHttp\Handler\CurlMultiHandler), Object(GuzzleHttp\Handler\EasyHandle), Object(GuzzleHttp\Handler\CurlFactory))
#2 E:\xampp73\htdocs\filecroco\loader\vendor\guzzlehttp\guzzle\src\Handler\CurlMultiHandler.php(181): GuzzleHttp\Handler\CurlFactory::finish(Object(GuzzleHttp\Handler\CurlMultiHandler), Object(GuzzleHttp\Handler\EasyHandle), Object(GuzzleHttp\Handler\CurlFactory))
#3 E:\xampp73\htdocs\filecroco\loader\vendor\guzzlehttp\guzzle\src\Handler\CurlMultiHandler.php(110): GuzzleHttp\Handler\CurlMultiHandler->processMessages()
#4 E:\xampp73\htdocs\filecroco\loader\vendor\guzzlehttp\guzzle\src\Handler\CurlMultiHandler.php(125): GuzzleHttp\Handler\CurlMultiHandler->tick()
#5 E:\xampp73\htdocs\filecroco\loader\vendor\guzzlehttp\promises\src\Promise.php(246): GuzzleHttp\Handler\CurlMultiHandler->execute(true)
#6 E:\xampp73\htdocs\filecroco\loader\vendor\guzzlehttp\promises\src\Promise.php(223): GuzzleHttp\Promise\Promise->invokeWaitFn()
#7 E:\xampp73\htdocs\filecroco\loader\vendor\guzzlehttp\promises\src\Promise.php(267): GuzzleHttp\Promise\Promise->waitIfPending()
#8 E:\xampp73\htdocs\filecroco\loader\vendor\guzzlehttp\promises\src\Promise.php(225): GuzzleHttp\Promise\Promise->invokeWaitList()
#9 E:\xampp73\htdocs\filecroco\loader\vendor\guzzlehttp\promises\src\Promise.php(62): GuzzleHttp\Promise\Promise->waitIfPending()
#10 E:\xampp73\htdocs\filecroco\loader\vendor\guzzlehttp\promises\src\EachPromise.php(101): GuzzleHttp\Promise\Promise->wait()
#11 E:\xampp73\htdocs\filecroco\loader\vendor\guzzlehttp\promises\src\Promise.php(246): GuzzleHttp\Promise\EachPromise->GuzzleHttp\Promise\{closure}(true)
#12 E:\xampp73\htdocs\filecroco\loader\vendor\guzzlehttp\promises\src\Promise.php(223): GuzzleHttp\Promise\Promise->invokeWaitFn()
#13 E:\xampp73\htdocs\filecroco\loader\vendor\guzzlehttp\promises\src\Promise.php(62): GuzzleHttp\Promise\Promise->waitIfPending()
#14 E:\xampp73\htdocs\filecroco\loader\updatedownloadlink.php(95): GuzzleHttp\Promise\Promise->wait()
#15 {main}|871GuzzleHttp\Exception\RequestException: cURL error 56:  (see http://curl.haxx.se/libcurl/c/libcurl-errors.html) in E:\xampp73\htdocs\filecroco\loader\vendor\guzzlehttp\guzzle\src\Handler\CurlFactory.php:186
Stack trace:
#0 E:\xampp73\htdocs\filecroco\loader\vendor\guzzlehttp\guzzle\src\Handler\CurlFactory.php(149): GuzzleHttp\Handler\CurlFactory::createRejection(Object(GuzzleHttp\Handler\EasyHandle), Array)
#1 E:\xampp73\htdocs\filecroco\loader\vendor\guzzlehttp\guzzle\src\Handler\CurlFactory.php(102): GuzzleHttp\Handler\CurlFactory::finishError(Object(GuzzleHttp\Handler\CurlMultiHandler), Object(GuzzleHttp\Handler\EasyHandle), Object(GuzzleHttp\Handler\CurlFactory))
#2 E:\xampp73\htdocs\filecroco\loader\vendor\guzzlehttp\guzzle\src\Handler\CurlMultiHandler.php(181): GuzzleHttp\Handler\CurlFactory::finish(Object(GuzzleHttp\Handler\CurlMultiHandler), Object(GuzzleHttp\Handler\EasyHandle), Object(GuzzleHttp\Handler\CurlFactory))
#3 E:\xampp73\htdocs\filecroco\loader\vendor\guzzlehttp\guzzle\src\Handler\CurlMultiHandler.php(110): GuzzleHttp\Handler\CurlMultiHandler->processMessages()
#4 E:\xampp73\htdocs\filecroco\loader\vendor\guzzlehttp\guzzle\src\Handler\CurlMultiHandler.php(125): GuzzleHttp\Handler\CurlMultiHandler->tick()
#5 E:\xampp73\htdocs\filecroco\loader\vendor\guzzlehttp\promises\src\Promise.php(246): GuzzleHttp\Handler\CurlMultiHandler->execute(true)
#6 E:\xampp73\htdocs\filecroco\loader\vendor\guzzlehttp\promises\src\Promise.php(223): GuzzleHttp\Promise\Promise->invokeWaitFn()
#7 E:\xampp73\htdocs\filecroco\loader\vendor\guzzlehttp\promises\src\Promise.php(267): GuzzleHttp\Promise\Promise->waitIfPending()
#8 E:\xampp73\htdocs\filecroco\loader\vendor\guzzlehttp\promises\src\Promise.php(225): GuzzleHttp\Promise\Promise->invokeWaitList()
#9 E:\xampp73\htdocs\filecroco\loader\vendor\guzzlehttp\promises\src\Promise.php(62): GuzzleHttp\Promise\Promise->waitIfPending()
#10 E:\xampp73\htdocs\filecroco\loader\vendor\guzzlehttp\promises\src\EachPromise.php(101): GuzzleHttp\Promise\Promise->wait()
#11 E:\xampp73\htdocs\filecroco\loader\vendor\guzzlehttp\promises\src\Promise.php(246): GuzzleHttp\Promise\EachPromise->GuzzleHttp\Promise\{closure}(true)
#12 E:\xampp73\htdocs\filecroco\loader\vendor\guzzlehttp\promises\src\Promise.php(223): GuzzleHttp\Promise\Promise->invokeWaitFn()
#13 E:\xampp73\htdocs\filecroco\loader\vendor\guzzlehttp\promises\src\Promise.php(62): GuzzleHttp\Promise\Promise->waitIfPending()
#14 E:\xampp73\htdocs\filecroco\loader\updatedownloadlink.php(95): GuzzleHttp\Promise\Promise->wait()
#15 {main}|872GuzzleHttp\Exception\RequestException: cURL error 56:  (see http://curl.haxx.se/libcurl/c/libcurl-errors.html) in E:\xampp73\htdocs\filecroco\loader\vendor\guzzlehttp\guzzle\src\Handler\CurlFactory.php:186
Stack trace:
#0 E:\xampp73\htdocs\filecroco\loader\vendor\guzzlehttp\guzzle\src\Handler\CurlFactory.php(149): GuzzleHttp\Handler\CurlFactory::createRejection(Object(GuzzleHttp\Handler\EasyHandle), Array)
#1 E:\xampp73\htdocs\filecroco\loader\vendor\guzzlehttp\guzzle\src\Handler\CurlFactory.php(102): GuzzleHttp\Handler\CurlFactory::finishError(Object(GuzzleHttp\Handler\CurlMultiHandler), Object(GuzzleHttp\Handler\EasyHandle), Object(GuzzleHttp\Handler\CurlFactory))
#2 E:\xampp73\htdocs\filecroco\loader\vendor\guzzlehttp\guzzle\src\Handler\CurlMultiHandler.php(181): GuzzleHttp\Handler\CurlFactory::finish(Object(GuzzleHttp\Handler\CurlMultiHandler), Object(GuzzleHttp\Handler\EasyHandle), Object(GuzzleHttp\Handler\CurlFactory))
#3 E:\xampp73\htdocs\filecroco\loader\vendor\guzzlehttp\guzzle\src\Handler\CurlMultiHandler.php(110): GuzzleHttp\Handler\CurlMultiHandler->processMessages()
#4 E:\xampp73\htdocs\filecroco\loader\vendor\guzzlehttp\guzzle\src\Handler\CurlMultiHandler.php(125): GuzzleHttp\Handler\CurlMultiHandler->tick()
#5 E:\xampp73\htdocs\filecroco\loader\vendor\guzzlehttp\promises\src\Promise.php(246): GuzzleHttp\Handler\CurlMultiHandler->execute(true)
#6 E:\xampp73\htdocs\filecroco\loader\vendor\guzzlehttp\promises\src\Promise.php(223): GuzzleHttp\Promise\Promise->invokeWaitFn()
#7 E:\xampp73\htdocs\filecroco\loader\vendor\guzzlehttp\promises\src\Promise.php(267): GuzzleHttp\Promise\Promise->waitIfPending()
#8 E:\xampp73\htdocs\filecroco\loader\vendor\guzzlehttp\promises\src\Promise.php(225): GuzzleHttp\Promise\Promise->invokeWaitList()
#9 E:\xampp73\htdocs\filecroco\loader\vendor\guzzlehttp\promises\src\Promise.php(62): GuzzleHttp\Promise\Promise->waitIfPending()
#10 E:\xampp73\htdocs\filecroco\loader\vendor\guzzlehttp\promises\src\EachPromise.php(101): GuzzleHttp\Promise\Promise->wait()
#11 E:\xampp73\htdocs\filecroco\loader\vendor\guzzlehttp\promises\src\Promise.php(246): GuzzleHttp\Promise\EachPromise->GuzzleHttp\Promise\{closure}(true)
#12 E:\xampp73\htdocs\filecroco\loader\vendor\guzzlehttp\promises\src\Promise.php(223): GuzzleHttp\Promise\Promise->invokeWaitFn()
#13 E:\xampp73\htdocs\filecroco\loader\vendor\guzzlehttp\promises\src\Promise.php(62): GuzzleHttp\Promise\Promise->waitIfPending()
#14 E:\xampp73\htdocs\filecroco\loader\updatedownloadlink.php(95): GuzzleHttp\Promise\Promise->wait()
#15 {main}|873GuzzleHttp\Exception\RequestException: cURL error 56:  (see http://curl.haxx.se/libcurl/c/libcurl-errors.html) in E:\xampp73\htdocs\filecroco\loader\vendor\guzzlehttp\guzzle\src\Handler\CurlFactory.php:186
Stack trace:
#0 E:\xampp73\htdocs\filecroco\loader\vendor\guzzlehttp\guzzle\src\Handler\CurlFactory.php(149): GuzzleHttp\Handler\CurlFactory::createRejection(Object(GuzzleHttp\Handler\EasyHandle), Array)
#1 E:\xampp73\htdocs\filecroco\loader\vendor\guzzlehttp\guzzle\src\Handler\CurlFactory.php(102): GuzzleHttp\Handler\CurlFactory::finishError(Object(GuzzleHttp\Handler\CurlMultiHandler), Object(GuzzleHttp\Handler\EasyHandle), Object(GuzzleHttp\Handler\CurlFactory))
#2 E:\xampp73\htdocs\filecroco\loader\vendor\guzzlehttp\guzzle\src\Handler\CurlMultiHandler.php(181): GuzzleHttp\Handler\CurlFactory::finish(Object(GuzzleHttp\Handler\CurlMultiHandler), Object(GuzzleHttp\Handler\EasyHandle), Object(GuzzleHttp\Handler\CurlFactory))
#3 E:\xampp73\htdocs\filecroco\loader\vendor\guzzlehttp\guzzle\src\Handler\CurlMultiHandler.php(110): GuzzleHttp\Handler\CurlMultiHandler->processMessages()
#4 E:\xampp73\htdocs\filecroco\loader\vendor\guzzlehttp\guzzle\src\Handler\CurlMultiHandler.php(125): GuzzleHttp\Handler\CurlMultiHandler->tick()
#5 E:\xampp73\htdocs\filecroco\loader\vendor\guzzlehttp\promises\src\Promise.php(246): GuzzleHttp\Handler\CurlMultiHandler->execute(true)
#6 E:\xampp73\htdocs\filecroco\loader\vendor\guzzlehttp\promises\src\Promise.php(223): GuzzleHttp\Promise\Promise->invokeWaitFn()
#7 E:\xampp73\htdocs\filecroco\loader\vendor\guzzlehttp\promises\src\Promise.php(267): GuzzleHttp\Promise\Promise->waitIfPending()
#8 E:\xampp73\htdocs\filecroco\loader\vendor\guzzlehttp\promises\src\Promise.php(225): GuzzleHttp\Promise\Promise->invokeWaitList()
#9 E:\xampp73\htdocs\filecroco\loader\vendor\guzzlehttp\promises\src\Promise.php(62): GuzzleHttp\Promise\Promise->waitIfPending()
#10 E:\xampp73\htdocs\filecroco\loader\vendor\guzzlehttp\promises\src\EachPromise.php(101): GuzzleHttp\Promise\Promise->wait()
#11 E:\xampp73\htdocs\filecroco\loader\vendor\guzzlehttp\promises\src\Promise.php(246): GuzzleHttp\Promise\EachPromise->GuzzleHttp\Promise\{closure}(true)
#12 E:\xampp73\htdocs\filecroco\loader\vendor\guzzlehttp\promises\src\Promise.php(223): GuzzleHttp\Promise\Promise->invokeWaitFn()
#13 E:\xampp73\htdocs\filecroco\loader\vendor\guzzlehttp\promises\src\Promise.php(62): GuzzleHttp\Promise\Promise->waitIfPending()
#14 E:\xampp73\htdocs\filecroco\loader\updatedownloadlink.php(95): GuzzleHttp\Promise\Promise->wait()
#15 {main}|874GuzzleHttp\Exception\RequestException: cURL error 56:  (see http://curl.haxx.se/libcurl/c/libcurl-errors.html) in E:\xampp73\htdocs\filecroco\loader\vendor\guzzlehttp\guzzle\src\Handler\CurlFactory.php:186
Stack trace:
#0 E:\xampp73\htdocs\filecroco\loader\vendor\guzzlehttp\guzzle\src\Handler\CurlFactory.php(149): GuzzleHttp\Handler\CurlFactory::createRejection(Object(GuzzleHttp\Handler\EasyHandle), Array)
#1 E:\xampp73\htdocs\filecroco\loader\vendor\guzzlehttp\guzzle\src\Handler\CurlFactory.php(102): GuzzleHttp\Handler\CurlFactory::finishError(Object(GuzzleHttp\Handler\CurlMultiHandler), Object(GuzzleHttp\Handler\EasyHandle), Object(GuzzleHttp\Handler\CurlFactory))
#2 E:\xampp73\htdocs\filecroco\loader\vendor\guzzlehttp\guzzle\src\Handler\CurlMultiHandler.php(181): GuzzleHttp\Handler\CurlFactory::finish(Object(GuzzleHttp\Handler\CurlMultiHandler), Object(GuzzleHttp\Handler\EasyHandle), Object(GuzzleHttp\Handler\CurlFactory))
#3 E:\xampp73\htdocs\filecroco\loader\vendor\guzzlehttp\guzzle\src\Handler\CurlMultiHandler.php(110): GuzzleHttp\Handler\CurlMultiHandler->processMessages()
#4 E:\xampp73\htdocs\filecroco\loader\vendor\guzzlehttp\guzzle\src\Handler\CurlMultiHandler.php(125): GuzzleHttp\Handler\CurlMultiHandler->tick()
#5 E:\xampp73\htdocs\filecroco\loader\vendor\guzzlehttp\promises\src\Promise.php(246): GuzzleHttp\Handler\CurlMultiHandler->execute(true)
#6 E:\xampp73\htdocs\filecroco\loader\vendor\guzzlehttp\promises\src\Promise.php(223): GuzzleHttp\Promise\Promise->invokeWaitFn()
#7 E:\xampp73\htdocs\filecroco\loader\vendor\guzzlehttp\promises\src\Promise.php(267): GuzzleHttp\Promise\Promise->waitIfPending()
#8 E:\xampp73\htdocs\filecroco\loader\vendor\guzzlehttp\promises\src\Promise.php(225): GuzzleHttp\Promise\Promise->invokeWaitList()
#9 E:\xampp73\htdocs\filecroco\loader\vendor\guzzlehttp\promises\src\Promise.php(62): GuzzleHttp\Promise\Promise->waitIfPending()
#10 E:\xampp73\htdocs\filecroco\loader\vendor\guzzlehttp\promises\src\EachPromise.php(101): GuzzleHttp\Promise\Promise->wait()
#11 E:\xampp73\htdocs\filecroco\loader\vendor\guzzlehttp\promises\src\Promise.php(246): GuzzleHttp\Promise\EachPromise->GuzzleHttp\Promise\{closure}(true)
#12 E:\xampp73\htdocs\filecroco\loader\vendor\guzzlehttp\promises\src\Promise.php(223): GuzzleHttp\Promise\Promise->invokeWaitFn()
#13 E:\xampp73\htdocs\filecroco\loader\vendor\guzzlehttp\promises\src\Promise.php(62): GuzzleHttp\Promise\Promise->waitIfPending()
#14 E:\xampp73\htdocs\filecroco\loader\updatedownloadlink.php(95): GuzzleHttp\Promise\Promise->wait()
#15 {main}|875GuzzleHttp\Exception\RequestException: cURL error 56:  (see http://curl.haxx.se/libcurl/c/libcurl-errors.html) in E:\xampp73\htdocs\filecroco\loader\vendor\guzzlehttp\guzzle\src\Handler\CurlFactory.php:186
Stack trace:
#0 E:\xampp73\htdocs\filecroco\loader\vendor\guzzlehttp\guzzle\src\Handler\CurlFactory.php(149): GuzzleHttp\Handler\CurlFactory::createRejection(Object(GuzzleHttp\Handler\EasyHandle), Array)
#1 E:\xampp73\htdocs\filecroco\loader\vendor\guzzlehttp\guzzle\src\Handler\CurlFactory.php(102): GuzzleHttp\Handler\CurlFactory::finishError(Object(GuzzleHttp\Handler\CurlMultiHandler), Object(GuzzleHttp\Handler\EasyHandle), Object(GuzzleHttp\Handler\CurlFactory))
#2 E:\xampp73\htdocs\filecroco\loader\vendor\guzzlehttp\guzzle\src\Handler\CurlMultiHandler.php(181): GuzzleHttp\Handler\CurlFactory::finish(Object(GuzzleHttp\Handler\CurlMultiHandler), Object(GuzzleHttp\Handler\EasyHandle), Object(GuzzleHttp\Handler\CurlFactory))
#3 E:\xampp73\htdocs\filecroco\loader\vendor\guzzlehttp\guzzle\src\Handler\CurlMultiHandler.php(110): GuzzleHttp\Handler\CurlMultiHandler->processMessages()
#4 E:\xampp73\htdocs\filecroco\loader\vendor\guzzlehttp\guzzle\src\Handler\CurlMultiHandler.php(125): GuzzleHttp\Handler\CurlMultiHandler->tick()
#5 E:\xampp73\htdocs\filecroco\loader\vendor\guzzlehttp\promises\src\Promise.php(246): GuzzleHttp\Handler\CurlMultiHandler->execute(true)
#6 E:\xampp73\htdocs\filecroco\loader\vendor\guzzlehttp\promises\src\Promise.php(223): GuzzleHttp\Promise\Promise->invokeWaitFn()
#7 E:\xampp73\htdocs\filecroco\loader\vendor\guzzlehttp\promises\src\Promise.php(267): GuzzleHttp\Promise\Promise->waitIfPending()
#8 E:\xampp73\htdocs\filecroco\loader\vendor\guzzlehttp\promises\src\Promise.php(225): GuzzleHttp\Promise\Promise->invokeWaitList()
#9 E:\xampp73\htdocs\filecroco\loader\vendor\guzzlehttp\promises\src\Promise.php(62): GuzzleHttp\Promise\Promise->waitIfPending()
#10 E:\xampp73\htdocs\filecroco\loader\vendor\guzzlehttp\promises\src\EachPromise.php(101): GuzzleHttp\Promise\Promise->wait()
#11 E:\xampp73\htdocs\filecroco\loader\vendor\guzzlehttp\promises\src\Promise.php(246): GuzzleHttp\Promise\EachPromise->GuzzleHttp\Promise\{closure}(true)
#12 E:\xampp73\htdocs\filecroco\loader\vendor\guzzlehttp\promises\src\Promise.php(223): GuzzleHttp\Promise\Promise->invokeWaitFn()
#13 E:\xampp73\htdocs\filecroco\loader\vendor\guzzlehttp\promises\src\Promise.php(62): GuzzleHttp\Promise\Promise->waitIfPending()
#14 E:\xampp73\htdocs\filecroco\loader\updatedownloadlink.php(95): GuzzleHttp\Promise\Promise->wait()
#15 {main}|876GuzzleHttp\Exception\RequestException: cURL error 56:  (see http://curl.haxx.se/libcurl/c/libcurl-errors.html) in E:\xampp73\htdocs\filecroco\loader\vendor\guzzlehttp\guzzle\src\Handler\CurlFactory.php:186
Stack trace:
#0 E:\xampp73\htdocs\filecroco\loader\vendor\guzzlehttp\guzzle\src\Handler\CurlFactory.php(149): GuzzleHttp\Handler\CurlFactory::createRejection(Object(GuzzleHttp\Handler\EasyHandle), Array)
#1 E:\xampp73\htdocs\filecroco\loader\vendor\guzzlehttp\guzzle\src\Handler\CurlFactory.php(102): GuzzleHttp\Handler\CurlFactory::finishError(Object(GuzzleHttp\Handler\CurlMultiHandler), Object(GuzzleHttp\Handler\EasyHandle), Object(GuzzleHttp\Handler\CurlFactory))
#2 E:\xampp73\htdocs\filecroco\loader\vendor\guzzlehttp\guzzle\src\Handler\CurlMultiHandler.php(181): GuzzleHttp\Handler\CurlFactory::finish(Object(GuzzleHttp\Handler\CurlMultiHandler), Object(GuzzleHttp\Handler\EasyHandle), Object(GuzzleHttp\Handler\CurlFactory))
#3 E:\xampp73\htdocs\filecroco\loader\vendor\guzzlehttp\guzzle\src\Handler\CurlMultiHandler.php(110): GuzzleHttp\Handler\CurlMultiHandler->processMessages()
#4 E:\xampp73\htdocs\filecroco\loader\vendor\guzzlehttp\guzzle\src\Handler\CurlMultiHandler.php(125): GuzzleHttp\Handler\CurlMultiHandler->tick()
#5 E:\xampp73\htdocs\filecroco\loader\vendor\guzzlehttp\promises\src\Promise.php(246): GuzzleHttp\Handler\CurlMultiHandler->execute(true)
#6 E:\xampp73\htdocs\filecroco\loader\vendor\guzzlehttp\promises\src\Promise.php(223): GuzzleHttp\Promise\Promise->invokeWaitFn()
#7 E:\xampp73\htdocs\filecroco\loader\vendor\guzzlehttp\promises\src\Promise.php(267): GuzzleHttp\Promise\Promise->waitIfPending()
#8 E:\xampp73\htdocs\filecroco\loader\vendor\guzzlehttp\promises\src\Promise.php(225): GuzzleHttp\Promise\Promise->invokeWaitList()
#9 E:\xampp73\htdocs\filecroco\loader\vendor\guzzlehttp\promises\src\Promise.php(62): GuzzleHttp\Promise\Promise->waitIfPending()
#10 E:\xampp73\htdocs\filecroco\loader\vendor\guzzlehttp\promises\src\EachPromise.php(101): GuzzleHttp\Promise\Promise->wait()
#11 E:\xampp73\htdocs\filecroco\loader\vendor\guzzlehttp\promises\src\Promise.php(246): GuzzleHttp\Promise\EachPromise->GuzzleHttp\Promise\{closure}(true)
#12 E:\xampp73\htdocs\filecroco\loader\vendor\guzzlehttp\promises\src\Promise.php(223): GuzzleHttp\Promise\Promise->invokeWaitFn()
#13 E:\xampp73\htdocs\filecroco\loader\vendor\guzzlehttp\promises\src\Promise.php(62): GuzzleHttp\Promise\Promise->waitIfPending()
#14 E:\xampp73\htdocs\filecroco\loader\updatedownloadlink.php(95): GuzzleHttp\Promise\Promise->wait()
#15 {main}|877GuzzleHttp\Exception\RequestException: cURL error 56:  (see http://curl.haxx.se/libcurl/c/libcurl-errors.html) in E:\xampp73\htdocs\filecroco\loader\vendor\guzzlehttp\guzzle\src\Handler\CurlFactory.php:186
Stack trace:
#0 E:\xampp73\htdocs\filecroco\loader\vendor\guzzlehttp\guzzle\src\Handler\CurlFactory.php(149): GuzzleHttp\Handler\CurlFactory::createRejection(Object(GuzzleHttp\Handler\EasyHandle), Array)
#1 E:\xampp73\htdocs\filecroco\loader\vendor\guzzlehttp\guzzle\src\Handler\CurlFactory.php(102): GuzzleHttp\Handler\CurlFactory::finishError(Object(GuzzleHttp\Handler\CurlMultiHandler), Object(GuzzleHttp\Handler\EasyHandle), Object(GuzzleHttp\Handler\CurlFactory))
#2 E:\xampp73\htdocs\filecroco\loader\vendor\guzzlehttp\guzzle\src\Handler\CurlMultiHandler.php(181): GuzzleHttp\Handler\CurlFactory::finish(Object(GuzzleHttp\Handler\CurlMultiHandler), Object(GuzzleHttp\Handler\EasyHandle), Object(GuzzleHttp\Handler\CurlFactory))
#3 E:\xampp73\htdocs\filecroco\loader\vendor\guzzlehttp\guzzle\src\Handler\CurlMultiHandler.php(110): GuzzleHttp\Handler\CurlMultiHandler->processMessages()
#4 E:\xampp73\htdocs\filecroco\loader\vendor\guzzlehttp\guzzle\src\Handler\CurlMultiHandler.php(125): GuzzleHttp\Handler\CurlMultiHandler->tick()
#5 E:\xampp73\htdocs\filecroco\loader\vendor\guzzlehttp\promises\src\Promise.php(246): GuzzleHttp\Handler\CurlMultiHandler->execute(true)
#6 E:\xampp73\htdocs\filecroco\loader\vendor\guzzlehttp\promises\src\Promise.php(223): GuzzleHttp\Promise\Promise->invokeWaitFn()
#7 E:\xampp73\htdocs\filecroco\loader\vendor\guzzlehttp\promises\src\Promise.php(267): GuzzleHttp\Promise\Promise->waitIfPending()
#8 E:\xampp73\htdocs\filecroco\loader\vendor\guzzlehttp\promises\src\Promise.php(225): GuzzleHttp\Promise\Promise->invokeWaitList()
#9 E:\xampp73\htdocs\filecroco\loader\vendor\guzzlehttp\promises\src\Promise.php(62): GuzzleHttp\Promise\Promise->waitIfPending()
#10 E:\xampp73\htdocs\filecroco\loader\vendor\guzzlehttp\promises\src\EachPromise.php(101): GuzzleHttp\Promise\Promise->wait()
#11 E:\xampp73\htdocs\filecroco\loader\vendor\guzzlehttp\promises\src\Promise.php(246): GuzzleHttp\Promise\EachPromise->GuzzleHttp\Promise\{closure}(true)
#12 E:\xampp73\htdocs\filecroco\loader\vendor\guzzlehttp\promises\src\Promise.php(223): GuzzleHttp\Promise\Promise->invokeWaitFn()
#13 E:\xampp73\htdocs\filecroco\loader\vendor\guzzlehttp\promises\src\Promise.php(62): GuzzleHttp\Promise\Promise->waitIfPending()
#14 E:\xampp73\htdocs\filecroco\loader\updatedownloadlink.php(95): GuzzleHttp\Promise\Promise->wait()
#15 {main}|878GuzzleHttp\Exception\RequestException: cURL error 56:  (see http://curl.haxx.se/libcurl/c/libcurl-errors.html) in E:\xampp73\htdocs\filecroco\loader\vendor\guzzlehttp\guzzle\src\Handler\CurlFactory.php:186
Stack trace:
#0 E:\xampp73\htdocs\filecroco\loader\vendor\guzzlehttp\guzzle\src\Handler\CurlFactory.php(149): GuzzleHttp\Handler\CurlFactory::createRejection(Object(GuzzleHttp\Handler\EasyHandle), Array)
#1 E:\xampp73\htdocs\filecroco\loader\vendor\guzzlehttp\guzzle\src\Handler\CurlFactory.php(102): GuzzleHttp\Handler\CurlFactory::finishError(Object(GuzzleHttp\Handler\CurlMultiHandler), Object(GuzzleHttp\Handler\EasyHandle), Object(GuzzleHttp\Handler\CurlFactory))
#2 E:\xampp73\htdocs\filecroco\loader\vendor\guzzlehttp\guzzle\src\Handler\CurlMultiHandler.php(181): GuzzleHttp\Handler\CurlFactory::finish(Object(GuzzleHttp\Handler\CurlMultiHandler), Object(GuzzleHttp\Handler\EasyHandle), Object(GuzzleHttp\Handler\CurlFactory))
#3 E:\xampp73\htdocs\filecroco\loader\vendor\guzzlehttp\guzzle\src\Handler\CurlMultiHandler.php(110): GuzzleHttp\Handler\CurlMultiHandler->processMessages()
#4 E:\xampp73\htdocs\filecroco\loader\vendor\guzzlehttp\guzzle\src\Handler\CurlMultiHandler.php(125): GuzzleHttp\Handler\CurlMultiHandler->tick()
#5 E:\xampp73\htdocs\filecroco\loader\vendor\guzzlehttp\promises\src\Promise.php(246): GuzzleHttp\Handler\CurlMultiHandler->execute(true)
#6 E:\xampp73\htdocs\filecroco\loader\vendor\guzzlehttp\promises\src\Promise.php(223): GuzzleHttp\Promise\Promise->invokeWaitFn()
#7 E:\xampp73\htdocs\filecroco\loader\vendor\guzzlehttp\promises\src\Promise.php(267): GuzzleHttp\Promise\Promise->waitIfPending()
#8 E:\xampp73\htdocs\filecroco\loader\vendor\guzzlehttp\promises\src\Promise.php(225): GuzzleHttp\Promise\Promise->invokeWaitList()
#9 E:\xampp73\htdocs\filecroco\loader\vendor\guzzlehttp\promises\src\Promise.php(62): GuzzleHttp\Promise\Promise->waitIfPending()
#10 E:\xampp73\htdocs\filecroco\loader\vendor\guzzlehttp\promises\src\EachPromise.php(101): GuzzleHttp\Promise\Promise->wait()
#11 E:\xampp73\htdocs\filecroco\loader\vendor\guzzlehttp\promises\src\Promise.php(246): GuzzleHttp\Promise\EachPromise->GuzzleHttp\Promise\{closure}(true)
#12 E:\xampp73\htdocs\filecroco\loader\vendor\guzzlehttp\promises\src\Promise.php(223): GuzzleHttp\Promise\Promise->invokeWaitFn()
#13 E:\xampp73\htdocs\filecroco\loader\vendor\guzzlehttp\promises\src\Promise.php(62): GuzzleHttp\Promise\Promise->waitIfPending()
#14 E:\xampp73\htdocs\filecroco\loader\updatedownloadlink.php(95): GuzzleHttp\Promise\Promise->wait()
#15 {main}|879GuzzleHttp\Exception\RequestException: cURL error 56:  (see http://curl.haxx.se/libcurl/c/libcurl-errors.html) in E:\xampp73\htdocs\filecroco\loader\vendor\guzzlehttp\guzzle\src\Handler\CurlFactory.php:186
Stack trace:
#0 E:\xampp73\htdocs\filecroco\loader\vendor\guzzlehttp\guzzle\src\Handler\CurlFactory.php(149): GuzzleHttp\Handler\CurlFactory::createRejection(Object(GuzzleHttp\Handler\EasyHandle), Array)
#1 E:\xampp73\htdocs\filecroco\loader\vendor\guzzlehttp\guzzle\src\Handler\CurlFactory.php(102): GuzzleHttp\Handler\CurlFactory::finishError(Object(GuzzleHttp\Handler\CurlMultiHandler), Object(GuzzleHttp\Handler\EasyHandle), Object(GuzzleHttp\Handler\CurlFactory))
#2 E:\xampp73\htdocs\filecroco\loader\vendor\guzzlehttp\guzzle\src\Handler\CurlMultiHandler.php(181): GuzzleHttp\Handler\CurlFactory::finish(Object(GuzzleHttp\Handler\CurlMultiHandler), Object(GuzzleHttp\Handler\EasyHandle), Object(GuzzleHttp\Handler\CurlFactory))
#3 E:\xampp73\htdocs\filecroco\loader\vendor\guzzlehttp\guzzle\src\Handler\CurlMultiHandler.php(110): GuzzleHttp\Handler\CurlMultiHandler->processMessages()
#4 E:\xampp73\htdocs\filecroco\loader\vendor\guzzlehttp\guzzle\src\Handler\CurlMultiHandler.php(125): GuzzleHttp\Handler\CurlMultiHandler->tick()
#5 E:\xampp73\htdocs\filecroco\loader\vendor\guzzlehttp\promises\src\Promise.php(246): GuzzleHttp\Handler\CurlMultiHandler->execute(true)
#6 E:\xampp73\htdocs\filecroco\loader\vendor\guzzlehttp\promises\src\Promise.php(223): GuzzleHttp\Promise\Promise->invokeWaitFn()
#7 E:\xampp73\htdocs\filecroco\loader\vendor\guzzlehttp\promises\src\Promise.php(267): GuzzleHttp\Promise\Promise->waitIfPending()
#8 E:\xampp73\htdocs\filecroco\loader\vendor\guzzlehttp\promises\src\Promise.php(225): GuzzleHttp\Promise\Promise->invokeWaitList()
#9 E:\xampp73\htdocs\filecroco\loader\vendor\guzzlehttp\promises\src\Promise.php(62): GuzzleHttp\Promise\Promise->waitIfPending()
#10 E:\xampp73\htdocs\filecroco\loader\vendor\guzzlehttp\promises\src\EachPromise.php(101): GuzzleHttp\Promise\Promise->wait()
#11 E:\xampp73\htdocs\filecroco\loader\vendor\guzzlehttp\promises\src\Promise.php(246): GuzzleHttp\Promise\EachPromise->GuzzleHttp\Promise\{closure}(true)
#12 E:\xampp73\htdocs\filecroco\loader\vendor\guzzlehttp\promises\src\Promise.php(223): GuzzleHttp\Promise\Promise->invokeWaitFn()
#13 E:\xampp73\htdocs\filecroco\loader\vendor\guzzlehttp\promises\src\Promise.php(62): GuzzleHttp\Promise\Promise->waitIfPending()
#14 E:\xampp73\htdocs\filecroco\loader\updatedownloadlink.php(95): GuzzleHttp\Promise\Promise->wait()
#15 {main}|880GuzzleHttp\Exception\RequestException: cURL error 56:  (see http://curl.haxx.se/libcurl/c/libcurl-errors.html) in E:\xampp73\htdocs\filecroco\loader\vendor\guzzlehttp\guzzle\src\Handler\CurlFactory.php:186
Stack trace:
#0 E:\xampp73\htdocs\filecroco\loader\vendor\guzzlehttp\guzzle\src\Handler\CurlFactory.php(149): GuzzleHttp\Handler\CurlFactory::createRejection(Object(GuzzleHttp\Handler\EasyHandle), Array)
#1 E:\xampp73\htdocs\filecroco\loader\vendor\guzzlehttp\guzzle\src\Handler\CurlFactory.php(102): GuzzleHttp\Handler\CurlFactory::finishError(Object(GuzzleHttp\Handler\CurlMultiHandler), Object(GuzzleHttp\Handler\EasyHandle), Object(GuzzleHttp\Handler\CurlFactory))
#2 E:\xampp73\htdocs\filecroco\loader\vendor\guzzlehttp\guzzle\src\Handler\CurlMultiHandler.php(181): GuzzleHttp\Handler\CurlFactory::finish(Object(GuzzleHttp\Handler\CurlMultiHandler), Object(GuzzleHttp\Handler\EasyHandle), Object(GuzzleHttp\Handler\CurlFactory))
#3 E:\xampp73\htdocs\filecroco\loader\vendor\guzzlehttp\guzzle\src\Handler\CurlMultiHandler.php(110): GuzzleHttp\Handler\CurlMultiHandler->processMessages()
#4 E:\xampp73\htdocs\filecroco\loader\vendor\guzzlehttp\guzzle\src\Handler\CurlMultiHandler.php(125): GuzzleHttp\Handler\CurlMultiHandler->tick()
#5 E:\xampp73\htdocs\filecroco\loader\vendor\guzzlehttp\promises\src\Promise.php(246): GuzzleHttp\Handler\CurlMultiHandler->execute(true)
#6 E:\xampp73\htdocs\filecroco\loader\vendor\guzzlehttp\promises\src\Promise.php(223): GuzzleHttp\Promise\Promise->invokeWaitFn()
#7 E:\xampp73\htdocs\filecroco\loader\vendor\guzzlehttp\promises\src\Promise.php(267): GuzzleHttp\Promise\Promise->waitIfPending()
#8 E:\xampp73\htdocs\filecroco\loader\vendor\guzzlehttp\promises\src\Promise.php(225): GuzzleHttp\Promise\Promise->invokeWaitList()
#9 E:\xampp73\htdocs\filecroco\loader\vendor\guzzlehttp\promises\src\Promise.php(62): GuzzleHttp\Promise\Promise->waitIfPending()
#10 E:\xampp73\htdocs\filecroco\loader\vendor\guzzlehttp\promises\src\EachPromise.php(101): GuzzleHttp\Promise\Promise->wait()
#11 E:\xampp73\htdocs\filecroco\loader\vendor\guzzlehttp\promises\src\Promise.php(246): GuzzleHttp\Promise\EachPromise->GuzzleHttp\Promise\{closure}(true)
#12 E:\xampp73\htdocs\filecroco\loader\vendor\guzzlehttp\promises\src\Promise.php(223): GuzzleHttp\Promise\Promise->invokeWaitFn()
#13 E:\xampp73\htdocs\filecroco\loader\vendor\guzzlehttp\promises\src\Promise.php(62): GuzzleHttp\Promise\Promise->waitIfPending()
#14 E:\xampp73\htdocs\filecroco\loader\updatedownloadlink.php(95): GuzzleHttp\Promise\Promise->wait()
#15 {main}|881GuzzleHttp\Exception\RequestException: cURL error 56:  (see http://curl.haxx.se/libcurl/c/libcurl-errors.html) in E:\xampp73\htdocs\filecroco\loader\vendor\guzzlehttp\guzzle\src\Handler\CurlFactory.php:186
Stack trace:
#0 E:\xampp73\htdocs\filecroco\loader\vendor\guzzlehttp\guzzle\src\Handler\CurlFactory.php(149): GuzzleHttp\Handler\CurlFactory::createRejection(Object(GuzzleHttp\Handler\EasyHandle), Array)
#1 E:\xampp73\htdocs\filecroco\loader\vendor\guzzlehttp\guzzle\src\Handler\CurlFactory.php(102): GuzzleHttp\Handler\CurlFactory::finishError(Object(GuzzleHttp\Handler\CurlMultiHandler), Object(GuzzleHttp\Handler\EasyHandle), Object(GuzzleHttp\Handler\CurlFactory))
#2 E:\xampp73\htdocs\filecroco\loader\vendor\guzzlehttp\guzzle\src\Handler\CurlMultiHandler.php(181): GuzzleHttp\Handler\CurlFactory::finish(Object(GuzzleHttp\Handler\CurlMultiHandler), Object(GuzzleHttp\Handler\EasyHandle), Object(GuzzleHttp\Handler\CurlFactory))
#3 E:\xampp73\htdocs\filecroco\loader\vendor\guzzlehttp\guzzle\src\Handler\CurlMultiHandler.php(110): GuzzleHttp\Handler\CurlMultiHandler->processMessages()
#4 E:\xampp73\htdocs\filecroco\loader\vendor\guzzlehttp\guzzle\src\Handler\CurlMultiHandler.php(125): GuzzleHttp\Handler\CurlMultiHandler->tick()
#5 E:\xampp73\htdocs\filecroco\loader\vendor\guzzlehttp\promises\src\Promise.php(246): GuzzleHttp\Handler\CurlMultiHandler->execute(true)
#6 E:\xampp73\htdocs\filecroco\loader\vendor\guzzlehttp\promises\src\Promise.php(223): GuzzleHttp\Promise\Promise->invokeWaitFn()
#7 E:\xampp73\htdocs\filecroco\loader\vendor\guzzlehttp\promises\src\Promise.php(267): GuzzleHttp\Promise\Promise->waitIfPending()
#8 E:\xampp73\htdocs\filecroco\loader\vendor\guzzlehttp\promises\src\Promise.php(225): GuzzleHttp\Promise\Promise->invokeWaitList()
#9 E:\xampp73\htdocs\filecroco\loader\vendor\guzzlehttp\promises\src\Promise.php(62): GuzzleHttp\Promise\Promise->waitIfPending()
#10 E:\xampp73\htdocs\filecroco\loader\vendor\guzzlehttp\promises\src\EachPromise.php(101): GuzzleHttp\Promise\Promise->wait()
#11 E:\xampp73\htdocs\filecroco\loader\vendor\guzzlehttp\promises\src\Promise.php(246): GuzzleHttp\Promise\EachPromise->GuzzleHttp\Promise\{closure}(true)
#12 E:\xampp73\htdocs\filecroco\loader\vendor\guzzlehttp\promises\src\Promise.php(223): GuzzleHttp\Promise\Promise->invokeWaitFn()
#13 E:\xampp73\htdocs\filecroco\loader\vendor\guzzlehttp\promises\src\Promise.php(62): GuzzleHttp\Promise\Promise->waitIfPending()
#14 E:\xampp73\htdocs\filecroco\loader\updatedownloadlink.php(95): GuzzleHttp\Promise\Promise->wait()
#15 {main}|882GuzzleHttp\Exception\RequestException: cURL error 56:  (see http://curl.haxx.se/libcurl/c/libcurl-errors.html) in E:\xampp73\htdocs\filecroco\loader\vendor\guzzlehttp\guzzle\src\Handler\CurlFactory.php:186
Stack trace:
#0 E:\xampp73\htdocs\filecroco\loader\vendor\guzzlehttp\guzzle\src\Handler\CurlFactory.php(149): GuzzleHttp\Handler\CurlFactory::createRejection(Object(GuzzleHttp\Handler\EasyHandle), Array)
#1 E:\xampp73\htdocs\filecroco\loader\vendor\guzzlehttp\guzzle\src\Handler\CurlFactory.php(102): GuzzleHttp\Handler\CurlFactory::finishError(Object(GuzzleHttp\Handler\CurlMultiHandler), Object(GuzzleHttp\Handler\EasyHandle), Object(GuzzleHttp\Handler\CurlFactory))
#2 E:\xampp73\htdocs\filecroco\loader\vendor\guzzlehttp\guzzle\src\Handler\CurlMultiHandler.php(181): GuzzleHttp\Handler\CurlFactory::finish(Object(GuzzleHttp\Handler\CurlMultiHandler), Object(GuzzleHttp\Handler\EasyHandle), Object(GuzzleHttp\Handler\CurlFactory))
#3 E:\xampp73\htdocs\filecroco\loader\vendor\guzzlehttp\guzzle\src\Handler\CurlMultiHandler.php(110): GuzzleHttp\Handler\CurlMultiHandler->processMessages()
#4 E:\xampp73\htdocs\filecroco\loader\vendor\guzzlehttp\guzzle\src\Handler\CurlMultiHandler.php(125): GuzzleHttp\Handler\CurlMultiHandler->tick()
#5 E:\xampp73\htdocs\filecroco\loader\vendor\guzzlehttp\promises\src\Promise.php(246): GuzzleHttp\Handler\CurlMultiHandler->execute(true)
#6 E:\xampp73\htdocs\filecroco\loader\vendor\guzzlehttp\promises\src\Promise.php(223): GuzzleHttp\Promise\Promise->invokeWaitFn()
#7 E:\xampp73\htdocs\filecroco\loader\vendor\guzzlehttp\promises\src\Promise.php(267): GuzzleHttp\Promise\Promise->waitIfPending()
#8 E:\xampp73\htdocs\filecroco\loader\vendor\guzzlehttp\promises\src\Promise.php(225): GuzzleHttp\Promise\Promise->invokeWaitList()
#9 E:\xampp73\htdocs\filecroco\loader\vendor\guzzlehttp\promises\src\Promise.php(62): GuzzleHttp\Promise\Promise->waitIfPending()
#10 E:\xampp73\htdocs\filecroco\loader\vendor\guzzlehttp\promises\src\EachPromise.php(101): GuzzleHttp\Promise\Promise->wait()
#11 E:\xampp73\htdocs\filecroco\loader\vendor\guzzlehttp\promises\src\Promise.php(246): GuzzleHttp\Promise\EachPromise->GuzzleHttp\Promise\{closure}(true)
#12 E:\xampp73\htdocs\filecroco\loader\vendor\guzzlehttp\promises\src\Promise.php(223): GuzzleHttp\Promise\Promise->invokeWaitFn()
#13 E:\xampp73\htdocs\filecroco\loader\vendor\guzzlehttp\promises\src\Promise.php(62): GuzzleHttp\Promise\Promise->waitIfPending()
#14 E:\xampp73\htdocs\filecroco\loader\updatedownloadlink.php(95): GuzzleHttp\Promise\Promise->wait()
#15 {main}|883GuzzleHttp\Exception\RequestException: cURL error 56:  (see http://curl.haxx.se/libcurl/c/libcurl-errors.html) in E:\xampp73\htdocs\filecroco\loader\vendor\guzzlehttp\guzzle\src\Handler\CurlFactory.php:186
Stack trace:
#0 E:\xampp73\htdocs\filecroco\loader\vendor\guzzlehttp\guzzle\src\Handler\CurlFactory.php(149): GuzzleHttp\Handler\CurlFactory::createRejection(Object(GuzzleHttp\Handler\EasyHandle), Array)
#1 E:\xampp73\htdocs\filecroco\loader\vendor\guzzlehttp\guzzle\src\Handler\CurlFactory.php(102): GuzzleHttp\Handler\CurlFactory::finishError(Object(GuzzleHttp\Handler\CurlMultiHandler), Object(GuzzleHttp\Handler\EasyHandle), Object(GuzzleHttp\Handler\CurlFactory))
#2 E:\xampp73\htdocs\filecroco\loader\vendor\guzzlehttp\guzzle\src\Handler\CurlMultiHandler.php(181): GuzzleHttp\Handler\CurlFactory::finish(Object(GuzzleHttp\Handler\CurlMultiHandler), Object(GuzzleHttp\Handler\EasyHandle), Object(GuzzleHttp\Handler\CurlFactory))
#3 E:\xampp73\htdocs\filecroco\loader\vendor\guzzlehttp\guzzle\src\Handler\CurlMultiHandler.php(110): GuzzleHttp\Handler\CurlMultiHandler->processMessages()
#4 E:\xampp73\htdocs\filecroco\loader\vendor\guzzlehttp\guzzle\src\Handler\CurlMultiHandler.php(125): GuzzleHttp\Handler\CurlMultiHandler->tick()
#5 E:\xampp73\htdocs\filecroco\loader\vendor\guzzlehttp\promises\src\Promise.php(246): GuzzleHttp\Handler\CurlMultiHandler->execute(true)
#6 E:\xampp73\htdocs\filecroco\loader\vendor\guzzlehttp\promises\src\Promise.php(223): GuzzleHttp\Promise\Promise->invokeWaitFn()
#7 E:\xampp73\htdocs\filecroco\loader\vendor\guzzlehttp\promises\src\Promise.php(267): GuzzleHttp\Promise\Promise->waitIfPending()
#8 E:\xampp73\htdocs\filecroco\loader\vendor\guzzlehttp\promises\src\Promise.php(225): GuzzleHttp\Promise\Promise->invokeWaitList()
#9 E:\xampp73\htdocs\filecroco\loader\vendor\guzzlehttp\promises\src\Promise.php(62): GuzzleHttp\Promise\Promise->waitIfPending()
#10 E:\xampp73\htdocs\filecroco\loader\vendor\guzzlehttp\promises\src\EachPromise.php(101): GuzzleHttp\Promise\Promise->wait()
#11 E:\xampp73\htdocs\filecroco\loader\vendor\guzzlehttp\promises\src\Promise.php(246): GuzzleHttp\Promise\EachPromise->GuzzleHttp\Promise\{closure}(true)
#12 E:\xampp73\htdocs\filecroco\loader\vendor\guzzlehttp\promises\src\Promise.php(223): GuzzleHttp\Promise\Promise->invokeWaitFn()
#13 E:\xampp73\htdocs\filecroco\loader\vendor\guzzlehttp\promises\src\Promise.php(62): GuzzleHttp\Promise\Promise->waitIfPending()
#14 E:\xampp73\htdocs\filecroco\loader\updatedownloadlink.php(95): GuzzleHttp\Promise\Promise->wait()
#15 {main}|884GuzzleHttp\Exception\RequestException: cURL error 56:  (see http://curl.haxx.se/libcurl/c/libcurl-errors.html) in E:\xampp73\htdocs\filecroco\loader\vendor\guzzlehttp\guzzle\src\Handler\CurlFactory.php:186
Stack trace:
#0 E:\xampp73\htdocs\filecroco\loader\vendor\guzzlehttp\guzzle\src\Handler\CurlFactory.php(149): GuzzleHttp\Handler\CurlFactory::createRejection(Object(GuzzleHttp\Handler\EasyHandle), Array)
#1 E:\xampp73\htdocs\filecroco\loader\vendor\guzzlehttp\guzzle\src\Handler\CurlFactory.php(102): GuzzleHttp\Handler\CurlFactory::finishError(Object(GuzzleHttp\Handler\CurlMultiHandler), Object(GuzzleHttp\Handler\EasyHandle), Object(GuzzleHttp\Handler\CurlFactory))
#2 E:\xampp73\htdocs\filecroco\loader\vendor\guzzlehttp\guzzle\src\Handler\CurlMultiHandler.php(181): GuzzleHttp\Handler\CurlFactory::finish(Object(GuzzleHttp\Handler\CurlMultiHandler), Object(GuzzleHttp\Handler\EasyHandle), Object(GuzzleHttp\Handler\CurlFactory))
#3 E:\xampp73\htdocs\filecroco\loader\vendor\guzzlehttp\guzzle\src\Handler\CurlMultiHandler.php(110): GuzzleHttp\Handler\CurlMultiHandler->processMessages()
#4 E:\xampp73\htdocs\filecroco\loader\vendor\guzzlehttp\guzzle\src\Handler\CurlMultiHandler.php(125): GuzzleHttp\Handler\CurlMultiHandler->tick()
#5 E:\xampp73\htdocs\filecroco\loader\vendor\guzzlehttp\promises\src\Promise.php(246): GuzzleHttp\Handler\CurlMultiHandler->execute(true)
#6 E:\xampp73\htdocs\filecroco\loader\vendor\guzzlehttp\promises\src\Promise.php(223): GuzzleHttp\Promise\Promise->invokeWaitFn()
#7 E:\xampp73\htdocs\filecroco\loader\vendor\guzzlehttp\promises\src\Promise.php(267): GuzzleHttp\Promise\Promise->waitIfPending()
#8 E:\xampp73\htdocs\filecroco\loader\vendor\guzzlehttp\promises\src\Promise.php(225): GuzzleHttp\Promise\Promise->invokeWaitList()
#9 E:\xampp73\htdocs\filecroco\loader\vendor\guzzlehttp\promises\src\Promise.php(62): GuzzleHttp\Promise\Promise->waitIfPending()
#10 E:\xampp73\htdocs\filecroco\loader\vendor\guzzlehttp\promises\src\EachPromise.php(101): GuzzleHttp\Promise\Promise->wait()
#11 E:\xampp73\htdocs\filecroco\loader\vendor\guzzlehttp\promises\src\Promise.php(246): GuzzleHttp\Promise\EachPromise->GuzzleHttp\Promise\{closure}(true)
#12 E:\xampp73\htdocs\filecroco\loader\vendor\guzzlehttp\promises\src\Promise.php(223): GuzzleHttp\Promise\Promise->invokeWaitFn()
#13 E:\xampp73\htdocs\filecroco\loader\vendor\guzzlehttp\promises\src\Promise.php(62): GuzzleHttp\Promise\Promise->waitIfPending()
#14 E:\xampp73\htdocs\filecroco\loader\updatedownloadlink.php(95): GuzzleHttp\Promise\Promise->wait()
#15 {main}|885GuzzleHttp\Exception\RequestException: cURL error 56:  (see http://curl.haxx.se/libcurl/c/libcurl-errors.html) in E:\xampp73\htdocs\filecroco\loader\vendor\guzzlehttp\guzzle\src\Handler\CurlFactory.php:186
Stack trace:
#0 E:\xampp73\htdocs\filecroco\loader\vendor\guzzlehttp\guzzle\src\Handler\CurlFactory.php(149): GuzzleHttp\Handler\CurlFactory::createRejection(Object(GuzzleHttp\Handler\EasyHandle), Array)
#1 E:\xampp73\htdocs\filecroco\loader\vendor\guzzlehttp\guzzle\src\Handler\CurlFactory.php(102): GuzzleHttp\Handler\CurlFactory::finishError(Object(GuzzleHttp\Handler\CurlMultiHandler), Object(GuzzleHttp\Handler\EasyHandle), Object(GuzzleHttp\Handler\CurlFactory))
#2 E:\xampp73\htdocs\filecroco\loader\vendor\guzzlehttp\guzzle\src\Handler\CurlMultiHandler.php(181): GuzzleHttp\Handler\CurlFactory::finish(Object(GuzzleHttp\Handler\CurlMultiHandler), Object(GuzzleHttp\Handler\EasyHandle), Object(GuzzleHttp\Handler\CurlFactory))
#3 E:\xampp73\htdocs\filecroco\loader\vendor\guzzlehttp\guzzle\src\Handler\CurlMultiHandler.php(110): GuzzleHttp\Handler\CurlMultiHandler->processMessages()
#4 E:\xampp73\htdocs\filecroco\loader\vendor\guzzlehttp\guzzle\src\Handler\CurlMultiHandler.php(125): GuzzleHttp\Handler\CurlMultiHandler->tick()
#5 E:\xampp73\htdocs\filecroco\loader\vendor\guzzlehttp\promises\src\Promise.php(246): GuzzleHttp\Handler\CurlMultiHandler->execute(true)
#6 E:\xampp73\htdocs\filecroco\loader\vendor\guzzlehttp\promises\src\Promise.php(223): GuzzleHttp\Promise\Promise->invokeWaitFn()
#7 E:\xampp73\htdocs\filecroco\loader\vendor\guzzlehttp\promises\src\Promise.php(267): GuzzleHttp\Promise\Promise->waitIfPending()
#8 E:\xampp73\htdocs\filecroco\loader\vendor\guzzlehttp\promises\src\Promise.php(225): GuzzleHttp\Promise\Promise->invokeWaitList()
#9 E:\xampp73\htdocs\filecroco\loader\vendor\guzzlehttp\promises\src\Promise.php(62): GuzzleHttp\Promise\Promise->waitIfPending()
#10 E:\xampp73\htdocs\filecroco\loader\vendor\guzzlehttp\promises\src\EachPromise.php(101): GuzzleHttp\Promise\Promise->wait()
#11 E:\xampp73\htdocs\filecroco\loader\vendor\guzzlehttp\promises\src\Promise.php(246): GuzzleHttp\Promise\EachPromise->GuzzleHttp\Promise\{closure}(true)
#12 E:\xampp73\htdocs\filecroco\loader\vendor\guzzlehttp\promises\src\Promise.php(223): GuzzleHttp\Promise\Promise->invokeWaitFn()
#13 E:\xampp73\htdocs\filecroco\loader\vendor\guzzlehttp\promises\src\Promise.php(62): GuzzleHttp\Promise\Promise->waitIfPending()
#14 E:\xampp73\htdocs\filecroco\loader\updatedownloadlink.php(95): GuzzleHttp\Promise\Promise->wait()
#15 {main}|886GuzzleHttp\Exception\RequestException: cURL error 56:  (see http://curl.haxx.se/libcurl/c/libcurl-errors.html) in E:\xampp73\htdocs\filecroco\loader\vendor\guzzlehttp\guzzle\src\Handler\CurlFactory.php:186
Stack trace:
#0 E:\xampp73\htdocs\filecroco\loader\vendor\guzzlehttp\guzzle\src\Handler\CurlFactory.php(149): GuzzleHttp\Handler\CurlFactory::createRejection(Object(GuzzleHttp\Handler\EasyHandle), Array)
#1 E:\xampp73\htdocs\filecroco\loader\vendor\guzzlehttp\guzzle\src\Handler\CurlFactory.php(102): GuzzleHttp\Handler\CurlFactory::finishError(Object(GuzzleHttp\Handler\CurlMultiHandler), Object(GuzzleHttp\Handler\EasyHandle), Object(GuzzleHttp\Handler\CurlFactory))
#2 E:\xampp73\htdocs\filecroco\loader\vendor\guzzlehttp\guzzle\src\Handler\CurlMultiHandler.php(181): GuzzleHttp\Handler\CurlFactory::finish(Object(GuzzleHttp\Handler\CurlMultiHandler), Object(GuzzleHttp\Handler\EasyHandle), Object(GuzzleHttp\Handler\CurlFactory))
#3 E:\xampp73\htdocs\filecroco\loader\vendor\guzzlehttp\guzzle\src\Handler\CurlMultiHandler.php(110): GuzzleHttp\Handler\CurlMultiHandler->processMessages()
#4 E:\xampp73\htdocs\filecroco\loader\vendor\guzzlehttp\guzzle\src\Handler\CurlMultiHandler.php(125): GuzzleHttp\Handler\CurlMultiHandler->tick()
#5 E:\xampp73\htdocs\filecroco\loader\vendor\guzzlehttp\promises\src\Promise.php(246): GuzzleHttp\Handler\CurlMultiHandler->execute(true)
#6 E:\xampp73\htdocs\filecroco\loader\vendor\guzzlehttp\promises\src\Promise.php(223): GuzzleHttp\Promise\Promise->invokeWaitFn()
#7 E:\xampp73\htdocs\filecroco\loader\vendor\guzzlehttp\promises\src\Promise.php(267): GuzzleHttp\Promise\Promise->waitIfPending()
#8 E:\xampp73\htdocs\filecroco\loader\vendor\guzzlehttp\promises\src\Promise.php(225): GuzzleHttp\Promise\Promise->invokeWaitList()
#9 E:\xampp73\htdocs\filecroco\loader\vendor\guzzlehttp\promises\src\Promise.php(62): GuzzleHttp\Promise\Promise->waitIfPending()
#10 E:\xampp73\htdocs\filecroco\loader\vendor\guzzlehttp\promises\src\EachPromise.php(101): GuzzleHttp\Promise\Promise->wait()
#11 E:\xampp73\htdocs\filecroco\loader\vendor\guzzlehttp\promises\src\Promise.php(246): GuzzleHttp\Promise\EachPromise->GuzzleHttp\Promise\{closure}(true)
#12 E:\xampp73\htdocs\filecroco\loader\vendor\guzzlehttp\promises\src\Promise.php(223): GuzzleHttp\Promise\Promise->invokeWaitFn()
#13 E:\xampp73\htdocs\filecroco\loader\vendor\guzzlehttp\promises\src\Promise.php(62): GuzzleHttp\Promise\Promise->waitIfPending()
#14 E:\xampp73\htdocs\filecroco\loader\updatedownloadlink.php(95): GuzzleHttp\Promise\Promise->wait()
#15 {main}|887GuzzleHttp\Exception\RequestException: cURL error 56:  (see http://curl.haxx.se/libcurl/c/libcurl-errors.html) in E:\xampp73\htdocs\filecroco\loader\vendor\guzzlehttp\guzzle\src\Handler\CurlFactory.php:186
Stack trace:
#0 E:\xampp73\htdocs\filecroco\loader\vendor\guzzlehttp\guzzle\src\Handler\CurlFactory.php(149): GuzzleHttp\Handler\CurlFactory::createRejection(Object(GuzzleHttp\Handler\EasyHandle), Array)
#1 E:\xampp73\htdocs\filecroco\loader\vendor\guzzlehttp\guzzle\src\Handler\CurlFactory.php(102): GuzzleHttp\Handler\CurlFactory::finishError(Object(GuzzleHttp\Handler\CurlMultiHandler), Object(GuzzleHttp\Handler\EasyHandle), Object(GuzzleHttp\Handler\CurlFactory))
#2 E:\xampp73\htdocs\filecroco\loader\vendor\guzzlehttp\guzzle\src\Handler\CurlMultiHandler.php(181): GuzzleHttp\Handler\CurlFactory::finish(Object(GuzzleHttp\Handler\CurlMultiHandler), Object(GuzzleHttp\Handler\EasyHandle), Object(GuzzleHttp\Handler\CurlFactory))
#3 E:\xampp73\htdocs\filecroco\loader\vendor\guzzlehttp\guzzle\src\Handler\CurlMultiHandler.php(110): GuzzleHttp\Handler\CurlMultiHandler->processMessages()
#4 E:\xampp73\htdocs\filecroco\loader\vendor\guzzlehttp\guzzle\src\Handler\CurlMultiHandler.php(125): GuzzleHttp\Handler\CurlMultiHandler->tick()
#5 E:\xampp73\htdocs\filecroco\loader\vendor\guzzlehttp\promises\src\Promise.php(246): GuzzleHttp\Handler\CurlMultiHandler->execute(true)
#6 E:\xampp73\htdocs\filecroco\loader\vendor\guzzlehttp\promises\src\Promise.php(223): GuzzleHttp\Promise\Promise->invokeWaitFn()
#7 E:\xampp73\htdocs\filecroco\loader\vendor\guzzlehttp\promises\src\Promise.php(267): GuzzleHttp\Promise\Promise->waitIfPending()
#8 E:\xampp73\htdocs\filecroco\loader\vendor\guzzlehttp\promises\src\Promise.php(225): GuzzleHttp\Promise\Promise->invokeWaitList()
#9 E:\xampp73\htdocs\filecroco\loader\vendor\guzzlehttp\promises\src\Promise.php(62): GuzzleHttp\Promise\Promise->waitIfPending()
#10 E:\xampp73\htdocs\filecroco\loader\vendor\guzzlehttp\promises\src\EachPromise.php(101): GuzzleHttp\Promise\Promise->wait()
#11 E:\xampp73\htdocs\filecroco\loader\vendor\guzzlehttp\promises\src\Promise.php(246): GuzzleHttp\Promise\EachPromise->GuzzleHttp\Promise\{closure}(true)
#12 E:\xampp73\htdocs\filecroco\loader\vendor\guzzlehttp\promises\src\Promise.php(223): GuzzleHttp\Promise\Promise->invokeWaitFn()
#13 E:\xampp73\htdocs\filecroco\loader\vendor\guzzlehttp\promises\src\Promise.php(62): GuzzleHttp\Promise\Promise->waitIfPending()
#14 E:\xampp73\htdocs\filecroco\loader\updatedownloadlink.php(95): GuzzleHttp\Promise\Promise->wait()
#15 {main}|888GuzzleHttp\Exception\RequestException: cURL error 56:  (see http://curl.haxx.se/libcurl/c/libcurl-errors.html) in E:\xampp73\htdocs\filecroco\loader\vendor\guzzlehttp\guzzle\src\Handler\CurlFactory.php:186
Stack trace:
#0 E:\xampp73\htdocs\filecroco\loader\vendor\guzzlehttp\guzzle\src\Handler\CurlFactory.php(149): GuzzleHttp\Handler\CurlFactory::createRejection(Object(GuzzleHttp\Handler\EasyHandle), Array)
#1 E:\xampp73\htdocs\filecroco\loader\vendor\guzzlehttp\guzzle\src\Handler\CurlFactory.php(102): GuzzleHttp\Handler\CurlFactory::finishError(Object(GuzzleHttp\Handler\CurlMultiHandler), Object(GuzzleHttp\Handler\EasyHandle), Object(GuzzleHttp\Handler\CurlFactory))
#2 E:\xampp73\htdocs\filecroco\loader\vendor\guzzlehttp\guzzle\src\Handler\CurlMultiHandler.php(181): GuzzleHttp\Handler\CurlFactory::finish(Object(GuzzleHttp\Handler\CurlMultiHandler), Object(GuzzleHttp\Handler\EasyHandle), Object(GuzzleHttp\Handler\CurlFactory))
#3 E:\xampp73\htdocs\filecroco\loader\vendor\guzzlehttp\guzzle\src\Handler\CurlMultiHandler.php(110): GuzzleHttp\Handler\CurlMultiHandler->processMessages()
#4 E:\xampp73\htdocs\filecroco\loader\vendor\guzzlehttp\guzzle\src\Handler\CurlMultiHandler.php(125): GuzzleHttp\Handler\CurlMultiHandler->tick()
#5 E:\xampp73\htdocs\filecroco\loader\vendor\guzzlehttp\promises\src\Promise.php(246): GuzzleHttp\Handler\CurlMultiHandler->execute(true)
#6 E:\xampp73\htdocs\filecroco\loader\vendor\guzzlehttp\promises\src\Promise.php(223): GuzzleHttp\Promise\Promise->invokeWaitFn()
#7 E:\xampp73\htdocs\filecroco\loader\vendor\guzzlehttp\promises\src\Promise.php(267): GuzzleHttp\Promise\Promise->waitIfPending()
#8 E:\xampp73\htdocs\filecroco\loader\vendor\guzzlehttp\promises\src\Promise.php(225): GuzzleHttp\Promise\Promise->invokeWaitList()
#9 E:\xampp73\htdocs\filecroco\loader\vendor\guzzlehttp\promises\src\Promise.php(62): GuzzleHttp\Promise\Promise->waitIfPending()
#10 E:\xampp73\htdocs\filecroco\loader\vendor\guzzlehttp\promises\src\EachPromise.php(101): GuzzleHttp\Promise\Promise->wait()
#11 E:\xampp73\htdocs\filecroco\loader\vendor\guzzlehttp\promises\src\Promise.php(246): GuzzleHttp\Promise\EachPromise->GuzzleHttp\Promise\{closure}(true)
#12 E:\xampp73\htdocs\filecroco\loader\vendor\guzzlehttp\promises\src\Promise.php(223): GuzzleHttp\Promise\Promise->invokeWaitFn()
#13 E:\xampp73\htdocs\filecroco\loader\vendor\guzzlehttp\promises\src\Promise.php(62): GuzzleHttp\Promise\Promise->waitIfPending()
#14 E:\xampp73\htdocs\filecroco\loader\updatedownloadlink.php(95): GuzzleHttp\Promise\Promise->wait()
#15 {main}|889GuzzleHttp\Exception\RequestException: cURL error 56:  (see http://curl.haxx.se/libcurl/c/libcurl-errors.html) in E:\xampp73\htdocs\filecroco\loader\vendor\guzzlehttp\guzzle\src\Handler\CurlFactory.php:186
Stack trace:
#0 E:\xampp73\htdocs\filecroco\loader\vendor\guzzlehttp\guzzle\src\Handler\CurlFactory.php(149): GuzzleHttp\Handler\CurlFactory::createRejection(Object(GuzzleHttp\Handler\EasyHandle), Array)
#1 E:\xampp73\htdocs\filecroco\loader\vendor\guzzlehttp\guzzle\src\Handler\CurlFactory.php(102): GuzzleHttp\Handler\CurlFactory::finishError(Object(GuzzleHttp\Handler\CurlMultiHandler), Object(GuzzleHttp\Handler\EasyHandle), Object(GuzzleHttp\Handler\CurlFactory))
#2 E:\xampp73\htdocs\filecroco\loader\vendor\guzzlehttp\guzzle\src\Handler\CurlMultiHandler.php(181): GuzzleHttp\Handler\CurlFactory::finish(Object(GuzzleHttp\Handler\CurlMultiHandler), Object(GuzzleHttp\Handler\EasyHandle), Object(GuzzleHttp\Handler\CurlFactory))
#3 E:\xampp73\htdocs\filecroco\loader\vendor\guzzlehttp\guzzle\src\Handler\CurlMultiHandler.php(110): GuzzleHttp\Handler\CurlMultiHandler->processMessages()
#4 E:\xampp73\htdocs\filecroco\loader\vendor\guzzlehttp\guzzle\src\Handler\CurlMultiHandler.php(125): GuzzleHttp\Handler\CurlMultiHandler->tick()
#5 E:\xampp73\htdocs\filecroco\loader\vendor\guzzlehttp\promises\src\Promise.php(246): GuzzleHttp\Handler\CurlMultiHandler->execute(true)
#6 E:\xampp73\htdocs\filecroco\loader\vendor\guzzlehttp\promises\src\Promise.php(223): GuzzleHttp\Promise\Promise->invokeWaitFn()
#7 E:\xampp73\htdocs\filecroco\loader\vendor\guzzlehttp\promises\src\Promise.php(267): GuzzleHttp\Promise\Promise->waitIfPending()
#8 E:\xampp73\htdocs\filecroco\loader\vendor\guzzlehttp\promises\src\Promise.php(225): GuzzleHttp\Promise\Promise->invokeWaitList()
#9 E:\xampp73\htdocs\filecroco\loader\vendor\guzzlehttp\promises\src\Promise.php(62): GuzzleHttp\Promise\Promise->waitIfPending()
#10 E:\xampp73\htdocs\filecroco\loader\vendor\guzzlehttp\promises\src\EachPromise.php(101): GuzzleHttp\Promise\Promise->wait()
#11 E:\xampp73\htdocs\filecroco\loader\vendor\guzzlehttp\promises\src\Promise.php(246): GuzzleHttp\Promise\EachPromise->GuzzleHttp\Promise\{closure}(true)
#12 E:\xampp73\htdocs\filecroco\loader\vendor\guzzlehttp\promises\src\Promise.php(223): GuzzleHttp\Promise\Promise->invokeWaitFn()
#13 E:\xampp73\htdocs\filecroco\loader\vendor\guzzlehttp\promises\src\Promise.php(62): GuzzleHttp\Promise\Promise->waitIfPending()
#14 E:\xampp73\htdocs\filecroco\loader\updatedownloadlink.php(95): GuzzleHttp\Promise\Promise->wait()
#15 {main}|890GuzzleHttp\Exception\RequestException: cURL error 56:  (see http://curl.haxx.se/libcurl/c/libcurl-errors.html) in E:\xampp73\htdocs\filecroco\loader\vendor\guzzlehttp\guzzle\src\Handler\CurlFactory.php:186
Stack trace:
#0 E:\xampp73\htdocs\filecroco\loader\vendor\guzzlehttp\guzzle\src\Handler\CurlFactory.php(149): GuzzleHttp\Handler\CurlFactory::createRejection(Object(GuzzleHttp\Handler\EasyHandle), Array)
#1 E:\xampp73\htdocs\filecroco\loader\vendor\guzzlehttp\guzzle\src\Handler\CurlFactory.php(102): GuzzleHttp\Handler\CurlFactory::finishError(Object(GuzzleHttp\Handler\CurlMultiHandler), Object(GuzzleHttp\Handler\EasyHandle), Object(GuzzleHttp\Handler\CurlFactory))
#2 E:\xampp73\htdocs\filecroco\loader\vendor\guzzlehttp\guzzle\src\Handler\CurlMultiHandler.php(181): GuzzleHttp\Handler\CurlFactory::finish(Object(GuzzleHttp\Handler\CurlMultiHandler), Object(GuzzleHttp\Handler\EasyHandle), Object(GuzzleHttp\Handler\CurlFactory))
#3 E:\xampp73\htdocs\filecroco\loader\vendor\guzzlehttp\guzzle\src\Handler\CurlMultiHandler.php(110): GuzzleHttp\Handler\CurlMultiHandler->processMessages()
#4 E:\xampp73\htdocs\filecroco\loader\vendor\guzzlehttp\guzzle\src\Handler\CurlMultiHandler.php(125): GuzzleHttp\Handler\CurlMultiHandler->tick()
#5 E:\xampp73\htdocs\filecroco\loader\vendor\guzzlehttp\promises\src\Promise.php(246): GuzzleHttp\Handler\CurlMultiHandler->execute(true)
#6 E:\xampp73\htdocs\filecroco\loader\vendor\guzzlehttp\promises\src\Promise.php(223): GuzzleHttp\Promise\Promise->invokeWaitFn()
#7 E:\xampp73\htdocs\filecroco\loader\vendor\guzzlehttp\promises\src\Promise.php(267): GuzzleHttp\Promise\Promise->waitIfPending()
#8 E:\xampp73\htdocs\filecroco\loader\vendor\guzzlehttp\promises\src\Promise.php(225): GuzzleHttp\Promise\Promise->invokeWaitList()
#9 E:\xampp73\htdocs\filecroco\loader\vendor\guzzlehttp\promises\src\Promise.php(62): GuzzleHttp\Promise\Promise->waitIfPending()
#10 E:\xampp73\htdocs\filecroco\loader\vendor\guzzlehttp\promises\src\EachPromise.php(101): GuzzleHttp\Promise\Promise->wait()
#11 E:\xampp73\htdocs\filecroco\loader\vendor\guzzlehttp\promises\src\Promise.php(246): GuzzleHttp\Promise\EachPromise->GuzzleHttp\Promise\{closure}(true)
#12 E:\xampp73\htdocs\filecroco\loader\vendor\guzzlehttp\promises\src\Promise.php(223): GuzzleHttp\Promise\Promise->invokeWaitFn()
#13 E:\xampp73\htdocs\filecroco\loader\vendor\guzzlehttp\promises\src\Promise.php(62): GuzzleHttp\Promise\Promise->waitIfPending()
#14 E:\xampp73\htdocs\filecroco\loader\updatedownloadlink.php(95): GuzzleHttp\Promise\Promise->wait()
#15 {main}|891GuzzleHttp\Exception\RequestException: cURL error 56:  (see http://curl.haxx.se/libcurl/c/libcurl-errors.html) in E:\xampp73\htdocs\filecroco\loader\vendor\guzzlehttp\guzzle\src\Handler\CurlFactory.php:186
Stack trace:
#0 E:\xampp73\htdocs\filecroco\loader\vendor\guzzlehttp\guzzle\src\Handler\CurlFactory.php(149): GuzzleHttp\Handler\CurlFactory::createRejection(Object(GuzzleHttp\Handler\EasyHandle), Array)
#1 E:\xampp73\htdocs\filecroco\loader\vendor\guzzlehttp\guzzle\src\Handler\CurlFactory.php(102): GuzzleHttp\Handler\CurlFactory::finishError(Object(GuzzleHttp\Handler\CurlMultiHandler), Object(GuzzleHttp\Handler\EasyHandle), Object(GuzzleHttp\Handler\CurlFactory))
#2 E:\xampp73\htdocs\filecroco\loader\vendor\guzzlehttp\guzzle\src\Handler\CurlMultiHandler.php(181): GuzzleHttp\Handler\CurlFactory::finish(Object(GuzzleHttp\Handler\CurlMultiHandler), Object(GuzzleHttp\Handler\EasyHandle), Object(GuzzleHttp\Handler\CurlFactory))
#3 E:\xampp73\htdocs\filecroco\loader\vendor\guzzlehttp\guzzle\src\Handler\CurlMultiHandler.php(110): GuzzleHttp\Handler\CurlMultiHandler->processMessages()
#4 E:\xampp73\htdocs\filecroco\loader\vendor\guzzlehttp\guzzle\src\Handler\CurlMultiHandler.php(125): GuzzleHttp\Handler\CurlMultiHandler->tick()
#5 E:\xampp73\htdocs\filecroco\loader\vendor\guzzlehttp\promises\src\Promise.php(246): GuzzleHttp\Handler\CurlMultiHandler->execute(true)
#6 E:\xampp73\htdocs\filecroco\loader\vendor\guzzlehttp\promises\src\Promise.php(223): GuzzleHttp\Promise\Promise->invokeWaitFn()
#7 E:\xampp73\htdocs\filecroco\loader\vendor\guzzlehttp\promises\src\Promise.php(267): GuzzleHttp\Promise\Promise->waitIfPending()
#8 E:\xampp73\htdocs\filecroco\loader\vendor\guzzlehttp\promises\src\Promise.php(225): GuzzleHttp\Promise\Promise->invokeWaitList()
#9 E:\xampp73\htdocs\filecroco\loader\vendor\guzzlehttp\promises\src\Promise.php(62): GuzzleHttp\Promise\Promise->waitIfPending()
#10 E:\xampp73\htdocs\filecroco\loader\vendor\guzzlehttp\promises\src\EachPromise.php(101): GuzzleHttp\Promise\Promise->wait()
#11 E:\xampp73\htdocs\filecroco\loader\vendor\guzzlehttp\promises\src\Promise.php(246): GuzzleHttp\Promise\EachPromise->GuzzleHttp\Promise\{closure}(true)
#12 E:\xampp73\htdocs\filecroco\loader\vendor\guzzlehttp\promises\src\Promise.php(223): GuzzleHttp\Promise\Promise->invokeWaitFn()
#13 E:\xampp73\htdocs\filecroco\loader\vendor\guzzlehttp\promises\src\Promise.php(62): GuzzleHttp\Promise\Promise->waitIfPending()
#14 E:\xampp73\htdocs\filecroco\loader\updatedownloadlink.php(95): GuzzleHttp\Promise\Promise->wait()
#15 {main}|892GuzzleHttp\Exception\RequestException: cURL error 56:  (see http://curl.haxx.se/libcurl/c/libcurl-errors.html) in E:\xampp73\htdocs\filecroco\loader\vendor\guzzlehttp\guzzle\src\Handler\CurlFactory.php:186
Stack trace:
#0 E:\xampp73\htdocs\filecroco\loader\vendor\guzzlehttp\guzzle\src\Handler\CurlFactory.php(149): GuzzleHttp\Handler\CurlFactory::createRejection(Object(GuzzleHttp\Handler\EasyHandle), Array)
#1 E:\xampp73\htdocs\filecroco\loader\vendor\guzzlehttp\guzzle\src\Handler\CurlFactory.php(102): GuzzleHttp\Handler\CurlFactory::finishError(Object(GuzzleHttp\Handler\CurlMultiHandler), Object(GuzzleHttp\Handler\EasyHandle), Object(GuzzleHttp\Handler\CurlFactory))
#2 E:\xampp73\htdocs\filecroco\loader\vendor\guzzlehttp\guzzle\src\Handler\CurlMultiHandler.php(181): GuzzleHttp\Handler\CurlFactory::finish(Object(GuzzleHttp\Handler\CurlMultiHandler), Object(GuzzleHttp\Handler\EasyHandle), Object(GuzzleHttp\Handler\CurlFactory))
#3 E:\xampp73\htdocs\filecroco\loader\vendor\guzzlehttp\guzzle\src\Handler\CurlMultiHandler.php(110): GuzzleHttp\Handler\CurlMultiHandler->processMessages()
#4 E:\xampp73\htdocs\filecroco\loader\vendor\guzzlehttp\guzzle\src\Handler\CurlMultiHandler.php(125): GuzzleHttp\Handler\CurlMultiHandler->tick()
#5 E:\xampp73\htdocs\filecroco\loader\vendor\guzzlehttp\promises\src\Promise.php(246): GuzzleHttp\Handler\CurlMultiHandler->execute(true)
#6 E:\xampp73\htdocs\filecroco\loader\vendor\guzzlehttp\promises\src\Promise.php(223): GuzzleHttp\Promise\Promise->invokeWaitFn()
#7 E:\xampp73\htdocs\filecroco\loader\vendor\guzzlehttp\promises\src\Promise.php(267): GuzzleHttp\Promise\Promise->waitIfPending()
#8 E:\xampp73\htdocs\filecroco\loader\vendor\guzzlehttp\promises\src\Promise.php(225): GuzzleHttp\Promise\Promise->invokeWaitList()
#9 E:\xampp73\htdocs\filecroco\loader\vendor\guzzlehttp\promises\src\Promise.php(62): GuzzleHttp\Promise\Promise->waitIfPending()
#10 E:\xampp73\htdocs\filecroco\loader\vendor\guzzlehttp\promises\src\EachPromise.php(101): GuzzleHttp\Promise\Promise->wait()
#11 E:\xampp73\htdocs\filecroco\loader\vendor\guzzlehttp\promises\src\Promise.php(246): GuzzleHttp\Promise\EachPromise->GuzzleHttp\Promise\{closure}(true)
#12 E:\xampp73\htdocs\filecroco\loader\vendor\guzzlehttp\promises\src\Promise.php(223): GuzzleHttp\Promise\Promise->invokeWaitFn()
#13 E:\xampp73\htdocs\filecroco\loader\vendor\guzzlehttp\promises\src\Promise.php(62): GuzzleHttp\Promise\Promise->waitIfPending()
#14 E:\xampp73\htdocs\filecroco\loader\updatedownloadlink.php(95): GuzzleHttp\Promise\Promise->wait()
#15 {main}|893GuzzleHttp\Exception\RequestException: cURL error 56:  (see http://curl.haxx.se/libcurl/c/libcurl-errors.html) in E:\xampp73\htdocs\filecroco\loader\vendor\guzzlehttp\guzzle\src\Handler\CurlFactory.php:186
Stack trace:
#0 E:\xampp73\htdocs\filecroco\loader\vendor\guzzlehttp\guzzle\src\Handler\CurlFactory.php(149): GuzzleHttp\Handler\CurlFactory::createRejection(Object(GuzzleHttp\Handler\EasyHandle), Array)
#1 E:\xampp73\htdocs\filecroco\loader\vendor\guzzlehttp\guzzle\src\Handler\CurlFactory.php(102): GuzzleHttp\Handler\CurlFactory::finishError(Object(GuzzleHttp\Handler\CurlMultiHandler), Object(GuzzleHttp\Handler\EasyHandle), Object(GuzzleHttp\Handler\CurlFactory))
#2 E:\xampp73\htdocs\filecroco\loader\vendor\guzzlehttp\guzzle\src\Handler\CurlMultiHandler.php(181): GuzzleHttp\Handler\CurlFactory::finish(Object(GuzzleHttp\Handler\CurlMultiHandler), Object(GuzzleHttp\Handler\EasyHandle), Object(GuzzleHttp\Handler\CurlFactory))
#3 E:\xampp73\htdocs\filecroco\loader\vendor\guzzlehttp\guzzle\src\Handler\CurlMultiHandler.php(110): GuzzleHttp\Handler\CurlMultiHandler->processMessages()
#4 E:\xampp73\htdocs\filecroco\loader\vendor\guzzlehttp\guzzle\src\Handler\CurlMultiHandler.php(125): GuzzleHttp\Handler\CurlMultiHandler->tick()
#5 E:\xampp73\htdocs\filecroco\loader\vendor\guzzlehttp\promises\src\Promise.php(246): GuzzleHttp\Handler\CurlMultiHandler->execute(true)
#6 E:\xampp73\htdocs\filecroco\loader\vendor\guzzlehttp\promises\src\Promise.php(223): GuzzleHttp\Promise\Promise->invokeWaitFn()
#7 E:\xampp73\htdocs\filecroco\loader\vendor\guzzlehttp\promises\src\Promise.php(267): GuzzleHttp\Promise\Promise->waitIfPending()
#8 E:\xampp73\htdocs\filecroco\loader\vendor\guzzlehttp\promises\src\Promise.php(225): GuzzleHttp\Promise\Promise->invokeWaitList()
#9 E:\xampp73\htdocs\filecroco\loader\vendor\guzzlehttp\promises\src\Promise.php(62): GuzzleHttp\Promise\Promise->waitIfPending()
#10 E:\xampp73\htdocs\filecroco\loader\vendor\guzzlehttp\promises\src\EachPromise.php(101): GuzzleHttp\Promise\Promise->wait()
#11 E:\xampp73\htdocs\filecroco\loader\vendor\guzzlehttp\promises\src\Promise.php(246): GuzzleHttp\Promise\EachPromise->GuzzleHttp\Promise\{closure}(true)
#12 E:\xampp73\htdocs\filecroco\loader\vendor\guzzlehttp\promises\src\Promise.php(223): GuzzleHttp\Promise\Promise->invokeWaitFn()
#13 E:\xampp73\htdocs\filecroco\loader\vendor\guzzlehttp\promises\src\Promise.php(62): GuzzleHttp\Promise\Promise->waitIfPending()
#14 E:\xampp73\htdocs\filecroco\loader\updatedownloadlink.php(95): GuzzleHttp\Promise\Promise->wait()
#15 {main}|894GuzzleHttp\Exception\RequestException: cURL error 56:  (see http://curl.haxx.se/libcurl/c/libcurl-errors.html) in E:\xampp73\htdocs\filecroco\loader\vendor\guzzlehttp\guzzle\src\Handler\CurlFactory.php:186
Stack trace:
#0 E:\xampp73\htdocs\filecroco\loader\vendor\guzzlehttp\guzzle\src\Handler\CurlFactory.php(149): GuzzleHttp\Handler\CurlFactory::createRejection(Object(GuzzleHttp\Handler\EasyHandle), Array)
#1 E:\xampp73\htdocs\filecroco\loader\vendor\guzzlehttp\guzzle\src\Handler\CurlFactory.php(102): GuzzleHttp\Handler\CurlFactory::finishError(Object(GuzzleHttp\Handler\CurlMultiHandler), Object(GuzzleHttp\Handler\EasyHandle), Object(GuzzleHttp\Handler\CurlFactory))
#2 E:\xampp73\htdocs\filecroco\loader\vendor\guzzlehttp\guzzle\src\Handler\CurlMultiHandler.php(181): GuzzleHttp\Handler\CurlFactory::finish(Object(GuzzleHttp\Handler\CurlMultiHandler), Object(GuzzleHttp\Handler\EasyHandle), Object(GuzzleHttp\Handler\CurlFactory))
#3 E:\xampp73\htdocs\filecroco\loader\vendor\guzzlehttp\guzzle\src\Handler\CurlMultiHandler.php(110): GuzzleHttp\Handler\CurlMultiHandler->processMessages()
#4 E:\xampp73\htdocs\filecroco\loader\vendor\guzzlehttp\guzzle\src\Handler\CurlMultiHandler.php(125): GuzzleHttp\Handler\CurlMultiHandler->tick()
#5 E:\xampp73\htdocs\filecroco\loader\vendor\guzzlehttp\promises\src\Promise.php(246): GuzzleHttp\Handler\CurlMultiHandler->execute(true)
#6 E:\xampp73\htdocs\filecroco\loader\vendor\guzzlehttp\promises\src\Promise.php(223): GuzzleHttp\Promise\Promise->invokeWaitFn()
#7 E:\xampp73\htdocs\filecroco\loader\vendor\guzzlehttp\promises\src\Promise.php(267): GuzzleHttp\Promise\Promise->waitIfPending()
#8 E:\xampp73\htdocs\filecroco\loader\vendor\guzzlehttp\promises\src\Promise.php(225): GuzzleHttp\Promise\Promise->invokeWaitList()
#9 E:\xampp73\htdocs\filecroco\loader\vendor\guzzlehttp\promises\src\Promise.php(62): GuzzleHttp\Promise\Promise->waitIfPending()
#10 E:\xampp73\htdocs\filecroco\loader\vendor\guzzlehttp\promises\src\EachPromise.php(101): GuzzleHttp\Promise\Promise->wait()
#11 E:\xampp73\htdocs\filecroco\loader\vendor\guzzlehttp\promises\src\Promise.php(246): GuzzleHttp\Promise\EachPromise->GuzzleHttp\Promise\{closure}(true)
#12 E:\xampp73\htdocs\filecroco\loader\vendor\guzzlehttp\promises\src\Promise.php(223): GuzzleHttp\Promise\Promise->invokeWaitFn()
#13 E:\xampp73\htdocs\filecroco\loader\vendor\guzzlehttp\promises\src\Promise.php(62): GuzzleHttp\Promise\Promise->waitIfPending()
#14 E:\xampp73\htdocs\filecroco\loader\updatedownloadlink.php(95): GuzzleHttp\Promise\Promise->wait()
#15 {main}|895GuzzleHttp\Exception\RequestException: cURL error 56:  (see http://curl.haxx.se/libcurl/c/libcurl-errors.html) in E:\xampp73\htdocs\filecroco\loader\vendor\guzzlehttp\guzzle\src\Handler\CurlFactory.php:186
Stack trace:
#0 E:\xampp73\htdocs\filecroco\loader\vendor\guzzlehttp\guzzle\src\Handler\CurlFactory.php(149): GuzzleHttp\Handler\CurlFactory::createRejection(Object(GuzzleHttp\Handler\EasyHandle), Array)
#1 E:\xampp73\htdocs\filecroco\loader\vendor\guzzlehttp\guzzle\src\Handler\CurlFactory.php(102): GuzzleHttp\Handler\CurlFactory::finishError(Object(GuzzleHttp\Handler\CurlMultiHandler), Object(GuzzleHttp\Handler\EasyHandle), Object(GuzzleHttp\Handler\CurlFactory))
#2 E:\xampp73\htdocs\filecroco\loader\vendor\guzzlehttp\guzzle\src\Handler\CurlMultiHandler.php(181): GuzzleHttp\Handler\CurlFactory::finish(Object(GuzzleHttp\Handler\CurlMultiHandler), Object(GuzzleHttp\Handler\EasyHandle), Object(GuzzleHttp\Handler\CurlFactory))
#3 E:\xampp73\htdocs\filecroco\loader\vendor\guzzlehttp\guzzle\src\Handler\CurlMultiHandler.php(110): GuzzleHttp\Handler\CurlMultiHandler->processMessages()
#4 E:\xampp73\htdocs\filecroco\loader\vendor\guzzlehttp\guzzle\src\Handler\CurlMultiHandler.php(125): GuzzleHttp\Handler\CurlMultiHandler->tick()
#5 E:\xampp73\htdocs\filecroco\loader\vendor\guzzlehttp\promises\src\Promise.php(246): GuzzleHttp\Handler\CurlMultiHandler->execute(true)
#6 E:\xampp73\htdocs\filecroco\loader\vendor\guzzlehttp\promises\src\Promise.php(223): GuzzleHttp\Promise\Promise->invokeWaitFn()
#7 E:\xampp73\htdocs\filecroco\loader\vendor\guzzlehttp\promises\src\Promise.php(267): GuzzleHttp\Promise\Promise->waitIfPending()
#8 E:\xampp73\htdocs\filecroco\loader\vendor\guzzlehttp\promises\src\Promise.php(225): GuzzleHttp\Promise\Promise->invokeWaitList()
#9 E:\xampp73\htdocs\filecroco\loader\vendor\guzzlehttp\promises\src\Promise.php(62): GuzzleHttp\Promise\Promise->waitIfPending()
#10 E:\xampp73\htdocs\filecroco\loader\vendor\guzzlehttp\promises\src\EachPromise.php(101): GuzzleHttp\Promise\Promise->wait()
#11 E:\xampp73\htdocs\filecroco\loader\vendor\guzzlehttp\promises\src\Promise.php(246): GuzzleHttp\Promise\EachPromise->GuzzleHttp\Promise\{closure}(true)
#12 E:\xampp73\htdocs\filecroco\loader\vendor\guzzlehttp\promises\src\Promise.php(223): GuzzleHttp\Promise\Promise->invokeWaitFn()
#13 E:\xampp73\htdocs\filecroco\loader\vendor\guzzlehttp\promises\src\Promise.php(62): GuzzleHttp\Promise\Promise->waitIfPending()
#14 E:\xampp73\htdocs\filecroco\loader\updatedownloadlink.php(95): GuzzleHttp\Promise\Promise->wait()
#15 {main}|896GuzzleHttp\Exception\RequestException: cURL error 56:  (see http://curl.haxx.se/libcurl/c/libcurl-errors.html) in E:\xampp73\htdocs\filecroco\loader\vendor\guzzlehttp\guzzle\src\Handler\CurlFactory.php:186
Stack trace:
#0 E:\xampp73\htdocs\filecroco\loader\vendor\guzzlehttp\guzzle\src\Handler\CurlFactory.php(149): GuzzleHttp\Handler\CurlFactory::createRejection(Object(GuzzleHttp\Handler\EasyHandle), Array)
#1 E:\xampp73\htdocs\filecroco\loader\vendor\guzzlehttp\guzzle\src\Handler\CurlFactory.php(102): GuzzleHttp\Handler\CurlFactory::finishError(Object(GuzzleHttp\Handler\CurlMultiHandler), Object(GuzzleHttp\Handler\EasyHandle), Object(GuzzleHttp\Handler\CurlFactory))
#2 E:\xampp73\htdocs\filecroco\loader\vendor\guzzlehttp\guzzle\src\Handler\CurlMultiHandler.php(181): GuzzleHttp\Handler\CurlFactory::finish(Object(GuzzleHttp\Handler\CurlMultiHandler), Object(GuzzleHttp\Handler\EasyHandle), Object(GuzzleHttp\Handler\CurlFactory))
#3 E:\xampp73\htdocs\filecroco\loader\vendor\guzzlehttp\guzzle\src\Handler\CurlMultiHandler.php(110): GuzzleHttp\Handler\CurlMultiHandler->processMessages()
#4 E:\xampp73\htdocs\filecroco\loader\vendor\guzzlehttp\guzzle\src\Handler\CurlMultiHandler.php(125): GuzzleHttp\Handler\CurlMultiHandler->tick()
#5 E:\xampp73\htdocs\filecroco\loader\vendor\guzzlehttp\promises\src\Promise.php(246): GuzzleHttp\Handler\CurlMultiHandler->execute(true)
#6 E:\xampp73\htdocs\filecroco\loader\vendor\guzzlehttp\promises\src\Promise.php(223): GuzzleHttp\Promise\Promise->invokeWaitFn()
#7 E:\xampp73\htdocs\filecroco\loader\vendor\guzzlehttp\promises\src\Promise.php(267): GuzzleHttp\Promise\Promise->waitIfPending()
#8 E:\xampp73\htdocs\filecroco\loader\vendor\guzzlehttp\promises\src\Promise.php(225): GuzzleHttp\Promise\Promise->invokeWaitList()
#9 E:\xampp73\htdocs\filecroco\loader\vendor\guzzlehttp\promises\src\Promise.php(62): GuzzleHttp\Promise\Promise->waitIfPending()
#10 E:\xampp73\htdocs\filecroco\loader\vendor\guzzlehttp\promises\src\EachPromise.php(101): GuzzleHttp\Promise\Promise->wait()
#11 E:\xampp73\htdocs\filecroco\loader\vendor\guzzlehttp\promises\src\Promise.php(246): GuzzleHttp\Promise\EachPromise->GuzzleHttp\Promise\{closure}(true)
#12 E:\xampp73\htdocs\filecroco\loader\vendor\guzzlehttp\promises\src\Promise.php(223): GuzzleHttp\Promise\Promise->invokeWaitFn()
#13 E:\xampp73\htdocs\filecroco\loader\vendor\guzzlehttp\promises\src\Promise.php(62): GuzzleHttp\Promise\Promise->waitIfPending()
#14 E:\xampp73\htdocs\filecroco\loader\updatedownloadlink.php(95): GuzzleHttp\Promise\Promise->wait()
#15 {main}|897GuzzleHttp\Exception\RequestException: cURL error 56:  (see http://curl.haxx.se/libcurl/c/libcurl-errors.html) in E:\xampp73\htdocs\filecroco\loader\vendor\guzzlehttp\guzzle\src\Handler\CurlFactory.php:186
Stack trace:
#0 E:\xampp73\htdocs\filecroco\loader\vendor\guzzlehttp\guzzle\src\Handler\CurlFactory.php(149): GuzzleHttp\Handler\CurlFactory::createRejection(Object(GuzzleHttp\Handler\EasyHandle), Array)
#1 E:\xampp73\htdocs\filecroco\loader\vendor\guzzlehttp\guzzle\src\Handler\CurlFactory.php(102): GuzzleHttp\Handler\CurlFactory::finishError(Object(GuzzleHttp\Handler\CurlMultiHandler), Object(GuzzleHttp\Handler\EasyHandle), Object(GuzzleHttp\Handler\CurlFactory))
#2 E:\xampp73\htdocs\filecroco\loader\vendor\guzzlehttp\guzzle\src\Handler\CurlMultiHandler.php(181): GuzzleHttp\Handler\CurlFactory::finish(Object(GuzzleHttp\Handler\CurlMultiHandler), Object(GuzzleHttp\Handler\EasyHandle), Object(GuzzleHttp\Handler\CurlFactory))
#3 E:\xampp73\htdocs\filecroco\loader\vendor\guzzlehttp\guzzle\src\Handler\CurlMultiHandler.php(110): GuzzleHttp\Handler\CurlMultiHandler->processMessages()
#4 E:\xampp73\htdocs\filecroco\loader\vendor\guzzlehttp\guzzle\src\Handler\CurlMultiHandler.php(125): GuzzleHttp\Handler\CurlMultiHandler->tick()
#5 E:\xampp73\htdocs\filecroco\loader\vendor\guzzlehttp\promises\src\Promise.php(246): GuzzleHttp\Handler\CurlMultiHandler->execute(true)
#6 E:\xampp73\htdocs\filecroco\loader\vendor\guzzlehttp\promises\src\Promise.php(223): GuzzleHttp\Promise\Promise->invokeWaitFn()
#7 E:\xampp73\htdocs\filecroco\loader\vendor\guzzlehttp\promises\src\Promise.php(267): GuzzleHttp\Promise\Promise->waitIfPending()
#8 E:\xampp73\htdocs\filecroco\loader\vendor\guzzlehttp\promises\src\Promise.php(225): GuzzleHttp\Promise\Promise->invokeWaitList()
#9 E:\xampp73\htdocs\filecroco\loader\vendor\guzzlehttp\promises\src\Promise.php(62): GuzzleHttp\Promise\Promise->waitIfPending()
#10 E:\xampp73\htdocs\filecroco\loader\vendor\guzzlehttp\promises\src\EachPromise.php(101): GuzzleHttp\Promise\Promise->wait()
#11 E:\xampp73\htdocs\filecroco\loader\vendor\guzzlehttp\promises\src\Promise.php(246): GuzzleHttp\Promise\EachPromise->GuzzleHttp\Promise\{closure}(true)
#12 E:\xampp73\htdocs\filecroco\loader\vendor\guzzlehttp\promises\src\Promise.php(223): GuzzleHttp\Promise\Promise->invokeWaitFn()
#13 E:\xampp73\htdocs\filecroco\loader\vendor\guzzlehttp\promises\src\Promise.php(62): GuzzleHttp\Promise\Promise->waitIfPending()
#14 E:\xampp73\htdocs\filecroco\loader\updatedownloadlink.php(95): GuzzleHttp\Promise\Promise->wait()
#15 {main}|898GuzzleHttp\Exception\RequestException: cURL error 56:  (see http://curl.haxx.se/libcurl/c/libcurl-errors.html) in E:\xampp73\htdocs\filecroco\loader\vendor\guzzlehttp\guzzle\src\Handler\CurlFactory.php:186
Stack trace:
#0 E:\xampp73\htdocs\filecroco\loader\vendor\guzzlehttp\guzzle\src\Handler\CurlFactory.php(149): GuzzleHttp\Handler\CurlFactory::createRejection(Object(GuzzleHttp\Handler\EasyHandle), Array)
#1 E:\xampp73\htdocs\filecroco\loader\vendor\guzzlehttp\guzzle\src\Handler\CurlFactory.php(102): GuzzleHttp\Handler\CurlFactory::finishError(Object(GuzzleHttp\Handler\CurlMultiHandler), Object(GuzzleHttp\Handler\EasyHandle), Object(GuzzleHttp\Handler\CurlFactory))
#2 E:\xampp73\htdocs\filecroco\loader\vendor\guzzlehttp\guzzle\src\Handler\CurlMultiHandler.php(181): GuzzleHttp\Handler\CurlFactory::finish(Object(GuzzleHttp\Handler\CurlMultiHandler), Object(GuzzleHttp\Handler\EasyHandle), Object(GuzzleHttp\Handler\CurlFactory))
#3 E:\xampp73\htdocs\filecroco\loader\vendor\guzzlehttp\guzzle\src\Handler\CurlMultiHandler.php(110): GuzzleHttp\Handler\CurlMultiHandler->processMessages()
#4 E:\xampp73\htdocs\filecroco\loader\vendor\guzzlehttp\guzzle\src\Handler\CurlMultiHandler.php(125): GuzzleHttp\Handler\CurlMultiHandler->tick()
#5 E:\xampp73\htdocs\filecroco\loader\vendor\guzzlehttp\promises\src\Promise.php(246): GuzzleHttp\Handler\CurlMultiHandler->execute(true)
#6 E:\xampp73\htdocs\filecroco\loader\vendor\guzzlehttp\promises\src\Promise.php(223): GuzzleHttp\Promise\Promise->invokeWaitFn()
#7 E:\xampp73\htdocs\filecroco\loader\vendor\guzzlehttp\promises\src\Promise.php(267): GuzzleHttp\Promise\Promise->waitIfPending()
#8 E:\xampp73\htdocs\filecroco\loader\vendor\guzzlehttp\promises\src\Promise.php(225): GuzzleHttp\Promise\Promise->invokeWaitList()
#9 E:\xampp73\htdocs\filecroco\loader\vendor\guzzlehttp\promises\src\Promise.php(62): GuzzleHttp\Promise\Promise->waitIfPending()
#10 E:\xampp73\htdocs\filecroco\loader\vendor\guzzlehttp\promises\src\EachPromise.php(101): GuzzleHttp\Promise\Promise->wait()
#11 E:\xampp73\htdocs\filecroco\loader\vendor\guzzlehttp\promises\src\Promise.php(246): GuzzleHttp\Promise\EachPromise->GuzzleHttp\Promise\{closure}(true)
#12 E:\xampp73\htdocs\filecroco\loader\vendor\guzzlehttp\promises\src\Promise.php(223): GuzzleHttp\Promise\Promise->invokeWaitFn()
#13 E:\xampp73\htdocs\filecroco\loader\vendor\guzzlehttp\promises\src\Promise.php(62): GuzzleHttp\Promise\Promise->waitIfPending()
#14 E:\xampp73\htdocs\filecroco\loader\updatedownloadlink.php(95): GuzzleHttp\Promise\Promise->wait()
#15 {main}|899GuzzleHttp\Exception\RequestException: cURL error 56:  (see http://curl.haxx.se/libcurl/c/libcurl-errors.html) in E:\xampp73\htdocs\filecroco\loader\vendor\guzzlehttp\guzzle\src\Handler\CurlFactory.php:186
Stack trace:
#0 E:\xampp73\htdocs\filecroco\loader\vendor\guzzlehttp\guzzle\src\Handler\CurlFactory.php(149): GuzzleHttp\Handler\CurlFactory::createRejection(Object(GuzzleHttp\Handler\EasyHandle), Array)
#1 E:\xampp73\htdocs\filecroco\loader\vendor\guzzlehttp\guzzle\src\Handler\CurlFactory.php(102): GuzzleHttp\Handler\CurlFactory::finishError(Object(GuzzleHttp\Handler\CurlMultiHandler), Object(GuzzleHttp\Handler\EasyHandle), Object(GuzzleHttp\Handler\CurlFactory))
#2 E:\xampp73\htdocs\filecroco\loader\vendor\guzzlehttp\guzzle\src\Handler\CurlMultiHandler.php(181): GuzzleHttp\Handler\CurlFactory::finish(Object(GuzzleHttp\Handler\CurlMultiHandler), Object(GuzzleHttp\Handler\EasyHandle), Object(GuzzleHttp\Handler\CurlFactory))
#3 E:\xampp73\htdocs\filecroco\loader\vendor\guzzlehttp\guzzle\src\Handler\CurlMultiHandler.php(110): GuzzleHttp\Handler\CurlMultiHandler->processMessages()
#4 E:\xampp73\htdocs\filecroco\loader\vendor\guzzlehttp\guzzle\src\Handler\CurlMultiHandler.php(125): GuzzleHttp\Handler\CurlMultiHandler->tick()
#5 E:\xampp73\htdocs\filecroco\loader\vendor\guzzlehttp\promises\src\Promise.php(246): GuzzleHttp\Handler\CurlMultiHandler->execute(true)
#6 E:\xampp73\htdocs\filecroco\loader\vendor\guzzlehttp\promises\src\Promise.php(223): GuzzleHttp\Promise\Promise->invokeWaitFn()
#7 E:\xampp73\htdocs\filecroco\loader\vendor\guzzlehttp\promises\src\Promise.php(267): GuzzleHttp\Promise\Promise->waitIfPending()
#8 E:\xampp73\htdocs\filecroco\loader\vendor\guzzlehttp\promises\src\Promise.php(225): GuzzleHttp\Promise\Promise->invokeWaitList()
#9 E:\xampp73\htdocs\filecroco\loader\vendor\guzzlehttp\promises\src\Promise.php(62): GuzzleHttp\Promise\Promise->waitIfPending()
#10 E:\xampp73\htdocs\filecroco\loader\vendor\guzzlehttp\promises\src\EachPromise.php(101): GuzzleHttp\Promise\Promise->wait()
#11 E:\xampp73\htdocs\filecroco\loader\vendor\guzzlehttp\promises\src\Promise.php(246): GuzzleHttp\Promise\EachPromise->GuzzleHttp\Promise\{closure}(true)
#12 E:\xampp73\htdocs\filecroco\loader\vendor\guzzlehttp\promises\src\Promise.php(223): GuzzleHttp\Promise\Promise->invokeWaitFn()
#13 E:\xampp73\htdocs\filecroco\loader\vendor\guzzlehttp\promises\src\Promise.php(62): GuzzleHttp\Promise\Promise->waitIfPending()
#14 E:\xampp73\htdocs\filecroco\loader\updatedownloadlink.php(95): GuzzleHttp\Promise\Promise->wait()
#15 {main}|900GuzzleHttp\Exception\RequestException: cURL error 56:  (see http://curl.haxx.se/libcurl/c/libcurl-errors.html) in E:\xampp73\htdocs\filecroco\loader\vendor\guzzlehttp\guzzle\src\Handler\CurlFactory.php:186
Stack trace:
#0 E:\xampp73\htdocs\filecroco\loader\vendor\guzzlehttp\guzzle\src\Handler\CurlFactory.php(149): GuzzleHttp\Handler\CurlFactory::createRejection(Object(GuzzleHttp\Handler\EasyHandle), Array)
#1 E:\xampp73\htdocs\filecroco\loader\vendor\guzzlehttp\guzzle\src\Handler\CurlFactory.php(102): GuzzleHttp\Handler\CurlFactory::finishError(Object(GuzzleHttp\Handler\CurlMultiHandler), Object(GuzzleHttp\Handler\EasyHandle), Object(GuzzleHttp\Handler\CurlFactory))
#2 E:\xampp73\htdocs\filecroco\loader\vendor\guzzlehttp\guzzle\src\Handler\CurlMultiHandler.php(181): GuzzleHttp\Handler\CurlFactory::finish(Object(GuzzleHttp\Handler\CurlMultiHandler), Object(GuzzleHttp\Handler\EasyHandle), Object(GuzzleHttp\Handler\CurlFactory))
#3 E:\xampp73\htdocs\filecroco\loader\vendor\guzzlehttp\guzzle\src\Handler\CurlMultiHandler.php(110): GuzzleHttp\Handler\CurlMultiHandler->processMessages()
#4 E:\xampp73\htdocs\filecroco\loader\vendor\guzzlehttp\guzzle\src\Handler\CurlMultiHandler.php(125): GuzzleHttp\Handler\CurlMultiHandler->tick()
#5 E:\xampp73\htdocs\filecroco\loader\vendor\guzzlehttp\promises\src\Promise.php(246): GuzzleHttp\Handler\CurlMultiHandler->execute(true)
#6 E:\xampp73\htdocs\filecroco\loader\vendor\guzzlehttp\promises\src\Promise.php(223): GuzzleHttp\Promise\Promise->invokeWaitFn()
#7 E:\xampp73\htdocs\filecroco\loader\vendor\guzzlehttp\promises\src\Promise.php(267): GuzzleHttp\Promise\Promise->waitIfPending()
#8 E:\xampp73\htdocs\filecroco\loader\vendor\guzzlehttp\promises\src\Promise.php(225): GuzzleHttp\Promise\Promise->invokeWaitList()
#9 E:\xampp73\htdocs\filecroco\loader\vendor\guzzlehttp\promises\src\Promise.php(62): GuzzleHttp\Promise\Promise->waitIfPending()
#10 E:\xampp73\htdocs\filecroco\loader\vendor\guzzlehttp\promises\src\EachPromise.php(101): GuzzleHttp\Promise\Promise->wait()
#11 E:\xampp73\htdocs\filecroco\loader\vendor\guzzlehttp\promises\src\Promise.php(246): GuzzleHttp\Promise\EachPromise->GuzzleHttp\Promise\{closure}(true)
#12 E:\xampp73\htdocs\filecroco\loader\vendor\guzzlehttp\promises\src\Promise.php(223): GuzzleHttp\Promise\Promise->invokeWaitFn()
#13 E:\xampp73\htdocs\filecroco\loader\vendor\guzzlehttp\promises\src\Promise.php(62): GuzzleHttp\Promise\Promise->waitIfPending()
#14 E:\xampp73\htdocs\filecroco\loader\updatedownloadlink.php(95): GuzzleHttp\Promise\Promise->wait()
#15 {main}|901GuzzleHttp\Exception\RequestException: cURL error 56:  (see http://curl.haxx.se/libcurl/c/libcurl-errors.html) in E:\xampp73\htdocs\filecroco\loader\vendor\guzzlehttp\guzzle\src\Handler\CurlFactory.php:186
Stack trace:
#0 E:\xampp73\htdocs\filecroco\loader\vendor\guzzlehttp\guzzle\src\Handler\CurlFactory.php(149): GuzzleHttp\Handler\CurlFactory::createRejection(Object(GuzzleHttp\Handler\EasyHandle), Array)
#1 E:\xampp73\htdocs\filecroco\loader\vendor\guzzlehttp\guzzle\src\Handler\CurlFactory.php(102): GuzzleHttp\Handler\CurlFactory::finishError(Object(GuzzleHttp\Handler\CurlMultiHandler), Object(GuzzleHttp\Handler\EasyHandle), Object(GuzzleHttp\Handler\CurlFactory))
#2 E:\xampp73\htdocs\filecroco\loader\vendor\guzzlehttp\guzzle\src\Handler\CurlMultiHandler.php(181): GuzzleHttp\Handler\CurlFactory::finish(Object(GuzzleHttp\Handler\CurlMultiHandler), Object(GuzzleHttp\Handler\EasyHandle), Object(GuzzleHttp\Handler\CurlFactory))
#3 E:\xampp73\htdocs\filecroco\loader\vendor\guzzlehttp\guzzle\src\Handler\CurlMultiHandler.php(110): GuzzleHttp\Handler\CurlMultiHandler->processMessages()
#4 E:\xampp73\htdocs\filecroco\loader\vendor\guzzlehttp\guzzle\src\Handler\CurlMultiHandler.php(125): GuzzleHttp\Handler\CurlMultiHandler->tick()
#5 E:\xampp73\htdocs\filecroco\loader\vendor\guzzlehttp\promises\src\Promise.php(246): GuzzleHttp\Handler\CurlMultiHandler->execute(true)
#6 E:\xampp73\htdocs\filecroco\loader\vendor\guzzlehttp\promises\src\Promise.php(223): GuzzleHttp\Promise\Promise->invokeWaitFn()
#7 E:\xampp73\htdocs\filecroco\loader\vendor\guzzlehttp\promises\src\Promise.php(267): GuzzleHttp\Promise\Promise->waitIfPending()
#8 E:\xampp73\htdocs\filecroco\loader\vendor\guzzlehttp\promises\src\Promise.php(225): GuzzleHttp\Promise\Promise->invokeWaitList()
#9 E:\xampp73\htdocs\filecroco\loader\vendor\guzzlehttp\promises\src\Promise.php(62): GuzzleHttp\Promise\Promise->waitIfPending()
#10 E:\xampp73\htdocs\filecroco\loader\vendor\guzzlehttp\promises\src\EachPromise.php(101): GuzzleHttp\Promise\Promise->wait()
#11 E:\xampp73\htdocs\filecroco\loader\vendor\guzzlehttp\promises\src\Promise.php(246): GuzzleHttp\Promise\EachPromise->GuzzleHttp\Promise\{closure}(true)
#12 E:\xampp73\htdocs\filecroco\loader\vendor\guzzlehttp\promises\src\Promise.php(223): GuzzleHttp\Promise\Promise->invokeWaitFn()
#13 E:\xampp73\htdocs\filecroco\loader\vendor\guzzlehttp\promises\src\Promise.php(62): GuzzleHttp\Promise\Promise->waitIfPending()
#14 E:\xampp73\htdocs\filecroco\loader\updatedownloadlink.php(95): GuzzleHttp\Promise\Promise->wait()
#15 {main}|902GuzzleHttp\Exception\RequestException: cURL error 56:  (see http://curl.haxx.se/libcurl/c/libcurl-errors.html) in E:\xampp73\htdocs\filecroco\loader\vendor\guzzlehttp\guzzle\src\Handler\CurlFactory.php:186
Stack trace:
#0 E:\xampp73\htdocs\filecroco\loader\vendor\guzzlehttp\guzzle\src\Handler\CurlFactory.php(149): GuzzleHttp\Handler\CurlFactory::createRejection(Object(GuzzleHttp\Handler\EasyHandle), Array)
#1 E:\xampp73\htdocs\filecroco\loader\vendor\guzzlehttp\guzzle\src\Handler\CurlFactory.php(102): GuzzleHttp\Handler\CurlFactory::finishError(Object(GuzzleHttp\Handler\CurlMultiHandler), Object(GuzzleHttp\Handler\EasyHandle), Object(GuzzleHttp\Handler\CurlFactory))
#2 E:\xampp73\htdocs\filecroco\loader\vendor\guzzlehttp\guzzle\src\Handler\CurlMultiHandler.php(181): GuzzleHttp\Handler\CurlFactory::finish(Object(GuzzleHttp\Handler\CurlMultiHandler), Object(GuzzleHttp\Handler\EasyHandle), Object(GuzzleHttp\Handler\CurlFactory))
#3 E:\xampp73\htdocs\filecroco\loader\vendor\guzzlehttp\guzzle\src\Handler\CurlMultiHandler.php(110): GuzzleHttp\Handler\CurlMultiHandler->processMessages()
#4 E:\xampp73\htdocs\filecroco\loader\vendor\guzzlehttp\guzzle\src\Handler\CurlMultiHandler.php(125): GuzzleHttp\Handler\CurlMultiHandler->tick()
#5 E:\xampp73\htdocs\filecroco\loader\vendor\guzzlehttp\promises\src\Promise.php(246): GuzzleHttp\Handler\CurlMultiHandler->execute(true)
#6 E:\xampp73\htdocs\filecroco\loader\vendor\guzzlehttp\promises\src\Promise.php(223): GuzzleHttp\Promise\Promise->invokeWaitFn()
#7 E:\xampp73\htdocs\filecroco\loader\vendor\guzzlehttp\promises\src\Promise.php(267): GuzzleHttp\Promise\Promise->waitIfPending()
#8 E:\xampp73\htdocs\filecroco\loader\vendor\guzzlehttp\promises\src\Promise.php(225): GuzzleHttp\Promise\Promise->invokeWaitList()
#9 E:\xampp73\htdocs\filecroco\loader\vendor\guzzlehttp\promises\src\Promise.php(62): GuzzleHttp\Promise\Promise->waitIfPending()
#10 E:\xampp73\htdocs\filecroco\loader\vendor\guzzlehttp\promises\src\EachPromise.php(101): GuzzleHttp\Promise\Promise->wait()
#11 E:\xampp73\htdocs\filecroco\loader\vendor\guzzlehttp\promises\src\Promise.php(246): GuzzleHttp\Promise\EachPromise->GuzzleHttp\Promise\{closure}(true)
#12 E:\xampp73\htdocs\filecroco\loader\vendor\guzzlehttp\promises\src\Promise.php(223): GuzzleHttp\Promise\Promise->invokeWaitFn()
#13 E:\xampp73\htdocs\filecroco\loader\vendor\guzzlehttp\promises\src\Promise.php(62): GuzzleHttp\Promise\Promise->waitIfPending()
#14 E:\xampp73\htdocs\filecroco\loader\updatedownloadlink.php(95): GuzzleHttp\Promise\Promise->wait()
#15 {main}|903GuzzleHttp\Exception\RequestException: cURL error 56:  (see http://curl.haxx.se/libcurl/c/libcurl-errors.html) in E:\xampp73\htdocs\filecroco\loader\vendor\guzzlehttp\guzzle\src\Handler\CurlFactory.php:186
Stack trace:
#0 E:\xampp73\htdocs\filecroco\loader\vendor\guzzlehttp\guzzle\src\Handler\CurlFactory.php(149): GuzzleHttp\Handler\CurlFactory::createRejection(Object(GuzzleHttp\Handler\EasyHandle), Array)
#1 E:\xampp73\htdocs\filecroco\loader\vendor\guzzlehttp\guzzle\src\Handler\CurlFactory.php(102): GuzzleHttp\Handler\CurlFactory::finishError(Object(GuzzleHttp\Handler\CurlMultiHandler), Object(GuzzleHttp\Handler\EasyHandle), Object(GuzzleHttp\Handler\CurlFactory))
#2 E:\xampp73\htdocs\filecroco\loader\vendor\guzzlehttp\guzzle\src\Handler\CurlMultiHandler.php(181): GuzzleHttp\Handler\CurlFactory::finish(Object(GuzzleHttp\Handler\CurlMultiHandler), Object(GuzzleHttp\Handler\EasyHandle), Object(GuzzleHttp\Handler\CurlFactory))
#3 E:\xampp73\htdocs\filecroco\loader\vendor\guzzlehttp\guzzle\src\Handler\CurlMultiHandler.php(110): GuzzleHttp\Handler\CurlMultiHandler->processMessages()
#4 E:\xampp73\htdocs\filecroco\loader\vendor\guzzlehttp\guzzle\src\Handler\CurlMultiHandler.php(125): GuzzleHttp\Handler\CurlMultiHandler->tick()
#5 E:\xampp73\htdocs\filecroco\loader\vendor\guzzlehttp\promises\src\Promise.php(246): GuzzleHttp\Handler\CurlMultiHandler->execute(true)
#6 E:\xampp73\htdocs\filecroco\loader\vendor\guzzlehttp\promises\src\Promise.php(223): GuzzleHttp\Promise\Promise->invokeWaitFn()
#7 E:\xampp73\htdocs\filecroco\loader\vendor\guzzlehttp\promises\src\Promise.php(267): GuzzleHttp\Promise\Promise->waitIfPending()
#8 E:\xampp73\htdocs\filecroco\loader\vendor\guzzlehttp\promises\src\Promise.php(225): GuzzleHttp\Promise\Promise->invokeWaitList()
#9 E:\xampp73\htdocs\filecroco\loader\vendor\guzzlehttp\promises\src\Promise.php(62): GuzzleHttp\Promise\Promise->waitIfPending()
#10 E:\xampp73\htdocs\filecroco\loader\vendor\guzzlehttp\promises\src\EachPromise.php(101): GuzzleHttp\Promise\Promise->wait()
#11 E:\xampp73\htdocs\filecroco\loader\vendor\guzzlehttp\promises\src\Promise.php(246): GuzzleHttp\Promise\EachPromise->GuzzleHttp\Promise\{closure}(true)
#12 E:\xampp73\htdocs\filecroco\loader\vendor\guzzlehttp\promises\src\Promise.php(223): GuzzleHttp\Promise\Promise->invokeWaitFn()
#13 E:\xampp73\htdocs\filecroco\loader\vendor\guzzlehttp\promises\src\Promise.php(62): GuzzleHttp\Promise\Promise->waitIfPending()
#14 E:\xampp73\htdocs\filecroco\loader\updatedownloadlink.php(95): GuzzleHttp\Promise\Promise->wait()
#15 {main}|904GuzzleHttp\Exception\RequestException: cURL error 56:  (see http://curl.haxx.se/libcurl/c/libcurl-errors.html) in E:\xampp73\htdocs\filecroco\loader\vendor\guzzlehttp\guzzle\src\Handler\CurlFactory.php:186
Stack trace:
#0 E:\xampp73\htdocs\filecroco\loader\vendor\guzzlehttp\guzzle\src\Handler\CurlFactory.php(149): GuzzleHttp\Handler\CurlFactory::createRejection(Object(GuzzleHttp\Handler\EasyHandle), Array)
#1 E:\xampp73\htdocs\filecroco\loader\vendor\guzzlehttp\guzzle\src\Handler\CurlFactory.php(102): GuzzleHttp\Handler\CurlFactory::finishError(Object(GuzzleHttp\Handler\CurlMultiHandler), Object(GuzzleHttp\Handler\EasyHandle), Object(GuzzleHttp\Handler\CurlFactory))
#2 E:\xampp73\htdocs\filecroco\loader\vendor\guzzlehttp\guzzle\src\Handler\CurlMultiHandler.php(181): GuzzleHttp\Handler\CurlFactory::finish(Object(GuzzleHttp\Handler\CurlMultiHandler), Object(GuzzleHttp\Handler\EasyHandle), Object(GuzzleHttp\Handler\CurlFactory))
#3 E:\xampp73\htdocs\filecroco\loader\vendor\guzzlehttp\guzzle\src\Handler\CurlMultiHandler.php(110): GuzzleHttp\Handler\CurlMultiHandler->processMessages()
#4 E:\xampp73\htdocs\filecroco\loader\vendor\guzzlehttp\guzzle\src\Handler\CurlMultiHandler.php(125): GuzzleHttp\Handler\CurlMultiHandler->tick()
#5 E:\xampp73\htdocs\filecroco\loader\vendor\guzzlehttp\promises\src\Promise.php(246): GuzzleHttp\Handler\CurlMultiHandler->execute(true)
#6 E:\xampp73\htdocs\filecroco\loader\vendor\guzzlehttp\promises\src\Promise.php(223): GuzzleHttp\Promise\Promise->invokeWaitFn()
#7 E:\xampp73\htdocs\filecroco\loader\vendor\guzzlehttp\promises\src\Promise.php(267): GuzzleHttp\Promise\Promise->waitIfPending()
#8 E:\xampp73\htdocs\filecroco\loader\vendor\guzzlehttp\promises\src\Promise.php(225): GuzzleHttp\Promise\Promise->invokeWaitList()
#9 E:\xampp73\htdocs\filecroco\loader\vendor\guzzlehttp\promises\src\Promise.php(62): GuzzleHttp\Promise\Promise->waitIfPending()
#10 E:\xampp73\htdocs\filecroco\loader\vendor\guzzlehttp\promises\src\EachPromise.php(101): GuzzleHttp\Promise\Promise->wait()
#11 E:\xampp73\htdocs\filecroco\loader\vendor\guzzlehttp\promises\src\Promise.php(246): GuzzleHttp\Promise\EachPromise->GuzzleHttp\Promise\{closure}(true)
#12 E:\xampp73\htdocs\filecroco\loader\vendor\guzzlehttp\promises\src\Promise.php(223): GuzzleHttp\Promise\Promise->invokeWaitFn()
#13 E:\xampp73\htdocs\filecroco\loader\vendor\guzzlehttp\promises\src\Promise.php(62): GuzzleHttp\Promise\Promise->waitIfPending()
#14 E:\xampp73\htdocs\filecroco\loader\updatedownloadlink.php(95): GuzzleHttp\Promise\Promise->wait()
#15 {main}|905GuzzleHttp\Exception\RequestException: cURL error 56:  (see http://curl.haxx.se/libcurl/c/libcurl-errors.html) in E:\xampp73\htdocs\filecroco\loader\vendor\guzzlehttp\guzzle\src\Handler\CurlFactory.php:186
Stack trace:
#0 E:\xampp73\htdocs\filecroco\loader\vendor\guzzlehttp\guzzle\src\Handler\CurlFactory.php(149): GuzzleHttp\Handler\CurlFactory::createRejection(Object(GuzzleHttp\Handler\EasyHandle), Array)
#1 E:\xampp73\htdocs\filecroco\loader\vendor\guzzlehttp\guzzle\src\Handler\CurlFactory.php(102): GuzzleHttp\Handler\CurlFactory::finishError(Object(GuzzleHttp\Handler\CurlMultiHandler), Object(GuzzleHttp\Handler\EasyHandle), Object(GuzzleHttp\Handler\CurlFactory))
#2 E:\xampp73\htdocs\filecroco\loader\vendor\guzzlehttp\guzzle\src\Handler\CurlMultiHandler.php(181): GuzzleHttp\Handler\CurlFactory::finish(Object(GuzzleHttp\Handler\CurlMultiHandler), Object(GuzzleHttp\Handler\EasyHandle), Object(GuzzleHttp\Handler\CurlFactory))
#3 E:\xampp73\htdocs\filecroco\loader\vendor\guzzlehttp\guzzle\src\Handler\CurlMultiHandler.php(110): GuzzleHttp\Handler\CurlMultiHandler->processMessages()
#4 E:\xampp73\htdocs\filecroco\loader\vendor\guzzlehttp\guzzle\src\Handler\CurlMultiHandler.php(125): GuzzleHttp\Handler\CurlMultiHandler->tick()
#5 E:\xampp73\htdocs\filecroco\loader\vendor\guzzlehttp\promises\src\Promise.php(246): GuzzleHttp\Handler\CurlMultiHandler->execute(true)
#6 E:\xampp73\htdocs\filecroco\loader\vendor\guzzlehttp\promises\src\Promise.php(223): GuzzleHttp\Promise\Promise->invokeWaitFn()
#7 E:\xampp73\htdocs\filecroco\loader\vendor\guzzlehttp\promises\src\Promise.php(267): GuzzleHttp\Promise\Promise->waitIfPending()
#8 E:\xampp73\htdocs\filecroco\loader\vendor\guzzlehttp\promises\src\Promise.php(225): GuzzleHttp\Promise\Promise->invokeWaitList()
#9 E:\xampp73\htdocs\filecroco\loader\vendor\guzzlehttp\promises\src\Promise.php(62): GuzzleHttp\Promise\Promise->waitIfPending()
#10 E:\xampp73\htdocs\filecroco\loader\vendor\guzzlehttp\promises\src\EachPromise.php(101): GuzzleHttp\Promise\Promise->wait()
#11 E:\xampp73\htdocs\filecroco\loader\vendor\guzzlehttp\promises\src\Promise.php(246): GuzzleHttp\Promise\EachPromise->GuzzleHttp\Promise\{closure}(true)
#12 E:\xampp73\htdocs\filecroco\loader\vendor\guzzlehttp\promises\src\Promise.php(223): GuzzleHttp\Promise\Promise->invokeWaitFn()
#13 E:\xampp73\htdocs\filecroco\loader\vendor\guzzlehttp\promises\src\Promise.php(62): GuzzleHttp\Promise\Promise->waitIfPending()
#14 E:\xampp73\htdocs\filecroco\loader\updatedownloadlink.php(95): GuzzleHttp\Promise\Promise->wait()
#15 {main}|906GuzzleHttp\Exception\RequestException: cURL error 56:  (see http://curl.haxx.se/libcurl/c/libcurl-errors.html) in E:\xampp73\htdocs\filecroco\loader\vendor\guzzlehttp\guzzle\src\Handler\CurlFactory.php:186
Stack trace:
#0 E:\xampp73\htdocs\filecroco\loader\vendor\guzzlehttp\guzzle\src\Handler\CurlFactory.php(149): GuzzleHttp\Handler\CurlFactory::createRejection(Object(GuzzleHttp\Handler\EasyHandle), Array)
#1 E:\xampp73\htdocs\filecroco\loader\vendor\guzzlehttp\guzzle\src\Handler\CurlFactory.php(102): GuzzleHttp\Handler\CurlFactory::finishError(Object(GuzzleHttp\Handler\CurlMultiHandler), Object(GuzzleHttp\Handler\EasyHandle), Object(GuzzleHttp\Handler\CurlFactory))
#2 E:\xampp73\htdocs\filecroco\loader\vendor\guzzlehttp\guzzle\src\Handler\CurlMultiHandler.php(181): GuzzleHttp\Handler\CurlFactory::finish(Object(GuzzleHttp\Handler\CurlMultiHandler), Object(GuzzleHttp\Handler\EasyHandle), Object(GuzzleHttp\Handler\CurlFactory))
#3 E:\xampp73\htdocs\filecroco\loader\vendor\guzzlehttp\guzzle\src\Handler\CurlMultiHandler.php(110): GuzzleHttp\Handler\CurlMultiHandler->processMessages()
#4 E:\xampp73\htdocs\filecroco\loader\vendor\guzzlehttp\guzzle\src\Handler\CurlMultiHandler.php(125): GuzzleHttp\Handler\CurlMultiHandler->tick()
#5 E:\xampp73\htdocs\filecroco\loader\vendor\guzzlehttp\promises\src\Promise.php(246): GuzzleHttp\Handler\CurlMultiHandler->execute(true)
#6 E:\xampp73\htdocs\filecroco\loader\vendor\guzzlehttp\promises\src\Promise.php(223): GuzzleHttp\Promise\Promise->invokeWaitFn()
#7 E:\xampp73\htdocs\filecroco\loader\vendor\guzzlehttp\promises\src\Promise.php(267): GuzzleHttp\Promise\Promise->waitIfPending()
#8 E:\xampp73\htdocs\filecroco\loader\vendor\guzzlehttp\promises\src\Promise.php(225): GuzzleHttp\Promise\Promise->invokeWaitList()
#9 E:\xampp73\htdocs\filecroco\loader\vendor\guzzlehttp\promises\src\Promise.php(62): GuzzleHttp\Promise\Promise->waitIfPending()
#10 E:\xampp73\htdocs\filecroco\loader\vendor\guzzlehttp\promises\src\EachPromise.php(101): GuzzleHttp\Promise\Promise->wait()
#11 E:\xampp73\htdocs\filecroco\loader\vendor\guzzlehttp\promises\src\Promise.php(246): GuzzleHttp\Promise\EachPromise->GuzzleHttp\Promise\{closure}(true)
#12 E:\xampp73\htdocs\filecroco\loader\vendor\guzzlehttp\promises\src\Promise.php(223): GuzzleHttp\Promise\Promise->invokeWaitFn()
#13 E:\xampp73\htdocs\filecroco\loader\vendor\guzzlehttp\promises\src\Promise.php(62): GuzzleHttp\Promise\Promise->waitIfPending()
#14 E:\xampp73\htdocs\filecroco\loader\updatedownloadlink.php(95): GuzzleHttp\Promise\Promise->wait()
#15 {main}|907GuzzleHttp\Exception\RequestException: cURL error 56:  (see http://curl.haxx.se/libcurl/c/libcurl-errors.html) in E:\xampp73\htdocs\filecroco\loader\vendor\guzzlehttp\guzzle\src\Handler\CurlFactory.php:186
Stack trace:
#0 E:\xampp73\htdocs\filecroco\loader\vendor\guzzlehttp\guzzle\src\Handler\CurlFactory.php(149): GuzzleHttp\Handler\CurlFactory::createRejection(Object(GuzzleHttp\Handler\EasyHandle), Array)
#1 E:\xampp73\htdocs\filecroco\loader\vendor\guzzlehttp\guzzle\src\Handler\CurlFactory.php(102): GuzzleHttp\Handler\CurlFactory::finishError(Object(GuzzleHttp\Handler\CurlMultiHandler), Object(GuzzleHttp\Handler\EasyHandle), Object(GuzzleHttp\Handler\CurlFactory))
#2 E:\xampp73\htdocs\filecroco\loader\vendor\guzzlehttp\guzzle\src\Handler\CurlMultiHandler.php(181): GuzzleHttp\Handler\CurlFactory::finish(Object(GuzzleHttp\Handler\CurlMultiHandler), Object(GuzzleHttp\Handler\EasyHandle), Object(GuzzleHttp\Handler\CurlFactory))
#3 E:\xampp73\htdocs\filecroco\loader\vendor\guzzlehttp\guzzle\src\Handler\CurlMultiHandler.php(110): GuzzleHttp\Handler\CurlMultiHandler->processMessages()
#4 E:\xampp73\htdocs\filecroco\loader\vendor\guzzlehttp\guzzle\src\Handler\CurlMultiHandler.php(125): GuzzleHttp\Handler\CurlMultiHandler->tick()
#5 E:\xampp73\htdocs\filecroco\loader\vendor\guzzlehttp\promises\src\Promise.php(246): GuzzleHttp\Handler\CurlMultiHandler->execute(true)
#6 E:\xampp73\htdocs\filecroco\loader\vendor\guzzlehttp\promises\src\Promise.php(223): GuzzleHttp\Promise\Promise->invokeWaitFn()
#7 E:\xampp73\htdocs\filecroco\loader\vendor\guzzlehttp\promises\src\Promise.php(267): GuzzleHttp\Promise\Promise->waitIfPending()
#8 E:\xampp73\htdocs\filecroco\loader\vendor\guzzlehttp\promises\src\Promise.php(225): GuzzleHttp\Promise\Promise->invokeWaitList()
#9 E:\xampp73\htdocs\filecroco\loader\vendor\guzzlehttp\promises\src\Promise.php(62): GuzzleHttp\Promise\Promise->waitIfPending()
#10 E:\xampp73\htdocs\filecroco\loader\vendor\guzzlehttp\promises\src\EachPromise.php(101): GuzzleHttp\Promise\Promise->wait()
#11 E:\xampp73\htdocs\filecroco\loader\vendor\guzzlehttp\promises\src\Promise.php(246): GuzzleHttp\Promise\EachPromise->GuzzleHttp\Promise\{closure}(true)
#12 E:\xampp73\htdocs\filecroco\loader\vendor\guzzlehttp\promises\src\Promise.php(223): GuzzleHttp\Promise\Promise->invokeWaitFn()
#13 E:\xampp73\htdocs\filecroco\loader\vendor\guzzlehttp\promises\src\Promise.php(62): GuzzleHttp\Promise\Promise->waitIfPending()
#14 E:\xampp73\htdocs\filecroco\loader\updatedownloadlink.php(95): GuzzleHttp\Promise\Promise->wait()
#15 {main}|908GuzzleHttp\Exception\RequestException: cURL error 56:  (see http://curl.haxx.se/libcurl/c/libcurl-errors.html) in E:\xampp73\htdocs\filecroco\loader\vendor\guzzlehttp\guzzle\src\Handler\CurlFactory.php:186
Stack trace:
#0 E:\xampp73\htdocs\filecroco\loader\vendor\guzzlehttp\guzzle\src\Handler\CurlFactory.php(149): GuzzleHttp\Handler\CurlFactory::createRejection(Object(GuzzleHttp\Handler\EasyHandle), Array)
#1 E:\xampp73\htdocs\filecroco\loader\vendor\guzzlehttp\guzzle\src\Handler\CurlFactory.php(102): GuzzleHttp\Handler\CurlFactory::finishError(Object(GuzzleHttp\Handler\CurlMultiHandler), Object(GuzzleHttp\Handler\EasyHandle), Object(GuzzleHttp\Handler\CurlFactory))
#2 E:\xampp73\htdocs\filecroco\loader\vendor\guzzlehttp\guzzle\src\Handler\CurlMultiHandler.php(181): GuzzleHttp\Handler\CurlFactory::finish(Object(GuzzleHttp\Handler\CurlMultiHandler), Object(GuzzleHttp\Handler\EasyHandle), Object(GuzzleHttp\Handler\CurlFactory))
#3 E:\xampp73\htdocs\filecroco\loader\vendor\guzzlehttp\guzzle\src\Handler\CurlMultiHandler.php(110): GuzzleHttp\Handler\CurlMultiHandler->processMessages()
#4 E:\xampp73\htdocs\filecroco\loader\vendor\guzzlehttp\guzzle\src\Handler\CurlMultiHandler.php(125): GuzzleHttp\Handler\CurlMultiHandler->tick()
#5 E:\xampp73\htdocs\filecroco\loader\vendor\guzzlehttp\promises\src\Promise.php(246): GuzzleHttp\Handler\CurlMultiHandler->execute(true)
#6 E:\xampp73\htdocs\filecroco\loader\vendor\guzzlehttp\promises\src\Promise.php(223): GuzzleHttp\Promise\Promise->invokeWaitFn()
#7 E:\xampp73\htdocs\filecroco\loader\vendor\guzzlehttp\promises\src\Promise.php(267): GuzzleHttp\Promise\Promise->waitIfPending()
#8 E:\xampp73\htdocs\filecroco\loader\vendor\guzzlehttp\promises\src\Promise.php(225): GuzzleHttp\Promise\Promise->invokeWaitList()
#9 E:\xampp73\htdocs\filecroco\loader\vendor\guzzlehttp\promises\src\Promise.php(62): GuzzleHttp\Promise\Promise->waitIfPending()
#10 E:\xampp73\htdocs\filecroco\loader\vendor\guzzlehttp\promises\src\EachPromise.php(101): GuzzleHttp\Promise\Promise->wait()
#11 E:\xampp73\htdocs\filecroco\loader\vendor\guzzlehttp\promises\src\Promise.php(246): GuzzleHttp\Promise\EachPromise->GuzzleHttp\Promise\{closure}(true)
#12 E:\xampp73\htdocs\filecroco\loader\vendor\guzzlehttp\promises\src\Promise.php(223): GuzzleHttp\Promise\Promise->invokeWaitFn()
#13 E:\xampp73\htdocs\filecroco\loader\vendor\guzzlehttp\promises\src\Promise.php(62): GuzzleHttp\Promise\Promise->waitIfPending()
#14 E:\xampp73\htdocs\filecroco\loader\updatedownloadlink.php(95): GuzzleHttp\Promise\Promise->wait()
#15 {main}|909GuzzleHttp\Exception\RequestException: cURL error 56:  (see http://curl.haxx.se/libcurl/c/libcurl-errors.html) in E:\xampp73\htdocs\filecroco\loader\vendor\guzzlehttp\guzzle\src\Handler\CurlFactory.php:186
Stack trace:
#0 E:\xampp73\htdocs\filecroco\loader\vendor\guzzlehttp\guzzle\src\Handler\CurlFactory.php(149): GuzzleHttp\Handler\CurlFactory::createRejection(Object(GuzzleHttp\Handler\EasyHandle), Array)
#1 E:\xampp73\htdocs\filecroco\loader\vendor\guzzlehttp\guzzle\src\Handler\CurlFactory.php(102): GuzzleHttp\Handler\CurlFactory::finishError(Object(GuzzleHttp\Handler\CurlMultiHandler), Object(GuzzleHttp\Handler\EasyHandle), Object(GuzzleHttp\Handler\CurlFactory))
#2 E:\xampp73\htdocs\filecroco\loader\vendor\guzzlehttp\guzzle\src\Handler\CurlMultiHandler.php(181): GuzzleHttp\Handler\CurlFactory::finish(Object(GuzzleHttp\Handler\CurlMultiHandler), Object(GuzzleHttp\Handler\EasyHandle), Object(GuzzleHttp\Handler\CurlFactory))
#3 E:\xampp73\htdocs\filecroco\loader\vendor\guzzlehttp\guzzle\src\Handler\CurlMultiHandler.php(110): GuzzleHttp\Handler\CurlMultiHandler->processMessages()
#4 E:\xampp73\htdocs\filecroco\loader\vendor\guzzlehttp\guzzle\src\Handler\CurlMultiHandler.php(125): GuzzleHttp\Handler\CurlMultiHandler->tick()
#5 E:\xampp73\htdocs\filecroco\loader\vendor\guzzlehttp\promises\src\Promise.php(246): GuzzleHttp\Handler\CurlMultiHandler->execute(true)
#6 E:\xampp73\htdocs\filecroco\loader\vendor\guzzlehttp\promises\src\Promise.php(223): GuzzleHttp\Promise\Promise->invokeWaitFn()
#7 E:\xampp73\htdocs\filecroco\loader\vendor\guzzlehttp\promises\src\Promise.php(267): GuzzleHttp\Promise\Promise->waitIfPending()
#8 E:\xampp73\htdocs\filecroco\loader\vendor\guzzlehttp\promises\src\Promise.php(225): GuzzleHttp\Promise\Promise->invokeWaitList()
#9 E:\xampp73\htdocs\filecroco\loader\vendor\guzzlehttp\promises\src\Promise.php(62): GuzzleHttp\Promise\Promise->waitIfPending()
#10 E:\xampp73\htdocs\filecroco\loader\vendor\guzzlehttp\promises\src\EachPromise.php(101): GuzzleHttp\Promise\Promise->wait()
#11 E:\xampp73\htdocs\filecroco\loader\vendor\guzzlehttp\promises\src\Promise.php(246): GuzzleHttp\Promise\EachPromise->GuzzleHttp\Promise\{closure}(true)
#12 E:\xampp73\htdocs\filecroco\loader\vendor\guzzlehttp\promises\src\Promise.php(223): GuzzleHttp\Promise\Promise->invokeWaitFn()
#13 E:\xampp73\htdocs\filecroco\loader\vendor\guzzlehttp\promises\src\Promise.php(62): GuzzleHttp\Promise\Promise->waitIfPending()
#14 E:\xampp73\htdocs\filecroco\loader\updatedownloadlink.php(95): GuzzleHttp\Promise\Promise->wait()
#15 {main}|910GuzzleHttp\Exception\RequestException: cURL error 56:  (see http://curl.haxx.se/libcurl/c/libcurl-errors.html) in E:\xampp73\htdocs\filecroco\loader\vendor\guzzlehttp\guzzle\src\Handler\CurlFactory.php:186
Stack trace:
#0 E:\xampp73\htdocs\filecroco\loader\vendor\guzzlehttp\guzzle\src\Handler\CurlFactory.php(149): GuzzleHttp\Handler\CurlFactory::createRejection(Object(GuzzleHttp\Handler\EasyHandle), Array)
#1 E:\xampp73\htdocs\filecroco\loader\vendor\guzzlehttp\guzzle\src\Handler\CurlFactory.php(102): GuzzleHttp\Handler\CurlFactory::finishError(Object(GuzzleHttp\Handler\CurlMultiHandler), Object(GuzzleHttp\Handler\EasyHandle), Object(GuzzleHttp\Handler\CurlFactory))
#2 E:\xampp73\htdocs\filecroco\loader\vendor\guzzlehttp\guzzle\src\Handler\CurlMultiHandler.php(181): GuzzleHttp\Handler\CurlFactory::finish(Object(GuzzleHttp\Handler\CurlMultiHandler), Object(GuzzleHttp\Handler\EasyHandle), Object(GuzzleHttp\Handler\CurlFactory))
#3 E:\xampp73\htdocs\filecroco\loader\vendor\guzzlehttp\guzzle\src\Handler\CurlMultiHandler.php(110): GuzzleHttp\Handler\CurlMultiHandler->processMessages()
#4 E:\xampp73\htdocs\filecroco\loader\vendor\guzzlehttp\guzzle\src\Handler\CurlMultiHandler.php(125): GuzzleHttp\Handler\CurlMultiHandler->tick()
#5 E:\xampp73\htdocs\filecroco\loader\vendor\guzzlehttp\promises\src\Promise.php(246): GuzzleHttp\Handler\CurlMultiHandler->execute(true)
#6 E:\xampp73\htdocs\filecroco\loader\vendor\guzzlehttp\promises\src\Promise.php(223): GuzzleHttp\Promise\Promise->invokeWaitFn()
#7 E:\xampp73\htdocs\filecroco\loader\vendor\guzzlehttp\promises\src\Promise.php(267): GuzzleHttp\Promise\Promise->waitIfPending()
#8 E:\xampp73\htdocs\filecroco\loader\vendor\guzzlehttp\promises\src\Promise.php(225): GuzzleHttp\Promise\Promise->invokeWaitList()
#9 E:\xampp73\htdocs\filecroco\loader\vendor\guzzlehttp\promises\src\Promise.php(62): GuzzleHttp\Promise\Promise->waitIfPending()
#10 E:\xampp73\htdocs\filecroco\loader\vendor\guzzlehttp\promises\src\EachPromise.php(101): GuzzleHttp\Promise\Promise->wait()
#11 E:\xampp73\htdocs\filecroco\loader\vendor\guzzlehttp\promises\src\Promise.php(246): GuzzleHttp\Promise\EachPromise->GuzzleHttp\Promise\{closure}(true)
#12 E:\xampp73\htdocs\filecroco\loader\vendor\guzzlehttp\promises\src\Promise.php(223): GuzzleHttp\Promise\Promise->invokeWaitFn()
#13 E:\xampp73\htdocs\filecroco\loader\vendor\guzzlehttp\promises\src\Promise.php(62): GuzzleHttp\Promise\Promise->waitIfPending()
#14 E:\xampp73\htdocs\filecroco\loader\updatedownloadlink.php(95): GuzzleHttp\Promise\Promise->wait()
#15 {main}|911GuzzleHttp\Exception\RequestException: cURL error 56:  (see http://curl.haxx.se/libcurl/c/libcurl-errors.html) in E:\xampp73\htdocs\filecroco\loader\vendor\guzzlehttp\guzzle\src\Handler\CurlFactory.php:186
Stack trace:
#0 E:\xampp73\htdocs\filecroco\loader\vendor\guzzlehttp\guzzle\src\Handler\CurlFactory.php(149): GuzzleHttp\Handler\CurlFactory::createRejection(Object(GuzzleHttp\Handler\EasyHandle), Array)
#1 E:\xampp73\htdocs\filecroco\loader\vendor\guzzlehttp\guzzle\src\Handler\CurlFactory.php(102): GuzzleHttp\Handler\CurlFactory::finishError(Object(GuzzleHttp\Handler\CurlMultiHandler), Object(GuzzleHttp\Handler\EasyHandle), Object(GuzzleHttp\Handler\CurlFactory))
#2 E:\xampp73\htdocs\filecroco\loader\vendor\guzzlehttp\guzzle\src\Handler\CurlMultiHandler.php(181): GuzzleHttp\Handler\CurlFactory::finish(Object(GuzzleHttp\Handler\CurlMultiHandler), Object(GuzzleHttp\Handler\EasyHandle), Object(GuzzleHttp\Handler\CurlFactory))
#3 E:\xampp73\htdocs\filecroco\loader\vendor\guzzlehttp\guzzle\src\Handler\CurlMultiHandler.php(110): GuzzleHttp\Handler\CurlMultiHandler->processMessages()
#4 E:\xampp73\htdocs\filecroco\loader\vendor\guzzlehttp\guzzle\src\Handler\CurlMultiHandler.php(125): GuzzleHttp\Handler\CurlMultiHandler->tick()
#5 E:\xampp73\htdocs\filecroco\loader\vendor\guzzlehttp\promises\src\Promise.php(246): GuzzleHttp\Handler\CurlMultiHandler->execute(true)
#6 E:\xampp73\htdocs\filecroco\loader\vendor\guzzlehttp\promises\src\Promise.php(223): GuzzleHttp\Promise\Promise->invokeWaitFn()
#7 E:\xampp73\htdocs\filecroco\loader\vendor\guzzlehttp\promises\src\Promise.php(267): GuzzleHttp\Promise\Promise->waitIfPending()
#8 E:\xampp73\htdocs\filecroco\loader\vendor\guzzlehttp\promises\src\Promise.php(225): GuzzleHttp\Promise\Promise->invokeWaitList()
#9 E:\xampp73\htdocs\filecroco\loader\vendor\guzzlehttp\promises\src\Promise.php(62): GuzzleHttp\Promise\Promise->waitIfPending()
#10 E:\xampp73\htdocs\filecroco\loader\vendor\guzzlehttp\promises\src\EachPromise.php(101): GuzzleHttp\Promise\Promise->wait()
#11 E:\xampp73\htdocs\filecroco\loader\vendor\guzzlehttp\promises\src\Promise.php(246): GuzzleHttp\Promise\EachPromise->GuzzleHttp\Promise\{closure}(true)
#12 E:\xampp73\htdocs\filecroco\loader\vendor\guzzlehttp\promises\src\Promise.php(223): GuzzleHttp\Promise\Promise->invokeWaitFn()
#13 E:\xampp73\htdocs\filecroco\loader\vendor\guzzlehttp\promises\src\Promise.php(62): GuzzleHttp\Promise\Promise->waitIfPending()
#14 E:\xampp73\htdocs\filecroco\loader\updatedownloadlink.php(95): GuzzleHttp\Promise\Promise->wait()
#15 {main}|912GuzzleHttp\Exception\RequestException: cURL error 56:  (see http://curl.haxx.se/libcurl/c/libcurl-errors.html) in E:\xampp73\htdocs\filecroco\loader\vendor\guzzlehttp\guzzle\src\Handler\CurlFactory.php:186
Stack trace:
#0 E:\xampp73\htdocs\filecroco\loader\vendor\guzzlehttp\guzzle\src\Handler\CurlFactory.php(149): GuzzleHttp\Handler\CurlFactory::createRejection(Object(GuzzleHttp\Handler\EasyHandle), Array)
#1 E:\xampp73\htdocs\filecroco\loader\vendor\guzzlehttp\guzzle\src\Handler\CurlFactory.php(102): GuzzleHttp\Handler\CurlFactory::finishError(Object(GuzzleHttp\Handler\CurlMultiHandler), Object(GuzzleHttp\Handler\EasyHandle), Object(GuzzleHttp\Handler\CurlFactory))
#2 E:\xampp73\htdocs\filecroco\loader\vendor\guzzlehttp\guzzle\src\Handler\CurlMultiHandler.php(181): GuzzleHttp\Handler\CurlFactory::finish(Object(GuzzleHttp\Handler\CurlMultiHandler), Object(GuzzleHttp\Handler\EasyHandle), Object(GuzzleHttp\Handler\CurlFactory))
#3 E:\xampp73\htdocs\filecroco\loader\vendor\guzzlehttp\guzzle\src\Handler\CurlMultiHandler.php(110): GuzzleHttp\Handler\CurlMultiHandler->processMessages()
#4 E:\xampp73\htdocs\filecroco\loader\vendor\guzzlehttp\guzzle\src\Handler\CurlMultiHandler.php(125): GuzzleHttp\Handler\CurlMultiHandler->tick()
#5 E:\xampp73\htdocs\filecroco\loader\vendor\guzzlehttp\promises\src\Promise.php(246): GuzzleHttp\Handler\CurlMultiHandler->execute(true)
#6 E:\xampp73\htdocs\filecroco\loader\vendor\guzzlehttp\promises\src\Promise.php(223): GuzzleHttp\Promise\Promise->invokeWaitFn()
#7 E:\xampp73\htdocs\filecroco\loader\vendor\guzzlehttp\promises\src\Promise.php(267): GuzzleHttp\Promise\Promise->waitIfPending()
#8 E:\xampp73\htdocs\filecroco\loader\vendor\guzzlehttp\promises\src\Promise.php(225): GuzzleHttp\Promise\Promise->invokeWaitList()
#9 E:\xampp73\htdocs\filecroco\loader\vendor\guzzlehttp\promises\src\Promise.php(62): GuzzleHttp\Promise\Promise->waitIfPending()
#10 E:\xampp73\htdocs\filecroco\loader\vendor\guzzlehttp\promises\src\EachPromise.php(101): GuzzleHttp\Promise\Promise->wait()
#11 E:\xampp73\htdocs\filecroco\loader\vendor\guzzlehttp\promises\src\Promise.php(246): GuzzleHttp\Promise\EachPromise->GuzzleHttp\Promise\{closure}(true)
#12 E:\xampp73\htdocs\filecroco\loader\vendor\guzzlehttp\promises\src\Promise.php(223): GuzzleHttp\Promise\Promise->invokeWaitFn()
#13 E:\xampp73\htdocs\filecroco\loader\vendor\guzzlehttp\promises\src\Promise.php(62): GuzzleHttp\Promise\Promise->waitIfPending()
#14 E:\xampp73\htdocs\filecroco\loader\updatedownloadlink.php(95): GuzzleHttp\Promise\Promise->wait()
#15 {main}|913GuzzleHttp\Exception\RequestException: cURL error 56:  (see http://curl.haxx.se/libcurl/c/libcurl-errors.html) in E:\xampp73\htdocs\filecroco\loader\vendor\guzzlehttp\guzzle\src\Handler\CurlFactory.php:186
Stack trace:
#0 E:\xampp73\htdocs\filecroco\loader\vendor\guzzlehttp\guzzle\src\Handler\CurlFactory.php(149): GuzzleHttp\Handler\CurlFactory::createRejection(Object(GuzzleHttp\Handler\EasyHandle), Array)
#1 E:\xampp73\htdocs\filecroco\loader\vendor\guzzlehttp\guzzle\src\Handler\CurlFactory.php(102): GuzzleHttp\Handler\CurlFactory::finishError(Object(GuzzleHttp\Handler\CurlMultiHandler), Object(GuzzleHttp\Handler\EasyHandle), Object(GuzzleHttp\Handler\CurlFactory))
#2 E:\xampp73\htdocs\filecroco\loader\vendor\guzzlehttp\guzzle\src\Handler\CurlMultiHandler.php(181): GuzzleHttp\Handler\CurlFactory::finish(Object(GuzzleHttp\Handler\CurlMultiHandler), Object(GuzzleHttp\Handler\EasyHandle), Object(GuzzleHttp\Handler\CurlFactory))
#3 E:\xampp73\htdocs\filecroco\loader\vendor\guzzlehttp\guzzle\src\Handler\CurlMultiHandler.php(110): GuzzleHttp\Handler\CurlMultiHandler->processMessages()
#4 E:\xampp73\htdocs\filecroco\loader\vendor\guzzlehttp\guzzle\src\Handler\CurlMultiHandler.php(125): GuzzleHttp\Handler\CurlMultiHandler->tick()
#5 E:\xampp73\htdocs\filecroco\loader\vendor\guzzlehttp\promises\src\Promise.php(246): GuzzleHttp\Handler\CurlMultiHandler->execute(true)
#6 E:\xampp73\htdocs\filecroco\loader\vendor\guzzlehttp\promises\src\Promise.php(223): GuzzleHttp\Promise\Promise->invokeWaitFn()
#7 E:\xampp73\htdocs\filecroco\loader\vendor\guzzlehttp\promises\src\Promise.php(267): GuzzleHttp\Promise\Promise->waitIfPending()
#8 E:\xampp73\htdocs\filecroco\loader\vendor\guzzlehttp\promises\src\Promise.php(225): GuzzleHttp\Promise\Promise->invokeWaitList()
#9 E:\xampp73\htdocs\filecroco\loader\vendor\guzzlehttp\promises\src\Promise.php(62): GuzzleHttp\Promise\Promise->waitIfPending()
#10 E:\xampp73\htdocs\filecroco\loader\vendor\guzzlehttp\promises\src\EachPromise.php(101): GuzzleHttp\Promise\Promise->wait()
#11 E:\xampp73\htdocs\filecroco\loader\vendor\guzzlehttp\promises\src\Promise.php(246): GuzzleHttp\Promise\EachPromise->GuzzleHttp\Promise\{closure}(true)
#12 E:\xampp73\htdocs\filecroco\loader\vendor\guzzlehttp\promises\src\Promise.php(223): GuzzleHttp\Promise\Promise->invokeWaitFn()
#13 E:\xampp73\htdocs\filecroco\loader\vendor\guzzlehttp\promises\src\Promise.php(62): GuzzleHttp\Promise\Promise->waitIfPending()
#14 E:\xampp73\htdocs\filecroco\loader\updatedownloadlink.php(95): GuzzleHttp\Promise\Promise->wait()
#15 {main}|914GuzzleHttp\Exception\RequestException: cURL error 56:  (see http://curl.haxx.se/libcurl/c/libcurl-errors.html) in E:\xampp73\htdocs\filecroco\loader\vendor\guzzlehttp\guzzle\src\Handler\CurlFactory.php:186
Stack trace:
#0 E:\xampp73\htdocs\filecroco\loader\vendor\guzzlehttp\guzzle\src\Handler\CurlFactory.php(149): GuzzleHttp\Handler\CurlFactory::createRejection(Object(GuzzleHttp\Handler\EasyHandle), Array)
#1 E:\xampp73\htdocs\filecroco\loader\vendor\guzzlehttp\guzzle\src\Handler\CurlFactory.php(102): GuzzleHttp\Handler\CurlFactory::finishError(Object(GuzzleHttp\Handler\CurlMultiHandler), Object(GuzzleHttp\Handler\EasyHandle), Object(GuzzleHttp\Handler\CurlFactory))
#2 E:\xampp73\htdocs\filecroco\loader\vendor\guzzlehttp\guzzle\src\Handler\CurlMultiHandler.php(181): GuzzleHttp\Handler\CurlFactory::finish(Object(GuzzleHttp\Handler\CurlMultiHandler), Object(GuzzleHttp\Handler\EasyHandle), Object(GuzzleHttp\Handler\CurlFactory))
#3 E:\xampp73\htdocs\filecroco\loader\vendor\guzzlehttp\guzzle\src\Handler\CurlMultiHandler.php(110): GuzzleHttp\Handler\CurlMultiHandler->processMessages()
#4 E:\xampp73\htdocs\filecroco\loader\vendor\guzzlehttp\guzzle\src\Handler\CurlMultiHandler.php(125): GuzzleHttp\Handler\CurlMultiHandler->tick()
#5 E:\xampp73\htdocs\filecroco\loader\vendor\guzzlehttp\promises\src\Promise.php(246): GuzzleHttp\Handler\CurlMultiHandler->execute(true)
#6 E:\xampp73\htdocs\filecroco\loader\vendor\guzzlehttp\promises\src\Promise.php(223): GuzzleHttp\Promise\Promise->invokeWaitFn()
#7 E:\xampp73\htdocs\filecroco\loader\vendor\guzzlehttp\promises\src\Promise.php(267): GuzzleHttp\Promise\Promise->waitIfPending()
#8 E:\xampp73\htdocs\filecroco\loader\vendor\guzzlehttp\promises\src\Promise.php(225): GuzzleHttp\Promise\Promise->invokeWaitList()
#9 E:\xampp73\htdocs\filecroco\loader\vendor\guzzlehttp\promises\src\Promise.php(62): GuzzleHttp\Promise\Promise->waitIfPending()
#10 E:\xampp73\htdocs\filecroco\loader\vendor\guzzlehttp\promises\src\EachPromise.php(101): GuzzleHttp\Promise\Promise->wait()
#11 E:\xampp73\htdocs\filecroco\loader\vendor\guzzlehttp\promises\src\Promise.php(246): GuzzleHttp\Promise\EachPromise->GuzzleHttp\Promise\{closure}(true)
#12 E:\xampp73\htdocs\filecroco\loader\vendor\guzzlehttp\promises\src\Promise.php(223): GuzzleHttp\Promise\Promise->invokeWaitFn()
#13 E:\xampp73\htdocs\filecroco\loader\vendor\guzzlehttp\promises\src\Promise.php(62): GuzzleHttp\Promise\Promise->waitIfPending()
#14 E:\xampp73\htdocs\filecroco\loader\updatedownloadlink.php(95): GuzzleHttp\Promise\Promise->wait()
#15 {main}|915GuzzleHttp\Exception\RequestException: cURL error 56:  (see http://curl.haxx.se/libcurl/c/libcurl-errors.html) in E:\xampp73\htdocs\filecroco\loader\vendor\guzzlehttp\guzzle\src\Handler\CurlFactory.php:186
Stack trace:
#0 E:\xampp73\htdocs\filecroco\loader\vendor\guzzlehttp\guzzle\src\Handler\CurlFactory.php(149): GuzzleHttp\Handler\CurlFactory::createRejection(Object(GuzzleHttp\Handler\EasyHandle), Array)
#1 E:\xampp73\htdocs\filecroco\loader\vendor\guzzlehttp\guzzle\src\Handler\CurlFactory.php(102): GuzzleHttp\Handler\CurlFactory::finishError(Object(GuzzleHttp\Handler\CurlMultiHandler), Object(GuzzleHttp\Handler\EasyHandle), Object(GuzzleHttp\Handler\CurlFactory))
#2 E:\xampp73\htdocs\filecroco\loader\vendor\guzzlehttp\guzzle\src\Handler\CurlMultiHandler.php(181): GuzzleHttp\Handler\CurlFactory::finish(Object(GuzzleHttp\Handler\CurlMultiHandler), Object(GuzzleHttp\Handler\EasyHandle), Object(GuzzleHttp\Handler\CurlFactory))
#3 E:\xampp73\htdocs\filecroco\loader\vendor\guzzlehttp\guzzle\src\Handler\CurlMultiHandler.php(110): GuzzleHttp\Handler\CurlMultiHandler->processMessages()
#4 E:\xampp73\htdocs\filecroco\loader\vendor\guzzlehttp\guzzle\src\Handler\CurlMultiHandler.php(125): GuzzleHttp\Handler\CurlMultiHandler->tick()
#5 E:\xampp73\htdocs\filecroco\loader\vendor\guzzlehttp\promises\src\Promise.php(246): GuzzleHttp\Handler\CurlMultiHandler->execute(true)
#6 E:\xampp73\htdocs\filecroco\loader\vendor\guzzlehttp\promises\src\Promise.php(223): GuzzleHttp\Promise\Promise->invokeWaitFn()
#7 E:\xampp73\htdocs\filecroco\loader\vendor\guzzlehttp\promises\src\Promise.php(267): GuzzleHttp\Promise\Promise->waitIfPending()
#8 E:\xampp73\htdocs\filecroco\loader\vendor\guzzlehttp\promises\src\Promise.php(225): GuzzleHttp\Promise\Promise->invokeWaitList()
#9 E:\xampp73\htdocs\filecroco\loader\vendor\guzzlehttp\promises\src\Promise.php(62): GuzzleHttp\Promise\Promise->waitIfPending()
#10 E:\xampp73\htdocs\filecroco\loader\vendor\guzzlehttp\promises\src\EachPromise.php(101): GuzzleHttp\Promise\Promise->wait()
#11 E:\xampp73\htdocs\filecroco\loader\vendor\guzzlehttp\promises\src\Promise.php(246): GuzzleHttp\Promise\EachPromise->GuzzleHttp\Promise\{closure}(true)
#12 E:\xampp73\htdocs\filecroco\loader\vendor\guzzlehttp\promises\src\Promise.php(223): GuzzleHttp\Promise\Promise->invokeWaitFn()
#13 E:\xampp73\htdocs\filecroco\loader\vendor\guzzlehttp\promises\src\Promise.php(62): GuzzleHttp\Promise\Promise->waitIfPending()
#14 E:\xampp73\htdocs\filecroco\loader\updatedownloadlink.php(95): GuzzleHttp\Promise\Promise->wait()
#15 {main}|916GuzzleHttp\Exception\RequestException: cURL error 56:  (see http://curl.haxx.se/libcurl/c/libcurl-errors.html) in E:\xampp73\htdocs\filecroco\loader\vendor\guzzlehttp\guzzle\src\Handler\CurlFactory.php:186
Stack trace:
#0 E:\xampp73\htdocs\filecroco\loader\vendor\guzzlehttp\guzzle\src\Handler\CurlFactory.php(149): GuzzleHttp\Handler\CurlFactory::createRejection(Object(GuzzleHttp\Handler\EasyHandle), Array)
#1 E:\xampp73\htdocs\filecroco\loader\vendor\guzzlehttp\guzzle\src\Handler\CurlFactory.php(102): GuzzleHttp\Handler\CurlFactory::finishError(Object(GuzzleHttp\Handler\CurlMultiHandler), Object(GuzzleHttp\Handler\EasyHandle), Object(GuzzleHttp\Handler\CurlFactory))
#2 E:\xampp73\htdocs\filecroco\loader\vendor\guzzlehttp\guzzle\src\Handler\CurlMultiHandler.php(181): GuzzleHttp\Handler\CurlFactory::finish(Object(GuzzleHttp\Handler\CurlMultiHandler), Object(GuzzleHttp\Handler\EasyHandle), Object(GuzzleHttp\Handler\CurlFactory))
#3 E:\xampp73\htdocs\filecroco\loader\vendor\guzzlehttp\guzzle\src\Handler\CurlMultiHandler.php(110): GuzzleHttp\Handler\CurlMultiHandler->processMessages()
#4 E:\xampp73\htdocs\filecroco\loader\vendor\guzzlehttp\guzzle\src\Handler\CurlMultiHandler.php(125): GuzzleHttp\Handler\CurlMultiHandler->tick()
#5 E:\xampp73\htdocs\filecroco\loader\vendor\guzzlehttp\promises\src\Promise.php(246): GuzzleHttp\Handler\CurlMultiHandler->execute(true)
#6 E:\xampp73\htdocs\filecroco\loader\vendor\guzzlehttp\promises\src\Promise.php(223): GuzzleHttp\Promise\Promise->invokeWaitFn()
#7 E:\xampp73\htdocs\filecroco\loader\vendor\guzzlehttp\promises\src\Promise.php(267): GuzzleHttp\Promise\Promise->waitIfPending()
#8 E:\xampp73\htdocs\filecroco\loader\vendor\guzzlehttp\promises\src\Promise.php(225): GuzzleHttp\Promise\Promise->invokeWaitList()
#9 E:\xampp73\htdocs\filecroco\loader\vendor\guzzlehttp\promises\src\Promise.php(62): GuzzleHttp\Promise\Promise->waitIfPending()
#10 E:\xampp73\htdocs\filecroco\loader\vendor\guzzlehttp\promises\src\EachPromise.php(101): GuzzleHttp\Promise\Promise->wait()
#11 E:\xampp73\htdocs\filecroco\loader\vendor\guzzlehttp\promises\src\Promise.php(246): GuzzleHttp\Promise\EachPromise->GuzzleHttp\Promise\{closure}(true)
#12 E:\xampp73\htdocs\filecroco\loader\vendor\guzzlehttp\promises\src\Promise.php(223): GuzzleHttp\Promise\Promise->invokeWaitFn()
#13 E:\xampp73\htdocs\filecroco\loader\vendor\guzzlehttp\promises\src\Promise.php(62): GuzzleHttp\Promise\Promise->waitIfPending()
#14 E:\xampp73\htdocs\filecroco\loader\updatedownloadlink.php(95): GuzzleHttp\Promise\Promise->wait()
#15 {main}|917GuzzleHttp\Exception\RequestException: cURL error 56:  (see http://curl.haxx.se/libcurl/c/libcurl-errors.html) in E:\xampp73\htdocs\filecroco\loader\vendor\guzzlehttp\guzzle\src\Handler\CurlFactory.php:186
Stack trace:
#0 E:\xampp73\htdocs\filecroco\loader\vendor\guzzlehttp\guzzle\src\Handler\CurlFactory.php(149): GuzzleHttp\Handler\CurlFactory::createRejection(Object(GuzzleHttp\Handler\EasyHandle), Array)
#1 E:\xampp73\htdocs\filecroco\loader\vendor\guzzlehttp\guzzle\src\Handler\CurlFactory.php(102): GuzzleHttp\Handler\CurlFactory::finishError(Object(GuzzleHttp\Handler\CurlMultiHandler), Object(GuzzleHttp\Handler\EasyHandle), Object(GuzzleHttp\Handler\CurlFactory))
#2 E:\xampp73\htdocs\filecroco\loader\vendor\guzzlehttp\guzzle\src\Handler\CurlMultiHandler.php(181): GuzzleHttp\Handler\CurlFactory::finish(Object(GuzzleHttp\Handler\CurlMultiHandler), Object(GuzzleHttp\Handler\EasyHandle), Object(GuzzleHttp\Handler\CurlFactory))
#3 E:\xampp73\htdocs\filecroco\loader\vendor\guzzlehttp\guzzle\src\Handler\CurlMultiHandler.php(110): GuzzleHttp\Handler\CurlMultiHandler->processMessages()
#4 E:\xampp73\htdocs\filecroco\loader\vendor\guzzlehttp\guzzle\src\Handler\CurlMultiHandler.php(125): GuzzleHttp\Handler\CurlMultiHandler->tick()
#5 E:\xampp73\htdocs\filecroco\loader\vendor\guzzlehttp\promises\src\Promise.php(246): GuzzleHttp\Handler\CurlMultiHandler->execute(true)
#6 E:\xampp73\htdocs\filecroco\loader\vendor\guzzlehttp\promises\src\Promise.php(223): GuzzleHttp\Promise\Promise->invokeWaitFn()
#7 E:\xampp73\htdocs\filecroco\loader\vendor\guzzlehttp\promises\src\Promise.php(267): GuzzleHttp\Promise\Promise->waitIfPending()
#8 E:\xampp73\htdocs\filecroco\loader\vendor\guzzlehttp\promises\src\Promise.php(225): GuzzleHttp\Promise\Promise->invokeWaitList()
#9 E:\xampp73\htdocs\filecroco\loader\vendor\guzzlehttp\promises\src\Promise.php(62): GuzzleHttp\Promise\Promise->waitIfPending()
#10 E:\xampp73\htdocs\filecroco\loader\vendor\guzzlehttp\promises\src\EachPromise.php(101): GuzzleHttp\Promise\Promise->wait()
#11 E:\xampp73\htdocs\filecroco\loader\vendor\guzzlehttp\promises\src\Promise.php(246): GuzzleHttp\Promise\EachPromise->GuzzleHttp\Promise\{closure}(true)
#12 E:\xampp73\htdocs\filecroco\loader\vendor\guzzlehttp\promises\src\Promise.php(223): GuzzleHttp\Promise\Promise->invokeWaitFn()
#13 E:\xampp73\htdocs\filecroco\loader\vendor\guzzlehttp\promises\src\Promise.php(62): GuzzleHttp\Promise\Promise->waitIfPending()
#14 E:\xampp73\htdocs\filecroco\loader\updatedownloadlink.php(95): GuzzleHttp\Promise\Promise->wait()
#15 {main}|918GuzzleHttp\Exception\RequestException: cURL error 56:  (see http://curl.haxx.se/libcurl/c/libcurl-errors.html) in E:\xampp73\htdocs\filecroco\loader\vendor\guzzlehttp\guzzle\src\Handler\CurlFactory.php:186
Stack trace:
#0 E:\xampp73\htdocs\filecroco\loader\vendor\guzzlehttp\guzzle\src\Handler\CurlFactory.php(149): GuzzleHttp\Handler\CurlFactory::createRejection(Object(GuzzleHttp\Handler\EasyHandle), Array)
#1 E:\xampp73\htdocs\filecroco\loader\vendor\guzzlehttp\guzzle\src\Handler\CurlFactory.php(102): GuzzleHttp\Handler\CurlFactory::finishError(Object(GuzzleHttp\Handler\CurlMultiHandler), Object(GuzzleHttp\Handler\EasyHandle), Object(GuzzleHttp\Handler\CurlFactory))
#2 E:\xampp73\htdocs\filecroco\loader\vendor\guzzlehttp\guzzle\src\Handler\CurlMultiHandler.php(181): GuzzleHttp\Handler\CurlFactory::finish(Object(GuzzleHttp\Handler\CurlMultiHandler), Object(GuzzleHttp\Handler\EasyHandle), Object(GuzzleHttp\Handler\CurlFactory))
#3 E:\xampp73\htdocs\filecroco\loader\vendor\guzzlehttp\guzzle\src\Handler\CurlMultiHandler.php(110): GuzzleHttp\Handler\CurlMultiHandler->processMessages()
#4 E:\xampp73\htdocs\filecroco\loader\vendor\guzzlehttp\guzzle\src\Handler\CurlMultiHandler.php(125): GuzzleHttp\Handler\CurlMultiHandler->tick()
#5 E:\xampp73\htdocs\filecroco\loader\vendor\guzzlehttp\promises\src\Promise.php(246): GuzzleHttp\Handler\CurlMultiHandler->execute(true)
#6 E:\xampp73\htdocs\filecroco\loader\vendor\guzzlehttp\promises\src\Promise.php(223): GuzzleHttp\Promise\Promise->invokeWaitFn()
#7 E:\xampp73\htdocs\filecroco\loader\vendor\guzzlehttp\promises\src\Promise.php(267): GuzzleHttp\Promise\Promise->waitIfPending()
#8 E:\xampp73\htdocs\filecroco\loader\vendor\guzzlehttp\promises\src\Promise.php(225): GuzzleHttp\Promise\Promise->invokeWaitList()
#9 E:\xampp73\htdocs\filecroco\loader\vendor\guzzlehttp\promises\src\Promise.php(62): GuzzleHttp\Promise\Promise->waitIfPending()
#10 E:\xampp73\htdocs\filecroco\loader\vendor\guzzlehttp\promises\src\EachPromise.php(101): GuzzleHttp\Promise\Promise->wait()
#11 E:\xampp73\htdocs\filecroco\loader\vendor\guzzlehttp\promises\src\Promise.php(246): GuzzleHttp\Promise\EachPromise->GuzzleHttp\Promise\{closure}(true)
#12 E:\xampp73\htdocs\filecroco\loader\vendor\guzzlehttp\promises\src\Promise.php(223): GuzzleHttp\Promise\Promise->invokeWaitFn()
#13 E:\xampp73\htdocs\filecroco\loader\vendor\guzzlehttp\promises\src\Promise.php(62): GuzzleHttp\Promise\Promise->waitIfPending()
#14 E:\xampp73\htdocs\filecroco\loader\updatedownloadlink.php(95): GuzzleHttp\Promise\Promise->wait()
#15 {main}|919GuzzleHttp\Exception\RequestException: cURL error 56:  (see http://curl.haxx.se/libcurl/c/libcurl-errors.html) in E:\xampp73\htdocs\filecroco\loader\vendor\guzzlehttp\guzzle\src\Handler\CurlFactory.php:186
Stack trace:
#0 E:\xampp73\htdocs\filecroco\loader\vendor\guzzlehttp\guzzle\src\Handler\CurlFactory.php(149): GuzzleHttp\Handler\CurlFactory::createRejection(Object(GuzzleHttp\Handler\EasyHandle), Array)
#1 E:\xampp73\htdocs\filecroco\loader\vendor\guzzlehttp\guzzle\src\Handler\CurlFactory.php(102): GuzzleHttp\Handler\CurlFactory::finishError(Object(GuzzleHttp\Handler\CurlMultiHandler), Object(GuzzleHttp\Handler\EasyHandle), Object(GuzzleHttp\Handler\CurlFactory))
#2 E:\xampp73\htdocs\filecroco\loader\vendor\guzzlehttp\guzzle\src\Handler\CurlMultiHandler.php(181): GuzzleHttp\Handler\CurlFactory::finish(Object(GuzzleHttp\Handler\CurlMultiHandler), Object(GuzzleHttp\Handler\EasyHandle), Object(GuzzleHttp\Handler\CurlFactory))
#3 E:\xampp73\htdocs\filecroco\loader\vendor\guzzlehttp\guzzle\src\Handler\CurlMultiHandler.php(110): GuzzleHttp\Handler\CurlMultiHandler->processMessages()
#4 E:\xampp73\htdocs\filecroco\loader\vendor\guzzlehttp\guzzle\src\Handler\CurlMultiHandler.php(125): GuzzleHttp\Handler\CurlMultiHandler->tick()
#5 E:\xampp73\htdocs\filecroco\loader\vendor\guzzlehttp\promises\src\Promise.php(246): GuzzleHttp\Handler\CurlMultiHandler->execute(true)
#6 E:\xampp73\htdocs\filecroco\loader\vendor\guzzlehttp\promises\src\Promise.php(223): GuzzleHttp\Promise\Promise->invokeWaitFn()
#7 E:\xampp73\htdocs\filecroco\loader\vendor\guzzlehttp\promises\src\Promise.php(267): GuzzleHttp\Promise\Promise->waitIfPending()
#8 E:\xampp73\htdocs\filecroco\loader\vendor\guzzlehttp\promises\src\Promise.php(225): GuzzleHttp\Promise\Promise->invokeWaitList()
#9 E:\xampp73\htdocs\filecroco\loader\vendor\guzzlehttp\promises\src\Promise.php(62): GuzzleHttp\Promise\Promise->waitIfPending()
#10 E:\xampp73\htdocs\filecroco\loader\vendor\guzzlehttp\promises\src\EachPromise.php(101): GuzzleHttp\Promise\Promise->wait()
#11 E:\xampp73\htdocs\filecroco\loader\vendor\guzzlehttp\promises\src\Promise.php(246): GuzzleHttp\Promise\EachPromise->GuzzleHttp\Promise\{closure}(true)
#12 E:\xampp73\htdocs\filecroco\loader\vendor\guzzlehttp\promises\src\Promise.php(223): GuzzleHttp\Promise\Promise->invokeWaitFn()
#13 E:\xampp73\htdocs\filecroco\loader\vendor\guzzlehttp\promises\src\Promise.php(62): GuzzleHttp\Promise\Promise->waitIfPending()
#14 E:\xampp73\htdocs\filecroco\loader\updatedownloadlink.php(95): GuzzleHttp\Promise\Promise->wait()
#15 {main}|920GuzzleHttp\Exception\RequestException: cURL error 56:  (see http://curl.haxx.se/libcurl/c/libcurl-errors.html) in E:\xampp73\htdocs\filecroco\loader\vendor\guzzlehttp\guzzle\src\Handler\CurlFactory.php:186
Stack trace:
#0 E:\xampp73\htdocs\filecroco\loader\vendor\guzzlehttp\guzzle\src\Handler\CurlFactory.php(149): GuzzleHttp\Handler\CurlFactory::createRejection(Object(GuzzleHttp\Handler\EasyHandle), Array)
#1 E:\xampp73\htdocs\filecroco\loader\vendor\guzzlehttp\guzzle\src\Handler\CurlFactory.php(102): GuzzleHttp\Handler\CurlFactory::finishError(Object(GuzzleHttp\Handler\CurlMultiHandler), Object(GuzzleHttp\Handler\EasyHandle), Object(GuzzleHttp\Handler\CurlFactory))
#2 E:\xampp73\htdocs\filecroco\loader\vendor\guzzlehttp\guzzle\src\Handler\CurlMultiHandler.php(181): GuzzleHttp\Handler\CurlFactory::finish(Object(GuzzleHttp\Handler\CurlMultiHandler), Object(GuzzleHttp\Handler\EasyHandle), Object(GuzzleHttp\Handler\CurlFactory))
#3 E:\xampp73\htdocs\filecroco\loader\vendor\guzzlehttp\guzzle\src\Handler\CurlMultiHandler.php(110): GuzzleHttp\Handler\CurlMultiHandler->processMessages()
#4 E:\xampp73\htdocs\filecroco\loader\vendor\guzzlehttp\guzzle\src\Handler\CurlMultiHandler.php(125): GuzzleHttp\Handler\CurlMultiHandler->tick()
#5 E:\xampp73\htdocs\filecroco\loader\vendor\guzzlehttp\promises\src\Promise.php(246): GuzzleHttp\Handler\CurlMultiHandler->execute(true)
#6 E:\xampp73\htdocs\filecroco\loader\vendor\guzzlehttp\promises\src\Promise.php(223): GuzzleHttp\Promise\Promise->invokeWaitFn()
#7 E:\xampp73\htdocs\filecroco\loader\vendor\guzzlehttp\promises\src\Promise.php(267): GuzzleHttp\Promise\Promise->waitIfPending()
#8 E:\xampp73\htdocs\filecroco\loader\vendor\guzzlehttp\promises\src\Promise.php(225): GuzzleHttp\Promise\Promise->invokeWaitList()
#9 E:\xampp73\htdocs\filecroco\loader\vendor\guzzlehttp\promises\src\Promise.php(62): GuzzleHttp\Promise\Promise->waitIfPending()
#10 E:\xampp73\htdocs\filecroco\loader\vendor\guzzlehttp\promises\src\EachPromise.php(101): GuzzleHttp\Promise\Promise->wait()
#11 E:\xampp73\htdocs\filecroco\loader\vendor\guzzlehttp\promises\src\Promise.php(246): GuzzleHttp\Promise\EachPromise->GuzzleHttp\Promise\{closure}(true)
#12 E:\xampp73\htdocs\filecroco\loader\vendor\guzzlehttp\promises\src\Promise.php(223): GuzzleHttp\Promise\Promise->invokeWaitFn()
#13 E:\xampp73\htdocs\filecroco\loader\vendor\guzzlehttp\promises\src\Promise.php(62): GuzzleHttp\Promise\Promise->waitIfPending()
#14 E:\xampp73\htdocs\filecroco\loader\updatedownloadlink.php(95): GuzzleHttp\Promise\Promise->wait()
#15 {main}|921GuzzleHttp\Exception\RequestException: cURL error 56:  (see http://curl.haxx.se/libcurl/c/libcurl-errors.html) in E:\xampp73\htdocs\filecroco\loader\vendor\guzzlehttp\guzzle\src\Handler\CurlFactory.php:186
Stack trace:
#0 E:\xampp73\htdocs\filecroco\loader\vendor\guzzlehttp\guzzle\src\Handler\CurlFactory.php(149): GuzzleHttp\Handler\CurlFactory::createRejection(Object(GuzzleHttp\Handler\EasyHandle), Array)
#1 E:\xampp73\htdocs\filecroco\loader\vendor\guzzlehttp\guzzle\src\Handler\CurlFactory.php(102): GuzzleHttp\Handler\CurlFactory::finishError(Object(GuzzleHttp\Handler\CurlMultiHandler), Object(GuzzleHttp\Handler\EasyHandle), Object(GuzzleHttp\Handler\CurlFactory))
#2 E:\xampp73\htdocs\filecroco\loader\vendor\guzzlehttp\guzzle\src\Handler\CurlMultiHandler.php(181): GuzzleHttp\Handler\CurlFactory::finish(Object(GuzzleHttp\Handler\CurlMultiHandler), Object(GuzzleHttp\Handler\EasyHandle), Object(GuzzleHttp\Handler\CurlFactory))
#3 E:\xampp73\htdocs\filecroco\loader\vendor\guzzlehttp\guzzle\src\Handler\CurlMultiHandler.php(110): GuzzleHttp\Handler\CurlMultiHandler->processMessages()
#4 E:\xampp73\htdocs\filecroco\loader\vendor\guzzlehttp\guzzle\src\Handler\CurlMultiHandler.php(125): GuzzleHttp\Handler\CurlMultiHandler->tick()
#5 E:\xampp73\htdocs\filecroco\loader\vendor\guzzlehttp\promises\src\Promise.php(246): GuzzleHttp\Handler\CurlMultiHandler->execute(true)
#6 E:\xampp73\htdocs\filecroco\loader\vendor\guzzlehttp\promises\src\Promise.php(223): GuzzleHttp\Promise\Promise->invokeWaitFn()
#7 E:\xampp73\htdocs\filecroco\loader\vendor\guzzlehttp\promises\src\Promise.php(267): GuzzleHttp\Promise\Promise->waitIfPending()
#8 E:\xampp73\htdocs\filecroco\loader\vendor\guzzlehttp\promises\src\Promise.php(225): GuzzleHttp\Promise\Promise->invokeWaitList()
#9 E:\xampp73\htdocs\filecroco\loader\vendor\guzzlehttp\promises\src\Promise.php(62): GuzzleHttp\Promise\Promise->waitIfPending()
#10 E:\xampp73\htdocs\filecroco\loader\vendor\guzzlehttp\promises\src\EachPromise.php(101): GuzzleHttp\Promise\Promise->wait()
#11 E:\xampp73\htdocs\filecroco\loader\vendor\guzzlehttp\promises\src\Promise.php(246): GuzzleHttp\Promise\EachPromise->GuzzleHttp\Promise\{closure}(true)
#12 E:\xampp73\htdocs\filecroco\loader\vendor\guzzlehttp\promises\src\Promise.php(223): GuzzleHttp\Promise\Promise->invokeWaitFn()
#13 E:\xampp73\htdocs\filecroco\loader\vendor\guzzlehttp\promises\src\Promise.php(62): GuzzleHttp\Promise\Promise->waitIfPending()
#14 E:\xampp73\htdocs\filecroco\loader\updatedownloadlink.php(95): GuzzleHttp\Promise\Promise->wait()
#15 {main}|922GuzzleHttp\Exception\RequestException: cURL error 56:  (see http://curl.haxx.se/libcurl/c/libcurl-errors.html) in E:\xampp73\htdocs\filecroco\loader\vendor\guzzlehttp\guzzle\src\Handler\CurlFactory.php:186
Stack trace:
#0 E:\xampp73\htdocs\filecroco\loader\vendor\guzzlehttp\guzzle\src\Handler\CurlFactory.php(149): GuzzleHttp\Handler\CurlFactory::createRejection(Object(GuzzleHttp\Handler\EasyHandle), Array)
#1 E:\xampp73\htdocs\filecroco\loader\vendor\guzzlehttp\guzzle\src\Handler\CurlFactory.php(102): GuzzleHttp\Handler\CurlFactory::finishError(Object(GuzzleHttp\Handler\CurlMultiHandler), Object(GuzzleHttp\Handler\EasyHandle), Object(GuzzleHttp\Handler\CurlFactory))
#2 E:\xampp73\htdocs\filecroco\loader\vendor\guzzlehttp\guzzle\src\Handler\CurlMultiHandler.php(181): GuzzleHttp\Handler\CurlFactory::finish(Object(GuzzleHttp\Handler\CurlMultiHandler), Object(GuzzleHttp\Handler\EasyHandle), Object(GuzzleHttp\Handler\CurlFactory))
#3 E:\xampp73\htdocs\filecroco\loader\vendor\guzzlehttp\guzzle\src\Handler\CurlMultiHandler.php(110): GuzzleHttp\Handler\CurlMultiHandler->processMessages()
#4 E:\xampp73\htdocs\filecroco\loader\vendor\guzzlehttp\guzzle\src\Handler\CurlMultiHandler.php(125): GuzzleHttp\Handler\CurlMultiHandler->tick()
#5 E:\xampp73\htdocs\filecroco\loader\vendor\guzzlehttp\promises\src\Promise.php(246): GuzzleHttp\Handler\CurlMultiHandler->execute(true)
#6 E:\xampp73\htdocs\filecroco\loader\vendor\guzzlehttp\promises\src\Promise.php(223): GuzzleHttp\Promise\Promise->invokeWaitFn()
#7 E:\xampp73\htdocs\filecroco\loader\vendor\guzzlehttp\promises\src\Promise.php(267): GuzzleHttp\Promise\Promise->waitIfPending()
#8 E:\xampp73\htdocs\filecroco\loader\vendor\guzzlehttp\promises\src\Promise.php(225): GuzzleHttp\Promise\Promise->invokeWaitList()
#9 E:\xampp73\htdocs\filecroco\loader\vendor\guzzlehttp\promises\src\Promise.php(62): GuzzleHttp\Promise\Promise->waitIfPending()
#10 E:\xampp73\htdocs\filecroco\loader\vendor\guzzlehttp\promises\src\EachPromise.php(101): GuzzleHttp\Promise\Promise->wait()
#11 E:\xampp73\htdocs\filecroco\loader\vendor\guzzlehttp\promises\src\Promise.php(246): GuzzleHttp\Promise\EachPromise->GuzzleHttp\Promise\{closure}(true)
#12 E:\xampp73\htdocs\filecroco\loader\vendor\guzzlehttp\promises\src\Promise.php(223): GuzzleHttp\Promise\Promise->invokeWaitFn()
#13 E:\xampp73\htdocs\filecroco\loader\vendor\guzzlehttp\promises\src\Promise.php(62): GuzzleHttp\Promise\Promise->waitIfPending()
#14 E:\xampp73\htdocs\filecroco\loader\updatedownloadlink.php(95): GuzzleHttp\Promise\Promise->wait()
#15 {main}|923GuzzleHttp\Exception\RequestException: cURL error 56:  (see http://curl.haxx.se/libcurl/c/libcurl-errors.html) in E:\xampp73\htdocs\filecroco\loader\vendor\guzzlehttp\guzzle\src\Handler\CurlFactory.php:186
Stack trace:
#0 E:\xampp73\htdocs\filecroco\loader\vendor\guzzlehttp\guzzle\src\Handler\CurlFactory.php(149): GuzzleHttp\Handler\CurlFactory::createRejection(Object(GuzzleHttp\Handler\EasyHandle), Array)
#1 E:\xampp73\htdocs\filecroco\loader\vendor\guzzlehttp\guzzle\src\Handler\CurlFactory.php(102): GuzzleHttp\Handler\CurlFactory::finishError(Object(GuzzleHttp\Handler\CurlMultiHandler), Object(GuzzleHttp\Handler\EasyHandle), Object(GuzzleHttp\Handler\CurlFactory))
#2 E:\xampp73\htdocs\filecroco\loader\vendor\guzzlehttp\guzzle\src\Handler\CurlMultiHandler.php(181): GuzzleHttp\Handler\CurlFactory::finish(Object(GuzzleHttp\Handler\CurlMultiHandler), Object(GuzzleHttp\Handler\EasyHandle), Object(GuzzleHttp\Handler\CurlFactory))
#3 E:\xampp73\htdocs\filecroco\loader\vendor\guzzlehttp\guzzle\src\Handler\CurlMultiHandler.php(110): GuzzleHttp\Handler\CurlMultiHandler->processMessages()
#4 E:\xampp73\htdocs\filecroco\loader\vendor\guzzlehttp\guzzle\src\Handler\CurlMultiHandler.php(125): GuzzleHttp\Handler\CurlMultiHandler->tick()
#5 E:\xampp73\htdocs\filecroco\loader\vendor\guzzlehttp\promises\src\Promise.php(246): GuzzleHttp\Handler\CurlMultiHandler->execute(true)
#6 E:\xampp73\htdocs\filecroco\loader\vendor\guzzlehttp\promises\src\Promise.php(223): GuzzleHttp\Promise\Promise->invokeWaitFn()
#7 E:\xampp73\htdocs\filecroco\loader\vendor\guzzlehttp\promises\src\Promise.php(267): GuzzleHttp\Promise\Promise->waitIfPending()
#8 E:\xampp73\htdocs\filecroco\loader\vendor\guzzlehttp\promises\src\Promise.php(225): GuzzleHttp\Promise\Promise->invokeWaitList()
#9 E:\xampp73\htdocs\filecroco\loader\vendor\guzzlehttp\promises\src\Promise.php(62): GuzzleHttp\Promise\Promise->waitIfPending()
#10 E:\xampp73\htdocs\filecroco\loader\vendor\guzzlehttp\promises\src\EachPromise.php(101): GuzzleHttp\Promise\Promise->wait()
#11 E:\xampp73\htdocs\filecroco\loader\vendor\guzzlehttp\promises\src\Promise.php(246): GuzzleHttp\Promise\EachPromise->GuzzleHttp\Promise\{closure}(true)
#12 E:\xampp73\htdocs\filecroco\loader\vendor\guzzlehttp\promises\src\Promise.php(223): GuzzleHttp\Promise\Promise->invokeWaitFn()
#13 E:\xampp73\htdocs\filecroco\loader\vendor\guzzlehttp\promises\src\Promise.php(62): GuzzleHttp\Promise\Promise->waitIfPending()
#14 E:\xampp73\htdocs\filecroco\loader\updatedownloadlink.php(95): GuzzleHttp\Promise\Promise->wait()
#15 {main}|924GuzzleHttp\Exception\RequestException: cURL error 56:  (see http://curl.haxx.se/libcurl/c/libcurl-errors.html) in E:\xampp73\htdocs\filecroco\loader\vendor\guzzlehttp\guzzle\src\Handler\CurlFactory.php:186
Stack trace:
#0 E:\xampp73\htdocs\filecroco\loader\vendor\guzzlehttp\guzzle\src\Handler\CurlFactory.php(149): GuzzleHttp\Handler\CurlFactory::createRejection(Object(GuzzleHttp\Handler\EasyHandle), Array)
#1 E:\xampp73\htdocs\filecroco\loader\vendor\guzzlehttp\guzzle\src\Handler\CurlFactory.php(102): GuzzleHttp\Handler\CurlFactory::finishError(Object(GuzzleHttp\Handler\CurlMultiHandler), Object(GuzzleHttp\Handler\EasyHandle), Object(GuzzleHttp\Handler\CurlFactory))
#2 E:\xampp73\htdocs\filecroco\loader\vendor\guzzlehttp\guzzle\src\Handler\CurlMultiHandler.php(181): GuzzleHttp\Handler\CurlFactory::finish(Object(GuzzleHttp\Handler\CurlMultiHandler), Object(GuzzleHttp\Handler\EasyHandle), Object(GuzzleHttp\Handler\CurlFactory))
#3 E:\xampp73\htdocs\filecroco\loader\vendor\guzzlehttp\guzzle\src\Handler\CurlMultiHandler.php(110): GuzzleHttp\Handler\CurlMultiHandler->processMessages()
#4 E:\xampp73\htdocs\filecroco\loader\vendor\guzzlehttp\guzzle\src\Handler\CurlMultiHandler.php(125): GuzzleHttp\Handler\CurlMultiHandler->tick()
#5 E:\xampp73\htdocs\filecroco\loader\vendor\guzzlehttp\promises\src\Promise.php(246): GuzzleHttp\Handler\CurlMultiHandler->execute(true)
#6 E:\xampp73\htdocs\filecroco\loader\vendor\guzzlehttp\promises\src\Promise.php(223): GuzzleHttp\Promise\Promise->invokeWaitFn()
#7 E:\xampp73\htdocs\filecroco\loader\vendor\guzzlehttp\promises\src\Promise.php(267): GuzzleHttp\Promise\Promise->waitIfPending()
#8 E:\xampp73\htdocs\filecroco\loader\vendor\guzzlehttp\promises\src\Promise.php(225): GuzzleHttp\Promise\Promise->invokeWaitList()
#9 E:\xampp73\htdocs\filecroco\loader\vendor\guzzlehttp\promises\src\Promise.php(62): GuzzleHttp\Promise\Promise->waitIfPending()
#10 E:\xampp73\htdocs\filecroco\loader\vendor\guzzlehttp\promises\src\EachPromise.php(101): GuzzleHttp\Promise\Promise->wait()
#11 E:\xampp73\htdocs\filecroco\loader\vendor\guzzlehttp\promises\src\Promise.php(246): GuzzleHttp\Promise\EachPromise->GuzzleHttp\Promise\{closure}(true)
#12 E:\xampp73\htdocs\filecroco\loader\vendor\guzzlehttp\promises\src\Promise.php(223): GuzzleHttp\Promise\Promise->invokeWaitFn()
#13 E:\xampp73\htdocs\filecroco\loader\vendor\guzzlehttp\promises\src\Promise.php(62): GuzzleHttp\Promise\Promise->waitIfPending()
#14 E:\xampp73\htdocs\filecroco\loader\updatedownloadlink.php(95): GuzzleHttp\Promise\Promise->wait()
#15 {main}|925GuzzleHttp\Exception\RequestException: cURL error 56:  (see http://curl.haxx.se/libcurl/c/libcurl-errors.html) in E:\xampp73\htdocs\filecroco\loader\vendor\guzzlehttp\guzzle\src\Handler\CurlFactory.php:186
Stack trace:
#0 E:\xampp73\htdocs\filecroco\loader\vendor\guzzlehttp\guzzle\src\Handler\CurlFactory.php(149): GuzzleHttp\Handler\CurlFactory::createRejection(Object(GuzzleHttp\Handler\EasyHandle), Array)
#1 E:\xampp73\htdocs\filecroco\loader\vendor\guzzlehttp\guzzle\src\Handler\CurlFactory.php(102): GuzzleHttp\Handler\CurlFactory::finishError(Object(GuzzleHttp\Handler\CurlMultiHandler), Object(GuzzleHttp\Handler\EasyHandle), Object(GuzzleHttp\Handler\CurlFactory))
#2 E:\xampp73\htdocs\filecroco\loader\vendor\guzzlehttp\guzzle\src\Handler\CurlMultiHandler.php(181): GuzzleHttp\Handler\CurlFactory::finish(Object(GuzzleHttp\Handler\CurlMultiHandler), Object(GuzzleHttp\Handler\EasyHandle), Object(GuzzleHttp\Handler\CurlFactory))
#3 E:\xampp73\htdocs\filecroco\loader\vendor\guzzlehttp\guzzle\src\Handler\CurlMultiHandler.php(110): GuzzleHttp\Handler\CurlMultiHandler->processMessages()
#4 E:\xampp73\htdocs\filecroco\loader\vendor\guzzlehttp\guzzle\src\Handler\CurlMultiHandler.php(125): GuzzleHttp\Handler\CurlMultiHandler->tick()
#5 E:\xampp73\htdocs\filecroco\loader\vendor\guzzlehttp\promises\src\Promise.php(246): GuzzleHttp\Handler\CurlMultiHandler->execute(true)
#6 E:\xampp73\htdocs\filecroco\loader\vendor\guzzlehttp\promises\src\Promise.php(223): GuzzleHttp\Promise\Promise->invokeWaitFn()
#7 E:\xampp73\htdocs\filecroco\loader\vendor\guzzlehttp\promises\src\Promise.php(267): GuzzleHttp\Promise\Promise->waitIfPending()
#8 E:\xampp73\htdocs\filecroco\loader\vendor\guzzlehttp\promises\src\Promise.php(225): GuzzleHttp\Promise\Promise->invokeWaitList()
#9 E:\xampp73\htdocs\filecroco\loader\vendor\guzzlehttp\promises\src\Promise.php(62): GuzzleHttp\Promise\Promise->waitIfPending()
#10 E:\xampp73\htdocs\filecroco\loader\vendor\guzzlehttp\promises\src\EachPromise.php(101): GuzzleHttp\Promise\Promise->wait()
#11 E:\xampp73\htdocs\filecroco\loader\vendor\guzzlehttp\promises\src\Promise.php(246): GuzzleHttp\Promise\EachPromise->GuzzleHttp\Promise\{closure}(true)
#12 E:\xampp73\htdocs\filecroco\loader\vendor\guzzlehttp\promises\src\Promise.php(223): GuzzleHttp\Promise\Promise->invokeWaitFn()
#13 E:\xampp73\htdocs\filecroco\loader\vendor\guzzlehttp\promises\src\Promise.php(62): GuzzleHttp\Promise\Promise->waitIfPending()
#14 E:\xampp73\htdocs\filecroco\loader\updatedownloadlink.php(95): GuzzleHttp\Promise\Promise->wait()
#15 {main}|926GuzzleHttp\Exception\RequestException: cURL error 56:  (see http://curl.haxx.se/libcurl/c/libcurl-errors.html) in E:\xampp73\htdocs\filecroco\loader\vendor\guzzlehttp\guzzle\src\Handler\CurlFactory.php:186
Stack trace:
#0 E:\xampp73\htdocs\filecroco\loader\vendor\guzzlehttp\guzzle\src\Handler\CurlFactory.php(149): GuzzleHttp\Handler\CurlFactory::createRejection(Object(GuzzleHttp\Handler\EasyHandle), Array)
#1 E:\xampp73\htdocs\filecroco\loader\vendor\guzzlehttp\guzzle\src\Handler\CurlFactory.php(102): GuzzleHttp\Handler\CurlFactory::finishError(Object(GuzzleHttp\Handler\CurlMultiHandler), Object(GuzzleHttp\Handler\EasyHandle), Object(GuzzleHttp\Handler\CurlFactory))
#2 E:\xampp73\htdocs\filecroco\loader\vendor\guzzlehttp\guzzle\src\Handler\CurlMultiHandler.php(181): GuzzleHttp\Handler\CurlFactory::finish(Object(GuzzleHttp\Handler\CurlMultiHandler), Object(GuzzleHttp\Handler\EasyHandle), Object(GuzzleHttp\Handler\CurlFactory))
#3 E:\xampp73\htdocs\filecroco\loader\vendor\guzzlehttp\guzzle\src\Handler\CurlMultiHandler.php(110): GuzzleHttp\Handler\CurlMultiHandler->processMessages()
#4 E:\xampp73\htdocs\filecroco\loader\vendor\guzzlehttp\guzzle\src\Handler\CurlMultiHandler.php(125): GuzzleHttp\Handler\CurlMultiHandler->tick()
#5 E:\xampp73\htdocs\filecroco\loader\vendor\guzzlehttp\promises\src\Promise.php(246): GuzzleHttp\Handler\CurlMultiHandler->execute(true)
#6 E:\xampp73\htdocs\filecroco\loader\vendor\guzzlehttp\promises\src\Promise.php(223): GuzzleHttp\Promise\Promise->invokeWaitFn()
#7 E:\xampp73\htdocs\filecroco\loader\vendor\guzzlehttp\promises\src\Promise.php(267): GuzzleHttp\Promise\Promise->waitIfPending()
#8 E:\xampp73\htdocs\filecroco\loader\vendor\guzzlehttp\promises\src\Promise.php(225): GuzzleHttp\Promise\Promise->invokeWaitList()
#9 E:\xampp73\htdocs\filecroco\loader\vendor\guzzlehttp\promises\src\Promise.php(62): GuzzleHttp\Promise\Promise->waitIfPending()
#10 E:\xampp73\htdocs\filecroco\loader\vendor\guzzlehttp\promises\src\EachPromise.php(101): GuzzleHttp\Promise\Promise->wait()
#11 E:\xampp73\htdocs\filecroco\loader\vendor\guzzlehttp\promises\src\Promise.php(246): GuzzleHttp\Promise\EachPromise->GuzzleHttp\Promise\{closure}(true)
#12 E:\xampp73\htdocs\filecroco\loader\vendor\guzzlehttp\promises\src\Promise.php(223): GuzzleHttp\Promise\Promise->invokeWaitFn()
#13 E:\xampp73\htdocs\filecroco\loader\vendor\guzzlehttp\promises\src\Promise.php(62): GuzzleHttp\Promise\Promise->waitIfPending()
#14 E:\xampp73\htdocs\filecroco\loader\updatedownloadlink.php(95): GuzzleHttp\Promise\Promise->wait()
#15 {main}|927GuzzleHttp\Exception\RequestException: cURL error 56:  (see http://curl.haxx.se/libcurl/c/libcurl-errors.html) in E:\xampp73\htdocs\filecroco\loader\vendor\guzzlehttp\guzzle\src\Handler\CurlFactory.php:186
Stack trace:
#0 E:\xampp73\htdocs\filecroco\loader\vendor\guzzlehttp\guzzle\src\Handler\CurlFactory.php(149): GuzzleHttp\Handler\CurlFactory::createRejection(Object(GuzzleHttp\Handler\EasyHandle), Array)
#1 E:\xampp73\htdocs\filecroco\loader\vendor\guzzlehttp\guzzle\src\Handler\CurlFactory.php(102): GuzzleHttp\Handler\CurlFactory::finishError(Object(GuzzleHttp\Handler\CurlMultiHandler), Object(GuzzleHttp\Handler\EasyHandle), Object(GuzzleHttp\Handler\CurlFactory))
#2 E:\xampp73\htdocs\filecroco\loader\vendor\guzzlehttp\guzzle\src\Handler\CurlMultiHandler.php(181): GuzzleHttp\Handler\CurlFactory::finish(Object(GuzzleHttp\Handler\CurlMultiHandler), Object(GuzzleHttp\Handler\EasyHandle), Object(GuzzleHttp\Handler\CurlFactory))
#3 E:\xampp73\htdocs\filecroco\loader\vendor\guzzlehttp\guzzle\src\Handler\CurlMultiHandler.php(110): GuzzleHttp\Handler\CurlMultiHandler->processMessages()
#4 E:\xampp73\htdocs\filecroco\loader\vendor\guzzlehttp\guzzle\src\Handler\CurlMultiHandler.php(125): GuzzleHttp\Handler\CurlMultiHandler->tick()
#5 E:\xampp73\htdocs\filecroco\loader\vendor\guzzlehttp\promises\src\Promise.php(246): GuzzleHttp\Handler\CurlMultiHandler->execute(true)
#6 E:\xampp73\htdocs\filecroco\loader\vendor\guzzlehttp\promises\src\Promise.php(223): GuzzleHttp\Promise\Promise->invokeWaitFn()
#7 E:\xampp73\htdocs\filecroco\loader\vendor\guzzlehttp\promises\src\Promise.php(267): GuzzleHttp\Promise\Promise->waitIfPending()
#8 E:\xampp73\htdocs\filecroco\loader\vendor\guzzlehttp\promises\src\Promise.php(225): GuzzleHttp\Promise\Promise->invokeWaitList()
#9 E:\xampp73\htdocs\filecroco\loader\vendor\guzzlehttp\promises\src\Promise.php(62): GuzzleHttp\Promise\Promise->waitIfPending()
#10 E:\xampp73\htdocs\filecroco\loader\vendor\guzzlehttp\promises\src\EachPromise.php(101): GuzzleHttp\Promise\Promise->wait()
#11 E:\xampp73\htdocs\filecroco\loader\vendor\guzzlehttp\promises\src\Promise.php(246): GuzzleHttp\Promise\EachPromise->GuzzleHttp\Promise\{closure}(true)
#12 E:\xampp73\htdocs\filecroco\loader\vendor\guzzlehttp\promises\src\Promise.php(223): GuzzleHttp\Promise\Promise->invokeWaitFn()
#13 E:\xampp73\htdocs\filecroco\loader\vendor\guzzlehttp\promises\src\Promise.php(62): GuzzleHttp\Promise\Promise->waitIfPending()
#14 E:\xampp73\htdocs\filecroco\loader\updatedownloadlink.php(95): GuzzleHttp\Promise\Promise->wait()
#15 {main}|928GuzzleHttp\Exception\RequestException: cURL error 56:  (see http://curl.haxx.se/libcurl/c/libcurl-errors.html) in E:\xampp73\htdocs\filecroco\loader\vendor\guzzlehttp\guzzle\src\Handler\CurlFactory.php:186
Stack trace:
#0 E:\xampp73\htdocs\filecroco\loader\vendor\guzzlehttp\guzzle\src\Handler\CurlFactory.php(149): GuzzleHttp\Handler\CurlFactory::createRejection(Object(GuzzleHttp\Handler\EasyHandle), Array)
#1 E:\xampp73\htdocs\filecroco\loader\vendor\guzzlehttp\guzzle\src\Handler\CurlFactory.php(102): GuzzleHttp\Handler\CurlFactory::finishError(Object(GuzzleHttp\Handler\CurlMultiHandler), Object(GuzzleHttp\Handler\EasyHandle), Object(GuzzleHttp\Handler\CurlFactory))
#2 E:\xampp73\htdocs\filecroco\loader\vendor\guzzlehttp\guzzle\src\Handler\CurlMultiHandler.php(181): GuzzleHttp\Handler\CurlFactory::finish(Object(GuzzleHttp\Handler\CurlMultiHandler), Object(GuzzleHttp\Handler\EasyHandle), Object(GuzzleHttp\Handler\CurlFactory))
#3 E:\xampp73\htdocs\filecroco\loader\vendor\guzzlehttp\guzzle\src\Handler\CurlMultiHandler.php(110): GuzzleHttp\Handler\CurlMultiHandler->processMessages()
#4 E:\xampp73\htdocs\filecroco\loader\vendor\guzzlehttp\guzzle\src\Handler\CurlMultiHandler.php(125): GuzzleHttp\Handler\CurlMultiHandler->tick()
#5 E:\xampp73\htdocs\filecroco\loader\vendor\guzzlehttp\promises\src\Promise.php(246): GuzzleHttp\Handler\CurlMultiHandler->execute(true)
#6 E:\xampp73\htdocs\filecroco\loader\vendor\guzzlehttp\promises\src\Promise.php(223): GuzzleHttp\Promise\Promise->invokeWaitFn()
#7 E:\xampp73\htdocs\filecroco\loader\vendor\guzzlehttp\promises\src\Promise.php(267): GuzzleHttp\Promise\Promise->waitIfPending()
#8 E:\xampp73\htdocs\filecroco\loader\vendor\guzzlehttp\promises\src\Promise.php(225): GuzzleHttp\Promise\Promise->invokeWaitList()
#9 E:\xampp73\htdocs\filecroco\loader\vendor\guzzlehttp\promises\src\Promise.php(62): GuzzleHttp\Promise\Promise->waitIfPending()
#10 E:\xampp73\htdocs\filecroco\loader\vendor\guzzlehttp\promises\src\EachPromise.php(101): GuzzleHttp\Promise\Promise->wait()
#11 E:\xampp73\htdocs\filecroco\loader\vendor\guzzlehttp\promises\src\Promise.php(246): GuzzleHttp\Promise\EachPromise->GuzzleHttp\Promise\{closure}(true)
#12 E:\xampp73\htdocs\filecroco\loader\vendor\guzzlehttp\promises\src\Promise.php(223): GuzzleHttp\Promise\Promise->invokeWaitFn()
#13 E:\xampp73\htdocs\filecroco\loader\vendor\guzzlehttp\promises\src\Promise.php(62): GuzzleHttp\Promise\Promise->waitIfPending()
#14 E:\xampp73\htdocs\filecroco\loader\updatedownloadlink.php(95): GuzzleHttp\Promise\Promise->wait()
#15 {main}|929GuzzleHttp\Exception\RequestException: cURL error 56:  (see http://curl.haxx.se/libcurl/c/libcurl-errors.html) in E:\xampp73\htdocs\filecroco\loader\vendor\guzzlehttp\guzzle\src\Handler\CurlFactory.php:186
Stack trace:
#0 E:\xampp73\htdocs\filecroco\loader\vendor\guzzlehttp\guzzle\src\Handler\CurlFactory.php(149): GuzzleHttp\Handler\CurlFactory::createRejection(Object(GuzzleHttp\Handler\EasyHandle), Array)
#1 E:\xampp73\htdocs\filecroco\loader\vendor\guzzlehttp\guzzle\src\Handler\CurlFactory.php(102): GuzzleHttp\Handler\CurlFactory::finishError(Object(GuzzleHttp\Handler\CurlMultiHandler), Object(GuzzleHttp\Handler\EasyHandle), Object(GuzzleHttp\Handler\CurlFactory))
#2 E:\xampp73\htdocs\filecroco\loader\vendor\guzzlehttp\guzzle\src\Handler\CurlMultiHandler.php(181): GuzzleHttp\Handler\CurlFactory::finish(Object(GuzzleHttp\Handler\CurlMultiHandler), Object(GuzzleHttp\Handler\EasyHandle), Object(GuzzleHttp\Handler\CurlFactory))
#3 E:\xampp73\htdocs\filecroco\loader\vendor\guzzlehttp\guzzle\src\Handler\CurlMultiHandler.php(110): GuzzleHttp\Handler\CurlMultiHandler->processMessages()
#4 E:\xampp73\htdocs\filecroco\loader\vendor\guzzlehttp\guzzle\src\Handler\CurlMultiHandler.php(125): GuzzleHttp\Handler\CurlMultiHandler->tick()
#5 E:\xampp73\htdocs\filecroco\loader\vendor\guzzlehttp\promises\src\Promise.php(246): GuzzleHttp\Handler\CurlMultiHandler->execute(true)
#6 E:\xampp73\htdocs\filecroco\loader\vendor\guzzlehttp\promises\src\Promise.php(223): GuzzleHttp\Promise\Promise->invokeWaitFn()
#7 E:\xampp73\htdocs\filecroco\loader\vendor\guzzlehttp\promises\src\Promise.php(267): GuzzleHttp\Promise\Promise->waitIfPending()
#8 E:\xampp73\htdocs\filecroco\loader\vendor\guzzlehttp\promises\src\Promise.php(225): GuzzleHttp\Promise\Promise->invokeWaitList()
#9 E:\xampp73\htdocs\filecroco\loader\vendor\guzzlehttp\promises\src\Promise.php(62): GuzzleHttp\Promise\Promise->waitIfPending()
#10 E:\xampp73\htdocs\filecroco\loader\vendor\guzzlehttp\promises\src\EachPromise.php(101): GuzzleHttp\Promise\Promise->wait()
#11 E:\xampp73\htdocs\filecroco\loader\vendor\guzzlehttp\promises\src\Promise.php(246): GuzzleHttp\Promise\EachPromise->GuzzleHttp\Promise\{closure}(true)
#12 E:\xampp73\htdocs\filecroco\loader\vendor\guzzlehttp\promises\src\Promise.php(223): GuzzleHttp\Promise\Promise->invokeWaitFn()
#13 E:\xampp73\htdocs\filecroco\loader\vendor\guzzlehttp\promises\src\Promise.php(62): GuzzleHttp\Promise\Promise->waitIfPending()
#14 E:\xampp73\htdocs\filecroco\loader\updatedownloadlink.php(95): GuzzleHttp\Promise\Promise->wait()
#15 {main}|930GuzzleHttp\Exception\RequestException: cURL error 56:  (see http://curl.haxx.se/libcurl/c/libcurl-errors.html) in E:\xampp73\htdocs\filecroco\loader\vendor\guzzlehttp\guzzle\src\Handler\CurlFactory.php:186
Stack trace:
#0 E:\xampp73\htdocs\filecroco\loader\vendor\guzzlehttp\guzzle\src\Handler\CurlFactory.php(149): GuzzleHttp\Handler\CurlFactory::createRejection(Object(GuzzleHttp\Handler\EasyHandle), Array)
#1 E:\xampp73\htdocs\filecroco\loader\vendor\guzzlehttp\guzzle\src\Handler\CurlFactory.php(102): GuzzleHttp\Handler\CurlFactory::finishError(Object(GuzzleHttp\Handler\CurlMultiHandler), Object(GuzzleHttp\Handler\EasyHandle), Object(GuzzleHttp\Handler\CurlFactory))
#2 E:\xampp73\htdocs\filecroco\loader\vendor\guzzlehttp\guzzle\src\Handler\CurlMultiHandler.php(181): GuzzleHttp\Handler\CurlFactory::finish(Object(GuzzleHttp\Handler\CurlMultiHandler), Object(GuzzleHttp\Handler\EasyHandle), Object(GuzzleHttp\Handler\CurlFactory))
#3 E:\xampp73\htdocs\filecroco\loader\vendor\guzzlehttp\guzzle\src\Handler\CurlMultiHandler.php(110): GuzzleHttp\Handler\CurlMultiHandler->processMessages()
#4 E:\xampp73\htdocs\filecroco\loader\vendor\guzzlehttp\guzzle\src\Handler\CurlMultiHandler.php(125): GuzzleHttp\Handler\CurlMultiHandler->tick()
#5 E:\xampp73\htdocs\filecroco\loader\vendor\guzzlehttp\promises\src\Promise.php(246): GuzzleHttp\Handler\CurlMultiHandler->execute(true)
#6 E:\xampp73\htdocs\filecroco\loader\vendor\guzzlehttp\promises\src\Promise.php(223): GuzzleHttp\Promise\Promise->invokeWaitFn()
#7 E:\xampp73\htdocs\filecroco\loader\vendor\guzzlehttp\promises\src\Promise.php(267): GuzzleHttp\Promise\Promise->waitIfPending()
#8 E:\xampp73\htdocs\filecroco\loader\vendor\guzzlehttp\promises\src\Promise.php(225): GuzzleHttp\Promise\Promise->invokeWaitList()
#9 E:\xampp73\htdocs\filecroco\loader\vendor\guzzlehttp\promises\src\Promise.php(62): GuzzleHttp\Promise\Promise->waitIfPending()
#10 E:\xampp73\htdocs\filecroco\loader\vendor\guzzlehttp\promises\src\EachPromise.php(101): GuzzleHttp\Promise\Promise->wait()
#11 E:\xampp73\htdocs\filecroco\loader\vendor\guzzlehttp\promises\src\Promise.php(246): GuzzleHttp\Promise\EachPromise->GuzzleHttp\Promise\{closure}(true)
#12 E:\xampp73\htdocs\filecroco\loader\vendor\guzzlehttp\promises\src\Promise.php(223): GuzzleHttp\Promise\Promise->invokeWaitFn()
#13 E:\xampp73\htdocs\filecroco\loader\vendor\guzzlehttp\promises\src\Promise.php(62): GuzzleHttp\Promise\Promise->waitIfPending()
#14 E:\xampp73\htdocs\filecroco\loader\updatedownloadlink.php(95): GuzzleHttp\Promise\Promise->wait()
#15 {main}|931GuzzleHttp\Exception\RequestException: cURL error 56:  (see http://curl.haxx.se/libcurl/c/libcurl-errors.html) in E:\xampp73\htdocs\filecroco\loader\vendor\guzzlehttp\guzzle\src\Handler\CurlFactory.php:186
Stack trace:
#0 E:\xampp73\htdocs\filecroco\loader\vendor\guzzlehttp\guzzle\src\Handler\CurlFactory.php(149): GuzzleHttp\Handler\CurlFactory::createRejection(Object(GuzzleHttp\Handler\EasyHandle), Array)
#1 E:\xampp73\htdocs\filecroco\loader\vendor\guzzlehttp\guzzle\src\Handler\CurlFactory.php(102): GuzzleHttp\Handler\CurlFactory::finishError(Object(GuzzleHttp\Handler\CurlMultiHandler), Object(GuzzleHttp\Handler\EasyHandle), Object(GuzzleHttp\Handler\CurlFactory))
#2 E:\xampp73\htdocs\filecroco\loader\vendor\guzzlehttp\guzzle\src\Handler\CurlMultiHandler.php(181): GuzzleHttp\Handler\CurlFactory::finish(Object(GuzzleHttp\Handler\CurlMultiHandler), Object(GuzzleHttp\Handler\EasyHandle), Object(GuzzleHttp\Handler\CurlFactory))
#3 E:\xampp73\htdocs\filecroco\loader\vendor\guzzlehttp\guzzle\src\Handler\CurlMultiHandler.php(110): GuzzleHttp\Handler\CurlMultiHandler->processMessages()
#4 E:\xampp73\htdocs\filecroco\loader\vendor\guzzlehttp\guzzle\src\Handler\CurlMultiHandler.php(125): GuzzleHttp\Handler\CurlMultiHandler->tick()
#5 E:\xampp73\htdocs\filecroco\loader\vendor\guzzlehttp\promises\src\Promise.php(246): GuzzleHttp\Handler\CurlMultiHandler->execute(true)
#6 E:\xampp73\htdocs\filecroco\loader\vendor\guzzlehttp\promises\src\Promise.php(223): GuzzleHttp\Promise\Promise->invokeWaitFn()
#7 E:\xampp73\htdocs\filecroco\loader\vendor\guzzlehttp\promises\src\Promise.php(267): GuzzleHttp\Promise\Promise->waitIfPending()
#8 E:\xampp73\htdocs\filecroco\loader\vendor\guzzlehttp\promises\src\Promise.php(225): GuzzleHttp\Promise\Promise->invokeWaitList()
#9 E:\xampp73\htdocs\filecroco\loader\vendor\guzzlehttp\promises\src\Promise.php(62): GuzzleHttp\Promise\Promise->waitIfPending()
#10 E:\xampp73\htdocs\filecroco\loader\vendor\guzzlehttp\promises\src\EachPromise.php(101): GuzzleHttp\Promise\Promise->wait()
#11 E:\xampp73\htdocs\filecroco\loader\vendor\guzzlehttp\promises\src\Promise.php(246): GuzzleHttp\Promise\EachPromise->GuzzleHttp\Promise\{closure}(true)
#12 E:\xampp73\htdocs\filecroco\loader\vendor\guzzlehttp\promises\src\Promise.php(223): GuzzleHttp\Promise\Promise->invokeWaitFn()
#13 E:\xampp73\htdocs\filecroco\loader\vendor\guzzlehttp\promises\src\Promise.php(62): GuzzleHttp\Promise\Promise->waitIfPending()
#14 E:\xampp73\htdocs\filecroco\loader\updatedownloadlink.php(95): GuzzleHttp\Promise\Promise->wait()
#15 {main}|932GuzzleHttp\Exception\RequestException: cURL error 56:  (see http://curl.haxx.se/libcurl/c/libcurl-errors.html) in E:\xampp73\htdocs\filecroco\loader\vendor\guzzlehttp\guzzle\src\Handler\CurlFactory.php:186
Stack trace:
#0 E:\xampp73\htdocs\filecroco\loader\vendor\guzzlehttp\guzzle\src\Handler\CurlFactory.php(149): GuzzleHttp\Handler\CurlFactory::createRejection(Object(GuzzleHttp\Handler\EasyHandle), Array)
#1 E:\xampp73\htdocs\filecroco\loader\vendor\guzzlehttp\guzzle\src\Handler\CurlFactory.php(102): GuzzleHttp\Handler\CurlFactory::finishError(Object(GuzzleHttp\Handler\CurlMultiHandler), Object(GuzzleHttp\Handler\EasyHandle), Object(GuzzleHttp\Handler\CurlFactory))
#2 E:\xampp73\htdocs\filecroco\loader\vendor\guzzlehttp\guzzle\src\Handler\CurlMultiHandler.php(181): GuzzleHttp\Handler\CurlFactory::finish(Object(GuzzleHttp\Handler\CurlMultiHandler), Object(GuzzleHttp\Handler\EasyHandle), Object(GuzzleHttp\Handler\CurlFactory))
#3 E:\xampp73\htdocs\filecroco\loader\vendor\guzzlehttp\guzzle\src\Handler\CurlMultiHandler.php(110): GuzzleHttp\Handler\CurlMultiHandler->processMessages()
#4 E:\xampp73\htdocs\filecroco\loader\vendor\guzzlehttp\guzzle\src\Handler\CurlMultiHandler.php(125): GuzzleHttp\Handler\CurlMultiHandler->tick()
#5 E:\xampp73\htdocs\filecroco\loader\vendor\guzzlehttp\promises\src\Promise.php(246): GuzzleHttp\Handler\CurlMultiHandler->execute(true)
#6 E:\xampp73\htdocs\filecroco\loader\vendor\guzzlehttp\promises\src\Promise.php(223): GuzzleHttp\Promise\Promise->invokeWaitFn()
#7 E:\xampp73\htdocs\filecroco\loader\vendor\guzzlehttp\promises\src\Promise.php(267): GuzzleHttp\Promise\Promise->waitIfPending()
#8 E:\xampp73\htdocs\filecroco\loader\vendor\guzzlehttp\promises\src\Promise.php(225): GuzzleHttp\Promise\Promise->invokeWaitList()
#9 E:\xampp73\htdocs\filecroco\loader\vendor\guzzlehttp\promises\src\Promise.php(62): GuzzleHttp\Promise\Promise->waitIfPending()
#10 E:\xampp73\htdocs\filecroco\loader\vendor\guzzlehttp\promises\src\EachPromise.php(101): GuzzleHttp\Promise\Promise->wait()
#11 E:\xampp73\htdocs\filecroco\loader\vendor\guzzlehttp\promises\src\Promise.php(246): GuzzleHttp\Promise\EachPromise->GuzzleHttp\Promise\{closure}(true)
#12 E:\xampp73\htdocs\filecroco\loader\vendor\guzzlehttp\promises\src\Promise.php(223): GuzzleHttp\Promise\Promise->invokeWaitFn()
#13 E:\xampp73\htdocs\filecroco\loader\vendor\guzzlehttp\promises\src\Promise.php(62): GuzzleHttp\Promise\Promise->waitIfPending()
#14 E:\xampp73\htdocs\filecroco\loader\updatedownloadlink.php(95): GuzzleHttp\Promise\Promise->wait()
#15 {main}|933GuzzleHttp\Exception\RequestException: cURL error 56:  (see http://curl.haxx.se/libcurl/c/libcurl-errors.html) in E:\xampp73\htdocs\filecroco\loader\vendor\guzzlehttp\guzzle\src\Handler\CurlFactory.php:186
Stack trace:
#0 E:\xampp73\htdocs\filecroco\loader\vendor\guzzlehttp\guzzle\src\Handler\CurlFactory.php(149): GuzzleHttp\Handler\CurlFactory::createRejection(Object(GuzzleHttp\Handler\EasyHandle), Array)
#1 E:\xampp73\htdocs\filecroco\loader\vendor\guzzlehttp\guzzle\src\Handler\CurlFactory.php(102): GuzzleHttp\Handler\CurlFactory::finishError(Object(GuzzleHttp\Handler\CurlMultiHandler), Object(GuzzleHttp\Handler\EasyHandle), Object(GuzzleHttp\Handler\CurlFactory))
#2 E:\xampp73\htdocs\filecroco\loader\vendor\guzzlehttp\guzzle\src\Handler\CurlMultiHandler.php(181): GuzzleHttp\Handler\CurlFactory::finish(Object(GuzzleHttp\Handler\CurlMultiHandler), Object(GuzzleHttp\Handler\EasyHandle), Object(GuzzleHttp\Handler\CurlFactory))
#3 E:\xampp73\htdocs\filecroco\loader\vendor\guzzlehttp\guzzle\src\Handler\CurlMultiHandler.php(110): GuzzleHttp\Handler\CurlMultiHandler->processMessages()
#4 E:\xampp73\htdocs\filecroco\loader\vendor\guzzlehttp\guzzle\src\Handler\CurlMultiHandler.php(125): GuzzleHttp\Handler\CurlMultiHandler->tick()
#5 E:\xampp73\htdocs\filecroco\loader\vendor\guzzlehttp\promises\src\Promise.php(246): GuzzleHttp\Handler\CurlMultiHandler->execute(true)
#6 E:\xampp73\htdocs\filecroco\loader\vendor\guzzlehttp\promises\src\Promise.php(223): GuzzleHttp\Promise\Promise->invokeWaitFn()
#7 E:\xampp73\htdocs\filecroco\loader\vendor\guzzlehttp\promises\src\Promise.php(267): GuzzleHttp\Promise\Promise->waitIfPending()
#8 E:\xampp73\htdocs\filecroco\loader\vendor\guzzlehttp\promises\src\Promise.php(225): GuzzleHttp\Promise\Promise->invokeWaitList()
#9 E:\xampp73\htdocs\filecroco\loader\vendor\guzzlehttp\promises\src\Promise.php(62): GuzzleHttp\Promise\Promise->waitIfPending()
#10 E:\xampp73\htdocs\filecroco\loader\vendor\guzzlehttp\promises\src\EachPromise.php(101): GuzzleHttp\Promise\Promise->wait()
#11 E:\xampp73\htdocs\filecroco\loader\vendor\guzzlehttp\promises\src\Promise.php(246): GuzzleHttp\Promise\EachPromise->GuzzleHttp\Promise\{closure}(true)
#12 E:\xampp73\htdocs\filecroco\loader\vendor\guzzlehttp\promises\src\Promise.php(223): GuzzleHttp\Promise\Promise->invokeWaitFn()
#13 E:\xampp73\htdocs\filecroco\loader\vendor\guzzlehttp\promises\src\Promise.php(62): GuzzleHttp\Promise\Promise->waitIfPending()
#14 E:\xampp73\htdocs\filecroco\loader\updatedownloadlink.php(95): GuzzleHttp\Promise\Promise->wait()
#15 {main}|934GuzzleHttp\Exception\RequestException: cURL error 56:  (see http://curl.haxx.se/libcurl/c/libcurl-errors.html) in E:\xampp73\htdocs\filecroco\loader\vendor\guzzlehttp\guzzle\src\Handler\CurlFactory.php:186
Stack trace:
#0 E:\xampp73\htdocs\filecroco\loader\vendor\guzzlehttp\guzzle\src\Handler\CurlFactory.php(149): GuzzleHttp\Handler\CurlFactory::createRejection(Object(GuzzleHttp\Handler\EasyHandle), Array)
#1 E:\xampp73\htdocs\filecroco\loader\vendor\guzzlehttp\guzzle\src\Handler\CurlFactory.php(102): GuzzleHttp\Handler\CurlFactory::finishError(Object(GuzzleHttp\Handler\CurlMultiHandler), Object(GuzzleHttp\Handler\EasyHandle), Object(GuzzleHttp\Handler\CurlFactory))
#2 E:\xampp73\htdocs\filecroco\loader\vendor\guzzlehttp\guzzle\src\Handler\CurlMultiHandler.php(181): GuzzleHttp\Handler\CurlFactory::finish(Object(GuzzleHttp\Handler\CurlMultiHandler), Object(GuzzleHttp\Handler\EasyHandle), Object(GuzzleHttp\Handler\CurlFactory))
#3 E:\xampp73\htdocs\filecroco\loader\vendor\guzzlehttp\guzzle\src\Handler\CurlMultiHandler.php(110): GuzzleHttp\Handler\CurlMultiHandler->processMessages()
#4 E:\xampp73\htdocs\filecroco\loader\vendor\guzzlehttp\guzzle\src\Handler\CurlMultiHandler.php(125): GuzzleHttp\Handler\CurlMultiHandler->tick()
#5 E:\xampp73\htdocs\filecroco\loader\vendor\guzzlehttp\promises\src\Promise.php(246): GuzzleHttp\Handler\CurlMultiHandler->execute(true)
#6 E:\xampp73\htdocs\filecroco\loader\vendor\guzzlehttp\promises\src\Promise.php(223): GuzzleHttp\Promise\Promise->invokeWaitFn()
#7 E:\xampp73\htdocs\filecroco\loader\vendor\guzzlehttp\promises\src\Promise.php(267): GuzzleHttp\Promise\Promise->waitIfPending()
#8 E:\xampp73\htdocs\filecroco\loader\vendor\guzzlehttp\promises\src\Promise.php(225): GuzzleHttp\Promise\Promise->invokeWaitList()
#9 E:\xampp73\htdocs\filecroco\loader\vendor\guzzlehttp\promises\src\Promise.php(62): GuzzleHttp\Promise\Promise->waitIfPending()
#10 E:\xampp73\htdocs\filecroco\loader\vendor\guzzlehttp\promises\src\EachPromise.php(101): GuzzleHttp\Promise\Promise->wait()
#11 E:\xampp73\htdocs\filecroco\loader\vendor\guzzlehttp\promises\src\Promise.php(246): GuzzleHttp\Promise\EachPromise->GuzzleHttp\Promise\{closure}(true)
#12 E:\xampp73\htdocs\filecroco\loader\vendor\guzzlehttp\promises\src\Promise.php(223): GuzzleHttp\Promise\Promise->invokeWaitFn()
#13 E:\xampp73\htdocs\filecroco\loader\vendor\guzzlehttp\promises\src\Promise.php(62): GuzzleHttp\Promise\Promise->waitIfPending()
#14 E:\xampp73\htdocs\filecroco\loader\updatedownloadlink.php(95): GuzzleHttp\Promise\Promise->wait()
#15 {main}|935GuzzleHttp\Exception\RequestException: cURL error 56:  (see http://curl.haxx.se/libcurl/c/libcurl-errors.html) in E:\xampp73\htdocs\filecroco\loader\vendor\guzzlehttp\guzzle\src\Handler\CurlFactory.php:186
Stack trace:
#0 E:\xampp73\htdocs\filecroco\loader\vendor\guzzlehttp\guzzle\src\Handler\CurlFactory.php(149): GuzzleHttp\Handler\CurlFactory::createRejection(Object(GuzzleHttp\Handler\EasyHandle), Array)
#1 E:\xampp73\htdocs\filecroco\loader\vendor\guzzlehttp\guzzle\src\Handler\CurlFactory.php(102): GuzzleHttp\Handler\CurlFactory::finishError(Object(GuzzleHttp\Handler\CurlMultiHandler), Object(GuzzleHttp\Handler\EasyHandle), Object(GuzzleHttp\Handler\CurlFactory))
#2 E:\xampp73\htdocs\filecroco\loader\vendor\guzzlehttp\guzzle\src\Handler\CurlMultiHandler.php(181): GuzzleHttp\Handler\CurlFactory::finish(Object(GuzzleHttp\Handler\CurlMultiHandler), Object(GuzzleHttp\Handler\EasyHandle), Object(GuzzleHttp\Handler\CurlFactory))
#3 E:\xampp73\htdocs\filecroco\loader\vendor\guzzlehttp\guzzle\src\Handler\CurlMultiHandler.php(110): GuzzleHttp\Handler\CurlMultiHandler->processMessages()
#4 E:\xampp73\htdocs\filecroco\loader\vendor\guzzlehttp\guzzle\src\Handler\CurlMultiHandler.php(125): GuzzleHttp\Handler\CurlMultiHandler->tick()
#5 E:\xampp73\htdocs\filecroco\loader\vendor\guzzlehttp\promises\src\Promise.php(246): GuzzleHttp\Handler\CurlMultiHandler->execute(true)
#6 E:\xampp73\htdocs\filecroco\loader\vendor\guzzlehttp\promises\src\Promise.php(223): GuzzleHttp\Promise\Promise->invokeWaitFn()
#7 E:\xampp73\htdocs\filecroco\loader\vendor\guzzlehttp\promises\src\Promise.php(267): GuzzleHttp\Promise\Promise->waitIfPending()
#8 E:\xampp73\htdocs\filecroco\loader\vendor\guzzlehttp\promises\src\Promise.php(225): GuzzleHttp\Promise\Promise->invokeWaitList()
#9 E:\xampp73\htdocs\filecroco\loader\vendor\guzzlehttp\promises\src\Promise.php(62): GuzzleHttp\Promise\Promise->waitIfPending()
#10 E:\xampp73\htdocs\filecroco\loader\vendor\guzzlehttp\promises\src\EachPromise.php(101): GuzzleHttp\Promise\Promise->wait()
#11 E:\xampp73\htdocs\filecroco\loader\vendor\guzzlehttp\promises\src\Promise.php(246): GuzzleHttp\Promise\EachPromise->GuzzleHttp\Promise\{closure}(true)
#12 E:\xampp73\htdocs\filecroco\loader\vendor\guzzlehttp\promises\src\Promise.php(223): GuzzleHttp\Promise\Promise->invokeWaitFn()
#13 E:\xampp73\htdocs\filecroco\loader\vendor\guzzlehttp\promises\src\Promise.php(62): GuzzleHttp\Promise\Promise->waitIfPending()
#14 E:\xampp73\htdocs\filecroco\loader\updatedownloadlink.php(95): GuzzleHttp\Promise\Promise->wait()
#15 {main}|936GuzzleHttp\Exception\RequestException: cURL error 56:  (see http://curl.haxx.se/libcurl/c/libcurl-errors.html) in E:\xampp73\htdocs\filecroco\loader\vendor\guzzlehttp\guzzle\src\Handler\CurlFactory.php:186
Stack trace:
#0 E:\xampp73\htdocs\filecroco\loader\vendor\guzzlehttp\guzzle\src\Handler\CurlFactory.php(149): GuzzleHttp\Handler\CurlFactory::createRejection(Object(GuzzleHttp\Handler\EasyHandle), Array)
#1 E:\xampp73\htdocs\filecroco\loader\vendor\guzzlehttp\guzzle\src\Handler\CurlFactory.php(102): GuzzleHttp\Handler\CurlFactory::finishError(Object(GuzzleHttp\Handler\CurlMultiHandler), Object(GuzzleHttp\Handler\EasyHandle), Object(GuzzleHttp\Handler\CurlFactory))
#2 E:\xampp73\htdocs\filecroco\loader\vendor\guzzlehttp\guzzle\src\Handler\CurlMultiHandler.php(181): GuzzleHttp\Handler\CurlFactory::finish(Object(GuzzleHttp\Handler\CurlMultiHandler), Object(GuzzleHttp\Handler\EasyHandle), Object(GuzzleHttp\Handler\CurlFactory))
#3 E:\xampp73\htdocs\filecroco\loader\vendor\guzzlehttp\guzzle\src\Handler\CurlMultiHandler.php(110): GuzzleHttp\Handler\CurlMultiHandler->processMessages()
#4 E:\xampp73\htdocs\filecroco\loader\vendor\guzzlehttp\guzzle\src\Handler\CurlMultiHandler.php(125): GuzzleHttp\Handler\CurlMultiHandler->tick()
#5 E:\xampp73\htdocs\filecroco\loader\vendor\guzzlehttp\promises\src\Promise.php(246): GuzzleHttp\Handler\CurlMultiHandler->execute(true)
#6 E:\xampp73\htdocs\filecroco\loader\vendor\guzzlehttp\promises\src\Promise.php(223): GuzzleHttp\Promise\Promise->invokeWaitFn()
#7 E:\xampp73\htdocs\filecroco\loader\vendor\guzzlehttp\promises\src\Promise.php(267): GuzzleHttp\Promise\Promise->waitIfPending()
#8 E:\xampp73\htdocs\filecroco\loader\vendor\guzzlehttp\promises\src\Promise.php(225): GuzzleHttp\Promise\Promise->invokeWaitList()
#9 E:\xampp73\htdocs\filecroco\loader\vendor\guzzlehttp\promises\src\Promise.php(62): GuzzleHttp\Promise\Promise->waitIfPending()
#10 E:\xampp73\htdocs\filecroco\loader\vendor\guzzlehttp\promises\src\EachPromise.php(101): GuzzleHttp\Promise\Promise->wait()
#11 E:\xampp73\htdocs\filecroco\loader\vendor\guzzlehttp\promises\src\Promise.php(246): GuzzleHttp\Promise\EachPromise->GuzzleHttp\Promise\{closure}(true)
#12 E:\xampp73\htdocs\filecroco\loader\vendor\guzzlehttp\promises\src\Promise.php(223): GuzzleHttp\Promise\Promise->invokeWaitFn()
#13 E:\xampp73\htdocs\filecroco\loader\vendor\guzzlehttp\promises\src\Promise.php(62): GuzzleHttp\Promise\Promise->waitIfPending()
#14 E:\xampp73\htdocs\filecroco\loader\updatedownloadlink.php(95): GuzzleHttp\Promise\Promise->wait()
#15 {main}|937GuzzleHttp\Exception\RequestException: cURL error 56:  (see http://curl.haxx.se/libcurl/c/libcurl-errors.html) in E:\xampp73\htdocs\filecroco\loader\vendor\guzzlehttp\guzzle\src\Handler\CurlFactory.php:186
Stack trace:
#0 E:\xampp73\htdocs\filecroco\loader\vendor\guzzlehttp\guzzle\src\Handler\CurlFactory.php(149): GuzzleHttp\Handler\CurlFactory::createRejection(Object(GuzzleHttp\Handler\EasyHandle), Array)
#1 E:\xampp73\htdocs\filecroco\loader\vendor\guzzlehttp\guzzle\src\Handler\CurlFactory.php(102): GuzzleHttp\Handler\CurlFactory::finishError(Object(GuzzleHttp\Handler\CurlMultiHandler), Object(GuzzleHttp\Handler\EasyHandle), Object(GuzzleHttp\Handler\CurlFactory))
#2 E:\xampp73\htdocs\filecroco\loader\vendor\guzzlehttp\guzzle\src\Handler\CurlMultiHandler.php(181): GuzzleHttp\Handler\CurlFactory::finish(Object(GuzzleHttp\Handler\CurlMultiHandler), Object(GuzzleHttp\Handler\EasyHandle), Object(GuzzleHttp\Handler\CurlFactory))
#3 E:\xampp73\htdocs\filecroco\loader\vendor\guzzlehttp\guzzle\src\Handler\CurlMultiHandler.php(110): GuzzleHttp\Handler\CurlMultiHandler->processMessages()
#4 E:\xampp73\htdocs\filecroco\loader\vendor\guzzlehttp\guzzle\src\Handler\CurlMultiHandler.php(125): GuzzleHttp\Handler\CurlMultiHandler->tick()
#5 E:\xampp73\htdocs\filecroco\loader\vendor\guzzlehttp\promises\src\Promise.php(246): GuzzleHttp\Handler\CurlMultiHandler->execute(true)
#6 E:\xampp73\htdocs\filecroco\loader\vendor\guzzlehttp\promises\src\Promise.php(223): GuzzleHttp\Promise\Promise->invokeWaitFn()
#7 E:\xampp73\htdocs\filecroco\loader\vendor\guzzlehttp\promises\src\Promise.php(267): GuzzleHttp\Promise\Promise->waitIfPending()
#8 E:\xampp73\htdocs\filecroco\loader\vendor\guzzlehttp\promises\src\Promise.php(225): GuzzleHttp\Promise\Promise->invokeWaitList()
#9 E:\xampp73\htdocs\filecroco\loader\vendor\guzzlehttp\promises\src\Promise.php(62): GuzzleHttp\Promise\Promise->waitIfPending()
#10 E:\xampp73\htdocs\filecroco\loader\vendor\guzzlehttp\promises\src\EachPromise.php(101): GuzzleHttp\Promise\Promise->wait()
#11 E:\xampp73\htdocs\filecroco\loader\vendor\guzzlehttp\promises\src\Promise.php(246): GuzzleHttp\Promise\EachPromise->GuzzleHttp\Promise\{closure}(true)
#12 E:\xampp73\htdocs\filecroco\loader\vendor\guzzlehttp\promises\src\Promise.php(223): GuzzleHttp\Promise\Promise->invokeWaitFn()
#13 E:\xampp73\htdocs\filecroco\loader\vendor\guzzlehttp\promises\src\Promise.php(62): GuzzleHttp\Promise\Promise->waitIfPending()
#14 E:\xampp73\htdocs\filecroco\loader\updatedownloadlink.php(95): GuzzleHttp\Promise\Promise->wait()
#15 {main}|938GuzzleHttp\Exception\RequestException: cURL error 56:  (see http://curl.haxx.se/libcurl/c/libcurl-errors.html) in E:\xampp73\htdocs\filecroco\loader\vendor\guzzlehttp\guzzle\src\Handler\CurlFactory.php:186
Stack trace:
#0 E:\xampp73\htdocs\filecroco\loader\vendor\guzzlehttp\guzzle\src\Handler\CurlFactory.php(149): GuzzleHttp\Handler\CurlFactory::createRejection(Object(GuzzleHttp\Handler\EasyHandle), Array)
#1 E:\xampp73\htdocs\filecroco\loader\vendor\guzzlehttp\guzzle\src\Handler\CurlFactory.php(102): GuzzleHttp\Handler\CurlFactory::finishError(Object(GuzzleHttp\Handler\CurlMultiHandler), Object(GuzzleHttp\Handler\EasyHandle), Object(GuzzleHttp\Handler\CurlFactory))
#2 E:\xampp73\htdocs\filecroco\loader\vendor\guzzlehttp\guzzle\src\Handler\CurlMultiHandler.php(181): GuzzleHttp\Handler\CurlFactory::finish(Object(GuzzleHttp\Handler\CurlMultiHandler), Object(GuzzleHttp\Handler\EasyHandle), Object(GuzzleHttp\Handler\CurlFactory))
#3 E:\xampp73\htdocs\filecroco\loader\vendor\guzzlehttp\guzzle\src\Handler\CurlMultiHandler.php(110): GuzzleHttp\Handler\CurlMultiHandler->processMessages()
#4 E:\xampp73\htdocs\filecroco\loader\vendor\guzzlehttp\guzzle\src\Handler\CurlMultiHandler.php(125): GuzzleHttp\Handler\CurlMultiHandler->tick()
#5 E:\xampp73\htdocs\filecroco\loader\vendor\guzzlehttp\promises\src\Promise.php(246): GuzzleHttp\Handler\CurlMultiHandler->execute(true)
#6 E:\xampp73\htdocs\filecroco\loader\vendor\guzzlehttp\promises\src\Promise.php(223): GuzzleHttp\Promise\Promise->invokeWaitFn()
#7 E:\xampp73\htdocs\filecroco\loader\vendor\guzzlehttp\promises\src\Promise.php(267): GuzzleHttp\Promise\Promise->waitIfPending()
#8 E:\xampp73\htdocs\filecroco\loader\vendor\guzzlehttp\promises\src\Promise.php(225): GuzzleHttp\Promise\Promise->invokeWaitList()
#9 E:\xampp73\htdocs\filecroco\loader\vendor\guzzlehttp\promises\src\Promise.php(62): GuzzleHttp\Promise\Promise->waitIfPending()
#10 E:\xampp73\htdocs\filecroco\loader\vendor\guzzlehttp\promises\src\EachPromise.php(101): GuzzleHttp\Promise\Promise->wait()
#11 E:\xampp73\htdocs\filecroco\loader\vendor\guzzlehttp\promises\src\Promise.php(246): GuzzleHttp\Promise\EachPromise->GuzzleHttp\Promise\{closure}(true)
#12 E:\xampp73\htdocs\filecroco\loader\vendor\guzzlehttp\promises\src\Promise.php(223): GuzzleHttp\Promise\Promise->invokeWaitFn()
#13 E:\xampp73\htdocs\filecroco\loader\vendor\guzzlehttp\promises\src\Promise.php(62): GuzzleHttp\Promise\Promise->waitIfPending()
#14 E:\xampp73\htdocs\filecroco\loader\updatedownloadlink.php(95): GuzzleHttp\Promise\Promise->wait()
#15 {main}|939GuzzleHttp\Exception\RequestException: cURL error 56:  (see http://curl.haxx.se/libcurl/c/libcurl-errors.html) in E:\xampp73\htdocs\filecroco\loader\vendor\guzzlehttp\guzzle\src\Handler\CurlFactory.php:186
Stack trace:
#0 E:\xampp73\htdocs\filecroco\loader\vendor\guzzlehttp\guzzle\src\Handler\CurlFactory.php(149): GuzzleHttp\Handler\CurlFactory::createRejection(Object(GuzzleHttp\Handler\EasyHandle), Array)
#1 E:\xampp73\htdocs\filecroco\loader\vendor\guzzlehttp\guzzle\src\Handler\CurlFactory.php(102): GuzzleHttp\Handler\CurlFactory::finishError(Object(GuzzleHttp\Handler\CurlMultiHandler), Object(GuzzleHttp\Handler\EasyHandle), Object(GuzzleHttp\Handler\CurlFactory))
#2 E:\xampp73\htdocs\filecroco\loader\vendor\guzzlehttp\guzzle\src\Handler\CurlMultiHandler.php(181): GuzzleHttp\Handler\CurlFactory::finish(Object(GuzzleHttp\Handler\CurlMultiHandler), Object(GuzzleHttp\Handler\EasyHandle), Object(GuzzleHttp\Handler\CurlFactory))
#3 E:\xampp73\htdocs\filecroco\loader\vendor\guzzlehttp\guzzle\src\Handler\CurlMultiHandler.php(110): GuzzleHttp\Handler\CurlMultiHandler->processMessages()
#4 E:\xampp73\htdocs\filecroco\loader\vendor\guzzlehttp\guzzle\src\Handler\CurlMultiHandler.php(125): GuzzleHttp\Handler\CurlMultiHandler->tick()
#5 E:\xampp73\htdocs\filecroco\loader\vendor\guzzlehttp\promises\src\Promise.php(246): GuzzleHttp\Handler\CurlMultiHandler->execute(true)
#6 E:\xampp73\htdocs\filecroco\loader\vendor\guzzlehttp\promises\src\Promise.php(223): GuzzleHttp\Promise\Promise->invokeWaitFn()
#7 E:\xampp73\htdocs\filecroco\loader\vendor\guzzlehttp\promises\src\Promise.php(267): GuzzleHttp\Promise\Promise->waitIfPending()
#8 E:\xampp73\htdocs\filecroco\loader\vendor\guzzlehttp\promises\src\Promise.php(225): GuzzleHttp\Promise\Promise->invokeWaitList()
#9 E:\xampp73\htdocs\filecroco\loader\vendor\guzzlehttp\promises\src\Promise.php(62): GuzzleHttp\Promise\Promise->waitIfPending()
#10 E:\xampp73\htdocs\filecroco\loader\vendor\guzzlehttp\promises\src\EachPromise.php(101): GuzzleHttp\Promise\Promise->wait()
#11 E:\xampp73\htdocs\filecroco\loader\vendor\guzzlehttp\promises\src\Promise.php(246): GuzzleHttp\Promise\EachPromise->GuzzleHttp\Promise\{closure}(true)
#12 E:\xampp73\htdocs\filecroco\loader\vendor\guzzlehttp\promises\src\Promise.php(223): GuzzleHttp\Promise\Promise->invokeWaitFn()
#13 E:\xampp73\htdocs\filecroco\loader\vendor\guzzlehttp\promises\src\Promise.php(62): GuzzleHttp\Promise\Promise->waitIfPending()
#14 E:\xampp73\htdocs\filecroco\loader\updatedownloadlink.php(95): GuzzleHttp\Promise\Promise->wait()
#15 {main}|940GuzzleHttp\Exception\RequestException: cURL error 56:  (see http://curl.haxx.se/libcurl/c/libcurl-errors.html) in E:\xampp73\htdocs\filecroco\loader\vendor\guzzlehttp\guzzle\src\Handler\CurlFactory.php:186
Stack trace:
#0 E:\xampp73\htdocs\filecroco\loader\vendor\guzzlehttp\guzzle\src\Handler\CurlFactory.php(149): GuzzleHttp\Handler\CurlFactory::createRejection(Object(GuzzleHttp\Handler\EasyHandle), Array)
#1 E:\xampp73\htdocs\filecroco\loader\vendor\guzzlehttp\guzzle\src\Handler\CurlFactory.php(102): GuzzleHttp\Handler\CurlFactory::finishError(Object(GuzzleHttp\Handler\CurlMultiHandler), Object(GuzzleHttp\Handler\EasyHandle), Object(GuzzleHttp\Handler\CurlFactory))
#2 E:\xampp73\htdocs\filecroco\loader\vendor\guzzlehttp\guzzle\src\Handler\CurlMultiHandler.php(181): GuzzleHttp\Handler\CurlFactory::finish(Object(GuzzleHttp\Handler\CurlMultiHandler), Object(GuzzleHttp\Handler\EasyHandle), Object(GuzzleHttp\Handler\CurlFactory))
#3 E:\xampp73\htdocs\filecroco\loader\vendor\guzzlehttp\guzzle\src\Handler\CurlMultiHandler.php(110): GuzzleHttp\Handler\CurlMultiHandler->processMessages()
#4 E:\xampp73\htdocs\filecroco\loader\vendor\guzzlehttp\guzzle\src\Handler\CurlMultiHandler.php(125): GuzzleHttp\Handler\CurlMultiHandler->tick()
#5 E:\xampp73\htdocs\filecroco\loader\vendor\guzzlehttp\promises\src\Promise.php(246): GuzzleHttp\Handler\CurlMultiHandler->execute(true)
#6 E:\xampp73\htdocs\filecroco\loader\vendor\guzzlehttp\promises\src\Promise.php(223): GuzzleHttp\Promise\Promise->invokeWaitFn()
#7 E:\xampp73\htdocs\filecroco\loader\vendor\guzzlehttp\promises\src\Promise.php(267): GuzzleHttp\Promise\Promise->waitIfPending()
#8 E:\xampp73\htdocs\filecroco\loader\vendor\guzzlehttp\promises\src\Promise.php(225): GuzzleHttp\Promise\Promise->invokeWaitList()
#9 E:\xampp73\htdocs\filecroco\loader\vendor\guzzlehttp\promises\src\Promise.php(62): GuzzleHttp\Promise\Promise->waitIfPending()
#10 E:\xampp73\htdocs\filecroco\loader\vendor\guzzlehttp\promises\src\EachPromise.php(101): GuzzleHttp\Promise\Promise->wait()
#11 E:\xampp73\htdocs\filecroco\loader\vendor\guzzlehttp\promises\src\Promise.php(246): GuzzleHttp\Promise\EachPromise->GuzzleHttp\Promise\{closure}(true)
#12 E:\xampp73\htdocs\filecroco\loader\vendor\guzzlehttp\promises\src\Promise.php(223): GuzzleHttp\Promise\Promise->invokeWaitFn()
#13 E:\xampp73\htdocs\filecroco\loader\vendor\guzzlehttp\promises\src\Promise.php(62): GuzzleHttp\Promise\Promise->waitIfPending()
#14 E:\xampp73\htdocs\filecroco\loader\updatedownloadlink.php(95): GuzzleHttp\Promise\Promise->wait()
#15 {main}|941GuzzleHttp\Exception\RequestException: cURL error 56:  (see http://curl.haxx.se/libcurl/c/libcurl-errors.html) in E:\xampp73\htdocs\filecroco\loader\vendor\guzzlehttp\guzzle\src\Handler\CurlFactory.php:186
Stack trace:
#0 E:\xampp73\htdocs\filecroco\loader\vendor\guzzlehttp\guzzle\src\Handler\CurlFactory.php(149): GuzzleHttp\Handler\CurlFactory::createRejection(Object(GuzzleHttp\Handler\EasyHandle), Array)
#1 E:\xampp73\htdocs\filecroco\loader\vendor\guzzlehttp\guzzle\src\Handler\CurlFactory.php(102): GuzzleHttp\Handler\CurlFactory::finishError(Object(GuzzleHttp\Handler\CurlMultiHandler), Object(GuzzleHttp\Handler\EasyHandle), Object(GuzzleHttp\Handler\CurlFactory))
#2 E:\xampp73\htdocs\filecroco\loader\vendor\guzzlehttp\guzzle\src\Handler\CurlMultiHandler.php(181): GuzzleHttp\Handler\CurlFactory::finish(Object(GuzzleHttp\Handler\CurlMultiHandler), Object(GuzzleHttp\Handler\EasyHandle), Object(GuzzleHttp\Handler\CurlFactory))
#3 E:\xampp73\htdocs\filecroco\loader\vendor\guzzlehttp\guzzle\src\Handler\CurlMultiHandler.php(110): GuzzleHttp\Handler\CurlMultiHandler->processMessages()
#4 E:\xampp73\htdocs\filecroco\loader\vendor\guzzlehttp\guzzle\src\Handler\CurlMultiHandler.php(125): GuzzleHttp\Handler\CurlMultiHandler->tick()
#5 E:\xampp73\htdocs\filecroco\loader\vendor\guzzlehttp\promises\src\Promise.php(246): GuzzleHttp\Handler\CurlMultiHandler->execute(true)
#6 E:\xampp73\htdocs\filecroco\loader\vendor\guzzlehttp\promises\src\Promise.php(223): GuzzleHttp\Promise\Promise->invokeWaitFn()
#7 E:\xampp73\htdocs\filecroco\loader\vendor\guzzlehttp\promises\src\Promise.php(267): GuzzleHttp\Promise\Promise->waitIfPending()
#8 E:\xampp73\htdocs\filecroco\loader\vendor\guzzlehttp\promises\src\Promise.php(225): GuzzleHttp\Promise\Promise->invokeWaitList()
#9 E:\xampp73\htdocs\filecroco\loader\vendor\guzzlehttp\promises\src\Promise.php(62): GuzzleHttp\Promise\Promise->waitIfPending()
#10 E:\xampp73\htdocs\filecroco\loader\vendor\guzzlehttp\promises\src\EachPromise.php(101): GuzzleHttp\Promise\Promise->wait()
#11 E:\xampp73\htdocs\filecroco\loader\vendor\guzzlehttp\promises\src\Promise.php(246): GuzzleHttp\Promise\EachPromise->GuzzleHttp\Promise\{closure}(true)
#12 E:\xampp73\htdocs\filecroco\loader\vendor\guzzlehttp\promises\src\Promise.php(223): GuzzleHttp\Promise\Promise->invokeWaitFn()
#13 E:\xampp73\htdocs\filecroco\loader\vendor\guzzlehttp\promises\src\Promise.php(62): GuzzleHttp\Promise\Promise->waitIfPending()
#14 E:\xampp73\htdocs\filecroco\loader\updatedownloadlink.php(95): GuzzleHttp\Promise\Promise->wait()
#15 {main}|942GuzzleHttp\Exception\RequestException: cURL error 56:  (see http://curl.haxx.se/libcurl/c/libcurl-errors.html) in E:\xampp73\htdocs\filecroco\loader\vendor\guzzlehttp\guzzle\src\Handler\CurlFactory.php:186
Stack trace:
#0 E:\xampp73\htdocs\filecroco\loader\vendor\guzzlehttp\guzzle\src\Handler\CurlFactory.php(149): GuzzleHttp\Handler\CurlFactory::createRejection(Object(GuzzleHttp\Handler\EasyHandle), Array)
#1 E:\xampp73\htdocs\filecroco\loader\vendor\guzzlehttp\guzzle\src\Handler\CurlFactory.php(102): GuzzleHttp\Handler\CurlFactory::finishError(Object(GuzzleHttp\Handler\CurlMultiHandler), Object(GuzzleHttp\Handler\EasyHandle), Object(GuzzleHttp\Handler\CurlFactory))
#2 E:\xampp73\htdocs\filecroco\loader\vendor\guzzlehttp\guzzle\src\Handler\CurlMultiHandler.php(181): GuzzleHttp\Handler\CurlFactory::finish(Object(GuzzleHttp\Handler\CurlMultiHandler), Object(GuzzleHttp\Handler\EasyHandle), Object(GuzzleHttp\Handler\CurlFactory))
#3 E:\xampp73\htdocs\filecroco\loader\vendor\guzzlehttp\guzzle\src\Handler\CurlMultiHandler.php(110): GuzzleHttp\Handler\CurlMultiHandler->processMessages()
#4 E:\xampp73\htdocs\filecroco\loader\vendor\guzzlehttp\guzzle\src\Handler\CurlMultiHandler.php(125): GuzzleHttp\Handler\CurlMultiHandler->tick()
#5 E:\xampp73\htdocs\filecroco\loader\vendor\guzzlehttp\promises\src\Promise.php(246): GuzzleHttp\Handler\CurlMultiHandler->execute(true)
#6 E:\xampp73\htdocs\filecroco\loader\vendor\guzzlehttp\promises\src\Promise.php(223): GuzzleHttp\Promise\Promise->invokeWaitFn()
#7 E:\xampp73\htdocs\filecroco\loader\vendor\guzzlehttp\promises\src\Promise.php(267): GuzzleHttp\Promise\Promise->waitIfPending()
#8 E:\xampp73\htdocs\filecroco\loader\vendor\guzzlehttp\promises\src\Promise.php(225): GuzzleHttp\Promise\Promise->invokeWaitList()
#9 E:\xampp73\htdocs\filecroco\loader\vendor\guzzlehttp\promises\src\Promise.php(62): GuzzleHttp\Promise\Promise->waitIfPending()
#10 E:\xampp73\htdocs\filecroco\loader\vendor\guzzlehttp\promises\src\EachPromise.php(101): GuzzleHttp\Promise\Promise->wait()
#11 E:\xampp73\htdocs\filecroco\loader\vendor\guzzlehttp\promises\src\Promise.php(246): GuzzleHttp\Promise\EachPromise->GuzzleHttp\Promise\{closure}(true)
#12 E:\xampp73\htdocs\filecroco\loader\vendor\guzzlehttp\promises\src\Promise.php(223): GuzzleHttp\Promise\Promise->invokeWaitFn()
#13 E:\xampp73\htdocs\filecroco\loader\vendor\guzzlehttp\promises\src\Promise.php(62): GuzzleHttp\Promise\Promise->waitIfPending()
#14 E:\xampp73\htdocs\filecroco\loader\updatedownloadlink.php(95): GuzzleHttp\Promise\Promise->wait()
#15 {main}|943GuzzleHttp\Exception\RequestException: cURL error 56:  (see http://curl.haxx.se/libcurl/c/libcurl-errors.html) in E:\xampp73\htdocs\filecroco\loader\vendor\guzzlehttp\guzzle\src\Handler\CurlFactory.php:186
Stack trace:
#0 E:\xampp73\htdocs\filecroco\loader\vendor\guzzlehttp\guzzle\src\Handler\CurlFactory.php(149): GuzzleHttp\Handler\CurlFactory::createRejection(Object(GuzzleHttp\Handler\EasyHandle), Array)
#1 E:\xampp73\htdocs\filecroco\loader\vendor\guzzlehttp\guzzle\src\Handler\CurlFactory.php(102): GuzzleHttp\Handler\CurlFactory::finishError(Object(GuzzleHttp\Handler\CurlMultiHandler), Object(GuzzleHttp\Handler\EasyHandle), Object(GuzzleHttp\Handler\CurlFactory))
#2 E:\xampp73\htdocs\filecroco\loader\vendor\guzzlehttp\guzzle\src\Handler\CurlMultiHandler.php(181): GuzzleHttp\Handler\CurlFactory::finish(Object(GuzzleHttp\Handler\CurlMultiHandler), Object(GuzzleHttp\Handler\EasyHandle), Object(GuzzleHttp\Handler\CurlFactory))
#3 E:\xampp73\htdocs\filecroco\loader\vendor\guzzlehttp\guzzle\src\Handler\CurlMultiHandler.php(110): GuzzleHttp\Handler\CurlMultiHandler->processMessages()
#4 E:\xampp73\htdocs\filecroco\loader\vendor\guzzlehttp\guzzle\src\Handler\CurlMultiHandler.php(125): GuzzleHttp\Handler\CurlMultiHandler->tick()
#5 E:\xampp73\htdocs\filecroco\loader\vendor\guzzlehttp\promises\src\Promise.php(246): GuzzleHttp\Handler\CurlMultiHandler->execute(true)
#6 E:\xampp73\htdocs\filecroco\loader\vendor\guzzlehttp\promises\src\Promise.php(223): GuzzleHttp\Promise\Promise->invokeWaitFn()
#7 E:\xampp73\htdocs\filecroco\loader\vendor\guzzlehttp\promises\src\Promise.php(267): GuzzleHttp\Promise\Promise->waitIfPending()
#8 E:\xampp73\htdocs\filecroco\loader\vendor\guzzlehttp\promises\src\Promise.php(225): GuzzleHttp\Promise\Promise->invokeWaitList()
#9 E:\xampp73\htdocs\filecroco\loader\vendor\guzzlehttp\promises\src\Promise.php(62): GuzzleHttp\Promise\Promise->waitIfPending()
#10 E:\xampp73\htdocs\filecroco\loader\vendor\guzzlehttp\promises\src\EachPromise.php(101): GuzzleHttp\Promise\Promise->wait()
#11 E:\xampp73\htdocs\filecroco\loader\vendor\guzzlehttp\promises\src\Promise.php(246): GuzzleHttp\Promise\EachPromise->GuzzleHttp\Promise\{closure}(true)
#12 E:\xampp73\htdocs\filecroco\loader\vendor\guzzlehttp\promises\src\Promise.php(223): GuzzleHttp\Promise\Promise->invokeWaitFn()
#13 E:\xampp73\htdocs\filecroco\loader\vendor\guzzlehttp\promises\src\Promise.php(62): GuzzleHttp\Promise\Promise->waitIfPending()
#14 E:\xampp73\htdocs\filecroco\loader\updatedownloadlink.php(95): GuzzleHttp\Promise\Promise->wait()
#15 {main}|944GuzzleHttp\Exception\RequestException: cURL error 56:  (see http://curl.haxx.se/libcurl/c/libcurl-errors.html) in E:\xampp73\htdocs\filecroco\loader\vendor\guzzlehttp\guzzle\src\Handler\CurlFactory.php:186
Stack trace:
#0 E:\xampp73\htdocs\filecroco\loader\vendor\guzzlehttp\guzzle\src\Handler\CurlFactory.php(149): GuzzleHttp\Handler\CurlFactory::createRejection(Object(GuzzleHttp\Handler\EasyHandle), Array)
#1 E:\xampp73\htdocs\filecroco\loader\vendor\guzzlehttp\guzzle\src\Handler\CurlFactory.php(102): GuzzleHttp\Handler\CurlFactory::finishError(Object(GuzzleHttp\Handler\CurlMultiHandler), Object(GuzzleHttp\Handler\EasyHandle), Object(GuzzleHttp\Handler\CurlFactory))
#2 E:\xampp73\htdocs\filecroco\loader\vendor\guzzlehttp\guzzle\src\Handler\CurlMultiHandler.php(181): GuzzleHttp\Handler\CurlFactory::finish(Object(GuzzleHttp\Handler\CurlMultiHandler), Object(GuzzleHttp\Handler\EasyHandle), Object(GuzzleHttp\Handler\CurlFactory))
#3 E:\xampp73\htdocs\filecroco\loader\vendor\guzzlehttp\guzzle\src\Handler\CurlMultiHandler.php(110): GuzzleHttp\Handler\CurlMultiHandler->processMessages()
#4 E:\xampp73\htdocs\filecroco\loader\vendor\guzzlehttp\guzzle\src\Handler\CurlMultiHandler.php(125): GuzzleHttp\Handler\CurlMultiHandler->tick()
#5 E:\xampp73\htdocs\filecroco\loader\vendor\guzzlehttp\promises\src\Promise.php(246): GuzzleHttp\Handler\CurlMultiHandler->execute(true)
#6 E:\xampp73\htdocs\filecroco\loader\vendor\guzzlehttp\promises\src\Promise.php(223): GuzzleHttp\Promise\Promise->invokeWaitFn()
#7 E:\xampp73\htdocs\filecroco\loader\vendor\guzzlehttp\promises\src\Promise.php(267): GuzzleHttp\Promise\Promise->waitIfPending()
#8 E:\xampp73\htdocs\filecroco\loader\vendor\guzzlehttp\promises\src\Promise.php(225): GuzzleHttp\Promise\Promise->invokeWaitList()
#9 E:\xampp73\htdocs\filecroco\loader\vendor\guzzlehttp\promises\src\Promise.php(62): GuzzleHttp\Promise\Promise->waitIfPending()
#10 E:\xampp73\htdocs\filecroco\loader\vendor\guzzlehttp\promises\src\EachPromise.php(101): GuzzleHttp\Promise\Promise->wait()
#11 E:\xampp73\htdocs\filecroco\loader\vendor\guzzlehttp\promises\src\Promise.php(246): GuzzleHttp\Promise\EachPromise->GuzzleHttp\Promise\{closure}(true)
#12 E:\xampp73\htdocs\filecroco\loader\vendor\guzzlehttp\promises\src\Promise.php(223): GuzzleHttp\Promise\Promise->invokeWaitFn()
#13 E:\xampp73\htdocs\filecroco\loader\vendor\guzzlehttp\promises\src\Promise.php(62): GuzzleHttp\Promise\Promise->waitIfPending()
#14 E:\xampp73\htdocs\filecroco\loader\updatedownloadlink.php(95): GuzzleHttp\Promise\Promise->wait()
#15 {main}|945GuzzleHttp\Exception\RequestException: cURL error 56:  (see http://curl.haxx.se/libcurl/c/libcurl-errors.html) in E:\xampp73\htdocs\filecroco\loader\vendor\guzzlehttp\guzzle\src\Handler\CurlFactory.php:186
Stack trace:
#0 E:\xampp73\htdocs\filecroco\loader\vendor\guzzlehttp\guzzle\src\Handler\CurlFactory.php(149): GuzzleHttp\Handler\CurlFactory::createRejection(Object(GuzzleHttp\Handler\EasyHandle), Array)
#1 E:\xampp73\htdocs\filecroco\loader\vendor\guzzlehttp\guzzle\src\Handler\CurlFactory.php(102): GuzzleHttp\Handler\CurlFactory::finishError(Object(GuzzleHttp\Handler\CurlMultiHandler), Object(GuzzleHttp\Handler\EasyHandle), Object(GuzzleHttp\Handler\CurlFactory))
#2 E:\xampp73\htdocs\filecroco\loader\vendor\guzzlehttp\guzzle\src\Handler\CurlMultiHandler.php(181): GuzzleHttp\Handler\CurlFactory::finish(Object(GuzzleHttp\Handler\CurlMultiHandler), Object(GuzzleHttp\Handler\EasyHandle), Object(GuzzleHttp\Handler\CurlFactory))
#3 E:\xampp73\htdocs\filecroco\loader\vendor\guzzlehttp\guzzle\src\Handler\CurlMultiHandler.php(110): GuzzleHttp\Handler\CurlMultiHandler->processMessages()
#4 E:\xampp73\htdocs\filecroco\loader\vendor\guzzlehttp\guzzle\src\Handler\CurlMultiHandler.php(125): GuzzleHttp\Handler\CurlMultiHandler->tick()
#5 E:\xampp73\htdocs\filecroco\loader\vendor\guzzlehttp\promises\src\Promise.php(246): GuzzleHttp\Handler\CurlMultiHandler->execute(true)
#6 E:\xampp73\htdocs\filecroco\loader\vendor\guzzlehttp\promises\src\Promise.php(223): GuzzleHttp\Promise\Promise->invokeWaitFn()
#7 E:\xampp73\htdocs\filecroco\loader\vendor\guzzlehttp\promises\src\Promise.php(267): GuzzleHttp\Promise\Promise->waitIfPending()
#8 E:\xampp73\htdocs\filecroco\loader\vendor\guzzlehttp\promises\src\Promise.php(225): GuzzleHttp\Promise\Promise->invokeWaitList()
#9 E:\xampp73\htdocs\filecroco\loader\vendor\guzzlehttp\promises\src\Promise.php(62): GuzzleHttp\Promise\Promise->waitIfPending()
#10 E:\xampp73\htdocs\filecroco\loader\vendor\guzzlehttp\promises\src\EachPromise.php(101): GuzzleHttp\Promise\Promise->wait()
#11 E:\xampp73\htdocs\filecroco\loader\vendor\guzzlehttp\promises\src\Promise.php(246): GuzzleHttp\Promise\EachPromise->GuzzleHttp\Promise\{closure}(true)
#12 E:\xampp73\htdocs\filecroco\loader\vendor\guzzlehttp\promises\src\Promise.php(223): GuzzleHttp\Promise\Promise->invokeWaitFn()
#13 E:\xampp73\htdocs\filecroco\loader\vendor\guzzlehttp\promises\src\Promise.php(62): GuzzleHttp\Promise\Promise->waitIfPending()
#14 E:\xampp73\htdocs\filecroco\loader\updatedownloadlink.php(95): GuzzleHttp\Promise\Promise->wait()
#15 {main}|946GuzzleHttp\Exception\RequestException: cURL error 56:  (see http://curl.haxx.se/libcurl/c/libcurl-errors.html) in E:\xampp73\htdocs\filecroco\loader\vendor\guzzlehttp\guzzle\src\Handler\CurlFactory.php:186
Stack trace:
#0 E:\xampp73\htdocs\filecroco\loader\vendor\guzzlehttp\guzzle\src\Handler\CurlFactory.php(149): GuzzleHttp\Handler\CurlFactory::createRejection(Object(GuzzleHttp\Handler\EasyHandle), Array)
#1 E:\xampp73\htdocs\filecroco\loader\vendor\guzzlehttp\guzzle\src\Handler\CurlFactory.php(102): GuzzleHttp\Handler\CurlFactory::finishError(Object(GuzzleHttp\Handler\CurlMultiHandler), Object(GuzzleHttp\Handler\EasyHandle), Object(GuzzleHttp\Handler\CurlFactory))
#2 E:\xampp73\htdocs\filecroco\loader\vendor\guzzlehttp\guzzle\src\Handler\CurlMultiHandler.php(181): GuzzleHttp\Handler\CurlFactory::finish(Object(GuzzleHttp\Handler\CurlMultiHandler), Object(GuzzleHttp\Handler\EasyHandle), Object(GuzzleHttp\Handler\CurlFactory))
#3 E:\xampp73\htdocs\filecroco\loader\vendor\guzzlehttp\guzzle\src\Handler\CurlMultiHandler.php(110): GuzzleHttp\Handler\CurlMultiHandler->processMessages()
#4 E:\xampp73\htdocs\filecroco\loader\vendor\guzzlehttp\guzzle\src\Handler\CurlMultiHandler.php(125): GuzzleHttp\Handler\CurlMultiHandler->tick()
#5 E:\xampp73\htdocs\filecroco\loader\vendor\guzzlehttp\promises\src\Promise.php(246): GuzzleHttp\Handler\CurlMultiHandler->execute(true)
#6 E:\xampp73\htdocs\filecroco\loader\vendor\guzzlehttp\promises\src\Promise.php(223): GuzzleHttp\Promise\Promise->invokeWaitFn()
#7 E:\xampp73\htdocs\filecroco\loader\vendor\guzzlehttp\promises\src\Promise.php(267): GuzzleHttp\Promise\Promise->waitIfPending()
#8 E:\xampp73\htdocs\filecroco\loader\vendor\guzzlehttp\promises\src\Promise.php(225): GuzzleHttp\Promise\Promise->invokeWaitList()
#9 E:\xampp73\htdocs\filecroco\loader\vendor\guzzlehttp\promises\src\Promise.php(62): GuzzleHttp\Promise\Promise->waitIfPending()
#10 E:\xampp73\htdocs\filecroco\loader\vendor\guzzlehttp\promises\src\EachPromise.php(101): GuzzleHttp\Promise\Promise->wait()
#11 E:\xampp73\htdocs\filecroco\loader\vendor\guzzlehttp\promises\src\Promise.php(246): GuzzleHttp\Promise\EachPromise->GuzzleHttp\Promise\{closure}(true)
#12 E:\xampp73\htdocs\filecroco\loader\vendor\guzzlehttp\promises\src\Promise.php(223): GuzzleHttp\Promise\Promise->invokeWaitFn()
#13 E:\xampp73\htdocs\filecroco\loader\vendor\guzzlehttp\promises\src\Promise.php(62): GuzzleHttp\Promise\Promise->waitIfPending()
#14 E:\xampp73\htdocs\filecroco\loader\updatedownloadlink.php(95): GuzzleHttp\Promise\Promise->wait()
#15 {main}|947GuzzleHttp\Exception\RequestException: cURL error 56:  (see http://curl.haxx.se/libcurl/c/libcurl-errors.html) in E:\xampp73\htdocs\filecroco\loader\vendor\guzzlehttp\guzzle\src\Handler\CurlFactory.php:186
Stack trace:
#0 E:\xampp73\htdocs\filecroco\loader\vendor\guzzlehttp\guzzle\src\Handler\CurlFactory.php(149): GuzzleHttp\Handler\CurlFactory::createRejection(Object(GuzzleHttp\Handler\EasyHandle), Array)
#1 E:\xampp73\htdocs\filecroco\loader\vendor\guzzlehttp\guzzle\src\Handler\CurlFactory.php(102): GuzzleHttp\Handler\CurlFactory::finishError(Object(GuzzleHttp\Handler\CurlMultiHandler), Object(GuzzleHttp\Handler\EasyHandle), Object(GuzzleHttp\Handler\CurlFactory))
#2 E:\xampp73\htdocs\filecroco\loader\vendor\guzzlehttp\guzzle\src\Handler\CurlMultiHandler.php(181): GuzzleHttp\Handler\CurlFactory::finish(Object(GuzzleHttp\Handler\CurlMultiHandler), Object(GuzzleHttp\Handler\EasyHandle), Object(GuzzleHttp\Handler\CurlFactory))
#3 E:\xampp73\htdocs\filecroco\loader\vendor\guzzlehttp\guzzle\src\Handler\CurlMultiHandler.php(110): GuzzleHttp\Handler\CurlMultiHandler->processMessages()
#4 E:\xampp73\htdocs\filecroco\loader\vendor\guzzlehttp\guzzle\src\Handler\CurlMultiHandler.php(125): GuzzleHttp\Handler\CurlMultiHandler->tick()
#5 E:\xampp73\htdocs\filecroco\loader\vendor\guzzlehttp\promises\src\Promise.php(246): GuzzleHttp\Handler\CurlMultiHandler->execute(true)
#6 E:\xampp73\htdocs\filecroco\loader\vendor\guzzlehttp\promises\src\Promise.php(223): GuzzleHttp\Promise\Promise->invokeWaitFn()
#7 E:\xampp73\htdocs\filecroco\loader\vendor\guzzlehttp\promises\src\Promise.php(267): GuzzleHttp\Promise\Promise->waitIfPending()
#8 E:\xampp73\htdocs\filecroco\loader\vendor\guzzlehttp\promises\src\Promise.php(225): GuzzleHttp\Promise\Promise->invokeWaitList()
#9 E:\xampp73\htdocs\filecroco\loader\vendor\guzzlehttp\promises\src\Promise.php(62): GuzzleHttp\Promise\Promise->waitIfPending()
#10 E:\xampp73\htdocs\filecroco\loader\vendor\guzzlehttp\promises\src\EachPromise.php(101): GuzzleHttp\Promise\Promise->wait()
#11 E:\xampp73\htdocs\filecroco\loader\vendor\guzzlehttp\promises\src\Promise.php(246): GuzzleHttp\Promise\EachPromise->GuzzleHttp\Promise\{closure}(true)
#12 E:\xampp73\htdocs\filecroco\loader\vendor\guzzlehttp\promises\src\Promise.php(223): GuzzleHttp\Promise\Promise->invokeWaitFn()
#13 E:\xampp73\htdocs\filecroco\loader\vendor\guzzlehttp\promises\src\Promise.php(62): GuzzleHttp\Promise\Promise->waitIfPending()
#14 E:\xampp73\htdocs\filecroco\loader\updatedownloadlink.php(95): GuzzleHttp\Promise\Promise->wait()
#15 {main}|948GuzzleHttp\Exception\RequestException: cURL error 56:  (see http://curl.haxx.se/libcurl/c/libcurl-errors.html) in E:\xampp73\htdocs\filecroco\loader\vendor\guzzlehttp\guzzle\src\Handler\CurlFactory.php:186
Stack trace:
#0 E:\xampp73\htdocs\filecroco\loader\vendor\guzzlehttp\guzzle\src\Handler\CurlFactory.php(149): GuzzleHttp\Handler\CurlFactory::createRejection(Object(GuzzleHttp\Handler\EasyHandle), Array)
#1 E:\xampp73\htdocs\filecroco\loader\vendor\guzzlehttp\guzzle\src\Handler\CurlFactory.php(102): GuzzleHttp\Handler\CurlFactory::finishError(Object(GuzzleHttp\Handler\CurlMultiHandler), Object(GuzzleHttp\Handler\EasyHandle), Object(GuzzleHttp\Handler\CurlFactory))
#2 E:\xampp73\htdocs\filecroco\loader\vendor\guzzlehttp\guzzle\src\Handler\CurlMultiHandler.php(181): GuzzleHttp\Handler\CurlFactory::finish(Object(GuzzleHttp\Handler\CurlMultiHandler), Object(GuzzleHttp\Handler\EasyHandle), Object(GuzzleHttp\Handler\CurlFactory))
#3 E:\xampp73\htdocs\filecroco\loader\vendor\guzzlehttp\guzzle\src\Handler\CurlMultiHandler.php(110): GuzzleHttp\Handler\CurlMultiHandler->processMessages()
#4 E:\xampp73\htdocs\filecroco\loader\vendor\guzzlehttp\guzzle\src\Handler\CurlMultiHandler.php(125): GuzzleHttp\Handler\CurlMultiHandler->tick()
#5 E:\xampp73\htdocs\filecroco\loader\vendor\guzzlehttp\promises\src\Promise.php(246): GuzzleHttp\Handler\CurlMultiHandler->execute(true)
#6 E:\xampp73\htdocs\filecroco\loader\vendor\guzzlehttp\promises\src\Promise.php(223): GuzzleHttp\Promise\Promise->invokeWaitFn()
#7 E:\xampp73\htdocs\filecroco\loader\vendor\guzzlehttp\promises\src\Promise.php(267): GuzzleHttp\Promise\Promise->waitIfPending()
#8 E:\xampp73\htdocs\filecroco\loader\vendor\guzzlehttp\promises\src\Promise.php(225): GuzzleHttp\Promise\Promise->invokeWaitList()
#9 E:\xampp73\htdocs\filecroco\loader\vendor\guzzlehttp\promises\src\Promise.php(62): GuzzleHttp\Promise\Promise->waitIfPending()
#10 E:\xampp73\htdocs\filecroco\loader\vendor\guzzlehttp\promises\src\EachPromise.php(101): GuzzleHttp\Promise\Promise->wait()
#11 E:\xampp73\htdocs\filecroco\loader\vendor\guzzlehttp\promises\src\Promise.php(246): GuzzleHttp\Promise\EachPromise->GuzzleHttp\Promise\{closure}(true)
#12 E:\xampp73\htdocs\filecroco\loader\vendor\guzzlehttp\promises\src\Promise.php(223): GuzzleHttp\Promise\Promise->invokeWaitFn()
#13 E:\xampp73\htdocs\filecroco\loader\vendor\guzzlehttp\promises\src\Promise.php(62): GuzzleHttp\Promise\Promise->waitIfPending()
#14 E:\xampp73\htdocs\filecroco\loader\updatedownloadlink.php(95): GuzzleHttp\Promise\Promise->wait()
#15 {main}|949GuzzleHttp\Exception\RequestException: cURL error 56:  (see http://curl.haxx.se/libcurl/c/libcurl-errors.html) in E:\xampp73\htdocs\filecroco\loader\vendor\guzzlehttp\guzzle\src\Handler\CurlFactory.php:186
Stack trace:
#0 E:\xampp73\htdocs\filecroco\loader\vendor\guzzlehttp\guzzle\src\Handler\CurlFactory.php(149): GuzzleHttp\Handler\CurlFactory::createRejection(Object(GuzzleHttp\Handler\EasyHandle), Array)
#1 E:\xampp73\htdocs\filecroco\loader\vendor\guzzlehttp\guzzle\src\Handler\CurlFactory.php(102): GuzzleHttp\Handler\CurlFactory::finishError(Object(GuzzleHttp\Handler\CurlMultiHandler), Object(GuzzleHttp\Handler\EasyHandle), Object(GuzzleHttp\Handler\CurlFactory))
#2 E:\xampp73\htdocs\filecroco\loader\vendor\guzzlehttp\guzzle\src\Handler\CurlMultiHandler.php(181): GuzzleHttp\Handler\CurlFactory::finish(Object(GuzzleHttp\Handler\CurlMultiHandler), Object(GuzzleHttp\Handler\EasyHandle), Object(GuzzleHttp\Handler\CurlFactory))
#3 E:\xampp73\htdocs\filecroco\loader\vendor\guzzlehttp\guzzle\src\Handler\CurlMultiHandler.php(110): GuzzleHttp\Handler\CurlMultiHandler->processMessages()
#4 E:\xampp73\htdocs\filecroco\loader\vendor\guzzlehttp\guzzle\src\Handler\CurlMultiHandler.php(125): GuzzleHttp\Handler\CurlMultiHandler->tick()
#5 E:\xampp73\htdocs\filecroco\loader\vendor\guzzlehttp\promises\src\Promise.php(246): GuzzleHttp\Handler\CurlMultiHandler->execute(true)
#6 E:\xampp73\htdocs\filecroco\loader\vendor\guzzlehttp\promises\src\Promise.php(223): GuzzleHttp\Promise\Promise->invokeWaitFn()
#7 E:\xampp73\htdocs\filecroco\loader\vendor\guzzlehttp\promises\src\Promise.php(267): GuzzleHttp\Promise\Promise->waitIfPending()
#8 E:\xampp73\htdocs\filecroco\loader\vendor\guzzlehttp\promises\src\Promise.php(225): GuzzleHttp\Promise\Promise->invokeWaitList()
#9 E:\xampp73\htdocs\filecroco\loader\vendor\guzzlehttp\promises\src\Promise.php(62): GuzzleHttp\Promise\Promise->waitIfPending()
#10 E:\xampp73\htdocs\filecroco\loader\vendor\guzzlehttp\promises\src\EachPromise.php(101): GuzzleHttp\Promise\Promise->wait()
#11 E:\xampp73\htdocs\filecroco\loader\vendor\guzzlehttp\promises\src\Promise.php(246): GuzzleHttp\Promise\EachPromise->GuzzleHttp\Promise\{closure}(true)
#12 E:\xampp73\htdocs\filecroco\loader\vendor\guzzlehttp\promises\src\Promise.php(223): GuzzleHttp\Promise\Promise->invokeWaitFn()
#13 E:\xampp73\htdocs\filecroco\loader\vendor\guzzlehttp\promises\src\Promise.php(62): GuzzleHttp\Promise\Promise->waitIfPending()
#14 E:\xampp73\htdocs\filecroco\loader\updatedownloadlink.php(95): GuzzleHttp\Promise\Promise->wait()
#15 {main}|950GuzzleHttp\Exception\RequestException: cURL error 56:  (see http://curl.haxx.se/libcurl/c/libcurl-errors.html) in E:\xampp73\htdocs\filecroco\loader\vendor\guzzlehttp\guzzle\src\Handler\CurlFactory.php:186
Stack trace:
#0 E:\xampp73\htdocs\filecroco\loader\vendor\guzzlehttp\guzzle\src\Handler\CurlFactory.php(149): GuzzleHttp\Handler\CurlFactory::createRejection(Object(GuzzleHttp\Handler\EasyHandle), Array)
#1 E:\xampp73\htdocs\filecroco\loader\vendor\guzzlehttp\guzzle\src\Handler\CurlFactory.php(102): GuzzleHttp\Handler\CurlFactory::finishError(Object(GuzzleHttp\Handler\CurlMultiHandler), Object(GuzzleHttp\Handler\EasyHandle), Object(GuzzleHttp\Handler\CurlFactory))
#2 E:\xampp73\htdocs\filecroco\loader\vendor\guzzlehttp\guzzle\src\Handler\CurlMultiHandler.php(181): GuzzleHttp\Handler\CurlFactory::finish(Object(GuzzleHttp\Handler\CurlMultiHandler), Object(GuzzleHttp\Handler\EasyHandle), Object(GuzzleHttp\Handler\CurlFactory))
#3 E:\xampp73\htdocs\filecroco\loader\vendor\guzzlehttp\guzzle\src\Handler\CurlMultiHandler.php(110): GuzzleHttp\Handler\CurlMultiHandler->processMessages()
#4 E:\xampp73\htdocs\filecroco\loader\vendor\guzzlehttp\guzzle\src\Handler\CurlMultiHandler.php(125): GuzzleHttp\Handler\CurlMultiHandler->tick()
#5 E:\xampp73\htdocs\filecroco\loader\vendor\guzzlehttp\promises\src\Promise.php(246): GuzzleHttp\Handler\CurlMultiHandler->execute(true)
#6 E:\xampp73\htdocs\filecroco\loader\vendor\guzzlehttp\promises\src\Promise.php(223): GuzzleHttp\Promise\Promise->invokeWaitFn()
#7 E:\xampp73\htdocs\filecroco\loader\vendor\guzzlehttp\promises\src\Promise.php(267): GuzzleHttp\Promise\Promise->waitIfPending()
#8 E:\xampp73\htdocs\filecroco\loader\vendor\guzzlehttp\promises\src\Promise.php(225): GuzzleHttp\Promise\Promise->invokeWaitList()
#9 E:\xampp73\htdocs\filecroco\loader\vendor\guzzlehttp\promises\src\Promise.php(62): GuzzleHttp\Promise\Promise->waitIfPending()
#10 E:\xampp73\htdocs\filecroco\loader\vendor\guzzlehttp\promises\src\EachPromise.php(101): GuzzleHttp\Promise\Promise->wait()
#11 E:\xampp73\htdocs\filecroco\loader\vendor\guzzlehttp\promises\src\Promise.php(246): GuzzleHttp\Promise\EachPromise->GuzzleHttp\Promise\{closure}(true)
#12 E:\xampp73\htdocs\filecroco\loader\vendor\guzzlehttp\promises\src\Promise.php(223): GuzzleHttp\Promise\Promise->invokeWaitFn()
#13 E:\xampp73\htdocs\filecroco\loader\vendor\guzzlehttp\promises\src\Promise.php(62): GuzzleHttp\Promise\Promise->waitIfPending()
#14 E:\xampp73\htdocs\filecroco\loader\updatedownloadlink.php(95): GuzzleHttp\Promise\Promise->wait()
#15 {main}|951GuzzleHttp\Exception\RequestException: cURL error 56:  (see http://curl.haxx.se/libcurl/c/libcurl-errors.html) in E:\xampp73\htdocs\filecroco\loader\vendor\guzzlehttp\guzzle\src\Handler\CurlFactory.php:186
Stack trace:
#0 E:\xampp73\htdocs\filecroco\loader\vendor\guzzlehttp\guzzle\src\Handler\CurlFactory.php(149): GuzzleHttp\Handler\CurlFactory::createRejection(Object(GuzzleHttp\Handler\EasyHandle), Array)
#1 E:\xampp73\htdocs\filecroco\loader\vendor\guzzlehttp\guzzle\src\Handler\CurlFactory.php(102): GuzzleHttp\Handler\CurlFactory::finishError(Object(GuzzleHttp\Handler\CurlMultiHandler), Object(GuzzleHttp\Handler\EasyHandle), Object(GuzzleHttp\Handler\CurlFactory))
#2 E:\xampp73\htdocs\filecroco\loader\vendor\guzzlehttp\guzzle\src\Handler\CurlMultiHandler.php(181): GuzzleHttp\Handler\CurlFactory::finish(Object(GuzzleHttp\Handler\CurlMultiHandler), Object(GuzzleHttp\Handler\EasyHandle), Object(GuzzleHttp\Handler\CurlFactory))
#3 E:\xampp73\htdocs\filecroco\loader\vendor\guzzlehttp\guzzle\src\Handler\CurlMultiHandler.php(110): GuzzleHttp\Handler\CurlMultiHandler->processMessages()
#4 E:\xampp73\htdocs\filecroco\loader\vendor\guzzlehttp\guzzle\src\Handler\CurlMultiHandler.php(125): GuzzleHttp\Handler\CurlMultiHandler->tick()
#5 E:\xampp73\htdocs\filecroco\loader\vendor\guzzlehttp\promises\src\Promise.php(246): GuzzleHttp\Handler\CurlMultiHandler->execute(true)
#6 E:\xampp73\htdocs\filecroco\loader\vendor\guzzlehttp\promises\src\Promise.php(223): GuzzleHttp\Promise\Promise->invokeWaitFn()
#7 E:\xampp73\htdocs\filecroco\loader\vendor\guzzlehttp\promises\src\Promise.php(267): GuzzleHttp\Promise\Promise->waitIfPending()
#8 E:\xampp73\htdocs\filecroco\loader\vendor\guzzlehttp\promises\src\Promise.php(225): GuzzleHttp\Promise\Promise->invokeWaitList()
#9 E:\xampp73\htdocs\filecroco\loader\vendor\guzzlehttp\promises\src\Promise.php(62): GuzzleHttp\Promise\Promise->waitIfPending()
#10 E:\xampp73\htdocs\filecroco\loader\vendor\guzzlehttp\promises\src\EachPromise.php(101): GuzzleHttp\Promise\Promise->wait()
#11 E:\xampp73\htdocs\filecroco\loader\vendor\guzzlehttp\promises\src\Promise.php(246): GuzzleHttp\Promise\EachPromise->GuzzleHttp\Promise\{closure}(true)
#12 E:\xampp73\htdocs\filecroco\loader\vendor\guzzlehttp\promises\src\Promise.php(223): GuzzleHttp\Promise\Promise->invokeWaitFn()
#13 E:\xampp73\htdocs\filecroco\loader\vendor\guzzlehttp\promises\src\Promise.php(62): GuzzleHttp\Promise\Promise->waitIfPending()
#14 E:\xampp73\htdocs\filecroco\loader\updatedownloadlink.php(95): GuzzleHttp\Promise\Promise->wait()
#15 {main}|952GuzzleHttp\Exception\RequestException: cURL error 56:  (see http://curl.haxx.se/libcurl/c/libcurl-errors.html) in E:\xampp73\htdocs\filecroco\loader\vendor\guzzlehttp\guzzle\src\Handler\CurlFactory.php:186
Stack trace:
#0 E:\xampp73\htdocs\filecroco\loader\vendor\guzzlehttp\guzzle\src\Handler\CurlFactory.php(149): GuzzleHttp\Handler\CurlFactory::createRejection(Object(GuzzleHttp\Handler\EasyHandle), Array)
#1 E:\xampp73\htdocs\filecroco\loader\vendor\guzzlehttp\guzzle\src\Handler\CurlFactory.php(102): GuzzleHttp\Handler\CurlFactory::finishError(Object(GuzzleHttp\Handler\CurlMultiHandler), Object(GuzzleHttp\Handler\EasyHandle), Object(GuzzleHttp\Handler\CurlFactory))
#2 E:\xampp73\htdocs\filecroco\loader\vendor\guzzlehttp\guzzle\src\Handler\CurlMultiHandler.php(181): GuzzleHttp\Handler\CurlFactory::finish(Object(GuzzleHttp\Handler\CurlMultiHandler), Object(GuzzleHttp\Handler\EasyHandle), Object(GuzzleHttp\Handler\CurlFactory))
#3 E:\xampp73\htdocs\filecroco\loader\vendor\guzzlehttp\guzzle\src\Handler\CurlMultiHandler.php(110): GuzzleHttp\Handler\CurlMultiHandler->processMessages()
#4 E:\xampp73\htdocs\filecroco\loader\vendor\guzzlehttp\guzzle\src\Handler\CurlMultiHandler.php(125): GuzzleHttp\Handler\CurlMultiHandler->tick()
#5 E:\xampp73\htdocs\filecroco\loader\vendor\guzzlehttp\promises\src\Promise.php(246): GuzzleHttp\Handler\CurlMultiHandler->execute(true)
#6 E:\xampp73\htdocs\filecroco\loader\vendor\guzzlehttp\promises\src\Promise.php(223): GuzzleHttp\Promise\Promise->invokeWaitFn()
#7 E:\xampp73\htdocs\filecroco\loader\vendor\guzzlehttp\promises\src\Promise.php(267): GuzzleHttp\Promise\Promise->waitIfPending()
#8 E:\xampp73\htdocs\filecroco\loader\vendor\guzzlehttp\promises\src\Promise.php(225): GuzzleHttp\Promise\Promise->invokeWaitList()
#9 E:\xampp73\htdocs\filecroco\loader\vendor\guzzlehttp\promises\src\Promise.php(62): GuzzleHttp\Promise\Promise->waitIfPending()
#10 E:\xampp73\htdocs\filecroco\loader\vendor\guzzlehttp\promises\src\EachPromise.php(101): GuzzleHttp\Promise\Promise->wait()
#11 E:\xampp73\htdocs\filecroco\loader\vendor\guzzlehttp\promises\src\Promise.php(246): GuzzleHttp\Promise\EachPromise->GuzzleHttp\Promise\{closure}(true)
#12 E:\xampp73\htdocs\filecroco\loader\vendor\guzzlehttp\promises\src\Promise.php(223): GuzzleHttp\Promise\Promise->invokeWaitFn()
#13 E:\xampp73\htdocs\filecroco\loader\vendor\guzzlehttp\promises\src\Promise.php(62): GuzzleHttp\Promise\Promise->waitIfPending()
#14 E:\xampp73\htdocs\filecroco\loader\updatedownloadlink.php(95): GuzzleHttp\Promise\Promise->wait()
#15 {main}|953GuzzleHttp\Exception\RequestException: cURL error 56:  (see http://curl.haxx.se/libcurl/c/libcurl-errors.html) in E:\xampp73\htdocs\filecroco\loader\vendor\guzzlehttp\guzzle\src\Handler\CurlFactory.php:186
Stack trace:
#0 E:\xampp73\htdocs\filecroco\loader\vendor\guzzlehttp\guzzle\src\Handler\CurlFactory.php(149): GuzzleHttp\Handler\CurlFactory::createRejection(Object(GuzzleHttp\Handler\EasyHandle), Array)
#1 E:\xampp73\htdocs\filecroco\loader\vendor\guzzlehttp\guzzle\src\Handler\CurlFactory.php(102): GuzzleHttp\Handler\CurlFactory::finishError(Object(GuzzleHttp\Handler\CurlMultiHandler), Object(GuzzleHttp\Handler\EasyHandle), Object(GuzzleHttp\Handler\CurlFactory))
#2 E:\xampp73\htdocs\filecroco\loader\vendor\guzzlehttp\guzzle\src\Handler\CurlMultiHandler.php(181): GuzzleHttp\Handler\CurlFactory::finish(Object(GuzzleHttp\Handler\CurlMultiHandler), Object(GuzzleHttp\Handler\EasyHandle), Object(GuzzleHttp\Handler\CurlFactory))
#3 E:\xampp73\htdocs\filecroco\loader\vendor\guzzlehttp\guzzle\src\Handler\CurlMultiHandler.php(110): GuzzleHttp\Handler\CurlMultiHandler->processMessages()
#4 E:\xampp73\htdocs\filecroco\loader\vendor\guzzlehttp\guzzle\src\Handler\CurlMultiHandler.php(125): GuzzleHttp\Handler\CurlMultiHandler->tick()
#5 E:\xampp73\htdocs\filecroco\loader\vendor\guzzlehttp\promises\src\Promise.php(246): GuzzleHttp\Handler\CurlMultiHandler->execute(true)
#6 E:\xampp73\htdocs\filecroco\loader\vendor\guzzlehttp\promises\src\Promise.php(223): GuzzleHttp\Promise\Promise->invokeWaitFn()
#7 E:\xampp73\htdocs\filecroco\loader\vendor\guzzlehttp\promises\src\Promise.php(267): GuzzleHttp\Promise\Promise->waitIfPending()
#8 E:\xampp73\htdocs\filecroco\loader\vendor\guzzlehttp\promises\src\Promise.php(225): GuzzleHttp\Promise\Promise->invokeWaitList()
#9 E:\xampp73\htdocs\filecroco\loader\vendor\guzzlehttp\promises\src\Promise.php(62): GuzzleHttp\Promise\Promise->waitIfPending()
#10 E:\xampp73\htdocs\filecroco\loader\vendor\guzzlehttp\promises\src\EachPromise.php(101): GuzzleHttp\Promise\Promise->wait()
#11 E:\xampp73\htdocs\filecroco\loader\vendor\guzzlehttp\promises\src\Promise.php(246): GuzzleHttp\Promise\EachPromise->GuzzleHttp\Promise\{closure}(true)
#12 E:\xampp73\htdocs\filecroco\loader\vendor\guzzlehttp\promises\src\Promise.php(223): GuzzleHttp\Promise\Promise->invokeWaitFn()
#13 E:\xampp73\htdocs\filecroco\loader\vendor\guzzlehttp\promises\src\Promise.php(62): GuzzleHttp\Promise\Promise->waitIfPending()
#14 E:\xampp73\htdocs\filecroco\loader\updatedownloadlink.php(95): GuzzleHttp\Promise\Promise->wait()
#15 {main}|954GuzzleHttp\Exception\RequestException: cURL error 56:  (see http://curl.haxx.se/libcurl/c/libcurl-errors.html) in E:\xampp73\htdocs\filecroco\loader\vendor\guzzlehttp\guzzle\src\Handler\CurlFactory.php:186
Stack trace:
#0 E:\xampp73\htdocs\filecroco\loader\vendor\guzzlehttp\guzzle\src\Handler\CurlFactory.php(149): GuzzleHttp\Handler\CurlFactory::createRejection(Object(GuzzleHttp\Handler\EasyHandle), Array)
#1 E:\xampp73\htdocs\filecroco\loader\vendor\guzzlehttp\guzzle\src\Handler\CurlFactory.php(102): GuzzleHttp\Handler\CurlFactory::finishError(Object(GuzzleHttp\Handler\CurlMultiHandler), Object(GuzzleHttp\Handler\EasyHandle), Object(GuzzleHttp\Handler\CurlFactory))
#2 E:\xampp73\htdocs\filecroco\loader\vendor\guzzlehttp\guzzle\src\Handler\CurlMultiHandler.php(181): GuzzleHttp\Handler\CurlFactory::finish(Object(GuzzleHttp\Handler\CurlMultiHandler), Object(GuzzleHttp\Handler\EasyHandle), Object(GuzzleHttp\Handler\CurlFactory))
#3 E:\xampp73\htdocs\filecroco\loader\vendor\guzzlehttp\guzzle\src\Handler\CurlMultiHandler.php(110): GuzzleHttp\Handler\CurlMultiHandler->processMessages()
#4 E:\xampp73\htdocs\filecroco\loader\vendor\guzzlehttp\guzzle\src\Handler\CurlMultiHandler.php(125): GuzzleHttp\Handler\CurlMultiHandler->tick()
#5 E:\xampp73\htdocs\filecroco\loader\vendor\guzzlehttp\promises\src\Promise.php(246): GuzzleHttp\Handler\CurlMultiHandler->execute(true)
#6 E:\xampp73\htdocs\filecroco\loader\vendor\guzzlehttp\promises\src\Promise.php(223): GuzzleHttp\Promise\Promise->invokeWaitFn()
#7 E:\xampp73\htdocs\filecroco\loader\vendor\guzzlehttp\promises\src\Promise.php(267): GuzzleHttp\Promise\Promise->waitIfPending()
#8 E:\xampp73\htdocs\filecroco\loader\vendor\guzzlehttp\promises\src\Promise.php(225): GuzzleHttp\Promise\Promise->invokeWaitList()
#9 E:\xampp73\htdocs\filecroco\loader\vendor\guzzlehttp\promises\src\Promise.php(62): GuzzleHttp\Promise\Promise->waitIfPending()
#10 E:\xampp73\htdocs\filecroco\loader\vendor\guzzlehttp\promises\src\EachPromise.php(101): GuzzleHttp\Promise\Promise->wait()
#11 E:\xampp73\htdocs\filecroco\loader\vendor\guzzlehttp\promises\src\Promise.php(246): GuzzleHttp\Promise\EachPromise->GuzzleHttp\Promise\{closure}(true)
#12 E:\xampp73\htdocs\filecroco\loader\vendor\guzzlehttp\promises\src\Promise.php(223): GuzzleHttp\Promise\Promise->invokeWaitFn()
#13 E:\xampp73\htdocs\filecroco\loader\vendor\guzzlehttp\promises\src\Promise.php(62): GuzzleHttp\Promise\Promise->waitIfPending()
#14 E:\xampp73\htdocs\filecroco\loader\updatedownloadlink.php(95): GuzzleHttp\Promise\Promise->wait()
#15 {main}|955GuzzleHttp\Exception\RequestException: cURL error 56:  (see http://curl.haxx.se/libcurl/c/libcurl-errors.html) in E:\xampp73\htdocs\filecroco\loader\vendor\guzzlehttp\guzzle\src\Handler\CurlFactory.php:186
Stack trace:
#0 E:\xampp73\htdocs\filecroco\loader\vendor\guzzlehttp\guzzle\src\Handler\CurlFactory.php(149): GuzzleHttp\Handler\CurlFactory::createRejection(Object(GuzzleHttp\Handler\EasyHandle), Array)
#1 E:\xampp73\htdocs\filecroco\loader\vendor\guzzlehttp\guzzle\src\Handler\CurlFactory.php(102): GuzzleHttp\Handler\CurlFactory::finishError(Object(GuzzleHttp\Handler\CurlMultiHandler), Object(GuzzleHttp\Handler\EasyHandle), Object(GuzzleHttp\Handler\CurlFactory))
#2 E:\xampp73\htdocs\filecroco\loader\vendor\guzzlehttp\guzzle\src\Handler\CurlMultiHandler.php(181): GuzzleHttp\Handler\CurlFactory::finish(Object(GuzzleHttp\Handler\CurlMultiHandler), Object(GuzzleHttp\Handler\EasyHandle), Object(GuzzleHttp\Handler\CurlFactory))
#3 E:\xampp73\htdocs\filecroco\loader\vendor\guzzlehttp\guzzle\src\Handler\CurlMultiHandler.php(110): GuzzleHttp\Handler\CurlMultiHandler->processMessages()
#4 E:\xampp73\htdocs\filecroco\loader\vendor\guzzlehttp\guzzle\src\Handler\CurlMultiHandler.php(125): GuzzleHttp\Handler\CurlMultiHandler->tick()
#5 E:\xampp73\htdocs\filecroco\loader\vendor\guzzlehttp\promises\src\Promise.php(246): GuzzleHttp\Handler\CurlMultiHandler->execute(true)
#6 E:\xampp73\htdocs\filecroco\loader\vendor\guzzlehttp\promises\src\Promise.php(223): GuzzleHttp\Promise\Promise->invokeWaitFn()
#7 E:\xampp73\htdocs\filecroco\loader\vendor\guzzlehttp\promises\src\Promise.php(267): GuzzleHttp\Promise\Promise->waitIfPending()
#8 E:\xampp73\htdocs\filecroco\loader\vendor\guzzlehttp\promises\src\Promise.php(225): GuzzleHttp\Promise\Promise->invokeWaitList()
#9 E:\xampp73\htdocs\filecroco\loader\vendor\guzzlehttp\promises\src\Promise.php(62): GuzzleHttp\Promise\Promise->waitIfPending()
#10 E:\xampp73\htdocs\filecroco\loader\vendor\guzzlehttp\promises\src\EachPromise.php(101): GuzzleHttp\Promise\Promise->wait()
#11 E:\xampp73\htdocs\filecroco\loader\vendor\guzzlehttp\promises\src\Promise.php(246): GuzzleHttp\Promise\EachPromise->GuzzleHttp\Promise\{closure}(true)
#12 E:\xampp73\htdocs\filecroco\loader\vendor\guzzlehttp\promises\src\Promise.php(223): GuzzleHttp\Promise\Promise->invokeWaitFn()
#13 E:\xampp73\htdocs\filecroco\loader\vendor\guzzlehttp\promises\src\Promise.php(62): GuzzleHttp\Promise\Promise->waitIfPending()
#14 E:\xampp73\htdocs\filecroco\loader\updatedownloadlink.php(95): GuzzleHttp\Promise\Promise->wait()
#15 {main}|956GuzzleHttp\Exception\RequestException: cURL error 56:  (see http://curl.haxx.se/libcurl/c/libcurl-errors.html) in E:\xampp73\htdocs\filecroco\loader\vendor\guzzlehttp\guzzle\src\Handler\CurlFactory.php:186
Stack trace:
#0 E:\xampp73\htdocs\filecroco\loader\vendor\guzzlehttp\guzzle\src\Handler\CurlFactory.php(149): GuzzleHttp\Handler\CurlFactory::createRejection(Object(GuzzleHttp\Handler\EasyHandle), Array)
#1 E:\xampp73\htdocs\filecroco\loader\vendor\guzzlehttp\guzzle\src\Handler\CurlFactory.php(102): GuzzleHttp\Handler\CurlFactory::finishError(Object(GuzzleHttp\Handler\CurlMultiHandler), Object(GuzzleHttp\Handler\EasyHandle), Object(GuzzleHttp\Handler\CurlFactory))
#2 E:\xampp73\htdocs\filecroco\loader\vendor\guzzlehttp\guzzle\src\Handler\CurlMultiHandler.php(181): GuzzleHttp\Handler\CurlFactory::finish(Object(GuzzleHttp\Handler\CurlMultiHandler), Object(GuzzleHttp\Handler\EasyHandle), Object(GuzzleHttp\Handler\CurlFactory))
#3 E:\xampp73\htdocs\filecroco\loader\vendor\guzzlehttp\guzzle\src\Handler\CurlMultiHandler.php(110): GuzzleHttp\Handler\CurlMultiHandler->processMessages()
#4 E:\xampp73\htdocs\filecroco\loader\vendor\guzzlehttp\guzzle\src\Handler\CurlMultiHandler.php(125): GuzzleHttp\Handler\CurlMultiHandler->tick()
#5 E:\xampp73\htdocs\filecroco\loader\vendor\guzzlehttp\promises\src\Promise.php(246): GuzzleHttp\Handler\CurlMultiHandler->execute(true)
#6 E:\xampp73\htdocs\filecroco\loader\vendor\guzzlehttp\promises\src\Promise.php(223): GuzzleHttp\Promise\Promise->invokeWaitFn()
#7 E:\xampp73\htdocs\filecroco\loader\vendor\guzzlehttp\promises\src\Promise.php(267): GuzzleHttp\Promise\Promise->waitIfPending()
#8 E:\xampp73\htdocs\filecroco\loader\vendor\guzzlehttp\promises\src\Promise.php(225): GuzzleHttp\Promise\Promise->invokeWaitList()
#9 E:\xampp73\htdocs\filecroco\loader\vendor\guzzlehttp\promises\src\Promise.php(62): GuzzleHttp\Promise\Promise->waitIfPending()
#10 E:\xampp73\htdocs\filecroco\loader\vendor\guzzlehttp\promises\src\EachPromise.php(101): GuzzleHttp\Promise\Promise->wait()
#11 E:\xampp73\htdocs\filecroco\loader\vendor\guzzlehttp\promises\src\Promise.php(246): GuzzleHttp\Promise\EachPromise->GuzzleHttp\Promise\{closure}(true)
#12 E:\xampp73\htdocs\filecroco\loader\vendor\guzzlehttp\promises\src\Promise.php(223): GuzzleHttp\Promise\Promise->invokeWaitFn()
#13 E:\xampp73\htdocs\filecroco\loader\vendor\guzzlehttp\promises\src\Promise.php(62): GuzzleHttp\Promise\Promise->waitIfPending()
#14 E:\xampp73\htdocs\filecroco\loader\updatedownloadlink.php(95): GuzzleHttp\Promise\Promise->wait()
#15 {main}|957GuzzleHttp\Exception\RequestException: cURL error 56:  (see http://curl.haxx.se/libcurl/c/libcurl-errors.html) in E:\xampp73\htdocs\filecroco\loader\vendor\guzzlehttp\guzzle\src\Handler\CurlFactory.php:186
Stack trace:
#0 E:\xampp73\htdocs\filecroco\loader\vendor\guzzlehttp\guzzle\src\Handler\CurlFactory.php(149): GuzzleHttp\Handler\CurlFactory::createRejection(Object(GuzzleHttp\Handler\EasyHandle), Array)
#1 E:\xampp73\htdocs\filecroco\loader\vendor\guzzlehttp\guzzle\src\Handler\CurlFactory.php(102): GuzzleHttp\Handler\CurlFactory::finishError(Object(GuzzleHttp\Handler\CurlMultiHandler), Object(GuzzleHttp\Handler\EasyHandle), Object(GuzzleHttp\Handler\CurlFactory))
#2 E:\xampp73\htdocs\filecroco\loader\vendor\guzzlehttp\guzzle\src\Handler\CurlMultiHandler.php(181): GuzzleHttp\Handler\CurlFactory::finish(Object(GuzzleHttp\Handler\CurlMultiHandler), Object(GuzzleHttp\Handler\EasyHandle), Object(GuzzleHttp\Handler\CurlFactory))
#3 E:\xampp73\htdocs\filecroco\loader\vendor\guzzlehttp\guzzle\src\Handler\CurlMultiHandler.php(110): GuzzleHttp\Handler\CurlMultiHandler->processMessages()
#4 E:\xampp73\htdocs\filecroco\loader\vendor\guzzlehttp\guzzle\src\Handler\CurlMultiHandler.php(125): GuzzleHttp\Handler\CurlMultiHandler->tick()
#5 E:\xampp73\htdocs\filecroco\loader\vendor\guzzlehttp\promises\src\Promise.php(246): GuzzleHttp\Handler\CurlMultiHandler->execute(true)
#6 E:\xampp73\htdocs\filecroco\loader\vendor\guzzlehttp\promises\src\Promise.php(223): GuzzleHttp\Promise\Promise->invokeWaitFn()
#7 E:\xampp73\htdocs\filecroco\loader\vendor\guzzlehttp\promises\src\Promise.php(267): GuzzleHttp\Promise\Promise->waitIfPending()
#8 E:\xampp73\htdocs\filecroco\loader\vendor\guzzlehttp\promises\src\Promise.php(225): GuzzleHttp\Promise\Promise->invokeWaitList()
#9 E:\xampp73\htdocs\filecroco\loader\vendor\guzzlehttp\promises\src\Promise.php(62): GuzzleHttp\Promise\Promise->waitIfPending()
#10 E:\xampp73\htdocs\filecroco\loader\vendor\guzzlehttp\promises\src\EachPromise.php(101): GuzzleHttp\Promise\Promise->wait()
#11 E:\xampp73\htdocs\filecroco\loader\vendor\guzzlehttp\promises\src\Promise.php(246): GuzzleHttp\Promise\EachPromise->GuzzleHttp\Promise\{closure}(true)
#12 E:\xampp73\htdocs\filecroco\loader\vendor\guzzlehttp\promises\src\Promise.php(223): GuzzleHttp\Promise\Promise->invokeWaitFn()
#13 E:\xampp73\htdocs\filecroco\loader\vendor\guzzlehttp\promises\src\Promise.php(62): GuzzleHttp\Promise\Promise->waitIfPending()
#14 E:\xampp73\htdocs\filecroco\loader\updatedownloadlink.php(95): GuzzleHttp\Promise\Promise->wait()
#15 {main}|958GuzzleHttp\Exception\RequestException: cURL error 56:  (see http://curl.haxx.se/libcurl/c/libcurl-errors.html) in E:\xampp73\htdocs\filecroco\loader\vendor\guzzlehttp\guzzle\src\Handler\CurlFactory.php:186
Stack trace:
#0 E:\xampp73\htdocs\filecroco\loader\vendor\guzzlehttp\guzzle\src\Handler\CurlFactory.php(149): GuzzleHttp\Handler\CurlFactory::createRejection(Object(GuzzleHttp\Handler\EasyHandle), Array)
#1 E:\xampp73\htdocs\filecroco\loader\vendor\guzzlehttp\guzzle\src\Handler\CurlFactory.php(102): GuzzleHttp\Handler\CurlFactory::finishError(Object(GuzzleHttp\Handler\CurlMultiHandler), Object(GuzzleHttp\Handler\EasyHandle), Object(GuzzleHttp\Handler\CurlFactory))
#2 E:\xampp73\htdocs\filecroco\loader\vendor\guzzlehttp\guzzle\src\Handler\CurlMultiHandler.php(181): GuzzleHttp\Handler\CurlFactory::finish(Object(GuzzleHttp\Handler\CurlMultiHandler), Object(GuzzleHttp\Handler\EasyHandle), Object(GuzzleHttp\Handler\CurlFactory))
#3 E:\xampp73\htdocs\filecroco\loader\vendor\guzzlehttp\guzzle\src\Handler\CurlMultiHandler.php(110): GuzzleHttp\Handler\CurlMultiHandler->processMessages()
#4 E:\xampp73\htdocs\filecroco\loader\vendor\guzzlehttp\guzzle\src\Handler\CurlMultiHandler.php(125): GuzzleHttp\Handler\CurlMultiHandler->tick()
#5 E:\xampp73\htdocs\filecroco\loader\vendor\guzzlehttp\promises\src\Promise.php(246): GuzzleHttp\Handler\CurlMultiHandler->execute(true)
#6 E:\xampp73\htdocs\filecroco\loader\vendor\guzzlehttp\promises\src\Promise.php(223): GuzzleHttp\Promise\Promise->invokeWaitFn()
#7 E:\xampp73\htdocs\filecroco\loader\vendor\guzzlehttp\promises\src\Promise.php(267): GuzzleHttp\Promise\Promise->waitIfPending()
#8 E:\xampp73\htdocs\filecroco\loader\vendor\guzzlehttp\promises\src\Promise.php(225): GuzzleHttp\Promise\Promise->invokeWaitList()
#9 E:\xampp73\htdocs\filecroco\loader\vendor\guzzlehttp\promises\src\Promise.php(62): GuzzleHttp\Promise\Promise->waitIfPending()
#10 E:\xampp73\htdocs\filecroco\loader\vendor\guzzlehttp\promises\src\EachPromise.php(101): GuzzleHttp\Promise\Promise->wait()
#11 E:\xampp73\htdocs\filecroco\loader\vendor\guzzlehttp\promises\src\Promise.php(246): GuzzleHttp\Promise\EachPromise->GuzzleHttp\Promise\{closure}(true)
#12 E:\xampp73\htdocs\filecroco\loader\vendor\guzzlehttp\promises\src\Promise.php(223): GuzzleHttp\Promise\Promise->invokeWaitFn()
#13 E:\xampp73\htdocs\filecroco\loader\vendor\guzzlehttp\promises\src\Promise.php(62): GuzzleHttp\Promise\Promise->waitIfPending()
#14 E:\xampp73\htdocs\filecroco\loader\updatedownloadlink.php(95): GuzzleHttp\Promise\Promise->wait()
#15 {main}|959GuzzleHttp\Exception\RequestException: cURL error 56:  (see http://curl.haxx.se/libcurl/c/libcurl-errors.html) in E:\xampp73\htdocs\filecroco\loader\vendor\guzzlehttp\guzzle\src\Handler\CurlFactory.php:186
Stack trace:
#0 E:\xampp73\htdocs\filecroco\loader\vendor\guzzlehttp\guzzle\src\Handler\CurlFactory.php(149): GuzzleHttp\Handler\CurlFactory::createRejection(Object(GuzzleHttp\Handler\EasyHandle), Array)
#1 E:\xampp73\htdocs\filecroco\loader\vendor\guzzlehttp\guzzle\src\Handler\CurlFactory.php(102): GuzzleHttp\Handler\CurlFactory::finishError(Object(GuzzleHttp\Handler\CurlMultiHandler), Object(GuzzleHttp\Handler\EasyHandle), Object(GuzzleHttp\Handler\CurlFactory))
#2 E:\xampp73\htdocs\filecroco\loader\vendor\guzzlehttp\guzzle\src\Handler\CurlMultiHandler.php(181): GuzzleHttp\Handler\CurlFactory::finish(Object(GuzzleHttp\Handler\CurlMultiHandler), Object(GuzzleHttp\Handler\EasyHandle), Object(GuzzleHttp\Handler\CurlFactory))
#3 E:\xampp73\htdocs\filecroco\loader\vendor\guzzlehttp\guzzle\src\Handler\CurlMultiHandler.php(110): GuzzleHttp\Handler\CurlMultiHandler->processMessages()
#4 E:\xampp73\htdocs\filecroco\loader\vendor\guzzlehttp\guzzle\src\Handler\CurlMultiHandler.php(125): GuzzleHttp\Handler\CurlMultiHandler->tick()
#5 E:\xampp73\htdocs\filecroco\loader\vendor\guzzlehttp\promises\src\Promise.php(246): GuzzleHttp\Handler\CurlMultiHandler->execute(true)
#6 E:\xampp73\htdocs\filecroco\loader\vendor\guzzlehttp\promises\src\Promise.php(223): GuzzleHttp\Promise\Promise->invokeWaitFn()
#7 E:\xampp73\htdocs\filecroco\loader\vendor\guzzlehttp\promises\src\Promise.php(267): GuzzleHttp\Promise\Promise->waitIfPending()
#8 E:\xampp73\htdocs\filecroco\loader\vendor\guzzlehttp\promises\src\Promise.php(225): GuzzleHttp\Promise\Promise->invokeWaitList()
#9 E:\xampp73\htdocs\filecroco\loader\vendor\guzzlehttp\promises\src\Promise.php(62): GuzzleHttp\Promise\Promise->waitIfPending()
#10 E:\xampp73\htdocs\filecroco\loader\vendor\guzzlehttp\promises\src\EachPromise.php(101): GuzzleHttp\Promise\Promise->wait()
#11 E:\xampp73\htdocs\filecroco\loader\vendor\guzzlehttp\promises\src\Promise.php(246): GuzzleHttp\Promise\EachPromise->GuzzleHttp\Promise\{closure}(true)
#12 E:\xampp73\htdocs\filecroco\loader\vendor\guzzlehttp\promises\src\Promise.php(223): GuzzleHttp\Promise\Promise->invokeWaitFn()
#13 E:\xampp73\htdocs\filecroco\loader\vendor\guzzlehttp\promises\src\Promise.php(62): GuzzleHttp\Promise\Promise->waitIfPending()
#14 E:\xampp73\htdocs\filecroco\loader\updatedownloadlink.php(95): GuzzleHttp\Promise\Promise->wait()
#15 {main}|960GuzzleHttp\Exception\RequestException: cURL error 56:  (see http://curl.haxx.se/libcurl/c/libcurl-errors.html) in E:\xampp73\htdocs\filecroco\loader\vendor\guzzlehttp\guzzle\src\Handler\CurlFactory.php:186
Stack trace:
#0 E:\xampp73\htdocs\filecroco\loader\vendor\guzzlehttp\guzzle\src\Handler\CurlFactory.php(149): GuzzleHttp\Handler\CurlFactory::createRejection(Object(GuzzleHttp\Handler\EasyHandle), Array)
#1 E:\xampp73\htdocs\filecroco\loader\vendor\guzzlehttp\guzzle\src\Handler\CurlFactory.php(102): GuzzleHttp\Handler\CurlFactory::finishError(Object(GuzzleHttp\Handler\CurlMultiHandler), Object(GuzzleHttp\Handler\EasyHandle), Object(GuzzleHttp\Handler\CurlFactory))
#2 E:\xampp73\htdocs\filecroco\loader\vendor\guzzlehttp\guzzle\src\Handler\CurlMultiHandler.php(181): GuzzleHttp\Handler\CurlFactory::finish(Object(GuzzleHttp\Handler\CurlMultiHandler), Object(GuzzleHttp\Handler\EasyHandle), Object(GuzzleHttp\Handler\CurlFactory))
#3 E:\xampp73\htdocs\filecroco\loader\vendor\guzzlehttp\guzzle\src\Handler\CurlMultiHandler.php(110): GuzzleHttp\Handler\CurlMultiHandler->processMessages()
#4 E:\xampp73\htdocs\filecroco\loader\vendor\guzzlehttp\guzzle\src\Handler\CurlMultiHandler.php(125): GuzzleHttp\Handler\CurlMultiHandler->tick()
#5 E:\xampp73\htdocs\filecroco\loader\vendor\guzzlehttp\promises\src\Promise.php(246): GuzzleHttp\Handler\CurlMultiHandler->execute(true)
#6 E:\xampp73\htdocs\filecroco\loader\vendor\guzzlehttp\promises\src\Promise.php(223): GuzzleHttp\Promise\Promise->invokeWaitFn()
#7 E:\xampp73\htdocs\filecroco\loader\vendor\guzzlehttp\promises\src\Promise.php(267): GuzzleHttp\Promise\Promise->waitIfPending()
#8 E:\xampp73\htdocs\filecroco\loader\vendor\guzzlehttp\promises\src\Promise.php(225): GuzzleHttp\Promise\Promise->invokeWaitList()
#9 E:\xampp73\htdocs\filecroco\loader\vendor\guzzlehttp\promises\src\Promise.php(62): GuzzleHttp\Promise\Promise->waitIfPending()
#10 E:\xampp73\htdocs\filecroco\loader\vendor\guzzlehttp\promises\src\EachPromise.php(101): GuzzleHttp\Promise\Promise->wait()
#11 E:\xampp73\htdocs\filecroco\loader\vendor\guzzlehttp\promises\src\Promise.php(246): GuzzleHttp\Promise\EachPromise->GuzzleHttp\Promise\{closure}(true)
#12 E:\xampp73\htdocs\filecroco\loader\vendor\guzzlehttp\promises\src\Promise.php(223): GuzzleHttp\Promise\Promise->invokeWaitFn()
#13 E:\xampp73\htdocs\filecroco\loader\vendor\guzzlehttp\promises\src\Promise.php(62): GuzzleHttp\Promise\Promise->waitIfPending()
#14 E:\xampp73\htdocs\filecroco\loader\updatedownloadlink.php(95): GuzzleHttp\Promise\Promise->wait()
#15 {main}|961GuzzleHttp\Exception\RequestException: cURL error 56:  (see http://curl.haxx.se/libcurl/c/libcurl-errors.html) in E:\xampp73\htdocs\filecroco\loader\vendor\guzzlehttp\guzzle\src\Handler\CurlFactory.php:186
Stack trace:
#0 E:\xampp73\htdocs\filecroco\loader\vendor\guzzlehttp\guzzle\src\Handler\CurlFactory.php(149): GuzzleHttp\Handler\CurlFactory::createRejection(Object(GuzzleHttp\Handler\EasyHandle), Array)
#1 E:\xampp73\htdocs\filecroco\loader\vendor\guzzlehttp\guzzle\src\Handler\CurlFactory.php(102): GuzzleHttp\Handler\CurlFactory::finishError(Object(GuzzleHttp\Handler\CurlMultiHandler), Object(GuzzleHttp\Handler\EasyHandle), Object(GuzzleHttp\Handler\CurlFactory))
#2 E:\xampp73\htdocs\filecroco\loader\vendor\guzzlehttp\guzzle\src\Handler\CurlMultiHandler.php(181): GuzzleHttp\Handler\CurlFactory::finish(Object(GuzzleHttp\Handler\CurlMultiHandler), Object(GuzzleHttp\Handler\EasyHandle), Object(GuzzleHttp\Handler\CurlFactory))
#3 E:\xampp73\htdocs\filecroco\loader\vendor\guzzlehttp\guzzle\src\Handler\CurlMultiHandler.php(110): GuzzleHttp\Handler\CurlMultiHandler->processMessages()
#4 E:\xampp73\htdocs\filecroco\loader\vendor\guzzlehttp\guzzle\src\Handler\CurlMultiHandler.php(125): GuzzleHttp\Handler\CurlMultiHandler->tick()
#5 E:\xampp73\htdocs\filecroco\loader\vendor\guzzlehttp\promises\src\Promise.php(246): GuzzleHttp\Handler\CurlMultiHandler->execute(true)
#6 E:\xampp73\htdocs\filecroco\loader\vendor\guzzlehttp\promises\src\Promise.php(223): GuzzleHttp\Promise\Promise->invokeWaitFn()
#7 E:\xampp73\htdocs\filecroco\loader\vendor\guzzlehttp\promises\src\Promise.php(267): GuzzleHttp\Promise\Promise->waitIfPending()
#8 E:\xampp73\htdocs\filecroco\loader\vendor\guzzlehttp\promises\src\Promise.php(225): GuzzleHttp\Promise\Promise->invokeWaitList()
#9 E:\xampp73\htdocs\filecroco\loader\vendor\guzzlehttp\promises\src\Promise.php(62): GuzzleHttp\Promise\Promise->waitIfPending()
#10 E:\xampp73\htdocs\filecroco\loader\vendor\guzzlehttp\promises\src\EachPromise.php(101): GuzzleHttp\Promise\Promise->wait()
#11 E:\xampp73\htdocs\filecroco\loader\vendor\guzzlehttp\promises\src\Promise.php(246): GuzzleHttp\Promise\EachPromise->GuzzleHttp\Promise\{closure}(true)
#12 E:\xampp73\htdocs\filecroco\loader\vendor\guzzlehttp\promises\src\Promise.php(223): GuzzleHttp\Promise\Promise->invokeWaitFn()
#13 E:\xampp73\htdocs\filecroco\loader\vendor\guzzlehttp\promises\src\Promise.php(62): GuzzleHttp\Promise\Promise->waitIfPending()
#14 E:\xampp73\htdocs\filecroco\loader\updatedownloadlink.php(95): GuzzleHttp\Promise\Promise->wait()
#15 {main}|962GuzzleHttp\Exception\RequestException: cURL error 56:  (see http://curl.haxx.se/libcurl/c/libcurl-errors.html) in E:\xampp73\htdocs\filecroco\loader\vendor\guzzlehttp\guzzle\src\Handler\CurlFactory.php:186
Stack trace:
#0 E:\xampp73\htdocs\filecroco\loader\vendor\guzzlehttp\guzzle\src\Handler\CurlFactory.php(149): GuzzleHttp\Handler\CurlFactory::createRejection(Object(GuzzleHttp\Handler\EasyHandle), Array)
#1 E:\xampp73\htdocs\filecroco\loader\vendor\guzzlehttp\guzzle\src\Handler\CurlFactory.php(102): GuzzleHttp\Handler\CurlFactory::finishError(Object(GuzzleHttp\Handler\CurlMultiHandler), Object(GuzzleHttp\Handler\EasyHandle), Object(GuzzleHttp\Handler\CurlFactory))
#2 E:\xampp73\htdocs\filecroco\loader\vendor\guzzlehttp\guzzle\src\Handler\CurlMultiHandler.php(181): GuzzleHttp\Handler\CurlFactory::finish(Object(GuzzleHttp\Handler\CurlMultiHandler), Object(GuzzleHttp\Handler\EasyHandle), Object(GuzzleHttp\Handler\CurlFactory))
#3 E:\xampp73\htdocs\filecroco\loader\vendor\guzzlehttp\guzzle\src\Handler\CurlMultiHandler.php(110): GuzzleHttp\Handler\CurlMultiHandler->processMessages()
#4 E:\xampp73\htdocs\filecroco\loader\vendor\guzzlehttp\guzzle\src\Handler\CurlMultiHandler.php(125): GuzzleHttp\Handler\CurlMultiHandler->tick()
#5 E:\xampp73\htdocs\filecroco\loader\vendor\guzzlehttp\promises\src\Promise.php(246): GuzzleHttp\Handler\CurlMultiHandler->execute(true)
#6 E:\xampp73\htdocs\filecroco\loader\vendor\guzzlehttp\promises\src\Promise.php(223): GuzzleHttp\Promise\Promise->invokeWaitFn()
#7 E:\xampp73\htdocs\filecroco\loader\vendor\guzzlehttp\promises\src\Promise.php(267): GuzzleHttp\Promise\Promise->waitIfPending()
#8 E:\xampp73\htdocs\filecroco\loader\vendor\guzzlehttp\promises\src\Promise.php(225): GuzzleHttp\Promise\Promise->invokeWaitList()
#9 E:\xampp73\htdocs\filecroco\loader\vendor\guzzlehttp\promises\src\Promise.php(62): GuzzleHttp\Promise\Promise->waitIfPending()
#10 E:\xampp73\htdocs\filecroco\loader\vendor\guzzlehttp\promises\src\EachPromise.php(101): GuzzleHttp\Promise\Promise->wait()
#11 E:\xampp73\htdocs\filecroco\loader\vendor\guzzlehttp\promises\src\Promise.php(246): GuzzleHttp\Promise\EachPromise->GuzzleHttp\Promise\{closure}(true)
#12 E:\xampp73\htdocs\filecroco\loader\vendor\guzzlehttp\promises\src\Promise.php(223): GuzzleHttp\Promise\Promise->invokeWaitFn()
#13 E:\xampp73\htdocs\filecroco\loader\vendor\guzzlehttp\promises\src\Promise.php(62): GuzzleHttp\Promise\Promise->waitIfPending()
#14 E:\xampp73\htdocs\filecroco\loader\updatedownloadlink.php(95): GuzzleHttp\Promise\Promise->wait()
#15 {main}|963GuzzleHttp\Exception\RequestException: cURL error 56:  (see http://curl.haxx.se/libcurl/c/libcurl-errors.html) in E:\xampp73\htdocs\filecroco\loader\vendor\guzzlehttp\guzzle\src\Handler\CurlFactory.php:186
Stack trace:
#0 E:\xampp73\htdocs\filecroco\loader\vendor\guzzlehttp\guzzle\src\Handler\CurlFactory.php(149): GuzzleHttp\Handler\CurlFactory::createRejection(Object(GuzzleHttp\Handler\EasyHandle), Array)
#1 E:\xampp73\htdocs\filecroco\loader\vendor\guzzlehttp\guzzle\src\Handler\CurlFactory.php(102): GuzzleHttp\Handler\CurlFactory::finishError(Object(GuzzleHttp\Handler\CurlMultiHandler), Object(GuzzleHttp\Handler\EasyHandle), Object(GuzzleHttp\Handler\CurlFactory))
#2 E:\xampp73\htdocs\filecroco\loader\vendor\guzzlehttp\guzzle\src\Handler\CurlMultiHandler.php(181): GuzzleHttp\Handler\CurlFactory::finish(Object(GuzzleHttp\Handler\CurlMultiHandler), Object(GuzzleHttp\Handler\EasyHandle), Object(GuzzleHttp\Handler\CurlFactory))
#3 E:\xampp73\htdocs\filecroco\loader\vendor\guzzlehttp\guzzle\src\Handler\CurlMultiHandler.php(110): GuzzleHttp\Handler\CurlMultiHandler->processMessages()
#4 E:\xampp73\htdocs\filecroco\loader\vendor\guzzlehttp\guzzle\src\Handler\CurlMultiHandler.php(125): GuzzleHttp\Handler\CurlMultiHandler->tick()
#5 E:\xampp73\htdocs\filecroco\loader\vendor\guzzlehttp\promises\src\Promise.php(246): GuzzleHttp\Handler\CurlMultiHandler->execute(true)
#6 E:\xampp73\htdocs\filecroco\loader\vendor\guzzlehttp\promises\src\Promise.php(223): GuzzleHttp\Promise\Promise->invokeWaitFn()
#7 E:\xampp73\htdocs\filecroco\loader\vendor\guzzlehttp\promises\src\Promise.php(267): GuzzleHttp\Promise\Promise->waitIfPending()
#8 E:\xampp73\htdocs\filecroco\loader\vendor\guzzlehttp\promises\src\Promise.php(225): GuzzleHttp\Promise\Promise->invokeWaitList()
#9 E:\xampp73\htdocs\filecroco\loader\vendor\guzzlehttp\promises\src\Promise.php(62): GuzzleHttp\Promise\Promise->waitIfPending()
#10 E:\xampp73\htdocs\filecroco\loader\vendor\guzzlehttp\promises\src\EachPromise.php(101): GuzzleHttp\Promise\Promise->wait()
#11 E:\xampp73\htdocs\filecroco\loader\vendor\guzzlehttp\promises\src\Promise.php(246): GuzzleHttp\Promise\EachPromise->GuzzleHttp\Promise\{closure}(true)
#12 E:\xampp73\htdocs\filecroco\loader\vendor\guzzlehttp\promises\src\Promise.php(223): GuzzleHttp\Promise\Promise->invokeWaitFn()
#13 E:\xampp73\htdocs\filecroco\loader\vendor\guzzlehttp\promises\src\Promise.php(62): GuzzleHttp\Promise\Promise->waitIfPending()
#14 E:\xampp73\htdocs\filecroco\loader\updatedownloadlink.php(95): GuzzleHttp\Promise\Promise->wait()
#15 {main}|964GuzzleHttp\Exception\RequestException: cURL error 56:  (see http://curl.haxx.se/libcurl/c/libcurl-errors.html) in E:\xampp73\htdocs\filecroco\loader\vendor\guzzlehttp\guzzle\src\Handler\CurlFactory.php:186
Stack trace:
#0 E:\xampp73\htdocs\filecroco\loader\vendor\guzzlehttp\guzzle\src\Handler\CurlFactory.php(149): GuzzleHttp\Handler\CurlFactory::createRejection(Object(GuzzleHttp\Handler\EasyHandle), Array)
#1 E:\xampp73\htdocs\filecroco\loader\vendor\guzzlehttp\guzzle\src\Handler\CurlFactory.php(102): GuzzleHttp\Handler\CurlFactory::finishError(Object(GuzzleHttp\Handler\CurlMultiHandler), Object(GuzzleHttp\Handler\EasyHandle), Object(GuzzleHttp\Handler\CurlFactory))
#2 E:\xampp73\htdocs\filecroco\loader\vendor\guzzlehttp\guzzle\src\Handler\CurlMultiHandler.php(181): GuzzleHttp\Handler\CurlFactory::finish(Object(GuzzleHttp\Handler\CurlMultiHandler), Object(GuzzleHttp\Handler\EasyHandle), Object(GuzzleHttp\Handler\CurlFactory))
#3 E:\xampp73\htdocs\filecroco\loader\vendor\guzzlehttp\guzzle\src\Handler\CurlMultiHandler.php(110): GuzzleHttp\Handler\CurlMultiHandler->processMessages()
#4 E:\xampp73\htdocs\filecroco\loader\vendor\guzzlehttp\guzzle\src\Handler\CurlMultiHandler.php(125): GuzzleHttp\Handler\CurlMultiHandler->tick()
#5 E:\xampp73\htdocs\filecroco\loader\vendor\guzzlehttp\promises\src\Promise.php(246): GuzzleHttp\Handler\CurlMultiHandler->execute(true)
#6 E:\xampp73\htdocs\filecroco\loader\vendor\guzzlehttp\promises\src\Promise.php(223): GuzzleHttp\Promise\Promise->invokeWaitFn()
#7 E:\xampp73\htdocs\filecroco\loader\vendor\guzzlehttp\promises\src\Promise.php(267): GuzzleHttp\Promise\Promise->waitIfPending()
#8 E:\xampp73\htdocs\filecroco\loader\vendor\guzzlehttp\promises\src\Promise.php(225): GuzzleHttp\Promise\Promise->invokeWaitList()
#9 E:\xampp73\htdocs\filecroco\loader\vendor\guzzlehttp\promises\src\Promise.php(62): GuzzleHttp\Promise\Promise->waitIfPending()
#10 E:\xampp73\htdocs\filecroco\loader\vendor\guzzlehttp\promises\src\EachPromise.php(101): GuzzleHttp\Promise\Promise->wait()
#11 E:\xampp73\htdocs\filecroco\loader\vendor\guzzlehttp\promises\src\Promise.php(246): GuzzleHttp\Promise\EachPromise->GuzzleHttp\Promise\{closure}(true)
#12 E:\xampp73\htdocs\filecroco\loader\vendor\guzzlehttp\promises\src\Promise.php(223): GuzzleHttp\Promise\Promise->invokeWaitFn()
#13 E:\xampp73\htdocs\filecroco\loader\vendor\guzzlehttp\promises\src\Promise.php(62): GuzzleHttp\Promise\Promise->waitIfPending()
#14 E:\xampp73\htdocs\filecroco\loader\updatedownloadlink.php(95): GuzzleHttp\Promise\Promise->wait()
#15 {main}|965GuzzleHttp\Exception\RequestException: cURL error 56:  (see http://curl.haxx.se/libcurl/c/libcurl-errors.html) in E:\xampp73\htdocs\filecroco\loader\vendor\guzzlehttp\guzzle\src\Handler\CurlFactory.php:186
Stack trace:
#0 E:\xampp73\htdocs\filecroco\loader\vendor\guzzlehttp\guzzle\src\Handler\CurlFactory.php(149): GuzzleHttp\Handler\CurlFactory::createRejection(Object(GuzzleHttp\Handler\EasyHandle), Array)
#1 E:\xampp73\htdocs\filecroco\loader\vendor\guzzlehttp\guzzle\src\Handler\CurlFactory.php(102): GuzzleHttp\Handler\CurlFactory::finishError(Object(GuzzleHttp\Handler\CurlMultiHandler), Object(GuzzleHttp\Handler\EasyHandle), Object(GuzzleHttp\Handler\CurlFactory))
#2 E:\xampp73\htdocs\filecroco\loader\vendor\guzzlehttp\guzzle\src\Handler\CurlMultiHandler.php(181): GuzzleHttp\Handler\CurlFactory::finish(Object(GuzzleHttp\Handler\CurlMultiHandler), Object(GuzzleHttp\Handler\EasyHandle), Object(GuzzleHttp\Handler\CurlFactory))
#3 E:\xampp73\htdocs\filecroco\loader\vendor\guzzlehttp\guzzle\src\Handler\CurlMultiHandler.php(110): GuzzleHttp\Handler\CurlMultiHandler->processMessages()
#4 E:\xampp73\htdocs\filecroco\loader\vendor\guzzlehttp\guzzle\src\Handler\CurlMultiHandler.php(125): GuzzleHttp\Handler\CurlMultiHandler->tick()
#5 E:\xampp73\htdocs\filecroco\loader\vendor\guzzlehttp\promises\src\Promise.php(246): GuzzleHttp\Handler\CurlMultiHandler->execute(true)
#6 E:\xampp73\htdocs\filecroco\loader\vendor\guzzlehttp\promises\src\Promise.php(223): GuzzleHttp\Promise\Promise->invokeWaitFn()
#7 E:\xampp73\htdocs\filecroco\loader\vendor\guzzlehttp\promises\src\Promise.php(267): GuzzleHttp\Promise\Promise->waitIfPending()
#8 E:\xampp73\htdocs\filecroco\loader\vendor\guzzlehttp\promises\src\Promise.php(225): GuzzleHttp\Promise\Promise->invokeWaitList()
#9 E:\xampp73\htdocs\filecroco\loader\vendor\guzzlehttp\promises\src\Promise.php(62): GuzzleHttp\Promise\Promise->waitIfPending()
#10 E:\xampp73\htdocs\filecroco\loader\vendor\guzzlehttp\promises\src\EachPromise.php(101): GuzzleHttp\Promise\Promise->wait()
#11 E:\xampp73\htdocs\filecroco\loader\vendor\guzzlehttp\promises\src\Promise.php(246): GuzzleHttp\Promise\EachPromise->GuzzleHttp\Promise\{closure}(true)
#12 E:\xampp73\htdocs\filecroco\loader\vendor\guzzlehttp\promises\src\Promise.php(223): GuzzleHttp\Promise\Promise->invokeWaitFn()
#13 E:\xampp73\htdocs\filecroco\loader\vendor\guzzlehttp\promises\src\Promise.php(62): GuzzleHttp\Promise\Promise->waitIfPending()
#14 E:\xampp73\htdocs\filecroco\loader\updatedownloadlink.php(95): GuzzleHttp\Promise\Promise->wait()
#15 {main}|966GuzzleHttp\Exception\RequestException: cURL error 56:  (see http://curl.haxx.se/libcurl/c/libcurl-errors.html) in E:\xampp73\htdocs\filecroco\loader\vendor\guzzlehttp\guzzle\src\Handler\CurlFactory.php:186
Stack trace:
#0 E:\xampp73\htdocs\filecroco\loader\vendor\guzzlehttp\guzzle\src\Handler\CurlFactory.php(149): GuzzleHttp\Handler\CurlFactory::createRejection(Object(GuzzleHttp\Handler\EasyHandle), Array)
#1 E:\xampp73\htdocs\filecroco\loader\vendor\guzzlehttp\guzzle\src\Handler\CurlFactory.php(102): GuzzleHttp\Handler\CurlFactory::finishError(Object(GuzzleHttp\Handler\CurlMultiHandler), Object(GuzzleHttp\Handler\EasyHandle), Object(GuzzleHttp\Handler\CurlFactory))
#2 E:\xampp73\htdocs\filecroco\loader\vendor\guzzlehttp\guzzle\src\Handler\CurlMultiHandler.php(181): GuzzleHttp\Handler\CurlFactory::finish(Object(GuzzleHttp\Handler\CurlMultiHandler), Object(GuzzleHttp\Handler\EasyHandle), Object(GuzzleHttp\Handler\CurlFactory))
#3 E:\xampp73\htdocs\filecroco\loader\vendor\guzzlehttp\guzzle\src\Handler\CurlMultiHandler.php(110): GuzzleHttp\Handler\CurlMultiHandler->processMessages()
#4 E:\xampp73\htdocs\filecroco\loader\vendor\guzzlehttp\guzzle\src\Handler\CurlMultiHandler.php(125): GuzzleHttp\Handler\CurlMultiHandler->tick()
#5 E:\xampp73\htdocs\filecroco\loader\vendor\guzzlehttp\promises\src\Promise.php(246): GuzzleHttp\Handler\CurlMultiHandler->execute(true)
#6 E:\xampp73\htdocs\filecroco\loader\vendor\guzzlehttp\promises\src\Promise.php(223): GuzzleHttp\Promise\Promise->invokeWaitFn()
#7 E:\xampp73\htdocs\filecroco\loader\vendor\guzzlehttp\promises\src\Promise.php(267): GuzzleHttp\Promise\Promise->waitIfPending()
#8 E:\xampp73\htdocs\filecroco\loader\vendor\guzzlehttp\promises\src\Promise.php(225): GuzzleHttp\Promise\Promise->invokeWaitList()
#9 E:\xampp73\htdocs\filecroco\loader\vendor\guzzlehttp\promises\src\Promise.php(62): GuzzleHttp\Promise\Promise->waitIfPending()
#10 E:\xampp73\htdocs\filecroco\loader\vendor\guzzlehttp\promises\src\EachPromise.php(101): GuzzleHttp\Promise\Promise->wait()
#11 E:\xampp73\htdocs\filecroco\loader\vendor\guzzlehttp\promises\src\Promise.php(246): GuzzleHttp\Promise\EachPromise->GuzzleHttp\Promise\{closure}(true)
#12 E:\xampp73\htdocs\filecroco\loader\vendor\guzzlehttp\promises\src\Promise.php(223): GuzzleHttp\Promise\Promise->invokeWaitFn()
#13 E:\xampp73\htdocs\filecroco\loader\vendor\guzzlehttp\promises\src\Promise.php(62): GuzzleHttp\Promise\Promise->waitIfPending()
#14 E:\xampp73\htdocs\filecroco\loader\updatedownloadlink.php(95): GuzzleHttp\Promise\Promise->wait()
#15 {main}|967GuzzleHttp\Exception\RequestException: cURL error 56:  (see http://curl.haxx.se/libcurl/c/libcurl-errors.html) in E:\xampp73\htdocs\filecroco\loader\vendor\guzzlehttp\guzzle\src\Handler\CurlFactory.php:186
Stack trace:
#0 E:\xampp73\htdocs\filecroco\loader\vendor\guzzlehttp\guzzle\src\Handler\CurlFactory.php(149): GuzzleHttp\Handler\CurlFactory::createRejection(Object(GuzzleHttp\Handler\EasyHandle), Array)
#1 E:\xampp73\htdocs\filecroco\loader\vendor\guzzlehttp\guzzle\src\Handler\CurlFactory.php(102): GuzzleHttp\Handler\CurlFactory::finishError(Object(GuzzleHttp\Handler\CurlMultiHandler), Object(GuzzleHttp\Handler\EasyHandle), Object(GuzzleHttp\Handler\CurlFactory))
#2 E:\xampp73\htdocs\filecroco\loader\vendor\guzzlehttp\guzzle\src\Handler\CurlMultiHandler.php(181): GuzzleHttp\Handler\CurlFactory::finish(Object(GuzzleHttp\Handler\CurlMultiHandler), Object(GuzzleHttp\Handler\EasyHandle), Object(GuzzleHttp\Handler\CurlFactory))
#3 E:\xampp73\htdocs\filecroco\loader\vendor\guzzlehttp\guzzle\src\Handler\CurlMultiHandler.php(110): GuzzleHttp\Handler\CurlMultiHandler->processMessages()
#4 E:\xampp73\htdocs\filecroco\loader\vendor\guzzlehttp\guzzle\src\Handler\CurlMultiHandler.php(125): GuzzleHttp\Handler\CurlMultiHandler->tick()
#5 E:\xampp73\htdocs\filecroco\loader\vendor\guzzlehttp\promises\src\Promise.php(246): GuzzleHttp\Handler\CurlMultiHandler->execute(true)
#6 E:\xampp73\htdocs\filecroco\loader\vendor\guzzlehttp\promises\src\Promise.php(223): GuzzleHttp\Promise\Promise->invokeWaitFn()
#7 E:\xampp73\htdocs\filecroco\loader\vendor\guzzlehttp\promises\src\Promise.php(267): GuzzleHttp\Promise\Promise->waitIfPending()
#8 E:\xampp73\htdocs\filecroco\loader\vendor\guzzlehttp\promises\src\Promise.php(225): GuzzleHttp\Promise\Promise->invokeWaitList()
#9 E:\xampp73\htdocs\filecroco\loader\vendor\guzzlehttp\promises\src\Promise.php(62): GuzzleHttp\Promise\Promise->waitIfPending()
#10 E:\xampp73\htdocs\filecroco\loader\vendor\guzzlehttp\promises\src\EachPromise.php(101): GuzzleHttp\Promise\Promise->wait()
#11 E:\xampp73\htdocs\filecroco\loader\vendor\guzzlehttp\promises\src\Promise.php(246): GuzzleHttp\Promise\EachPromise->GuzzleHttp\Promise\{closure}(true)
#12 E:\xampp73\htdocs\filecroco\loader\vendor\guzzlehttp\promises\src\Promise.php(223): GuzzleHttp\Promise\Promise->invokeWaitFn()
#13 E:\xampp73\htdocs\filecroco\loader\vendor\guzzlehttp\promises\src\Promise.php(62): GuzzleHttp\Promise\Promise->waitIfPending()
#14 E:\xampp73\htdocs\filecroco\loader\updatedownloadlink.php(95): GuzzleHttp\Promise\Promise->wait()
#15 {main}|968GuzzleHttp\Exception\RequestException: cURL error 56:  (see http://curl.haxx.se/libcurl/c/libcurl-errors.html) in E:\xampp73\htdocs\filecroco\loader\vendor\guzzlehttp\guzzle\src\Handler\CurlFactory.php:186
Stack trace:
#0 E:\xampp73\htdocs\filecroco\loader\vendor\guzzlehttp\guzzle\src\Handler\CurlFactory.php(149): GuzzleHttp\Handler\CurlFactory::createRejection(Object(GuzzleHttp\Handler\EasyHandle), Array)
#1 E:\xampp73\htdocs\filecroco\loader\vendor\guzzlehttp\guzzle\src\Handler\CurlFactory.php(102): GuzzleHttp\Handler\CurlFactory::finishError(Object(GuzzleHttp\Handler\CurlMultiHandler), Object(GuzzleHttp\Handler\EasyHandle), Object(GuzzleHttp\Handler\CurlFactory))
#2 E:\xampp73\htdocs\filecroco\loader\vendor\guzzlehttp\guzzle\src\Handler\CurlMultiHandler.php(181): GuzzleHttp\Handler\CurlFactory::finish(Object(GuzzleHttp\Handler\CurlMultiHandler), Object(GuzzleHttp\Handler\EasyHandle), Object(GuzzleHttp\Handler\CurlFactory))
#3 E:\xampp73\htdocs\filecroco\loader\vendor\guzzlehttp\guzzle\src\Handler\CurlMultiHandler.php(110): GuzzleHttp\Handler\CurlMultiHandler->processMessages()
#4 E:\xampp73\htdocs\filecroco\loader\vendor\guzzlehttp\guzzle\src\Handler\CurlMultiHandler.php(125): GuzzleHttp\Handler\CurlMultiHandler->tick()
#5 E:\xampp73\htdocs\filecroco\loader\vendor\guzzlehttp\promises\src\Promise.php(246): GuzzleHttp\Handler\CurlMultiHandler->execute(true)
#6 E:\xampp73\htdocs\filecroco\loader\vendor\guzzlehttp\promises\src\Promise.php(223): GuzzleHttp\Promise\Promise->invokeWaitFn()
#7 E:\xampp73\htdocs\filecroco\loader\vendor\guzzlehttp\promises\src\Promise.php(267): GuzzleHttp\Promise\Promise->waitIfPending()
#8 E:\xampp73\htdocs\filecroco\loader\vendor\guzzlehttp\promises\src\Promise.php(225): GuzzleHttp\Promise\Promise->invokeWaitList()
#9 E:\xampp73\htdocs\filecroco\loader\vendor\guzzlehttp\promises\src\Promise.php(62): GuzzleHttp\Promise\Promise->waitIfPending()
#10 E:\xampp73\htdocs\filecroco\loader\vendor\guzzlehttp\promises\src\EachPromise.php(101): GuzzleHttp\Promise\Promise->wait()
#11 E:\xampp73\htdocs\filecroco\loader\vendor\guzzlehttp\promises\src\Promise.php(246): GuzzleHttp\Promise\EachPromise->GuzzleHttp\Promise\{closure}(true)
#12 E:\xampp73\htdocs\filecroco\loader\vendor\guzzlehttp\promises\src\Promise.php(223): GuzzleHttp\Promise\Promise->invokeWaitFn()
#13 E:\xampp73\htdocs\filecroco\loader\vendor\guzzlehttp\promises\src\Promise.php(62): GuzzleHttp\Promise\Promise->waitIfPending()
#14 E:\xampp73\htdocs\filecroco\loader\updatedownloadlink.php(95): GuzzleHttp\Promise\Promise->wait()
#15 {main}|969GuzzleHttp\Exception\RequestException: cURL error 56:  (see http://curl.haxx.se/libcurl/c/libcurl-errors.html) in E:\xampp73\htdocs\filecroco\loader\vendor\guzzlehttp\guzzle\src\Handler\CurlFactory.php:186
Stack trace:
#0 E:\xampp73\htdocs\filecroco\loader\vendor\guzzlehttp\guzzle\src\Handler\CurlFactory.php(149): GuzzleHttp\Handler\CurlFactory::createRejection(Object(GuzzleHttp\Handler\EasyHandle), Array)
#1 E:\xampp73\htdocs\filecroco\loader\vendor\guzzlehttp\guzzle\src\Handler\CurlFactory.php(102): GuzzleHttp\Handler\CurlFactory::finishError(Object(GuzzleHttp\Handler\CurlMultiHandler), Object(GuzzleHttp\Handler\EasyHandle), Object(GuzzleHttp\Handler\CurlFactory))
#2 E:\xampp73\htdocs\filecroco\loader\vendor\guzzlehttp\guzzle\src\Handler\CurlMultiHandler.php(181): GuzzleHttp\Handler\CurlFactory::finish(Object(GuzzleHttp\Handler\CurlMultiHandler), Object(GuzzleHttp\Handler\EasyHandle), Object(GuzzleHttp\Handler\CurlFactory))
#3 E:\xampp73\htdocs\filecroco\loader\vendor\guzzlehttp\guzzle\src\Handler\CurlMultiHandler.php(110): GuzzleHttp\Handler\CurlMultiHandler->processMessages()
#4 E:\xampp73\htdocs\filecroco\loader\vendor\guzzlehttp\guzzle\src\Handler\CurlMultiHandler.php(125): GuzzleHttp\Handler\CurlMultiHandler->tick()
#5 E:\xampp73\htdocs\filecroco\loader\vendor\guzzlehttp\promises\src\Promise.php(246): GuzzleHttp\Handler\CurlMultiHandler->execute(true)
#6 E:\xampp73\htdocs\filecroco\loader\vendor\guzzlehttp\promises\src\Promise.php(223): GuzzleHttp\Promise\Promise->invokeWaitFn()
#7 E:\xampp73\htdocs\filecroco\loader\vendor\guzzlehttp\promises\src\Promise.php(267): GuzzleHttp\Promise\Promise->waitIfPending()
#8 E:\xampp73\htdocs\filecroco\loader\vendor\guzzlehttp\promises\src\Promise.php(225): GuzzleHttp\Promise\Promise->invokeWaitList()
#9 E:\xampp73\htdocs\filecroco\loader\vendor\guzzlehttp\promises\src\Promise.php(62): GuzzleHttp\Promise\Promise->waitIfPending()
#10 E:\xampp73\htdocs\filecroco\loader\vendor\guzzlehttp\promises\src\EachPromise.php(101): GuzzleHttp\Promise\Promise->wait()
#11 E:\xampp73\htdocs\filecroco\loader\vendor\guzzlehttp\promises\src\Promise.php(246): GuzzleHttp\Promise\EachPromise->GuzzleHttp\Promise\{closure}(true)
#12 E:\xampp73\htdocs\filecroco\loader\vendor\guzzlehttp\promises\src\Promise.php(223): GuzzleHttp\Promise\Promise->invokeWaitFn()
#13 E:\xampp73\htdocs\filecroco\loader\vendor\guzzlehttp\promises\src\Promise.php(62): GuzzleHttp\Promise\Promise->waitIfPending()
#14 E:\xampp73\htdocs\filecroco\loader\updatedownloadlink.php(95): GuzzleHttp\Promise\Promise->wait()
#15 {main}|970GuzzleHttp\Exception\RequestException: cURL error 56:  (see http://curl.haxx.se/libcurl/c/libcurl-errors.html) in E:\xampp73\htdocs\filecroco\loader\vendor\guzzlehttp\guzzle\src\Handler\CurlFactory.php:186
Stack trace:
#0 E:\xampp73\htdocs\filecroco\loader\vendor\guzzlehttp\guzzle\src\Handler\CurlFactory.php(149): GuzzleHttp\Handler\CurlFactory::createRejection(Object(GuzzleHttp\Handler\EasyHandle), Array)
#1 E:\xampp73\htdocs\filecroco\loader\vendor\guzzlehttp\guzzle\src\Handler\CurlFactory.php(102): GuzzleHttp\Handler\CurlFactory::finishError(Object(GuzzleHttp\Handler\CurlMultiHandler), Object(GuzzleHttp\Handler\EasyHandle), Object(GuzzleHttp\Handler\CurlFactory))
#2 E:\xampp73\htdocs\filecroco\loader\vendor\guzzlehttp\guzzle\src\Handler\CurlMultiHandler.php(181): GuzzleHttp\Handler\CurlFactory::finish(Object(GuzzleHttp\Handler\CurlMultiHandler), Object(GuzzleHttp\Handler\EasyHandle), Object(GuzzleHttp\Handler\CurlFactory))
#3 E:\xampp73\htdocs\filecroco\loader\vendor\guzzlehttp\guzzle\src\Handler\CurlMultiHandler.php(110): GuzzleHttp\Handler\CurlMultiHandler->processMessages()
#4 E:\xampp73\htdocs\filecroco\loader\vendor\guzzlehttp\guzzle\src\Handler\CurlMultiHandler.php(125): GuzzleHttp\Handler\CurlMultiHandler->tick()
#5 E:\xampp73\htdocs\filecroco\loader\vendor\guzzlehttp\promises\src\Promise.php(246): GuzzleHttp\Handler\CurlMultiHandler->execute(true)
#6 E:\xampp73\htdocs\filecroco\loader\vendor\guzzlehttp\promises\src\Promise.php(223): GuzzleHttp\Promise\Promise->invokeWaitFn()
#7 E:\xampp73\htdocs\filecroco\loader\vendor\guzzlehttp\promises\src\Promise.php(267): GuzzleHttp\Promise\Promise->waitIfPending()
#8 E:\xampp73\htdocs\filecroco\loader\vendor\guzzlehttp\promises\src\Promise.php(225): GuzzleHttp\Promise\Promise->invokeWaitList()
#9 E:\xampp73\htdocs\filecroco\loader\vendor\guzzlehttp\promises\src\Promise.php(62): GuzzleHttp\Promise\Promise->waitIfPending()
#10 E:\xampp73\htdocs\filecroco\loader\vendor\guzzlehttp\promises\src\EachPromise.php(101): GuzzleHttp\Promise\Promise->wait()
#11 E:\xampp73\htdocs\filecroco\loader\vendor\guzzlehttp\promises\src\Promise.php(246): GuzzleHttp\Promise\EachPromise->GuzzleHttp\Promise\{closure}(true)
#12 E:\xampp73\htdocs\filecroco\loader\vendor\guzzlehttp\promises\src\Promise.php(223): GuzzleHttp\Promise\Promise->invokeWaitFn()
#13 E:\xampp73\htdocs\filecroco\loader\vendor\guzzlehttp\promises\src\Promise.php(62): GuzzleHttp\Promise\Promise->waitIfPending()
#14 E:\xampp73\htdocs\filecroco\loader\updatedownloadlink.php(95): GuzzleHttp\Promise\Promise->wait()
#15 {main}|971GuzzleHttp\Exception\RequestException: cURL error 56:  (see http://curl.haxx.se/libcurl/c/libcurl-errors.html) in E:\xampp73\htdocs\filecroco\loader\vendor\guzzlehttp\guzzle\src\Handler\CurlFactory.php:186
Stack trace:
#0 E:\xampp73\htdocs\filecroco\loader\vendor\guzzlehttp\guzzle\src\Handler\CurlFactory.php(149): GuzzleHttp\Handler\CurlFactory::createRejection(Object(GuzzleHttp\Handler\EasyHandle), Array)
#1 E:\xampp73\htdocs\filecroco\loader\vendor\guzzlehttp\guzzle\src\Handler\CurlFactory.php(102): GuzzleHttp\Handler\CurlFactory::finishError(Object(GuzzleHttp\Handler\CurlMultiHandler), Object(GuzzleHttp\Handler\EasyHandle), Object(GuzzleHttp\Handler\CurlFactory))
#2 E:\xampp73\htdocs\filecroco\loader\vendor\guzzlehttp\guzzle\src\Handler\CurlMultiHandler.php(181): GuzzleHttp\Handler\CurlFactory::finish(Object(GuzzleHttp\Handler\CurlMultiHandler), Object(GuzzleHttp\Handler\EasyHandle), Object(GuzzleHttp\Handler\CurlFactory))
#3 E:\xampp73\htdocs\filecroco\loader\vendor\guzzlehttp\guzzle\src\Handler\CurlMultiHandler.php(110): GuzzleHttp\Handler\CurlMultiHandler->processMessages()
#4 E:\xampp73\htdocs\filecroco\loader\vendor\guzzlehttp\guzzle\src\Handler\CurlMultiHandler.php(125): GuzzleHttp\Handler\CurlMultiHandler->tick()
#5 E:\xampp73\htdocs\filecroco\loader\vendor\guzzlehttp\promises\src\Promise.php(246): GuzzleHttp\Handler\CurlMultiHandler->execute(true)
#6 E:\xampp73\htdocs\filecroco\loader\vendor\guzzlehttp\promises\src\Promise.php(223): GuzzleHttp\Promise\Promise->invokeWaitFn()
#7 E:\xampp73\htdocs\filecroco\loader\vendor\guzzlehttp\promises\src\Promise.php(267): GuzzleHttp\Promise\Promise->waitIfPending()
#8 E:\xampp73\htdocs\filecroco\loader\vendor\guzzlehttp\promises\src\Promise.php(225): GuzzleHttp\Promise\Promise->invokeWaitList()
#9 E:\xampp73\htdocs\filecroco\loader\vendor\guzzlehttp\promises\src\Promise.php(62): GuzzleHttp\Promise\Promise->waitIfPending()
#10 E:\xampp73\htdocs\filecroco\loader\vendor\guzzlehttp\promises\src\EachPromise.php(101): GuzzleHttp\Promise\Promise->wait()
#11 E:\xampp73\htdocs\filecroco\loader\vendor\guzzlehttp\promises\src\Promise.php(246): GuzzleHttp\Promise\EachPromise->GuzzleHttp\Promise\{closure}(true)
#12 E:\xampp73\htdocs\filecroco\loader\vendor\guzzlehttp\promises\src\Promise.php(223): GuzzleHttp\Promise\Promise->invokeWaitFn()
#13 E:\xampp73\htdocs\filecroco\loader\vendor\guzzlehttp\promises\src\Promise.php(62): GuzzleHttp\Promise\Promise->waitIfPending()
#14 E:\xampp73\htdocs\filecroco\loader\updatedownloadlink.php(95): GuzzleHttp\Promise\Promise->wait()
#15 {main}|972GuzzleHttp\Exception\RequestException: cURL error 56:  (see http://curl.haxx.se/libcurl/c/libcurl-errors.html) in E:\xampp73\htdocs\filecroco\loader\vendor\guzzlehttp\guzzle\src\Handler\CurlFactory.php:186
Stack trace:
#0 E:\xampp73\htdocs\filecroco\loader\vendor\guzzlehttp\guzzle\src\Handler\CurlFactory.php(149): GuzzleHttp\Handler\CurlFactory::createRejection(Object(GuzzleHttp\Handler\EasyHandle), Array)
#1 E:\xampp73\htdocs\filecroco\loader\vendor\guzzlehttp\guzzle\src\Handler\CurlFactory.php(102): GuzzleHttp\Handler\CurlFactory::finishError(Object(GuzzleHttp\Handler\CurlMultiHandler), Object(GuzzleHttp\Handler\EasyHandle), Object(GuzzleHttp\Handler\CurlFactory))
#2 E:\xampp73\htdocs\filecroco\loader\vendor\guzzlehttp\guzzle\src\Handler\CurlMultiHandler.php(181): GuzzleHttp\Handler\CurlFactory::finish(Object(GuzzleHttp\Handler\CurlMultiHandler), Object(GuzzleHttp\Handler\EasyHandle), Object(GuzzleHttp\Handler\CurlFactory))
#3 E:\xampp73\htdocs\filecroco\loader\vendor\guzzlehttp\guzzle\src\Handler\CurlMultiHandler.php(110): GuzzleHttp\Handler\CurlMultiHandler->processMessages()
#4 E:\xampp73\htdocs\filecroco\loader\vendor\guzzlehttp\guzzle\src\Handler\CurlMultiHandler.php(125): GuzzleHttp\Handler\CurlMultiHandler->tick()
#5 E:\xampp73\htdocs\filecroco\loader\vendor\guzzlehttp\promises\src\Promise.php(246): GuzzleHttp\Handler\CurlMultiHandler->execute(true)
#6 E:\xampp73\htdocs\filecroco\loader\vendor\guzzlehttp\promises\src\Promise.php(223): GuzzleHttp\Promise\Promise->invokeWaitFn()
#7 E:\xampp73\htdocs\filecroco\loader\vendor\guzzlehttp\promises\src\Promise.php(267): GuzzleHttp\Promise\Promise->waitIfPending()
#8 E:\xampp73\htdocs\filecroco\loader\vendor\guzzlehttp\promises\src\Promise.php(225): GuzzleHttp\Promise\Promise->invokeWaitList()
#9 E:\xampp73\htdocs\filecroco\loader\vendor\guzzlehttp\promises\src\Promise.php(62): GuzzleHttp\Promise\Promise->waitIfPending()
#10 E:\xampp73\htdocs\filecroco\loader\vendor\guzzlehttp\promises\src\EachPromise.php(101): GuzzleHttp\Promise\Promise->wait()
#11 E:\xampp73\htdocs\filecroco\loader\vendor\guzzlehttp\promises\src\Promise.php(246): GuzzleHttp\Promise\EachPromise->GuzzleHttp\Promise\{closure}(true)
#12 E:\xampp73\htdocs\filecroco\loader\vendor\guzzlehttp\promises\src\Promise.php(223): GuzzleHttp\Promise\Promise->invokeWaitFn()
#13 E:\xampp73\htdocs\filecroco\loader\vendor\guzzlehttp\promises\src\Promise.php(62): GuzzleHttp\Promise\Promise->waitIfPending()
#14 E:\xampp73\htdocs\filecroco\loader\updatedownloadlink.php(95): GuzzleHttp\Promise\Promise->wait()
#15 {main}|973GuzzleHttp\Exception\RequestException: cURL error 56:  (see http://curl.haxx.se/libcurl/c/libcurl-errors.html) in E:\xampp73\htdocs\filecroco\loader\vendor\guzzlehttp\guzzle\src\Handler\CurlFactory.php:186
Stack trace:
#0 E:\xampp73\htdocs\filecroco\loader\vendor\guzzlehttp\guzzle\src\Handler\CurlFactory.php(149): GuzzleHttp\Handler\CurlFactory::createRejection(Object(GuzzleHttp\Handler\EasyHandle), Array)
#1 E:\xampp73\htdocs\filecroco\loader\vendor\guzzlehttp\guzzle\src\Handler\CurlFactory.php(102): GuzzleHttp\Handler\CurlFactory::finishError(Object(GuzzleHttp\Handler\CurlMultiHandler), Object(GuzzleHttp\Handler\EasyHandle), Object(GuzzleHttp\Handler\CurlFactory))
#2 E:\xampp73\htdocs\filecroco\loader\vendor\guzzlehttp\guzzle\src\Handler\CurlMultiHandler.php(181): GuzzleHttp\Handler\CurlFactory::finish(Object(GuzzleHttp\Handler\CurlMultiHandler), Object(GuzzleHttp\Handler\EasyHandle), Object(GuzzleHttp\Handler\CurlFactory))
#3 E:\xampp73\htdocs\filecroco\loader\vendor\guzzlehttp\guzzle\src\Handler\CurlMultiHandler.php(110): GuzzleHttp\Handler\CurlMultiHandler->processMessages()
#4 E:\xampp73\htdocs\filecroco\loader\vendor\guzzlehttp\guzzle\src\Handler\CurlMultiHandler.php(125): GuzzleHttp\Handler\CurlMultiHandler->tick()
#5 E:\xampp73\htdocs\filecroco\loader\vendor\guzzlehttp\promises\src\Promise.php(246): GuzzleHttp\Handler\CurlMultiHandler->execute(true)
#6 E:\xampp73\htdocs\filecroco\loader\vendor\guzzlehttp\promises\src\Promise.php(223): GuzzleHttp\Promise\Promise->invokeWaitFn()
#7 E:\xampp73\htdocs\filecroco\loader\vendor\guzzlehttp\promises\src\Promise.php(267): GuzzleHttp\Promise\Promise->waitIfPending()
#8 E:\xampp73\htdocs\filecroco\loader\vendor\guzzlehttp\promises\src\Promise.php(225): GuzzleHttp\Promise\Promise->invokeWaitList()
#9 E:\xampp73\htdocs\filecroco\loader\vendor\guzzlehttp\promises\src\Promise.php(62): GuzzleHttp\Promise\Promise->waitIfPending()
#10 E:\xampp73\htdocs\filecroco\loader\vendor\guzzlehttp\promises\src\EachPromise.php(101): GuzzleHttp\Promise\Promise->wait()
#11 E:\xampp73\htdocs\filecroco\loader\vendor\guzzlehttp\promises\src\Promise.php(246): GuzzleHttp\Promise\EachPromise->GuzzleHttp\Promise\{closure}(true)
#12 E:\xampp73\htdocs\filecroco\loader\vendor\guzzlehttp\promises\src\Promise.php(223): GuzzleHttp\Promise\Promise->invokeWaitFn()
#13 E:\xampp73\htdocs\filecroco\loader\vendor\guzzlehttp\promises\src\Promise.php(62): GuzzleHttp\Promise\Promise->waitIfPending()
#14 E:\xampp73\htdocs\filecroco\loader\updatedownloadlink.php(95): GuzzleHttp\Promise\Promise->wait()
#15 {main}|974GuzzleHttp\Exception\RequestException: cURL error 56:  (see http://curl.haxx.se/libcurl/c/libcurl-errors.html) in E:\xampp73\htdocs\filecroco\loader\vendor\guzzlehttp\guzzle\src\Handler\CurlFactory.php:186
Stack trace:
#0 E:\xampp73\htdocs\filecroco\loader\vendor\guzzlehttp\guzzle\src\Handler\CurlFactory.php(149): GuzzleHttp\Handler\CurlFactory::createRejection(Object(GuzzleHttp\Handler\EasyHandle), Array)
#1 E:\xampp73\htdocs\filecroco\loader\vendor\guzzlehttp\guzzle\src\Handler\CurlFactory.php(102): GuzzleHttp\Handler\CurlFactory::finishError(Object(GuzzleHttp\Handler\CurlMultiHandler), Object(GuzzleHttp\Handler\EasyHandle), Object(GuzzleHttp\Handler\CurlFactory))
#2 E:\xampp73\htdocs\filecroco\loader\vendor\guzzlehttp\guzzle\src\Handler\CurlMultiHandler.php(181): GuzzleHttp\Handler\CurlFactory::finish(Object(GuzzleHttp\Handler\CurlMultiHandler), Object(GuzzleHttp\Handler\EasyHandle), Object(GuzzleHttp\Handler\CurlFactory))
#3 E:\xampp73\htdocs\filecroco\loader\vendor\guzzlehttp\guzzle\src\Handler\CurlMultiHandler.php(110): GuzzleHttp\Handler\CurlMultiHandler->processMessages()
#4 E:\xampp73\htdocs\filecroco\loader\vendor\guzzlehttp\guzzle\src\Handler\CurlMultiHandler.php(125): GuzzleHttp\Handler\CurlMultiHandler->tick()
#5 E:\xampp73\htdocs\filecroco\loader\vendor\guzzlehttp\promises\src\Promise.php(246): GuzzleHttp\Handler\CurlMultiHandler->execute(true)
#6 E:\xampp73\htdocs\filecroco\loader\vendor\guzzlehttp\promises\src\Promise.php(223): GuzzleHttp\Promise\Promise->invokeWaitFn()
#7 E:\xampp73\htdocs\filecroco\loader\vendor\guzzlehttp\promises\src\Promise.php(267): GuzzleHttp\Promise\Promise->waitIfPending()
#8 E:\xampp73\htdocs\filecroco\loader\vendor\guzzlehttp\promises\src\Promise.php(225): GuzzleHttp\Promise\Promise->invokeWaitList()
#9 E:\xampp73\htdocs\filecroco\loader\vendor\guzzlehttp\promises\src\Promise.php(62): GuzzleHttp\Promise\Promise->waitIfPending()
#10 E:\xampp73\htdocs\filecroco\loader\vendor\guzzlehttp\promises\src\EachPromise.php(101): GuzzleHttp\Promise\Promise->wait()
#11 E:\xampp73\htdocs\filecroco\loader\vendor\guzzlehttp\promises\src\Promise.php(246): GuzzleHttp\Promise\EachPromise->GuzzleHttp\Promise\{closure}(true)
#12 E:\xampp73\htdocs\filecroco\loader\vendor\guzzlehttp\promises\src\Promise.php(223): GuzzleHttp\Promise\Promise->invokeWaitFn()
#13 E:\xampp73\htdocs\filecroco\loader\vendor\guzzlehttp\promises\src\Promise.php(62): GuzzleHttp\Promise\Promise->waitIfPending()
#14 E:\xampp73\htdocs\filecroco\loader\updatedownloadlink.php(95): GuzzleHttp\Promise\Promise->wait()
#15 {main}|975GuzzleHttp\Exception\RequestException: cURL error 56:  (see http://curl.haxx.se/libcurl/c/libcurl-errors.html) in E:\xampp73\htdocs\filecroco\loader\vendor\guzzlehttp\guzzle\src\Handler\CurlFactory.php:186
Stack trace:
#0 E:\xampp73\htdocs\filecroco\loader\vendor\guzzlehttp\guzzle\src\Handler\CurlFactory.php(149): GuzzleHttp\Handler\CurlFactory::createRejection(Object(GuzzleHttp\Handler\EasyHandle), Array)
#1 E:\xampp73\htdocs\filecroco\loader\vendor\guzzlehttp\guzzle\src\Handler\CurlFactory.php(102): GuzzleHttp\Handler\CurlFactory::finishError(Object(GuzzleHttp\Handler\CurlMultiHandler), Object(GuzzleHttp\Handler\EasyHandle), Object(GuzzleHttp\Handler\CurlFactory))
#2 E:\xampp73\htdocs\filecroco\loader\vendor\guzzlehttp\guzzle\src\Handler\CurlMultiHandler.php(181): GuzzleHttp\Handler\CurlFactory::finish(Object(GuzzleHttp\Handler\CurlMultiHandler), Object(GuzzleHttp\Handler\EasyHandle), Object(GuzzleHttp\Handler\CurlFactory))
#3 E:\xampp73\htdocs\filecroco\loader\vendor\guzzlehttp\guzzle\src\Handler\CurlMultiHandler.php(110): GuzzleHttp\Handler\CurlMultiHandler->processMessages()
#4 E:\xampp73\htdocs\filecroco\loader\vendor\guzzlehttp\guzzle\src\Handler\CurlMultiHandler.php(125): GuzzleHttp\Handler\CurlMultiHandler->tick()
#5 E:\xampp73\htdocs\filecroco\loader\vendor\guzzlehttp\promises\src\Promise.php(246): GuzzleHttp\Handler\CurlMultiHandler->execute(true)
#6 E:\xampp73\htdocs\filecroco\loader\vendor\guzzlehttp\promises\src\Promise.php(223): GuzzleHttp\Promise\Promise->invokeWaitFn()
#7 E:\xampp73\htdocs\filecroco\loader\vendor\guzzlehttp\promises\src\Promise.php(267): GuzzleHttp\Promise\Promise->waitIfPending()
#8 E:\xampp73\htdocs\filecroco\loader\vendor\guzzlehttp\promises\src\Promise.php(225): GuzzleHttp\Promise\Promise->invokeWaitList()
#9 E:\xampp73\htdocs\filecroco\loader\vendor\guzzlehttp\promises\src\Promise.php(62): GuzzleHttp\Promise\Promise->waitIfPending()
#10 E:\xampp73\htdocs\filecroco\loader\vendor\guzzlehttp\promises\src\EachPromise.php(101): GuzzleHttp\Promise\Promise->wait()
#11 E:\xampp73\htdocs\filecroco\loader\vendor\guzzlehttp\promises\src\Promise.php(246): GuzzleHttp\Promise\EachPromise->GuzzleHttp\Promise\{closure}(true)
#12 E:\xampp73\htdocs\filecroco\loader\vendor\guzzlehttp\promises\src\Promise.php(223): GuzzleHttp\Promise\Promise->invokeWaitFn()
#13 E:\xampp73\htdocs\filecroco\loader\vendor\guzzlehttp\promises\src\Promise.php(62): GuzzleHttp\Promise\Promise->waitIfPending()
#14 E:\xampp73\htdocs\filecroco\loader\updatedownloadlink.php(95): GuzzleHttp\Promise\Promise->wait()
#15 {main}|976GuzzleHttp\Exception\RequestException: cURL error 56:  (see http://curl.haxx.se/libcurl/c/libcurl-errors.html) in E:\xampp73\htdocs\filecroco\loader\vendor\guzzlehttp\guzzle\src\Handler\CurlFactory.php:186
Stack trace:
#0 E:\xampp73\htdocs\filecroco\loader\vendor\guzzlehttp\guzzle\src\Handler\CurlFactory.php(149): GuzzleHttp\Handler\CurlFactory::createRejection(Object(GuzzleHttp\Handler\EasyHandle), Array)
#1 E:\xampp73\htdocs\filecroco\loader\vendor\guzzlehttp\guzzle\src\Handler\CurlFactory.php(102): GuzzleHttp\Handler\CurlFactory::finishError(Object(GuzzleHttp\Handler\CurlMultiHandler), Object(GuzzleHttp\Handler\EasyHandle), Object(GuzzleHttp\Handler\CurlFactory))
#2 E:\xampp73\htdocs\filecroco\loader\vendor\guzzlehttp\guzzle\src\Handler\CurlMultiHandler.php(181): GuzzleHttp\Handler\CurlFactory::finish(Object(GuzzleHttp\Handler\CurlMultiHandler), Object(GuzzleHttp\Handler\EasyHandle), Object(GuzzleHttp\Handler\CurlFactory))
#3 E:\xampp73\htdocs\filecroco\loader\vendor\guzzlehttp\guzzle\src\Handler\CurlMultiHandler.php(110): GuzzleHttp\Handler\CurlMultiHandler->processMessages()
#4 E:\xampp73\htdocs\filecroco\loader\vendor\guzzlehttp\guzzle\src\Handler\CurlMultiHandler.php(125): GuzzleHttp\Handler\CurlMultiHandler->tick()
#5 E:\xampp73\htdocs\filecroco\loader\vendor\guzzlehttp\promises\src\Promise.php(246): GuzzleHttp\Handler\CurlMultiHandler->execute(true)
#6 E:\xampp73\htdocs\filecroco\loader\vendor\guzzlehttp\promises\src\Promise.php(223): GuzzleHttp\Promise\Promise->invokeWaitFn()
#7 E:\xampp73\htdocs\filecroco\loader\vendor\guzzlehttp\promises\src\Promise.php(267): GuzzleHttp\Promise\Promise->waitIfPending()
#8 E:\xampp73\htdocs\filecroco\loader\vendor\guzzlehttp\promises\src\Promise.php(225): GuzzleHttp\Promise\Promise->invokeWaitList()
#9 E:\xampp73\htdocs\filecroco\loader\vendor\guzzlehttp\promises\src\Promise.php(62): GuzzleHttp\Promise\Promise->waitIfPending()
#10 E:\xampp73\htdocs\filecroco\loader\vendor\guzzlehttp\promises\src\EachPromise.php(101): GuzzleHttp\Promise\Promise->wait()
#11 E:\xampp73\htdocs\filecroco\loader\vendor\guzzlehttp\promises\src\Promise.php(246): GuzzleHttp\Promise\EachPromise->GuzzleHttp\Promise\{closure}(true)
#12 E:\xampp73\htdocs\filecroco\loader\vendor\guzzlehttp\promises\src\Promise.php(223): GuzzleHttp\Promise\Promise->invokeWaitFn()
#13 E:\xampp73\htdocs\filecroco\loader\vendor\guzzlehttp\promises\src\Promise.php(62): GuzzleHttp\Promise\Promise->waitIfPending()
#14 E:\xampp73\htdocs\filecroco\loader\updatedownloadlink.php(95): GuzzleHttp\Promise\Promise->wait()
#15 {main}|977GuzzleHttp\Exception\RequestException: cURL error 56:  (see http://curl.haxx.se/libcurl/c/libcurl-errors.html) in E:\xampp73\htdocs\filecroco\loader\vendor\guzzlehttp\guzzle\src\Handler\CurlFactory.php:186
Stack trace:
#0 E:\xampp73\htdocs\filecroco\loader\vendor\guzzlehttp\guzzle\src\Handler\CurlFactory.php(149): GuzzleHttp\Handler\CurlFactory::createRejection(Object(GuzzleHttp\Handler\EasyHandle), Array)
#1 E:\xampp73\htdocs\filecroco\loader\vendor\guzzlehttp\guzzle\src\Handler\CurlFactory.php(102): GuzzleHttp\Handler\CurlFactory::finishError(Object(GuzzleHttp\Handler\CurlMultiHandler), Object(GuzzleHttp\Handler\EasyHandle), Object(GuzzleHttp\Handler\CurlFactory))
#2 E:\xampp73\htdocs\filecroco\loader\vendor\guzzlehttp\guzzle\src\Handler\CurlMultiHandler.php(181): GuzzleHttp\Handler\CurlFactory::finish(Object(GuzzleHttp\Handler\CurlMultiHandler), Object(GuzzleHttp\Handler\EasyHandle), Object(GuzzleHttp\Handler\CurlFactory))
#3 E:\xampp73\htdocs\filecroco\loader\vendor\guzzlehttp\guzzle\src\Handler\CurlMultiHandler.php(110): GuzzleHttp\Handler\CurlMultiHandler->processMessages()
#4 E:\xampp73\htdocs\filecroco\loader\vendor\guzzlehttp\guzzle\src\Handler\CurlMultiHandler.php(125): GuzzleHttp\Handler\CurlMultiHandler->tick()
#5 E:\xampp73\htdocs\filecroco\loader\vendor\guzzlehttp\promises\src\Promise.php(246): GuzzleHttp\Handler\CurlMultiHandler->execute(true)
#6 E:\xampp73\htdocs\filecroco\loader\vendor\guzzlehttp\promises\src\Promise.php(223): GuzzleHttp\Promise\Promise->invokeWaitFn()
#7 E:\xampp73\htdocs\filecroco\loader\vendor\guzzlehttp\promises\src\Promise.php(267): GuzzleHttp\Promise\Promise->waitIfPending()
#8 E:\xampp73\htdocs\filecroco\loader\vendor\guzzlehttp\promises\src\Promise.php(225): GuzzleHttp\Promise\Promise->invokeWaitList()
#9 E:\xampp73\htdocs\filecroco\loader\vendor\guzzlehttp\promises\src\Promise.php(62): GuzzleHttp\Promise\Promise->waitIfPending()
#10 E:\xampp73\htdocs\filecroco\loader\vendor\guzzlehttp\promises\src\EachPromise.php(101): GuzzleHttp\Promise\Promise->wait()
#11 E:\xampp73\htdocs\filecroco\loader\vendor\guzzlehttp\promises\src\Promise.php(246): GuzzleHttp\Promise\EachPromise->GuzzleHttp\Promise\{closure}(true)
#12 E:\xampp73\htdocs\filecroco\loader\vendor\guzzlehttp\promises\src\Promise.php(223): GuzzleHttp\Promise\Promise->invokeWaitFn()
#13 E:\xampp73\htdocs\filecroco\loader\vendor\guzzlehttp\promises\src\Promise.php(62): GuzzleHttp\Promise\Promise->waitIfPending()
#14 E:\xampp73\htdocs\filecroco\loader\updatedownloadlink.php(95): GuzzleHttp\Promise\Promise->wait()
#15 {main}|978GuzzleHttp\Exception\RequestException: cURL error 56:  (see http://curl.haxx.se/libcurl/c/libcurl-errors.html) in E:\xampp73\htdocs\filecroco\loader\vendor\guzzlehttp\guzzle\src\Handler\CurlFactory.php:186
Stack trace:
#0 E:\xampp73\htdocs\filecroco\loader\vendor\guzzlehttp\guzzle\src\Handler\CurlFactory.php(149): GuzzleHttp\Handler\CurlFactory::createRejection(Object(GuzzleHttp\Handler\EasyHandle), Array)
#1 E:\xampp73\htdocs\filecroco\loader\vendor\guzzlehttp\guzzle\src\Handler\CurlFactory.php(102): GuzzleHttp\Handler\CurlFactory::finishError(Object(GuzzleHttp\Handler\CurlMultiHandler), Object(GuzzleHttp\Handler\EasyHandle), Object(GuzzleHttp\Handler\CurlFactory))
#2 E:\xampp73\htdocs\filecroco\loader\vendor\guzzlehttp\guzzle\src\Handler\CurlMultiHandler.php(181): GuzzleHttp\Handler\CurlFactory::finish(Object(GuzzleHttp\Handler\CurlMultiHandler), Object(GuzzleHttp\Handler\EasyHandle), Object(GuzzleHttp\Handler\CurlFactory))
#3 E:\xampp73\htdocs\filecroco\loader\vendor\guzzlehttp\guzzle\src\Handler\CurlMultiHandler.php(110): GuzzleHttp\Handler\CurlMultiHandler->processMessages()
#4 E:\xampp73\htdocs\filecroco\loader\vendor\guzzlehttp\guzzle\src\Handler\CurlMultiHandler.php(125): GuzzleHttp\Handler\CurlMultiHandler->tick()
#5 E:\xampp73\htdocs\filecroco\loader\vendor\guzzlehttp\promises\src\Promise.php(246): GuzzleHttp\Handler\CurlMultiHandler->execute(true)
#6 E:\xampp73\htdocs\filecroco\loader\vendor\guzzlehttp\promises\src\Promise.php(223): GuzzleHttp\Promise\Promise->invokeWaitFn()
#7 E:\xampp73\htdocs\filecroco\loader\vendor\guzzlehttp\promises\src\Promise.php(267): GuzzleHttp\Promise\Promise->waitIfPending()
#8 E:\xampp73\htdocs\filecroco\loader\vendor\guzzlehttp\promises\src\Promise.php(225): GuzzleHttp\Promise\Promise->invokeWaitList()
#9 E:\xampp73\htdocs\filecroco\loader\vendor\guzzlehttp\promises\src\Promise.php(62): GuzzleHttp\Promise\Promise->waitIfPending()
#10 E:\xampp73\htdocs\filecroco\loader\vendor\guzzlehttp\promises\src\EachPromise.php(101): GuzzleHttp\Promise\Promise->wait()
#11 E:\xampp73\htdocs\filecroco\loader\vendor\guzzlehttp\promises\src\Promise.php(246): GuzzleHttp\Promise\EachPromise->GuzzleHttp\Promise\{closure}(true)
#12 E:\xampp73\htdocs\filecroco\loader\vendor\guzzlehttp\promises\src\Promise.php(223): GuzzleHttp\Promise\Promise->invokeWaitFn()
#13 E:\xampp73\htdocs\filecroco\loader\vendor\guzzlehttp\promises\src\Promise.php(62): GuzzleHttp\Promise\Promise->waitIfPending()
#14 E:\xampp73\htdocs\filecroco\loader\updatedownloadlink.php(95): GuzzleHttp\Promise\Promise->wait()
#15 {main}|979GuzzleHttp\Exception\RequestException: cURL error 56:  (see http://curl.haxx.se/libcurl/c/libcurl-errors.html) in E:\xampp73\htdocs\filecroco\loader\vendor\guzzlehttp\guzzle\src\Handler\CurlFactory.php:186
Stack trace:
#0 E:\xampp73\htdocs\filecroco\loader\vendor\guzzlehttp\guzzle\src\Handler\CurlFactory.php(149): GuzzleHttp\Handler\CurlFactory::createRejection(Object(GuzzleHttp\Handler\EasyHandle), Array)
#1 E:\xampp73\htdocs\filecroco\loader\vendor\guzzlehttp\guzzle\src\Handler\CurlFactory.php(102): GuzzleHttp\Handler\CurlFactory::finishError(Object(GuzzleHttp\Handler\CurlMultiHandler), Object(GuzzleHttp\Handler\EasyHandle), Object(GuzzleHttp\Handler\CurlFactory))
#2 E:\xampp73\htdocs\filecroco\loader\vendor\guzzlehttp\guzzle\src\Handler\CurlMultiHandler.php(181): GuzzleHttp\Handler\CurlFactory::finish(Object(GuzzleHttp\Handler\CurlMultiHandler), Object(GuzzleHttp\Handler\EasyHandle), Object(GuzzleHttp\Handler\CurlFactory))
#3 E:\xampp73\htdocs\filecroco\loader\vendor\guzzlehttp\guzzle\src\Handler\CurlMultiHandler.php(110): GuzzleHttp\Handler\CurlMultiHandler->processMessages()
#4 E:\xampp73\htdocs\filecroco\loader\vendor\guzzlehttp\guzzle\src\Handler\CurlMultiHandler.php(125): GuzzleHttp\Handler\CurlMultiHandler->tick()
#5 E:\xampp73\htdocs\filecroco\loader\vendor\guzzlehttp\promises\src\Promise.php(246): GuzzleHttp\Handler\CurlMultiHandler->execute(true)
#6 E:\xampp73\htdocs\filecroco\loader\vendor\guzzlehttp\promises\src\Promise.php(223): GuzzleHttp\Promise\Promise->invokeWaitFn()
#7 E:\xampp73\htdocs\filecroco\loader\vendor\guzzlehttp\promises\src\Promise.php(267): GuzzleHttp\Promise\Promise->waitIfPending()
#8 E:\xampp73\htdocs\filecroco\loader\vendor\guzzlehttp\promises\src\Promise.php(225): GuzzleHttp\Promise\Promise->invokeWaitList()
#9 E:\xampp73\htdocs\filecroco\loader\vendor\guzzlehttp\promises\src\Promise.php(62): GuzzleHttp\Promise\Promise->waitIfPending()
#10 E:\xampp73\htdocs\filecroco\loader\vendor\guzzlehttp\promises\src\EachPromise.php(101): GuzzleHttp\Promise\Promise->wait()
#11 E:\xampp73\htdocs\filecroco\loader\vendor\guzzlehttp\promises\src\Promise.php(246): GuzzleHttp\Promise\EachPromise->GuzzleHttp\Promise\{closure}(true)
#12 E:\xampp73\htdocs\filecroco\loader\vendor\guzzlehttp\promises\src\Promise.php(223): GuzzleHttp\Promise\Promise->invokeWaitFn()
#13 E:\xampp73\htdocs\filecroco\loader\vendor\guzzlehttp\promises\src\Promise.php(62): GuzzleHttp\Promise\Promise->waitIfPending()
#14 E:\xampp73\htdocs\filecroco\loader\updatedownloadlink.php(95): GuzzleHttp\Promise\Promise->wait()
#15 {main}|980GuzzleHttp\Exception\RequestException: cURL error 56:  (see http://curl.haxx.se/libcurl/c/libcurl-errors.html) in E:\xampp73\htdocs\filecroco\loader\vendor\guzzlehttp\guzzle\src\Handler\CurlFactory.php:186
Stack trace:
#0 E:\xampp73\htdocs\filecroco\loader\vendor\guzzlehttp\guzzle\src\Handler\CurlFactory.php(149): GuzzleHttp\Handler\CurlFactory::createRejection(Object(GuzzleHttp\Handler\EasyHandle), Array)
#1 E:\xampp73\htdocs\filecroco\loader\vendor\guzzlehttp\guzzle\src\Handler\CurlFactory.php(102): GuzzleHttp\Handler\CurlFactory::finishError(Object(GuzzleHttp\Handler\CurlMultiHandler), Object(GuzzleHttp\Handler\EasyHandle), Object(GuzzleHttp\Handler\CurlFactory))
#2 E:\xampp73\htdocs\filecroco\loader\vendor\guzzlehttp\guzzle\src\Handler\CurlMultiHandler.php(181): GuzzleHttp\Handler\CurlFactory::finish(Object(GuzzleHttp\Handler\CurlMultiHandler), Object(GuzzleHttp\Handler\EasyHandle), Object(GuzzleHttp\Handler\CurlFactory))
#3 E:\xampp73\htdocs\filecroco\loader\vendor\guzzlehttp\guzzle\src\Handler\CurlMultiHandler.php(110): GuzzleHttp\Handler\CurlMultiHandler->processMessages()
#4 E:\xampp73\htdocs\filecroco\loader\vendor\guzzlehttp\guzzle\src\Handler\CurlMultiHandler.php(125): GuzzleHttp\Handler\CurlMultiHandler->tick()
#5 E:\xampp73\htdocs\filecroco\loader\vendor\guzzlehttp\promises\src\Promise.php(246): GuzzleHttp\Handler\CurlMultiHandler->execute(true)
#6 E:\xampp73\htdocs\filecroco\loader\vendor\guzzlehttp\promises\src\Promise.php(223): GuzzleHttp\Promise\Promise->invokeWaitFn()
#7 E:\xampp73\htdocs\filecroco\loader\vendor\guzzlehttp\promises\src\Promise.php(267): GuzzleHttp\Promise\Promise->waitIfPending()
#8 E:\xampp73\htdocs\filecroco\loader\vendor\guzzlehttp\promises\src\Promise.php(225): GuzzleHttp\Promise\Promise->invokeWaitList()
#9 E:\xampp73\htdocs\filecroco\loader\vendor\guzzlehttp\promises\src\Promise.php(62): GuzzleHttp\Promise\Promise->waitIfPending()
#10 E:\xampp73\htdocs\filecroco\loader\vendor\guzzlehttp\promises\src\EachPromise.php(101): GuzzleHttp\Promise\Promise->wait()
#11 E:\xampp73\htdocs\filecroco\loader\vendor\guzzlehttp\promises\src\Promise.php(246): GuzzleHttp\Promise\EachPromise->GuzzleHttp\Promise\{closure}(true)
#12 E:\xampp73\htdocs\filecroco\loader\vendor\guzzlehttp\promises\src\Promise.php(223): GuzzleHttp\Promise\Promise->invokeWaitFn()
#13 E:\xampp73\htdocs\filecroco\loader\vendor\guzzlehttp\promises\src\Promise.php(62): GuzzleHttp\Promise\Promise->waitIfPending()
#14 E:\xampp73\htdocs\filecroco\loader\updatedownloadlink.php(95): GuzzleHttp\Promise\Promise->wait()
#15 {main}|981GuzzleHttp\Exception\RequestException: cURL error 56:  (see http://curl.haxx.se/libcurl/c/libcurl-errors.html) in E:\xampp73\htdocs\filecroco\loader\vendor\guzzlehttp\guzzle\src\Handler\CurlFactory.php:186
Stack trace:
#0 E:\xampp73\htdocs\filecroco\loader\vendor\guzzlehttp\guzzle\src\Handler\CurlFactory.php(149): GuzzleHttp\Handler\CurlFactory::createRejection(Object(GuzzleHttp\Handler\EasyHandle), Array)
#1 E:\xampp73\htdocs\filecroco\loader\vendor\guzzlehttp\guzzle\src\Handler\CurlFactory.php(102): GuzzleHttp\Handler\CurlFactory::finishError(Object(GuzzleHttp\Handler\CurlMultiHandler), Object(GuzzleHttp\Handler\EasyHandle), Object(GuzzleHttp\Handler\CurlFactory))
#2 E:\xampp73\htdocs\filecroco\loader\vendor\guzzlehttp\guzzle\src\Handler\CurlMultiHandler.php(181): GuzzleHttp\Handler\CurlFactory::finish(Object(GuzzleHttp\Handler\CurlMultiHandler), Object(GuzzleHttp\Handler\EasyHandle), Object(GuzzleHttp\Handler\CurlFactory))
#3 E:\xampp73\htdocs\filecroco\loader\vendor\guzzlehttp\guzzle\src\Handler\CurlMultiHandler.php(110): GuzzleHttp\Handler\CurlMultiHandler->processMessages()
#4 E:\xampp73\htdocs\filecroco\loader\vendor\guzzlehttp\guzzle\src\Handler\CurlMultiHandler.php(125): GuzzleHttp\Handler\CurlMultiHandler->tick()
#5 E:\xampp73\htdocs\filecroco\loader\vendor\guzzlehttp\promises\src\Promise.php(246): GuzzleHttp\Handler\CurlMultiHandler->execute(true)
#6 E:\xampp73\htdocs\filecroco\loader\vendor\guzzlehttp\promises\src\Promise.php(223): GuzzleHttp\Promise\Promise->invokeWaitFn()
#7 E:\xampp73\htdocs\filecroco\loader\vendor\guzzlehttp\promises\src\Promise.php(267): GuzzleHttp\Promise\Promise->waitIfPending()
#8 E:\xampp73\htdocs\filecroco\loader\vendor\guzzlehttp\promises\src\Promise.php(225): GuzzleHttp\Promise\Promise->invokeWaitList()
#9 E:\xampp73\htdocs\filecroco\loader\vendor\guzzlehttp\promises\src\Promise.php(62): GuzzleHttp\Promise\Promise->waitIfPending()
#10 E:\xampp73\htdocs\filecroco\loader\vendor\guzzlehttp\promises\src\EachPromise.php(101): GuzzleHttp\Promise\Promise->wait()
#11 E:\xampp73\htdocs\filecroco\loader\vendor\guzzlehttp\promises\src\Promise.php(246): GuzzleHttp\Promise\EachPromise->GuzzleHttp\Promise\{closure}(true)
#12 E:\xampp73\htdocs\filecroco\loader\vendor\guzzlehttp\promises\src\Promise.php(223): GuzzleHttp\Promise\Promise->invokeWaitFn()
#13 E:\xampp73\htdocs\filecroco\loader\vendor\guzzlehttp\promises\src\Promise.php(62): GuzzleHttp\Promise\Promise->waitIfPending()
#14 E:\xampp73\htdocs\filecroco\loader\updatedownloadlink.php(95): GuzzleHttp\Promise\Promise->wait()
#15 {main}|982GuzzleHttp\Exception\RequestException: cURL error 56:  (see http://curl.haxx.se/libcurl/c/libcurl-errors.html) in E:\xampp73\htdocs\filecroco\loader\vendor\guzzlehttp\guzzle\src\Handler\CurlFactory.php:186
Stack trace:
#0 E:\xampp73\htdocs\filecroco\loader\vendor\guzzlehttp\guzzle\src\Handler\CurlFactory.php(149): GuzzleHttp\Handler\CurlFactory::createRejection(Object(GuzzleHttp\Handler\EasyHandle), Array)
#1 E:\xampp73\htdocs\filecroco\loader\vendor\guzzlehttp\guzzle\src\Handler\CurlFactory.php(102): GuzzleHttp\Handler\CurlFactory::finishError(Object(GuzzleHttp\Handler\CurlMultiHandler), Object(GuzzleHttp\Handler\EasyHandle), Object(GuzzleHttp\Handler\CurlFactory))
#2 E:\xampp73\htdocs\filecroco\loader\vendor\guzzlehttp\guzzle\src\Handler\CurlMultiHandler.php(181): GuzzleHttp\Handler\CurlFactory::finish(Object(GuzzleHttp\Handler\CurlMultiHandler), Object(GuzzleHttp\Handler\EasyHandle), Object(GuzzleHttp\Handler\CurlFactory))
#3 E:\xampp73\htdocs\filecroco\loader\vendor\guzzlehttp\guzzle\src\Handler\CurlMultiHandler.php(110): GuzzleHttp\Handler\CurlMultiHandler->processMessages()
#4 E:\xampp73\htdocs\filecroco\loader\vendor\guzzlehttp\guzzle\src\Handler\CurlMultiHandler.php(125): GuzzleHttp\Handler\CurlMultiHandler->tick()
#5 E:\xampp73\htdocs\filecroco\loader\vendor\guzzlehttp\promises\src\Promise.php(246): GuzzleHttp\Handler\CurlMultiHandler->execute(true)
#6 E:\xampp73\htdocs\filecroco\loader\vendor\guzzlehttp\promises\src\Promise.php(223): GuzzleHttp\Promise\Promise->invokeWaitFn()
#7 E:\xampp73\htdocs\filecroco\loader\vendor\guzzlehttp\promises\src\Promise.php(267): GuzzleHttp\Promise\Promise->waitIfPending()
#8 E:\xampp73\htdocs\filecroco\loader\vendor\guzzlehttp\promises\src\Promise.php(225): GuzzleHttp\Promise\Promise->invokeWaitList()
#9 E:\xampp73\htdocs\filecroco\loader\vendor\guzzlehttp\promises\src\Promise.php(62): GuzzleHttp\Promise\Promise->waitIfPending()
#10 E:\xampp73\htdocs\filecroco\loader\vendor\guzzlehttp\promises\src\EachPromise.php(101): GuzzleHttp\Promise\Promise->wait()
#11 E:\xampp73\htdocs\filecroco\loader\vendor\guzzlehttp\promises\src\Promise.php(246): GuzzleHttp\Promise\EachPromise->GuzzleHttp\Promise\{closure}(true)
#12 E:\xampp73\htdocs\filecroco\loader\vendor\guzzlehttp\promises\src\Promise.php(223): GuzzleHttp\Promise\Promise->invokeWaitFn()
#13 E:\xampp73\htdocs\filecroco\loader\vendor\guzzlehttp\promises\src\Promise.php(62): GuzzleHttp\Promise\Promise->waitIfPending()
#14 E:\xampp73\htdocs\filecroco\loader\updatedownloadlink.php(95): GuzzleHttp\Promise\Promise->wait()
#15 {main}|983GuzzleHttp\Exception\RequestException: cURL error 56:  (see http://curl.haxx.se/libcurl/c/libcurl-errors.html) in E:\xampp73\htdocs\filecroco\loader\vendor\guzzlehttp\guzzle\src\Handler\CurlFactory.php:186
Stack trace:
#0 E:\xampp73\htdocs\filecroco\loader\vendor\guzzlehttp\guzzle\src\Handler\CurlFactory.php(149): GuzzleHttp\Handler\CurlFactory::createRejection(Object(GuzzleHttp\Handler\EasyHandle), Array)
#1 E:\xampp73\htdocs\filecroco\loader\vendor\guzzlehttp\guzzle\src\Handler\CurlFactory.php(102): GuzzleHttp\Handler\CurlFactory::finishError(Object(GuzzleHttp\Handler\CurlMultiHandler), Object(GuzzleHttp\Handler\EasyHandle), Object(GuzzleHttp\Handler\CurlFactory))
#2 E:\xampp73\htdocs\filecroco\loader\vendor\guzzlehttp\guzzle\src\Handler\CurlMultiHandler.php(181): GuzzleHttp\Handler\CurlFactory::finish(Object(GuzzleHttp\Handler\CurlMultiHandler), Object(GuzzleHttp\Handler\EasyHandle), Object(GuzzleHttp\Handler\CurlFactory))
#3 E:\xampp73\htdocs\filecroco\loader\vendor\guzzlehttp\guzzle\src\Handler\CurlMultiHandler.php(110): GuzzleHttp\Handler\CurlMultiHandler->processMessages()
#4 E:\xampp73\htdocs\filecroco\loader\vendor\guzzlehttp\guzzle\src\Handler\CurlMultiHandler.php(125): GuzzleHttp\Handler\CurlMultiHandler->tick()
#5 E:\xampp73\htdocs\filecroco\loader\vendor\guzzlehttp\promises\src\Promise.php(246): GuzzleHttp\Handler\CurlMultiHandler->execute(true)
#6 E:\xampp73\htdocs\filecroco\loader\vendor\guzzlehttp\promises\src\Promise.php(223): GuzzleHttp\Promise\Promise->invokeWaitFn()
#7 E:\xampp73\htdocs\filecroco\loader\vendor\guzzlehttp\promises\src\Promise.php(267): GuzzleHttp\Promise\Promise->waitIfPending()
#8 E:\xampp73\htdocs\filecroco\loader\vendor\guzzlehttp\promises\src\Promise.php(225): GuzzleHttp\Promise\Promise->invokeWaitList()
#9 E:\xampp73\htdocs\filecroco\loader\vendor\guzzlehttp\promises\src\Promise.php(62): GuzzleHttp\Promise\Promise->waitIfPending()
#10 E:\xampp73\htdocs\filecroco\loader\vendor\guzzlehttp\promises\src\EachPromise.php(101): GuzzleHttp\Promise\Promise->wait()
#11 E:\xampp73\htdocs\filecroco\loader\vendor\guzzlehttp\promises\src\Promise.php(246): GuzzleHttp\Promise\EachPromise->GuzzleHttp\Promise\{closure}(true)
#12 E:\xampp73\htdocs\filecroco\loader\vendor\guzzlehttp\promises\src\Promise.php(223): GuzzleHttp\Promise\Promise->invokeWaitFn()
#13 E:\xampp73\htdocs\filecroco\loader\vendor\guzzlehttp\promises\src\Promise.php(62): GuzzleHttp\Promise\Promise->waitIfPending()
#14 E:\xampp73\htdocs\filecroco\loader\updatedownloadlink.php(95): GuzzleHttp\Promise\Promise->wait()
#15 {main}|984GuzzleHttp\Exception\RequestException: cURL error 56:  (see http://curl.haxx.se/libcurl/c/libcurl-errors.html) in E:\xampp73\htdocs\filecroco\loader\vendor\guzzlehttp\guzzle\src\Handler\CurlFactory.php:186
Stack trace:
#0 E:\xampp73\htdocs\filecroco\loader\vendor\guzzlehttp\guzzle\src\Handler\CurlFactory.php(149): GuzzleHttp\Handler\CurlFactory::createRejection(Object(GuzzleHttp\Handler\EasyHandle), Array)
#1 E:\xampp73\htdocs\filecroco\loader\vendor\guzzlehttp\guzzle\src\Handler\CurlFactory.php(102): GuzzleHttp\Handler\CurlFactory::finishError(Object(GuzzleHttp\Handler\CurlMultiHandler), Object(GuzzleHttp\Handler\EasyHandle), Object(GuzzleHttp\Handler\CurlFactory))
#2 E:\xampp73\htdocs\filecroco\loader\vendor\guzzlehttp\guzzle\src\Handler\CurlMultiHandler.php(181): GuzzleHttp\Handler\CurlFactory::finish(Object(GuzzleHttp\Handler\CurlMultiHandler), Object(GuzzleHttp\Handler\EasyHandle), Object(GuzzleHttp\Handler\CurlFactory))
#3 E:\xampp73\htdocs\filecroco\loader\vendor\guzzlehttp\guzzle\src\Handler\CurlMultiHandler.php(110): GuzzleHttp\Handler\CurlMultiHandler->processMessages()
#4 E:\xampp73\htdocs\filecroco\loader\vendor\guzzlehttp\guzzle\src\Handler\CurlMultiHandler.php(125): GuzzleHttp\Handler\CurlMultiHandler->tick()
#5 E:\xampp73\htdocs\filecroco\loader\vendor\guzzlehttp\promises\src\Promise.php(246): GuzzleHttp\Handler\CurlMultiHandler->execute(true)
#6 E:\xampp73\htdocs\filecroco\loader\vendor\guzzlehttp\promises\src\Promise.php(223): GuzzleHttp\Promise\Promise->invokeWaitFn()
#7 E:\xampp73\htdocs\filecroco\loader\vendor\guzzlehttp\promises\src\Promise.php(267): GuzzleHttp\Promise\Promise->waitIfPending()
#8 E:\xampp73\htdocs\filecroco\loader\vendor\guzzlehttp\promises\src\Promise.php(225): GuzzleHttp\Promise\Promise->invokeWaitList()
#9 E:\xampp73\htdocs\filecroco\loader\vendor\guzzlehttp\promises\src\Promise.php(62): GuzzleHttp\Promise\Promise->waitIfPending()
#10 E:\xampp73\htdocs\filecroco\loader\vendor\guzzlehttp\promises\src\EachPromise.php(101): GuzzleHttp\Promise\Promise->wait()
#11 E:\xampp73\htdocs\filecroco\loader\vendor\guzzlehttp\promises\src\Promise.php(246): GuzzleHttp\Promise\EachPromise->GuzzleHttp\Promise\{closure}(true)
#12 E:\xampp73\htdocs\filecroco\loader\vendor\guzzlehttp\promises\src\Promise.php(223): GuzzleHttp\Promise\Promise->invokeWaitFn()
#13 E:\xampp73\htdocs\filecroco\loader\vendor\guzzlehttp\promises\src\Promise.php(62): GuzzleHttp\Promise\Promise->waitIfPending()
#14 E:\xampp73\htdocs\filecroco\loader\updatedownloadlink.php(95): GuzzleHttp\Promise\Promise->wait()
#15 {main}|985GuzzleHttp\Exception\RequestException: cURL error 56:  (see http://curl.haxx.se/libcurl/c/libcurl-errors.html) in E:\xampp73\htdocs\filecroco\loader\vendor\guzzlehttp\guzzle\src\Handler\CurlFactory.php:186
Stack trace:
#0 E:\xampp73\htdocs\filecroco\loader\vendor\guzzlehttp\guzzle\src\Handler\CurlFactory.php(149): GuzzleHttp\Handler\CurlFactory::createRejection(Object(GuzzleHttp\Handler\EasyHandle), Array)
#1 E:\xampp73\htdocs\filecroco\loader\vendor\guzzlehttp\guzzle\src\Handler\CurlFactory.php(102): GuzzleHttp\Handler\CurlFactory::finishError(Object(GuzzleHttp\Handler\CurlMultiHandler), Object(GuzzleHttp\Handler\EasyHandle), Object(GuzzleHttp\Handler\CurlFactory))
#2 E:\xampp73\htdocs\filecroco\loader\vendor\guzzlehttp\guzzle\src\Handler\CurlMultiHandler.php(181): GuzzleHttp\Handler\CurlFactory::finish(Object(GuzzleHttp\Handler\CurlMultiHandler), Object(GuzzleHttp\Handler\EasyHandle), Object(GuzzleHttp\Handler\CurlFactory))
#3 E:\xampp73\htdocs\filecroco\loader\vendor\guzzlehttp\guzzle\src\Handler\CurlMultiHandler.php(110): GuzzleHttp\Handler\CurlMultiHandler->processMessages()
#4 E:\xampp73\htdocs\filecroco\loader\vendor\guzzlehttp\guzzle\src\Handler\CurlMultiHandler.php(125): GuzzleHttp\Handler\CurlMultiHandler->tick()
#5 E:\xampp73\htdocs\filecroco\loader\vendor\guzzlehttp\promises\src\Promise.php(246): GuzzleHttp\Handler\CurlMultiHandler->execute(true)
#6 E:\xampp73\htdocs\filecroco\loader\vendor\guzzlehttp\promises\src\Promise.php(223): GuzzleHttp\Promise\Promise->invokeWaitFn()
#7 E:\xampp73\htdocs\filecroco\loader\vendor\guzzlehttp\promises\src\Promise.php(267): GuzzleHttp\Promise\Promise->waitIfPending()
#8 E:\xampp73\htdocs\filecroco\loader\vendor\guzzlehttp\promises\src\Promise.php(225): GuzzleHttp\Promise\Promise->invokeWaitList()
#9 E:\xampp73\htdocs\filecroco\loader\vendor\guzzlehttp\promises\src\Promise.php(62): GuzzleHttp\Promise\Promise->waitIfPending()
#10 E:\xampp73\htdocs\filecroco\loader\vendor\guzzlehttp\promises\src\EachPromise.php(101): GuzzleHttp\Promise\Promise->wait()
#11 E:\xampp73\htdocs\filecroco\loader\vendor\guzzlehttp\promises\src\Promise.php(246): GuzzleHttp\Promise\EachPromise->GuzzleHttp\Promise\{closure}(true)
#12 E:\xampp73\htdocs\filecroco\loader\vendor\guzzlehttp\promises\src\Promise.php(223): GuzzleHttp\Promise\Promise->invokeWaitFn()
#13 E:\xampp73\htdocs\filecroco\loader\vendor\guzzlehttp\promises\src\Promise.php(62): GuzzleHttp\Promise\Promise->waitIfPending()
#14 E:\xampp73\htdocs\filecroco\loader\updatedownloadlink.php(95): GuzzleHttp\Promise\Promise->wait()
#15 {main}|986GuzzleHttp\Exception\RequestException: cURL error 56:  (see http://curl.haxx.se/libcurl/c/libcurl-errors.html) in E:\xampp73\htdocs\filecroco\loader\vendor\guzzlehttp\guzzle\src\Handler\CurlFactory.php:186
Stack trace:
#0 E:\xampp73\htdocs\filecroco\loader\vendor\guzzlehttp\guzzle\src\Handler\CurlFactory.php(149): GuzzleHttp\Handler\CurlFactory::createRejection(Object(GuzzleHttp\Handler\EasyHandle), Array)
#1 E:\xampp73\htdocs\filecroco\loader\vendor\guzzlehttp\guzzle\src\Handler\CurlFactory.php(102): GuzzleHttp\Handler\CurlFactory::finishError(Object(GuzzleHttp\Handler\CurlMultiHandler), Object(GuzzleHttp\Handler\EasyHandle), Object(GuzzleHttp\Handler\CurlFactory))
#2 E:\xampp73\htdocs\filecroco\loader\vendor\guzzlehttp\guzzle\src\Handler\CurlMultiHandler.php(181): GuzzleHttp\Handler\CurlFactory::finish(Object(GuzzleHttp\Handler\CurlMultiHandler), Object(GuzzleHttp\Handler\EasyHandle), Object(GuzzleHttp\Handler\CurlFactory))
#3 E:\xampp73\htdocs\filecroco\loader\vendor\guzzlehttp\guzzle\src\Handler\CurlMultiHandler.php(110): GuzzleHttp\Handler\CurlMultiHandler->processMessages()
#4 E:\xampp73\htdocs\filecroco\loader\vendor\guzzlehttp\guzzle\src\Handler\CurlMultiHandler.php(125): GuzzleHttp\Handler\CurlMultiHandler->tick()
#5 E:\xampp73\htdocs\filecroco\loader\vendor\guzzlehttp\promises\src\Promise.php(246): GuzzleHttp\Handler\CurlMultiHandler->execute(true)
#6 E:\xampp73\htdocs\filecroco\loader\vendor\guzzlehttp\promises\src\Promise.php(223): GuzzleHttp\Promise\Promise->invokeWaitFn()
#7 E:\xampp73\htdocs\filecroco\loader\vendor\guzzlehttp\promises\src\Promise.php(267): GuzzleHttp\Promise\Promise->waitIfPending()
#8 E:\xampp73\htdocs\filecroco\loader\vendor\guzzlehttp\promises\src\Promise.php(225): GuzzleHttp\Promise\Promise->invokeWaitList()
#9 E:\xampp73\htdocs\filecroco\loader\vendor\guzzlehttp\promises\src\Promise.php(62): GuzzleHttp\Promise\Promise->waitIfPending()
#10 E:\xampp73\htdocs\filecroco\loader\vendor\guzzlehttp\promises\src\EachPromise.php(101): GuzzleHttp\Promise\Promise->wait()
#11 E:\xampp73\htdocs\filecroco\loader\vendor\guzzlehttp\promises\src\Promise.php(246): GuzzleHttp\Promise\EachPromise->GuzzleHttp\Promise\{closure}(true)
#12 E:\xampp73\htdocs\filecroco\loader\vendor\guzzlehttp\promises\src\Promise.php(223): GuzzleHttp\Promise\Promise->invokeWaitFn()
#13 E:\xampp73\htdocs\filecroco\loader\vendor\guzzlehttp\promises\src\Promise.php(62): GuzzleHttp\Promise\Promise->waitIfPending()
#14 E:\xampp73\htdocs\filecroco\loader\updatedownloadlink.php(95): GuzzleHttp\Promise\Promise->wait()
#15 {main}|987GuzzleHttp\Exception\RequestException: cURL error 56:  (see http://curl.haxx.se/libcurl/c/libcurl-errors.html) in E:\xampp73\htdocs\filecroco\loader\vendor\guzzlehttp\guzzle\src\Handler\CurlFactory.php:186
Stack trace:
#0 E:\xampp73\htdocs\filecroco\loader\vendor\guzzlehttp\guzzle\src\Handler\CurlFactory.php(149): GuzzleHttp\Handler\CurlFactory::createRejection(Object(GuzzleHttp\Handler\EasyHandle), Array)
#1 E:\xampp73\htdocs\filecroco\loader\vendor\guzzlehttp\guzzle\src\Handler\CurlFactory.php(102): GuzzleHttp\Handler\CurlFactory::finishError(Object(GuzzleHttp\Handler\CurlMultiHandler), Object(GuzzleHttp\Handler\EasyHandle), Object(GuzzleHttp\Handler\CurlFactory))
#2 E:\xampp73\htdocs\filecroco\loader\vendor\guzzlehttp\guzzle\src\Handler\CurlMultiHandler.php(181): GuzzleHttp\Handler\CurlFactory::finish(Object(GuzzleHttp\Handler\CurlMultiHandler), Object(GuzzleHttp\Handler\EasyHandle), Object(GuzzleHttp\Handler\CurlFactory))
#3 E:\xampp73\htdocs\filecroco\loader\vendor\guzzlehttp\guzzle\src\Handler\CurlMultiHandler.php(110): GuzzleHttp\Handler\CurlMultiHandler->processMessages()
#4 E:\xampp73\htdocs\filecroco\loader\vendor\guzzlehttp\guzzle\src\Handler\CurlMultiHandler.php(125): GuzzleHttp\Handler\CurlMultiHandler->tick()
#5 E:\xampp73\htdocs\filecroco\loader\vendor\guzzlehttp\promises\src\Promise.php(246): GuzzleHttp\Handler\CurlMultiHandler->execute(true)
#6 E:\xampp73\htdocs\filecroco\loader\vendor\guzzlehttp\promises\src\Promise.php(223): GuzzleHttp\Promise\Promise->invokeWaitFn()
#7 E:\xampp73\htdocs\filecroco\loader\vendor\guzzlehttp\promises\src\Promise.php(267): GuzzleHttp\Promise\Promise->waitIfPending()
#8 E:\xampp73\htdocs\filecroco\loader\vendor\guzzlehttp\promises\src\Promise.php(225): GuzzleHttp\Promise\Promise->invokeWaitList()
#9 E:\xampp73\htdocs\filecroco\loader\vendor\guzzlehttp\promises\src\Promise.php(62): GuzzleHttp\Promise\Promise->waitIfPending()
#10 E:\xampp73\htdocs\filecroco\loader\vendor\guzzlehttp\promises\src\EachPromise.php(101): GuzzleHttp\Promise\Promise->wait()
#11 E:\xampp73\htdocs\filecroco\loader\vendor\guzzlehttp\promises\src\Promise.php(246): GuzzleHttp\Promise\EachPromise->GuzzleHttp\Promise\{closure}(true)
#12 E:\xampp73\htdocs\filecroco\loader\vendor\guzzlehttp\promises\src\Promise.php(223): GuzzleHttp\Promise\Promise->invokeWaitFn()
#13 E:\xampp73\htdocs\filecroco\loader\vendor\guzzlehttp\promises\src\Promise.php(62): GuzzleHttp\Promise\Promise->waitIfPending()
#14 E:\xampp73\htdocs\filecroco\loader\updatedownloadlink.php(95): GuzzleHttp\Promise\Promise->wait()
#15 {main}|988GuzzleHttp\Exception\RequestException: cURL error 56:  (see http://curl.haxx.se/libcurl/c/libcurl-errors.html) in E:\xampp73\htdocs\filecroco\loader\vendor\guzzlehttp\guzzle\src\Handler\CurlFactory.php:186
Stack trace:
#0 E:\xampp73\htdocs\filecroco\loader\vendor\guzzlehttp\guzzle\src\Handler\CurlFactory.php(149): GuzzleHttp\Handler\CurlFactory::createRejection(Object(GuzzleHttp\Handler\EasyHandle), Array)
#1 E:\xampp73\htdocs\filecroco\loader\vendor\guzzlehttp\guzzle\src\Handler\CurlFactory.php(102): GuzzleHttp\Handler\CurlFactory::finishError(Object(GuzzleHttp\Handler\CurlMultiHandler), Object(GuzzleHttp\Handler\EasyHandle), Object(GuzzleHttp\Handler\CurlFactory))
#2 E:\xampp73\htdocs\filecroco\loader\vendor\guzzlehttp\guzzle\src\Handler\CurlMultiHandler.php(181): GuzzleHttp\Handler\CurlFactory::finish(Object(GuzzleHttp\Handler\CurlMultiHandler), Object(GuzzleHttp\Handler\EasyHandle), Object(GuzzleHttp\Handler\CurlFactory))
#3 E:\xampp73\htdocs\filecroco\loader\vendor\guzzlehttp\guzzle\src\Handler\CurlMultiHandler.php(110): GuzzleHttp\Handler\CurlMultiHandler->processMessages()
#4 E:\xampp73\htdocs\filecroco\loader\vendor\guzzlehttp\guzzle\src\Handler\CurlMultiHandler.php(125): GuzzleHttp\Handler\CurlMultiHandler->tick()
#5 E:\xampp73\htdocs\filecroco\loader\vendor\guzzlehttp\promises\src\Promise.php(246): GuzzleHttp\Handler\CurlMultiHandler->execute(true)
#6 E:\xampp73\htdocs\filecroco\loader\vendor\guzzlehttp\promises\src\Promise.php(223): GuzzleHttp\Promise\Promise->invokeWaitFn()
#7 E:\xampp73\htdocs\filecroco\loader\vendor\guzzlehttp\promises\src\Promise.php(267): GuzzleHttp\Promise\Promise->waitIfPending()
#8 E:\xampp73\htdocs\filecroco\loader\vendor\guzzlehttp\promises\src\Promise.php(225): GuzzleHttp\Promise\Promise->invokeWaitList()
#9 E:\xampp73\htdocs\filecroco\loader\vendor\guzzlehttp\promises\src\Promise.php(62): GuzzleHttp\Promise\Promise->waitIfPending()
#10 E:\xampp73\htdocs\filecroco\loader\vendor\guzzlehttp\promises\src\EachPromise.php(101): GuzzleHttp\Promise\Promise->wait()
#11 E:\xampp73\htdocs\filecroco\loader\vendor\guzzlehttp\promises\src\Promise.php(246): GuzzleHttp\Promise\EachPromise->GuzzleHttp\Promise\{closure}(true)
#12 E:\xampp73\htdocs\filecroco\loader\vendor\guzzlehttp\promises\src\Promise.php(223): GuzzleHttp\Promise\Promise->invokeWaitFn()
#13 E:\xampp73\htdocs\filecroco\loader\vendor\guzzlehttp\promises\src\Promise.php(62): GuzzleHttp\Promise\Promise->waitIfPending()
#14 E:\xampp73\htdocs\filecroco\loader\updatedownloadlink.php(95): GuzzleHttp\Promise\Promise->wait()
#15 {main}|989GuzzleHttp\Exception\RequestException: cURL error 56:  (see http://curl.haxx.se/libcurl/c/libcurl-errors.html) in E:\xampp73\htdocs\filecroco\loader\vendor\guzzlehttp\guzzle\src\Handler\CurlFactory.php:186
Stack trace:
#0 E:\xampp73\htdocs\filecroco\loader\vendor\guzzlehttp\guzzle\src\Handler\CurlFactory.php(149): GuzzleHttp\Handler\CurlFactory::createRejection(Object(GuzzleHttp\Handler\EasyHandle), Array)
#1 E:\xampp73\htdocs\filecroco\loader\vendor\guzzlehttp\guzzle\src\Handler\CurlFactory.php(102): GuzzleHttp\Handler\CurlFactory::finishError(Object(GuzzleHttp\Handler\CurlMultiHandler), Object(GuzzleHttp\Handler\EasyHandle), Object(GuzzleHttp\Handler\CurlFactory))
#2 E:\xampp73\htdocs\filecroco\loader\vendor\guzzlehttp\guzzle\src\Handler\CurlMultiHandler.php(181): GuzzleHttp\Handler\CurlFactory::finish(Object(GuzzleHttp\Handler\CurlMultiHandler), Object(GuzzleHttp\Handler\EasyHandle), Object(GuzzleHttp\Handler\CurlFactory))
#3 E:\xampp73\htdocs\filecroco\loader\vendor\guzzlehttp\guzzle\src\Handler\CurlMultiHandler.php(110): GuzzleHttp\Handler\CurlMultiHandler->processMessages()
#4 E:\xampp73\htdocs\filecroco\loader\vendor\guzzlehttp\guzzle\src\Handler\CurlMultiHandler.php(125): GuzzleHttp\Handler\CurlMultiHandler->tick()
#5 E:\xampp73\htdocs\filecroco\loader\vendor\guzzlehttp\promises\src\Promise.php(246): GuzzleHttp\Handler\CurlMultiHandler->execute(true)
#6 E:\xampp73\htdocs\filecroco\loader\vendor\guzzlehttp\promises\src\Promise.php(223): GuzzleHttp\Promise\Promise->invokeWaitFn()
#7 E:\xampp73\htdocs\filecroco\loader\vendor\guzzlehttp\promises\src\Promise.php(267): GuzzleHttp\Promise\Promise->waitIfPending()
#8 E:\xampp73\htdocs\filecroco\loader\vendor\guzzlehttp\promises\src\Promise.php(225): GuzzleHttp\Promise\Promise->invokeWaitList()
#9 E:\xampp73\htdocs\filecroco\loader\vendor\guzzlehttp\promises\src\Promise.php(62): GuzzleHttp\Promise\Promise->waitIfPending()
#10 E:\xampp73\htdocs\filecroco\loader\vendor\guzzlehttp\promises\src\EachPromise.php(101): GuzzleHttp\Promise\Promise->wait()
#11 E:\xampp73\htdocs\filecroco\loader\vendor\guzzlehttp\promises\src\Promise.php(246): GuzzleHttp\Promise\EachPromise->GuzzleHttp\Promise\{closure}(true)
#12 E:\xampp73\htdocs\filecroco\loader\vendor\guzzlehttp\promises\src\Promise.php(223): GuzzleHttp\Promise\Promise->invokeWaitFn()
#13 E:\xampp73\htdocs\filecroco\loader\vendor\guzzlehttp\promises\src\Promise.php(62): GuzzleHttp\Promise\Promise->waitIfPending()
#14 E:\xampp73\htdocs\filecroco\loader\updatedownloadlink.php(95): GuzzleHttp\Promise\Promise->wait()
#15 {main}|990GuzzleHttp\Exception\RequestException: cURL error 56:  (see http://curl.haxx.se/libcurl/c/libcurl-errors.html) in E:\xampp73\htdocs\filecroco\loader\vendor\guzzlehttp\guzzle\src\Handler\CurlFactory.php:186
Stack trace:
#0 E:\xampp73\htdocs\filecroco\loader\vendor\guzzlehttp\guzzle\src\Handler\CurlFactory.php(149): GuzzleHttp\Handler\CurlFactory::createRejection(Object(GuzzleHttp\Handler\EasyHandle), Array)
#1 E:\xampp73\htdocs\filecroco\loader\vendor\guzzlehttp\guzzle\src\Handler\CurlFactory.php(102): GuzzleHttp\Handler\CurlFactory::finishError(Object(GuzzleHttp\Handler\CurlMultiHandler), Object(GuzzleHttp\Handler\EasyHandle), Object(GuzzleHttp\Handler\CurlFactory))
#2 E:\xampp73\htdocs\filecroco\loader\vendor\guzzlehttp\guzzle\src\Handler\CurlMultiHandler.php(181): GuzzleHttp\Handler\CurlFactory::finish(Object(GuzzleHttp\Handler\CurlMultiHandler), Object(GuzzleHttp\Handler\EasyHandle), Object(GuzzleHttp\Handler\CurlFactory))
#3 E:\xampp73\htdocs\filecroco\loader\vendor\guzzlehttp\guzzle\src\Handler\CurlMultiHandler.php(110): GuzzleHttp\Handler\CurlMultiHandler->processMessages()
#4 E:\xampp73\htdocs\filecroco\loader\vendor\guzzlehttp\guzzle\src\Handler\CurlMultiHandler.php(125): GuzzleHttp\Handler\CurlMultiHandler->tick()
#5 E:\xampp73\htdocs\filecroco\loader\vendor\guzzlehttp\promises\src\Promise.php(246): GuzzleHttp\Handler\CurlMultiHandler->execute(true)
#6 E:\xampp73\htdocs\filecroco\loader\vendor\guzzlehttp\promises\src\Promise.php(223): GuzzleHttp\Promise\Promise->invokeWaitFn()
#7 E:\xampp73\htdocs\filecroco\loader\vendor\guzzlehttp\promises\src\Promise.php(267): GuzzleHttp\Promise\Promise->waitIfPending()
#8 E:\xampp73\htdocs\filecroco\loader\vendor\guzzlehttp\promises\src\Promise.php(225): GuzzleHttp\Promise\Promise->invokeWaitList()
#9 E:\xampp73\htdocs\filecroco\loader\vendor\guzzlehttp\promises\src\Promise.php(62): GuzzleHttp\Promise\Promise->waitIfPending()
#10 E:\xampp73\htdocs\filecroco\loader\vendor\guzzlehttp\promises\src\EachPromise.php(101): GuzzleHttp\Promise\Promise->wait()
#11 E:\xampp73\htdocs\filecroco\loader\vendor\guzzlehttp\promises\src\Promise.php(246): GuzzleHttp\Promise\EachPromise->GuzzleHttp\Promise\{closure}(true)
#12 E:\xampp73\htdocs\filecroco\loader\vendor\guzzlehttp\promises\src\Promise.php(223): GuzzleHttp\Promise\Promise->invokeWaitFn()
#13 E:\xampp73\htdocs\filecroco\loader\vendor\guzzlehttp\promises\src\Promise.php(62): GuzzleHttp\Promise\Promise->waitIfPending()
#14 E:\xampp73\htdocs\filecroco\loader\updatedownloadlink.php(95): GuzzleHttp\Promise\Promise->wait()
#15 {main}|991GuzzleHttp\Exception\RequestException: cURL error 56:  (see http://curl.haxx.se/libcurl/c/libcurl-errors.html) in E:\xampp73\htdocs\filecroco\loader\vendor\guzzlehttp\guzzle\src\Handler\CurlFactory.php:186
Stack trace:
#0 E:\xampp73\htdocs\filecroco\loader\vendor\guzzlehttp\guzzle\src\Handler\CurlFactory.php(149): GuzzleHttp\Handler\CurlFactory::createRejection(Object(GuzzleHttp\Handler\EasyHandle), Array)
#1 E:\xampp73\htdocs\filecroco\loader\vendor\guzzlehttp\guzzle\src\Handler\CurlFactory.php(102): GuzzleHttp\Handler\CurlFactory::finishError(Object(GuzzleHttp\Handler\CurlMultiHandler), Object(GuzzleHttp\Handler\EasyHandle), Object(GuzzleHttp\Handler\CurlFactory))
#2 E:\xampp73\htdocs\filecroco\loader\vendor\guzzlehttp\guzzle\src\Handler\CurlMultiHandler.php(181): GuzzleHttp\Handler\CurlFactory::finish(Object(GuzzleHttp\Handler\CurlMultiHandler), Object(GuzzleHttp\Handler\EasyHandle), Object(GuzzleHttp\Handler\CurlFactory))
#3 E:\xampp73\htdocs\filecroco\loader\vendor\guzzlehttp\guzzle\src\Handler\CurlMultiHandler.php(110): GuzzleHttp\Handler\CurlMultiHandler->processMessages()
#4 E:\xampp73\htdocs\filecroco\loader\vendor\guzzlehttp\guzzle\src\Handler\CurlMultiHandler.php(125): GuzzleHttp\Handler\CurlMultiHandler->tick()
#5 E:\xampp73\htdocs\filecroco\loader\vendor\guzzlehttp\promises\src\Promise.php(246): GuzzleHttp\Handler\CurlMultiHandler->execute(true)
#6 E:\xampp73\htdocs\filecroco\loader\vendor\guzzlehttp\promises\src\Promise.php(223): GuzzleHttp\Promise\Promise->invokeWaitFn()
#7 E:\xampp73\htdocs\filecroco\loader\vendor\guzzlehttp\promises\src\Promise.php(267): GuzzleHttp\Promise\Promise->waitIfPending()
#8 E:\xampp73\htdocs\filecroco\loader\vendor\guzzlehttp\promises\src\Promise.php(225): GuzzleHttp\Promise\Promise->invokeWaitList()
#9 E:\xampp73\htdocs\filecroco\loader\vendor\guzzlehttp\promises\src\Promise.php(62): GuzzleHttp\Promise\Promise->waitIfPending()
#10 E:\xampp73\htdocs\filecroco\loader\vendor\guzzlehttp\promises\src\EachPromise.php(101): GuzzleHttp\Promise\Promise->wait()
#11 E:\xampp73\htdocs\filecroco\loader\vendor\guzzlehttp\promises\src\Promise.php(246): GuzzleHttp\Promise\EachPromise->GuzzleHttp\Promise\{closure}(true)
#12 E:\xampp73\htdocs\filecroco\loader\vendor\guzzlehttp\promises\src\Promise.php(223): GuzzleHttp\Promise\Promise->invokeWaitFn()
#13 E:\xampp73\htdocs\filecroco\loader\vendor\guzzlehttp\promises\src\Promise.php(62): GuzzleHttp\Promise\Promise->waitIfPending()
#14 E:\xampp73\htdocs\filecroco\loader\updatedownloadlink.php(95): GuzzleHttp\Promise\Promise->wait()
#15 {main}|992GuzzleHttp\Exception\RequestException: cURL error 56:  (see http://curl.haxx.se/libcurl/c/libcurl-errors.html) in E:\xampp73\htdocs\filecroco\loader\vendor\guzzlehttp\guzzle\src\Handler\CurlFactory.php:186
Stack trace:
#0 E:\xampp73\htdocs\filecroco\loader\vendor\guzzlehttp\guzzle\src\Handler\CurlFactory.php(149): GuzzleHttp\Handler\CurlFactory::createRejection(Object(GuzzleHttp\Handler\EasyHandle), Array)
#1 E:\xampp73\htdocs\filecroco\loader\vendor\guzzlehttp\guzzle\src\Handler\CurlFactory.php(102): GuzzleHttp\Handler\CurlFactory::finishError(Object(GuzzleHttp\Handler\CurlMultiHandler), Object(GuzzleHttp\Handler\EasyHandle), Object(GuzzleHttp\Handler\CurlFactory))
#2 E:\xampp73\htdocs\filecroco\loader\vendor\guzzlehttp\guzzle\src\Handler\CurlMultiHandler.php(181): GuzzleHttp\Handler\CurlFactory::finish(Object(GuzzleHttp\Handler\CurlMultiHandler), Object(GuzzleHttp\Handler\EasyHandle), Object(GuzzleHttp\Handler\CurlFactory))
#3 E:\xampp73\htdocs\filecroco\loader\vendor\guzzlehttp\guzzle\src\Handler\CurlMultiHandler.php(110): GuzzleHttp\Handler\CurlMultiHandler->processMessages()
#4 E:\xampp73\htdocs\filecroco\loader\vendor\guzzlehttp\guzzle\src\Handler\CurlMultiHandler.php(125): GuzzleHttp\Handler\CurlMultiHandler->tick()
#5 E:\xampp73\htdocs\filecroco\loader\vendor\guzzlehttp\promises\src\Promise.php(246): GuzzleHttp\Handler\CurlMultiHandler->execute(true)
#6 E:\xampp73\htdocs\filecroco\loader\vendor\guzzlehttp\promises\src\Promise.php(223): GuzzleHttp\Promise\Promise->invokeWaitFn()
#7 E:\xampp73\htdocs\filecroco\loader\vendor\guzzlehttp\promises\src\Promise.php(267): GuzzleHttp\Promise\Promise->waitIfPending()
#8 E:\xampp73\htdocs\filecroco\loader\vendor\guzzlehttp\promises\src\Promise.php(225): GuzzleHttp\Promise\Promise->invokeWaitList()
#9 E:\xampp73\htdocs\filecroco\loader\vendor\guzzlehttp\promises\src\Promise.php(62): GuzzleHttp\Promise\Promise->waitIfPending()
#10 E:\xampp73\htdocs\filecroco\loader\vendor\guzzlehttp\promises\src\EachPromise.php(101): GuzzleHttp\Promise\Promise->wait()
#11 E:\xampp73\htdocs\filecroco\loader\vendor\guzzlehttp\promises\src\Promise.php(246): GuzzleHttp\Promise\EachPromise->GuzzleHttp\Promise\{closure}(true)
#12 E:\xampp73\htdocs\filecroco\loader\vendor\guzzlehttp\promises\src\Promise.php(223): GuzzleHttp\Promise\Promise->invokeWaitFn()
#13 E:\xampp73\htdocs\filecroco\loader\vendor\guzzlehttp\promises\src\Promise.php(62): GuzzleHttp\Promise\Promise->waitIfPending()
#14 E:\xampp73\htdocs\filecroco\loader\updatedownloadlink.php(95): GuzzleHttp\Promise\Promise->wait()
#15 {main}|993GuzzleHttp\Exception\RequestException: cURL error 56:  (see http://curl.haxx.se/libcurl/c/libcurl-errors.html) in E:\xampp73\htdocs\filecroco\loader\vendor\guzzlehttp\guzzle\src\Handler\CurlFactory.php:186
Stack trace:
#0 E:\xampp73\htdocs\filecroco\loader\vendor\guzzlehttp\guzzle\src\Handler\CurlFactory.php(149): GuzzleHttp\Handler\CurlFactory::createRejection(Object(GuzzleHttp\Handler\EasyHandle), Array)
#1 E:\xampp73\htdocs\filecroco\loader\vendor\guzzlehttp\guzzle\src\Handler\CurlFactory.php(102): GuzzleHttp\Handler\CurlFactory::finishError(Object(GuzzleHttp\Handler\CurlMultiHandler), Object(GuzzleHttp\Handler\EasyHandle), Object(GuzzleHttp\Handler\CurlFactory))
#2 E:\xampp73\htdocs\filecroco\loader\vendor\guzzlehttp\guzzle\src\Handler\CurlMultiHandler.php(181): GuzzleHttp\Handler\CurlFactory::finish(Object(GuzzleHttp\Handler\CurlMultiHandler), Object(GuzzleHttp\Handler\EasyHandle), Object(GuzzleHttp\Handler\CurlFactory))
#3 E:\xampp73\htdocs\filecroco\loader\vendor\guzzlehttp\guzzle\src\Handler\CurlMultiHandler.php(110): GuzzleHttp\Handler\CurlMultiHandler->processMessages()
#4 E:\xampp73\htdocs\filecroco\loader\vendor\guzzlehttp\guzzle\src\Handler\CurlMultiHandler.php(125): GuzzleHttp\Handler\CurlMultiHandler->tick()
#5 E:\xampp73\htdocs\filecroco\loader\vendor\guzzlehttp\promises\src\Promise.php(246): GuzzleHttp\Handler\CurlMultiHandler->execute(true)
#6 E:\xampp73\htdocs\filecroco\loader\vendor\guzzlehttp\promises\src\Promise.php(223): GuzzleHttp\Promise\Promise->invokeWaitFn()
#7 E:\xampp73\htdocs\filecroco\loader\vendor\guzzlehttp\promises\src\Promise.php(267): GuzzleHttp\Promise\Promise->waitIfPending()
#8 E:\xampp73\htdocs\filecroco\loader\vendor\guzzlehttp\promises\src\Promise.php(225): GuzzleHttp\Promise\Promise->invokeWaitList()
#9 E:\xampp73\htdocs\filecroco\loader\vendor\guzzlehttp\promises\src\Promise.php(62): GuzzleHttp\Promise\Promise->waitIfPending()
#10 E:\xampp73\htdocs\filecroco\loader\vendor\guzzlehttp\promises\src\EachPromise.php(101): GuzzleHttp\Promise\Promise->wait()
#11 E:\xampp73\htdocs\filecroco\loader\vendor\guzzlehttp\promises\src\Promise.php(246): GuzzleHttp\Promise\EachPromise->GuzzleHttp\Promise\{closure}(true)
#12 E:\xampp73\htdocs\filecroco\loader\vendor\guzzlehttp\promises\src\Promise.php(223): GuzzleHttp\Promise\Promise->invokeWaitFn()
#13 E:\xampp73\htdocs\filecroco\loader\vendor\guzzlehttp\promises\src\Promise.php(62): GuzzleHttp\Promise\Promise->waitIfPending()
#14 E:\xampp73\htdocs\filecroco\loader\updatedownloadlink.php(95): GuzzleHttp\Promise\Promise->wait()
#15 {main}|994GuzzleHttp\Exception\RequestException: cURL error 56:  (see http://curl.haxx.se/libcurl/c/libcurl-errors.html) in E:\xampp73\htdocs\filecroco\loader\vendor\guzzlehttp\guzzle\src\Handler\CurlFactory.php:186
Stack trace:
#0 E:\xampp73\htdocs\filecroco\loader\vendor\guzzlehttp\guzzle\src\Handler\CurlFactory.php(149): GuzzleHttp\Handler\CurlFactory::createRejection(Object(GuzzleHttp\Handler\EasyHandle), Array)
#1 E:\xampp73\htdocs\filecroco\loader\vendor\guzzlehttp\guzzle\src\Handler\CurlFactory.php(102): GuzzleHttp\Handler\CurlFactory::finishError(Object(GuzzleHttp\Handler\CurlMultiHandler), Object(GuzzleHttp\Handler\EasyHandle), Object(GuzzleHttp\Handler\CurlFactory))
#2 E:\xampp73\htdocs\filecroco\loader\vendor\guzzlehttp\guzzle\src\Handler\CurlMultiHandler.php(181): GuzzleHttp\Handler\CurlFactory::finish(Object(GuzzleHttp\Handler\CurlMultiHandler), Object(GuzzleHttp\Handler\EasyHandle), Object(GuzzleHttp\Handler\CurlFactory))
#3 E:\xampp73\htdocs\filecroco\loader\vendor\guzzlehttp\guzzle\src\Handler\CurlMultiHandler.php(110): GuzzleHttp\Handler\CurlMultiHandler->processMessages()
#4 E:\xampp73\htdocs\filecroco\loader\vendor\guzzlehttp\guzzle\src\Handler\CurlMultiHandler.php(125): GuzzleHttp\Handler\CurlMultiHandler->tick()
#5 E:\xampp73\htdocs\filecroco\loader\vendor\guzzlehttp\promises\src\Promise.php(246): GuzzleHttp\Handler\CurlMultiHandler->execute(true)
#6 E:\xampp73\htdocs\filecroco\loader\vendor\guzzlehttp\promises\src\Promise.php(223): GuzzleHttp\Promise\Promise->invokeWaitFn()
#7 E:\xampp73\htdocs\filecroco\loader\vendor\guzzlehttp\promises\src\Promise.php(267): GuzzleHttp\Promise\Promise->waitIfPending()
#8 E:\xampp73\htdocs\filecroco\loader\vendor\guzzlehttp\promises\src\Promise.php(225): GuzzleHttp\Promise\Promise->invokeWaitList()
#9 E:\xampp73\htdocs\filecroco\loader\vendor\guzzlehttp\promises\src\Promise.php(62): GuzzleHttp\Promise\Promise->waitIfPending()
#10 E:\xampp73\htdocs\filecroco\loader\vendor\guzzlehttp\promises\src\EachPromise.php(101): GuzzleHttp\Promise\Promise->wait()
#11 E:\xampp73\htdocs\filecroco\loader\vendor\guzzlehttp\promises\src\Promise.php(246): GuzzleHttp\Promise\EachPromise->GuzzleHttp\Promise\{closure}(true)
#12 E:\xampp73\htdocs\filecroco\loader\vendor\guzzlehttp\promises\src\Promise.php(223): GuzzleHttp\Promise\Promise->invokeWaitFn()
#13 E:\xampp73\htdocs\filecroco\loader\vendor\guzzlehttp\promises\src\Promise.php(62): GuzzleHttp\Promise\Promise->waitIfPending()
#14 E:\xampp73\htdocs\filecroco\loader\updatedownloadlink.php(95): GuzzleHttp\Promise\Promise->wait()
#15 {main}|995GuzzleHttp\Exception\RequestException: cURL error 56:  (see http://curl.haxx.se/libcurl/c/libcurl-errors.html) in E:\xampp73\htdocs\filecroco\loader\vendor\guzzlehttp\guzzle\src\Handler\CurlFactory.php:186
Stack trace:
#0 E:\xampp73\htdocs\filecroco\loader\vendor\guzzlehttp\guzzle\src\Handler\CurlFactory.php(149): GuzzleHttp\Handler\CurlFactory::createRejection(Object(GuzzleHttp\Handler\EasyHandle), Array)
#1 E:\xampp73\htdocs\filecroco\loader\vendor\guzzlehttp\guzzle\src\Handler\CurlFactory.php(102): GuzzleHttp\Handler\CurlFactory::finishError(Object(GuzzleHttp\Handler\CurlMultiHandler), Object(GuzzleHttp\Handler\EasyHandle), Object(GuzzleHttp\Handler\CurlFactory))
#2 E:\xampp73\htdocs\filecroco\loader\vendor\guzzlehttp\guzzle\src\Handler\CurlMultiHandler.php(181): GuzzleHttp\Handler\CurlFactory::finish(Object(GuzzleHttp\Handler\CurlMultiHandler), Object(GuzzleHttp\Handler\EasyHandle), Object(GuzzleHttp\Handler\CurlFactory))
#3 E:\xampp73\htdocs\filecroco\loader\vendor\guzzlehttp\guzzle\src\Handler\CurlMultiHandler.php(110): GuzzleHttp\Handler\CurlMultiHandler->processMessages()
#4 E:\xampp73\htdocs\filecroco\loader\vendor\guzzlehttp\guzzle\src\Handler\CurlMultiHandler.php(125): GuzzleHttp\Handler\CurlMultiHandler->tick()
#5 E:\xampp73\htdocs\filecroco\loader\vendor\guzzlehttp\promises\src\Promise.php(246): GuzzleHttp\Handler\CurlMultiHandler->execute(true)
#6 E:\xampp73\htdocs\filecroco\loader\vendor\guzzlehttp\promises\src\Promise.php(223): GuzzleHttp\Promise\Promise->invokeWaitFn()
#7 E:\xampp73\htdocs\filecroco\loader\vendor\guzzlehttp\promises\src\Promise.php(267): GuzzleHttp\Promise\Promise->waitIfPending()
#8 E:\xampp73\htdocs\filecroco\loader\vendor\guzzlehttp\promises\src\Promise.php(225): GuzzleHttp\Promise\Promise->invokeWaitList()
#9 E:\xampp73\htdocs\filecroco\loader\vendor\guzzlehttp\promises\src\Promise.php(62): GuzzleHttp\Promise\Promise->waitIfPending()
#10 E:\xampp73\htdocs\filecroco\loader\vendor\guzzlehttp\promises\src\EachPromise.php(101): GuzzleHttp\Promise\Promise->wait()
#11 E:\xampp73\htdocs\filecroco\loader\vendor\guzzlehttp\promises\src\Promise.php(246): GuzzleHttp\Promise\EachPromise->GuzzleHttp\Promise\{closure}(true)
#12 E:\xampp73\htdocs\filecroco\loader\vendor\guzzlehttp\promises\src\Promise.php(223): GuzzleHttp\Promise\Promise->invokeWaitFn()
#13 E:\xampp73\htdocs\filecroco\loader\vendor\guzzlehttp\promises\src\Promise.php(62): GuzzleHttp\Promise\Promise->waitIfPending()
#14 E:\xampp73\htdocs\filecroco\loader\updatedownloadlink.php(95): GuzzleHttp\Promise\Promise->wait()
#15 {main}|996GuzzleHttp\Exception\RequestException: cURL error 56:  (see http://curl.haxx.se/libcurl/c/libcurl-errors.html) in E:\xampp73\htdocs\filecroco\loader\vendor\guzzlehttp\guzzle\src\Handler\CurlFactory.php:186
Stack trace:
#0 E:\xampp73\htdocs\filecroco\loader\vendor\guzzlehttp\guzzle\src\Handler\CurlFactory.php(149): GuzzleHttp\Handler\CurlFactory::createRejection(Object(GuzzleHttp\Handler\EasyHandle), Array)
#1 E:\xampp73\htdocs\filecroco\loader\vendor\guzzlehttp\guzzle\src\Handler\CurlFactory.php(102): GuzzleHttp\Handler\CurlFactory::finishError(Object(GuzzleHttp\Handler\CurlMultiHandler), Object(GuzzleHttp\Handler\EasyHandle), Object(GuzzleHttp\Handler\CurlFactory))
#2 E:\xampp73\htdocs\filecroco\loader\vendor\guzzlehttp\guzzle\src\Handler\CurlMultiHandler.php(181): GuzzleHttp\Handler\CurlFactory::finish(Object(GuzzleHttp\Handler\CurlMultiHandler), Object(GuzzleHttp\Handler\EasyHandle), Object(GuzzleHttp\Handler\CurlFactory))
#3 E:\xampp73\htdocs\filecroco\loader\vendor\guzzlehttp\guzzle\src\Handler\CurlMultiHandler.php(110): GuzzleHttp\Handler\CurlMultiHandler->processMessages()
#4 E:\xampp73\htdocs\filecroco\loader\vendor\guzzlehttp\guzzle\src\Handler\CurlMultiHandler.php(125): GuzzleHttp\Handler\CurlMultiHandler->tick()
#5 E:\xampp73\htdocs\filecroco\loader\vendor\guzzlehttp\promises\src\Promise.php(246): GuzzleHttp\Handler\CurlMultiHandler->execute(true)
#6 E:\xampp73\htdocs\filecroco\loader\vendor\guzzlehttp\promises\src\Promise.php(223): GuzzleHttp\Promise\Promise->invokeWaitFn()
#7 E:\xampp73\htdocs\filecroco\loader\vendor\guzzlehttp\promises\src\Promise.php(267): GuzzleHttp\Promise\Promise->waitIfPending()
#8 E:\xampp73\htdocs\filecroco\loader\vendor\guzzlehttp\promises\src\Promise.php(225): GuzzleHttp\Promise\Promise->invokeWaitList()
#9 E:\xampp73\htdocs\filecroco\loader\vendor\guzzlehttp\promises\src\Promise.php(62): GuzzleHttp\Promise\Promise->waitIfPending()
#10 E:\xampp73\htdocs\filecroco\loader\vendor\guzzlehttp\promises\src\EachPromise.php(101): GuzzleHttp\Promise\Promise->wait()
#11 E:\xampp73\htdocs\filecroco\loader\vendor\guzzlehttp\promises\src\Promise.php(246): GuzzleHttp\Promise\EachPromise->GuzzleHttp\Promise\{closure}(true)
#12 E:\xampp73\htdocs\filecroco\loader\vendor\guzzlehttp\promises\src\Promise.php(223): GuzzleHttp\Promise\Promise->invokeWaitFn()
#13 E:\xampp73\htdocs\filecroco\loader\vendor\guzzlehttp\promises\src\Promise.php(62): GuzzleHttp\Promise\Promise->waitIfPending()
#14 E:\xampp73\htdocs\filecroco\loader\updatedownloadlink.php(95): GuzzleHttp\Promise\Promise->wait()
#15 {main}|997GuzzleHttp\Exception\RequestException: cURL error 56:  (see http://curl.haxx.se/libcurl/c/libcurl-errors.html) in E:\xampp73\htdocs\filecroco\loader\vendor\guzzlehttp\guzzle\src\Handler\CurlFactory.php:186
Stack trace:
#0 E:\xampp73\htdocs\filecroco\loader\vendor\guzzlehttp\guzzle\src\Handler\CurlFactory.php(149): GuzzleHttp\Handler\CurlFactory::createRejection(Object(GuzzleHttp\Handler\EasyHandle), Array)
#1 E:\xampp73\htdocs\filecroco\loader\vendor\guzzlehttp\guzzle\src\Handler\CurlFactory.php(102): GuzzleHttp\Handler\CurlFactory::finishError(Object(GuzzleHttp\Handler\CurlMultiHandler), Object(GuzzleHttp\Handler\EasyHandle), Object(GuzzleHttp\Handler\CurlFactory))
#2 E:\xampp73\htdocs\filecroco\loader\vendor\guzzlehttp\guzzle\src\Handler\CurlMultiHandler.php(181): GuzzleHttp\Handler\CurlFactory::finish(Object(GuzzleHttp\Handler\CurlMultiHandler), Object(GuzzleHttp\Handler\EasyHandle), Object(GuzzleHttp\Handler\CurlFactory))
#3 E:\xampp73\htdocs\filecroco\loader\vendor\guzzlehttp\guzzle\src\Handler\CurlMultiHandler.php(110): GuzzleHttp\Handler\CurlMultiHandler->processMessages()
#4 E:\xampp73\htdocs\filecroco\loader\vendor\guzzlehttp\guzzle\src\Handler\CurlMultiHandler.php(125): GuzzleHttp\Handler\CurlMultiHandler->tick()
#5 E:\xampp73\htdocs\filecroco\loader\vendor\guzzlehttp\promises\src\Promise.php(246): GuzzleHttp\Handler\CurlMultiHandler->execute(true)
#6 E:\xampp73\htdocs\filecroco\loader\vendor\guzzlehttp\promises\src\Promise.php(223): GuzzleHttp\Promise\Promise->invokeWaitFn()
#7 E:\xampp73\htdocs\filecroco\loader\vendor\guzzlehttp\promises\src\Promise.php(267): GuzzleHttp\Promise\Promise->waitIfPending()
#8 E:\xampp73\htdocs\filecroco\loader\vendor\guzzlehttp\promises\src\Promise.php(225): GuzzleHttp\Promise\Promise->invokeWaitList()
#9 E:\xampp73\htdocs\filecroco\loader\vendor\guzzlehttp\promises\src\Promise.php(62): GuzzleHttp\Promise\Promise->waitIfPending()
#10 E:\xampp73\htdocs\filecroco\loader\vendor\guzzlehttp\promises\src\EachPromise.php(101): GuzzleHttp\Promise\Promise->wait()
#11 E:\xampp73\htdocs\filecroco\loader\vendor\guzzlehttp\promises\src\Promise.php(246): GuzzleHttp\Promise\EachPromise->GuzzleHttp\Promise\{closure}(true)
#12 E:\xampp73\htdocs\filecroco\loader\vendor\guzzlehttp\promises\src\Promise.php(223): GuzzleHttp\Promise\Promise->invokeWaitFn()
#13 E:\xampp73\htdocs\filecroco\loader\vendor\guzzlehttp\promises\src\Promise.php(62): GuzzleHttp\Promise\Promise->waitIfPending()
#14 E:\xampp73\htdocs\filecroco\loader\updatedownloadlink.php(95): GuzzleHttp\Promise\Promise->wait()
#15 {main}|998GuzzleHttp\Exception\RequestException: cURL error 56:  (see http://curl.haxx.se/libcurl/c/libcurl-errors.html) in E:\xampp73\htdocs\filecroco\loader\vendor\guzzlehttp\guzzle\src\Handler\CurlFactory.php:186
Stack trace:
#0 E:\xampp73\htdocs\filecroco\loader\vendor\guzzlehttp\guzzle\src\Handler\CurlFactory.php(149): GuzzleHttp\Handler\CurlFactory::createRejection(Object(GuzzleHttp\Handler\EasyHandle), Array)
#1 E:\xampp73\htdocs\filecroco\loader\vendor\guzzlehttp\guzzle\src\Handler\CurlFactory.php(102): GuzzleHttp\Handler\CurlFactory::finishError(Object(GuzzleHttp\Handler\CurlMultiHandler), Object(GuzzleHttp\Handler\EasyHandle), Object(GuzzleHttp\Handler\CurlFactory))
#2 E:\xampp73\htdocs\filecroco\loader\vendor\guzzlehttp\guzzle\src\Handler\CurlMultiHandler.php(181): GuzzleHttp\Handler\CurlFactory::finish(Object(GuzzleHttp\Handler\CurlMultiHandler), Object(GuzzleHttp\Handler\EasyHandle), Object(GuzzleHttp\Handler\CurlFactory))
#3 E:\xampp73\htdocs\filecroco\loader\vendor\guzzlehttp\guzzle\src\Handler\CurlMultiHandler.php(110): GuzzleHttp\Handler\CurlMultiHandler->processMessages()
#4 E:\xampp73\htdocs\filecroco\loader\vendor\guzzlehttp\guzzle\src\Handler\CurlMultiHandler.php(125): GuzzleHttp\Handler\CurlMultiHandler->tick()
#5 E:\xampp73\htdocs\filecroco\loader\vendor\guzzlehttp\promises\src\Promise.php(246): GuzzleHttp\Handler\CurlMultiHandler->execute(true)
#6 E:\xampp73\htdocs\filecroco\loader\vendor\guzzlehttp\promises\src\Promise.php(223): GuzzleHttp\Promise\Promise->invokeWaitFn()
#7 E:\xampp73\htdocs\filecroco\loader\vendor\guzzlehttp\promises\src\Promise.php(267): GuzzleHttp\Promise\Promise->waitIfPending()
#8 E:\xampp73\htdocs\filecroco\loader\vendor\guzzlehttp\promises\src\Promise.php(225): GuzzleHttp\Promise\Promise->invokeWaitList()
#9 E:\xampp73\htdocs\filecroco\loader\vendor\guzzlehttp\promises\src\Promise.php(62): GuzzleHttp\Promise\Promise->waitIfPending()
#10 E:\xampp73\htdocs\filecroco\loader\vendor\guzzlehttp\promises\src\EachPromise.php(101): GuzzleHttp\Promise\Promise->wait()
#11 E:\xampp73\htdocs\filecroco\loader\vendor\guzzlehttp\promises\src\Promise.php(246): GuzzleHttp\Promise\EachPromise->GuzzleHttp\Promise\{closure}(true)
#12 E:\xampp73\htdocs\filecroco\loader\vendor\guzzlehttp\promises\src\Promise.php(223): GuzzleHttp\Promise\Promise->invokeWaitFn()
#13 E:\xampp73\htdocs\filecroco\loader\vendor\guzzlehttp\promises\src\Promise.php(62): GuzzleHttp\Promise\Promise->waitIfPending()
#14 E:\xampp73\htdocs\filecroco\loader\updatedownloadlink.php(95): GuzzleHttp\Promise\Promise->wait()
#15 {main}|999GuzzleHttp\Exception\RequestException: cURL error 56:  (see http://curl.haxx.se/libcurl/c/libcurl-errors.html) in E:\xampp73\htdocs\filecroco\loader\vendor\guzzlehttp\guzzle\src\Handler\CurlFactory.php:186
Stack trace:
#0 E:\xampp73\htdocs\filecroco\loader\vendor\guzzlehttp\guzzle\src\Handler\CurlFactory.php(149): GuzzleHttp\Handler\CurlFactory::createRejection(Object(GuzzleHttp\Handler\EasyHandle), Array)
#1 E:\xampp73\htdocs\filecroco\loader\vendor\guzzlehttp\guzzle\src\Handler\CurlFactory.php(102): GuzzleHttp\Handler\CurlFactory::finishError(Object(GuzzleHttp\Handler\CurlMultiHandler), Object(GuzzleHttp\Handler\EasyHandle), Object(GuzzleHttp\Handler\CurlFactory))
#2 E:\xampp73\htdocs\filecroco\loader\vendor\guzzlehttp\guzzle\src\Handler\CurlMultiHandler.php(181): GuzzleHttp\Handler\CurlFactory::finish(Object(GuzzleHttp\Handler\CurlMultiHandler), Object(GuzzleHttp\Handler\EasyHandle), Object(GuzzleHttp\Handler\CurlFactory))
#3 E:\xampp73\htdocs\filecroco\loader\vendor\guzzlehttp\guzzle\src\Handler\CurlMultiHandler.php(110): GuzzleHttp\Handler\CurlMultiHandler->processMessages()
#4 E:\xampp73\htdocs\filecroco\loader\vendor\guzzlehttp\guzzle\src\Handler\CurlMultiHandler.php(125): GuzzleHttp\Handler\CurlMultiHandler->tick()
#5 E:\xampp73\htdocs\filecroco\loader\vendor\guzzlehttp\promises\src\Promise.php(246): GuzzleHttp\Handler\CurlMultiHandler->execute(true)
#6 E:\xampp73\htdocs\filecroco\loader\vendor\guzzlehttp\promises\src\Promise.php(223): GuzzleHttp\Promise\Promise->invokeWaitFn()
#7 E:\xampp73\htdocs\filecroco\loader\vendor\guzzlehttp\promises\src\Promise.php(267): GuzzleHttp\Promise\Promise->waitIfPending()
#8 E:\xampp73\htdocs\filecroco\loader\vendor\guzzlehttp\promises\src\Promise.php(225): GuzzleHttp\Promise\Promise->invokeWaitList()
#9 E:\xampp73\htdocs\filecroco\loader\vendor\guzzlehttp\promises\src\Promise.php(62): GuzzleHttp\Promise\Promise->waitIfPending()
#10 E:\xampp73\htdocs\filecroco\loader\vendor\guzzlehttp\promises\src\EachPromise.php(101): GuzzleHttp\Promise\Promise->wait()
#11 E:\xampp73\htdocs\filecroco\loader\vendor\guzzlehttp\promises\src\Promise.php(246): GuzzleHttp\Promise\EachPromise->GuzzleHttp\Promise\{closure}(true)
#12 E:\xampp73\htdocs\filecroco\loader\vendor\guzzlehttp\promises\src\Promise.php(223): GuzzleHttp\Promise\Promise->invokeWaitFn()
#13 E:\xampp73\htdocs\filecroco\loader\vendor\guzzlehttp\promises\src\Promise.php(62): GuzzleHttp\Promise\Promise->waitIfPending()
#14 E:\xampp73\htdocs\filecroco\loader\updatedownloadlink.php(95): GuzzleHttp\Promise\Promise->wait()
#15 {main}|1000GuzzleHttp\Exception\RequestException: cURL error 56:  (see http://curl.haxx.se/libcurl/c/libcurl-errors.html) in E:\xampp73\htdocs\filecroco\loader\vendor\guzzlehttp\guzzle\src\Handler\CurlFactory.php:186
Stack trace:
#0 E:\xampp73\htdocs\filecroco\loader\vendor\guzzlehttp\guzzle\src\Handler\CurlFactory.php(149): GuzzleHttp\Handler\CurlFactory::createRejection(Object(GuzzleHttp\Handler\EasyHandle), Array)
#1 E:\xampp73\htdocs\filecroco\loader\vendor\guzzlehttp\guzzle\src\Handler\CurlFactory.php(102): GuzzleHttp\Handler\CurlFactory::finishError(Object(GuzzleHttp\Handler\CurlMultiHandler), Object(GuzzleHttp\Handler\EasyHandle), Object(GuzzleHttp\Handler\CurlFactory))
#2 E:\xampp73\htdocs\filecroco\loader\vendor\guzzlehttp\guzzle\src\Handler\CurlMultiHandler.php(181): GuzzleHttp\Handler\CurlFactory::finish(Object(GuzzleHttp\Handler\CurlMultiHandler), Object(GuzzleHttp\Handler\EasyHandle), Object(GuzzleHttp\Handler\CurlFactory))
#3 E:\xampp73\htdocs\filecroco\loader\vendor\guzzlehttp\guzzle\src\Handler\CurlMultiHandler.php(110): GuzzleHttp\Handler\CurlMultiHandler->processMessages()
#4 E:\xampp73\htdocs\filecroco\loader\vendor\guzzlehttp\guzzle\src\Handler\CurlMultiHandler.php(125): GuzzleHttp\Handler\CurlMultiHandler->tick()
#5 E:\xampp73\htdocs\filecroco\loader\vendor\guzzlehttp\promises\src\Promise.php(246): GuzzleHttp\Handler\CurlMultiHandler->execute(true)
#6 E:\xampp73\htdocs\filecroco\loader\vendor\guzzlehttp\promises\src\Promise.php(223): GuzzleHttp\Promise\Promise->invokeWaitFn()
#7 E:\xampp73\htdocs\filecroco\loader\vendor\guzzlehttp\promises\src\Promise.php(267): GuzzleHttp\Promise\Promise->waitIfPending()
#8 E:\xampp73\htdocs\filecroco\loader\vendor\guzzlehttp\promises\src\Promise.php(225): GuzzleHttp\Promise\Promise->invokeWaitList()
#9 E:\xampp73\htdocs\filecroco\loader\vendor\guzzlehttp\promises\src\Promise.php(62): GuzzleHttp\Promise\Promise->waitIfPending()
#10 E:\xampp73\htdocs\filecroco\loader\vendor\guzzlehttp\promises\src\EachPromise.php(101): GuzzleHttp\Promise\Promise->wait()
#11 E:\xampp73\htdocs\filecroco\loader\vendor\guzzlehttp\promises\src\Promise.php(246): GuzzleHttp\Promise\EachPromise->GuzzleHttp\Promise\{closure}(true)
#12 E:\xampp73\htdocs\filecroco\loader\vendor\guzzlehttp\promises\src\Promise.php(223): GuzzleHttp\Promise\Promise->invokeWaitFn()
#13 E:\xampp73\htdocs\filecroco\loader\vendor\guzzlehttp\promises\src\Promise.php(62): GuzzleHttp\Promise\Promise->waitIfPending()
#14 E:\xampp73\htdocs\filecroco\loader\updatedownloadlink.php(95): GuzzleHttp\Promise\Promise->wait()
#15 {main}|1001GuzzleHttp\Exception\RequestException: cURL error 56:  (see http://curl.haxx.se/libcurl/c/libcurl-errors.html) in E:\xampp73\htdocs\filecroco\loader\vendor\guzzlehttp\guzzle\src\Handler\CurlFactory.php:186
Stack trace:
#0 E:\xampp73\htdocs\filecroco\loader\vendor\guzzlehttp\guzzle\src\Handler\CurlFactory.php(149): GuzzleHttp\Handler\CurlFactory::createRejection(Object(GuzzleHttp\Handler\EasyHandle), Array)
#1 E:\xampp73\htdocs\filecroco\loader\vendor\guzzlehttp\guzzle\src\Handler\CurlFactory.php(102): GuzzleHttp\Handler\CurlFactory::finishError(Object(GuzzleHttp\Handler\CurlMultiHandler), Object(GuzzleHttp\Handler\EasyHandle), Object(GuzzleHttp\Handler\CurlFactory))
#2 E:\xampp73\htdocs\filecroco\loader\vendor\guzzlehttp\guzzle\src\Handler\CurlMultiHandler.php(181): GuzzleHttp\Handler\CurlFactory::finish(Object(GuzzleHttp\Handler\CurlMultiHandler), Object(GuzzleHttp\Handler\EasyHandle), Object(GuzzleHttp\Handler\CurlFactory))
#3 E:\xampp73\htdocs\filecroco\loader\vendor\guzzlehttp\guzzle\src\Handler\CurlMultiHandler.php(110): GuzzleHttp\Handler\CurlMultiHandler->processMessages()
#4 E:\xampp73\htdocs\filecroco\loader\vendor\guzzlehttp\guzzle\src\Handler\CurlMultiHandler.php(125): GuzzleHttp\Handler\CurlMultiHandler->tick()
#5 E:\xampp73\htdocs\filecroco\loader\vendor\guzzlehttp\promises\src\Promise.php(246): GuzzleHttp\Handler\CurlMultiHandler->execute(true)
#6 E:\xampp73\htdocs\filecroco\loader\vendor\guzzlehttp\promises\src\Promise.php(223): GuzzleHttp\Promise\Promise->invokeWaitFn()
#7 E:\xampp73\htdocs\filecroco\loader\vendor\guzzlehttp\promises\src\Promise.php(267): GuzzleHttp\Promise\Promise->waitIfPending()
#8 E:\xampp73\htdocs\filecroco\loader\vendor\guzzlehttp\promises\src\Promise.php(225): GuzzleHttp\Promise\Promise->invokeWaitList()
#9 E:\xampp73\htdocs\filecroco\loader\vendor\guzzlehttp\promises\src\Promise.php(62): GuzzleHttp\Promise\Promise->waitIfPending()
#10 E:\xampp73\htdocs\filecroco\loader\vendor\guzzlehttp\promises\src\EachPromise.php(101): GuzzleHttp\Promise\Promise->wait()
#11 E:\xampp73\htdocs\filecroco\loader\vendor\guzzlehttp\promises\src\Promise.php(246): GuzzleHttp\Promise\EachPromise->GuzzleHttp\Promise\{closure}(true)
#12 E:\xampp73\htdocs\filecroco\loader\vendor\guzzlehttp\promises\src\Promise.php(223): GuzzleHttp\Promise\Promise->invokeWaitFn()
#13 E:\xampp73\htdocs\filecroco\loader\vendor\guzzlehttp\promises\src\Promise.php(62): GuzzleHttp\Promise\Promise->waitIfPending()
#14 E:\xampp73\htdocs\filecroco\loader\updatedownloadlink.php(95): GuzzleHttp\Promise\Promise->wait()
#15 {main}|1002GuzzleHttp\Exception\RequestException: cURL error 56:  (see http://curl.haxx.se/libcurl/c/libcurl-errors.html) in E:\xampp73\htdocs\filecroco\loader\vendor\guzzlehttp\guzzle\src\Handler\CurlFactory.php:186
Stack trace:
#0 E:\xampp73\htdocs\filecroco\loader\vendor\guzzlehttp\guzzle\src\Handler\CurlFactory.php(149): GuzzleHttp\Handler\CurlFactory::createRejection(Object(GuzzleHttp\Handler\EasyHandle), Array)
#1 E:\xampp73\htdocs\filecroco\loader\vendor\guzzlehttp\guzzle\src\Handler\CurlFactory.php(102): GuzzleHttp\Handler\CurlFactory::finishError(Object(GuzzleHttp\Handler\CurlMultiHandler), Object(GuzzleHttp\Handler\EasyHandle), Object(GuzzleHttp\Handler\CurlFactory))
#2 E:\xampp73\htdocs\filecroco\loader\vendor\guzzlehttp\guzzle\src\Handler\CurlMultiHandler.php(181): GuzzleHttp\Handler\CurlFactory::finish(Object(GuzzleHttp\Handler\CurlMultiHandler), Object(GuzzleHttp\Handler\EasyHandle), Object(GuzzleHttp\Handler\CurlFactory))
#3 E:\xampp73\htdocs\filecroco\loader\vendor\guzzlehttp\guzzle\src\Handler\CurlMultiHandler.php(110): GuzzleHttp\Handler\CurlMultiHandler->processMessages()
#4 E:\xampp73\htdocs\filecroco\loader\vendor\guzzlehttp\guzzle\src\Handler\CurlMultiHandler.php(125): GuzzleHttp\Handler\CurlMultiHandler->tick()
#5 E:\xampp73\htdocs\filecroco\loader\vendor\guzzlehttp\promises\src\Promise.php(246): GuzzleHttp\Handler\CurlMultiHandler->execute(true)
#6 E:\xampp73\htdocs\filecroco\loader\vendor\guzzlehttp\promises\src\Promise.php(223): GuzzleHttp\Promise\Promise->invokeWaitFn()
#7 E:\xampp73\htdocs\filecroco\loader\vendor\guzzlehttp\promises\src\Promise.php(267): GuzzleHttp\Promise\Promise->waitIfPending()
#8 E:\xampp73\htdocs\filecroco\loader\vendor\guzzlehttp\promises\src\Promise.php(225): GuzzleHttp\Promise\Promise->invokeWaitList()
#9 E:\xampp73\htdocs\filecroco\loader\vendor\guzzlehttp\promises\src\Promise.php(62): GuzzleHttp\Promise\Promise->waitIfPending()
#10 E:\xampp73\htdocs\filecroco\loader\vendor\guzzlehttp\promises\src\EachPromise.php(101): GuzzleHttp\Promise\Promise->wait()
#11 E:\xampp73\htdocs\filecroco\loader\vendor\guzzlehttp\promises\src\Promise.php(246): GuzzleHttp\Promise\EachPromise->GuzzleHttp\Promise\{closure}(true)
#12 E:\xampp73\htdocs\filecroco\loader\vendor\guzzlehttp\promises\src\Promise.php(223): GuzzleHttp\Promise\Promise->invokeWaitFn()
#13 E:\xampp73\htdocs\filecroco\loader\vendor\guzzlehttp\promises\src\Promise.php(62): GuzzleHttp\Promise\Promise->waitIfPending()
#14 E:\xampp73\htdocs\filecroco\loader\updatedownloadlink.php(95): GuzzleHttp\Promise\Promise->wait()
#15 {main}|1003GuzzleHttp\Exception\RequestException: cURL error 56:  (see http://curl.haxx.se/libcurl/c/libcurl-errors.html) in E:\xampp73\htdocs\filecroco\loader\vendor\guzzlehttp\guzzle\src\Handler\CurlFactory.php:186
Stack trace:
#0 E:\xampp73\htdocs\filecroco\loader\vendor\guzzlehttp\guzzle\src\Handler\CurlFactory.php(149): GuzzleHttp\Handler\CurlFactory::createRejection(Object(GuzzleHttp\Handler\EasyHandle), Array)
#1 E:\xampp73\htdocs\filecroco\loader\vendor\guzzlehttp\guzzle\src\Handler\CurlFactory.php(102): GuzzleHttp\Handler\CurlFactory::finishError(Object(GuzzleHttp\Handler\CurlMultiHandler), Object(GuzzleHttp\Handler\EasyHandle), Object(GuzzleHttp\Handler\CurlFactory))
#2 E:\xampp73\htdocs\filecroco\loader\vendor\guzzlehttp\guzzle\src\Handler\CurlMultiHandler.php(181): GuzzleHttp\Handler\CurlFactory::finish(Object(GuzzleHttp\Handler\CurlMultiHandler), Object(GuzzleHttp\Handler\EasyHandle), Object(GuzzleHttp\Handler\CurlFactory))
#3 E:\xampp73\htdocs\filecroco\loader\vendor\guzzlehttp\guzzle\src\Handler\CurlMultiHandler.php(110): GuzzleHttp\Handler\CurlMultiHandler->processMessages()
#4 E:\xampp73\htdocs\filecroco\loader\vendor\guzzlehttp\guzzle\src\Handler\CurlMultiHandler.php(125): GuzzleHttp\Handler\CurlMultiHandler->tick()
#5 E:\xampp73\htdocs\filecroco\loader\vendor\guzzlehttp\promises\src\Promise.php(246): GuzzleHttp\Handler\CurlMultiHandler->execute(true)
#6 E:\xampp73\htdocs\filecroco\loader\vendor\guzzlehttp\promises\src\Promise.php(223): GuzzleHttp\Promise\Promise->invokeWaitFn()
#7 E:\xampp73\htdocs\filecroco\loader\vendor\guzzlehttp\promises\src\Promise.php(267): GuzzleHttp\Promise\Promise->waitIfPending()
#8 E:\xampp73\htdocs\filecroco\loader\vendor\guzzlehttp\promises\src\Promise.php(225): GuzzleHttp\Promise\Promise->invokeWaitList()
#9 E:\xampp73\htdocs\filecroco\loader\vendor\guzzlehttp\promises\src\Promise.php(62): GuzzleHttp\Promise\Promise->waitIfPending()
#10 E:\xampp73\htdocs\filecroco\loader\vendor\guzzlehttp\promises\src\EachPromise.php(101): GuzzleHttp\Promise\Promise->wait()
#11 E:\xampp73\htdocs\filecroco\loader\vendor\guzzlehttp\promises\src\Promise.php(246): GuzzleHttp\Promise\EachPromise->GuzzleHttp\Promise\{closure}(true)
#12 E:\xampp73\htdocs\filecroco\loader\vendor\guzzlehttp\promises\src\Promise.php(223): GuzzleHttp\Promise\Promise->invokeWaitFn()
#13 E:\xampp73\htdocs\filecroco\loader\vendor\guzzlehttp\promises\src\Promise.php(62): GuzzleHttp\Promise\Promise->waitIfPending()
#14 E:\xampp73\htdocs\filecroco\loader\updatedownloadlink.php(95): GuzzleHttp\Promise\Promise->wait()
#15 {main}|1004GuzzleHttp\Exception\RequestException: cURL error 56:  (see http://curl.haxx.se/libcurl/c/libcurl-errors.html) in E:\xampp73\htdocs\filecroco\loader\vendor\guzzlehttp\guzzle\src\Handler\CurlFactory.php:186
Stack trace:
#0 E:\xampp73\htdocs\filecroco\loader\vendor\guzzlehttp\guzzle\src\Handler\CurlFactory.php(149): GuzzleHttp\Handler\CurlFactory::createRejection(Object(GuzzleHttp\Handler\EasyHandle), Array)
#1 E:\xampp73\htdocs\filecroco\loader\vendor\guzzlehttp\guzzle\src\Handler\CurlFactory.php(102): GuzzleHttp\Handler\CurlFactory::finishError(Object(GuzzleHttp\Handler\CurlMultiHandler), Object(GuzzleHttp\Handler\EasyHandle), Object(GuzzleHttp\Handler\CurlFactory))
#2 E:\xampp73\htdocs\filecroco\loader\vendor\guzzlehttp\guzzle\src\Handler\CurlMultiHandler.php(181): GuzzleHttp\Handler\CurlFactory::finish(Object(GuzzleHttp\Handler\CurlMultiHandler), Object(GuzzleHttp\Handler\EasyHandle), Object(GuzzleHttp\Handler\CurlFactory))
#3 E:\xampp73\htdocs\filecroco\loader\vendor\guzzlehttp\guzzle\src\Handler\CurlMultiHandler.php(110): GuzzleHttp\Handler\CurlMultiHandler->processMessages()
#4 E:\xampp73\htdocs\filecroco\loader\vendor\guzzlehttp\guzzle\src\Handler\CurlMultiHandler.php(125): GuzzleHttp\Handler\CurlMultiHandler->tick()
#5 E:\xampp73\htdocs\filecroco\loader\vendor\guzzlehttp\promises\src\Promise.php(246): GuzzleHttp\Handler\CurlMultiHandler->execute(true)
#6 E:\xampp73\htdocs\filecroco\loader\vendor\guzzlehttp\promises\src\Promise.php(223): GuzzleHttp\Promise\Promise->invokeWaitFn()
#7 E:\xampp73\htdocs\filecroco\loader\vendor\guzzlehttp\promises\src\Promise.php(267): GuzzleHttp\Promise\Promise->waitIfPending()
#8 E:\xampp73\htdocs\filecroco\loader\vendor\guzzlehttp\promises\src\Promise.php(225): GuzzleHttp\Promise\Promise->invokeWaitList()
#9 E:\xampp73\htdocs\filecroco\loader\vendor\guzzlehttp\promises\src\Promise.php(62): GuzzleHttp\Promise\Promise->waitIfPending()
#10 E:\xampp73\htdocs\filecroco\loader\vendor\guzzlehttp\promises\src\EachPromise.php(101): GuzzleHttp\Promise\Promise->wait()
#11 E:\xampp73\htdocs\filecroco\loader\vendor\guzzlehttp\promises\src\Promise.php(246): GuzzleHttp\Promise\EachPromise->GuzzleHttp\Promise\{closure}(true)
#12 E:\xampp73\htdocs\filecroco\loader\vendor\guzzlehttp\promises\src\Promise.php(223): GuzzleHttp\Promise\Promise->invokeWaitFn()
#13 E:\xampp73\htdocs\filecroco\loader\vendor\guzzlehttp\promises\src\Promise.php(62): GuzzleHttp\Promise\Promise->waitIfPending()
#14 E:\xampp73\htdocs\filecroco\loader\updatedownloadlink.php(95): GuzzleHttp\Promise\Promise->wait()
#15 {main}|1005GuzzleHttp\Exception\RequestException: cURL error 56:  (see http://curl.haxx.se/libcurl/c/libcurl-errors.html) in E:\xampp73\htdocs\filecroco\loader\vendor\guzzlehttp\guzzle\src\Handler\CurlFactory.php:186
Stack trace:
#0 E:\xampp73\htdocs\filecroco\loader\vendor\guzzlehttp\guzzle\src\Handler\CurlFactory.php(149): GuzzleHttp\Handler\CurlFactory::createRejection(Object(GuzzleHttp\Handler\EasyHandle), Array)
#1 E:\xampp73\htdocs\filecroco\loader\vendor\guzzlehttp\guzzle\src\Handler\CurlFactory.php(102): GuzzleHttp\Handler\CurlFactory::finishError(Object(GuzzleHttp\Handler\CurlMultiHandler), Object(GuzzleHttp\Handler\EasyHandle), Object(GuzzleHttp\Handler\CurlFactory))
#2 E:\xampp73\htdocs\filecroco\loader\vendor\guzzlehttp\guzzle\src\Handler\CurlMultiHandler.php(181): GuzzleHttp\Handler\CurlFactory::finish(Object(GuzzleHttp\Handler\CurlMultiHandler), Object(GuzzleHttp\Handler\EasyHandle), Object(GuzzleHttp\Handler\CurlFactory))
#3 E:\xampp73\htdocs\filecroco\loader\vendor\guzzlehttp\guzzle\src\Handler\CurlMultiHandler.php(110): GuzzleHttp\Handler\CurlMultiHandler->processMessages()
#4 E:\xampp73\htdocs\filecroco\loader\vendor\guzzlehttp\guzzle\src\Handler\CurlMultiHandler.php(125): GuzzleHttp\Handler\CurlMultiHandler->tick()
#5 E:\xampp73\htdocs\filecroco\loader\vendor\guzzlehttp\promises\src\Promise.php(246): GuzzleHttp\Handler\CurlMultiHandler->execute(true)
#6 E:\xampp73\htdocs\filecroco\loader\vendor\guzzlehttp\promises\src\Promise.php(223): GuzzleHttp\Promise\Promise->invokeWaitFn()
#7 E:\xampp73\htdocs\filecroco\loader\vendor\guzzlehttp\promises\src\Promise.php(267): GuzzleHttp\Promise\Promise->waitIfPending()
#8 E:\xampp73\htdocs\filecroco\loader\vendor\guzzlehttp\promises\src\Promise.php(225): GuzzleHttp\Promise\Promise->invokeWaitList()
#9 E:\xampp73\htdocs\filecroco\loader\vendor\guzzlehttp\promises\src\Promise.php(62): GuzzleHttp\Promise\Promise->waitIfPending()
#10 E:\xampp73\htdocs\filecroco\loader\vendor\guzzlehttp\promises\src\EachPromise.php(101): GuzzleHttp\Promise\Promise->wait()
#11 E:\xampp73\htdocs\filecroco\loader\vendor\guzzlehttp\promises\src\Promise.php(246): GuzzleHttp\Promise\EachPromise->GuzzleHttp\Promise\{closure}(true)
#12 E:\xampp73\htdocs\filecroco\loader\vendor\guzzlehttp\promises\src\Promise.php(223): GuzzleHttp\Promise\Promise->invokeWaitFn()
#13 E:\xampp73\htdocs\filecroco\loader\vendor\guzzlehttp\promises\src\Promise.php(62): GuzzleHttp\Promise\Promise->waitIfPending()
#14 E:\xampp73\htdocs\filecroco\loader\updatedownloadlink.php(95): GuzzleHttp\Promise\Promise->wait()
#15 {main}|1006GuzzleHttp\Exception\RequestException: cURL error 56:  (see http://curl.haxx.se/libcurl/c/libcurl-errors.html) in E:\xampp73\htdocs\filecroco\loader\vendor\guzzlehttp\guzzle\src\Handler\CurlFactory.php:186
Stack trace:
#0 E:\xampp73\htdocs\filecroco\loader\vendor\guzzlehttp\guzzle\src\Handler\CurlFactory.php(149): GuzzleHttp\Handler\CurlFactory::createRejection(Object(GuzzleHttp\Handler\EasyHandle), Array)
#1 E:\xampp73\htdocs\filecroco\loader\vendor\guzzlehttp\guzzle\src\Handler\CurlFactory.php(102): GuzzleHttp\Handler\CurlFactory::finishError(Object(GuzzleHttp\Handler\CurlMultiHandler), Object(GuzzleHttp\Handler\EasyHandle), Object(GuzzleHttp\Handler\CurlFactory))
#2 E:\xampp73\htdocs\filecroco\loader\vendor\guzzlehttp\guzzle\src\Handler\CurlMultiHandler.php(181): GuzzleHttp\Handler\CurlFactory::finish(Object(GuzzleHttp\Handler\CurlMultiHandler), Object(GuzzleHttp\Handler\EasyHandle), Object(GuzzleHttp\Handler\CurlFactory))
#3 E:\xampp73\htdocs\filecroco\loader\vendor\guzzlehttp\guzzle\src\Handler\CurlMultiHandler.php(110): GuzzleHttp\Handler\CurlMultiHandler->processMessages()
#4 E:\xampp73\htdocs\filecroco\loader\vendor\guzzlehttp\guzzle\src\Handler\CurlMultiHandler.php(125): GuzzleHttp\Handler\CurlMultiHandler->tick()
#5 E:\xampp73\htdocs\filecroco\loader\vendor\guzzlehttp\promises\src\Promise.php(246): GuzzleHttp\Handler\CurlMultiHandler->execute(true)
#6 E:\xampp73\htdocs\filecroco\loader\vendor\guzzlehttp\promises\src\Promise.php(223): GuzzleHttp\Promise\Promise->invokeWaitFn()
#7 E:\xampp73\htdocs\filecroco\loader\vendor\guzzlehttp\promises\src\Promise.php(267): GuzzleHttp\Promise\Promise->waitIfPending()
#8 E:\xampp73\htdocs\filecroco\loader\vendor\guzzlehttp\promises\src\Promise.php(225): GuzzleHttp\Promise\Promise->invokeWaitList()
#9 E:\xampp73\htdocs\filecroco\loader\vendor\guzzlehttp\promises\src\Promise.php(62): GuzzleHttp\Promise\Promise->waitIfPending()
#10 E:\xampp73\htdocs\filecroco\loader\vendor\guzzlehttp\promises\src\EachPromise.php(101): GuzzleHttp\Promise\Promise->wait()
#11 E:\xampp73\htdocs\filecroco\loader\vendor\guzzlehttp\promises\src\Promise.php(246): GuzzleHttp\Promise\EachPromise->GuzzleHttp\Promise\{closure}(true)
#12 E:\xampp73\htdocs\filecroco\loader\vendor\guzzlehttp\promises\src\Promise.php(223): GuzzleHttp\Promise\Promise->invokeWaitFn()
#13 E:\xampp73\htdocs\filecroco\loader\vendor\guzzlehttp\promises\src\Promise.php(62): GuzzleHttp\Promise\Promise->waitIfPending()
#14 E:\xampp73\htdocs\filecroco\loader\updatedownloadlink.php(95): GuzzleHttp\Promise\Promise->wait()
#15 {main}|1007GuzzleHttp\Exception\RequestException: cURL error 56:  (see http://curl.haxx.se/libcurl/c/libcurl-errors.html) in E:\xampp73\htdocs\filecroco\loader\vendor\guzzlehttp\guzzle\src\Handler\CurlFactory.php:186
Stack trace:
#0 E:\xampp73\htdocs\filecroco\loader\vendor\guzzlehttp\guzzle\src\Handler\CurlFactory.php(149): GuzzleHttp\Handler\CurlFactory::createRejection(Object(GuzzleHttp\Handler\EasyHandle), Array)
#1 E:\xampp73\htdocs\filecroco\loader\vendor\guzzlehttp\guzzle\src\Handler\CurlFactory.php(102): GuzzleHttp\Handler\CurlFactory::finishError(Object(GuzzleHttp\Handler\CurlMultiHandler), Object(GuzzleHttp\Handler\EasyHandle), Object(GuzzleHttp\Handler\CurlFactory))
#2 E:\xampp73\htdocs\filecroco\loader\vendor\guzzlehttp\guzzle\src\Handler\CurlMultiHandler.php(181): GuzzleHttp\Handler\CurlFactory::finish(Object(GuzzleHttp\Handler\CurlMultiHandler), Object(GuzzleHttp\Handler\EasyHandle), Object(GuzzleHttp\Handler\CurlFactory))
#3 E:\xampp73\htdocs\filecroco\loader\vendor\guzzlehttp\guzzle\src\Handler\CurlMultiHandler.php(110): GuzzleHttp\Handler\CurlMultiHandler->processMessages()
#4 E:\xampp73\htdocs\filecroco\loader\vendor\guzzlehttp\guzzle\src\Handler\CurlMultiHandler.php(125): GuzzleHttp\Handler\CurlMultiHandler->tick()
#5 E:\xampp73\htdocs\filecroco\loader\vendor\guzzlehttp\promises\src\Promise.php(246): GuzzleHttp\Handler\CurlMultiHandler->execute(true)
#6 E:\xampp73\htdocs\filecroco\loader\vendor\guzzlehttp\promises\src\Promise.php(223): GuzzleHttp\Promise\Promise->invokeWaitFn()
#7 E:\xampp73\htdocs\filecroco\loader\vendor\guzzlehttp\promises\src\Promise.php(267): GuzzleHttp\Promise\Promise->waitIfPending()
#8 E:\xampp73\htdocs\filecroco\loader\vendor\guzzlehttp\promises\src\Promise.php(225): GuzzleHttp\Promise\Promise->invokeWaitList()
#9 E:\xampp73\htdocs\filecroco\loader\vendor\guzzlehttp\promises\src\Promise.php(62): GuzzleHttp\Promise\Promise->waitIfPending()
#10 E:\xampp73\htdocs\filecroco\loader\vendor\guzzlehttp\promises\src\EachPromise.php(101): GuzzleHttp\Promise\Promise->wait()
#11 E:\xampp73\htdocs\filecroco\loader\vendor\guzzlehttp\promises\src\Promise.php(246): GuzzleHttp\Promise\EachPromise->GuzzleHttp\Promise\{closure}(true)
#12 E:\xampp73\htdocs\filecroco\loader\vendor\guzzlehttp\promises\src\Promise.php(223): GuzzleHttp\Promise\Promise->invokeWaitFn()
#13 E:\xampp73\htdocs\filecroco\loader\vendor\guzzlehttp\promises\src\Promise.php(62): GuzzleHttp\Promise\Promise->waitIfPending()
#14 E:\xampp73\htdocs\filecroco\loader\updatedownloadlink.php(95): GuzzleHttp\Promise\Promise->wait()
#15 {main}|1008GuzzleHttp\Exception\RequestException: cURL error 56:  (see http://curl.haxx.se/libcurl/c/libcurl-errors.html) in E:\xampp73\htdocs\filecroco\loader\vendor\guzzlehttp\guzzle\src\Handler\CurlFactory.php:186
Stack trace:
#0 E:\xampp73\htdocs\filecroco\loader\vendor\guzzlehttp\guzzle\src\Handler\CurlFactory.php(149): GuzzleHttp\Handler\CurlFactory::createRejection(Object(GuzzleHttp\Handler\EasyHandle), Array)
#1 E:\xampp73\htdocs\filecroco\loader\vendor\guzzlehttp\guzzle\src\Handler\CurlFactory.php(102): GuzzleHttp\Handler\CurlFactory::finishError(Object(GuzzleHttp\Handler\CurlMultiHandler), Object(GuzzleHttp\Handler\EasyHandle), Object(GuzzleHttp\Handler\CurlFactory))
#2 E:\xampp73\htdocs\filecroco\loader\vendor\guzzlehttp\guzzle\src\Handler\CurlMultiHandler.php(181): GuzzleHttp\Handler\CurlFactory::finish(Object(GuzzleHttp\Handler\CurlMultiHandler), Object(GuzzleHttp\Handler\EasyHandle), Object(GuzzleHttp\Handler\CurlFactory))
#3 E:\xampp73\htdocs\filecroco\loader\vendor\guzzlehttp\guzzle\src\Handler\CurlMultiHandler.php(110): GuzzleHttp\Handler\CurlMultiHandler->processMessages()
#4 E:\xampp73\htdocs\filecroco\loader\vendor\guzzlehttp\guzzle\src\Handler\CurlMultiHandler.php(125): GuzzleHttp\Handler\CurlMultiHandler->tick()
#5 E:\xampp73\htdocs\filecroco\loader\vendor\guzzlehttp\promises\src\Promise.php(246): GuzzleHttp\Handler\CurlMultiHandler->execute(true)
#6 E:\xampp73\htdocs\filecroco\loader\vendor\guzzlehttp\promises\src\Promise.php(223): GuzzleHttp\Promise\Promise->invokeWaitFn()
#7 E:\xampp73\htdocs\filecroco\loader\vendor\guzzlehttp\promises\src\Promise.php(267): GuzzleHttp\Promise\Promise->waitIfPending()
#8 E:\xampp73\htdocs\filecroco\loader\vendor\guzzlehttp\promises\src\Promise.php(225): GuzzleHttp\Promise\Promise->invokeWaitList()
#9 E:\xampp73\htdocs\filecroco\loader\vendor\guzzlehttp\promises\src\Promise.php(62): GuzzleHttp\Promise\Promise->waitIfPending()
#10 E:\xampp73\htdocs\filecroco\loader\vendor\guzzlehttp\promises\src\EachPromise.php(101): GuzzleHttp\Promise\Promise->wait()
#11 E:\xampp73\htdocs\filecroco\loader\vendor\guzzlehttp\promises\src\Promise.php(246): GuzzleHttp\Promise\EachPromise->GuzzleHttp\Promise\{closure}(true)
#12 E:\xampp73\htdocs\filecroco\loader\vendor\guzzlehttp\promises\src\Promise.php(223): GuzzleHttp\Promise\Promise->invokeWaitFn()
#13 E:\xampp73\htdocs\filecroco\loader\vendor\guzzlehttp\promises\src\Promise.php(62): GuzzleHttp\Promise\Promise->waitIfPending()
#14 E:\xampp73\htdocs\filecroco\loader\updatedownloadlink.php(95): GuzzleHttp\Promise\Promise->wait()
#15 {main}|1009GuzzleHttp\Exception\RequestException: cURL error 56:  (see http://curl.haxx.se/libcurl/c/libcurl-errors.html) in E:\xampp73\htdocs\filecroco\loader\vendor\guzzlehttp\guzzle\src\Handler\CurlFactory.php:186
Stack trace:
#0 E:\xampp73\htdocs\filecroco\loader\vendor\guzzlehttp\guzzle\src\Handler\CurlFactory.php(149): GuzzleHttp\Handler\CurlFactory::createRejection(Object(GuzzleHttp\Handler\EasyHandle), Array)
#1 E:\xampp73\htdocs\filecroco\loader\vendor\guzzlehttp\guzzle\src\Handler\CurlFactory.php(102): GuzzleHttp\Handler\CurlFactory::finishError(Object(GuzzleHttp\Handler\CurlMultiHandler), Object(GuzzleHttp\Handler\EasyHandle), Object(GuzzleHttp\Handler\CurlFactory))
#2 E:\xampp73\htdocs\filecroco\loader\vendor\guzzlehttp\guzzle\src\Handler\CurlMultiHandler.php(181): GuzzleHttp\Handler\CurlFactory::finish(Object(GuzzleHttp\Handler\CurlMultiHandler), Object(GuzzleHttp\Handler\EasyHandle), Object(GuzzleHttp\Handler\CurlFactory))
#3 E:\xampp73\htdocs\filecroco\loader\vendor\guzzlehttp\guzzle\src\Handler\CurlMultiHandler.php(110): GuzzleHttp\Handler\CurlMultiHandler->processMessages()
#4 E:\xampp73\htdocs\filecroco\loader\vendor\guzzlehttp\guzzle\src\Handler\CurlMultiHandler.php(125): GuzzleHttp\Handler\CurlMultiHandler->tick()
#5 E:\xampp73\htdocs\filecroco\loader\vendor\guzzlehttp\promises\src\Promise.php(246): GuzzleHttp\Handler\CurlMultiHandler->execute(true)
#6 E:\xampp73\htdocs\filecroco\loader\vendor\guzzlehttp\promises\src\Promise.php(223): GuzzleHttp\Promise\Promise->invokeWaitFn()
#7 E:\xampp73\htdocs\filecroco\loader\vendor\guzzlehttp\promises\src\Promise.php(267): GuzzleHttp\Promise\Promise->waitIfPending()
#8 E:\xampp73\htdocs\filecroco\loader\vendor\guzzlehttp\promises\src\Promise.php(225): GuzzleHttp\Promise\Promise->invokeWaitList()
#9 E:\xampp73\htdocs\filecroco\loader\vendor\guzzlehttp\promises\src\Promise.php(62): GuzzleHttp\Promise\Promise->waitIfPending()
#10 E:\xampp73\htdocs\filecroco\loader\vendor\guzzlehttp\promises\src\EachPromise.php(101): GuzzleHttp\Promise\Promise->wait()
#11 E:\xampp73\htdocs\filecroco\loader\vendor\guzzlehttp\promises\src\Promise.php(246): GuzzleHttp\Promise\EachPromise->GuzzleHttp\Promise\{closure}(true)
#12 E:\xampp73\htdocs\filecroco\loader\vendor\guzzlehttp\promises\src\Promise.php(223): GuzzleHttp\Promise\Promise->invokeWaitFn()
#13 E:\xampp73\htdocs\filecroco\loader\vendor\guzzlehttp\promises\src\Promise.php(62): GuzzleHttp\Promise\Promise->waitIfPending()
#14 E:\xampp73\htdocs\filecroco\loader\updatedownloadlink.php(95): GuzzleHttp\Promise\Promise->wait()
#15 {main}|1010GuzzleHttp\Exception\RequestException: cURL error 56:  (see http://curl.haxx.se/libcurl/c/libcurl-errors.html) in E:\xampp73\htdocs\filecroco\loader\vendor\guzzlehttp\guzzle\src\Handler\CurlFactory.php:186
Stack trace:
#0 E:\xampp73\htdocs\filecroco\loader\vendor\guzzlehttp\guzzle\src\Handler\CurlFactory.php(149): GuzzleHttp\Handler\CurlFactory::createRejection(Object(GuzzleHttp\Handler\EasyHandle), Array)
#1 E:\xampp73\htdocs\filecroco\loader\vendor\guzzlehttp\guzzle\src\Handler\CurlFactory.php(102): GuzzleHttp\Handler\CurlFactory::finishError(Object(GuzzleHttp\Handler\CurlMultiHandler), Object(GuzzleHttp\Handler\EasyHandle), Object(GuzzleHttp\Handler\CurlFactory))
#2 E:\xampp73\htdocs\filecroco\loader\vendor\guzzlehttp\guzzle\src\Handler\CurlMultiHandler.php(181): GuzzleHttp\Handler\CurlFactory::finish(Object(GuzzleHttp\Handler\CurlMultiHandler), Object(GuzzleHttp\Handler\EasyHandle), Object(GuzzleHttp\Handler\CurlFactory))
#3 E:\xampp73\htdocs\filecroco\loader\vendor\guzzlehttp\guzzle\src\Handler\CurlMultiHandler.php(110): GuzzleHttp\Handler\CurlMultiHandler->processMessages()
#4 E:\xampp73\htdocs\filecroco\loader\vendor\guzzlehttp\guzzle\src\Handler\CurlMultiHandler.php(125): GuzzleHttp\Handler\CurlMultiHandler->tick()
#5 E:\xampp73\htdocs\filecroco\loader\vendor\guzzlehttp\promises\src\Promise.php(246): GuzzleHttp\Handler\CurlMultiHandler->execute(true)
#6 E:\xampp73\htdocs\filecroco\loader\vendor\guzzlehttp\promises\src\Promise.php(223): GuzzleHttp\Promise\Promise->invokeWaitFn()
#7 E:\xampp73\htdocs\filecroco\loader\vendor\guzzlehttp\promises\src\Promise.php(267): GuzzleHttp\Promise\Promise->waitIfPending()
#8 E:\xampp73\htdocs\filecroco\loader\vendor\guzzlehttp\promises\src\Promise.php(225): GuzzleHttp\Promise\Promise->invokeWaitList()
#9 E:\xampp73\htdocs\filecroco\loader\vendor\guzzlehttp\promises\src\Promise.php(62): GuzzleHttp\Promise\Promise->waitIfPending()
#10 E:\xampp73\htdocs\filecroco\loader\vendor\guzzlehttp\promises\src\EachPromise.php(101): GuzzleHttp\Promise\Promise->wait()
#11 E:\xampp73\htdocs\filecroco\loader\vendor\guzzlehttp\promises\src\Promise.php(246): GuzzleHttp\Promise\EachPromise->GuzzleHttp\Promise\{closure}(true)
#12 E:\xampp73\htdocs\filecroco\loader\vendor\guzzlehttp\promises\src\Promise.php(223): GuzzleHttp\Promise\Promise->invokeWaitFn()
#13 E:\xampp73\htdocs\filecroco\loader\vendor\guzzlehttp\promises\src\Promise.php(62): GuzzleHttp\Promise\Promise->waitIfPending()
#14 E:\xampp73\htdocs\filecroco\loader\updatedownloadlink.php(95): GuzzleHttp\Promise\Promise->wait()
#15 {main}|1011GuzzleHttp\Exception\RequestException: cURL error 56:  (see http://curl.haxx.se/libcurl/c/libcurl-errors.html) in E:\xampp73\htdocs\filecroco\loader\vendor\guzzlehttp\guzzle\src\Handler\CurlFactory.php:186
Stack trace:
#0 E:\xampp73\htdocs\filecroco\loader\vendor\guzzlehttp\guzzle\src\Handler\CurlFactory.php(149): GuzzleHttp\Handler\CurlFactory::createRejection(Object(GuzzleHttp\Handler\EasyHandle), Array)
#1 E:\xampp73\htdocs\filecroco\loader\vendor\guzzlehttp\guzzle\src\Handler\CurlFactory.php(102): GuzzleHttp\Handler\CurlFactory::finishError(Object(GuzzleHttp\Handler\CurlMultiHandler), Object(GuzzleHttp\Handler\EasyHandle), Object(GuzzleHttp\Handler\CurlFactory))
#2 E:\xampp73\htdocs\filecroco\loader\vendor\guzzlehttp\guzzle\src\Handler\CurlMultiHandler.php(181): GuzzleHttp\Handler\CurlFactory::finish(Object(GuzzleHttp\Handler\CurlMultiHandler), Object(GuzzleHttp\Handler\EasyHandle), Object(GuzzleHttp\Handler\CurlFactory))
#3 E:\xampp73\htdocs\filecroco\loader\vendor\guzzlehttp\guzzle\src\Handler\CurlMultiHandler.php(110): GuzzleHttp\Handler\CurlMultiHandler->processMessages()
#4 E:\xampp73\htdocs\filecroco\loader\vendor\guzzlehttp\guzzle\src\Handler\CurlMultiHandler.php(125): GuzzleHttp\Handler\CurlMultiHandler->tick()
#5 E:\xampp73\htdocs\filecroco\loader\vendor\guzzlehttp\promises\src\Promise.php(246): GuzzleHttp\Handler\CurlMultiHandler->execute(true)
#6 E:\xampp73\htdocs\filecroco\loader\vendor\guzzlehttp\promises\src\Promise.php(223): GuzzleHttp\Promise\Promise->invokeWaitFn()
#7 E:\xampp73\htdocs\filecroco\loader\vendor\guzzlehttp\promises\src\Promise.php(267): GuzzleHttp\Promise\Promise->waitIfPending()
#8 E:\xampp73\htdocs\filecroco\loader\vendor\guzzlehttp\promises\src\Promise.php(225): GuzzleHttp\Promise\Promise->invokeWaitList()
#9 E:\xampp73\htdocs\filecroco\loader\vendor\guzzlehttp\promises\src\Promise.php(62): GuzzleHttp\Promise\Promise->waitIfPending()
#10 E:\xampp73\htdocs\filecroco\loader\vendor\guzzlehttp\promises\src\EachPromise.php(101): GuzzleHttp\Promise\Promise->wait()
#11 E:\xampp73\htdocs\filecroco\loader\vendor\guzzlehttp\promises\src\Promise.php(246): GuzzleHttp\Promise\EachPromise->GuzzleHttp\Promise\{closure}(true)
#12 E:\xampp73\htdocs\filecroco\loader\vendor\guzzlehttp\promises\src\Promise.php(223): GuzzleHttp\Promise\Promise->invokeWaitFn()
#13 E:\xampp73\htdocs\filecroco\loader\vendor\guzzlehttp\promises\src\Promise.php(62): GuzzleHttp\Promise\Promise->waitIfPending()
#14 E:\xampp73\htdocs\filecroco\loader\updatedownloadlink.php(95): GuzzleHttp\Promise\Promise->wait()
#15 {main}|1012GuzzleHttp\Exception\RequestException: cURL error 56:  (see http://curl.haxx.se/libcurl/c/libcurl-errors.html) in E:\xampp73\htdocs\filecroco\loader\vendor\guzzlehttp\guzzle\src\Handler\CurlFactory.php:186
Stack trace:
#0 E:\xampp73\htdocs\filecroco\loader\vendor\guzzlehttp\guzzle\src\Handler\CurlFactory.php(149): GuzzleHttp\Handler\CurlFactory::createRejection(Object(GuzzleHttp\Handler\EasyHandle), Array)
#1 E:\xampp73\htdocs\filecroco\loader\vendor\guzzlehttp\guzzle\src\Handler\CurlFactory.php(102): GuzzleHttp\Handler\CurlFactory::finishError(Object(GuzzleHttp\Handler\CurlMultiHandler), Object(GuzzleHttp\Handler\EasyHandle), Object(GuzzleHttp\Handler\CurlFactory))
#2 E:\xampp73\htdocs\filecroco\loader\vendor\guzzlehttp\guzzle\src\Handler\CurlMultiHandler.php(181): GuzzleHttp\Handler\CurlFactory::finish(Object(GuzzleHttp\Handler\CurlMultiHandler), Object(GuzzleHttp\Handler\EasyHandle), Object(GuzzleHttp\Handler\CurlFactory))
#3 E:\xampp73\htdocs\filecroco\loader\vendor\guzzlehttp\guzzle\src\Handler\CurlMultiHandler.php(110): GuzzleHttp\Handler\CurlMultiHandler->processMessages()
#4 E:\xampp73\htdocs\filecroco\loader\vendor\guzzlehttp\guzzle\src\Handler\CurlMultiHandler.php(125): GuzzleHttp\Handler\CurlMultiHandler->tick()
#5 E:\xampp73\htdocs\filecroco\loader\vendor\guzzlehttp\promises\src\Promise.php(246): GuzzleHttp\Handler\CurlMultiHandler->execute(true)
#6 E:\xampp73\htdocs\filecroco\loader\vendor\guzzlehttp\promises\src\Promise.php(223): GuzzleHttp\Promise\Promise->invokeWaitFn()
#7 E:\xampp73\htdocs\filecroco\loader\vendor\guzzlehttp\promises\src\Promise.php(267): GuzzleHttp\Promise\Promise->waitIfPending()
#8 E:\xampp73\htdocs\filecroco\loader\vendor\guzzlehttp\promises\src\Promise.php(225): GuzzleHttp\Promise\Promise->invokeWaitList()
#9 E:\xampp73\htdocs\filecroco\loader\vendor\guzzlehttp\promises\src\Promise.php(62): GuzzleHttp\Promise\Promise->waitIfPending()
#10 E:\xampp73\htdocs\filecroco\loader\vendor\guzzlehttp\promises\src\EachPromise.php(101): GuzzleHttp\Promise\Promise->wait()
#11 E:\xampp73\htdocs\filecroco\loader\vendor\guzzlehttp\promises\src\Promise.php(246): GuzzleHttp\Promise\EachPromise->GuzzleHttp\Promise\{closure}(true)
#12 E:\xampp73\htdocs\filecroco\loader\vendor\guzzlehttp\promises\src\Promise.php(223): GuzzleHttp\Promise\Promise->invokeWaitFn()
#13 E:\xampp73\htdocs\filecroco\loader\vendor\guzzlehttp\promises\src\Promise.php(62): GuzzleHttp\Promise\Promise->waitIfPending()
#14 E:\xampp73\htdocs\filecroco\loader\updatedownloadlink.php(95): GuzzleHttp\Promise\Promise->wait()
#15 {main}|1013GuzzleHttp\Exception\RequestException: cURL error 56:  (see http://curl.haxx.se/libcurl/c/libcurl-errors.html) in E:\xampp73\htdocs\filecroco\loader\vendor\guzzlehttp\guzzle\src\Handler\CurlFactory.php:186
Stack trace:
#0 E:\xampp73\htdocs\filecroco\loader\vendor\guzzlehttp\guzzle\src\Handler\CurlFactory.php(149): GuzzleHttp\Handler\CurlFactory::createRejection(Object(GuzzleHttp\Handler\EasyHandle), Array)
#1 E:\xampp73\htdocs\filecroco\loader\vendor\guzzlehttp\guzzle\src\Handler\CurlFactory.php(102): GuzzleHttp\Handler\CurlFactory::finishError(Object(GuzzleHttp\Handler\CurlMultiHandler), Object(GuzzleHttp\Handler\EasyHandle), Object(GuzzleHttp\Handler\CurlFactory))
#2 E:\xampp73\htdocs\filecroco\loader\vendor\guzzlehttp\guzzle\src\Handler\CurlMultiHandler.php(181): GuzzleHttp\Handler\CurlFactory::finish(Object(GuzzleHttp\Handler\CurlMultiHandler), Object(GuzzleHttp\Handler\EasyHandle), Object(GuzzleHttp\Handler\CurlFactory))
#3 E:\xampp73\htdocs\filecroco\loader\vendor\guzzlehttp\guzzle\src\Handler\CurlMultiHandler.php(110): GuzzleHttp\Handler\CurlMultiHandler->processMessages()
#4 E:\xampp73\htdocs\filecroco\loader\vendor\guzzlehttp\guzzle\src\Handler\CurlMultiHandler.php(125): GuzzleHttp\Handler\CurlMultiHandler->tick()
#5 E:\xampp73\htdocs\filecroco\loader\vendor\guzzlehttp\promises\src\Promise.php(246): GuzzleHttp\Handler\CurlMultiHandler->execute(true)
#6 E:\xampp73\htdocs\filecroco\loader\vendor\guzzlehttp\promises\src\Promise.php(223): GuzzleHttp\Promise\Promise->invokeWaitFn()
#7 E:\xampp73\htdocs\filecroco\loader\vendor\guzzlehttp\promises\src\Promise.php(267): GuzzleHttp\Promise\Promise->waitIfPending()
#8 E:\xampp73\htdocs\filecroco\loader\vendor\guzzlehttp\promises\src\Promise.php(225): GuzzleHttp\Promise\Promise->invokeWaitList()
#9 E:\xampp73\htdocs\filecroco\loader\vendor\guzzlehttp\promises\src\Promise.php(62): GuzzleHttp\Promise\Promise->waitIfPending()
#10 E:\xampp73\htdocs\filecroco\loader\vendor\guzzlehttp\promises\src\EachPromise.php(101): GuzzleHttp\Promise\Promise->wait()
#11 E:\xampp73\htdocs\filecroco\loader\vendor\guzzlehttp\promises\src\Promise.php(246): GuzzleHttp\Promise\EachPromise->GuzzleHttp\Promise\{closure}(true)
#12 E:\xampp73\htdocs\filecroco\loader\vendor\guzzlehttp\promises\src\Promise.php(223): GuzzleHttp\Promise\Promise->invokeWaitFn()
#13 E:\xampp73\htdocs\filecroco\loader\vendor\guzzlehttp\promises\src\Promise.php(62): GuzzleHttp\Promise\Promise->waitIfPending()
#14 E:\xampp73\htdocs\filecroco\loader\updatedownloadlink.php(95): GuzzleHttp\Promise\Promise->wait()
#15 {main}|1014GuzzleHttp\Exception\RequestException: cURL error 56:  (see http://curl.haxx.se/libcurl/c/libcurl-errors.html) in E:\xampp73\htdocs\filecroco\loader\vendor\guzzlehttp\guzzle\src\Handler\CurlFactory.php:186
Stack trace:
#0 E:\xampp73\htdocs\filecroco\loader\vendor\guzzlehttp\guzzle\src\Handler\CurlFactory.php(149): GuzzleHttp\Handler\CurlFactory::createRejection(Object(GuzzleHttp\Handler\EasyHandle), Array)
#1 E:\xampp73\htdocs\filecroco\loader\vendor\guzzlehttp\guzzle\src\Handler\CurlFactory.php(102): GuzzleHttp\Handler\CurlFactory::finishError(Object(GuzzleHttp\Handler\CurlMultiHandler), Object(GuzzleHttp\Handler\EasyHandle), Object(GuzzleHttp\Handler\CurlFactory))
#2 E:\xampp73\htdocs\filecroco\loader\vendor\guzzlehttp\guzzle\src\Handler\CurlMultiHandler.php(181): GuzzleHttp\Handler\CurlFactory::finish(Object(GuzzleHttp\Handler\CurlMultiHandler), Object(GuzzleHttp\Handler\EasyHandle), Object(GuzzleHttp\Handler\CurlFactory))
#3 E:\xampp73\htdocs\filecroco\loader\vendor\guzzlehttp\guzzle\src\Handler\CurlMultiHandler.php(110): GuzzleHttp\Handler\CurlMultiHandler->processMessages()
#4 E:\xampp73\htdocs\filecroco\loader\vendor\guzzlehttp\guzzle\src\Handler\CurlMultiHandler.php(125): GuzzleHttp\Handler\CurlMultiHandler->tick()
#5 E:\xampp73\htdocs\filecroco\loader\vendor\guzzlehttp\promises\src\Promise.php(246): GuzzleHttp\Handler\CurlMultiHandler->execute(true)
#6 E:\xampp73\htdocs\filecroco\loader\vendor\guzzlehttp\promises\src\Promise.php(223): GuzzleHttp\Promise\Promise->invokeWaitFn()
#7 E:\xampp73\htdocs\filecroco\loader\vendor\guzzlehttp\promises\src\Promise.php(267): GuzzleHttp\Promise\Promise->waitIfPending()
#8 E:\xampp73\htdocs\filecroco\loader\vendor\guzzlehttp\promises\src\Promise.php(225): GuzzleHttp\Promise\Promise->invokeWaitList()
#9 E:\xampp73\htdocs\filecroco\loader\vendor\guzzlehttp\promises\src\Promise.php(62): GuzzleHttp\Promise\Promise->waitIfPending()
#10 E:\xampp73\htdocs\filecroco\loader\vendor\guzzlehttp\promises\src\EachPromise.php(101): GuzzleHttp\Promise\Promise->wait()
#11 E:\xampp73\htdocs\filecroco\loader\vendor\guzzlehttp\promises\src\Promise.php(246): GuzzleHttp\Promise\EachPromise->GuzzleHttp\Promise\{closure}(true)
#12 E:\xampp73\htdocs\filecroco\loader\vendor\guzzlehttp\promises\src\Promise.php(223): GuzzleHttp\Promise\Promise->invokeWaitFn()
#13 E:\xampp73\htdocs\filecroco\loader\vendor\guzzlehttp\promises\src\Promise.php(62): GuzzleHttp\Promise\Promise->waitIfPending()
#14 E:\xampp73\htdocs\filecroco\loader\updatedownloadlink.php(95): GuzzleHttp\Promise\Promise->wait()
#15 {main}|1015GuzzleHttp\Exception\RequestException: cURL error 56:  (see http://curl.haxx.se/libcurl/c/libcurl-errors.html) in E:\xampp73\htdocs\filecroco\loader\vendor\guzzlehttp\guzzle\src\Handler\CurlFactory.php:186
Stack trace:
#0 E:\xampp73\htdocs\filecroco\loader\vendor\guzzlehttp\guzzle\src\Handler\CurlFactory.php(149): GuzzleHttp\Handler\CurlFactory::createRejection(Object(GuzzleHttp\Handler\EasyHandle), Array)
#1 E:\xampp73\htdocs\filecroco\loader\vendor\guzzlehttp\guzzle\src\Handler\CurlFactory.php(102): GuzzleHttp\Handler\CurlFactory::finishError(Object(GuzzleHttp\Handler\CurlMultiHandler), Object(GuzzleHttp\Handler\EasyHandle), Object(GuzzleHttp\Handler\CurlFactory))
#2 E:\xampp73\htdocs\filecroco\loader\vendor\guzzlehttp\guzzle\src\Handler\CurlMultiHandler.php(181): GuzzleHttp\Handler\CurlFactory::finish(Object(GuzzleHttp\Handler\CurlMultiHandler), Object(GuzzleHttp\Handler\EasyHandle), Object(GuzzleHttp\Handler\CurlFactory))
#3 E:\xampp73\htdocs\filecroco\loader\vendor\guzzlehttp\guzzle\src\Handler\CurlMultiHandler.php(110): GuzzleHttp\Handler\CurlMultiHandler->processMessages()
#4 E:\xampp73\htdocs\filecroco\loader\vendor\guzzlehttp\guzzle\src\Handler\CurlMultiHandler.php(125): GuzzleHttp\Handler\CurlMultiHandler->tick()
#5 E:\xampp73\htdocs\filecroco\loader\vendor\guzzlehttp\promises\src\Promise.php(246): GuzzleHttp\Handler\CurlMultiHandler->execute(true)
#6 E:\xampp73\htdocs\filecroco\loader\vendor\guzzlehttp\promises\src\Promise.php(223): GuzzleHttp\Promise\Promise->invokeWaitFn()
#7 E:\xampp73\htdocs\filecroco\loader\vendor\guzzlehttp\promises\src\Promise.php(267): GuzzleHttp\Promise\Promise->waitIfPending()
#8 E:\xampp73\htdocs\filecroco\loader\vendor\guzzlehttp\promises\src\Promise.php(225): GuzzleHttp\Promise\Promise->invokeWaitList()
#9 E:\xampp73\htdocs\filecroco\loader\vendor\guzzlehttp\promises\src\Promise.php(62): GuzzleHttp\Promise\Promise->waitIfPending()
#10 E:\xampp73\htdocs\filecroco\loader\vendor\guzzlehttp\promises\src\EachPromise.php(101): GuzzleHttp\Promise\Promise->wait()
#11 E:\xampp73\htdocs\filecroco\loader\vendor\guzzlehttp\promises\src\Promise.php(246): GuzzleHttp\Promise\EachPromise->GuzzleHttp\Promise\{closure}(true)
#12 E:\xampp73\htdocs\filecroco\loader\vendor\guzzlehttp\promises\src\Promise.php(223): GuzzleHttp\Promise\Promise->invokeWaitFn()
#13 E:\xampp73\htdocs\filecroco\loader\vendor\guzzlehttp\promises\src\Promise.php(62): GuzzleHttp\Promise\Promise->waitIfPending()
#14 E:\xampp73\htdocs\filecroco\loader\updatedownloadlink.php(95): GuzzleHttp\Promise\Promise->wait()
#15 {main}|1016GuzzleHttp\Exception\RequestException: cURL error 56:  (see http://curl.haxx.se/libcurl/c/libcurl-errors.html) in E:\xampp73\htdocs\filecroco\loader\vendor\guzzlehttp\guzzle\src\Handler\CurlFactory.php:186
Stack trace:
#0 E:\xampp73\htdocs\filecroco\loader\vendor\guzzlehttp\guzzle\src\Handler\CurlFactory.php(149): GuzzleHttp\Handler\CurlFactory::createRejection(Object(GuzzleHttp\Handler\EasyHandle), Array)
#1 E:\xampp73\htdocs\filecroco\loader\vendor\guzzlehttp\guzzle\src\Handler\CurlFactory.php(102): GuzzleHttp\Handler\CurlFactory::finishError(Object(GuzzleHttp\Handler\CurlMultiHandler), Object(GuzzleHttp\Handler\EasyHandle), Object(GuzzleHttp\Handler\CurlFactory))
#2 E:\xampp73\htdocs\filecroco\loader\vendor\guzzlehttp\guzzle\src\Handler\CurlMultiHandler.php(181): GuzzleHttp\Handler\CurlFactory::finish(Object(GuzzleHttp\Handler\CurlMultiHandler), Object(GuzzleHttp\Handler\EasyHandle), Object(GuzzleHttp\Handler\CurlFactory))
#3 E:\xampp73\htdocs\filecroco\loader\vendor\guzzlehttp\guzzle\src\Handler\CurlMultiHandler.php(110): GuzzleHttp\Handler\CurlMultiHandler->processMessages()
#4 E:\xampp73\htdocs\filecroco\loader\vendor\guzzlehttp\guzzle\src\Handler\CurlMultiHandler.php(125): GuzzleHttp\Handler\CurlMultiHandler->tick()
#5 E:\xampp73\htdocs\filecroco\loader\vendor\guzzlehttp\promises\src\Promise.php(246): GuzzleHttp\Handler\CurlMultiHandler->execute(true)
#6 E:\xampp73\htdocs\filecroco\loader\vendor\guzzlehttp\promises\src\Promise.php(223): GuzzleHttp\Promise\Promise->invokeWaitFn()
#7 E:\xampp73\htdocs\filecroco\loader\vendor\guzzlehttp\promises\src\Promise.php(267): GuzzleHttp\Promise\Promise->waitIfPending()
#8 E:\xampp73\htdocs\filecroco\loader\vendor\guzzlehttp\promises\src\Promise.php(225): GuzzleHttp\Promise\Promise->invokeWaitList()
#9 E:\xampp73\htdocs\filecroco\loader\vendor\guzzlehttp\promises\src\Promise.php(62): GuzzleHttp\Promise\Promise->waitIfPending()
#10 E:\xampp73\htdocs\filecroco\loader\vendor\guzzlehttp\promises\src\EachPromise.php(101): GuzzleHttp\Promise\Promise->wait()
#11 E:\xampp73\htdocs\filecroco\loader\vendor\guzzlehttp\promises\src\Promise.php(246): GuzzleHttp\Promise\EachPromise->GuzzleHttp\Promise\{closure}(true)
#12 E:\xampp73\htdocs\filecroco\loader\vendor\guzzlehttp\promises\src\Promise.php(223): GuzzleHttp\Promise\Promise->invokeWaitFn()
#13 E:\xampp73\htdocs\filecroco\loader\vendor\guzzlehttp\promises\src\Promise.php(62): GuzzleHttp\Promise\Promise->waitIfPending()
#14 E:\xampp73\htdocs\filecroco\loader\updatedownloadlink.php(95): GuzzleHttp\Promise\Promise->wait()
#15 {main}|1017GuzzleHttp\Exception\RequestException: cURL error 56:  (see http://curl.haxx.se/libcurl/c/libcurl-errors.html) in E:\xampp73\htdocs\filecroco\loader\vendor\guzzlehttp\guzzle\src\Handler\CurlFactory.php:186
Stack trace:
#0 E:\xampp73\htdocs\filecroco\loader\vendor\guzzlehttp\guzzle\src\Handler\CurlFactory.php(149): GuzzleHttp\Handler\CurlFactory::createRejection(Object(GuzzleHttp\Handler\EasyHandle), Array)
#1 E:\xampp73\htdocs\filecroco\loader\vendor\guzzlehttp\guzzle\src\Handler\CurlFactory.php(102): GuzzleHttp\Handler\CurlFactory::finishError(Object(GuzzleHttp\Handler\CurlMultiHandler), Object(GuzzleHttp\Handler\EasyHandle), Object(GuzzleHttp\Handler\CurlFactory))
#2 E:\xampp73\htdocs\filecroco\loader\vendor\guzzlehttp\guzzle\src\Handler\CurlMultiHandler.php(181): GuzzleHttp\Handler\CurlFactory::finish(Object(GuzzleHttp\Handler\CurlMultiHandler), Object(GuzzleHttp\Handler\EasyHandle), Object(GuzzleHttp\Handler\CurlFactory))
#3 E:\xampp73\htdocs\filecroco\loader\vendor\guzzlehttp\guzzle\src\Handler\CurlMultiHandler.php(110): GuzzleHttp\Handler\CurlMultiHandler->processMessages()
#4 E:\xampp73\htdocs\filecroco\loader\vendor\guzzlehttp\guzzle\src\Handler\CurlMultiHandler.php(125): GuzzleHttp\Handler\CurlMultiHandler->tick()
#5 E:\xampp73\htdocs\filecroco\loader\vendor\guzzlehttp\promises\src\Promise.php(246): GuzzleHttp\Handler\CurlMultiHandler->execute(true)
#6 E:\xampp73\htdocs\filecroco\loader\vendor\guzzlehttp\promises\src\Promise.php(223): GuzzleHttp\Promise\Promise->invokeWaitFn()
#7 E:\xampp73\htdocs\filecroco\loader\vendor\guzzlehttp\promises\src\Promise.php(267): GuzzleHttp\Promise\Promise->waitIfPending()
#8 E:\xampp73\htdocs\filecroco\loader\vendor\guzzlehttp\promises\src\Promise.php(225): GuzzleHttp\Promise\Promise->invokeWaitList()
#9 E:\xampp73\htdocs\filecroco\loader\vendor\guzzlehttp\promises\src\Promise.php(62): GuzzleHttp\Promise\Promise->waitIfPending()
#10 E:\xampp73\htdocs\filecroco\loader\vendor\guzzlehttp\promises\src\EachPromise.php(101): GuzzleHttp\Promise\Promise->wait()
#11 E:\xampp73\htdocs\filecroco\loader\vendor\guzzlehttp\promises\src\Promise.php(246): GuzzleHttp\Promise\EachPromise->GuzzleHttp\Promise\{closure}(true)
#12 E:\xampp73\htdocs\filecroco\loader\vendor\guzzlehttp\promises\src\Promise.php(223): GuzzleHttp\Promise\Promise->invokeWaitFn()
#13 E:\xampp73\htdocs\filecroco\loader\vendor\guzzlehttp\promises\src\Promise.php(62): GuzzleHttp\Promise\Promise->waitIfPending()
#14 E:\xampp73\htdocs\filecroco\loader\updatedownloadlink.php(95): GuzzleHttp\Promise\Promise->wait()
#15 {main}|1018GuzzleHttp\Exception\RequestException: cURL error 56:  (see http://curl.haxx.se/libcurl/c/libcurl-errors.html) in E:\xampp73\htdocs\filecroco\loader\vendor\guzzlehttp\guzzle\src\Handler\CurlFactory.php:186
Stack trace:
#0 E:\xampp73\htdocs\filecroco\loader\vendor\guzzlehttp\guzzle\src\Handler\CurlFactory.php(149): GuzzleHttp\Handler\CurlFactory::createRejection(Object(GuzzleHttp\Handler\EasyHandle), Array)
#1 E:\xampp73\htdocs\filecroco\loader\vendor\guzzlehttp\guzzle\src\Handler\CurlFactory.php(102): GuzzleHttp\Handler\CurlFactory::finishError(Object(GuzzleHttp\Handler\CurlMultiHandler), Object(GuzzleHttp\Handler\EasyHandle), Object(GuzzleHttp\Handler\CurlFactory))
#2 E:\xampp73\htdocs\filecroco\loader\vendor\guzzlehttp\guzzle\src\Handler\CurlMultiHandler.php(181): GuzzleHttp\Handler\CurlFactory::finish(Object(GuzzleHttp\Handler\CurlMultiHandler), Object(GuzzleHttp\Handler\EasyHandle), Object(GuzzleHttp\Handler\CurlFactory))
#3 E:\xampp73\htdocs\filecroco\loader\vendor\guzzlehttp\guzzle\src\Handler\CurlMultiHandler.php(110): GuzzleHttp\Handler\CurlMultiHandler->processMessages()
#4 E:\xampp73\htdocs\filecroco\loader\vendor\guzzlehttp\guzzle\src\Handler\CurlMultiHandler.php(125): GuzzleHttp\Handler\CurlMultiHandler->tick()
#5 E:\xampp73\htdocs\filecroco\loader\vendor\guzzlehttp\promises\src\Promise.php(246): GuzzleHttp\Handler\CurlMultiHandler->execute(true)
#6 E:\xampp73\htdocs\filecroco\loader\vendor\guzzlehttp\promises\src\Promise.php(223): GuzzleHttp\Promise\Promise->invokeWaitFn()
#7 E:\xampp73\htdocs\filecroco\loader\vendor\guzzlehttp\promises\src\Promise.php(267): GuzzleHttp\Promise\Promise->waitIfPending()
#8 E:\xampp73\htdocs\filecroco\loader\vendor\guzzlehttp\promises\src\Promise.php(225): GuzzleHttp\Promise\Promise->invokeWaitList()
#9 E:\xampp73\htdocs\filecroco\loader\vendor\guzzlehttp\promises\src\Promise.php(62): GuzzleHttp\Promise\Promise->waitIfPending()
#10 E:\xampp73\htdocs\filecroco\loader\vendor\guzzlehttp\promises\src\EachPromise.php(101): GuzzleHttp\Promise\Promise->wait()
#11 E:\xampp73\htdocs\filecroco\loader\vendor\guzzlehttp\promises\src\Promise.php(246): GuzzleHttp\Promise\EachPromise->GuzzleHttp\Promise\{closure}(true)
#12 E:\xampp73\htdocs\filecroco\loader\vendor\guzzlehttp\promises\src\Promise.php(223): GuzzleHttp\Promise\Promise->invokeWaitFn()
#13 E:\xampp73\htdocs\filecroco\loader\vendor\guzzlehttp\promises\src\Promise.php(62): GuzzleHttp\Promise\Promise->waitIfPending()
#14 E:\xampp73\htdocs\filecroco\loader\updatedownloadlink.php(95): GuzzleHttp\Promise\Promise->wait()
#15 {main}|1019GuzzleHttp\Exception\RequestException: cURL error 56:  (see http://curl.haxx.se/libcurl/c/libcurl-errors.html) in E:\xampp73\htdocs\filecroco\loader\vendor\guzzlehttp\guzzle\src\Handler\CurlFactory.php:186
Stack trace:
#0 E:\xampp73\htdocs\filecroco\loader\vendor\guzzlehttp\guzzle\src\Handler\CurlFactory.php(149): GuzzleHttp\Handler\CurlFactory::createRejection(Object(GuzzleHttp\Handler\EasyHandle), Array)
#1 E:\xampp73\htdocs\filecroco\loader\vendor\guzzlehttp\guzzle\src\Handler\CurlFactory.php(102): GuzzleHttp\Handler\CurlFactory::finishError(Object(GuzzleHttp\Handler\CurlMultiHandler), Object(GuzzleHttp\Handler\EasyHandle), Object(GuzzleHttp\Handler\CurlFactory))
#2 E:\xampp73\htdocs\filecroco\loader\vendor\guzzlehttp\guzzle\src\Handler\CurlMultiHandler.php(181): GuzzleHttp\Handler\CurlFactory::finish(Object(GuzzleHttp\Handler\CurlMultiHandler), Object(GuzzleHttp\Handler\EasyHandle), Object(GuzzleHttp\Handler\CurlFactory))
#3 E:\xampp73\htdocs\filecroco\loader\vendor\guzzlehttp\guzzle\src\Handler\CurlMultiHandler.php(110): GuzzleHttp\Handler\CurlMultiHandler->processMessages()
#4 E:\xampp73\htdocs\filecroco\loader\vendor\guzzlehttp\guzzle\src\Handler\CurlMultiHandler.php(125): GuzzleHttp\Handler\CurlMultiHandler->tick()
#5 E:\xampp73\htdocs\filecroco\loader\vendor\guzzlehttp\promises\src\Promise.php(246): GuzzleHttp\Handler\CurlMultiHandler->execute(true)
#6 E:\xampp73\htdocs\filecroco\loader\vendor\guzzlehttp\promises\src\Promise.php(223): GuzzleHttp\Promise\Promise->invokeWaitFn()
#7 E:\xampp73\htdocs\filecroco\loader\vendor\guzzlehttp\promises\src\Promise.php(267): GuzzleHttp\Promise\Promise->waitIfPending()
#8 E:\xampp73\htdocs\filecroco\loader\vendor\guzzlehttp\promises\src\Promise.php(225): GuzzleHttp\Promise\Promise->invokeWaitList()
#9 E:\xampp73\htdocs\filecroco\loader\vendor\guzzlehttp\promises\src\Promise.php(62): GuzzleHttp\Promise\Promise->waitIfPending()
#10 E:\xampp73\htdocs\filecroco\loader\vendor\guzzlehttp\promises\src\EachPromise.php(101): GuzzleHttp\Promise\Promise->wait()
#11 E:\xampp73\htdocs\filecroco\loader\vendor\guzzlehttp\promises\src\Promise.php(246): GuzzleHttp\Promise\EachPromise->GuzzleHttp\Promise\{closure}(true)
#12 E:\xampp73\htdocs\filecroco\loader\vendor\guzzlehttp\promises\src\Promise.php(223): GuzzleHttp\Promise\Promise->invokeWaitFn()
#13 E:\xampp73\htdocs\filecroco\loader\vendor\guzzlehttp\promises\src\Promise.php(62): GuzzleHttp\Promise\Promise->waitIfPending()
#14 E:\xampp73\htdocs\filecroco\loader\updatedownloadlink.php(95): GuzzleHttp\Promise\Promise->wait()
#15 {main}|1020GuzzleHttp\Exception\RequestException: cURL error 56:  (see http://curl.haxx.se/libcurl/c/libcurl-errors.html) in E:\xampp73\htdocs\filecroco\loader\vendor\guzzlehttp\guzzle\src\Handler\CurlFactory.php:186
Stack trace:
#0 E:\xampp73\htdocs\filecroco\loader\vendor\guzzlehttp\guzzle\src\Handler\CurlFactory.php(149): GuzzleHttp\Handler\CurlFactory::createRejection(Object(GuzzleHttp\Handler\EasyHandle), Array)
#1 E:\xampp73\htdocs\filecroco\loader\vendor\guzzlehttp\guzzle\src\Handler\CurlFactory.php(102): GuzzleHttp\Handler\CurlFactory::finishError(Object(GuzzleHttp\Handler\CurlMultiHandler), Object(GuzzleHttp\Handler\EasyHandle), Object(GuzzleHttp\Handler\CurlFactory))
#2 E:\xampp73\htdocs\filecroco\loader\vendor\guzzlehttp\guzzle\src\Handler\CurlMultiHandler.php(181): GuzzleHttp\Handler\CurlFactory::finish(Object(GuzzleHttp\Handler\CurlMultiHandler), Object(GuzzleHttp\Handler\EasyHandle), Object(GuzzleHttp\Handler\CurlFactory))
#3 E:\xampp73\htdocs\filecroco\loader\vendor\guzzlehttp\guzzle\src\Handler\CurlMultiHandler.php(110): GuzzleHttp\Handler\CurlMultiHandler->processMessages()
#4 E:\xampp73\htdocs\filecroco\loader\vendor\guzzlehttp\guzzle\src\Handler\CurlMultiHandler.php(125): GuzzleHttp\Handler\CurlMultiHandler->tick()
#5 E:\xampp73\htdocs\filecroco\loader\vendor\guzzlehttp\promises\src\Promise.php(246): GuzzleHttp\Handler\CurlMultiHandler->execute(true)
#6 E:\xampp73\htdocs\filecroco\loader\vendor\guzzlehttp\promises\src\Promise.php(223): GuzzleHttp\Promise\Promise->invokeWaitFn()
#7 E:\xampp73\htdocs\filecroco\loader\vendor\guzzlehttp\promises\src\Promise.php(267): GuzzleHttp\Promise\Promise->waitIfPending()
#8 E:\xampp73\htdocs\filecroco\loader\vendor\guzzlehttp\promises\src\Promise.php(225): GuzzleHttp\Promise\Promise->invokeWaitList()
#9 E:\xampp73\htdocs\filecroco\loader\vendor\guzzlehttp\promises\src\Promise.php(62): GuzzleHttp\Promise\Promise->waitIfPending()
#10 E:\xampp73\htdocs\filecroco\loader\vendor\guzzlehttp\promises\src\EachPromise.php(101): GuzzleHttp\Promise\Promise->wait()
#11 E:\xampp73\htdocs\filecroco\loader\vendor\guzzlehttp\promises\src\Promise.php(246): GuzzleHttp\Promise\EachPromise->GuzzleHttp\Promise\{closure}(true)
#12 E:\xampp73\htdocs\filecroco\loader\vendor\guzzlehttp\promises\src\Promise.php(223): GuzzleHttp\Promise\Promise->invokeWaitFn()
#13 E:\xampp73\htdocs\filecroco\loader\vendor\guzzlehttp\promises\src\Promise.php(62): GuzzleHttp\Promise\Promise->waitIfPending()
#14 E:\xampp73\htdocs\filecroco\loader\updatedownloadlink.php(95): GuzzleHttp\Promise\Promise->wait()
#15 {main}|1021GuzzleHttp\Exception\RequestException: cURL error 56:  (see http://curl.haxx.se/libcurl/c/libcurl-errors.html) in E:\xampp73\htdocs\filecroco\loader\vendor\guzzlehttp\guzzle\src\Handler\CurlFactory.php:186
Stack trace:
#0 E:\xampp73\htdocs\filecroco\loader\vendor\guzzlehttp\guzzle\src\Handler\CurlFactory.php(149): GuzzleHttp\Handler\CurlFactory::createRejection(Object(GuzzleHttp\Handler\EasyHandle), Array)
#1 E:\xampp73\htdocs\filecroco\loader\vendor\guzzlehttp\guzzle\src\Handler\CurlFactory.php(102): GuzzleHttp\Handler\CurlFactory::finishError(Object(GuzzleHttp\Handler\CurlMultiHandler), Object(GuzzleHttp\Handler\EasyHandle), Object(GuzzleHttp\Handler\CurlFactory))
#2 E:\xampp73\htdocs\filecroco\loader\vendor\guzzlehttp\guzzle\src\Handler\CurlMultiHandler.php(181): GuzzleHttp\Handler\CurlFactory::finish(Object(GuzzleHttp\Handler\CurlMultiHandler), Object(GuzzleHttp\Handler\EasyHandle), Object(GuzzleHttp\Handler\CurlFactory))
#3 E:\xampp73\htdocs\filecroco\loader\vendor\guzzlehttp\guzzle\src\Handler\CurlMultiHandler.php(110): GuzzleHttp\Handler\CurlMultiHandler->processMessages()
#4 E:\xampp73\htdocs\filecroco\loader\vendor\guzzlehttp\guzzle\src\Handler\CurlMultiHandler.php(125): GuzzleHttp\Handler\CurlMultiHandler->tick()
#5 E:\xampp73\htdocs\filecroco\loader\vendor\guzzlehttp\promises\src\Promise.php(246): GuzzleHttp\Handler\CurlMultiHandler->execute(true)
#6 E:\xampp73\htdocs\filecroco\loader\vendor\guzzlehttp\promises\src\Promise.php(223): GuzzleHttp\Promise\Promise->invokeWaitFn()
#7 E:\xampp73\htdocs\filecroco\loader\vendor\guzzlehttp\promises\src\Promise.php(267): GuzzleHttp\Promise\Promise->waitIfPending()
#8 E:\xampp73\htdocs\filecroco\loader\vendor\guzzlehttp\promises\src\Promise.php(225): GuzzleHttp\Promise\Promise->invokeWaitList()
#9 E:\xampp73\htdocs\filecroco\loader\vendor\guzzlehttp\promises\src\Promise.php(62): GuzzleHttp\Promise\Promise->waitIfPending()
#10 E:\xampp73\htdocs\filecroco\loader\vendor\guzzlehttp\promises\src\EachPromise.php(101): GuzzleHttp\Promise\Promise->wait()
#11 E:\xampp73\htdocs\filecroco\loader\vendor\guzzlehttp\promises\src\Promise.php(246): GuzzleHttp\Promise\EachPromise->GuzzleHttp\Promise\{closure}(true)
#12 E:\xampp73\htdocs\filecroco\loader\vendor\guzzlehttp\promises\src\Promise.php(223): GuzzleHttp\Promise\Promise->invokeWaitFn()
#13 E:\xampp73\htdocs\filecroco\loader\vendor\guzzlehttp\promises\src\Promise.php(62): GuzzleHttp\Promise\Promise->waitIfPending()
#14 E:\xampp73\htdocs\filecroco\loader\updatedownloadlink.php(95): GuzzleHttp\Promise\Promise->wait()
#15 {main}|1022GuzzleHttp\Exception\RequestException: cURL error 56:  (see http://curl.haxx.se/libcurl/c/libcurl-errors.html) in E:\xampp73\htdocs\filecroco\loader\vendor\guzzlehttp\guzzle\src\Handler\CurlFactory.php:186
Stack trace:
#0 E:\xampp73\htdocs\filecroco\loader\vendor\guzzlehttp\guzzle\src\Handler\CurlFactory.php(149): GuzzleHttp\Handler\CurlFactory::createRejection(Object(GuzzleHttp\Handler\EasyHandle), Array)
#1 E:\xampp73\htdocs\filecroco\loader\vendor\guzzlehttp\guzzle\src\Handler\CurlFactory.php(102): GuzzleHttp\Handler\CurlFactory::finishError(Object(GuzzleHttp\Handler\CurlMultiHandler), Object(GuzzleHttp\Handler\EasyHandle), Object(GuzzleHttp\Handler\CurlFactory))
#2 E:\xampp73\htdocs\filecroco\loader\vendor\guzzlehttp\guzzle\src\Handler\CurlMultiHandler.php(181): GuzzleHttp\Handler\CurlFactory::finish(Object(GuzzleHttp\Handler\CurlMultiHandler), Object(GuzzleHttp\Handler\EasyHandle), Object(GuzzleHttp\Handler\CurlFactory))
#3 E:\xampp73\htdocs\filecroco\loader\vendor\guzzlehttp\guzzle\src\Handler\CurlMultiHandler.php(110): GuzzleHttp\Handler\CurlMultiHandler->processMessages()
#4 E:\xampp73\htdocs\filecroco\loader\vendor\guzzlehttp\guzzle\src\Handler\CurlMultiHandler.php(125): GuzzleHttp\Handler\CurlMultiHandler->tick()
#5 E:\xampp73\htdocs\filecroco\loader\vendor\guzzlehttp\promises\src\Promise.php(246): GuzzleHttp\Handler\CurlMultiHandler->execute(true)
#6 E:\xampp73\htdocs\filecroco\loader\vendor\guzzlehttp\promises\src\Promise.php(223): GuzzleHttp\Promise\Promise->invokeWaitFn()
#7 E:\xampp73\htdocs\filecroco\loader\vendor\guzzlehttp\promises\src\Promise.php(267): GuzzleHttp\Promise\Promise->waitIfPending()
#8 E:\xampp73\htdocs\filecroco\loader\vendor\guzzlehttp\promises\src\Promise.php(225): GuzzleHttp\Promise\Promise->invokeWaitList()
#9 E:\xampp73\htdocs\filecroco\loader\vendor\guzzlehttp\promises\src\Promise.php(62): GuzzleHttp\Promise\Promise->waitIfPending()
#10 E:\xampp73\htdocs\filecroco\loader\vendor\guzzlehttp\promises\src\EachPromise.php(101): GuzzleHttp\Promise\Promise->wait()
#11 E:\xampp73\htdocs\filecroco\loader\vendor\guzzlehttp\promises\src\Promise.php(246): GuzzleHttp\Promise\EachPromise->GuzzleHttp\Promise\{closure}(true)
#12 E:\xampp73\htdocs\filecroco\loader\vendor\guzzlehttp\promises\src\Promise.php(223): GuzzleHttp\Promise\Promise->invokeWaitFn()
#13 E:\xampp73\htdocs\filecroco\loader\vendor\guzzlehttp\promises\src\Promise.php(62): GuzzleHttp\Promise\Promise->waitIfPending()
#14 E:\xampp73\htdocs\filecroco\loader\updatedownloadlink.php(95): GuzzleHttp\Promise\Promise->wait()
#15 {main}|1023GuzzleHttp\Exception\RequestException: cURL error 56:  (see http://curl.haxx.se/libcurl/c/libcurl-errors.html) in E:\xampp73\htdocs\filecroco\loader\vendor\guzzlehttp\guzzle\src\Handler\CurlFactory.php:186
Stack trace:
#0 E:\xampp73\htdocs\filecroco\loader\vendor\guzzlehttp\guzzle\src\Handler\CurlFactory.php(149): GuzzleHttp\Handler\CurlFactory::createRejection(Object(GuzzleHttp\Handler\EasyHandle), Array)
#1 E:\xampp73\htdocs\filecroco\loader\vendor\guzzlehttp\guzzle\src\Handler\CurlFactory.php(102): GuzzleHttp\Handler\CurlFactory::finishError(Object(GuzzleHttp\Handler\CurlMultiHandler), Object(GuzzleHttp\Handler\EasyHandle), Object(GuzzleHttp\Handler\CurlFactory))
#2 E:\xampp73\htdocs\filecroco\loader\vendor\guzzlehttp\guzzle\src\Handler\CurlMultiHandler.php(181): GuzzleHttp\Handler\CurlFactory::finish(Object(GuzzleHttp\Handler\CurlMultiHandler), Object(GuzzleHttp\Handler\EasyHandle), Object(GuzzleHttp\Handler\CurlFactory))
#3 E:\xampp73\htdocs\filecroco\loader\vendor\guzzlehttp\guzzle\src\Handler\CurlMultiHandler.php(110): GuzzleHttp\Handler\CurlMultiHandler->processMessages()
#4 E:\xampp73\htdocs\filecroco\loader\vendor\guzzlehttp\guzzle\src\Handler\CurlMultiHandler.php(125): GuzzleHttp\Handler\CurlMultiHandler->tick()
#5 E:\xampp73\htdocs\filecroco\loader\vendor\guzzlehttp\promises\src\Promise.php(246): GuzzleHttp\Handler\CurlMultiHandler->execute(true)
#6 E:\xampp73\htdocs\filecroco\loader\vendor\guzzlehttp\promises\src\Promise.php(223): GuzzleHttp\Promise\Promise->invokeWaitFn()
#7 E:\xampp73\htdocs\filecroco\loader\vendor\guzzlehttp\promises\src\Promise.php(267): GuzzleHttp\Promise\Promise->waitIfPending()
#8 E:\xampp73\htdocs\filecroco\loader\vendor\guzzlehttp\promises\src\Promise.php(225): GuzzleHttp\Promise\Promise->invokeWaitList()
#9 E:\xampp73\htdocs\filecroco\loader\vendor\guzzlehttp\promises\src\Promise.php(62): GuzzleHttp\Promise\Promise->waitIfPending()
#10 E:\xampp73\htdocs\filecroco\loader\vendor\guzzlehttp\promises\src\EachPromise.php(101): GuzzleHttp\Promise\Promise->wait()
#11 E:\xampp73\htdocs\filecroco\loader\vendor\guzzlehttp\promises\src\Promise.php(246): GuzzleHttp\Promise\EachPromise->GuzzleHttp\Promise\{closure}(true)
#12 E:\xampp73\htdocs\filecroco\loader\vendor\guzzlehttp\promises\src\Promise.php(223): GuzzleHttp\Promise\Promise->invokeWaitFn()
#13 E:\xampp73\htdocs\filecroco\loader\vendor\guzzlehttp\promises\src\Promise.php(62): GuzzleHttp\Promise\Promise->waitIfPending()
#14 E:\xampp73\htdocs\filecroco\loader\updatedownloadlink.php(95): GuzzleHttp\Promise\Promise->wait()
#15 {main}|1024GuzzleHttp\Exception\RequestException: cURL error 56:  (see http://curl.haxx.se/libcurl/c/libcurl-errors.html) in E:\xampp73\htdocs\filecroco\loader\vendor\guzzlehttp\guzzle\src\Handler\CurlFactory.php:186
Stack trace:
#0 E:\xampp73\htdocs\filecroco\loader\vendor\guzzlehttp\guzzle\src\Handler\CurlFactory.php(149): GuzzleHttp\Handler\CurlFactory::createRejection(Object(GuzzleHttp\Handler\EasyHandle), Array)
#1 E:\xampp73\htdocs\filecroco\loader\vendor\guzzlehttp\guzzle\src\Handler\CurlFactory.php(102): GuzzleHttp\Handler\CurlFactory::finishError(Object(GuzzleHttp\Handler\CurlMultiHandler), Object(GuzzleHttp\Handler\EasyHandle), Object(GuzzleHttp\Handler\CurlFactory))
#2 E:\xampp73\htdocs\filecroco\loader\vendor\guzzlehttp\guzzle\src\Handler\CurlMultiHandler.php(181): GuzzleHttp\Handler\CurlFactory::finish(Object(GuzzleHttp\Handler\CurlMultiHandler), Object(GuzzleHttp\Handler\EasyHandle), Object(GuzzleHttp\Handler\CurlFactory))
#3 E:\xampp73\htdocs\filecroco\loader\vendor\guzzlehttp\guzzle\src\Handler\CurlMultiHandler.php(110): GuzzleHttp\Handler\CurlMultiHandler->processMessages()
#4 E:\xampp73\htdocs\filecroco\loader\vendor\guzzlehttp\guzzle\src\Handler\CurlMultiHandler.php(125): GuzzleHttp\Handler\CurlMultiHandler->tick()
#5 E:\xampp73\htdocs\filecroco\loader\vendor\guzzlehttp\promises\src\Promise.php(246): GuzzleHttp\Handler\CurlMultiHandler->execute(true)
#6 E:\xampp73\htdocs\filecroco\loader\vendor\guzzlehttp\promises\src\Promise.php(223): GuzzleHttp\Promise\Promise->invokeWaitFn()
#7 E:\xampp73\htdocs\filecroco\loader\vendor\guzzlehttp\promises\src\Promise.php(267): GuzzleHttp\Promise\Promise->waitIfPending()
#8 E:\xampp73\htdocs\filecroco\loader\vendor\guzzlehttp\promises\src\Promise.php(225): GuzzleHttp\Promise\Promise->invokeWaitList()
#9 E:\xampp73\htdocs\filecroco\loader\vendor\guzzlehttp\promises\src\Promise.php(62): GuzzleHttp\Promise\Promise->waitIfPending()
#10 E:\xampp73\htdocs\filecroco\loader\vendor\guzzlehttp\promises\src\EachPromise.php(101): GuzzleHttp\Promise\Promise->wait()
#11 E:\xampp73\htdocs\filecroco\loader\vendor\guzzlehttp\promises\src\Promise.php(246): GuzzleHttp\Promise\EachPromise->GuzzleHttp\Promise\{closure}(true)
#12 E:\xampp73\htdocs\filecroco\loader\vendor\guzzlehttp\promises\src\Promise.php(223): GuzzleHttp\Promise\Promise->invokeWaitFn()
#13 E:\xampp73\htdocs\filecroco\loader\vendor\guzzlehttp\promises\src\Promise.php(62): GuzzleHttp\Promise\Promise->waitIfPending()
#14 E:\xampp73\htdocs\filecroco\loader\updatedownloadlink.php(95): GuzzleHttp\Promise\Promise->wait()
#15 {main}|1025GuzzleHttp\Exception\RequestException: cURL error 56:  (see http://curl.haxx.se/libcurl/c/libcurl-errors.html) in E:\xampp73\htdocs\filecroco\loader\vendor\guzzlehttp\guzzle\src\Handler\CurlFactory.php:186
Stack trace:
#0 E:\xampp73\htdocs\filecroco\loader\vendor\guzzlehttp\guzzle\src\Handler\CurlFactory.php(149): GuzzleHttp\Handler\CurlFactory::createRejection(Object(GuzzleHttp\Handler\EasyHandle), Array)
#1 E:\xampp73\htdocs\filecroco\loader\vendor\guzzlehttp\guzzle\src\Handler\CurlFactory.php(102): GuzzleHttp\Handler\CurlFactory::finishError(Object(GuzzleHttp\Handler\CurlMultiHandler), Object(GuzzleHttp\Handler\EasyHandle), Object(GuzzleHttp\Handler\CurlFactory))
#2 E:\xampp73\htdocs\filecroco\loader\vendor\guzzlehttp\guzzle\src\Handler\CurlMultiHandler.php(181): GuzzleHttp\Handler\CurlFactory::finish(Object(GuzzleHttp\Handler\CurlMultiHandler), Object(GuzzleHttp\Handler\EasyHandle), Object(GuzzleHttp\Handler\CurlFactory))
#3 E:\xampp73\htdocs\filecroco\loader\vendor\guzzlehttp\guzzle\src\Handler\CurlMultiHandler.php(110): GuzzleHttp\Handler\CurlMultiHandler->processMessages()
#4 E:\xampp73\htdocs\filecroco\loader\vendor\guzzlehttp\guzzle\src\Handler\CurlMultiHandler.php(125): GuzzleHttp\Handler\CurlMultiHandler->tick()
#5 E:\xampp73\htdocs\filecroco\loader\vendor\guzzlehttp\promises\src\Promise.php(246): GuzzleHttp\Handler\CurlMultiHandler->execute(true)
#6 E:\xampp73\htdocs\filecroco\loader\vendor\guzzlehttp\promises\src\Promise.php(223): GuzzleHttp\Promise\Promise->invokeWaitFn()
#7 E:\xampp73\htdocs\filecroco\loader\vendor\guzzlehttp\promises\src\Promise.php(267): GuzzleHttp\Promise\Promise->waitIfPending()
#8 E:\xampp73\htdocs\filecroco\loader\vendor\guzzlehttp\promises\src\Promise.php(225): GuzzleHttp\Promise\Promise->invokeWaitList()
#9 E:\xampp73\htdocs\filecroco\loader\vendor\guzzlehttp\promises\src\Promise.php(62): GuzzleHttp\Promise\Promise->waitIfPending()
#10 E:\xampp73\htdocs\filecroco\loader\vendor\guzzlehttp\promises\src\EachPromise.php(101): GuzzleHttp\Promise\Promise->wait()
#11 E:\xampp73\htdocs\filecroco\loader\vendor\guzzlehttp\promises\src\Promise.php(246): GuzzleHttp\Promise\EachPromise->GuzzleHttp\Promise\{closure}(true)
#12 E:\xampp73\htdocs\filecroco\loader\vendor\guzzlehttp\promises\src\Promise.php(223): GuzzleHttp\Promise\Promise->invokeWaitFn()
#13 E:\xampp73\htdocs\filecroco\loader\vendor\guzzlehttp\promises\src\Promise.php(62): GuzzleHttp\Promise\Promise->waitIfPending()
#14 E:\xampp73\htdocs\filecroco\loader\updatedownloadlink.php(95): GuzzleHttp\Promise\Promise->wait()
#15 {main}|1026GuzzleHttp\Exception\RequestException: cURL error 56:  (see http://curl.haxx.se/libcurl/c/libcurl-errors.html) in E:\xampp73\htdocs\filecroco\loader\vendor\guzzlehttp\guzzle\src\Handler\CurlFactory.php:186
Stack trace:
#0 E:\xampp73\htdocs\filecroco\loader\vendor\guzzlehttp\guzzle\src\Handler\CurlFactory.php(149): GuzzleHttp\Handler\CurlFactory::createRejection(Object(GuzzleHttp\Handler\EasyHandle), Array)
#1 E:\xampp73\htdocs\filecroco\loader\vendor\guzzlehttp\guzzle\src\Handler\CurlFactory.php(102): GuzzleHttp\Handler\CurlFactory::finishError(Object(GuzzleHttp\Handler\CurlMultiHandler), Object(GuzzleHttp\Handler\EasyHandle), Object(GuzzleHttp\Handler\CurlFactory))
#2 E:\xampp73\htdocs\filecroco\loader\vendor\guzzlehttp\guzzle\src\Handler\CurlMultiHandler.php(181): GuzzleHttp\Handler\CurlFactory::finish(Object(GuzzleHttp\Handler\CurlMultiHandler), Object(GuzzleHttp\Handler\EasyHandle), Object(GuzzleHttp\Handler\CurlFactory))
#3 E:\xampp73\htdocs\filecroco\loader\vendor\guzzlehttp\guzzle\src\Handler\CurlMultiHandler.php(110): GuzzleHttp\Handler\CurlMultiHandler->processMessages()
#4 E:\xampp73\htdocs\filecroco\loader\vendor\guzzlehttp\guzzle\src\Handler\CurlMultiHandler.php(125): GuzzleHttp\Handler\CurlMultiHandler->tick()
#5 E:\xampp73\htdocs\filecroco\loader\vendor\guzzlehttp\promises\src\Promise.php(246): GuzzleHttp\Handler\CurlMultiHandler->execute(true)
#6 E:\xampp73\htdocs\filecroco\loader\vendor\guzzlehttp\promises\src\Promise.php(223): GuzzleHttp\Promise\Promise->invokeWaitFn()
#7 E:\xampp73\htdocs\filecroco\loader\vendor\guzzlehttp\promises\src\Promise.php(267): GuzzleHttp\Promise\Promise->waitIfPending()
#8 E:\xampp73\htdocs\filecroco\loader\vendor\guzzlehttp\promises\src\Promise.php(225): GuzzleHttp\Promise\Promise->invokeWaitList()
#9 E:\xampp73\htdocs\filecroco\loader\vendor\guzzlehttp\promises\src\Promise.php(62): GuzzleHttp\Promise\Promise->waitIfPending()
#10 E:\xampp73\htdocs\filecroco\loader\vendor\guzzlehttp\promises\src\EachPromise.php(101): GuzzleHttp\Promise\Promise->wait()
#11 E:\xampp73\htdocs\filecroco\loader\vendor\guzzlehttp\promises\src\Promise.php(246): GuzzleHttp\Promise\EachPromise->GuzzleHttp\Promise\{closure}(true)
#12 E:\xampp73\htdocs\filecroco\loader\vendor\guzzlehttp\promises\src\Promise.php(223): GuzzleHttp\Promise\Promise->invokeWaitFn()
#13 E:\xampp73\htdocs\filecroco\loader\vendor\guzzlehttp\promises\src\Promise.php(62): GuzzleHttp\Promise\Promise->waitIfPending()
#14 E:\xampp73\htdocs\filecroco\loader\updatedownloadlink.php(95): GuzzleHttp\Promise\Promise->wait()
#15 {main}|1027GuzzleHttp\Exception\RequestException: cURL error 56:  (see http://curl.haxx.se/libcurl/c/libcurl-errors.html) in E:\xampp73\htdocs\filecroco\loader\vendor\guzzlehttp\guzzle\src\Handler\CurlFactory.php:186
Stack trace:
#0 E:\xampp73\htdocs\filecroco\loader\vendor\guzzlehttp\guzzle\src\Handler\CurlFactory.php(149): GuzzleHttp\Handler\CurlFactory::createRejection(Object(GuzzleHttp\Handler\EasyHandle), Array)
#1 E:\xampp73\htdocs\filecroco\loader\vendor\guzzlehttp\guzzle\src\Handler\CurlFactory.php(102): GuzzleHttp\Handler\CurlFactory::finishError(Object(GuzzleHttp\Handler\CurlMultiHandler), Object(GuzzleHttp\Handler\EasyHandle), Object(GuzzleHttp\Handler\CurlFactory))
#2 E:\xampp73\htdocs\filecroco\loader\vendor\guzzlehttp\guzzle\src\Handler\CurlMultiHandler.php(181): GuzzleHttp\Handler\CurlFactory::finish(Object(GuzzleHttp\Handler\CurlMultiHandler), Object(GuzzleHttp\Handler\EasyHandle), Object(GuzzleHttp\Handler\CurlFactory))
#3 E:\xampp73\htdocs\filecroco\loader\vendor\guzzlehttp\guzzle\src\Handler\CurlMultiHandler.php(110): GuzzleHttp\Handler\CurlMultiHandler->processMessages()
#4 E:\xampp73\htdocs\filecroco\loader\vendor\guzzlehttp\guzzle\src\Handler\CurlMultiHandler.php(125): GuzzleHttp\Handler\CurlMultiHandler->tick()
#5 E:\xampp73\htdocs\filecroco\loader\vendor\guzzlehttp\promises\src\Promise.php(246): GuzzleHttp\Handler\CurlMultiHandler->execute(true)
#6 E:\xampp73\htdocs\filecroco\loader\vendor\guzzlehttp\promises\src\Promise.php(223): GuzzleHttp\Promise\Promise->invokeWaitFn()
#7 E:\xampp73\htdocs\filecroco\loader\vendor\guzzlehttp\promises\src\Promise.php(267): GuzzleHttp\Promise\Promise->waitIfPending()
#8 E:\xampp73\htdocs\filecroco\loader\vendor\guzzlehttp\promises\src\Promise.php(225): GuzzleHttp\Promise\Promise->invokeWaitList()
#9 E:\xampp73\htdocs\filecroco\loader\vendor\guzzlehttp\promises\src\Promise.php(62): GuzzleHttp\Promise\Promise->waitIfPending()
#10 E:\xampp73\htdocs\filecroco\loader\vendor\guzzlehttp\promises\src\EachPromise.php(101): GuzzleHttp\Promise\Promise->wait()
#11 E:\xampp73\htdocs\filecroco\loader\vendor\guzzlehttp\promises\src\Promise.php(246): GuzzleHttp\Promise\EachPromise->GuzzleHttp\Promise\{closure}(true)
#12 E:\xampp73\htdocs\filecroco\loader\vendor\guzzlehttp\promises\src\Promise.php(223): GuzzleHttp\Promise\Promise->invokeWaitFn()
#13 E:\xampp73\htdocs\filecroco\loader\vendor\guzzlehttp\promises\src\Promise.php(62): GuzzleHttp\Promise\Promise->waitIfPending()
#14 E:\xampp73\htdocs\filecroco\loader\updatedownloadlink.php(95): GuzzleHttp\Promise\Promise->wait()
#15 {main}|1028GuzzleHttp\Exception\RequestException: cURL error 56:  (see http://curl.haxx.se/libcurl/c/libcurl-errors.html) in E:\xampp73\htdocs\filecroco\loader\vendor\guzzlehttp\guzzle\src\Handler\CurlFactory.php:186
Stack trace:
#0 E:\xampp73\htdocs\filecroco\loader\vendor\guzzlehttp\guzzle\src\Handler\CurlFactory.php(149): GuzzleHttp\Handler\CurlFactory::createRejection(Object(GuzzleHttp\Handler\EasyHandle), Array)
#1 E:\xampp73\htdocs\filecroco\loader\vendor\guzzlehttp\guzzle\src\Handler\CurlFactory.php(102): GuzzleHttp\Handler\CurlFactory::finishError(Object(GuzzleHttp\Handler\CurlMultiHandler), Object(GuzzleHttp\Handler\EasyHandle), Object(GuzzleHttp\Handler\CurlFactory))
#2 E:\xampp73\htdocs\filecroco\loader\vendor\guzzlehttp\guzzle\src\Handler\CurlMultiHandler.php(181): GuzzleHttp\Handler\CurlFactory::finish(Object(GuzzleHttp\Handler\CurlMultiHandler), Object(GuzzleHttp\Handler\EasyHandle), Object(GuzzleHttp\Handler\CurlFactory))
#3 E:\xampp73\htdocs\filecroco\loader\vendor\guzzlehttp\guzzle\src\Handler\CurlMultiHandler.php(110): GuzzleHttp\Handler\CurlMultiHandler->processMessages()
#4 E:\xampp73\htdocs\filecroco\loader\vendor\guzzlehttp\guzzle\src\Handler\CurlMultiHandler.php(125): GuzzleHttp\Handler\CurlMultiHandler->tick()
#5 E:\xampp73\htdocs\filecroco\loader\vendor\guzzlehttp\promises\src\Promise.php(246): GuzzleHttp\Handler\CurlMultiHandler->execute(true)
#6 E:\xampp73\htdocs\filecroco\loader\vendor\guzzlehttp\promises\src\Promise.php(223): GuzzleHttp\Promise\Promise->invokeWaitFn()
#7 E:\xampp73\htdocs\filecroco\loader\vendor\guzzlehttp\promises\src\Promise.php(267): GuzzleHttp\Promise\Promise->waitIfPending()
#8 E:\xampp73\htdocs\filecroco\loader\vendor\guzzlehttp\promises\src\Promise.php(225): GuzzleHttp\Promise\Promise->invokeWaitList()
#9 E:\xampp73\htdocs\filecroco\loader\vendor\guzzlehttp\promises\src\Promise.php(62): GuzzleHttp\Promise\Promise->waitIfPending()
#10 E:\xampp73\htdocs\filecroco\loader\vendor\guzzlehttp\promises\src\EachPromise.php(101): GuzzleHttp\Promise\Promise->wait()
#11 E:\xampp73\htdocs\filecroco\loader\vendor\guzzlehttp\promises\src\Promise.php(246): GuzzleHttp\Promise\EachPromise->GuzzleHttp\Promise\{closure}(true)
#12 E:\xampp73\htdocs\filecroco\loader\vendor\guzzlehttp\promises\src\Promise.php(223): GuzzleHttp\Promise\Promise->invokeWaitFn()
#13 E:\xampp73\htdocs\filecroco\loader\vendor\guzzlehttp\promises\src\Promise.php(62): GuzzleHttp\Promise\Promise->waitIfPending()
#14 E:\xampp73\htdocs\filecroco\loader\updatedownloadlink.php(95): GuzzleHttp\Promise\Promise->wait()
#15 {main}|1029GuzzleHttp\Exception\RequestException: cURL error 56:  (see http://curl.haxx.se/libcurl/c/libcurl-errors.html) in E:\xampp73\htdocs\filecroco\loader\vendor\guzzlehttp\guzzle\src\Handler\CurlFactory.php:186
Stack trace:
#0 E:\xampp73\htdocs\filecroco\loader\vendor\guzzlehttp\guzzle\src\Handler\CurlFactory.php(149): GuzzleHttp\Handler\CurlFactory::createRejection(Object(GuzzleHttp\Handler\EasyHandle), Array)
#1 E:\xampp73\htdocs\filecroco\loader\vendor\guzzlehttp\guzzle\src\Handler\CurlFactory.php(102): GuzzleHttp\Handler\CurlFactory::finishError(Object(GuzzleHttp\Handler\CurlMultiHandler), Object(GuzzleHttp\Handler\EasyHandle), Object(GuzzleHttp\Handler\CurlFactory))
#2 E:\xampp73\htdocs\filecroco\loader\vendor\guzzlehttp\guzzle\src\Handler\CurlMultiHandler.php(181): GuzzleHttp\Handler\CurlFactory::finish(Object(GuzzleHttp\Handler\CurlMultiHandler), Object(GuzzleHttp\Handler\EasyHandle), Object(GuzzleHttp\Handler\CurlFactory))
#3 E:\xampp73\htdocs\filecroco\loader\vendor\guzzlehttp\guzzle\src\Handler\CurlMultiHandler.php(110): GuzzleHttp\Handler\CurlMultiHandler->processMessages()
#4 E:\xampp73\htdocs\filecroco\loader\vendor\guzzlehttp\guzzle\src\Handler\CurlMultiHandler.php(125): GuzzleHttp\Handler\CurlMultiHandler->tick()
#5 E:\xampp73\htdocs\filecroco\loader\vendor\guzzlehttp\promises\src\Promise.php(246): GuzzleHttp\Handler\CurlMultiHandler->execute(true)
#6 E:\xampp73\htdocs\filecroco\loader\vendor\guzzlehttp\promises\src\Promise.php(223): GuzzleHttp\Promise\Promise->invokeWaitFn()
#7 E:\xampp73\htdocs\filecroco\loader\vendor\guzzlehttp\promises\src\Promise.php(267): GuzzleHttp\Promise\Promise->waitIfPending()
#8 E:\xampp73\htdocs\filecroco\loader\vendor\guzzlehttp\promises\src\Promise.php(225): GuzzleHttp\Promise\Promise->invokeWaitList()
#9 E:\xampp73\htdocs\filecroco\loader\vendor\guzzlehttp\promises\src\Promise.php(62): GuzzleHttp\Promise\Promise->waitIfPending()
#10 E:\xampp73\htdocs\filecroco\loader\vendor\guzzlehttp\promises\src\EachPromise.php(101): GuzzleHttp\Promise\Promise->wait()
#11 E:\xampp73\htdocs\filecroco\loader\vendor\guzzlehttp\promises\src\Promise.php(246): GuzzleHttp\Promise\EachPromise->GuzzleHttp\Promise\{closure}(true)
#12 E:\xampp73\htdocs\filecroco\loader\vendor\guzzlehttp\promises\src\Promise.php(223): GuzzleHttp\Promise\Promise->invokeWaitFn()
#13 E:\xampp73\htdocs\filecroco\loader\vendor\guzzlehttp\promises\src\Promise.php(62): GuzzleHttp\Promise\Promise->waitIfPending()
#14 E:\xampp73\htdocs\filecroco\loader\updatedownloadlink.php(95): GuzzleHttp\Promise\Promise->wait()
#15 {main}|1030GuzzleHttp\Exception\RequestException: cURL error 56:  (see http://curl.haxx.se/libcurl/c/libcurl-errors.html) in E:\xampp73\htdocs\filecroco\loader\vendor\guzzlehttp\guzzle\src\Handler\CurlFactory.php:186
Stack trace:
#0 E:\xampp73\htdocs\filecroco\loader\vendor\guzzlehttp\guzzle\src\Handler\CurlFactory.php(149): GuzzleHttp\Handler\CurlFactory::createRejection(Object(GuzzleHttp\Handler\EasyHandle), Array)
#1 E:\xampp73\htdocs\filecroco\loader\vendor\guzzlehttp\guzzle\src\Handler\CurlFactory.php(102): GuzzleHttp\Handler\CurlFactory::finishError(Object(GuzzleHttp\Handler\CurlMultiHandler), Object(GuzzleHttp\Handler\EasyHandle), Object(GuzzleHttp\Handler\CurlFactory))
#2 E:\xampp73\htdocs\filecroco\loader\vendor\guzzlehttp\guzzle\src\Handler\CurlMultiHandler.php(181): GuzzleHttp\Handler\CurlFactory::finish(Object(GuzzleHttp\Handler\CurlMultiHandler), Object(GuzzleHttp\Handler\EasyHandle), Object(GuzzleHttp\Handler\CurlFactory))
#3 E:\xampp73\htdocs\filecroco\loader\vendor\guzzlehttp\guzzle\src\Handler\CurlMultiHandler.php(110): GuzzleHttp\Handler\CurlMultiHandler->processMessages()
#4 E:\xampp73\htdocs\filecroco\loader\vendor\guzzlehttp\guzzle\src\Handler\CurlMultiHandler.php(125): GuzzleHttp\Handler\CurlMultiHandler->tick()
#5 E:\xampp73\htdocs\filecroco\loader\vendor\guzzlehttp\promises\src\Promise.php(246): GuzzleHttp\Handler\CurlMultiHandler->execute(true)
#6 E:\xampp73\htdocs\filecroco\loader\vendor\guzzlehttp\promises\src\Promise.php(223): GuzzleHttp\Promise\Promise->invokeWaitFn()
#7 E:\xampp73\htdocs\filecroco\loader\vendor\guzzlehttp\promises\src\Promise.php(267): GuzzleHttp\Promise\Promise->waitIfPending()
#8 E:\xampp73\htdocs\filecroco\loader\vendor\guzzlehttp\promises\src\Promise.php(225): GuzzleHttp\Promise\Promise->invokeWaitList()
#9 E:\xampp73\htdocs\filecroco\loader\vendor\guzzlehttp\promises\src\Promise.php(62): GuzzleHttp\Promise\Promise->waitIfPending()
#10 E:\xampp73\htdocs\filecroco\loader\vendor\guzzlehttp\promises\src\EachPromise.php(101): GuzzleHttp\Promise\Promise->wait()
#11 E:\xampp73\htdocs\filecroco\loader\vendor\guzzlehttp\promises\src\Promise.php(246): GuzzleHttp\Promise\EachPromise->GuzzleHttp\Promise\{closure}(true)
#12 E:\xampp73\htdocs\filecroco\loader\vendor\guzzlehttp\promises\src\Promise.php(223): GuzzleHttp\Promise\Promise->invokeWaitFn()
#13 E:\xampp73\htdocs\filecroco\loader\vendor\guzzlehttp\promises\src\Promise.php(62): GuzzleHttp\Promise\Promise->waitIfPending()
#14 E:\xampp73\htdocs\filecroco\loader\updatedownloadlink.php(95): GuzzleHttp\Promise\Promise->wait()
#15 {main}|1031GuzzleHttp\Exception\RequestException: cURL error 56:  (see http://curl.haxx.se/libcurl/c/libcurl-errors.html) in E:\xampp73\htdocs\filecroco\loader\vendor\guzzlehttp\guzzle\src\Handler\CurlFactory.php:186
Stack trace:
#0 E:\xampp73\htdocs\filecroco\loader\vendor\guzzlehttp\guzzle\src\Handler\CurlFactory.php(149): GuzzleHttp\Handler\CurlFactory::createRejection(Object(GuzzleHttp\Handler\EasyHandle), Array)
#1 E:\xampp73\htdocs\filecroco\loader\vendor\guzzlehttp\guzzle\src\Handler\CurlFactory.php(102): GuzzleHttp\Handler\CurlFactory::finishError(Object(GuzzleHttp\Handler\CurlMultiHandler), Object(GuzzleHttp\Handler\EasyHandle), Object(GuzzleHttp\Handler\CurlFactory))
#2 E:\xampp73\htdocs\filecroco\loader\vendor\guzzlehttp\guzzle\src\Handler\CurlMultiHandler.php(181): GuzzleHttp\Handler\CurlFactory::finish(Object(GuzzleHttp\Handler\CurlMultiHandler), Object(GuzzleHttp\Handler\EasyHandle), Object(GuzzleHttp\Handler\CurlFactory))
#3 E:\xampp73\htdocs\filecroco\loader\vendor\guzzlehttp\guzzle\src\Handler\CurlMultiHandler.php(110): GuzzleHttp\Handler\CurlMultiHandler->processMessages()
#4 E:\xampp73\htdocs\filecroco\loader\vendor\guzzlehttp\guzzle\src\Handler\CurlMultiHandler.php(125): GuzzleHttp\Handler\CurlMultiHandler->tick()
#5 E:\xampp73\htdocs\filecroco\loader\vendor\guzzlehttp\promises\src\Promise.php(246): GuzzleHttp\Handler\CurlMultiHandler->execute(true)
#6 E:\xampp73\htdocs\filecroco\loader\vendor\guzzlehttp\promises\src\Promise.php(223): GuzzleHttp\Promise\Promise->invokeWaitFn()
#7 E:\xampp73\htdocs\filecroco\loader\vendor\guzzlehttp\promises\src\Promise.php(267): GuzzleHttp\Promise\Promise->waitIfPending()
#8 E:\xampp73\htdocs\filecroco\loader\vendor\guzzlehttp\promises\src\Promise.php(225): GuzzleHttp\Promise\Promise->invokeWaitList()
#9 E:\xampp73\htdocs\filecroco\loader\vendor\guzzlehttp\promises\src\Promise.php(62): GuzzleHttp\Promise\Promise->waitIfPending()
#10 E:\xampp73\htdocs\filecroco\loader\vendor\guzzlehttp\promises\src\EachPromise.php(101): GuzzleHttp\Promise\Promise->wait()
#11 E:\xampp73\htdocs\filecroco\loader\vendor\guzzlehttp\promises\src\Promise.php(246): GuzzleHttp\Promise\EachPromise->GuzzleHttp\Promise\{closure}(true)
#12 E:\xampp73\htdocs\filecroco\loader\vendor\guzzlehttp\promises\src\Promise.php(223): GuzzleHttp\Promise\Promise->invokeWaitFn()
#13 E:\xampp73\htdocs\filecroco\loader\vendor\guzzlehttp\promises\src\Promise.php(62): GuzzleHttp\Promise\Promise->waitIfPending()
#14 E:\xampp73\htdocs\filecroco\loader\updatedownloadlink.php(95): GuzzleHttp\Promise\Promise->wait()
#15 {main}|1032GuzzleHttp\Exception\RequestException: cURL error 56:  (see http://curl.haxx.se/libcurl/c/libcurl-errors.html) in E:\xampp73\htdocs\filecroco\loader\vendor\guzzlehttp\guzzle\src\Handler\CurlFactory.php:186
Stack trace:
#0 E:\xampp73\htdocs\filecroco\loader\vendor\guzzlehttp\guzzle\src\Handler\CurlFactory.php(149): GuzzleHttp\Handler\CurlFactory::createRejection(Object(GuzzleHttp\Handler\EasyHandle), Array)
#1 E:\xampp73\htdocs\filecroco\loader\vendor\guzzlehttp\guzzle\src\Handler\CurlFactory.php(102): GuzzleHttp\Handler\CurlFactory::finishError(Object(GuzzleHttp\Handler\CurlMultiHandler), Object(GuzzleHttp\Handler\EasyHandle), Object(GuzzleHttp\Handler\CurlFactory))
#2 E:\xampp73\htdocs\filecroco\loader\vendor\guzzlehttp\guzzle\src\Handler\CurlMultiHandler.php(181): GuzzleHttp\Handler\CurlFactory::finish(Object(GuzzleHttp\Handler\CurlMultiHandler), Object(GuzzleHttp\Handler\EasyHandle), Object(GuzzleHttp\Handler\CurlFactory))
#3 E:\xampp73\htdocs\filecroco\loader\vendor\guzzlehttp\guzzle\src\Handler\CurlMultiHandler.php(110): GuzzleHttp\Handler\CurlMultiHandler->processMessages()
#4 E:\xampp73\htdocs\filecroco\loader\vendor\guzzlehttp\guzzle\src\Handler\CurlMultiHandler.php(125): GuzzleHttp\Handler\CurlMultiHandler->tick()
#5 E:\xampp73\htdocs\filecroco\loader\vendor\guzzlehttp\promises\src\Promise.php(246): GuzzleHttp\Handler\CurlMultiHandler->execute(true)
#6 E:\xampp73\htdocs\filecroco\loader\vendor\guzzlehttp\promises\src\Promise.php(223): GuzzleHttp\Promise\Promise->invokeWaitFn()
#7 E:\xampp73\htdocs\filecroco\loader\vendor\guzzlehttp\promises\src\Promise.php(267): GuzzleHttp\Promise\Promise->waitIfPending()
#8 E:\xampp73\htdocs\filecroco\loader\vendor\guzzlehttp\promises\src\Promise.php(225): GuzzleHttp\Promise\Promise->invokeWaitList()
#9 E:\xampp73\htdocs\filecroco\loader\vendor\guzzlehttp\promises\src\Promise.php(62): GuzzleHttp\Promise\Promise->waitIfPending()
#10 E:\xampp73\htdocs\filecroco\loader\vendor\guzzlehttp\promises\src\EachPromise.php(101): GuzzleHttp\Promise\Promise->wait()
#11 E:\xampp73\htdocs\filecroco\loader\vendor\guzzlehttp\promises\src\Promise.php(246): GuzzleHttp\Promise\EachPromise->GuzzleHttp\Promise\{closure}(true)
#12 E:\xampp73\htdocs\filecroco\loader\vendor\guzzlehttp\promises\src\Promise.php(223): GuzzleHttp\Promise\Promise->invokeWaitFn()
#13 E:\xampp73\htdocs\filecroco\loader\vendor\guzzlehttp\promises\src\Promise.php(62): GuzzleHttp\Promise\Promise->waitIfPending()
#14 E:\xampp73\htdocs\filecroco\loader\updatedownloadlink.php(95): GuzzleHttp\Promise\Promise->wait()
#15 {main}|1033GuzzleHttp\Exception\RequestException: cURL error 56:  (see http://curl.haxx.se/libcurl/c/libcurl-errors.html) in E:\xampp73\htdocs\filecroco\loader\vendor\guzzlehttp\guzzle\src\Handler\CurlFactory.php:186
Stack trace:
#0 E:\xampp73\htdocs\filecroco\loader\vendor\guzzlehttp\guzzle\src\Handler\CurlFactory.php(149): GuzzleHttp\Handler\CurlFactory::createRejection(Object(GuzzleHttp\Handler\EasyHandle), Array)
#1 E:\xampp73\htdocs\filecroco\loader\vendor\guzzlehttp\guzzle\src\Handler\CurlFactory.php(102): GuzzleHttp\Handler\CurlFactory::finishError(Object(GuzzleHttp\Handler\CurlMultiHandler), Object(GuzzleHttp\Handler\EasyHandle), Object(GuzzleHttp\Handler\CurlFactory))
#2 E:\xampp73\htdocs\filecroco\loader\vendor\guzzlehttp\guzzle\src\Handler\CurlMultiHandler.php(181): GuzzleHttp\Handler\CurlFactory::finish(Object(GuzzleHttp\Handler\CurlMultiHandler), Object(GuzzleHttp\Handler\EasyHandle), Object(GuzzleHttp\Handler\CurlFactory))
#3 E:\xampp73\htdocs\filecroco\loader\vendor\guzzlehttp\guzzle\src\Handler\CurlMultiHandler.php(110): GuzzleHttp\Handler\CurlMultiHandler->processMessages()
#4 E:\xampp73\htdocs\filecroco\loader\vendor\guzzlehttp\guzzle\src\Handler\CurlMultiHandler.php(125): GuzzleHttp\Handler\CurlMultiHandler->tick()
#5 E:\xampp73\htdocs\filecroco\loader\vendor\guzzlehttp\promises\src\Promise.php(246): GuzzleHttp\Handler\CurlMultiHandler->execute(true)
#6 E:\xampp73\htdocs\filecroco\loader\vendor\guzzlehttp\promises\src\Promise.php(223): GuzzleHttp\Promise\Promise->invokeWaitFn()
#7 E:\xampp73\htdocs\filecroco\loader\vendor\guzzlehttp\promises\src\Promise.php(267): GuzzleHttp\Promise\Promise->waitIfPending()
#8 E:\xampp73\htdocs\filecroco\loader\vendor\guzzlehttp\promises\src\Promise.php(225): GuzzleHttp\Promise\Promise->invokeWaitList()
#9 E:\xampp73\htdocs\filecroco\loader\vendor\guzzlehttp\promises\src\Promise.php(62): GuzzleHttp\Promise\Promise->waitIfPending()
#10 E:\xampp73\htdocs\filecroco\loader\vendor\guzzlehttp\promises\src\EachPromise.php(101): GuzzleHttp\Promise\Promise->wait()
#11 E:\xampp73\htdocs\filecroco\loader\vendor\guzzlehttp\promises\src\Promise.php(246): GuzzleHttp\Promise\EachPromise->GuzzleHttp\Promise\{closure}(true)
#12 E:\xampp73\htdocs\filecroco\loader\vendor\guzzlehttp\promises\src\Promise.php(223): GuzzleHttp\Promise\Promise->invokeWaitFn()
#13 E:\xampp73\htdocs\filecroco\loader\vendor\guzzlehttp\promises\src\Promise.php(62): GuzzleHttp\Promise\Promise->waitIfPending()
#14 E:\xampp73\htdocs\filecroco\loader\updatedownloadlink.php(95): GuzzleHttp\Promise\Promise->wait()
#15 {main}|1034GuzzleHttp\Exception\RequestException: cURL error 56:  (see http://curl.haxx.se/libcurl/c/libcurl-errors.html) in E:\xampp73\htdocs\filecroco\loader\vendor\guzzlehttp\guzzle\src\Handler\CurlFactory.php:186
Stack trace:
#0 E:\xampp73\htdocs\filecroco\loader\vendor\guzzlehttp\guzzle\src\Handler\CurlFactory.php(149): GuzzleHttp\Handler\CurlFactory::createRejection(Object(GuzzleHttp\Handler\EasyHandle), Array)
#1 E:\xampp73\htdocs\filecroco\loader\vendor\guzzlehttp\guzzle\src\Handler\CurlFactory.php(102): GuzzleHttp\Handler\CurlFactory::finishError(Object(GuzzleHttp\Handler\CurlMultiHandler), Object(GuzzleHttp\Handler\EasyHandle), Object(GuzzleHttp\Handler\CurlFactory))
#2 E:\xampp73\htdocs\filecroco\loader\vendor\guzzlehttp\guzzle\src\Handler\CurlMultiHandler.php(181): GuzzleHttp\Handler\CurlFactory::finish(Object(GuzzleHttp\Handler\CurlMultiHandler), Object(GuzzleHttp\Handler\EasyHandle), Object(GuzzleHttp\Handler\CurlFactory))
#3 E:\xampp73\htdocs\filecroco\loader\vendor\guzzlehttp\guzzle\src\Handler\CurlMultiHandler.php(110): GuzzleHttp\Handler\CurlMultiHandler->processMessages()
#4 E:\xampp73\htdocs\filecroco\loader\vendor\guzzlehttp\guzzle\src\Handler\CurlMultiHandler.php(125): GuzzleHttp\Handler\CurlMultiHandler->tick()
#5 E:\xampp73\htdocs\filecroco\loader\vendor\guzzlehttp\promises\src\Promise.php(246): GuzzleHttp\Handler\CurlMultiHandler->execute(true)
#6 E:\xampp73\htdocs\filecroco\loader\vendor\guzzlehttp\promises\src\Promise.php(223): GuzzleHttp\Promise\Promise->invokeWaitFn()
#7 E:\xampp73\htdocs\filecroco\loader\vendor\guzzlehttp\promises\src\Promise.php(267): GuzzleHttp\Promise\Promise->waitIfPending()
#8 E:\xampp73\htdocs\filecroco\loader\vendor\guzzlehttp\promises\src\Promise.php(225): GuzzleHttp\Promise\Promise->invokeWaitList()
#9 E:\xampp73\htdocs\filecroco\loader\vendor\guzzlehttp\promises\src\Promise.php(62): GuzzleHttp\Promise\Promise->waitIfPending()
#10 E:\xampp73\htdocs\filecroco\loader\vendor\guzzlehttp\promises\src\EachPromise.php(101): GuzzleHttp\Promise\Promise->wait()
#11 E:\xampp73\htdocs\filecroco\loader\vendor\guzzlehttp\promises\src\Promise.php(246): GuzzleHttp\Promise\EachPromise->GuzzleHttp\Promise\{closure}(true)
#12 E:\xampp73\htdocs\filecroco\loader\vendor\guzzlehttp\promises\src\Promise.php(223): GuzzleHttp\Promise\Promise->invokeWaitFn()
#13 E:\xampp73\htdocs\filecroco\loader\vendor\guzzlehttp\promises\src\Promise.php(62): GuzzleHttp\Promise\Promise->waitIfPending()
#14 E:\xampp73\htdocs\filecroco\loader\updatedownloadlink.php(95): GuzzleHttp\Promise\Promise->wait()
#15 {main}|1035GuzzleHttp\Exception\RequestException: cURL error 56:  (see http://curl.haxx.se/libcurl/c/libcurl-errors.html) in E:\xampp73\htdocs\filecroco\loader\vendor\guzzlehttp\guzzle\src\Handler\CurlFactory.php:186
Stack trace:
#0 E:\xampp73\htdocs\filecroco\loader\vendor\guzzlehttp\guzzle\src\Handler\CurlFactory.php(149): GuzzleHttp\Handler\CurlFactory::createRejection(Object(GuzzleHttp\Handler\EasyHandle), Array)
#1 E:\xampp73\htdocs\filecroco\loader\vendor\guzzlehttp\guzzle\src\Handler\CurlFactory.php(102): GuzzleHttp\Handler\CurlFactory::finishError(Object(GuzzleHttp\Handler\CurlMultiHandler), Object(GuzzleHttp\Handler\EasyHandle), Object(GuzzleHttp\Handler\CurlFactory))
#2 E:\xampp73\htdocs\filecroco\loader\vendor\guzzlehttp\guzzle\src\Handler\CurlMultiHandler.php(181): GuzzleHttp\Handler\CurlFactory::finish(Object(GuzzleHttp\Handler\CurlMultiHandler), Object(GuzzleHttp\Handler\EasyHandle), Object(GuzzleHttp\Handler\CurlFactory))
#3 E:\xampp73\htdocs\filecroco\loader\vendor\guzzlehttp\guzzle\src\Handler\CurlMultiHandler.php(110): GuzzleHttp\Handler\CurlMultiHandler->processMessages()
#4 E:\xampp73\htdocs\filecroco\loader\vendor\guzzlehttp\guzzle\src\Handler\CurlMultiHandler.php(125): GuzzleHttp\Handler\CurlMultiHandler->tick()
#5 E:\xampp73\htdocs\filecroco\loader\vendor\guzzlehttp\promises\src\Promise.php(246): GuzzleHttp\Handler\CurlMultiHandler->execute(true)
#6 E:\xampp73\htdocs\filecroco\loader\vendor\guzzlehttp\promises\src\Promise.php(223): GuzzleHttp\Promise\Promise->invokeWaitFn()
#7 E:\xampp73\htdocs\filecroco\loader\vendor\guzzlehttp\promises\src\Promise.php(267): GuzzleHttp\Promise\Promise->waitIfPending()
#8 E:\xampp73\htdocs\filecroco\loader\vendor\guzzlehttp\promises\src\Promise.php(225): GuzzleHttp\Promise\Promise->invokeWaitList()
#9 E:\xampp73\htdocs\filecroco\loader\vendor\guzzlehttp\promises\src\Promise.php(62): GuzzleHttp\Promise\Promise->waitIfPending()
#10 E:\xampp73\htdocs\filecroco\loader\vendor\guzzlehttp\promises\src\EachPromise.php(101): GuzzleHttp\Promise\Promise->wait()
#11 E:\xampp73\htdocs\filecroco\loader\vendor\guzzlehttp\promises\src\Promise.php(246): GuzzleHttp\Promise\EachPromise->GuzzleHttp\Promise\{closure}(true)
#12 E:\xampp73\htdocs\filecroco\loader\vendor\guzzlehttp\promises\src\Promise.php(223): GuzzleHttp\Promise\Promise->invokeWaitFn()
#13 E:\xampp73\htdocs\filecroco\loader\vendor\guzzlehttp\promises\src\Promise.php(62): GuzzleHttp\Promise\Promise->waitIfPending()
#14 E:\xampp73\htdocs\filecroco\loader\updatedownloadlink.php(95): GuzzleHttp\Promise\Promise->wait()
#15 {main}|1036GuzzleHttp\Exception\RequestException: cURL error 56:  (see http://curl.haxx.se/libcurl/c/libcurl-errors.html) in E:\xampp73\htdocs\filecroco\loader\vendor\guzzlehttp\guzzle\src\Handler\CurlFactory.php:186
Stack trace:
#0 E:\xampp73\htdocs\filecroco\loader\vendor\guzzlehttp\guzzle\src\Handler\CurlFactory.php(149): GuzzleHttp\Handler\CurlFactory::createRejection(Object(GuzzleHttp\Handler\EasyHandle), Array)
#1 E:\xampp73\htdocs\filecroco\loader\vendor\guzzlehttp\guzzle\src\Handler\CurlFactory.php(102): GuzzleHttp\Handler\CurlFactory::finishError(Object(GuzzleHttp\Handler\CurlMultiHandler), Object(GuzzleHttp\Handler\EasyHandle), Object(GuzzleHttp\Handler\CurlFactory))
#2 E:\xampp73\htdocs\filecroco\loader\vendor\guzzlehttp\guzzle\src\Handler\CurlMultiHandler.php(181): GuzzleHttp\Handler\CurlFactory::finish(Object(GuzzleHttp\Handler\CurlMultiHandler), Object(GuzzleHttp\Handler\EasyHandle), Object(GuzzleHttp\Handler\CurlFactory))
#3 E:\xampp73\htdocs\filecroco\loader\vendor\guzzlehttp\guzzle\src\Handler\CurlMultiHandler.php(110): GuzzleHttp\Handler\CurlMultiHandler->processMessages()
#4 E:\xampp73\htdocs\filecroco\loader\vendor\guzzlehttp\guzzle\src\Handler\CurlMultiHandler.php(125): GuzzleHttp\Handler\CurlMultiHandler->tick()
#5 E:\xampp73\htdocs\filecroco\loader\vendor\guzzlehttp\promises\src\Promise.php(246): GuzzleHttp\Handler\CurlMultiHandler->execute(true)
#6 E:\xampp73\htdocs\filecroco\loader\vendor\guzzlehttp\promises\src\Promise.php(223): GuzzleHttp\Promise\Promise->invokeWaitFn()
#7 E:\xampp73\htdocs\filecroco\loader\vendor\guzzlehttp\promises\src\Promise.php(267): GuzzleHttp\Promise\Promise->waitIfPending()
#8 E:\xampp73\htdocs\filecroco\loader\vendor\guzzlehttp\promises\src\Promise.php(225): GuzzleHttp\Promise\Promise->invokeWaitList()
#9 E:\xampp73\htdocs\filecroco\loader\vendor\guzzlehttp\promises\src\Promise.php(62): GuzzleHttp\Promise\Promise->waitIfPending()
#10 E:\xampp73\htdocs\filecroco\loader\vendor\guzzlehttp\promises\src\EachPromise.php(101): GuzzleHttp\Promise\Promise->wait()
#11 E:\xampp73\htdocs\filecroco\loader\vendor\guzzlehttp\promises\src\Promise.php(246): GuzzleHttp\Promise\EachPromise->GuzzleHttp\Promise\{closure}(true)
#12 E:\xampp73\htdocs\filecroco\loader\vendor\guzzlehttp\promises\src\Promise.php(223): GuzzleHttp\Promise\Promise->invokeWaitFn()
#13 E:\xampp73\htdocs\filecroco\loader\vendor\guzzlehttp\promises\src\Promise.php(62): GuzzleHttp\Promise\Promise->waitIfPending()
#14 E:\xampp73\htdocs\filecroco\loader\updatedownloadlink.php(95): GuzzleHttp\Promise\Promise->wait()
#15 {main}|1037GuzzleHttp\Exception\RequestException: cURL error 56:  (see http://curl.haxx.se/libcurl/c/libcurl-errors.html) in E:\xampp73\htdocs\filecroco\loader\vendor\guzzlehttp\guzzle\src\Handler\CurlFactory.php:186
Stack trace:
#0 E:\xampp73\htdocs\filecroco\loader\vendor\guzzlehttp\guzzle\src\Handler\CurlFactory.php(149): GuzzleHttp\Handler\CurlFactory::createRejection(Object(GuzzleHttp\Handler\EasyHandle), Array)
#1 E:\xampp73\htdocs\filecroco\loader\vendor\guzzlehttp\guzzle\src\Handler\CurlFactory.php(102): GuzzleHttp\Handler\CurlFactory::finishError(Object(GuzzleHttp\Handler\CurlMultiHandler), Object(GuzzleHttp\Handler\EasyHandle), Object(GuzzleHttp\Handler\CurlFactory))
#2 E:\xampp73\htdocs\filecroco\loader\vendor\guzzlehttp\guzzle\src\Handler\CurlMultiHandler.php(181): GuzzleHttp\Handler\CurlFactory::finish(Object(GuzzleHttp\Handler\CurlMultiHandler), Object(GuzzleHttp\Handler\EasyHandle), Object(GuzzleHttp\Handler\CurlFactory))
#3 E:\xampp73\htdocs\filecroco\loader\vendor\guzzlehttp\guzzle\src\Handler\CurlMultiHandler.php(110): GuzzleHttp\Handler\CurlMultiHandler->processMessages()
#4 E:\xampp73\htdocs\filecroco\loader\vendor\guzzlehttp\guzzle\src\Handler\CurlMultiHandler.php(125): GuzzleHttp\Handler\CurlMultiHandler->tick()
#5 E:\xampp73\htdocs\filecroco\loader\vendor\guzzlehttp\promises\src\Promise.php(246): GuzzleHttp\Handler\CurlMultiHandler->execute(true)
#6 E:\xampp73\htdocs\filecroco\loader\vendor\guzzlehttp\promises\src\Promise.php(223): GuzzleHttp\Promise\Promise->invokeWaitFn()
#7 E:\xampp73\htdocs\filecroco\loader\vendor\guzzlehttp\promises\src\Promise.php(267): GuzzleHttp\Promise\Promise->waitIfPending()
#8 E:\xampp73\htdocs\filecroco\loader\vendor\guzzlehttp\promises\src\Promise.php(225): GuzzleHttp\Promise\Promise->invokeWaitList()
#9 E:\xampp73\htdocs\filecroco\loader\vendor\guzzlehttp\promises\src\Promise.php(62): GuzzleHttp\Promise\Promise->waitIfPending()
#10 E:\xampp73\htdocs\filecroco\loader\vendor\guzzlehttp\promises\src\EachPromise.php(101): GuzzleHttp\Promise\Promise->wait()
#11 E:\xampp73\htdocs\filecroco\loader\vendor\guzzlehttp\promises\src\Promise.php(246): GuzzleHttp\Promise\EachPromise->GuzzleHttp\Promise\{closure}(true)
#12 E:\xampp73\htdocs\filecroco\loader\vendor\guzzlehttp\promises\src\Promise.php(223): GuzzleHttp\Promise\Promise->invokeWaitFn()
#13 E:\xampp73\htdocs\filecroco\loader\vendor\guzzlehttp\promises\src\Promise.php(62): GuzzleHttp\Promise\Promise->waitIfPending()
#14 E:\xampp73\htdocs\filecroco\loader\updatedownloadlink.php(95): GuzzleHttp\Promise\Promise->wait()
#15 {main}|1038GuzzleHttp\Exception\RequestException: cURL error 56:  (see http://curl.haxx.se/libcurl/c/libcurl-errors.html) in E:\xampp73\htdocs\filecroco\loader\vendor\guzzlehttp\guzzle\src\Handler\CurlFactory.php:186
Stack trace:
#0 E:\xampp73\htdocs\filecroco\loader\vendor\guzzlehttp\guzzle\src\Handler\CurlFactory.php(149): GuzzleHttp\Handler\CurlFactory::createRejection(Object(GuzzleHttp\Handler\EasyHandle), Array)
#1 E:\xampp73\htdocs\filecroco\loader\vendor\guzzlehttp\guzzle\src\Handler\CurlFactory.php(102): GuzzleHttp\Handler\CurlFactory::finishError(Object(GuzzleHttp\Handler\CurlMultiHandler), Object(GuzzleHttp\Handler\EasyHandle), Object(GuzzleHttp\Handler\CurlFactory))
#2 E:\xampp73\htdocs\filecroco\loader\vendor\guzzlehttp\guzzle\src\Handler\CurlMultiHandler.php(181): GuzzleHttp\Handler\CurlFactory::finish(Object(GuzzleHttp\Handler\CurlMultiHandler), Object(GuzzleHttp\Handler\EasyHandle), Object(GuzzleHttp\Handler\CurlFactory))
#3 E:\xampp73\htdocs\filecroco\loader\vendor\guzzlehttp\guzzle\src\Handler\CurlMultiHandler.php(110): GuzzleHttp\Handler\CurlMultiHandler->processMessages()
#4 E:\xampp73\htdocs\filecroco\loader\vendor\guzzlehttp\guzzle\src\Handler\CurlMultiHandler.php(125): GuzzleHttp\Handler\CurlMultiHandler->tick()
#5 E:\xampp73\htdocs\filecroco\loader\vendor\guzzlehttp\promises\src\Promise.php(246): GuzzleHttp\Handler\CurlMultiHandler->execute(true)
#6 E:\xampp73\htdocs\filecroco\loader\vendor\guzzlehttp\promises\src\Promise.php(223): GuzzleHttp\Promise\Promise->invokeWaitFn()
#7 E:\xampp73\htdocs\filecroco\loader\vendor\guzzlehttp\promises\src\Promise.php(267): GuzzleHttp\Promise\Promise->waitIfPending()
#8 E:\xampp73\htdocs\filecroco\loader\vendor\guzzlehttp\promises\src\Promise.php(225): GuzzleHttp\Promise\Promise->invokeWaitList()
#9 E:\xampp73\htdocs\filecroco\loader\vendor\guzzlehttp\promises\src\Promise.php(62): GuzzleHttp\Promise\Promise->waitIfPending()
#10 E:\xampp73\htdocs\filecroco\loader\vendor\guzzlehttp\promises\src\EachPromise.php(101): GuzzleHttp\Promise\Promise->wait()
#11 E:\xampp73\htdocs\filecroco\loader\vendor\guzzlehttp\promises\src\Promise.php(246): GuzzleHttp\Promise\EachPromise->GuzzleHttp\Promise\{closure}(true)
#12 E:\xampp73\htdocs\filecroco\loader\vendor\guzzlehttp\promises\src\Promise.php(223): GuzzleHttp\Promise\Promise->invokeWaitFn()
#13 E:\xampp73\htdocs\filecroco\loader\vendor\guzzlehttp\promises\src\Promise.php(62): GuzzleHttp\Promise\Promise->waitIfPending()
#14 E:\xampp73\htdocs\filecroco\loader\updatedownloadlink.php(95): GuzzleHttp\Promise\Promise->wait()
#15 {main}|1039GuzzleHttp\Exception\RequestException: cURL error 56:  (see http://curl.haxx.se/libcurl/c/libcurl-errors.html) in E:\xampp73\htdocs\filecroco\loader\vendor\guzzlehttp\guzzle\src\Handler\CurlFactory.php:186
Stack trace:
#0 E:\xampp73\htdocs\filecroco\loader\vendor\guzzlehttp\guzzle\src\Handler\CurlFactory.php(149): GuzzleHttp\Handler\CurlFactory::createRejection(Object(GuzzleHttp\Handler\EasyHandle), Array)
#1 E:\xampp73\htdocs\filecroco\loader\vendor\guzzlehttp\guzzle\src\Handler\CurlFactory.php(102): GuzzleHttp\Handler\CurlFactory::finishError(Object(GuzzleHttp\Handler\CurlMultiHandler), Object(GuzzleHttp\Handler\EasyHandle), Object(GuzzleHttp\Handler\CurlFactory))
#2 E:\xampp73\htdocs\filecroco\loader\vendor\guzzlehttp\guzzle\src\Handler\CurlMultiHandler.php(181): GuzzleHttp\Handler\CurlFactory::finish(Object(GuzzleHttp\Handler\CurlMultiHandler), Object(GuzzleHttp\Handler\EasyHandle), Object(GuzzleHttp\Handler\CurlFactory))
#3 E:\xampp73\htdocs\filecroco\loader\vendor\guzzlehttp\guzzle\src\Handler\CurlMultiHandler.php(110): GuzzleHttp\Handler\CurlMultiHandler->processMessages()
#4 E:\xampp73\htdocs\filecroco\loader\vendor\guzzlehttp\guzzle\src\Handler\CurlMultiHandler.php(125): GuzzleHttp\Handler\CurlMultiHandler->tick()
#5 E:\xampp73\htdocs\filecroco\loader\vendor\guzzlehttp\promises\src\Promise.php(246): GuzzleHttp\Handler\CurlMultiHandler->execute(true)
#6 E:\xampp73\htdocs\filecroco\loader\vendor\guzzlehttp\promises\src\Promise.php(223): GuzzleHttp\Promise\Promise->invokeWaitFn()
#7 E:\xampp73\htdocs\filecroco\loader\vendor\guzzlehttp\promises\src\Promise.php(267): GuzzleHttp\Promise\Promise->waitIfPending()
#8 E:\xampp73\htdocs\filecroco\loader\vendor\guzzlehttp\promises\src\Promise.php(225): GuzzleHttp\Promise\Promise->invokeWaitList()
#9 E:\xampp73\htdocs\filecroco\loader\vendor\guzzlehttp\promises\src\Promise.php(62): GuzzleHttp\Promise\Promise->waitIfPending()
#10 E:\xampp73\htdocs\filecroco\loader\vendor\guzzlehttp\promises\src\EachPromise.php(101): GuzzleHttp\Promise\Promise->wait()
#11 E:\xampp73\htdocs\filecroco\loader\vendor\guzzlehttp\promises\src\Promise.php(246): GuzzleHttp\Promise\EachPromise->GuzzleHttp\Promise\{closure}(true)
#12 E:\xampp73\htdocs\filecroco\loader\vendor\guzzlehttp\promises\src\Promise.php(223): GuzzleHttp\Promise\Promise->invokeWaitFn()
#13 E:\xampp73\htdocs\filecroco\loader\vendor\guzzlehttp\promises\src\Promise.php(62): GuzzleHttp\Promise\Promise->waitIfPending()
#14 E:\xampp73\htdocs\filecroco\loader\updatedownloadlink.php(95): GuzzleHttp\Promise\Promise->wait()
#15 {main}|1040GuzzleHttp\Exception\RequestException: cURL error 56:  (see http://curl.haxx.se/libcurl/c/libcurl-errors.html) in E:\xampp73\htdocs\filecroco\loader\vendor\guzzlehttp\guzzle\src\Handler\CurlFactory.php:186
Stack trace:
#0 E:\xampp73\htdocs\filecroco\loader\vendor\guzzlehttp\guzzle\src\Handler\CurlFactory.php(149): GuzzleHttp\Handler\CurlFactory::createRejection(Object(GuzzleHttp\Handler\EasyHandle), Array)
#1 E:\xampp73\htdocs\filecroco\loader\vendor\guzzlehttp\guzzle\src\Handler\CurlFactory.php(102): GuzzleHttp\Handler\CurlFactory::finishError(Object(GuzzleHttp\Handler\CurlMultiHandler), Object(GuzzleHttp\Handler\EasyHandle), Object(GuzzleHttp\Handler\CurlFactory))
#2 E:\xampp73\htdocs\filecroco\loader\vendor\guzzlehttp\guzzle\src\Handler\CurlMultiHandler.php(181): GuzzleHttp\Handler\CurlFactory::finish(Object(GuzzleHttp\Handler\CurlMultiHandler), Object(GuzzleHttp\Handler\EasyHandle), Object(GuzzleHttp\Handler\CurlFactory))
#3 E:\xampp73\htdocs\filecroco\loader\vendor\guzzlehttp\guzzle\src\Handler\CurlMultiHandler.php(110): GuzzleHttp\Handler\CurlMultiHandler->processMessages()
#4 E:\xampp73\htdocs\filecroco\loader\vendor\guzzlehttp\guzzle\src\Handler\CurlMultiHandler.php(125): GuzzleHttp\Handler\CurlMultiHandler->tick()
#5 E:\xampp73\htdocs\filecroco\loader\vendor\guzzlehttp\promises\src\Promise.php(246): GuzzleHttp\Handler\CurlMultiHandler->execute(true)
#6 E:\xampp73\htdocs\filecroco\loader\vendor\guzzlehttp\promises\src\Promise.php(223): GuzzleHttp\Promise\Promise->invokeWaitFn()
#7 E:\xampp73\htdocs\filecroco\loader\vendor\guzzlehttp\promises\src\Promise.php(267): GuzzleHttp\Promise\Promise->waitIfPending()
#8 E:\xampp73\htdocs\filecroco\loader\vendor\guzzlehttp\promises\src\Promise.php(225): GuzzleHttp\Promise\Promise->invokeWaitList()
#9 E:\xampp73\htdocs\filecroco\loader\vendor\guzzlehttp\promises\src\Promise.php(62): GuzzleHttp\Promise\Promise->waitIfPending()
#10 E:\xampp73\htdocs\filecroco\loader\vendor\guzzlehttp\promises\src\EachPromise.php(101): GuzzleHttp\Promise\Promise->wait()
#11 E:\xampp73\htdocs\filecroco\loader\vendor\guzzlehttp\promises\src\Promise.php(246): GuzzleHttp\Promise\EachPromise->GuzzleHttp\Promise\{closure}(true)
#12 E:\xampp73\htdocs\filecroco\loader\vendor\guzzlehttp\promises\src\Promise.php(223): GuzzleHttp\Promise\Promise->invokeWaitFn()
#13 E:\xampp73\htdocs\filecroco\loader\vendor\guzzlehttp\promises\src\Promise.php(62): GuzzleHttp\Promise\Promise->waitIfPending()
#14 E:\xampp73\htdocs\filecroco\loader\updatedownloadlink.php(95): GuzzleHttp\Promise\Promise->wait()
#15 {main}|1041GuzzleHttp\Exception\RequestException: cURL error 56:  (see http://curl.haxx.se/libcurl/c/libcurl-errors.html) in E:\xampp73\htdocs\filecroco\loader\vendor\guzzlehttp\guzzle\src\Handler\CurlFactory.php:186
Stack trace:
#0 E:\xampp73\htdocs\filecroco\loader\vendor\guzzlehttp\guzzle\src\Handler\CurlFactory.php(149): GuzzleHttp\Handler\CurlFactory::createRejection(Object(GuzzleHttp\Handler\EasyHandle), Array)
#1 E:\xampp73\htdocs\filecroco\loader\vendor\guzzlehttp\guzzle\src\Handler\CurlFactory.php(102): GuzzleHttp\Handler\CurlFactory::finishError(Object(GuzzleHttp\Handler\CurlMultiHandler), Object(GuzzleHttp\Handler\EasyHandle), Object(GuzzleHttp\Handler\CurlFactory))
#2 E:\xampp73\htdocs\filecroco\loader\vendor\guzzlehttp\guzzle\src\Handler\CurlMultiHandler.php(181): GuzzleHttp\Handler\CurlFactory::finish(Object(GuzzleHttp\Handler\CurlMultiHandler), Object(GuzzleHttp\Handler\EasyHandle), Object(GuzzleHttp\Handler\CurlFactory))
#3 E:\xampp73\htdocs\filecroco\loader\vendor\guzzlehttp\guzzle\src\Handler\CurlMultiHandler.php(110): GuzzleHttp\Handler\CurlMultiHandler->processMessages()
#4 E:\xampp73\htdocs\filecroco\loader\vendor\guzzlehttp\guzzle\src\Handler\CurlMultiHandler.php(125): GuzzleHttp\Handler\CurlMultiHandler->tick()
#5 E:\xampp73\htdocs\filecroco\loader\vendor\guzzlehttp\promises\src\Promise.php(246): GuzzleHttp\Handler\CurlMultiHandler->execute(true)
#6 E:\xampp73\htdocs\filecroco\loader\vendor\guzzlehttp\promises\src\Promise.php(223): GuzzleHttp\Promise\Promise->invokeWaitFn()
#7 E:\xampp73\htdocs\filecroco\loader\vendor\guzzlehttp\promises\src\Promise.php(267): GuzzleHttp\Promise\Promise->waitIfPending()
#8 E:\xampp73\htdocs\filecroco\loader\vendor\guzzlehttp\promises\src\Promise.php(225): GuzzleHttp\Promise\Promise->invokeWaitList()
#9 E:\xampp73\htdocs\filecroco\loader\vendor\guzzlehttp\promises\src\Promise.php(62): GuzzleHttp\Promise\Promise->waitIfPending()
#10 E:\xampp73\htdocs\filecroco\loader\vendor\guzzlehttp\promises\src\EachPromise.php(101): GuzzleHttp\Promise\Promise->wait()
#11 E:\xampp73\htdocs\filecroco\loader\vendor\guzzlehttp\promises\src\Promise.php(246): GuzzleHttp\Promise\EachPromise->GuzzleHttp\Promise\{closure}(true)
#12 E:\xampp73\htdocs\filecroco\loader\vendor\guzzlehttp\promises\src\Promise.php(223): GuzzleHttp\Promise\Promise->invokeWaitFn()
#13 E:\xampp73\htdocs\filecroco\loader\vendor\guzzlehttp\promises\src\Promise.php(62): GuzzleHttp\Promise\Promise->waitIfPending()
#14 E:\xampp73\htdocs\filecroco\loader\updatedownloadlink.php(95): GuzzleHttp\Promise\Promise->wait()
#15 {main}|1042GuzzleHttp\Exception\RequestException: cURL error 56:  (see http://curl.haxx.se/libcurl/c/libcurl-errors.html) in E:\xampp73\htdocs\filecroco\loader\vendor\guzzlehttp\guzzle\src\Handler\CurlFactory.php:186
Stack trace:
#0 E:\xampp73\htdocs\filecroco\loader\vendor\guzzlehttp\guzzle\src\Handler\CurlFactory.php(149): GuzzleHttp\Handler\CurlFactory::createRejection(Object(GuzzleHttp\Handler\EasyHandle), Array)
#1 E:\xampp73\htdocs\filecroco\loader\vendor\guzzlehttp\guzzle\src\Handler\CurlFactory.php(102): GuzzleHttp\Handler\CurlFactory::finishError(Object(GuzzleHttp\Handler\CurlMultiHandler), Object(GuzzleHttp\Handler\EasyHandle), Object(GuzzleHttp\Handler\CurlFactory))
#2 E:\xampp73\htdocs\filecroco\loader\vendor\guzzlehttp\guzzle\src\Handler\CurlMultiHandler.php(181): GuzzleHttp\Handler\CurlFactory::finish(Object(GuzzleHttp\Handler\CurlMultiHandler), Object(GuzzleHttp\Handler\EasyHandle), Object(GuzzleHttp\Handler\CurlFactory))
#3 E:\xampp73\htdocs\filecroco\loader\vendor\guzzlehttp\guzzle\src\Handler\CurlMultiHandler.php(110): GuzzleHttp\Handler\CurlMultiHandler->processMessages()
#4 E:\xampp73\htdocs\filecroco\loader\vendor\guzzlehttp\guzzle\src\Handler\CurlMultiHandler.php(125): GuzzleHttp\Handler\CurlMultiHandler->tick()
#5 E:\xampp73\htdocs\filecroco\loader\vendor\guzzlehttp\promises\src\Promise.php(246): GuzzleHttp\Handler\CurlMultiHandler->execute(true)
#6 E:\xampp73\htdocs\filecroco\loader\vendor\guzzlehttp\promises\src\Promise.php(223): GuzzleHttp\Promise\Promise->invokeWaitFn()
#7 E:\xampp73\htdocs\filecroco\loader\vendor\guzzlehttp\promises\src\Promise.php(267): GuzzleHttp\Promise\Promise->waitIfPending()
#8 E:\xampp73\htdocs\filecroco\loader\vendor\guzzlehttp\promises\src\Promise.php(225): GuzzleHttp\Promise\Promise->invokeWaitList()
#9 E:\xampp73\htdocs\filecroco\loader\vendor\guzzlehttp\promises\src\Promise.php(62): GuzzleHttp\Promise\Promise->waitIfPending()
#10 E:\xampp73\htdocs\filecroco\loader\vendor\guzzlehttp\promises\src\EachPromise.php(101): GuzzleHttp\Promise\Promise->wait()
#11 E:\xampp73\htdocs\filecroco\loader\vendor\guzzlehttp\promises\src\Promise.php(246): GuzzleHttp\Promise\EachPromise->GuzzleHttp\Promise\{closure}(true)
#12 E:\xampp73\htdocs\filecroco\loader\vendor\guzzlehttp\promises\src\Promise.php(223): GuzzleHttp\Promise\Promise->invokeWaitFn()
#13 E:\xampp73\htdocs\filecroco\loader\vendor\guzzlehttp\promises\src\Promise.php(62): GuzzleHttp\Promise\Promise->waitIfPending()
#14 E:\xampp73\htdocs\filecroco\loader\updatedownloadlink.php(95): GuzzleHttp\Promise\Promise->wait()
#15 {main}|1043GuzzleHttp\Exception\RequestException: cURL error 56:  (see http://curl.haxx.se/libcurl/c/libcurl-errors.html) in E:\xampp73\htdocs\filecroco\loader\vendor\guzzlehttp\guzzle\src\Handler\CurlFactory.php:186
Stack trace:
#0 E:\xampp73\htdocs\filecroco\loader\vendor\guzzlehttp\guzzle\src\Handler\CurlFactory.php(149): GuzzleHttp\Handler\CurlFactory::createRejection(Object(GuzzleHttp\Handler\EasyHandle), Array)
#1 E:\xampp73\htdocs\filecroco\loader\vendor\guzzlehttp\guzzle\src\Handler\CurlFactory.php(102): GuzzleHttp\Handler\CurlFactory::finishError(Object(GuzzleHttp\Handler\CurlMultiHandler), Object(GuzzleHttp\Handler\EasyHandle), Object(GuzzleHttp\Handler\CurlFactory))
#2 E:\xampp73\htdocs\filecroco\loader\vendor\guzzlehttp\guzzle\src\Handler\CurlMultiHandler.php(181): GuzzleHttp\Handler\CurlFactory::finish(Object(GuzzleHttp\Handler\CurlMultiHandler), Object(GuzzleHttp\Handler\EasyHandle), Object(GuzzleHttp\Handler\CurlFactory))
#3 E:\xampp73\htdocs\filecroco\loader\vendor\guzzlehttp\guzzle\src\Handler\CurlMultiHandler.php(110): GuzzleHttp\Handler\CurlMultiHandler->processMessages()
#4 E:\xampp73\htdocs\filecroco\loader\vendor\guzzlehttp\guzzle\src\Handler\CurlMultiHandler.php(125): GuzzleHttp\Handler\CurlMultiHandler->tick()
#5 E:\xampp73\htdocs\filecroco\loader\vendor\guzzlehttp\promises\src\Promise.php(246): GuzzleHttp\Handler\CurlMultiHandler->execute(true)
#6 E:\xampp73\htdocs\filecroco\loader\vendor\guzzlehttp\promises\src\Promise.php(223): GuzzleHttp\Promise\Promise->invokeWaitFn()
#7 E:\xampp73\htdocs\filecroco\loader\vendor\guzzlehttp\promises\src\Promise.php(267): GuzzleHttp\Promise\Promise->waitIfPending()
#8 E:\xampp73\htdocs\filecroco\loader\vendor\guzzlehttp\promises\src\Promise.php(225): GuzzleHttp\Promise\Promise->invokeWaitList()
#9 E:\xampp73\htdocs\filecroco\loader\vendor\guzzlehttp\promises\src\Promise.php(62): GuzzleHttp\Promise\Promise->waitIfPending()
#10 E:\xampp73\htdocs\filecroco\loader\vendor\guzzlehttp\promises\src\EachPromise.php(101): GuzzleHttp\Promise\Promise->wait()
#11 E:\xampp73\htdocs\filecroco\loader\vendor\guzzlehttp\promises\src\Promise.php(246): GuzzleHttp\Promise\EachPromise->GuzzleHttp\Promise\{closure}(true)
#12 E:\xampp73\htdocs\filecroco\loader\vendor\guzzlehttp\promises\src\Promise.php(223): GuzzleHttp\Promise\Promise->invokeWaitFn()
#13 E:\xampp73\htdocs\filecroco\loader\vendor\guzzlehttp\promises\src\Promise.php(62): GuzzleHttp\Promise\Promise->waitIfPending()
#14 E:\xampp73\htdocs\filecroco\loader\updatedownloadlink.php(95): GuzzleHttp\Promise\Promise->wait()
#15 {main}|1044GuzzleHttp\Exception\RequestException: cURL error 56:  (see http://curl.haxx.se/libcurl/c/libcurl-errors.html) in E:\xampp73\htdocs\filecroco\loader\vendor\guzzlehttp\guzzle\src\Handler\CurlFactory.php:186
Stack trace:
#0 E:\xampp73\htdocs\filecroco\loader\vendor\guzzlehttp\guzzle\src\Handler\CurlFactory.php(149): GuzzleHttp\Handler\CurlFactory::createRejection(Object(GuzzleHttp\Handler\EasyHandle), Array)
#1 E:\xampp73\htdocs\filecroco\loader\vendor\guzzlehttp\guzzle\src\Handler\CurlFactory.php(102): GuzzleHttp\Handler\CurlFactory::finishError(Object(GuzzleHttp\Handler\CurlMultiHandler), Object(GuzzleHttp\Handler\EasyHandle), Object(GuzzleHttp\Handler\CurlFactory))
#2 E:\xampp73\htdocs\filecroco\loader\vendor\guzzlehttp\guzzle\src\Handler\CurlMultiHandler.php(181): GuzzleHttp\Handler\CurlFactory::finish(Object(GuzzleHttp\Handler\CurlMultiHandler), Object(GuzzleHttp\Handler\EasyHandle), Object(GuzzleHttp\Handler\CurlFactory))
#3 E:\xampp73\htdocs\filecroco\loader\vendor\guzzlehttp\guzzle\src\Handler\CurlMultiHandler.php(110): GuzzleHttp\Handler\CurlMultiHandler->processMessages()
#4 E:\xampp73\htdocs\filecroco\loader\vendor\guzzlehttp\guzzle\src\Handler\CurlMultiHandler.php(125): GuzzleHttp\Handler\CurlMultiHandler->tick()
#5 E:\xampp73\htdocs\filecroco\loader\vendor\guzzlehttp\promises\src\Promise.php(246): GuzzleHttp\Handler\CurlMultiHandler->execute(true)
#6 E:\xampp73\htdocs\filecroco\loader\vendor\guzzlehttp\promises\src\Promise.php(223): GuzzleHttp\Promise\Promise->invokeWaitFn()
#7 E:\xampp73\htdocs\filecroco\loader\vendor\guzzlehttp\promises\src\Promise.php(267): GuzzleHttp\Promise\Promise->waitIfPending()
#8 E:\xampp73\htdocs\filecroco\loader\vendor\guzzlehttp\promises\src\Promise.php(225): GuzzleHttp\Promise\Promise->invokeWaitList()
#9 E:\xampp73\htdocs\filecroco\loader\vendor\guzzlehttp\promises\src\Promise.php(62): GuzzleHttp\Promise\Promise->waitIfPending()
#10 E:\xampp73\htdocs\filecroco\loader\vendor\guzzlehttp\promises\src\EachPromise.php(101): GuzzleHttp\Promise\Promise->wait()
#11 E:\xampp73\htdocs\filecroco\loader\vendor\guzzlehttp\promises\src\Promise.php(246): GuzzleHttp\Promise\EachPromise->GuzzleHttp\Promise\{closure}(true)
#12 E:\xampp73\htdocs\filecroco\loader\vendor\guzzlehttp\promises\src\Promise.php(223): GuzzleHttp\Promise\Promise->invokeWaitFn()
#13 E:\xampp73\htdocs\filecroco\loader\vendor\guzzlehttp\promises\src\Promise.php(62): GuzzleHttp\Promise\Promise->waitIfPending()
#14 E:\xampp73\htdocs\filecroco\loader\updatedownloadlink.php(95): GuzzleHttp\Promise\Promise->wait()
#15 {main}|1045GuzzleHttp\Exception\RequestException: cURL error 56:  (see http://curl.haxx.se/libcurl/c/libcurl-errors.html) in E:\xampp73\htdocs\filecroco\loader\vendor\guzzlehttp\guzzle\src\Handler\CurlFactory.php:186
Stack trace:
#0 E:\xampp73\htdocs\filecroco\loader\vendor\guzzlehttp\guzzle\src\Handler\CurlFactory.php(149): GuzzleHttp\Handler\CurlFactory::createRejection(Object(GuzzleHttp\Handler\EasyHandle), Array)
#1 E:\xampp73\htdocs\filecroco\loader\vendor\guzzlehttp\guzzle\src\Handler\CurlFactory.php(102): GuzzleHttp\Handler\CurlFactory::finishError(Object(GuzzleHttp\Handler\CurlMultiHandler), Object(GuzzleHttp\Handler\EasyHandle), Object(GuzzleHttp\Handler\CurlFactory))
#2 E:\xampp73\htdocs\filecroco\loader\vendor\guzzlehttp\guzzle\src\Handler\CurlMultiHandler.php(181): GuzzleHttp\Handler\CurlFactory::finish(Object(GuzzleHttp\Handler\CurlMultiHandler), Object(GuzzleHttp\Handler\EasyHandle), Object(GuzzleHttp\Handler\CurlFactory))
#3 E:\xampp73\htdocs\filecroco\loader\vendor\guzzlehttp\guzzle\src\Handler\CurlMultiHandler.php(110): GuzzleHttp\Handler\CurlMultiHandler->processMessages()
#4 E:\xampp73\htdocs\filecroco\loader\vendor\guzzlehttp\guzzle\src\Handler\CurlMultiHandler.php(125): GuzzleHttp\Handler\CurlMultiHandler->tick()
#5 E:\xampp73\htdocs\filecroco\loader\vendor\guzzlehttp\promises\src\Promise.php(246): GuzzleHttp\Handler\CurlMultiHandler->execute(true)
#6 E:\xampp73\htdocs\filecroco\loader\vendor\guzzlehttp\promises\src\Promise.php(223): GuzzleHttp\Promise\Promise->invokeWaitFn()
#7 E:\xampp73\htdocs\filecroco\loader\vendor\guzzlehttp\promises\src\Promise.php(267): GuzzleHttp\Promise\Promise->waitIfPending()
#8 E:\xampp73\htdocs\filecroco\loader\vendor\guzzlehttp\promises\src\Promise.php(225): GuzzleHttp\Promise\Promise->invokeWaitList()
#9 E:\xampp73\htdocs\filecroco\loader\vendor\guzzlehttp\promises\src\Promise.php(62): GuzzleHttp\Promise\Promise->waitIfPending()
#10 E:\xampp73\htdocs\filecroco\loader\vendor\guzzlehttp\promises\src\EachPromise.php(101): GuzzleHttp\Promise\Promise->wait()
#11 E:\xampp73\htdocs\filecroco\loader\vendor\guzzlehttp\promises\src\Promise.php(246): GuzzleHttp\Promise\EachPromise->GuzzleHttp\Promise\{closure}(true)
#12 E:\xampp73\htdocs\filecroco\loader\vendor\guzzlehttp\promises\src\Promise.php(223): GuzzleHttp\Promise\Promise->invokeWaitFn()
#13 E:\xampp73\htdocs\filecroco\loader\vendor\guzzlehttp\promises\src\Promise.php(62): GuzzleHttp\Promise\Promise->waitIfPending()
#14 E:\xampp73\htdocs\filecroco\loader\updatedownloadlink.php(95): GuzzleHttp\Promise\Promise->wait()
#15 {main}|1046GuzzleHttp\Exception\RequestException: cURL error 56:  (see http://curl.haxx.se/libcurl/c/libcurl-errors.html) in E:\xampp73\htdocs\filecroco\loader\vendor\guzzlehttp\guzzle\src\Handler\CurlFactory.php:186
Stack trace:
#0 E:\xampp73\htdocs\filecroco\loader\vendor\guzzlehttp\guzzle\src\Handler\CurlFactory.php(149): GuzzleHttp\Handler\CurlFactory::createRejection(Object(GuzzleHttp\Handler\EasyHandle), Array)
#1 E:\xampp73\htdocs\filecroco\loader\vendor\guzzlehttp\guzzle\src\Handler\CurlFactory.php(102): GuzzleHttp\Handler\CurlFactory::finishError(Object(GuzzleHttp\Handler\CurlMultiHandler), Object(GuzzleHttp\Handler\EasyHandle), Object(GuzzleHttp\Handler\CurlFactory))
#2 E:\xampp73\htdocs\filecroco\loader\vendor\guzzlehttp\guzzle\src\Handler\CurlMultiHandler.php(181): GuzzleHttp\Handler\CurlFactory::finish(Object(GuzzleHttp\Handler\CurlMultiHandler), Object(GuzzleHttp\Handler\EasyHandle), Object(GuzzleHttp\Handler\CurlFactory))
#3 E:\xampp73\htdocs\filecroco\loader\vendor\guzzlehttp\guzzle\src\Handler\CurlMultiHandler.php(110): GuzzleHttp\Handler\CurlMultiHandler->processMessages()
#4 E:\xampp73\htdocs\filecroco\loader\vendor\guzzlehttp\guzzle\src\Handler\CurlMultiHandler.php(125): GuzzleHttp\Handler\CurlMultiHandler->tick()
#5 E:\xampp73\htdocs\filecroco\loader\vendor\guzzlehttp\promises\src\Promise.php(246): GuzzleHttp\Handler\CurlMultiHandler->execute(true)
#6 E:\xampp73\htdocs\filecroco\loader\vendor\guzzlehttp\promises\src\Promise.php(223): GuzzleHttp\Promise\Promise->invokeWaitFn()
#7 E:\xampp73\htdocs\filecroco\loader\vendor\guzzlehttp\promises\src\Promise.php(267): GuzzleHttp\Promise\Promise->waitIfPending()
#8 E:\xampp73\htdocs\filecroco\loader\vendor\guzzlehttp\promises\src\Promise.php(225): GuzzleHttp\Promise\Promise->invokeWaitList()
#9 E:\xampp73\htdocs\filecroco\loader\vendor\guzzlehttp\promises\src\Promise.php(62): GuzzleHttp\Promise\Promise->waitIfPending()
#10 E:\xampp73\htdocs\filecroco\loader\vendor\guzzlehttp\promises\src\EachPromise.php(101): GuzzleHttp\Promise\Promise->wait()
#11 E:\xampp73\htdocs\filecroco\loader\vendor\guzzlehttp\promises\src\Promise.php(246): GuzzleHttp\Promise\EachPromise->GuzzleHttp\Promise\{closure}(true)
#12 E:\xampp73\htdocs\filecroco\loader\vendor\guzzlehttp\promises\src\Promise.php(223): GuzzleHttp\Promise\Promise->invokeWaitFn()
#13 E:\xampp73\htdocs\filecroco\loader\vendor\guzzlehttp\promises\src\Promise.php(62): GuzzleHttp\Promise\Promise->waitIfPending()
#14 E:\xampp73\htdocs\filecroco\loader\updatedownloadlink.php(95): GuzzleHttp\Promise\Promise->wait()
#15 {main}|1047GuzzleHttp\Exception\RequestException: cURL error 56:  (see http://curl.haxx.se/libcurl/c/libcurl-errors.html) in E:\xampp73\htdocs\filecroco\loader\vendor\guzzlehttp\guzzle\src\Handler\CurlFactory.php:186
Stack trace:
#0 E:\xampp73\htdocs\filecroco\loader\vendor\guzzlehttp\guzzle\src\Handler\CurlFactory.php(149): GuzzleHttp\Handler\CurlFactory::createRejection(Object(GuzzleHttp\Handler\EasyHandle), Array)
#1 E:\xampp73\htdocs\filecroco\loader\vendor\guzzlehttp\guzzle\src\Handler\CurlFactory.php(102): GuzzleHttp\Handler\CurlFactory::finishError(Object(GuzzleHttp\Handler\CurlMultiHandler), Object(GuzzleHttp\Handler\EasyHandle), Object(GuzzleHttp\Handler\CurlFactory))
#2 E:\xampp73\htdocs\filecroco\loader\vendor\guzzlehttp\guzzle\src\Handler\CurlMultiHandler.php(181): GuzzleHttp\Handler\CurlFactory::finish(Object(GuzzleHttp\Handler\CurlMultiHandler), Object(GuzzleHttp\Handler\EasyHandle), Object(GuzzleHttp\Handler\CurlFactory))
#3 E:\xampp73\htdocs\filecroco\loader\vendor\guzzlehttp\guzzle\src\Handler\CurlMultiHandler.php(110): GuzzleHttp\Handler\CurlMultiHandler->processMessages()
#4 E:\xampp73\htdocs\filecroco\loader\vendor\guzzlehttp\guzzle\src\Handler\CurlMultiHandler.php(125): GuzzleHttp\Handler\CurlMultiHandler->tick()
#5 E:\xampp73\htdocs\filecroco\loader\vendor\guzzlehttp\promises\src\Promise.php(246): GuzzleHttp\Handler\CurlMultiHandler->execute(true)
#6 E:\xampp73\htdocs\filecroco\loader\vendor\guzzlehttp\promises\src\Promise.php(223): GuzzleHttp\Promise\Promise->invokeWaitFn()
#7 E:\xampp73\htdocs\filecroco\loader\vendor\guzzlehttp\promises\src\Promise.php(267): GuzzleHttp\Promise\Promise->waitIfPending()
#8 E:\xampp73\htdocs\filecroco\loader\vendor\guzzlehttp\promises\src\Promise.php(225): GuzzleHttp\Promise\Promise->invokeWaitList()
#9 E:\xampp73\htdocs\filecroco\loader\vendor\guzzlehttp\promises\src\Promise.php(62): GuzzleHttp\Promise\Promise->waitIfPending()
#10 E:\xampp73\htdocs\filecroco\loader\vendor\guzzlehttp\promises\src\EachPromise.php(101): GuzzleHttp\Promise\Promise->wait()
#11 E:\xampp73\htdocs\filecroco\loader\vendor\guzzlehttp\promises\src\Promise.php(246): GuzzleHttp\Promise\EachPromise->GuzzleHttp\Promise\{closure}(true)
#12 E:\xampp73\htdocs\filecroco\loader\vendor\guzzlehttp\promises\src\Promise.php(223): GuzzleHttp\Promise\Promise->invokeWaitFn()
#13 E:\xampp73\htdocs\filecroco\loader\vendor\guzzlehttp\promises\src\Promise.php(62): GuzzleHttp\Promise\Promise->waitIfPending()
#14 E:\xampp73\htdocs\filecroco\loader\updatedownloadlink.php(95): GuzzleHttp\Promise\Promise->wait()
#15 {main}|1048GuzzleHttp\Exception\RequestException: cURL error 56:  (see http://curl.haxx.se/libcurl/c/libcurl-errors.html) in E:\xampp73\htdocs\filecroco\loader\vendor\guzzlehttp\guzzle\src\Handler\CurlFactory.php:186
Stack trace:
#0 E:\xampp73\htdocs\filecroco\loader\vendor\guzzlehttp\guzzle\src\Handler\CurlFactory.php(149): GuzzleHttp\Handler\CurlFactory::createRejection(Object(GuzzleHttp\Handler\EasyHandle), Array)
#1 E:\xampp73\htdocs\filecroco\loader\vendor\guzzlehttp\guzzle\src\Handler\CurlFactory.php(102): GuzzleHttp\Handler\CurlFactory::finishError(Object(GuzzleHttp\Handler\CurlMultiHandler), Object(GuzzleHttp\Handler\EasyHandle), Object(GuzzleHttp\Handler\CurlFactory))
#2 E:\xampp73\htdocs\filecroco\loader\vendor\guzzlehttp\guzzle\src\Handler\CurlMultiHandler.php(181): GuzzleHttp\Handler\CurlFactory::finish(Object(GuzzleHttp\Handler\CurlMultiHandler), Object(GuzzleHttp\Handler\EasyHandle), Object(GuzzleHttp\Handler\CurlFactory))
#3 E:\xampp73\htdocs\filecroco\loader\vendor\guzzlehttp\guzzle\src\Handler\CurlMultiHandler.php(110): GuzzleHttp\Handler\CurlMultiHandler->processMessages()
#4 E:\xampp73\htdocs\filecroco\loader\vendor\guzzlehttp\guzzle\src\Handler\CurlMultiHandler.php(125): GuzzleHttp\Handler\CurlMultiHandler->tick()
#5 E:\xampp73\htdocs\filecroco\loader\vendor\guzzlehttp\promises\src\Promise.php(246): GuzzleHttp\Handler\CurlMultiHandler->execute(true)
#6 E:\xampp73\htdocs\filecroco\loader\vendor\guzzlehttp\promises\src\Promise.php(223): GuzzleHttp\Promise\Promise->invokeWaitFn()
#7 E:\xampp73\htdocs\filecroco\loader\vendor\guzzlehttp\promises\src\Promise.php(267): GuzzleHttp\Promise\Promise->waitIfPending()
#8 E:\xampp73\htdocs\filecroco\loader\vendor\guzzlehttp\promises\src\Promise.php(225): GuzzleHttp\Promise\Promise->invokeWaitList()
#9 E:\xampp73\htdocs\filecroco\loader\vendor\guzzlehttp\promises\src\Promise.php(62): GuzzleHttp\Promise\Promise->waitIfPending()
#10 E:\xampp73\htdocs\filecroco\loader\vendor\guzzlehttp\promises\src\EachPromise.php(101): GuzzleHttp\Promise\Promise->wait()
#11 E:\xampp73\htdocs\filecroco\loader\vendor\guzzlehttp\promises\src\Promise.php(246): GuzzleHttp\Promise\EachPromise->GuzzleHttp\Promise\{closure}(true)
#12 E:\xampp73\htdocs\filecroco\loader\vendor\guzzlehttp\promises\src\Promise.php(223): GuzzleHttp\Promise\Promise->invokeWaitFn()
#13 E:\xampp73\htdocs\filecroco\loader\vendor\guzzlehttp\promises\src\Promise.php(62): GuzzleHttp\Promise\Promise->waitIfPending()
#14 E:\xampp73\htdocs\filecroco\loader\updatedownloadlink.php(95): GuzzleHttp\Promise\Promise->wait()
#15 {main}|1049GuzzleHttp\Exception\RequestException: cURL error 56:  (see http://curl.haxx.se/libcurl/c/libcurl-errors.html) in E:\xampp73\htdocs\filecroco\loader\vendor\guzzlehttp\guzzle\src\Handler\CurlFactory.php:186
Stack trace:
#0 E:\xampp73\htdocs\filecroco\loader\vendor\guzzlehttp\guzzle\src\Handler\CurlFactory.php(149): GuzzleHttp\Handler\CurlFactory::createRejection(Object(GuzzleHttp\Handler\EasyHandle), Array)
#1 E:\xampp73\htdocs\filecroco\loader\vendor\guzzlehttp\guzzle\src\Handler\CurlFactory.php(102): GuzzleHttp\Handler\CurlFactory::finishError(Object(GuzzleHttp\Handler\CurlMultiHandler), Object(GuzzleHttp\Handler\EasyHandle), Object(GuzzleHttp\Handler\CurlFactory))
#2 E:\xampp73\htdocs\filecroco\loader\vendor\guzzlehttp\guzzle\src\Handler\CurlMultiHandler.php(181): GuzzleHttp\Handler\CurlFactory::finish(Object(GuzzleHttp\Handler\CurlMultiHandler), Object(GuzzleHttp\Handler\EasyHandle), Object(GuzzleHttp\Handler\CurlFactory))
#3 E:\xampp73\htdocs\filecroco\loader\vendor\guzzlehttp\guzzle\src\Handler\CurlMultiHandler.php(110): GuzzleHttp\Handler\CurlMultiHandler->processMessages()
#4 E:\xampp73\htdocs\filecroco\loader\vendor\guzzlehttp\guzzle\src\Handler\CurlMultiHandler.php(125): GuzzleHttp\Handler\CurlMultiHandler->tick()
#5 E:\xampp73\htdocs\filecroco\loader\vendor\guzzlehttp\promises\src\Promise.php(246): GuzzleHttp\Handler\CurlMultiHandler->execute(true)
#6 E:\xampp73\htdocs\filecroco\loader\vendor\guzzlehttp\promises\src\Promise.php(223): GuzzleHttp\Promise\Promise->invokeWaitFn()
#7 E:\xampp73\htdocs\filecroco\loader\vendor\guzzlehttp\promises\src\Promise.php(267): GuzzleHttp\Promise\Promise->waitIfPending()
#8 E:\xampp73\htdocs\filecroco\loader\vendor\guzzlehttp\promises\src\Promise.php(225): GuzzleHttp\Promise\Promise->invokeWaitList()
#9 E:\xampp73\htdocs\filecroco\loader\vendor\guzzlehttp\promises\src\Promise.php(62): GuzzleHttp\Promise\Promise->waitIfPending()
#10 E:\xampp73\htdocs\filecroco\loader\vendor\guzzlehttp\promises\src\EachPromise.php(101): GuzzleHttp\Promise\Promise->wait()
#11 E:\xampp73\htdocs\filecroco\loader\vendor\guzzlehttp\promises\src\Promise.php(246): GuzzleHttp\Promise\EachPromise->GuzzleHttp\Promise\{closure}(true)
#12 E:\xampp73\htdocs\filecroco\loader\vendor\guzzlehttp\promises\src\Promise.php(223): GuzzleHttp\Promise\Promise->invokeWaitFn()
#13 E:\xampp73\htdocs\filecroco\loader\vendor\guzzlehttp\promises\src\Promise.php(62): GuzzleHttp\Promise\Promise->waitIfPending()
#14 E:\xampp73\htdocs\filecroco\loader\updatedownloadlink.php(95): GuzzleHttp\Promise\Promise->wait()
#15 {main}|1050GuzzleHttp\Exception\RequestException: cURL error 56:  (see http://curl.haxx.se/libcurl/c/libcurl-errors.html) in E:\xampp73\htdocs\filecroco\loader\vendor\guzzlehttp\guzzle\src\Handler\CurlFactory.php:186
Stack trace:
#0 E:\xampp73\htdocs\filecroco\loader\vendor\guzzlehttp\guzzle\src\Handler\CurlFactory.php(149): GuzzleHttp\Handler\CurlFactory::createRejection(Object(GuzzleHttp\Handler\EasyHandle), Array)
#1 E:\xampp73\htdocs\filecroco\loader\vendor\guzzlehttp\guzzle\src\Handler\CurlFactory.php(102): GuzzleHttp\Handler\CurlFactory::finishError(Object(GuzzleHttp\Handler\CurlMultiHandler), Object(GuzzleHttp\Handler\EasyHandle), Object(GuzzleHttp\Handler\CurlFactory))
#2 E:\xampp73\htdocs\filecroco\loader\vendor\guzzlehttp\guzzle\src\Handler\CurlMultiHandler.php(181): GuzzleHttp\Handler\CurlFactory::finish(Object(GuzzleHttp\Handler\CurlMultiHandler), Object(GuzzleHttp\Handler\EasyHandle), Object(GuzzleHttp\Handler\CurlFactory))
#3 E:\xampp73\htdocs\filecroco\loader\vendor\guzzlehttp\guzzle\src\Handler\CurlMultiHandler.php(110): GuzzleHttp\Handler\CurlMultiHandler->processMessages()
#4 E:\xampp73\htdocs\filecroco\loader\vendor\guzzlehttp\guzzle\src\Handler\CurlMultiHandler.php(125): GuzzleHttp\Handler\CurlMultiHandler->tick()
#5 E:\xampp73\htdocs\filecroco\loader\vendor\guzzlehttp\promises\src\Promise.php(246): GuzzleHttp\Handler\CurlMultiHandler->execute(true)
#6 E:\xampp73\htdocs\filecroco\loader\vendor\guzzlehttp\promises\src\Promise.php(223): GuzzleHttp\Promise\Promise->invokeWaitFn()
#7 E:\xampp73\htdocs\filecroco\loader\vendor\guzzlehttp\promises\src\Promise.php(267): GuzzleHttp\Promise\Promise->waitIfPending()
#8 E:\xampp73\htdocs\filecroco\loader\vendor\guzzlehttp\promises\src\Promise.php(225): GuzzleHttp\Promise\Promise->invokeWaitList()
#9 E:\xampp73\htdocs\filecroco\loader\vendor\guzzlehttp\promises\src\Promise.php(62): GuzzleHttp\Promise\Promise->waitIfPending()
#10 E:\xampp73\htdocs\filecroco\loader\vendor\guzzlehttp\promises\src\EachPromise.php(101): GuzzleHttp\Promise\Promise->wait()
#11 E:\xampp73\htdocs\filecroco\loader\vendor\guzzlehttp\promises\src\Promise.php(246): GuzzleHttp\Promise\EachPromise->GuzzleHttp\Promise\{closure}(true)
#12 E:\xampp73\htdocs\filecroco\loader\vendor\guzzlehttp\promises\src\Promise.php(223): GuzzleHttp\Promise\Promise->invokeWaitFn()
#13 E:\xampp73\htdocs\filecroco\loader\vendor\guzzlehttp\promises\src\Promise.php(62): GuzzleHttp\Promise\Promise->waitIfPending()
#14 E:\xampp73\htdocs\filecroco\loader\updatedownloadlink.php(95): GuzzleHttp\Promise\Promise->wait()
#15 {main}|1051GuzzleHttp\Exception\RequestException: cURL error 56:  (see http://curl.haxx.se/libcurl/c/libcurl-errors.html) in E:\xampp73\htdocs\filecroco\loader\vendor\guzzlehttp\guzzle\src\Handler\CurlFactory.php:186
Stack trace:
#0 E:\xampp73\htdocs\filecroco\loader\vendor\guzzlehttp\guzzle\src\Handler\CurlFactory.php(149): GuzzleHttp\Handler\CurlFactory::createRejection(Object(GuzzleHttp\Handler\EasyHandle), Array)
#1 E:\xampp73\htdocs\filecroco\loader\vendor\guzzlehttp\guzzle\src\Handler\CurlFactory.php(102): GuzzleHttp\Handler\CurlFactory::finishError(Object(GuzzleHttp\Handler\CurlMultiHandler), Object(GuzzleHttp\Handler\EasyHandle), Object(GuzzleHttp\Handler\CurlFactory))
#2 E:\xampp73\htdocs\filecroco\loader\vendor\guzzlehttp\guzzle\src\Handler\CurlMultiHandler.php(181): GuzzleHttp\Handler\CurlFactory::finish(Object(GuzzleHttp\Handler\CurlMultiHandler), Object(GuzzleHttp\Handler\EasyHandle), Object(GuzzleHttp\Handler\CurlFactory))
#3 E:\xampp73\htdocs\filecroco\loader\vendor\guzzlehttp\guzzle\src\Handler\CurlMultiHandler.php(110): GuzzleHttp\Handler\CurlMultiHandler->processMessages()
#4 E:\xampp73\htdocs\filecroco\loader\vendor\guzzlehttp\guzzle\src\Handler\CurlMultiHandler.php(125): GuzzleHttp\Handler\CurlMultiHandler->tick()
#5 E:\xampp73\htdocs\filecroco\loader\vendor\guzzlehttp\promises\src\Promise.php(246): GuzzleHttp\Handler\CurlMultiHandler->execute(true)
#6 E:\xampp73\htdocs\filecroco\loader\vendor\guzzlehttp\promises\src\Promise.php(223): GuzzleHttp\Promise\Promise->invokeWaitFn()
#7 E:\xampp73\htdocs\filecroco\loader\vendor\guzzlehttp\promises\src\Promise.php(267): GuzzleHttp\Promise\Promise->waitIfPending()
#8 E:\xampp73\htdocs\filecroco\loader\vendor\guzzlehttp\promises\src\Promise.php(225): GuzzleHttp\Promise\Promise->invokeWaitList()
#9 E:\xampp73\htdocs\filecroco\loader\vendor\guzzlehttp\promises\src\Promise.php(62): GuzzleHttp\Promise\Promise->waitIfPending()
#10 E:\xampp73\htdocs\filecroco\loader\vendor\guzzlehttp\promises\src\EachPromise.php(101): GuzzleHttp\Promise\Promise->wait()
#11 E:\xampp73\htdocs\filecroco\loader\vendor\guzzlehttp\promises\src\Promise.php(246): GuzzleHttp\Promise\EachPromise->GuzzleHttp\Promise\{closure}(true)
#12 E:\xampp73\htdocs\filecroco\loader\vendor\guzzlehttp\promises\src\Promise.php(223): GuzzleHttp\Promise\Promise->invokeWaitFn()
#13 E:\xampp73\htdocs\filecroco\loader\vendor\guzzlehttp\promises\src\Promise.php(62): GuzzleHttp\Promise\Promise->waitIfPending()
#14 E:\xampp73\htdocs\filecroco\loader\updatedownloadlink.php(95): GuzzleHttp\Promise\Promise->wait()
#15 {main}|1052GuzzleHttp\Exception\RequestException: cURL error 56:  (see http://curl.haxx.se/libcurl/c/libcurl-errors.html) in E:\xampp73\htdocs\filecroco\loader\vendor\guzzlehttp\guzzle\src\Handler\CurlFactory.php:186
Stack trace:
#0 E:\xampp73\htdocs\filecroco\loader\vendor\guzzlehttp\guzzle\src\Handler\CurlFactory.php(149): GuzzleHttp\Handler\CurlFactory::createRejection(Object(GuzzleHttp\Handler\EasyHandle), Array)
#1 E:\xampp73\htdocs\filecroco\loader\vendor\guzzlehttp\guzzle\src\Handler\CurlFactory.php(102): GuzzleHttp\Handler\CurlFactory::finishError(Object(GuzzleHttp\Handler\CurlMultiHandler), Object(GuzzleHttp\Handler\EasyHandle), Object(GuzzleHttp\Handler\CurlFactory))
#2 E:\xampp73\htdocs\filecroco\loader\vendor\guzzlehttp\guzzle\src\Handler\CurlMultiHandler.php(181): GuzzleHttp\Handler\CurlFactory::finish(Object(GuzzleHttp\Handler\CurlMultiHandler), Object(GuzzleHttp\Handler\EasyHandle), Object(GuzzleHttp\Handler\CurlFactory))
#3 E:\xampp73\htdocs\filecroco\loader\vendor\guzzlehttp\guzzle\src\Handler\CurlMultiHandler.php(110): GuzzleHttp\Handler\CurlMultiHandler->processMessages()
#4 E:\xampp73\htdocs\filecroco\loader\vendor\guzzlehttp\guzzle\src\Handler\CurlMultiHandler.php(125): GuzzleHttp\Handler\CurlMultiHandler->tick()
#5 E:\xampp73\htdocs\filecroco\loader\vendor\guzzlehttp\promises\src\Promise.php(246): GuzzleHttp\Handler\CurlMultiHandler->execute(true)
#6 E:\xampp73\htdocs\filecroco\loader\vendor\guzzlehttp\promises\src\Promise.php(223): GuzzleHttp\Promise\Promise->invokeWaitFn()
#7 E:\xampp73\htdocs\filecroco\loader\vendor\guzzlehttp\promises\src\Promise.php(267): GuzzleHttp\Promise\Promise->waitIfPending()
#8 E:\xampp73\htdocs\filecroco\loader\vendor\guzzlehttp\promises\src\Promise.php(225): GuzzleHttp\Promise\Promise->invokeWaitList()
#9 E:\xampp73\htdocs\filecroco\loader\vendor\guzzlehttp\promises\src\Promise.php(62): GuzzleHttp\Promise\Promise->waitIfPending()
#10 E:\xampp73\htdocs\filecroco\loader\vendor\guzzlehttp\promises\src\EachPromise.php(101): GuzzleHttp\Promise\Promise->wait()
#11 E:\xampp73\htdocs\filecroco\loader\vendor\guzzlehttp\promises\src\Promise.php(246): GuzzleHttp\Promise\EachPromise->GuzzleHttp\Promise\{closure}(true)
#12 E:\xampp73\htdocs\filecroco\loader\vendor\guzzlehttp\promises\src\Promise.php(223): GuzzleHttp\Promise\Promise->invokeWaitFn()
#13 E:\xampp73\htdocs\filecroco\loader\vendor\guzzlehttp\promises\src\Promise.php(62): GuzzleHttp\Promise\Promise->waitIfPending()
#14 E:\xampp73\htdocs\filecroco\loader\updatedownloadlink.php(95): GuzzleHttp\Promise\Promise->wait()
#15 {main}|1053GuzzleHttp\Exception\RequestException: cURL error 56:  (see http://curl.haxx.se/libcurl/c/libcurl-errors.html) in E:\xampp73\htdocs\filecroco\loader\vendor\guzzlehttp\guzzle\src\Handler\CurlFactory.php:186
Stack trace:
#0 E:\xampp73\htdocs\filecroco\loader\vendor\guzzlehttp\guzzle\src\Handler\CurlFactory.php(149): GuzzleHttp\Handler\CurlFactory::createRejection(Object(GuzzleHttp\Handler\EasyHandle), Array)
#1 E:\xampp73\htdocs\filecroco\loader\vendor\guzzlehttp\guzzle\src\Handler\CurlFactory.php(102): GuzzleHttp\Handler\CurlFactory::finishError(Object(GuzzleHttp\Handler\CurlMultiHandler), Object(GuzzleHttp\Handler\EasyHandle), Object(GuzzleHttp\Handler\CurlFactory))
#2 E:\xampp73\htdocs\filecroco\loader\vendor\guzzlehttp\guzzle\src\Handler\CurlMultiHandler.php(181): GuzzleHttp\Handler\CurlFactory::finish(Object(GuzzleHttp\Handler\CurlMultiHandler), Object(GuzzleHttp\Handler\EasyHandle), Object(GuzzleHttp\Handler\CurlFactory))
#3 E:\xampp73\htdocs\filecroco\loader\vendor\guzzlehttp\guzzle\src\Handler\CurlMultiHandler.php(110): GuzzleHttp\Handler\CurlMultiHandler->processMessages()
#4 E:\xampp73\htdocs\filecroco\loader\vendor\guzzlehttp\guzzle\src\Handler\CurlMultiHandler.php(125): GuzzleHttp\Handler\CurlMultiHandler->tick()
#5 E:\xampp73\htdocs\filecroco\loader\vendor\guzzlehttp\promises\src\Promise.php(246): GuzzleHttp\Handler\CurlMultiHandler->execute(true)
#6 E:\xampp73\htdocs\filecroco\loader\vendor\guzzlehttp\promises\src\Promise.php(223): GuzzleHttp\Promise\Promise->invokeWaitFn()
#7 E:\xampp73\htdocs\filecroco\loader\vendor\guzzlehttp\promises\src\Promise.php(267): GuzzleHttp\Promise\Promise->waitIfPending()
#8 E:\xampp73\htdocs\filecroco\loader\vendor\guzzlehttp\promises\src\Promise.php(225): GuzzleHttp\Promise\Promise->invokeWaitList()
#9 E:\xampp73\htdocs\filecroco\loader\vendor\guzzlehttp\promises\src\Promise.php(62): GuzzleHttp\Promise\Promise->waitIfPending()
#10 E:\xampp73\htdocs\filecroco\loader\vendor\guzzlehttp\promises\src\EachPromise.php(101): GuzzleHttp\Promise\Promise->wait()
#11 E:\xampp73\htdocs\filecroco\loader\vendor\guzzlehttp\promises\src\Promise.php(246): GuzzleHttp\Promise\EachPromise->GuzzleHttp\Promise\{closure}(true)
#12 E:\xampp73\htdocs\filecroco\loader\vendor\guzzlehttp\promises\src\Promise.php(223): GuzzleHttp\Promise\Promise->invokeWaitFn()
#13 E:\xampp73\htdocs\filecroco\loader\vendor\guzzlehttp\promises\src\Promise.php(62): GuzzleHttp\Promise\Promise->waitIfPending()
#14 E:\xampp73\htdocs\filecroco\loader\updatedownloadlink.php(95): GuzzleHttp\Promise\Promise->wait()
#15 {main}|1054GuzzleHttp\Exception\RequestException: cURL error 56:  (see http://curl.haxx.se/libcurl/c/libcurl-errors.html) in E:\xampp73\htdocs\filecroco\loader\vendor\guzzlehttp\guzzle\src\Handler\CurlFactory.php:186
Stack trace:
#0 E:\xampp73\htdocs\filecroco\loader\vendor\guzzlehttp\guzzle\src\Handler\CurlFactory.php(149): GuzzleHttp\Handler\CurlFactory::createRejection(Object(GuzzleHttp\Handler\EasyHandle), Array)
#1 E:\xampp73\htdocs\filecroco\loader\vendor\guzzlehttp\guzzle\src\Handler\CurlFactory.php(102): GuzzleHttp\Handler\CurlFactory::finishError(Object(GuzzleHttp\Handler\CurlMultiHandler), Object(GuzzleHttp\Handler\EasyHandle), Object(GuzzleHttp\Handler\CurlFactory))
#2 E:\xampp73\htdocs\filecroco\loader\vendor\guzzlehttp\guzzle\src\Handler\CurlMultiHandler.php(181): GuzzleHttp\Handler\CurlFactory::finish(Object(GuzzleHttp\Handler\CurlMultiHandler), Object(GuzzleHttp\Handler\EasyHandle), Object(GuzzleHttp\Handler\CurlFactory))
#3 E:\xampp73\htdocs\filecroco\loader\vendor\guzzlehttp\guzzle\src\Handler\CurlMultiHandler.php(110): GuzzleHttp\Handler\CurlMultiHandler->processMessages()
#4 E:\xampp73\htdocs\filecroco\loader\vendor\guzzlehttp\guzzle\src\Handler\CurlMultiHandler.php(125): GuzzleHttp\Handler\CurlMultiHandler->tick()
#5 E:\xampp73\htdocs\filecroco\loader\vendor\guzzlehttp\promises\src\Promise.php(246): GuzzleHttp\Handler\CurlMultiHandler->execute(true)
#6 E:\xampp73\htdocs\filecroco\loader\vendor\guzzlehttp\promises\src\Promise.php(223): GuzzleHttp\Promise\Promise->invokeWaitFn()
#7 E:\xampp73\htdocs\filecroco\loader\vendor\guzzlehttp\promises\src\Promise.php(267): GuzzleHttp\Promise\Promise->waitIfPending()
#8 E:\xampp73\htdocs\filecroco\loader\vendor\guzzlehttp\promises\src\Promise.php(225): GuzzleHttp\Promise\Promise->invokeWaitList()
#9 E:\xampp73\htdocs\filecroco\loader\vendor\guzzlehttp\promises\src\Promise.php(62): GuzzleHttp\Promise\Promise->waitIfPending()
#10 E:\xampp73\htdocs\filecroco\loader\vendor\guzzlehttp\promises\src\EachPromise.php(101): GuzzleHttp\Promise\Promise->wait()
#11 E:\xampp73\htdocs\filecroco\loader\vendor\guzzlehttp\promises\src\Promise.php(246): GuzzleHttp\Promise\EachPromise->GuzzleHttp\Promise\{closure}(true)
#12 E:\xampp73\htdocs\filecroco\loader\vendor\guzzlehttp\promises\src\Promise.php(223): GuzzleHttp\Promise\Promise->invokeWaitFn()
#13 E:\xampp73\htdocs\filecroco\loader\vendor\guzzlehttp\promises\src\Promise.php(62): GuzzleHttp\Promise\Promise->waitIfPending()
#14 E:\xampp73\htdocs\filecroco\loader\updatedownloadlink.php(95): GuzzleHttp\Promise\Promise->wait()
#15 {main}|1055GuzzleHttp\Exception\RequestException: cURL error 56:  (see http://curl.haxx.se/libcurl/c/libcurl-errors.html) in E:\xampp73\htdocs\filecroco\loader\vendor\guzzlehttp\guzzle\src\Handler\CurlFactory.php:186
Stack trace:
#0 E:\xampp73\htdocs\filecroco\loader\vendor\guzzlehttp\guzzle\src\Handler\CurlFactory.php(149): GuzzleHttp\Handler\CurlFactory::createRejection(Object(GuzzleHttp\Handler\EasyHandle), Array)
#1 E:\xampp73\htdocs\filecroco\loader\vendor\guzzlehttp\guzzle\src\Handler\CurlFactory.php(102): GuzzleHttp\Handler\CurlFactory::finishError(Object(GuzzleHttp\Handler\CurlMultiHandler), Object(GuzzleHttp\Handler\EasyHandle), Object(GuzzleHttp\Handler\CurlFactory))
#2 E:\xampp73\htdocs\filecroco\loader\vendor\guzzlehttp\guzzle\src\Handler\CurlMultiHandler.php(181): GuzzleHttp\Handler\CurlFactory::finish(Object(GuzzleHttp\Handler\CurlMultiHandler), Object(GuzzleHttp\Handler\EasyHandle), Object(GuzzleHttp\Handler\CurlFactory))
#3 E:\xampp73\htdocs\filecroco\loader\vendor\guzzlehttp\guzzle\src\Handler\CurlMultiHandler.php(110): GuzzleHttp\Handler\CurlMultiHandler->processMessages()
#4 E:\xampp73\htdocs\filecroco\loader\vendor\guzzlehttp\guzzle\src\Handler\CurlMultiHandler.php(125): GuzzleHttp\Handler\CurlMultiHandler->tick()
#5 E:\xampp73\htdocs\filecroco\loader\vendor\guzzlehttp\promises\src\Promise.php(246): GuzzleHttp\Handler\CurlMultiHandler->execute(true)
#6 E:\xampp73\htdocs\filecroco\loader\vendor\guzzlehttp\promises\src\Promise.php(223): GuzzleHttp\Promise\Promise->invokeWaitFn()
#7 E:\xampp73\htdocs\filecroco\loader\vendor\guzzlehttp\promises\src\Promise.php(267): GuzzleHttp\Promise\Promise->waitIfPending()
#8 E:\xampp73\htdocs\filecroco\loader\vendor\guzzlehttp\promises\src\Promise.php(225): GuzzleHttp\Promise\Promise->invokeWaitList()
#9 E:\xampp73\htdocs\filecroco\loader\vendor\guzzlehttp\promises\src\Promise.php(62): GuzzleHttp\Promise\Promise->waitIfPending()
#10 E:\xampp73\htdocs\filecroco\loader\vendor\guzzlehttp\promises\src\EachPromise.php(101): GuzzleHttp\Promise\Promise->wait()
#11 E:\xampp73\htdocs\filecroco\loader\vendor\guzzlehttp\promises\src\Promise.php(246): GuzzleHttp\Promise\EachPromise->GuzzleHttp\Promise\{closure}(true)
#12 E:\xampp73\htdocs\filecroco\loader\vendor\guzzlehttp\promises\src\Promise.php(223): GuzzleHttp\Promise\Promise->invokeWaitFn()
#13 E:\xampp73\htdocs\filecroco\loader\vendor\guzzlehttp\promises\src\Promise.php(62): GuzzleHttp\Promise\Promise->waitIfPending()
#14 E:\xampp73\htdocs\filecroco\loader\updatedownloadlink.php(95): GuzzleHttp\Promise\Promise->wait()
#15 {main}|1056GuzzleHttp\Exception\RequestException: cURL error 56:  (see http://curl.haxx.se/libcurl/c/libcurl-errors.html) in E:\xampp73\htdocs\filecroco\loader\vendor\guzzlehttp\guzzle\src\Handler\CurlFactory.php:186
Stack trace:
#0 E:\xampp73\htdocs\filecroco\loader\vendor\guzzlehttp\guzzle\src\Handler\CurlFactory.php(149): GuzzleHttp\Handler\CurlFactory::createRejection(Object(GuzzleHttp\Handler\EasyHandle), Array)
#1 E:\xampp73\htdocs\filecroco\loader\vendor\guzzlehttp\guzzle\src\Handler\CurlFactory.php(102): GuzzleHttp\Handler\CurlFactory::finishError(Object(GuzzleHttp\Handler\CurlMultiHandler), Object(GuzzleHttp\Handler\EasyHandle), Object(GuzzleHttp\Handler\CurlFactory))
#2 E:\xampp73\htdocs\filecroco\loader\vendor\guzzlehttp\guzzle\src\Handler\CurlMultiHandler.php(181): GuzzleHttp\Handler\CurlFactory::finish(Object(GuzzleHttp\Handler\CurlMultiHandler), Object(GuzzleHttp\Handler\EasyHandle), Object(GuzzleHttp\Handler\CurlFactory))
#3 E:\xampp73\htdocs\filecroco\loader\vendor\guzzlehttp\guzzle\src\Handler\CurlMultiHandler.php(110): GuzzleHttp\Handler\CurlMultiHandler->processMessages()
#4 E:\xampp73\htdocs\filecroco\loader\vendor\guzzlehttp\guzzle\src\Handler\CurlMultiHandler.php(125): GuzzleHttp\Handler\CurlMultiHandler->tick()
#5 E:\xampp73\htdocs\filecroco\loader\vendor\guzzlehttp\promises\src\Promise.php(246): GuzzleHttp\Handler\CurlMultiHandler->execute(true)
#6 E:\xampp73\htdocs\filecroco\loader\vendor\guzzlehttp\promises\src\Promise.php(223): GuzzleHttp\Promise\Promise->invokeWaitFn()
#7 E:\xampp73\htdocs\filecroco\loader\vendor\guzzlehttp\promises\src\Promise.php(267): GuzzleHttp\Promise\Promise->waitIfPending()
#8 E:\xampp73\htdocs\filecroco\loader\vendor\guzzlehttp\promises\src\Promise.php(225): GuzzleHttp\Promise\Promise->invokeWaitList()
#9 E:\xampp73\htdocs\filecroco\loader\vendor\guzzlehttp\promises\src\Promise.php(62): GuzzleHttp\Promise\Promise->waitIfPending()
#10 E:\xampp73\htdocs\filecroco\loader\vendor\guzzlehttp\promises\src\EachPromise.php(101): GuzzleHttp\Promise\Promise->wait()
#11 E:\xampp73\htdocs\filecroco\loader\vendor\guzzlehttp\promises\src\Promise.php(246): GuzzleHttp\Promise\EachPromise->GuzzleHttp\Promise\{closure}(true)
#12 E:\xampp73\htdocs\filecroco\loader\vendor\guzzlehttp\promises\src\Promise.php(223): GuzzleHttp\Promise\Promise->invokeWaitFn()
#13 E:\xampp73\htdocs\filecroco\loader\vendor\guzzlehttp\promises\src\Promise.php(62): GuzzleHttp\Promise\Promise->waitIfPending()
#14 E:\xampp73\htdocs\filecroco\loader\updatedownloadlink.php(95): GuzzleHttp\Promise\Promise->wait()
#15 {main}|1057GuzzleHttp\Exception\RequestException: cURL error 56:  (see http://curl.haxx.se/libcurl/c/libcurl-errors.html) in E:\xampp73\htdocs\filecroco\loader\vendor\guzzlehttp\guzzle\src\Handler\CurlFactory.php:186
Stack trace:
#0 E:\xampp73\htdocs\filecroco\loader\vendor\guzzlehttp\guzzle\src\Handler\CurlFactory.php(149): GuzzleHttp\Handler\CurlFactory::createRejection(Object(GuzzleHttp\Handler\EasyHandle), Array)
#1 E:\xampp73\htdocs\filecroco\loader\vendor\guzzlehttp\guzzle\src\Handler\CurlFactory.php(102): GuzzleHttp\Handler\CurlFactory::finishError(Object(GuzzleHttp\Handler\CurlMultiHandler), Object(GuzzleHttp\Handler\EasyHandle), Object(GuzzleHttp\Handler\CurlFactory))
#2 E:\xampp73\htdocs\filecroco\loader\vendor\guzzlehttp\guzzle\src\Handler\CurlMultiHandler.php(181): GuzzleHttp\Handler\CurlFactory::finish(Object(GuzzleHttp\Handler\CurlMultiHandler), Object(GuzzleHttp\Handler\EasyHandle), Object(GuzzleHttp\Handler\CurlFactory))
#3 E:\xampp73\htdocs\filecroco\loader\vendor\guzzlehttp\guzzle\src\Handler\CurlMultiHandler.php(110): GuzzleHttp\Handler\CurlMultiHandler->processMessages()
#4 E:\xampp73\htdocs\filecroco\loader\vendor\guzzlehttp\guzzle\src\Handler\CurlMultiHandler.php(125): GuzzleHttp\Handler\CurlMultiHandler->tick()
#5 E:\xampp73\htdocs\filecroco\loader\vendor\guzzlehttp\promises\src\Promise.php(246): GuzzleHttp\Handler\CurlMultiHandler->execute(true)
#6 E:\xampp73\htdocs\filecroco\loader\vendor\guzzlehttp\promises\src\Promise.php(223): GuzzleHttp\Promise\Promise->invokeWaitFn()
#7 E:\xampp73\htdocs\filecroco\loader\vendor\guzzlehttp\promises\src\Promise.php(267): GuzzleHttp\Promise\Promise->waitIfPending()
#8 E:\xampp73\htdocs\filecroco\loader\vendor\guzzlehttp\promises\src\Promise.php(225): GuzzleHttp\Promise\Promise->invokeWaitList()
#9 E:\xampp73\htdocs\filecroco\loader\vendor\guzzlehttp\promises\src\Promise.php(62): GuzzleHttp\Promise\Promise->waitIfPending()
#10 E:\xampp73\htdocs\filecroco\loader\vendor\guzzlehttp\promises\src\EachPromise.php(101): GuzzleHttp\Promise\Promise->wait()
#11 E:\xampp73\htdocs\filecroco\loader\vendor\guzzlehttp\promises\src\Promise.php(246): GuzzleHttp\Promise\EachPromise->GuzzleHttp\Promise\{closure}(true)
#12 E:\xampp73\htdocs\filecroco\loader\vendor\guzzlehttp\promises\src\Promise.php(223): GuzzleHttp\Promise\Promise->invokeWaitFn()
#13 E:\xampp73\htdocs\filecroco\loader\vendor\guzzlehttp\promises\src\Promise.php(62): GuzzleHttp\Promise\Promise->waitIfPending()
#14 E:\xampp73\htdocs\filecroco\loader\updatedownloadlink.php(95): GuzzleHttp\Promise\Promise->wait()
#15 {main}|1058GuzzleHttp\Exception\RequestException: cURL error 56:  (see http://curl.haxx.se/libcurl/c/libcurl-errors.html) in E:\xampp73\htdocs\filecroco\loader\vendor\guzzlehttp\guzzle\src\Handler\CurlFactory.php:186
Stack trace:
#0 E:\xampp73\htdocs\filecroco\loader\vendor\guzzlehttp\guzzle\src\Handler\CurlFactory.php(149): GuzzleHttp\Handler\CurlFactory::createRejection(Object(GuzzleHttp\Handler\EasyHandle), Array)
#1 E:\xampp73\htdocs\filecroco\loader\vendor\guzzlehttp\guzzle\src\Handler\CurlFactory.php(102): GuzzleHttp\Handler\CurlFactory::finishError(Object(GuzzleHttp\Handler\CurlMultiHandler), Object(GuzzleHttp\Handler\EasyHandle), Object(GuzzleHttp\Handler\CurlFactory))
#2 E:\xampp73\htdocs\filecroco\loader\vendor\guzzlehttp\guzzle\src\Handler\CurlMultiHandler.php(181): GuzzleHttp\Handler\CurlFactory::finish(Object(GuzzleHttp\Handler\CurlMultiHandler), Object(GuzzleHttp\Handler\EasyHandle), Object(GuzzleHttp\Handler\CurlFactory))
#3 E:\xampp73\htdocs\filecroco\loader\vendor\guzzlehttp\guzzle\src\Handler\CurlMultiHandler.php(110): GuzzleHttp\Handler\CurlMultiHandler->processMessages()
#4 E:\xampp73\htdocs\filecroco\loader\vendor\guzzlehttp\guzzle\src\Handler\CurlMultiHandler.php(125): GuzzleHttp\Handler\CurlMultiHandler->tick()
#5 E:\xampp73\htdocs\filecroco\loader\vendor\guzzlehttp\promises\src\Promise.php(246): GuzzleHttp\Handler\CurlMultiHandler->execute(true)
#6 E:\xampp73\htdocs\filecroco\loader\vendor\guzzlehttp\promises\src\Promise.php(223): GuzzleHttp\Promise\Promise->invokeWaitFn()
#7 E:\xampp73\htdocs\filecroco\loader\vendor\guzzlehttp\promises\src\Promise.php(267): GuzzleHttp\Promise\Promise->waitIfPending()
#8 E:\xampp73\htdocs\filecroco\loader\vendor\guzzlehttp\promises\src\Promise.php(225): GuzzleHttp\Promise\Promise->invokeWaitList()
#9 E:\xampp73\htdocs\filecroco\loader\vendor\guzzlehttp\promises\src\Promise.php(62): GuzzleHttp\Promise\Promise->waitIfPending()
#10 E:\xampp73\htdocs\filecroco\loader\vendor\guzzlehttp\promises\src\EachPromise.php(101): GuzzleHttp\Promise\Promise->wait()
#11 E:\xampp73\htdocs\filecroco\loader\vendor\guzzlehttp\promises\src\Promise.php(246): GuzzleHttp\Promise\EachPromise->GuzzleHttp\Promise\{closure}(true)
#12 E:\xampp73\htdocs\filecroco\loader\vendor\guzzlehttp\promises\src\Promise.php(223): GuzzleHttp\Promise\Promise->invokeWaitFn()
#13 E:\xampp73\htdocs\filecroco\loader\vendor\guzzlehttp\promises\src\Promise.php(62): GuzzleHttp\Promise\Promise->waitIfPending()
#14 E:\xampp73\htdocs\filecroco\loader\updatedownloadlink.php(95): GuzzleHttp\Promise\Promise->wait()
#15 {main}|1059GuzzleHttp\Exception\RequestException: cURL error 56:  (see http://curl.haxx.se/libcurl/c/libcurl-errors.html) in E:\xampp73\htdocs\filecroco\loader\vendor\guzzlehttp\guzzle\src\Handler\CurlFactory.php:186
Stack trace:
#0 E:\xampp73\htdocs\filecroco\loader\vendor\guzzlehttp\guzzle\src\Handler\CurlFactory.php(149): GuzzleHttp\Handler\CurlFactory::createRejection(Object(GuzzleHttp\Handler\EasyHandle), Array)
#1 E:\xampp73\htdocs\filecroco\loader\vendor\guzzlehttp\guzzle\src\Handler\CurlFactory.php(102): GuzzleHttp\Handler\CurlFactory::finishError(Object(GuzzleHttp\Handler\CurlMultiHandler), Object(GuzzleHttp\Handler\EasyHandle), Object(GuzzleHttp\Handler\CurlFactory))
#2 E:\xampp73\htdocs\filecroco\loader\vendor\guzzlehttp\guzzle\src\Handler\CurlMultiHandler.php(181): GuzzleHttp\Handler\CurlFactory::finish(Object(GuzzleHttp\Handler\CurlMultiHandler), Object(GuzzleHttp\Handler\EasyHandle), Object(GuzzleHttp\Handler\CurlFactory))
#3 E:\xampp73\htdocs\filecroco\loader\vendor\guzzlehttp\guzzle\src\Handler\CurlMultiHandler.php(110): GuzzleHttp\Handler\CurlMultiHandler->processMessages()
#4 E:\xampp73\htdocs\filecroco\loader\vendor\guzzlehttp\guzzle\src\Handler\CurlMultiHandler.php(125): GuzzleHttp\Handler\CurlMultiHandler->tick()
#5 E:\xampp73\htdocs\filecroco\loader\vendor\guzzlehttp\promises\src\Promise.php(246): GuzzleHttp\Handler\CurlMultiHandler->execute(true)
#6 E:\xampp73\htdocs\filecroco\loader\vendor\guzzlehttp\promises\src\Promise.php(223): GuzzleHttp\Promise\Promise->invokeWaitFn()
#7 E:\xampp73\htdocs\filecroco\loader\vendor\guzzlehttp\promises\src\Promise.php(267): GuzzleHttp\Promise\Promise->waitIfPending()
#8 E:\xampp73\htdocs\filecroco\loader\vendor\guzzlehttp\promises\src\Promise.php(225): GuzzleHttp\Promise\Promise->invokeWaitList()
#9 E:\xampp73\htdocs\filecroco\loader\vendor\guzzlehttp\promises\src\Promise.php(62): GuzzleHttp\Promise\Promise->waitIfPending()
#10 E:\xampp73\htdocs\filecroco\loader\vendor\guzzlehttp\promises\src\EachPromise.php(101): GuzzleHttp\Promise\Promise->wait()
#11 E:\xampp73\htdocs\filecroco\loader\vendor\guzzlehttp\promises\src\Promise.php(246): GuzzleHttp\Promise\EachPromise->GuzzleHttp\Promise\{closure}(true)
#12 E:\xampp73\htdocs\filecroco\loader\vendor\guzzlehttp\promises\src\Promise.php(223): GuzzleHttp\Promise\Promise->invokeWaitFn()
#13 E:\xampp73\htdocs\filecroco\loader\vendor\guzzlehttp\promises\src\Promise.php(62): GuzzleHttp\Promise\Promise->waitIfPending()
#14 E:\xampp73\htdocs\filecroco\loader\updatedownloadlink.php(95): GuzzleHttp\Promise\Promise->wait()
#15 {main}|1060GuzzleHttp\Exception\RequestException: cURL error 56:  (see http://curl.haxx.se/libcurl/c/libcurl-errors.html) in E:\xampp73\htdocs\filecroco\loader\vendor\guzzlehttp\guzzle\src\Handler\CurlFactory.php:186
Stack trace:
#0 E:\xampp73\htdocs\filecroco\loader\vendor\guzzlehttp\guzzle\src\Handler\CurlFactory.php(149): GuzzleHttp\Handler\CurlFactory::createRejection(Object(GuzzleHttp\Handler\EasyHandle), Array)
#1 E:\xampp73\htdocs\filecroco\loader\vendor\guzzlehttp\guzzle\src\Handler\CurlFactory.php(102): GuzzleHttp\Handler\CurlFactory::finishError(Object(GuzzleHttp\Handler\CurlMultiHandler), Object(GuzzleHttp\Handler\EasyHandle), Object(GuzzleHttp\Handler\CurlFactory))
#2 E:\xampp73\htdocs\filecroco\loader\vendor\guzzlehttp\guzzle\src\Handler\CurlMultiHandler.php(181): GuzzleHttp\Handler\CurlFactory::finish(Object(GuzzleHttp\Handler\CurlMultiHandler), Object(GuzzleHttp\Handler\EasyHandle), Object(GuzzleHttp\Handler\CurlFactory))
#3 E:\xampp73\htdocs\filecroco\loader\vendor\guzzlehttp\guzzle\src\Handler\CurlMultiHandler.php(110): GuzzleHttp\Handler\CurlMultiHandler->processMessages()
#4 E:\xampp73\htdocs\filecroco\loader\vendor\guzzlehttp\guzzle\src\Handler\CurlMultiHandler.php(125): GuzzleHttp\Handler\CurlMultiHandler->tick()
#5 E:\xampp73\htdocs\filecroco\loader\vendor\guzzlehttp\promises\src\Promise.php(246): GuzzleHttp\Handler\CurlMultiHandler->execute(true)
#6 E:\xampp73\htdocs\filecroco\loader\vendor\guzzlehttp\promises\src\Promise.php(223): GuzzleHttp\Promise\Promise->invokeWaitFn()
#7 E:\xampp73\htdocs\filecroco\loader\vendor\guzzlehttp\promises\src\Promise.php(267): GuzzleHttp\Promise\Promise->waitIfPending()
#8 E:\xampp73\htdocs\filecroco\loader\vendor\guzzlehttp\promises\src\Promise.php(225): GuzzleHttp\Promise\Promise->invokeWaitList()
#9 E:\xampp73\htdocs\filecroco\loader\vendor\guzzlehttp\promises\src\Promise.php(62): GuzzleHttp\Promise\Promise->waitIfPending()
#10 E:\xampp73\htdocs\filecroco\loader\vendor\guzzlehttp\promises\src\EachPromise.php(101): GuzzleHttp\Promise\Promise->wait()
#11 E:\xampp73\htdocs\filecroco\loader\vendor\guzzlehttp\promises\src\Promise.php(246): GuzzleHttp\Promise\EachPromise->GuzzleHttp\Promise\{closure}(true)
#12 E:\xampp73\htdocs\filecroco\loader\vendor\guzzlehttp\promises\src\Promise.php(223): GuzzleHttp\Promise\Promise->invokeWaitFn()
#13 E:\xampp73\htdocs\filecroco\loader\vendor\guzzlehttp\promises\src\Promise.php(62): GuzzleHttp\Promise\Promise->waitIfPending()
#14 E:\xampp73\htdocs\filecroco\loader\updatedownloadlink.php(95): GuzzleHttp\Promise\Promise->wait()
#15 {main}|1061GuzzleHttp\Exception\RequestException: cURL error 56:  (see http://curl.haxx.se/libcurl/c/libcurl-errors.html) in E:\xampp73\htdocs\filecroco\loader\vendor\guzzlehttp\guzzle\src\Handler\CurlFactory.php:186
Stack trace:
#0 E:\xampp73\htdocs\filecroco\loader\vendor\guzzlehttp\guzzle\src\Handler\CurlFactory.php(149): GuzzleHttp\Handler\CurlFactory::createRejection(Object(GuzzleHttp\Handler\EasyHandle), Array)
#1 E:\xampp73\htdocs\filecroco\loader\vendor\guzzlehttp\guzzle\src\Handler\CurlFactory.php(102): GuzzleHttp\Handler\CurlFactory::finishError(Object(GuzzleHttp\Handler\CurlMultiHandler), Object(GuzzleHttp\Handler\EasyHandle), Object(GuzzleHttp\Handler\CurlFactory))
#2 E:\xampp73\htdocs\filecroco\loader\vendor\guzzlehttp\guzzle\src\Handler\CurlMultiHandler.php(181): GuzzleHttp\Handler\CurlFactory::finish(Object(GuzzleHttp\Handler\CurlMultiHandler), Object(GuzzleHttp\Handler\EasyHandle), Object(GuzzleHttp\Handler\CurlFactory))
#3 E:\xampp73\htdocs\filecroco\loader\vendor\guzzlehttp\guzzle\src\Handler\CurlMultiHandler.php(110): GuzzleHttp\Handler\CurlMultiHandler->processMessages()
#4 E:\xampp73\htdocs\filecroco\loader\vendor\guzzlehttp\guzzle\src\Handler\CurlMultiHandler.php(125): GuzzleHttp\Handler\CurlMultiHandler->tick()
#5 E:\xampp73\htdocs\filecroco\loader\vendor\guzzlehttp\promises\src\Promise.php(246): GuzzleHttp\Handler\CurlMultiHandler->execute(true)
#6 E:\xampp73\htdocs\filecroco\loader\vendor\guzzlehttp\promises\src\Promise.php(223): GuzzleHttp\Promise\Promise->invokeWaitFn()
#7 E:\xampp73\htdocs\filecroco\loader\vendor\guzzlehttp\promises\src\Promise.php(267): GuzzleHttp\Promise\Promise->waitIfPending()
#8 E:\xampp73\htdocs\filecroco\loader\vendor\guzzlehttp\promises\src\Promise.php(225): GuzzleHttp\Promise\Promise->invokeWaitList()
#9 E:\xampp73\htdocs\filecroco\loader\vendor\guzzlehttp\promises\src\Promise.php(62): GuzzleHttp\Promise\Promise->waitIfPending()
#10 E:\xampp73\htdocs\filecroco\loader\vendor\guzzlehttp\promises\src\EachPromise.php(101): GuzzleHttp\Promise\Promise->wait()
#11 E:\xampp73\htdocs\filecroco\loader\vendor\guzzlehttp\promises\src\Promise.php(246): GuzzleHttp\Promise\EachPromise->GuzzleHttp\Promise\{closure}(true)
#12 E:\xampp73\htdocs\filecroco\loader\vendor\guzzlehttp\promises\src\Promise.php(223): GuzzleHttp\Promise\Promise->invokeWaitFn()
#13 E:\xampp73\htdocs\filecroco\loader\vendor\guzzlehttp\promises\src\Promise.php(62): GuzzleHttp\Promise\Promise->waitIfPending()
#14 E:\xampp73\htdocs\filecroco\loader\updatedownloadlink.php(95): GuzzleHttp\Promise\Promise->wait()
#15 {main}|1062GuzzleHttp\Exception\RequestException: cURL error 56:  (see http://curl.haxx.se/libcurl/c/libcurl-errors.html) in E:\xampp73\htdocs\filecroco\loader\vendor\guzzlehttp\guzzle\src\Handler\CurlFactory.php:186
Stack trace:
#0 E:\xampp73\htdocs\filecroco\loader\vendor\guzzlehttp\guzzle\src\Handler\CurlFactory.php(149): GuzzleHttp\Handler\CurlFactory::createRejection(Object(GuzzleHttp\Handler\EasyHandle), Array)
#1 E:\xampp73\htdocs\filecroco\loader\vendor\guzzlehttp\guzzle\src\Handler\CurlFactory.php(102): GuzzleHttp\Handler\CurlFactory::finishError(Object(GuzzleHttp\Handler\CurlMultiHandler), Object(GuzzleHttp\Handler\EasyHandle), Object(GuzzleHttp\Handler\CurlFactory))
#2 E:\xampp73\htdocs\filecroco\loader\vendor\guzzlehttp\guzzle\src\Handler\CurlMultiHandler.php(181): GuzzleHttp\Handler\CurlFactory::finish(Object(GuzzleHttp\Handler\CurlMultiHandler), Object(GuzzleHttp\Handler\EasyHandle), Object(GuzzleHttp\Handler\CurlFactory))
#3 E:\xampp73\htdocs\filecroco\loader\vendor\guzzlehttp\guzzle\src\Handler\CurlMultiHandler.php(110): GuzzleHttp\Handler\CurlMultiHandler->processMessages()
#4 E:\xampp73\htdocs\filecroco\loader\vendor\guzzlehttp\guzzle\src\Handler\CurlMultiHandler.php(125): GuzzleHttp\Handler\CurlMultiHandler->tick()
#5 E:\xampp73\htdocs\filecroco\loader\vendor\guzzlehttp\promises\src\Promise.php(246): GuzzleHttp\Handler\CurlMultiHandler->execute(true)
#6 E:\xampp73\htdocs\filecroco\loader\vendor\guzzlehttp\promises\src\Promise.php(223): GuzzleHttp\Promise\Promise->invokeWaitFn()
#7 E:\xampp73\htdocs\filecroco\loader\vendor\guzzlehttp\promises\src\Promise.php(267): GuzzleHttp\Promise\Promise->waitIfPending()
#8 E:\xampp73\htdocs\filecroco\loader\vendor\guzzlehttp\promises\src\Promise.php(225): GuzzleHttp\Promise\Promise->invokeWaitList()
#9 E:\xampp73\htdocs\filecroco\loader\vendor\guzzlehttp\promises\src\Promise.php(62): GuzzleHttp\Promise\Promise->waitIfPending()
#10 E:\xampp73\htdocs\filecroco\loader\vendor\guzzlehttp\promises\src\EachPromise.php(101): GuzzleHttp\Promise\Promise->wait()
#11 E:\xampp73\htdocs\filecroco\loader\vendor\guzzlehttp\promises\src\Promise.php(246): GuzzleHttp\Promise\EachPromise->GuzzleHttp\Promise\{closure}(true)
#12 E:\xampp73\htdocs\filecroco\loader\vendor\guzzlehttp\promises\src\Promise.php(223): GuzzleHttp\Promise\Promise->invokeWaitFn()
#13 E:\xampp73\htdocs\filecroco\loader\vendor\guzzlehttp\promises\src\Promise.php(62): GuzzleHttp\Promise\Promise->waitIfPending()
#14 E:\xampp73\htdocs\filecroco\loader\updatedownloadlink.php(95): GuzzleHttp\Promise\Promise->wait()
#15 {main}|1063GuzzleHttp\Exception\RequestException: cURL error 56:  (see http://curl.haxx.se/libcurl/c/libcurl-errors.html) in E:\xampp73\htdocs\filecroco\loader\vendor\guzzlehttp\guzzle\src\Handler\CurlFactory.php:186
Stack trace:
#0 E:\xampp73\htdocs\filecroco\loader\vendor\guzzlehttp\guzzle\src\Handler\CurlFactory.php(149): GuzzleHttp\Handler\CurlFactory::createRejection(Object(GuzzleHttp\Handler\EasyHandle), Array)
#1 E:\xampp73\htdocs\filecroco\loader\vendor\guzzlehttp\guzzle\src\Handler\CurlFactory.php(102): GuzzleHttp\Handler\CurlFactory::finishError(Object(GuzzleHttp\Handler\CurlMultiHandler), Object(GuzzleHttp\Handler\EasyHandle), Object(GuzzleHttp\Handler\CurlFactory))
#2 E:\xampp73\htdocs\filecroco\loader\vendor\guzzlehttp\guzzle\src\Handler\CurlMultiHandler.php(181): GuzzleHttp\Handler\CurlFactory::finish(Object(GuzzleHttp\Handler\CurlMultiHandler), Object(GuzzleHttp\Handler\EasyHandle), Object(GuzzleHttp\Handler\CurlFactory))
#3 E:\xampp73\htdocs\filecroco\loader\vendor\guzzlehttp\guzzle\src\Handler\CurlMultiHandler.php(110): GuzzleHttp\Handler\CurlMultiHandler->processMessages()
#4 E:\xampp73\htdocs\filecroco\loader\vendor\guzzlehttp\guzzle\src\Handler\CurlMultiHandler.php(125): GuzzleHttp\Handler\CurlMultiHandler->tick()
#5 E:\xampp73\htdocs\filecroco\loader\vendor\guzzlehttp\promises\src\Promise.php(246): GuzzleHttp\Handler\CurlMultiHandler->execute(true)
#6 E:\xampp73\htdocs\filecroco\loader\vendor\guzzlehttp\promises\src\Promise.php(223): GuzzleHttp\Promise\Promise->invokeWaitFn()
#7 E:\xampp73\htdocs\filecroco\loader\vendor\guzzlehttp\promises\src\Promise.php(267): GuzzleHttp\Promise\Promise->waitIfPending()
#8 E:\xampp73\htdocs\filecroco\loader\vendor\guzzlehttp\promises\src\Promise.php(225): GuzzleHttp\Promise\Promise->invokeWaitList()
#9 E:\xampp73\htdocs\filecroco\loader\vendor\guzzlehttp\promises\src\Promise.php(62): GuzzleHttp\Promise\Promise->waitIfPending()
#10 E:\xampp73\htdocs\filecroco\loader\vendor\guzzlehttp\promises\src\EachPromise.php(101): GuzzleHttp\Promise\Promise->wait()
#11 E:\xampp73\htdocs\filecroco\loader\vendor\guzzlehttp\promises\src\Promise.php(246): GuzzleHttp\Promise\EachPromise->GuzzleHttp\Promise\{closure}(true)
#12 E:\xampp73\htdocs\filecroco\loader\vendor\guzzlehttp\promises\src\Promise.php(223): GuzzleHttp\Promise\Promise->invokeWaitFn()
#13 E:\xampp73\htdocs\filecroco\loader\vendor\guzzlehttp\promises\src\Promise.php(62): GuzzleHttp\Promise\Promise->waitIfPending()
#14 E:\xampp73\htdocs\filecroco\loader\updatedownloadlink.php(95): GuzzleHttp\Promise\Promise->wait()
#15 {main}|1064GuzzleHttp\Exception\RequestException: cURL error 56:  (see http://curl.haxx.se/libcurl/c/libcurl-errors.html) in E:\xampp73\htdocs\filecroco\loader\vendor\guzzlehttp\guzzle\src\Handler\CurlFactory.php:186
Stack trace:
#0 E:\xampp73\htdocs\filecroco\loader\vendor\guzzlehttp\guzzle\src\Handler\CurlFactory.php(149): GuzzleHttp\Handler\CurlFactory::createRejection(Object(GuzzleHttp\Handler\EasyHandle), Array)
#1 E:\xampp73\htdocs\filecroco\loader\vendor\guzzlehttp\guzzle\src\Handler\CurlFactory.php(102): GuzzleHttp\Handler\CurlFactory::finishError(Object(GuzzleHttp\Handler\CurlMultiHandler), Object(GuzzleHttp\Handler\EasyHandle), Object(GuzzleHttp\Handler\CurlFactory))
#2 E:\xampp73\htdocs\filecroco\loader\vendor\guzzlehttp\guzzle\src\Handler\CurlMultiHandler.php(181): GuzzleHttp\Handler\CurlFactory::finish(Object(GuzzleHttp\Handler\CurlMultiHandler), Object(GuzzleHttp\Handler\EasyHandle), Object(GuzzleHttp\Handler\CurlFactory))
#3 E:\xampp73\htdocs\filecroco\loader\vendor\guzzlehttp\guzzle\src\Handler\CurlMultiHandler.php(110): GuzzleHttp\Handler\CurlMultiHandler->processMessages()
#4 E:\xampp73\htdocs\filecroco\loader\vendor\guzzlehttp\guzzle\src\Handler\CurlMultiHandler.php(125): GuzzleHttp\Handler\CurlMultiHandler->tick()
#5 E:\xampp73\htdocs\filecroco\loader\vendor\guzzlehttp\promises\src\Promise.php(246): GuzzleHttp\Handler\CurlMultiHandler->execute(true)
#6 E:\xampp73\htdocs\filecroco\loader\vendor\guzzlehttp\promises\src\Promise.php(223): GuzzleHttp\Promise\Promise->invokeWaitFn()
#7 E:\xampp73\htdocs\filecroco\loader\vendor\guzzlehttp\promises\src\Promise.php(267): GuzzleHttp\Promise\Promise->waitIfPending()
#8 E:\xampp73\htdocs\filecroco\loader\vendor\guzzlehttp\promises\src\Promise.php(225): GuzzleHttp\Promise\Promise->invokeWaitList()
#9 E:\xampp73\htdocs\filecroco\loader\vendor\guzzlehttp\promises\src\Promise.php(62): GuzzleHttp\Promise\Promise->waitIfPending()
#10 E:\xampp73\htdocs\filecroco\loader\vendor\guzzlehttp\promises\src\EachPromise.php(101): GuzzleHttp\Promise\Promise->wait()
#11 E:\xampp73\htdocs\filecroco\loader\vendor\guzzlehttp\promises\src\Promise.php(246): GuzzleHttp\Promise\EachPromise->GuzzleHttp\Promise\{closure}(true)
#12 E:\xampp73\htdocs\filecroco\loader\vendor\guzzlehttp\promises\src\Promise.php(223): GuzzleHttp\Promise\Promise->invokeWaitFn()
#13 E:\xampp73\htdocs\filecroco\loader\vendor\guzzlehttp\promises\src\Promise.php(62): GuzzleHttp\Promise\Promise->waitIfPending()
#14 E:\xampp73\htdocs\filecroco\loader\updatedownloadlink.php(95): GuzzleHttp\Promise\Promise->wait()
#15 {main}|1065GuzzleHttp\Exception\RequestException: cURL error 56:  (see http://curl.haxx.se/libcurl/c/libcurl-errors.html) in E:\xampp73\htdocs\filecroco\loader\vendor\guzzlehttp\guzzle\src\Handler\CurlFactory.php:186
Stack trace:
#0 E:\xampp73\htdocs\filecroco\loader\vendor\guzzlehttp\guzzle\src\Handler\CurlFactory.php(149): GuzzleHttp\Handler\CurlFactory::createRejection(Object(GuzzleHttp\Handler\EasyHandle), Array)
#1 E:\xampp73\htdocs\filecroco\loader\vendor\guzzlehttp\guzzle\src\Handler\CurlFactory.php(102): GuzzleHttp\Handler\CurlFactory::finishError(Object(GuzzleHttp\Handler\CurlMultiHandler), Object(GuzzleHttp\Handler\EasyHandle), Object(GuzzleHttp\Handler\CurlFactory))
#2 E:\xampp73\htdocs\filecroco\loader\vendor\guzzlehttp\guzzle\src\Handler\CurlMultiHandler.php(181): GuzzleHttp\Handler\CurlFactory::finish(Object(GuzzleHttp\Handler\CurlMultiHandler), Object(GuzzleHttp\Handler\EasyHandle), Object(GuzzleHttp\Handler\CurlFactory))
#3 E:\xampp73\htdocs\filecroco\loader\vendor\guzzlehttp\guzzle\src\Handler\CurlMultiHandler.php(110): GuzzleHttp\Handler\CurlMultiHandler->processMessages()
#4 E:\xampp73\htdocs\filecroco\loader\vendor\guzzlehttp\guzzle\src\Handler\CurlMultiHandler.php(125): GuzzleHttp\Handler\CurlMultiHandler->tick()
#5 E:\xampp73\htdocs\filecroco\loader\vendor\guzzlehttp\promises\src\Promise.php(246): GuzzleHttp\Handler\CurlMultiHandler->execute(true)
#6 E:\xampp73\htdocs\filecroco\loader\vendor\guzzlehttp\promises\src\Promise.php(223): GuzzleHttp\Promise\Promise->invokeWaitFn()
#7 E:\xampp73\htdocs\filecroco\loader\vendor\guzzlehttp\promises\src\Promise.php(267): GuzzleHttp\Promise\Promise->waitIfPending()
#8 E:\xampp73\htdocs\filecroco\loader\vendor\guzzlehttp\promises\src\Promise.php(225): GuzzleHttp\Promise\Promise->invokeWaitList()
#9 E:\xampp73\htdocs\filecroco\loader\vendor\guzzlehttp\promises\src\Promise.php(62): GuzzleHttp\Promise\Promise->waitIfPending()
#10 E:\xampp73\htdocs\filecroco\loader\vendor\guzzlehttp\promises\src\EachPromise.php(101): GuzzleHttp\Promise\Promise->wait()
#11 E:\xampp73\htdocs\filecroco\loader\vendor\guzzlehttp\promises\src\Promise.php(246): GuzzleHttp\Promise\EachPromise->GuzzleHttp\Promise\{closure}(true)
#12 E:\xampp73\htdocs\filecroco\loader\vendor\guzzlehttp\promises\src\Promise.php(223): GuzzleHttp\Promise\Promise->invokeWaitFn()
#13 E:\xampp73\htdocs\filecroco\loader\vendor\guzzlehttp\promises\src\Promise.php(62): GuzzleHttp\Promise\Promise->waitIfPending()
#14 E:\xampp73\htdocs\filecroco\loader\updatedownloadlink.php(95): GuzzleHttp\Promise\Promise->wait()
#15 {main}|1066GuzzleHttp\Exception\RequestException: cURL error 56:  (see http://curl.haxx.se/libcurl/c/libcurl-errors.html) in E:\xampp73\htdocs\filecroco\loader\vendor\guzzlehttp\guzzle\src\Handler\CurlFactory.php:186
Stack trace:
#0 E:\xampp73\htdocs\filecroco\loader\vendor\guzzlehttp\guzzle\src\Handler\CurlFactory.php(149): GuzzleHttp\Handler\CurlFactory::createRejection(Object(GuzzleHttp\Handler\EasyHandle), Array)
#1 E:\xampp73\htdocs\filecroco\loader\vendor\guzzlehttp\guzzle\src\Handler\CurlFactory.php(102): GuzzleHttp\Handler\CurlFactory::finishError(Object(GuzzleHttp\Handler\CurlMultiHandler), Object(GuzzleHttp\Handler\EasyHandle), Object(GuzzleHttp\Handler\CurlFactory))
#2 E:\xampp73\htdocs\filecroco\loader\vendor\guzzlehttp\guzzle\src\Handler\CurlMultiHandler.php(181): GuzzleHttp\Handler\CurlFactory::finish(Object(GuzzleHttp\Handler\CurlMultiHandler), Object(GuzzleHttp\Handler\EasyHandle), Object(GuzzleHttp\Handler\CurlFactory))
#3 E:\xampp73\htdocs\filecroco\loader\vendor\guzzlehttp\guzzle\src\Handler\CurlMultiHandler.php(110): GuzzleHttp\Handler\CurlMultiHandler->processMessages()
#4 E:\xampp73\htdocs\filecroco\loader\vendor\guzzlehttp\guzzle\src\Handler\CurlMultiHandler.php(125): GuzzleHttp\Handler\CurlMultiHandler->tick()
#5 E:\xampp73\htdocs\filecroco\loader\vendor\guzzlehttp\promises\src\Promise.php(246): GuzzleHttp\Handler\CurlMultiHandler->execute(true)
#6 E:\xampp73\htdocs\filecroco\loader\vendor\guzzlehttp\promises\src\Promise.php(223): GuzzleHttp\Promise\Promise->invokeWaitFn()
#7 E:\xampp73\htdocs\filecroco\loader\vendor\guzzlehttp\promises\src\Promise.php(267): GuzzleHttp\Promise\Promise->waitIfPending()
#8 E:\xampp73\htdocs\filecroco\loader\vendor\guzzlehttp\promises\src\Promise.php(225): GuzzleHttp\Promise\Promise->invokeWaitList()
#9 E:\xampp73\htdocs\filecroco\loader\vendor\guzzlehttp\promises\src\Promise.php(62): GuzzleHttp\Promise\Promise->waitIfPending()
#10 E:\xampp73\htdocs\filecroco\loader\vendor\guzzlehttp\promises\src\EachPromise.php(101): GuzzleHttp\Promise\Promise->wait()
#11 E:\xampp73\htdocs\filecroco\loader\vendor\guzzlehttp\promises\src\Promise.php(246): GuzzleHttp\Promise\EachPromise->GuzzleHttp\Promise\{closure}(true)
#12 E:\xampp73\htdocs\filecroco\loader\vendor\guzzlehttp\promises\src\Promise.php(223): GuzzleHttp\Promise\Promise->invokeWaitFn()
#13 E:\xampp73\htdocs\filecroco\loader\vendor\guzzlehttp\promises\src\Promise.php(62): GuzzleHttp\Promise\Promise->waitIfPending()
#14 E:\xampp73\htdocs\filecroco\loader\updatedownloadlink.php(95): GuzzleHttp\Promise\Promise->wait()
#15 {main}|1067GuzzleHttp\Exception\RequestException: cURL error 56:  (see http://curl.haxx.se/libcurl/c/libcurl-errors.html) in E:\xampp73\htdocs\filecroco\loader\vendor\guzzlehttp\guzzle\src\Handler\CurlFactory.php:186
Stack trace:
#0 E:\xampp73\htdocs\filecroco\loader\vendor\guzzlehttp\guzzle\src\Handler\CurlFactory.php(149): GuzzleHttp\Handler\CurlFactory::createRejection(Object(GuzzleHttp\Handler\EasyHandle), Array)
#1 E:\xampp73\htdocs\filecroco\loader\vendor\guzzlehttp\guzzle\src\Handler\CurlFactory.php(102): GuzzleHttp\Handler\CurlFactory::finishError(Object(GuzzleHttp\Handler\CurlMultiHandler), Object(GuzzleHttp\Handler\EasyHandle), Object(GuzzleHttp\Handler\CurlFactory))
#2 E:\xampp73\htdocs\filecroco\loader\vendor\guzzlehttp\guzzle\src\Handler\CurlMultiHandler.php(181): GuzzleHttp\Handler\CurlFactory::finish(Object(GuzzleHttp\Handler\CurlMultiHandler), Object(GuzzleHttp\Handler\EasyHandle), Object(GuzzleHttp\Handler\CurlFactory))
#3 E:\xampp73\htdocs\filecroco\loader\vendor\guzzlehttp\guzzle\src\Handler\CurlMultiHandler.php(110): GuzzleHttp\Handler\CurlMultiHandler->processMessages()
#4 E:\xampp73\htdocs\filecroco\loader\vendor\guzzlehttp\guzzle\src\Handler\CurlMultiHandler.php(125): GuzzleHttp\Handler\CurlMultiHandler->tick()
#5 E:\xampp73\htdocs\filecroco\loader\vendor\guzzlehttp\promises\src\Promise.php(246): GuzzleHttp\Handler\CurlMultiHandler->execute(true)
#6 E:\xampp73\htdocs\filecroco\loader\vendor\guzzlehttp\promises\src\Promise.php(223): GuzzleHttp\Promise\Promise->invokeWaitFn()
#7 E:\xampp73\htdocs\filecroco\loader\vendor\guzzlehttp\promises\src\Promise.php(267): GuzzleHttp\Promise\Promise->waitIfPending()
#8 E:\xampp73\htdocs\filecroco\loader\vendor\guzzlehttp\promises\src\Promise.php(225): GuzzleHttp\Promise\Promise->invokeWaitList()
#9 E:\xampp73\htdocs\filecroco\loader\vendor\guzzlehttp\promises\src\Promise.php(62): GuzzleHttp\Promise\Promise->waitIfPending()
#10 E:\xampp73\htdocs\filecroco\loader\vendor\guzzlehttp\promises\src\EachPromise.php(101): GuzzleHttp\Promise\Promise->wait()
#11 E:\xampp73\htdocs\filecroco\loader\vendor\guzzlehttp\promises\src\Promise.php(246): GuzzleHttp\Promise\EachPromise->GuzzleHttp\Promise\{closure}(true)
#12 E:\xampp73\htdocs\filecroco\loader\vendor\guzzlehttp\promises\src\Promise.php(223): GuzzleHttp\Promise\Promise->invokeWaitFn()
#13 E:\xampp73\htdocs\filecroco\loader\vendor\guzzlehttp\promises\src\Promise.php(62): GuzzleHttp\Promise\Promise->waitIfPending()
#14 E:\xampp73\htdocs\filecroco\loader\updatedownloadlink.php(95): GuzzleHttp\Promise\Promise->wait()
#15 {main}|1068GuzzleHttp\Exception\RequestException: cURL error 56:  (see http://curl.haxx.se/libcurl/c/libcurl-errors.html) in E:\xampp73\htdocs\filecroco\loader\vendor\guzzlehttp\guzzle\src\Handler\CurlFactory.php:186
Stack trace:
#0 E:\xampp73\htdocs\filecroco\loader\vendor\guzzlehttp\guzzle\src\Handler\CurlFactory.php(149): GuzzleHttp\Handler\CurlFactory::createRejection(Object(GuzzleHttp\Handler\EasyHandle), Array)
#1 E:\xampp73\htdocs\filecroco\loader\vendor\guzzlehttp\guzzle\src\Handler\CurlFactory.php(102): GuzzleHttp\Handler\CurlFactory::finishError(Object(GuzzleHttp\Handler\CurlMultiHandler), Object(GuzzleHttp\Handler\EasyHandle), Object(GuzzleHttp\Handler\CurlFactory))
#2 E:\xampp73\htdocs\filecroco\loader\vendor\guzzlehttp\guzzle\src\Handler\CurlMultiHandler.php(181): GuzzleHttp\Handler\CurlFactory::finish(Object(GuzzleHttp\Handler\CurlMultiHandler), Object(GuzzleHttp\Handler\EasyHandle), Object(GuzzleHttp\Handler\CurlFactory))
#3 E:\xampp73\htdocs\filecroco\loader\vendor\guzzlehttp\guzzle\src\Handler\CurlMultiHandler.php(110): GuzzleHttp\Handler\CurlMultiHandler->processMessages()
#4 E:\xampp73\htdocs\filecroco\loader\vendor\guzzlehttp\guzzle\src\Handler\CurlMultiHandler.php(125): GuzzleHttp\Handler\CurlMultiHandler->tick()
#5 E:\xampp73\htdocs\filecroco\loader\vendor\guzzlehttp\promises\src\Promise.php(246): GuzzleHttp\Handler\CurlMultiHandler->execute(true)
#6 E:\xampp73\htdocs\filecroco\loader\vendor\guzzlehttp\promises\src\Promise.php(223): GuzzleHttp\Promise\Promise->invokeWaitFn()
#7 E:\xampp73\htdocs\filecroco\loader\vendor\guzzlehttp\promises\src\Promise.php(267): GuzzleHttp\Promise\Promise->waitIfPending()
#8 E:\xampp73\htdocs\filecroco\loader\vendor\guzzlehttp\promises\src\Promise.php(225): GuzzleHttp\Promise\Promise->invokeWaitList()
#9 E:\xampp73\htdocs\filecroco\loader\vendor\guzzlehttp\promises\src\Promise.php(62): GuzzleHttp\Promise\Promise->waitIfPending()
#10 E:\xampp73\htdocs\filecroco\loader\vendor\guzzlehttp\promises\src\EachPromise.php(101): GuzzleHttp\Promise\Promise->wait()
#11 E:\xampp73\htdocs\filecroco\loader\vendor\guzzlehttp\promises\src\Promise.php(246): GuzzleHttp\Promise\EachPromise->GuzzleHttp\Promise\{closure}(true)
#12 E:\xampp73\htdocs\filecroco\loader\vendor\guzzlehttp\promises\src\Promise.php(223): GuzzleHttp\Promise\Promise->invokeWaitFn()
#13 E:\xampp73\htdocs\filecroco\loader\vendor\guzzlehttp\promises\src\Promise.php(62): GuzzleHttp\Promise\Promise->waitIfPending()
#14 E:\xampp73\htdocs\filecroco\loader\updatedownloadlink.php(95): GuzzleHttp\Promise\Promise->wait()
#15 {main}|1069GuzzleHttp\Exception\RequestException: cURL error 56:  (see http://curl.haxx.se/libcurl/c/libcurl-errors.html) in E:\xampp73\htdocs\filecroco\loader\vendor\guzzlehttp\guzzle\src\Handler\CurlFactory.php:186
Stack trace:
#0 E:\xampp73\htdocs\filecroco\loader\vendor\guzzlehttp\guzzle\src\Handler\CurlFactory.php(149): GuzzleHttp\Handler\CurlFactory::createRejection(Object(GuzzleHttp\Handler\EasyHandle), Array)
#1 E:\xampp73\htdocs\filecroco\loader\vendor\guzzlehttp\guzzle\src\Handler\CurlFactory.php(102): GuzzleHttp\Handler\CurlFactory::finishError(Object(GuzzleHttp\Handler\CurlMultiHandler), Object(GuzzleHttp\Handler\EasyHandle), Object(GuzzleHttp\Handler\CurlFactory))
#2 E:\xampp73\htdocs\filecroco\loader\vendor\guzzlehttp\guzzle\src\Handler\CurlMultiHandler.php(181): GuzzleHttp\Handler\CurlFactory::finish(Object(GuzzleHttp\Handler\CurlMultiHandler), Object(GuzzleHttp\Handler\EasyHandle), Object(GuzzleHttp\Handler\CurlFactory))
#3 E:\xampp73\htdocs\filecroco\loader\vendor\guzzlehttp\guzzle\src\Handler\CurlMultiHandler.php(110): GuzzleHttp\Handler\CurlMultiHandler->processMessages()
#4 E:\xampp73\htdocs\filecroco\loader\vendor\guzzlehttp\guzzle\src\Handler\CurlMultiHandler.php(125): GuzzleHttp\Handler\CurlMultiHandler->tick()
#5 E:\xampp73\htdocs\filecroco\loader\vendor\guzzlehttp\promises\src\Promise.php(246): GuzzleHttp\Handler\CurlMultiHandler->execute(true)
#6 E:\xampp73\htdocs\filecroco\loader\vendor\guzzlehttp\promises\src\Promise.php(223): GuzzleHttp\Promise\Promise->invokeWaitFn()
#7 E:\xampp73\htdocs\filecroco\loader\vendor\guzzlehttp\promises\src\Promise.php(267): GuzzleHttp\Promise\Promise->waitIfPending()
#8 E:\xampp73\htdocs\filecroco\loader\vendor\guzzlehttp\promises\src\Promise.php(225): GuzzleHttp\Promise\Promise->invokeWaitList()
#9 E:\xampp73\htdocs\filecroco\loader\vendor\guzzlehttp\promises\src\Promise.php(62): GuzzleHttp\Promise\Promise->waitIfPending()
#10 E:\xampp73\htdocs\filecroco\loader\vendor\guzzlehttp\promises\src\EachPromise.php(101): GuzzleHttp\Promise\Promise->wait()
#11 E:\xampp73\htdocs\filecroco\loader\vendor\guzzlehttp\promises\src\Promise.php(246): GuzzleHttp\Promise\EachPromise->GuzzleHttp\Promise\{closure}(true)
#12 E:\xampp73\htdocs\filecroco\loader\vendor\guzzlehttp\promises\src\Promise.php(223): GuzzleHttp\Promise\Promise->invokeWaitFn()
#13 E:\xampp73\htdocs\filecroco\loader\vendor\guzzlehttp\promises\src\Promise.php(62): GuzzleHttp\Promise\Promise->waitIfPending()
#14 E:\xampp73\htdocs\filecroco\loader\updatedownloadlink.php(95): GuzzleHttp\Promise\Promise->wait()
#15 {main}|1070GuzzleHttp\Exception\RequestException: cURL error 56:  (see http://curl.haxx.se/libcurl/c/libcurl-errors.html) in E:\xampp73\htdocs\filecroco\loader\vendor\guzzlehttp\guzzle\src\Handler\CurlFactory.php:186
Stack trace:
#0 E:\xampp73\htdocs\filecroco\loader\vendor\guzzlehttp\guzzle\src\Handler\CurlFactory.php(149): GuzzleHttp\Handler\CurlFactory::createRejection(Object(GuzzleHttp\Handler\EasyHandle), Array)
#1 E:\xampp73\htdocs\filecroco\loader\vendor\guzzlehttp\guzzle\src\Handler\CurlFactory.php(102): GuzzleHttp\Handler\CurlFactory::finishError(Object(GuzzleHttp\Handler\CurlMultiHandler), Object(GuzzleHttp\Handler\EasyHandle), Object(GuzzleHttp\Handler\CurlFactory))
#2 E:\xampp73\htdocs\filecroco\loader\vendor\guzzlehttp\guzzle\src\Handler\CurlMultiHandler.php(181): GuzzleHttp\Handler\CurlFactory::finish(Object(GuzzleHttp\Handler\CurlMultiHandler), Object(GuzzleHttp\Handler\EasyHandle), Object(GuzzleHttp\Handler\CurlFactory))
#3 E:\xampp73\htdocs\filecroco\loader\vendor\guzzlehttp\guzzle\src\Handler\CurlMultiHandler.php(110): GuzzleHttp\Handler\CurlMultiHandler->processMessages()
#4 E:\xampp73\htdocs\filecroco\loader\vendor\guzzlehttp\guzzle\src\Handler\CurlMultiHandler.php(125): GuzzleHttp\Handler\CurlMultiHandler->tick()
#5 E:\xampp73\htdocs\filecroco\loader\vendor\guzzlehttp\promises\src\Promise.php(246): GuzzleHttp\Handler\CurlMultiHandler->execute(true)
#6 E:\xampp73\htdocs\filecroco\loader\vendor\guzzlehttp\promises\src\Promise.php(223): GuzzleHttp\Promise\Promise->invokeWaitFn()
#7 E:\xampp73\htdocs\filecroco\loader\vendor\guzzlehttp\promises\src\Promise.php(267): GuzzleHttp\Promise\Promise->waitIfPending()
#8 E:\xampp73\htdocs\filecroco\loader\vendor\guzzlehttp\promises\src\Promise.php(225): GuzzleHttp\Promise\Promise->invokeWaitList()
#9 E:\xampp73\htdocs\filecroco\loader\vendor\guzzlehttp\promises\src\Promise.php(62): GuzzleHttp\Promise\Promise->waitIfPending()
#10 E:\xampp73\htdocs\filecroco\loader\vendor\guzzlehttp\promises\src\EachPromise.php(101): GuzzleHttp\Promise\Promise->wait()
#11 E:\xampp73\htdocs\filecroco\loader\vendor\guzzlehttp\promises\src\Promise.php(246): GuzzleHttp\Promise\EachPromise->GuzzleHttp\Promise\{closure}(true)
#12 E:\xampp73\htdocs\filecroco\loader\vendor\guzzlehttp\promises\src\Promise.php(223): GuzzleHttp\Promise\Promise->invokeWaitFn()
#13 E:\xampp73\htdocs\filecroco\loader\vendor\guzzlehttp\promises\src\Promise.php(62): GuzzleHttp\Promise\Promise->waitIfPending()
#14 E:\xampp73\htdocs\filecroco\loader\updatedownloadlink.php(95): GuzzleHttp\Promise\Promise->wait()
#15 {main}|1071GuzzleHttp\Exception\RequestException: cURL error 56:  (see http://curl.haxx.se/libcurl/c/libcurl-errors.html) in E:\xampp73\htdocs\filecroco\loader\vendor\guzzlehttp\guzzle\src\Handler\CurlFactory.php:186
Stack trace:
#0 E:\xampp73\htdocs\filecroco\loader\vendor\guzzlehttp\guzzle\src\Handler\CurlFactory.php(149): GuzzleHttp\Handler\CurlFactory::createRejection(Object(GuzzleHttp\Handler\EasyHandle), Array)
#1 E:\xampp73\htdocs\filecroco\loader\vendor\guzzlehttp\guzzle\src\Handler\CurlFactory.php(102): GuzzleHttp\Handler\CurlFactory::finishError(Object(GuzzleHttp\Handler\CurlMultiHandler), Object(GuzzleHttp\Handler\EasyHandle), Object(GuzzleHttp\Handler\CurlFactory))
#2 E:\xampp73\htdocs\filecroco\loader\vendor\guzzlehttp\guzzle\src\Handler\CurlMultiHandler.php(181): GuzzleHttp\Handler\CurlFactory::finish(Object(GuzzleHttp\Handler\CurlMultiHandler), Object(GuzzleHttp\Handler\EasyHandle), Object(GuzzleHttp\Handler\CurlFactory))
#3 E:\xampp73\htdocs\filecroco\loader\vendor\guzzlehttp\guzzle\src\Handler\CurlMultiHandler.php(110): GuzzleHttp\Handler\CurlMultiHandler->processMessages()
#4 E:\xampp73\htdocs\filecroco\loader\vendor\guzzlehttp\guzzle\src\Handler\CurlMultiHandler.php(125): GuzzleHttp\Handler\CurlMultiHandler->tick()
#5 E:\xampp73\htdocs\filecroco\loader\vendor\guzzlehttp\promises\src\Promise.php(246): GuzzleHttp\Handler\CurlMultiHandler->execute(true)
#6 E:\xampp73\htdocs\filecroco\loader\vendor\guzzlehttp\promises\src\Promise.php(223): GuzzleHttp\Promise\Promise->invokeWaitFn()
#7 E:\xampp73\htdocs\filecroco\loader\vendor\guzzlehttp\promises\src\Promise.php(267): GuzzleHttp\Promise\Promise->waitIfPending()
#8 E:\xampp73\htdocs\filecroco\loader\vendor\guzzlehttp\promises\src\Promise.php(225): GuzzleHttp\Promise\Promise->invokeWaitList()
#9 E:\xampp73\htdocs\filecroco\loader\vendor\guzzlehttp\promises\src\Promise.php(62): GuzzleHttp\Promise\Promise->waitIfPending()
#10 E:\xampp73\htdocs\filecroco\loader\vendor\guzzlehttp\promises\src\EachPromise.php(101): GuzzleHttp\Promise\Promise->wait()
#11 E:\xampp73\htdocs\filecroco\loader\vendor\guzzlehttp\promises\src\Promise.php(246): GuzzleHttp\Promise\EachPromise->GuzzleHttp\Promise\{closure}(true)
#12 E:\xampp73\htdocs\filecroco\loader\vendor\guzzlehttp\promises\src\Promise.php(223): GuzzleHttp\Promise\Promise->invokeWaitFn()
#13 E:\xampp73\htdocs\filecroco\loader\vendor\guzzlehttp\promises\src\Promise.php(62): GuzzleHttp\Promise\Promise->waitIfPending()
#14 E:\xampp73\htdocs\filecroco\loader\updatedownloadlink.php(95): GuzzleHttp\Promise\Promise->wait()
#15 {main}|1072GuzzleHttp\Exception\RequestException: cURL error 56:  (see http://curl.haxx.se/libcurl/c/libcurl-errors.html) in E:\xampp73\htdocs\filecroco\loader\vendor\guzzlehttp\guzzle\src\Handler\CurlFactory.php:186
Stack trace:
#0 E:\xampp73\htdocs\filecroco\loader\vendor\guzzlehttp\guzzle\src\Handler\CurlFactory.php(149): GuzzleHttp\Handler\CurlFactory::createRejection(Object(GuzzleHttp\Handler\EasyHandle), Array)
#1 E:\xampp73\htdocs\filecroco\loader\vendor\guzzlehttp\guzzle\src\Handler\CurlFactory.php(102): GuzzleHttp\Handler\CurlFactory::finishError(Object(GuzzleHttp\Handler\CurlMultiHandler), Object(GuzzleHttp\Handler\EasyHandle), Object(GuzzleHttp\Handler\CurlFactory))
#2 E:\xampp73\htdocs\filecroco\loader\vendor\guzzlehttp\guzzle\src\Handler\CurlMultiHandler.php(181): GuzzleHttp\Handler\CurlFactory::finish(Object(GuzzleHttp\Handler\CurlMultiHandler), Object(GuzzleHttp\Handler\EasyHandle), Object(GuzzleHttp\Handler\CurlFactory))
#3 E:\xampp73\htdocs\filecroco\loader\vendor\guzzlehttp\guzzle\src\Handler\CurlMultiHandler.php(110): GuzzleHttp\Handler\CurlMultiHandler->processMessages()
#4 E:\xampp73\htdocs\filecroco\loader\vendor\guzzlehttp\guzzle\src\Handler\CurlMultiHandler.php(125): GuzzleHttp\Handler\CurlMultiHandler->tick()
#5 E:\xampp73\htdocs\filecroco\loader\vendor\guzzlehttp\promises\src\Promise.php(246): GuzzleHttp\Handler\CurlMultiHandler->execute(true)
#6 E:\xampp73\htdocs\filecroco\loader\vendor\guzzlehttp\promises\src\Promise.php(223): GuzzleHttp\Promise\Promise->invokeWaitFn()
#7 E:\xampp73\htdocs\filecroco\loader\vendor\guzzlehttp\promises\src\Promise.php(267): GuzzleHttp\Promise\Promise->waitIfPending()
#8 E:\xampp73\htdocs\filecroco\loader\vendor\guzzlehttp\promises\src\Promise.php(225): GuzzleHttp\Promise\Promise->invokeWaitList()
#9 E:\xampp73\htdocs\filecroco\loader\vendor\guzzlehttp\promises\src\Promise.php(62): GuzzleHttp\Promise\Promise->waitIfPending()
#10 E:\xampp73\htdocs\filecroco\loader\vendor\guzzlehttp\promises\src\EachPromise.php(101): GuzzleHttp\Promise\Promise->wait()
#11 E:\xampp73\htdocs\filecroco\loader\vendor\guzzlehttp\promises\src\Promise.php(246): GuzzleHttp\Promise\EachPromise->GuzzleHttp\Promise\{closure}(true)
#12 E:\xampp73\htdocs\filecroco\loader\vendor\guzzlehttp\promises\src\Promise.php(223): GuzzleHttp\Promise\Promise->invokeWaitFn()
#13 E:\xampp73\htdocs\filecroco\loader\vendor\guzzlehttp\promises\src\Promise.php(62): GuzzleHttp\Promise\Promise->waitIfPending()
#14 E:\xampp73\htdocs\filecroco\loader\updatedownloadlink.php(95): GuzzleHttp\Promise\Promise->wait()
#15 {main}|1073GuzzleHttp\Exception\RequestException: cURL error 56:  (see http://curl.haxx.se/libcurl/c/libcurl-errors.html) in E:\xampp73\htdocs\filecroco\loader\vendor\guzzlehttp\guzzle\src\Handler\CurlFactory.php:186
Stack trace:
#0 E:\xampp73\htdocs\filecroco\loader\vendor\guzzlehttp\guzzle\src\Handler\CurlFactory.php(149): GuzzleHttp\Handler\CurlFactory::createRejection(Object(GuzzleHttp\Handler\EasyHandle), Array)
#1 E:\xampp73\htdocs\filecroco\loader\vendor\guzzlehttp\guzzle\src\Handler\CurlFactory.php(102): GuzzleHttp\Handler\CurlFactory::finishError(Object(GuzzleHttp\Handler\CurlMultiHandler), Object(GuzzleHttp\Handler\EasyHandle), Object(GuzzleHttp\Handler\CurlFactory))
#2 E:\xampp73\htdocs\filecroco\loader\vendor\guzzlehttp\guzzle\src\Handler\CurlMultiHandler.php(181): GuzzleHttp\Handler\CurlFactory::finish(Object(GuzzleHttp\Handler\CurlMultiHandler), Object(GuzzleHttp\Handler\EasyHandle), Object(GuzzleHttp\Handler\CurlFactory))
#3 E:\xampp73\htdocs\filecroco\loader\vendor\guzzlehttp\guzzle\src\Handler\CurlMultiHandler.php(110): GuzzleHttp\Handler\CurlMultiHandler->processMessages()
#4 E:\xampp73\htdocs\filecroco\loader\vendor\guzzlehttp\guzzle\src\Handler\CurlMultiHandler.php(125): GuzzleHttp\Handler\CurlMultiHandler->tick()
#5 E:\xampp73\htdocs\filecroco\loader\vendor\guzzlehttp\promises\src\Promise.php(246): GuzzleHttp\Handler\CurlMultiHandler->execute(true)
#6 E:\xampp73\htdocs\filecroco\loader\vendor\guzzlehttp\promises\src\Promise.php(223): GuzzleHttp\Promise\Promise->invokeWaitFn()
#7 E:\xampp73\htdocs\filecroco\loader\vendor\guzzlehttp\promises\src\Promise.php(267): GuzzleHttp\Promise\Promise->waitIfPending()
#8 E:\xampp73\htdocs\filecroco\loader\vendor\guzzlehttp\promises\src\Promise.php(225): GuzzleHttp\Promise\Promise->invokeWaitList()
#9 E:\xampp73\htdocs\filecroco\loader\vendor\guzzlehttp\promises\src\Promise.php(62): GuzzleHttp\Promise\Promise->waitIfPending()
#10 E:\xampp73\htdocs\filecroco\loader\vendor\guzzlehttp\promises\src\EachPromise.php(101): GuzzleHttp\Promise\Promise->wait()
#11 E:\xampp73\htdocs\filecroco\loader\vendor\guzzlehttp\promises\src\Promise.php(246): GuzzleHttp\Promise\EachPromise->GuzzleHttp\Promise\{closure}(true)
#12 E:\xampp73\htdocs\filecroco\loader\vendor\guzzlehttp\promises\src\Promise.php(223): GuzzleHttp\Promise\Promise->invokeWaitFn()
#13 E:\xampp73\htdocs\filecroco\loader\vendor\guzzlehttp\promises\src\Promise.php(62): GuzzleHttp\Promise\Promise->waitIfPending()
#14 E:\xampp73\htdocs\filecroco\loader\updatedownloadlink.php(95): GuzzleHttp\Promise\Promise->wait()
#15 {main}|1074GuzzleHttp\Exception\RequestException: cURL error 56:  (see http://curl.haxx.se/libcurl/c/libcurl-errors.html) in E:\xampp73\htdocs\filecroco\loader\vendor\guzzlehttp\guzzle\src\Handler\CurlFactory.php:186
Stack trace:
#0 E:\xampp73\htdocs\filecroco\loader\vendor\guzzlehttp\guzzle\src\Handler\CurlFactory.php(149): GuzzleHttp\Handler\CurlFactory::createRejection(Object(GuzzleHttp\Handler\EasyHandle), Array)
#1 E:\xampp73\htdocs\filecroco\loader\vendor\guzzlehttp\guzzle\src\Handler\CurlFactory.php(102): GuzzleHttp\Handler\CurlFactory::finishError(Object(GuzzleHttp\Handler\CurlMultiHandler), Object(GuzzleHttp\Handler\EasyHandle), Object(GuzzleHttp\Handler\CurlFactory))
#2 E:\xampp73\htdocs\filecroco\loader\vendor\guzzlehttp\guzzle\src\Handler\CurlMultiHandler.php(181): GuzzleHttp\Handler\CurlFactory::finish(Object(GuzzleHttp\Handler\CurlMultiHandler), Object(GuzzleHttp\Handler\EasyHandle), Object(GuzzleHttp\Handler\CurlFactory))
#3 E:\xampp73\htdocs\filecroco\loader\vendor\guzzlehttp\guzzle\src\Handler\CurlMultiHandler.php(110): GuzzleHttp\Handler\CurlMultiHandler->processMessages()
#4 E:\xampp73\htdocs\filecroco\loader\vendor\guzzlehttp\guzzle\src\Handler\CurlMultiHandler.php(125): GuzzleHttp\Handler\CurlMultiHandler->tick()
#5 E:\xampp73\htdocs\filecroco\loader\vendor\guzzlehttp\promises\src\Promise.php(246): GuzzleHttp\Handler\CurlMultiHandler->execute(true)
#6 E:\xampp73\htdocs\filecroco\loader\vendor\guzzlehttp\promises\src\Promise.php(223): GuzzleHttp\Promise\Promise->invokeWaitFn()
#7 E:\xampp73\htdocs\filecroco\loader\vendor\guzzlehttp\promises\src\Promise.php(267): GuzzleHttp\Promise\Promise->waitIfPending()
#8 E:\xampp73\htdocs\filecroco\loader\vendor\guzzlehttp\promises\src\Promise.php(225): GuzzleHttp\Promise\Promise->invokeWaitList()
#9 E:\xampp73\htdocs\filecroco\loader\vendor\guzzlehttp\promises\src\Promise.php(62): GuzzleHttp\Promise\Promise->waitIfPending()
#10 E:\xampp73\htdocs\filecroco\loader\vendor\guzzlehttp\promises\src\EachPromise.php(101): GuzzleHttp\Promise\Promise->wait()
#11 E:\xampp73\htdocs\filecroco\loader\vendor\guzzlehttp\promises\src\Promise.php(246): GuzzleHttp\Promise\EachPromise->GuzzleHttp\Promise\{closure}(true)
#12 E:\xampp73\htdocs\filecroco\loader\vendor\guzzlehttp\promises\src\Promise.php(223): GuzzleHttp\Promise\Promise->invokeWaitFn()
#13 E:\xampp73\htdocs\filecroco\loader\vendor\guzzlehttp\promises\src\Promise.php(62): GuzzleHttp\Promise\Promise->waitIfPending()
#14 E:\xampp73\htdocs\filecroco\loader\updatedownloadlink.php(95): GuzzleHttp\Promise\Promise->wait()
#15 {main}|1075GuzzleHttp\Exception\RequestException: cURL error 56:  (see http://curl.haxx.se/libcurl/c/libcurl-errors.html) in E:\xampp73\htdocs\filecroco\loader\vendor\guzzlehttp\guzzle\src\Handler\CurlFactory.php:186
Stack trace:
#0 E:\xampp73\htdocs\filecroco\loader\vendor\guzzlehttp\guzzle\src\Handler\CurlFactory.php(149): GuzzleHttp\Handler\CurlFactory::createRejection(Object(GuzzleHttp\Handler\EasyHandle), Array)
#1 E:\xampp73\htdocs\filecroco\loader\vendor\guzzlehttp\guzzle\src\Handler\CurlFactory.php(102): GuzzleHttp\Handler\CurlFactory::finishError(Object(GuzzleHttp\Handler\CurlMultiHandler), Object(GuzzleHttp\Handler\EasyHandle), Object(GuzzleHttp\Handler\CurlFactory))
#2 E:\xampp73\htdocs\filecroco\loader\vendor\guzzlehttp\guzzle\src\Handler\CurlMultiHandler.php(181): GuzzleHttp\Handler\CurlFactory::finish(Object(GuzzleHttp\Handler\CurlMultiHandler), Object(GuzzleHttp\Handler\EasyHandle), Object(GuzzleHttp\Handler\CurlFactory))
#3 E:\xampp73\htdocs\filecroco\loader\vendor\guzzlehttp\guzzle\src\Handler\CurlMultiHandler.php(110): GuzzleHttp\Handler\CurlMultiHandler->processMessages()
#4 E:\xampp73\htdocs\filecroco\loader\vendor\guzzlehttp\guzzle\src\Handler\CurlMultiHandler.php(125): GuzzleHttp\Handler\CurlMultiHandler->tick()
#5 E:\xampp73\htdocs\filecroco\loader\vendor\guzzlehttp\promises\src\Promise.php(246): GuzzleHttp\Handler\CurlMultiHandler->execute(true)
#6 E:\xampp73\htdocs\filecroco\loader\vendor\guzzlehttp\promises\src\Promise.php(223): GuzzleHttp\Promise\Promise->invokeWaitFn()
#7 E:\xampp73\htdocs\filecroco\loader\vendor\guzzlehttp\promises\src\Promise.php(267): GuzzleHttp\Promise\Promise->waitIfPending()
#8 E:\xampp73\htdocs\filecroco\loader\vendor\guzzlehttp\promises\src\Promise.php(225): GuzzleHttp\Promise\Promise->invokeWaitList()
#9 E:\xampp73\htdocs\filecroco\loader\vendor\guzzlehttp\promises\src\Promise.php(62): GuzzleHttp\Promise\Promise->waitIfPending()
#10 E:\xampp73\htdocs\filecroco\loader\vendor\guzzlehttp\promises\src\EachPromise.php(101): GuzzleHttp\Promise\Promise->wait()
#11 E:\xampp73\htdocs\filecroco\loader\vendor\guzzlehttp\promises\src\Promise.php(246): GuzzleHttp\Promise\EachPromise->GuzzleHttp\Promise\{closure}(true)
#12 E:\xampp73\htdocs\filecroco\loader\vendor\guzzlehttp\promises\src\Promise.php(223): GuzzleHttp\Promise\Promise->invokeWaitFn()
#13 E:\xampp73\htdocs\filecroco\loader\vendor\guzzlehttp\promises\src\Promise.php(62): GuzzleHttp\Promise\Promise->waitIfPending()
#14 E:\xampp73\htdocs\filecroco\loader\updatedownloadlink.php(95): GuzzleHttp\Promise\Promise->wait()
#15 {main}|1076GuzzleHttp\Exception\RequestException: cURL error 56:  (see http://curl.haxx.se/libcurl/c/libcurl-errors.html) in E:\xampp73\htdocs\filecroco\loader\vendor\guzzlehttp\guzzle\src\Handler\CurlFactory.php:186
Stack trace:
#0 E:\xampp73\htdocs\filecroco\loader\vendor\guzzlehttp\guzzle\src\Handler\CurlFactory.php(149): GuzzleHttp\Handler\CurlFactory::createRejection(Object(GuzzleHttp\Handler\EasyHandle), Array)
#1 E:\xampp73\htdocs\filecroco\loader\vendor\guzzlehttp\guzzle\src\Handler\CurlFactory.php(102): GuzzleHttp\Handler\CurlFactory::finishError(Object(GuzzleHttp\Handler\CurlMultiHandler), Object(GuzzleHttp\Handler\EasyHandle), Object(GuzzleHttp\Handler\CurlFactory))
#2 E:\xampp73\htdocs\filecroco\loader\vendor\guzzlehttp\guzzle\src\Handler\CurlMultiHandler.php(181): GuzzleHttp\Handler\CurlFactory::finish(Object(GuzzleHttp\Handler\CurlMultiHandler), Object(GuzzleHttp\Handler\EasyHandle), Object(GuzzleHttp\Handler\CurlFactory))
#3 E:\xampp73\htdocs\filecroco\loader\vendor\guzzlehttp\guzzle\src\Handler\CurlMultiHandler.php(110): GuzzleHttp\Handler\CurlMultiHandler->processMessages()
#4 E:\xampp73\htdocs\filecroco\loader\vendor\guzzlehttp\guzzle\src\Handler\CurlMultiHandler.php(125): GuzzleHttp\Handler\CurlMultiHandler->tick()
#5 E:\xampp73\htdocs\filecroco\loader\vendor\guzzlehttp\promises\src\Promise.php(246): GuzzleHttp\Handler\CurlMultiHandler->execute(true)
#6 E:\xampp73\htdocs\filecroco\loader\vendor\guzzlehttp\promises\src\Promise.php(223): GuzzleHttp\Promise\Promise->invokeWaitFn()
#7 E:\xampp73\htdocs\filecroco\loader\vendor\guzzlehttp\promises\src\Promise.php(267): GuzzleHttp\Promise\Promise->waitIfPending()
#8 E:\xampp73\htdocs\filecroco\loader\vendor\guzzlehttp\promises\src\Promise.php(225): GuzzleHttp\Promise\Promise->invokeWaitList()
#9 E:\xampp73\htdocs\filecroco\loader\vendor\guzzlehttp\promises\src\Promise.php(62): GuzzleHttp\Promise\Promise->waitIfPending()
#10 E:\xampp73\htdocs\filecroco\loader\vendor\guzzlehttp\promises\src\EachPromise.php(101): GuzzleHttp\Promise\Promise->wait()
#11 E:\xampp73\htdocs\filecroco\loader\vendor\guzzlehttp\promises\src\Promise.php(246): GuzzleHttp\Promise\EachPromise->GuzzleHttp\Promise\{closure}(true)
#12 E:\xampp73\htdocs\filecroco\loader\vendor\guzzlehttp\promises\src\Promise.php(223): GuzzleHttp\Promise\Promise->invokeWaitFn()
#13 E:\xampp73\htdocs\filecroco\loader\vendor\guzzlehttp\promises\src\Promise.php(62): GuzzleHttp\Promise\Promise->waitIfPending()
#14 E:\xampp73\htdocs\filecroco\loader\updatedownloadlink.php(95): GuzzleHttp\Promise\Promise->wait()
#15 {main}|1077GuzzleHttp\Exception\RequestException: cURL error 56:  (see http://curl.haxx.se/libcurl/c/libcurl-errors.html) in E:\xampp73\htdocs\filecroco\loader\vendor\guzzlehttp\guzzle\src\Handler\CurlFactory.php:186
Stack trace:
#0 E:\xampp73\htdocs\filecroco\loader\vendor\guzzlehttp\guzzle\src\Handler\CurlFactory.php(149): GuzzleHttp\Handler\CurlFactory::createRejection(Object(GuzzleHttp\Handler\EasyHandle), Array)
#1 E:\xampp73\htdocs\filecroco\loader\vendor\guzzlehttp\guzzle\src\Handler\CurlFactory.php(102): GuzzleHttp\Handler\CurlFactory::finishError(Object(GuzzleHttp\Handler\CurlMultiHandler), Object(GuzzleHttp\Handler\EasyHandle), Object(GuzzleHttp\Handler\CurlFactory))
#2 E:\xampp73\htdocs\filecroco\loader\vendor\guzzlehttp\guzzle\src\Handler\CurlMultiHandler.php(181): GuzzleHttp\Handler\CurlFactory::finish(Object(GuzzleHttp\Handler\CurlMultiHandler), Object(GuzzleHttp\Handler\EasyHandle), Object(GuzzleHttp\Handler\CurlFactory))
#3 E:\xampp73\htdocs\filecroco\loader\vendor\guzzlehttp\guzzle\src\Handler\CurlMultiHandler.php(110): GuzzleHttp\Handler\CurlMultiHandler->processMessages()
#4 E:\xampp73\htdocs\filecroco\loader\vendor\guzzlehttp\guzzle\src\Handler\CurlMultiHandler.php(125): GuzzleHttp\Handler\CurlMultiHandler->tick()
#5 E:\xampp73\htdocs\filecroco\loader\vendor\guzzlehttp\promises\src\Promise.php(246): GuzzleHttp\Handler\CurlMultiHandler->execute(true)
#6 E:\xampp73\htdocs\filecroco\loader\vendor\guzzlehttp\promises\src\Promise.php(223): GuzzleHttp\Promise\Promise->invokeWaitFn()
#7 E:\xampp73\htdocs\filecroco\loader\vendor\guzzlehttp\promises\src\Promise.php(267): GuzzleHttp\Promise\Promise->waitIfPending()
#8 E:\xampp73\htdocs\filecroco\loader\vendor\guzzlehttp\promises\src\Promise.php(225): GuzzleHttp\Promise\Promise->invokeWaitList()
#9 E:\xampp73\htdocs\filecroco\loader\vendor\guzzlehttp\promises\src\Promise.php(62): GuzzleHttp\Promise\Promise->waitIfPending()
#10 E:\xampp73\htdocs\filecroco\loader\vendor\guzzlehttp\promises\src\EachPromise.php(101): GuzzleHttp\Promise\Promise->wait()
#11 E:\xampp73\htdocs\filecroco\loader\vendor\guzzlehttp\promises\src\Promise.php(246): GuzzleHttp\Promise\EachPromise->GuzzleHttp\Promise\{closure}(true)
#12 E:\xampp73\htdocs\filecroco\loader\vendor\guzzlehttp\promises\src\Promise.php(223): GuzzleHttp\Promise\Promise->invokeWaitFn()
#13 E:\xampp73\htdocs\filecroco\loader\vendor\guzzlehttp\promises\src\Promise.php(62): GuzzleHttp\Promise\Promise->waitIfPending()
#14 E:\xampp73\htdocs\filecroco\loader\updatedownloadlink.php(95): GuzzleHttp\Promise\Promise->wait()
#15 {main}|1078GuzzleHttp\Exception\RequestException: cURL error 56:  (see http://curl.haxx.se/libcurl/c/libcurl-errors.html) in E:\xampp73\htdocs\filecroco\loader\vendor\guzzlehttp\guzzle\src\Handler\CurlFactory.php:186
Stack trace:
#0 E:\xampp73\htdocs\filecroco\loader\vendor\guzzlehttp\guzzle\src\Handler\CurlFactory.php(149): GuzzleHttp\Handler\CurlFactory::createRejection(Object(GuzzleHttp\Handler\EasyHandle), Array)
#1 E:\xampp73\htdocs\filecroco\loader\vendor\guzzlehttp\guzzle\src\Handler\CurlFactory.php(102): GuzzleHttp\Handler\CurlFactory::finishError(Object(GuzzleHttp\Handler\CurlMultiHandler), Object(GuzzleHttp\Handler\EasyHandle), Object(GuzzleHttp\Handler\CurlFactory))
#2 E:\xampp73\htdocs\filecroco\loader\vendor\guzzlehttp\guzzle\src\Handler\CurlMultiHandler.php(181): GuzzleHttp\Handler\CurlFactory::finish(Object(GuzzleHttp\Handler\CurlMultiHandler), Object(GuzzleHttp\Handler\EasyHandle), Object(GuzzleHttp\Handler\CurlFactory))
#3 E:\xampp73\htdocs\filecroco\loader\vendor\guzzlehttp\guzzle\src\Handler\CurlMultiHandler.php(110): GuzzleHttp\Handler\CurlMultiHandler->processMessages()
#4 E:\xampp73\htdocs\filecroco\loader\vendor\guzzlehttp\guzzle\src\Handler\CurlMultiHandler.php(125): GuzzleHttp\Handler\CurlMultiHandler->tick()
#5 E:\xampp73\htdocs\filecroco\loader\vendor\guzzlehttp\promises\src\Promise.php(246): GuzzleHttp\Handler\CurlMultiHandler->execute(true)
#6 E:\xampp73\htdocs\filecroco\loader\vendor\guzzlehttp\promises\src\Promise.php(223): GuzzleHttp\Promise\Promise->invokeWaitFn()
#7 E:\xampp73\htdocs\filecroco\loader\vendor\guzzlehttp\promises\src\Promise.php(267): GuzzleHttp\Promise\Promise->waitIfPending()
#8 E:\xampp73\htdocs\filecroco\loader\vendor\guzzlehttp\promises\src\Promise.php(225): GuzzleHttp\Promise\Promise->invokeWaitList()
#9 E:\xampp73\htdocs\filecroco\loader\vendor\guzzlehttp\promises\src\Promise.php(62): GuzzleHttp\Promise\Promise->waitIfPending()
#10 E:\xampp73\htdocs\filecroco\loader\vendor\guzzlehttp\promises\src\EachPromise.php(101): GuzzleHttp\Promise\Promise->wait()
#11 E:\xampp73\htdocs\filecroco\loader\vendor\guzzlehttp\promises\src\Promise.php(246): GuzzleHttp\Promise\EachPromise->GuzzleHttp\Promise\{closure}(true)
#12 E:\xampp73\htdocs\filecroco\loader\vendor\guzzlehttp\promises\src\Promise.php(223): GuzzleHttp\Promise\Promise->invokeWaitFn()
#13 E:\xampp73\htdocs\filecroco\loader\vendor\guzzlehttp\promises\src\Promise.php(62): GuzzleHttp\Promise\Promise->waitIfPending()
#14 E:\xampp73\htdocs\filecroco\loader\updatedownloadlink.php(95): GuzzleHttp\Promise\Promise->wait()
#15 {main}|1079GuzzleHttp\Exception\RequestException: cURL error 56:  (see http://curl.haxx.se/libcurl/c/libcurl-errors.html) in E:\xampp73\htdocs\filecroco\loader\vendor\guzzlehttp\guzzle\src\Handler\CurlFactory.php:186
Stack trace:
#0 E:\xampp73\htdocs\filecroco\loader\vendor\guzzlehttp\guzzle\src\Handler\CurlFactory.php(149): GuzzleHttp\Handler\CurlFactory::createRejection(Object(GuzzleHttp\Handler\EasyHandle), Array)
#1 E:\xampp73\htdocs\filecroco\loader\vendor\guzzlehttp\guzzle\src\Handler\CurlFactory.php(102): GuzzleHttp\Handler\CurlFactory::finishError(Object(GuzzleHttp\Handler\CurlMultiHandler), Object(GuzzleHttp\Handler\EasyHandle), Object(GuzzleHttp\Handler\CurlFactory))
#2 E:\xampp73\htdocs\filecroco\loader\vendor\guzzlehttp\guzzle\src\Handler\CurlMultiHandler.php(181): GuzzleHttp\Handler\CurlFactory::finish(Object(GuzzleHttp\Handler\CurlMultiHandler), Object(GuzzleHttp\Handler\EasyHandle), Object(GuzzleHttp\Handler\CurlFactory))
#3 E:\xampp73\htdocs\filecroco\loader\vendor\guzzlehttp\guzzle\src\Handler\CurlMultiHandler.php(110): GuzzleHttp\Handler\CurlMultiHandler->processMessages()
#4 E:\xampp73\htdocs\filecroco\loader\vendor\guzzlehttp\guzzle\src\Handler\CurlMultiHandler.php(125): GuzzleHttp\Handler\CurlMultiHandler->tick()
#5 E:\xampp73\htdocs\filecroco\loader\vendor\guzzlehttp\promises\src\Promise.php(246): GuzzleHttp\Handler\CurlMultiHandler->execute(true)
#6 E:\xampp73\htdocs\filecroco\loader\vendor\guzzlehttp\promises\src\Promise.php(223): GuzzleHttp\Promise\Promise->invokeWaitFn()
#7 E:\xampp73\htdocs\filecroco\loader\vendor\guzzlehttp\promises\src\Promise.php(267): GuzzleHttp\Promise\Promise->waitIfPending()
#8 E:\xampp73\htdocs\filecroco\loader\vendor\guzzlehttp\promises\src\Promise.php(225): GuzzleHttp\Promise\Promise->invokeWaitList()
#9 E:\xampp73\htdocs\filecroco\loader\vendor\guzzlehttp\promises\src\Promise.php(62): GuzzleHttp\Promise\Promise->waitIfPending()
#10 E:\xampp73\htdocs\filecroco\loader\vendor\guzzlehttp\promises\src\EachPromise.php(101): GuzzleHttp\Promise\Promise->wait()
#11 E:\xampp73\htdocs\filecroco\loader\vendor\guzzlehttp\promises\src\Promise.php(246): GuzzleHttp\Promise\EachPromise->GuzzleHttp\Promise\{closure}(true)
#12 E:\xampp73\htdocs\filecroco\loader\vendor\guzzlehttp\promises\src\Promise.php(223): GuzzleHttp\Promise\Promise->invokeWaitFn()
#13 E:\xampp73\htdocs\filecroco\loader\vendor\guzzlehttp\promises\src\Promise.php(62): GuzzleHttp\Promise\Promise->waitIfPending()
#14 E:\xampp73\htdocs\filecroco\loader\updatedownloadlink.php(95): GuzzleHttp\Promise\Promise->wait()
#15 {main}|1080GuzzleHttp\Exception\RequestException: cURL error 56:  (see http://curl.haxx.se/libcurl/c/libcurl-errors.html) in E:\xampp73\htdocs\filecroco\loader\vendor\guzzlehttp\guzzle\src\Handler\CurlFactory.php:186
Stack trace:
#0 E:\xampp73\htdocs\filecroco\loader\vendor\guzzlehttp\guzzle\src\Handler\CurlFactory.php(149): GuzzleHttp\Handler\CurlFactory::createRejection(Object(GuzzleHttp\Handler\EasyHandle), Array)
#1 E:\xampp73\htdocs\filecroco\loader\vendor\guzzlehttp\guzzle\src\Handler\CurlFactory.php(102): GuzzleHttp\Handler\CurlFactory::finishError(Object(GuzzleHttp\Handler\CurlMultiHandler), Object(GuzzleHttp\Handler\EasyHandle), Object(GuzzleHttp\Handler\CurlFactory))
#2 E:\xampp73\htdocs\filecroco\loader\vendor\guzzlehttp\guzzle\src\Handler\CurlMultiHandler.php(181): GuzzleHttp\Handler\CurlFactory::finish(Object(GuzzleHttp\Handler\CurlMultiHandler), Object(GuzzleHttp\Handler\EasyHandle), Object(GuzzleHttp\Handler\CurlFactory))
#3 E:\xampp73\htdocs\filecroco\loader\vendor\guzzlehttp\guzzle\src\Handler\CurlMultiHandler.php(110): GuzzleHttp\Handler\CurlMultiHandler->processMessages()
#4 E:\xampp73\htdocs\filecroco\loader\vendor\guzzlehttp\guzzle\src\Handler\CurlMultiHandler.php(125): GuzzleHttp\Handler\CurlMultiHandler->tick()
#5 E:\xampp73\htdocs\filecroco\loader\vendor\guzzlehttp\promises\src\Promise.php(246): GuzzleHttp\Handler\CurlMultiHandler->execute(true)
#6 E:\xampp73\htdocs\filecroco\loader\vendor\guzzlehttp\promises\src\Promise.php(223): GuzzleHttp\Promise\Promise->invokeWaitFn()
#7 E:\xampp73\htdocs\filecroco\loader\vendor\guzzlehttp\promises\src\Promise.php(267): GuzzleHttp\Promise\Promise->waitIfPending()
#8 E:\xampp73\htdocs\filecroco\loader\vendor\guzzlehttp\promises\src\Promise.php(225): GuzzleHttp\Promise\Promise->invokeWaitList()
#9 E:\xampp73\htdocs\filecroco\loader\vendor\guzzlehttp\promises\src\Promise.php(62): GuzzleHttp\Promise\Promise->waitIfPending()
#10 E:\xampp73\htdocs\filecroco\loader\vendor\guzzlehttp\promises\src\EachPromise.php(101): GuzzleHttp\Promise\Promise->wait()
#11 E:\xampp73\htdocs\filecroco\loader\vendor\guzzlehttp\promises\src\Promise.php(246): GuzzleHttp\Promise\EachPromise->GuzzleHttp\Promise\{closure}(true)
#12 E:\xampp73\htdocs\filecroco\loader\vendor\guzzlehttp\promises\src\Promise.php(223): GuzzleHttp\Promise\Promise->invokeWaitFn()
#13 E:\xampp73\htdocs\filecroco\loader\vendor\guzzlehttp\promises\src\Promise.php(62): GuzzleHttp\Promise\Promise->waitIfPending()
#14 E:\xampp73\htdocs\filecroco\loader\updatedownloadlink.php(95): GuzzleHttp\Promise\Promise->wait()
#15 {main}|1081GuzzleHttp\Exception\RequestException: cURL error 56:  (see http://curl.haxx.se/libcurl/c/libcurl-errors.html) in E:\xampp73\htdocs\filecroco\loader\vendor\guzzlehttp\guzzle\src\Handler\CurlFactory.php:186
Stack trace:
#0 E:\xampp73\htdocs\filecroco\loader\vendor\guzzlehttp\guzzle\src\Handler\CurlFactory.php(149): GuzzleHttp\Handler\CurlFactory::createRejection(Object(GuzzleHttp\Handler\EasyHandle), Array)
#1 E:\xampp73\htdocs\filecroco\loader\vendor\guzzlehttp\guzzle\src\Handler\CurlFactory.php(102): GuzzleHttp\Handler\CurlFactory::finishError(Object(GuzzleHttp\Handler\CurlMultiHandler), Object(GuzzleHttp\Handler\EasyHandle), Object(GuzzleHttp\Handler\CurlFactory))
#2 E:\xampp73\htdocs\filecroco\loader\vendor\guzzlehttp\guzzle\src\Handler\CurlMultiHandler.php(181): GuzzleHttp\Handler\CurlFactory::finish(Object(GuzzleHttp\Handler\CurlMultiHandler), Object(GuzzleHttp\Handler\EasyHandle), Object(GuzzleHttp\Handler\CurlFactory))
#3 E:\xampp73\htdocs\filecroco\loader\vendor\guzzlehttp\guzzle\src\Handler\CurlMultiHandler.php(110): GuzzleHttp\Handler\CurlMultiHandler->processMessages()
#4 E:\xampp73\htdocs\filecroco\loader\vendor\guzzlehttp\guzzle\src\Handler\CurlMultiHandler.php(125): GuzzleHttp\Handler\CurlMultiHandler->tick()
#5 E:\xampp73\htdocs\filecroco\loader\vendor\guzzlehttp\promises\src\Promise.php(246): GuzzleHttp\Handler\CurlMultiHandler->execute(true)
#6 E:\xampp73\htdocs\filecroco\loader\vendor\guzzlehttp\promises\src\Promise.php(223): GuzzleHttp\Promise\Promise->invokeWaitFn()
#7 E:\xampp73\htdocs\filecroco\loader\vendor\guzzlehttp\promises\src\Promise.php(267): GuzzleHttp\Promise\Promise->waitIfPending()
#8 E:\xampp73\htdocs\filecroco\loader\vendor\guzzlehttp\promises\src\Promise.php(225): GuzzleHttp\Promise\Promise->invokeWaitList()
#9 E:\xampp73\htdocs\filecroco\loader\vendor\guzzlehttp\promises\src\Promise.php(62): GuzzleHttp\Promise\Promise->waitIfPending()
#10 E:\xampp73\htdocs\filecroco\loader\vendor\guzzlehttp\promises\src\EachPromise.php(101): GuzzleHttp\Promise\Promise->wait()
#11 E:\xampp73\htdocs\filecroco\loader\vendor\guzzlehttp\promises\src\Promise.php(246): GuzzleHttp\Promise\EachPromise->GuzzleHttp\Promise\{closure}(true)
#12 E:\xampp73\htdocs\filecroco\loader\vendor\guzzlehttp\promises\src\Promise.php(223): GuzzleHttp\Promise\Promise->invokeWaitFn()
#13 E:\xampp73\htdocs\filecroco\loader\vendor\guzzlehttp\promises\src\Promise.php(62): GuzzleHttp\Promise\Promise->waitIfPending()
#14 E:\xampp73\htdocs\filecroco\loader\updatedownloadlink.php(95): GuzzleHttp\Promise\Promise->wait()
#15 {main}|1082GuzzleHttp\Exception\RequestException: cURL error 56:  (see http://curl.haxx.se/libcurl/c/libcurl-errors.html) in E:\xampp73\htdocs\filecroco\loader\vendor\guzzlehttp\guzzle\src\Handler\CurlFactory.php:186
Stack trace:
#0 E:\xampp73\htdocs\filecroco\loader\vendor\guzzlehttp\guzzle\src\Handler\CurlFactory.php(149): GuzzleHttp\Handler\CurlFactory::createRejection(Object(GuzzleHttp\Handler\EasyHandle), Array)
#1 E:\xampp73\htdocs\filecroco\loader\vendor\guzzlehttp\guzzle\src\Handler\CurlFactory.php(102): GuzzleHttp\Handler\CurlFactory::finishError(Object(GuzzleHttp\Handler\CurlMultiHandler), Object(GuzzleHttp\Handler\EasyHandle), Object(GuzzleHttp\Handler\CurlFactory))
#2 E:\xampp73\htdocs\filecroco\loader\vendor\guzzlehttp\guzzle\src\Handler\CurlMultiHandler.php(181): GuzzleHttp\Handler\CurlFactory::finish(Object(GuzzleHttp\Handler\CurlMultiHandler), Object(GuzzleHttp\Handler\EasyHandle), Object(GuzzleHttp\Handler\CurlFactory))
#3 E:\xampp73\htdocs\filecroco\loader\vendor\guzzlehttp\guzzle\src\Handler\CurlMultiHandler.php(110): GuzzleHttp\Handler\CurlMultiHandler->processMessages()
#4 E:\xampp73\htdocs\filecroco\loader\vendor\guzzlehttp\guzzle\src\Handler\CurlMultiHandler.php(125): GuzzleHttp\Handler\CurlMultiHandler->tick()
#5 E:\xampp73\htdocs\filecroco\loader\vendor\guzzlehttp\promises\src\Promise.php(246): GuzzleHttp\Handler\CurlMultiHandler->execute(true)
#6 E:\xampp73\htdocs\filecroco\loader\vendor\guzzlehttp\promises\src\Promise.php(223): GuzzleHttp\Promise\Promise->invokeWaitFn()
#7 E:\xampp73\htdocs\filecroco\loader\vendor\guzzlehttp\promises\src\Promise.php(267): GuzzleHttp\Promise\Promise->waitIfPending()
#8 E:\xampp73\htdocs\filecroco\loader\vendor\guzzlehttp\promises\src\Promise.php(225): GuzzleHttp\Promise\Promise->invokeWaitList()
#9 E:\xampp73\htdocs\filecroco\loader\vendor\guzzlehttp\promises\src\Promise.php(62): GuzzleHttp\Promise\Promise->waitIfPending()
#10 E:\xampp73\htdocs\filecroco\loader\vendor\guzzlehttp\promises\src\EachPromise.php(101): GuzzleHttp\Promise\Promise->wait()
#11 E:\xampp73\htdocs\filecroco\loader\vendor\guzzlehttp\promises\src\Promise.php(246): GuzzleHttp\Promise\EachPromise->GuzzleHttp\Promise\{closure}(true)
#12 E:\xampp73\htdocs\filecroco\loader\vendor\guzzlehttp\promises\src\Promise.php(223): GuzzleHttp\Promise\Promise->invokeWaitFn()
#13 E:\xampp73\htdocs\filecroco\loader\vendor\guzzlehttp\promises\src\Promise.php(62): GuzzleHttp\Promise\Promise->waitIfPending()
#14 E:\xampp73\htdocs\filecroco\loader\updatedownloadlink.php(95): GuzzleHttp\Promise\Promise->wait()
#15 {main}|1083GuzzleHttp\Exception\RequestException: cURL error 56:  (see http://curl.haxx.se/libcurl/c/libcurl-errors.html) in E:\xampp73\htdocs\filecroco\loader\vendor\guzzlehttp\guzzle\src\Handler\CurlFactory.php:186
Stack trace:
#0 E:\xampp73\htdocs\filecroco\loader\vendor\guzzlehttp\guzzle\src\Handler\CurlFactory.php(149): GuzzleHttp\Handler\CurlFactory::createRejection(Object(GuzzleHttp\Handler\EasyHandle), Array)
#1 E:\xampp73\htdocs\filecroco\loader\vendor\guzzlehttp\guzzle\src\Handler\CurlFactory.php(102): GuzzleHttp\Handler\CurlFactory::finishError(Object(GuzzleHttp\Handler\CurlMultiHandler), Object(GuzzleHttp\Handler\EasyHandle), Object(GuzzleHttp\Handler\CurlFactory))
#2 E:\xampp73\htdocs\filecroco\loader\vendor\guzzlehttp\guzzle\src\Handler\CurlMultiHandler.php(181): GuzzleHttp\Handler\CurlFactory::finish(Object(GuzzleHttp\Handler\CurlMultiHandler), Object(GuzzleHttp\Handler\EasyHandle), Object(GuzzleHttp\Handler\CurlFactory))
#3 E:\xampp73\htdocs\filecroco\loader\vendor\guzzlehttp\guzzle\src\Handler\CurlMultiHandler.php(110): GuzzleHttp\Handler\CurlMultiHandler->processMessages()
#4 E:\xampp73\htdocs\filecroco\loader\vendor\guzzlehttp\guzzle\src\Handler\CurlMultiHandler.php(125): GuzzleHttp\Handler\CurlMultiHandler->tick()
#5 E:\xampp73\htdocs\filecroco\loader\vendor\guzzlehttp\promises\src\Promise.php(246): GuzzleHttp\Handler\CurlMultiHandler->execute(true)
#6 E:\xampp73\htdocs\filecroco\loader\vendor\guzzlehttp\promises\src\Promise.php(223): GuzzleHttp\Promise\Promise->invokeWaitFn()
#7 E:\xampp73\htdocs\filecroco\loader\vendor\guzzlehttp\promises\src\Promise.php(267): GuzzleHttp\Promise\Promise->waitIfPending()
#8 E:\xampp73\htdocs\filecroco\loader\vendor\guzzlehttp\promises\src\Promise.php(225): GuzzleHttp\Promise\Promise->invokeWaitList()
#9 E:\xampp73\htdocs\filecroco\loader\vendor\guzzlehttp\promises\src\Promise.php(62): GuzzleHttp\Promise\Promise->waitIfPending()
#10 E:\xampp73\htdocs\filecroco\loader\vendor\guzzlehttp\promises\src\EachPromise.php(101): GuzzleHttp\Promise\Promise->wait()
#11 E:\xampp73\htdocs\filecroco\loader\vendor\guzzlehttp\promises\src\Promise.php(246): GuzzleHttp\Promise\EachPromise->GuzzleHttp\Promise\{closure}(true)
#12 E:\xampp73\htdocs\filecroco\loader\vendor\guzzlehttp\promises\src\Promise.php(223): GuzzleHttp\Promise\Promise->invokeWaitFn()
#13 E:\xampp73\htdocs\filecroco\loader\vendor\guzzlehttp\promises\src\Promise.php(62): GuzzleHttp\Promise\Promise->waitIfPending()
#14 E:\xampp73\htdocs\filecroco\loader\updatedownloadlink.php(95): GuzzleHttp\Promise\Promise->wait()
#15 {main}|1084GuzzleHttp\Exception\RequestException: cURL error 56:  (see http://curl.haxx.se/libcurl/c/libcurl-errors.html) in E:\xampp73\htdocs\filecroco\loader\vendor\guzzlehttp\guzzle\src\Handler\CurlFactory.php:186
Stack trace:
#0 E:\xampp73\htdocs\filecroco\loader\vendor\guzzlehttp\guzzle\src\Handler\CurlFactory.php(149): GuzzleHttp\Handler\CurlFactory::createRejection(Object(GuzzleHttp\Handler\EasyHandle), Array)
#1 E:\xampp73\htdocs\filecroco\loader\vendor\guzzlehttp\guzzle\src\Handler\CurlFactory.php(102): GuzzleHttp\Handler\CurlFactory::finishError(Object(GuzzleHttp\Handler\CurlMultiHandler), Object(GuzzleHttp\Handler\EasyHandle), Object(GuzzleHttp\Handler\CurlFactory))
#2 E:\xampp73\htdocs\filecroco\loader\vendor\guzzlehttp\guzzle\src\Handler\CurlMultiHandler.php(181): GuzzleHttp\Handler\CurlFactory::finish(Object(GuzzleHttp\Handler\CurlMultiHandler), Object(GuzzleHttp\Handler\EasyHandle), Object(GuzzleHttp\Handler\CurlFactory))
#3 E:\xampp73\htdocs\filecroco\loader\vendor\guzzlehttp\guzzle\src\Handler\CurlMultiHandler.php(110): GuzzleHttp\Handler\CurlMultiHandler->processMessages()
#4 E:\xampp73\htdocs\filecroco\loader\vendor\guzzlehttp\guzzle\src\Handler\CurlMultiHandler.php(125): GuzzleHttp\Handler\CurlMultiHandler->tick()
#5 E:\xampp73\htdocs\filecroco\loader\vendor\guzzlehttp\promises\src\Promise.php(246): GuzzleHttp\Handler\CurlMultiHandler->execute(true)
#6 E:\xampp73\htdocs\filecroco\loader\vendor\guzzlehttp\promises\src\Promise.php(223): GuzzleHttp\Promise\Promise->invokeWaitFn()
#7 E:\xampp73\htdocs\filecroco\loader\vendor\guzzlehttp\promises\src\Promise.php(267): GuzzleHttp\Promise\Promise->waitIfPending()
#8 E:\xampp73\htdocs\filecroco\loader\vendor\guzzlehttp\promises\src\Promise.php(225): GuzzleHttp\Promise\Promise->invokeWaitList()
#9 E:\xampp73\htdocs\filecroco\loader\vendor\guzzlehttp\promises\src\Promise.php(62): GuzzleHttp\Promise\Promise->waitIfPending()
#10 E:\xampp73\htdocs\filecroco\loader\vendor\guzzlehttp\promises\src\EachPromise.php(101): GuzzleHttp\Promise\Promise->wait()
#11 E:\xampp73\htdocs\filecroco\loader\vendor\guzzlehttp\promises\src\Promise.php(246): GuzzleHttp\Promise\EachPromise->GuzzleHttp\Promise\{closure}(true)
#12 E:\xampp73\htdocs\filecroco\loader\vendor\guzzlehttp\promises\src\Promise.php(223): GuzzleHttp\Promise\Promise->invokeWaitFn()
#13 E:\xampp73\htdocs\filecroco\loader\vendor\guzzlehttp\promises\src\Promise.php(62): GuzzleHttp\Promise\Promise->waitIfPending()
#14 E:\xampp73\htdocs\filecroco\loader\updatedownloadlink.php(95): GuzzleHttp\Promise\Promise->wait()
#15 {main}|1085GuzzleHttp\Exception\RequestException: cURL error 56:  (see http://curl.haxx.se/libcurl/c/libcurl-errors.html) in E:\xampp73\htdocs\filecroco\loader\vendor\guzzlehttp\guzzle\src\Handler\CurlFactory.php:186
Stack trace:
#0 E:\xampp73\htdocs\filecroco\loader\vendor\guzzlehttp\guzzle\src\Handler\CurlFactory.php(149): GuzzleHttp\Handler\CurlFactory::createRejection(Object(GuzzleHttp\Handler\EasyHandle), Array)
#1 E:\xampp73\htdocs\filecroco\loader\vendor\guzzlehttp\guzzle\src\Handler\CurlFactory.php(102): GuzzleHttp\Handler\CurlFactory::finishError(Object(GuzzleHttp\Handler\CurlMultiHandler), Object(GuzzleHttp\Handler\EasyHandle), Object(GuzzleHttp\Handler\CurlFactory))
#2 E:\xampp73\htdocs\filecroco\loader\vendor\guzzlehttp\guzzle\src\Handler\CurlMultiHandler.php(181): GuzzleHttp\Handler\CurlFactory::finish(Object(GuzzleHttp\Handler\CurlMultiHandler), Object(GuzzleHttp\Handler\EasyHandle), Object(GuzzleHttp\Handler\CurlFactory))
#3 E:\xampp73\htdocs\filecroco\loader\vendor\guzzlehttp\guzzle\src\Handler\CurlMultiHandler.php(110): GuzzleHttp\Handler\CurlMultiHandler->processMessages()
#4 E:\xampp73\htdocs\filecroco\loader\vendor\guzzlehttp\guzzle\src\Handler\CurlMultiHandler.php(125): GuzzleHttp\Handler\CurlMultiHandler->tick()
#5 E:\xampp73\htdocs\filecroco\loader\vendor\guzzlehttp\promises\src\Promise.php(246): GuzzleHttp\Handler\CurlMultiHandler->execute(true)
#6 E:\xampp73\htdocs\filecroco\loader\vendor\guzzlehttp\promises\src\Promise.php(223): GuzzleHttp\Promise\Promise->invokeWaitFn()
#7 E:\xampp73\htdocs\filecroco\loader\vendor\guzzlehttp\promises\src\Promise.php(267): GuzzleHttp\Promise\Promise->waitIfPending()
#8 E:\xampp73\htdocs\filecroco\loader\vendor\guzzlehttp\promises\src\Promise.php(225): GuzzleHttp\Promise\Promise->invokeWaitList()
#9 E:\xampp73\htdocs\filecroco\loader\vendor\guzzlehttp\promises\src\Promise.php(62): GuzzleHttp\Promise\Promise->waitIfPending()
#10 E:\xampp73\htdocs\filecroco\loader\vendor\guzzlehttp\promises\src\EachPromise.php(101): GuzzleHttp\Promise\Promise->wait()
#11 E:\xampp73\htdocs\filecroco\loader\vendor\guzzlehttp\promises\src\Promise.php(246): GuzzleHttp\Promise\EachPromise->GuzzleHttp\Promise\{closure}(true)
#12 E:\xampp73\htdocs\filecroco\loader\vendor\guzzlehttp\promises\src\Promise.php(223): GuzzleHttp\Promise\Promise->invokeWaitFn()
#13 E:\xampp73\htdocs\filecroco\loader\vendor\guzzlehttp\promises\src\Promise.php(62): GuzzleHttp\Promise\Promise->waitIfPending()
#14 E:\xampp73\htdocs\filecroco\loader\updatedownloadlink.php(95): GuzzleHttp\Promise\Promise->wait()
#15 {main}|1086GuzzleHttp\Exception\RequestException: cURL error 56:  (see http://curl.haxx.se/libcurl/c/libcurl-errors.html) in E:\xampp73\htdocs\filecroco\loader\vendor\guzzlehttp\guzzle\src\Handler\CurlFactory.php:186
Stack trace:
#0 E:\xampp73\htdocs\filecroco\loader\vendor\guzzlehttp\guzzle\src\Handler\CurlFactory.php(149): GuzzleHttp\Handler\CurlFactory::createRejection(Object(GuzzleHttp\Handler\EasyHandle), Array)
#1 E:\xampp73\htdocs\filecroco\loader\vendor\guzzlehttp\guzzle\src\Handler\CurlFactory.php(102): GuzzleHttp\Handler\CurlFactory::finishError(Object(GuzzleHttp\Handler\CurlMultiHandler), Object(GuzzleHttp\Handler\EasyHandle), Object(GuzzleHttp\Handler\CurlFactory))
#2 E:\xampp73\htdocs\filecroco\loader\vendor\guzzlehttp\guzzle\src\Handler\CurlMultiHandler.php(181): GuzzleHttp\Handler\CurlFactory::finish(Object(GuzzleHttp\Handler\CurlMultiHandler), Object(GuzzleHttp\Handler\EasyHandle), Object(GuzzleHttp\Handler\CurlFactory))
#3 E:\xampp73\htdocs\filecroco\loader\vendor\guzzlehttp\guzzle\src\Handler\CurlMultiHandler.php(110): GuzzleHttp\Handler\CurlMultiHandler->processMessages()
#4 E:\xampp73\htdocs\filecroco\loader\vendor\guzzlehttp\guzzle\src\Handler\CurlMultiHandler.php(125): GuzzleHttp\Handler\CurlMultiHandler->tick()
#5 E:\xampp73\htdocs\filecroco\loader\vendor\guzzlehttp\promises\src\Promise.php(246): GuzzleHttp\Handler\CurlMultiHandler->execute(true)
#6 E:\xampp73\htdocs\filecroco\loader\vendor\guzzlehttp\promises\src\Promise.php(223): GuzzleHttp\Promise\Promise->invokeWaitFn()
#7 E:\xampp73\htdocs\filecroco\loader\vendor\guzzlehttp\promises\src\Promise.php(267): GuzzleHttp\Promise\Promise->waitIfPending()
#8 E:\xampp73\htdocs\filecroco\loader\vendor\guzzlehttp\promises\src\Promise.php(225): GuzzleHttp\Promise\Promise->invokeWaitList()
#9 E:\xampp73\htdocs\filecroco\loader\vendor\guzzlehttp\promises\src\Promise.php(62): GuzzleHttp\Promise\Promise->waitIfPending()
#10 E:\xampp73\htdocs\filecroco\loader\vendor\guzzlehttp\promises\src\EachPromise.php(101): GuzzleHttp\Promise\Promise->wait()
#11 E:\xampp73\htdocs\filecroco\loader\vendor\guzzlehttp\promises\src\Promise.php(246): GuzzleHttp\Promise\EachPromise->GuzzleHttp\Promise\{closure}(true)
#12 E:\xampp73\htdocs\filecroco\loader\vendor\guzzlehttp\promises\src\Promise.php(223): GuzzleHttp\Promise\Promise->invokeWaitFn()
#13 E:\xampp73\htdocs\filecroco\loader\vendor\guzzlehttp\promises\src\Promise.php(62): GuzzleHttp\Promise\Promise->waitIfPending()
#14 E:\xampp73\htdocs\filecroco\loader\updatedownloadlink.php(95): GuzzleHttp\Promise\Promise->wait()
#15 {main}|1087GuzzleHttp\Exception\RequestException: cURL error 56:  (see http://curl.haxx.se/libcurl/c/libcurl-errors.html) in E:\xampp73\htdocs\filecroco\loader\vendor\guzzlehttp\guzzle\src\Handler\CurlFactory.php:186
Stack trace:
#0 E:\xampp73\htdocs\filecroco\loader\vendor\guzzlehttp\guzzle\src\Handler\CurlFactory.php(149): GuzzleHttp\Handler\CurlFactory::createRejection(Object(GuzzleHttp\Handler\EasyHandle), Array)
#1 E:\xampp73\htdocs\filecroco\loader\vendor\guzzlehttp\guzzle\src\Handler\CurlFactory.php(102): GuzzleHttp\Handler\CurlFactory::finishError(Object(GuzzleHttp\Handler\CurlMultiHandler), Object(GuzzleHttp\Handler\EasyHandle), Object(GuzzleHttp\Handler\CurlFactory))
#2 E:\xampp73\htdocs\filecroco\loader\vendor\guzzlehttp\guzzle\src\Handler\CurlMultiHandler.php(181): GuzzleHttp\Handler\CurlFactory::finish(Object(GuzzleHttp\Handler\CurlMultiHandler), Object(GuzzleHttp\Handler\EasyHandle), Object(GuzzleHttp\Handler\CurlFactory))
#3 E:\xampp73\htdocs\filecroco\loader\vendor\guzzlehttp\guzzle\src\Handler\CurlMultiHandler.php(110): GuzzleHttp\Handler\CurlMultiHandler->processMessages()
#4 E:\xampp73\htdocs\filecroco\loader\vendor\guzzlehttp\guzzle\src\Handler\CurlMultiHandler.php(125): GuzzleHttp\Handler\CurlMultiHandler->tick()
#5 E:\xampp73\htdocs\filecroco\loader\vendor\guzzlehttp\promises\src\Promise.php(246): GuzzleHttp\Handler\CurlMultiHandler->execute(true)
#6 E:\xampp73\htdocs\filecroco\loader\vendor\guzzlehttp\promises\src\Promise.php(223): GuzzleHttp\Promise\Promise->invokeWaitFn()
#7 E:\xampp73\htdocs\filecroco\loader\vendor\guzzlehttp\promises\src\Promise.php(267): GuzzleHttp\Promise\Promise->waitIfPending()
#8 E:\xampp73\htdocs\filecroco\loader\vendor\guzzlehttp\promises\src\Promise.php(225): GuzzleHttp\Promise\Promise->invokeWaitList()
#9 E:\xampp73\htdocs\filecroco\loader\vendor\guzzlehttp\promises\src\Promise.php(62): GuzzleHttp\Promise\Promise->waitIfPending()
#10 E:\xampp73\htdocs\filecroco\loader\vendor\guzzlehttp\promises\src\EachPromise.php(101): GuzzleHttp\Promise\Promise->wait()
#11 E:\xampp73\htdocs\filecroco\loader\vendor\guzzlehttp\promises\src\Promise.php(246): GuzzleHttp\Promise\EachPromise->GuzzleHttp\Promise\{closure}(true)
#12 E:\xampp73\htdocs\filecroco\loader\vendor\guzzlehttp\promises\src\Promise.php(223): GuzzleHttp\Promise\Promise->invokeWaitFn()
#13 E:\xampp73\htdocs\filecroco\loader\vendor\guzzlehttp\promises\src\Promise.php(62): GuzzleHttp\Promise\Promise->waitIfPending()
#14 E:\xampp73\htdocs\filecroco\loader\updatedownloadlink.php(95): GuzzleHttp\Promise\Promise->wait()
#15 {main}|1088GuzzleHttp\Exception\RequestException: cURL error 56:  (see http://curl.haxx.se/libcurl/c/libcurl-errors.html) in E:\xampp73\htdocs\filecroco\loader\vendor\guzzlehttp\guzzle\src\Handler\CurlFactory.php:186
Stack trace:
#0 E:\xampp73\htdocs\filecroco\loader\vendor\guzzlehttp\guzzle\src\Handler\CurlFactory.php(149): GuzzleHttp\Handler\CurlFactory::createRejection(Object(GuzzleHttp\Handler\EasyHandle), Array)
#1 E:\xampp73\htdocs\filecroco\loader\vendor\guzzlehttp\guzzle\src\Handler\CurlFactory.php(102): GuzzleHttp\Handler\CurlFactory::finishError(Object(GuzzleHttp\Handler\CurlMultiHandler), Object(GuzzleHttp\Handler\EasyHandle), Object(GuzzleHttp\Handler\CurlFactory))
#2 E:\xampp73\htdocs\filecroco\loader\vendor\guzzlehttp\guzzle\src\Handler\CurlMultiHandler.php(181): GuzzleHttp\Handler\CurlFactory::finish(Object(GuzzleHttp\Handler\CurlMultiHandler), Object(GuzzleHttp\Handler\EasyHandle), Object(GuzzleHttp\Handler\CurlFactory))
#3 E:\xampp73\htdocs\filecroco\loader\vendor\guzzlehttp\guzzle\src\Handler\CurlMultiHandler.php(110): GuzzleHttp\Handler\CurlMultiHandler->processMessages()
#4 E:\xampp73\htdocs\filecroco\loader\vendor\guzzlehttp\guzzle\src\Handler\CurlMultiHandler.php(125): GuzzleHttp\Handler\CurlMultiHandler->tick()
#5 E:\xampp73\htdocs\filecroco\loader\vendor\guzzlehttp\promises\src\Promise.php(246): GuzzleHttp\Handler\CurlMultiHandler->execute(true)
#6 E:\xampp73\htdocs\filecroco\loader\vendor\guzzlehttp\promises\src\Promise.php(223): GuzzleHttp\Promise\Promise->invokeWaitFn()
#7 E:\xampp73\htdocs\filecroco\loader\vendor\guzzlehttp\promises\src\Promise.php(267): GuzzleHttp\Promise\Promise->waitIfPending()
#8 E:\xampp73\htdocs\filecroco\loader\vendor\guzzlehttp\promises\src\Promise.php(225): GuzzleHttp\Promise\Promise->invokeWaitList()
#9 E:\xampp73\htdocs\filecroco\loader\vendor\guzzlehttp\promises\src\Promise.php(62): GuzzleHttp\Promise\Promise->waitIfPending()
#10 E:\xampp73\htdocs\filecroco\loader\vendor\guzzlehttp\promises\src\EachPromise.php(101): GuzzleHttp\Promise\Promise->wait()
#11 E:\xampp73\htdocs\filecroco\loader\vendor\guzzlehttp\promises\src\Promise.php(246): GuzzleHttp\Promise\EachPromise->GuzzleHttp\Promise\{closure}(true)
#12 E:\xampp73\htdocs\filecroco\loader\vendor\guzzlehttp\promises\src\Promise.php(223): GuzzleHttp\Promise\Promise->invokeWaitFn()
#13 E:\xampp73\htdocs\filecroco\loader\vendor\guzzlehttp\promises\src\Promise.php(62): GuzzleHttp\Promise\Promise->waitIfPending()
#14 E:\xampp73\htdocs\filecroco\loader\updatedownloadlink.php(95): GuzzleHttp\Promise\Promise->wait()
#15 {main}|1089GuzzleHttp\Exception\RequestException: cURL error 56:  (see http://curl.haxx.se/libcurl/c/libcurl-errors.html) in E:\xampp73\htdocs\filecroco\loader\vendor\guzzlehttp\guzzle\src\Handler\CurlFactory.php:186
Stack trace:
#0 E:\xampp73\htdocs\filecroco\loader\vendor\guzzlehttp\guzzle\src\Handler\CurlFactory.php(149): GuzzleHttp\Handler\CurlFactory::createRejection(Object(GuzzleHttp\Handler\EasyHandle), Array)
#1 E:\xampp73\htdocs\filecroco\loader\vendor\guzzlehttp\guzzle\src\Handler\CurlFactory.php(102): GuzzleHttp\Handler\CurlFactory::finishError(Object(GuzzleHttp\Handler\CurlMultiHandler), Object(GuzzleHttp\Handler\EasyHandle), Object(GuzzleHttp\Handler\CurlFactory))
#2 E:\xampp73\htdocs\filecroco\loader\vendor\guzzlehttp\guzzle\src\Handler\CurlMultiHandler.php(181): GuzzleHttp\Handler\CurlFactory::finish(Object(GuzzleHttp\Handler\CurlMultiHandler), Object(GuzzleHttp\Handler\EasyHandle), Object(GuzzleHttp\Handler\CurlFactory))
#3 E:\xampp73\htdocs\filecroco\loader\vendor\guzzlehttp\guzzle\src\Handler\CurlMultiHandler.php(110): GuzzleHttp\Handler\CurlMultiHandler->processMessages()
#4 E:\xampp73\htdocs\filecroco\loader\vendor\guzzlehttp\guzzle\src\Handler\CurlMultiHandler.php(125): GuzzleHttp\Handler\CurlMultiHandler->tick()
#5 E:\xampp73\htdocs\filecroco\loader\vendor\guzzlehttp\promises\src\Promise.php(246): GuzzleHttp\Handler\CurlMultiHandler->execute(true)
#6 E:\xampp73\htdocs\filecroco\loader\vendor\guzzlehttp\promises\src\Promise.php(223): GuzzleHttp\Promise\Promise->invokeWaitFn()
#7 E:\xampp73\htdocs\filecroco\loader\vendor\guzzlehttp\promises\src\Promise.php(267): GuzzleHttp\Promise\Promise->waitIfPending()
#8 E:\xampp73\htdocs\filecroco\loader\vendor\guzzlehttp\promises\src\Promise.php(225): GuzzleHttp\Promise\Promise->invokeWaitList()
#9 E:\xampp73\htdocs\filecroco\loader\vendor\guzzlehttp\promises\src\Promise.php(62): GuzzleHttp\Promise\Promise->waitIfPending()
#10 E:\xampp73\htdocs\filecroco\loader\vendor\guzzlehttp\promises\src\EachPromise.php(101): GuzzleHttp\Promise\Promise->wait()
#11 E:\xampp73\htdocs\filecroco\loader\vendor\guzzlehttp\promises\src\Promise.php(246): GuzzleHttp\Promise\EachPromise->GuzzleHttp\Promise\{closure}(true)
#12 E:\xampp73\htdocs\filecroco\loader\vendor\guzzlehttp\promises\src\Promise.php(223): GuzzleHttp\Promise\Promise->invokeWaitFn()
#13 E:\xampp73\htdocs\filecroco\loader\vendor\guzzlehttp\promises\src\Promise.php(62): GuzzleHttp\Promise\Promise->waitIfPending()
#14 E:\xampp73\htdocs\filecroco\loader\updatedownloadlink.php(95): GuzzleHttp\Promise\Promise->wait()
#15 {main}|1090GuzzleHttp\Exception\RequestException: cURL error 56:  (see http://curl.haxx.se/libcurl/c/libcurl-errors.html) in E:\xampp73\htdocs\filecroco\loader\vendor\guzzlehttp\guzzle\src\Handler\CurlFactory.php:186
Stack trace:
#0 E:\xampp73\htdocs\filecroco\loader\vendor\guzzlehttp\guzzle\src\Handler\CurlFactory.php(149): GuzzleHttp\Handler\CurlFactory::createRejection(Object(GuzzleHttp\Handler\EasyHandle), Array)
#1 E:\xampp73\htdocs\filecroco\loader\vendor\guzzlehttp\guzzle\src\Handler\CurlFactory.php(102): GuzzleHttp\Handler\CurlFactory::finishError(Object(GuzzleHttp\Handler\CurlMultiHandler), Object(GuzzleHttp\Handler\EasyHandle), Object(GuzzleHttp\Handler\CurlFactory))
#2 E:\xampp73\htdocs\filecroco\loader\vendor\guzzlehttp\guzzle\src\Handler\CurlMultiHandler.php(181): GuzzleHttp\Handler\CurlFactory::finish(Object(GuzzleHttp\Handler\CurlMultiHandler), Object(GuzzleHttp\Handler\EasyHandle), Object(GuzzleHttp\Handler\CurlFactory))
#3 E:\xampp73\htdocs\filecroco\loader\vendor\guzzlehttp\guzzle\src\Handler\CurlMultiHandler.php(110): GuzzleHttp\Handler\CurlMultiHandler->processMessages()
#4 E:\xampp73\htdocs\filecroco\loader\vendor\guzzlehttp\guzzle\src\Handler\CurlMultiHandler.php(125): GuzzleHttp\Handler\CurlMultiHandler->tick()
#5 E:\xampp73\htdocs\filecroco\loader\vendor\guzzlehttp\promises\src\Promise.php(246): GuzzleHttp\Handler\CurlMultiHandler->execute(true)
#6 E:\xampp73\htdocs\filecroco\loader\vendor\guzzlehttp\promises\src\Promise.php(223): GuzzleHttp\Promise\Promise->invokeWaitFn()
#7 E:\xampp73\htdocs\filecroco\loader\vendor\guzzlehttp\promises\src\Promise.php(267): GuzzleHttp\Promise\Promise->waitIfPending()
#8 E:\xampp73\htdocs\filecroco\loader\vendor\guzzlehttp\promises\src\Promise.php(225): GuzzleHttp\Promise\Promise->invokeWaitList()
#9 E:\xampp73\htdocs\filecroco\loader\vendor\guzzlehttp\promises\src\Promise.php(62): GuzzleHttp\Promise\Promise->waitIfPending()
#10 E:\xampp73\htdocs\filecroco\loader\vendor\guzzlehttp\promises\src\EachPromise.php(101): GuzzleHttp\Promise\Promise->wait()
#11 E:\xampp73\htdocs\filecroco\loader\vendor\guzzlehttp\promises\src\Promise.php(246): GuzzleHttp\Promise\EachPromise->GuzzleHttp\Promise\{closure}(true)
#12 E:\xampp73\htdocs\filecroco\loader\vendor\guzzlehttp\promises\src\Promise.php(223): GuzzleHttp\Promise\Promise->invokeWaitFn()
#13 E:\xampp73\htdocs\filecroco\loader\vendor\guzzlehttp\promises\src\Promise.php(62): GuzzleHttp\Promise\Promise->waitIfPending()
#14 E:\xampp73\htdocs\filecroco\loader\updatedownloadlink.php(95): GuzzleHttp\Promise\Promise->wait()
#15 {main}|1091GuzzleHttp\Exception\RequestException: cURL error 56:  (see http://curl.haxx.se/libcurl/c/libcurl-errors.html) in E:\xampp73\htdocs\filecroco\loader\vendor\guzzlehttp\guzzle\src\Handler\CurlFactory.php:186
Stack trace:
#0 E:\xampp73\htdocs\filecroco\loader\vendor\guzzlehttp\guzzle\src\Handler\CurlFactory.php(149): GuzzleHttp\Handler\CurlFactory::createRejection(Object(GuzzleHttp\Handler\EasyHandle), Array)
#1 E:\xampp73\htdocs\filecroco\loader\vendor\guzzlehttp\guzzle\src\Handler\CurlFactory.php(102): GuzzleHttp\Handler\CurlFactory::finishError(Object(GuzzleHttp\Handler\CurlMultiHandler), Object(GuzzleHttp\Handler\EasyHandle), Object(GuzzleHttp\Handler\CurlFactory))
#2 E:\xampp73\htdocs\filecroco\loader\vendor\guzzlehttp\guzzle\src\Handler\CurlMultiHandler.php(181): GuzzleHttp\Handler\CurlFactory::finish(Object(GuzzleHttp\Handler\CurlMultiHandler), Object(GuzzleHttp\Handler\EasyHandle), Object(GuzzleHttp\Handler\CurlFactory))
#3 E:\xampp73\htdocs\filecroco\loader\vendor\guzzlehttp\guzzle\src\Handler\CurlMultiHandler.php(110): GuzzleHttp\Handler\CurlMultiHandler->processMessages()
#4 E:\xampp73\htdocs\filecroco\loader\vendor\guzzlehttp\guzzle\src\Handler\CurlMultiHandler.php(125): GuzzleHttp\Handler\CurlMultiHandler->tick()
#5 E:\xampp73\htdocs\filecroco\loader\vendor\guzzlehttp\promises\src\Promise.php(246): GuzzleHttp\Handler\CurlMultiHandler->execute(true)
#6 E:\xampp73\htdocs\filecroco\loader\vendor\guzzlehttp\promises\src\Promise.php(223): GuzzleHttp\Promise\Promise->invokeWaitFn()
#7 E:\xampp73\htdocs\filecroco\loader\vendor\guzzlehttp\promises\src\Promise.php(267): GuzzleHttp\Promise\Promise->waitIfPending()
#8 E:\xampp73\htdocs\filecroco\loader\vendor\guzzlehttp\promises\src\Promise.php(225): GuzzleHttp\Promise\Promise->invokeWaitList()
#9 E:\xampp73\htdocs\filecroco\loader\vendor\guzzlehttp\promises\src\Promise.php(62): GuzzleHttp\Promise\Promise->waitIfPending()
#10 E:\xampp73\htdocs\filecroco\loader\vendor\guzzlehttp\promises\src\EachPromise.php(101): GuzzleHttp\Promise\Promise->wait()
#11 E:\xampp73\htdocs\filecroco\loader\vendor\guzzlehttp\promises\src\Promise.php(246): GuzzleHttp\Promise\EachPromise->GuzzleHttp\Promise\{closure}(true)
#12 E:\xampp73\htdocs\filecroco\loader\vendor\guzzlehttp\promises\src\Promise.php(223): GuzzleHttp\Promise\Promise->invokeWaitFn()
#13 E:\xampp73\htdocs\filecroco\loader\vendor\guzzlehttp\promises\src\Promise.php(62): GuzzleHttp\Promise\Promise->waitIfPending()
#14 E:\xampp73\htdocs\filecroco\loader\updatedownloadlink.php(95): GuzzleHttp\Promise\Promise->wait()
#15 {main}|1092GuzzleHttp\Exception\RequestException: cURL error 56:  (see http://curl.haxx.se/libcurl/c/libcurl-errors.html) in E:\xampp73\htdocs\filecroco\loader\vendor\guzzlehttp\guzzle\src\Handler\CurlFactory.php:186
Stack trace:
#0 E:\xampp73\htdocs\filecroco\loader\vendor\guzzlehttp\guzzle\src\Handler\CurlFactory.php(149): GuzzleHttp\Handler\CurlFactory::createRejection(Object(GuzzleHttp\Handler\EasyHandle), Array)
#1 E:\xampp73\htdocs\filecroco\loader\vendor\guzzlehttp\guzzle\src\Handler\CurlFactory.php(102): GuzzleHttp\Handler\CurlFactory::finishError(Object(GuzzleHttp\Handler\CurlMultiHandler), Object(GuzzleHttp\Handler\EasyHandle), Object(GuzzleHttp\Handler\CurlFactory))
#2 E:\xampp73\htdocs\filecroco\loader\vendor\guzzlehttp\guzzle\src\Handler\CurlMultiHandler.php(181): GuzzleHttp\Handler\CurlFactory::finish(Object(GuzzleHttp\Handler\CurlMultiHandler), Object(GuzzleHttp\Handler\EasyHandle), Object(GuzzleHttp\Handler\CurlFactory))
#3 E:\xampp73\htdocs\filecroco\loader\vendor\guzzlehttp\guzzle\src\Handler\CurlMultiHandler.php(110): GuzzleHttp\Handler\CurlMultiHandler->processMessages()
#4 E:\xampp73\htdocs\filecroco\loader\vendor\guzzlehttp\guzzle\src\Handler\CurlMultiHandler.php(125): GuzzleHttp\Handler\CurlMultiHandler->tick()
#5 E:\xampp73\htdocs\filecroco\loader\vendor\guzzlehttp\promises\src\Promise.php(246): GuzzleHttp\Handler\CurlMultiHandler->execute(true)
#6 E:\xampp73\htdocs\filecroco\loader\vendor\guzzlehttp\promises\src\Promise.php(223): GuzzleHttp\Promise\Promise->invokeWaitFn()
#7 E:\xampp73\htdocs\filecroco\loader\vendor\guzzlehttp\promises\src\Promise.php(267): GuzzleHttp\Promise\Promise->waitIfPending()
#8 E:\xampp73\htdocs\filecroco\loader\vendor\guzzlehttp\promises\src\Promise.php(225): GuzzleHttp\Promise\Promise->invokeWaitList()
#9 E:\xampp73\htdocs\filecroco\loader\vendor\guzzlehttp\promises\src\Promise.php(62): GuzzleHttp\Promise\Promise->waitIfPending()
#10 E:\xampp73\htdocs\filecroco\loader\vendor\guzzlehttp\promises\src\EachPromise.php(101): GuzzleHttp\Promise\Promise->wait()
#11 E:\xampp73\htdocs\filecroco\loader\vendor\guzzlehttp\promises\src\Promise.php(246): GuzzleHttp\Promise\EachPromise->GuzzleHttp\Promise\{closure}(true)
#12 E:\xampp73\htdocs\filecroco\loader\vendor\guzzlehttp\promises\src\Promise.php(223): GuzzleHttp\Promise\Promise->invokeWaitFn()
#13 E:\xampp73\htdocs\filecroco\loader\vendor\guzzlehttp\promises\src\Promise.php(62): GuzzleHttp\Promise\Promise->waitIfPending()
#14 E:\xampp73\htdocs\filecroco\loader\updatedownloadlink.php(95): GuzzleHttp\Promise\Promise->wait()
#15 {main}|1093GuzzleHttp\Exception\RequestException: cURL error 56:  (see http://curl.haxx.se/libcurl/c/libcurl-errors.html) in E:\xampp73\htdocs\filecroco\loader\vendor\guzzlehttp\guzzle\src\Handler\CurlFactory.php:186
Stack trace:
#0 E:\xampp73\htdocs\filecroco\loader\vendor\guzzlehttp\guzzle\src\Handler\CurlFactory.php(149): GuzzleHttp\Handler\CurlFactory::createRejection(Object(GuzzleHttp\Handler\EasyHandle), Array)
#1 E:\xampp73\htdocs\filecroco\loader\vendor\guzzlehttp\guzzle\src\Handler\CurlFactory.php(102): GuzzleHttp\Handler\CurlFactory::finishError(Object(GuzzleHttp\Handler\CurlMultiHandler), Object(GuzzleHttp\Handler\EasyHandle), Object(GuzzleHttp\Handler\CurlFactory))
#2 E:\xampp73\htdocs\filecroco\loader\vendor\guzzlehttp\guzzle\src\Handler\CurlMultiHandler.php(181): GuzzleHttp\Handler\CurlFactory::finish(Object(GuzzleHttp\Handler\CurlMultiHandler), Object(GuzzleHttp\Handler\EasyHandle), Object(GuzzleHttp\Handler\CurlFactory))
#3 E:\xampp73\htdocs\filecroco\loader\vendor\guzzlehttp\guzzle\src\Handler\CurlMultiHandler.php(110): GuzzleHttp\Handler\CurlMultiHandler->processMessages()
#4 E:\xampp73\htdocs\filecroco\loader\vendor\guzzlehttp\guzzle\src\Handler\CurlMultiHandler.php(125): GuzzleHttp\Handler\CurlMultiHandler->tick()
#5 E:\xampp73\htdocs\filecroco\loader\vendor\guzzlehttp\promises\src\Promise.php(246): GuzzleHttp\Handler\CurlMultiHandler->execute(true)
#6 E:\xampp73\htdocs\filecroco\loader\vendor\guzzlehttp\promises\src\Promise.php(223): GuzzleHttp\Promise\Promise->invokeWaitFn()
#7 E:\xampp73\htdocs\filecroco\loader\vendor\guzzlehttp\promises\src\Promise.php(267): GuzzleHttp\Promise\Promise->waitIfPending()
#8 E:\xampp73\htdocs\filecroco\loader\vendor\guzzlehttp\promises\src\Promise.php(225): GuzzleHttp\Promise\Promise->invokeWaitList()
#9 E:\xampp73\htdocs\filecroco\loader\vendor\guzzlehttp\promises\src\Promise.php(62): GuzzleHttp\Promise\Promise->waitIfPending()
#10 E:\xampp73\htdocs\filecroco\loader\vendor\guzzlehttp\promises\src\EachPromise.php(101): GuzzleHttp\Promise\Promise->wait()
#11 E:\xampp73\htdocs\filecroco\loader\vendor\guzzlehttp\promises\src\Promise.php(246): GuzzleHttp\Promise\EachPromise->GuzzleHttp\Promise\{closure}(true)
#12 E:\xampp73\htdocs\filecroco\loader\vendor\guzzlehttp\promises\src\Promise.php(223): GuzzleHttp\Promise\Promise->invokeWaitFn()
#13 E:\xampp73\htdocs\filecroco\loader\vendor\guzzlehttp\promises\src\Promise.php(62): GuzzleHttp\Promise\Promise->waitIfPending()
#14 E:\xampp73\htdocs\filecroco\loader\updatedownloadlink.php(95): GuzzleHttp\Promise\Promise->wait()
#15 {main}|1094GuzzleHttp\Exception\RequestException: cURL error 56:  (see http://curl.haxx.se/libcurl/c/libcurl-errors.html) in E:\xampp73\htdocs\filecroco\loader\vendor\guzzlehttp\guzzle\src\Handler\CurlFactory.php:186
Stack trace:
#0 E:\xampp73\htdocs\filecroco\loader\vendor\guzzlehttp\guzzle\src\Handler\CurlFactory.php(149): GuzzleHttp\Handler\CurlFactory::createRejection(Object(GuzzleHttp\Handler\EasyHandle), Array)
#1 E:\xampp73\htdocs\filecroco\loader\vendor\guzzlehttp\guzzle\src\Handler\CurlFactory.php(102): GuzzleHttp\Handler\CurlFactory::finishError(Object(GuzzleHttp\Handler\CurlMultiHandler), Object(GuzzleHttp\Handler\EasyHandle), Object(GuzzleHttp\Handler\CurlFactory))
#2 E:\xampp73\htdocs\filecroco\loader\vendor\guzzlehttp\guzzle\src\Handler\CurlMultiHandler.php(181): GuzzleHttp\Handler\CurlFactory::finish(Object(GuzzleHttp\Handler\CurlMultiHandler), Object(GuzzleHttp\Handler\EasyHandle), Object(GuzzleHttp\Handler\CurlFactory))
#3 E:\xampp73\htdocs\filecroco\loader\vendor\guzzlehttp\guzzle\src\Handler\CurlMultiHandler.php(110): GuzzleHttp\Handler\CurlMultiHandler->processMessages()
#4 E:\xampp73\htdocs\filecroco\loader\vendor\guzzlehttp\guzzle\src\Handler\CurlMultiHandler.php(125): GuzzleHttp\Handler\CurlMultiHandler->tick()
#5 E:\xampp73\htdocs\filecroco\loader\vendor\guzzlehttp\promises\src\Promise.php(246): GuzzleHttp\Handler\CurlMultiHandler->execute(true)
#6 E:\xampp73\htdocs\filecroco\loader\vendor\guzzlehttp\promises\src\Promise.php(223): GuzzleHttp\Promise\Promise->invokeWaitFn()
#7 E:\xampp73\htdocs\filecroco\loader\vendor\guzzlehttp\promises\src\Promise.php(267): GuzzleHttp\Promise\Promise->waitIfPending()
#8 E:\xampp73\htdocs\filecroco\loader\vendor\guzzlehttp\promises\src\Promise.php(225): GuzzleHttp\Promise\Promise->invokeWaitList()
#9 E:\xampp73\htdocs\filecroco\loader\vendor\guzzlehttp\promises\src\Promise.php(62): GuzzleHttp\Promise\Promise->waitIfPending()
#10 E:\xampp73\htdocs\filecroco\loader\vendor\guzzlehttp\promises\src\EachPromise.php(101): GuzzleHttp\Promise\Promise->wait()
#11 E:\xampp73\htdocs\filecroco\loader\vendor\guzzlehttp\promises\src\Promise.php(246): GuzzleHttp\Promise\EachPromise->GuzzleHttp\Promise\{closure}(true)
#12 E:\xampp73\htdocs\filecroco\loader\vendor\guzzlehttp\promises\src\Promise.php(223): GuzzleHttp\Promise\Promise->invokeWaitFn()
#13 E:\xampp73\htdocs\filecroco\loader\vendor\guzzlehttp\promises\src\Promise.php(62): GuzzleHttp\Promise\Promise->waitIfPending()
#14 E:\xampp73\htdocs\filecroco\loader\updatedownloadlink.php(95): GuzzleHttp\Promise\Promise->wait()
#15 {main}|1095GuzzleHttp\Exception\RequestException: cURL error 56:  (see http://curl.haxx.se/libcurl/c/libcurl-errors.html) in E:\xampp73\htdocs\filecroco\loader\vendor\guzzlehttp\guzzle\src\Handler\CurlFactory.php:186
Stack trace:
#0 E:\xampp73\htdocs\filecroco\loader\vendor\guzzlehttp\guzzle\src\Handler\CurlFactory.php(149): GuzzleHttp\Handler\CurlFactory::createRejection(Object(GuzzleHttp\Handler\EasyHandle), Array)
#1 E:\xampp73\htdocs\filecroco\loader\vendor\guzzlehttp\guzzle\src\Handler\CurlFactory.php(102): GuzzleHttp\Handler\CurlFactory::finishError(Object(GuzzleHttp\Handler\CurlMultiHandler), Object(GuzzleHttp\Handler\EasyHandle), Object(GuzzleHttp\Handler\CurlFactory))
#2 E:\xampp73\htdocs\filecroco\loader\vendor\guzzlehttp\guzzle\src\Handler\CurlMultiHandler.php(181): GuzzleHttp\Handler\CurlFactory::finish(Object(GuzzleHttp\Handler\CurlMultiHandler), Object(GuzzleHttp\Handler\EasyHandle), Object(GuzzleHttp\Handler\CurlFactory))
#3 E:\xampp73\htdocs\filecroco\loader\vendor\guzzlehttp\guzzle\src\Handler\CurlMultiHandler.php(110): GuzzleHttp\Handler\CurlMultiHandler->processMessages()
#4 E:\xampp73\htdocs\filecroco\loader\vendor\guzzlehttp\guzzle\src\Handler\CurlMultiHandler.php(125): GuzzleHttp\Handler\CurlMultiHandler->tick()
#5 E:\xampp73\htdocs\filecroco\loader\vendor\guzzlehttp\promises\src\Promise.php(246): GuzzleHttp\Handler\CurlMultiHandler->execute(true)
#6 E:\xampp73\htdocs\filecroco\loader\vendor\guzzlehttp\promises\src\Promise.php(223): GuzzleHttp\Promise\Promise->invokeWaitFn()
#7 E:\xampp73\htdocs\filecroco\loader\vendor\guzzlehttp\promises\src\Promise.php(267): GuzzleHttp\Promise\Promise->waitIfPending()
#8 E:\xampp73\htdocs\filecroco\loader\vendor\guzzlehttp\promises\src\Promise.php(225): GuzzleHttp\Promise\Promise->invokeWaitList()
#9 E:\xampp73\htdocs\filecroco\loader\vendor\guzzlehttp\promises\src\Promise.php(62): GuzzleHttp\Promise\Promise->waitIfPending()
#10 E:\xampp73\htdocs\filecroco\loader\vendor\guzzlehttp\promises\src\EachPromise.php(101): GuzzleHttp\Promise\Promise->wait()
#11 E:\xampp73\htdocs\filecroco\loader\vendor\guzzlehttp\promises\src\Promise.php(246): GuzzleHttp\Promise\EachPromise->GuzzleHttp\Promise\{closure}(true)
#12 E:\xampp73\htdocs\filecroco\loader\vendor\guzzlehttp\promises\src\Promise.php(223): GuzzleHttp\Promise\Promise->invokeWaitFn()
#13 E:\xampp73\htdocs\filecroco\loader\vendor\guzzlehttp\promises\src\Promise.php(62): GuzzleHttp\Promise\Promise->waitIfPending()
#14 E:\xampp73\htdocs\filecroco\loader\updatedownloadlink.php(95): GuzzleHttp\Promise\Promise->wait()
#15 {main}|1096GuzzleHttp\Exception\RequestException: cURL error 56:  (see http://curl.haxx.se/libcurl/c/libcurl-errors.html) in E:\xampp73\htdocs\filecroco\loader\vendor\guzzlehttp\guzzle\src\Handler\CurlFactory.php:186
Stack trace:
#0 E:\xampp73\htdocs\filecroco\loader\vendor\guzzlehttp\guzzle\src\Handler\CurlFactory.php(149): GuzzleHttp\Handler\CurlFactory::createRejection(Object(GuzzleHttp\Handler\EasyHandle), Array)
#1 E:\xampp73\htdocs\filecroco\loader\vendor\guzzlehttp\guzzle\src\Handler\CurlFactory.php(102): GuzzleHttp\Handler\CurlFactory::finishError(Object(GuzzleHttp\Handler\CurlMultiHandler), Object(GuzzleHttp\Handler\EasyHandle), Object(GuzzleHttp\Handler\CurlFactory))
#2 E:\xampp73\htdocs\filecroco\loader\vendor\guzzlehttp\guzzle\src\Handler\CurlMultiHandler.php(181): GuzzleHttp\Handler\CurlFactory::finish(Object(GuzzleHttp\Handler\CurlMultiHandler), Object(GuzzleHttp\Handler\EasyHandle), Object(GuzzleHttp\Handler\CurlFactory))
#3 E:\xampp73\htdocs\filecroco\loader\vendor\guzzlehttp\guzzle\src\Handler\CurlMultiHandler.php(110): GuzzleHttp\Handler\CurlMultiHandler->processMessages()
#4 E:\xampp73\htdocs\filecroco\loader\vendor\guzzlehttp\guzzle\src\Handler\CurlMultiHandler.php(125): GuzzleHttp\Handler\CurlMultiHandler->tick()
#5 E:\xampp73\htdocs\filecroco\loader\vendor\guzzlehttp\promises\src\Promise.php(246): GuzzleHttp\Handler\CurlMultiHandler->execute(true)
#6 E:\xampp73\htdocs\filecroco\loader\vendor\guzzlehttp\promises\src\Promise.php(223): GuzzleHttp\Promise\Promise->invokeWaitFn()
#7 E:\xampp73\htdocs\filecroco\loader\vendor\guzzlehttp\promises\src\Promise.php(267): GuzzleHttp\Promise\Promise->waitIfPending()
#8 E:\xampp73\htdocs\filecroco\loader\vendor\guzzlehttp\promises\src\Promise.php(225): GuzzleHttp\Promise\Promise->invokeWaitList()
#9 E:\xampp73\htdocs\filecroco\loader\vendor\guzzlehttp\promises\src\Promise.php(62): GuzzleHttp\Promise\Promise->waitIfPending()
#10 E:\xampp73\htdocs\filecroco\loader\vendor\guzzlehttp\promises\src\EachPromise.php(101): GuzzleHttp\Promise\Promise->wait()
#11 E:\xampp73\htdocs\filecroco\loader\vendor\guzzlehttp\promises\src\Promise.php(246): GuzzleHttp\Promise\EachPromise->GuzzleHttp\Promise\{closure}(true)
#12 E:\xampp73\htdocs\filecroco\loader\vendor\guzzlehttp\promises\src\Promise.php(223): GuzzleHttp\Promise\Promise->invokeWaitFn()
#13 E:\xampp73\htdocs\filecroco\loader\vendor\guzzlehttp\promises\src\Promise.php(62): GuzzleHttp\Promise\Promise->waitIfPending()
#14 E:\xampp73\htdocs\filecroco\loader\updatedownloadlink.php(95): GuzzleHttp\Promise\Promise->wait()
#15 {main}|1097GuzzleHttp\Exception\RequestException: cURL error 56:  (see http://curl.haxx.se/libcurl/c/libcurl-errors.html) in E:\xampp73\htdocs\filecroco\loader\vendor\guzzlehttp\guzzle\src\Handler\CurlFactory.php:186
Stack trace:
#0 E:\xampp73\htdocs\filecroco\loader\vendor\guzzlehttp\guzzle\src\Handler\CurlFactory.php(149): GuzzleHttp\Handler\CurlFactory::createRejection(Object(GuzzleHttp\Handler\EasyHandle), Array)
#1 E:\xampp73\htdocs\filecroco\loader\vendor\guzzlehttp\guzzle\src\Handler\CurlFactory.php(102): GuzzleHttp\Handler\CurlFactory::finishError(Object(GuzzleHttp\Handler\CurlMultiHandler), Object(GuzzleHttp\Handler\EasyHandle), Object(GuzzleHttp\Handler\CurlFactory))
#2 E:\xampp73\htdocs\filecroco\loader\vendor\guzzlehttp\guzzle\src\Handler\CurlMultiHandler.php(181): GuzzleHttp\Handler\CurlFactory::finish(Object(GuzzleHttp\Handler\CurlMultiHandler), Object(GuzzleHttp\Handler\EasyHandle), Object(GuzzleHttp\Handler\CurlFactory))
#3 E:\xampp73\htdocs\filecroco\loader\vendor\guzzlehttp\guzzle\src\Handler\CurlMultiHandler.php(110): GuzzleHttp\Handler\CurlMultiHandler->processMessages()
#4 E:\xampp73\htdocs\filecroco\loader\vendor\guzzlehttp\guzzle\src\Handler\CurlMultiHandler.php(125): GuzzleHttp\Handler\CurlMultiHandler->tick()
#5 E:\xampp73\htdocs\filecroco\loader\vendor\guzzlehttp\promises\src\Promise.php(246): GuzzleHttp\Handler\CurlMultiHandler->execute(true)
#6 E:\xampp73\htdocs\filecroco\loader\vendor\guzzlehttp\promises\src\Promise.php(223): GuzzleHttp\Promise\Promise->invokeWaitFn()
#7 E:\xampp73\htdocs\filecroco\loader\vendor\guzzlehttp\promises\src\Promise.php(267): GuzzleHttp\Promise\Promise->waitIfPending()
#8 E:\xampp73\htdocs\filecroco\loader\vendor\guzzlehttp\promises\src\Promise.php(225): GuzzleHttp\Promise\Promise->invokeWaitList()
#9 E:\xampp73\htdocs\filecroco\loader\vendor\guzzlehttp\promises\src\Promise.php(62): GuzzleHttp\Promise\Promise->waitIfPending()
#10 E:\xampp73\htdocs\filecroco\loader\vendor\guzzlehttp\promises\src\EachPromise.php(101): GuzzleHttp\Promise\Promise->wait()
#11 E:\xampp73\htdocs\filecroco\loader\vendor\guzzlehttp\promises\src\Promise.php(246): GuzzleHttp\Promise\EachPromise->GuzzleHttp\Promise\{closure}(true)
#12 E:\xampp73\htdocs\filecroco\loader\vendor\guzzlehttp\promises\src\Promise.php(223): GuzzleHttp\Promise\Promise->invokeWaitFn()
#13 E:\xampp73\htdocs\filecroco\loader\vendor\guzzlehttp\promises\src\Promise.php(62): GuzzleHttp\Promise\Promise->waitIfPending()
#14 E:\xampp73\htdocs\filecroco\loader\updatedownloadlink.php(95): GuzzleHttp\Promise\Promise->wait()
#15 {main}|1098GuzzleHttp\Exception\RequestException: cURL error 56:  (see http://curl.haxx.se/libcurl/c/libcurl-errors.html) in E:\xampp73\htdocs\filecroco\loader\vendor\guzzlehttp\guzzle\src\Handler\CurlFactory.php:186
Stack trace:
#0 E:\xampp73\htdocs\filecroco\loader\vendor\guzzlehttp\guzzle\src\Handler\CurlFactory.php(149): GuzzleHttp\Handler\CurlFactory::createRejection(Object(GuzzleHttp\Handler\EasyHandle), Array)
#1 E:\xampp73\htdocs\filecroco\loader\vendor\guzzlehttp\guzzle\src\Handler\CurlFactory.php(102): GuzzleHttp\Handler\CurlFactory::finishError(Object(GuzzleHttp\Handler\CurlMultiHandler), Object(GuzzleHttp\Handler\EasyHandle), Object(GuzzleHttp\Handler\CurlFactory))
#2 E:\xampp73\htdocs\filecroco\loader\vendor\guzzlehttp\guzzle\src\Handler\CurlMultiHandler.php(181): GuzzleHttp\Handler\CurlFactory::finish(Object(GuzzleHttp\Handler\CurlMultiHandler), Object(GuzzleHttp\Handler\EasyHandle), Object(GuzzleHttp\Handler\CurlFactory))
#3 E:\xampp73\htdocs\filecroco\loader\vendor\guzzlehttp\guzzle\src\Handler\CurlMultiHandler.php(110): GuzzleHttp\Handler\CurlMultiHandler->processMessages()
#4 E:\xampp73\htdocs\filecroco\loader\vendor\guzzlehttp\guzzle\src\Handler\CurlMultiHandler.php(125): GuzzleHttp\Handler\CurlMultiHandler->tick()
#5 E:\xampp73\htdocs\filecroco\loader\vendor\guzzlehttp\promises\src\Promise.php(246): GuzzleHttp\Handler\CurlMultiHandler->execute(true)
#6 E:\xampp73\htdocs\filecroco\loader\vendor\guzzlehttp\promises\src\Promise.php(223): GuzzleHttp\Promise\Promise->invokeWaitFn()
#7 E:\xampp73\htdocs\filecroco\loader\vendor\guzzlehttp\promises\src\Promise.php(267): GuzzleHttp\Promise\Promise->waitIfPending()
#8 E:\xampp73\htdocs\filecroco\loader\vendor\guzzlehttp\promises\src\Promise.php(225): GuzzleHttp\Promise\Promise->invokeWaitList()
#9 E:\xampp73\htdocs\filecroco\loader\vendor\guzzlehttp\promises\src\Promise.php(62): GuzzleHttp\Promise\Promise->waitIfPending()
#10 E:\xampp73\htdocs\filecroco\loader\vendor\guzzlehttp\promises\src\EachPromise.php(101): GuzzleHttp\Promise\Promise->wait()
#11 E:\xampp73\htdocs\filecroco\loader\vendor\guzzlehttp\promises\src\Promise.php(246): GuzzleHttp\Promise\EachPromise->GuzzleHttp\Promise\{closure}(true)
#12 E:\xampp73\htdocs\filecroco\loader\vendor\guzzlehttp\promises\src\Promise.php(223): GuzzleHttp\Promise\Promise->invokeWaitFn()
#13 E:\xampp73\htdocs\filecroco\loader\vendor\guzzlehttp\promises\src\Promise.php(62): GuzzleHttp\Promise\Promise->waitIfPending()
#14 E:\xampp73\htdocs\filecroco\loader\updatedownloadlink.php(95): GuzzleHttp\Promise\Promise->wait()
#15 {main}|1099GuzzleHttp\Exception\RequestException: cURL error 56:  (see http://curl.haxx.se/libcurl/c/libcurl-errors.html) in E:\xampp73\htdocs\filecroco\loader\vendor\guzzlehttp\guzzle\src\Handler\CurlFactory.php:186
Stack trace:
#0 E:\xampp73\htdocs\filecroco\loader\vendor\guzzlehttp\guzzle\src\Handler\CurlFactory.php(149): GuzzleHttp\Handler\CurlFactory::createRejection(Object(GuzzleHttp\Handler\EasyHandle), Array)
#1 E:\xampp73\htdocs\filecroco\loader\vendor\guzzlehttp\guzzle\src\Handler\CurlFactory.php(102): GuzzleHttp\Handler\CurlFactory::finishError(Object(GuzzleHttp\Handler\CurlMultiHandler), Object(GuzzleHttp\Handler\EasyHandle), Object(GuzzleHttp\Handler\CurlFactory))
#2 E:\xampp73\htdocs\filecroco\loader\vendor\guzzlehttp\guzzle\src\Handler\CurlMultiHandler.php(181): GuzzleHttp\Handler\CurlFactory::finish(Object(GuzzleHttp\Handler\CurlMultiHandler), Object(GuzzleHttp\Handler\EasyHandle), Object(GuzzleHttp\Handler\CurlFactory))
#3 E:\xampp73\htdocs\filecroco\loader\vendor\guzzlehttp\guzzle\src\Handler\CurlMultiHandler.php(110): GuzzleHttp\Handler\CurlMultiHandler->processMessages()
#4 E:\xampp73\htdocs\filecroco\loader\vendor\guzzlehttp\guzzle\src\Handler\CurlMultiHandler.php(125): GuzzleHttp\Handler\CurlMultiHandler->tick()
#5 E:\xampp73\htdocs\filecroco\loader\vendor\guzzlehttp\promises\src\Promise.php(246): GuzzleHttp\Handler\CurlMultiHandler->execute(true)
#6 E:\xampp73\htdocs\filecroco\loader\vendor\guzzlehttp\promises\src\Promise.php(223): GuzzleHttp\Promise\Promise->invokeWaitFn()
#7 E:\xampp73\htdocs\filecroco\loader\vendor\guzzlehttp\promises\src\Promise.php(267): GuzzleHttp\Promise\Promise->waitIfPending()
#8 E:\xampp73\htdocs\filecroco\loader\vendor\guzzlehttp\promises\src\Promise.php(225): GuzzleHttp\Promise\Promise->invokeWaitList()
#9 E:\xampp73\htdocs\filecroco\loader\vendor\guzzlehttp\promises\src\Promise.php(62): GuzzleHttp\Promise\Promise->waitIfPending()
#10 E:\xampp73\htdocs\filecroco\loader\vendor\guzzlehttp\promises\src\EachPromise.php(101): GuzzleHttp\Promise\Promise->wait()
#11 E:\xampp73\htdocs\filecroco\loader\vendor\guzzlehttp\promises\src\Promise.php(246): GuzzleHttp\Promise\EachPromise->GuzzleHttp\Promise\{closure}(true)
#12 E:\xampp73\htdocs\filecroco\loader\vendor\guzzlehttp\promises\src\Promise.php(223): GuzzleHttp\Promise\Promise->invokeWaitFn()
#13 E:\xampp73\htdocs\filecroco\loader\vendor\guzzlehttp\promises\src\Promise.php(62): GuzzleHttp\Promise\Promise->waitIfPending()
#14 E:\xampp73\htdocs\filecroco\loader\updatedownloadlink.php(95): GuzzleHttp\Promise\Promise->wait()
#15 {main}|1100GuzzleHttp\Exception\RequestException: cURL error 56:  (see http://curl.haxx.se/libcurl/c/libcurl-errors.html) in E:\xampp73\htdocs\filecroco\loader\vendor\guzzlehttp\guzzle\src\Handler\CurlFactory.php:186
Stack trace:
#0 E:\xampp73\htdocs\filecroco\loader\vendor\guzzlehttp\guzzle\src\Handler\CurlFactory.php(149): GuzzleHttp\Handler\CurlFactory::createRejection(Object(GuzzleHttp\Handler\EasyHandle), Array)
#1 E:\xampp73\htdocs\filecroco\loader\vendor\guzzlehttp\guzzle\src\Handler\CurlFactory.php(102): GuzzleHttp\Handler\CurlFactory::finishError(Object(GuzzleHttp\Handler\CurlMultiHandler), Object(GuzzleHttp\Handler\EasyHandle), Object(GuzzleHttp\Handler\CurlFactory))
#2 E:\xampp73\htdocs\filecroco\loader\vendor\guzzlehttp\guzzle\src\Handler\CurlMultiHandler.php(181): GuzzleHttp\Handler\CurlFactory::finish(Object(GuzzleHttp\Handler\CurlMultiHandler), Object(GuzzleHttp\Handler\EasyHandle), Object(GuzzleHttp\Handler\CurlFactory))
#3 E:\xampp73\htdocs\filecroco\loader\vendor\guzzlehttp\guzzle\src\Handler\CurlMultiHandler.php(110): GuzzleHttp\Handler\CurlMultiHandler->processMessages()
#4 E:\xampp73\htdocs\filecroco\loader\vendor\guzzlehttp\guzzle\src\Handler\CurlMultiHandler.php(125): GuzzleHttp\Handler\CurlMultiHandler->tick()
#5 E:\xampp73\htdocs\filecroco\loader\vendor\guzzlehttp\promises\src\Promise.php(246): GuzzleHttp\Handler\CurlMultiHandler->execute(true)
#6 E:\xampp73\htdocs\filecroco\loader\vendor\guzzlehttp\promises\src\Promise.php(223): GuzzleHttp\Promise\Promise->invokeWaitFn()
#7 E:\xampp73\htdocs\filecroco\loader\vendor\guzzlehttp\promises\src\Promise.php(267): GuzzleHttp\Promise\Promise->waitIfPending()
#8 E:\xampp73\htdocs\filecroco\loader\vendor\guzzlehttp\promises\src\Promise.php(225): GuzzleHttp\Promise\Promise->invokeWaitList()
#9 E:\xampp73\htdocs\filecroco\loader\vendor\guzzlehttp\promises\src\Promise.php(62): GuzzleHttp\Promise\Promise->waitIfPending()
#10 E:\xampp73\htdocs\filecroco\loader\vendor\guzzlehttp\promises\src\EachPromise.php(101): GuzzleHttp\Promise\Promise->wait()
#11 E:\xampp73\htdocs\filecroco\loader\vendor\guzzlehttp\promises\src\Promise.php(246): GuzzleHttp\Promise\EachPromise->GuzzleHttp\Promise\{closure}(true)
#12 E:\xampp73\htdocs\filecroco\loader\vendor\guzzlehttp\promises\src\Promise.php(223): GuzzleHttp\Promise\Promise->invokeWaitFn()
#13 E:\xampp73\htdocs\filecroco\loader\vendor\guzzlehttp\promises\src\Promise.php(62): GuzzleHttp\Promise\Promise->waitIfPending()
#14 E:\xampp73\htdocs\filecroco\loader\updatedownloadlink.php(95): GuzzleHttp\Promise\Promise->wait()
#15 {main}|1101GuzzleHttp\Exception\RequestException: cURL error 56:  (see http://curl.haxx.se/libcurl/c/libcurl-errors.html) in E:\xampp73\htdocs\filecroco\loader\vendor\guzzlehttp\guzzle\src\Handler\CurlFactory.php:186
Stack trace:
#0 E:\xampp73\htdocs\filecroco\loader\vendor\guzzlehttp\guzzle\src\Handler\CurlFactory.php(149): GuzzleHttp\Handler\CurlFactory::createRejection(Object(GuzzleHttp\Handler\EasyHandle), Array)
#1 E:\xampp73\htdocs\filecroco\loader\vendor\guzzlehttp\guzzle\src\Handler\CurlFactory.php(102): GuzzleHttp\Handler\CurlFactory::finishError(Object(GuzzleHttp\Handler\CurlMultiHandler), Object(GuzzleHttp\Handler\EasyHandle), Object(GuzzleHttp\Handler\CurlFactory))
#2 E:\xampp73\htdocs\filecroco\loader\vendor\guzzlehttp\guzzle\src\Handler\CurlMultiHandler.php(181): GuzzleHttp\Handler\CurlFactory::finish(Object(GuzzleHttp\Handler\CurlMultiHandler), Object(GuzzleHttp\Handler\EasyHandle), Object(GuzzleHttp\Handler\CurlFactory))
#3 E:\xampp73\htdocs\filecroco\loader\vendor\guzzlehttp\guzzle\src\Handler\CurlMultiHandler.php(110): GuzzleHttp\Handler\CurlMultiHandler->processMessages()
#4 E:\xampp73\htdocs\filecroco\loader\vendor\guzzlehttp\guzzle\src\Handler\CurlMultiHandler.php(125): GuzzleHttp\Handler\CurlMultiHandler->tick()
#5 E:\xampp73\htdocs\filecroco\loader\vendor\guzzlehttp\promises\src\Promise.php(246): GuzzleHttp\Handler\CurlMultiHandler->execute(true)
#6 E:\xampp73\htdocs\filecroco\loader\vendor\guzzlehttp\promises\src\Promise.php(223): GuzzleHttp\Promise\Promise->invokeWaitFn()
#7 E:\xampp73\htdocs\filecroco\loader\vendor\guzzlehttp\promises\src\Promise.php(267): GuzzleHttp\Promise\Promise->waitIfPending()
#8 E:\xampp73\htdocs\filecroco\loader\vendor\guzzlehttp\promises\src\Promise.php(225): GuzzleHttp\Promise\Promise->invokeWaitList()
#9 E:\xampp73\htdocs\filecroco\loader\vendor\guzzlehttp\promises\src\Promise.php(62): GuzzleHttp\Promise\Promise->waitIfPending()
#10 E:\xampp73\htdocs\filecroco\loader\vendor\guzzlehttp\promises\src\EachPromise.php(101): GuzzleHttp\Promise\Promise->wait()
#11 E:\xampp73\htdocs\filecroco\loader\vendor\guzzlehttp\promises\src\Promise.php(246): GuzzleHttp\Promise\EachPromise->GuzzleHttp\Promise\{closure}(true)
#12 E:\xampp73\htdocs\filecroco\loader\vendor\guzzlehttp\promises\src\Promise.php(223): GuzzleHttp\Promise\Promise->invokeWaitFn()
#13 E:\xampp73\htdocs\filecroco\loader\vendor\guzzlehttp\promises\src\Promise.php(62): GuzzleHttp\Promise\Promise->waitIfPending()
#14 E:\xampp73\htdocs\filecroco\loader\updatedownloadlink.php(95): GuzzleHttp\Promise\Promise->wait()
#15 {main}|1102GuzzleHttp\Exception\RequestException: cURL error 56:  (see http://curl.haxx.se/libcurl/c/libcurl-errors.html) in E:\xampp73\htdocs\filecroco\loader\vendor\guzzlehttp\guzzle\src\Handler\CurlFactory.php:186
Stack trace:
#0 E:\xampp73\htdocs\filecroco\loader\vendor\guzzlehttp\guzzle\src\Handler\CurlFactory.php(149): GuzzleHttp\Handler\CurlFactory::createRejection(Object(GuzzleHttp\Handler\EasyHandle), Array)
#1 E:\xampp73\htdocs\filecroco\loader\vendor\guzzlehttp\guzzle\src\Handler\CurlFactory.php(102): GuzzleHttp\Handler\CurlFactory::finishError(Object(GuzzleHttp\Handler\CurlMultiHandler), Object(GuzzleHttp\Handler\EasyHandle), Object(GuzzleHttp\Handler\CurlFactory))
#2 E:\xampp73\htdocs\filecroco\loader\vendor\guzzlehttp\guzzle\src\Handler\CurlMultiHandler.php(181): GuzzleHttp\Handler\CurlFactory::finish(Object(GuzzleHttp\Handler\CurlMultiHandler), Object(GuzzleHttp\Handler\EasyHandle), Object(GuzzleHttp\Handler\CurlFactory))
#3 E:\xampp73\htdocs\filecroco\loader\vendor\guzzlehttp\guzzle\src\Handler\CurlMultiHandler.php(110): GuzzleHttp\Handler\CurlMultiHandler->processMessages()
#4 E:\xampp73\htdocs\filecroco\loader\vendor\guzzlehttp\guzzle\src\Handler\CurlMultiHandler.php(125): GuzzleHttp\Handler\CurlMultiHandler->tick()
#5 E:\xampp73\htdocs\filecroco\loader\vendor\guzzlehttp\promises\src\Promise.php(246): GuzzleHttp\Handler\CurlMultiHandler->execute(true)
#6 E:\xampp73\htdocs\filecroco\loader\vendor\guzzlehttp\promises\src\Promise.php(223): GuzzleHttp\Promise\Promise->invokeWaitFn()
#7 E:\xampp73\htdocs\filecroco\loader\vendor\guzzlehttp\promises\src\Promise.php(267): GuzzleHttp\Promise\Promise->waitIfPending()
#8 E:\xampp73\htdocs\filecroco\loader\vendor\guzzlehttp\promises\src\Promise.php(225): GuzzleHttp\Promise\Promise->invokeWaitList()
#9 E:\xampp73\htdocs\filecroco\loader\vendor\guzzlehttp\promises\src\Promise.php(62): GuzzleHttp\Promise\Promise->waitIfPending()
#10 E:\xampp73\htdocs\filecroco\loader\vendor\guzzlehttp\promises\src\EachPromise.php(101): GuzzleHttp\Promise\Promise->wait()
#11 E:\xampp73\htdocs\filecroco\loader\vendor\guzzlehttp\promises\src\Promise.php(246): GuzzleHttp\Promise\EachPromise->GuzzleHttp\Promise\{closure}(true)
#12 E:\xampp73\htdocs\filecroco\loader\vendor\guzzlehttp\promises\src\Promise.php(223): GuzzleHttp\Promise\Promise->invokeWaitFn()
#13 E:\xampp73\htdocs\filecroco\loader\vendor\guzzlehttp\promises\src\Promise.php(62): GuzzleHttp\Promise\Promise->waitIfPending()
#14 E:\xampp73\htdocs\filecroco\loader\updatedownloadlink.php(95): GuzzleHttp\Promise\Promise->wait()
#15 {main}|1103GuzzleHttp\Exception\RequestException: cURL error 56:  (see http://curl.haxx.se/libcurl/c/libcurl-errors.html) in E:\xampp73\htdocs\filecroco\loader\vendor\guzzlehttp\guzzle\src\Handler\CurlFactory.php:186
Stack trace:
#0 E:\xampp73\htdocs\filecroco\loader\vendor\guzzlehttp\guzzle\src\Handler\CurlFactory.php(149): GuzzleHttp\Handler\CurlFactory::createRejection(Object(GuzzleHttp\Handler\EasyHandle), Array)
#1 E:\xampp73\htdocs\filecroco\loader\vendor\guzzlehttp\guzzle\src\Handler\CurlFactory.php(102): GuzzleHttp\Handler\CurlFactory::finishError(Object(GuzzleHttp\Handler\CurlMultiHandler), Object(GuzzleHttp\Handler\EasyHandle), Object(GuzzleHttp\Handler\CurlFactory))
#2 E:\xampp73\htdocs\filecroco\loader\vendor\guzzlehttp\guzzle\src\Handler\CurlMultiHandler.php(181): GuzzleHttp\Handler\CurlFactory::finish(Object(GuzzleHttp\Handler\CurlMultiHandler), Object(GuzzleHttp\Handler\EasyHandle), Object(GuzzleHttp\Handler\CurlFactory))
#3 E:\xampp73\htdocs\filecroco\loader\vendor\guzzlehttp\guzzle\src\Handler\CurlMultiHandler.php(110): GuzzleHttp\Handler\CurlMultiHandler->processMessages()
#4 E:\xampp73\htdocs\filecroco\loader\vendor\guzzlehttp\guzzle\src\Handler\CurlMultiHandler.php(125): GuzzleHttp\Handler\CurlMultiHandler->tick()
#5 E:\xampp73\htdocs\filecroco\loader\vendor\guzzlehttp\promises\src\Promise.php(246): GuzzleHttp\Handler\CurlMultiHandler->execute(true)
#6 E:\xampp73\htdocs\filecroco\loader\vendor\guzzlehttp\promises\src\Promise.php(223): GuzzleHttp\Promise\Promise->invokeWaitFn()
#7 E:\xampp73\htdocs\filecroco\loader\vendor\guzzlehttp\promises\src\Promise.php(267): GuzzleHttp\Promise\Promise->waitIfPending()
#8 E:\xampp73\htdocs\filecroco\loader\vendor\guzzlehttp\promises\src\Promise.php(225): GuzzleHttp\Promise\Promise->invokeWaitList()
#9 E:\xampp73\htdocs\filecroco\loader\vendor\guzzlehttp\promises\src\Promise.php(62): GuzzleHttp\Promise\Promise->waitIfPending()
#10 E:\xampp73\htdocs\filecroco\loader\vendor\guzzlehttp\promises\src\EachPromise.php(101): GuzzleHttp\Promise\Promise->wait()
#11 E:\xampp73\htdocs\filecroco\loader\vendor\guzzlehttp\promises\src\Promise.php(246): GuzzleHttp\Promise\EachPromise->GuzzleHttp\Promise\{closure}(true)
#12 E:\xampp73\htdocs\filecroco\loader\vendor\guzzlehttp\promises\src\Promise.php(223): GuzzleHttp\Promise\Promise->invokeWaitFn()
#13 E:\xampp73\htdocs\filecroco\loader\vendor\guzzlehttp\promises\src\Promise.php(62): GuzzleHttp\Promise\Promise->waitIfPending()
#14 E:\xampp73\htdocs\filecroco\loader\updatedownloadlink.php(95): GuzzleHttp\Promise\Promise->wait()
#15 {main}|1104GuzzleHttp\Exception\RequestException: cURL error 56:  (see http://curl.haxx.se/libcurl/c/libcurl-errors.html) in E:\xampp73\htdocs\filecroco\loader\vendor\guzzlehttp\guzzle\src\Handler\CurlFactory.php:186
Stack trace:
#0 E:\xampp73\htdocs\filecroco\loader\vendor\guzzlehttp\guzzle\src\Handler\CurlFactory.php(149): GuzzleHttp\Handler\CurlFactory::createRejection(Object(GuzzleHttp\Handler\EasyHandle), Array)
#1 E:\xampp73\htdocs\filecroco\loader\vendor\guzzlehttp\guzzle\src\Handler\CurlFactory.php(102): GuzzleHttp\Handler\CurlFactory::finishError(Object(GuzzleHttp\Handler\CurlMultiHandler), Object(GuzzleHttp\Handler\EasyHandle), Object(GuzzleHttp\Handler\CurlFactory))
#2 E:\xampp73\htdocs\filecroco\loader\vendor\guzzlehttp\guzzle\src\Handler\CurlMultiHandler.php(181): GuzzleHttp\Handler\CurlFactory::finish(Object(GuzzleHttp\Handler\CurlMultiHandler), Object(GuzzleHttp\Handler\EasyHandle), Object(GuzzleHttp\Handler\CurlFactory))
#3 E:\xampp73\htdocs\filecroco\loader\vendor\guzzlehttp\guzzle\src\Handler\CurlMultiHandler.php(110): GuzzleHttp\Handler\CurlMultiHandler->processMessages()
#4 E:\xampp73\htdocs\filecroco\loader\vendor\guzzlehttp\guzzle\src\Handler\CurlMultiHandler.php(125): GuzzleHttp\Handler\CurlMultiHandler->tick()
#5 E:\xampp73\htdocs\filecroco\loader\vendor\guzzlehttp\promises\src\Promise.php(246): GuzzleHttp\Handler\CurlMultiHandler->execute(true)
#6 E:\xampp73\htdocs\filecroco\loader\vendor\guzzlehttp\promises\src\Promise.php(223): GuzzleHttp\Promise\Promise->invokeWaitFn()
#7 E:\xampp73\htdocs\filecroco\loader\vendor\guzzlehttp\promises\src\Promise.php(267): GuzzleHttp\Promise\Promise->waitIfPending()
#8 E:\xampp73\htdocs\filecroco\loader\vendor\guzzlehttp\promises\src\Promise.php(225): GuzzleHttp\Promise\Promise->invokeWaitList()
#9 E:\xampp73\htdocs\filecroco\loader\vendor\guzzlehttp\promises\src\Promise.php(62): GuzzleHttp\Promise\Promise->waitIfPending()
#10 E:\xampp73\htdocs\filecroco\loader\vendor\guzzlehttp\promises\src\EachPromise.php(101): GuzzleHttp\Promise\Promise->wait()
#11 E:\xampp73\htdocs\filecroco\loader\vendor\guzzlehttp\promises\src\Promise.php(246): GuzzleHttp\Promise\EachPromise->GuzzleHttp\Promise\{closure}(true)
#12 E:\xampp73\htdocs\filecroco\loader\vendor\guzzlehttp\promises\src\Promise.php(223): GuzzleHttp\Promise\Promise->invokeWaitFn()
#13 E:\xampp73\htdocs\filecroco\loader\vendor\guzzlehttp\promises\src\Promise.php(62): GuzzleHttp\Promise\Promise->waitIfPending()
#14 E:\xampp73\htdocs\filecroco\loader\updatedownloadlink.php(95): GuzzleHttp\Promise\Promise->wait()
#15 {main}|1105GuzzleHttp\Exception\RequestException: cURL error 56:  (see http://curl.haxx.se/libcurl/c/libcurl-errors.html) in E:\xampp73\htdocs\filecroco\loader\vendor\guzzlehttp\guzzle\src\Handler\CurlFactory.php:186
Stack trace:
#0 E:\xampp73\htdocs\filecroco\loader\vendor\guzzlehttp\guzzle\src\Handler\CurlFactory.php(149): GuzzleHttp\Handler\CurlFactory::createRejection(Object(GuzzleHttp\Handler\EasyHandle), Array)
#1 E:\xampp73\htdocs\filecroco\loader\vendor\guzzlehttp\guzzle\src\Handler\CurlFactory.php(102): GuzzleHttp\Handler\CurlFactory::finishError(Object(GuzzleHttp\Handler\CurlMultiHandler), Object(GuzzleHttp\Handler\EasyHandle), Object(GuzzleHttp\Handler\CurlFactory))
#2 E:\xampp73\htdocs\filecroco\loader\vendor\guzzlehttp\guzzle\src\Handler\CurlMultiHandler.php(181): GuzzleHttp\Handler\CurlFactory::finish(Object(GuzzleHttp\Handler\CurlMultiHandler), Object(GuzzleHttp\Handler\EasyHandle), Object(GuzzleHttp\Handler\CurlFactory))
#3 E:\xampp73\htdocs\filecroco\loader\vendor\guzzlehttp\guzzle\src\Handler\CurlMultiHandler.php(110): GuzzleHttp\Handler\CurlMultiHandler->processMessages()
#4 E:\xampp73\htdocs\filecroco\loader\vendor\guzzlehttp\guzzle\src\Handler\CurlMultiHandler.php(125): GuzzleHttp\Handler\CurlMultiHandler->tick()
#5 E:\xampp73\htdocs\filecroco\loader\vendor\guzzlehttp\promises\src\Promise.php(246): GuzzleHttp\Handler\CurlMultiHandler->execute(true)
#6 E:\xampp73\htdocs\filecroco\loader\vendor\guzzlehttp\promises\src\Promise.php(223): GuzzleHttp\Promise\Promise->invokeWaitFn()
#7 E:\xampp73\htdocs\filecroco\loader\vendor\guzzlehttp\promises\src\Promise.php(267): GuzzleHttp\Promise\Promise->waitIfPending()
#8 E:\xampp73\htdocs\filecroco\loader\vendor\guzzlehttp\promises\src\Promise.php(225): GuzzleHttp\Promise\Promise->invokeWaitList()
#9 E:\xampp73\htdocs\filecroco\loader\vendor\guzzlehttp\promises\src\Promise.php(62): GuzzleHttp\Promise\Promise->waitIfPending()
#10 E:\xampp73\htdocs\filecroco\loader\vendor\guzzlehttp\promises\src\EachPromise.php(101): GuzzleHttp\Promise\Promise->wait()
#11 E:\xampp73\htdocs\filecroco\loader\vendor\guzzlehttp\promises\src\Promise.php(246): GuzzleHttp\Promise\EachPromise->GuzzleHttp\Promise\{closure}(true)
#12 E:\xampp73\htdocs\filecroco\loader\vendor\guzzlehttp\promises\src\Promise.php(223): GuzzleHttp\Promise\Promise->invokeWaitFn()
#13 E:\xampp73\htdocs\filecroco\loader\vendor\guzzlehttp\promises\src\Promise.php(62): GuzzleHttp\Promise\Promise->waitIfPending()
#14 E:\xampp73\htdocs\filecroco\loader\updatedownloadlink.php(95): GuzzleHttp\Promise\Promise->wait()
#15 {main}|1106GuzzleHttp\Exception\RequestException: cURL error 56:  (see http://curl.haxx.se/libcurl/c/libcurl-errors.html) in E:\xampp73\htdocs\filecroco\loader\vendor\guzzlehttp\guzzle\src\Handler\CurlFactory.php:186
Stack trace:
#0 E:\xampp73\htdocs\filecroco\loader\vendor\guzzlehttp\guzzle\src\Handler\CurlFactory.php(149): GuzzleHttp\Handler\CurlFactory::createRejection(Object(GuzzleHttp\Handler\EasyHandle), Array)
#1 E:\xampp73\htdocs\filecroco\loader\vendor\guzzlehttp\guzzle\src\Handler\CurlFactory.php(102): GuzzleHttp\Handler\CurlFactory::finishError(Object(GuzzleHttp\Handler\CurlMultiHandler), Object(GuzzleHttp\Handler\EasyHandle), Object(GuzzleHttp\Handler\CurlFactory))
#2 E:\xampp73\htdocs\filecroco\loader\vendor\guzzlehttp\guzzle\src\Handler\CurlMultiHandler.php(181): GuzzleHttp\Handler\CurlFactory::finish(Object(GuzzleHttp\Handler\CurlMultiHandler), Object(GuzzleHttp\Handler\EasyHandle), Object(GuzzleHttp\Handler\CurlFactory))
#3 E:\xampp73\htdocs\filecroco\loader\vendor\guzzlehttp\guzzle\src\Handler\CurlMultiHandler.php(110): GuzzleHttp\Handler\CurlMultiHandler->processMessages()
#4 E:\xampp73\htdocs\filecroco\loader\vendor\guzzlehttp\guzzle\src\Handler\CurlMultiHandler.php(125): GuzzleHttp\Handler\CurlMultiHandler->tick()
#5 E:\xampp73\htdocs\filecroco\loader\vendor\guzzlehttp\promises\src\Promise.php(246): GuzzleHttp\Handler\CurlMultiHandler->execute(true)
#6 E:\xampp73\htdocs\filecroco\loader\vendor\guzzlehttp\promises\src\Promise.php(223): GuzzleHttp\Promise\Promise->invokeWaitFn()
#7 E:\xampp73\htdocs\filecroco\loader\vendor\guzzlehttp\promises\src\Promise.php(267): GuzzleHttp\Promise\Promise->waitIfPending()
#8 E:\xampp73\htdocs\filecroco\loader\vendor\guzzlehttp\promises\src\Promise.php(225): GuzzleHttp\Promise\Promise->invokeWaitList()
#9 E:\xampp73\htdocs\filecroco\loader\vendor\guzzlehttp\promises\src\Promise.php(62): GuzzleHttp\Promise\Promise->waitIfPending()
#10 E:\xampp73\htdocs\filecroco\loader\vendor\guzzlehttp\promises\src\EachPromise.php(101): GuzzleHttp\Promise\Promise->wait()
#11 E:\xampp73\htdocs\filecroco\loader\vendor\guzzlehttp\promises\src\Promise.php(246): GuzzleHttp\Promise\EachPromise->GuzzleHttp\Promise\{closure}(true)
#12 E:\xampp73\htdocs\filecroco\loader\vendor\guzzlehttp\promises\src\Promise.php(223): GuzzleHttp\Promise\Promise->invokeWaitFn()
#13 E:\xampp73\htdocs\filecroco\loader\vendor\guzzlehttp\promises\src\Promise.php(62): GuzzleHttp\Promise\Promise->waitIfPending()
#14 E:\xampp73\htdocs\filecroco\loader\updatedownloadlink.php(95): GuzzleHttp\Promise\Promise->wait()
#15 {main}|1107GuzzleHttp\Exception\RequestException: cURL error 56:  (see http://curl.haxx.se/libcurl/c/libcurl-errors.html) in E:\xampp73\htdocs\filecroco\loader\vendor\guzzlehttp\guzzle\src\Handler\CurlFactory.php:186
Stack trace:
#0 E:\xampp73\htdocs\filecroco\loader\vendor\guzzlehttp\guzzle\src\Handler\CurlFactory.php(149): GuzzleHttp\Handler\CurlFactory::createRejection(Object(GuzzleHttp\Handler\EasyHandle), Array)
#1 E:\xampp73\htdocs\filecroco\loader\vendor\guzzlehttp\guzzle\src\Handler\CurlFactory.php(102): GuzzleHttp\Handler\CurlFactory::finishError(Object(GuzzleHttp\Handler\CurlMultiHandler), Object(GuzzleHttp\Handler\EasyHandle), Object(GuzzleHttp\Handler\CurlFactory))
#2 E:\xampp73\htdocs\filecroco\loader\vendor\guzzlehttp\guzzle\src\Handler\CurlMultiHandler.php(181): GuzzleHttp\Handler\CurlFactory::finish(Object(GuzzleHttp\Handler\CurlMultiHandler), Object(GuzzleHttp\Handler\EasyHandle), Object(GuzzleHttp\Handler\CurlFactory))
#3 E:\xampp73\htdocs\filecroco\loader\vendor\guzzlehttp\guzzle\src\Handler\CurlMultiHandler.php(110): GuzzleHttp\Handler\CurlMultiHandler->processMessages()
#4 E:\xampp73\htdocs\filecroco\loader\vendor\guzzlehttp\guzzle\src\Handler\CurlMultiHandler.php(125): GuzzleHttp\Handler\CurlMultiHandler->tick()
#5 E:\xampp73\htdocs\filecroco\loader\vendor\guzzlehttp\promises\src\Promise.php(246): GuzzleHttp\Handler\CurlMultiHandler->execute(true)
#6 E:\xampp73\htdocs\filecroco\loader\vendor\guzzlehttp\promises\src\Promise.php(223): GuzzleHttp\Promise\Promise->invokeWaitFn()
#7 E:\xampp73\htdocs\filecroco\loader\vendor\guzzlehttp\promises\src\Promise.php(267): GuzzleHttp\Promise\Promise->waitIfPending()
#8 E:\xampp73\htdocs\filecroco\loader\vendor\guzzlehttp\promises\src\Promise.php(225): GuzzleHttp\Promise\Promise->invokeWaitList()
#9 E:\xampp73\htdocs\filecroco\loader\vendor\guzzlehttp\promises\src\Promise.php(62): GuzzleHttp\Promise\Promise->waitIfPending()
#10 E:\xampp73\htdocs\filecroco\loader\vendor\guzzlehttp\promises\src\EachPromise.php(101): GuzzleHttp\Promise\Promise->wait()
#11 E:\xampp73\htdocs\filecroco\loader\vendor\guzzlehttp\promises\src\Promise.php(246): GuzzleHttp\Promise\EachPromise->GuzzleHttp\Promise\{closure}(true)
#12 E:\xampp73\htdocs\filecroco\loader\vendor\guzzlehttp\promises\src\Promise.php(223): GuzzleHttp\Promise\Promise->invokeWaitFn()
#13 E:\xampp73\htdocs\filecroco\loader\vendor\guzzlehttp\promises\src\Promise.php(62): GuzzleHttp\Promise\Promise->waitIfPending()
#14 E:\xampp73\htdocs\filecroco\loader\updatedownloadlink.php(95): GuzzleHttp\Promise\Promise->wait()
#15 {main}|1108GuzzleHttp\Exception\RequestException: cURL error 56:  (see http://curl.haxx.se/libcurl/c/libcurl-errors.html) in E:\xampp73\htdocs\filecroco\loader\vendor\guzzlehttp\guzzle\src\Handler\CurlFactory.php:186
Stack trace:
#0 E:\xampp73\htdocs\filecroco\loader\vendor\guzzlehttp\guzzle\src\Handler\CurlFactory.php(149): GuzzleHttp\Handler\CurlFactory::createRejection(Object(GuzzleHttp\Handler\EasyHandle), Array)
#1 E:\xampp73\htdocs\filecroco\loader\vendor\guzzlehttp\guzzle\src\Handler\CurlFactory.php(102): GuzzleHttp\Handler\CurlFactory::finishError(Object(GuzzleHttp\Handler\CurlMultiHandler), Object(GuzzleHttp\Handler\EasyHandle), Object(GuzzleHttp\Handler\CurlFactory))
#2 E:\xampp73\htdocs\filecroco\loader\vendor\guzzlehttp\guzzle\src\Handler\CurlMultiHandler.php(181): GuzzleHttp\Handler\CurlFactory::finish(Object(GuzzleHttp\Handler\CurlMultiHandler), Object(GuzzleHttp\Handler\EasyHandle), Object(GuzzleHttp\Handler\CurlFactory))
#3 E:\xampp73\htdocs\filecroco\loader\vendor\guzzlehttp\guzzle\src\Handler\CurlMultiHandler.php(110): GuzzleHttp\Handler\CurlMultiHandler->processMessages()
#4 E:\xampp73\htdocs\filecroco\loader\vendor\guzzlehttp\guzzle\src\Handler\CurlMultiHandler.php(125): GuzzleHttp\Handler\CurlMultiHandler->tick()
#5 E:\xampp73\htdocs\filecroco\loader\vendor\guzzlehttp\promises\src\Promise.php(246): GuzzleHttp\Handler\CurlMultiHandler->execute(true)
#6 E:\xampp73\htdocs\filecroco\loader\vendor\guzzlehttp\promises\src\Promise.php(223): GuzzleHttp\Promise\Promise->invokeWaitFn()
#7 E:\xampp73\htdocs\filecroco\loader\vendor\guzzlehttp\promises\src\Promise.php(267): GuzzleHttp\Promise\Promise->waitIfPending()
#8 E:\xampp73\htdocs\filecroco\loader\vendor\guzzlehttp\promises\src\Promise.php(225): GuzzleHttp\Promise\Promise->invokeWaitList()
#9 E:\xampp73\htdocs\filecroco\loader\vendor\guzzlehttp\promises\src\Promise.php(62): GuzzleHttp\Promise\Promise->waitIfPending()
#10 E:\xampp73\htdocs\filecroco\loader\vendor\guzzlehttp\promises\src\EachPromise.php(101): GuzzleHttp\Promise\Promise->wait()
#11 E:\xampp73\htdocs\filecroco\loader\vendor\guzzlehttp\promises\src\Promise.php(246): GuzzleHttp\Promise\EachPromise->GuzzleHttp\Promise\{closure}(true)
#12 E:\xampp73\htdocs\filecroco\loader\vendor\guzzlehttp\promises\src\Promise.php(223): GuzzleHttp\Promise\Promise->invokeWaitFn()
#13 E:\xampp73\htdocs\filecroco\loader\vendor\guzzlehttp\promises\src\Promise.php(62): GuzzleHttp\Promise\Promise->waitIfPending()
#14 E:\xampp73\htdocs\filecroco\loader\updatedownloadlink.php(95): GuzzleHttp\Promise\Promise->wait()
#15 {main}|1109GuzzleHttp\Exception\RequestException: cURL error 56:  (see http://curl.haxx.se/libcurl/c/libcurl-errors.html) in E:\xampp73\htdocs\filecroco\loader\vendor\guzzlehttp\guzzle\src\Handler\CurlFactory.php:186
Stack trace:
#0 E:\xampp73\htdocs\filecroco\loader\vendor\guzzlehttp\guzzle\src\Handler\CurlFactory.php(149): GuzzleHttp\Handler\CurlFactory::createRejection(Object(GuzzleHttp\Handler\EasyHandle), Array)
#1 E:\xampp73\htdocs\filecroco\loader\vendor\guzzlehttp\guzzle\src\Handler\CurlFactory.php(102): GuzzleHttp\Handler\CurlFactory::finishError(Object(GuzzleHttp\Handler\CurlMultiHandler), Object(GuzzleHttp\Handler\EasyHandle), Object(GuzzleHttp\Handler\CurlFactory))
#2 E:\xampp73\htdocs\filecroco\loader\vendor\guzzlehttp\guzzle\src\Handler\CurlMultiHandler.php(181): GuzzleHttp\Handler\CurlFactory::finish(Object(GuzzleHttp\Handler\CurlMultiHandler), Object(GuzzleHttp\Handler\EasyHandle), Object(GuzzleHttp\Handler\CurlFactory))
#3 E:\xampp73\htdocs\filecroco\loader\vendor\guzzlehttp\guzzle\src\Handler\CurlMultiHandler.php(110): GuzzleHttp\Handler\CurlMultiHandler->processMessages()
#4 E:\xampp73\htdocs\filecroco\loader\vendor\guzzlehttp\guzzle\src\Handler\CurlMultiHandler.php(125): GuzzleHttp\Handler\CurlMultiHandler->tick()
#5 E:\xampp73\htdocs\filecroco\loader\vendor\guzzlehttp\promises\src\Promise.php(246): GuzzleHttp\Handler\CurlMultiHandler->execute(true)
#6 E:\xampp73\htdocs\filecroco\loader\vendor\guzzlehttp\promises\src\Promise.php(223): GuzzleHttp\Promise\Promise->invokeWaitFn()
#7 E:\xampp73\htdocs\filecroco\loader\vendor\guzzlehttp\promises\src\Promise.php(267): GuzzleHttp\Promise\Promise->waitIfPending()
#8 E:\xampp73\htdocs\filecroco\loader\vendor\guzzlehttp\promises\src\Promise.php(225): GuzzleHttp\Promise\Promise->invokeWaitList()
#9 E:\xampp73\htdocs\filecroco\loader\vendor\guzzlehttp\promises\src\Promise.php(62): GuzzleHttp\Promise\Promise->waitIfPending()
#10 E:\xampp73\htdocs\filecroco\loader\vendor\guzzlehttp\promises\src\EachPromise.php(101): GuzzleHttp\Promise\Promise->wait()
#11 E:\xampp73\htdocs\filecroco\loader\vendor\guzzlehttp\promises\src\Promise.php(246): GuzzleHttp\Promise\EachPromise->GuzzleHttp\Promise\{closure}(true)
#12 E:\xampp73\htdocs\filecroco\loader\vendor\guzzlehttp\promises\src\Promise.php(223): GuzzleHttp\Promise\Promise->invokeWaitFn()
#13 E:\xampp73\htdocs\filecroco\loader\vendor\guzzlehttp\promises\src\Promise.php(62): GuzzleHttp\Promise\Promise->waitIfPending()
#14 E:\xampp73\htdocs\filecroco\loader\updatedownloadlink.php(95): GuzzleHttp\Promise\Promise->wait()
#15 {main}|1110GuzzleHttp\Exception\RequestException: cURL error 56:  (see http://curl.haxx.se/libcurl/c/libcurl-errors.html) in E:\xampp73\htdocs\filecroco\loader\vendor\guzzlehttp\guzzle\src\Handler\CurlFactory.php:186
Stack trace:
#0 E:\xampp73\htdocs\filecroco\loader\vendor\guzzlehttp\guzzle\src\Handler\CurlFactory.php(149): GuzzleHttp\Handler\CurlFactory::createRejection(Object(GuzzleHttp\Handler\EasyHandle), Array)
#1 E:\xampp73\htdocs\filecroco\loader\vendor\guzzlehttp\guzzle\src\Handler\CurlFactory.php(102): GuzzleHttp\Handler\CurlFactory::finishError(Object(GuzzleHttp\Handler\CurlMultiHandler), Object(GuzzleHttp\Handler\EasyHandle), Object(GuzzleHttp\Handler\CurlFactory))
#2 E:\xampp73\htdocs\filecroco\loader\vendor\guzzlehttp\guzzle\src\Handler\CurlMultiHandler.php(181): GuzzleHttp\Handler\CurlFactory::finish(Object(GuzzleHttp\Handler\CurlMultiHandler), Object(GuzzleHttp\Handler\EasyHandle), Object(GuzzleHttp\Handler\CurlFactory))
#3 E:\xampp73\htdocs\filecroco\loader\vendor\guzzlehttp\guzzle\src\Handler\CurlMultiHandler.php(110): GuzzleHttp\Handler\CurlMultiHandler->processMessages()
#4 E:\xampp73\htdocs\filecroco\loader\vendor\guzzlehttp\guzzle\src\Handler\CurlMultiHandler.php(125): GuzzleHttp\Handler\CurlMultiHandler->tick()
#5 E:\xampp73\htdocs\filecroco\loader\vendor\guzzlehttp\promises\src\Promise.php(246): GuzzleHttp\Handler\CurlMultiHandler->execute(true)
#6 E:\xampp73\htdocs\filecroco\loader\vendor\guzzlehttp\promises\src\Promise.php(223): GuzzleHttp\Promise\Promise->invokeWaitFn()
#7 E:\xampp73\htdocs\filecroco\loader\vendor\guzzlehttp\promises\src\Promise.php(267): GuzzleHttp\Promise\Promise->waitIfPending()
#8 E:\xampp73\htdocs\filecroco\loader\vendor\guzzlehttp\promises\src\Promise.php(225): GuzzleHttp\Promise\Promise->invokeWaitList()
#9 E:\xampp73\htdocs\filecroco\loader\vendor\guzzlehttp\promises\src\Promise.php(62): GuzzleHttp\Promise\Promise->waitIfPending()
#10 E:\xampp73\htdocs\filecroco\loader\vendor\guzzlehttp\promises\src\EachPromise.php(101): GuzzleHttp\Promise\Promise->wait()
#11 E:\xampp73\htdocs\filecroco\loader\vendor\guzzlehttp\promises\src\Promise.php(246): GuzzleHttp\Promise\EachPromise->GuzzleHttp\Promise\{closure}(true)
#12 E:\xampp73\htdocs\filecroco\loader\vendor\guzzlehttp\promises\src\Promise.php(223): GuzzleHttp\Promise\Promise->invokeWaitFn()
#13 E:\xampp73\htdocs\filecroco\loader\vendor\guzzlehttp\promises\src\Promise.php(62): GuzzleHttp\Promise\Promise->waitIfPending()
#14 E:\xampp73\htdocs\filecroco\loader\updatedownloadlink.php(95): GuzzleHttp\Promise\Promise->wait()
#15 {main}|1111GuzzleHttp\Exception\RequestException: cURL error 56:  (see http://curl.haxx.se/libcurl/c/libcurl-errors.html) in E:\xampp73\htdocs\filecroco\loader\vendor\guzzlehttp\guzzle\src\Handler\CurlFactory.php:186
Stack trace:
#0 E:\xampp73\htdocs\filecroco\loader\vendor\guzzlehttp\guzzle\src\Handler\CurlFactory.php(149): GuzzleHttp\Handler\CurlFactory::createRejection(Object(GuzzleHttp\Handler\EasyHandle), Array)
#1 E:\xampp73\htdocs\filecroco\loader\vendor\guzzlehttp\guzzle\src\Handler\CurlFactory.php(102): GuzzleHttp\Handler\CurlFactory::finishError(Object(GuzzleHttp\Handler\CurlMultiHandler), Object(GuzzleHttp\Handler\EasyHandle), Object(GuzzleHttp\Handler\CurlFactory))
#2 E:\xampp73\htdocs\filecroco\loader\vendor\guzzlehttp\guzzle\src\Handler\CurlMultiHandler.php(181): GuzzleHttp\Handler\CurlFactory::finish(Object(GuzzleHttp\Handler\CurlMultiHandler), Object(GuzzleHttp\Handler\EasyHandle), Object(GuzzleHttp\Handler\CurlFactory))
#3 E:\xampp73\htdocs\filecroco\loader\vendor\guzzlehttp\guzzle\src\Handler\CurlMultiHandler.php(110): GuzzleHttp\Handler\CurlMultiHandler->processMessages()
#4 E:\xampp73\htdocs\filecroco\loader\vendor\guzzlehttp\guzzle\src\Handler\CurlMultiHandler.php(125): GuzzleHttp\Handler\CurlMultiHandler->tick()
#5 E:\xampp73\htdocs\filecroco\loader\vendor\guzzlehttp\promises\src\Promise.php(246): GuzzleHttp\Handler\CurlMultiHandler->execute(true)
#6 E:\xampp73\htdocs\filecroco\loader\vendor\guzzlehttp\promises\src\Promise.php(223): GuzzleHttp\Promise\Promise->invokeWaitFn()
#7 E:\xampp73\htdocs\filecroco\loader\vendor\guzzlehttp\promises\src\Promise.php(267): GuzzleHttp\Promise\Promise->waitIfPending()
#8 E:\xampp73\htdocs\filecroco\loader\vendor\guzzlehttp\promises\src\Promise.php(225): GuzzleHttp\Promise\Promise->invokeWaitList()
#9 E:\xampp73\htdocs\filecroco\loader\vendor\guzzlehttp\promises\src\Promise.php(62): GuzzleHttp\Promise\Promise->waitIfPending()
#10 E:\xampp73\htdocs\filecroco\loader\vendor\guzzlehttp\promises\src\EachPromise.php(101): GuzzleHttp\Promise\Promise->wait()
#11 E:\xampp73\htdocs\filecroco\loader\vendor\guzzlehttp\promises\src\Promise.php(246): GuzzleHttp\Promise\EachPromise->GuzzleHttp\Promise\{closure}(true)
#12 E:\xampp73\htdocs\filecroco\loader\vendor\guzzlehttp\promises\src\Promise.php(223): GuzzleHttp\Promise\Promise->invokeWaitFn()
#13 E:\xampp73\htdocs\filecroco\loader\vendor\guzzlehttp\promises\src\Promise.php(62): GuzzleHttp\Promise\Promise->waitIfPending()
#14 E:\xampp73\htdocs\filecroco\loader\updatedownloadlink.php(95): GuzzleHttp\Promise\Promise->wait()
#15 {main}|1112GuzzleHttp\Exception\RequestException: cURL error 56:  (see http://curl.haxx.se/libcurl/c/libcurl-errors.html) in E:\xampp73\htdocs\filecroco\loader\vendor\guzzlehttp\guzzle\src\Handler\CurlFactory.php:186
Stack trace:
#0 E:\xampp73\htdocs\filecroco\loader\vendor\guzzlehttp\guzzle\src\Handler\CurlFactory.php(149): GuzzleHttp\Handler\CurlFactory::createRejection(Object(GuzzleHttp\Handler\EasyHandle), Array)
#1 E:\xampp73\htdocs\filecroco\loader\vendor\guzzlehttp\guzzle\src\Handler\CurlFactory.php(102): GuzzleHttp\Handler\CurlFactory::finishError(Object(GuzzleHttp\Handler\CurlMultiHandler), Object(GuzzleHttp\Handler\EasyHandle), Object(GuzzleHttp\Handler\CurlFactory))
#2 E:\xampp73\htdocs\filecroco\loader\vendor\guzzlehttp\guzzle\src\Handler\CurlMultiHandler.php(181): GuzzleHttp\Handler\CurlFactory::finish(Object(GuzzleHttp\Handler\CurlMultiHandler), Object(GuzzleHttp\Handler\EasyHandle), Object(GuzzleHttp\Handler\CurlFactory))
#3 E:\xampp73\htdocs\filecroco\loader\vendor\guzzlehttp\guzzle\src\Handler\CurlMultiHandler.php(110): GuzzleHttp\Handler\CurlMultiHandler->processMessages()
#4 E:\xampp73\htdocs\filecroco\loader\vendor\guzzlehttp\guzzle\src\Handler\CurlMultiHandler.php(125): GuzzleHttp\Handler\CurlMultiHandler->tick()
#5 E:\xampp73\htdocs\filecroco\loader\vendor\guzzlehttp\promises\src\Promise.php(246): GuzzleHttp\Handler\CurlMultiHandler->execute(true)
#6 E:\xampp73\htdocs\filecroco\loader\vendor\guzzlehttp\promises\src\Promise.php(223): GuzzleHttp\Promise\Promise->invokeWaitFn()
#7 E:\xampp73\htdocs\filecroco\loader\vendor\guzzlehttp\promises\src\Promise.php(267): GuzzleHttp\Promise\Promise->waitIfPending()
#8 E:\xampp73\htdocs\filecroco\loader\vendor\guzzlehttp\promises\src\Promise.php(225): GuzzleHttp\Promise\Promise->invokeWaitList()
#9 E:\xampp73\htdocs\filecroco\loader\vendor\guzzlehttp\promises\src\Promise.php(62): GuzzleHttp\Promise\Promise->waitIfPending()
#10 E:\xampp73\htdocs\filecroco\loader\vendor\guzzlehttp\promises\src\EachPromise.php(101): GuzzleHttp\Promise\Promise->wait()
#11 E:\xampp73\htdocs\filecroco\loader\vendor\guzzlehttp\promises\src\Promise.php(246): GuzzleHttp\Promise\EachPromise->GuzzleHttp\Promise\{closure}(true)
#12 E:\xampp73\htdocs\filecroco\loader\vendor\guzzlehttp\promises\src\Promise.php(223): GuzzleHttp\Promise\Promise->invokeWaitFn()
#13 E:\xampp73\htdocs\filecroco\loader\vendor\guzzlehttp\promises\src\Promise.php(62): GuzzleHttp\Promise\Promise->waitIfPending()
#14 E:\xampp73\htdocs\filecroco\loader\updatedownloadlink.php(95): GuzzleHttp\Promise\Promise->wait()
#15 {main}|1113GuzzleHttp\Exception\RequestException: cURL error 56:  (see http://curl.haxx.se/libcurl/c/libcurl-errors.html) in E:\xampp73\htdocs\filecroco\loader\vendor\guzzlehttp\guzzle\src\Handler\CurlFactory.php:186
Stack trace:
#0 E:\xampp73\htdocs\filecroco\loader\vendor\guzzlehttp\guzzle\src\Handler\CurlFactory.php(149): GuzzleHttp\Handler\CurlFactory::createRejection(Object(GuzzleHttp\Handler\EasyHandle), Array)
#1 E:\xampp73\htdocs\filecroco\loader\vendor\guzzlehttp\guzzle\src\Handler\CurlFactory.php(102): GuzzleHttp\Handler\CurlFactory::finishError(Object(GuzzleHttp\Handler\CurlMultiHandler), Object(GuzzleHttp\Handler\EasyHandle), Object(GuzzleHttp\Handler\CurlFactory))
#2 E:\xampp73\htdocs\filecroco\loader\vendor\guzzlehttp\guzzle\src\Handler\CurlMultiHandler.php(181): GuzzleHttp\Handler\CurlFactory::finish(Object(GuzzleHttp\Handler\CurlMultiHandler), Object(GuzzleHttp\Handler\EasyHandle), Object(GuzzleHttp\Handler\CurlFactory))
#3 E:\xampp73\htdocs\filecroco\loader\vendor\guzzlehttp\guzzle\src\Handler\CurlMultiHandler.php(110): GuzzleHttp\Handler\CurlMultiHandler->processMessages()
#4 E:\xampp73\htdocs\filecroco\loader\vendor\guzzlehttp\guzzle\src\Handler\CurlMultiHandler.php(125): GuzzleHttp\Handler\CurlMultiHandler->tick()
#5 E:\xampp73\htdocs\filecroco\loader\vendor\guzzlehttp\promises\src\Promise.php(246): GuzzleHttp\Handler\CurlMultiHandler->execute(true)
#6 E:\xampp73\htdocs\filecroco\loader\vendor\guzzlehttp\promises\src\Promise.php(223): GuzzleHttp\Promise\Promise->invokeWaitFn()
#7 E:\xampp73\htdocs\filecroco\loader\vendor\guzzlehttp\promises\src\Promise.php(267): GuzzleHttp\Promise\Promise->waitIfPending()
#8 E:\xampp73\htdocs\filecroco\loader\vendor\guzzlehttp\promises\src\Promise.php(225): GuzzleHttp\Promise\Promise->invokeWaitList()
#9 E:\xampp73\htdocs\filecroco\loader\vendor\guzzlehttp\promises\src\Promise.php(62): GuzzleHttp\Promise\Promise->waitIfPending()
#10 E:\xampp73\htdocs\filecroco\loader\vendor\guzzlehttp\promises\src\EachPromise.php(101): GuzzleHttp\Promise\Promise->wait()
#11 E:\xampp73\htdocs\filecroco\loader\vendor\guzzlehttp\promises\src\Promise.php(246): GuzzleHttp\Promise\EachPromise->GuzzleHttp\Promise\{closure}(true)
#12 E:\xampp73\htdocs\filecroco\loader\vendor\guzzlehttp\promises\src\Promise.php(223): GuzzleHttp\Promise\Promise->invokeWaitFn()
#13 E:\xampp73\htdocs\filecroco\loader\vendor\guzzlehttp\promises\src\Promise.php(62): GuzzleHttp\Promise\Promise->waitIfPending()
#14 E:\xampp73\htdocs\filecroco\loader\updatedownloadlink.php(95): GuzzleHttp\Promise\Promise->wait()
#15 {main}|1114GuzzleHttp\Exception\RequestException: cURL error 56:  (see http://curl.haxx.se/libcurl/c/libcurl-errors.html) in E:\xampp73\htdocs\filecroco\loader\vendor\guzzlehttp\guzzle\src\Handler\CurlFactory.php:186
Stack trace:
#0 E:\xampp73\htdocs\filecroco\loader\vendor\guzzlehttp\guzzle\src\Handler\CurlFactory.php(149): GuzzleHttp\Handler\CurlFactory::createRejection(Object(GuzzleHttp\Handler\EasyHandle), Array)
#1 E:\xampp73\htdocs\filecroco\loader\vendor\guzzlehttp\guzzle\src\Handler\CurlFactory.php(102): GuzzleHttp\Handler\CurlFactory::finishError(Object(GuzzleHttp\Handler\CurlMultiHandler), Object(GuzzleHttp\Handler\EasyHandle), Object(GuzzleHttp\Handler\CurlFactory))
#2 E:\xampp73\htdocs\filecroco\loader\vendor\guzzlehttp\guzzle\src\Handler\CurlMultiHandler.php(181): GuzzleHttp\Handler\CurlFactory::finish(Object(GuzzleHttp\Handler\CurlMultiHandler), Object(GuzzleHttp\Handler\EasyHandle), Object(GuzzleHttp\Handler\CurlFactory))
#3 E:\xampp73\htdocs\filecroco\loader\vendor\guzzlehttp\guzzle\src\Handler\CurlMultiHandler.php(110): GuzzleHttp\Handler\CurlMultiHandler->processMessages()
#4 E:\xampp73\htdocs\filecroco\loader\vendor\guzzlehttp\guzzle\src\Handler\CurlMultiHandler.php(125): GuzzleHttp\Handler\CurlMultiHandler->tick()
#5 E:\xampp73\htdocs\filecroco\loader\vendor\guzzlehttp\promises\src\Promise.php(246): GuzzleHttp\Handler\CurlMultiHandler->execute(true)
#6 E:\xampp73\htdocs\filecroco\loader\vendor\guzzlehttp\promises\src\Promise.php(223): GuzzleHttp\Promise\Promise->invokeWaitFn()
#7 E:\xampp73\htdocs\filecroco\loader\vendor\guzzlehttp\promises\src\Promise.php(267): GuzzleHttp\Promise\Promise->waitIfPending()
#8 E:\xampp73\htdocs\filecroco\loader\vendor\guzzlehttp\promises\src\Promise.php(225): GuzzleHttp\Promise\Promise->invokeWaitList()
#9 E:\xampp73\htdocs\filecroco\loader\vendor\guzzlehttp\promises\src\Promise.php(62): GuzzleHttp\Promise\Promise->waitIfPending()
#10 E:\xampp73\htdocs\filecroco\loader\vendor\guzzlehttp\promises\src\EachPromise.php(101): GuzzleHttp\Promise\Promise->wait()
#11 E:\xampp73\htdocs\filecroco\loader\vendor\guzzlehttp\promises\src\Promise.php(246): GuzzleHttp\Promise\EachPromise->GuzzleHttp\Promise\{closure}(true)
#12 E:\xampp73\htdocs\filecroco\loader\vendor\guzzlehttp\promises\src\Promise.php(223): GuzzleHttp\Promise\Promise->invokeWaitFn()
#13 E:\xampp73\htdocs\filecroco\loader\vendor\guzzlehttp\promises\src\Promise.php(62): GuzzleHttp\Promise\Promise->waitIfPending()
#14 E:\xampp73\htdocs\filecroco\loader\updatedownloadlink.php(95): GuzzleHttp\Promise\Promise->wait()
#15 {main}|1115GuzzleHttp\Exception\RequestException: cURL error 56:  (see http://curl.haxx.se/libcurl/c/libcurl-errors.html) in E:\xampp73\htdocs\filecroco\loader\vendor\guzzlehttp\guzzle\src\Handler\CurlFactory.php:186
Stack trace:
#0 E:\xampp73\htdocs\filecroco\loader\vendor\guzzlehttp\guzzle\src\Handler\CurlFactory.php(149): GuzzleHttp\Handler\CurlFactory::createRejection(Object(GuzzleHttp\Handler\EasyHandle), Array)
#1 E:\xampp73\htdocs\filecroco\loader\vendor\guzzlehttp\guzzle\src\Handler\CurlFactory.php(102): GuzzleHttp\Handler\CurlFactory::finishError(Object(GuzzleHttp\Handler\CurlMultiHandler), Object(GuzzleHttp\Handler\EasyHandle), Object(GuzzleHttp\Handler\CurlFactory))
#2 E:\xampp73\htdocs\filecroco\loader\vendor\guzzlehttp\guzzle\src\Handler\CurlMultiHandler.php(181): GuzzleHttp\Handler\CurlFactory::finish(Object(GuzzleHttp\Handler\CurlMultiHandler), Object(GuzzleHttp\Handler\EasyHandle), Object(GuzzleHttp\Handler\CurlFactory))
#3 E:\xampp73\htdocs\filecroco\loader\vendor\guzzlehttp\guzzle\src\Handler\CurlMultiHandler.php(110): GuzzleHttp\Handler\CurlMultiHandler->processMessages()
#4 E:\xampp73\htdocs\filecroco\loader\vendor\guzzlehttp\guzzle\src\Handler\CurlMultiHandler.php(125): GuzzleHttp\Handler\CurlMultiHandler->tick()
#5 E:\xampp73\htdocs\filecroco\loader\vendor\guzzlehttp\promises\src\Promise.php(246): GuzzleHttp\Handler\CurlMultiHandler->execute(true)
#6 E:\xampp73\htdocs\filecroco\loader\vendor\guzzlehttp\promises\src\Promise.php(223): GuzzleHttp\Promise\Promise->invokeWaitFn()
#7 E:\xampp73\htdocs\filecroco\loader\vendor\guzzlehttp\promises\src\Promise.php(267): GuzzleHttp\Promise\Promise->waitIfPending()
#8 E:\xampp73\htdocs\filecroco\loader\vendor\guzzlehttp\promises\src\Promise.php(225): GuzzleHttp\Promise\Promise->invokeWaitList()
#9 E:\xampp73\htdocs\filecroco\loader\vendor\guzzlehttp\promises\src\Promise.php(62): GuzzleHttp\Promise\Promise->waitIfPending()
#10 E:\xampp73\htdocs\filecroco\loader\vendor\guzzlehttp\promises\src\EachPromise.php(101): GuzzleHttp\Promise\Promise->wait()
#11 E:\xampp73\htdocs\filecroco\loader\vendor\guzzlehttp\promises\src\Promise.php(246): GuzzleHttp\Promise\EachPromise->GuzzleHttp\Promise\{closure}(true)
#12 E:\xampp73\htdocs\filecroco\loader\vendor\guzzlehttp\promises\src\Promise.php(223): GuzzleHttp\Promise\Promise->invokeWaitFn()
#13 E:\xampp73\htdocs\filecroco\loader\vendor\guzzlehttp\promises\src\Promise.php(62): GuzzleHttp\Promise\Promise->waitIfPending()
#14 E:\xampp73\htdocs\filecroco\loader\updatedownloadlink.php(95): GuzzleHttp\Promise\Promise->wait()
#15 {main}|1116GuzzleHttp\Exception\RequestException: cURL error 56:  (see http://curl.haxx.se/libcurl/c/libcurl-errors.html) in E:\xampp73\htdocs\filecroco\loader\vendor\guzzlehttp\guzzle\src\Handler\CurlFactory.php:186
Stack trace:
#0 E:\xampp73\htdocs\filecroco\loader\vendor\guzzlehttp\guzzle\src\Handler\CurlFactory.php(149): GuzzleHttp\Handler\CurlFactory::createRejection(Object(GuzzleHttp\Handler\EasyHandle), Array)
#1 E:\xampp73\htdocs\filecroco\loader\vendor\guzzlehttp\guzzle\src\Handler\CurlFactory.php(102): GuzzleHttp\Handler\CurlFactory::finishError(Object(GuzzleHttp\Handler\CurlMultiHandler), Object(GuzzleHttp\Handler\EasyHandle), Object(GuzzleHttp\Handler\CurlFactory))
#2 E:\xampp73\htdocs\filecroco\loader\vendor\guzzlehttp\guzzle\src\Handler\CurlMultiHandler.php(181): GuzzleHttp\Handler\CurlFactory::finish(Object(GuzzleHttp\Handler\CurlMultiHandler), Object(GuzzleHttp\Handler\EasyHandle), Object(GuzzleHttp\Handler\CurlFactory))
#3 E:\xampp73\htdocs\filecroco\loader\vendor\guzzlehttp\guzzle\src\Handler\CurlMultiHandler.php(110): GuzzleHttp\Handler\CurlMultiHandler->processMessages()
#4 E:\xampp73\htdocs\filecroco\loader\vendor\guzzlehttp\guzzle\src\Handler\CurlMultiHandler.php(125): GuzzleHttp\Handler\CurlMultiHandler->tick()
#5 E:\xampp73\htdocs\filecroco\loader\vendor\guzzlehttp\promises\src\Promise.php(246): GuzzleHttp\Handler\CurlMultiHandler->execute(true)
#6 E:\xampp73\htdocs\filecroco\loader\vendor\guzzlehttp\promises\src\Promise.php(223): GuzzleHttp\Promise\Promise->invokeWaitFn()
#7 E:\xampp73\htdocs\filecroco\loader\vendor\guzzlehttp\promises\src\Promise.php(267): GuzzleHttp\Promise\Promise->waitIfPending()
#8 E:\xampp73\htdocs\filecroco\loader\vendor\guzzlehttp\promises\src\Promise.php(225): GuzzleHttp\Promise\Promise->invokeWaitList()
#9 E:\xampp73\htdocs\filecroco\loader\vendor\guzzlehttp\promises\src\Promise.php(62): GuzzleHttp\Promise\Promise->waitIfPending()
#10 E:\xampp73\htdocs\filecroco\loader\vendor\guzzlehttp\promises\src\EachPromise.php(101): GuzzleHttp\Promise\Promise->wait()
#11 E:\xampp73\htdocs\filecroco\loader\vendor\guzzlehttp\promises\src\Promise.php(246): GuzzleHttp\Promise\EachPromise->GuzzleHttp\Promise\{closure}(true)
#12 E:\xampp73\htdocs\filecroco\loader\vendor\guzzlehttp\promises\src\Promise.php(223): GuzzleHttp\Promise\Promise->invokeWaitFn()
#13 E:\xampp73\htdocs\filecroco\loader\vendor\guzzlehttp\promises\src\Promise.php(62): GuzzleHttp\Promise\Promise->waitIfPending()
#14 E:\xampp73\htdocs\filecroco\loader\updatedownloadlink.php(95): GuzzleHttp\Promise\Promise->wait()
#15 {main}|1117GuzzleHttp\Exception\RequestException: cURL error 56:  (see http://curl.haxx.se/libcurl/c/libcurl-errors.html) in E:\xampp73\htdocs\filecroco\loader\vendor\guzzlehttp\guzzle\src\Handler\CurlFactory.php:186
Stack trace:
#0 E:\xampp73\htdocs\filecroco\loader\vendor\guzzlehttp\guzzle\src\Handler\CurlFactory.php(149): GuzzleHttp\Handler\CurlFactory::createRejection(Object(GuzzleHttp\Handler\EasyHandle), Array)
#1 E:\xampp73\htdocs\filecroco\loader\vendor\guzzlehttp\guzzle\src\Handler\CurlFactory.php(102): GuzzleHttp\Handler\CurlFactory::finishError(Object(GuzzleHttp\Handler\CurlMultiHandler), Object(GuzzleHttp\Handler\EasyHandle), Object(GuzzleHttp\Handler\CurlFactory))
#2 E:\xampp73\htdocs\filecroco\loader\vendor\guzzlehttp\guzzle\src\Handler\CurlMultiHandler.php(181): GuzzleHttp\Handler\CurlFactory::finish(Object(GuzzleHttp\Handler\CurlMultiHandler), Object(GuzzleHttp\Handler\EasyHandle), Object(GuzzleHttp\Handler\CurlFactory))
#3 E:\xampp73\htdocs\filecroco\loader\vendor\guzzlehttp\guzzle\src\Handler\CurlMultiHandler.php(110): GuzzleHttp\Handler\CurlMultiHandler->processMessages()
#4 E:\xampp73\htdocs\filecroco\loader\vendor\guzzlehttp\guzzle\src\Handler\CurlMultiHandler.php(125): GuzzleHttp\Handler\CurlMultiHandler->tick()
#5 E:\xampp73\htdocs\filecroco\loader\vendor\guzzlehttp\promises\src\Promise.php(246): GuzzleHttp\Handler\CurlMultiHandler->execute(true)
#6 E:\xampp73\htdocs\filecroco\loader\vendor\guzzlehttp\promises\src\Promise.php(223): GuzzleHttp\Promise\Promise->invokeWaitFn()
#7 E:\xampp73\htdocs\filecroco\loader\vendor\guzzlehttp\promises\src\Promise.php(267): GuzzleHttp\Promise\Promise->waitIfPending()
#8 E:\xampp73\htdocs\filecroco\loader\vendor\guzzlehttp\promises\src\Promise.php(225): GuzzleHttp\Promise\Promise->invokeWaitList()
#9 E:\xampp73\htdocs\filecroco\loader\vendor\guzzlehttp\promises\src\Promise.php(62): GuzzleHttp\Promise\Promise->waitIfPending()
#10 E:\xampp73\htdocs\filecroco\loader\vendor\guzzlehttp\promises\src\EachPromise.php(101): GuzzleHttp\Promise\Promise->wait()
#11 E:\xampp73\htdocs\filecroco\loader\vendor\guzzlehttp\promises\src\Promise.php(246): GuzzleHttp\Promise\EachPromise->GuzzleHttp\Promise\{closure}(true)
#12 E:\xampp73\htdocs\filecroco\loader\vendor\guzzlehttp\promises\src\Promise.php(223): GuzzleHttp\Promise\Promise->invokeWaitFn()
#13 E:\xampp73\htdocs\filecroco\loader\vendor\guzzlehttp\promises\src\Promise.php(62): GuzzleHttp\Promise\Promise->waitIfPending()
#14 E:\xampp73\htdocs\filecroco\loader\updatedownloadlink.php(95): GuzzleHttp\Promise\Promise->wait()
#15 {main}|1118GuzzleHttp\Exception\RequestException: cURL error 56:  (see http://curl.haxx.se/libcurl/c/libcurl-errors.html) in E:\xampp73\htdocs\filecroco\loader\vendor\guzzlehttp\guzzle\src\Handler\CurlFactory.php:186
Stack trace:
#0 E:\xampp73\htdocs\filecroco\loader\vendor\guzzlehttp\guzzle\src\Handler\CurlFactory.php(149): GuzzleHttp\Handler\CurlFactory::createRejection(Object(GuzzleHttp\Handler\EasyHandle), Array)
#1 E:\xampp73\htdocs\filecroco\loader\vendor\guzzlehttp\guzzle\src\Handler\CurlFactory.php(102): GuzzleHttp\Handler\CurlFactory::finishError(Object(GuzzleHttp\Handler\CurlMultiHandler), Object(GuzzleHttp\Handler\EasyHandle), Object(GuzzleHttp\Handler\CurlFactory))
#2 E:\xampp73\htdocs\filecroco\loader\vendor\guzzlehttp\guzzle\src\Handler\CurlMultiHandler.php(181): GuzzleHttp\Handler\CurlFactory::finish(Object(GuzzleHttp\Handler\CurlMultiHandler), Object(GuzzleHttp\Handler\EasyHandle), Object(GuzzleHttp\Handler\CurlFactory))
#3 E:\xampp73\htdocs\filecroco\loader\vendor\guzzlehttp\guzzle\src\Handler\CurlMultiHandler.php(110): GuzzleHttp\Handler\CurlMultiHandler->processMessages()
#4 E:\xampp73\htdocs\filecroco\loader\vendor\guzzlehttp\guzzle\src\Handler\CurlMultiHandler.php(125): GuzzleHttp\Handler\CurlMultiHandler->tick()
#5 E:\xampp73\htdocs\filecroco\loader\vendor\guzzlehttp\promises\src\Promise.php(246): GuzzleHttp\Handler\CurlMultiHandler->execute(true)
#6 E:\xampp73\htdocs\filecroco\loader\vendor\guzzlehttp\promises\src\Promise.php(223): GuzzleHttp\Promise\Promise->invokeWaitFn()
#7 E:\xampp73\htdocs\filecroco\loader\vendor\guzzlehttp\promises\src\Promise.php(267): GuzzleHttp\Promise\Promise->waitIfPending()
#8 E:\xampp73\htdocs\filecroco\loader\vendor\guzzlehttp\promises\src\Promise.php(225): GuzzleHttp\Promise\Promise->invokeWaitList()
#9 E:\xampp73\htdocs\filecroco\loader\vendor\guzzlehttp\promises\src\Promise.php(62): GuzzleHttp\Promise\Promise->waitIfPending()
#10 E:\xampp73\htdocs\filecroco\loader\vendor\guzzlehttp\promises\src\EachPromise.php(101): GuzzleHttp\Promise\Promise->wait()
#11 E:\xampp73\htdocs\filecroco\loader\vendor\guzzlehttp\promises\src\Promise.php(246): GuzzleHttp\Promise\EachPromise->GuzzleHttp\Promise\{closure}(true)
#12 E:\xampp73\htdocs\filecroco\loader\vendor\guzzlehttp\promises\src\Promise.php(223): GuzzleHttp\Promise\Promise->invokeWaitFn()
#13 E:\xampp73\htdocs\filecroco\loader\vendor\guzzlehttp\promises\src\Promise.php(62): GuzzleHttp\Promise\Promise->waitIfPending()
#14 E:\xampp73\htdocs\filecroco\loader\updatedownloadlink.php(95): GuzzleHttp\Promise\Promise->wait()
#15 {main}|1119GuzzleHttp\Exception\RequestException: cURL error 56:  (see http://curl.haxx.se/libcurl/c/libcurl-errors.html) in E:\xampp73\htdocs\filecroco\loader\vendor\guzzlehttp\guzzle\src\Handler\CurlFactory.php:186
Stack trace:
#0 E:\xampp73\htdocs\filecroco\loader\vendor\guzzlehttp\guzzle\src\Handler\CurlFactory.php(149): GuzzleHttp\Handler\CurlFactory::createRejection(Object(GuzzleHttp\Handler\EasyHandle), Array)
#1 E:\xampp73\htdocs\filecroco\loader\vendor\guzzlehttp\guzzle\src\Handler\CurlFactory.php(102): GuzzleHttp\Handler\CurlFactory::finishError(Object(GuzzleHttp\Handler\CurlMultiHandler), Object(GuzzleHttp\Handler\EasyHandle), Object(GuzzleHttp\Handler\CurlFactory))
#2 E:\xampp73\htdocs\filecroco\loader\vendor\guzzlehttp\guzzle\src\Handler\CurlMultiHandler.php(181): GuzzleHttp\Handler\CurlFactory::finish(Object(GuzzleHttp\Handler\CurlMultiHandler), Object(GuzzleHttp\Handler\EasyHandle), Object(GuzzleHttp\Handler\CurlFactory))
#3 E:\xampp73\htdocs\filecroco\loader\vendor\guzzlehttp\guzzle\src\Handler\CurlMultiHandler.php(110): GuzzleHttp\Handler\CurlMultiHandler->processMessages()
#4 E:\xampp73\htdocs\filecroco\loader\vendor\guzzlehttp\guzzle\src\Handler\CurlMultiHandler.php(125): GuzzleHttp\Handler\CurlMultiHandler->tick()
#5 E:\xampp73\htdocs\filecroco\loader\vendor\guzzlehttp\promises\src\Promise.php(246): GuzzleHttp\Handler\CurlMultiHandler->execute(true)
#6 E:\xampp73\htdocs\filecroco\loader\vendor\guzzlehttp\promises\src\Promise.php(223): GuzzleHttp\Promise\Promise->invokeWaitFn()
#7 E:\xampp73\htdocs\filecroco\loader\vendor\guzzlehttp\promises\src\Promise.php(267): GuzzleHttp\Promise\Promise->waitIfPending()
#8 E:\xampp73\htdocs\filecroco\loader\vendor\guzzlehttp\promises\src\Promise.php(225): GuzzleHttp\Promise\Promise->invokeWaitList()
#9 E:\xampp73\htdocs\filecroco\loader\vendor\guzzlehttp\promises\src\Promise.php(62): GuzzleHttp\Promise\Promise->waitIfPending()
#10 E:\xampp73\htdocs\filecroco\loader\vendor\guzzlehttp\promises\src\EachPromise.php(101): GuzzleHttp\Promise\Promise->wait()
#11 E:\xampp73\htdocs\filecroco\loader\vendor\guzzlehttp\promises\src\Promise.php(246): GuzzleHttp\Promise\EachPromise->GuzzleHttp\Promise\{closure}(true)
#12 E:\xampp73\htdocs\filecroco\loader\vendor\guzzlehttp\promises\src\Promise.php(223): GuzzleHttp\Promise\Promise->invokeWaitFn()
#13 E:\xampp73\htdocs\filecroco\loader\vendor\guzzlehttp\promises\src\Promise.php(62): GuzzleHttp\Promise\Promise->waitIfPending()
#14 E:\xampp73\htdocs\filecroco\loader\updatedownloadlink.php(95): GuzzleHttp\Promise\Promise->wait()
#15 {main}|1120GuzzleHttp\Exception\RequestException: cURL error 56:  (see http://curl.haxx.se/libcurl/c/libcurl-errors.html) in E:\xampp73\htdocs\filecroco\loader\vendor\guzzlehttp\guzzle\src\Handler\CurlFactory.php:186
Stack trace:
#0 E:\xampp73\htdocs\filecroco\loader\vendor\guzzlehttp\guzzle\src\Handler\CurlFactory.php(149): GuzzleHttp\Handler\CurlFactory::createRejection(Object(GuzzleHttp\Handler\EasyHandle), Array)
#1 E:\xampp73\htdocs\filecroco\loader\vendor\guzzlehttp\guzzle\src\Handler\CurlFactory.php(102): GuzzleHttp\Handler\CurlFactory::finishError(Object(GuzzleHttp\Handler\CurlMultiHandler), Object(GuzzleHttp\Handler\EasyHandle), Object(GuzzleHttp\Handler\CurlFactory))
#2 E:\xampp73\htdocs\filecroco\loader\vendor\guzzlehttp\guzzle\src\Handler\CurlMultiHandler.php(181): GuzzleHttp\Handler\CurlFactory::finish(Object(GuzzleHttp\Handler\CurlMultiHandler), Object(GuzzleHttp\Handler\EasyHandle), Object(GuzzleHttp\Handler\CurlFactory))
#3 E:\xampp73\htdocs\filecroco\loader\vendor\guzzlehttp\guzzle\src\Handler\CurlMultiHandler.php(110): GuzzleHttp\Handler\CurlMultiHandler->processMessages()
#4 E:\xampp73\htdocs\filecroco\loader\vendor\guzzlehttp\guzzle\src\Handler\CurlMultiHandler.php(125): GuzzleHttp\Handler\CurlMultiHandler->tick()
#5 E:\xampp73\htdocs\filecroco\loader\vendor\guzzlehttp\promises\src\Promise.php(246): GuzzleHttp\Handler\CurlMultiHandler->execute(true)
#6 E:\xampp73\htdocs\filecroco\loader\vendor\guzzlehttp\promises\src\Promise.php(223): GuzzleHttp\Promise\Promise->invokeWaitFn()
#7 E:\xampp73\htdocs\filecroco\loader\vendor\guzzlehttp\promises\src\Promise.php(267): GuzzleHttp\Promise\Promise->waitIfPending()
#8 E:\xampp73\htdocs\filecroco\loader\vendor\guzzlehttp\promises\src\Promise.php(225): GuzzleHttp\Promise\Promise->invokeWaitList()
#9 E:\xampp73\htdocs\filecroco\loader\vendor\guzzlehttp\promises\src\Promise.php(62): GuzzleHttp\Promise\Promise->waitIfPending()
#10 E:\xampp73\htdocs\filecroco\loader\vendor\guzzlehttp\promises\src\EachPromise.php(101): GuzzleHttp\Promise\Promise->wait()
#11 E:\xampp73\htdocs\filecroco\loader\vendor\guzzlehttp\promises\src\Promise.php(246): GuzzleHttp\Promise\EachPromise->GuzzleHttp\Promise\{closure}(true)
#12 E:\xampp73\htdocs\filecroco\loader\vendor\guzzlehttp\promises\src\Promise.php(223): GuzzleHttp\Promise\Promise->invokeWaitFn()
#13 E:\xampp73\htdocs\filecroco\loader\vendor\guzzlehttp\promises\src\Promise.php(62): GuzzleHttp\Promise\Promise->waitIfPending()
#14 E:\xampp73\htdocs\filecroco\loader\updatedownloadlink.php(95): GuzzleHttp\Promise\Promise->wait()
#15 {main}|1121GuzzleHttp\Exception\RequestException: cURL error 56:  (see http://curl.haxx.se/libcurl/c/libcurl-errors.html) in E:\xampp73\htdocs\filecroco\loader\vendor\guzzlehttp\guzzle\src\Handler\CurlFactory.php:186
Stack trace:
#0 E:\xampp73\htdocs\filecroco\loader\vendor\guzzlehttp\guzzle\src\Handler\CurlFactory.php(149): GuzzleHttp\Handler\CurlFactory::createRejection(Object(GuzzleHttp\Handler\EasyHandle), Array)
#1 E:\xampp73\htdocs\filecroco\loader\vendor\guzzlehttp\guzzle\src\Handler\CurlFactory.php(102): GuzzleHttp\Handler\CurlFactory::finishError(Object(GuzzleHttp\Handler\CurlMultiHandler), Object(GuzzleHttp\Handler\EasyHandle), Object(GuzzleHttp\Handler\CurlFactory))
#2 E:\xampp73\htdocs\filecroco\loader\vendor\guzzlehttp\guzzle\src\Handler\CurlMultiHandler.php(181): GuzzleHttp\Handler\CurlFactory::finish(Object(GuzzleHttp\Handler\CurlMultiHandler), Object(GuzzleHttp\Handler\EasyHandle), Object(GuzzleHttp\Handler\CurlFactory))
#3 E:\xampp73\htdocs\filecroco\loader\vendor\guzzlehttp\guzzle\src\Handler\CurlMultiHandler.php(110): GuzzleHttp\Handler\CurlMultiHandler->processMessages()
#4 E:\xampp73\htdocs\filecroco\loader\vendor\guzzlehttp\guzzle\src\Handler\CurlMultiHandler.php(125): GuzzleHttp\Handler\CurlMultiHandler->tick()
#5 E:\xampp73\htdocs\filecroco\loader\vendor\guzzlehttp\promises\src\Promise.php(246): GuzzleHttp\Handler\CurlMultiHandler->execute(true)
#6 E:\xampp73\htdocs\filecroco\loader\vendor\guzzlehttp\promises\src\Promise.php(223): GuzzleHttp\Promise\Promise->invokeWaitFn()
#7 E:\xampp73\htdocs\filecroco\loader\vendor\guzzlehttp\promises\src\Promise.php(267): GuzzleHttp\Promise\Promise->waitIfPending()
#8 E:\xampp73\htdocs\filecroco\loader\vendor\guzzlehttp\promises\src\Promise.php(225): GuzzleHttp\Promise\Promise->invokeWaitList()
#9 E:\xampp73\htdocs\filecroco\loader\vendor\guzzlehttp\promises\src\Promise.php(62): GuzzleHttp\Promise\Promise->waitIfPending()
#10 E:\xampp73\htdocs\filecroco\loader\vendor\guzzlehttp\promises\src\EachPromise.php(101): GuzzleHttp\Promise\Promise->wait()
#11 E:\xampp73\htdocs\filecroco\loader\vendor\guzzlehttp\promises\src\Promise.php(246): GuzzleHttp\Promise\EachPromise->GuzzleHttp\Promise\{closure}(true)
#12 E:\xampp73\htdocs\filecroco\loader\vendor\guzzlehttp\promises\src\Promise.php(223): GuzzleHttp\Promise\Promise->invokeWaitFn()
#13 E:\xampp73\htdocs\filecroco\loader\vendor\guzzlehttp\promises\src\Promise.php(62): GuzzleHttp\Promise\Promise->waitIfPending()
#14 E:\xampp73\htdocs\filecroco\loader\updatedownloadlink.php(95): GuzzleHttp\Promise\Promise->wait()
#15 {main}|1122GuzzleHttp\Exception\RequestException: cURL error 56:  (see http://curl.haxx.se/libcurl/c/libcurl-errors.html) in E:\xampp73\htdocs\filecroco\loader\vendor\guzzlehttp\guzzle\src\Handler\CurlFactory.php:186
Stack trace:
#0 E:\xampp73\htdocs\filecroco\loader\vendor\guzzlehttp\guzzle\src\Handler\CurlFactory.php(149): GuzzleHttp\Handler\CurlFactory::createRejection(Object(GuzzleHttp\Handler\EasyHandle), Array)
#1 E:\xampp73\htdocs\filecroco\loader\vendor\guzzlehttp\guzzle\src\Handler\CurlFactory.php(102): GuzzleHttp\Handler\CurlFactory::finishError(Object(GuzzleHttp\Handler\CurlMultiHandler), Object(GuzzleHttp\Handler\EasyHandle), Object(GuzzleHttp\Handler\CurlFactory))
#2 E:\xampp73\htdocs\filecroco\loader\vendor\guzzlehttp\guzzle\src\Handler\CurlMultiHandler.php(181): GuzzleHttp\Handler\CurlFactory::finish(Object(GuzzleHttp\Handler\CurlMultiHandler), Object(GuzzleHttp\Handler\EasyHandle), Object(GuzzleHttp\Handler\CurlFactory))
#3 E:\xampp73\htdocs\filecroco\loader\vendor\guzzlehttp\guzzle\src\Handler\CurlMultiHandler.php(110): GuzzleHttp\Handler\CurlMultiHandler->processMessages()
#4 E:\xampp73\htdocs\filecroco\loader\vendor\guzzlehttp\guzzle\src\Handler\CurlMultiHandler.php(125): GuzzleHttp\Handler\CurlMultiHandler->tick()
#5 E:\xampp73\htdocs\filecroco\loader\vendor\guzzlehttp\promises\src\Promise.php(246): GuzzleHttp\Handler\CurlMultiHandler->execute(true)
#6 E:\xampp73\htdocs\filecroco\loader\vendor\guzzlehttp\promises\src\Promise.php(223): GuzzleHttp\Promise\Promise->invokeWaitFn()
#7 E:\xampp73\htdocs\filecroco\loader\vendor\guzzlehttp\promises\src\Promise.php(267): GuzzleHttp\Promise\Promise->waitIfPending()
#8 E:\xampp73\htdocs\filecroco\loader\vendor\guzzlehttp\promises\src\Promise.php(225): GuzzleHttp\Promise\Promise->invokeWaitList()
#9 E:\xampp73\htdocs\filecroco\loader\vendor\guzzlehttp\promises\src\Promise.php(62): GuzzleHttp\Promise\Promise->waitIfPending()
#10 E:\xampp73\htdocs\filecroco\loader\vendor\guzzlehttp\promises\src\EachPromise.php(101): GuzzleHttp\Promise\Promise->wait()
#11 E:\xampp73\htdocs\filecroco\loader\vendor\guzzlehttp\promises\src\Promise.php(246): GuzzleHttp\Promise\EachPromise->GuzzleHttp\Promise\{closure}(true)
#12 E:\xampp73\htdocs\filecroco\loader\vendor\guzzlehttp\promises\src\Promise.php(223): GuzzleHttp\Promise\Promise->invokeWaitFn()
#13 E:\xampp73\htdocs\filecroco\loader\vendor\guzzlehttp\promises\src\Promise.php(62): GuzzleHttp\Promise\Promise->waitIfPending()
#14 E:\xampp73\htdocs\filecroco\loader\updatedownloadlink.php(95): GuzzleHttp\Promise\Promise->wait()
#15 {main}|1123GuzzleHttp\Exception\RequestException: cURL error 56:  (see http://curl.haxx.se/libcurl/c/libcurl-errors.html) in E:\xampp73\htdocs\filecroco\loader\vendor\guzzlehttp\guzzle\src\Handler\CurlFactory.php:186
Stack trace:
#0 E:\xampp73\htdocs\filecroco\loader\vendor\guzzlehttp\guzzle\src\Handler\CurlFactory.php(149): GuzzleHttp\Handler\CurlFactory::createRejection(Object(GuzzleHttp\Handler\EasyHandle), Array)
#1 E:\xampp73\htdocs\filecroco\loader\vendor\guzzlehttp\guzzle\src\Handler\CurlFactory.php(102): GuzzleHttp\Handler\CurlFactory::finishError(Object(GuzzleHttp\Handler\CurlMultiHandler), Object(GuzzleHttp\Handler\EasyHandle), Object(GuzzleHttp\Handler\CurlFactory))
#2 E:\xampp73\htdocs\filecroco\loader\vendor\guzzlehttp\guzzle\src\Handler\CurlMultiHandler.php(181): GuzzleHttp\Handler\CurlFactory::finish(Object(GuzzleHttp\Handler\CurlMultiHandler), Object(GuzzleHttp\Handler\EasyHandle), Object(GuzzleHttp\Handler\CurlFactory))
#3 E:\xampp73\htdocs\filecroco\loader\vendor\guzzlehttp\guzzle\src\Handler\CurlMultiHandler.php(110): GuzzleHttp\Handler\CurlMultiHandler->processMessages()
#4 E:\xampp73\htdocs\filecroco\loader\vendor\guzzlehttp\guzzle\src\Handler\CurlMultiHandler.php(125): GuzzleHttp\Handler\CurlMultiHandler->tick()
#5 E:\xampp73\htdocs\filecroco\loader\vendor\guzzlehttp\promises\src\Promise.php(246): GuzzleHttp\Handler\CurlMultiHandler->execute(true)
#6 E:\xampp73\htdocs\filecroco\loader\vendor\guzzlehttp\promises\src\Promise.php(223): GuzzleHttp\Promise\Promise->invokeWaitFn()
#7 E:\xampp73\htdocs\filecroco\loader\vendor\guzzlehttp\promises\src\Promise.php(267): GuzzleHttp\Promise\Promise->waitIfPending()
#8 E:\xampp73\htdocs\filecroco\loader\vendor\guzzlehttp\promises\src\Promise.php(225): GuzzleHttp\Promise\Promise->invokeWaitList()
#9 E:\xampp73\htdocs\filecroco\loader\vendor\guzzlehttp\promises\src\Promise.php(62): GuzzleHttp\Promise\Promise->waitIfPending()
#10 E:\xampp73\htdocs\filecroco\loader\vendor\guzzlehttp\promises\src\EachPromise.php(101): GuzzleHttp\Promise\Promise->wait()
#11 E:\xampp73\htdocs\filecroco\loader\vendor\guzzlehttp\promises\src\Promise.php(246): GuzzleHttp\Promise\EachPromise->GuzzleHttp\Promise\{closure}(true)
#12 E:\xampp73\htdocs\filecroco\loader\vendor\guzzlehttp\promises\src\Promise.php(223): GuzzleHttp\Promise\Promise->invokeWaitFn()
#13 E:\xampp73\htdocs\filecroco\loader\vendor\guzzlehttp\promises\src\Promise.php(62): GuzzleHttp\Promise\Promise->waitIfPending()
#14 E:\xampp73\htdocs\filecroco\loader\updatedownloadlink.php(95): GuzzleHttp\Promise\Promise->wait()
#15 {main}|1124GuzzleHttp\Exception\RequestException: cURL error 56:  (see http://curl.haxx.se/libcurl/c/libcurl-errors.html) in E:\xampp73\htdocs\filecroco\loader\vendor\guzzlehttp\guzzle\src\Handler\CurlFactory.php:186
Stack trace:
#0 E:\xampp73\htdocs\filecroco\loader\vendor\guzzlehttp\guzzle\src\Handler\CurlFactory.php(149): GuzzleHttp\Handler\CurlFactory::createRejection(Object(GuzzleHttp\Handler\EasyHandle), Array)
#1 E:\xampp73\htdocs\filecroco\loader\vendor\guzzlehttp\guzzle\src\Handler\CurlFactory.php(102): GuzzleHttp\Handler\CurlFactory::finishError(Object(GuzzleHttp\Handler\CurlMultiHandler), Object(GuzzleHttp\Handler\EasyHandle), Object(GuzzleHttp\Handler\CurlFactory))
#2 E:\xampp73\htdocs\filecroco\loader\vendor\guzzlehttp\guzzle\src\Handler\CurlMultiHandler.php(181): GuzzleHttp\Handler\CurlFactory::finish(Object(GuzzleHttp\Handler\CurlMultiHandler), Object(GuzzleHttp\Handler\EasyHandle), Object(GuzzleHttp\Handler\CurlFactory))
#3 E:\xampp73\htdocs\filecroco\loader\vendor\guzzlehttp\guzzle\src\Handler\CurlMultiHandler.php(110): GuzzleHttp\Handler\CurlMultiHandler->processMessages()
#4 E:\xampp73\htdocs\filecroco\loader\vendor\guzzlehttp\guzzle\src\Handler\CurlMultiHandler.php(125): GuzzleHttp\Handler\CurlMultiHandler->tick()
#5 E:\xampp73\htdocs\filecroco\loader\vendor\guzzlehttp\promises\src\Promise.php(246): GuzzleHttp\Handler\CurlMultiHandler->execute(true)
#6 E:\xampp73\htdocs\filecroco\loader\vendor\guzzlehttp\promises\src\Promise.php(223): GuzzleHttp\Promise\Promise->invokeWaitFn()
#7 E:\xampp73\htdocs\filecroco\loader\vendor\guzzlehttp\promises\src\Promise.php(267): GuzzleHttp\Promise\Promise->waitIfPending()
#8 E:\xampp73\htdocs\filecroco\loader\vendor\guzzlehttp\promises\src\Promise.php(225): GuzzleHttp\Promise\Promise->invokeWaitList()
#9 E:\xampp73\htdocs\filecroco\loader\vendor\guzzlehttp\promises\src\Promise.php(62): GuzzleHttp\Promise\Promise->waitIfPending()
#10 E:\xampp73\htdocs\filecroco\loader\vendor\guzzlehttp\promises\src\EachPromise.php(101): GuzzleHttp\Promise\Promise->wait()
#11 E:\xampp73\htdocs\filecroco\loader\vendor\guzzlehttp\promises\src\Promise.php(246): GuzzleHttp\Promise\EachPromise->GuzzleHttp\Promise\{closure}(true)
#12 E:\xampp73\htdocs\filecroco\loader\vendor\guzzlehttp\promises\src\Promise.php(223): GuzzleHttp\Promise\Promise->invokeWaitFn()
#13 E:\xampp73\htdocs\filecroco\loader\vendor\guzzlehttp\promises\src\Promise.php(62): GuzzleHttp\Promise\Promise->waitIfPending()
#14 E:\xampp73\htdocs\filecroco\loader\updatedownloadlink.php(95): GuzzleHttp\Promise\Promise->wait()
#15 {main}|1125GuzzleHttp\Exception\RequestException: cURL error 56:  (see http://curl.haxx.se/libcurl/c/libcurl-errors.html) in E:\xampp73\htdocs\filecroco\loader\vendor\guzzlehttp\guzzle\src\Handler\CurlFactory.php:186
Stack trace:
#0 E:\xampp73\htdocs\filecroco\loader\vendor\guzzlehttp\guzzle\src\Handler\CurlFactory.php(149): GuzzleHttp\Handler\CurlFactory::createRejection(Object(GuzzleHttp\Handler\EasyHandle), Array)
#1 E:\xampp73\htdocs\filecroco\loader\vendor\guzzlehttp\guzzle\src\Handler\CurlFactory.php(102): GuzzleHttp\Handler\CurlFactory::finishError(Object(GuzzleHttp\Handler\CurlMultiHandler), Object(GuzzleHttp\Handler\EasyHandle), Object(GuzzleHttp\Handler\CurlFactory))
#2 E:\xampp73\htdocs\filecroco\loader\vendor\guzzlehttp\guzzle\src\Handler\CurlMultiHandler.php(181): GuzzleHttp\Handler\CurlFactory::finish(Object(GuzzleHttp\Handler\CurlMultiHandler), Object(GuzzleHttp\Handler\EasyHandle), Object(GuzzleHttp\Handler\CurlFactory))
#3 E:\xampp73\htdocs\filecroco\loader\vendor\guzzlehttp\guzzle\src\Handler\CurlMultiHandler.php(110): GuzzleHttp\Handler\CurlMultiHandler->processMessages()
#4 E:\xampp73\htdocs\filecroco\loader\vendor\guzzlehttp\guzzle\src\Handler\CurlMultiHandler.php(125): GuzzleHttp\Handler\CurlMultiHandler->tick()
#5 E:\xampp73\htdocs\filecroco\loader\vendor\guzzlehttp\promises\src\Promise.php(246): GuzzleHttp\Handler\CurlMultiHandler->execute(true)
#6 E:\xampp73\htdocs\filecroco\loader\vendor\guzzlehttp\promises\src\Promise.php(223): GuzzleHttp\Promise\Promise->invokeWaitFn()
#7 E:\xampp73\htdocs\filecroco\loader\vendor\guzzlehttp\promises\src\Promise.php(267): GuzzleHttp\Promise\Promise->waitIfPending()
#8 E:\xampp73\htdocs\filecroco\loader\vendor\guzzlehttp\promises\src\Promise.php(225): GuzzleHttp\Promise\Promise->invokeWaitList()
#9 E:\xampp73\htdocs\filecroco\loader\vendor\guzzlehttp\promises\src\Promise.php(62): GuzzleHttp\Promise\Promise->waitIfPending()
#10 E:\xampp73\htdocs\filecroco\loader\vendor\guzzlehttp\promises\src\EachPromise.php(101): GuzzleHttp\Promise\Promise->wait()
#11 E:\xampp73\htdocs\filecroco\loader\vendor\guzzlehttp\promises\src\Promise.php(246): GuzzleHttp\Promise\EachPromise->GuzzleHttp\Promise\{closure}(true)
#12 E:\xampp73\htdocs\filecroco\loader\vendor\guzzlehttp\promises\src\Promise.php(223): GuzzleHttp\Promise\Promise->invokeWaitFn()
#13 E:\xampp73\htdocs\filecroco\loader\vendor\guzzlehttp\promises\src\Promise.php(62): GuzzleHttp\Promise\Promise->waitIfPending()
#14 E:\xampp73\htdocs\filecroco\loader\updatedownloadlink.php(95): GuzzleHttp\Promise\Promise->wait()
#15 {main}|1126GuzzleHttp\Exception\RequestException: cURL error 56:  (see http://curl.haxx.se/libcurl/c/libcurl-errors.html) in E:\xampp73\htdocs\filecroco\loader\vendor\guzzlehttp\guzzle\src\Handler\CurlFactory.php:186
Stack trace:
#0 E:\xampp73\htdocs\filecroco\loader\vendor\guzzlehttp\guzzle\src\Handler\CurlFactory.php(149): GuzzleHttp\Handler\CurlFactory::createRejection(Object(GuzzleHttp\Handler\EasyHandle), Array)
#1 E:\xampp73\htdocs\filecroco\loader\vendor\guzzlehttp\guzzle\src\Handler\CurlFactory.php(102): GuzzleHttp\Handler\CurlFactory::finishError(Object(GuzzleHttp\Handler\CurlMultiHandler), Object(GuzzleHttp\Handler\EasyHandle), Object(GuzzleHttp\Handler\CurlFactory))
#2 E:\xampp73\htdocs\filecroco\loader\vendor\guzzlehttp\guzzle\src\Handler\CurlMultiHandler.php(181): GuzzleHttp\Handler\CurlFactory::finish(Object(GuzzleHttp\Handler\CurlMultiHandler), Object(GuzzleHttp\Handler\EasyHandle), Object(GuzzleHttp\Handler\CurlFactory))
#3 E:\xampp73\htdocs\filecroco\loader\vendor\guzzlehttp\guzzle\src\Handler\CurlMultiHandler.php(110): GuzzleHttp\Handler\CurlMultiHandler->processMessages()
#4 E:\xampp73\htdocs\filecroco\loader\vendor\guzzlehttp\guzzle\src\Handler\CurlMultiHandler.php(125): GuzzleHttp\Handler\CurlMultiHandler->tick()
#5 E:\xampp73\htdocs\filecroco\loader\vendor\guzzlehttp\promises\src\Promise.php(246): GuzzleHttp\Handler\CurlMultiHandler->execute(true)
#6 E:\xampp73\htdocs\filecroco\loader\vendor\guzzlehttp\promises\src\Promise.php(223): GuzzleHttp\Promise\Promise->invokeWaitFn()
#7 E:\xampp73\htdocs\filecroco\loader\vendor\guzzlehttp\promises\src\Promise.php(267): GuzzleHttp\Promise\Promise->waitIfPending()
#8 E:\xampp73\htdocs\filecroco\loader\vendor\guzzlehttp\promises\src\Promise.php(225): GuzzleHttp\Promise\Promise->invokeWaitList()
#9 E:\xampp73\htdocs\filecroco\loader\vendor\guzzlehttp\promises\src\Promise.php(62): GuzzleHttp\Promise\Promise->waitIfPending()
#10 E:\xampp73\htdocs\filecroco\loader\vendor\guzzlehttp\promises\src\EachPromise.php(101): GuzzleHttp\Promise\Promise->wait()
#11 E:\xampp73\htdocs\filecroco\loader\vendor\guzzlehttp\promises\src\Promise.php(246): GuzzleHttp\Promise\EachPromise->GuzzleHttp\Promise\{closure}(true)
#12 E:\xampp73\htdocs\filecroco\loader\vendor\guzzlehttp\promises\src\Promise.php(223): GuzzleHttp\Promise\Promise->invokeWaitFn()
#13 E:\xampp73\htdocs\filecroco\loader\vendor\guzzlehttp\promises\src\Promise.php(62): GuzzleHttp\Promise\Promise->waitIfPending()
#14 E:\xampp73\htdocs\filecroco\loader\updatedownloadlink.php(95): GuzzleHttp\Promise\Promise->wait()
#15 {main}|1127GuzzleHttp\Exception\RequestException: cURL error 56:  (see http://curl.haxx.se/libcurl/c/libcurl-errors.html) in E:\xampp73\htdocs\filecroco\loader\vendor\guzzlehttp\guzzle\src\Handler\CurlFactory.php:186
Stack trace:
#0 E:\xampp73\htdocs\filecroco\loader\vendor\guzzlehttp\guzzle\src\Handler\CurlFactory.php(149): GuzzleHttp\Handler\CurlFactory::createRejection(Object(GuzzleHttp\Handler\EasyHandle), Array)
#1 E:\xampp73\htdocs\filecroco\loader\vendor\guzzlehttp\guzzle\src\Handler\CurlFactory.php(102): GuzzleHttp\Handler\CurlFactory::finishError(Object(GuzzleHttp\Handler\CurlMultiHandler), Object(GuzzleHttp\Handler\EasyHandle), Object(GuzzleHttp\Handler\CurlFactory))
#2 E:\xampp73\htdocs\filecroco\loader\vendor\guzzlehttp\guzzle\src\Handler\CurlMultiHandler.php(181): GuzzleHttp\Handler\CurlFactory::finish(Object(GuzzleHttp\Handler\CurlMultiHandler), Object(GuzzleHttp\Handler\EasyHandle), Object(GuzzleHttp\Handler\CurlFactory))
#3 E:\xampp73\htdocs\filecroco\loader\vendor\guzzlehttp\guzzle\src\Handler\CurlMultiHandler.php(110): GuzzleHttp\Handler\CurlMultiHandler->processMessages()
#4 E:\xampp73\htdocs\filecroco\loader\vendor\guzzlehttp\guzzle\src\Handler\CurlMultiHandler.php(125): GuzzleHttp\Handler\CurlMultiHandler->tick()
#5 E:\xampp73\htdocs\filecroco\loader\vendor\guzzlehttp\promises\src\Promise.php(246): GuzzleHttp\Handler\CurlMultiHandler->execute(true)
#6 E:\xampp73\htdocs\filecroco\loader\vendor\guzzlehttp\promises\src\Promise.php(223): GuzzleHttp\Promise\Promise->invokeWaitFn()
#7 E:\xampp73\htdocs\filecroco\loader\vendor\guzzlehttp\promises\src\Promise.php(267): GuzzleHttp\Promise\Promise->waitIfPending()
#8 E:\xampp73\htdocs\filecroco\loader\vendor\guzzlehttp\promises\src\Promise.php(225): GuzzleHttp\Promise\Promise->invokeWaitList()
#9 E:\xampp73\htdocs\filecroco\loader\vendor\guzzlehttp\promises\src\Promise.php(62): GuzzleHttp\Promise\Promise->waitIfPending()
#10 E:\xampp73\htdocs\filecroco\loader\vendor\guzzlehttp\promises\src\EachPromise.php(101): GuzzleHttp\Promise\Promise->wait()
#11 E:\xampp73\htdocs\filecroco\loader\vendor\guzzlehttp\promises\src\Promise.php(246): GuzzleHttp\Promise\EachPromise->GuzzleHttp\Promise\{closure}(true)
#12 E:\xampp73\htdocs\filecroco\loader\vendor\guzzlehttp\promises\src\Promise.php(223): GuzzleHttp\Promise\Promise->invokeWaitFn()
#13 E:\xampp73\htdocs\filecroco\loader\vendor\guzzlehttp\promises\src\Promise.php(62): GuzzleHttp\Promise\Promise->waitIfPending()
#14 E:\xampp73\htdocs\filecroco\loader\updatedownloadlink.php(95): GuzzleHttp\Promise\Promise->wait()
#15 {main}|1128GuzzleHttp\Exception\RequestException: cURL error 56:  (see http://curl.haxx.se/libcurl/c/libcurl-errors.html) in E:\xampp73\htdocs\filecroco\loader\vendor\guzzlehttp\guzzle\src\Handler\CurlFactory.php:186
Stack trace:
#0 E:\xampp73\htdocs\filecroco\loader\vendor\guzzlehttp\guzzle\src\Handler\CurlFactory.php(149): GuzzleHttp\Handler\CurlFactory::createRejection(Object(GuzzleHttp\Handler\EasyHandle), Array)
#1 E:\xampp73\htdocs\filecroco\loader\vendor\guzzlehttp\guzzle\src\Handler\CurlFactory.php(102): GuzzleHttp\Handler\CurlFactory::finishError(Object(GuzzleHttp\Handler\CurlMultiHandler), Object(GuzzleHttp\Handler\EasyHandle), Object(GuzzleHttp\Handler\CurlFactory))
#2 E:\xampp73\htdocs\filecroco\loader\vendor\guzzlehttp\guzzle\src\Handler\CurlMultiHandler.php(181): GuzzleHttp\Handler\CurlFactory::finish(Object(GuzzleHttp\Handler\CurlMultiHandler), Object(GuzzleHttp\Handler\EasyHandle), Object(GuzzleHttp\Handler\CurlFactory))
#3 E:\xampp73\htdocs\filecroco\loader\vendor\guzzlehttp\guzzle\src\Handler\CurlMultiHandler.php(110): GuzzleHttp\Handler\CurlMultiHandler->processMessages()
#4 E:\xampp73\htdocs\filecroco\loader\vendor\guzzlehttp\guzzle\src\Handler\CurlMultiHandler.php(125): GuzzleHttp\Handler\CurlMultiHandler->tick()
#5 E:\xampp73\htdocs\filecroco\loader\vendor\guzzlehttp\promises\src\Promise.php(246): GuzzleHttp\Handler\CurlMultiHandler->execute(true)
#6 E:\xampp73\htdocs\filecroco\loader\vendor\guzzlehttp\promises\src\Promise.php(223): GuzzleHttp\Promise\Promise->invokeWaitFn()
#7 E:\xampp73\htdocs\filecroco\loader\vendor\guzzlehttp\promises\src\Promise.php(267): GuzzleHttp\Promise\Promise->waitIfPending()
#8 E:\xampp73\htdocs\filecroco\loader\vendor\guzzlehttp\promises\src\Promise.php(225): GuzzleHttp\Promise\Promise->invokeWaitList()
#9 E:\xampp73\htdocs\filecroco\loader\vendor\guzzlehttp\promises\src\Promise.php(62): GuzzleHttp\Promise\Promise->waitIfPending()
#10 E:\xampp73\htdocs\filecroco\loader\vendor\guzzlehttp\promises\src\EachPromise.php(101): GuzzleHttp\Promise\Promise->wait()
#11 E:\xampp73\htdocs\filecroco\loader\vendor\guzzlehttp\promises\src\Promise.php(246): GuzzleHttp\Promise\EachPromise->GuzzleHttp\Promise\{closure}(true)
#12 E:\xampp73\htdocs\filecroco\loader\vendor\guzzlehttp\promises\src\Promise.php(223): GuzzleHttp\Promise\Promise->invokeWaitFn()
#13 E:\xampp73\htdocs\filecroco\loader\vendor\guzzlehttp\promises\src\Promise.php(62): GuzzleHttp\Promise\Promise->waitIfPending()
#14 E:\xampp73\htdocs\filecroco\loader\updatedownloadlink.php(95): GuzzleHttp\Promise\Promise->wait()
#15 {main}|1129GuzzleHttp\Exception\RequestException: cURL error 56:  (see http://curl.haxx.se/libcurl/c/libcurl-errors.html) in E:\xampp73\htdocs\filecroco\loader\vendor\guzzlehttp\guzzle\src\Handler\CurlFactory.php:186
Stack trace:
#0 E:\xampp73\htdocs\filecroco\loader\vendor\guzzlehttp\guzzle\src\Handler\CurlFactory.php(149): GuzzleHttp\Handler\CurlFactory::createRejection(Object(GuzzleHttp\Handler\EasyHandle), Array)
#1 E:\xampp73\htdocs\filecroco\loader\vendor\guzzlehttp\guzzle\src\Handler\CurlFactory.php(102): GuzzleHttp\Handler\CurlFactory::finishError(Object(GuzzleHttp\Handler\CurlMultiHandler), Object(GuzzleHttp\Handler\EasyHandle), Object(GuzzleHttp\Handler\CurlFactory))
#2 E:\xampp73\htdocs\filecroco\loader\vendor\guzzlehttp\guzzle\src\Handler\CurlMultiHandler.php(181): GuzzleHttp\Handler\CurlFactory::finish(Object(GuzzleHttp\Handler\CurlMultiHandler), Object(GuzzleHttp\Handler\EasyHandle), Object(GuzzleHttp\Handler\CurlFactory))
#3 E:\xampp73\htdocs\filecroco\loader\vendor\guzzlehttp\guzzle\src\Handler\CurlMultiHandler.php(110): GuzzleHttp\Handler\CurlMultiHandler->processMessages()
#4 E:\xampp73\htdocs\filecroco\loader\vendor\guzzlehttp\guzzle\src\Handler\CurlMultiHandler.php(125): GuzzleHttp\Handler\CurlMultiHandler->tick()
#5 E:\xampp73\htdocs\filecroco\loader\vendor\guzzlehttp\promises\src\Promise.php(246): GuzzleHttp\Handler\CurlMultiHandler->execute(true)
#6 E:\xampp73\htdocs\filecroco\loader\vendor\guzzlehttp\promises\src\Promise.php(223): GuzzleHttp\Promise\Promise->invokeWaitFn()
#7 E:\xampp73\htdocs\filecroco\loader\vendor\guzzlehttp\promises\src\Promise.php(267): GuzzleHttp\Promise\Promise->waitIfPending()
#8 E:\xampp73\htdocs\filecroco\loader\vendor\guzzlehttp\promises\src\Promise.php(225): GuzzleHttp\Promise\Promise->invokeWaitList()
#9 E:\xampp73\htdocs\filecroco\loader\vendor\guzzlehttp\promises\src\Promise.php(62): GuzzleHttp\Promise\Promise->waitIfPending()
#10 E:\xampp73\htdocs\filecroco\loader\vendor\guzzlehttp\promises\src\EachPromise.php(101): GuzzleHttp\Promise\Promise->wait()
#11 E:\xampp73\htdocs\filecroco\loader\vendor\guzzlehttp\promises\src\Promise.php(246): GuzzleHttp\Promise\EachPromise->GuzzleHttp\Promise\{closure}(true)
#12 E:\xampp73\htdocs\filecroco\loader\vendor\guzzlehttp\promises\src\Promise.php(223): GuzzleHttp\Promise\Promise->invokeWaitFn()
#13 E:\xampp73\htdocs\filecroco\loader\vendor\guzzlehttp\promises\src\Promise.php(62): GuzzleHttp\Promise\Promise->waitIfPending()
#14 E:\xampp73\htdocs\filecroco\loader\updatedownloadlink.php(95): GuzzleHttp\Promise\Promise->wait()
#15 {main}|1130GuzzleHttp\Exception\RequestException: cURL error 56:  (see http://curl.haxx.se/libcurl/c/libcurl-errors.html) in E:\xampp73\htdocs\filecroco\loader\vendor\guzzlehttp\guzzle\src\Handler\CurlFactory.php:186
Stack trace:
#0 E:\xampp73\htdocs\filecroco\loader\vendor\guzzlehttp\guzzle\src\Handler\CurlFactory.php(149): GuzzleHttp\Handler\CurlFactory::createRejection(Object(GuzzleHttp\Handler\EasyHandle), Array)
#1 E:\xampp73\htdocs\filecroco\loader\vendor\guzzlehttp\guzzle\src\Handler\CurlFactory.php(102): GuzzleHttp\Handler\CurlFactory::finishError(Object(GuzzleHttp\Handler\CurlMultiHandler), Object(GuzzleHttp\Handler\EasyHandle), Object(GuzzleHttp\Handler\CurlFactory))
#2 E:\xampp73\htdocs\filecroco\loader\vendor\guzzlehttp\guzzle\src\Handler\CurlMultiHandler.php(181): GuzzleHttp\Handler\CurlFactory::finish(Object(GuzzleHttp\Handler\CurlMultiHandler), Object(GuzzleHttp\Handler\EasyHandle), Object(GuzzleHttp\Handler\CurlFactory))
#3 E:\xampp73\htdocs\filecroco\loader\vendor\guzzlehttp\guzzle\src\Handler\CurlMultiHandler.php(110): GuzzleHttp\Handler\CurlMultiHandler->processMessages()
#4 E:\xampp73\htdocs\filecroco\loader\vendor\guzzlehttp\guzzle\src\Handler\CurlMultiHandler.php(125): GuzzleHttp\Handler\CurlMultiHandler->tick()
#5 E:\xampp73\htdocs\filecroco\loader\vendor\guzzlehttp\promises\src\Promise.php(246): GuzzleHttp\Handler\CurlMultiHandler->execute(true)
#6 E:\xampp73\htdocs\filecroco\loader\vendor\guzzlehttp\promises\src\Promise.php(223): GuzzleHttp\Promise\Promise->invokeWaitFn()
#7 E:\xampp73\htdocs\filecroco\loader\vendor\guzzlehttp\promises\src\Promise.php(267): GuzzleHttp\Promise\Promise->waitIfPending()
#8 E:\xampp73\htdocs\filecroco\loader\vendor\guzzlehttp\promises\src\Promise.php(225): GuzzleHttp\Promise\Promise->invokeWaitList()
#9 E:\xampp73\htdocs\filecroco\loader\vendor\guzzlehttp\promises\src\Promise.php(62): GuzzleHttp\Promise\Promise->waitIfPending()
#10 E:\xampp73\htdocs\filecroco\loader\vendor\guzzlehttp\promises\src\EachPromise.php(101): GuzzleHttp\Promise\Promise->wait()
#11 E:\xampp73\htdocs\filecroco\loader\vendor\guzzlehttp\promises\src\Promise.php(246): GuzzleHttp\Promise\EachPromise->GuzzleHttp\Promise\{closure}(true)
#12 E:\xampp73\htdocs\filecroco\loader\vendor\guzzlehttp\promises\src\Promise.php(223): GuzzleHttp\Promise\Promise->invokeWaitFn()
#13 E:\xampp73\htdocs\filecroco\loader\vendor\guzzlehttp\promises\src\Promise.php(62): GuzzleHttp\Promise\Promise->waitIfPending()
#14 E:\xampp73\htdocs\filecroco\loader\updatedownloadlink.php(95): GuzzleHttp\Promise\Promise->wait()
#15 {main}|1131GuzzleHttp\Exception\RequestException: cURL error 56:  (see http://curl.haxx.se/libcurl/c/libcurl-errors.html) in E:\xampp73\htdocs\filecroco\loader\vendor\guzzlehttp\guzzle\src\Handler\CurlFactory.php:186
Stack trace:
#0 E:\xampp73\htdocs\filecroco\loader\vendor\guzzlehttp\guzzle\src\Handler\CurlFactory.php(149): GuzzleHttp\Handler\CurlFactory::createRejection(Object(GuzzleHttp\Handler\EasyHandle), Array)
#1 E:\xampp73\htdocs\filecroco\loader\vendor\guzzlehttp\guzzle\src\Handler\CurlFactory.php(102): GuzzleHttp\Handler\CurlFactory::finishError(Object(GuzzleHttp\Handler\CurlMultiHandler), Object(GuzzleHttp\Handler\EasyHandle), Object(GuzzleHttp\Handler\CurlFactory))
#2 E:\xampp73\htdocs\filecroco\loader\vendor\guzzlehttp\guzzle\src\Handler\CurlMultiHandler.php(181): GuzzleHttp\Handler\CurlFactory::finish(Object(GuzzleHttp\Handler\CurlMultiHandler), Object(GuzzleHttp\Handler\EasyHandle), Object(GuzzleHttp\Handler\CurlFactory))
#3 E:\xampp73\htdocs\filecroco\loader\vendor\guzzlehttp\guzzle\src\Handler\CurlMultiHandler.php(110): GuzzleHttp\Handler\CurlMultiHandler->processMessages()
#4 E:\xampp73\htdocs\filecroco\loader\vendor\guzzlehttp\guzzle\src\Handler\CurlMultiHandler.php(125): GuzzleHttp\Handler\CurlMultiHandler->tick()
#5 E:\xampp73\htdocs\filecroco\loader\vendor\guzzlehttp\promises\src\Promise.php(246): GuzzleHttp\Handler\CurlMultiHandler->execute(true)
#6 E:\xampp73\htdocs\filecroco\loader\vendor\guzzlehttp\promises\src\Promise.php(223): GuzzleHttp\Promise\Promise->invokeWaitFn()
#7 E:\xampp73\htdocs\filecroco\loader\vendor\guzzlehttp\promises\src\Promise.php(267): GuzzleHttp\Promise\Promise->waitIfPending()
#8 E:\xampp73\htdocs\filecroco\loader\vendor\guzzlehttp\promises\src\Promise.php(225): GuzzleHttp\Promise\Promise->invokeWaitList()
#9 E:\xampp73\htdocs\filecroco\loader\vendor\guzzlehttp\promises\src\Promise.php(62): GuzzleHttp\Promise\Promise->waitIfPending()
#10 E:\xampp73\htdocs\filecroco\loader\vendor\guzzlehttp\promises\src\EachPromise.php(101): GuzzleHttp\Promise\Promise->wait()
#11 E:\xampp73\htdocs\filecroco\loader\vendor\guzzlehttp\promises\src\Promise.php(246): GuzzleHttp\Promise\EachPromise->GuzzleHttp\Promise\{closure}(true)
#12 E:\xampp73\htdocs\filecroco\loader\vendor\guzzlehttp\promises\src\Promise.php(223): GuzzleHttp\Promise\Promise->invokeWaitFn()
#13 E:\xampp73\htdocs\filecroco\loader\vendor\guzzlehttp\promises\src\Promise.php(62): GuzzleHttp\Promise\Promise->waitIfPending()
#14 E:\xampp73\htdocs\filecroco\loader\updatedownloadlink.php(95): GuzzleHttp\Promise\Promise->wait()
#15 {main}|1132GuzzleHttp\Exception\RequestException: cURL error 56:  (see http://curl.haxx.se/libcurl/c/libcurl-errors.html) in E:\xampp73\htdocs\filecroco\loader\vendor\guzzlehttp\guzzle\src\Handler\CurlFactory.php:186
Stack trace:
#0 E:\xampp73\htdocs\filecroco\loader\vendor\guzzlehttp\guzzle\src\Handler\CurlFactory.php(149): GuzzleHttp\Handler\CurlFactory::createRejection(Object(GuzzleHttp\Handler\EasyHandle), Array)
#1 E:\xampp73\htdocs\filecroco\loader\vendor\guzzlehttp\guzzle\src\Handler\CurlFactory.php(102): GuzzleHttp\Handler\CurlFactory::finishError(Object(GuzzleHttp\Handler\CurlMultiHandler), Object(GuzzleHttp\Handler\EasyHandle), Object(GuzzleHttp\Handler\CurlFactory))
#2 E:\xampp73\htdocs\filecroco\loader\vendor\guzzlehttp\guzzle\src\Handler\CurlMultiHandler.php(181): GuzzleHttp\Handler\CurlFactory::finish(Object(GuzzleHttp\Handler\CurlMultiHandler), Object(GuzzleHttp\Handler\EasyHandle), Object(GuzzleHttp\Handler\CurlFactory))
#3 E:\xampp73\htdocs\filecroco\loader\vendor\guzzlehttp\guzzle\src\Handler\CurlMultiHandler.php(110): GuzzleHttp\Handler\CurlMultiHandler->processMessages()
#4 E:\xampp73\htdocs\filecroco\loader\vendor\guzzlehttp\guzzle\src\Handler\CurlMultiHandler.php(125): GuzzleHttp\Handler\CurlMultiHandler->tick()
#5 E:\xampp73\htdocs\filecroco\loader\vendor\guzzlehttp\promises\src\Promise.php(246): GuzzleHttp\Handler\CurlMultiHandler->execute(true)
#6 E:\xampp73\htdocs\filecroco\loader\vendor\guzzlehttp\promises\src\Promise.php(223): GuzzleHttp\Promise\Promise->invokeWaitFn()
#7 E:\xampp73\htdocs\filecroco\loader\vendor\guzzlehttp\promises\src\Promise.php(267): GuzzleHttp\Promise\Promise->waitIfPending()
#8 E:\xampp73\htdocs\filecroco\loader\vendor\guzzlehttp\promises\src\Promise.php(225): GuzzleHttp\Promise\Promise->invokeWaitList()
#9 E:\xampp73\htdocs\filecroco\loader\vendor\guzzlehttp\promises\src\Promise.php(62): GuzzleHttp\Promise\Promise->waitIfPending()
#10 E:\xampp73\htdocs\filecroco\loader\vendor\guzzlehttp\promises\src\EachPromise.php(101): GuzzleHttp\Promise\Promise->wait()
#11 E:\xampp73\htdocs\filecroco\loader\vendor\guzzlehttp\promises\src\Promise.php(246): GuzzleHttp\Promise\EachPromise->GuzzleHttp\Promise\{closure}(true)
#12 E:\xampp73\htdocs\filecroco\loader\vendor\guzzlehttp\promises\src\Promise.php(223): GuzzleHttp\Promise\Promise->invokeWaitFn()
#13 E:\xampp73\htdocs\filecroco\loader\vendor\guzzlehttp\promises\src\Promise.php(62): GuzzleHttp\Promise\Promise->waitIfPending()
#14 E:\xampp73\htdocs\filecroco\loader\updatedownloadlink.php(95): GuzzleHttp\Promise\Promise->wait()
#15 {main}|1133GuzzleHttp\Exception\RequestException: cURL error 56:  (see http://curl.haxx.se/libcurl/c/libcurl-errors.html) in E:\xampp73\htdocs\filecroco\loader\vendor\guzzlehttp\guzzle\src\Handler\CurlFactory.php:186
Stack trace:
#0 E:\xampp73\htdocs\filecroco\loader\vendor\guzzlehttp\guzzle\src\Handler\CurlFactory.php(149): GuzzleHttp\Handler\CurlFactory::createRejection(Object(GuzzleHttp\Handler\EasyHandle), Array)
#1 E:\xampp73\htdocs\filecroco\loader\vendor\guzzlehttp\guzzle\src\Handler\CurlFactory.php(102): GuzzleHttp\Handler\CurlFactory::finishError(Object(GuzzleHttp\Handler\CurlMultiHandler), Object(GuzzleHttp\Handler\EasyHandle), Object(GuzzleHttp\Handler\CurlFactory))
#2 E:\xampp73\htdocs\filecroco\loader\vendor\guzzlehttp\guzzle\src\Handler\CurlMultiHandler.php(181): GuzzleHttp\Handler\CurlFactory::finish(Object(GuzzleHttp\Handler\CurlMultiHandler), Object(GuzzleHttp\Handler\EasyHandle), Object(GuzzleHttp\Handler\CurlFactory))
#3 E:\xampp73\htdocs\filecroco\loader\vendor\guzzlehttp\guzzle\src\Handler\CurlMultiHandler.php(110): GuzzleHttp\Handler\CurlMultiHandler->processMessages()
#4 E:\xampp73\htdocs\filecroco\loader\vendor\guzzlehttp\guzzle\src\Handler\CurlMultiHandler.php(125): GuzzleHttp\Handler\CurlMultiHandler->tick()
#5 E:\xampp73\htdocs\filecroco\loader\vendor\guzzlehttp\promises\src\Promise.php(246): GuzzleHttp\Handler\CurlMultiHandler->execute(true)
#6 E:\xampp73\htdocs\filecroco\loader\vendor\guzzlehttp\promises\src\Promise.php(223): GuzzleHttp\Promise\Promise->invokeWaitFn()
#7 E:\xampp73\htdocs\filecroco\loader\vendor\guzzlehttp\promises\src\Promise.php(267): GuzzleHttp\Promise\Promise->waitIfPending()
#8 E:\xampp73\htdocs\filecroco\loader\vendor\guzzlehttp\promises\src\Promise.php(225): GuzzleHttp\Promise\Promise->invokeWaitList()
#9 E:\xampp73\htdocs\filecroco\loader\vendor\guzzlehttp\promises\src\Promise.php(62): GuzzleHttp\Promise\Promise->waitIfPending()
#10 E:\xampp73\htdocs\filecroco\loader\vendor\guzzlehttp\promises\src\EachPromise.php(101): GuzzleHttp\Promise\Promise->wait()
#11 E:\xampp73\htdocs\filecroco\loader\vendor\guzzlehttp\promises\src\Promise.php(246): GuzzleHttp\Promise\EachPromise->GuzzleHttp\Promise\{closure}(true)
#12 E:\xampp73\htdocs\filecroco\loader\vendor\guzzlehttp\promises\src\Promise.php(223): GuzzleHttp\Promise\Promise->invokeWaitFn()
#13 E:\xampp73\htdocs\filecroco\loader\vendor\guzzlehttp\promises\src\Promise.php(62): GuzzleHttp\Promise\Promise->waitIfPending()
#14 E:\xampp73\htdocs\filecroco\loader\updatedownloadlink.php(95): GuzzleHttp\Promise\Promise->wait()
#15 {main}|1134GuzzleHttp\Exception\RequestException: cURL error 56:  (see http://curl.haxx.se/libcurl/c/libcurl-errors.html) in E:\xampp73\htdocs\filecroco\loader\vendor\guzzlehttp\guzzle\src\Handler\CurlFactory.php:186
Stack trace:
#0 E:\xampp73\htdocs\filecroco\loader\vendor\guzzlehttp\guzzle\src\Handler\CurlFactory.php(149): GuzzleHttp\Handler\CurlFactory::createRejection(Object(GuzzleHttp\Handler\EasyHandle), Array)
#1 E:\xampp73\htdocs\filecroco\loader\vendor\guzzlehttp\guzzle\src\Handler\CurlFactory.php(102): GuzzleHttp\Handler\CurlFactory::finishError(Object(GuzzleHttp\Handler\CurlMultiHandler), Object(GuzzleHttp\Handler\EasyHandle), Object(GuzzleHttp\Handler\CurlFactory))
#2 E:\xampp73\htdocs\filecroco\loader\vendor\guzzlehttp\guzzle\src\Handler\CurlMultiHandler.php(181): GuzzleHttp\Handler\CurlFactory::finish(Object(GuzzleHttp\Handler\CurlMultiHandler), Object(GuzzleHttp\Handler\EasyHandle), Object(GuzzleHttp\Handler\CurlFactory))
#3 E:\xampp73\htdocs\filecroco\loader\vendor\guzzlehttp\guzzle\src\Handler\CurlMultiHandler.php(110): GuzzleHttp\Handler\CurlMultiHandler->processMessages()
#4 E:\xampp73\htdocs\filecroco\loader\vendor\guzzlehttp\guzzle\src\Handler\CurlMultiHandler.php(125): GuzzleHttp\Handler\CurlMultiHandler->tick()
#5 E:\xampp73\htdocs\filecroco\loader\vendor\guzzlehttp\promises\src\Promise.php(246): GuzzleHttp\Handler\CurlMultiHandler->execute(true)
#6 E:\xampp73\htdocs\filecroco\loader\vendor\guzzlehttp\promises\src\Promise.php(223): GuzzleHttp\Promise\Promise->invokeWaitFn()
#7 E:\xampp73\htdocs\filecroco\loader\vendor\guzzlehttp\promises\src\Promise.php(267): GuzzleHttp\Promise\Promise->waitIfPending()
#8 E:\xampp73\htdocs\filecroco\loader\vendor\guzzlehttp\promises\src\Promise.php(225): GuzzleHttp\Promise\Promise->invokeWaitList()
#9 E:\xampp73\htdocs\filecroco\loader\vendor\guzzlehttp\promises\src\Promise.php(62): GuzzleHttp\Promise\Promise->waitIfPending()
#10 E:\xampp73\htdocs\filecroco\loader\vendor\guzzlehttp\promises\src\EachPromise.php(101): GuzzleHttp\Promise\Promise->wait()
#11 E:\xampp73\htdocs\filecroco\loader\vendor\guzzlehttp\promises\src\Promise.php(246): GuzzleHttp\Promise\EachPromise->GuzzleHttp\Promise\{closure}(true)
#12 E:\xampp73\htdocs\filecroco\loader\vendor\guzzlehttp\promises\src\Promise.php(223): GuzzleHttp\Promise\Promise->invokeWaitFn()
#13 E:\xampp73\htdocs\filecroco\loader\vendor\guzzlehttp\promises\src\Promise.php(62): GuzzleHttp\Promise\Promise->waitIfPending()
#14 E:\xampp73\htdocs\filecroco\loader\updatedownloadlink.php(95): GuzzleHttp\Promise\Promise->wait()
#15 {main}|1135GuzzleHttp\Exception\RequestException: cURL error 56:  (see http://curl.haxx.se/libcurl/c/libcurl-errors.html) in E:\xampp73\htdocs\filecroco\loader\vendor\guzzlehttp\guzzle\src\Handler\CurlFactory.php:186
Stack trace:
#0 E:\xampp73\htdocs\filecroco\loader\vendor\guzzlehttp\guzzle\src\Handler\CurlFactory.php(149): GuzzleHttp\Handler\CurlFactory::createRejection(Object(GuzzleHttp\Handler\EasyHandle), Array)
#1 E:\xampp73\htdocs\filecroco\loader\vendor\guzzlehttp\guzzle\src\Handler\CurlFactory.php(102): GuzzleHttp\Handler\CurlFactory::finishError(Object(GuzzleHttp\Handler\CurlMultiHandler), Object(GuzzleHttp\Handler\EasyHandle), Object(GuzzleHttp\Handler\CurlFactory))
#2 E:\xampp73\htdocs\filecroco\loader\vendor\guzzlehttp\guzzle\src\Handler\CurlMultiHandler.php(181): GuzzleHttp\Handler\CurlFactory::finish(Object(GuzzleHttp\Handler\CurlMultiHandler), Object(GuzzleHttp\Handler\EasyHandle), Object(GuzzleHttp\Handler\CurlFactory))
#3 E:\xampp73\htdocs\filecroco\loader\vendor\guzzlehttp\guzzle\src\Handler\CurlMultiHandler.php(110): GuzzleHttp\Handler\CurlMultiHandler->processMessages()
#4 E:\xampp73\htdocs\filecroco\loader\vendor\guzzlehttp\guzzle\src\Handler\CurlMultiHandler.php(125): GuzzleHttp\Handler\CurlMultiHandler->tick()
#5 E:\xampp73\htdocs\filecroco\loader\vendor\guzzlehttp\promises\src\Promise.php(246): GuzzleHttp\Handler\CurlMultiHandler->execute(true)
#6 E:\xampp73\htdocs\filecroco\loader\vendor\guzzlehttp\promises\src\Promise.php(223): GuzzleHttp\Promise\Promise->invokeWaitFn()
#7 E:\xampp73\htdocs\filecroco\loader\vendor\guzzlehttp\promises\src\Promise.php(267): GuzzleHttp\Promise\Promise->waitIfPending()
#8 E:\xampp73\htdocs\filecroco\loader\vendor\guzzlehttp\promises\src\Promise.php(225): GuzzleHttp\Promise\Promise->invokeWaitList()
#9 E:\xampp73\htdocs\filecroco\loader\vendor\guzzlehttp\promises\src\Promise.php(62): GuzzleHttp\Promise\Promise->waitIfPending()
#10 E:\xampp73\htdocs\filecroco\loader\vendor\guzzlehttp\promises\src\EachPromise.php(101): GuzzleHttp\Promise\Promise->wait()
#11 E:\xampp73\htdocs\filecroco\loader\vendor\guzzlehttp\promises\src\Promise.php(246): GuzzleHttp\Promise\EachPromise->GuzzleHttp\Promise\{closure}(true)
#12 E:\xampp73\htdocs\filecroco\loader\vendor\guzzlehttp\promises\src\Promise.php(223): GuzzleHttp\Promise\Promise->invokeWaitFn()
#13 E:\xampp73\htdocs\filecroco\loader\vendor\guzzlehttp\promises\src\Promise.php(62): GuzzleHttp\Promise\Promise->waitIfPending()
#14 E:\xampp73\htdocs\filecroco\loader\updatedownloadlink.php(95): GuzzleHttp\Promise\Promise->wait()
#15 {main}|1136GuzzleHttp\Exception\RequestException: cURL error 56:  (see http://curl.haxx.se/libcurl/c/libcurl-errors.html) in E:\xampp73\htdocs\filecroco\loader\vendor\guzzlehttp\guzzle\src\Handler\CurlFactory.php:186
Stack trace:
#0 E:\xampp73\htdocs\filecroco\loader\vendor\guzzlehttp\guzzle\src\Handler\CurlFactory.php(149): GuzzleHttp\Handler\CurlFactory::createRejection(Object(GuzzleHttp\Handler\EasyHandle), Array)
#1 E:\xampp73\htdocs\filecroco\loader\vendor\guzzlehttp\guzzle\src\Handler\CurlFactory.php(102): GuzzleHttp\Handler\CurlFactory::finishError(Object(GuzzleHttp\Handler\CurlMultiHandler), Object(GuzzleHttp\Handler\EasyHandle), Object(GuzzleHttp\Handler\CurlFactory))
#2 E:\xampp73\htdocs\filecroco\loader\vendor\guzzlehttp\guzzle\src\Handler\CurlMultiHandler.php(181): GuzzleHttp\Handler\CurlFactory::finish(Object(GuzzleHttp\Handler\CurlMultiHandler), Object(GuzzleHttp\Handler\EasyHandle), Object(GuzzleHttp\Handler\CurlFactory))
#3 E:\xampp73\htdocs\filecroco\loader\vendor\guzzlehttp\guzzle\src\Handler\CurlMultiHandler.php(110): GuzzleHttp\Handler\CurlMultiHandler->processMessages()
#4 E:\xampp73\htdocs\filecroco\loader\vendor\guzzlehttp\guzzle\src\Handler\CurlMultiHandler.php(125): GuzzleHttp\Handler\CurlMultiHandler->tick()
#5 E:\xampp73\htdocs\filecroco\loader\vendor\guzzlehttp\promises\src\Promise.php(246): GuzzleHttp\Handler\CurlMultiHandler->execute(true)
#6 E:\xampp73\htdocs\filecroco\loader\vendor\guzzlehttp\promises\src\Promise.php(223): GuzzleHttp\Promise\Promise->invokeWaitFn()
#7 E:\xampp73\htdocs\filecroco\loader\vendor\guzzlehttp\promises\src\Promise.php(267): GuzzleHttp\Promise\Promise->waitIfPending()
#8 E:\xampp73\htdocs\filecroco\loader\vendor\guzzlehttp\promises\src\Promise.php(225): GuzzleHttp\Promise\Promise->invokeWaitList()
#9 E:\xampp73\htdocs\filecroco\loader\vendor\guzzlehttp\promises\src\Promise.php(62): GuzzleHttp\Promise\Promise->waitIfPending()
#10 E:\xampp73\htdocs\filecroco\loader\vendor\guzzlehttp\promises\src\EachPromise.php(101): GuzzleHttp\Promise\Promise->wait()
#11 E:\xampp73\htdocs\filecroco\loader\vendor\guzzlehttp\promises\src\Promise.php(246): GuzzleHttp\Promise\EachPromise->GuzzleHttp\Promise\{closure}(true)
#12 E:\xampp73\htdocs\filecroco\loader\vendor\guzzlehttp\promises\src\Promise.php(223): GuzzleHttp\Promise\Promise->invokeWaitFn()
#13 E:\xampp73\htdocs\filecroco\loader\vendor\guzzlehttp\promises\src\Promise.php(62): GuzzleHttp\Promise\Promise->waitIfPending()
#14 E:\xampp73\htdocs\filecroco\loader\updatedownloadlink.php(95): GuzzleHttp\Promise\Promise->wait()
#15 {main}|1137GuzzleHttp\Exception\RequestException: cURL error 56:  (see http://curl.haxx.se/libcurl/c/libcurl-errors.html) in E:\xampp73\htdocs\filecroco\loader\vendor\guzzlehttp\guzzle\src\Handler\CurlFactory.php:186
Stack trace:
#0 E:\xampp73\htdocs\filecroco\loader\vendor\guzzlehttp\guzzle\src\Handler\CurlFactory.php(149): GuzzleHttp\Handler\CurlFactory::createRejection(Object(GuzzleHttp\Handler\EasyHandle), Array)
#1 E:\xampp73\htdocs\filecroco\loader\vendor\guzzlehttp\guzzle\src\Handler\CurlFactory.php(102): GuzzleHttp\Handler\CurlFactory::finishError(Object(GuzzleHttp\Handler\CurlMultiHandler), Object(GuzzleHttp\Handler\EasyHandle), Object(GuzzleHttp\Handler\CurlFactory))
#2 E:\xampp73\htdocs\filecroco\loader\vendor\guzzlehttp\guzzle\src\Handler\CurlMultiHandler.php(181): GuzzleHttp\Handler\CurlFactory::finish(Object(GuzzleHttp\Handler\CurlMultiHandler), Object(GuzzleHttp\Handler\EasyHandle), Object(GuzzleHttp\Handler\CurlFactory))
#3 E:\xampp73\htdocs\filecroco\loader\vendor\guzzlehttp\guzzle\src\Handler\CurlMultiHandler.php(110): GuzzleHttp\Handler\CurlMultiHandler->processMessages()
#4 E:\xampp73\htdocs\filecroco\loader\vendor\guzzlehttp\guzzle\src\Handler\CurlMultiHandler.php(125): GuzzleHttp\Handler\CurlMultiHandler->tick()
#5 E:\xampp73\htdocs\filecroco\loader\vendor\guzzlehttp\promises\src\Promise.php(246): GuzzleHttp\Handler\CurlMultiHandler->execute(true)
#6 E:\xampp73\htdocs\filecroco\loader\vendor\guzzlehttp\promises\src\Promise.php(223): GuzzleHttp\Promise\Promise->invokeWaitFn()
#7 E:\xampp73\htdocs\filecroco\loader\vendor\guzzlehttp\promises\src\Promise.php(267): GuzzleHttp\Promise\Promise->waitIfPending()
#8 E:\xampp73\htdocs\filecroco\loader\vendor\guzzlehttp\promises\src\Promise.php(225): GuzzleHttp\Promise\Promise->invokeWaitList()
#9 E:\xampp73\htdocs\filecroco\loader\vendor\guzzlehttp\promises\src\Promise.php(62): GuzzleHttp\Promise\Promise->waitIfPending()
#10 E:\xampp73\htdocs\filecroco\loader\vendor\guzzlehttp\promises\src\EachPromise.php(101): GuzzleHttp\Promise\Promise->wait()
#11 E:\xampp73\htdocs\filecroco\loader\vendor\guzzlehttp\promises\src\Promise.php(246): GuzzleHttp\Promise\EachPromise->GuzzleHttp\Promise\{closure}(true)
#12 E:\xampp73\htdocs\filecroco\loader\vendor\guzzlehttp\promises\src\Promise.php(223): GuzzleHttp\Promise\Promise->invokeWaitFn()
#13 E:\xampp73\htdocs\filecroco\loader\vendor\guzzlehttp\promises\src\Promise.php(62): GuzzleHttp\Promise\Promise->waitIfPending()
#14 E:\xampp73\htdocs\filecroco\loader\updatedownloadlink.php(95): GuzzleHttp\Promise\Promise->wait()
#15 {main}|1138GuzzleHttp\Exception\RequestException: cURL error 56:  (see http://curl.haxx.se/libcurl/c/libcurl-errors.html) in E:\xampp73\htdocs\filecroco\loader\vendor\guzzlehttp\guzzle\src\Handler\CurlFactory.php:186
Stack trace:
#0 E:\xampp73\htdocs\filecroco\loader\vendor\guzzlehttp\guzzle\src\Handler\CurlFactory.php(149): GuzzleHttp\Handler\CurlFactory::createRejection(Object(GuzzleHttp\Handler\EasyHandle), Array)
#1 E:\xampp73\htdocs\filecroco\loader\vendor\guzzlehttp\guzzle\src\Handler\CurlFactory.php(102): GuzzleHttp\Handler\CurlFactory::finishError(Object(GuzzleHttp\Handler\CurlMultiHandler), Object(GuzzleHttp\Handler\EasyHandle), Object(GuzzleHttp\Handler\CurlFactory))
#2 E:\xampp73\htdocs\filecroco\loader\vendor\guzzlehttp\guzzle\src\Handler\CurlMultiHandler.php(181): GuzzleHttp\Handler\CurlFactory::finish(Object(GuzzleHttp\Handler\CurlMultiHandler), Object(GuzzleHttp\Handler\EasyHandle), Object(GuzzleHttp\Handler\CurlFactory))
#3 E:\xampp73\htdocs\filecroco\loader\vendor\guzzlehttp\guzzle\src\Handler\CurlMultiHandler.php(110): GuzzleHttp\Handler\CurlMultiHandler->processMessages()
#4 E:\xampp73\htdocs\filecroco\loader\vendor\guzzlehttp\guzzle\src\Handler\CurlMultiHandler.php(125): GuzzleHttp\Handler\CurlMultiHandler->tick()
#5 E:\xampp73\htdocs\filecroco\loader\vendor\guzzlehttp\promises\src\Promise.php(246): GuzzleHttp\Handler\CurlMultiHandler->execute(true)
#6 E:\xampp73\htdocs\filecroco\loader\vendor\guzzlehttp\promises\src\Promise.php(223): GuzzleHttp\Promise\Promise->invokeWaitFn()
#7 E:\xampp73\htdocs\filecroco\loader\vendor\guzzlehttp\promises\src\Promise.php(267): GuzzleHttp\Promise\Promise->waitIfPending()
#8 E:\xampp73\htdocs\filecroco\loader\vendor\guzzlehttp\promises\src\Promise.php(225): GuzzleHttp\Promise\Promise->invokeWaitList()
#9 E:\xampp73\htdocs\filecroco\loader\vendor\guzzlehttp\promises\src\Promise.php(62): GuzzleHttp\Promise\Promise->waitIfPending()
#10 E:\xampp73\htdocs\filecroco\loader\vendor\guzzlehttp\promises\src\EachPromise.php(101): GuzzleHttp\Promise\Promise->wait()
#11 E:\xampp73\htdocs\filecroco\loader\vendor\guzzlehttp\promises\src\Promise.php(246): GuzzleHttp\Promise\EachPromise->GuzzleHttp\Promise\{closure}(true)
#12 E:\xampp73\htdocs\filecroco\loader\vendor\guzzlehttp\promises\src\Promise.php(223): GuzzleHttp\Promise\Promise->invokeWaitFn()
#13 E:\xampp73\htdocs\filecroco\loader\vendor\guzzlehttp\promises\src\Promise.php(62): GuzzleHttp\Promise\Promise->waitIfPending()
#14 E:\xampp73\htdocs\filecroco\loader\updatedownloadlink.php(95): GuzzleHttp\Promise\Promise->wait()
#15 {main}|1139GuzzleHttp\Exception\RequestException: cURL error 56:  (see http://curl.haxx.se/libcurl/c/libcurl-errors.html) in E:\xampp73\htdocs\filecroco\loader\vendor\guzzlehttp\guzzle\src\Handler\CurlFactory.php:186
Stack trace:
#0 E:\xampp73\htdocs\filecroco\loader\vendor\guzzlehttp\guzzle\src\Handler\CurlFactory.php(149): GuzzleHttp\Handler\CurlFactory::createRejection(Object(GuzzleHttp\Handler\EasyHandle), Array)
#1 E:\xampp73\htdocs\filecroco\loader\vendor\guzzlehttp\guzzle\src\Handler\CurlFactory.php(102): GuzzleHttp\Handler\CurlFactory::finishError(Object(GuzzleHttp\Handler\CurlMultiHandler), Object(GuzzleHttp\Handler\EasyHandle), Object(GuzzleHttp\Handler\CurlFactory))
#2 E:\xampp73\htdocs\filecroco\loader\vendor\guzzlehttp\guzzle\src\Handler\CurlMultiHandler.php(181): GuzzleHttp\Handler\CurlFactory::finish(Object(GuzzleHttp\Handler\CurlMultiHandler), Object(GuzzleHttp\Handler\EasyHandle), Object(GuzzleHttp\Handler\CurlFactory))
#3 E:\xampp73\htdocs\filecroco\loader\vendor\guzzlehttp\guzzle\src\Handler\CurlMultiHandler.php(110): GuzzleHttp\Handler\CurlMultiHandler->processMessages()
#4 E:\xampp73\htdocs\filecroco\loader\vendor\guzzlehttp\guzzle\src\Handler\CurlMultiHandler.php(125): GuzzleHttp\Handler\CurlMultiHandler->tick()
#5 E:\xampp73\htdocs\filecroco\loader\vendor\guzzlehttp\promises\src\Promise.php(246): GuzzleHttp\Handler\CurlMultiHandler->execute(true)
#6 E:\xampp73\htdocs\filecroco\loader\vendor\guzzlehttp\promises\src\Promise.php(223): GuzzleHttp\Promise\Promise->invokeWaitFn()
#7 E:\xampp73\htdocs\filecroco\loader\vendor\guzzlehttp\promises\src\Promise.php(267): GuzzleHttp\Promise\Promise->waitIfPending()
#8 E:\xampp73\htdocs\filecroco\loader\vendor\guzzlehttp\promises\src\Promise.php(225): GuzzleHttp\Promise\Promise->invokeWaitList()
#9 E:\xampp73\htdocs\filecroco\loader\vendor\guzzlehttp\promises\src\Promise.php(62): GuzzleHttp\Promise\Promise->waitIfPending()
#10 E:\xampp73\htdocs\filecroco\loader\vendor\guzzlehttp\promises\src\EachPromise.php(101): GuzzleHttp\Promise\Promise->wait()
#11 E:\xampp73\htdocs\filecroco\loader\vendor\guzzlehttp\promises\src\Promise.php(246): GuzzleHttp\Promise\EachPromise->GuzzleHttp\Promise\{closure}(true)
#12 E:\xampp73\htdocs\filecroco\loader\vendor\guzzlehttp\promises\src\Promise.php(223): GuzzleHttp\Promise\Promise->invokeWaitFn()
#13 E:\xampp73\htdocs\filecroco\loader\vendor\guzzlehttp\promises\src\Promise.php(62): GuzzleHttp\Promise\Promise->waitIfPending()
#14 E:\xampp73\htdocs\filecroco\loader\updatedownloadlink.php(95): GuzzleHttp\Promise\Promise->wait()
#15 {main}|1140GuzzleHttp\Exception\RequestException: cURL error 56:  (see http://curl.haxx.se/libcurl/c/libcurl-errors.html) in E:\xampp73\htdocs\filecroco\loader\vendor\guzzlehttp\guzzle\src\Handler\CurlFactory.php:186
Stack trace:
#0 E:\xampp73\htdocs\filecroco\loader\vendor\guzzlehttp\guzzle\src\Handler\CurlFactory.php(149): GuzzleHttp\Handler\CurlFactory::createRejection(Object(GuzzleHttp\Handler\EasyHandle), Array)
#1 E:\xampp73\htdocs\filecroco\loader\vendor\guzzlehttp\guzzle\src\Handler\CurlFactory.php(102): GuzzleHttp\Handler\CurlFactory::finishError(Object(GuzzleHttp\Handler\CurlMultiHandler), Object(GuzzleHttp\Handler\EasyHandle), Object(GuzzleHttp\Handler\CurlFactory))
#2 E:\xampp73\htdocs\filecroco\loader\vendor\guzzlehttp\guzzle\src\Handler\CurlMultiHandler.php(181): GuzzleHttp\Handler\CurlFactory::finish(Object(GuzzleHttp\Handler\CurlMultiHandler), Object(GuzzleHttp\Handler\EasyHandle), Object(GuzzleHttp\Handler\CurlFactory))
#3 E:\xampp73\htdocs\filecroco\loader\vendor\guzzlehttp\guzzle\src\Handler\CurlMultiHandler.php(110): GuzzleHttp\Handler\CurlMultiHandler->processMessages()
#4 E:\xampp73\htdocs\filecroco\loader\vendor\guzzlehttp\guzzle\src\Handler\CurlMultiHandler.php(125): GuzzleHttp\Handler\CurlMultiHandler->tick()
#5 E:\xampp73\htdocs\filecroco\loader\vendor\guzzlehttp\promises\src\Promise.php(246): GuzzleHttp\Handler\CurlMultiHandler->execute(true)
#6 E:\xampp73\htdocs\filecroco\loader\vendor\guzzlehttp\promises\src\Promise.php(223): GuzzleHttp\Promise\Promise->invokeWaitFn()
#7 E:\xampp73\htdocs\filecroco\loader\vendor\guzzlehttp\promises\src\Promise.php(267): GuzzleHttp\Promise\Promise->waitIfPending()
#8 E:\xampp73\htdocs\filecroco\loader\vendor\guzzlehttp\promises\src\Promise.php(225): GuzzleHttp\Promise\Promise->invokeWaitList()
#9 E:\xampp73\htdocs\filecroco\loader\vendor\guzzlehttp\promises\src\Promise.php(62): GuzzleHttp\Promise\Promise->waitIfPending()
#10 E:\xampp73\htdocs\filecroco\loader\vendor\guzzlehttp\promises\src\EachPromise.php(101): GuzzleHttp\Promise\Promise->wait()
#11 E:\xampp73\htdocs\filecroco\loader\vendor\guzzlehttp\promises\src\Promise.php(246): GuzzleHttp\Promise\EachPromise->GuzzleHttp\Promise\{closure}(true)
#12 E:\xampp73\htdocs\filecroco\loader\vendor\guzzlehttp\promises\src\Promise.php(223): GuzzleHttp\Promise\Promise->invokeWaitFn()
#13 E:\xampp73\htdocs\filecroco\loader\vendor\guzzlehttp\promises\src\Promise.php(62): GuzzleHttp\Promise\Promise->waitIfPending()
#14 E:\xampp73\htdocs\filecroco\loader\updatedownloadlink.php(95): GuzzleHttp\Promise\Promise->wait()
#15 {main}|1141GuzzleHttp\Exception\RequestException: cURL error 56:  (see http://curl.haxx.se/libcurl/c/libcurl-errors.html) in E:\xampp73\htdocs\filecroco\loader\vendor\guzzlehttp\guzzle\src\Handler\CurlFactory.php:186
Stack trace:
#0 E:\xampp73\htdocs\filecroco\loader\vendor\guzzlehttp\guzzle\src\Handler\CurlFactory.php(149): GuzzleHttp\Handler\CurlFactory::createRejection(Object(GuzzleHttp\Handler\EasyHandle), Array)
#1 E:\xampp73\htdocs\filecroco\loader\vendor\guzzlehttp\guzzle\src\Handler\CurlFactory.php(102): GuzzleHttp\Handler\CurlFactory::finishError(Object(GuzzleHttp\Handler\CurlMultiHandler), Object(GuzzleHttp\Handler\EasyHandle), Object(GuzzleHttp\Handler\CurlFactory))
#2 E:\xampp73\htdocs\filecroco\loader\vendor\guzzlehttp\guzzle\src\Handler\CurlMultiHandler.php(181): GuzzleHttp\Handler\CurlFactory::finish(Object(GuzzleHttp\Handler\CurlMultiHandler), Object(GuzzleHttp\Handler\EasyHandle), Object(GuzzleHttp\Handler\CurlFactory))
#3 E:\xampp73\htdocs\filecroco\loader\vendor\guzzlehttp\guzzle\src\Handler\CurlMultiHandler.php(110): GuzzleHttp\Handler\CurlMultiHandler->processMessages()
#4 E:\xampp73\htdocs\filecroco\loader\vendor\guzzlehttp\guzzle\src\Handler\CurlMultiHandler.php(125): GuzzleHttp\Handler\CurlMultiHandler->tick()
#5 E:\xampp73\htdocs\filecroco\loader\vendor\guzzlehttp\promises\src\Promise.php(246): GuzzleHttp\Handler\CurlMultiHandler->execute(true)
#6 E:\xampp73\htdocs\filecroco\loader\vendor\guzzlehttp\promises\src\Promise.php(223): GuzzleHttp\Promise\Promise->invokeWaitFn()
#7 E:\xampp73\htdocs\filecroco\loader\vendor\guzzlehttp\promises\src\Promise.php(267): GuzzleHttp\Promise\Promise->waitIfPending()
#8 E:\xampp73\htdocs\filecroco\loader\vendor\guzzlehttp\promises\src\Promise.php(225): GuzzleHttp\Promise\Promise->invokeWaitList()
#9 E:\xampp73\htdocs\filecroco\loader\vendor\guzzlehttp\promises\src\Promise.php(62): GuzzleHttp\Promise\Promise->waitIfPending()
#10 E:\xampp73\htdocs\filecroco\loader\vendor\guzzlehttp\promises\src\EachPromise.php(101): GuzzleHttp\Promise\Promise->wait()
#11 E:\xampp73\htdocs\filecroco\loader\vendor\guzzlehttp\promises\src\Promise.php(246): GuzzleHttp\Promise\EachPromise->GuzzleHttp\Promise\{closure}(true)
#12 E:\xampp73\htdocs\filecroco\loader\vendor\guzzlehttp\promises\src\Promise.php(223): GuzzleHttp\Promise\Promise->invokeWaitFn()
#13 E:\xampp73\htdocs\filecroco\loader\vendor\guzzlehttp\promises\src\Promise.php(62): GuzzleHttp\Promise\Promise->waitIfPending()
#14 E:\xampp73\htdocs\filecroco\loader\updatedownloadlink.php(95): GuzzleHttp\Promise\Promise->wait()
#15 {main}|1142GuzzleHttp\Exception\RequestException: cURL error 56:  (see http://curl.haxx.se/libcurl/c/libcurl-errors.html) in E:\xampp73\htdocs\filecroco\loader\vendor\guzzlehttp\guzzle\src\Handler\CurlFactory.php:186
Stack trace:
#0 E:\xampp73\htdocs\filecroco\loader\vendor\guzzlehttp\guzzle\src\Handler\CurlFactory.php(149): GuzzleHttp\Handler\CurlFactory::createRejection(Object(GuzzleHttp\Handler\EasyHandle), Array)
#1 E:\xampp73\htdocs\filecroco\loader\vendor\guzzlehttp\guzzle\src\Handler\CurlFactory.php(102): GuzzleHttp\Handler\CurlFactory::finishError(Object(GuzzleHttp\Handler\CurlMultiHandler), Object(GuzzleHttp\Handler\EasyHandle), Object(GuzzleHttp\Handler\CurlFactory))
#2 E:\xampp73\htdocs\filecroco\loader\vendor\guzzlehttp\guzzle\src\Handler\CurlMultiHandler.php(181): GuzzleHttp\Handler\CurlFactory::finish(Object(GuzzleHttp\Handler\CurlMultiHandler), Object(GuzzleHttp\Handler\EasyHandle), Object(GuzzleHttp\Handler\CurlFactory))
#3 E:\xampp73\htdocs\filecroco\loader\vendor\guzzlehttp\guzzle\src\Handler\CurlMultiHandler.php(110): GuzzleHttp\Handler\CurlMultiHandler->processMessages()
#4 E:\xampp73\htdocs\filecroco\loader\vendor\guzzlehttp\guzzle\src\Handler\CurlMultiHandler.php(125): GuzzleHttp\Handler\CurlMultiHandler->tick()
#5 E:\xampp73\htdocs\filecroco\loader\vendor\guzzlehttp\promises\src\Promise.php(246): GuzzleHttp\Handler\CurlMultiHandler->execute(true)
#6 E:\xampp73\htdocs\filecroco\loader\vendor\guzzlehttp\promises\src\Promise.php(223): GuzzleHttp\Promise\Promise->invokeWaitFn()
#7 E:\xampp73\htdocs\filecroco\loader\vendor\guzzlehttp\promises\src\Promise.php(267): GuzzleHttp\Promise\Promise->waitIfPending()
#8 E:\xampp73\htdocs\filecroco\loader\vendor\guzzlehttp\promises\src\Promise.php(225): GuzzleHttp\Promise\Promise->invokeWaitList()
#9 E:\xampp73\htdocs\filecroco\loader\vendor\guzzlehttp\promises\src\Promise.php(62): GuzzleHttp\Promise\Promise->waitIfPending()
#10 E:\xampp73\htdocs\filecroco\loader\vendor\guzzlehttp\promises\src\EachPromise.php(101): GuzzleHttp\Promise\Promise->wait()
#11 E:\xampp73\htdocs\filecroco\loader\vendor\guzzlehttp\promises\src\Promise.php(246): GuzzleHttp\Promise\EachPromise->GuzzleHttp\Promise\{closure}(true)
#12 E:\xampp73\htdocs\filecroco\loader\vendor\guzzlehttp\promises\src\Promise.php(223): GuzzleHttp\Promise\Promise->invokeWaitFn()
#13 E:\xampp73\htdocs\filecroco\loader\vendor\guzzlehttp\promises\src\Promise.php(62): GuzzleHttp\Promise\Promise->waitIfPending()
#14 E:\xampp73\htdocs\filecroco\loader\updatedownloadlink.php(95): GuzzleHttp\Promise\Promise->wait()
#15 {main}|1143GuzzleHttp\Exception\RequestException: cURL error 56:  (see http://curl.haxx.se/libcurl/c/libcurl-errors.html) in E:\xampp73\htdocs\filecroco\loader\vendor\guzzlehttp\guzzle\src\Handler\CurlFactory.php:186
Stack trace:
#0 E:\xampp73\htdocs\filecroco\loader\vendor\guzzlehttp\guzzle\src\Handler\CurlFactory.php(149): GuzzleHttp\Handler\CurlFactory::createRejection(Object(GuzzleHttp\Handler\EasyHandle), Array)
#1 E:\xampp73\htdocs\filecroco\loader\vendor\guzzlehttp\guzzle\src\Handler\CurlFactory.php(102): GuzzleHttp\Handler\CurlFactory::finishError(Object(GuzzleHttp\Handler\CurlMultiHandler), Object(GuzzleHttp\Handler\EasyHandle), Object(GuzzleHttp\Handler\CurlFactory))
#2 E:\xampp73\htdocs\filecroco\loader\vendor\guzzlehttp\guzzle\src\Handler\CurlMultiHandler.php(181): GuzzleHttp\Handler\CurlFactory::finish(Object(GuzzleHttp\Handler\CurlMultiHandler), Object(GuzzleHttp\Handler\EasyHandle), Object(GuzzleHttp\Handler\CurlFactory))
#3 E:\xampp73\htdocs\filecroco\loader\vendor\guzzlehttp\guzzle\src\Handler\CurlMultiHandler.php(110): GuzzleHttp\Handler\CurlMultiHandler->processMessages()
#4 E:\xampp73\htdocs\filecroco\loader\vendor\guzzlehttp\guzzle\src\Handler\CurlMultiHandler.php(125): GuzzleHttp\Handler\CurlMultiHandler->tick()
#5 E:\xampp73\htdocs\filecroco\loader\vendor\guzzlehttp\promises\src\Promise.php(246): GuzzleHttp\Handler\CurlMultiHandler->execute(true)
#6 E:\xampp73\htdocs\filecroco\loader\vendor\guzzlehttp\promises\src\Promise.php(223): GuzzleHttp\Promise\Promise->invokeWaitFn()
#7 E:\xampp73\htdocs\filecroco\loader\vendor\guzzlehttp\promises\src\Promise.php(267): GuzzleHttp\Promise\Promise->waitIfPending()
#8 E:\xampp73\htdocs\filecroco\loader\vendor\guzzlehttp\promises\src\Promise.php(225): GuzzleHttp\Promise\Promise->invokeWaitList()
#9 E:\xampp73\htdocs\filecroco\loader\vendor\guzzlehttp\promises\src\Promise.php(62): GuzzleHttp\Promise\Promise->waitIfPending()
#10 E:\xampp73\htdocs\filecroco\loader\vendor\guzzlehttp\promises\src\EachPromise.php(101): GuzzleHttp\Promise\Promise->wait()
#11 E:\xampp73\htdocs\filecroco\loader\vendor\guzzlehttp\promises\src\Promise.php(246): GuzzleHttp\Promise\EachPromise->GuzzleHttp\Promise\{closure}(true)
#12 E:\xampp73\htdocs\filecroco\loader\vendor\guzzlehttp\promises\src\Promise.php(223): GuzzleHttp\Promise\Promise->invokeWaitFn()
#13 E:\xampp73\htdocs\filecroco\loader\vendor\guzzlehttp\promises\src\Promise.php(62): GuzzleHttp\Promise\Promise->waitIfPending()
#14 E:\xampp73\htdocs\filecroco\loader\updatedownloadlink.php(95): GuzzleHttp\Promise\Promise->wait()
#15 {main}|1144GuzzleHttp\Exception\RequestException: cURL error 56:  (see http://curl.haxx.se/libcurl/c/libcurl-errors.html) in E:\xampp73\htdocs\filecroco\loader\vendor\guzzlehttp\guzzle\src\Handler\CurlFactory.php:186
Stack trace:
#0 E:\xampp73\htdocs\filecroco\loader\vendor\guzzlehttp\guzzle\src\Handler\CurlFactory.php(149): GuzzleHttp\Handler\CurlFactory::createRejection(Object(GuzzleHttp\Handler\EasyHandle), Array)
#1 E:\xampp73\htdocs\filecroco\loader\vendor\guzzlehttp\guzzle\src\Handler\CurlFactory.php(102): GuzzleHttp\Handler\CurlFactory::finishError(Object(GuzzleHttp\Handler\CurlMultiHandler), Object(GuzzleHttp\Handler\EasyHandle), Object(GuzzleHttp\Handler\CurlFactory))
#2 E:\xampp73\htdocs\filecroco\loader\vendor\guzzlehttp\guzzle\src\Handler\CurlMultiHandler.php(181): GuzzleHttp\Handler\CurlFactory::finish(Object(GuzzleHttp\Handler\CurlMultiHandler), Object(GuzzleHttp\Handler\EasyHandle), Object(GuzzleHttp\Handler\CurlFactory))
#3 E:\xampp73\htdocs\filecroco\loader\vendor\guzzlehttp\guzzle\src\Handler\CurlMultiHandler.php(110): GuzzleHttp\Handler\CurlMultiHandler->processMessages()
#4 E:\xampp73\htdocs\filecroco\loader\vendor\guzzlehttp\guzzle\src\Handler\CurlMultiHandler.php(125): GuzzleHttp\Handler\CurlMultiHandler->tick()
#5 E:\xampp73\htdocs\filecroco\loader\vendor\guzzlehttp\promises\src\Promise.php(246): GuzzleHttp\Handler\CurlMultiHandler->execute(true)
#6 E:\xampp73\htdocs\filecroco\loader\vendor\guzzlehttp\promises\src\Promise.php(223): GuzzleHttp\Promise\Promise->invokeWaitFn()
#7 E:\xampp73\htdocs\filecroco\loader\vendor\guzzlehttp\promises\src\Promise.php(267): GuzzleHttp\Promise\Promise->waitIfPending()
#8 E:\xampp73\htdocs\filecroco\loader\vendor\guzzlehttp\promises\src\Promise.php(225): GuzzleHttp\Promise\Promise->invokeWaitList()
#9 E:\xampp73\htdocs\filecroco\loader\vendor\guzzlehttp\promises\src\Promise.php(62): GuzzleHttp\Promise\Promise->waitIfPending()
#10 E:\xampp73\htdocs\filecroco\loader\vendor\guzzlehttp\promises\src\EachPromise.php(101): GuzzleHttp\Promise\Promise->wait()
#11 E:\xampp73\htdocs\filecroco\loader\vendor\guzzlehttp\promises\src\Promise.php(246): GuzzleHttp\Promise\EachPromise->GuzzleHttp\Promise\{closure}(true)
#12 E:\xampp73\htdocs\filecroco\loader\vendor\guzzlehttp\promises\src\Promise.php(223): GuzzleHttp\Promise\Promise->invokeWaitFn()
#13 E:\xampp73\htdocs\filecroco\loader\vendor\guzzlehttp\promises\src\Promise.php(62): GuzzleHttp\Promise\Promise->waitIfPending()
#14 E:\xampp73\htdocs\filecroco\loader\updatedownloadlink.php(95): GuzzleHttp\Promise\Promise->wait()
#15 {main}|1145GuzzleHttp\Exception\RequestException: cURL error 56:  (see http://curl.haxx.se/libcurl/c/libcurl-errors.html) in E:\xampp73\htdocs\filecroco\loader\vendor\guzzlehttp\guzzle\src\Handler\CurlFactory.php:186
Stack trace:
#0 E:\xampp73\htdocs\filecroco\loader\vendor\guzzlehttp\guzzle\src\Handler\CurlFactory.php(149): GuzzleHttp\Handler\CurlFactory::createRejection(Object(GuzzleHttp\Handler\EasyHandle), Array)
#1 E:\xampp73\htdocs\filecroco\loader\vendor\guzzlehttp\guzzle\src\Handler\CurlFactory.php(102): GuzzleHttp\Handler\CurlFactory::finishError(Object(GuzzleHttp\Handler\CurlMultiHandler), Object(GuzzleHttp\Handler\EasyHandle), Object(GuzzleHttp\Handler\CurlFactory))
#2 E:\xampp73\htdocs\filecroco\loader\vendor\guzzlehttp\guzzle\src\Handler\CurlMultiHandler.php(181): GuzzleHttp\Handler\CurlFactory::finish(Object(GuzzleHttp\Handler\CurlMultiHandler), Object(GuzzleHttp\Handler\EasyHandle), Object(GuzzleHttp\Handler\CurlFactory))
#3 E:\xampp73\htdocs\filecroco\loader\vendor\guzzlehttp\guzzle\src\Handler\CurlMultiHandler.php(110): GuzzleHttp\Handler\CurlMultiHandler->processMessages()
#4 E:\xampp73\htdocs\filecroco\loader\vendor\guzzlehttp\guzzle\src\Handler\CurlMultiHandler.php(125): GuzzleHttp\Handler\CurlMultiHandler->tick()
#5 E:\xampp73\htdocs\filecroco\loader\vendor\guzzlehttp\promises\src\Promise.php(246): GuzzleHttp\Handler\CurlMultiHandler->execute(true)
#6 E:\xampp73\htdocs\filecroco\loader\vendor\guzzlehttp\promises\src\Promise.php(223): GuzzleHttp\Promise\Promise->invokeWaitFn()
#7 E:\xampp73\htdocs\filecroco\loader\vendor\guzzlehttp\promises\src\Promise.php(267): GuzzleHttp\Promise\Promise->waitIfPending()
#8 E:\xampp73\htdocs\filecroco\loader\vendor\guzzlehttp\promises\src\Promise.php(225): GuzzleHttp\Promise\Promise->invokeWaitList()
#9 E:\xampp73\htdocs\filecroco\loader\vendor\guzzlehttp\promises\src\Promise.php(62): GuzzleHttp\Promise\Promise->waitIfPending()
#10 E:\xampp73\htdocs\filecroco\loader\vendor\guzzlehttp\promises\src\EachPromise.php(101): GuzzleHttp\Promise\Promise->wait()
#11 E:\xampp73\htdocs\filecroco\loader\vendor\guzzlehttp\promises\src\Promise.php(246): GuzzleHttp\Promise\EachPromise->GuzzleHttp\Promise\{closure}(true)
#12 E:\xampp73\htdocs\filecroco\loader\vendor\guzzlehttp\promises\src\Promise.php(223): GuzzleHttp\Promise\Promise->invokeWaitFn()
#13 E:\xampp73\htdocs\filecroco\loader\vendor\guzzlehttp\promises\src\Promise.php(62): GuzzleHttp\Promise\Promise->waitIfPending()
#14 E:\xampp73\htdocs\filecroco\loader\updatedownloadlink.php(95): GuzzleHttp\Promise\Promise->wait()
#15 {main}|1146GuzzleHttp\Exception\RequestException: cURL error 56:  (see http://curl.haxx.se/libcurl/c/libcurl-errors.html) in E:\xampp73\htdocs\filecroco\loader\vendor\guzzlehttp\guzzle\src\Handler\CurlFactory.php:186
Stack trace:
#0 E:\xampp73\htdocs\filecroco\loader\vendor\guzzlehttp\guzzle\src\Handler\CurlFactory.php(149): GuzzleHttp\Handler\CurlFactory::createRejection(Object(GuzzleHttp\Handler\EasyHandle), Array)
#1 E:\xampp73\htdocs\filecroco\loader\vendor\guzzlehttp\guzzle\src\Handler\CurlFactory.php(102): GuzzleHttp\Handler\CurlFactory::finishError(Object(GuzzleHttp\Handler\CurlMultiHandler), Object(GuzzleHttp\Handler\EasyHandle), Object(GuzzleHttp\Handler\CurlFactory))
#2 E:\xampp73\htdocs\filecroco\loader\vendor\guzzlehttp\guzzle\src\Handler\CurlMultiHandler.php(181): GuzzleHttp\Handler\CurlFactory::finish(Object(GuzzleHttp\Handler\CurlMultiHandler), Object(GuzzleHttp\Handler\EasyHandle), Object(GuzzleHttp\Handler\CurlFactory))
#3 E:\xampp73\htdocs\filecroco\loader\vendor\guzzlehttp\guzzle\src\Handler\CurlMultiHandler.php(110): GuzzleHttp\Handler\CurlMultiHandler->processMessages()
#4 E:\xampp73\htdocs\filecroco\loader\vendor\guzzlehttp\guzzle\src\Handler\CurlMultiHandler.php(125): GuzzleHttp\Handler\CurlMultiHandler->tick()
#5 E:\xampp73\htdocs\filecroco\loader\vendor\guzzlehttp\promises\src\Promise.php(246): GuzzleHttp\Handler\CurlMultiHandler->execute(true)
#6 E:\xampp73\htdocs\filecroco\loader\vendor\guzzlehttp\promises\src\Promise.php(223): GuzzleHttp\Promise\Promise->invokeWaitFn()
#7 E:\xampp73\htdocs\filecroco\loader\vendor\guzzlehttp\promises\src\Promise.php(267): GuzzleHttp\Promise\Promise->waitIfPending()
#8 E:\xampp73\htdocs\filecroco\loader\vendor\guzzlehttp\promises\src\Promise.php(225): GuzzleHttp\Promise\Promise->invokeWaitList()
#9 E:\xampp73\htdocs\filecroco\loader\vendor\guzzlehttp\promises\src\Promise.php(62): GuzzleHttp\Promise\Promise->waitIfPending()
#10 E:\xampp73\htdocs\filecroco\loader\vendor\guzzlehttp\promises\src\EachPromise.php(101): GuzzleHttp\Promise\Promise->wait()
#11 E:\xampp73\htdocs\filecroco\loader\vendor\guzzlehttp\promises\src\Promise.php(246): GuzzleHttp\Promise\EachPromise->GuzzleHttp\Promise\{closure}(true)
#12 E:\xampp73\htdocs\filecroco\loader\vendor\guzzlehttp\promises\src\Promise.php(223): GuzzleHttp\Promise\Promise->invokeWaitFn()
#13 E:\xampp73\htdocs\filecroco\loader\vendor\guzzlehttp\promises\src\Promise.php(62): GuzzleHttp\Promise\Promise->waitIfPending()
#14 E:\xampp73\htdocs\filecroco\loader\updatedownloadlink.php(95): GuzzleHttp\Promise\Promise->wait()
#15 {main}|1147GuzzleHttp\Exception\RequestException: cURL error 56:  (see http://curl.haxx.se/libcurl/c/libcurl-errors.html) in E:\xampp73\htdocs\filecroco\loader\vendor\guzzlehttp\guzzle\src\Handler\CurlFactory.php:186
Stack trace:
#0 E:\xampp73\htdocs\filecroco\loader\vendor\guzzlehttp\guzzle\src\Handler\CurlFactory.php(149): GuzzleHttp\Handler\CurlFactory::createRejection(Object(GuzzleHttp\Handler\EasyHandle), Array)
#1 E:\xampp73\htdocs\filecroco\loader\vendor\guzzlehttp\guzzle\src\Handler\CurlFactory.php(102): GuzzleHttp\Handler\CurlFactory::finishError(Object(GuzzleHttp\Handler\CurlMultiHandler), Object(GuzzleHttp\Handler\EasyHandle), Object(GuzzleHttp\Handler\CurlFactory))
#2 E:\xampp73\htdocs\filecroco\loader\vendor\guzzlehttp\guzzle\src\Handler\CurlMultiHandler.php(181): GuzzleHttp\Handler\CurlFactory::finish(Object(GuzzleHttp\Handler\CurlMultiHandler), Object(GuzzleHttp\Handler\EasyHandle), Object(GuzzleHttp\Handler\CurlFactory))
#3 E:\xampp73\htdocs\filecroco\loader\vendor\guzzlehttp\guzzle\src\Handler\CurlMultiHandler.php(110): GuzzleHttp\Handler\CurlMultiHandler->processMessages()
#4 E:\xampp73\htdocs\filecroco\loader\vendor\guzzlehttp\guzzle\src\Handler\CurlMultiHandler.php(125): GuzzleHttp\Handler\CurlMultiHandler->tick()
#5 E:\xampp73\htdocs\filecroco\loader\vendor\guzzlehttp\promises\src\Promise.php(246): GuzzleHttp\Handler\CurlMultiHandler->execute(true)
#6 E:\xampp73\htdocs\filecroco\loader\vendor\guzzlehttp\promises\src\Promise.php(223): GuzzleHttp\Promise\Promise->invokeWaitFn()
#7 E:\xampp73\htdocs\filecroco\loader\vendor\guzzlehttp\promises\src\Promise.php(267): GuzzleHttp\Promise\Promise->waitIfPending()
#8 E:\xampp73\htdocs\filecroco\loader\vendor\guzzlehttp\promises\src\Promise.php(225): GuzzleHttp\Promise\Promise->invokeWaitList()
#9 E:\xampp73\htdocs\filecroco\loader\vendor\guzzlehttp\promises\src\Promise.php(62): GuzzleHttp\Promise\Promise->waitIfPending()
#10 E:\xampp73\htdocs\filecroco\loader\vendor\guzzlehttp\promises\src\EachPromise.php(101): GuzzleHttp\Promise\Promise->wait()
#11 E:\xampp73\htdocs\filecroco\loader\vendor\guzzlehttp\promises\src\Promise.php(246): GuzzleHttp\Promise\EachPromise->GuzzleHttp\Promise\{closure}(true)
#12 E:\xampp73\htdocs\filecroco\loader\vendor\guzzlehttp\promises\src\Promise.php(223): GuzzleHttp\Promise\Promise->invokeWaitFn()
#13 E:\xampp73\htdocs\filecroco\loader\vendor\guzzlehttp\promises\src\Promise.php(62): GuzzleHttp\Promise\Promise->waitIfPending()
#14 E:\xampp73\htdocs\filecroco\loader\updatedownloadlink.php(95): GuzzleHttp\Promise\Promise->wait()
#15 {main}|1148GuzzleHttp\Exception\RequestException: cURL error 56:  (see http://curl.haxx.se/libcurl/c/libcurl-errors.html) in E:\xampp73\htdocs\filecroco\loader\vendor\guzzlehttp\guzzle\src\Handler\CurlFactory.php:186
Stack trace:
#0 E:\xampp73\htdocs\filecroco\loader\vendor\guzzlehttp\guzzle\src\Handler\CurlFactory.php(149): GuzzleHttp\Handler\CurlFactory::createRejection(Object(GuzzleHttp\Handler\EasyHandle), Array)
#1 E:\xampp73\htdocs\filecroco\loader\vendor\guzzlehttp\guzzle\src\Handler\CurlFactory.php(102): GuzzleHttp\Handler\CurlFactory::finishError(Object(GuzzleHttp\Handler\CurlMultiHandler), Object(GuzzleHttp\Handler\EasyHandle), Object(GuzzleHttp\Handler\CurlFactory))
#2 E:\xampp73\htdocs\filecroco\loader\vendor\guzzlehttp\guzzle\src\Handler\CurlMultiHandler.php(181): GuzzleHttp\Handler\CurlFactory::finish(Object(GuzzleHttp\Handler\CurlMultiHandler), Object(GuzzleHttp\Handler\EasyHandle), Object(GuzzleHttp\Handler\CurlFactory))
#3 E:\xampp73\htdocs\filecroco\loader\vendor\guzzlehttp\guzzle\src\Handler\CurlMultiHandler.php(110): GuzzleHttp\Handler\CurlMultiHandler->processMessages()
#4 E:\xampp73\htdocs\filecroco\loader\vendor\guzzlehttp\guzzle\src\Handler\CurlMultiHandler.php(125): GuzzleHttp\Handler\CurlMultiHandler->tick()
#5 E:\xampp73\htdocs\filecroco\loader\vendor\guzzlehttp\promises\src\Promise.php(246): GuzzleHttp\Handler\CurlMultiHandler->execute(true)
#6 E:\xampp73\htdocs\filecroco\loader\vendor\guzzlehttp\promises\src\Promise.php(223): GuzzleHttp\Promise\Promise->invokeWaitFn()
#7 E:\xampp73\htdocs\filecroco\loader\vendor\guzzlehttp\promises\src\Promise.php(267): GuzzleHttp\Promise\Promise->waitIfPending()
#8 E:\xampp73\htdocs\filecroco\loader\vendor\guzzlehttp\promises\src\Promise.php(225): GuzzleHttp\Promise\Promise->invokeWaitList()
#9 E:\xampp73\htdocs\filecroco\loader\vendor\guzzlehttp\promises\src\Promise.php(62): GuzzleHttp\Promise\Promise->waitIfPending()
#10 E:\xampp73\htdocs\filecroco\loader\vendor\guzzlehttp\promises\src\EachPromise.php(101): GuzzleHttp\Promise\Promise->wait()
#11 E:\xampp73\htdocs\filecroco\loader\vendor\guzzlehttp\promises\src\Promise.php(246): GuzzleHttp\Promise\EachPromise->GuzzleHttp\Promise\{closure}(true)
#12 E:\xampp73\htdocs\filecroco\loader\vendor\guzzlehttp\promises\src\Promise.php(223): GuzzleHttp\Promise\Promise->invokeWaitFn()
#13 E:\xampp73\htdocs\filecroco\loader\vendor\guzzlehttp\promises\src\Promise.php(62): GuzzleHttp\Promise\Promise->waitIfPending()
#14 E:\xampp73\htdocs\filecroco\loader\updatedownloadlink.php(95): GuzzleHttp\Promise\Promise->wait()
#15 {main}|1149GuzzleHttp\Exception\RequestException: cURL error 56:  (see http://curl.haxx.se/libcurl/c/libcurl-errors.html) in E:\xampp73\htdocs\filecroco\loader\vendor\guzzlehttp\guzzle\src\Handler\CurlFactory.php:186
Stack trace:
#0 E:\xampp73\htdocs\filecroco\loader\vendor\guzzlehttp\guzzle\src\Handler\CurlFactory.php(149): GuzzleHttp\Handler\CurlFactory::createRejection(Object(GuzzleHttp\Handler\EasyHandle), Array)
#1 E:\xampp73\htdocs\filecroco\loader\vendor\guzzlehttp\guzzle\src\Handler\CurlFactory.php(102): GuzzleHttp\Handler\CurlFactory::finishError(Object(GuzzleHttp\Handler\CurlMultiHandler), Object(GuzzleHttp\Handler\EasyHandle), Object(GuzzleHttp\Handler\CurlFactory))
#2 E:\xampp73\htdocs\filecroco\loader\vendor\guzzlehttp\guzzle\src\Handler\CurlMultiHandler.php(181): GuzzleHttp\Handler\CurlFactory::finish(Object(GuzzleHttp\Handler\CurlMultiHandler), Object(GuzzleHttp\Handler\EasyHandle), Object(GuzzleHttp\Handler\CurlFactory))
#3 E:\xampp73\htdocs\filecroco\loader\vendor\guzzlehttp\guzzle\src\Handler\CurlMultiHandler.php(110): GuzzleHttp\Handler\CurlMultiHandler->processMessages()
#4 E:\xampp73\htdocs\filecroco\loader\vendor\guzzlehttp\guzzle\src\Handler\CurlMultiHandler.php(125): GuzzleHttp\Handler\CurlMultiHandler->tick()
#5 E:\xampp73\htdocs\filecroco\loader\vendor\guzzlehttp\promises\src\Promise.php(246): GuzzleHttp\Handler\CurlMultiHandler->execute(true)
#6 E:\xampp73\htdocs\filecroco\loader\vendor\guzzlehttp\promises\src\Promise.php(223): GuzzleHttp\Promise\Promise->invokeWaitFn()
#7 E:\xampp73\htdocs\filecroco\loader\vendor\guzzlehttp\promises\src\Promise.php(267): GuzzleHttp\Promise\Promise->waitIfPending()
#8 E:\xampp73\htdocs\filecroco\loader\vendor\guzzlehttp\promises\src\Promise.php(225): GuzzleHttp\Promise\Promise->invokeWaitList()
#9 E:\xampp73\htdocs\filecroco\loader\vendor\guzzlehttp\promises\src\Promise.php(62): GuzzleHttp\Promise\Promise->waitIfPending()
#10 E:\xampp73\htdocs\filecroco\loader\vendor\guzzlehttp\promises\src\EachPromise.php(101): GuzzleHttp\Promise\Promise->wait()
#11 E:\xampp73\htdocs\filecroco\loader\vendor\guzzlehttp\promises\src\Promise.php(246): GuzzleHttp\Promise\EachPromise->GuzzleHttp\Promise\{closure}(true)
#12 E:\xampp73\htdocs\filecroco\loader\vendor\guzzlehttp\promises\src\Promise.php(223): GuzzleHttp\Promise\Promise->invokeWaitFn()
#13 E:\xampp73\htdocs\filecroco\loader\vendor\guzzlehttp\promises\src\Promise.php(62): GuzzleHttp\Promise\Promise->waitIfPending()
#14 E:\xampp73\htdocs\filecroco\loader\updatedownloadlink.php(95): GuzzleHttp\Promise\Promise->wait()
#15 {main}|1150GuzzleHttp\Exception\RequestException: cURL error 56:  (see http://curl.haxx.se/libcurl/c/libcurl-errors.html) in E:\xampp73\htdocs\filecroco\loader\vendor\guzzlehttp\guzzle\src\Handler\CurlFactory.php:186
Stack trace:
#0 E:\xampp73\htdocs\filecroco\loader\vendor\guzzlehttp\guzzle\src\Handler\CurlFactory.php(149): GuzzleHttp\Handler\CurlFactory::createRejection(Object(GuzzleHttp\Handler\EasyHandle), Array)
#1 E:\xampp73\htdocs\filecroco\loader\vendor\guzzlehttp\guzzle\src\Handler\CurlFactory.php(102): GuzzleHttp\Handler\CurlFactory::finishError(Object(GuzzleHttp\Handler\CurlMultiHandler), Object(GuzzleHttp\Handler\EasyHandle), Object(GuzzleHttp\Handler\CurlFactory))
#2 E:\xampp73\htdocs\filecroco\loader\vendor\guzzlehttp\guzzle\src\Handler\CurlMultiHandler.php(181): GuzzleHttp\Handler\CurlFactory::finish(Object(GuzzleHttp\Handler\CurlMultiHandler), Object(GuzzleHttp\Handler\EasyHandle), Object(GuzzleHttp\Handler\CurlFactory))
#3 E:\xampp73\htdocs\filecroco\loader\vendor\guzzlehttp\guzzle\src\Handler\CurlMultiHandler.php(110): GuzzleHttp\Handler\CurlMultiHandler->processMessages()
#4 E:\xampp73\htdocs\filecroco\loader\vendor\guzzlehttp\guzzle\src\Handler\CurlMultiHandler.php(125): GuzzleHttp\Handler\CurlMultiHandler->tick()
#5 E:\xampp73\htdocs\filecroco\loader\vendor\guzzlehttp\promises\src\Promise.php(246): GuzzleHttp\Handler\CurlMultiHandler->execute(true)
#6 E:\xampp73\htdocs\filecroco\loader\vendor\guzzlehttp\promises\src\Promise.php(223): GuzzleHttp\Promise\Promise->invokeWaitFn()
#7 E:\xampp73\htdocs\filecroco\loader\vendor\guzzlehttp\promises\src\Promise.php(267): GuzzleHttp\Promise\Promise->waitIfPending()
#8 E:\xampp73\htdocs\filecroco\loader\vendor\guzzlehttp\promises\src\Promise.php(225): GuzzleHttp\Promise\Promise->invokeWaitList()
#9 E:\xampp73\htdocs\filecroco\loader\vendor\guzzlehttp\promises\src\Promise.php(62): GuzzleHttp\Promise\Promise->waitIfPending()
#10 E:\xampp73\htdocs\filecroco\loader\vendor\guzzlehttp\promises\src\EachPromise.php(101): GuzzleHttp\Promise\Promise->wait()
#11 E:\xampp73\htdocs\filecroco\loader\vendor\guzzlehttp\promises\src\Promise.php(246): GuzzleHttp\Promise\EachPromise->GuzzleHttp\Promise\{closure}(true)
#12 E:\xampp73\htdocs\filecroco\loader\vendor\guzzlehttp\promises\src\Promise.php(223): GuzzleHttp\Promise\Promise->invokeWaitFn()
#13 E:\xampp73\htdocs\filecroco\loader\vendor\guzzlehttp\promises\src\Promise.php(62): GuzzleHttp\Promise\Promise->waitIfPending()
#14 E:\xampp73\htdocs\filecroco\loader\updatedownloadlink.php(95): GuzzleHttp\Promise\Promise->wait()
#15 {main}|1151GuzzleHttp\Exception\RequestException: cURL error 56:  (see http://curl.haxx.se/libcurl/c/libcurl-errors.html) in E:\xampp73\htdocs\filecroco\loader\vendor\guzzlehttp\guzzle\src\Handler\CurlFactory.php:186
Stack trace:
#0 E:\xampp73\htdocs\filecroco\loader\vendor\guzzlehttp\guzzle\src\Handler\CurlFactory.php(149): GuzzleHttp\Handler\CurlFactory::createRejection(Object(GuzzleHttp\Handler\EasyHandle), Array)
#1 E:\xampp73\htdocs\filecroco\loader\vendor\guzzlehttp\guzzle\src\Handler\CurlFactory.php(102): GuzzleHttp\Handler\CurlFactory::finishError(Object(GuzzleHttp\Handler\CurlMultiHandler), Object(GuzzleHttp\Handler\EasyHandle), Object(GuzzleHttp\Handler\CurlFactory))
#2 E:\xampp73\htdocs\filecroco\loader\vendor\guzzlehttp\guzzle\src\Handler\CurlMultiHandler.php(181): GuzzleHttp\Handler\CurlFactory::finish(Object(GuzzleHttp\Handler\CurlMultiHandler), Object(GuzzleHttp\Handler\EasyHandle), Object(GuzzleHttp\Handler\CurlFactory))
#3 E:\xampp73\htdocs\filecroco\loader\vendor\guzzlehttp\guzzle\src\Handler\CurlMultiHandler.php(110): GuzzleHttp\Handler\CurlMultiHandler->processMessages()
#4 E:\xampp73\htdocs\filecroco\loader\vendor\guzzlehttp\guzzle\src\Handler\CurlMultiHandler.php(125): GuzzleHttp\Handler\CurlMultiHandler->tick()
#5 E:\xampp73\htdocs\filecroco\loader\vendor\guzzlehttp\promises\src\Promise.php(246): GuzzleHttp\Handler\CurlMultiHandler->execute(true)
#6 E:\xampp73\htdocs\filecroco\loader\vendor\guzzlehttp\promises\src\Promise.php(223): GuzzleHttp\Promise\Promise->invokeWaitFn()
#7 E:\xampp73\htdocs\filecroco\loader\vendor\guzzlehttp\promises\src\Promise.php(267): GuzzleHttp\Promise\Promise->waitIfPending()
#8 E:\xampp73\htdocs\filecroco\loader\vendor\guzzlehttp\promises\src\Promise.php(225): GuzzleHttp\Promise\Promise->invokeWaitList()
#9 E:\xampp73\htdocs\filecroco\loader\vendor\guzzlehttp\promises\src\Promise.php(62): GuzzleHttp\Promise\Promise->waitIfPending()
#10 E:\xampp73\htdocs\filecroco\loader\vendor\guzzlehttp\promises\src\EachPromise.php(101): GuzzleHttp\Promise\Promise->wait()
#11 E:\xampp73\htdocs\filecroco\loader\vendor\guzzlehttp\promises\src\Promise.php(246): GuzzleHttp\Promise\EachPromise->GuzzleHttp\Promise\{closure}(true)
#12 E:\xampp73\htdocs\filecroco\loader\vendor\guzzlehttp\promises\src\Promise.php(223): GuzzleHttp\Promise\Promise->invokeWaitFn()
#13 E:\xampp73\htdocs\filecroco\loader\vendor\guzzlehttp\promises\src\Promise.php(62): GuzzleHttp\Promise\Promise->waitIfPending()
#14 E:\xampp73\htdocs\filecroco\loader\updatedownloadlink.php(95): GuzzleHttp\Promise\Promise->wait()
#15 {main}|1152GuzzleHttp\Exception\RequestException: cURL error 56:  (see http://curl.haxx.se/libcurl/c/libcurl-errors.html) in E:\xampp73\htdocs\filecroco\loader\vendor\guzzlehttp\guzzle\src\Handler\CurlFactory.php:186
Stack trace:
#0 E:\xampp73\htdocs\filecroco\loader\vendor\guzzlehttp\guzzle\src\Handler\CurlFactory.php(149): GuzzleHttp\Handler\CurlFactory::createRejection(Object(GuzzleHttp\Handler\EasyHandle), Array)
#1 E:\xampp73\htdocs\filecroco\loader\vendor\guzzlehttp\guzzle\src\Handler\CurlFactory.php(102): GuzzleHttp\Handler\CurlFactory::finishError(Object(GuzzleHttp\Handler\CurlMultiHandler), Object(GuzzleHttp\Handler\EasyHandle), Object(GuzzleHttp\Handler\CurlFactory))
#2 E:\xampp73\htdocs\filecroco\loader\vendor\guzzlehttp\guzzle\src\Handler\CurlMultiHandler.php(181): GuzzleHttp\Handler\CurlFactory::finish(Object(GuzzleHttp\Handler\CurlMultiHandler), Object(GuzzleHttp\Handler\EasyHandle), Object(GuzzleHttp\Handler\CurlFactory))
#3 E:\xampp73\htdocs\filecroco\loader\vendor\guzzlehttp\guzzle\src\Handler\CurlMultiHandler.php(110): GuzzleHttp\Handler\CurlMultiHandler->processMessages()
#4 E:\xampp73\htdocs\filecroco\loader\vendor\guzzlehttp\guzzle\src\Handler\CurlMultiHandler.php(125): GuzzleHttp\Handler\CurlMultiHandler->tick()
#5 E:\xampp73\htdocs\filecroco\loader\vendor\guzzlehttp\promises\src\Promise.php(246): GuzzleHttp\Handler\CurlMultiHandler->execute(true)
#6 E:\xampp73\htdocs\filecroco\loader\vendor\guzzlehttp\promises\src\Promise.php(223): GuzzleHttp\Promise\Promise->invokeWaitFn()
#7 E:\xampp73\htdocs\filecroco\loader\vendor\guzzlehttp\promises\src\Promise.php(267): GuzzleHttp\Promise\Promise->waitIfPending()
#8 E:\xampp73\htdocs\filecroco\loader\vendor\guzzlehttp\promises\src\Promise.php(225): GuzzleHttp\Promise\Promise->invokeWaitList()
#9 E:\xampp73\htdocs\filecroco\loader\vendor\guzzlehttp\promises\src\Promise.php(62): GuzzleHttp\Promise\Promise->waitIfPending()
#10 E:\xampp73\htdocs\filecroco\loader\vendor\guzzlehttp\promises\src\EachPromise.php(101): GuzzleHttp\Promise\Promise->wait()
#11 E:\xampp73\htdocs\filecroco\loader\vendor\guzzlehttp\promises\src\Promise.php(246): GuzzleHttp\Promise\EachPromise->GuzzleHttp\Promise\{closure}(true)
#12 E:\xampp73\htdocs\filecroco\loader\vendor\guzzlehttp\promises\src\Promise.php(223): GuzzleHttp\Promise\Promise->invokeWaitFn()
#13 E:\xampp73\htdocs\filecroco\loader\vendor\guzzlehttp\promises\src\Promise.php(62): GuzzleHttp\Promise\Promise->waitIfPending()
#14 E:\xampp73\htdocs\filecroco\loader\updatedownloadlink.php(95): GuzzleHttp\Promise\Promise->wait()
#15 {main}|1153GuzzleHttp\Exception\RequestException: cURL error 56:  (see http://curl.haxx.se/libcurl/c/libcurl-errors.html) in E:\xampp73\htdocs\filecroco\loader\vendor\guzzlehttp\guzzle\src\Handler\CurlFactory.php:186
Stack trace:
#0 E:\xampp73\htdocs\filecroco\loader\vendor\guzzlehttp\guzzle\src\Handler\CurlFactory.php(149): GuzzleHttp\Handler\CurlFactory::createRejection(Object(GuzzleHttp\Handler\EasyHandle), Array)
#1 E:\xampp73\htdocs\filecroco\loader\vendor\guzzlehttp\guzzle\src\Handler\CurlFactory.php(102): GuzzleHttp\Handler\CurlFactory::finishError(Object(GuzzleHttp\Handler\CurlMultiHandler), Object(GuzzleHttp\Handler\EasyHandle), Object(GuzzleHttp\Handler\CurlFactory))
#2 E:\xampp73\htdocs\filecroco\loader\vendor\guzzlehttp\guzzle\src\Handler\CurlMultiHandler.php(181): GuzzleHttp\Handler\CurlFactory::finish(Object(GuzzleHttp\Handler\CurlMultiHandler), Object(GuzzleHttp\Handler\EasyHandle), Object(GuzzleHttp\Handler\CurlFactory))
#3 E:\xampp73\htdocs\filecroco\loader\vendor\guzzlehttp\guzzle\src\Handler\CurlMultiHandler.php(110): GuzzleHttp\Handler\CurlMultiHandler->processMessages()
#4 E:\xampp73\htdocs\filecroco\loader\vendor\guzzlehttp\guzzle\src\Handler\CurlMultiHandler.php(125): GuzzleHttp\Handler\CurlMultiHandler->tick()
#5 E:\xampp73\htdocs\filecroco\loader\vendor\guzzlehttp\promises\src\Promise.php(246): GuzzleHttp\Handler\CurlMultiHandler->execute(true)
#6 E:\xampp73\htdocs\filecroco\loader\vendor\guzzlehttp\promises\src\Promise.php(223): GuzzleHttp\Promise\Promise->invokeWaitFn()
#7 E:\xampp73\htdocs\filecroco\loader\vendor\guzzlehttp\promises\src\Promise.php(267): GuzzleHttp\Promise\Promise->waitIfPending()
#8 E:\xampp73\htdocs\filecroco\loader\vendor\guzzlehttp\promises\src\Promise.php(225): GuzzleHttp\Promise\Promise->invokeWaitList()
#9 E:\xampp73\htdocs\filecroco\loader\vendor\guzzlehttp\promises\src\Promise.php(62): GuzzleHttp\Promise\Promise->waitIfPending()
#10 E:\xampp73\htdocs\filecroco\loader\vendor\guzzlehttp\promises\src\EachPromise.php(101): GuzzleHttp\Promise\Promise->wait()
#11 E:\xampp73\htdocs\filecroco\loader\vendor\guzzlehttp\promises\src\Promise.php(246): GuzzleHttp\Promise\EachPromise->GuzzleHttp\Promise\{closure}(true)
#12 E:\xampp73\htdocs\filecroco\loader\vendor\guzzlehttp\promises\src\Promise.php(223): GuzzleHttp\Promise\Promise->invokeWaitFn()
#13 E:\xampp73\htdocs\filecroco\loader\vendor\guzzlehttp\promises\src\Promise.php(62): GuzzleHttp\Promise\Promise->waitIfPending()
#14 E:\xampp73\htdocs\filecroco\loader\updatedownloadlink.php(95): GuzzleHttp\Promise\Promise->wait()
#15 {main}|1154GuzzleHttp\Exception\RequestException: cURL error 56:  (see http://curl.haxx.se/libcurl/c/libcurl-errors.html) in E:\xampp73\htdocs\filecroco\loader\vendor\guzzlehttp\guzzle\src\Handler\CurlFactory.php:186
Stack trace:
#0 E:\xampp73\htdocs\filecroco\loader\vendor\guzzlehttp\guzzle\src\Handler\CurlFactory.php(149): GuzzleHttp\Handler\CurlFactory::createRejection(Object(GuzzleHttp\Handler\EasyHandle), Array)
#1 E:\xampp73\htdocs\filecroco\loader\vendor\guzzlehttp\guzzle\src\Handler\CurlFactory.php(102): GuzzleHttp\Handler\CurlFactory::finishError(Object(GuzzleHttp\Handler\CurlMultiHandler), Object(GuzzleHttp\Handler\EasyHandle), Object(GuzzleHttp\Handler\CurlFactory))
#2 E:\xampp73\htdocs\filecroco\loader\vendor\guzzlehttp\guzzle\src\Handler\CurlMultiHandler.php(181): GuzzleHttp\Handler\CurlFactory::finish(Object(GuzzleHttp\Handler\CurlMultiHandler), Object(GuzzleHttp\Handler\EasyHandle), Object(GuzzleHttp\Handler\CurlFactory))
#3 E:\xampp73\htdocs\filecroco\loader\vendor\guzzlehttp\guzzle\src\Handler\CurlMultiHandler.php(110): GuzzleHttp\Handler\CurlMultiHandler->processMessages()
#4 E:\xampp73\htdocs\filecroco\loader\vendor\guzzlehttp\guzzle\src\Handler\CurlMultiHandler.php(125): GuzzleHttp\Handler\CurlMultiHandler->tick()
#5 E:\xampp73\htdocs\filecroco\loader\vendor\guzzlehttp\promises\src\Promise.php(246): GuzzleHttp\Handler\CurlMultiHandler->execute(true)
#6 E:\xampp73\htdocs\filecroco\loader\vendor\guzzlehttp\promises\src\Promise.php(223): GuzzleHttp\Promise\Promise->invokeWaitFn()
#7 E:\xampp73\htdocs\filecroco\loader\vendor\guzzlehttp\promises\src\Promise.php(267): GuzzleHttp\Promise\Promise->waitIfPending()
#8 E:\xampp73\htdocs\filecroco\loader\vendor\guzzlehttp\promises\src\Promise.php(225): GuzzleHttp\Promise\Promise->invokeWaitList()
#9 E:\xampp73\htdocs\filecroco\loader\vendor\guzzlehttp\promises\src\Promise.php(62): GuzzleHttp\Promise\Promise->waitIfPending()
#10 E:\xampp73\htdocs\filecroco\loader\vendor\guzzlehttp\promises\src\EachPromise.php(101): GuzzleHttp\Promise\Promise->wait()
#11 E:\xampp73\htdocs\filecroco\loader\vendor\guzzlehttp\promises\src\Promise.php(246): GuzzleHttp\Promise\EachPromise->GuzzleHttp\Promise\{closure}(true)
#12 E:\xampp73\htdocs\filecroco\loader\vendor\guzzlehttp\promises\src\Promise.php(223): GuzzleHttp\Promise\Promise->invokeWaitFn()
#13 E:\xampp73\htdocs\filecroco\loader\vendor\guzzlehttp\promises\src\Promise.php(62): GuzzleHttp\Promise\Promise->waitIfPending()
#14 E:\xampp73\htdocs\filecroco\loader\updatedownloadlink.php(95): GuzzleHttp\Promise\Promise->wait()
#15 {main}|1155GuzzleHttp\Exception\RequestException: cURL error 56:  (see http://curl.haxx.se/libcurl/c/libcurl-errors.html) in E:\xampp73\htdocs\filecroco\loader\vendor\guzzlehttp\guzzle\src\Handler\CurlFactory.php:186
Stack trace:
#0 E:\xampp73\htdocs\filecroco\loader\vendor\guzzlehttp\guzzle\src\Handler\CurlFactory.php(149): GuzzleHttp\Handler\CurlFactory::createRejection(Object(GuzzleHttp\Handler\EasyHandle), Array)
#1 E:\xampp73\htdocs\filecroco\loader\vendor\guzzlehttp\guzzle\src\Handler\CurlFactory.php(102): GuzzleHttp\Handler\CurlFactory::finishError(Object(GuzzleHttp\Handler\CurlMultiHandler), Object(GuzzleHttp\Handler\EasyHandle), Object(GuzzleHttp\Handler\CurlFactory))
#2 E:\xampp73\htdocs\filecroco\loader\vendor\guzzlehttp\guzzle\src\Handler\CurlMultiHandler.php(181): GuzzleHttp\Handler\CurlFactory::finish(Object(GuzzleHttp\Handler\CurlMultiHandler), Object(GuzzleHttp\Handler\EasyHandle), Object(GuzzleHttp\Handler\CurlFactory))
#3 E:\xampp73\htdocs\filecroco\loader\vendor\guzzlehttp\guzzle\src\Handler\CurlMultiHandler.php(110): GuzzleHttp\Handler\CurlMultiHandler->processMessages()
#4 E:\xampp73\htdocs\filecroco\loader\vendor\guzzlehttp\guzzle\src\Handler\CurlMultiHandler.php(125): GuzzleHttp\Handler\CurlMultiHandler->tick()
#5 E:\xampp73\htdocs\filecroco\loader\vendor\guzzlehttp\promises\src\Promise.php(246): GuzzleHttp\Handler\CurlMultiHandler->execute(true)
#6 E:\xampp73\htdocs\filecroco\loader\vendor\guzzlehttp\promises\src\Promise.php(223): GuzzleHttp\Promise\Promise->invokeWaitFn()
#7 E:\xampp73\htdocs\filecroco\loader\vendor\guzzlehttp\promises\src\Promise.php(267): GuzzleHttp\Promise\Promise->waitIfPending()
#8 E:\xampp73\htdocs\filecroco\loader\vendor\guzzlehttp\promises\src\Promise.php(225): GuzzleHttp\Promise\Promise->invokeWaitList()
#9 E:\xampp73\htdocs\filecroco\loader\vendor\guzzlehttp\promises\src\Promise.php(62): GuzzleHttp\Promise\Promise->waitIfPending()
#10 E:\xampp73\htdocs\filecroco\loader\vendor\guzzlehttp\promises\src\EachPromise.php(101): GuzzleHttp\Promise\Promise->wait()
#11 E:\xampp73\htdocs\filecroco\loader\vendor\guzzlehttp\promises\src\Promise.php(246): GuzzleHttp\Promise\EachPromise->GuzzleHttp\Promise\{closure}(true)
#12 E:\xampp73\htdocs\filecroco\loader\vendor\guzzlehttp\promises\src\Promise.php(223): GuzzleHttp\Promise\Promise->invokeWaitFn()
#13 E:\xampp73\htdocs\filecroco\loader\vendor\guzzlehttp\promises\src\Promise.php(62): GuzzleHttp\Promise\Promise->waitIfPending()
#14 E:\xampp73\htdocs\filecroco\loader\updatedownloadlink.php(95): GuzzleHttp\Promise\Promise->wait()
#15 {main}|1156GuzzleHttp\Exception\RequestException: cURL error 56:  (see http://curl.haxx.se/libcurl/c/libcurl-errors.html) in E:\xampp73\htdocs\filecroco\loader\vendor\guzzlehttp\guzzle\src\Handler\CurlFactory.php:186
Stack trace:
#0 E:\xampp73\htdocs\filecroco\loader\vendor\guzzlehttp\guzzle\src\Handler\CurlFactory.php(149): GuzzleHttp\Handler\CurlFactory::createRejection(Object(GuzzleHttp\Handler\EasyHandle), Array)
#1 E:\xampp73\htdocs\filecroco\loader\vendor\guzzlehttp\guzzle\src\Handler\CurlFactory.php(102): GuzzleHttp\Handler\CurlFactory::finishError(Object(GuzzleHttp\Handler\CurlMultiHandler), Object(GuzzleHttp\Handler\EasyHandle), Object(GuzzleHttp\Handler\CurlFactory))
#2 E:\xampp73\htdocs\filecroco\loader\vendor\guzzlehttp\guzzle\src\Handler\CurlMultiHandler.php(181): GuzzleHttp\Handler\CurlFactory::finish(Object(GuzzleHttp\Handler\CurlMultiHandler), Object(GuzzleHttp\Handler\EasyHandle), Object(GuzzleHttp\Handler\CurlFactory))
#3 E:\xampp73\htdocs\filecroco\loader\vendor\guzzlehttp\guzzle\src\Handler\CurlMultiHandler.php(110): GuzzleHttp\Handler\CurlMultiHandler->processMessages()
#4 E:\xampp73\htdocs\filecroco\loader\vendor\guzzlehttp\guzzle\src\Handler\CurlMultiHandler.php(125): GuzzleHttp\Handler\CurlMultiHandler->tick()
#5 E:\xampp73\htdocs\filecroco\loader\vendor\guzzlehttp\promises\src\Promise.php(246): GuzzleHttp\Handler\CurlMultiHandler->execute(true)
#6 E:\xampp73\htdocs\filecroco\loader\vendor\guzzlehttp\promises\src\Promise.php(223): GuzzleHttp\Promise\Promise->invokeWaitFn()
#7 E:\xampp73\htdocs\filecroco\loader\vendor\guzzlehttp\promises\src\Promise.php(267): GuzzleHttp\Promise\Promise->waitIfPending()
#8 E:\xampp73\htdocs\filecroco\loader\vendor\guzzlehttp\promises\src\Promise.php(225): GuzzleHttp\Promise\Promise->invokeWaitList()
#9 E:\xampp73\htdocs\filecroco\loader\vendor\guzzlehttp\promises\src\Promise.php(62): GuzzleHttp\Promise\Promise->waitIfPending()
#10 E:\xampp73\htdocs\filecroco\loader\vendor\guzzlehttp\promises\src\EachPromise.php(101): GuzzleHttp\Promise\Promise->wait()
#11 E:\xampp73\htdocs\filecroco\loader\vendor\guzzlehttp\promises\src\Promise.php(246): GuzzleHttp\Promise\EachPromise->GuzzleHttp\Promise\{closure}(true)
#12 E:\xampp73\htdocs\filecroco\loader\vendor\guzzlehttp\promises\src\Promise.php(223): GuzzleHttp\Promise\Promise->invokeWaitFn()
#13 E:\xampp73\htdocs\filecroco\loader\vendor\guzzlehttp\promises\src\Promise.php(62): GuzzleHttp\Promise\Promise->waitIfPending()
#14 E:\xampp73\htdocs\filecroco\loader\updatedownloadlink.php(95): GuzzleHttp\Promise\Promise->wait()
#15 {main}|1157GuzzleHttp\Exception\RequestException: cURL error 56:  (see http://curl.haxx.se/libcurl/c/libcurl-errors.html) in E:\xampp73\htdocs\filecroco\loader\vendor\guzzlehttp\guzzle\src\Handler\CurlFactory.php:186
Stack trace:
#0 E:\xampp73\htdocs\filecroco\loader\vendor\guzzlehttp\guzzle\src\Handler\CurlFactory.php(149): GuzzleHttp\Handler\CurlFactory::createRejection(Object(GuzzleHttp\Handler\EasyHandle), Array)
#1 E:\xampp73\htdocs\filecroco\loader\vendor\guzzlehttp\guzzle\src\Handler\CurlFactory.php(102): GuzzleHttp\Handler\CurlFactory::finishError(Object(GuzzleHttp\Handler\CurlMultiHandler), Object(GuzzleHttp\Handler\EasyHandle), Object(GuzzleHttp\Handler\CurlFactory))
#2 E:\xampp73\htdocs\filecroco\loader\vendor\guzzlehttp\guzzle\src\Handler\CurlMultiHandler.php(181): GuzzleHttp\Handler\CurlFactory::finish(Object(GuzzleHttp\Handler\CurlMultiHandler), Object(GuzzleHttp\Handler\EasyHandle), Object(GuzzleHttp\Handler\CurlFactory))
#3 E:\xampp73\htdocs\filecroco\loader\vendor\guzzlehttp\guzzle\src\Handler\CurlMultiHandler.php(110): GuzzleHttp\Handler\CurlMultiHandler->processMessages()
#4 E:\xampp73\htdocs\filecroco\loader\vendor\guzzlehttp\guzzle\src\Handler\CurlMultiHandler.php(125): GuzzleHttp\Handler\CurlMultiHandler->tick()
#5 E:\xampp73\htdocs\filecroco\loader\vendor\guzzlehttp\promises\src\Promise.php(246): GuzzleHttp\Handler\CurlMultiHandler->execute(true)
#6 E:\xampp73\htdocs\filecroco\loader\vendor\guzzlehttp\promises\src\Promise.php(223): GuzzleHttp\Promise\Promise->invokeWaitFn()
#7 E:\xampp73\htdocs\filecroco\loader\vendor\guzzlehttp\promises\src\Promise.php(267): GuzzleHttp\Promise\Promise->waitIfPending()
#8 E:\xampp73\htdocs\filecroco\loader\vendor\guzzlehttp\promises\src\Promise.php(225): GuzzleHttp\Promise\Promise->invokeWaitList()
#9 E:\xampp73\htdocs\filecroco\loader\vendor\guzzlehttp\promises\src\Promise.php(62): GuzzleHttp\Promise\Promise->waitIfPending()
#10 E:\xampp73\htdocs\filecroco\loader\vendor\guzzlehttp\promises\src\EachPromise.php(101): GuzzleHttp\Promise\Promise->wait()
#11 E:\xampp73\htdocs\filecroco\loader\vendor\guzzlehttp\promises\src\Promise.php(246): GuzzleHttp\Promise\EachPromise->GuzzleHttp\Promise\{closure}(true)
#12 E:\xampp73\htdocs\filecroco\loader\vendor\guzzlehttp\promises\src\Promise.php(223): GuzzleHttp\Promise\Promise->invokeWaitFn()
#13 E:\xampp73\htdocs\filecroco\loader\vendor\guzzlehttp\promises\src\Promise.php(62): GuzzleHttp\Promise\Promise->waitIfPending()
#14 E:\xampp73\htdocs\filecroco\loader\updatedownloadlink.php(95): GuzzleHttp\Promise\Promise->wait()
#15 {main}|1158GuzzleHttp\Exception\RequestException: cURL error 56:  (see http://curl.haxx.se/libcurl/c/libcurl-errors.html) in E:\xampp73\htdocs\filecroco\loader\vendor\guzzlehttp\guzzle\src\Handler\CurlFactory.php:186
Stack trace:
#0 E:\xampp73\htdocs\filecroco\loader\vendor\guzzlehttp\guzzle\src\Handler\CurlFactory.php(149): GuzzleHttp\Handler\CurlFactory::createRejection(Object(GuzzleHttp\Handler\EasyHandle), Array)
#1 E:\xampp73\htdocs\filecroco\loader\vendor\guzzlehttp\guzzle\src\Handler\CurlFactory.php(102): GuzzleHttp\Handler\CurlFactory::finishError(Object(GuzzleHttp\Handler\CurlMultiHandler), Object(GuzzleHttp\Handler\EasyHandle), Object(GuzzleHttp\Handler\CurlFactory))
#2 E:\xampp73\htdocs\filecroco\loader\vendor\guzzlehttp\guzzle\src\Handler\CurlMultiHandler.php(181): GuzzleHttp\Handler\CurlFactory::finish(Object(GuzzleHttp\Handler\CurlMultiHandler), Object(GuzzleHttp\Handler\EasyHandle), Object(GuzzleHttp\Handler\CurlFactory))
#3 E:\xampp73\htdocs\filecroco\loader\vendor\guzzlehttp\guzzle\src\Handler\CurlMultiHandler.php(110): GuzzleHttp\Handler\CurlMultiHandler->processMessages()
#4 E:\xampp73\htdocs\filecroco\loader\vendor\guzzlehttp\guzzle\src\Handler\CurlMultiHandler.php(125): GuzzleHttp\Handler\CurlMultiHandler->tick()
#5 E:\xampp73\htdocs\filecroco\loader\vendor\guzzlehttp\promises\src\Promise.php(246): GuzzleHttp\Handler\CurlMultiHandler->execute(true)
#6 E:\xampp73\htdocs\filecroco\loader\vendor\guzzlehttp\promises\src\Promise.php(223): GuzzleHttp\Promise\Promise->invokeWaitFn()
#7 E:\xampp73\htdocs\filecroco\loader\vendor\guzzlehttp\promises\src\Promise.php(267): GuzzleHttp\Promise\Promise->waitIfPending()
#8 E:\xampp73\htdocs\filecroco\loader\vendor\guzzlehttp\promises\src\Promise.php(225): GuzzleHttp\Promise\Promise->invokeWaitList()
#9 E:\xampp73\htdocs\filecroco\loader\vendor\guzzlehttp\promises\src\Promise.php(62): GuzzleHttp\Promise\Promise->waitIfPending()
#10 E:\xampp73\htdocs\filecroco\loader\vendor\guzzlehttp\promises\src\EachPromise.php(101): GuzzleHttp\Promise\Promise->wait()
#11 E:\xampp73\htdocs\filecroco\loader\vendor\guzzlehttp\promises\src\Promise.php(246): GuzzleHttp\Promise\EachPromise->GuzzleHttp\Promise\{closure}(true)
#12 E:\xampp73\htdocs\filecroco\loader\vendor\guzzlehttp\promises\src\Promise.php(223): GuzzleHttp\Promise\Promise->invokeWaitFn()
#13 E:\xampp73\htdocs\filecroco\loader\vendor\guzzlehttp\promises\src\Promise.php(62): GuzzleHttp\Promise\Promise->waitIfPending()
#14 E:\xampp73\htdocs\filecroco\loader\updatedownloadlink.php(95): GuzzleHttp\Promise\Promise->wait()
#15 {main}|1159GuzzleHttp\Exception\RequestException: cURL error 56:  (see http://curl.haxx.se/libcurl/c/libcurl-errors.html) in E:\xampp73\htdocs\filecroco\loader\vendor\guzzlehttp\guzzle\src\Handler\CurlFactory.php:186
Stack trace:
#0 E:\xampp73\htdocs\filecroco\loader\vendor\guzzlehttp\guzzle\src\Handler\CurlFactory.php(149): GuzzleHttp\Handler\CurlFactory::createRejection(Object(GuzzleHttp\Handler\EasyHandle), Array)
#1 E:\xampp73\htdocs\filecroco\loader\vendor\guzzlehttp\guzzle\src\Handler\CurlFactory.php(102): GuzzleHttp\Handler\CurlFactory::finishError(Object(GuzzleHttp\Handler\CurlMultiHandler), Object(GuzzleHttp\Handler\EasyHandle), Object(GuzzleHttp\Handler\CurlFactory))
#2 E:\xampp73\htdocs\filecroco\loader\vendor\guzzlehttp\guzzle\src\Handler\CurlMultiHandler.php(181): GuzzleHttp\Handler\CurlFactory::finish(Object(GuzzleHttp\Handler\CurlMultiHandler), Object(GuzzleHttp\Handler\EasyHandle), Object(GuzzleHttp\Handler\CurlFactory))
#3 E:\xampp73\htdocs\filecroco\loader\vendor\guzzlehttp\guzzle\src\Handler\CurlMultiHandler.php(110): GuzzleHttp\Handler\CurlMultiHandler->processMessages()
#4 E:\xampp73\htdocs\filecroco\loader\vendor\guzzlehttp\guzzle\src\Handler\CurlMultiHandler.php(125): GuzzleHttp\Handler\CurlMultiHandler->tick()
#5 E:\xampp73\htdocs\filecroco\loader\vendor\guzzlehttp\promises\src\Promise.php(246): GuzzleHttp\Handler\CurlMultiHandler->execute(true)
#6 E:\xampp73\htdocs\filecroco\loader\vendor\guzzlehttp\promises\src\Promise.php(223): GuzzleHttp\Promise\Promise->invokeWaitFn()
#7 E:\xampp73\htdocs\filecroco\loader\vendor\guzzlehttp\promises\src\Promise.php(267): GuzzleHttp\Promise\Promise->waitIfPending()
#8 E:\xampp73\htdocs\filecroco\loader\vendor\guzzlehttp\promises\src\Promise.php(225): GuzzleHttp\Promise\Promise->invokeWaitList()
#9 E:\xampp73\htdocs\filecroco\loader\vendor\guzzlehttp\promises\src\Promise.php(62): GuzzleHttp\Promise\Promise->waitIfPending()
#10 E:\xampp73\htdocs\filecroco\loader\vendor\guzzlehttp\promises\src\EachPromise.php(101): GuzzleHttp\Promise\Promise->wait()
#11 E:\xampp73\htdocs\filecroco\loader\vendor\guzzlehttp\promises\src\Promise.php(246): GuzzleHttp\Promise\EachPromise->GuzzleHttp\Promise\{closure}(true)
#12 E:\xampp73\htdocs\filecroco\loader\vendor\guzzlehttp\promises\src\Promise.php(223): GuzzleHttp\Promise\Promise->invokeWaitFn()
#13 E:\xampp73\htdocs\filecroco\loader\vendor\guzzlehttp\promises\src\Promise.php(62): GuzzleHttp\Promise\Promise->waitIfPending()
#14 E:\xampp73\htdocs\filecroco\loader\updatedownloadlink.php(95): GuzzleHttp\Promise\Promise->wait()
#15 {main}|1160GuzzleHttp\Exception\RequestException: cURL error 56:  (see http://curl.haxx.se/libcurl/c/libcurl-errors.html) in E:\xampp73\htdocs\filecroco\loader\vendor\guzzlehttp\guzzle\src\Handler\CurlFactory.php:186
Stack trace:
#0 E:\xampp73\htdocs\filecroco\loader\vendor\guzzlehttp\guzzle\src\Handler\CurlFactory.php(149): GuzzleHttp\Handler\CurlFactory::createRejection(Object(GuzzleHttp\Handler\EasyHandle), Array)
#1 E:\xampp73\htdocs\filecroco\loader\vendor\guzzlehttp\guzzle\src\Handler\CurlFactory.php(102): GuzzleHttp\Handler\CurlFactory::finishError(Object(GuzzleHttp\Handler\CurlMultiHandler), Object(GuzzleHttp\Handler\EasyHandle), Object(GuzzleHttp\Handler\CurlFactory))
#2 E:\xampp73\htdocs\filecroco\loader\vendor\guzzlehttp\guzzle\src\Handler\CurlMultiHandler.php(181): GuzzleHttp\Handler\CurlFactory::finish(Object(GuzzleHttp\Handler\CurlMultiHandler), Object(GuzzleHttp\Handler\EasyHandle), Object(GuzzleHttp\Handler\CurlFactory))
#3 E:\xampp73\htdocs\filecroco\loader\vendor\guzzlehttp\guzzle\src\Handler\CurlMultiHandler.php(110): GuzzleHttp\Handler\CurlMultiHandler->processMessages()
#4 E:\xampp73\htdocs\filecroco\loader\vendor\guzzlehttp\guzzle\src\Handler\CurlMultiHandler.php(125): GuzzleHttp\Handler\CurlMultiHandler->tick()
#5 E:\xampp73\htdocs\filecroco\loader\vendor\guzzlehttp\promises\src\Promise.php(246): GuzzleHttp\Handler\CurlMultiHandler->execute(true)
#6 E:\xampp73\htdocs\filecroco\loader\vendor\guzzlehttp\promises\src\Promise.php(223): GuzzleHttp\Promise\Promise->invokeWaitFn()
#7 E:\xampp73\htdocs\filecroco\loader\vendor\guzzlehttp\promises\src\Promise.php(267): GuzzleHttp\Promise\Promise->waitIfPending()
#8 E:\xampp73\htdocs\filecroco\loader\vendor\guzzlehttp\promises\src\Promise.php(225): GuzzleHttp\Promise\Promise->invokeWaitList()
#9 E:\xampp73\htdocs\filecroco\loader\vendor\guzzlehttp\promises\src\Promise.php(62): GuzzleHttp\Promise\Promise->waitIfPending()
#10 E:\xampp73\htdocs\filecroco\loader\vendor\guzzlehttp\promises\src\EachPromise.php(101): GuzzleHttp\Promise\Promise->wait()
#11 E:\xampp73\htdocs\filecroco\loader\vendor\guzzlehttp\promises\src\Promise.php(246): GuzzleHttp\Promise\EachPromise->GuzzleHttp\Promise\{closure}(true)
#12 E:\xampp73\htdocs\filecroco\loader\vendor\guzzlehttp\promises\src\Promise.php(223): GuzzleHttp\Promise\Promise->invokeWaitFn()
#13 E:\xampp73\htdocs\filecroco\loader\vendor\guzzlehttp\promises\src\Promise.php(62): GuzzleHttp\Promise\Promise->waitIfPending()
#14 E:\xampp73\htdocs\filecroco\loader\updatedownloadlink.php(95): GuzzleHttp\Promise\Promise->wait()
#15 {main}|1161GuzzleHttp\Exception\RequestException: cURL error 56:  (see http://curl.haxx.se/libcurl/c/libcurl-errors.html) in E:\xampp73\htdocs\filecroco\loader\vendor\guzzlehttp\guzzle\src\Handler\CurlFactory.php:186
Stack trace:
#0 E:\xampp73\htdocs\filecroco\loader\vendor\guzzlehttp\guzzle\src\Handler\CurlFactory.php(149): GuzzleHttp\Handler\CurlFactory::createRejection(Object(GuzzleHttp\Handler\EasyHandle), Array)
#1 E:\xampp73\htdocs\filecroco\loader\vendor\guzzlehttp\guzzle\src\Handler\CurlFactory.php(102): GuzzleHttp\Handler\CurlFactory::finishError(Object(GuzzleHttp\Handler\CurlMultiHandler), Object(GuzzleHttp\Handler\EasyHandle), Object(GuzzleHttp\Handler\CurlFactory))
#2 E:\xampp73\htdocs\filecroco\loader\vendor\guzzlehttp\guzzle\src\Handler\CurlMultiHandler.php(181): GuzzleHttp\Handler\CurlFactory::finish(Object(GuzzleHttp\Handler\CurlMultiHandler), Object(GuzzleHttp\Handler\EasyHandle), Object(GuzzleHttp\Handler\CurlFactory))
#3 E:\xampp73\htdocs\filecroco\loader\vendor\guzzlehttp\guzzle\src\Handler\CurlMultiHandler.php(110): GuzzleHttp\Handler\CurlMultiHandler->processMessages()
#4 E:\xampp73\htdocs\filecroco\loader\vendor\guzzlehttp\guzzle\src\Handler\CurlMultiHandler.php(125): GuzzleHttp\Handler\CurlMultiHandler->tick()
#5 E:\xampp73\htdocs\filecroco\loader\vendor\guzzlehttp\promises\src\Promise.php(246): GuzzleHttp\Handler\CurlMultiHandler->execute(true)
#6 E:\xampp73\htdocs\filecroco\loader\vendor\guzzlehttp\promises\src\Promise.php(223): GuzzleHttp\Promise\Promise->invokeWaitFn()
#7 E:\xampp73\htdocs\filecroco\loader\vendor\guzzlehttp\promises\src\Promise.php(267): GuzzleHttp\Promise\Promise->waitIfPending()
#8 E:\xampp73\htdocs\filecroco\loader\vendor\guzzlehttp\promises\src\Promise.php(225): GuzzleHttp\Promise\Promise->invokeWaitList()
#9 E:\xampp73\htdocs\filecroco\loader\vendor\guzzlehttp\promises\src\Promise.php(62): GuzzleHttp\Promise\Promise->waitIfPending()
#10 E:\xampp73\htdocs\filecroco\loader\vendor\guzzlehttp\promises\src\EachPromise.php(101): GuzzleHttp\Promise\Promise->wait()
#11 E:\xampp73\htdocs\filecroco\loader\vendor\guzzlehttp\promises\src\Promise.php(246): GuzzleHttp\Promise\EachPromise->GuzzleHttp\Promise\{closure}(true)
#12 E:\xampp73\htdocs\filecroco\loader\vendor\guzzlehttp\promises\src\Promise.php(223): GuzzleHttp\Promise\Promise->invokeWaitFn()
#13 E:\xampp73\htdocs\filecroco\loader\vendor\guzzlehttp\promises\src\Promise.php(62): GuzzleHttp\Promise\Promise->waitIfPending()
#14 E:\xampp73\htdocs\filecroco\loader\updatedownloadlink.php(95): GuzzleHttp\Promise\Promise->wait()
#15 {main}|1162GuzzleHttp\Exception\RequestException: cURL error 56:  (see http://curl.haxx.se/libcurl/c/libcurl-errors.html) in E:\xampp73\htdocs\filecroco\loader\vendor\guzzlehttp\guzzle\src\Handler\CurlFactory.php:186
Stack trace:
#0 E:\xampp73\htdocs\filecroco\loader\vendor\guzzlehttp\guzzle\src\Handler\CurlFactory.php(149): GuzzleHttp\Handler\CurlFactory::createRejection(Object(GuzzleHttp\Handler\EasyHandle), Array)
#1 E:\xampp73\htdocs\filecroco\loader\vendor\guzzlehttp\guzzle\src\Handler\CurlFactory.php(102): GuzzleHttp\Handler\CurlFactory::finishError(Object(GuzzleHttp\Handler\CurlMultiHandler), Object(GuzzleHttp\Handler\EasyHandle), Object(GuzzleHttp\Handler\CurlFactory))
#2 E:\xampp73\htdocs\filecroco\loader\vendor\guzzlehttp\guzzle\src\Handler\CurlMultiHandler.php(181): GuzzleHttp\Handler\CurlFactory::finish(Object(GuzzleHttp\Handler\CurlMultiHandler), Object(GuzzleHttp\Handler\EasyHandle), Object(GuzzleHttp\Handler\CurlFactory))
#3 E:\xampp73\htdocs\filecroco\loader\vendor\guzzlehttp\guzzle\src\Handler\CurlMultiHandler.php(110): GuzzleHttp\Handler\CurlMultiHandler->processMessages()
#4 E:\xampp73\htdocs\filecroco\loader\vendor\guzzlehttp\guzzle\src\Handler\CurlMultiHandler.php(125): GuzzleHttp\Handler\CurlMultiHandler->tick()
#5 E:\xampp73\htdocs\filecroco\loader\vendor\guzzlehttp\promises\src\Promise.php(246): GuzzleHttp\Handler\CurlMultiHandler->execute(true)
#6 E:\xampp73\htdocs\filecroco\loader\vendor\guzzlehttp\promises\src\Promise.php(223): GuzzleHttp\Promise\Promise->invokeWaitFn()
#7 E:\xampp73\htdocs\filecroco\loader\vendor\guzzlehttp\promises\src\Promise.php(267): GuzzleHttp\Promise\Promise->waitIfPending()
#8 E:\xampp73\htdocs\filecroco\loader\vendor\guzzlehttp\promises\src\Promise.php(225): GuzzleHttp\Promise\Promise->invokeWaitList()
#9 E:\xampp73\htdocs\filecroco\loader\vendor\guzzlehttp\promises\src\Promise.php(62): GuzzleHttp\Promise\Promise->waitIfPending()
#10 E:\xampp73\htdocs\filecroco\loader\vendor\guzzlehttp\promises\src\EachPromise.php(101): GuzzleHttp\Promise\Promise->wait()
#11 E:\xampp73\htdocs\filecroco\loader\vendor\guzzlehttp\promises\src\Promise.php(246): GuzzleHttp\Promise\EachPromise->GuzzleHttp\Promise\{closure}(true)
#12 E:\xampp73\htdocs\filecroco\loader\vendor\guzzlehttp\promises\src\Promise.php(223): GuzzleHttp\Promise\Promise->invokeWaitFn()
#13 E:\xampp73\htdocs\filecroco\loader\vendor\guzzlehttp\promises\src\Promise.php(62): GuzzleHttp\Promise\Promise->waitIfPending()
#14 E:\xampp73\htdocs\filecroco\loader\updatedownloadlink.php(95): GuzzleHttp\Promise\Promise->wait()
#15 {main}|1163GuzzleHttp\Exception\RequestException: cURL error 56:  (see http://curl.haxx.se/libcurl/c/libcurl-errors.html) in E:\xampp73\htdocs\filecroco\loader\vendor\guzzlehttp\guzzle\src\Handler\CurlFactory.php:186
Stack trace:
#0 E:\xampp73\htdocs\filecroco\loader\vendor\guzzlehttp\guzzle\src\Handler\CurlFactory.php(149): GuzzleHttp\Handler\CurlFactory::createRejection(Object(GuzzleHttp\Handler\EasyHandle), Array)
#1 E:\xampp73\htdocs\filecroco\loader\vendor\guzzlehttp\guzzle\src\Handler\CurlFactory.php(102): GuzzleHttp\Handler\CurlFactory::finishError(Object(GuzzleHttp\Handler\CurlMultiHandler), Object(GuzzleHttp\Handler\EasyHandle), Object(GuzzleHttp\Handler\CurlFactory))
#2 E:\xampp73\htdocs\filecroco\loader\vendor\guzzlehttp\guzzle\src\Handler\CurlMultiHandler.php(181): GuzzleHttp\Handler\CurlFactory::finish(Object(GuzzleHttp\Handler\CurlMultiHandler), Object(GuzzleHttp\Handler\EasyHandle), Object(GuzzleHttp\Handler\CurlFactory))
#3 E:\xampp73\htdocs\filecroco\loader\vendor\guzzlehttp\guzzle\src\Handler\CurlMultiHandler.php(110): GuzzleHttp\Handler\CurlMultiHandler->processMessages()
#4 E:\xampp73\htdocs\filecroco\loader\vendor\guzzlehttp\guzzle\src\Handler\CurlMultiHandler.php(125): GuzzleHttp\Handler\CurlMultiHandler->tick()
#5 E:\xampp73\htdocs\filecroco\loader\vendor\guzzlehttp\promises\src\Promise.php(246): GuzzleHttp\Handler\CurlMultiHandler->execute(true)
#6 E:\xampp73\htdocs\filecroco\loader\vendor\guzzlehttp\promises\src\Promise.php(223): GuzzleHttp\Promise\Promise->invokeWaitFn()
#7 E:\xampp73\htdocs\filecroco\loader\vendor\guzzlehttp\promises\src\Promise.php(267): GuzzleHttp\Promise\Promise->waitIfPending()
#8 E:\xampp73\htdocs\filecroco\loader\vendor\guzzlehttp\promises\src\Promise.php(225): GuzzleHttp\Promise\Promise->invokeWaitList()
#9 E:\xampp73\htdocs\filecroco\loader\vendor\guzzlehttp\promises\src\Promise.php(62): GuzzleHttp\Promise\Promise->waitIfPending()
#10 E:\xampp73\htdocs\filecroco\loader\vendor\guzzlehttp\promises\src\EachPromise.php(101): GuzzleHttp\Promise\Promise->wait()
#11 E:\xampp73\htdocs\filecroco\loader\vendor\guzzlehttp\promises\src\Promise.php(246): GuzzleHttp\Promise\EachPromise->GuzzleHttp\Promise\{closure}(true)
#12 E:\xampp73\htdocs\filecroco\loader\vendor\guzzlehttp\promises\src\Promise.php(223): GuzzleHttp\Promise\Promise->invokeWaitFn()
#13 E:\xampp73\htdocs\filecroco\loader\vendor\guzzlehttp\promises\src\Promise.php(62): GuzzleHttp\Promise\Promise->waitIfPending()
#14 E:\xampp73\htdocs\filecroco\loader\updatedownloadlink.php(95): GuzzleHttp\Promise\Promise->wait()
#15 {main}|1164GuzzleHttp\Exception\RequestException: cURL error 56:  (see http://curl.haxx.se/libcurl/c/libcurl-errors.html) in E:\xampp73\htdocs\filecroco\loader\vendor\guzzlehttp\guzzle\src\Handler\CurlFactory.php:186
Stack trace:
#0 E:\xampp73\htdocs\filecroco\loader\vendor\guzzlehttp\guzzle\src\Handler\CurlFactory.php(149): GuzzleHttp\Handler\CurlFactory::createRejection(Object(GuzzleHttp\Handler\EasyHandle), Array)
#1 E:\xampp73\htdocs\filecroco\loader\vendor\guzzlehttp\guzzle\src\Handler\CurlFactory.php(102): GuzzleHttp\Handler\CurlFactory::finishError(Object(GuzzleHttp\Handler\CurlMultiHandler), Object(GuzzleHttp\Handler\EasyHandle), Object(GuzzleHttp\Handler\CurlFactory))
#2 E:\xampp73\htdocs\filecroco\loader\vendor\guzzlehttp\guzzle\src\Handler\CurlMultiHandler.php(181): GuzzleHttp\Handler\CurlFactory::finish(Object(GuzzleHttp\Handler\CurlMultiHandler), Object(GuzzleHttp\Handler\EasyHandle), Object(GuzzleHttp\Handler\CurlFactory))
#3 E:\xampp73\htdocs\filecroco\loader\vendor\guzzlehttp\guzzle\src\Handler\CurlMultiHandler.php(110): GuzzleHttp\Handler\CurlMultiHandler->processMessages()
#4 E:\xampp73\htdocs\filecroco\loader\vendor\guzzlehttp\guzzle\src\Handler\CurlMultiHandler.php(125): GuzzleHttp\Handler\CurlMultiHandler->tick()
#5 E:\xampp73\htdocs\filecroco\loader\vendor\guzzlehttp\promises\src\Promise.php(246): GuzzleHttp\Handler\CurlMultiHandler->execute(true)
#6 E:\xampp73\htdocs\filecroco\loader\vendor\guzzlehttp\promises\src\Promise.php(223): GuzzleHttp\Promise\Promise->invokeWaitFn()
#7 E:\xampp73\htdocs\filecroco\loader\vendor\guzzlehttp\promises\src\Promise.php(267): GuzzleHttp\Promise\Promise->waitIfPending()
#8 E:\xampp73\htdocs\filecroco\loader\vendor\guzzlehttp\promises\src\Promise.php(225): GuzzleHttp\Promise\Promise->invokeWaitList()
#9 E:\xampp73\htdocs\filecroco\loader\vendor\guzzlehttp\promises\src\Promise.php(62): GuzzleHttp\Promise\Promise->waitIfPending()
#10 E:\xampp73\htdocs\filecroco\loader\vendor\guzzlehttp\promises\src\EachPromise.php(101): GuzzleHttp\Promise\Promise->wait()
#11 E:\xampp73\htdocs\filecroco\loader\vendor\guzzlehttp\promises\src\Promise.php(246): GuzzleHttp\Promise\EachPromise->GuzzleHttp\Promise\{closure}(true)
#12 E:\xampp73\htdocs\filecroco\loader\vendor\guzzlehttp\promises\src\Promise.php(223): GuzzleHttp\Promise\Promise->invokeWaitFn()
#13 E:\xampp73\htdocs\filecroco\loader\vendor\guzzlehttp\promises\src\Promise.php(62): GuzzleHttp\Promise\Promise->waitIfPending()
#14 E:\xampp73\htdocs\filecroco\loader\updatedownloadlink.php(95): GuzzleHttp\Promise\Promise->wait()
#15 {main}|1165GuzzleHttp\Exception\RequestException: cURL error 56:  (see http://curl.haxx.se/libcurl/c/libcurl-errors.html) in E:\xampp73\htdocs\filecroco\loader\vendor\guzzlehttp\guzzle\src\Handler\CurlFactory.php:186
Stack trace:
#0 E:\xampp73\htdocs\filecroco\loader\vendor\guzzlehttp\guzzle\src\Handler\CurlFactory.php(149): GuzzleHttp\Handler\CurlFactory::createRejection(Object(GuzzleHttp\Handler\EasyHandle), Array)
#1 E:\xampp73\htdocs\filecroco\loader\vendor\guzzlehttp\guzzle\src\Handler\CurlFactory.php(102): GuzzleHttp\Handler\CurlFactory::finishError(Object(GuzzleHttp\Handler\CurlMultiHandler), Object(GuzzleHttp\Handler\EasyHandle), Object(GuzzleHttp\Handler\CurlFactory))
#2 E:\xampp73\htdocs\filecroco\loader\vendor\guzzlehttp\guzzle\src\Handler\CurlMultiHandler.php(181): GuzzleHttp\Handler\CurlFactory::finish(Object(GuzzleHttp\Handler\CurlMultiHandler), Object(GuzzleHttp\Handler\EasyHandle), Object(GuzzleHttp\Handler\CurlFactory))
#3 E:\xampp73\htdocs\filecroco\loader\vendor\guzzlehttp\guzzle\src\Handler\CurlMultiHandler.php(110): GuzzleHttp\Handler\CurlMultiHandler->processMessages()
#4 E:\xampp73\htdocs\filecroco\loader\vendor\guzzlehttp\guzzle\src\Handler\CurlMultiHandler.php(125): GuzzleHttp\Handler\CurlMultiHandler->tick()
#5 E:\xampp73\htdocs\filecroco\loader\vendor\guzzlehttp\promises\src\Promise.php(246): GuzzleHttp\Handler\CurlMultiHandler->execute(true)
#6 E:\xampp73\htdocs\filecroco\loader\vendor\guzzlehttp\promises\src\Promise.php(223): GuzzleHttp\Promise\Promise->invokeWaitFn()
#7 E:\xampp73\htdocs\filecroco\loader\vendor\guzzlehttp\promises\src\Promise.php(267): GuzzleHttp\Promise\Promise->waitIfPending()
#8 E:\xampp73\htdocs\filecroco\loader\vendor\guzzlehttp\promises\src\Promise.php(225): GuzzleHttp\Promise\Promise->invokeWaitList()
#9 E:\xampp73\htdocs\filecroco\loader\vendor\guzzlehttp\promises\src\Promise.php(62): GuzzleHttp\Promise\Promise->waitIfPending()
#10 E:\xampp73\htdocs\filecroco\loader\vendor\guzzlehttp\promises\src\EachPromise.php(101): GuzzleHttp\Promise\Promise->wait()
#11 E:\xampp73\htdocs\filecroco\loader\vendor\guzzlehttp\promises\src\Promise.php(246): GuzzleHttp\Promise\EachPromise->GuzzleHttp\Promise\{closure}(true)
#12 E:\xampp73\htdocs\filecroco\loader\vendor\guzzlehttp\promises\src\Promise.php(223): GuzzleHttp\Promise\Promise->invokeWaitFn()
#13 E:\xampp73\htdocs\filecroco\loader\vendor\guzzlehttp\promises\src\Promise.php(62): GuzzleHttp\Promise\Promise->waitIfPending()
#14 E:\xampp73\htdocs\filecroco\loader\updatedownloadlink.php(95): GuzzleHttp\Promise\Promise->wait()
#15 {main}|1166GuzzleHttp\Exception\RequestException: cURL error 56:  (see http://curl.haxx.se/libcurl/c/libcurl-errors.html) in E:\xampp73\htdocs\filecroco\loader\vendor\guzzlehttp\guzzle\src\Handler\CurlFactory.php:186
Stack trace:
#0 E:\xampp73\htdocs\filecroco\loader\vendor\guzzlehttp\guzzle\src\Handler\CurlFactory.php(149): GuzzleHttp\Handler\CurlFactory::createRejection(Object(GuzzleHttp\Handler\EasyHandle), Array)
#1 E:\xampp73\htdocs\filecroco\loader\vendor\guzzlehttp\guzzle\src\Handler\CurlFactory.php(102): GuzzleHttp\Handler\CurlFactory::finishError(Object(GuzzleHttp\Handler\CurlMultiHandler), Object(GuzzleHttp\Handler\EasyHandle), Object(GuzzleHttp\Handler\CurlFactory))
#2 E:\xampp73\htdocs\filecroco\loader\vendor\guzzlehttp\guzzle\src\Handler\CurlMultiHandler.php(181): GuzzleHttp\Handler\CurlFactory::finish(Object(GuzzleHttp\Handler\CurlMultiHandler), Object(GuzzleHttp\Handler\EasyHandle), Object(GuzzleHttp\Handler\CurlFactory))
#3 E:\xampp73\htdocs\filecroco\loader\vendor\guzzlehttp\guzzle\src\Handler\CurlMultiHandler.php(110): GuzzleHttp\Handler\CurlMultiHandler->processMessages()
#4 E:\xampp73\htdocs\filecroco\loader\vendor\guzzlehttp\guzzle\src\Handler\CurlMultiHandler.php(125): GuzzleHttp\Handler\CurlMultiHandler->tick()
#5 E:\xampp73\htdocs\filecroco\loader\vendor\guzzlehttp\promises\src\Promise.php(246): GuzzleHttp\Handler\CurlMultiHandler->execute(true)
#6 E:\xampp73\htdocs\filecroco\loader\vendor\guzzlehttp\promises\src\Promise.php(223): GuzzleHttp\Promise\Promise->invokeWaitFn()
#7 E:\xampp73\htdocs\filecroco\loader\vendor\guzzlehttp\promises\src\Promise.php(267): GuzzleHttp\Promise\Promise->waitIfPending()
#8 E:\xampp73\htdocs\filecroco\loader\vendor\guzzlehttp\promises\src\Promise.php(225): GuzzleHttp\Promise\Promise->invokeWaitList()
#9 E:\xampp73\htdocs\filecroco\loader\vendor\guzzlehttp\promises\src\Promise.php(62): GuzzleHttp\Promise\Promise->waitIfPending()
#10 E:\xampp73\htdocs\filecroco\loader\vendor\guzzlehttp\promises\src\EachPromise.php(101): GuzzleHttp\Promise\Promise->wait()
#11 E:\xampp73\htdocs\filecroco\loader\vendor\guzzlehttp\promises\src\Promise.php(246): GuzzleHttp\Promise\EachPromise->GuzzleHttp\Promise\{closure}(true)
#12 E:\xampp73\htdocs\filecroco\loader\vendor\guzzlehttp\promises\src\Promise.php(223): GuzzleHttp\Promise\Promise->invokeWaitFn()
#13 E:\xampp73\htdocs\filecroco\loader\vendor\guzzlehttp\promises\src\Promise.php(62): GuzzleHttp\Promise\Promise->waitIfPending()
#14 E:\xampp73\htdocs\filecroco\loader\updatedownloadlink.php(95): GuzzleHttp\Promise\Promise->wait()
#15 {main}|1167GuzzleHttp\Exception\RequestException: cURL error 56:  (see http://curl.haxx.se/libcurl/c/libcurl-errors.html) in E:\xampp73\htdocs\filecroco\loader\vendor\guzzlehttp\guzzle\src\Handler\CurlFactory.php:186
Stack trace:
#0 E:\xampp73\htdocs\filecroco\loader\vendor\guzzlehttp\guzzle\src\Handler\CurlFactory.php(149): GuzzleHttp\Handler\CurlFactory::createRejection(Object(GuzzleHttp\Handler\EasyHandle), Array)
#1 E:\xampp73\htdocs\filecroco\loader\vendor\guzzlehttp\guzzle\src\Handler\CurlFactory.php(102): GuzzleHttp\Handler\CurlFactory::finishError(Object(GuzzleHttp\Handler\CurlMultiHandler), Object(GuzzleHttp\Handler\EasyHandle), Object(GuzzleHttp\Handler\CurlFactory))
#2 E:\xampp73\htdocs\filecroco\loader\vendor\guzzlehttp\guzzle\src\Handler\CurlMultiHandler.php(181): GuzzleHttp\Handler\CurlFactory::finish(Object(GuzzleHttp\Handler\CurlMultiHandler), Object(GuzzleHttp\Handler\EasyHandle), Object(GuzzleHttp\Handler\CurlFactory))
#3 E:\xampp73\htdocs\filecroco\loader\vendor\guzzlehttp\guzzle\src\Handler\CurlMultiHandler.php(110): GuzzleHttp\Handler\CurlMultiHandler->processMessages()
#4 E:\xampp73\htdocs\filecroco\loader\vendor\guzzlehttp\guzzle\src\Handler\CurlMultiHandler.php(125): GuzzleHttp\Handler\CurlMultiHandler->tick()
#5 E:\xampp73\htdocs\filecroco\loader\vendor\guzzlehttp\promises\src\Promise.php(246): GuzzleHttp\Handler\CurlMultiHandler->execute(true)
#6 E:\xampp73\htdocs\filecroco\loader\vendor\guzzlehttp\promises\src\Promise.php(223): GuzzleHttp\Promise\Promise->invokeWaitFn()
#7 E:\xampp73\htdocs\filecroco\loader\vendor\guzzlehttp\promises\src\Promise.php(267): GuzzleHttp\Promise\Promise->waitIfPending()
#8 E:\xampp73\htdocs\filecroco\loader\vendor\guzzlehttp\promises\src\Promise.php(225): GuzzleHttp\Promise\Promise->invokeWaitList()
#9 E:\xampp73\htdocs\filecroco\loader\vendor\guzzlehttp\promises\src\Promise.php(62): GuzzleHttp\Promise\Promise->waitIfPending()
#10 E:\xampp73\htdocs\filecroco\loader\vendor\guzzlehttp\promises\src\EachPromise.php(101): GuzzleHttp\Promise\Promise->wait()
#11 E:\xampp73\htdocs\filecroco\loader\vendor\guzzlehttp\promises\src\Promise.php(246): GuzzleHttp\Promise\EachPromise->GuzzleHttp\Promise\{closure}(true)
#12 E:\xampp73\htdocs\filecroco\loader\vendor\guzzlehttp\promises\src\Promise.php(223): GuzzleHttp\Promise\Promise->invokeWaitFn()
#13 E:\xampp73\htdocs\filecroco\loader\vendor\guzzlehttp\promises\src\Promise.php(62): GuzzleHttp\Promise\Promise->waitIfPending()
#14 E:\xampp73\htdocs\filecroco\loader\updatedownloadlink.php(95): GuzzleHttp\Promise\Promise->wait()
#15 {main}|1168GuzzleHttp\Exception\RequestException: cURL error 56:  (see http://curl.haxx.se/libcurl/c/libcurl-errors.html) in E:\xampp73\htdocs\filecroco\loader\vendor\guzzlehttp\guzzle\src\Handler\CurlFactory.php:186
Stack trace:
#0 E:\xampp73\htdocs\filecroco\loader\vendor\guzzlehttp\guzzle\src\Handler\CurlFactory.php(149): GuzzleHttp\Handler\CurlFactory::createRejection(Object(GuzzleHttp\Handler\EasyHandle), Array)
#1 E:\xampp73\htdocs\filecroco\loader\vendor\guzzlehttp\guzzle\src\Handler\CurlFactory.php(102): GuzzleHttp\Handler\CurlFactory::finishError(Object(GuzzleHttp\Handler\CurlMultiHandler), Object(GuzzleHttp\Handler\EasyHandle), Object(GuzzleHttp\Handler\CurlFactory))
#2 E:\xampp73\htdocs\filecroco\loader\vendor\guzzlehttp\guzzle\src\Handler\CurlMultiHandler.php(181): GuzzleHttp\Handler\CurlFactory::finish(Object(GuzzleHttp\Handler\CurlMultiHandler), Object(GuzzleHttp\Handler\EasyHandle), Object(GuzzleHttp\Handler\CurlFactory))
#3 E:\xampp73\htdocs\filecroco\loader\vendor\guzzlehttp\guzzle\src\Handler\CurlMultiHandler.php(110): GuzzleHttp\Handler\CurlMultiHandler->processMessages()
#4 E:\xampp73\htdocs\filecroco\loader\vendor\guzzlehttp\guzzle\src\Handler\CurlMultiHandler.php(125): GuzzleHttp\Handler\CurlMultiHandler->tick()
#5 E:\xampp73\htdocs\filecroco\loader\vendor\guzzlehttp\promises\src\Promise.php(246): GuzzleHttp\Handler\CurlMultiHandler->execute(true)
#6 E:\xampp73\htdocs\filecroco\loader\vendor\guzzlehttp\promises\src\Promise.php(223): GuzzleHttp\Promise\Promise->invokeWaitFn()
#7 E:\xampp73\htdocs\filecroco\loader\vendor\guzzlehttp\promises\src\Promise.php(267): GuzzleHttp\Promise\Promise->waitIfPending()
#8 E:\xampp73\htdocs\filecroco\loader\vendor\guzzlehttp\promises\src\Promise.php(225): GuzzleHttp\Promise\Promise->invokeWaitList()
#9 E:\xampp73\htdocs\filecroco\loader\vendor\guzzlehttp\promises\src\Promise.php(62): GuzzleHttp\Promise\Promise->waitIfPending()
#10 E:\xampp73\htdocs\filecroco\loader\vendor\guzzlehttp\promises\src\EachPromise.php(101): GuzzleHttp\Promise\Promise->wait()
#11 E:\xampp73\htdocs\filecroco\loader\vendor\guzzlehttp\promises\src\Promise.php(246): GuzzleHttp\Promise\EachPromise->GuzzleHttp\Promise\{closure}(true)
#12 E:\xampp73\htdocs\filecroco\loader\vendor\guzzlehttp\promises\src\Promise.php(223): GuzzleHttp\Promise\Promise->invokeWaitFn()
#13 E:\xampp73\htdocs\filecroco\loader\vendor\guzzlehttp\promises\src\Promise.php(62): GuzzleHttp\Promise\Promise->waitIfPending()
#14 E:\xampp73\htdocs\filecroco\loader\updatedownloadlink.php(95): GuzzleHttp\Promise\Promise->wait()
#15 {main}|1169GuzzleHttp\Exception\RequestException: cURL error 56:  (see http://curl.haxx.se/libcurl/c/libcurl-errors.html) in E:\xampp73\htdocs\filecroco\loader\vendor\guzzlehttp\guzzle\src\Handler\CurlFactory.php:186
Stack trace:
#0 E:\xampp73\htdocs\filecroco\loader\vendor\guzzlehttp\guzzle\src\Handler\CurlFactory.php(149): GuzzleHttp\Handler\CurlFactory::createRejection(Object(GuzzleHttp\Handler\EasyHandle), Array)
#1 E:\xampp73\htdocs\filecroco\loader\vendor\guzzlehttp\guzzle\src\Handler\CurlFactory.php(102): GuzzleHttp\Handler\CurlFactory::finishError(Object(GuzzleHttp\Handler\CurlMultiHandler), Object(GuzzleHttp\Handler\EasyHandle), Object(GuzzleHttp\Handler\CurlFactory))
#2 E:\xampp73\htdocs\filecroco\loader\vendor\guzzlehttp\guzzle\src\Handler\CurlMultiHandler.php(181): GuzzleHttp\Handler\CurlFactory::finish(Object(GuzzleHttp\Handler\CurlMultiHandler), Object(GuzzleHttp\Handler\EasyHandle), Object(GuzzleHttp\Handler\CurlFactory))
#3 E:\xampp73\htdocs\filecroco\loader\vendor\guzzlehttp\guzzle\src\Handler\CurlMultiHandler.php(110): GuzzleHttp\Handler\CurlMultiHandler->processMessages()
#4 E:\xampp73\htdocs\filecroco\loader\vendor\guzzlehttp\guzzle\src\Handler\CurlMultiHandler.php(125): GuzzleHttp\Handler\CurlMultiHandler->tick()
#5 E:\xampp73\htdocs\filecroco\loader\vendor\guzzlehttp\promises\src\Promise.php(246): GuzzleHttp\Handler\CurlMultiHandler->execute(true)
#6 E:\xampp73\htdocs\filecroco\loader\vendor\guzzlehttp\promises\src\Promise.php(223): GuzzleHttp\Promise\Promise->invokeWaitFn()
#7 E:\xampp73\htdocs\filecroco\loader\vendor\guzzlehttp\promises\src\Promise.php(267): GuzzleHttp\Promise\Promise->waitIfPending()
#8 E:\xampp73\htdocs\filecroco\loader\vendor\guzzlehttp\promises\src\Promise.php(225): GuzzleHttp\Promise\Promise->invokeWaitList()
#9 E:\xampp73\htdocs\filecroco\loader\vendor\guzzlehttp\promises\src\Promise.php(62): GuzzleHttp\Promise\Promise->waitIfPending()
#10 E:\xampp73\htdocs\filecroco\loader\vendor\guzzlehttp\promises\src\EachPromise.php(101): GuzzleHttp\Promise\Promise->wait()
#11 E:\xampp73\htdocs\filecroco\loader\vendor\guzzlehttp\promises\src\Promise.php(246): GuzzleHttp\Promise\EachPromise->GuzzleHttp\Promise\{closure}(true)
#12 E:\xampp73\htdocs\filecroco\loader\vendor\guzzlehttp\promises\src\Promise.php(223): GuzzleHttp\Promise\Promise->invokeWaitFn()
#13 E:\xampp73\htdocs\filecroco\loader\vendor\guzzlehttp\promises\src\Promise.php(62): GuzzleHttp\Promise\Promise->waitIfPending()
#14 E:\xampp73\htdocs\filecroco\loader\updatedownloadlink.php(95): GuzzleHttp\Promise\Promise->wait()
#15 {main}|1170GuzzleHttp\Exception\RequestException: cURL error 56:  (see http://curl.haxx.se/libcurl/c/libcurl-errors.html) in E:\xampp73\htdocs\filecroco\loader\vendor\guzzlehttp\guzzle\src\Handler\CurlFactory.php:186
Stack trace:
#0 E:\xampp73\htdocs\filecroco\loader\vendor\guzzlehttp\guzzle\src\Handler\CurlFactory.php(149): GuzzleHttp\Handler\CurlFactory::createRejection(Object(GuzzleHttp\Handler\EasyHandle), Array)
#1 E:\xampp73\htdocs\filecroco\loader\vendor\guzzlehttp\guzzle\src\Handler\CurlFactory.php(102): GuzzleHttp\Handler\CurlFactory::finishError(Object(GuzzleHttp\Handler\CurlMultiHandler), Object(GuzzleHttp\Handler\EasyHandle), Object(GuzzleHttp\Handler\CurlFactory))
#2 E:\xampp73\htdocs\filecroco\loader\vendor\guzzlehttp\guzzle\src\Handler\CurlMultiHandler.php(181): GuzzleHttp\Handler\CurlFactory::finish(Object(GuzzleHttp\Handler\CurlMultiHandler), Object(GuzzleHttp\Handler\EasyHandle), Object(GuzzleHttp\Handler\CurlFactory))
#3 E:\xampp73\htdocs\filecroco\loader\vendor\guzzlehttp\guzzle\src\Handler\CurlMultiHandler.php(110): GuzzleHttp\Handler\CurlMultiHandler->processMessages()
#4 E:\xampp73\htdocs\filecroco\loader\vendor\guzzlehttp\guzzle\src\Handler\CurlMultiHandler.php(125): GuzzleHttp\Handler\CurlMultiHandler->tick()
#5 E:\xampp73\htdocs\filecroco\loader\vendor\guzzlehttp\promises\src\Promise.php(246): GuzzleHttp\Handler\CurlMultiHandler->execute(true)
#6 E:\xampp73\htdocs\filecroco\loader\vendor\guzzlehttp\promises\src\Promise.php(223): GuzzleHttp\Promise\Promise->invokeWaitFn()
#7 E:\xampp73\htdocs\filecroco\loader\vendor\guzzlehttp\promises\src\Promise.php(267): GuzzleHttp\Promise\Promise->waitIfPending()
#8 E:\xampp73\htdocs\filecroco\loader\vendor\guzzlehttp\promises\src\Promise.php(225): GuzzleHttp\Promise\Promise->invokeWaitList()
#9 E:\xampp73\htdocs\filecroco\loader\vendor\guzzlehttp\promises\src\Promise.php(62): GuzzleHttp\Promise\Promise->waitIfPending()
#10 E:\xampp73\htdocs\filecroco\loader\vendor\guzzlehttp\promises\src\EachPromise.php(101): GuzzleHttp\Promise\Promise->wait()
#11 E:\xampp73\htdocs\filecroco\loader\vendor\guzzlehttp\promises\src\Promise.php(246): GuzzleHttp\Promise\EachPromise->GuzzleHttp\Promise\{closure}(true)
#12 E:\xampp73\htdocs\filecroco\loader\vendor\guzzlehttp\promises\src\Promise.php(223): GuzzleHttp\Promise\Promise->invokeWaitFn()
#13 E:\xampp73\htdocs\filecroco\loader\vendor\guzzlehttp\promises\src\Promise.php(62): GuzzleHttp\Promise\Promise->waitIfPending()
#14 E:\xampp73\htdocs\filecroco\loader\updatedownloadlink.php(95): GuzzleHttp\Promise\Promise->wait()
#15 {main}|1171GuzzleHttp\Exception\RequestException: cURL error 56:  (see http://curl.haxx.se/libcurl/c/libcurl-errors.html) in E:\xampp73\htdocs\filecroco\loader\vendor\guzzlehttp\guzzle\src\Handler\CurlFactory.php:186
Stack trace:
#0 E:\xampp73\htdocs\filecroco\loader\vendor\guzzlehttp\guzzle\src\Handler\CurlFactory.php(149): GuzzleHttp\Handler\CurlFactory::createRejection(Object(GuzzleHttp\Handler\EasyHandle), Array)
#1 E:\xampp73\htdocs\filecroco\loader\vendor\guzzlehttp\guzzle\src\Handler\CurlFactory.php(102): GuzzleHttp\Handler\CurlFactory::finishError(Object(GuzzleHttp\Handler\CurlMultiHandler), Object(GuzzleHttp\Handler\EasyHandle), Object(GuzzleHttp\Handler\CurlFactory))
#2 E:\xampp73\htdocs\filecroco\loader\vendor\guzzlehttp\guzzle\src\Handler\CurlMultiHandler.php(181): GuzzleHttp\Handler\CurlFactory::finish(Object(GuzzleHttp\Handler\CurlMultiHandler), Object(GuzzleHttp\Handler\EasyHandle), Object(GuzzleHttp\Handler\CurlFactory))
#3 E:\xampp73\htdocs\filecroco\loader\vendor\guzzlehttp\guzzle\src\Handler\CurlMultiHandler.php(110): GuzzleHttp\Handler\CurlMultiHandler->processMessages()
#4 E:\xampp73\htdocs\filecroco\loader\vendor\guzzlehttp\guzzle\src\Handler\CurlMultiHandler.php(125): GuzzleHttp\Handler\CurlMultiHandler->tick()
#5 E:\xampp73\htdocs\filecroco\loader\vendor\guzzlehttp\promises\src\Promise.php(246): GuzzleHttp\Handler\CurlMultiHandler->execute(true)
#6 E:\xampp73\htdocs\filecroco\loader\vendor\guzzlehttp\promises\src\Promise.php(223): GuzzleHttp\Promise\Promise->invokeWaitFn()
#7 E:\xampp73\htdocs\filecroco\loader\vendor\guzzlehttp\promises\src\Promise.php(267): GuzzleHttp\Promise\Promise->waitIfPending()
#8 E:\xampp73\htdocs\filecroco\loader\vendor\guzzlehttp\promises\src\Promise.php(225): GuzzleHttp\Promise\Promise->invokeWaitList()
#9 E:\xampp73\htdocs\filecroco\loader\vendor\guzzlehttp\promises\src\Promise.php(62): GuzzleHttp\Promise\Promise->waitIfPending()
#10 E:\xampp73\htdocs\filecroco\loader\vendor\guzzlehttp\promises\src\EachPromise.php(101): GuzzleHttp\Promise\Promise->wait()
#11 E:\xampp73\htdocs\filecroco\loader\vendor\guzzlehttp\promises\src\Promise.php(246): GuzzleHttp\Promise\EachPromise->GuzzleHttp\Promise\{closure}(true)
#12 E:\xampp73\htdocs\filecroco\loader\vendor\guzzlehttp\promises\src\Promise.php(223): GuzzleHttp\Promise\Promise->invokeWaitFn()
#13 E:\xampp73\htdocs\filecroco\loader\vendor\guzzlehttp\promises\src\Promise.php(62): GuzzleHttp\Promise\Promise->waitIfPending()
#14 E:\xampp73\htdocs\filecroco\loader\updatedownloadlink.php(95): GuzzleHttp\Promise\Promise->wait()
#15 {main}|1172GuzzleHttp\Exception\RequestException: cURL error 56:  (see http://curl.haxx.se/libcurl/c/libcurl-errors.html) in E:\xampp73\htdocs\filecroco\loader\vendor\guzzlehttp\guzzle\src\Handler\CurlFactory.php:186
Stack trace:
#0 E:\xampp73\htdocs\filecroco\loader\vendor\guzzlehttp\guzzle\src\Handler\CurlFactory.php(149): GuzzleHttp\Handler\CurlFactory::createRejection(Object(GuzzleHttp\Handler\EasyHandle), Array)
#1 E:\xampp73\htdocs\filecroco\loader\vendor\guzzlehttp\guzzle\src\Handler\CurlFactory.php(102): GuzzleHttp\Handler\CurlFactory::finishError(Object(GuzzleHttp\Handler\CurlMultiHandler), Object(GuzzleHttp\Handler\EasyHandle), Object(GuzzleHttp\Handler\CurlFactory))
#2 E:\xampp73\htdocs\filecroco\loader\vendor\guzzlehttp\guzzle\src\Handler\CurlMultiHandler.php(181): GuzzleHttp\Handler\CurlFactory::finish(Object(GuzzleHttp\Handler\CurlMultiHandler), Object(GuzzleHttp\Handler\EasyHandle), Object(GuzzleHttp\Handler\CurlFactory))
#3 E:\xampp73\htdocs\filecroco\loader\vendor\guzzlehttp\guzzle\src\Handler\CurlMultiHandler.php(110): GuzzleHttp\Handler\CurlMultiHandler->processMessages()
#4 E:\xampp73\htdocs\filecroco\loader\vendor\guzzlehttp\guzzle\src\Handler\CurlMultiHandler.php(125): GuzzleHttp\Handler\CurlMultiHandler->tick()
#5 E:\xampp73\htdocs\filecroco\loader\vendor\guzzlehttp\promises\src\Promise.php(246): GuzzleHttp\Handler\CurlMultiHandler->execute(true)
#6 E:\xampp73\htdocs\filecroco\loader\vendor\guzzlehttp\promises\src\Promise.php(223): GuzzleHttp\Promise\Promise->invokeWaitFn()
#7 E:\xampp73\htdocs\filecroco\loader\vendor\guzzlehttp\promises\src\Promise.php(267): GuzzleHttp\Promise\Promise->waitIfPending()
#8 E:\xampp73\htdocs\filecroco\loader\vendor\guzzlehttp\promises\src\Promise.php(225): GuzzleHttp\Promise\Promise->invokeWaitList()
#9 E:\xampp73\htdocs\filecroco\loader\vendor\guzzlehttp\promises\src\Promise.php(62): GuzzleHttp\Promise\Promise->waitIfPending()
#10 E:\xampp73\htdocs\filecroco\loader\vendor\guzzlehttp\promises\src\EachPromise.php(101): GuzzleHttp\Promise\Promise->wait()
#11 E:\xampp73\htdocs\filecroco\loader\vendor\guzzlehttp\promises\src\Promise.php(246): GuzzleHttp\Promise\EachPromise->GuzzleHttp\Promise\{closure}(true)
#12 E:\xampp73\htdocs\filecroco\loader\vendor\guzzlehttp\promises\src\Promise.php(223): GuzzleHttp\Promise\Promise->invokeWaitFn()
#13 E:\xampp73\htdocs\filecroco\loader\vendor\guzzlehttp\promises\src\Promise.php(62): GuzzleHttp\Promise\Promise->waitIfPending()
#14 E:\xampp73\htdocs\filecroco\loader\updatedownloadlink.php(95): GuzzleHttp\Promise\Promise->wait()
#15 {main}|1173GuzzleHttp\Exception\RequestException: cURL error 56:  (see http://curl.haxx.se/libcurl/c/libcurl-errors.html) in E:\xampp73\htdocs\filecroco\loader\vendor\guzzlehttp\guzzle\src\Handler\CurlFactory.php:186
Stack trace:
#0 E:\xampp73\htdocs\filecroco\loader\vendor\guzzlehttp\guzzle\src\Handler\CurlFactory.php(149): GuzzleHttp\Handler\CurlFactory::createRejection(Object(GuzzleHttp\Handler\EasyHandle), Array)
#1 E:\xampp73\htdocs\filecroco\loader\vendor\guzzlehttp\guzzle\src\Handler\CurlFactory.php(102): GuzzleHttp\Handler\CurlFactory::finishError(Object(GuzzleHttp\Handler\CurlMultiHandler), Object(GuzzleHttp\Handler\EasyHandle), Object(GuzzleHttp\Handler\CurlFactory))
#2 E:\xampp73\htdocs\filecroco\loader\vendor\guzzlehttp\guzzle\src\Handler\CurlMultiHandler.php(181): GuzzleHttp\Handler\CurlFactory::finish(Object(GuzzleHttp\Handler\CurlMultiHandler), Object(GuzzleHttp\Handler\EasyHandle), Object(GuzzleHttp\Handler\CurlFactory))
#3 E:\xampp73\htdocs\filecroco\loader\vendor\guzzlehttp\guzzle\src\Handler\CurlMultiHandler.php(110): GuzzleHttp\Handler\CurlMultiHandler->processMessages()
#4 E:\xampp73\htdocs\filecroco\loader\vendor\guzzlehttp\guzzle\src\Handler\CurlMultiHandler.php(125): GuzzleHttp\Handler\CurlMultiHandler->tick()
#5 E:\xampp73\htdocs\filecroco\loader\vendor\guzzlehttp\promises\src\Promise.php(246): GuzzleHttp\Handler\CurlMultiHandler->execute(true)
#6 E:\xampp73\htdocs\filecroco\loader\vendor\guzzlehttp\promises\src\Promise.php(223): GuzzleHttp\Promise\Promise->invokeWaitFn()
#7 E:\xampp73\htdocs\filecroco\loader\vendor\guzzlehttp\promises\src\Promise.php(267): GuzzleHttp\Promise\Promise->waitIfPending()
#8 E:\xampp73\htdocs\filecroco\loader\vendor\guzzlehttp\promises\src\Promise.php(225): GuzzleHttp\Promise\Promise->invokeWaitList()
#9 E:\xampp73\htdocs\filecroco\loader\vendor\guzzlehttp\promises\src\Promise.php(62): GuzzleHttp\Promise\Promise->waitIfPending()
#10 E:\xampp73\htdocs\filecroco\loader\vendor\guzzlehttp\promises\src\EachPromise.php(101): GuzzleHttp\Promise\Promise->wait()
#11 E:\xampp73\htdocs\filecroco\loader\vendor\guzzlehttp\promises\src\Promise.php(246): GuzzleHttp\Promise\EachPromise->GuzzleHttp\Promise\{closure}(true)
#12 E:\xampp73\htdocs\filecroco\loader\vendor\guzzlehttp\promises\src\Promise.php(223): GuzzleHttp\Promise\Promise->invokeWaitFn()
#13 E:\xampp73\htdocs\filecroco\loader\vendor\guzzlehttp\promises\src\Promise.php(62): GuzzleHttp\Promise\Promise->waitIfPending()
#14 E:\xampp73\htdocs\filecroco\loader\updatedownloadlink.php(95): GuzzleHttp\Promise\Promise->wait()
#15 {main}|1174GuzzleHttp\Exception\RequestException: cURL error 56:  (see http://curl.haxx.se/libcurl/c/libcurl-errors.html) in E:\xampp73\htdocs\filecroco\loader\vendor\guzzlehttp\guzzle\src\Handler\CurlFactory.php:186
Stack trace:
#0 E:\xampp73\htdocs\filecroco\loader\vendor\guzzlehttp\guzzle\src\Handler\CurlFactory.php(149): GuzzleHttp\Handler\CurlFactory::createRejection(Object(GuzzleHttp\Handler\EasyHandle), Array)
#1 E:\xampp73\htdocs\filecroco\loader\vendor\guzzlehttp\guzzle\src\Handler\CurlFactory.php(102): GuzzleHttp\Handler\CurlFactory::finishError(Object(GuzzleHttp\Handler\CurlMultiHandler), Object(GuzzleHttp\Handler\EasyHandle), Object(GuzzleHttp\Handler\CurlFactory))
#2 E:\xampp73\htdocs\filecroco\loader\vendor\guzzlehttp\guzzle\src\Handler\CurlMultiHandler.php(181): GuzzleHttp\Handler\CurlFactory::finish(Object(GuzzleHttp\Handler\CurlMultiHandler), Object(GuzzleHttp\Handler\EasyHandle), Object(GuzzleHttp\Handler\CurlFactory))
#3 E:\xampp73\htdocs\filecroco\loader\vendor\guzzlehttp\guzzle\src\Handler\CurlMultiHandler.php(110): GuzzleHttp\Handler\CurlMultiHandler->processMessages()
#4 E:\xampp73\htdocs\filecroco\loader\vendor\guzzlehttp\guzzle\src\Handler\CurlMultiHandler.php(125): GuzzleHttp\Handler\CurlMultiHandler->tick()
#5 E:\xampp73\htdocs\filecroco\loader\vendor\guzzlehttp\promises\src\Promise.php(246): GuzzleHttp\Handler\CurlMultiHandler->execute(true)
#6 E:\xampp73\htdocs\filecroco\loader\vendor\guzzlehttp\promises\src\Promise.php(223): GuzzleHttp\Promise\Promise->invokeWaitFn()
#7 E:\xampp73\htdocs\filecroco\loader\vendor\guzzlehttp\promises\src\Promise.php(267): GuzzleHttp\Promise\Promise->waitIfPending()
#8 E:\xampp73\htdocs\filecroco\loader\vendor\guzzlehttp\promises\src\Promise.php(225): GuzzleHttp\Promise\Promise->invokeWaitList()
#9 E:\xampp73\htdocs\filecroco\loader\vendor\guzzlehttp\promises\src\Promise.php(62): GuzzleHttp\Promise\Promise->waitIfPending()
#10 E:\xampp73\htdocs\filecroco\loader\vendor\guzzlehttp\promises\src\EachPromise.php(101): GuzzleHttp\Promise\Promise->wait()
#11 E:\xampp73\htdocs\filecroco\loader\vendor\guzzlehttp\promises\src\Promise.php(246): GuzzleHttp\Promise\EachPromise->GuzzleHttp\Promise\{closure}(true)
#12 E:\xampp73\htdocs\filecroco\loader\vendor\guzzlehttp\promises\src\Promise.php(223): GuzzleHttp\Promise\Promise->invokeWaitFn()
#13 E:\xampp73\htdocs\filecroco\loader\vendor\guzzlehttp\promises\src\Promise.php(62): GuzzleHttp\Promise\Promise->waitIfPending()
#14 E:\xampp73\htdocs\filecroco\loader\updatedownloadlink.php(95): GuzzleHttp\Promise\Promise->wait()
#15 {main}|1175GuzzleHttp\Exception\RequestException: cURL error 56:  (see http://curl.haxx.se/libcurl/c/libcurl-errors.html) in E:\xampp73\htdocs\filecroco\loader\vendor\guzzlehttp\guzzle\src\Handler\CurlFactory.php:186
Stack trace:
#0 E:\xampp73\htdocs\filecroco\loader\vendor\guzzlehttp\guzzle\src\Handler\CurlFactory.php(149): GuzzleHttp\Handler\CurlFactory::createRejection(Object(GuzzleHttp\Handler\EasyHandle), Array)
#1 E:\xampp73\htdocs\filecroco\loader\vendor\guzzlehttp\guzzle\src\Handler\CurlFactory.php(102): GuzzleHttp\Handler\CurlFactory::finishError(Object(GuzzleHttp\Handler\CurlMultiHandler), Object(GuzzleHttp\Handler\EasyHandle), Object(GuzzleHttp\Handler\CurlFactory))
#2 E:\xampp73\htdocs\filecroco\loader\vendor\guzzlehttp\guzzle\src\Handler\CurlMultiHandler.php(181): GuzzleHttp\Handler\CurlFactory::finish(Object(GuzzleHttp\Handler\CurlMultiHandler), Object(GuzzleHttp\Handler\EasyHandle), Object(GuzzleHttp\Handler\CurlFactory))
#3 E:\xampp73\htdocs\filecroco\loader\vendor\guzzlehttp\guzzle\src\Handler\CurlMultiHandler.php(110): GuzzleHttp\Handler\CurlMultiHandler->processMessages()
#4 E:\xampp73\htdocs\filecroco\loader\vendor\guzzlehttp\guzzle\src\Handler\CurlMultiHandler.php(125): GuzzleHttp\Handler\CurlMultiHandler->tick()
#5 E:\xampp73\htdocs\filecroco\loader\vendor\guzzlehttp\promises\src\Promise.php(246): GuzzleHttp\Handler\CurlMultiHandler->execute(true)
#6 E:\xampp73\htdocs\filecroco\loader\vendor\guzzlehttp\promises\src\Promise.php(223): GuzzleHttp\Promise\Promise->invokeWaitFn()
#7 E:\xampp73\htdocs\filecroco\loader\vendor\guzzlehttp\promises\src\Promise.php(267): GuzzleHttp\Promise\Promise->waitIfPending()
#8 E:\xampp73\htdocs\filecroco\loader\vendor\guzzlehttp\promises\src\Promise.php(225): GuzzleHttp\Promise\Promise->invokeWaitList()
#9 E:\xampp73\htdocs\filecroco\loader\vendor\guzzlehttp\promises\src\Promise.php(62): GuzzleHttp\Promise\Promise->waitIfPending()
#10 E:\xampp73\htdocs\filecroco\loader\vendor\guzzlehttp\promises\src\EachPromise.php(101): GuzzleHttp\Promise\Promise->wait()
#11 E:\xampp73\htdocs\filecroco\loader\vendor\guzzlehttp\promises\src\Promise.php(246): GuzzleHttp\Promise\EachPromise->GuzzleHttp\Promise\{closure}(true)
#12 E:\xampp73\htdocs\filecroco\loader\vendor\guzzlehttp\promises\src\Promise.php(223): GuzzleHttp\Promise\Promise->invokeWaitFn()
#13 E:\xampp73\htdocs\filecroco\loader\vendor\guzzlehttp\promises\src\Promise.php(62): GuzzleHttp\Promise\Promise->waitIfPending()
#14 E:\xampp73\htdocs\filecroco\loader\updatedownloadlink.php(95): GuzzleHttp\Promise\Promise->wait()
#15 {main}|1176GuzzleHttp\Exception\RequestException: cURL error 56:  (see http://curl.haxx.se/libcurl/c/libcurl-errors.html) in E:\xampp73\htdocs\filecroco\loader\vendor\guzzlehttp\guzzle\src\Handler\CurlFactory.php:186
Stack trace:
#0 E:\xampp73\htdocs\filecroco\loader\vendor\guzzlehttp\guzzle\src\Handler\CurlFactory.php(149): GuzzleHttp\Handler\CurlFactory::createRejection(Object(GuzzleHttp\Handler\EasyHandle), Array)
#1 E:\xampp73\htdocs\filecroco\loader\vendor\guzzlehttp\guzzle\src\Handler\CurlFactory.php(102): GuzzleHttp\Handler\CurlFactory::finishError(Object(GuzzleHttp\Handler\CurlMultiHandler), Object(GuzzleHttp\Handler\EasyHandle), Object(GuzzleHttp\Handler\CurlFactory))
#2 E:\xampp73\htdocs\filecroco\loader\vendor\guzzlehttp\guzzle\src\Handler\CurlMultiHandler.php(181): GuzzleHttp\Handler\CurlFactory::finish(Object(GuzzleHttp\Handler\CurlMultiHandler), Object(GuzzleHttp\Handler\EasyHandle), Object(GuzzleHttp\Handler\CurlFactory))
#3 E:\xampp73\htdocs\filecroco\loader\vendor\guzzlehttp\guzzle\src\Handler\CurlMultiHandler.php(110): GuzzleHttp\Handler\CurlMultiHandler->processMessages()
#4 E:\xampp73\htdocs\filecroco\loader\vendor\guzzlehttp\guzzle\src\Handler\CurlMultiHandler.php(125): GuzzleHttp\Handler\CurlMultiHandler->tick()
#5 E:\xampp73\htdocs\filecroco\loader\vendor\guzzlehttp\promises\src\Promise.php(246): GuzzleHttp\Handler\CurlMultiHandler->execute(true)
#6 E:\xampp73\htdocs\filecroco\loader\vendor\guzzlehttp\promises\src\Promise.php(223): GuzzleHttp\Promise\Promise->invokeWaitFn()
#7 E:\xampp73\htdocs\filecroco\loader\vendor\guzzlehttp\promises\src\Promise.php(267): GuzzleHttp\Promise\Promise->waitIfPending()
#8 E:\xampp73\htdocs\filecroco\loader\vendor\guzzlehttp\promises\src\Promise.php(225): GuzzleHttp\Promise\Promise->invokeWaitList()
#9 E:\xampp73\htdocs\filecroco\loader\vendor\guzzlehttp\promises\src\Promise.php(62): GuzzleHttp\Promise\Promise->waitIfPending()
#10 E:\xampp73\htdocs\filecroco\loader\vendor\guzzlehttp\promises\src\EachPromise.php(101): GuzzleHttp\Promise\Promise->wait()
#11 E:\xampp73\htdocs\filecroco\loader\vendor\guzzlehttp\promises\src\Promise.php(246): GuzzleHttp\Promise\EachPromise->GuzzleHttp\Promise\{closure}(true)
#12 E:\xampp73\htdocs\filecroco\loader\vendor\guzzlehttp\promises\src\Promise.php(223): GuzzleHttp\Promise\Promise->invokeWaitFn()
#13 E:\xampp73\htdocs\filecroco\loader\vendor\guzzlehttp\promises\src\Promise.php(62): GuzzleHttp\Promise\Promise->waitIfPending()
#14 E:\xampp73\htdocs\filecroco\loader\updatedownloadlink.php(95): GuzzleHttp\Promise\Promise->wait()
#15 {main}|1177GuzzleHttp\Exception\RequestException: cURL error 56:  (see http://curl.haxx.se/libcurl/c/libcurl-errors.html) in E:\xampp73\htdocs\filecroco\loader\vendor\guzzlehttp\guzzle\src\Handler\CurlFactory.php:186
Stack trace:
#0 E:\xampp73\htdocs\filecroco\loader\vendor\guzzlehttp\guzzle\src\Handler\CurlFactory.php(149): GuzzleHttp\Handler\CurlFactory::createRejection(Object(GuzzleHttp\Handler\EasyHandle), Array)
#1 E:\xampp73\htdocs\filecroco\loader\vendor\guzzlehttp\guzzle\src\Handler\CurlFactory.php(102): GuzzleHttp\Handler\CurlFactory::finishError(Object(GuzzleHttp\Handler\CurlMultiHandler), Object(GuzzleHttp\Handler\EasyHandle), Object(GuzzleHttp\Handler\CurlFactory))
#2 E:\xampp73\htdocs\filecroco\loader\vendor\guzzlehttp\guzzle\src\Handler\CurlMultiHandler.php(181): GuzzleHttp\Handler\CurlFactory::finish(Object(GuzzleHttp\Handler\CurlMultiHandler), Object(GuzzleHttp\Handler\EasyHandle), Object(GuzzleHttp\Handler\CurlFactory))
#3 E:\xampp73\htdocs\filecroco\loader\vendor\guzzlehttp\guzzle\src\Handler\CurlMultiHandler.php(110): GuzzleHttp\Handler\CurlMultiHandler->processMessages()
#4 E:\xampp73\htdocs\filecroco\loader\vendor\guzzlehttp\guzzle\src\Handler\CurlMultiHandler.php(125): GuzzleHttp\Handler\CurlMultiHandler->tick()
#5 E:\xampp73\htdocs\filecroco\loader\vendor\guzzlehttp\promises\src\Promise.php(246): GuzzleHttp\Handler\CurlMultiHandler->execute(true)
#6 E:\xampp73\htdocs\filecroco\loader\vendor\guzzlehttp\promises\src\Promise.php(223): GuzzleHttp\Promise\Promise->invokeWaitFn()
#7 E:\xampp73\htdocs\filecroco\loader\vendor\guzzlehttp\promises\src\Promise.php(267): GuzzleHttp\Promise\Promise->waitIfPending()
#8 E:\xampp73\htdocs\filecroco\loader\vendor\guzzlehttp\promises\src\Promise.php(225): GuzzleHttp\Promise\Promise->invokeWaitList()
#9 E:\xampp73\htdocs\filecroco\loader\vendor\guzzlehttp\promises\src\Promise.php(62): GuzzleHttp\Promise\Promise->waitIfPending()
#10 E:\xampp73\htdocs\filecroco\loader\vendor\guzzlehttp\promises\src\EachPromise.php(101): GuzzleHttp\Promise\Promise->wait()
#11 E:\xampp73\htdocs\filecroco\loader\vendor\guzzlehttp\promises\src\Promise.php(246): GuzzleHttp\Promise\EachPromise->GuzzleHttp\Promise\{closure}(true)
#12 E:\xampp73\htdocs\filecroco\loader\vendor\guzzlehttp\promises\src\Promise.php(223): GuzzleHttp\Promise\Promise->invokeWaitFn()
#13 E:\xampp73\htdocs\filecroco\loader\vendor\guzzlehttp\promises\src\Promise.php(62): GuzzleHttp\Promise\Promise->waitIfPending()
#14 E:\xampp73\htdocs\filecroco\loader\updatedownloadlink.php(95): GuzzleHttp\Promise\Promise->wait()
#15 {main}|1178GuzzleHttp\Exception\RequestException: cURL error 56:  (see http://curl.haxx.se/libcurl/c/libcurl-errors.html) in E:\xampp73\htdocs\filecroco\loader\vendor\guzzlehttp\guzzle\src\Handler\CurlFactory.php:186
Stack trace:
#0 E:\xampp73\htdocs\filecroco\loader\vendor\guzzlehttp\guzzle\src\Handler\CurlFactory.php(149): GuzzleHttp\Handler\CurlFactory::createRejection(Object(GuzzleHttp\Handler\EasyHandle), Array)
#1 E:\xampp73\htdocs\filecroco\loader\vendor\guzzlehttp\guzzle\src\Handler\CurlFactory.php(102): GuzzleHttp\Handler\CurlFactory::finishError(Object(GuzzleHttp\Handler\CurlMultiHandler), Object(GuzzleHttp\Handler\EasyHandle), Object(GuzzleHttp\Handler\CurlFactory))
#2 E:\xampp73\htdocs\filecroco\loader\vendor\guzzlehttp\guzzle\src\Handler\CurlMultiHandler.php(181): GuzzleHttp\Handler\CurlFactory::finish(Object(GuzzleHttp\Handler\CurlMultiHandler), Object(GuzzleHttp\Handler\EasyHandle), Object(GuzzleHttp\Handler\CurlFactory))
#3 E:\xampp73\htdocs\filecroco\loader\vendor\guzzlehttp\guzzle\src\Handler\CurlMultiHandler.php(110): GuzzleHttp\Handler\CurlMultiHandler->processMessages()
#4 E:\xampp73\htdocs\filecroco\loader\vendor\guzzlehttp\guzzle\src\Handler\CurlMultiHandler.php(125): GuzzleHttp\Handler\CurlMultiHandler->tick()
#5 E:\xampp73\htdocs\filecroco\loader\vendor\guzzlehttp\promises\src\Promise.php(246): GuzzleHttp\Handler\CurlMultiHandler->execute(true)
#6 E:\xampp73\htdocs\filecroco\loader\vendor\guzzlehttp\promises\src\Promise.php(223): GuzzleHttp\Promise\Promise->invokeWaitFn()
#7 E:\xampp73\htdocs\filecroco\loader\vendor\guzzlehttp\promises\src\Promise.php(267): GuzzleHttp\Promise\Promise->waitIfPending()
#8 E:\xampp73\htdocs\filecroco\loader\vendor\guzzlehttp\promises\src\Promise.php(225): GuzzleHttp\Promise\Promise->invokeWaitList()
#9 E:\xampp73\htdocs\filecroco\loader\vendor\guzzlehttp\promises\src\Promise.php(62): GuzzleHttp\Promise\Promise->waitIfPending()
#10 E:\xampp73\htdocs\filecroco\loader\vendor\guzzlehttp\promises\src\EachPromise.php(101): GuzzleHttp\Promise\Promise->wait()
#11 E:\xampp73\htdocs\filecroco\loader\vendor\guzzlehttp\promises\src\Promise.php(246): GuzzleHttp\Promise\EachPromise->GuzzleHttp\Promise\{closure}(true)
#12 E:\xampp73\htdocs\filecroco\loader\vendor\guzzlehttp\promises\src\Promise.php(223): GuzzleHttp\Promise\Promise->invokeWaitFn()
#13 E:\xampp73\htdocs\filecroco\loader\vendor\guzzlehttp\promises\src\Promise.php(62): GuzzleHttp\Promise\Promise->waitIfPending()
#14 E:\xampp73\htdocs\filecroco\loader\updatedownloadlink.php(95): GuzzleHttp\Promise\Promise->wait()
#15 {main}|1179GuzzleHttp\Exception\RequestException: cURL error 56:  (see http://curl.haxx.se/libcurl/c/libcurl-errors.html) in E:\xampp73\htdocs\filecroco\loader\vendor\guzzlehttp\guzzle\src\Handler\CurlFactory.php:186
Stack trace:
#0 E:\xampp73\htdocs\filecroco\loader\vendor\guzzlehttp\guzzle\src\Handler\CurlFactory.php(149): GuzzleHttp\Handler\CurlFactory::createRejection(Object(GuzzleHttp\Handler\EasyHandle), Array)
#1 E:\xampp73\htdocs\filecroco\loader\vendor\guzzlehttp\guzzle\src\Handler\CurlFactory.php(102): GuzzleHttp\Handler\CurlFactory::finishError(Object(GuzzleHttp\Handler\CurlMultiHandler), Object(GuzzleHttp\Handler\EasyHandle), Object(GuzzleHttp\Handler\CurlFactory))
#2 E:\xampp73\htdocs\filecroco\loader\vendor\guzzlehttp\guzzle\src\Handler\CurlMultiHandler.php(181): GuzzleHttp\Handler\CurlFactory::finish(Object(GuzzleHttp\Handler\CurlMultiHandler), Object(GuzzleHttp\Handler\EasyHandle), Object(GuzzleHttp\Handler\CurlFactory))
#3 E:\xampp73\htdocs\filecroco\loader\vendor\guzzlehttp\guzzle\src\Handler\CurlMultiHandler.php(110): GuzzleHttp\Handler\CurlMultiHandler->processMessages()
#4 E:\xampp73\htdocs\filecroco\loader\vendor\guzzlehttp\guzzle\src\Handler\CurlMultiHandler.php(125): GuzzleHttp\Handler\CurlMultiHandler->tick()
#5 E:\xampp73\htdocs\filecroco\loader\vendor\guzzlehttp\promises\src\Promise.php(246): GuzzleHttp\Handler\CurlMultiHandler->execute(true)
#6 E:\xampp73\htdocs\filecroco\loader\vendor\guzzlehttp\promises\src\Promise.php(223): GuzzleHttp\Promise\Promise->invokeWaitFn()
#7 E:\xampp73\htdocs\filecroco\loader\vendor\guzzlehttp\promises\src\Promise.php(267): GuzzleHttp\Promise\Promise->waitIfPending()
#8 E:\xampp73\htdocs\filecroco\loader\vendor\guzzlehttp\promises\src\Promise.php(225): GuzzleHttp\Promise\Promise->invokeWaitList()
#9 E:\xampp73\htdocs\filecroco\loader\vendor\guzzlehttp\promises\src\Promise.php(62): GuzzleHttp\Promise\Promise->waitIfPending()
#10 E:\xampp73\htdocs\filecroco\loader\vendor\guzzlehttp\promises\src\EachPromise.php(101): GuzzleHttp\Promise\Promise->wait()
#11 E:\xampp73\htdocs\filecroco\loader\vendor\guzzlehttp\promises\src\Promise.php(246): GuzzleHttp\Promise\EachPromise->GuzzleHttp\Promise\{closure}(true)
#12 E:\xampp73\htdocs\filecroco\loader\vendor\guzzlehttp\promises\src\Promise.php(223): GuzzleHttp\Promise\Promise->invokeWaitFn()
#13 E:\xampp73\htdocs\filecroco\loader\vendor\guzzlehttp\promises\src\Promise.php(62): GuzzleHttp\Promise\Promise->waitIfPending()
#14 E:\xampp73\htdocs\filecroco\loader\updatedownloadlink.php(95): GuzzleHttp\Promise\Promise->wait()
#15 {main}|1180GuzzleHttp\Exception\RequestException: cURL error 56:  (see http://curl.haxx.se/libcurl/c/libcurl-errors.html) in E:\xampp73\htdocs\filecroco\loader\vendor\guzzlehttp\guzzle\src\Handler\CurlFactory.php:186
Stack trace:
#0 E:\xampp73\htdocs\filecroco\loader\vendor\guzzlehttp\guzzle\src\Handler\CurlFactory.php(149): GuzzleHttp\Handler\CurlFactory::createRejection(Object(GuzzleHttp\Handler\EasyHandle), Array)
#1 E:\xampp73\htdocs\filecroco\loader\vendor\guzzlehttp\guzzle\src\Handler\CurlFactory.php(102): GuzzleHttp\Handler\CurlFactory::finishError(Object(GuzzleHttp\Handler\CurlMultiHandler), Object(GuzzleHttp\Handler\EasyHandle), Object(GuzzleHttp\Handler\CurlFactory))
#2 E:\xampp73\htdocs\filecroco\loader\vendor\guzzlehttp\guzzle\src\Handler\CurlMultiHandler.php(181): GuzzleHttp\Handler\CurlFactory::finish(Object(GuzzleHttp\Handler\CurlMultiHandler), Object(GuzzleHttp\Handler\EasyHandle), Object(GuzzleHttp\Handler\CurlFactory))
#3 E:\xampp73\htdocs\filecroco\loader\vendor\guzzlehttp\guzzle\src\Handler\CurlMultiHandler.php(110): GuzzleHttp\Handler\CurlMultiHandler->processMessages()
#4 E:\xampp73\htdocs\filecroco\loader\vendor\guzzlehttp\guzzle\src\Handler\CurlMultiHandler.php(125): GuzzleHttp\Handler\CurlMultiHandler->tick()
#5 E:\xampp73\htdocs\filecroco\loader\vendor\guzzlehttp\promises\src\Promise.php(246): GuzzleHttp\Handler\CurlMultiHandler->execute(true)
#6 E:\xampp73\htdocs\filecroco\loader\vendor\guzzlehttp\promises\src\Promise.php(223): GuzzleHttp\Promise\Promise->invokeWaitFn()
#7 E:\xampp73\htdocs\filecroco\loader\vendor\guzzlehttp\promises\src\Promise.php(267): GuzzleHttp\Promise\Promise->waitIfPending()
#8 E:\xampp73\htdocs\filecroco\loader\vendor\guzzlehttp\promises\src\Promise.php(225): GuzzleHttp\Promise\Promise->invokeWaitList()
#9 E:\xampp73\htdocs\filecroco\loader\vendor\guzzlehttp\promises\src\Promise.php(62): GuzzleHttp\Promise\Promise->waitIfPending()
#10 E:\xampp73\htdocs\filecroco\loader\vendor\guzzlehttp\promises\src\EachPromise.php(101): GuzzleHttp\Promise\Promise->wait()
#11 E:\xampp73\htdocs\filecroco\loader\vendor\guzzlehttp\promises\src\Promise.php(246): GuzzleHttp\Promise\EachPromise->GuzzleHttp\Promise\{closure}(true)
#12 E:\xampp73\htdocs\filecroco\loader\vendor\guzzlehttp\promises\src\Promise.php(223): GuzzleHttp\Promise\Promise->invokeWaitFn()
#13 E:\xampp73\htdocs\filecroco\loader\vendor\guzzlehttp\promises\src\Promise.php(62): GuzzleHttp\Promise\Promise->waitIfPending()
#14 E:\xampp73\htdocs\filecroco\loader\updatedownloadlink.php(95): GuzzleHttp\Promise\Promise->wait()
#15 {main}|1181GuzzleHttp\Exception\RequestException: cURL error 56:  (see http://curl.haxx.se/libcurl/c/libcurl-errors.html) in E:\xampp73\htdocs\filecroco\loader\vendor\guzzlehttp\guzzle\src\Handler\CurlFactory.php:186
Stack trace:
#0 E:\xampp73\htdocs\filecroco\loader\vendor\guzzlehttp\guzzle\src\Handler\CurlFactory.php(149): GuzzleHttp\Handler\CurlFactory::createRejection(Object(GuzzleHttp\Handler\EasyHandle), Array)
#1 E:\xampp73\htdocs\filecroco\loader\vendor\guzzlehttp\guzzle\src\Handler\CurlFactory.php(102): GuzzleHttp\Handler\CurlFactory::finishError(Object(GuzzleHttp\Handler\CurlMultiHandler), Object(GuzzleHttp\Handler\EasyHandle), Object(GuzzleHttp\Handler\CurlFactory))
#2 E:\xampp73\htdocs\filecroco\loader\vendor\guzzlehttp\guzzle\src\Handler\CurlMultiHandler.php(181): GuzzleHttp\Handler\CurlFactory::finish(Object(GuzzleHttp\Handler\CurlMultiHandler), Object(GuzzleHttp\Handler\EasyHandle), Object(GuzzleHttp\Handler\CurlFactory))
#3 E:\xampp73\htdocs\filecroco\loader\vendor\guzzlehttp\guzzle\src\Handler\CurlMultiHandler.php(110): GuzzleHttp\Handler\CurlMultiHandler->processMessages()
#4 E:\xampp73\htdocs\filecroco\loader\vendor\guzzlehttp\guzzle\src\Handler\CurlMultiHandler.php(125): GuzzleHttp\Handler\CurlMultiHandler->tick()
#5 E:\xampp73\htdocs\filecroco\loader\vendor\guzzlehttp\promises\src\Promise.php(246): GuzzleHttp\Handler\CurlMultiHandler->execute(true)
#6 E:\xampp73\htdocs\filecroco\loader\vendor\guzzlehttp\promises\src\Promise.php(223): GuzzleHttp\Promise\Promise->invokeWaitFn()
#7 E:\xampp73\htdocs\filecroco\loader\vendor\guzzlehttp\promises\src\Promise.php(267): GuzzleHttp\Promise\Promise->waitIfPending()
#8 E:\xampp73\htdocs\filecroco\loader\vendor\guzzlehttp\promises\src\Promise.php(225): GuzzleHttp\Promise\Promise->invokeWaitList()
#9 E:\xampp73\htdocs\filecroco\loader\vendor\guzzlehttp\promises\src\Promise.php(62): GuzzleHttp\Promise\Promise->waitIfPending()
#10 E:\xampp73\htdocs\filecroco\loader\vendor\guzzlehttp\promises\src\EachPromise.php(101): GuzzleHttp\Promise\Promise->wait()
#11 E:\xampp73\htdocs\filecroco\loader\vendor\guzzlehttp\promises\src\Promise.php(246): GuzzleHttp\Promise\EachPromise->GuzzleHttp\Promise\{closure}(true)
#12 E:\xampp73\htdocs\filecroco\loader\vendor\guzzlehttp\promises\src\Promise.php(223): GuzzleHttp\Promise\Promise->invokeWaitFn()
#13 E:\xampp73\htdocs\filecroco\loader\vendor\guzzlehttp\promises\src\Promise.php(62): GuzzleHttp\Promise\Promise->waitIfPending()
#14 E:\xampp73\htdocs\filecroco\loader\updatedownloadlink.php(95): GuzzleHttp\Promise\Promise->wait()
#15 {main}|1182GuzzleHttp\Exception\RequestException: cURL error 56:  (see http://curl.haxx.se/libcurl/c/libcurl-errors.html) in E:\xampp73\htdocs\filecroco\loader\vendor\guzzlehttp\guzzle\src\Handler\CurlFactory.php:186
Stack trace:
#0 E:\xampp73\htdocs\filecroco\loader\vendor\guzzlehttp\guzzle\src\Handler\CurlFactory.php(149): GuzzleHttp\Handler\CurlFactory::createRejection(Object(GuzzleHttp\Handler\EasyHandle), Array)
#1 E:\xampp73\htdocs\filecroco\loader\vendor\guzzlehttp\guzzle\src\Handler\CurlFactory.php(102): GuzzleHttp\Handler\CurlFactory::finishError(Object(GuzzleHttp\Handler\CurlMultiHandler), Object(GuzzleHttp\Handler\EasyHandle), Object(GuzzleHttp\Handler\CurlFactory))
#2 E:\xampp73\htdocs\filecroco\loader\vendor\guzzlehttp\guzzle\src\Handler\CurlMultiHandler.php(181): GuzzleHttp\Handler\CurlFactory::finish(Object(GuzzleHttp\Handler\CurlMultiHandler), Object(GuzzleHttp\Handler\EasyHandle), Object(GuzzleHttp\Handler\CurlFactory))
#3 E:\xampp73\htdocs\filecroco\loader\vendor\guzzlehttp\guzzle\src\Handler\CurlMultiHandler.php(110): GuzzleHttp\Handler\CurlMultiHandler->processMessages()
#4 E:\xampp73\htdocs\filecroco\loader\vendor\guzzlehttp\guzzle\src\Handler\CurlMultiHandler.php(125): GuzzleHttp\Handler\CurlMultiHandler->tick()
#5 E:\xampp73\htdocs\filecroco\loader\vendor\guzzlehttp\promises\src\Promise.php(246): GuzzleHttp\Handler\CurlMultiHandler->execute(true)
#6 E:\xampp73\htdocs\filecroco\loader\vendor\guzzlehttp\promises\src\Promise.php(223): GuzzleHttp\Promise\Promise->invokeWaitFn()
#7 E:\xampp73\htdocs\filecroco\loader\vendor\guzzlehttp\promises\src\Promise.php(267): GuzzleHttp\Promise\Promise->waitIfPending()
#8 E:\xampp73\htdocs\filecroco\loader\vendor\guzzlehttp\promises\src\Promise.php(225): GuzzleHttp\Promise\Promise->invokeWaitList()
#9 E:\xampp73\htdocs\filecroco\loader\vendor\guzzlehttp\promises\src\Promise.php(62): GuzzleHttp\Promise\Promise->waitIfPending()
#10 E:\xampp73\htdocs\filecroco\loader\vendor\guzzlehttp\promises\src\EachPromise.php(101): GuzzleHttp\Promise\Promise->wait()
#11 E:\xampp73\htdocs\filecroco\loader\vendor\guzzlehttp\promises\src\Promise.php(246): GuzzleHttp\Promise\EachPromise->GuzzleHttp\Promise\{closure}(true)
#12 E:\xampp73\htdocs\filecroco\loader\vendor\guzzlehttp\promises\src\Promise.php(223): GuzzleHttp\Promise\Promise->invokeWaitFn()
#13 E:\xampp73\htdocs\filecroco\loader\vendor\guzzlehttp\promises\src\Promise.php(62): GuzzleHttp\Promise\Promise->waitIfPending()
#14 E:\xampp73\htdocs\filecroco\loader\updatedownloadlink.php(95): GuzzleHttp\Promise\Promise->wait()
#15 {main}|1183GuzzleHttp\Exception\RequestException: cURL error 56:  (see http://curl.haxx.se/libcurl/c/libcurl-errors.html) in E:\xampp73\htdocs\filecroco\loader\vendor\guzzlehttp\guzzle\src\Handler\CurlFactory.php:186
Stack trace:
#0 E:\xampp73\htdocs\filecroco\loader\vendor\guzzlehttp\guzzle\src\Handler\CurlFactory.php(149): GuzzleHttp\Handler\CurlFactory::createRejection(Object(GuzzleHttp\Handler\EasyHandle), Array)
#1 E:\xampp73\htdocs\filecroco\loader\vendor\guzzlehttp\guzzle\src\Handler\CurlFactory.php(102): GuzzleHttp\Handler\CurlFactory::finishError(Object(GuzzleHttp\Handler\CurlMultiHandler), Object(GuzzleHttp\Handler\EasyHandle), Object(GuzzleHttp\Handler\CurlFactory))
#2 E:\xampp73\htdocs\filecroco\loader\vendor\guzzlehttp\guzzle\src\Handler\CurlMultiHandler.php(181): GuzzleHttp\Handler\CurlFactory::finish(Object(GuzzleHttp\Handler\CurlMultiHandler), Object(GuzzleHttp\Handler\EasyHandle), Object(GuzzleHttp\Handler\CurlFactory))
#3 E:\xampp73\htdocs\filecroco\loader\vendor\guzzlehttp\guzzle\src\Handler\CurlMultiHandler.php(110): GuzzleHttp\Handler\CurlMultiHandler->processMessages()
#4 E:\xampp73\htdocs\filecroco\loader\vendor\guzzlehttp\guzzle\src\Handler\CurlMultiHandler.php(125): GuzzleHttp\Handler\CurlMultiHandler->tick()
#5 E:\xampp73\htdocs\filecroco\loader\vendor\guzzlehttp\promises\src\Promise.php(246): GuzzleHttp\Handler\CurlMultiHandler->execute(true)
#6 E:\xampp73\htdocs\filecroco\loader\vendor\guzzlehttp\promises\src\Promise.php(223): GuzzleHttp\Promise\Promise->invokeWaitFn()
#7 E:\xampp73\htdocs\filecroco\loader\vendor\guzzlehttp\promises\src\Promise.php(267): GuzzleHttp\Promise\Promise->waitIfPending()
#8 E:\xampp73\htdocs\filecroco\loader\vendor\guzzlehttp\promises\src\Promise.php(225): GuzzleHttp\Promise\Promise->invokeWaitList()
#9 E:\xampp73\htdocs\filecroco\loader\vendor\guzzlehttp\promises\src\Promise.php(62): GuzzleHttp\Promise\Promise->waitIfPending()
#10 E:\xampp73\htdocs\filecroco\loader\vendor\guzzlehttp\promises\src\EachPromise.php(101): GuzzleHttp\Promise\Promise->wait()
#11 E:\xampp73\htdocs\filecroco\loader\vendor\guzzlehttp\promises\src\Promise.php(246): GuzzleHttp\Promise\EachPromise->GuzzleHttp\Promise\{closure}(true)
#12 E:\xampp73\htdocs\filecroco\loader\vendor\guzzlehttp\promises\src\Promise.php(223): GuzzleHttp\Promise\Promise->invokeWaitFn()
#13 E:\xampp73\htdocs\filecroco\loader\vendor\guzzlehttp\promises\src\Promise.php(62): GuzzleHttp\Promise\Promise->waitIfPending()
#14 E:\xampp73\htdocs\filecroco\loader\updatedownloadlink.php(95): GuzzleHttp\Promise\Promise->wait()
#15 {main}|1184GuzzleHttp\Exception\RequestException: cURL error 56:  (see http://curl.haxx.se/libcurl/c/libcurl-errors.html) in E:\xampp73\htdocs\filecroco\loader\vendor\guzzlehttp\guzzle\src\Handler\CurlFactory.php:186
Stack trace:
#0 E:\xampp73\htdocs\filecroco\loader\vendor\guzzlehttp\guzzle\src\Handler\CurlFactory.php(149): GuzzleHttp\Handler\CurlFactory::createRejection(Object(GuzzleHttp\Handler\EasyHandle), Array)
#1 E:\xampp73\htdocs\filecroco\loader\vendor\guzzlehttp\guzzle\src\Handler\CurlFactory.php(102): GuzzleHttp\Handler\CurlFactory::finishError(Object(GuzzleHttp\Handler\CurlMultiHandler), Object(GuzzleHttp\Handler\EasyHandle), Object(GuzzleHttp\Handler\CurlFactory))
#2 E:\xampp73\htdocs\filecroco\loader\vendor\guzzlehttp\guzzle\src\Handler\CurlMultiHandler.php(181): GuzzleHttp\Handler\CurlFactory::finish(Object(GuzzleHttp\Handler\CurlMultiHandler), Object(GuzzleHttp\Handler\EasyHandle), Object(GuzzleHttp\Handler\CurlFactory))
#3 E:\xampp73\htdocs\filecroco\loader\vendor\guzzlehttp\guzzle\src\Handler\CurlMultiHandler.php(110): GuzzleHttp\Handler\CurlMultiHandler->processMessages()
#4 E:\xampp73\htdocs\filecroco\loader\vendor\guzzlehttp\guzzle\src\Handler\CurlMultiHandler.php(125): GuzzleHttp\Handler\CurlMultiHandler->tick()
#5 E:\xampp73\htdocs\filecroco\loader\vendor\guzzlehttp\promises\src\Promise.php(246): GuzzleHttp\Handler\CurlMultiHandler->execute(true)
#6 E:\xampp73\htdocs\filecroco\loader\vendor\guzzlehttp\promises\src\Promise.php(223): GuzzleHttp\Promise\Promise->invokeWaitFn()
#7 E:\xampp73\htdocs\filecroco\loader\vendor\guzzlehttp\promises\src\Promise.php(267): GuzzleHttp\Promise\Promise->waitIfPending()
#8 E:\xampp73\htdocs\filecroco\loader\vendor\guzzlehttp\promises\src\Promise.php(225): GuzzleHttp\Promise\Promise->invokeWaitList()
#9 E:\xampp73\htdocs\filecroco\loader\vendor\guzzlehttp\promises\src\Promise.php(62): GuzzleHttp\Promise\Promise->waitIfPending()
#10 E:\xampp73\htdocs\filecroco\loader\vendor\guzzlehttp\promises\src\EachPromise.php(101): GuzzleHttp\Promise\Promise->wait()
#11 E:\xampp73\htdocs\filecroco\loader\vendor\guzzlehttp\promises\src\Promise.php(246): GuzzleHttp\Promise\EachPromise->GuzzleHttp\Promise\{closure}(true)
#12 E:\xampp73\htdocs\filecroco\loader\vendor\guzzlehttp\promises\src\Promise.php(223): GuzzleHttp\Promise\Promise->invokeWaitFn()
#13 E:\xampp73\htdocs\filecroco\loader\vendor\guzzlehttp\promises\src\Promise.php(62): GuzzleHttp\Promise\Promise->waitIfPending()
#14 E:\xampp73\htdocs\filecroco\loader\updatedownloadlink.php(95): GuzzleHttp\Promise\Promise->wait()
#15 {main}|1185GuzzleHttp\Exception\RequestException: cURL error 56:  (see http://curl.haxx.se/libcurl/c/libcurl-errors.html) in E:\xampp73\htdocs\filecroco\loader\vendor\guzzlehttp\guzzle\src\Handler\CurlFactory.php:186
Stack trace:
#0 E:\xampp73\htdocs\filecroco\loader\vendor\guzzlehttp\guzzle\src\Handler\CurlFactory.php(149): GuzzleHttp\Handler\CurlFactory::createRejection(Object(GuzzleHttp\Handler\EasyHandle), Array)
#1 E:\xampp73\htdocs\filecroco\loader\vendor\guzzlehttp\guzzle\src\Handler\CurlFactory.php(102): GuzzleHttp\Handler\CurlFactory::finishError(Object(GuzzleHttp\Handler\CurlMultiHandler), Object(GuzzleHttp\Handler\EasyHandle), Object(GuzzleHttp\Handler\CurlFactory))
#2 E:\xampp73\htdocs\filecroco\loader\vendor\guzzlehttp\guzzle\src\Handler\CurlMultiHandler.php(181): GuzzleHttp\Handler\CurlFactory::finish(Object(GuzzleHttp\Handler\CurlMultiHandler), Object(GuzzleHttp\Handler\EasyHandle), Object(GuzzleHttp\Handler\CurlFactory))
#3 E:\xampp73\htdocs\filecroco\loader\vendor\guzzlehttp\guzzle\src\Handler\CurlMultiHandler.php(110): GuzzleHttp\Handler\CurlMultiHandler->processMessages()
#4 E:\xampp73\htdocs\filecroco\loader\vendor\guzzlehttp\guzzle\src\Handler\CurlMultiHandler.php(125): GuzzleHttp\Handler\CurlMultiHandler->tick()
#5 E:\xampp73\htdocs\filecroco\loader\vendor\guzzlehttp\promises\src\Promise.php(246): GuzzleHttp\Handler\CurlMultiHandler->execute(true)
#6 E:\xampp73\htdocs\filecroco\loader\vendor\guzzlehttp\promises\src\Promise.php(223): GuzzleHttp\Promise\Promise->invokeWaitFn()
#7 E:\xampp73\htdocs\filecroco\loader\vendor\guzzlehttp\promises\src\Promise.php(267): GuzzleHttp\Promise\Promise->waitIfPending()
#8 E:\xampp73\htdocs\filecroco\loader\vendor\guzzlehttp\promises\src\Promise.php(225): GuzzleHttp\Promise\Promise->invokeWaitList()
#9 E:\xampp73\htdocs\filecroco\loader\vendor\guzzlehttp\promises\src\Promise.php(62): GuzzleHttp\Promise\Promise->waitIfPending()
#10 E:\xampp73\htdocs\filecroco\loader\vendor\guzzlehttp\promises\src\EachPromise.php(101): GuzzleHttp\Promise\Promise->wait()
#11 E:\xampp73\htdocs\filecroco\loader\vendor\guzzlehttp\promises\src\Promise.php(246): GuzzleHttp\Promise\EachPromise->GuzzleHttp\Promise\{closure}(true)
#12 E:\xampp73\htdocs\filecroco\loader\vendor\guzzlehttp\promises\src\Promise.php(223): GuzzleHttp\Promise\Promise->invokeWaitFn()
#13 E:\xampp73\htdocs\filecroco\loader\vendor\guzzlehttp\promises\src\Promise.php(62): GuzzleHttp\Promise\Promise->waitIfPending()
#14 E:\xampp73\htdocs\filecroco\loader\updatedownloadlink.php(95): GuzzleHttp\Promise\Promise->wait()
#15 {main}|1186GuzzleHttp\Exception\RequestException: cURL error 56:  (see http://curl.haxx.se/libcurl/c/libcurl-errors.html) in E:\xampp73\htdocs\filecroco\loader\vendor\guzzlehttp\guzzle\src\Handler\CurlFactory.php:186
Stack trace:
#0 E:\xampp73\htdocs\filecroco\loader\vendor\guzzlehttp\guzzle\src\Handler\CurlFactory.php(149): GuzzleHttp\Handler\CurlFactory::createRejection(Object(GuzzleHttp\Handler\EasyHandle), Array)
#1 E:\xampp73\htdocs\filecroco\loader\vendor\guzzlehttp\guzzle\src\Handler\CurlFactory.php(102): GuzzleHttp\Handler\CurlFactory::finishError(Object(GuzzleHttp\Handler\CurlMultiHandler), Object(GuzzleHttp\Handler\EasyHandle), Object(GuzzleHttp\Handler\CurlFactory))
#2 E:\xampp73\htdocs\filecroco\loader\vendor\guzzlehttp\guzzle\src\Handler\CurlMultiHandler.php(181): GuzzleHttp\Handler\CurlFactory::finish(Object(GuzzleHttp\Handler\CurlMultiHandler), Object(GuzzleHttp\Handler\EasyHandle), Object(GuzzleHttp\Handler\CurlFactory))
#3 E:\xampp73\htdocs\filecroco\loader\vendor\guzzlehttp\guzzle\src\Handler\CurlMultiHandler.php(110): GuzzleHttp\Handler\CurlMultiHandler->processMessages()
#4 E:\xampp73\htdocs\filecroco\loader\vendor\guzzlehttp\guzzle\src\Handler\CurlMultiHandler.php(125): GuzzleHttp\Handler\CurlMultiHandler->tick()
#5 E:\xampp73\htdocs\filecroco\loader\vendor\guzzlehttp\promises\src\Promise.php(246): GuzzleHttp\Handler\CurlMultiHandler->execute(true)
#6 E:\xampp73\htdocs\filecroco\loader\vendor\guzzlehttp\promises\src\Promise.php(223): GuzzleHttp\Promise\Promise->invokeWaitFn()
#7 E:\xampp73\htdocs\filecroco\loader\vendor\guzzlehttp\promises\src\Promise.php(267): GuzzleHttp\Promise\Promise->waitIfPending()
#8 E:\xampp73\htdocs\filecroco\loader\vendor\guzzlehttp\promises\src\Promise.php(225): GuzzleHttp\Promise\Promise->invokeWaitList()
#9 E:\xampp73\htdocs\filecroco\loader\vendor\guzzlehttp\promises\src\Promise.php(62): GuzzleHttp\Promise\Promise->waitIfPending()
#10 E:\xampp73\htdocs\filecroco\loader\vendor\guzzlehttp\promises\src\EachPromise.php(101): GuzzleHttp\Promise\Promise->wait()
#11 E:\xampp73\htdocs\filecroco\loader\vendor\guzzlehttp\promises\src\Promise.php(246): GuzzleHttp\Promise\EachPromise->GuzzleHttp\Promise\{closure}(true)
#12 E:\xampp73\htdocs\filecroco\loader\vendor\guzzlehttp\promises\src\Promise.php(223): GuzzleHttp\Promise\Promise->invokeWaitFn()
#13 E:\xampp73\htdocs\filecroco\loader\vendor\guzzlehttp\promises\src\Promise.php(62): GuzzleHttp\Promise\Promise->waitIfPending()
#14 E:\xampp73\htdocs\filecroco\loader\updatedownloadlink.php(95): GuzzleHttp\Promise\Promise->wait()
#15 {main}|1187GuzzleHttp\Exception\RequestException: cURL error 56:  (see http://curl.haxx.se/libcurl/c/libcurl-errors.html) in E:\xampp73\htdocs\filecroco\loader\vendor\guzzlehttp\guzzle\src\Handler\CurlFactory.php:186
Stack trace:
#0 E:\xampp73\htdocs\filecroco\loader\vendor\guzzlehttp\guzzle\src\Handler\CurlFactory.php(149): GuzzleHttp\Handler\CurlFactory::createRejection(Object(GuzzleHttp\Handler\EasyHandle), Array)
#1 E:\xampp73\htdocs\filecroco\loader\vendor\guzzlehttp\guzzle\src\Handler\CurlFactory.php(102): GuzzleHttp\Handler\CurlFactory::finishError(Object(GuzzleHttp\Handler\CurlMultiHandler), Object(GuzzleHttp\Handler\EasyHandle), Object(GuzzleHttp\Handler\CurlFactory))
#2 E:\xampp73\htdocs\filecroco\loader\vendor\guzzlehttp\guzzle\src\Handler\CurlMultiHandler.php(181): GuzzleHttp\Handler\CurlFactory::finish(Object(GuzzleHttp\Handler\CurlMultiHandler), Object(GuzzleHttp\Handler\EasyHandle), Object(GuzzleHttp\Handler\CurlFactory))
#3 E:\xampp73\htdocs\filecroco\loader\vendor\guzzlehttp\guzzle\src\Handler\CurlMultiHandler.php(110): GuzzleHttp\Handler\CurlMultiHandler->processMessages()
#4 E:\xampp73\htdocs\filecroco\loader\vendor\guzzlehttp\guzzle\src\Handler\CurlMultiHandler.php(125): GuzzleHttp\Handler\CurlMultiHandler->tick()
#5 E:\xampp73\htdocs\filecroco\loader\vendor\guzzlehttp\promises\src\Promise.php(246): GuzzleHttp\Handler\CurlMultiHandler->execute(true)
#6 E:\xampp73\htdocs\filecroco\loader\vendor\guzzlehttp\promises\src\Promise.php(223): GuzzleHttp\Promise\Promise->invokeWaitFn()
#7 E:\xampp73\htdocs\filecroco\loader\vendor\guzzlehttp\promises\src\Promise.php(267): GuzzleHttp\Promise\Promise->waitIfPending()
#8 E:\xampp73\htdocs\filecroco\loader\vendor\guzzlehttp\promises\src\Promise.php(225): GuzzleHttp\Promise\Promise->invokeWaitList()
#9 E:\xampp73\htdocs\filecroco\loader\vendor\guzzlehttp\promises\src\Promise.php(62): GuzzleHttp\Promise\Promise->waitIfPending()
#10 E:\xampp73\htdocs\filecroco\loader\vendor\guzzlehttp\promises\src\EachPromise.php(101): GuzzleHttp\Promise\Promise->wait()
#11 E:\xampp73\htdocs\filecroco\loader\vendor\guzzlehttp\promises\src\Promise.php(246): GuzzleHttp\Promise\EachPromise->GuzzleHttp\Promise\{closure}(true)
#12 E:\xampp73\htdocs\filecroco\loader\vendor\guzzlehttp\promises\src\Promise.php(223): GuzzleHttp\Promise\Promise->invokeWaitFn()
#13 E:\xampp73\htdocs\filecroco\loader\vendor\guzzlehttp\promises\src\Promise.php(62): GuzzleHttp\Promise\Promise->waitIfPending()
#14 E:\xampp73\htdocs\filecroco\loader\updatedownloadlink.php(95): GuzzleHttp\Promise\Promise->wait()
#15 {main}|1188GuzzleHttp\Exception\RequestException: cURL error 56:  (see http://curl.haxx.se/libcurl/c/libcurl-errors.html) in E:\xampp73\htdocs\filecroco\loader\vendor\guzzlehttp\guzzle\src\Handler\CurlFactory.php:186
Stack trace:
#0 E:\xampp73\htdocs\filecroco\loader\vendor\guzzlehttp\guzzle\src\Handler\CurlFactory.php(149): GuzzleHttp\Handler\CurlFactory::createRejection(Object(GuzzleHttp\Handler\EasyHandle), Array)
#1 E:\xampp73\htdocs\filecroco\loader\vendor\guzzlehttp\guzzle\src\Handler\CurlFactory.php(102): GuzzleHttp\Handler\CurlFactory::finishError(Object(GuzzleHttp\Handler\CurlMultiHandler), Object(GuzzleHttp\Handler\EasyHandle), Object(GuzzleHttp\Handler\CurlFactory))
#2 E:\xampp73\htdocs\filecroco\loader\vendor\guzzlehttp\guzzle\src\Handler\CurlMultiHandler.php(181): GuzzleHttp\Handler\CurlFactory::finish(Object(GuzzleHttp\Handler\CurlMultiHandler), Object(GuzzleHttp\Handler\EasyHandle), Object(GuzzleHttp\Handler\CurlFactory))
#3 E:\xampp73\htdocs\filecroco\loader\vendor\guzzlehttp\guzzle\src\Handler\CurlMultiHandler.php(110): GuzzleHttp\Handler\CurlMultiHandler->processMessages()
#4 E:\xampp73\htdocs\filecroco\loader\vendor\guzzlehttp\guzzle\src\Handler\CurlMultiHandler.php(125): GuzzleHttp\Handler\CurlMultiHandler->tick()
#5 E:\xampp73\htdocs\filecroco\loader\vendor\guzzlehttp\promises\src\Promise.php(246): GuzzleHttp\Handler\CurlMultiHandler->execute(true)
#6 E:\xampp73\htdocs\filecroco\loader\vendor\guzzlehttp\promises\src\Promise.php(223): GuzzleHttp\Promise\Promise->invokeWaitFn()
#7 E:\xampp73\htdocs\filecroco\loader\vendor\guzzlehttp\promises\src\Promise.php(267): GuzzleHttp\Promise\Promise->waitIfPending()
#8 E:\xampp73\htdocs\filecroco\loader\vendor\guzzlehttp\promises\src\Promise.php(225): GuzzleHttp\Promise\Promise->invokeWaitList()
#9 E:\xampp73\htdocs\filecroco\loader\vendor\guzzlehttp\promises\src\Promise.php(62): GuzzleHttp\Promise\Promise->waitIfPending()
#10 E:\xampp73\htdocs\filecroco\loader\vendor\guzzlehttp\promises\src\EachPromise.php(101): GuzzleHttp\Promise\Promise->wait()
#11 E:\xampp73\htdocs\filecroco\loader\vendor\guzzlehttp\promises\src\Promise.php(246): GuzzleHttp\Promise\EachPromise->GuzzleHttp\Promise\{closure}(true)
#12 E:\xampp73\htdocs\filecroco\loader\vendor\guzzlehttp\promises\src\Promise.php(223): GuzzleHttp\Promise\Promise->invokeWaitFn()
#13 E:\xampp73\htdocs\filecroco\loader\vendor\guzzlehttp\promises\src\Promise.php(62): GuzzleHttp\Promise\Promise->waitIfPending()
#14 E:\xampp73\htdocs\filecroco\loader\updatedownloadlink.php(95): GuzzleHttp\Promise\Promise->wait()
#15 {main}|1189GuzzleHttp\Exception\RequestException: cURL error 56:  (see http://curl.haxx.se/libcurl/c/libcurl-errors.html) in E:\xampp73\htdocs\filecroco\loader\vendor\guzzlehttp\guzzle\src\Handler\CurlFactory.php:186
Stack trace:
#0 E:\xampp73\htdocs\filecroco\loader\vendor\guzzlehttp\guzzle\src\Handler\CurlFactory.php(149): GuzzleHttp\Handler\CurlFactory::createRejection(Object(GuzzleHttp\Handler\EasyHandle), Array)
#1 E:\xampp73\htdocs\filecroco\loader\vendor\guzzlehttp\guzzle\src\Handler\CurlFactory.php(102): GuzzleHttp\Handler\CurlFactory::finishError(Object(GuzzleHttp\Handler\CurlMultiHandler), Object(GuzzleHttp\Handler\EasyHandle), Object(GuzzleHttp\Handler\CurlFactory))
#2 E:\xampp73\htdocs\filecroco\loader\vendor\guzzlehttp\guzzle\src\Handler\CurlMultiHandler.php(181): GuzzleHttp\Handler\CurlFactory::finish(Object(GuzzleHttp\Handler\CurlMultiHandler), Object(GuzzleHttp\Handler\EasyHandle), Object(GuzzleHttp\Handler\CurlFactory))
#3 E:\xampp73\htdocs\filecroco\loader\vendor\guzzlehttp\guzzle\src\Handler\CurlMultiHandler.php(110): GuzzleHttp\Handler\CurlMultiHandler->processMessages()
#4 E:\xampp73\htdocs\filecroco\loader\vendor\guzzlehttp\guzzle\src\Handler\CurlMultiHandler.php(125): GuzzleHttp\Handler\CurlMultiHandler->tick()
#5 E:\xampp73\htdocs\filecroco\loader\vendor\guzzlehttp\promises\src\Promise.php(246): GuzzleHttp\Handler\CurlMultiHandler->execute(true)
#6 E:\xampp73\htdocs\filecroco\loader\vendor\guzzlehttp\promises\src\Promise.php(223): GuzzleHttp\Promise\Promise->invokeWaitFn()
#7 E:\xampp73\htdocs\filecroco\loader\vendor\guzzlehttp\promises\src\Promise.php(267): GuzzleHttp\Promise\Promise->waitIfPending()
#8 E:\xampp73\htdocs\filecroco\loader\vendor\guzzlehttp\promises\src\Promise.php(225): GuzzleHttp\Promise\Promise->invokeWaitList()
#9 E:\xampp73\htdocs\filecroco\loader\vendor\guzzlehttp\promises\src\Promise.php(62): GuzzleHttp\Promise\Promise->waitIfPending()
#10 E:\xampp73\htdocs\filecroco\loader\vendor\guzzlehttp\promises\src\EachPromise.php(101): GuzzleHttp\Promise\Promise->wait()
#11 E:\xampp73\htdocs\filecroco\loader\vendor\guzzlehttp\promises\src\Promise.php(246): GuzzleHttp\Promise\EachPromise->GuzzleHttp\Promise\{closure}(true)
#12 E:\xampp73\htdocs\filecroco\loader\vendor\guzzlehttp\promises\src\Promise.php(223): GuzzleHttp\Promise\Promise->invokeWaitFn()
#13 E:\xampp73\htdocs\filecroco\loader\vendor\guzzlehttp\promises\src\Promise.php(62): GuzzleHttp\Promise\Promise->waitIfPending()
#14 E:\xampp73\htdocs\filecroco\loader\updatedownloadlink.php(95): GuzzleHttp\Promise\Promise->wait()
#15 {main}|1190GuzzleHttp\Exception\RequestException: cURL error 56:  (see http://curl.haxx.se/libcurl/c/libcurl-errors.html) in E:\xampp73\htdocs\filecroco\loader\vendor\guzzlehttp\guzzle\src\Handler\CurlFactory.php:186
Stack trace:
#0 E:\xampp73\htdocs\filecroco\loader\vendor\guzzlehttp\guzzle\src\Handler\CurlFactory.php(149): GuzzleHttp\Handler\CurlFactory::createRejection(Object(GuzzleHttp\Handler\EasyHandle), Array)
#1 E:\xampp73\htdocs\filecroco\loader\vendor\guzzlehttp\guzzle\src\Handler\CurlFactory.php(102): GuzzleHttp\Handler\CurlFactory::finishError(Object(GuzzleHttp\Handler\CurlMultiHandler), Object(GuzzleHttp\Handler\EasyHandle), Object(GuzzleHttp\Handler\CurlFactory))
#2 E:\xampp73\htdocs\filecroco\loader\vendor\guzzlehttp\guzzle\src\Handler\CurlMultiHandler.php(181): GuzzleHttp\Handler\CurlFactory::finish(Object(GuzzleHttp\Handler\CurlMultiHandler), Object(GuzzleHttp\Handler\EasyHandle), Object(GuzzleHttp\Handler\CurlFactory))
#3 E:\xampp73\htdocs\filecroco\loader\vendor\guzzlehttp\guzzle\src\Handler\CurlMultiHandler.php(110): GuzzleHttp\Handler\CurlMultiHandler->processMessages()
#4 E:\xampp73\htdocs\filecroco\loader\vendor\guzzlehttp\guzzle\src\Handler\CurlMultiHandler.php(125): GuzzleHttp\Handler\CurlMultiHandler->tick()
#5 E:\xampp73\htdocs\filecroco\loader\vendor\guzzlehttp\promises\src\Promise.php(246): GuzzleHttp\Handler\CurlMultiHandler->execute(true)
#6 E:\xampp73\htdocs\filecroco\loader\vendor\guzzlehttp\promises\src\Promise.php(223): GuzzleHttp\Promise\Promise->invokeWaitFn()
#7 E:\xampp73\htdocs\filecroco\loader\vendor\guzzlehttp\promises\src\Promise.php(267): GuzzleHttp\Promise\Promise->waitIfPending()
#8 E:\xampp73\htdocs\filecroco\loader\vendor\guzzlehttp\promises\src\Promise.php(225): GuzzleHttp\Promise\Promise->invokeWaitList()
#9 E:\xampp73\htdocs\filecroco\loader\vendor\guzzlehttp\promises\src\Promise.php(62): GuzzleHttp\Promise\Promise->waitIfPending()
#10 E:\xampp73\htdocs\filecroco\loader\vendor\guzzlehttp\promises\src\EachPromise.php(101): GuzzleHttp\Promise\Promise->wait()
#11 E:\xampp73\htdocs\filecroco\loader\vendor\guzzlehttp\promises\src\Promise.php(246): GuzzleHttp\Promise\EachPromise->GuzzleHttp\Promise\{closure}(true)
#12 E:\xampp73\htdocs\filecroco\loader\vendor\guzzlehttp\promises\src\Promise.php(223): GuzzleHttp\Promise\Promise->invokeWaitFn()
#13 E:\xampp73\htdocs\filecroco\loader\vendor\guzzlehttp\promises\src\Promise.php(62): GuzzleHttp\Promise\Promise->waitIfPending()
#14 E:\xampp73\htdocs\filecroco\loader\updatedownloadlink.php(95): GuzzleHttp\Promise\Promise->wait()
#15 {main}|1191GuzzleHttp\Exception\RequestException: cURL error 56:  (see http://curl.haxx.se/libcurl/c/libcurl-errors.html) in E:\xampp73\htdocs\filecroco\loader\vendor\guzzlehttp\guzzle\src\Handler\CurlFactory.php:186
Stack trace:
#0 E:\xampp73\htdocs\filecroco\loader\vendor\guzzlehttp\guzzle\src\Handler\CurlFactory.php(149): GuzzleHttp\Handler\CurlFactory::createRejection(Object(GuzzleHttp\Handler\EasyHandle), Array)
#1 E:\xampp73\htdocs\filecroco\loader\vendor\guzzlehttp\guzzle\src\Handler\CurlFactory.php(102): GuzzleHttp\Handler\CurlFactory::finishError(Object(GuzzleHttp\Handler\CurlMultiHandler), Object(GuzzleHttp\Handler\EasyHandle), Object(GuzzleHttp\Handler\CurlFactory))
#2 E:\xampp73\htdocs\filecroco\loader\vendor\guzzlehttp\guzzle\src\Handler\CurlMultiHandler.php(181): GuzzleHttp\Handler\CurlFactory::finish(Object(GuzzleHttp\Handler\CurlMultiHandler), Object(GuzzleHttp\Handler\EasyHandle), Object(GuzzleHttp\Handler\CurlFactory))
#3 E:\xampp73\htdocs\filecroco\loader\vendor\guzzlehttp\guzzle\src\Handler\CurlMultiHandler.php(110): GuzzleHttp\Handler\CurlMultiHandler->processMessages()
#4 E:\xampp73\htdocs\filecroco\loader\vendor\guzzlehttp\guzzle\src\Handler\CurlMultiHandler.php(125): GuzzleHttp\Handler\CurlMultiHandler->tick()
#5 E:\xampp73\htdocs\filecroco\loader\vendor\guzzlehttp\promises\src\Promise.php(246): GuzzleHttp\Handler\CurlMultiHandler->execute(true)
#6 E:\xampp73\htdocs\filecroco\loader\vendor\guzzlehttp\promises\src\Promise.php(223): GuzzleHttp\Promise\Promise->invokeWaitFn()
#7 E:\xampp73\htdocs\filecroco\loader\vendor\guzzlehttp\promises\src\Promise.php(267): GuzzleHttp\Promise\Promise->waitIfPending()
#8 E:\xampp73\htdocs\filecroco\loader\vendor\guzzlehttp\promises\src\Promise.php(225): GuzzleHttp\Promise\Promise->invokeWaitList()
#9 E:\xampp73\htdocs\filecroco\loader\vendor\guzzlehttp\promises\src\Promise.php(62): GuzzleHttp\Promise\Promise->waitIfPending()
#10 E:\xampp73\htdocs\filecroco\loader\vendor\guzzlehttp\promises\src\EachPromise.php(101): GuzzleHttp\Promise\Promise->wait()
#11 E:\xampp73\htdocs\filecroco\loader\vendor\guzzlehttp\promises\src\Promise.php(246): GuzzleHttp\Promise\EachPromise->GuzzleHttp\Promise\{closure}(true)
#12 E:\xampp73\htdocs\filecroco\loader\vendor\guzzlehttp\promises\src\Promise.php(223): GuzzleHttp\Promise\Promise->invokeWaitFn()
#13 E:\xampp73\htdocs\filecroco\loader\vendor\guzzlehttp\promises\src\Promise.php(62): GuzzleHttp\Promise\Promise->waitIfPending()
#14 E:\xampp73\htdocs\filecroco\loader\updatedownloadlink.php(95): GuzzleHttp\Promise\Promise->wait()
#15 {main}|1192GuzzleHttp\Exception\RequestException: cURL error 56:  (see http://curl.haxx.se/libcurl/c/libcurl-errors.html) in E:\xampp73\htdocs\filecroco\loader\vendor\guzzlehttp\guzzle\src\Handler\CurlFactory.php:186
Stack trace:
#0 E:\xampp73\htdocs\filecroco\loader\vendor\guzzlehttp\guzzle\src\Handler\CurlFactory.php(149): GuzzleHttp\Handler\CurlFactory::createRejection(Object(GuzzleHttp\Handler\EasyHandle), Array)
#1 E:\xampp73\htdocs\filecroco\loader\vendor\guzzlehttp\guzzle\src\Handler\CurlFactory.php(102): GuzzleHttp\Handler\CurlFactory::finishError(Object(GuzzleHttp\Handler\CurlMultiHandler), Object(GuzzleHttp\Handler\EasyHandle), Object(GuzzleHttp\Handler\CurlFactory))
#2 E:\xampp73\htdocs\filecroco\loader\vendor\guzzlehttp\guzzle\src\Handler\CurlMultiHandler.php(181): GuzzleHttp\Handler\CurlFactory::finish(Object(GuzzleHttp\Handler\CurlMultiHandler), Object(GuzzleHttp\Handler\EasyHandle), Object(GuzzleHttp\Handler\CurlFactory))
#3 E:\xampp73\htdocs\filecroco\loader\vendor\guzzlehttp\guzzle\src\Handler\CurlMultiHandler.php(110): GuzzleHttp\Handler\CurlMultiHandler->processMessages()
#4 E:\xampp73\htdocs\filecroco\loader\vendor\guzzlehttp\guzzle\src\Handler\CurlMultiHandler.php(125): GuzzleHttp\Handler\CurlMultiHandler->tick()
#5 E:\xampp73\htdocs\filecroco\loader\vendor\guzzlehttp\promises\src\Promise.php(246): GuzzleHttp\Handler\CurlMultiHandler->execute(true)
#6 E:\xampp73\htdocs\filecroco\loader\vendor\guzzlehttp\promises\src\Promise.php(223): GuzzleHttp\Promise\Promise->invokeWaitFn()
#7 E:\xampp73\htdocs\filecroco\loader\vendor\guzzlehttp\promises\src\Promise.php(267): GuzzleHttp\Promise\Promise->waitIfPending()
#8 E:\xampp73\htdocs\filecroco\loader\vendor\guzzlehttp\promises\src\Promise.php(225): GuzzleHttp\Promise\Promise->invokeWaitList()
#9 E:\xampp73\htdocs\filecroco\loader\vendor\guzzlehttp\promises\src\Promise.php(62): GuzzleHttp\Promise\Promise->waitIfPending()
#10 E:\xampp73\htdocs\filecroco\loader\vendor\guzzlehttp\promises\src\EachPromise.php(101): GuzzleHttp\Promise\Promise->wait()
#11 E:\xampp73\htdocs\filecroco\loader\vendor\guzzlehttp\promises\src\Promise.php(246): GuzzleHttp\Promise\EachPromise->GuzzleHttp\Promise\{closure}(true)
#12 E:\xampp73\htdocs\filecroco\loader\vendor\guzzlehttp\promises\src\Promise.php(223): GuzzleHttp\Promise\Promise->invokeWaitFn()
#13 E:\xampp73\htdocs\filecroco\loader\vendor\guzzlehttp\promises\src\Promise.php(62): GuzzleHttp\Promise\Promise->waitIfPending()
#14 E:\xampp73\htdocs\filecroco\loader\updatedownloadlink.php(95): GuzzleHttp\Promise\Promise->wait()
#15 {main}|1193GuzzleHttp\Exception\RequestException: cURL error 56:  (see http://curl.haxx.se/libcurl/c/libcurl-errors.html) in E:\xampp73\htdocs\filecroco\loader\vendor\guzzlehttp\guzzle\src\Handler\CurlFactory.php:186
Stack trace:
#0 E:\xampp73\htdocs\filecroco\loader\vendor\guzzlehttp\guzzle\src\Handler\CurlFactory.php(149): GuzzleHttp\Handler\CurlFactory::createRejection(Object(GuzzleHttp\Handler\EasyHandle), Array)
#1 E:\xampp73\htdocs\filecroco\loader\vendor\guzzlehttp\guzzle\src\Handler\CurlFactory.php(102): GuzzleHttp\Handler\CurlFactory::finishError(Object(GuzzleHttp\Handler\CurlMultiHandler), Object(GuzzleHttp\Handler\EasyHandle), Object(GuzzleHttp\Handler\CurlFactory))
#2 E:\xampp73\htdocs\filecroco\loader\vendor\guzzlehttp\guzzle\src\Handler\CurlMultiHandler.php(181): GuzzleHttp\Handler\CurlFactory::finish(Object(GuzzleHttp\Handler\CurlMultiHandler), Object(GuzzleHttp\Handler\EasyHandle), Object(GuzzleHttp\Handler\CurlFactory))
#3 E:\xampp73\htdocs\filecroco\loader\vendor\guzzlehttp\guzzle\src\Handler\CurlMultiHandler.php(110): GuzzleHttp\Handler\CurlMultiHandler->processMessages()
#4 E:\xampp73\htdocs\filecroco\loader\vendor\guzzlehttp\guzzle\src\Handler\CurlMultiHandler.php(125): GuzzleHttp\Handler\CurlMultiHandler->tick()
#5 E:\xampp73\htdocs\filecroco\loader\vendor\guzzlehttp\promises\src\Promise.php(246): GuzzleHttp\Handler\CurlMultiHandler->execute(true)
#6 E:\xampp73\htdocs\filecroco\loader\vendor\guzzlehttp\promises\src\Promise.php(223): GuzzleHttp\Promise\Promise->invokeWaitFn()
#7 E:\xampp73\htdocs\filecroco\loader\vendor\guzzlehttp\promises\src\Promise.php(267): GuzzleHttp\Promise\Promise->waitIfPending()
#8 E:\xampp73\htdocs\filecroco\loader\vendor\guzzlehttp\promises\src\Promise.php(225): GuzzleHttp\Promise\Promise->invokeWaitList()
#9 E:\xampp73\htdocs\filecroco\loader\vendor\guzzlehttp\promises\src\Promise.php(62): GuzzleHttp\Promise\Promise->waitIfPending()
#10 E:\xampp73\htdocs\filecroco\loader\vendor\guzzlehttp\promises\src\EachPromise.php(101): GuzzleHttp\Promise\Promise->wait()
#11 E:\xampp73\htdocs\filecroco\loader\vendor\guzzlehttp\promises\src\Promise.php(246): GuzzleHttp\Promise\EachPromise->GuzzleHttp\Promise\{closure}(true)
#12 E:\xampp73\htdocs\filecroco\loader\vendor\guzzlehttp\promises\src\Promise.php(223): GuzzleHttp\Promise\Promise->invokeWaitFn()
#13 E:\xampp73\htdocs\filecroco\loader\vendor\guzzlehttp\promises\src\Promise.php(62): GuzzleHttp\Promise\Promise->waitIfPending()
#14 E:\xampp73\htdocs\filecroco\loader\updatedownloadlink.php(95): GuzzleHttp\Promise\Promise->wait()
#15 {main}|1194GuzzleHttp\Exception\RequestException: cURL error 56:  (see http://curl.haxx.se/libcurl/c/libcurl-errors.html) in E:\xampp73\htdocs\filecroco\loader\vendor\guzzlehttp\guzzle\src\Handler\CurlFactory.php:186
Stack trace:
#0 E:\xampp73\htdocs\filecroco\loader\vendor\guzzlehttp\guzzle\src\Handler\CurlFactory.php(149): GuzzleHttp\Handler\CurlFactory::createRejection(Object(GuzzleHttp\Handler\EasyHandle), Array)
#1 E:\xampp73\htdocs\filecroco\loader\vendor\guzzlehttp\guzzle\src\Handler\CurlFactory.php(102): GuzzleHttp\Handler\CurlFactory::finishError(Object(GuzzleHttp\Handler\CurlMultiHandler), Object(GuzzleHttp\Handler\EasyHandle), Object(GuzzleHttp\Handler\CurlFactory))
#2 E:\xampp73\htdocs\filecroco\loader\vendor\guzzlehttp\guzzle\src\Handler\CurlMultiHandler.php(181): GuzzleHttp\Handler\CurlFactory::finish(Object(GuzzleHttp\Handler\CurlMultiHandler), Object(GuzzleHttp\Handler\EasyHandle), Object(GuzzleHttp\Handler\CurlFactory))
#3 E:\xampp73\htdocs\filecroco\loader\vendor\guzzlehttp\guzzle\src\Handler\CurlMultiHandler.php(110): GuzzleHttp\Handler\CurlMultiHandler->processMessages()
#4 E:\xampp73\htdocs\filecroco\loader\vendor\guzzlehttp\guzzle\src\Handler\CurlMultiHandler.php(125): GuzzleHttp\Handler\CurlMultiHandler->tick()
#5 E:\xampp73\htdocs\filecroco\loader\vendor\guzzlehttp\promises\src\Promise.php(246): GuzzleHttp\Handler\CurlMultiHandler->execute(true)
#6 E:\xampp73\htdocs\filecroco\loader\vendor\guzzlehttp\promises\src\Promise.php(223): GuzzleHttp\Promise\Promise->invokeWaitFn()
#7 E:\xampp73\htdocs\filecroco\loader\vendor\guzzlehttp\promises\src\Promise.php(267): GuzzleHttp\Promise\Promise->waitIfPending()
#8 E:\xampp73\htdocs\filecroco\loader\vendor\guzzlehttp\promises\src\Promise.php(225): GuzzleHttp\Promise\Promise->invokeWaitList()
#9 E:\xampp73\htdocs\filecroco\loader\vendor\guzzlehttp\promises\src\Promise.php(62): GuzzleHttp\Promise\Promise->waitIfPending()
#10 E:\xampp73\htdocs\filecroco\loader\vendor\guzzlehttp\promises\src\EachPromise.php(101): GuzzleHttp\Promise\Promise->wait()
#11 E:\xampp73\htdocs\filecroco\loader\vendor\guzzlehttp\promises\src\Promise.php(246): GuzzleHttp\Promise\EachPromise->GuzzleHttp\Promise\{closure}(true)
#12 E:\xampp73\htdocs\filecroco\loader\vendor\guzzlehttp\promises\src\Promise.php(223): GuzzleHttp\Promise\Promise->invokeWaitFn()
#13 E:\xampp73\htdocs\filecroco\loader\vendor\guzzlehttp\promises\src\Promise.php(62): GuzzleHttp\Promise\Promise->waitIfPending()
#14 E:\xampp73\htdocs\filecroco\loader\updatedownloadlink.php(95): GuzzleHttp\Promise\Promise->wait()
#15 {main}|1195GuzzleHttp\Exception\RequestException: cURL error 56:  (see http://curl.haxx.se/libcurl/c/libcurl-errors.html) in E:\xampp73\htdocs\filecroco\loader\vendor\guzzlehttp\guzzle\src\Handler\CurlFactory.php:186
Stack trace:
#0 E:\xampp73\htdocs\filecroco\loader\vendor\guzzlehttp\guzzle\src\Handler\CurlFactory.php(149): GuzzleHttp\Handler\CurlFactory::createRejection(Object(GuzzleHttp\Handler\EasyHandle), Array)
#1 E:\xampp73\htdocs\filecroco\loader\vendor\guzzlehttp\guzzle\src\Handler\CurlFactory.php(102): GuzzleHttp\Handler\CurlFactory::finishError(Object(GuzzleHttp\Handler\CurlMultiHandler), Object(GuzzleHttp\Handler\EasyHandle), Object(GuzzleHttp\Handler\CurlFactory))
#2 E:\xampp73\htdocs\filecroco\loader\vendor\guzzlehttp\guzzle\src\Handler\CurlMultiHandler.php(181): GuzzleHttp\Handler\CurlFactory::finish(Object(GuzzleHttp\Handler\CurlMultiHandler), Object(GuzzleHttp\Handler\EasyHandle), Object(GuzzleHttp\Handler\CurlFactory))
#3 E:\xampp73\htdocs\filecroco\loader\vendor\guzzlehttp\guzzle\src\Handler\CurlMultiHandler.php(110): GuzzleHttp\Handler\CurlMultiHandler->processMessages()
#4 E:\xampp73\htdocs\filecroco\loader\vendor\guzzlehttp\guzzle\src\Handler\CurlMultiHandler.php(125): GuzzleHttp\Handler\CurlMultiHandler->tick()
#5 E:\xampp73\htdocs\filecroco\loader\vendor\guzzlehttp\promises\src\Promise.php(246): GuzzleHttp\Handler\CurlMultiHandler->execute(true)
#6 E:\xampp73\htdocs\filecroco\loader\vendor\guzzlehttp\promises\src\Promise.php(223): GuzzleHttp\Promise\Promise->invokeWaitFn()
#7 E:\xampp73\htdocs\filecroco\loader\vendor\guzzlehttp\promises\src\Promise.php(267): GuzzleHttp\Promise\Promise->waitIfPending()
#8 E:\xampp73\htdocs\filecroco\loader\vendor\guzzlehttp\promises\src\Promise.php(225): GuzzleHttp\Promise\Promise->invokeWaitList()
#9 E:\xampp73\htdocs\filecroco\loader\vendor\guzzlehttp\promises\src\Promise.php(62): GuzzleHttp\Promise\Promise->waitIfPending()
#10 E:\xampp73\htdocs\filecroco\loader\vendor\guzzlehttp\promises\src\EachPromise.php(101): GuzzleHttp\Promise\Promise->wait()
#11 E:\xampp73\htdocs\filecroco\loader\vendor\guzzlehttp\promises\src\Promise.php(246): GuzzleHttp\Promise\EachPromise->GuzzleHttp\Promise\{closure}(true)
#12 E:\xampp73\htdocs\filecroco\loader\vendor\guzzlehttp\promises\src\Promise.php(223): GuzzleHttp\Promise\Promise->invokeWaitFn()
#13 E:\xampp73\htdocs\filecroco\loader\vendor\guzzlehttp\promises\src\Promise.php(62): GuzzleHttp\Promise\Promise->waitIfPending()
#14 E:\xampp73\htdocs\filecroco\loader\updatedownloadlink.php(95): GuzzleHttp\Promise\Promise->wait()
#15 {main}|1196GuzzleHttp\Exception\RequestException: cURL error 56:  (see http://curl.haxx.se/libcurl/c/libcurl-errors.html) in E:\xampp73\htdocs\filecroco\loader\vendor\guzzlehttp\guzzle\src\Handler\CurlFactory.php:186
Stack trace:
#0 E:\xampp73\htdocs\filecroco\loader\vendor\guzzlehttp\guzzle\src\Handler\CurlFactory.php(149): GuzzleHttp\Handler\CurlFactory::createRejection(Object(GuzzleHttp\Handler\EasyHandle), Array)
#1 E:\xampp73\htdocs\filecroco\loader\vendor\guzzlehttp\guzzle\src\Handler\CurlFactory.php(102): GuzzleHttp\Handler\CurlFactory::finishError(Object(GuzzleHttp\Handler\CurlMultiHandler), Object(GuzzleHttp\Handler\EasyHandle), Object(GuzzleHttp\Handler\CurlFactory))
#2 E:\xampp73\htdocs\filecroco\loader\vendor\guzzlehttp\guzzle\src\Handler\CurlMultiHandler.php(181): GuzzleHttp\Handler\CurlFactory::finish(Object(GuzzleHttp\Handler\CurlMultiHandler), Object(GuzzleHttp\Handler\EasyHandle), Object(GuzzleHttp\Handler\CurlFactory))
#3 E:\xampp73\htdocs\filecroco\loader\vendor\guzzlehttp\guzzle\src\Handler\CurlMultiHandler.php(110): GuzzleHttp\Handler\CurlMultiHandler->processMessages()
#4 E:\xampp73\htdocs\filecroco\loader\vendor\guzzlehttp\guzzle\src\Handler\CurlMultiHandler.php(125): GuzzleHttp\Handler\CurlMultiHandler->tick()
#5 E:\xampp73\htdocs\filecroco\loader\vendor\guzzlehttp\promises\src\Promise.php(246): GuzzleHttp\Handler\CurlMultiHandler->execute(true)
#6 E:\xampp73\htdocs\filecroco\loader\vendor\guzzlehttp\promises\src\Promise.php(223): GuzzleHttp\Promise\Promise->invokeWaitFn()
#7 E:\xampp73\htdocs\filecroco\loader\vendor\guzzlehttp\promises\src\Promise.php(267): GuzzleHttp\Promise\Promise->waitIfPending()
#8 E:\xampp73\htdocs\filecroco\loader\vendor\guzzlehttp\promises\src\Promise.php(225): GuzzleHttp\Promise\Promise->invokeWaitList()
#9 E:\xampp73\htdocs\filecroco\loader\vendor\guzzlehttp\promises\src\Promise.php(62): GuzzleHttp\Promise\Promise->waitIfPending()
#10 E:\xampp73\htdocs\filecroco\loader\vendor\guzzlehttp\promises\src\EachPromise.php(101): GuzzleHttp\Promise\Promise->wait()
#11 E:\xampp73\htdocs\filecroco\loader\vendor\guzzlehttp\promises\src\Promise.php(246): GuzzleHttp\Promise\EachPromise->GuzzleHttp\Promise\{closure}(true)
#12 E:\xampp73\htdocs\filecroco\loader\vendor\guzzlehttp\promises\src\Promise.php(223): GuzzleHttp\Promise\Promise->invokeWaitFn()
#13 E:\xampp73\htdocs\filecroco\loader\vendor\guzzlehttp\promises\src\Promise.php(62): GuzzleHttp\Promise\Promise->waitIfPending()
#14 E:\xampp73\htdocs\filecroco\loader\updatedownloadlink.php(95): GuzzleHttp\Promise\Promise->wait()
#15 {main}|1197GuzzleHttp\Exception\RequestException: cURL error 56:  (see http://curl.haxx.se/libcurl/c/libcurl-errors.html) in E:\xampp73\htdocs\filecroco\loader\vendor\guzzlehttp\guzzle\src\Handler\CurlFactory.php:186
Stack trace:
#0 E:\xampp73\htdocs\filecroco\loader\vendor\guzzlehttp\guzzle\src\Handler\CurlFactory.php(149): GuzzleHttp\Handler\CurlFactory::createRejection(Object(GuzzleHttp\Handler\EasyHandle), Array)
#1 E:\xampp73\htdocs\filecroco\loader\vendor\guzzlehttp\guzzle\src\Handler\CurlFactory.php(102): GuzzleHttp\Handler\CurlFactory::finishError(Object(GuzzleHttp\Handler\CurlMultiHandler), Object(GuzzleHttp\Handler\EasyHandle), Object(GuzzleHttp\Handler\CurlFactory))
#2 E:\xampp73\htdocs\filecroco\loader\vendor\guzzlehttp\guzzle\src\Handler\CurlMultiHandler.php(181): GuzzleHttp\Handler\CurlFactory::finish(Object(GuzzleHttp\Handler\CurlMultiHandler), Object(GuzzleHttp\Handler\EasyHandle), Object(GuzzleHttp\Handler\CurlFactory))
#3 E:\xampp73\htdocs\filecroco\loader\vendor\guzzlehttp\guzzle\src\Handler\CurlMultiHandler.php(110): GuzzleHttp\Handler\CurlMultiHandler->processMessages()
#4 E:\xampp73\htdocs\filecroco\loader\vendor\guzzlehttp\guzzle\src\Handler\CurlMultiHandler.php(125): GuzzleHttp\Handler\CurlMultiHandler->tick()
#5 E:\xampp73\htdocs\filecroco\loader\vendor\guzzlehttp\promises\src\Promise.php(246): GuzzleHttp\Handler\CurlMultiHandler->execute(true)
#6 E:\xampp73\htdocs\filecroco\loader\vendor\guzzlehttp\promises\src\Promise.php(223): GuzzleHttp\Promise\Promise->invokeWaitFn()
#7 E:\xampp73\htdocs\filecroco\loader\vendor\guzzlehttp\promises\src\Promise.php(267): GuzzleHttp\Promise\Promise->waitIfPending()
#8 E:\xampp73\htdocs\filecroco\loader\vendor\guzzlehttp\promises\src\Promise.php(225): GuzzleHttp\Promise\Promise->invokeWaitList()
#9 E:\xampp73\htdocs\filecroco\loader\vendor\guzzlehttp\promises\src\Promise.php(62): GuzzleHttp\Promise\Promise->waitIfPending()
#10 E:\xampp73\htdocs\filecroco\loader\vendor\guzzlehttp\promises\src\EachPromise.php(101): GuzzleHttp\Promise\Promise->wait()
#11 E:\xampp73\htdocs\filecroco\loader\vendor\guzzlehttp\promises\src\Promise.php(246): GuzzleHttp\Promise\EachPromise->GuzzleHttp\Promise\{closure}(true)
#12 E:\xampp73\htdocs\filecroco\loader\vendor\guzzlehttp\promises\src\Promise.php(223): GuzzleHttp\Promise\Promise->invokeWaitFn()
#13 E:\xampp73\htdocs\filecroco\loader\vendor\guzzlehttp\promises\src\Promise.php(62): GuzzleHttp\Promise\Promise->waitIfPending()
#14 E:\xampp73\htdocs\filecroco\loader\updatedownloadlink.php(95): GuzzleHttp\Promise\Promise->wait()
#15 {main}|1198GuzzleHttp\Exception\RequestException: cURL error 56:  (see http://curl.haxx.se/libcurl/c/libcurl-errors.html) in E:\xampp73\htdocs\filecroco\loader\vendor\guzzlehttp\guzzle\src\Handler\CurlFactory.php:186
Stack trace:
#0 E:\xampp73\htdocs\filecroco\loader\vendor\guzzlehttp\guzzle\src\Handler\CurlFactory.php(149): GuzzleHttp\Handler\CurlFactory::createRejection(Object(GuzzleHttp\Handler\EasyHandle), Array)
#1 E:\xampp73\htdocs\filecroco\loader\vendor\guzzlehttp\guzzle\src\Handler\CurlFactory.php(102): GuzzleHttp\Handler\CurlFactory::finishError(Object(GuzzleHttp\Handler\CurlMultiHandler), Object(GuzzleHttp\Handler\EasyHandle), Object(GuzzleHttp\Handler\CurlFactory))
#2 E:\xampp73\htdocs\filecroco\loader\vendor\guzzlehttp\guzzle\src\Handler\CurlMultiHandler.php(181): GuzzleHttp\Handler\CurlFactory::finish(Object(GuzzleHttp\Handler\CurlMultiHandler), Object(GuzzleHttp\Handler\EasyHandle), Object(GuzzleHttp\Handler\CurlFactory))
#3 E:\xampp73\htdocs\filecroco\loader\vendor\guzzlehttp\guzzle\src\Handler\CurlMultiHandler.php(110): GuzzleHttp\Handler\CurlMultiHandler->processMessages()
#4 E:\xampp73\htdocs\filecroco\loader\vendor\guzzlehttp\guzzle\src\Handler\CurlMultiHandler.php(125): GuzzleHttp\Handler\CurlMultiHandler->tick()
#5 E:\xampp73\htdocs\filecroco\loader\vendor\guzzlehttp\promises\src\Promise.php(246): GuzzleHttp\Handler\CurlMultiHandler->execute(true)
#6 E:\xampp73\htdocs\filecroco\loader\vendor\guzzlehttp\promises\src\Promise.php(223): GuzzleHttp\Promise\Promise->invokeWaitFn()
#7 E:\xampp73\htdocs\filecroco\loader\vendor\guzzlehttp\promises\src\Promise.php(267): GuzzleHttp\Promise\Promise->waitIfPending()
#8 E:\xampp73\htdocs\filecroco\loader\vendor\guzzlehttp\promises\src\Promise.php(225): GuzzleHttp\Promise\Promise->invokeWaitList()
#9 E:\xampp73\htdocs\filecroco\loader\vendor\guzzlehttp\promises\src\Promise.php(62): GuzzleHttp\Promise\Promise->waitIfPending()
#10 E:\xampp73\htdocs\filecroco\loader\vendor\guzzlehttp\promises\src\EachPromise.php(101): GuzzleHttp\Promise\Promise->wait()
#11 E:\xampp73\htdocs\filecroco\loader\vendor\guzzlehttp\promises\src\Promise.php(246): GuzzleHttp\Promise\EachPromise->GuzzleHttp\Promise\{closure}(true)
#12 E:\xampp73\htdocs\filecroco\loader\vendor\guzzlehttp\promises\src\Promise.php(223): GuzzleHttp\Promise\Promise->invokeWaitFn()
#13 E:\xampp73\htdocs\filecroco\loader\vendor\guzzlehttp\promises\src\Promise.php(62): GuzzleHttp\Promise\Promise->waitIfPending()
#14 E:\xampp73\htdocs\filecroco\loader\updatedownloadlink.php(95): GuzzleHttp\Promise\Promise->wait()
#15 {main}|1199GuzzleHttp\Exception\RequestException: cURL error 56:  (see http://curl.haxx.se/libcurl/c/libcurl-errors.html) in E:\xampp73\htdocs\filecroco\loader\vendor\guzzlehttp\guzzle\src\Handler\CurlFactory.php:186
Stack trace:
#0 E:\xampp73\htdocs\filecroco\loader\vendor\guzzlehttp\guzzle\src\Handler\CurlFactory.php(149): GuzzleHttp\Handler\CurlFactory::createRejection(Object(GuzzleHttp\Handler\EasyHandle), Array)
#1 E:\xampp73\htdocs\filecroco\loader\vendor\guzzlehttp\guzzle\src\Handler\CurlFactory.php(102): GuzzleHttp\Handler\CurlFactory::finishError(Object(GuzzleHttp\Handler\CurlMultiHandler), Object(GuzzleHttp\Handler\EasyHandle), Object(GuzzleHttp\Handler\CurlFactory))
#2 E:\xampp73\htdocs\filecroco\loader\vendor\guzzlehttp\guzzle\src\Handler\CurlMultiHandler.php(181): GuzzleHttp\Handler\CurlFactory::finish(Object(GuzzleHttp\Handler\CurlMultiHandler), Object(GuzzleHttp\Handler\EasyHandle), Object(GuzzleHttp\Handler\CurlFactory))
#3 E:\xampp73\htdocs\filecroco\loader\vendor\guzzlehttp\guzzle\src\Handler\CurlMultiHandler.php(110): GuzzleHttp\Handler\CurlMultiHandler->processMessages()
#4 E:\xampp73\htdocs\filecroco\loader\vendor\guzzlehttp\guzzle\src\Handler\CurlMultiHandler.php(125): GuzzleHttp\Handler\CurlMultiHandler->tick()
#5 E:\xampp73\htdocs\filecroco\loader\vendor\guzzlehttp\promises\src\Promise.php(246): GuzzleHttp\Handler\CurlMultiHandler->execute(true)
#6 E:\xampp73\htdocs\filecroco\loader\vendor\guzzlehttp\promises\src\Promise.php(223): GuzzleHttp\Promise\Promise->invokeWaitFn()
#7 E:\xampp73\htdocs\filecroco\loader\vendor\guzzlehttp\promises\src\Promise.php(267): GuzzleHttp\Promise\Promise->waitIfPending()
#8 E:\xampp73\htdocs\filecroco\loader\vendor\guzzlehttp\promises\src\Promise.php(225): GuzzleHttp\Promise\Promise->invokeWaitList()
#9 E:\xampp73\htdocs\filecroco\loader\vendor\guzzlehttp\promises\src\Promise.php(62): GuzzleHttp\Promise\Promise->waitIfPending()
#10 E:\xampp73\htdocs\filecroco\loader\vendor\guzzlehttp\promises\src\EachPromise.php(101): GuzzleHttp\Promise\Promise->wait()
#11 E:\xampp73\htdocs\filecroco\loader\vendor\guzzlehttp\promises\src\Promise.php(246): GuzzleHttp\Promise\EachPromise->GuzzleHttp\Promise\{closure}(true)
#12 E:\xampp73\htdocs\filecroco\loader\vendor\guzzlehttp\promises\src\Promise.php(223): GuzzleHttp\Promise\Promise->invokeWaitFn()
#13 E:\xampp73\htdocs\filecroco\loader\vendor\guzzlehttp\promises\src\Promise.php(62): GuzzleHttp\Promise\Promise->waitIfPending()
#14 E:\xampp73\htdocs\filecroco\loader\updatedownloadlink.php(95): GuzzleHttp\Promise\Promise->wait()
#15 {main}|1200GuzzleHttp\Exception\RequestException: cURL error 56:  (see http://curl.haxx.se/libcurl/c/libcurl-errors.html) in E:\xampp73\htdocs\filecroco\loader\vendor\guzzlehttp\guzzle\src\Handler\CurlFactory.php:186
Stack trace:
#0 E:\xampp73\htdocs\filecroco\loader\vendor\guzzlehttp\guzzle\src\Handler\CurlFactory.php(149): GuzzleHttp\Handler\CurlFactory::createRejection(Object(GuzzleHttp\Handler\EasyHandle), Array)
#1 E:\xampp73\htdocs\filecroco\loader\vendor\guzzlehttp\guzzle\src\Handler\CurlFactory.php(102): GuzzleHttp\Handler\CurlFactory::finishError(Object(GuzzleHttp\Handler\CurlMultiHandler), Object(GuzzleHttp\Handler\EasyHandle), Object(GuzzleHttp\Handler\CurlFactory))
#2 E:\xampp73\htdocs\filecroco\loader\vendor\guzzlehttp\guzzle\src\Handler\CurlMultiHandler.php(181): GuzzleHttp\Handler\CurlFactory::finish(Object(GuzzleHttp\Handler\CurlMultiHandler), Object(GuzzleHttp\Handler\EasyHandle), Object(GuzzleHttp\Handler\CurlFactory))
#3 E:\xampp73\htdocs\filecroco\loader\vendor\guzzlehttp\guzzle\src\Handler\CurlMultiHandler.php(110): GuzzleHttp\Handler\CurlMultiHandler->processMessages()
#4 E:\xampp73\htdocs\filecroco\loader\vendor\guzzlehttp\guzzle\src\Handler\CurlMultiHandler.php(125): GuzzleHttp\Handler\CurlMultiHandler->tick()
#5 E:\xampp73\htdocs\filecroco\loader\vendor\guzzlehttp\promises\src\Promise.php(246): GuzzleHttp\Handler\CurlMultiHandler->execute(true)
#6 E:\xampp73\htdocs\filecroco\loader\vendor\guzzlehttp\promises\src\Promise.php(223): GuzzleHttp\Promise\Promise->invokeWaitFn()
#7 E:\xampp73\htdocs\filecroco\loader\vendor\guzzlehttp\promises\src\Promise.php(267): GuzzleHttp\Promise\Promise->waitIfPending()
#8 E:\xampp73\htdocs\filecroco\loader\vendor\guzzlehttp\promises\src\Promise.php(225): GuzzleHttp\Promise\Promise->invokeWaitList()
#9 E:\xampp73\htdocs\filecroco\loader\vendor\guzzlehttp\promises\src\Promise.php(62): GuzzleHttp\Promise\Promise->waitIfPending()
#10 E:\xampp73\htdocs\filecroco\loader\vendor\guzzlehttp\promises\src\EachPromise.php(101): GuzzleHttp\Promise\Promise->wait()
#11 E:\xampp73\htdocs\filecroco\loader\vendor\guzzlehttp\promises\src\Promise.php(246): GuzzleHttp\Promise\EachPromise->GuzzleHttp\Promise\{closure}(true)
#12 E:\xampp73\htdocs\filecroco\loader\vendor\guzzlehttp\promises\src\Promise.php(223): GuzzleHttp\Promise\Promise->invokeWaitFn()
#13 E:\xampp73\htdocs\filecroco\loader\vendor\guzzlehttp\promises\src\Promise.php(62): GuzzleHttp\Promise\Promise->waitIfPending()
#14 E:\xampp73\htdocs\filecroco\loader\updatedownloadlink.php(95): GuzzleHttp\Promise\Promise->wait()
#15 {main}|1201GuzzleHttp\Exception\RequestException: cURL error 56:  (see http://curl.haxx.se/libcurl/c/libcurl-errors.html) in E:\xampp73\htdocs\filecroco\loader\vendor\guzzlehttp\guzzle\src\Handler\CurlFactory.php:186
Stack trace:
#0 E:\xampp73\htdocs\filecroco\loader\vendor\guzzlehttp\guzzle\src\Handler\CurlFactory.php(149): GuzzleHttp\Handler\CurlFactory::createRejection(Object(GuzzleHttp\Handler\EasyHandle), Array)
#1 E:\xampp73\htdocs\filecroco\loader\vendor\guzzlehttp\guzzle\src\Handler\CurlFactory.php(102): GuzzleHttp\Handler\CurlFactory::finishError(Object(GuzzleHttp\Handler\CurlMultiHandler), Object(GuzzleHttp\Handler\EasyHandle), Object(GuzzleHttp\Handler\CurlFactory))
#2 E:\xampp73\htdocs\filecroco\loader\vendor\guzzlehttp\guzzle\src\Handler\CurlMultiHandler.php(181): GuzzleHttp\Handler\CurlFactory::finish(Object(GuzzleHttp\Handler\CurlMultiHandler), Object(GuzzleHttp\Handler\EasyHandle), Object(GuzzleHttp\Handler\CurlFactory))
#3 E:\xampp73\htdocs\filecroco\loader\vendor\guzzlehttp\guzzle\src\Handler\CurlMultiHandler.php(110): GuzzleHttp\Handler\CurlMultiHandler->processMessages()
#4 E:\xampp73\htdocs\filecroco\loader\vendor\guzzlehttp\guzzle\src\Handler\CurlMultiHandler.php(125): GuzzleHttp\Handler\CurlMultiHandler->tick()
#5 E:\xampp73\htdocs\filecroco\loader\vendor\guzzlehttp\promises\src\Promise.php(246): GuzzleHttp\Handler\CurlMultiHandler->execute(true)
#6 E:\xampp73\htdocs\filecroco\loader\vendor\guzzlehttp\promises\src\Promise.php(223): GuzzleHttp\Promise\Promise->invokeWaitFn()
#7 E:\xampp73\htdocs\filecroco\loader\vendor\guzzlehttp\promises\src\Promise.php(267): GuzzleHttp\Promise\Promise->waitIfPending()
#8 E:\xampp73\htdocs\filecroco\loader\vendor\guzzlehttp\promises\src\Promise.php(225): GuzzleHttp\Promise\Promise->invokeWaitList()
#9 E:\xampp73\htdocs\filecroco\loader\vendor\guzzlehttp\promises\src\Promise.php(62): GuzzleHttp\Promise\Promise->waitIfPending()
#10 E:\xampp73\htdocs\filecroco\loader\vendor\guzzlehttp\promises\src\EachPromise.php(101): GuzzleHttp\Promise\Promise->wait()
#11 E:\xampp73\htdocs\filecroco\loader\vendor\guzzlehttp\promises\src\Promise.php(246): GuzzleHttp\Promise\EachPromise->GuzzleHttp\Promise\{closure}(true)
#12 E:\xampp73\htdocs\filecroco\loader\vendor\guzzlehttp\promises\src\Promise.php(223): GuzzleHttp\Promise\Promise->invokeWaitFn()
#13 E:\xampp73\htdocs\filecroco\loader\vendor\guzzlehttp\promises\src\Promise.php(62): GuzzleHttp\Promise\Promise->waitIfPending()
#14 E:\xampp73\htdocs\filecroco\loader\updatedownloadlink.php(95): GuzzleHttp\Promise\Promise->wait()
#15 {main}|1202GuzzleHttp\Exception\RequestException: cURL error 56:  (see http://curl.haxx.se/libcurl/c/libcurl-errors.html) in E:\xampp73\htdocs\filecroco\loader\vendor\guzzlehttp\guzzle\src\Handler\CurlFactory.php:186
Stack trace:
#0 E:\xampp73\htdocs\filecroco\loader\vendor\guzzlehttp\guzzle\src\Handler\CurlFactory.php(149): GuzzleHttp\Handler\CurlFactory::createRejection(Object(GuzzleHttp\Handler\EasyHandle), Array)
#1 E:\xampp73\htdocs\filecroco\loader\vendor\guzzlehttp\guzzle\src\Handler\CurlFactory.php(102): GuzzleHttp\Handler\CurlFactory::finishError(Object(GuzzleHttp\Handler\CurlMultiHandler), Object(GuzzleHttp\Handler\EasyHandle), Object(GuzzleHttp\Handler\CurlFactory))
#2 E:\xampp73\htdocs\filecroco\loader\vendor\guzzlehttp\guzzle\src\Handler\CurlMultiHandler.php(181): GuzzleHttp\Handler\CurlFactory::finish(Object(GuzzleHttp\Handler\CurlMultiHandler), Object(GuzzleHttp\Handler\EasyHandle), Object(GuzzleHttp\Handler\CurlFactory))
#3 E:\xampp73\htdocs\filecroco\loader\vendor\guzzlehttp\guzzle\src\Handler\CurlMultiHandler.php(110): GuzzleHttp\Handler\CurlMultiHandler->processMessages()
#4 E:\xampp73\htdocs\filecroco\loader\vendor\guzzlehttp\guzzle\src\Handler\CurlMultiHandler.php(125): GuzzleHttp\Handler\CurlMultiHandler->tick()
#5 E:\xampp73\htdocs\filecroco\loader\vendor\guzzlehttp\promises\src\Promise.php(246): GuzzleHttp\Handler\CurlMultiHandler->execute(true)
#6 E:\xampp73\htdocs\filecroco\loader\vendor\guzzlehttp\promises\src\Promise.php(223): GuzzleHttp\Promise\Promise->invokeWaitFn()
#7 E:\xampp73\htdocs\filecroco\loader\vendor\guzzlehttp\promises\src\Promise.php(267): GuzzleHttp\Promise\Promise->waitIfPending()
#8 E:\xampp73\htdocs\filecroco\loader\vendor\guzzlehttp\promises\src\Promise.php(225): GuzzleHttp\Promise\Promise->invokeWaitList()
#9 E:\xampp73\htdocs\filecroco\loader\vendor\guzzlehttp\promises\src\Promise.php(62): GuzzleHttp\Promise\Promise->waitIfPending()
#10 E:\xampp73\htdocs\filecroco\loader\vendor\guzzlehttp\promises\src\EachPromise.php(101): GuzzleHttp\Promise\Promise->wait()
#11 E:\xampp73\htdocs\filecroco\loader\vendor\guzzlehttp\promises\src\Promise.php(246): GuzzleHttp\Promise\EachPromise->GuzzleHttp\Promise\{closure}(true)
#12 E:\xampp73\htdocs\filecroco\loader\vendor\guzzlehttp\promises\src\Promise.php(223): GuzzleHttp\Promise\Promise->invokeWaitFn()
#13 E:\xampp73\htdocs\filecroco\loader\vendor\guzzlehttp\promises\src\Promise.php(62): GuzzleHttp\Promise\Promise->waitIfPending()
#14 E:\xampp73\htdocs\filecroco\loader\updatedownloadlink.php(95): GuzzleHttp\Promise\Promise->wait()
#15 {main}|1203GuzzleHttp\Exception\RequestException: cURL error 56:  (see http://curl.haxx.se/libcurl/c/libcurl-errors.html) in E:\xampp73\htdocs\filecroco\loader\vendor\guzzlehttp\guzzle\src\Handler\CurlFactory.php:186
Stack trace:
#0 E:\xampp73\htdocs\filecroco\loader\vendor\guzzlehttp\guzzle\src\Handler\CurlFactory.php(149): GuzzleHttp\Handler\CurlFactory::createRejection(Object(GuzzleHttp\Handler\EasyHandle), Array)
#1 E:\xampp73\htdocs\filecroco\loader\vendor\guzzlehttp\guzzle\src\Handler\CurlFactory.php(102): GuzzleHttp\Handler\CurlFactory::finishError(Object(GuzzleHttp\Handler\CurlMultiHandler), Object(GuzzleHttp\Handler\EasyHandle), Object(GuzzleHttp\Handler\CurlFactory))
#2 E:\xampp73\htdocs\filecroco\loader\vendor\guzzlehttp\guzzle\src\Handler\CurlMultiHandler.php(181): GuzzleHttp\Handler\CurlFactory::finish(Object(GuzzleHttp\Handler\CurlMultiHandler), Object(GuzzleHttp\Handler\EasyHandle), Object(GuzzleHttp\Handler\CurlFactory))
#3 E:\xampp73\htdocs\filecroco\loader\vendor\guzzlehttp\guzzle\src\Handler\CurlMultiHandler.php(110): GuzzleHttp\Handler\CurlMultiHandler->processMessages()
#4 E:\xampp73\htdocs\filecroco\loader\vendor\guzzlehttp\guzzle\src\Handler\CurlMultiHandler.php(125): GuzzleHttp\Handler\CurlMultiHandler->tick()
#5 E:\xampp73\htdocs\filecroco\loader\vendor\guzzlehttp\promises\src\Promise.php(246): GuzzleHttp\Handler\CurlMultiHandler->execute(true)
#6 E:\xampp73\htdocs\filecroco\loader\vendor\guzzlehttp\promises\src\Promise.php(223): GuzzleHttp\Promise\Promise->invokeWaitFn()
#7 E:\xampp73\htdocs\filecroco\loader\vendor\guzzlehttp\promises\src\Promise.php(267): GuzzleHttp\Promise\Promise->waitIfPending()
#8 E:\xampp73\htdocs\filecroco\loader\vendor\guzzlehttp\promises\src\Promise.php(225): GuzzleHttp\Promise\Promise->invokeWaitList()
#9 E:\xampp73\htdocs\filecroco\loader\vendor\guzzlehttp\promises\src\Promise.php(62): GuzzleHttp\Promise\Promise->waitIfPending()
#10 E:\xampp73\htdocs\filecroco\loader\vendor\guzzlehttp\promises\src\EachPromise.php(101): GuzzleHttp\Promise\Promise->wait()
#11 E:\xampp73\htdocs\filecroco\loader\vendor\guzzlehttp\promises\src\Promise.php(246): GuzzleHttp\Promise\EachPromise->GuzzleHttp\Promise\{closure}(true)
#12 E:\xampp73\htdocs\filecroco\loader\vendor\guzzlehttp\promises\src\Promise.php(223): GuzzleHttp\Promise\Promise->invokeWaitFn()
#13 E:\xampp73\htdocs\filecroco\loader\vendor\guzzlehttp\promises\src\Promise.php(62): GuzzleHttp\Promise\Promise->waitIfPending()
#14 E:\xampp73\htdocs\filecroco\loader\updatedownloadlink.php(95): GuzzleHttp\Promise\Promise->wait()
#15 {main}|1204GuzzleHttp\Exception\RequestException: cURL error 56:  (see http://curl.haxx.se/libcurl/c/libcurl-errors.html) in E:\xampp73\htdocs\filecroco\loader\vendor\guzzlehttp\guzzle\src\Handler\CurlFactory.php:186
Stack trace:
#0 E:\xampp73\htdocs\filecroco\loader\vendor\guzzlehttp\guzzle\src\Handler\CurlFactory.php(149): GuzzleHttp\Handler\CurlFactory::createRejection(Object(GuzzleHttp\Handler\EasyHandle), Array)
#1 E:\xampp73\htdocs\filecroco\loader\vendor\guzzlehttp\guzzle\src\Handler\CurlFactory.php(102): GuzzleHttp\Handler\CurlFactory::finishError(Object(GuzzleHttp\Handler\CurlMultiHandler), Object(GuzzleHttp\Handler\EasyHandle), Object(GuzzleHttp\Handler\CurlFactory))
#2 E:\xampp73\htdocs\filecroco\loader\vendor\guzzlehttp\guzzle\src\Handler\CurlMultiHandler.php(181): GuzzleHttp\Handler\CurlFactory::finish(Object(GuzzleHttp\Handler\CurlMultiHandler), Object(GuzzleHttp\Handler\EasyHandle), Object(GuzzleHttp\Handler\CurlFactory))
#3 E:\xampp73\htdocs\filecroco\loader\vendor\guzzlehttp\guzzle\src\Handler\CurlMultiHandler.php(110): GuzzleHttp\Handler\CurlMultiHandler->processMessages()
#4 E:\xampp73\htdocs\filecroco\loader\vendor\guzzlehttp\guzzle\src\Handler\CurlMultiHandler.php(125): GuzzleHttp\Handler\CurlMultiHandler->tick()
#5 E:\xampp73\htdocs\filecroco\loader\vendor\guzzlehttp\promises\src\Promise.php(246): GuzzleHttp\Handler\CurlMultiHandler->execute(true)
#6 E:\xampp73\htdocs\filecroco\loader\vendor\guzzlehttp\promises\src\Promise.php(223): GuzzleHttp\Promise\Promise->invokeWaitFn()
#7 E:\xampp73\htdocs\filecroco\loader\vendor\guzzlehttp\promises\src\Promise.php(267): GuzzleHttp\Promise\Promise->waitIfPending()
#8 E:\xampp73\htdocs\filecroco\loader\vendor\guzzlehttp\promises\src\Promise.php(225): GuzzleHttp\Promise\Promise->invokeWaitList()
#9 E:\xampp73\htdocs\filecroco\loader\vendor\guzzlehttp\promises\src\Promise.php(62): GuzzleHttp\Promise\Promise->waitIfPending()
#10 E:\xampp73\htdocs\filecroco\loader\vendor\guzzlehttp\promises\src\EachPromise.php(101): GuzzleHttp\Promise\Promise->wait()
#11 E:\xampp73\htdocs\filecroco\loader\vendor\guzzlehttp\promises\src\Promise.php(246): GuzzleHttp\Promise\EachPromise->GuzzleHttp\Promise\{closure}(true)
#12 E:\xampp73\htdocs\filecroco\loader\vendor\guzzlehttp\promises\src\Promise.php(223): GuzzleHttp\Promise\Promise->invokeWaitFn()
#13 E:\xampp73\htdocs\filecroco\loader\vendor\guzzlehttp\promises\src\Promise.php(62): GuzzleHttp\Promise\Promise->waitIfPending()
#14 E:\xampp73\htdocs\filecroco\loader\updatedownloadlink.php(95): GuzzleHttp\Promise\Promise->wait()
#15 {main}|1205GuzzleHttp\Exception\RequestException: cURL error 56:  (see http://curl.haxx.se/libcurl/c/libcurl-errors.html) in E:\xampp73\htdocs\filecroco\loader\vendor\guzzlehttp\guzzle\src\Handler\CurlFactory.php:186
Stack trace:
#0 E:\xampp73\htdocs\filecroco\loader\vendor\guzzlehttp\guzzle\src\Handler\CurlFactory.php(149): GuzzleHttp\Handler\CurlFactory::createRejection(Object(GuzzleHttp\Handler\EasyHandle), Array)
#1 E:\xampp73\htdocs\filecroco\loader\vendor\guzzlehttp\guzzle\src\Handler\CurlFactory.php(102): GuzzleHttp\Handler\CurlFactory::finishError(Object(GuzzleHttp\Handler\CurlMultiHandler), Object(GuzzleHttp\Handler\EasyHandle), Object(GuzzleHttp\Handler\CurlFactory))
#2 E:\xampp73\htdocs\filecroco\loader\vendor\guzzlehttp\guzzle\src\Handler\CurlMultiHandler.php(181): GuzzleHttp\Handler\CurlFactory::finish(Object(GuzzleHttp\Handler\CurlMultiHandler), Object(GuzzleHttp\Handler\EasyHandle), Object(GuzzleHttp\Handler\CurlFactory))
#3 E:\xampp73\htdocs\filecroco\loader\vendor\guzzlehttp\guzzle\src\Handler\CurlMultiHandler.php(110): GuzzleHttp\Handler\CurlMultiHandler->processMessages()
#4 E:\xampp73\htdocs\filecroco\loader\vendor\guzzlehttp\guzzle\src\Handler\CurlMultiHandler.php(125): GuzzleHttp\Handler\CurlMultiHandler->tick()
#5 E:\xampp73\htdocs\filecroco\loader\vendor\guzzlehttp\promises\src\Promise.php(246): GuzzleHttp\Handler\CurlMultiHandler->execute(true)
#6 E:\xampp73\htdocs\filecroco\loader\vendor\guzzlehttp\promises\src\Promise.php(223): GuzzleHttp\Promise\Promise->invokeWaitFn()
#7 E:\xampp73\htdocs\filecroco\loader\vendor\guzzlehttp\promises\src\Promise.php(267): GuzzleHttp\Promise\Promise->waitIfPending()
#8 E:\xampp73\htdocs\filecroco\loader\vendor\guzzlehttp\promises\src\Promise.php(225): GuzzleHttp\Promise\Promise->invokeWaitList()
#9 E:\xampp73\htdocs\filecroco\loader\vendor\guzzlehttp\promises\src\Promise.php(62): GuzzleHttp\Promise\Promise->waitIfPending()
#10 E:\xampp73\htdocs\filecroco\loader\vendor\guzzlehttp\promises\src\EachPromise.php(101): GuzzleHttp\Promise\Promise->wait()
#11 E:\xampp73\htdocs\filecroco\loader\vendor\guzzlehttp\promises\src\Promise.php(246): GuzzleHttp\Promise\EachPromise->GuzzleHttp\Promise\{closure}(true)
#12 E:\xampp73\htdocs\filecroco\loader\vendor\guzzlehttp\promises\src\Promise.php(223): GuzzleHttp\Promise\Promise->invokeWaitFn()
#13 E:\xampp73\htdocs\filecroco\loader\vendor\guzzlehttp\promises\src\Promise.php(62): GuzzleHttp\Promise\Promise->waitIfPending()
#14 E:\xampp73\htdocs\filecroco\loader\updatedownloadlink.php(95): GuzzleHttp\Promise\Promise->wait()
#15 {main}|1206GuzzleHttp\Exception\RequestException: cURL error 56:  (see http://curl.haxx.se/libcurl/c/libcurl-errors.html) in E:\xampp73\htdocs\filecroco\loader\vendor\guzzlehttp\guzzle\src\Handler\CurlFactory.php:186
Stack trace:
#0 E:\xampp73\htdocs\filecroco\loader\vendor\guzzlehttp\guzzle\src\Handler\CurlFactory.php(149): GuzzleHttp\Handler\CurlFactory::createRejection(Object(GuzzleHttp\Handler\EasyHandle), Array)
#1 E:\xampp73\htdocs\filecroco\loader\vendor\guzzlehttp\guzzle\src\Handler\CurlFactory.php(102): GuzzleHttp\Handler\CurlFactory::finishError(Object(GuzzleHttp\Handler\CurlMultiHandler), Object(GuzzleHttp\Handler\EasyHandle), Object(GuzzleHttp\Handler\CurlFactory))
#2 E:\xampp73\htdocs\filecroco\loader\vendor\guzzlehttp\guzzle\src\Handler\CurlMultiHandler.php(181): GuzzleHttp\Handler\CurlFactory::finish(Object(GuzzleHttp\Handler\CurlMultiHandler), Object(GuzzleHttp\Handler\EasyHandle), Object(GuzzleHttp\Handler\CurlFactory))
#3 E:\xampp73\htdocs\filecroco\loader\vendor\guzzlehttp\guzzle\src\Handler\CurlMultiHandler.php(110): GuzzleHttp\Handler\CurlMultiHandler->processMessages()
#4 E:\xampp73\htdocs\filecroco\loader\vendor\guzzlehttp\guzzle\src\Handler\CurlMultiHandler.php(125): GuzzleHttp\Handler\CurlMultiHandler->tick()
#5 E:\xampp73\htdocs\filecroco\loader\vendor\guzzlehttp\promises\src\Promise.php(246): GuzzleHttp\Handler\CurlMultiHandler->execute(true)
#6 E:\xampp73\htdocs\filecroco\loader\vendor\guzzlehttp\promises\src\Promise.php(223): GuzzleHttp\Promise\Promise->invokeWaitFn()
#7 E:\xampp73\htdocs\filecroco\loader\vendor\guzzlehttp\promises\src\Promise.php(267): GuzzleHttp\Promise\Promise->waitIfPending()
#8 E:\xampp73\htdocs\filecroco\loader\vendor\guzzlehttp\promises\src\Promise.php(225): GuzzleHttp\Promise\Promise->invokeWaitList()
#9 E:\xampp73\htdocs\filecroco\loader\vendor\guzzlehttp\promises\src\Promise.php(62): GuzzleHttp\Promise\Promise->waitIfPending()
#10 E:\xampp73\htdocs\filecroco\loader\vendor\guzzlehttp\promises\src\EachPromise.php(101): GuzzleHttp\Promise\Promise->wait()
#11 E:\xampp73\htdocs\filecroco\loader\vendor\guzzlehttp\promises\src\Promise.php(246): GuzzleHttp\Promise\EachPromise->GuzzleHttp\Promise\{closure}(true)
#12 E:\xampp73\htdocs\filecroco\loader\vendor\guzzlehttp\promises\src\Promise.php(223): GuzzleHttp\Promise\Promise->invokeWaitFn()
#13 E:\xampp73\htdocs\filecroco\loader\vendor\guzzlehttp\promises\src\Promise.php(62): GuzzleHttp\Promise\Promise->waitIfPending()
#14 E:\xampp73\htdocs\filecroco\loader\updatedownloadlink.php(95): GuzzleHttp\Promise\Promise->wait()
#15 {main}|1207GuzzleHttp\Exception\RequestException: cURL error 56:  (see http://curl.haxx.se/libcurl/c/libcurl-errors.html) in E:\xampp73\htdocs\filecroco\loader\vendor\guzzlehttp\guzzle\src\Handler\CurlFactory.php:186
Stack trace:
#0 E:\xampp73\htdocs\filecroco\loader\vendor\guzzlehttp\guzzle\src\Handler\CurlFactory.php(149): GuzzleHttp\Handler\CurlFactory::createRejection(Object(GuzzleHttp\Handler\EasyHandle), Array)
#1 E:\xampp73\htdocs\filecroco\loader\vendor\guzzlehttp\guzzle\src\Handler\CurlFactory.php(102): GuzzleHttp\Handler\CurlFactory::finishError(Object(GuzzleHttp\Handler\CurlMultiHandler), Object(GuzzleHttp\Handler\EasyHandle), Object(GuzzleHttp\Handler\CurlFactory))
#2 E:\xampp73\htdocs\filecroco\loader\vendor\guzzlehttp\guzzle\src\Handler\CurlMultiHandler.php(181): GuzzleHttp\Handler\CurlFactory::finish(Object(GuzzleHttp\Handler\CurlMultiHandler), Object(GuzzleHttp\Handler\EasyHandle), Object(GuzzleHttp\Handler\CurlFactory))
#3 E:\xampp73\htdocs\filecroco\loader\vendor\guzzlehttp\guzzle\src\Handler\CurlMultiHandler.php(110): GuzzleHttp\Handler\CurlMultiHandler->processMessages()
#4 E:\xampp73\htdocs\filecroco\loader\vendor\guzzlehttp\guzzle\src\Handler\CurlMultiHandler.php(125): GuzzleHttp\Handler\CurlMultiHandler->tick()
#5 E:\xampp73\htdocs\filecroco\loader\vendor\guzzlehttp\promises\src\Promise.php(246): GuzzleHttp\Handler\CurlMultiHandler->execute(true)
#6 E:\xampp73\htdocs\filecroco\loader\vendor\guzzlehttp\promises\src\Promise.php(223): GuzzleHttp\Promise\Promise->invokeWaitFn()
#7 E:\xampp73\htdocs\filecroco\loader\vendor\guzzlehttp\promises\src\Promise.php(267): GuzzleHttp\Promise\Promise->waitIfPending()
#8 E:\xampp73\htdocs\filecroco\loader\vendor\guzzlehttp\promises\src\Promise.php(225): GuzzleHttp\Promise\Promise->invokeWaitList()
#9 E:\xampp73\htdocs\filecroco\loader\vendor\guzzlehttp\promises\src\Promise.php(62): GuzzleHttp\Promise\Promise->waitIfPending()
#10 E:\xampp73\htdocs\filecroco\loader\vendor\guzzlehttp\promises\src\EachPromise.php(101): GuzzleHttp\Promise\Promise->wait()
#11 E:\xampp73\htdocs\filecroco\loader\vendor\guzzlehttp\promises\src\Promise.php(246): GuzzleHttp\Promise\EachPromise->GuzzleHttp\Promise\{closure}(true)
#12 E:\xampp73\htdocs\filecroco\loader\vendor\guzzlehttp\promises\src\Promise.php(223): GuzzleHttp\Promise\Promise->invokeWaitFn()
#13 E:\xampp73\htdocs\filecroco\loader\vendor\guzzlehttp\promises\src\Promise.php(62): GuzzleHttp\Promise\Promise->waitIfPending()
#14 E:\xampp73\htdocs\filecroco\loader\updatedownloadlink.php(95): GuzzleHttp\Promise\Promise->wait()
#15 {main}|1208GuzzleHttp\Exception\RequestException: cURL error 56:  (see http://curl.haxx.se/libcurl/c/libcurl-errors.html) in E:\xampp73\htdocs\filecroco\loader\vendor\guzzlehttp\guzzle\src\Handler\CurlFactory.php:186
Stack trace:
#0 E:\xampp73\htdocs\filecroco\loader\vendor\guzzlehttp\guzzle\src\Handler\CurlFactory.php(149): GuzzleHttp\Handler\CurlFactory::createRejection(Object(GuzzleHttp\Handler\EasyHandle), Array)
#1 E:\xampp73\htdocs\filecroco\loader\vendor\guzzlehttp\guzzle\src\Handler\CurlFactory.php(102): GuzzleHttp\Handler\CurlFactory::finishError(Object(GuzzleHttp\Handler\CurlMultiHandler), Object(GuzzleHttp\Handler\EasyHandle), Object(GuzzleHttp\Handler\CurlFactory))
#2 E:\xampp73\htdocs\filecroco\loader\vendor\guzzlehttp\guzzle\src\Handler\CurlMultiHandler.php(181): GuzzleHttp\Handler\CurlFactory::finish(Object(GuzzleHttp\Handler\CurlMultiHandler), Object(GuzzleHttp\Handler\EasyHandle), Object(GuzzleHttp\Handler\CurlFactory))
#3 E:\xampp73\htdocs\filecroco\loader\vendor\guzzlehttp\guzzle\src\Handler\CurlMultiHandler.php(110): GuzzleHttp\Handler\CurlMultiHandler->processMessages()
#4 E:\xampp73\htdocs\filecroco\loader\vendor\guzzlehttp\guzzle\src\Handler\CurlMultiHandler.php(125): GuzzleHttp\Handler\CurlMultiHandler->tick()
#5 E:\xampp73\htdocs\filecroco\loader\vendor\guzzlehttp\promises\src\Promise.php(246): GuzzleHttp\Handler\CurlMultiHandler->execute(true)
#6 E:\xampp73\htdocs\filecroco\loader\vendor\guzzlehttp\promises\src\Promise.php(223): GuzzleHttp\Promise\Promise->invokeWaitFn()
#7 E:\xampp73\htdocs\filecroco\loader\vendor\guzzlehttp\promises\src\Promise.php(267): GuzzleHttp\Promise\Promise->waitIfPending()
#8 E:\xampp73\htdocs\filecroco\loader\vendor\guzzlehttp\promises\src\Promise.php(225): GuzzleHttp\Promise\Promise->invokeWaitList()
#9 E:\xampp73\htdocs\filecroco\loader\vendor\guzzlehttp\promises\src\Promise.php(62): GuzzleHttp\Promise\Promise->waitIfPending()
#10 E:\xampp73\htdocs\filecroco\loader\vendor\guzzlehttp\promises\src\EachPromise.php(101): GuzzleHttp\Promise\Promise->wait()
#11 E:\xampp73\htdocs\filecroco\loader\vendor\guzzlehttp\promises\src\Promise.php(246): GuzzleHttp\Promise\EachPromise->GuzzleHttp\Promise\{closure}(true)
#12 E:\xampp73\htdocs\filecroco\loader\vendor\guzzlehttp\promises\src\Promise.php(223): GuzzleHttp\Promise\Promise->invokeWaitFn()
#13 E:\xampp73\htdocs\filecroco\loader\vendor\guzzlehttp\promises\src\Promise.php(62): GuzzleHttp\Promise\Promise->waitIfPending()
#14 E:\xampp73\htdocs\filecroco\loader\updatedownloadlink.php(95): GuzzleHttp\Promise\Promise->wait()
#15 {main}|1209GuzzleHttp\Exception\RequestException: cURL error 56:  (see http://curl.haxx.se/libcurl/c/libcurl-errors.html) in E:\xampp73\htdocs\filecroco\loader\vendor\guzzlehttp\guzzle\src\Handler\CurlFactory.php:186
Stack trace:
#0 E:\xampp73\htdocs\filecroco\loader\vendor\guzzlehttp\guzzle\src\Handler\CurlFactory.php(149): GuzzleHttp\Handler\CurlFactory::createRejection(Object(GuzzleHttp\Handler\EasyHandle), Array)
#1 E:\xampp73\htdocs\filecroco\loader\vendor\guzzlehttp\guzzle\src\Handler\CurlFactory.php(102): GuzzleHttp\Handler\CurlFactory::finishError(Object(GuzzleHttp\Handler\CurlMultiHandler), Object(GuzzleHttp\Handler\EasyHandle), Object(GuzzleHttp\Handler\CurlFactory))
#2 E:\xampp73\htdocs\filecroco\loader\vendor\guzzlehttp\guzzle\src\Handler\CurlMultiHandler.php(181): GuzzleHttp\Handler\CurlFactory::finish(Object(GuzzleHttp\Handler\CurlMultiHandler), Object(GuzzleHttp\Handler\EasyHandle), Object(GuzzleHttp\Handler\CurlFactory))
#3 E:\xampp73\htdocs\filecroco\loader\vendor\guzzlehttp\guzzle\src\Handler\CurlMultiHandler.php(110): GuzzleHttp\Handler\CurlMultiHandler->processMessages()
#4 E:\xampp73\htdocs\filecroco\loader\vendor\guzzlehttp\guzzle\src\Handler\CurlMultiHandler.php(125): GuzzleHttp\Handler\CurlMultiHandler->tick()
#5 E:\xampp73\htdocs\filecroco\loader\vendor\guzzlehttp\promises\src\Promise.php(246): GuzzleHttp\Handler\CurlMultiHandler->execute(true)
#6 E:\xampp73\htdocs\filecroco\loader\vendor\guzzlehttp\promises\src\Promise.php(223): GuzzleHttp\Promise\Promise->invokeWaitFn()
#7 E:\xampp73\htdocs\filecroco\loader\vendor\guzzlehttp\promises\src\Promise.php(267): GuzzleHttp\Promise\Promise->waitIfPending()
#8 E:\xampp73\htdocs\filecroco\loader\vendor\guzzlehttp\promises\src\Promise.php(225): GuzzleHttp\Promise\Promise->invokeWaitList()
#9 E:\xampp73\htdocs\filecroco\loader\vendor\guzzlehttp\promises\src\Promise.php(62): GuzzleHttp\Promise\Promise->waitIfPending()
#10 E:\xampp73\htdocs\filecroco\loader\vendor\guzzlehttp\promises\src\EachPromise.php(101): GuzzleHttp\Promise\Promise->wait()
#11 E:\xampp73\htdocs\filecroco\loader\vendor\guzzlehttp\promises\src\Promise.php(246): GuzzleHttp\Promise\EachPromise->GuzzleHttp\Promise\{closure}(true)
#12 E:\xampp73\htdocs\filecroco\loader\vendor\guzzlehttp\promises\src\Promise.php(223): GuzzleHttp\Promise\Promise->invokeWaitFn()
#13 E:\xampp73\htdocs\filecroco\loader\vendor\guzzlehttp\promises\src\Promise.php(62): GuzzleHttp\Promise\Promise->waitIfPending()
#14 E:\xampp73\htdocs\filecroco\loader\updatedownloadlink.php(95): GuzzleHttp\Promise\Promise->wait()
#15 {main}|1210GuzzleHttp\Exception\RequestException: cURL error 56:  (see http://curl.haxx.se/libcurl/c/libcurl-errors.html) in E:\xampp73\htdocs\filecroco\loader\vendor\guzzlehttp\guzzle\src\Handler\CurlFactory.php:186
Stack trace:
#0 E:\xampp73\htdocs\filecroco\loader\vendor\guzzlehttp\guzzle\src\Handler\CurlFactory.php(149): GuzzleHttp\Handler\CurlFactory::createRejection(Object(GuzzleHttp\Handler\EasyHandle), Array)
#1 E:\xampp73\htdocs\filecroco\loader\vendor\guzzlehttp\guzzle\src\Handler\CurlFactory.php(102): GuzzleHttp\Handler\CurlFactory::finishError(Object(GuzzleHttp\Handler\CurlMultiHandler), Object(GuzzleHttp\Handler\EasyHandle), Object(GuzzleHttp\Handler\CurlFactory))
#2 E:\xampp73\htdocs\filecroco\loader\vendor\guzzlehttp\guzzle\src\Handler\CurlMultiHandler.php(181): GuzzleHttp\Handler\CurlFactory::finish(Object(GuzzleHttp\Handler\CurlMultiHandler), Object(GuzzleHttp\Handler\EasyHandle), Object(GuzzleHttp\Handler\CurlFactory))
#3 E:\xampp73\htdocs\filecroco\loader\vendor\guzzlehttp\guzzle\src\Handler\CurlMultiHandler.php(110): GuzzleHttp\Handler\CurlMultiHandler->processMessages()
#4 E:\xampp73\htdocs\filecroco\loader\vendor\guzzlehttp\guzzle\src\Handler\CurlMultiHandler.php(125): GuzzleHttp\Handler\CurlMultiHandler->tick()
#5 E:\xampp73\htdocs\filecroco\loader\vendor\guzzlehttp\promises\src\Promise.php(246): GuzzleHttp\Handler\CurlMultiHandler->execute(true)
#6 E:\xampp73\htdocs\filecroco\loader\vendor\guzzlehttp\promises\src\Promise.php(223): GuzzleHttp\Promise\Promise->invokeWaitFn()
#7 E:\xampp73\htdocs\filecroco\loader\vendor\guzzlehttp\promises\src\Promise.php(267): GuzzleHttp\Promise\Promise->waitIfPending()
#8 E:\xampp73\htdocs\filecroco\loader\vendor\guzzlehttp\promises\src\Promise.php(225): GuzzleHttp\Promise\Promise->invokeWaitList()
#9 E:\xampp73\htdocs\filecroco\loader\vendor\guzzlehttp\promises\src\Promise.php(62): GuzzleHttp\Promise\Promise->waitIfPending()
#10 E:\xampp73\htdocs\filecroco\loader\vendor\guzzlehttp\promises\src\EachPromise.php(101): GuzzleHttp\Promise\Promise->wait()
#11 E:\xampp73\htdocs\filecroco\loader\vendor\guzzlehttp\promises\src\Promise.php(246): GuzzleHttp\Promise\EachPromise->GuzzleHttp\Promise\{closure}(true)
#12 E:\xampp73\htdocs\filecroco\loader\vendor\guzzlehttp\promises\src\Promise.php(223): GuzzleHttp\Promise\Promise->invokeWaitFn()
#13 E:\xampp73\htdocs\filecroco\loader\vendor\guzzlehttp\promises\src\Promise.php(62): GuzzleHttp\Promise\Promise->waitIfPending()
#14 E:\xampp73\htdocs\filecroco\loader\updatedownloadlink.php(95): GuzzleHttp\Promise\Promise->wait()
#15 {main}|1211GuzzleHttp\Exception\RequestException: cURL error 56:  (see http://curl.haxx.se/libcurl/c/libcurl-errors.html) in E:\xampp73\htdocs\filecroco\loader\vendor\guzzlehttp\guzzle\src\Handler\CurlFactory.php:186
Stack trace:
#0 E:\xampp73\htdocs\filecroco\loader\vendor\guzzlehttp\guzzle\src\Handler\CurlFactory.php(149): GuzzleHttp\Handler\CurlFactory::createRejection(Object(GuzzleHttp\Handler\EasyHandle), Array)
#1 E:\xampp73\htdocs\filecroco\loader\vendor\guzzlehttp\guzzle\src\Handler\CurlFactory.php(102): GuzzleHttp\Handler\CurlFactory::finishError(Object(GuzzleHttp\Handler\CurlMultiHandler), Object(GuzzleHttp\Handler\EasyHandle), Object(GuzzleHttp\Handler\CurlFactory))
#2 E:\xampp73\htdocs\filecroco\loader\vendor\guzzlehttp\guzzle\src\Handler\CurlMultiHandler.php(181): GuzzleHttp\Handler\CurlFactory::finish(Object(GuzzleHttp\Handler\CurlMultiHandler), Object(GuzzleHttp\Handler\EasyHandle), Object(GuzzleHttp\Handler\CurlFactory))
#3 E:\xampp73\htdocs\filecroco\loader\vendor\guzzlehttp\guzzle\src\Handler\CurlMultiHandler.php(110): GuzzleHttp\Handler\CurlMultiHandler->processMessages()
#4 E:\xampp73\htdocs\filecroco\loader\vendor\guzzlehttp\guzzle\src\Handler\CurlMultiHandler.php(125): GuzzleHttp\Handler\CurlMultiHandler->tick()
#5 E:\xampp73\htdocs\filecroco\loader\vendor\guzzlehttp\promises\src\Promise.php(246): GuzzleHttp\Handler\CurlMultiHandler->execute(true)
#6 E:\xampp73\htdocs\filecroco\loader\vendor\guzzlehttp\promises\src\Promise.php(223): GuzzleHttp\Promise\Promise->invokeWaitFn()
#7 E:\xampp73\htdocs\filecroco\loader\vendor\guzzlehttp\promises\src\Promise.php(267): GuzzleHttp\Promise\Promise->waitIfPending()
#8 E:\xampp73\htdocs\filecroco\loader\vendor\guzzlehttp\promises\src\Promise.php(225): GuzzleHttp\Promise\Promise->invokeWaitList()
#9 E:\xampp73\htdocs\filecroco\loader\vendor\guzzlehttp\promises\src\Promise.php(62): GuzzleHttp\Promise\Promise->waitIfPending()
#10 E:\xampp73\htdocs\filecroco\loader\vendor\guzzlehttp\promises\src\EachPromise.php(101): GuzzleHttp\Promise\Promise->wait()
#11 E:\xampp73\htdocs\filecroco\loader\vendor\guzzlehttp\promises\src\Promise.php(246): GuzzleHttp\Promise\EachPromise->GuzzleHttp\Promise\{closure}(true)
#12 E:\xampp73\htdocs\filecroco\loader\vendor\guzzlehttp\promises\src\Promise.php(223): GuzzleHttp\Promise\Promise->invokeWaitFn()
#13 E:\xampp73\htdocs\filecroco\loader\vendor\guzzlehttp\promises\src\Promise.php(62): GuzzleHttp\Promise\Promise->waitIfPending()
#14 E:\xampp73\htdocs\filecroco\loader\updatedownloadlink.php(95): GuzzleHttp\Promise\Promise->wait()
#15 {main}|1212GuzzleHttp\Exception\RequestException: cURL error 56:  (see http://curl.haxx.se/libcurl/c/libcurl-errors.html) in E:\xampp73\htdocs\filecroco\loader\vendor\guzzlehttp\guzzle\src\Handler\CurlFactory.php:186
Stack trace:
#0 E:\xampp73\htdocs\filecroco\loader\vendor\guzzlehttp\guzzle\src\Handler\CurlFactory.php(149): GuzzleHttp\Handler\CurlFactory::createRejection(Object(GuzzleHttp\Handler\EasyHandle), Array)
#1 E:\xampp73\htdocs\filecroco\loader\vendor\guzzlehttp\guzzle\src\Handler\CurlFactory.php(102): GuzzleHttp\Handler\CurlFactory::finishError(Object(GuzzleHttp\Handler\CurlMultiHandler), Object(GuzzleHttp\Handler\EasyHandle), Object(GuzzleHttp\Handler\CurlFactory))
#2 E:\xampp73\htdocs\filecroco\loader\vendor\guzzlehttp\guzzle\src\Handler\CurlMultiHandler.php(181): GuzzleHttp\Handler\CurlFactory::finish(Object(GuzzleHttp\Handler\CurlMultiHandler), Object(GuzzleHttp\Handler\EasyHandle), Object(GuzzleHttp\Handler\CurlFactory))
#3 E:\xampp73\htdocs\filecroco\loader\vendor\guzzlehttp\guzzle\src\Handler\CurlMultiHandler.php(110): GuzzleHttp\Handler\CurlMultiHandler->processMessages()
#4 E:\xampp73\htdocs\filecroco\loader\vendor\guzzlehttp\guzzle\src\Handler\CurlMultiHandler.php(125): GuzzleHttp\Handler\CurlMultiHandler->tick()
#5 E:\xampp73\htdocs\filecroco\loader\vendor\guzzlehttp\promises\src\Promise.php(246): GuzzleHttp\Handler\CurlMultiHandler->execute(true)
#6 E:\xampp73\htdocs\filecroco\loader\vendor\guzzlehttp\promises\src\Promise.php(223): GuzzleHttp\Promise\Promise->invokeWaitFn()
#7 E:\xampp73\htdocs\filecroco\loader\vendor\guzzlehttp\promises\src\Promise.php(267): GuzzleHttp\Promise\Promise->waitIfPending()
#8 E:\xampp73\htdocs\filecroco\loader\vendor\guzzlehttp\promises\src\Promise.php(225): GuzzleHttp\Promise\Promise->invokeWaitList()
#9 E:\xampp73\htdocs\filecroco\loader\vendor\guzzlehttp\promises\src\Promise.php(62): GuzzleHttp\Promise\Promise->waitIfPending()
#10 E:\xampp73\htdocs\filecroco\loader\vendor\guzzlehttp\promises\src\EachPromise.php(101): GuzzleHttp\Promise\Promise->wait()
#11 E:\xampp73\htdocs\filecroco\loader\vendor\guzzlehttp\promises\src\Promise.php(246): GuzzleHttp\Promise\EachPromise->GuzzleHttp\Promise\{closure}(true)
#12 E:\xampp73\htdocs\filecroco\loader\vendor\guzzlehttp\promises\src\Promise.php(223): GuzzleHttp\Promise\Promise->invokeWaitFn()
#13 E:\xampp73\htdocs\filecroco\loader\vendor\guzzlehttp\promises\src\Promise.php(62): GuzzleHttp\Promise\Promise->waitIfPending()
#14 E:\xampp73\htdocs\filecroco\loader\updatedownloadlink.php(95): GuzzleHttp\Promise\Promise->wait()
#15 {main}|1213GuzzleHttp\Exception\RequestException: cURL error 56:  (see http://curl.haxx.se/libcurl/c/libcurl-errors.html) in E:\xampp73\htdocs\filecroco\loader\vendor\guzzlehttp\guzzle\src\Handler\CurlFactory.php:186
Stack trace:
#0 E:\xampp73\htdocs\filecroco\loader\vendor\guzzlehttp\guzzle\src\Handler\CurlFactory.php(149): GuzzleHttp\Handler\CurlFactory::createRejection(Object(GuzzleHttp\Handler\EasyHandle), Array)
#1 E:\xampp73\htdocs\filecroco\loader\vendor\guzzlehttp\guzzle\src\Handler\CurlFactory.php(102): GuzzleHttp\Handler\CurlFactory::finishError(Object(GuzzleHttp\Handler\CurlMultiHandler), Object(GuzzleHttp\Handler\EasyHandle), Object(GuzzleHttp\Handler\CurlFactory))
#2 E:\xampp73\htdocs\filecroco\loader\vendor\guzzlehttp\guzzle\src\Handler\CurlMultiHandler.php(181): GuzzleHttp\Handler\CurlFactory::finish(Object(GuzzleHttp\Handler\CurlMultiHandler), Object(GuzzleHttp\Handler\EasyHandle), Object(GuzzleHttp\Handler\CurlFactory))
#3 E:\xampp73\htdocs\filecroco\loader\vendor\guzzlehttp\guzzle\src\Handler\CurlMultiHandler.php(110): GuzzleHttp\Handler\CurlMultiHandler->processMessages()
#4 E:\xampp73\htdocs\filecroco\loader\vendor\guzzlehttp\guzzle\src\Handler\CurlMultiHandler.php(125): GuzzleHttp\Handler\CurlMultiHandler->tick()
#5 E:\xampp73\htdocs\filecroco\loader\vendor\guzzlehttp\promises\src\Promise.php(246): GuzzleHttp\Handler\CurlMultiHandler->execute(true)
#6 E:\xampp73\htdocs\filecroco\loader\vendor\guzzlehttp\promises\src\Promise.php(223): GuzzleHttp\Promise\Promise->invokeWaitFn()
#7 E:\xampp73\htdocs\filecroco\loader\vendor\guzzlehttp\promises\src\Promise.php(267): GuzzleHttp\Promise\Promise->waitIfPending()
#8 E:\xampp73\htdocs\filecroco\loader\vendor\guzzlehttp\promises\src\Promise.php(225): GuzzleHttp\Promise\Promise->invokeWaitList()
#9 E:\xampp73\htdocs\filecroco\loader\vendor\guzzlehttp\promises\src\Promise.php(62): GuzzleHttp\Promise\Promise->waitIfPending()
#10 E:\xampp73\htdocs\filecroco\loader\vendor\guzzlehttp\promises\src\EachPromise.php(101): GuzzleHttp\Promise\Promise->wait()
#11 E:\xampp73\htdocs\filecroco\loader\vendor\guzzlehttp\promises\src\Promise.php(246): GuzzleHttp\Promise\EachPromise->GuzzleHttp\Promise\{closure}(true)
#12 E:\xampp73\htdocs\filecroco\loader\vendor\guzzlehttp\promises\src\Promise.php(223): GuzzleHttp\Promise\Promise->invokeWaitFn()
#13 E:\xampp73\htdocs\filecroco\loader\vendor\guzzlehttp\promises\src\Promise.php(62): GuzzleHttp\Promise\Promise->waitIfPending()
#14 E:\xampp73\htdocs\filecroco\loader\updatedownloadlink.php(95): GuzzleHttp\Promise\Promise->wait()
#15 {main}|1214GuzzleHttp\Exception\RequestException: cURL error 56:  (see http://curl.haxx.se/libcurl/c/libcurl-errors.html) in E:\xampp73\htdocs\filecroco\loader\vendor\guzzlehttp\guzzle\src\Handler\CurlFactory.php:186
Stack trace:
#0 E:\xampp73\htdocs\filecroco\loader\vendor\guzzlehttp\guzzle\src\Handler\CurlFactory.php(149): GuzzleHttp\Handler\CurlFactory::createRejection(Object(GuzzleHttp\Handler\EasyHandle), Array)
#1 E:\xampp73\htdocs\filecroco\loader\vendor\guzzlehttp\guzzle\src\Handler\CurlFactory.php(102): GuzzleHttp\Handler\CurlFactory::finishError(Object(GuzzleHttp\Handler\CurlMultiHandler), Object(GuzzleHttp\Handler\EasyHandle), Object(GuzzleHttp\Handler\CurlFactory))
#2 E:\xampp73\htdocs\filecroco\loader\vendor\guzzlehttp\guzzle\src\Handler\CurlMultiHandler.php(181): GuzzleHttp\Handler\CurlFactory::finish(Object(GuzzleHttp\Handler\CurlMultiHandler), Object(GuzzleHttp\Handler\EasyHandle), Object(GuzzleHttp\Handler\CurlFactory))
#3 E:\xampp73\htdocs\filecroco\loader\vendor\guzzlehttp\guzzle\src\Handler\CurlMultiHandler.php(110): GuzzleHttp\Handler\CurlMultiHandler->processMessages()
#4 E:\xampp73\htdocs\filecroco\loader\vendor\guzzlehttp\guzzle\src\Handler\CurlMultiHandler.php(125): GuzzleHttp\Handler\CurlMultiHandler->tick()
#5 E:\xampp73\htdocs\filecroco\loader\vendor\guzzlehttp\promises\src\Promise.php(246): GuzzleHttp\Handler\CurlMultiHandler->execute(true)
#6 E:\xampp73\htdocs\filecroco\loader\vendor\guzzlehttp\promises\src\Promise.php(223): GuzzleHttp\Promise\Promise->invokeWaitFn()
#7 E:\xampp73\htdocs\filecroco\loader\vendor\guzzlehttp\promises\src\Promise.php(267): GuzzleHttp\Promise\Promise->waitIfPending()
#8 E:\xampp73\htdocs\filecroco\loader\vendor\guzzlehttp\promises\src\Promise.php(225): GuzzleHttp\Promise\Promise->invokeWaitList()
#9 E:\xampp73\htdocs\filecroco\loader\vendor\guzzlehttp\promises\src\Promise.php(62): GuzzleHttp\Promise\Promise->waitIfPending()
#10 E:\xampp73\htdocs\filecroco\loader\vendor\guzzlehttp\promises\src\EachPromise.php(101): GuzzleHttp\Promise\Promise->wait()
#11 E:\xampp73\htdocs\filecroco\loader\vendor\guzzlehttp\promises\src\Promise.php(246): GuzzleHttp\Promise\EachPromise->GuzzleHttp\Promise\{closure}(true)
#12 E:\xampp73\htdocs\filecroco\loader\vendor\guzzlehttp\promises\src\Promise.php(223): GuzzleHttp\Promise\Promise->invokeWaitFn()
#13 E:\xampp73\htdocs\filecroco\loader\vendor\guzzlehttp\promises\src\Promise.php(62): GuzzleHttp\Promise\Promise->waitIfPending()
#14 E:\xampp73\htdocs\filecroco\loader\updatedownloadlink.php(95): GuzzleHttp\Promise\Promise->wait()
#15 {main}|1215GuzzleHttp\Exception\RequestException: cURL error 56:  (see http://curl.haxx.se/libcurl/c/libcurl-errors.html) in E:\xampp73\htdocs\filecroco\loader\vendor\guzzlehttp\guzzle\src\Handler\CurlFactory.php:186
Stack trace:
#0 E:\xampp73\htdocs\filecroco\loader\vendor\guzzlehttp\guzzle\src\Handler\CurlFactory.php(149): GuzzleHttp\Handler\CurlFactory::createRejection(Object(GuzzleHttp\Handler\EasyHandle), Array)
#1 E:\xampp73\htdocs\filecroco\loader\vendor\guzzlehttp\guzzle\src\Handler\CurlFactory.php(102): GuzzleHttp\Handler\CurlFactory::finishError(Object(GuzzleHttp\Handler\CurlMultiHandler), Object(GuzzleHttp\Handler\EasyHandle), Object(GuzzleHttp\Handler\CurlFactory))
#2 E:\xampp73\htdocs\filecroco\loader\vendor\guzzlehttp\guzzle\src\Handler\CurlMultiHandler.php(181): GuzzleHttp\Handler\CurlFactory::finish(Object(GuzzleHttp\Handler\CurlMultiHandler), Object(GuzzleHttp\Handler\EasyHandle), Object(GuzzleHttp\Handler\CurlFactory))
#3 E:\xampp73\htdocs\filecroco\loader\vendor\guzzlehttp\guzzle\src\Handler\CurlMultiHandler.php(110): GuzzleHttp\Handler\CurlMultiHandler->processMessages()
#4 E:\xampp73\htdocs\filecroco\loader\vendor\guzzlehttp\guzzle\src\Handler\CurlMultiHandler.php(125): GuzzleHttp\Handler\CurlMultiHandler->tick()
#5 E:\xampp73\htdocs\filecroco\loader\vendor\guzzlehttp\promises\src\Promise.php(246): GuzzleHttp\Handler\CurlMultiHandler->execute(true)
#6 E:\xampp73\htdocs\filecroco\loader\vendor\guzzlehttp\promises\src\Promise.php(223): GuzzleHttp\Promise\Promise->invokeWaitFn()
#7 E:\xampp73\htdocs\filecroco\loader\vendor\guzzlehttp\promises\src\Promise.php(267): GuzzleHttp\Promise\Promise->waitIfPending()
#8 E:\xampp73\htdocs\filecroco\loader\vendor\guzzlehttp\promises\src\Promise.php(225): GuzzleHttp\Promise\Promise->invokeWaitList()
#9 E:\xampp73\htdocs\filecroco\loader\vendor\guzzlehttp\promises\src\Promise.php(62): GuzzleHttp\Promise\Promise->waitIfPending()
#10 E:\xampp73\htdocs\filecroco\loader\vendor\guzzlehttp\promises\src\EachPromise.php(101): GuzzleHttp\Promise\Promise->wait()
#11 E:\xampp73\htdocs\filecroco\loader\vendor\guzzlehttp\promises\src\Promise.php(246): GuzzleHttp\Promise\EachPromise->GuzzleHttp\Promise\{closure}(true)
#12 E:\xampp73\htdocs\filecroco\loader\vendor\guzzlehttp\promises\src\Promise.php(223): GuzzleHttp\Promise\Promise->invokeWaitFn()
#13 E:\xampp73\htdocs\filecroco\loader\vendor\guzzlehttp\promises\src\Promise.php(62): GuzzleHttp\Promise\Promise->waitIfPending()
#14 E:\xampp73\htdocs\filecroco\loader\updatedownloadlink.php(95): GuzzleHttp\Promise\Promise->wait()
#15 {main}|1216GuzzleHttp\Exception\RequestException: cURL error 56:  (see http://curl.haxx.se/libcurl/c/libcurl-errors.html) in E:\xampp73\htdocs\filecroco\loader\vendor\guzzlehttp\guzzle\src\Handler\CurlFactory.php:186
Stack trace:
#0 E:\xampp73\htdocs\filecroco\loader\vendor\guzzlehttp\guzzle\src\Handler\CurlFactory.php(149): GuzzleHttp\Handler\CurlFactory::createRejection(Object(GuzzleHttp\Handler\EasyHandle), Array)
#1 E:\xampp73\htdocs\filecroco\loader\vendor\guzzlehttp\guzzle\src\Handler\CurlFactory.php(102): GuzzleHttp\Handler\CurlFactory::finishError(Object(GuzzleHttp\Handler\CurlMultiHandler), Object(GuzzleHttp\Handler\EasyHandle), Object(GuzzleHttp\Handler\CurlFactory))
#2 E:\xampp73\htdocs\filecroco\loader\vendor\guzzlehttp\guzzle\src\Handler\CurlMultiHandler.php(181): GuzzleHttp\Handler\CurlFactory::finish(Object(GuzzleHttp\Handler\CurlMultiHandler), Object(GuzzleHttp\Handler\EasyHandle), Object(GuzzleHttp\Handler\CurlFactory))
#3 E:\xampp73\htdocs\filecroco\loader\vendor\guzzlehttp\guzzle\src\Handler\CurlMultiHandler.php(110): GuzzleHttp\Handler\CurlMultiHandler->processMessages()
#4 E:\xampp73\htdocs\filecroco\loader\vendor\guzzlehttp\guzzle\src\Handler\CurlMultiHandler.php(125): GuzzleHttp\Handler\CurlMultiHandler->tick()
#5 E:\xampp73\htdocs\filecroco\loader\vendor\guzzlehttp\promises\src\Promise.php(246): GuzzleHttp\Handler\CurlMultiHandler->execute(true)
#6 E:\xampp73\htdocs\filecroco\loader\vendor\guzzlehttp\promises\src\Promise.php(223): GuzzleHttp\Promise\Promise->invokeWaitFn()
#7 E:\xampp73\htdocs\filecroco\loader\vendor\guzzlehttp\promises\src\Promise.php(267): GuzzleHttp\Promise\Promise->waitIfPending()
#8 E:\xampp73\htdocs\filecroco\loader\vendor\guzzlehttp\promises\src\Promise.php(225): GuzzleHttp\Promise\Promise->invokeWaitList()
#9 E:\xampp73\htdocs\filecroco\loader\vendor\guzzlehttp\promises\src\Promise.php(62): GuzzleHttp\Promise\Promise->waitIfPending()
#10 E:\xampp73\htdocs\filecroco\loader\vendor\guzzlehttp\promises\src\EachPromise.php(101): GuzzleHttp\Promise\Promise->wait()
#11 E:\xampp73\htdocs\filecroco\loader\vendor\guzzlehttp\promises\src\Promise.php(246): GuzzleHttp\Promise\EachPromise->GuzzleHttp\Promise\{closure}(true)
#12 E:\xampp73\htdocs\filecroco\loader\vendor\guzzlehttp\promises\src\Promise.php(223): GuzzleHttp\Promise\Promise->invokeWaitFn()
#13 E:\xampp73\htdocs\filecroco\loader\vendor\guzzlehttp\promises\src\Promise.php(62): GuzzleHttp\Promise\Promise->waitIfPending()
#14 E:\xampp73\htdocs\filecroco\loader\updatedownloadlink.php(95): GuzzleHttp\Promise\Promise->wait()
#15 {main}|1217GuzzleHttp\Exception\RequestException: cURL error 56:  (see http://curl.haxx.se/libcurl/c/libcurl-errors.html) in E:\xampp73\htdocs\filecroco\loader\vendor\guzzlehttp\guzzle\src\Handler\CurlFactory.php:186
Stack trace:
#0 E:\xampp73\htdocs\filecroco\loader\vendor\guzzlehttp\guzzle\src\Handler\CurlFactory.php(149): GuzzleHttp\Handler\CurlFactory::createRejection(Object(GuzzleHttp\Handler\EasyHandle), Array)
#1 E:\xampp73\htdocs\filecroco\loader\vendor\guzzlehttp\guzzle\src\Handler\CurlFactory.php(102): GuzzleHttp\Handler\CurlFactory::finishError(Object(GuzzleHttp\Handler\CurlMultiHandler), Object(GuzzleHttp\Handler\EasyHandle), Object(GuzzleHttp\Handler\CurlFactory))
#2 E:\xampp73\htdocs\filecroco\loader\vendor\guzzlehttp\guzzle\src\Handler\CurlMultiHandler.php(181): GuzzleHttp\Handler\CurlFactory::finish(Object(GuzzleHttp\Handler\CurlMultiHandler), Object(GuzzleHttp\Handler\EasyHandle), Object(GuzzleHttp\Handler\CurlFactory))
#3 E:\xampp73\htdocs\filecroco\loader\vendor\guzzlehttp\guzzle\src\Handler\CurlMultiHandler.php(110): GuzzleHttp\Handler\CurlMultiHandler->processMessages()
#4 E:\xampp73\htdocs\filecroco\loader\vendor\guzzlehttp\guzzle\src\Handler\CurlMultiHandler.php(125): GuzzleHttp\Handler\CurlMultiHandler->tick()
#5 E:\xampp73\htdocs\filecroco\loader\vendor\guzzlehttp\promises\src\Promise.php(246): GuzzleHttp\Handler\CurlMultiHandler->execute(true)
#6 E:\xampp73\htdocs\filecroco\loader\vendor\guzzlehttp\promises\src\Promise.php(223): GuzzleHttp\Promise\Promise->invokeWaitFn()
#7 E:\xampp73\htdocs\filecroco\loader\vendor\guzzlehttp\promises\src\Promise.php(267): GuzzleHttp\Promise\Promise->waitIfPending()
#8 E:\xampp73\htdocs\filecroco\loader\vendor\guzzlehttp\promises\src\Promise.php(225): GuzzleHttp\Promise\Promise->invokeWaitList()
#9 E:\xampp73\htdocs\filecroco\loader\vendor\guzzlehttp\promises\src\Promise.php(62): GuzzleHttp\Promise\Promise->waitIfPending()
#10 E:\xampp73\htdocs\filecroco\loader\vendor\guzzlehttp\promises\src\EachPromise.php(101): GuzzleHttp\Promise\Promise->wait()
#11 E:\xampp73\htdocs\filecroco\loader\vendor\guzzlehttp\promises\src\Promise.php(246): GuzzleHttp\Promise\EachPromise->GuzzleHttp\Promise\{closure}(true)
#12 E:\xampp73\htdocs\filecroco\loader\vendor\guzzlehttp\promises\src\Promise.php(223): GuzzleHttp\Promise\Promise->invokeWaitFn()
#13 E:\xampp73\htdocs\filecroco\loader\vendor\guzzlehttp\promises\src\Promise.php(62): GuzzleHttp\Promise\Promise->waitIfPending()
#14 E:\xampp73\htdocs\filecroco\loader\updatedownloadlink.php(95): GuzzleHttp\Promise\Promise->wait()
#15 {main}|1218GuzzleHttp\Exception\RequestException: cURL error 56:  (see http://curl.haxx.se/libcurl/c/libcurl-errors.html) in E:\xampp73\htdocs\filecroco\loader\vendor\guzzlehttp\guzzle\src\Handler\CurlFactory.php:186
Stack trace:
#0 E:\xampp73\htdocs\filecroco\loader\vendor\guzzlehttp\guzzle\src\Handler\CurlFactory.php(149): GuzzleHttp\Handler\CurlFactory::createRejection(Object(GuzzleHttp\Handler\EasyHandle), Array)
#1 E:\xampp73\htdocs\filecroco\loader\vendor\guzzlehttp\guzzle\src\Handler\CurlFactory.php(102): GuzzleHttp\Handler\CurlFactory::finishError(Object(GuzzleHttp\Handler\CurlMultiHandler), Object(GuzzleHttp\Handler\EasyHandle), Object(GuzzleHttp\Handler\CurlFactory))
#2 E:\xampp73\htdocs\filecroco\loader\vendor\guzzlehttp\guzzle\src\Handler\CurlMultiHandler.php(181): GuzzleHttp\Handler\CurlFactory::finish(Object(GuzzleHttp\Handler\CurlMultiHandler), Object(GuzzleHttp\Handler\EasyHandle), Object(GuzzleHttp\Handler\CurlFactory))
#3 E:\xampp73\htdocs\filecroco\loader\vendor\guzzlehttp\guzzle\src\Handler\CurlMultiHandler.php(110): GuzzleHttp\Handler\CurlMultiHandler->processMessages()
#4 E:\xampp73\htdocs\filecroco\loader\vendor\guzzlehttp\guzzle\src\Handler\CurlMultiHandler.php(125): GuzzleHttp\Handler\CurlMultiHandler->tick()
#5 E:\xampp73\htdocs\filecroco\loader\vendor\guzzlehttp\promises\src\Promise.php(246): GuzzleHttp\Handler\CurlMultiHandler->execute(true)
#6 E:\xampp73\htdocs\filecroco\loader\vendor\guzzlehttp\promises\src\Promise.php(223): GuzzleHttp\Promise\Promise->invokeWaitFn()
#7 E:\xampp73\htdocs\filecroco\loader\vendor\guzzlehttp\promises\src\Promise.php(267): GuzzleHttp\Promise\Promise->waitIfPending()
#8 E:\xampp73\htdocs\filecroco\loader\vendor\guzzlehttp\promises\src\Promise.php(225): GuzzleHttp\Promise\Promise->invokeWaitList()
#9 E:\xampp73\htdocs\filecroco\loader\vendor\guzzlehttp\promises\src\Promise.php(62): GuzzleHttp\Promise\Promise->waitIfPending()
#10 E:\xampp73\htdocs\filecroco\loader\vendor\guzzlehttp\promises\src\EachPromise.php(101): GuzzleHttp\Promise\Promise->wait()
#11 E:\xampp73\htdocs\filecroco\loader\vendor\guzzlehttp\promises\src\Promise.php(246): GuzzleHttp\Promise\EachPromise->GuzzleHttp\Promise\{closure}(true)
#12 E:\xampp73\htdocs\filecroco\loader\vendor\guzzlehttp\promises\src\Promise.php(223): GuzzleHttp\Promise\Promise->invokeWaitFn()
#13 E:\xampp73\htdocs\filecroco\loader\vendor\guzzlehttp\promises\src\Promise.php(62): GuzzleHttp\Promise\Promise->waitIfPending()
#14 E:\xampp73\htdocs\filecroco\loader\updatedownloadlink.php(95): GuzzleHttp\Promise\Promise->wait()
#15 {main}|1219GuzzleHttp\Exception\RequestException: cURL error 56:  (see http://curl.haxx.se/libcurl/c/libcurl-errors.html) in E:\xampp73\htdocs\filecroco\loader\vendor\guzzlehttp\guzzle\src\Handler\CurlFactory.php:186
Stack trace:
#0 E:\xampp73\htdocs\filecroco\loader\vendor\guzzlehttp\guzzle\src\Handler\CurlFactory.php(149): GuzzleHttp\Handler\CurlFactory::createRejection(Object(GuzzleHttp\Handler\EasyHandle), Array)
#1 E:\xampp73\htdocs\filecroco\loader\vendor\guzzlehttp\guzzle\src\Handler\CurlFactory.php(102): GuzzleHttp\Handler\CurlFactory::finishError(Object(GuzzleHttp\Handler\CurlMultiHandler), Object(GuzzleHttp\Handler\EasyHandle), Object(GuzzleHttp\Handler\CurlFactory))
#2 E:\xampp73\htdocs\filecroco\loader\vendor\guzzlehttp\guzzle\src\Handler\CurlMultiHandler.php(181): GuzzleHttp\Handler\CurlFactory::finish(Object(GuzzleHttp\Handler\CurlMultiHandler), Object(GuzzleHttp\Handler\EasyHandle), Object(GuzzleHttp\Handler\CurlFactory))
#3 E:\xampp73\htdocs\filecroco\loader\vendor\guzzlehttp\guzzle\src\Handler\CurlMultiHandler.php(110): GuzzleHttp\Handler\CurlMultiHandler->processMessages()
#4 E:\xampp73\htdocs\filecroco\loader\vendor\guzzlehttp\guzzle\src\Handler\CurlMultiHandler.php(125): GuzzleHttp\Handler\CurlMultiHandler->tick()
#5 E:\xampp73\htdocs\filecroco\loader\vendor\guzzlehttp\promises\src\Promise.php(246): GuzzleHttp\Handler\CurlMultiHandler->execute(true)
#6 E:\xampp73\htdocs\filecroco\loader\vendor\guzzlehttp\promises\src\Promise.php(223): GuzzleHttp\Promise\Promise->invokeWaitFn()
#7 E:\xampp73\htdocs\filecroco\loader\vendor\guzzlehttp\promises\src\Promise.php(267): GuzzleHttp\Promise\Promise->waitIfPending()
#8 E:\xampp73\htdocs\filecroco\loader\vendor\guzzlehttp\promises\src\Promise.php(225): GuzzleHttp\Promise\Promise->invokeWaitList()
#9 E:\xampp73\htdocs\filecroco\loader\vendor\guzzlehttp\promises\src\Promise.php(62): GuzzleHttp\Promise\Promise->waitIfPending()
#10 E:\xampp73\htdocs\filecroco\loader\vendor\guzzlehttp\promises\src\EachPromise.php(101): GuzzleHttp\Promise\Promise->wait()
#11 E:\xampp73\htdocs\filecroco\loader\vendor\guzzlehttp\promises\src\Promise.php(246): GuzzleHttp\Promise\EachPromise->GuzzleHttp\Promise\{closure}(true)
#12 E:\xampp73\htdocs\filecroco\loader\vendor\guzzlehttp\promises\src\Promise.php(223): GuzzleHttp\Promise\Promise->invokeWaitFn()
#13 E:\xampp73\htdocs\filecroco\loader\vendor\guzzlehttp\promises\src\Promise.php(62): GuzzleHttp\Promise\Promise->waitIfPending()
#14 E:\xampp73\htdocs\filecroco\loader\updatedownloadlink.php(95): GuzzleHttp\Promise\Promise->wait()
#15 {main}|1220GuzzleHttp\Exception\RequestException: cURL error 56:  (see http://curl.haxx.se/libcurl/c/libcurl-errors.html) in E:\xampp73\htdocs\filecroco\loader\vendor\guzzlehttp\guzzle\src\Handler\CurlFactory.php:186
Stack trace:
#0 E:\xampp73\htdocs\filecroco\loader\vendor\guzzlehttp\guzzle\src\Handler\CurlFactory.php(149): GuzzleHttp\Handler\CurlFactory::createRejection(Object(GuzzleHttp\Handler\EasyHandle), Array)
#1 E:\xampp73\htdocs\filecroco\loader\vendor\guzzlehttp\guzzle\src\Handler\CurlFactory.php(102): GuzzleHttp\Handler\CurlFactory::finishError(Object(GuzzleHttp\Handler\CurlMultiHandler), Object(GuzzleHttp\Handler\EasyHandle), Object(GuzzleHttp\Handler\CurlFactory))
#2 E:\xampp73\htdocs\filecroco\loader\vendor\guzzlehttp\guzzle\src\Handler\CurlMultiHandler.php(181): GuzzleHttp\Handler\CurlFactory::finish(Object(GuzzleHttp\Handler\CurlMultiHandler), Object(GuzzleHttp\Handler\EasyHandle), Object(GuzzleHttp\Handler\CurlFactory))
#3 E:\xampp73\htdocs\filecroco\loader\vendor\guzzlehttp\guzzle\src\Handler\CurlMultiHandler.php(110): GuzzleHttp\Handler\CurlMultiHandler->processMessages()
#4 E:\xampp73\htdocs\filecroco\loader\vendor\guzzlehttp\guzzle\src\Handler\CurlMultiHandler.php(125): GuzzleHttp\Handler\CurlMultiHandler->tick()
#5 E:\xampp73\htdocs\filecroco\loader\vendor\guzzlehttp\promises\src\Promise.php(246): GuzzleHttp\Handler\CurlMultiHandler->execute(true)
#6 E:\xampp73\htdocs\filecroco\loader\vendor\guzzlehttp\promises\src\Promise.php(223): GuzzleHttp\Promise\Promise->invokeWaitFn()
#7 E:\xampp73\htdocs\filecroco\loader\vendor\guzzlehttp\promises\src\Promise.php(267): GuzzleHttp\Promise\Promise->waitIfPending()
#8 E:\xampp73\htdocs\filecroco\loader\vendor\guzzlehttp\promises\src\Promise.php(225): GuzzleHttp\Promise\Promise->invokeWaitList()
#9 E:\xampp73\htdocs\filecroco\loader\vendor\guzzlehttp\promises\src\Promise.php(62): GuzzleHttp\Promise\Promise->waitIfPending()
#10 E:\xampp73\htdocs\filecroco\loader\vendor\guzzlehttp\promises\src\EachPromise.php(101): GuzzleHttp\Promise\Promise->wait()
#11 E:\xampp73\htdocs\filecroco\loader\vendor\guzzlehttp\promises\src\Promise.php(246): GuzzleHttp\Promise\EachPromise->GuzzleHttp\Promise\{closure}(true)
#12 E:\xampp73\htdocs\filecroco\loader\vendor\guzzlehttp\promises\src\Promise.php(223): GuzzleHttp\Promise\Promise->invokeWaitFn()
#13 E:\xampp73\htdocs\filecroco\loader\vendor\guzzlehttp\promises\src\Promise.php(62): GuzzleHttp\Promise\Promise->waitIfPending()
#14 E:\xampp73\htdocs\filecroco\loader\updatedownloadlink.php(95): GuzzleHttp\Promise\Promise->wait()
#15 {main}|1221GuzzleHttp\Exception\RequestException: cURL error 56:  (see http://curl.haxx.se/libcurl/c/libcurl-errors.html) in E:\xampp73\htdocs\filecroco\loader\vendor\guzzlehttp\guzzle\src\Handler\CurlFactory.php:186
Stack trace:
#0 E:\xampp73\htdocs\filecroco\loader\vendor\guzzlehttp\guzzle\src\Handler\CurlFactory.php(149): GuzzleHttp\Handler\CurlFactory::createRejection(Object(GuzzleHttp\Handler\EasyHandle), Array)
#1 E:\xampp73\htdocs\filecroco\loader\vendor\guzzlehttp\guzzle\src\Handler\CurlFactory.php(102): GuzzleHttp\Handler\CurlFactory::finishError(Object(GuzzleHttp\Handler\CurlMultiHandler), Object(GuzzleHttp\Handler\EasyHandle), Object(GuzzleHttp\Handler\CurlFactory))
#2 E:\xampp73\htdocs\filecroco\loader\vendor\guzzlehttp\guzzle\src\Handler\CurlMultiHandler.php(181): GuzzleHttp\Handler\CurlFactory::finish(Object(GuzzleHttp\Handler\CurlMultiHandler), Object(GuzzleHttp\Handler\EasyHandle), Object(GuzzleHttp\Handler\CurlFactory))
#3 E:\xampp73\htdocs\filecroco\loader\vendor\guzzlehttp\guzzle\src\Handler\CurlMultiHandler.php(110): GuzzleHttp\Handler\CurlMultiHandler->processMessages()
#4 E:\xampp73\htdocs\filecroco\loader\vendor\guzzlehttp\guzzle\src\Handler\CurlMultiHandler.php(125): GuzzleHttp\Handler\CurlMultiHandler->tick()
#5 E:\xampp73\htdocs\filecroco\loader\vendor\guzzlehttp\promises\src\Promise.php(246): GuzzleHttp\Handler\CurlMultiHandler->execute(true)
#6 E:\xampp73\htdocs\filecroco\loader\vendor\guzzlehttp\promises\src\Promise.php(223): GuzzleHttp\Promise\Promise->invokeWaitFn()
#7 E:\xampp73\htdocs\filecroco\loader\vendor\guzzlehttp\promises\src\Promise.php(267): GuzzleHttp\Promise\Promise->waitIfPending()
#8 E:\xampp73\htdocs\filecroco\loader\vendor\guzzlehttp\promises\src\Promise.php(225): GuzzleHttp\Promise\Promise->invokeWaitList()
#9 E:\xampp73\htdocs\filecroco\loader\vendor\guzzlehttp\promises\src\Promise.php(62): GuzzleHttp\Promise\Promise->waitIfPending()
#10 E:\xampp73\htdocs\filecroco\loader\vendor\guzzlehttp\promises\src\EachPromise.php(101): GuzzleHttp\Promise\Promise->wait()
#11 E:\xampp73\htdocs\filecroco\loader\vendor\guzzlehttp\promises\src\Promise.php(246): GuzzleHttp\Promise\EachPromise->GuzzleHttp\Promise\{closure}(true)
#12 E:\xampp73\htdocs\filecroco\loader\vendor\guzzlehttp\promises\src\Promise.php(223): GuzzleHttp\Promise\Promise->invokeWaitFn()
#13 E:\xampp73\htdocs\filecroco\loader\vendor\guzzlehttp\promises\src\Promise.php(62): GuzzleHttp\Promise\Promise->waitIfPending()
#14 E:\xampp73\htdocs\filecroco\loader\updatedownloadlink.php(95): GuzzleHttp\Promise\Promise->wait()
#15 {main}|1222GuzzleHttp\Exception\RequestException: cURL error 56:  (see http://curl.haxx.se/libcurl/c/libcurl-errors.html) in E:\xampp73\htdocs\filecroco\loader\vendor\guzzlehttp\guzzle\src\Handler\CurlFactory.php:186
Stack trace:
#0 E:\xampp73\htdocs\filecroco\loader\vendor\guzzlehttp\guzzle\src\Handler\CurlFactory.php(149): GuzzleHttp\Handler\CurlFactory::createRejection(Object(GuzzleHttp\Handler\EasyHandle), Array)
#1 E:\xampp73\htdocs\filecroco\loader\vendor\guzzlehttp\guzzle\src\Handler\CurlFactory.php(102): GuzzleHttp\Handler\CurlFactory::finishError(Object(GuzzleHttp\Handler\CurlMultiHandler), Object(GuzzleHttp\Handler\EasyHandle), Object(GuzzleHttp\Handler\CurlFactory))
#2 E:\xampp73\htdocs\filecroco\loader\vendor\guzzlehttp\guzzle\src\Handler\CurlMultiHandler.php(181): GuzzleHttp\Handler\CurlFactory::finish(Object(GuzzleHttp\Handler\CurlMultiHandler), Object(GuzzleHttp\Handler\EasyHandle), Object(GuzzleHttp\Handler\CurlFactory))
#3 E:\xampp73\htdocs\filecroco\loader\vendor\guzzlehttp\guzzle\src\Handler\CurlMultiHandler.php(110): GuzzleHttp\Handler\CurlMultiHandler->processMessages()
#4 E:\xampp73\htdocs\filecroco\loader\vendor\guzzlehttp\guzzle\src\Handler\CurlMultiHandler.php(125): GuzzleHttp\Handler\CurlMultiHandler->tick()
#5 E:\xampp73\htdocs\filecroco\loader\vendor\guzzlehttp\promises\src\Promise.php(246): GuzzleHttp\Handler\CurlMultiHandler->execute(true)
#6 E:\xampp73\htdocs\filecroco\loader\vendor\guzzlehttp\promises\src\Promise.php(223): GuzzleHttp\Promise\Promise->invokeWaitFn()
#7 E:\xampp73\htdocs\filecroco\loader\vendor\guzzlehttp\promises\src\Promise.php(267): GuzzleHttp\Promise\Promise->waitIfPending()
#8 E:\xampp73\htdocs\filecroco\loader\vendor\guzzlehttp\promises\src\Promise.php(225): GuzzleHttp\Promise\Promise->invokeWaitList()
#9 E:\xampp73\htdocs\filecroco\loader\vendor\guzzlehttp\promises\src\Promise.php(62): GuzzleHttp\Promise\Promise->waitIfPending()
#10 E:\xampp73\htdocs\filecroco\loader\vendor\guzzlehttp\promises\src\EachPromise.php(101): GuzzleHttp\Promise\Promise->wait()
#11 E:\xampp73\htdocs\filecroco\loader\vendor\guzzlehttp\promises\src\Promise.php(246): GuzzleHttp\Promise\EachPromise->GuzzleHttp\Promise\{closure}(true)
#12 E:\xampp73\htdocs\filecroco\loader\vendor\guzzlehttp\promises\src\Promise.php(223): GuzzleHttp\Promise\Promise->invokeWaitFn()
#13 E:\xampp73\htdocs\filecroco\loader\vendor\guzzlehttp\promises\src\Promise.php(62): GuzzleHttp\Promise\Promise->waitIfPending()
#14 E:\xampp73\htdocs\filecroco\loader\updatedownloadlink.php(95): GuzzleHttp\Promise\Promise->wait()
#15 {main}|1223GuzzleHttp\Exception\RequestException: cURL error 56:  (see http://curl.haxx.se/libcurl/c/libcurl-errors.html) in E:\xampp73\htdocs\filecroco\loader\vendor\guzzlehttp\guzzle\src\Handler\CurlFactory.php:186
Stack trace:
#0 E:\xampp73\htdocs\filecroco\loader\vendor\guzzlehttp\guzzle\src\Handler\CurlFactory.php(149): GuzzleHttp\Handler\CurlFactory::createRejection(Object(GuzzleHttp\Handler\EasyHandle), Array)
#1 E:\xampp73\htdocs\filecroco\loader\vendor\guzzlehttp\guzzle\src\Handler\CurlFactory.php(102): GuzzleHttp\Handler\CurlFactory::finishError(Object(GuzzleHttp\Handler\CurlMultiHandler), Object(GuzzleHttp\Handler\EasyHandle), Object(GuzzleHttp\Handler\CurlFactory))
#2 E:\xampp73\htdocs\filecroco\loader\vendor\guzzlehttp\guzzle\src\Handler\CurlMultiHandler.php(181): GuzzleHttp\Handler\CurlFactory::finish(Object(GuzzleHttp\Handler\CurlMultiHandler), Object(GuzzleHttp\Handler\EasyHandle), Object(GuzzleHttp\Handler\CurlFactory))
#3 E:\xampp73\htdocs\filecroco\loader\vendor\guzzlehttp\guzzle\src\Handler\CurlMultiHandler.php(110): GuzzleHttp\Handler\CurlMultiHandler->processMessages()
#4 E:\xampp73\htdocs\filecroco\loader\vendor\guzzlehttp\guzzle\src\Handler\CurlMultiHandler.php(125): GuzzleHttp\Handler\CurlMultiHandler->tick()
#5 E:\xampp73\htdocs\filecroco\loader\vendor\guzzlehttp\promises\src\Promise.php(246): GuzzleHttp\Handler\CurlMultiHandler->execute(true)
#6 E:\xampp73\htdocs\filecroco\loader\vendor\guzzlehttp\promises\src\Promise.php(223): GuzzleHttp\Promise\Promise->invokeWaitFn()
#7 E:\xampp73\htdocs\filecroco\loader\vendor\guzzlehttp\promises\src\Promise.php(267): GuzzleHttp\Promise\Promise->waitIfPending()
#8 E:\xampp73\htdocs\filecroco\loader\vendor\guzzlehttp\promises\src\Promise.php(225): GuzzleHttp\Promise\Promise->invokeWaitList()
#9 E:\xampp73\htdocs\filecroco\loader\vendor\guzzlehttp\promises\src\Promise.php(62): GuzzleHttp\Promise\Promise->waitIfPending()
#10 E:\xampp73\htdocs\filecroco\loader\vendor\guzzlehttp\promises\src\EachPromise.php(101): GuzzleHttp\Promise\Promise->wait()
#11 E:\xampp73\htdocs\filecroco\loader\vendor\guzzlehttp\promises\src\Promise.php(246): GuzzleHttp\Promise\EachPromise->GuzzleHttp\Promise\{closure}(true)
#12 E:\xampp73\htdocs\filecroco\loader\vendor\guzzlehttp\promises\src\Promise.php(223): GuzzleHttp\Promise\Promise->invokeWaitFn()
#13 E:\xampp73\htdocs\filecroco\loader\vendor\guzzlehttp\promises\src\Promise.php(62): GuzzleHttp\Promise\Promise->waitIfPending()
#14 E:\xampp73\htdocs\filecroco\loader\updatedownloadlink.php(95): GuzzleHttp\Promise\Promise->wait()
#15 {main}|1224GuzzleHttp\Exception\RequestException: cURL error 56:  (see http://curl.haxx.se/libcurl/c/libcurl-errors.html) in E:\xampp73\htdocs\filecroco\loader\vendor\guzzlehttp\guzzle\src\Handler\CurlFactory.php:186
Stack trace:
#0 E:\xampp73\htdocs\filecroco\loader\vendor\guzzlehttp\guzzle\src\Handler\CurlFactory.php(149): GuzzleHttp\Handler\CurlFactory::createRejection(Object(GuzzleHttp\Handler\EasyHandle), Array)
#1 E:\xampp73\htdocs\filecroco\loader\vendor\guzzlehttp\guzzle\src\Handler\CurlFactory.php(102): GuzzleHttp\Handler\CurlFactory::finishError(Object(GuzzleHttp\Handler\CurlMultiHandler), Object(GuzzleHttp\Handler\EasyHandle), Object(GuzzleHttp\Handler\CurlFactory))
#2 E:\xampp73\htdocs\filecroco\loader\vendor\guzzlehttp\guzzle\src\Handler\CurlMultiHandler.php(181): GuzzleHttp\Handler\CurlFactory::finish(Object(GuzzleHttp\Handler\CurlMultiHandler), Object(GuzzleHttp\Handler\EasyHandle), Object(GuzzleHttp\Handler\CurlFactory))
#3 E:\xampp73\htdocs\filecroco\loader\vendor\guzzlehttp\guzzle\src\Handler\CurlMultiHandler.php(110): GuzzleHttp\Handler\CurlMultiHandler->processMessages()
#4 E:\xampp73\htdocs\filecroco\loader\vendor\guzzlehttp\guzzle\src\Handler\CurlMultiHandler.php(125): GuzzleHttp\Handler\CurlMultiHandler->tick()
#5 E:\xampp73\htdocs\filecroco\loader\vendor\guzzlehttp\promises\src\Promise.php(246): GuzzleHttp\Handler\CurlMultiHandler->execute(true)
#6 E:\xampp73\htdocs\filecroco\loader\vendor\guzzlehttp\promises\src\Promise.php(223): GuzzleHttp\Promise\Promise->invokeWaitFn()
#7 E:\xampp73\htdocs\filecroco\loader\vendor\guzzlehttp\promises\src\Promise.php(267): GuzzleHttp\Promise\Promise->waitIfPending()
#8 E:\xampp73\htdocs\filecroco\loader\vendor\guzzlehttp\promises\src\Promise.php(225): GuzzleHttp\Promise\Promise->invokeWaitList()
#9 E:\xampp73\htdocs\filecroco\loader\vendor\guzzlehttp\promises\src\Promise.php(62): GuzzleHttp\Promise\Promise->waitIfPending()
#10 E:\xampp73\htdocs\filecroco\loader\vendor\guzzlehttp\promises\src\EachPromise.php(101): GuzzleHttp\Promise\Promise->wait()
#11 E:\xampp73\htdocs\filecroco\loader\vendor\guzzlehttp\promises\src\Promise.php(246): GuzzleHttp\Promise\EachPromise->GuzzleHttp\Promise\{closure}(true)
#12 E:\xampp73\htdocs\filecroco\loader\vendor\guzzlehttp\promises\src\Promise.php(223): GuzzleHttp\Promise\Promise->invokeWaitFn()
#13 E:\xampp73\htdocs\filecroco\loader\vendor\guzzlehttp\promises\src\Promise.php(62): GuzzleHttp\Promise\Promise->waitIfPending()
#14 E:\xampp73\htdocs\filecroco\loader\updatedownloadlink.php(95): GuzzleHttp\Promise\Promise->wait()
#15 {main}|1225GuzzleHttp\Exception\RequestException: cURL error 56:  (see http://curl.haxx.se/libcurl/c/libcurl-errors.html) in E:\xampp73\htdocs\filecroco\loader\vendor\guzzlehttp\guzzle\src\Handler\CurlFactory.php:186
Stack trace:
#0 E:\xampp73\htdocs\filecroco\loader\vendor\guzzlehttp\guzzle\src\Handler\CurlFactory.php(149): GuzzleHttp\Handler\CurlFactory::createRejection(Object(GuzzleHttp\Handler\EasyHandle), Array)
#1 E:\xampp73\htdocs\filecroco\loader\vendor\guzzlehttp\guzzle\src\Handler\CurlFactory.php(102): GuzzleHttp\Handler\CurlFactory::finishError(Object(GuzzleHttp\Handler\CurlMultiHandler), Object(GuzzleHttp\Handler\EasyHandle), Object(GuzzleHttp\Handler\CurlFactory))
#2 E:\xampp73\htdocs\filecroco\loader\vendor\guzzlehttp\guzzle\src\Handler\CurlMultiHandler.php(181): GuzzleHttp\Handler\CurlFactory::finish(Object(GuzzleHttp\Handler\CurlMultiHandler), Object(GuzzleHttp\Handler\EasyHandle), Object(GuzzleHttp\Handler\CurlFactory))
#3 E:\xampp73\htdocs\filecroco\loader\vendor\guzzlehttp\guzzle\src\Handler\CurlMultiHandler.php(110): GuzzleHttp\Handler\CurlMultiHandler->processMessages()
#4 E:\xampp73\htdocs\filecroco\loader\vendor\guzzlehttp\guzzle\src\Handler\CurlMultiHandler.php(125): GuzzleHttp\Handler\CurlMultiHandler->tick()
#5 E:\xampp73\htdocs\filecroco\loader\vendor\guzzlehttp\promises\src\Promise.php(246): GuzzleHttp\Handler\CurlMultiHandler->execute(true)
#6 E:\xampp73\htdocs\filecroco\loader\vendor\guzzlehttp\promises\src\Promise.php(223): GuzzleHttp\Promise\Promise->invokeWaitFn()
#7 E:\xampp73\htdocs\filecroco\loader\vendor\guzzlehttp\promises\src\Promise.php(267): GuzzleHttp\Promise\Promise->waitIfPending()
#8 E:\xampp73\htdocs\filecroco\loader\vendor\guzzlehttp\promises\src\Promise.php(225): GuzzleHttp\Promise\Promise->invokeWaitList()
#9 E:\xampp73\htdocs\filecroco\loader\vendor\guzzlehttp\promises\src\Promise.php(62): GuzzleHttp\Promise\Promise->waitIfPending()
#10 E:\xampp73\htdocs\filecroco\loader\vendor\guzzlehttp\promises\src\EachPromise.php(101): GuzzleHttp\Promise\Promise->wait()
#11 E:\xampp73\htdocs\filecroco\loader\vendor\guzzlehttp\promises\src\Promise.php(246): GuzzleHttp\Promise\EachPromise->GuzzleHttp\Promise\{closure}(true)
#12 E:\xampp73\htdocs\filecroco\loader\vendor\guzzlehttp\promises\src\Promise.php(223): GuzzleHttp\Promise\Promise->invokeWaitFn()
#13 E:\xampp73\htdocs\filecroco\loader\vendor\guzzlehttp\promises\src\Promise.php(62): GuzzleHttp\Promise\Promise->waitIfPending()
#14 E:\xampp73\htdocs\filecroco\loader\updatedownloadlink.php(95): GuzzleHttp\Promise\Promise->wait()
#15 {main}|1226GuzzleHttp\Exception\RequestException: cURL error 56:  (see http://curl.haxx.se/libcurl/c/libcurl-errors.html) in E:\xampp73\htdocs\filecroco\loader\vendor\guzzlehttp\guzzle\src\Handler\CurlFactory.php:186
Stack trace:
#0 E:\xampp73\htdocs\filecroco\loader\vendor\guzzlehttp\guzzle\src\Handler\CurlFactory.php(149): GuzzleHttp\Handler\CurlFactory::createRejection(Object(GuzzleHttp\Handler\EasyHandle), Array)
#1 E:\xampp73\htdocs\filecroco\loader\vendor\guzzlehttp\guzzle\src\Handler\CurlFactory.php(102): GuzzleHttp\Handler\CurlFactory::finishError(Object(GuzzleHttp\Handler\CurlMultiHandler), Object(GuzzleHttp\Handler\EasyHandle), Object(GuzzleHttp\Handler\CurlFactory))
#2 E:\xampp73\htdocs\filecroco\loader\vendor\guzzlehttp\guzzle\src\Handler\CurlMultiHandler.php(181): GuzzleHttp\Handler\CurlFactory::finish(Object(GuzzleHttp\Handler\CurlMultiHandler), Object(GuzzleHttp\Handler\EasyHandle), Object(GuzzleHttp\Handler\CurlFactory))
#3 E:\xampp73\htdocs\filecroco\loader\vendor\guzzlehttp\guzzle\src\Handler\CurlMultiHandler.php(110): GuzzleHttp\Handler\CurlMultiHandler->processMessages()
#4 E:\xampp73\htdocs\filecroco\loader\vendor\guzzlehttp\guzzle\src\Handler\CurlMultiHandler.php(125): GuzzleHttp\Handler\CurlMultiHandler->tick()
#5 E:\xampp73\htdocs\filecroco\loader\vendor\guzzlehttp\promises\src\Promise.php(246): GuzzleHttp\Handler\CurlMultiHandler->execute(true)
#6 E:\xampp73\htdocs\filecroco\loader\vendor\guzzlehttp\promises\src\Promise.php(223): GuzzleHttp\Promise\Promise->invokeWaitFn()
#7 E:\xampp73\htdocs\filecroco\loader\vendor\guzzlehttp\promises\src\Promise.php(267): GuzzleHttp\Promise\Promise->waitIfPending()
#8 E:\xampp73\htdocs\filecroco\loader\vendor\guzzlehttp\promises\src\Promise.php(225): GuzzleHttp\Promise\Promise->invokeWaitList()
#9 E:\xampp73\htdocs\filecroco\loader\vendor\guzzlehttp\promises\src\Promise.php(62): GuzzleHttp\Promise\Promise->waitIfPending()
#10 E:\xampp73\htdocs\filecroco\loader\vendor\guzzlehttp\promises\src\EachPromise.php(101): GuzzleHttp\Promise\Promise->wait()
#11 E:\xampp73\htdocs\filecroco\loader\vendor\guzzlehttp\promises\src\Promise.php(246): GuzzleHttp\Promise\EachPromise->GuzzleHttp\Promise\{closure}(true)
#12 E:\xampp73\htdocs\filecroco\loader\vendor\guzzlehttp\promises\src\Promise.php(223): GuzzleHttp\Promise\Promise->invokeWaitFn()
#13 E:\xampp73\htdocs\filecroco\loader\vendor\guzzlehttp\promises\src\Promise.php(62): GuzzleHttp\Promise\Promise->waitIfPending()
#14 E:\xampp73\htdocs\filecroco\loader\updatedownloadlink.php(95): GuzzleHttp\Promise\Promise->wait()
#15 {main}|1227GuzzleHttp\Exception\RequestException: cURL error 56:  (see http://curl.haxx.se/libcurl/c/libcurl-errors.html) in E:\xampp73\htdocs\filecroco\loader\vendor\guzzlehttp\guzzle\src\Handler\CurlFactory.php:186
Stack trace:
#0 E:\xampp73\htdocs\filecroco\loader\vendor\guzzlehttp\guzzle\src\Handler\CurlFactory.php(149): GuzzleHttp\Handler\CurlFactory::createRejection(Object(GuzzleHttp\Handler\EasyHandle), Array)
#1 E:\xampp73\htdocs\filecroco\loader\vendor\guzzlehttp\guzzle\src\Handler\CurlFactory.php(102): GuzzleHttp\Handler\CurlFactory::finishError(Object(GuzzleHttp\Handler\CurlMultiHandler), Object(GuzzleHttp\Handler\EasyHandle), Object(GuzzleHttp\Handler\CurlFactory))
#2 E:\xampp73\htdocs\filecroco\loader\vendor\guzzlehttp\guzzle\src\Handler\CurlMultiHandler.php(181): GuzzleHttp\Handler\CurlFactory::finish(Object(GuzzleHttp\Handler\CurlMultiHandler), Object(GuzzleHttp\Handler\EasyHandle), Object(GuzzleHttp\Handler\CurlFactory))
#3 E:\xampp73\htdocs\filecroco\loader\vendor\guzzlehttp\guzzle\src\Handler\CurlMultiHandler.php(110): GuzzleHttp\Handler\CurlMultiHandler->processMessages()
#4 E:\xampp73\htdocs\filecroco\loader\vendor\guzzlehttp\guzzle\src\Handler\CurlMultiHandler.php(125): GuzzleHttp\Handler\CurlMultiHandler->tick()
#5 E:\xampp73\htdocs\filecroco\loader\vendor\guzzlehttp\promises\src\Promise.php(246): GuzzleHttp\Handler\CurlMultiHandler->execute(true)
#6 E:\xampp73\htdocs\filecroco\loader\vendor\guzzlehttp\promises\src\Promise.php(223): GuzzleHttp\Promise\Promise->invokeWaitFn()
#7 E:\xampp73\htdocs\filecroco\loader\vendor\guzzlehttp\promises\src\Promise.php(267): GuzzleHttp\Promise\Promise->waitIfPending()
#8 E:\xampp73\htdocs\filecroco\loader\vendor\guzzlehttp\promises\src\Promise.php(225): GuzzleHttp\Promise\Promise->invokeWaitList()
#9 E:\xampp73\htdocs\filecroco\loader\vendor\guzzlehttp\promises\src\Promise.php(62): GuzzleHttp\Promise\Promise->waitIfPending()
#10 E:\xampp73\htdocs\filecroco\loader\vendor\guzzlehttp\promises\src\EachPromise.php(101): GuzzleHttp\Promise\Promise->wait()
#11 E:\xampp73\htdocs\filecroco\loader\vendor\guzzlehttp\promises\src\Promise.php(246): GuzzleHttp\Promise\EachPromise->GuzzleHttp\Promise\{closure}(true)
#12 E:\xampp73\htdocs\filecroco\loader\vendor\guzzlehttp\promises\src\Promise.php(223): GuzzleHttp\Promise\Promise->invokeWaitFn()
#13 E:\xampp73\htdocs\filecroco\loader\vendor\guzzlehttp\promises\src\Promise.php(62): GuzzleHttp\Promise\Promise->waitIfPending()
#14 E:\xampp73\htdocs\filecroco\loader\updatedownloadlink.php(95): GuzzleHttp\Promise\Promise->wait()
#15 {main}|1228GuzzleHttp\Exception\RequestException: cURL error 56:  (see http://curl.haxx.se/libcurl/c/libcurl-errors.html) in E:\xampp73\htdocs\filecroco\loader\vendor\guzzlehttp\guzzle\src\Handler\CurlFactory.php:186
Stack trace:
#0 E:\xampp73\htdocs\filecroco\loader\vendor\guzzlehttp\guzzle\src\Handler\CurlFactory.php(149): GuzzleHttp\Handler\CurlFactory::createRejection(Object(GuzzleHttp\Handler\EasyHandle), Array)
#1 E:\xampp73\htdocs\filecroco\loader\vendor\guzzlehttp\guzzle\src\Handler\CurlFactory.php(102): GuzzleHttp\Handler\CurlFactory::finishError(Object(GuzzleHttp\Handler\CurlMultiHandler), Object(GuzzleHttp\Handler\EasyHandle), Object(GuzzleHttp\Handler\CurlFactory))
#2 E:\xampp73\htdocs\filecroco\loader\vendor\guzzlehttp\guzzle\src\Handler\CurlMultiHandler.php(181): GuzzleHttp\Handler\CurlFactory::finish(Object(GuzzleHttp\Handler\CurlMultiHandler), Object(GuzzleHttp\Handler\EasyHandle), Object(GuzzleHttp\Handler\CurlFactory))
#3 E:\xampp73\htdocs\filecroco\loader\vendor\guzzlehttp\guzzle\src\Handler\CurlMultiHandler.php(110): GuzzleHttp\Handler\CurlMultiHandler->processMessages()
#4 E:\xampp73\htdocs\filecroco\loader\vendor\guzzlehttp\guzzle\src\Handler\CurlMultiHandler.php(125): GuzzleHttp\Handler\CurlMultiHandler->tick()
#5 E:\xampp73\htdocs\filecroco\loader\vendor\guzzlehttp\promises\src\Promise.php(246): GuzzleHttp\Handler\CurlMultiHandler->execute(true)
#6 E:\xampp73\htdocs\filecroco\loader\vendor\guzzlehttp\promises\src\Promise.php(223): GuzzleHttp\Promise\Promise->invokeWaitFn()
#7 E:\xampp73\htdocs\filecroco\loader\vendor\guzzlehttp\promises\src\Promise.php(267): GuzzleHttp\Promise\Promise->waitIfPending()
#8 E:\xampp73\htdocs\filecroco\loader\vendor\guzzlehttp\promises\src\Promise.php(225): GuzzleHttp\Promise\Promise->invokeWaitList()
#9 E:\xampp73\htdocs\filecroco\loader\vendor\guzzlehttp\promises\src\Promise.php(62): GuzzleHttp\Promise\Promise->waitIfPending()
#10 E:\xampp73\htdocs\filecroco\loader\vendor\guzzlehttp\promises\src\EachPromise.php(101): GuzzleHttp\Promise\Promise->wait()
#11 E:\xampp73\htdocs\filecroco\loader\vendor\guzzlehttp\promises\src\Promise.php(246): GuzzleHttp\Promise\EachPromise->GuzzleHttp\Promise\{closure}(true)
#12 E:\xampp73\htdocs\filecroco\loader\vendor\guzzlehttp\promises\src\Promise.php(223): GuzzleHttp\Promise\Promise->invokeWaitFn()
#13 E:\xampp73\htdocs\filecroco\loader\vendor\guzzlehttp\promises\src\Promise.php(62): GuzzleHttp\Promise\Promise->waitIfPending()
#14 E:\xampp73\htdocs\filecroco\loader\updatedownloadlink.php(95): GuzzleHttp\Promise\Promise->wait()
#15 {main}|1229GuzzleHttp\Exception\RequestException: cURL error 56:  (see http://curl.haxx.se/libcurl/c/libcurl-errors.html) in E:\xampp73\htdocs\filecroco\loader\vendor\guzzlehttp\guzzle\src\Handler\CurlFactory.php:186
Stack trace:
#0 E:\xampp73\htdocs\filecroco\loader\vendor\guzzlehttp\guzzle\src\Handler\CurlFactory.php(149): GuzzleHttp\Handler\CurlFactory::createRejection(Object(GuzzleHttp\Handler\EasyHandle), Array)
#1 E:\xampp73\htdocs\filecroco\loader\vendor\guzzlehttp\guzzle\src\Handler\CurlFactory.php(102): GuzzleHttp\Handler\CurlFactory::finishError(Object(GuzzleHttp\Handler\CurlMultiHandler), Object(GuzzleHttp\Handler\EasyHandle), Object(GuzzleHttp\Handler\CurlFactory))
#2 E:\xampp73\htdocs\filecroco\loader\vendor\guzzlehttp\guzzle\src\Handler\CurlMultiHandler.php(181): GuzzleHttp\Handler\CurlFactory::finish(Object(GuzzleHttp\Handler\CurlMultiHandler), Object(GuzzleHttp\Handler\EasyHandle), Object(GuzzleHttp\Handler\CurlFactory))
#3 E:\xampp73\htdocs\filecroco\loader\vendor\guzzlehttp\guzzle\src\Handler\CurlMultiHandler.php(110): GuzzleHttp\Handler\CurlMultiHandler->processMessages()
#4 E:\xampp73\htdocs\filecroco\loader\vendor\guzzlehttp\guzzle\src\Handler\CurlMultiHandler.php(125): GuzzleHttp\Handler\CurlMultiHandler->tick()
#5 E:\xampp73\htdocs\filecroco\loader\vendor\guzzlehttp\promises\src\Promise.php(246): GuzzleHttp\Handler\CurlMultiHandler->execute(true)
#6 E:\xampp73\htdocs\filecroco\loader\vendor\guzzlehttp\promises\src\Promise.php(223): GuzzleHttp\Promise\Promise->invokeWaitFn()
#7 E:\xampp73\htdocs\filecroco\loader\vendor\guzzlehttp\promises\src\Promise.php(267): GuzzleHttp\Promise\Promise->waitIfPending()
#8 E:\xampp73\htdocs\filecroco\loader\vendor\guzzlehttp\promises\src\Promise.php(225): GuzzleHttp\Promise\Promise->invokeWaitList()
#9 E:\xampp73\htdocs\filecroco\loader\vendor\guzzlehttp\promises\src\Promise.php(62): GuzzleHttp\Promise\Promise->waitIfPending()
#10 E:\xampp73\htdocs\filecroco\loader\vendor\guzzlehttp\promises\src\EachPromise.php(101): GuzzleHttp\Promise\Promise->wait()
#11 E:\xampp73\htdocs\filecroco\loader\vendor\guzzlehttp\promises\src\Promise.php(246): GuzzleHttp\Promise\EachPromise->GuzzleHttp\Promise\{closure}(true)
#12 E:\xampp73\htdocs\filecroco\loader\vendor\guzzlehttp\promises\src\Promise.php(223): GuzzleHttp\Promise\Promise->invokeWaitFn()
#13 E:\xampp73\htdocs\filecroco\loader\vendor\guzzlehttp\promises\src\Promise.php(62): GuzzleHttp\Promise\Promise->waitIfPending()
#14 E:\xampp73\htdocs\filecroco\loader\updatedownloadlink.php(95): GuzzleHttp\Promise\Promise->wait()
#15 {main}|1230GuzzleHttp\Exception\RequestException: cURL error 56:  (see http://curl.haxx.se/libcurl/c/libcurl-errors.html) in E:\xampp73\htdocs\filecroco\loader\vendor\guzzlehttp\guzzle\src\Handler\CurlFactory.php:186
Stack trace:
#0 E:\xampp73\htdocs\filecroco\loader\vendor\guzzlehttp\guzzle\src\Handler\CurlFactory.php(149): GuzzleHttp\Handler\CurlFactory::createRejection(Object(GuzzleHttp\Handler\EasyHandle), Array)
#1 E:\xampp73\htdocs\filecroco\loader\vendor\guzzlehttp\guzzle\src\Handler\CurlFactory.php(102): GuzzleHttp\Handler\CurlFactory::finishError(Object(GuzzleHttp\Handler\CurlMultiHandler), Object(GuzzleHttp\Handler\EasyHandle), Object(GuzzleHttp\Handler\CurlFactory))
#2 E:\xampp73\htdocs\filecroco\loader\vendor\guzzlehttp\guzzle\src\Handler\CurlMultiHandler.php(181): GuzzleHttp\Handler\CurlFactory::finish(Object(GuzzleHttp\Handler\CurlMultiHandler), Object(GuzzleHttp\Handler\EasyHandle), Object(GuzzleHttp\Handler\CurlFactory))
#3 E:\xampp73\htdocs\filecroco\loader\vendor\guzzlehttp\guzzle\src\Handler\CurlMultiHandler.php(110): GuzzleHttp\Handler\CurlMultiHandler->processMessages()
#4 E:\xampp73\htdocs\filecroco\loader\vendor\guzzlehttp\guzzle\src\Handler\CurlMultiHandler.php(125): GuzzleHttp\Handler\CurlMultiHandler->tick()
#5 E:\xampp73\htdocs\filecroco\loader\vendor\guzzlehttp\promises\src\Promise.php(246): GuzzleHttp\Handler\CurlMultiHandler->execute(true)
#6 E:\xampp73\htdocs\filecroco\loader\vendor\guzzlehttp\promises\src\Promise.php(223): GuzzleHttp\Promise\Promise->invokeWaitFn()
#7 E:\xampp73\htdocs\filecroco\loader\vendor\guzzlehttp\promises\src\Promise.php(267): GuzzleHttp\Promise\Promise->waitIfPending()
#8 E:\xampp73\htdocs\filecroco\loader\vendor\guzzlehttp\promises\src\Promise.php(225): GuzzleHttp\Promise\Promise->invokeWaitList()
#9 E:\xampp73\htdocs\filecroco\loader\vendor\guzzlehttp\promises\src\Promise.php(62): GuzzleHttp\Promise\Promise->waitIfPending()
#10 E:\xampp73\htdocs\filecroco\loader\vendor\guzzlehttp\promises\src\EachPromise.php(101): GuzzleHttp\Promise\Promise->wait()
#11 E:\xampp73\htdocs\filecroco\loader\vendor\guzzlehttp\promises\src\Promise.php(246): GuzzleHttp\Promise\EachPromise->GuzzleHttp\Promise\{closure}(true)
#12 E:\xampp73\htdocs\filecroco\loader\vendor\guzzlehttp\promises\src\Promise.php(223): GuzzleHttp\Promise\Promise->invokeWaitFn()
#13 E:\xampp73\htdocs\filecroco\loader\vendor\guzzlehttp\promises\src\Promise.php(62): GuzzleHttp\Promise\Promise->waitIfPending()
#14 E:\xampp73\htdocs\filecroco\loader\updatedownloadlink.php(95): GuzzleHttp\Promise\Promise->wait()
#15 {main}|1231GuzzleHttp\Exception\RequestException: cURL error 56:  (see http://curl.haxx.se/libcurl/c/libcurl-errors.html) in E:\xampp73\htdocs\filecroco\loader\vendor\guzzlehttp\guzzle\src\Handler\CurlFactory.php:186
Stack trace:
#0 E:\xampp73\htdocs\filecroco\loader\vendor\guzzlehttp\guzzle\src\Handler\CurlFactory.php(149): GuzzleHttp\Handler\CurlFactory::createRejection(Object(GuzzleHttp\Handler\EasyHandle), Array)
#1 E:\xampp73\htdocs\filecroco\loader\vendor\guzzlehttp\guzzle\src\Handler\CurlFactory.php(102): GuzzleHttp\Handler\CurlFactory::finishError(Object(GuzzleHttp\Handler\CurlMultiHandler), Object(GuzzleHttp\Handler\EasyHandle), Object(GuzzleHttp\Handler\CurlFactory))
#2 E:\xampp73\htdocs\filecroco\loader\vendor\guzzlehttp\guzzle\src\Handler\CurlMultiHandler.php(181): GuzzleHttp\Handler\CurlFactory::finish(Object(GuzzleHttp\Handler\CurlMultiHandler), Object(GuzzleHttp\Handler\EasyHandle), Object(GuzzleHttp\Handler\CurlFactory))
#3 E:\xampp73\htdocs\filecroco\loader\vendor\guzzlehttp\guzzle\src\Handler\CurlMultiHandler.php(110): GuzzleHttp\Handler\CurlMultiHandler->processMessages()
#4 E:\xampp73\htdocs\filecroco\loader\vendor\guzzlehttp\guzzle\src\Handler\CurlMultiHandler.php(125): GuzzleHttp\Handler\CurlMultiHandler->tick()
#5 E:\xampp73\htdocs\filecroco\loader\vendor\guzzlehttp\promises\src\Promise.php(246): GuzzleHttp\Handler\CurlMultiHandler->execute(true)
#6 E:\xampp73\htdocs\filecroco\loader\vendor\guzzlehttp\promises\src\Promise.php(223): GuzzleHttp\Promise\Promise->invokeWaitFn()
#7 E:\xampp73\htdocs\filecroco\loader\vendor\guzzlehttp\promises\src\Promise.php(267): GuzzleHttp\Promise\Promise->waitIfPending()
#8 E:\xampp73\htdocs\filecroco\loader\vendor\guzzlehttp\promises\src\Promise.php(225): GuzzleHttp\Promise\Promise->invokeWaitList()
#9 E:\xampp73\htdocs\filecroco\loader\vendor\guzzlehttp\promises\src\Promise.php(62): GuzzleHttp\Promise\Promise->waitIfPending()
#10 E:\xampp73\htdocs\filecroco\loader\vendor\guzzlehttp\promises\src\EachPromise.php(101): GuzzleHttp\Promise\Promise->wait()
#11 E:\xampp73\htdocs\filecroco\loader\vendor\guzzlehttp\promises\src\Promise.php(246): GuzzleHttp\Promise\EachPromise->GuzzleHttp\Promise\{closure}(true)
#12 E:\xampp73\htdocs\filecroco\loader\vendor\guzzlehttp\promises\src\Promise.php(223): GuzzleHttp\Promise\Promise->invokeWaitFn()
#13 E:\xampp73\htdocs\filecroco\loader\vendor\guzzlehttp\promises\src\Promise.php(62): GuzzleHttp\Promise\Promise->waitIfPending()
#14 E:\xampp73\htdocs\filecroco\loader\updatedownloadlink.php(95): GuzzleHttp\Promise\Promise->wait()
#15 {main}|1232GuzzleHttp\Exception\RequestException: cURL error 56:  (see http://curl.haxx.se/libcurl/c/libcurl-errors.html) in E:\xampp73\htdocs\filecroco\loader\vendor\guzzlehttp\guzzle\src\Handler\CurlFactory.php:186
Stack trace:
#0 E:\xampp73\htdocs\filecroco\loader\vendor\guzzlehttp\guzzle\src\Handler\CurlFactory.php(149): GuzzleHttp\Handler\CurlFactory::createRejection(Object(GuzzleHttp\Handler\EasyHandle), Array)
#1 E:\xampp73\htdocs\filecroco\loader\vendor\guzzlehttp\guzzle\src\Handler\CurlFactory.php(102): GuzzleHttp\Handler\CurlFactory::finishError(Object(GuzzleHttp\Handler\CurlMultiHandler), Object(GuzzleHttp\Handler\EasyHandle), Object(GuzzleHttp\Handler\CurlFactory))
#2 E:\xampp73\htdocs\filecroco\loader\vendor\guzzlehttp\guzzle\src\Handler\CurlMultiHandler.php(181): GuzzleHttp\Handler\CurlFactory::finish(Object(GuzzleHttp\Handler\CurlMultiHandler), Object(GuzzleHttp\Handler\EasyHandle), Object(GuzzleHttp\Handler\CurlFactory))
#3 E:\xampp73\htdocs\filecroco\loader\vendor\guzzlehttp\guzzle\src\Handler\CurlMultiHandler.php(110): GuzzleHttp\Handler\CurlMultiHandler->processMessages()
#4 E:\xampp73\htdocs\filecroco\loader\vendor\guzzlehttp\guzzle\src\Handler\CurlMultiHandler.php(125): GuzzleHttp\Handler\CurlMultiHandler->tick()
#5 E:\xampp73\htdocs\filecroco\loader\vendor\guzzlehttp\promises\src\Promise.php(246): GuzzleHttp\Handler\CurlMultiHandler->execute(true)
#6 E:\xampp73\htdocs\filecroco\loader\vendor\guzzlehttp\promises\src\Promise.php(223): GuzzleHttp\Promise\Promise->invokeWaitFn()
#7 E:\xampp73\htdocs\filecroco\loader\vendor\guzzlehttp\promises\src\Promise.php(267): GuzzleHttp\Promise\Promise->waitIfPending()
#8 E:\xampp73\htdocs\filecroco\loader\vendor\guzzlehttp\promises\src\Promise.php(225): GuzzleHttp\Promise\Promise->invokeWaitList()
#9 E:\xampp73\htdocs\filecroco\loader\vendor\guzzlehttp\promises\src\Promise.php(62): GuzzleHttp\Promise\Promise->waitIfPending()
#10 E:\xampp73\htdocs\filecroco\loader\vendor\guzzlehttp\promises\src\EachPromise.php(101): GuzzleHttp\Promise\Promise->wait()
#11 E:\xampp73\htdocs\filecroco\loader\vendor\guzzlehttp\promises\src\Promise.php(246): GuzzleHttp\Promise\EachPromise->GuzzleHttp\Promise\{closure}(true)
#12 E:\xampp73\htdocs\filecroco\loader\vendor\guzzlehttp\promises\src\Promise.php(223): GuzzleHttp\Promise\Promise->invokeWaitFn()
#13 E:\xampp73\htdocs\filecroco\loader\vendor\guzzlehttp\promises\src\Promise.php(62): GuzzleHttp\Promise\Promise->waitIfPending()
#14 E:\xampp73\htdocs\filecroco\loader\updatedownloadlink.php(95): GuzzleHttp\Promise\Promise->wait()
#15 {main}|1233GuzzleHttp\Exception\RequestException: cURL error 56:  (see http://curl.haxx.se/libcurl/c/libcurl-errors.html) in E:\xampp73\htdocs\filecroco\loader\vendor\guzzlehttp\guzzle\src\Handler\CurlFactory.php:186
Stack trace:
#0 E:\xampp73\htdocs\filecroco\loader\vendor\guzzlehttp\guzzle\src\Handler\CurlFactory.php(149): GuzzleHttp\Handler\CurlFactory::createRejection(Object(GuzzleHttp\Handler\EasyHandle), Array)
#1 E:\xampp73\htdocs\filecroco\loader\vendor\guzzlehttp\guzzle\src\Handler\CurlFactory.php(102): GuzzleHttp\Handler\CurlFactory::finishError(Object(GuzzleHttp\Handler\CurlMultiHandler), Object(GuzzleHttp\Handler\EasyHandle), Object(GuzzleHttp\Handler\CurlFactory))
#2 E:\xampp73\htdocs\filecroco\loader\vendor\guzzlehttp\guzzle\src\Handler\CurlMultiHandler.php(181): GuzzleHttp\Handler\CurlFactory::finish(Object(GuzzleHttp\Handler\CurlMultiHandler), Object(GuzzleHttp\Handler\EasyHandle), Object(GuzzleHttp\Handler\CurlFactory))
#3 E:\xampp73\htdocs\filecroco\loader\vendor\guzzlehttp\guzzle\src\Handler\CurlMultiHandler.php(110): GuzzleHttp\Handler\CurlMultiHandler->processMessages()
#4 E:\xampp73\htdocs\filecroco\loader\vendor\guzzlehttp\guzzle\src\Handler\CurlMultiHandler.php(125): GuzzleHttp\Handler\CurlMultiHandler->tick()
#5 E:\xampp73\htdocs\filecroco\loader\vendor\guzzlehttp\promises\src\Promise.php(246): GuzzleHttp\Handler\CurlMultiHandler->execute(true)
#6 E:\xampp73\htdocs\filecroco\loader\vendor\guzzlehttp\promises\src\Promise.php(223): GuzzleHttp\Promise\Promise->invokeWaitFn()
#7 E:\xampp73\htdocs\filecroco\loader\vendor\guzzlehttp\promises\src\Promise.php(267): GuzzleHttp\Promise\Promise->waitIfPending()
#8 E:\xampp73\htdocs\filecroco\loader\vendor\guzzlehttp\promises\src\Promise.php(225): GuzzleHttp\Promise\Promise->invokeWaitList()
#9 E:\xampp73\htdocs\filecroco\loader\vendor\guzzlehttp\promises\src\Promise.php(62): GuzzleHttp\Promise\Promise->waitIfPending()
#10 E:\xampp73\htdocs\filecroco\loader\vendor\guzzlehttp\promises\src\EachPromise.php(101): GuzzleHttp\Promise\Promise->wait()
#11 E:\xampp73\htdocs\filecroco\loader\vendor\guzzlehttp\promises\src\Promise.php(246): GuzzleHttp\Promise\EachPromise->GuzzleHttp\Promise\{closure}(true)
#12 E:\xampp73\htdocs\filecroco\loader\vendor\guzzlehttp\promises\src\Promise.php(223): GuzzleHttp\Promise\Promise->invokeWaitFn()
#13 E:\xampp73\htdocs\filecroco\loader\vendor\guzzlehttp\promises\src\Promise.php(62): GuzzleHttp\Promise\Promise->waitIfPending()
#14 E:\xampp73\htdocs\filecroco\loader\updatedownloadlink.php(95): GuzzleHttp\Promise\Promise->wait()
#15 {main}|1234GuzzleHttp\Exception\RequestException: cURL error 56:  (see http://curl.haxx.se/libcurl/c/libcurl-errors.html) in E:\xampp73\htdocs\filecroco\loader\vendor\guzzlehttp\guzzle\src\Handler\CurlFactory.php:186
Stack trace:
#0 E:\xampp73\htdocs\filecroco\loader\vendor\guzzlehttp\guzzle\src\Handler\CurlFactory.php(149): GuzzleHttp\Handler\CurlFactory::createRejection(Object(GuzzleHttp\Handler\EasyHandle), Array)
#1 E:\xampp73\htdocs\filecroco\loader\vendor\guzzlehttp\guzzle\src\Handler\CurlFactory.php(102): GuzzleHttp\Handler\CurlFactory::finishError(Object(GuzzleHttp\Handler\CurlMultiHandler), Object(GuzzleHttp\Handler\EasyHandle), Object(GuzzleHttp\Handler\CurlFactory))
#2 E:\xampp73\htdocs\filecroco\loader\vendor\guzzlehttp\guzzle\src\Handler\CurlMultiHandler.php(181): GuzzleHttp\Handler\CurlFactory::finish(Object(GuzzleHttp\Handler\CurlMultiHandler), Object(GuzzleHttp\Handler\EasyHandle), Object(GuzzleHttp\Handler\CurlFactory))
#3 E:\xampp73\htdocs\filecroco\loader\vendor\guzzlehttp\guzzle\src\Handler\CurlMultiHandler.php(110): GuzzleHttp\Handler\CurlMultiHandler->processMessages()
#4 E:\xampp73\htdocs\filecroco\loader\vendor\guzzlehttp\guzzle\src\Handler\CurlMultiHandler.php(125): GuzzleHttp\Handler\CurlMultiHandler->tick()
#5 E:\xampp73\htdocs\filecroco\loader\vendor\guzzlehttp\promises\src\Promise.php(246): GuzzleHttp\Handler\CurlMultiHandler->execute(true)
#6 E:\xampp73\htdocs\filecroco\loader\vendor\guzzlehttp\promises\src\Promise.php(223): GuzzleHttp\Promise\Promise->invokeWaitFn()
#7 E:\xampp73\htdocs\filecroco\loader\vendor\guzzlehttp\promises\src\Promise.php(267): GuzzleHttp\Promise\Promise->waitIfPending()
#8 E:\xampp73\htdocs\filecroco\loader\vendor\guzzlehttp\promises\src\Promise.php(225): GuzzleHttp\Promise\Promise->invokeWaitList()
#9 E:\xampp73\htdocs\filecroco\loader\vendor\guzzlehttp\promises\src\Promise.php(62): GuzzleHttp\Promise\Promise->waitIfPending()
#10 E:\xampp73\htdocs\filecroco\loader\vendor\guzzlehttp\promises\src\EachPromise.php(101): GuzzleHttp\Promise\Promise->wait()
#11 E:\xampp73\htdocs\filecroco\loader\vendor\guzzlehttp\promises\src\Promise.php(246): GuzzleHttp\Promise\EachPromise->GuzzleHttp\Promise\{closure}(true)
#12 E:\xampp73\htdocs\filecroco\loader\vendor\guzzlehttp\promises\src\Promise.php(223): GuzzleHttp\Promise\Promise->invokeWaitFn()
#13 E:\xampp73\htdocs\filecroco\loader\vendor\guzzlehttp\promises\src\Promise.php(62): GuzzleHttp\Promise\Promise->waitIfPending()
#14 E:\xampp73\htdocs\filecroco\loader\updatedownloadlink.php(95): GuzzleHttp\Promise\Promise->wait()
#15 {main}|1235GuzzleHttp\Exception\RequestException: cURL error 56:  (see http://curl.haxx.se/libcurl/c/libcurl-errors.html) in E:\xampp73\htdocs\filecroco\loader\vendor\guzzlehttp\guzzle\src\Handler\CurlFactory.php:186
Stack trace:
#0 E:\xampp73\htdocs\filecroco\loader\vendor\guzzlehttp\guzzle\src\Handler\CurlFactory.php(149): GuzzleHttp\Handler\CurlFactory::createRejection(Object(GuzzleHttp\Handler\EasyHandle), Array)
#1 E:\xampp73\htdocs\filecroco\loader\vendor\guzzlehttp\guzzle\src\Handler\CurlFactory.php(102): GuzzleHttp\Handler\CurlFactory::finishError(Object(GuzzleHttp\Handler\CurlMultiHandler), Object(GuzzleHttp\Handler\EasyHandle), Object(GuzzleHttp\Handler\CurlFactory))
#2 E:\xampp73\htdocs\filecroco\loader\vendor\guzzlehttp\guzzle\src\Handler\CurlMultiHandler.php(181): GuzzleHttp\Handler\CurlFactory::finish(Object(GuzzleHttp\Handler\CurlMultiHandler), Object(GuzzleHttp\Handler\EasyHandle), Object(GuzzleHttp\Handler\CurlFactory))
#3 E:\xampp73\htdocs\filecroco\loader\vendor\guzzlehttp\guzzle\src\Handler\CurlMultiHandler.php(110): GuzzleHttp\Handler\CurlMultiHandler->processMessages()
#4 E:\xampp73\htdocs\filecroco\loader\vendor\guzzlehttp\guzzle\src\Handler\CurlMultiHandler.php(125): GuzzleHttp\Handler\CurlMultiHandler->tick()
#5 E:\xampp73\htdocs\filecroco\loader\vendor\guzzlehttp\promises\src\Promise.php(246): GuzzleHttp\Handler\CurlMultiHandler->execute(true)
#6 E:\xampp73\htdocs\filecroco\loader\vendor\guzzlehttp\promises\src\Promise.php(223): GuzzleHttp\Promise\Promise->invokeWaitFn()
#7 E:\xampp73\htdocs\filecroco\loader\vendor\guzzlehttp\promises\src\Promise.php(267): GuzzleHttp\Promise\Promise->waitIfPending()
#8 E:\xampp73\htdocs\filecroco\loader\vendor\guzzlehttp\promises\src\Promise.php(225): GuzzleHttp\Promise\Promise->invokeWaitList()
#9 E:\xampp73\htdocs\filecroco\loader\vendor\guzzlehttp\promises\src\Promise.php(62): GuzzleHttp\Promise\Promise->waitIfPending()
#10 E:\xampp73\htdocs\filecroco\loader\vendor\guzzlehttp\promises\src\EachPromise.php(101): GuzzleHttp\Promise\Promise->wait()
#11 E:\xampp73\htdocs\filecroco\loader\vendor\guzzlehttp\promises\src\Promise.php(246): GuzzleHttp\Promise\EachPromise->GuzzleHttp\Promise\{closure}(true)
#12 E:\xampp73\htdocs\filecroco\loader\vendor\guzzlehttp\promises\src\Promise.php(223): GuzzleHttp\Promise\Promise->invokeWaitFn()
#13 E:\xampp73\htdocs\filecroco\loader\vendor\guzzlehttp\promises\src\Promise.php(62): GuzzleHttp\Promise\Promise->waitIfPending()
#14 E:\xampp73\htdocs\filecroco\loader\updatedownloadlink.php(95): GuzzleHttp\Promise\Promise->wait()
#15 {main}|1236GuzzleHttp\Exception\RequestException: cURL error 56:  (see http://curl.haxx.se/libcurl/c/libcurl-errors.html) in E:\xampp73\htdocs\filecroco\loader\vendor\guzzlehttp\guzzle\src\Handler\CurlFactory.php:186
Stack trace:
#0 E:\xampp73\htdocs\filecroco\loader\vendor\guzzlehttp\guzzle\src\Handler\CurlFactory.php(149): GuzzleHttp\Handler\CurlFactory::createRejection(Object(GuzzleHttp\Handler\EasyHandle), Array)
#1 E:\xampp73\htdocs\filecroco\loader\vendor\guzzlehttp\guzzle\src\Handler\CurlFactory.php(102): GuzzleHttp\Handler\CurlFactory::finishError(Object(GuzzleHttp\Handler\CurlMultiHandler), Object(GuzzleHttp\Handler\EasyHandle), Object(GuzzleHttp\Handler\CurlFactory))
#2 E:\xampp73\htdocs\filecroco\loader\vendor\guzzlehttp\guzzle\src\Handler\CurlMultiHandler.php(181): GuzzleHttp\Handler\CurlFactory::finish(Object(GuzzleHttp\Handler\CurlMultiHandler), Object(GuzzleHttp\Handler\EasyHandle), Object(GuzzleHttp\Handler\CurlFactory))
#3 E:\xampp73\htdocs\filecroco\loader\vendor\guzzlehttp\guzzle\src\Handler\CurlMultiHandler.php(110): GuzzleHttp\Handler\CurlMultiHandler->processMessages()
#4 E:\xampp73\htdocs\filecroco\loader\vendor\guzzlehttp\guzzle\src\Handler\CurlMultiHandler.php(125): GuzzleHttp\Handler\CurlMultiHandler->tick()
#5 E:\xampp73\htdocs\filecroco\loader\vendor\guzzlehttp\promises\src\Promise.php(246): GuzzleHttp\Handler\CurlMultiHandler->execute(true)
#6 E:\xampp73\htdocs\filecroco\loader\vendor\guzzlehttp\promises\src\Promise.php(223): GuzzleHttp\Promise\Promise->invokeWaitFn()
#7 E:\xampp73\htdocs\filecroco\loader\vendor\guzzlehttp\promises\src\Promise.php(267): GuzzleHttp\Promise\Promise->waitIfPending()
#8 E:\xampp73\htdocs\filecroco\loader\vendor\guzzlehttp\promises\src\Promise.php(225): GuzzleHttp\Promise\Promise->invokeWaitList()
#9 E:\xampp73\htdocs\filecroco\loader\vendor\guzzlehttp\promises\src\Promise.php(62): GuzzleHttp\Promise\Promise->waitIfPending()
#10 E:\xampp73\htdocs\filecroco\loader\vendor\guzzlehttp\promises\src\EachPromise.php(101): GuzzleHttp\Promise\Promise->wait()
#11 E:\xampp73\htdocs\filecroco\loader\vendor\guzzlehttp\promises\src\Promise.php(246): GuzzleHttp\Promise\EachPromise->GuzzleHttp\Promise\{closure}(true)
#12 E:\xampp73\htdocs\filecroco\loader\vendor\guzzlehttp\promises\src\Promise.php(223): GuzzleHttp\Promise\Promise->invokeWaitFn()
#13 E:\xampp73\htdocs\filecroco\loader\vendor\guzzlehttp\promises\src\Promise.php(62): GuzzleHttp\Promise\Promise->waitIfPending()
#14 E:\xampp73\htdocs\filecroco\loader\updatedownloadlink.php(95): GuzzleHttp\Promise\Promise->wait()
#15 {main}|1237GuzzleHttp\Exception\RequestException: cURL error 56:  (see http://curl.haxx.se/libcurl/c/libcurl-errors.html) in E:\xampp73\htdocs\filecroco\loader\vendor\guzzlehttp\guzzle\src\Handler\CurlFactory.php:186
Stack trace:
#0 E:\xampp73\htdocs\filecroco\loader\vendor\guzzlehttp\guzzle\src\Handler\CurlFactory.php(149): GuzzleHttp\Handler\CurlFactory::createRejection(Object(GuzzleHttp\Handler\EasyHandle), Array)
#1 E:\xampp73\htdocs\filecroco\loader\vendor\guzzlehttp\guzzle\src\Handler\CurlFactory.php(102): GuzzleHttp\Handler\CurlFactory::finishError(Object(GuzzleHttp\Handler\CurlMultiHandler), Object(GuzzleHttp\Handler\EasyHandle), Object(GuzzleHttp\Handler\CurlFactory))
#2 E:\xampp73\htdocs\filecroco\loader\vendor\guzzlehttp\guzzle\src\Handler\CurlMultiHandler.php(181): GuzzleHttp\Handler\CurlFactory::finish(Object(GuzzleHttp\Handler\CurlMultiHandler), Object(GuzzleHttp\Handler\EasyHandle), Object(GuzzleHttp\Handler\CurlFactory))
#3 E:\xampp73\htdocs\filecroco\loader\vendor\guzzlehttp\guzzle\src\Handler\CurlMultiHandler.php(110): GuzzleHttp\Handler\CurlMultiHandler->processMessages()
#4 E:\xampp73\htdocs\filecroco\loader\vendor\guzzlehttp\guzzle\src\Handler\CurlMultiHandler.php(125): GuzzleHttp\Handler\CurlMultiHandler->tick()
#5 E:\xampp73\htdocs\filecroco\loader\vendor\guzzlehttp\promises\src\Promise.php(246): GuzzleHttp\Handler\CurlMultiHandler->execute(true)
#6 E:\xampp73\htdocs\filecroco\loader\vendor\guzzlehttp\promises\src\Promise.php(223): GuzzleHttp\Promise\Promise->invokeWaitFn()
#7 E:\xampp73\htdocs\filecroco\loader\vendor\guzzlehttp\promises\src\Promise.php(267): GuzzleHttp\Promise\Promise->waitIfPending()
#8 E:\xampp73\htdocs\filecroco\loader\vendor\guzzlehttp\promises\src\Promise.php(225): GuzzleHttp\Promise\Promise->invokeWaitList()
#9 E:\xampp73\htdocs\filecroco\loader\vendor\guzzlehttp\promises\src\Promise.php(62): GuzzleHttp\Promise\Promise->waitIfPending()
#10 E:\xampp73\htdocs\filecroco\loader\vendor\guzzlehttp\promises\src\EachPromise.php(101): GuzzleHttp\Promise\Promise->wait()
#11 E:\xampp73\htdocs\filecroco\loader\vendor\guzzlehttp\promises\src\Promise.php(246): GuzzleHttp\Promise\EachPromise->GuzzleHttp\Promise\{closure}(true)
#12 E:\xampp73\htdocs\filecroco\loader\vendor\guzzlehttp\promises\src\Promise.php(223): GuzzleHttp\Promise\Promise->invokeWaitFn()
#13 E:\xampp73\htdocs\filecroco\loader\vendor\guzzlehttp\promises\src\Promise.php(62): GuzzleHttp\Promise\Promise->waitIfPending()
#14 E:\xampp73\htdocs\filecroco\loader\updatedownloadlink.php(95): GuzzleHttp\Promise\Promise->wait()
#15 {main}|1238GuzzleHttp\Exception\RequestException: cURL error 56:  (see http://curl.haxx.se/libcurl/c/libcurl-errors.html) in E:\xampp73\htdocs\filecroco\loader\vendor\guzzlehttp\guzzle\src\Handler\CurlFactory.php:186
Stack trace:
#0 E:\xampp73\htdocs\filecroco\loader\vendor\guzzlehttp\guzzle\src\Handler\CurlFactory.php(149): GuzzleHttp\Handler\CurlFactory::createRejection(Object(GuzzleHttp\Handler\EasyHandle), Array)
#1 E:\xampp73\htdocs\filecroco\loader\vendor\guzzlehttp\guzzle\src\Handler\CurlFactory.php(102): GuzzleHttp\Handler\CurlFactory::finishError(Object(GuzzleHttp\Handler\CurlMultiHandler), Object(GuzzleHttp\Handler\EasyHandle), Object(GuzzleHttp\Handler\CurlFactory))
#2 E:\xampp73\htdocs\filecroco\loader\vendor\guzzlehttp\guzzle\src\Handler\CurlMultiHandler.php(181): GuzzleHttp\Handler\CurlFactory::finish(Object(GuzzleHttp\Handler\CurlMultiHandler), Object(GuzzleHttp\Handler\EasyHandle), Object(GuzzleHttp\Handler\CurlFactory))
#3 E:\xampp73\htdocs\filecroco\loader\vendor\guzzlehttp\guzzle\src\Handler\CurlMultiHandler.php(110): GuzzleHttp\Handler\CurlMultiHandler->processMessages()
#4 E:\xampp73\htdocs\filecroco\loader\vendor\guzzlehttp\guzzle\src\Handler\CurlMultiHandler.php(125): GuzzleHttp\Handler\CurlMultiHandler->tick()
#5 E:\xampp73\htdocs\filecroco\loader\vendor\guzzlehttp\promises\src\Promise.php(246): GuzzleHttp\Handler\CurlMultiHandler->execute(true)
#6 E:\xampp73\htdocs\filecroco\loader\vendor\guzzlehttp\promises\src\Promise.php(223): GuzzleHttp\Promise\Promise->invokeWaitFn()
#7 E:\xampp73\htdocs\filecroco\loader\vendor\guzzlehttp\promises\src\Promise.php(267): GuzzleHttp\Promise\Promise->waitIfPending()
#8 E:\xampp73\htdocs\filecroco\loader\vendor\guzzlehttp\promises\src\Promise.php(225): GuzzleHttp\Promise\Promise->invokeWaitList()
#9 E:\xampp73\htdocs\filecroco\loader\vendor\guzzlehttp\promises\src\Promise.php(62): GuzzleHttp\Promise\Promise->waitIfPending()
#10 E:\xampp73\htdocs\filecroco\loader\vendor\guzzlehttp\promises\src\EachPromise.php(101): GuzzleHttp\Promise\Promise->wait()
#11 E:\xampp73\htdocs\filecroco\loader\vendor\guzzlehttp\promises\src\Promise.php(246): GuzzleHttp\Promise\EachPromise->GuzzleHttp\Promise\{closure}(true)
#12 E:\xampp73\htdocs\filecroco\loader\vendor\guzzlehttp\promises\src\Promise.php(223): GuzzleHttp\Promise\Promise->invokeWaitFn()
#13 E:\xampp73\htdocs\filecroco\loader\vendor\guzzlehttp\promises\src\Promise.php(62): GuzzleHttp\Promise\Promise->waitIfPending()
#14 E:\xampp73\htdocs\filecroco\loader\updatedownloadlink.php(95): GuzzleHttp\Promise\Promise->wait()
#15 {main}|1239GuzzleHttp\Exception\RequestException: cURL error 56:  (see http://curl.haxx.se/libcurl/c/libcurl-errors.html) in E:\xampp73\htdocs\filecroco\loader\vendor\guzzlehttp\guzzle\src\Handler\CurlFactory.php:186
Stack trace:
#0 E:\xampp73\htdocs\filecroco\loader\vendor\guzzlehttp\guzzle\src\Handler\CurlFactory.php(149): GuzzleHttp\Handler\CurlFactory::createRejection(Object(GuzzleHttp\Handler\EasyHandle), Array)
#1 E:\xampp73\htdocs\filecroco\loader\vendor\guzzlehttp\guzzle\src\Handler\CurlFactory.php(102): GuzzleHttp\Handler\CurlFactory::finishError(Object(GuzzleHttp\Handler\CurlMultiHandler), Object(GuzzleHttp\Handler\EasyHandle), Object(GuzzleHttp\Handler\CurlFactory))
#2 E:\xampp73\htdocs\filecroco\loader\vendor\guzzlehttp\guzzle\src\Handler\CurlMultiHandler.php(181): GuzzleHttp\Handler\CurlFactory::finish(Object(GuzzleHttp\Handler\CurlMultiHandler), Object(GuzzleHttp\Handler\EasyHandle), Object(GuzzleHttp\Handler\CurlFactory))
#3 E:\xampp73\htdocs\filecroco\loader\vendor\guzzlehttp\guzzle\src\Handler\CurlMultiHandler.php(110): GuzzleHttp\Handler\CurlMultiHandler->processMessages()
#4 E:\xampp73\htdocs\filecroco\loader\vendor\guzzlehttp\guzzle\src\Handler\CurlMultiHandler.php(125): GuzzleHttp\Handler\CurlMultiHandler->tick()
#5 E:\xampp73\htdocs\filecroco\loader\vendor\guzzlehttp\promises\src\Promise.php(246): GuzzleHttp\Handler\CurlMultiHandler->execute(true)
#6 E:\xampp73\htdocs\filecroco\loader\vendor\guzzlehttp\promises\src\Promise.php(223): GuzzleHttp\Promise\Promise->invokeWaitFn()
#7 E:\xampp73\htdocs\filecroco\loader\vendor\guzzlehttp\promises\src\Promise.php(267): GuzzleHttp\Promise\Promise->waitIfPending()
#8 E:\xampp73\htdocs\filecroco\loader\vendor\guzzlehttp\promises\src\Promise.php(225): GuzzleHttp\Promise\Promise->invokeWaitList()
#9 E:\xampp73\htdocs\filecroco\loader\vendor\guzzlehttp\promises\src\Promise.php(62): GuzzleHttp\Promise\Promise->waitIfPending()
#10 E:\xampp73\htdocs\filecroco\loader\vendor\guzzlehttp\promises\src\EachPromise.php(101): GuzzleHttp\Promise\Promise->wait()
#11 E:\xampp73\htdocs\filecroco\loader\vendor\guzzlehttp\promises\src\Promise.php(246): GuzzleHttp\Promise\EachPromise->GuzzleHttp\Promise\{closure}(true)
#12 E:\xampp73\htdocs\filecroco\loader\vendor\guzzlehttp\promises\src\Promise.php(223): GuzzleHttp\Promise\Promise->invokeWaitFn()
#13 E:\xampp73\htdocs\filecroco\loader\vendor\guzzlehttp\promises\src\Promise.php(62): GuzzleHttp\Promise\Promise->waitIfPending()
#14 E:\xampp73\htdocs\filecroco\loader\updatedownloadlink.php(95): GuzzleHttp\Promise\Promise->wait()
#15 {main}|1240GuzzleHttp\Exception\RequestException: cURL error 56:  (see http://curl.haxx.se/libcurl/c/libcurl-errors.html) in E:\xampp73\htdocs\filecroco\loader\vendor\guzzlehttp\guzzle\src\Handler\CurlFactory.php:186
Stack trace:
#0 E:\xampp73\htdocs\filecroco\loader\vendor\guzzlehttp\guzzle\src\Handler\CurlFactory.php(149): GuzzleHttp\Handler\CurlFactory::createRejection(Object(GuzzleHttp\Handler\EasyHandle), Array)
#1 E:\xampp73\htdocs\filecroco\loader\vendor\guzzlehttp\guzzle\src\Handler\CurlFactory.php(102): GuzzleHttp\Handler\CurlFactory::finishError(Object(GuzzleHttp\Handler\CurlMultiHandler), Object(GuzzleHttp\Handler\EasyHandle), Object(GuzzleHttp\Handler\CurlFactory))
#2 E:\xampp73\htdocs\filecroco\loader\vendor\guzzlehttp\guzzle\src\Handler\CurlMultiHandler.php(181): GuzzleHttp\Handler\CurlFactory::finish(Object(GuzzleHttp\Handler\CurlMultiHandler), Object(GuzzleHttp\Handler\EasyHandle), Object(GuzzleHttp\Handler\CurlFactory))
#3 E:\xampp73\htdocs\filecroco\loader\vendor\guzzlehttp\guzzle\src\Handler\CurlMultiHandler.php(110): GuzzleHttp\Handler\CurlMultiHandler->processMessages()
#4 E:\xampp73\htdocs\filecroco\loader\vendor\guzzlehttp\guzzle\src\Handler\CurlMultiHandler.php(125): GuzzleHttp\Handler\CurlMultiHandler->tick()
#5 E:\xampp73\htdocs\filecroco\loader\vendor\guzzlehttp\promises\src\Promise.php(246): GuzzleHttp\Handler\CurlMultiHandler->execute(true)
#6 E:\xampp73\htdocs\filecroco\loader\vendor\guzzlehttp\promises\src\Promise.php(223): GuzzleHttp\Promise\Promise->invokeWaitFn()
#7 E:\xampp73\htdocs\filecroco\loader\vendor\guzzlehttp\promises\src\Promise.php(267): GuzzleHttp\Promise\Promise->waitIfPending()
#8 E:\xampp73\htdocs\filecroco\loader\vendor\guzzlehttp\promises\src\Promise.php(225): GuzzleHttp\Promise\Promise->invokeWaitList()
#9 E:\xampp73\htdocs\filecroco\loader\vendor\guzzlehttp\promises\src\Promise.php(62): GuzzleHttp\Promise\Promise->waitIfPending()
#10 E:\xampp73\htdocs\filecroco\loader\vendor\guzzlehttp\promises\src\EachPromise.php(101): GuzzleHttp\Promise\Promise->wait()
#11 E:\xampp73\htdocs\filecroco\loader\vendor\guzzlehttp\promises\src\Promise.php(246): GuzzleHttp\Promise\EachPromise->GuzzleHttp\Promise\{closure}(true)
#12 E:\xampp73\htdocs\filecroco\loader\vendor\guzzlehttp\promises\src\Promise.php(223): GuzzleHttp\Promise\Promise->invokeWaitFn()
#13 E:\xampp73\htdocs\filecroco\loader\vendor\guzzlehttp\promises\src\Promise.php(62): GuzzleHttp\Promise\Promise->waitIfPending()
#14 E:\xampp73\htdocs\filecroco\loader\updatedownloadlink.php(95): GuzzleHttp\Promise\Promise->wait()
#15 {main}|1241GuzzleHttp\Exception\RequestException: cURL error 56:  (see http://curl.haxx.se/libcurl/c/libcurl-errors.html) in E:\xampp73\htdocs\filecroco\loader\vendor\guzzlehttp\guzzle\src\Handler\CurlFactory.php:186
Stack trace:
#0 E:\xampp73\htdocs\filecroco\loader\vendor\guzzlehttp\guzzle\src\Handler\CurlFactory.php(149): GuzzleHttp\Handler\CurlFactory::createRejection(Object(GuzzleHttp\Handler\EasyHandle), Array)
#1 E:\xampp73\htdocs\filecroco\loader\vendor\guzzlehttp\guzzle\src\Handler\CurlFactory.php(102): GuzzleHttp\Handler\CurlFactory::finishError(Object(GuzzleHttp\Handler\CurlMultiHandler), Object(GuzzleHttp\Handler\EasyHandle), Object(GuzzleHttp\Handler\CurlFactory))
#2 E:\xampp73\htdocs\filecroco\loader\vendor\guzzlehttp\guzzle\src\Handler\CurlMultiHandler.php(181): GuzzleHttp\Handler\CurlFactory::finish(Object(GuzzleHttp\Handler\CurlMultiHandler), Object(GuzzleHttp\Handler\EasyHandle), Object(GuzzleHttp\Handler\CurlFactory))
#3 E:\xampp73\htdocs\filecroco\loader\vendor\guzzlehttp\guzzle\src\Handler\CurlMultiHandler.php(110): GuzzleHttp\Handler\CurlMultiHandler->processMessages()
#4 E:\xampp73\htdocs\filecroco\loader\vendor\guzzlehttp\guzzle\src\Handler\CurlMultiHandler.php(125): GuzzleHttp\Handler\CurlMultiHandler->tick()
#5 E:\xampp73\htdocs\filecroco\loader\vendor\guzzlehttp\promises\src\Promise.php(246): GuzzleHttp\Handler\CurlMultiHandler->execute(true)
#6 E:\xampp73\htdocs\filecroco\loader\vendor\guzzlehttp\promises\src\Promise.php(223): GuzzleHttp\Promise\Promise->invokeWaitFn()
#7 E:\xampp73\htdocs\filecroco\loader\vendor\guzzlehttp\promises\src\Promise.php(267): GuzzleHttp\Promise\Promise->waitIfPending()
#8 E:\xampp73\htdocs\filecroco\loader\vendor\guzzlehttp\promises\src\Promise.php(225): GuzzleHttp\Promise\Promise->invokeWaitList()
#9 E:\xampp73\htdocs\filecroco\loader\vendor\guzzlehttp\promises\src\Promise.php(62): GuzzleHttp\Promise\Promise->waitIfPending()
#10 E:\xampp73\htdocs\filecroco\loader\vendor\guzzlehttp\promises\src\EachPromise.php(101): GuzzleHttp\Promise\Promise->wait()
#11 E:\xampp73\htdocs\filecroco\loader\vendor\guzzlehttp\promises\src\Promise.php(246): GuzzleHttp\Promise\EachPromise->GuzzleHttp\Promise\{closure}(true)
#12 E:\xampp73\htdocs\filecroco\loader\vendor\guzzlehttp\promises\src\Promise.php(223): GuzzleHttp\Promise\Promise->invokeWaitFn()
#13 E:\xampp73\htdocs\filecroco\loader\vendor\guzzlehttp\promises\src\Promise.php(62): GuzzleHttp\Promise\Promise->waitIfPending()
#14 E:\xampp73\htdocs\filecroco\loader\updatedownloadlink.php(95): GuzzleHttp\Promise\Promise->wait()
#15 {main}|1242GuzzleHttp\Exception\RequestException: cURL error 56:  (see http://curl.haxx.se/libcurl/c/libcurl-errors.html) in E:\xampp73\htdocs\filecroco\loader\vendor\guzzlehttp\guzzle\src\Handler\CurlFactory.php:186
Stack trace:
#0 E:\xampp73\htdocs\filecroco\loader\vendor\guzzlehttp\guzzle\src\Handler\CurlFactory.php(149): GuzzleHttp\Handler\CurlFactory::createRejection(Object(GuzzleHttp\Handler\EasyHandle), Array)
#1 E:\xampp73\htdocs\filecroco\loader\vendor\guzzlehttp\guzzle\src\Handler\CurlFactory.php(102): GuzzleHttp\Handler\CurlFactory::finishError(Object(GuzzleHttp\Handler\CurlMultiHandler), Object(GuzzleHttp\Handler\EasyHandle), Object(GuzzleHttp\Handler\CurlFactory))
#2 E:\xampp73\htdocs\filecroco\loader\vendor\guzzlehttp\guzzle\src\Handler\CurlMultiHandler.php(181): GuzzleHttp\Handler\CurlFactory::finish(Object(GuzzleHttp\Handler\CurlMultiHandler), Object(GuzzleHttp\Handler\EasyHandle), Object(GuzzleHttp\Handler\CurlFactory))
#3 E:\xampp73\htdocs\filecroco\loader\vendor\guzzlehttp\guzzle\src\Handler\CurlMultiHandler.php(110): GuzzleHttp\Handler\CurlMultiHandler->processMessages()
#4 E:\xampp73\htdocs\filecroco\loader\vendor\guzzlehttp\guzzle\src\Handler\CurlMultiHandler.php(125): GuzzleHttp\Handler\CurlMultiHandler->tick()
#5 E:\xampp73\htdocs\filecroco\loader\vendor\guzzlehttp\promises\src\Promise.php(246): GuzzleHttp\Handler\CurlMultiHandler->execute(true)
#6 E:\xampp73\htdocs\filecroco\loader\vendor\guzzlehttp\promises\src\Promise.php(223): GuzzleHttp\Promise\Promise->invokeWaitFn()
#7 E:\xampp73\htdocs\filecroco\loader\vendor\guzzlehttp\promises\src\Promise.php(267): GuzzleHttp\Promise\Promise->waitIfPending()
#8 E:\xampp73\htdocs\filecroco\loader\vendor\guzzlehttp\promises\src\Promise.php(225): GuzzleHttp\Promise\Promise->invokeWaitList()
#9 E:\xampp73\htdocs\filecroco\loader\vendor\guzzlehttp\promises\src\Promise.php(62): GuzzleHttp\Promise\Promise->waitIfPending()
#10 E:\xampp73\htdocs\filecroco\loader\vendor\guzzlehttp\promises\src\EachPromise.php(101): GuzzleHttp\Promise\Promise->wait()
#11 E:\xampp73\htdocs\filecroco\loader\vendor\guzzlehttp\promises\src\Promise.php(246): GuzzleHttp\Promise\EachPromise->GuzzleHttp\Promise\{closure}(true)
#12 E:\xampp73\htdocs\filecroco\loader\vendor\guzzlehttp\promises\src\Promise.php(223): GuzzleHttp\Promise\Promise->invokeWaitFn()
#13 E:\xampp73\htdocs\filecroco\loader\vendor\guzzlehttp\promises\src\Promise.php(62): GuzzleHttp\Promise\Promise->waitIfPending()
#14 E:\xampp73\htdocs\filecroco\loader\updatedownloadlink.php(95): GuzzleHttp\Promise\Promise->wait()
#15 {main}|1243GuzzleHttp\Exception\RequestException: cURL error 56:  (see http://curl.haxx.se/libcurl/c/libcurl-errors.html) in E:\xampp73\htdocs\filecroco\loader\vendor\guzzlehttp\guzzle\src\Handler\CurlFactory.php:186
Stack trace:
#0 E:\xampp73\htdocs\filecroco\loader\vendor\guzzlehttp\guzzle\src\Handler\CurlFactory.php(149): GuzzleHttp\Handler\CurlFactory::createRejection(Object(GuzzleHttp\Handler\EasyHandle), Array)
#1 E:\xampp73\htdocs\filecroco\loader\vendor\guzzlehttp\guzzle\src\Handler\CurlFactory.php(102): GuzzleHttp\Handler\CurlFactory::finishError(Object(GuzzleHttp\Handler\CurlMultiHandler), Object(GuzzleHttp\Handler\EasyHandle), Object(GuzzleHttp\Handler\CurlFactory))
#2 E:\xampp73\htdocs\filecroco\loader\vendor\guzzlehttp\guzzle\src\Handler\CurlMultiHandler.php(181): GuzzleHttp\Handler\CurlFactory::finish(Object(GuzzleHttp\Handler\CurlMultiHandler), Object(GuzzleHttp\Handler\EasyHandle), Object(GuzzleHttp\Handler\CurlFactory))
#3 E:\xampp73\htdocs\filecroco\loader\vendor\guzzlehttp\guzzle\src\Handler\CurlMultiHandler.php(110): GuzzleHttp\Handler\CurlMultiHandler->processMessages()
#4 E:\xampp73\htdocs\filecroco\loader\vendor\guzzlehttp\guzzle\src\Handler\CurlMultiHandler.php(125): GuzzleHttp\Handler\CurlMultiHandler->tick()
#5 E:\xampp73\htdocs\filecroco\loader\vendor\guzzlehttp\promises\src\Promise.php(246): GuzzleHttp\Handler\CurlMultiHandler->execute(true)
#6 E:\xampp73\htdocs\filecroco\loader\vendor\guzzlehttp\promises\src\Promise.php(223): GuzzleHttp\Promise\Promise->invokeWaitFn()
#7 E:\xampp73\htdocs\filecroco\loader\vendor\guzzlehttp\promises\src\Promise.php(267): GuzzleHttp\Promise\Promise->waitIfPending()
#8 E:\xampp73\htdocs\filecroco\loader\vendor\guzzlehttp\promises\src\Promise.php(225): GuzzleHttp\Promise\Promise->invokeWaitList()
#9 E:\xampp73\htdocs\filecroco\loader\vendor\guzzlehttp\promises\src\Promise.php(62): GuzzleHttp\Promise\Promise->waitIfPending()
#10 E:\xampp73\htdocs\filecroco\loader\vendor\guzzlehttp\promises\src\EachPromise.php(101): GuzzleHttp\Promise\Promise->wait()
#11 E:\xampp73\htdocs\filecroco\loader\vendor\guzzlehttp\promises\src\Promise.php(246): GuzzleHttp\Promise\EachPromise->GuzzleHttp\Promise\{closure}(true)
#12 E:\xampp73\htdocs\filecroco\loader\vendor\guzzlehttp\promises\src\Promise.php(223): GuzzleHttp\Promise\Promise->invokeWaitFn()
#13 E:\xampp73\htdocs\filecroco\loader\vendor\guzzlehttp\promises\src\Promise.php(62): GuzzleHttp\Promise\Promise->waitIfPending()
#14 E:\xampp73\htdocs\filecroco\loader\updatedownloadlink.php(95): GuzzleHttp\Promise\Promise->wait()
#15 {main}|1244GuzzleHttp\Exception\RequestException: cURL error 56:  (see http://curl.haxx.se/libcurl/c/libcurl-errors.html) in E:\xampp73\htdocs\filecroco\loader\vendor\guzzlehttp\guzzle\src\Handler\CurlFactory.php:186
Stack trace:
#0 E:\xampp73\htdocs\filecroco\loader\vendor\guzzlehttp\guzzle\src\Handler\CurlFactory.php(149): GuzzleHttp\Handler\CurlFactory::createRejection(Object(GuzzleHttp\Handler\EasyHandle), Array)
#1 E:\xampp73\htdocs\filecroco\loader\vendor\guzzlehttp\guzzle\src\Handler\CurlFactory.php(102): GuzzleHttp\Handler\CurlFactory::finishError(Object(GuzzleHttp\Handler\CurlMultiHandler), Object(GuzzleHttp\Handler\EasyHandle), Object(GuzzleHttp\Handler\CurlFactory))
#2 E:\xampp73\htdocs\filecroco\loader\vendor\guzzlehttp\guzzle\src\Handler\CurlMultiHandler.php(181): GuzzleHttp\Handler\CurlFactory::finish(Object(GuzzleHttp\Handler\CurlMultiHandler), Object(GuzzleHttp\Handler\EasyHandle), Object(GuzzleHttp\Handler\CurlFactory))
#3 E:\xampp73\htdocs\filecroco\loader\vendor\guzzlehttp\guzzle\src\Handler\CurlMultiHandler.php(110): GuzzleHttp\Handler\CurlMultiHandler->processMessages()
#4 E:\xampp73\htdocs\filecroco\loader\vendor\guzzlehttp\guzzle\src\Handler\CurlMultiHandler.php(125): GuzzleHttp\Handler\CurlMultiHandler->tick()
#5 E:\xampp73\htdocs\filecroco\loader\vendor\guzzlehttp\promises\src\Promise.php(246): GuzzleHttp\Handler\CurlMultiHandler->execute(true)
#6 E:\xampp73\htdocs\filecroco\loader\vendor\guzzlehttp\promises\src\Promise.php(223): GuzzleHttp\Promise\Promise->invokeWaitFn()
#7 E:\xampp73\htdocs\filecroco\loader\vendor\guzzlehttp\promises\src\Promise.php(267): GuzzleHttp\Promise\Promise->waitIfPending()
#8 E:\xampp73\htdocs\filecroco\loader\vendor\guzzlehttp\promises\src\Promise.php(225): GuzzleHttp\Promise\Promise->invokeWaitList()
#9 E:\xampp73\htdocs\filecroco\loader\vendor\guzzlehttp\promises\src\Promise.php(62): GuzzleHttp\Promise\Promise->waitIfPending()
#10 E:\xampp73\htdocs\filecroco\loader\vendor\guzzlehttp\promises\src\EachPromise.php(101): GuzzleHttp\Promise\Promise->wait()
#11 E:\xampp73\htdocs\filecroco\loader\vendor\guzzlehttp\promises\src\Promise.php(246): GuzzleHttp\Promise\EachPromise->GuzzleHttp\Promise\{closure}(true)
#12 E:\xampp73\htdocs\filecroco\loader\vendor\guzzlehttp\promises\src\Promise.php(223): GuzzleHttp\Promise\Promise->invokeWaitFn()
#13 E:\xampp73\htdocs\filecroco\loader\vendor\guzzlehttp\promises\src\Promise.php(62): GuzzleHttp\Promise\Promise->waitIfPending()
#14 E:\xampp73\htdocs\filecroco\loader\updatedownloadlink.php(95): GuzzleHttp\Promise\Promise->wait()
#15 {main}|1245GuzzleHttp\Exception\RequestException: cURL error 56:  (see http://curl.haxx.se/libcurl/c/libcurl-errors.html) in E:\xampp73\htdocs\filecroco\loader\vendor\guzzlehttp\guzzle\src\Handler\CurlFactory.php:186
Stack trace:
#0 E:\xampp73\htdocs\filecroco\loader\vendor\guzzlehttp\guzzle\src\Handler\CurlFactory.php(149): GuzzleHttp\Handler\CurlFactory::createRejection(Object(GuzzleHttp\Handler\EasyHandle), Array)
#1 E:\xampp73\htdocs\filecroco\loader\vendor\guzzlehttp\guzzle\src\Handler\CurlFactory.php(102): GuzzleHttp\Handler\CurlFactory::finishError(Object(GuzzleHttp\Handler\CurlMultiHandler), Object(GuzzleHttp\Handler\EasyHandle), Object(GuzzleHttp\Handler\CurlFactory))
#2 E:\xampp73\htdocs\filecroco\loader\vendor\guzzlehttp\guzzle\src\Handler\CurlMultiHandler.php(181): GuzzleHttp\Handler\CurlFactory::finish(Object(GuzzleHttp\Handler\CurlMultiHandler), Object(GuzzleHttp\Handler\EasyHandle), Object(GuzzleHttp\Handler\CurlFactory))
#3 E:\xampp73\htdocs\filecroco\loader\vendor\guzzlehttp\guzzle\src\Handler\CurlMultiHandler.php(110): GuzzleHttp\Handler\CurlMultiHandler->processMessages()
#4 E:\xampp73\htdocs\filecroco\loader\vendor\guzzlehttp\guzzle\src\Handler\CurlMultiHandler.php(125): GuzzleHttp\Handler\CurlMultiHandler->tick()
#5 E:\xampp73\htdocs\filecroco\loader\vendor\guzzlehttp\promises\src\Promise.php(246): GuzzleHttp\Handler\CurlMultiHandler->execute(true)
#6 E:\xampp73\htdocs\filecroco\loader\vendor\guzzlehttp\promises\src\Promise.php(223): GuzzleHttp\Promise\Promise->invokeWaitFn()
#7 E:\xampp73\htdocs\filecroco\loader\vendor\guzzlehttp\promises\src\Promise.php(267): GuzzleHttp\Promise\Promise->waitIfPending()
#8 E:\xampp73\htdocs\filecroco\loader\vendor\guzzlehttp\promises\src\Promise.php(225): GuzzleHttp\Promise\Promise->invokeWaitList()
#9 E:\xampp73\htdocs\filecroco\loader\vendor\guzzlehttp\promises\src\Promise.php(62): GuzzleHttp\Promise\Promise->waitIfPending()
#10 E:\xampp73\htdocs\filecroco\loader\vendor\guzzlehttp\promises\src\EachPromise.php(101): GuzzleHttp\Promise\Promise->wait()
#11 E:\xampp73\htdocs\filecroco\loader\vendor\guzzlehttp\promises\src\Promise.php(246): GuzzleHttp\Promise\EachPromise->GuzzleHttp\Promise\{closure}(true)
#12 E:\xampp73\htdocs\filecroco\loader\vendor\guzzlehttp\promises\src\Promise.php(223): GuzzleHttp\Promise\Promise->invokeWaitFn()
#13 E:\xampp73\htdocs\filecroco\loader\vendor\guzzlehttp\promises\src\Promise.php(62): GuzzleHttp\Promise\Promise->waitIfPending()
#14 E:\xampp73\htdocs\filecroco\loader\updatedownloadlink.php(95): GuzzleHttp\Promise\Promise->wait()
#15 {main}|1246GuzzleHttp\Exception\RequestException: cURL error 56:  (see http://curl.haxx.se/libcurl/c/libcurl-errors.html) in E:\xampp73\htdocs\filecroco\loader\vendor\guzzlehttp\guzzle\src\Handler\CurlFactory.php:186
Stack trace:
#0 E:\xampp73\htdocs\filecroco\loader\vendor\guzzlehttp\guzzle\src\Handler\CurlFactory.php(149): GuzzleHttp\Handler\CurlFactory::createRejection(Object(GuzzleHttp\Handler\EasyHandle), Array)
#1 E:\xampp73\htdocs\filecroco\loader\vendor\guzzlehttp\guzzle\src\Handler\CurlFactory.php(102): GuzzleHttp\Handler\CurlFactory::finishError(Object(GuzzleHttp\Handler\CurlMultiHandler), Object(GuzzleHttp\Handler\EasyHandle), Object(GuzzleHttp\Handler\CurlFactory))
#2 E:\xampp73\htdocs\filecroco\loader\vendor\guzzlehttp\guzzle\src\Handler\CurlMultiHandler.php(181): GuzzleHttp\Handler\CurlFactory::finish(Object(GuzzleHttp\Handler\CurlMultiHandler), Object(GuzzleHttp\Handler\EasyHandle), Object(GuzzleHttp\Handler\CurlFactory))
#3 E:\xampp73\htdocs\filecroco\loader\vendor\guzzlehttp\guzzle\src\Handler\CurlMultiHandler.php(110): GuzzleHttp\Handler\CurlMultiHandler->processMessages()
#4 E:\xampp73\htdocs\filecroco\loader\vendor\guzzlehttp\guzzle\src\Handler\CurlMultiHandler.php(125): GuzzleHttp\Handler\CurlMultiHandler->tick()
#5 E:\xampp73\htdocs\filecroco\loader\vendor\guzzlehttp\promises\src\Promise.php(246): GuzzleHttp\Handler\CurlMultiHandler->execute(true)
#6 E:\xampp73\htdocs\filecroco\loader\vendor\guzzlehttp\promises\src\Promise.php(223): GuzzleHttp\Promise\Promise->invokeWaitFn()
#7 E:\xampp73\htdocs\filecroco\loader\vendor\guzzlehttp\promises\src\Promise.php(267): GuzzleHttp\Promise\Promise->waitIfPending()
#8 E:\xampp73\htdocs\filecroco\loader\vendor\guzzlehttp\promises\src\Promise.php(225): GuzzleHttp\Promise\Promise->invokeWaitList()
#9 E:\xampp73\htdocs\filecroco\loader\vendor\guzzlehttp\promises\src\Promise.php(62): GuzzleHttp\Promise\Promise->waitIfPending()
#10 E:\xampp73\htdocs\filecroco\loader\vendor\guzzlehttp\promises\src\EachPromise.php(101): GuzzleHttp\Promise\Promise->wait()
#11 E:\xampp73\htdocs\filecroco\loader\vendor\guzzlehttp\promises\src\Promise.php(246): GuzzleHttp\Promise\EachPromise->GuzzleHttp\Promise\{closure}(true)
#12 E:\xampp73\htdocs\filecroco\loader\vendor\guzzlehttp\promises\src\Promise.php(223): GuzzleHttp\Promise\Promise->invokeWaitFn()
#13 E:\xampp73\htdocs\filecroco\loader\vendor\guzzlehttp\promises\src\Promise.php(62): GuzzleHttp\Promise\Promise->waitIfPending()
#14 E:\xampp73\htdocs\filecroco\loader\updatedownloadlink.php(95): GuzzleHttp\Promise\Promise->wait()
#15 {main}|1247GuzzleHttp\Exception\RequestException: cURL error 56:  (see http://curl.haxx.se/libcurl/c/libcurl-errors.html) in E:\xampp73\htdocs\filecroco\loader\vendor\guzzlehttp\guzzle\src\Handler\CurlFactory.php:186
Stack trace:
#0 E:\xampp73\htdocs\filecroco\loader\vendor\guzzlehttp\guzzle\src\Handler\CurlFactory.php(149): GuzzleHttp\Handler\CurlFactory::createRejection(Object(GuzzleHttp\Handler\EasyHandle), Array)
#1 E:\xampp73\htdocs\filecroco\loader\vendor\guzzlehttp\guzzle\src\Handler\CurlFactory.php(102): GuzzleHttp\Handler\CurlFactory::finishError(Object(GuzzleHttp\Handler\CurlMultiHandler), Object(GuzzleHttp\Handler\EasyHandle), Object(GuzzleHttp\Handler\CurlFactory))
#2 E:\xampp73\htdocs\filecroco\loader\vendor\guzzlehttp\guzzle\src\Handler\CurlMultiHandler.php(181): GuzzleHttp\Handler\CurlFactory::finish(Object(GuzzleHttp\Handler\CurlMultiHandler), Object(GuzzleHttp\Handler\EasyHandle), Object(GuzzleHttp\Handler\CurlFactory))
#3 E:\xampp73\htdocs\filecroco\loader\vendor\guzzlehttp\guzzle\src\Handler\CurlMultiHandler.php(110): GuzzleHttp\Handler\CurlMultiHandler->processMessages()
#4 E:\xampp73\htdocs\filecroco\loader\vendor\guzzlehttp\guzzle\src\Handler\CurlMultiHandler.php(125): GuzzleHttp\Handler\CurlMultiHandler->tick()
#5 E:\xampp73\htdocs\filecroco\loader\vendor\guzzlehttp\promises\src\Promise.php(246): GuzzleHttp\Handler\CurlMultiHandler->execute(true)
#6 E:\xampp73\htdocs\filecroco\loader\vendor\guzzlehttp\promises\src\Promise.php(223): GuzzleHttp\Promise\Promise->invokeWaitFn()
#7 E:\xampp73\htdocs\filecroco\loader\vendor\guzzlehttp\promises\src\Promise.php(267): GuzzleHttp\Promise\Promise->waitIfPending()
#8 E:\xampp73\htdocs\filecroco\loader\vendor\guzzlehttp\promises\src\Promise.php(225): GuzzleHttp\Promise\Promise->invokeWaitList()
#9 E:\xampp73\htdocs\filecroco\loader\vendor\guzzlehttp\promises\src\Promise.php(62): GuzzleHttp\Promise\Promise->waitIfPending()
#10 E:\xampp73\htdocs\filecroco\loader\vendor\guzzlehttp\promises\src\EachPromise.php(101): GuzzleHttp\Promise\Promise->wait()
#11 E:\xampp73\htdocs\filecroco\loader\vendor\guzzlehttp\promises\src\Promise.php(246): GuzzleHttp\Promise\EachPromise->GuzzleHttp\Promise\{closure}(true)
#12 E:\xampp73\htdocs\filecroco\loader\vendor\guzzlehttp\promises\src\Promise.php(223): GuzzleHttp\Promise\Promise->invokeWaitFn()
#13 E:\xampp73\htdocs\filecroco\loader\vendor\guzzlehttp\promises\src\Promise.php(62): GuzzleHttp\Promise\Promise->waitIfPending()
#14 E:\xampp73\htdocs\filecroco\loader\updatedownloadlink.php(95): GuzzleHttp\Promise\Promise->wait()
#15 {main}|1248GuzzleHttp\Exception\RequestException: cURL error 56:  (see http://curl.haxx.se/libcurl/c/libcurl-errors.html) in E:\xampp73\htdocs\filecroco\loader\vendor\guzzlehttp\guzzle\src\Handler\CurlFactory.php:186
Stack trace:
#0 E:\xampp73\htdocs\filecroco\loader\vendor\guzzlehttp\guzzle\src\Handler\CurlFactory.php(149): GuzzleHttp\Handler\CurlFactory::createRejection(Object(GuzzleHttp\Handler\EasyHandle), Array)
#1 E:\xampp73\htdocs\filecroco\loader\vendor\guzzlehttp\guzzle\src\Handler\CurlFactory.php(102): GuzzleHttp\Handler\CurlFactory::finishError(Object(GuzzleHttp\Handler\CurlMultiHandler), Object(GuzzleHttp\Handler\EasyHandle), Object(GuzzleHttp\Handler\CurlFactory))
#2 E:\xampp73\htdocs\filecroco\loader\vendor\guzzlehttp\guzzle\src\Handler\CurlMultiHandler.php(181): GuzzleHttp\Handler\CurlFactory::finish(Object(GuzzleHttp\Handler\CurlMultiHandler), Object(GuzzleHttp\Handler\EasyHandle), Object(GuzzleHttp\Handler\CurlFactory))
#3 E:\xampp73\htdocs\filecroco\loader\vendor\guzzlehttp\guzzle\src\Handler\CurlMultiHandler.php(110): GuzzleHttp\Handler\CurlMultiHandler->processMessages()
#4 E:\xampp73\htdocs\filecroco\loader\vendor\guzzlehttp\guzzle\src\Handler\CurlMultiHandler.php(125): GuzzleHttp\Handler\CurlMultiHandler->tick()
#5 E:\xampp73\htdocs\filecroco\loader\vendor\guzzlehttp\promises\src\Promise.php(246): GuzzleHttp\Handler\CurlMultiHandler->execute(true)
#6 E:\xampp73\htdocs\filecroco\loader\vendor\guzzlehttp\promises\src\Promise.php(223): GuzzleHttp\Promise\Promise->invokeWaitFn()
#7 E:\xampp73\htdocs\filecroco\loader\vendor\guzzlehttp\promises\src\Promise.php(267): GuzzleHttp\Promise\Promise->waitIfPending()
#8 E:\xampp73\htdocs\filecroco\loader\vendor\guzzlehttp\promises\src\Promise.php(225): GuzzleHttp\Promise\Promise->invokeWaitList()
#9 E:\xampp73\htdocs\filecroco\loader\vendor\guzzlehttp\promises\src\Promise.php(62): GuzzleHttp\Promise\Promise->waitIfPending()
#10 E:\xampp73\htdocs\filecroco\loader\vendor\guzzlehttp\promises\src\EachPromise.php(101): GuzzleHttp\Promise\Promise->wait()
#11 E:\xampp73\htdocs\filecroco\loader\vendor\guzzlehttp\promises\src\Promise.php(246): GuzzleHttp\Promise\EachPromise->GuzzleHttp\Promise\{closure}(true)
#12 E:\xampp73\htdocs\filecroco\loader\vendor\guzzlehttp\promises\src\Promise.php(223): GuzzleHttp\Promise\Promise->invokeWaitFn()
#13 E:\xampp73\htdocs\filecroco\loader\vendor\guzzlehttp\promises\src\Promise.php(62): GuzzleHttp\Promise\Promise->waitIfPending()
#14 E:\xampp73\htdocs\filecroco\loader\updatedownloadlink.php(95): GuzzleHttp\Promise\Promise->wait()
#15 {main}|1249GuzzleHttp\Exception\RequestException: cURL error 56:  (see http://curl.haxx.se/libcurl/c/libcurl-errors.html) in E:\xampp73\htdocs\filecroco\loader\vendor\guzzlehttp\guzzle\src\Handler\CurlFactory.php:186
Stack trace:
#0 E:\xampp73\htdocs\filecroco\loader\vendor\guzzlehttp\guzzle\src\Handler\CurlFactory.php(149): GuzzleHttp\Handler\CurlFactory::createRejection(Object(GuzzleHttp\Handler\EasyHandle), Array)
#1 E:\xampp73\htdocs\filecroco\loader\vendor\guzzlehttp\guzzle\src\Handler\CurlFactory.php(102): GuzzleHttp\Handler\CurlFactory::finishError(Object(GuzzleHttp\Handler\CurlMultiHandler), Object(GuzzleHttp\Handler\EasyHandle), Object(GuzzleHttp\Handler\CurlFactory))
#2 E:\xampp73\htdocs\filecroco\loader\vendor\guzzlehttp\guzzle\src\Handler\CurlMultiHandler.php(181): GuzzleHttp\Handler\CurlFactory::finish(Object(GuzzleHttp\Handler\CurlMultiHandler), Object(GuzzleHttp\Handler\EasyHandle), Object(GuzzleHttp\Handler\CurlFactory))
#3 E:\xampp73\htdocs\filecroco\loader\vendor\guzzlehttp\guzzle\src\Handler\CurlMultiHandler.php(110): GuzzleHttp\Handler\CurlMultiHandler->processMessages()
#4 E:\xampp73\htdocs\filecroco\loader\vendor\guzzlehttp\guzzle\src\Handler\CurlMultiHandler.php(125): GuzzleHttp\Handler\CurlMultiHandler->tick()
#5 E:\xampp73\htdocs\filecroco\loader\vendor\guzzlehttp\promises\src\Promise.php(246): GuzzleHttp\Handler\CurlMultiHandler->execute(true)
#6 E:\xampp73\htdocs\filecroco\loader\vendor\guzzlehttp\promises\src\Promise.php(223): GuzzleHttp\Promise\Promise->invokeWaitFn()
#7 E:\xampp73\htdocs\filecroco\loader\vendor\guzzlehttp\promises\src\Promise.php(267): GuzzleHttp\Promise\Promise->waitIfPending()
#8 E:\xampp73\htdocs\filecroco\loader\vendor\guzzlehttp\promises\src\Promise.php(225): GuzzleHttp\Promise\Promise->invokeWaitList()
#9 E:\xampp73\htdocs\filecroco\loader\vendor\guzzlehttp\promises\src\Promise.php(62): GuzzleHttp\Promise\Promise->waitIfPending()
#10 E:\xampp73\htdocs\filecroco\loader\vendor\guzzlehttp\promises\src\EachPromise.php(101): GuzzleHttp\Promise\Promise->wait()
#11 E:\xampp73\htdocs\filecroco\loader\vendor\guzzlehttp\promises\src\Promise.php(246): GuzzleHttp\Promise\EachPromise->GuzzleHttp\Promise\{closure}(true)
#12 E:\xampp73\htdocs\filecroco\loader\vendor\guzzlehttp\promises\src\Promise.php(223): GuzzleHttp\Promise\Promise->invokeWaitFn()
#13 E:\xampp73\htdocs\filecroco\loader\vendor\guzzlehttp\promises\src\Promise.php(62): GuzzleHttp\Promise\Promise->waitIfPending()
#14 E:\xampp73\htdocs\filecroco\loader\updatedownloadlink.php(95): GuzzleHttp\Promise\Promise->wait()
#15 {main}|1250GuzzleHttp\Exception\RequestException: cURL error 56:  (see http://curl.haxx.se/libcurl/c/libcurl-errors.html) in E:\xampp73\htdocs\filecroco\loader\vendor\guzzlehttp\guzzle\src\Handler\CurlFactory.php:186
Stack trace:
#0 E:\xampp73\htdocs\filecroco\loader\vendor\guzzlehttp\guzzle\src\Handler\CurlFactory.php(149): GuzzleHttp\Handler\CurlFactory::createRejection(Object(GuzzleHttp\Handler\EasyHandle), Array)
#1 E:\xampp73\htdocs\filecroco\loader\vendor\guzzlehttp\guzzle\src\Handler\CurlFactory.php(102): GuzzleHttp\Handler\CurlFactory::finishError(Object(GuzzleHttp\Handler\CurlMultiHandler), Object(GuzzleHttp\Handler\EasyHandle), Object(GuzzleHttp\Handler\CurlFactory))
#2 E:\xampp73\htdocs\filecroco\loader\vendor\guzzlehttp\guzzle\src\Handler\CurlMultiHandler.php(181): GuzzleHttp\Handler\CurlFactory::finish(Object(GuzzleHttp\Handler\CurlMultiHandler), Object(GuzzleHttp\Handler\EasyHandle), Object(GuzzleHttp\Handler\CurlFactory))
#3 E:\xampp73\htdocs\filecroco\loader\vendor\guzzlehttp\guzzle\src\Handler\CurlMultiHandler.php(110): GuzzleHttp\Handler\CurlMultiHandler->processMessages()
#4 E:\xampp73\htdocs\filecroco\loader\vendor\guzzlehttp\guzzle\src\Handler\CurlMultiHandler.php(125): GuzzleHttp\Handler\CurlMultiHandler->tick()
#5 E:\xampp73\htdocs\filecroco\loader\vendor\guzzlehttp\promises\src\Promise.php(246): GuzzleHttp\Handler\CurlMultiHandler->execute(true)
#6 E:\xampp73\htdocs\filecroco\loader\vendor\guzzlehttp\promises\src\Promise.php(223): GuzzleHttp\Promise\Promise->invokeWaitFn()
#7 E:\xampp73\htdocs\filecroco\loader\vendor\guzzlehttp\promises\src\Promise.php(267): GuzzleHttp\Promise\Promise->waitIfPending()
#8 E:\xampp73\htdocs\filecroco\loader\vendor\guzzlehttp\promises\src\Promise.php(225): GuzzleHttp\Promise\Promise->invokeWaitList()
#9 E:\xampp73\htdocs\filecroco\loader\vendor\guzzlehttp\promises\src\Promise.php(62): GuzzleHttp\Promise\Promise->waitIfPending()
#10 E:\xampp73\htdocs\filecroco\loader\vendor\guzzlehttp\promises\src\EachPromise.php(101): GuzzleHttp\Promise\Promise->wait()
#11 E:\xampp73\htdocs\filecroco\loader\vendor\guzzlehttp\promises\src\Promise.php(246): GuzzleHttp\Promise\EachPromise->GuzzleHttp\Promise\{closure}(true)
#12 E:\xampp73\htdocs\filecroco\loader\vendor\guzzlehttp\promises\src\Promise.php(223): GuzzleHttp\Promise\Promise->invokeWaitFn()
#13 E:\xampp73\htdocs\filecroco\loader\vendor\guzzlehttp\promises\src\Promise.php(62): GuzzleHttp\Promise\Promise->waitIfPending()
#14 E:\xampp73\htdocs\filecroco\loader\updatedownloadlink.php(95): GuzzleHttp\Promise\Promise->wait()
#15 {main}|1251GuzzleHttp\Exception\RequestException: cURL error 56:  (see http://curl.haxx.se/libcurl/c/libcurl-errors.html) in E:\xampp73\htdocs\filecroco\loader\vendor\guzzlehttp\guzzle\src\Handler\CurlFactory.php:186
Stack trace:
#0 E:\xampp73\htdocs\filecroco\loader\vendor\guzzlehttp\guzzle\src\Handler\CurlFactory.php(149): GuzzleHttp\Handler\CurlFactory::createRejection(Object(GuzzleHttp\Handler\EasyHandle), Array)
#1 E:\xampp73\htdocs\filecroco\loader\vendor\guzzlehttp\guzzle\src\Handler\CurlFactory.php(102): GuzzleHttp\Handler\CurlFactory::finishError(Object(GuzzleHttp\Handler\CurlMultiHandler), Object(GuzzleHttp\Handler\EasyHandle), Object(GuzzleHttp\Handler\CurlFactory))
#2 E:\xampp73\htdocs\filecroco\loader\vendor\guzzlehttp\guzzle\src\Handler\CurlMultiHandler.php(181): GuzzleHttp\Handler\CurlFactory::finish(Object(GuzzleHttp\Handler\CurlMultiHandler), Object(GuzzleHttp\Handler\EasyHandle), Object(GuzzleHttp\Handler\CurlFactory))
#3 E:\xampp73\htdocs\filecroco\loader\vendor\guzzlehttp\guzzle\src\Handler\CurlMultiHandler.php(110): GuzzleHttp\Handler\CurlMultiHandler->processMessages()
#4 E:\xampp73\htdocs\filecroco\loader\vendor\guzzlehttp\guzzle\src\Handler\CurlMultiHandler.php(125): GuzzleHttp\Handler\CurlMultiHandler->tick()
#5 E:\xampp73\htdocs\filecroco\loader\vendor\guzzlehttp\promises\src\Promise.php(246): GuzzleHttp\Handler\CurlMultiHandler->execute(true)
#6 E:\xampp73\htdocs\filecroco\loader\vendor\guzzlehttp\promises\src\Promise.php(223): GuzzleHttp\Promise\Promise->invokeWaitFn()
#7 E:\xampp73\htdocs\filecroco\loader\vendor\guzzlehttp\promises\src\Promise.php(267): GuzzleHttp\Promise\Promise->waitIfPending()
#8 E:\xampp73\htdocs\filecroco\loader\vendor\guzzlehttp\promises\src\Promise.php(225): GuzzleHttp\Promise\Promise->invokeWaitList()
#9 E:\xampp73\htdocs\filecroco\loader\vendor\guzzlehttp\promises\src\Promise.php(62): GuzzleHttp\Promise\Promise->waitIfPending()
#10 E:\xampp73\htdocs\filecroco\loader\vendor\guzzlehttp\promises\src\EachPromise.php(101): GuzzleHttp\Promise\Promise->wait()
#11 E:\xampp73\htdocs\filecroco\loader\vendor\guzzlehttp\promises\src\Promise.php(246): GuzzleHttp\Promise\EachPromise->GuzzleHttp\Promise\{closure}(true)
#12 E:\xampp73\htdocs\filecroco\loader\vendor\guzzlehttp\promises\src\Promise.php(223): GuzzleHttp\Promise\Promise->invokeWaitFn()
#13 E:\xampp73\htdocs\filecroco\loader\vendor\guzzlehttp\promises\src\Promise.php(62): GuzzleHttp\Promise\Promise->waitIfPending()
#14 E:\xampp73\htdocs\filecroco\loader\updatedownloadlink.php(95): GuzzleHttp\Promise\Promise->wait()
#15 {main}|1252GuzzleHttp\Exception\RequestException: cURL error 56:  (see http://curl.haxx.se/libcurl/c/libcurl-errors.html) in E:\xampp73\htdocs\filecroco\loader\vendor\guzzlehttp\guzzle\src\Handler\CurlFactory.php:186
Stack trace:
#0 E:\xampp73\htdocs\filecroco\loader\vendor\guzzlehttp\guzzle\src\Handler\CurlFactory.php(149): GuzzleHttp\Handler\CurlFactory::createRejection(Object(GuzzleHttp\Handler\EasyHandle), Array)
#1 E:\xampp73\htdocs\filecroco\loader\vendor\guzzlehttp\guzzle\src\Handler\CurlFactory.php(102): GuzzleHttp\Handler\CurlFactory::finishError(Object(GuzzleHttp\Handler\CurlMultiHandler), Object(GuzzleHttp\Handler\EasyHandle), Object(GuzzleHttp\Handler\CurlFactory))
#2 E:\xampp73\htdocs\filecroco\loader\vendor\guzzlehttp\guzzle\src\Handler\CurlMultiHandler.php(181): GuzzleHttp\Handler\CurlFactory::finish(Object(GuzzleHttp\Handler\CurlMultiHandler), Object(GuzzleHttp\Handler\EasyHandle), Object(GuzzleHttp\Handler\CurlFactory))
#3 E:\xampp73\htdocs\filecroco\loader\vendor\guzzlehttp\guzzle\src\Handler\CurlMultiHandler.php(110): GuzzleHttp\Handler\CurlMultiHandler->processMessages()
#4 E:\xampp73\htdocs\filecroco\loader\vendor\guzzlehttp\guzzle\src\Handler\CurlMultiHandler.php(125): GuzzleHttp\Handler\CurlMultiHandler->tick()
#5 E:\xampp73\htdocs\filecroco\loader\vendor\guzzlehttp\promises\src\Promise.php(246): GuzzleHttp\Handler\CurlMultiHandler->execute(true)
#6 E:\xampp73\htdocs\filecroco\loader\vendor\guzzlehttp\promises\src\Promise.php(223): GuzzleHttp\Promise\Promise->invokeWaitFn()
#7 E:\xampp73\htdocs\filecroco\loader\vendor\guzzlehttp\promises\src\Promise.php(267): GuzzleHttp\Promise\Promise->waitIfPending()
#8 E:\xampp73\htdocs\filecroco\loader\vendor\guzzlehttp\promises\src\Promise.php(225): GuzzleHttp\Promise\Promise->invokeWaitList()
#9 E:\xampp73\htdocs\filecroco\loader\vendor\guzzlehttp\promises\src\Promise.php(62): GuzzleHttp\Promise\Promise->waitIfPending()
#10 E:\xampp73\htdocs\filecroco\loader\vendor\guzzlehttp\promises\src\EachPromise.php(101): GuzzleHttp\Promise\Promise->wait()
#11 E:\xampp73\htdocs\filecroco\loader\vendor\guzzlehttp\promises\src\Promise.php(246): GuzzleHttp\Promise\EachPromise->GuzzleHttp\Promise\{closure}(true)
#12 E:\xampp73\htdocs\filecroco\loader\vendor\guzzlehttp\promises\src\Promise.php(223): GuzzleHttp\Promise\Promise->invokeWaitFn()
#13 E:\xampp73\htdocs\filecroco\loader\vendor\guzzlehttp\promises\src\Promise.php(62): GuzzleHttp\Promise\Promise->waitIfPending()
#14 E:\xampp73\htdocs\filecroco\loader\updatedownloadlink.php(95): GuzzleHttp\Promise\Promise->wait()
#15 {main}|1253GuzzleHttp\Exception\RequestException: cURL error 56:  (see http://curl.haxx.se/libcurl/c/libcurl-errors.html) in E:\xampp73\htdocs\filecroco\loader\vendor\guzzlehttp\guzzle\src\Handler\CurlFactory.php:186
Stack trace:
#0 E:\xampp73\htdocs\filecroco\loader\vendor\guzzlehttp\guzzle\src\Handler\CurlFactory.php(149): GuzzleHttp\Handler\CurlFactory::createRejection(Object(GuzzleHttp\Handler\EasyHandle), Array)
#1 E:\xampp73\htdocs\filecroco\loader\vendor\guzzlehttp\guzzle\src\Handler\CurlFactory.php(102): GuzzleHttp\Handler\CurlFactory::finishError(Object(GuzzleHttp\Handler\CurlMultiHandler), Object(GuzzleHttp\Handler\EasyHandle), Object(GuzzleHttp\Handler\CurlFactory))
#2 E:\xampp73\htdocs\filecroco\loader\vendor\guzzlehttp\guzzle\src\Handler\CurlMultiHandler.php(181): GuzzleHttp\Handler\CurlFactory::finish(Object(GuzzleHttp\Handler\CurlMultiHandler), Object(GuzzleHttp\Handler\EasyHandle), Object(GuzzleHttp\Handler\CurlFactory))
#3 E:\xampp73\htdocs\filecroco\loader\vendor\guzzlehttp\guzzle\src\Handler\CurlMultiHandler.php(110): GuzzleHttp\Handler\CurlMultiHandler->processMessages()
#4 E:\xampp73\htdocs\filecroco\loader\vendor\guzzlehttp\guzzle\src\Handler\CurlMultiHandler.php(125): GuzzleHttp\Handler\CurlMultiHandler->tick()
#5 E:\xampp73\htdocs\filecroco\loader\vendor\guzzlehttp\promises\src\Promise.php(246): GuzzleHttp\Handler\CurlMultiHandler->execute(true)
#6 E:\xampp73\htdocs\filecroco\loader\vendor\guzzlehttp\promises\src\Promise.php(223): GuzzleHttp\Promise\Promise->invokeWaitFn()
#7 E:\xampp73\htdocs\filecroco\loader\vendor\guzzlehttp\promises\src\Promise.php(267): GuzzleHttp\Promise\Promise->waitIfPending()
#8 E:\xampp73\htdocs\filecroco\loader\vendor\guzzlehttp\promises\src\Promise.php(225): GuzzleHttp\Promise\Promise->invokeWaitList()
#9 E:\xampp73\htdocs\filecroco\loader\vendor\guzzlehttp\promises\src\Promise.php(62): GuzzleHttp\Promise\Promise->waitIfPending()
#10 E:\xampp73\htdocs\filecroco\loader\vendor\guzzlehttp\promises\src\EachPromise.php(101): GuzzleHttp\Promise\Promise->wait()
#11 E:\xampp73\htdocs\filecroco\loader\vendor\guzzlehttp\promises\src\Promise.php(246): GuzzleHttp\Promise\EachPromise->GuzzleHttp\Promise\{closure}(true)
#12 E:\xampp73\htdocs\filecroco\loader\vendor\guzzlehttp\promises\src\Promise.php(223): GuzzleHttp\Promise\Promise->invokeWaitFn()
#13 E:\xampp73\htdocs\filecroco\loader\vendor\guzzlehttp\promises\src\Promise.php(62): GuzzleHttp\Promise\Promise->waitIfPending()
#14 E:\xampp73\htdocs\filecroco\loader\updatedownloadlink.php(95): GuzzleHttp\Promise\Promise->wait()
#15 {main}|1254GuzzleHttp\Exception\RequestException: cURL error 56:  (see http://curl.haxx.se/libcurl/c/libcurl-errors.html) in E:\xampp73\htdocs\filecroco\loader\vendor\guzzlehttp\guzzle\src\Handler\CurlFactory.php:186
Stack trace:
#0 E:\xampp73\htdocs\filecroco\loader\vendor\guzzlehttp\guzzle\src\Handler\CurlFactory.php(149): GuzzleHttp\Handler\CurlFactory::createRejection(Object(GuzzleHttp\Handler\EasyHandle), Array)
#1 E:\xampp73\htdocs\filecroco\loader\vendor\guzzlehttp\guzzle\src\Handler\CurlFactory.php(102): GuzzleHttp\Handler\CurlFactory::finishError(Object(GuzzleHttp\Handler\CurlMultiHandler), Object(GuzzleHttp\Handler\EasyHandle), Object(GuzzleHttp\Handler\CurlFactory))
#2 E:\xampp73\htdocs\filecroco\loader\vendor\guzzlehttp\guzzle\src\Handler\CurlMultiHandler.php(181): GuzzleHttp\Handler\CurlFactory::finish(Object(GuzzleHttp\Handler\CurlMultiHandler), Object(GuzzleHttp\Handler\EasyHandle), Object(GuzzleHttp\Handler\CurlFactory))
#3 E:\xampp73\htdocs\filecroco\loader\vendor\guzzlehttp\guzzle\src\Handler\CurlMultiHandler.php(110): GuzzleHttp\Handler\CurlMultiHandler->processMessages()
#4 E:\xampp73\htdocs\filecroco\loader\vendor\guzzlehttp\guzzle\src\Handler\CurlMultiHandler.php(125): GuzzleHttp\Handler\CurlMultiHandler->tick()
#5 E:\xampp73\htdocs\filecroco\loader\vendor\guzzlehttp\promises\src\Promise.php(246): GuzzleHttp\Handler\CurlMultiHandler->execute(true)
#6 E:\xampp73\htdocs\filecroco\loader\vendor\guzzlehttp\promises\src\Promise.php(223): GuzzleHttp\Promise\Promise->invokeWaitFn()
#7 E:\xampp73\htdocs\filecroco\loader\vendor\guzzlehttp\promises\src\Promise.php(267): GuzzleHttp\Promise\Promise->waitIfPending()
#8 E:\xampp73\htdocs\filecroco\loader\vendor\guzzlehttp\promises\src\Promise.php(225): GuzzleHttp\Promise\Promise->invokeWaitList()
#9 E:\xampp73\htdocs\filecroco\loader\vendor\guzzlehttp\promises\src\Promise.php(62): GuzzleHttp\Promise\Promise->waitIfPending()
#10 E:\xampp73\htdocs\filecroco\loader\vendor\guzzlehttp\promises\src\EachPromise.php(101): GuzzleHttp\Promise\Promise->wait()
#11 E:\xampp73\htdocs\filecroco\loader\vendor\guzzlehttp\promises\src\Promise.php(246): GuzzleHttp\Promise\EachPromise->GuzzleHttp\Promise\{closure}(true)
#12 E:\xampp73\htdocs\filecroco\loader\vendor\guzzlehttp\promises\src\Promise.php(223): GuzzleHttp\Promise\Promise->invokeWaitFn()
#13 E:\xampp73\htdocs\filecroco\loader\vendor\guzzlehttp\promises\src\Promise.php(62): GuzzleHttp\Promise\Promise->waitIfPending()
#14 E:\xampp73\htdocs\filecroco\loader\updatedownloadlink.php(95): GuzzleHttp\Promise\Promise->wait()
#15 {main}|1255GuzzleHttp\Exception\RequestException: cURL error 56:  (see http://curl.haxx.se/libcurl/c/libcurl-errors.html) in E:\xampp73\htdocs\filecroco\loader\vendor\guzzlehttp\guzzle\src\Handler\CurlFactory.php:186
Stack trace:
#0 E:\xampp73\htdocs\filecroco\loader\vendor\guzzlehttp\guzzle\src\Handler\CurlFactory.php(149): GuzzleHttp\Handler\CurlFactory::createRejection(Object(GuzzleHttp\Handler\EasyHandle), Array)
#1 E:\xampp73\htdocs\filecroco\loader\vendor\guzzlehttp\guzzle\src\Handler\CurlFactory.php(102): GuzzleHttp\Handler\CurlFactory::finishError(Object(GuzzleHttp\Handler\CurlMultiHandler), Object(GuzzleHttp\Handler\EasyHandle), Object(GuzzleHttp\Handler\CurlFactory))
#2 E:\xampp73\htdocs\filecroco\loader\vendor\guzzlehttp\guzzle\src\Handler\CurlMultiHandler.php(181): GuzzleHttp\Handler\CurlFactory::finish(Object(GuzzleHttp\Handler\CurlMultiHandler), Object(GuzzleHttp\Handler\EasyHandle), Object(GuzzleHttp\Handler\CurlFactory))
#3 E:\xampp73\htdocs\filecroco\loader\vendor\guzzlehttp\guzzle\src\Handler\CurlMultiHandler.php(110): GuzzleHttp\Handler\CurlMultiHandler->processMessages()
#4 E:\xampp73\htdocs\filecroco\loader\vendor\guzzlehttp\guzzle\src\Handler\CurlMultiHandler.php(125): GuzzleHttp\Handler\CurlMultiHandler->tick()
#5 E:\xampp73\htdocs\filecroco\loader\vendor\guzzlehttp\promises\src\Promise.php(246): GuzzleHttp\Handler\CurlMultiHandler->execute(true)
#6 E:\xampp73\htdocs\filecroco\loader\vendor\guzzlehttp\promises\src\Promise.php(223): GuzzleHttp\Promise\Promise->invokeWaitFn()
#7 E:\xampp73\htdocs\filecroco\loader\vendor\guzzlehttp\promises\src\Promise.php(267): GuzzleHttp\Promise\Promise->waitIfPending()
#8 E:\xampp73\htdocs\filecroco\loader\vendor\guzzlehttp\promises\src\Promise.php(225): GuzzleHttp\Promise\Promise->invokeWaitList()
#9 E:\xampp73\htdocs\filecroco\loader\vendor\guzzlehttp\promises\src\Promise.php(62): GuzzleHttp\Promise\Promise->waitIfPending()
#10 E:\xampp73\htdocs\filecroco\loader\vendor\guzzlehttp\promises\src\EachPromise.php(101): GuzzleHttp\Promise\Promise->wait()
#11 E:\xampp73\htdocs\filecroco\loader\vendor\guzzlehttp\promises\src\Promise.php(246): GuzzleHttp\Promise\EachPromise->GuzzleHttp\Promise\{closure}(true)
#12 E:\xampp73\htdocs\filecroco\loader\vendor\guzzlehttp\promises\src\Promise.php(223): GuzzleHttp\Promise\Promise->invokeWaitFn()
#13 E:\xampp73\htdocs\filecroco\loader\vendor\guzzlehttp\promises\src\Promise.php(62): GuzzleHttp\Promise\Promise->waitIfPending()
#14 E:\xampp73\htdocs\filecroco\loader\updatedownloadlink.php(95): GuzzleHttp\Promise\Promise->wait()
#15 {main}|1256GuzzleHttp\Exception\RequestException: cURL error 56:  (see http://curl.haxx.se/libcurl/c/libcurl-errors.html) in E:\xampp73\htdocs\filecroco\loader\vendor\guzzlehttp\guzzle\src\Handler\CurlFactory.php:186
Stack trace:
#0 E:\xampp73\htdocs\filecroco\loader\vendor\guzzlehttp\guzzle\src\Handler\CurlFactory.php(149): GuzzleHttp\Handler\CurlFactory::createRejection(Object(GuzzleHttp\Handler\EasyHandle), Array)
#1 E:\xampp73\htdocs\filecroco\loader\vendor\guzzlehttp\guzzle\src\Handler\CurlFactory.php(102): GuzzleHttp\Handler\CurlFactory::finishError(Object(GuzzleHttp\Handler\CurlMultiHandler), Object(GuzzleHttp\Handler\EasyHandle), Object(GuzzleHttp\Handler\CurlFactory))
#2 E:\xampp73\htdocs\filecroco\loader\vendor\guzzlehttp\guzzle\src\Handler\CurlMultiHandler.php(181): GuzzleHttp\Handler\CurlFactory::finish(Object(GuzzleHttp\Handler\CurlMultiHandler), Object(GuzzleHttp\Handler\EasyHandle), Object(GuzzleHttp\Handler\CurlFactory))
#3 E:\xampp73\htdocs\filecroco\loader\vendor\guzzlehttp\guzzle\src\Handler\CurlMultiHandler.php(110): GuzzleHttp\Handler\CurlMultiHandler->processMessages()
#4 E:\xampp73\htdocs\filecroco\loader\vendor\guzzlehttp\guzzle\src\Handler\CurlMultiHandler.php(125): GuzzleHttp\Handler\CurlMultiHandler->tick()
#5 E:\xampp73\htdocs\filecroco\loader\vendor\guzzlehttp\promises\src\Promise.php(246): GuzzleHttp\Handler\CurlMultiHandler->execute(true)
#6 E:\xampp73\htdocs\filecroco\loader\vendor\guzzlehttp\promises\src\Promise.php(223): GuzzleHttp\Promise\Promise->invokeWaitFn()
#7 E:\xampp73\htdocs\filecroco\loader\vendor\guzzlehttp\promises\src\Promise.php(267): GuzzleHttp\Promise\Promise->waitIfPending()
#8 E:\xampp73\htdocs\filecroco\loader\vendor\guzzlehttp\promises\src\Promise.php(225): GuzzleHttp\Promise\Promise->invokeWaitList()
#9 E:\xampp73\htdocs\filecroco\loader\vendor\guzzlehttp\promises\src\Promise.php(62): GuzzleHttp\Promise\Promise->waitIfPending()
#10 E:\xampp73\htdocs\filecroco\loader\vendor\guzzlehttp\promises\src\EachPromise.php(101): GuzzleHttp\Promise\Promise->wait()
#11 E:\xampp73\htdocs\filecroco\loader\vendor\guzzlehttp\promises\src\Promise.php(246): GuzzleHttp\Promise\EachPromise->GuzzleHttp\Promise\{closure}(true)
#12 E:\xampp73\htdocs\filecroco\loader\vendor\guzzlehttp\promises\src\Promise.php(223): GuzzleHttp\Promise\Promise->invokeWaitFn()
#13 E:\xampp73\htdocs\filecroco\loader\vendor\guzzlehttp\promises\src\Promise.php(62): GuzzleHttp\Promise\Promise->waitIfPending()
#14 E:\xampp73\htdocs\filecroco\loader\updatedownloadlink.php(95): GuzzleHttp\Promise\Promise->wait()
#15 {main}|1257GuzzleHttp\Exception\RequestException: cURL error 56:  (see http://curl.haxx.se/libcurl/c/libcurl-errors.html) in E:\xampp73\htdocs\filecroco\loader\vendor\guzzlehttp\guzzle\src\Handler\CurlFactory.php:186
Stack trace:
#0 E:\xampp73\htdocs\filecroco\loader\vendor\guzzlehttp\guzzle\src\Handler\CurlFactory.php(149): GuzzleHttp\Handler\CurlFactory::createRejection(Object(GuzzleHttp\Handler\EasyHandle), Array)
#1 E:\xampp73\htdocs\filecroco\loader\vendor\guzzlehttp\guzzle\src\Handler\CurlFactory.php(102): GuzzleHttp\Handler\CurlFactory::finishError(Object(GuzzleHttp\Handler\CurlMultiHandler), Object(GuzzleHttp\Handler\EasyHandle), Object(GuzzleHttp\Handler\CurlFactory))
#2 E:\xampp73\htdocs\filecroco\loader\vendor\guzzlehttp\guzzle\src\Handler\CurlMultiHandler.php(181): GuzzleHttp\Handler\CurlFactory::finish(Object(GuzzleHttp\Handler\CurlMultiHandler), Object(GuzzleHttp\Handler\EasyHandle), Object(GuzzleHttp\Handler\CurlFactory))
#3 E:\xampp73\htdocs\filecroco\loader\vendor\guzzlehttp\guzzle\src\Handler\CurlMultiHandler.php(110): GuzzleHttp\Handler\CurlMultiHandler->processMessages()
#4 E:\xampp73\htdocs\filecroco\loader\vendor\guzzlehttp\guzzle\src\Handler\CurlMultiHandler.php(125): GuzzleHttp\Handler\CurlMultiHandler->tick()
#5 E:\xampp73\htdocs\filecroco\loader\vendor\guzzlehttp\promises\src\Promise.php(246): GuzzleHttp\Handler\CurlMultiHandler->execute(true)
#6 E:\xampp73\htdocs\filecroco\loader\vendor\guzzlehttp\promises\src\Promise.php(223): GuzzleHttp\Promise\Promise->invokeWaitFn()
#7 E:\xampp73\htdocs\filecroco\loader\vendor\guzzlehttp\promises\src\Promise.php(267): GuzzleHttp\Promise\Promise->waitIfPending()
#8 E:\xampp73\htdocs\filecroco\loader\vendor\guzzlehttp\promises\src\Promise.php(225): GuzzleHttp\Promise\Promise->invokeWaitList()
#9 E:\xampp73\htdocs\filecroco\loader\vendor\guzzlehttp\promises\src\Promise.php(62): GuzzleHttp\Promise\Promise->waitIfPending()
#10 E:\xampp73\htdocs\filecroco\loader\vendor\guzzlehttp\promises\src\EachPromise.php(101): GuzzleHttp\Promise\Promise->wait()
#11 E:\xampp73\htdocs\filecroco\loader\vendor\guzzlehttp\promises\src\Promise.php(246): GuzzleHttp\Promise\EachPromise->GuzzleHttp\Promise\{closure}(true)
#12 E:\xampp73\htdocs\filecroco\loader\vendor\guzzlehttp\promises\src\Promise.php(223): GuzzleHttp\Promise\Promise->invokeWaitFn()
#13 E:\xampp73\htdocs\filecroco\loader\vendor\guzzlehttp\promises\src\Promise.php(62): GuzzleHttp\Promise\Promise->waitIfPending()
#14 E:\xampp73\htdocs\filecroco\loader\updatedownloadlink.php(95): GuzzleHttp\Promise\Promise->wait()
#15 {main}|1258GuzzleHttp\Exception\RequestException: cURL error 56:  (see http://curl.haxx.se/libcurl/c/libcurl-errors.html) in E:\xampp73\htdocs\filecroco\loader\vendor\guzzlehttp\guzzle\src\Handler\CurlFactory.php:186
Stack trace:
#0 E:\xampp73\htdocs\filecroco\loader\vendor\guzzlehttp\guzzle\src\Handler\CurlFactory.php(149): GuzzleHttp\Handler\CurlFactory::createRejection(Object(GuzzleHttp\Handler\EasyHandle), Array)
#1 E:\xampp73\htdocs\filecroco\loader\vendor\guzzlehttp\guzzle\src\Handler\CurlFactory.php(102): GuzzleHttp\Handler\CurlFactory::finishError(Object(GuzzleHttp\Handler\CurlMultiHandler), Object(GuzzleHttp\Handler\EasyHandle), Object(GuzzleHttp\Handler\CurlFactory))
#2 E:\xampp73\htdocs\filecroco\loader\vendor\guzzlehttp\guzzle\src\Handler\CurlMultiHandler.php(181): GuzzleHttp\Handler\CurlFactory::finish(Object(GuzzleHttp\Handler\CurlMultiHandler), Object(GuzzleHttp\Handler\EasyHandle), Object(GuzzleHttp\Handler\CurlFactory))
#3 E:\xampp73\htdocs\filecroco\loader\vendor\guzzlehttp\guzzle\src\Handler\CurlMultiHandler.php(110): GuzzleHttp\Handler\CurlMultiHandler->processMessages()
#4 E:\xampp73\htdocs\filecroco\loader\vendor\guzzlehttp\guzzle\src\Handler\CurlMultiHandler.php(125): GuzzleHttp\Handler\CurlMultiHandler->tick()
#5 E:\xampp73\htdocs\filecroco\loader\vendor\guzzlehttp\promises\src\Promise.php(246): GuzzleHttp\Handler\CurlMultiHandler->execute(true)
#6 E:\xampp73\htdocs\filecroco\loader\vendor\guzzlehttp\promises\src\Promise.php(223): GuzzleHttp\Promise\Promise->invokeWaitFn()
#7 E:\xampp73\htdocs\filecroco\loader\vendor\guzzlehttp\promises\src\Promise.php(267): GuzzleHttp\Promise\Promise->waitIfPending()
#8 E:\xampp73\htdocs\filecroco\loader\vendor\guzzlehttp\promises\src\Promise.php(225): GuzzleHttp\Promise\Promise->invokeWaitList()
#9 E:\xampp73\htdocs\filecroco\loader\vendor\guzzlehttp\promises\src\Promise.php(62): GuzzleHttp\Promise\Promise->waitIfPending()
#10 E:\xampp73\htdocs\filecroco\loader\vendor\guzzlehttp\promises\src\EachPromise.php(101): GuzzleHttp\Promise\Promise->wait()
#11 E:\xampp73\htdocs\filecroco\loader\vendor\guzzlehttp\promises\src\Promise.php(246): GuzzleHttp\Promise\EachPromise->GuzzleHttp\Promise\{closure}(true)
#12 E:\xampp73\htdocs\filecroco\loader\vendor\guzzlehttp\promises\src\Promise.php(223): GuzzleHttp\Promise\Promise->invokeWaitFn()
#13 E:\xampp73\htdocs\filecroco\loader\vendor\guzzlehttp\promises\src\Promise.php(62): GuzzleHttp\Promise\Promise->waitIfPending()
#14 E:\xampp73\htdocs\filecroco\loader\updatedownloadlink.php(95): GuzzleHttp\Promise\Promise->wait()
#15 {main}|1259GuzzleHttp\Exception\RequestException: cURL error 56:  (see http://curl.haxx.se/libcurl/c/libcurl-errors.html) in E:\xampp73\htdocs\filecroco\loader\vendor\guzzlehttp\guzzle\src\Handler\CurlFactory.php:186
Stack trace:
#0 E:\xampp73\htdocs\filecroco\loader\vendor\guzzlehttp\guzzle\src\Handler\CurlFactory.php(149): GuzzleHttp\Handler\CurlFactory::createRejection(Object(GuzzleHttp\Handler\EasyHandle), Array)
#1 E:\xampp73\htdocs\filecroco\loader\vendor\guzzlehttp\guzzle\src\Handler\CurlFactory.php(102): GuzzleHttp\Handler\CurlFactory::finishError(Object(GuzzleHttp\Handler\CurlMultiHandler), Object(GuzzleHttp\Handler\EasyHandle), Object(GuzzleHttp\Handler\CurlFactory))
#2 E:\xampp73\htdocs\filecroco\loader\vendor\guzzlehttp\guzzle\src\Handler\CurlMultiHandler.php(181): GuzzleHttp\Handler\CurlFactory::finish(Object(GuzzleHttp\Handler\CurlMultiHandler), Object(GuzzleHttp\Handler\EasyHandle), Object(GuzzleHttp\Handler\CurlFactory))
#3 E:\xampp73\htdocs\filecroco\loader\vendor\guzzlehttp\guzzle\src\Handler\CurlMultiHandler.php(110): GuzzleHttp\Handler\CurlMultiHandler->processMessages()
#4 E:\xampp73\htdocs\filecroco\loader\vendor\guzzlehttp\guzzle\src\Handler\CurlMultiHandler.php(125): GuzzleHttp\Handler\CurlMultiHandler->tick()
#5 E:\xampp73\htdocs\filecroco\loader\vendor\guzzlehttp\promises\src\Promise.php(246): GuzzleHttp\Handler\CurlMultiHandler->execute(true)
#6 E:\xampp73\htdocs\filecroco\loader\vendor\guzzlehttp\promises\src\Promise.php(223): GuzzleHttp\Promise\Promise->invokeWaitFn()
#7 E:\xampp73\htdocs\filecroco\loader\vendor\guzzlehttp\promises\src\Promise.php(267): GuzzleHttp\Promise\Promise->waitIfPending()
#8 E:\xampp73\htdocs\filecroco\loader\vendor\guzzlehttp\promises\src\Promise.php(225): GuzzleHttp\Promise\Promise->invokeWaitList()
#9 E:\xampp73\htdocs\filecroco\loader\vendor\guzzlehttp\promises\src\Promise.php(62): GuzzleHttp\Promise\Promise->waitIfPending()
#10 E:\xampp73\htdocs\filecroco\loader\vendor\guzzlehttp\promises\src\EachPromise.php(101): GuzzleHttp\Promise\Promise->wait()
#11 E:\xampp73\htdocs\filecroco\loader\vendor\guzzlehttp\promises\src\Promise.php(246): GuzzleHttp\Promise\EachPromise->GuzzleHttp\Promise\{closure}(true)
#12 E:\xampp73\htdocs\filecroco\loader\vendor\guzzlehttp\promises\src\Promise.php(223): GuzzleHttp\Promise\Promise->invokeWaitFn()
#13 E:\xampp73\htdocs\filecroco\loader\vendor\guzzlehttp\promises\src\Promise.php(62): GuzzleHttp\Promise\Promise->waitIfPending()
#14 E:\xampp73\htdocs\filecroco\loader\updatedownloadlink.php(95): GuzzleHttp\Promise\Promise->wait()
#15 {main}|1260GuzzleHttp\Exception\RequestException: cURL error 56:  (see http://curl.haxx.se/libcurl/c/libcurl-errors.html) in E:\xampp73\htdocs\filecroco\loader\vendor\guzzlehttp\guzzle\src\Handler\CurlFactory.php:186
Stack trace:
#0 E:\xampp73\htdocs\filecroco\loader\vendor\guzzlehttp\guzzle\src\Handler\CurlFactory.php(149): GuzzleHttp\Handler\CurlFactory::createRejection(Object(GuzzleHttp\Handler\EasyHandle), Array)
#1 E:\xampp73\htdocs\filecroco\loader\vendor\guzzlehttp\guzzle\src\Handler\CurlFactory.php(102): GuzzleHttp\Handler\CurlFactory::finishError(Object(GuzzleHttp\Handler\CurlMultiHandler), Object(GuzzleHttp\Handler\EasyHandle), Object(GuzzleHttp\Handler\CurlFactory))
#2 E:\xampp73\htdocs\filecroco\loader\vendor\guzzlehttp\guzzle\src\Handler\CurlMultiHandler.php(181): GuzzleHttp\Handler\CurlFactory::finish(Object(GuzzleHttp\Handler\CurlMultiHandler), Object(GuzzleHttp\Handler\EasyHandle), Object(GuzzleHttp\Handler\CurlFactory))
#3 E:\xampp73\htdocs\filecroco\loader\vendor\guzzlehttp\guzzle\src\Handler\CurlMultiHandler.php(110): GuzzleHttp\Handler\CurlMultiHandler->processMessages()
#4 E:\xampp73\htdocs\filecroco\loader\vendor\guzzlehttp\guzzle\src\Handler\CurlMultiHandler.php(125): GuzzleHttp\Handler\CurlMultiHandler->tick()
#5 E:\xampp73\htdocs\filecroco\loader\vendor\guzzlehttp\promises\src\Promise.php(246): GuzzleHttp\Handler\CurlMultiHandler->execute(true)
#6 E:\xampp73\htdocs\filecroco\loader\vendor\guzzlehttp\promises\src\Promise.php(223): GuzzleHttp\Promise\Promise->invokeWaitFn()
#7 E:\xampp73\htdocs\filecroco\loader\vendor\guzzlehttp\promises\src\Promise.php(267): GuzzleHttp\Promise\Promise->waitIfPending()
#8 E:\xampp73\htdocs\filecroco\loader\vendor\guzzlehttp\promises\src\Promise.php(225): GuzzleHttp\Promise\Promise->invokeWaitList()
#9 E:\xampp73\htdocs\filecroco\loader\vendor\guzzlehttp\promises\src\Promise.php(62): GuzzleHttp\Promise\Promise->waitIfPending()
#10 E:\xampp73\htdocs\filecroco\loader\vendor\guzzlehttp\promises\src\EachPromise.php(101): GuzzleHttp\Promise\Promise->wait()
#11 E:\xampp73\htdocs\filecroco\loader\vendor\guzzlehttp\promises\src\Promise.php(246): GuzzleHttp\Promise\EachPromise->GuzzleHttp\Promise\{closure}(true)
#12 E:\xampp73\htdocs\filecroco\loader\vendor\guzzlehttp\promises\src\Promise.php(223): GuzzleHttp\Promise\Promise->invokeWaitFn()
#13 E:\xampp73\htdocs\filecroco\loader\vendor\guzzlehttp\promises\src\Promise.php(62): GuzzleHttp\Promise\Promise->waitIfPending()
#14 E:\xampp73\htdocs\filecroco\loader\updatedownloadlink.php(95): GuzzleHttp\Promise\Promise->wait()
#15 {main}|1261GuzzleHttp\Exception\RequestException: cURL error 56:  (see http://curl.haxx.se/libcurl/c/libcurl-errors.html) in E:\xampp73\htdocs\filecroco\loader\vendor\guzzlehttp\guzzle\src\Handler\CurlFactory.php:186
Stack trace:
#0 E:\xampp73\htdocs\filecroco\loader\vendor\guzzlehttp\guzzle\src\Handler\CurlFactory.php(149): GuzzleHttp\Handler\CurlFactory::createRejection(Object(GuzzleHttp\Handler\EasyHandle), Array)
#1 E:\xampp73\htdocs\filecroco\loader\vendor\guzzlehttp\guzzle\src\Handler\CurlFactory.php(102): GuzzleHttp\Handler\CurlFactory::finishError(Object(GuzzleHttp\Handler\CurlMultiHandler), Object(GuzzleHttp\Handler\EasyHandle), Object(GuzzleHttp\Handler\CurlFactory))
#2 E:\xampp73\htdocs\filecroco\loader\vendor\guzzlehttp\guzzle\src\Handler\CurlMultiHandler.php(181): GuzzleHttp\Handler\CurlFactory::finish(Object(GuzzleHttp\Handler\CurlMultiHandler), Object(GuzzleHttp\Handler\EasyHandle), Object(GuzzleHttp\Handler\CurlFactory))
#3 E:\xampp73\htdocs\filecroco\loader\vendor\guzzlehttp\guzzle\src\Handler\CurlMultiHandler.php(110): GuzzleHttp\Handler\CurlMultiHandler->processMessages()
#4 E:\xampp73\htdocs\filecroco\loader\vendor\guzzlehttp\guzzle\src\Handler\CurlMultiHandler.php(125): GuzzleHttp\Handler\CurlMultiHandler->tick()
#5 E:\xampp73\htdocs\filecroco\loader\vendor\guzzlehttp\promises\src\Promise.php(246): GuzzleHttp\Handler\CurlMultiHandler->execute(true)
#6 E:\xampp73\htdocs\filecroco\loader\vendor\guzzlehttp\promises\src\Promise.php(223): GuzzleHttp\Promise\Promise->invokeWaitFn()
#7 E:\xampp73\htdocs\filecroco\loader\vendor\guzzlehttp\promises\src\Promise.php(267): GuzzleHttp\Promise\Promise->waitIfPending()
#8 E:\xampp73\htdocs\filecroco\loader\vendor\guzzlehttp\promises\src\Promise.php(225): GuzzleHttp\Promise\Promise->invokeWaitList()
#9 E:\xampp73\htdocs\filecroco\loader\vendor\guzzlehttp\promises\src\Promise.php(62): GuzzleHttp\Promise\Promise->waitIfPending()
#10 E:\xampp73\htdocs\filecroco\loader\vendor\guzzlehttp\promises\src\EachPromise.php(101): GuzzleHttp\Promise\Promise->wait()
#11 E:\xampp73\htdocs\filecroco\loader\vendor\guzzlehttp\promises\src\Promise.php(246): GuzzleHttp\Promise\EachPromise->GuzzleHttp\Promise\{closure}(true)
#12 E:\xampp73\htdocs\filecroco\loader\vendor\guzzlehttp\promises\src\Promise.php(223): GuzzleHttp\Promise\Promise->invokeWaitFn()
#13 E:\xampp73\htdocs\filecroco\loader\vendor\guzzlehttp\promises\src\Promise.php(62): GuzzleHttp\Promise\Promise->waitIfPending()
#14 E:\xampp73\htdocs\filecroco\loader\updatedownloadlink.php(95): GuzzleHttp\Promise\Promise->wait()
#15 {main}|1262GuzzleHttp\Exception\RequestException: cURL error 56:  (see http://curl.haxx.se/libcurl/c/libcurl-errors.html) in E:\xampp73\htdocs\filecroco\loader\vendor\guzzlehttp\guzzle\src\Handler\CurlFactory.php:186
Stack trace:
#0 E:\xampp73\htdocs\filecroco\loader\vendor\guzzlehttp\guzzle\src\Handler\CurlFactory.php(149): GuzzleHttp\Handler\CurlFactory::createRejection(Object(GuzzleHttp\Handler\EasyHandle), Array)
#1 E:\xampp73\htdocs\filecroco\loader\vendor\guzzlehttp\guzzle\src\Handler\CurlFactory.php(102): GuzzleHttp\Handler\CurlFactory::finishError(Object(GuzzleHttp\Handler\CurlMultiHandler), Object(GuzzleHttp\Handler\EasyHandle), Object(GuzzleHttp\Handler\CurlFactory))
#2 E:\xampp73\htdocs\filecroco\loader\vendor\guzzlehttp\guzzle\src\Handler\CurlMultiHandler.php(181): GuzzleHttp\Handler\CurlFactory::finish(Object(GuzzleHttp\Handler\CurlMultiHandler), Object(GuzzleHttp\Handler\EasyHandle), Object(GuzzleHttp\Handler\CurlFactory))
#3 E:\xampp73\htdocs\filecroco\loader\vendor\guzzlehttp\guzzle\src\Handler\CurlMultiHandler.php(110): GuzzleHttp\Handler\CurlMultiHandler->processMessages()
#4 E:\xampp73\htdocs\filecroco\loader\vendor\guzzlehttp\guzzle\src\Handler\CurlMultiHandler.php(125): GuzzleHttp\Handler\CurlMultiHandler->tick()
#5 E:\xampp73\htdocs\filecroco\loader\vendor\guzzlehttp\promises\src\Promise.php(246): GuzzleHttp\Handler\CurlMultiHandler->execute(true)
#6 E:\xampp73\htdocs\filecroco\loader\vendor\guzzlehttp\promises\src\Promise.php(223): GuzzleHttp\Promise\Promise->invokeWaitFn()
#7 E:\xampp73\htdocs\filecroco\loader\vendor\guzzlehttp\promises\src\Promise.php(267): GuzzleHttp\Promise\Promise->waitIfPending()
#8 E:\xampp73\htdocs\filecroco\loader\vendor\guzzlehttp\promises\src\Promise.php(225): GuzzleHttp\Promise\Promise->invokeWaitList()
#9 E:\xampp73\htdocs\filecroco\loader\vendor\guzzlehttp\promises\src\Promise.php(62): GuzzleHttp\Promise\Promise->waitIfPending()
#10 E:\xampp73\htdocs\filecroco\loader\vendor\guzzlehttp\promises\src\EachPromise.php(101): GuzzleHttp\Promise\Promise->wait()
#11 E:\xampp73\htdocs\filecroco\loader\vendor\guzzlehttp\promises\src\Promise.php(246): GuzzleHttp\Promise\EachPromise->GuzzleHttp\Promise\{closure}(true)
#12 E:\xampp73\htdocs\filecroco\loader\vendor\guzzlehttp\promises\src\Promise.php(223): GuzzleHttp\Promise\Promise->invokeWaitFn()
#13 E:\xampp73\htdocs\filecroco\loader\vendor\guzzlehttp\promises\src\Promise.php(62): GuzzleHttp\Promise\Promise->waitIfPending()
#14 E:\xampp73\htdocs\filecroco\loader\updatedownloadlink.php(95): GuzzleHttp\Promise\Promise->wait()
#15 {main}|1263GuzzleHttp\Exception\RequestException: cURL error 56:  (see http://curl.haxx.se/libcurl/c/libcurl-errors.html) in E:\xampp73\htdocs\filecroco\loader\vendor\guzzlehttp\guzzle\src\Handler\CurlFactory.php:186
Stack trace:
#0 E:\xampp73\htdocs\filecroco\loader\vendor\guzzlehttp\guzzle\src\Handler\CurlFactory.php(149): GuzzleHttp\Handler\CurlFactory::createRejection(Object(GuzzleHttp\Handler\EasyHandle), Array)
#1 E:\xampp73\htdocs\filecroco\loader\vendor\guzzlehttp\guzzle\src\Handler\CurlFactory.php(102): GuzzleHttp\Handler\CurlFactory::finishError(Object(GuzzleHttp\Handler\CurlMultiHandler), Object(GuzzleHttp\Handler\EasyHandle), Object(GuzzleHttp\Handler\CurlFactory))
#2 E:\xampp73\htdocs\filecroco\loader\vendor\guzzlehttp\guzzle\src\Handler\CurlMultiHandler.php(181): GuzzleHttp\Handler\CurlFactory::finish(Object(GuzzleHttp\Handler\CurlMultiHandler), Object(GuzzleHttp\Handler\EasyHandle), Object(GuzzleHttp\Handler\CurlFactory))
#3 E:\xampp73\htdocs\filecroco\loader\vendor\guzzlehttp\guzzle\src\Handler\CurlMultiHandler.php(110): GuzzleHttp\Handler\CurlMultiHandler->processMessages()
#4 E:\xampp73\htdocs\filecroco\loader\vendor\guzzlehttp\guzzle\src\Handler\CurlMultiHandler.php(125): GuzzleHttp\Handler\CurlMultiHandler->tick()
#5 E:\xampp73\htdocs\filecroco\loader\vendor\guzzlehttp\promises\src\Promise.php(246): GuzzleHttp\Handler\CurlMultiHandler->execute(true)
#6 E:\xampp73\htdocs\filecroco\loader\vendor\guzzlehttp\promises\src\Promise.php(223): GuzzleHttp\Promise\Promise->invokeWaitFn()
#7 E:\xampp73\htdocs\filecroco\loader\vendor\guzzlehttp\promises\src\Promise.php(267): GuzzleHttp\Promise\Promise->waitIfPending()
#8 E:\xampp73\htdocs\filecroco\loader\vendor\guzzlehttp\promises\src\Promise.php(225): GuzzleHttp\Promise\Promise->invokeWaitList()
#9 E:\xampp73\htdocs\filecroco\loader\vendor\guzzlehttp\promises\src\Promise.php(62): GuzzleHttp\Promise\Promise->waitIfPending()
#10 E:\xampp73\htdocs\filecroco\loader\vendor\guzzlehttp\promises\src\EachPromise.php(101): GuzzleHttp\Promise\Promise->wait()
#11 E:\xampp73\htdocs\filecroco\loader\vendor\guzzlehttp\promises\src\Promise.php(246): GuzzleHttp\Promise\EachPromise->GuzzleHttp\Promise\{closure}(true)
#12 E:\xampp73\htdocs\filecroco\loader\vendor\guzzlehttp\promises\src\Promise.php(223): GuzzleHttp\Promise\Promise->invokeWaitFn()
#13 E:\xampp73\htdocs\filecroco\loader\vendor\guzzlehttp\promises\src\Promise.php(62): GuzzleHttp\Promise\Promise->waitIfPending()
#14 E:\xampp73\htdocs\filecroco\loader\updatedownloadlink.php(95): GuzzleHttp\Promise\Promise->wait()
#15 {main}|1264GuzzleHttp\Exception\RequestException: cURL error 56:  (see http://curl.haxx.se/libcurl/c/libcurl-errors.html) in E:\xampp73\htdocs\filecroco\loader\vendor\guzzlehttp\guzzle\src\Handler\CurlFactory.php:186
Stack trace:
#0 E:\xampp73\htdocs\filecroco\loader\vendor\guzzlehttp\guzzle\src\Handler\CurlFactory.php(149): GuzzleHttp\Handler\CurlFactory::createRejection(Object(GuzzleHttp\Handler\EasyHandle), Array)
#1 E:\xampp73\htdocs\filecroco\loader\vendor\guzzlehttp\guzzle\src\Handler\CurlFactory.php(102): GuzzleHttp\Handler\CurlFactory::finishError(Object(GuzzleHttp\Handler\CurlMultiHandler), Object(GuzzleHttp\Handler\EasyHandle), Object(GuzzleHttp\Handler\CurlFactory))
#2 E:\xampp73\htdocs\filecroco\loader\vendor\guzzlehttp\guzzle\src\Handler\CurlMultiHandler.php(181): GuzzleHttp\Handler\CurlFactory::finish(Object(GuzzleHttp\Handler\CurlMultiHandler), Object(GuzzleHttp\Handler\EasyHandle), Object(GuzzleHttp\Handler\CurlFactory))
#3 E:\xampp73\htdocs\filecroco\loader\vendor\guzzlehttp\guzzle\src\Handler\CurlMultiHandler.php(110): GuzzleHttp\Handler\CurlMultiHandler->processMessages()
#4 E:\xampp73\htdocs\filecroco\loader\vendor\guzzlehttp\guzzle\src\Handler\CurlMultiHandler.php(125): GuzzleHttp\Handler\CurlMultiHandler->tick()
#5 E:\xampp73\htdocs\filecroco\loader\vendor\guzzlehttp\promises\src\Promise.php(246): GuzzleHttp\Handler\CurlMultiHandler->execute(true)
#6 E:\xampp73\htdocs\filecroco\loader\vendor\guzzlehttp\promises\src\Promise.php(223): GuzzleHttp\Promise\Promise->invokeWaitFn()
#7 E:\xampp73\htdocs\filecroco\loader\vendor\guzzlehttp\promises\src\Promise.php(267): GuzzleHttp\Promise\Promise->waitIfPending()
#8 E:\xampp73\htdocs\filecroco\loader\vendor\guzzlehttp\promises\src\Promise.php(225): GuzzleHttp\Promise\Promise->invokeWaitList()
#9 E:\xampp73\htdocs\filecroco\loader\vendor\guzzlehttp\promises\src\Promise.php(62): GuzzleHttp\Promise\Promise->waitIfPending()
#10 E:\xampp73\htdocs\filecroco\loader\vendor\guzzlehttp\promises\src\EachPromise.php(101): GuzzleHttp\Promise\Promise->wait()
#11 E:\xampp73\htdocs\filecroco\loader\vendor\guzzlehttp\promises\src\Promise.php(246): GuzzleHttp\Promise\EachPromise->GuzzleHttp\Promise\{closure}(true)
#12 E:\xampp73\htdocs\filecroco\loader\vendor\guzzlehttp\promises\src\Promise.php(223): GuzzleHttp\Promise\Promise->invokeWaitFn()
#13 E:\xampp73\htdocs\filecroco\loader\vendor\guzzlehttp\promises\src\Promise.php(62): GuzzleHttp\Promise\Promise->waitIfPending()
#14 E:\xampp73\htdocs\filecroco\loader\updatedownloadlink.php(95): GuzzleHttp\Promise\Promise->wait()
#15 {main}|1265GuzzleHttp\Exception\RequestException: cURL error 56:  (see http://curl.haxx.se/libcurl/c/libcurl-errors.html) in E:\xampp73\htdocs\filecroco\loader\vendor\guzzlehttp\guzzle\src\Handler\CurlFactory.php:186
Stack trace:
#0 E:\xampp73\htdocs\filecroco\loader\vendor\guzzlehttp\guzzle\src\Handler\CurlFactory.php(149): GuzzleHttp\Handler\CurlFactory::createRejection(Object(GuzzleHttp\Handler\EasyHandle), Array)
#1 E:\xampp73\htdocs\filecroco\loader\vendor\guzzlehttp\guzzle\src\Handler\CurlFactory.php(102): GuzzleHttp\Handler\CurlFactory::finishError(Object(GuzzleHttp\Handler\CurlMultiHandler), Object(GuzzleHttp\Handler\EasyHandle), Object(GuzzleHttp\Handler\CurlFactory))
#2 E:\xampp73\htdocs\filecroco\loader\vendor\guzzlehttp\guzzle\src\Handler\CurlMultiHandler.php(181): GuzzleHttp\Handler\CurlFactory::finish(Object(GuzzleHttp\Handler\CurlMultiHandler), Object(GuzzleHttp\Handler\EasyHandle), Object(GuzzleHttp\Handler\CurlFactory))
#3 E:\xampp73\htdocs\filecroco\loader\vendor\guzzlehttp\guzzle\src\Handler\CurlMultiHandler.php(110): GuzzleHttp\Handler\CurlMultiHandler->processMessages()
#4 E:\xampp73\htdocs\filecroco\loader\vendor\guzzlehttp\guzzle\src\Handler\CurlMultiHandler.php(125): GuzzleHttp\Handler\CurlMultiHandler->tick()
#5 E:\xampp73\htdocs\filecroco\loader\vendor\guzzlehttp\promises\src\Promise.php(246): GuzzleHttp\Handler\CurlMultiHandler->execute(true)
#6 E:\xampp73\htdocs\filecroco\loader\vendor\guzzlehttp\promises\src\Promise.php(223): GuzzleHttp\Promise\Promise->invokeWaitFn()
#7 E:\xampp73\htdocs\filecroco\loader\vendor\guzzlehttp\promises\src\Promise.php(267): GuzzleHttp\Promise\Promise->waitIfPending()
#8 E:\xampp73\htdocs\filecroco\loader\vendor\guzzlehttp\promises\src\Promise.php(225): GuzzleHttp\Promise\Promise->invokeWaitList()
#9 E:\xampp73\htdocs\filecroco\loader\vendor\guzzlehttp\promises\src\Promise.php(62): GuzzleHttp\Promise\Promise->waitIfPending()
#10 E:\xampp73\htdocs\filecroco\loader\vendor\guzzlehttp\promises\src\EachPromise.php(101): GuzzleHttp\Promise\Promise->wait()
#11 E:\xampp73\htdocs\filecroco\loader\vendor\guzzlehttp\promises\src\Promise.php(246): GuzzleHttp\Promise\EachPromise->GuzzleHttp\Promise\{closure}(true)
#12 E:\xampp73\htdocs\filecroco\loader\vendor\guzzlehttp\promises\src\Promise.php(223): GuzzleHttp\Promise\Promise->invokeWaitFn()
#13 E:\xampp73\htdocs\filecroco\loader\vendor\guzzlehttp\promises\src\Promise.php(62): GuzzleHttp\Promise\Promise->waitIfPending()
#14 E:\xampp73\htdocs\filecroco\loader\updatedownloadlink.php(95): GuzzleHttp\Promise\Promise->wait()
#15 {main}|1266GuzzleHttp\Exception\RequestException: cURL error 56:  (see http://curl.haxx.se/libcurl/c/libcurl-errors.html) in E:\xampp73\htdocs\filecroco\loader\vendor\guzzlehttp\guzzle\src\Handler\CurlFactory.php:186
Stack trace:
#0 E:\xampp73\htdocs\filecroco\loader\vendor\guzzlehttp\guzzle\src\Handler\CurlFactory.php(149): GuzzleHttp\Handler\CurlFactory::createRejection(Object(GuzzleHttp\Handler\EasyHandle), Array)
#1 E:\xampp73\htdocs\filecroco\loader\vendor\guzzlehttp\guzzle\src\Handler\CurlFactory.php(102): GuzzleHttp\Handler\CurlFactory::finishError(Object(GuzzleHttp\Handler\CurlMultiHandler), Object(GuzzleHttp\Handler\EasyHandle), Object(GuzzleHttp\Handler\CurlFactory))
#2 E:\xampp73\htdocs\filecroco\loader\vendor\guzzlehttp\guzzle\src\Handler\CurlMultiHandler.php(181): GuzzleHttp\Handler\CurlFactory::finish(Object(GuzzleHttp\Handler\CurlMultiHandler), Object(GuzzleHttp\Handler\EasyHandle), Object(GuzzleHttp\Handler\CurlFactory))
#3 E:\xampp73\htdocs\filecroco\loader\vendor\guzzlehttp\guzzle\src\Handler\CurlMultiHandler.php(110): GuzzleHttp\Handler\CurlMultiHandler->processMessages()
#4 E:\xampp73\htdocs\filecroco\loader\vendor\guzzlehttp\guzzle\src\Handler\CurlMultiHandler.php(125): GuzzleHttp\Handler\CurlMultiHandler->tick()
#5 E:\xampp73\htdocs\filecroco\loader\vendor\guzzlehttp\promises\src\Promise.php(246): GuzzleHttp\Handler\CurlMultiHandler->execute(true)
#6 E:\xampp73\htdocs\filecroco\loader\vendor\guzzlehttp\promises\src\Promise.php(223): GuzzleHttp\Promise\Promise->invokeWaitFn()
#7 E:\xampp73\htdocs\filecroco\loader\vendor\guzzlehttp\promises\src\Promise.php(267): GuzzleHttp\Promise\Promise->waitIfPending()
#8 E:\xampp73\htdocs\filecroco\loader\vendor\guzzlehttp\promises\src\Promise.php(225): GuzzleHttp\Promise\Promise->invokeWaitList()
#9 E:\xampp73\htdocs\filecroco\loader\vendor\guzzlehttp\promises\src\Promise.php(62): GuzzleHttp\Promise\Promise->waitIfPending()
#10 E:\xampp73\htdocs\filecroco\loader\vendor\guzzlehttp\promises\src\EachPromise.php(101): GuzzleHttp\Promise\Promise->wait()
#11 E:\xampp73\htdocs\filecroco\loader\vendor\guzzlehttp\promises\src\Promise.php(246): GuzzleHttp\Promise\EachPromise->GuzzleHttp\Promise\{closure}(true)
#12 E:\xampp73\htdocs\filecroco\loader\vendor\guzzlehttp\promises\src\Promise.php(223): GuzzleHttp\Promise\Promise->invokeWaitFn()
#13 E:\xampp73\htdocs\filecroco\loader\vendor\guzzlehttp\promises\src\Promise.php(62): GuzzleHttp\Promise\Promise->waitIfPending()
#14 E:\xampp73\htdocs\filecroco\loader\updatedownloadlink.php(95): GuzzleHttp\Promise\Promise->wait()
#15 {main}|1267GuzzleHttp\Exception\RequestException: cURL error 56:  (see http://curl.haxx.se/libcurl/c/libcurl-errors.html) in E:\xampp73\htdocs\filecroco\loader\vendor\guzzlehttp\guzzle\src\Handler\CurlFactory.php:186
Stack trace:
#0 E:\xampp73\htdocs\filecroco\loader\vendor\guzzlehttp\guzzle\src\Handler\CurlFactory.php(149): GuzzleHttp\Handler\CurlFactory::createRejection(Object(GuzzleHttp\Handler\EasyHandle), Array)
#1 E:\xampp73\htdocs\filecroco\loader\vendor\guzzlehttp\guzzle\src\Handler\CurlFactory.php(102): GuzzleHttp\Handler\CurlFactory::finishError(Object(GuzzleHttp\Handler\CurlMultiHandler), Object(GuzzleHttp\Handler\EasyHandle), Object(GuzzleHttp\Handler\CurlFactory))
#2 E:\xampp73\htdocs\filecroco\loader\vendor\guzzlehttp\guzzle\src\Handler\CurlMultiHandler.php(181): GuzzleHttp\Handler\CurlFactory::finish(Object(GuzzleHttp\Handler\CurlMultiHandler), Object(GuzzleHttp\Handler\EasyHandle), Object(GuzzleHttp\Handler\CurlFactory))
#3 E:\xampp73\htdocs\filecroco\loader\vendor\guzzlehttp\guzzle\src\Handler\CurlMultiHandler.php(110): GuzzleHttp\Handler\CurlMultiHandler->processMessages()
#4 E:\xampp73\htdocs\filecroco\loader\vendor\guzzlehttp\guzzle\src\Handler\CurlMultiHandler.php(125): GuzzleHttp\Handler\CurlMultiHandler->tick()
#5 E:\xampp73\htdocs\filecroco\loader\vendor\guzzlehttp\promises\src\Promise.php(246): GuzzleHttp\Handler\CurlMultiHandler->execute(true)
#6 E:\xampp73\htdocs\filecroco\loader\vendor\guzzlehttp\promises\src\Promise.php(223): GuzzleHttp\Promise\Promise->invokeWaitFn()
#7 E:\xampp73\htdocs\filecroco\loader\vendor\guzzlehttp\promises\src\Promise.php(267): GuzzleHttp\Promise\Promise->waitIfPending()
#8 E:\xampp73\htdocs\filecroco\loader\vendor\guzzlehttp\promises\src\Promise.php(225): GuzzleHttp\Promise\Promise->invokeWaitList()
#9 E:\xampp73\htdocs\filecroco\loader\vendor\guzzlehttp\promises\src\Promise.php(62): GuzzleHttp\Promise\Promise->waitIfPending()
#10 E:\xampp73\htdocs\filecroco\loader\vendor\guzzlehttp\promises\src\EachPromise.php(101): GuzzleHttp\Promise\Promise->wait()
#11 E:\xampp73\htdocs\filecroco\loader\vendor\guzzlehttp\promises\src\Promise.php(246): GuzzleHttp\Promise\EachPromise->GuzzleHttp\Promise\{closure}(true)
#12 E:\xampp73\htdocs\filecroco\loader\vendor\guzzlehttp\promises\src\Promise.php(223): GuzzleHttp\Promise\Promise->invokeWaitFn()
#13 E:\xampp73\htdocs\filecroco\loader\vendor\guzzlehttp\promises\src\Promise.php(62): GuzzleHttp\Promise\Promise->waitIfPending()
#14 E:\xampp73\htdocs\filecroco\loader\updatedownloadlink.php(95): GuzzleHttp\Promise\Promise->wait()
#15 {main}|1268GuzzleHttp\Exception\RequestException: cURL error 56:  (see http://curl.haxx.se/libcurl/c/libcurl-errors.html) in E:\xampp73\htdocs\filecroco\loader\vendor\guzzlehttp\guzzle\src\Handler\CurlFactory.php:186
Stack trace:
#0 E:\xampp73\htdocs\filecroco\loader\vendor\guzzlehttp\guzzle\src\Handler\CurlFactory.php(149): GuzzleHttp\Handler\CurlFactory::createRejection(Object(GuzzleHttp\Handler\EasyHandle), Array)
#1 E:\xampp73\htdocs\filecroco\loader\vendor\guzzlehttp\guzzle\src\Handler\CurlFactory.php(102): GuzzleHttp\Handler\CurlFactory::finishError(Object(GuzzleHttp\Handler\CurlMultiHandler), Object(GuzzleHttp\Handler\EasyHandle), Object(GuzzleHttp\Handler\CurlFactory))
#2 E:\xampp73\htdocs\filecroco\loader\vendor\guzzlehttp\guzzle\src\Handler\CurlMultiHandler.php(181): GuzzleHttp\Handler\CurlFactory::finish(Object(GuzzleHttp\Handler\CurlMultiHandler), Object(GuzzleHttp\Handler\EasyHandle), Object(GuzzleHttp\Handler\CurlFactory))
#3 E:\xampp73\htdocs\filecroco\loader\vendor\guzzlehttp\guzzle\src\Handler\CurlMultiHandler.php(110): GuzzleHttp\Handler\CurlMultiHandler->processMessages()
#4 E:\xampp73\htdocs\filecroco\loader\vendor\guzzlehttp\guzzle\src\Handler\CurlMultiHandler.php(125): GuzzleHttp\Handler\CurlMultiHandler->tick()
#5 E:\xampp73\htdocs\filecroco\loader\vendor\guzzlehttp\promises\src\Promise.php(246): GuzzleHttp\Handler\CurlMultiHandler->execute(true)
#6 E:\xampp73\htdocs\filecroco\loader\vendor\guzzlehttp\promises\src\Promise.php(223): GuzzleHttp\Promise\Promise->invokeWaitFn()
#7 E:\xampp73\htdocs\filecroco\loader\vendor\guzzlehttp\promises\src\Promise.php(267): GuzzleHttp\Promise\Promise->waitIfPending()
#8 E:\xampp73\htdocs\filecroco\loader\vendor\guzzlehttp\promises\src\Promise.php(225): GuzzleHttp\Promise\Promise->invokeWaitList()
#9 E:\xampp73\htdocs\filecroco\loader\vendor\guzzlehttp\promises\src\Promise.php(62): GuzzleHttp\Promise\Promise->waitIfPending()
#10 E:\xampp73\htdocs\filecroco\loader\vendor\guzzlehttp\promises\src\EachPromise.php(101): GuzzleHttp\Promise\Promise->wait()
#11 E:\xampp73\htdocs\filecroco\loader\vendor\guzzlehttp\promises\src\Promise.php(246): GuzzleHttp\Promise\EachPromise->GuzzleHttp\Promise\{closure}(true)
#12 E:\xampp73\htdocs\filecroco\loader\vendor\guzzlehttp\promises\src\Promise.php(223): GuzzleHttp\Promise\Promise->invokeWaitFn()
#13 E:\xampp73\htdocs\filecroco\loader\vendor\guzzlehttp\promises\src\Promise.php(62): GuzzleHttp\Promise\Promise->waitIfPending()
#14 E:\xampp73\htdocs\filecroco\loader\updatedownloadlink.php(95): GuzzleHttp\Promise\Promise->wait()
#15 {main}|1269GuzzleHttp\Exception\RequestException: cURL error 56:  (see http://curl.haxx.se/libcurl/c/libcurl-errors.html) in E:\xampp73\htdocs\filecroco\loader\vendor\guzzlehttp\guzzle\src\Handler\CurlFactory.php:186
Stack trace:
#0 E:\xampp73\htdocs\filecroco\loader\vendor\guzzlehttp\guzzle\src\Handler\CurlFactory.php(149): GuzzleHttp\Handler\CurlFactory::createRejection(Object(GuzzleHttp\Handler\EasyHandle), Array)
#1 E:\xampp73\htdocs\filecroco\loader\vendor\guzzlehttp\guzzle\src\Handler\CurlFactory.php(102): GuzzleHttp\Handler\CurlFactory::finishError(Object(GuzzleHttp\Handler\CurlMultiHandler), Object(GuzzleHttp\Handler\EasyHandle), Object(GuzzleHttp\Handler\CurlFactory))
#2 E:\xampp73\htdocs\filecroco\loader\vendor\guzzlehttp\guzzle\src\Handler\CurlMultiHandler.php(181): GuzzleHttp\Handler\CurlFactory::finish(Object(GuzzleHttp\Handler\CurlMultiHandler), Object(GuzzleHttp\Handler\EasyHandle), Object(GuzzleHttp\Handler\CurlFactory))
#3 E:\xampp73\htdocs\filecroco\loader\vendor\guzzlehttp\guzzle\src\Handler\CurlMultiHandler.php(110): GuzzleHttp\Handler\CurlMultiHandler->processMessages()
#4 E:\xampp73\htdocs\filecroco\loader\vendor\guzzlehttp\guzzle\src\Handler\CurlMultiHandler.php(125): GuzzleHttp\Handler\CurlMultiHandler->tick()
#5 E:\xampp73\htdocs\filecroco\loader\vendor\guzzlehttp\promises\src\Promise.php(246): GuzzleHttp\Handler\CurlMultiHandler->execute(true)
#6 E:\xampp73\htdocs\filecroco\loader\vendor\guzzlehttp\promises\src\Promise.php(223): GuzzleHttp\Promise\Promise->invokeWaitFn()
#7 E:\xampp73\htdocs\filecroco\loader\vendor\guzzlehttp\promises\src\Promise.php(267): GuzzleHttp\Promise\Promise->waitIfPending()
#8 E:\xampp73\htdocs\filecroco\loader\vendor\guzzlehttp\promises\src\Promise.php(225): GuzzleHttp\Promise\Promise->invokeWaitList()
#9 E:\xampp73\htdocs\filecroco\loader\vendor\guzzlehttp\promises\src\Promise.php(62): GuzzleHttp\Promise\Promise->waitIfPending()
#10 E:\xampp73\htdocs\filecroco\loader\vendor\guzzlehttp\promises\src\EachPromise.php(101): GuzzleHttp\Promise\Promise->wait()
#11 E:\xampp73\htdocs\filecroco\loader\vendor\guzzlehttp\promises\src\Promise.php(246): GuzzleHttp\Promise\EachPromise->GuzzleHttp\Promise\{closure}(true)
#12 E:\xampp73\htdocs\filecroco\loader\vendor\guzzlehttp\promises\src\Promise.php(223): GuzzleHttp\Promise\Promise->invokeWaitFn()
#13 E:\xampp73\htdocs\filecroco\loader\vendor\guzzlehttp\promises\src\Promise.php(62): GuzzleHttp\Promise\Promise->waitIfPending()
#14 E:\xampp73\htdocs\filecroco\loader\updatedownloadlink.php(95): GuzzleHttp\Promise\Promise->wait()
#15 {main}|1270GuzzleHttp\Exception\RequestException: cURL error 56:  (see http://curl.haxx.se/libcurl/c/libcurl-errors.html) in E:\xampp73\htdocs\filecroco\loader\vendor\guzzlehttp\guzzle\src\Handler\CurlFactory.php:186
Stack trace:
#0 E:\xampp73\htdocs\filecroco\loader\vendor\guzzlehttp\guzzle\src\Handler\CurlFactory.php(149): GuzzleHttp\Handler\CurlFactory::createRejection(Object(GuzzleHttp\Handler\EasyHandle), Array)
#1 E:\xampp73\htdocs\filecroco\loader\vendor\guzzlehttp\guzzle\src\Handler\CurlFactory.php(102): GuzzleHttp\Handler\CurlFactory::finishError(Object(GuzzleHttp\Handler\CurlMultiHandler), Object(GuzzleHttp\Handler\EasyHandle), Object(GuzzleHttp\Handler\CurlFactory))
#2 E:\xampp73\htdocs\filecroco\loader\vendor\guzzlehttp\guzzle\src\Handler\CurlMultiHandler.php(181): GuzzleHttp\Handler\CurlFactory::finish(Object(GuzzleHttp\Handler\CurlMultiHandler), Object(GuzzleHttp\Handler\EasyHandle), Object(GuzzleHttp\Handler\CurlFactory))
#3 E:\xampp73\htdocs\filecroco\loader\vendor\guzzlehttp\guzzle\src\Handler\CurlMultiHandler.php(110): GuzzleHttp\Handler\CurlMultiHandler->processMessages()
#4 E:\xampp73\htdocs\filecroco\loader\vendor\guzzlehttp\guzzle\src\Handler\CurlMultiHandler.php(125): GuzzleHttp\Handler\CurlMultiHandler->tick()
#5 E:\xampp73\htdocs\filecroco\loader\vendor\guzzlehttp\promises\src\Promise.php(246): GuzzleHttp\Handler\CurlMultiHandler->execute(true)
#6 E:\xampp73\htdocs\filecroco\loader\vendor\guzzlehttp\promises\src\Promise.php(223): GuzzleHttp\Promise\Promise->invokeWaitFn()
#7 E:\xampp73\htdocs\filecroco\loader\vendor\guzzlehttp\promises\src\Promise.php(267): GuzzleHttp\Promise\Promise->waitIfPending()
#8 E:\xampp73\htdocs\filecroco\loader\vendor\guzzlehttp\promises\src\Promise.php(225): GuzzleHttp\Promise\Promise->invokeWaitList()
#9 E:\xampp73\htdocs\filecroco\loader\vendor\guzzlehttp\promises\src\Promise.php(62): GuzzleHttp\Promise\Promise->waitIfPending()
#10 E:\xampp73\htdocs\filecroco\loader\vendor\guzzlehttp\promises\src\EachPromise.php(101): GuzzleHttp\Promise\Promise->wait()
#11 E:\xampp73\htdocs\filecroco\loader\vendor\guzzlehttp\promises\src\Promise.php(246): GuzzleHttp\Promise\EachPromise->GuzzleHttp\Promise\{closure}(true)
#12 E:\xampp73\htdocs\filecroco\loader\vendor\guzzlehttp\promises\src\Promise.php(223): GuzzleHttp\Promise\Promise->invokeWaitFn()
#13 E:\xampp73\htdocs\filecroco\loader\vendor\guzzlehttp\promises\src\Promise.php(62): GuzzleHttp\Promise\Promise->waitIfPending()
#14 E:\xampp73\htdocs\filecroco\loader\updatedownloadlink.php(95): GuzzleHttp\Promise\Promise->wait()
#15 {main}|1271GuzzleHttp\Exception\RequestException: cURL error 56:  (see http://curl.haxx.se/libcurl/c/libcurl-errors.html) in E:\xampp73\htdocs\filecroco\loader\vendor\guzzlehttp\guzzle\src\Handler\CurlFactory.php:186
Stack trace:
#0 E:\xampp73\htdocs\filecroco\loader\vendor\guzzlehttp\guzzle\src\Handler\CurlFactory.php(149): GuzzleHttp\Handler\CurlFactory::createRejection(Object(GuzzleHttp\Handler\EasyHandle), Array)
#1 E:\xampp73\htdocs\filecroco\loader\vendor\guzzlehttp\guzzle\src\Handler\CurlFactory.php(102): GuzzleHttp\Handler\CurlFactory::finishError(Object(GuzzleHttp\Handler\CurlMultiHandler), Object(GuzzleHttp\Handler\EasyHandle), Object(GuzzleHttp\Handler\CurlFactory))
#2 E:\xampp73\htdocs\filecroco\loader\vendor\guzzlehttp\guzzle\src\Handler\CurlMultiHandler.php(181): GuzzleHttp\Handler\CurlFactory::finish(Object(GuzzleHttp\Handler\CurlMultiHandler), Object(GuzzleHttp\Handler\EasyHandle), Object(GuzzleHttp\Handler\CurlFactory))
#3 E:\xampp73\htdocs\filecroco\loader\vendor\guzzlehttp\guzzle\src\Handler\CurlMultiHandler.php(110): GuzzleHttp\Handler\CurlMultiHandler->processMessages()
#4 E:\xampp73\htdocs\filecroco\loader\vendor\guzzlehttp\guzzle\src\Handler\CurlMultiHandler.php(125): GuzzleHttp\Handler\CurlMultiHandler->tick()
#5 E:\xampp73\htdocs\filecroco\loader\vendor\guzzlehttp\promises\src\Promise.php(246): GuzzleHttp\Handler\CurlMultiHandler->execute(true)
#6 E:\xampp73\htdocs\filecroco\loader\vendor\guzzlehttp\promises\src\Promise.php(223): GuzzleHttp\Promise\Promise->invokeWaitFn()
#7 E:\xampp73\htdocs\filecroco\loader\vendor\guzzlehttp\promises\src\Promise.php(267): GuzzleHttp\Promise\Promise->waitIfPending()
#8 E:\xampp73\htdocs\filecroco\loader\vendor\guzzlehttp\promises\src\Promise.php(225): GuzzleHttp\Promise\Promise->invokeWaitList()
#9 E:\xampp73\htdocs\filecroco\loader\vendor\guzzlehttp\promises\src\Promise.php(62): GuzzleHttp\Promise\Promise->waitIfPending()
#10 E:\xampp73\htdocs\filecroco\loader\vendor\guzzlehttp\promises\src\EachPromise.php(101): GuzzleHttp\Promise\Promise->wait()
#11 E:\xampp73\htdocs\filecroco\loader\vendor\guzzlehttp\promises\src\Promise.php(246): GuzzleHttp\Promise\EachPromise->GuzzleHttp\Promise\{closure}(true)
#12 E:\xampp73\htdocs\filecroco\loader\vendor\guzzlehttp\promises\src\Promise.php(223): GuzzleHttp\Promise\Promise->invokeWaitFn()
#13 E:\xampp73\htdocs\filecroco\loader\vendor\guzzlehttp\promises\src\Promise.php(62): GuzzleHttp\Promise\Promise->waitIfPending()
#14 E:\xampp73\htdocs\filecroco\loader\updatedownloadlink.php(95): GuzzleHttp\Promise\Promise->wait()
#15 {main}|1272GuzzleHttp\Exception\RequestException: cURL error 56:  (see http://curl.haxx.se/libcurl/c/libcurl-errors.html) in E:\xampp73\htdocs\filecroco\loader\vendor\guzzlehttp\guzzle\src\Handler\CurlFactory.php:186
Stack trace:
#0 E:\xampp73\htdocs\filecroco\loader\vendor\guzzlehttp\guzzle\src\Handler\CurlFactory.php(149): GuzzleHttp\Handler\CurlFactory::createRejection(Object(GuzzleHttp\Handler\EasyHandle), Array)
#1 E:\xampp73\htdocs\filecroco\loader\vendor\guzzlehttp\guzzle\src\Handler\CurlFactory.php(102): GuzzleHttp\Handler\CurlFactory::finishError(Object(GuzzleHttp\Handler\CurlMultiHandler), Object(GuzzleHttp\Handler\EasyHandle), Object(GuzzleHttp\Handler\CurlFactory))
#2 E:\xampp73\htdocs\filecroco\loader\vendor\guzzlehttp\guzzle\src\Handler\CurlMultiHandler.php(181): GuzzleHttp\Handler\CurlFactory::finish(Object(GuzzleHttp\Handler\CurlMultiHandler), Object(GuzzleHttp\Handler\EasyHandle), Object(GuzzleHttp\Handler\CurlFactory))
#3 E:\xampp73\htdocs\filecroco\loader\vendor\guzzlehttp\guzzle\src\Handler\CurlMultiHandler.php(110): GuzzleHttp\Handler\CurlMultiHandler->processMessages()
#4 E:\xampp73\htdocs\filecroco\loader\vendor\guzzlehttp\guzzle\src\Handler\CurlMultiHandler.php(125): GuzzleHttp\Handler\CurlMultiHandler->tick()
#5 E:\xampp73\htdocs\filecroco\loader\vendor\guzzlehttp\promises\src\Promise.php(246): GuzzleHttp\Handler\CurlMultiHandler->execute(true)
#6 E:\xampp73\htdocs\filecroco\loader\vendor\guzzlehttp\promises\src\Promise.php(223): GuzzleHttp\Promise\Promise->invokeWaitFn()
#7 E:\xampp73\htdocs\filecroco\loader\vendor\guzzlehttp\promises\src\Promise.php(267): GuzzleHttp\Promise\Promise->waitIfPending()
#8 E:\xampp73\htdocs\filecroco\loader\vendor\guzzlehttp\promises\src\Promise.php(225): GuzzleHttp\Promise\Promise->invokeWaitList()
#9 E:\xampp73\htdocs\filecroco\loader\vendor\guzzlehttp\promises\src\Promise.php(62): GuzzleHttp\Promise\Promise->waitIfPending()
#10 E:\xampp73\htdocs\filecroco\loader\vendor\guzzlehttp\promises\src\EachPromise.php(101): GuzzleHttp\Promise\Promise->wait()
#11 E:\xampp73\htdocs\filecroco\loader\vendor\guzzlehttp\promises\src\Promise.php(246): GuzzleHttp\Promise\EachPromise->GuzzleHttp\Promise\{closure}(true)
#12 E:\xampp73\htdocs\filecroco\loader\vendor\guzzlehttp\promises\src\Promise.php(223): GuzzleHttp\Promise\Promise->invokeWaitFn()
#13 E:\xampp73\htdocs\filecroco\loader\vendor\guzzlehttp\promises\src\Promise.php(62): GuzzleHttp\Promise\Promise->waitIfPending()
#14 E:\xampp73\htdocs\filecroco\loader\updatedownloadlink.php(95): GuzzleHttp\Promise\Promise->wait()
#15 {main}|1273GuzzleHttp\Exception\RequestException: cURL error 56:  (see http://curl.haxx.se/libcurl/c/libcurl-errors.html) in E:\xampp73\htdocs\filecroco\loader\vendor\guzzlehttp\guzzle\src\Handler\CurlFactory.php:186
Stack trace:
#0 E:\xampp73\htdocs\filecroco\loader\vendor\guzzlehttp\guzzle\src\Handler\CurlFactory.php(149): GuzzleHttp\Handler\CurlFactory::createRejection(Object(GuzzleHttp\Handler\EasyHandle), Array)
#1 E:\xampp73\htdocs\filecroco\loader\vendor\guzzlehttp\guzzle\src\Handler\CurlFactory.php(102): GuzzleHttp\Handler\CurlFactory::finishError(Object(GuzzleHttp\Handler\CurlMultiHandler), Object(GuzzleHttp\Handler\EasyHandle), Object(GuzzleHttp\Handler\CurlFactory))
#2 E:\xampp73\htdocs\filecroco\loader\vendor\guzzlehttp\guzzle\src\Handler\CurlMultiHandler.php(181): GuzzleHttp\Handler\CurlFactory::finish(Object(GuzzleHttp\Handler\CurlMultiHandler), Object(GuzzleHttp\Handler\EasyHandle), Object(GuzzleHttp\Handler\CurlFactory))
#3 E:\xampp73\htdocs\filecroco\loader\vendor\guzzlehttp\guzzle\src\Handler\CurlMultiHandler.php(110): GuzzleHttp\Handler\CurlMultiHandler->processMessages()
#4 E:\xampp73\htdocs\filecroco\loader\vendor\guzzlehttp\guzzle\src\Handler\CurlMultiHandler.php(125): GuzzleHttp\Handler\CurlMultiHandler->tick()
#5 E:\xampp73\htdocs\filecroco\loader\vendor\guzzlehttp\promises\src\Promise.php(246): GuzzleHttp\Handler\CurlMultiHandler->execute(true)
#6 E:\xampp73\htdocs\filecroco\loader\vendor\guzzlehttp\promises\src\Promise.php(223): GuzzleHttp\Promise\Promise->invokeWaitFn()
#7 E:\xampp73\htdocs\filecroco\loader\vendor\guzzlehttp\promises\src\Promise.php(267): GuzzleHttp\Promise\Promise->waitIfPending()
#8 E:\xampp73\htdocs\filecroco\loader\vendor\guzzlehttp\promises\src\Promise.php(225): GuzzleHttp\Promise\Promise->invokeWaitList()
#9 E:\xampp73\htdocs\filecroco\loader\vendor\guzzlehttp\promises\src\Promise.php(62): GuzzleHttp\Promise\Promise->waitIfPending()
#10 E:\xampp73\htdocs\filecroco\loader\vendor\guzzlehttp\promises\src\EachPromise.php(101): GuzzleHttp\Promise\Promise->wait()
#11 E:\xampp73\htdocs\filecroco\loader\vendor\guzzlehttp\promises\src\Promise.php(246): GuzzleHttp\Promise\EachPromise->GuzzleHttp\Promise\{closure}(true)
#12 E:\xampp73\htdocs\filecroco\loader\vendor\guzzlehttp\promises\src\Promise.php(223): GuzzleHttp\Promise\Promise->invokeWaitFn()
#13 E:\xampp73\htdocs\filecroco\loader\vendor\guzzlehttp\promises\src\Promise.php(62): GuzzleHttp\Promise\Promise->waitIfPending()
#14 E:\xampp73\htdocs\filecroco\loader\updatedownloadlink.php(95): GuzzleHttp\Promise\Promise->wait()
#15 {main}|1274GuzzleHttp\Exception\RequestException: cURL error 56:  (see http://curl.haxx.se/libcurl/c/libcurl-errors.html) in E:\xampp73\htdocs\filecroco\loader\vendor\guzzlehttp\guzzle\src\Handler\CurlFactory.php:186
Stack trace:
#0 E:\xampp73\htdocs\filecroco\loader\vendor\guzzlehttp\guzzle\src\Handler\CurlFactory.php(149): GuzzleHttp\Handler\CurlFactory::createRejection(Object(GuzzleHttp\Handler\EasyHandle), Array)
#1 E:\xampp73\htdocs\filecroco\loader\vendor\guzzlehttp\guzzle\src\Handler\CurlFactory.php(102): GuzzleHttp\Handler\CurlFactory::finishError(Object(GuzzleHttp\Handler\CurlMultiHandler), Object(GuzzleHttp\Handler\EasyHandle), Object(GuzzleHttp\Handler\CurlFactory))
#2 E:\xampp73\htdocs\filecroco\loader\vendor\guzzlehttp\guzzle\src\Handler\CurlMultiHandler.php(181): GuzzleHttp\Handler\CurlFactory::finish(Object(GuzzleHttp\Handler\CurlMultiHandler), Object(GuzzleHttp\Handler\EasyHandle), Object(GuzzleHttp\Handler\CurlFactory))
#3 E:\xampp73\htdocs\filecroco\loader\vendor\guzzlehttp\guzzle\src\Handler\CurlMultiHandler.php(110): GuzzleHttp\Handler\CurlMultiHandler->processMessages()
#4 E:\xampp73\htdocs\filecroco\loader\vendor\guzzlehttp\guzzle\src\Handler\CurlMultiHandler.php(125): GuzzleHttp\Handler\CurlMultiHandler->tick()
#5 E:\xampp73\htdocs\filecroco\loader\vendor\guzzlehttp\promises\src\Promise.php(246): GuzzleHttp\Handler\CurlMultiHandler->execute(true)
#6 E:\xampp73\htdocs\filecroco\loader\vendor\guzzlehttp\promises\src\Promise.php(223): GuzzleHttp\Promise\Promise->invokeWaitFn()
#7 E:\xampp73\htdocs\filecroco\loader\vendor\guzzlehttp\promises\src\Promise.php(267): GuzzleHttp\Promise\Promise->waitIfPending()
#8 E:\xampp73\htdocs\filecroco\loader\vendor\guzzlehttp\promises\src\Promise.php(225): GuzzleHttp\Promise\Promise->invokeWaitList()
#9 E:\xampp73\htdocs\filecroco\loader\vendor\guzzlehttp\promises\src\Promise.php(62): GuzzleHttp\Promise\Promise->waitIfPending()
#10 E:\xampp73\htdocs\filecroco\loader\vendor\guzzlehttp\promises\src\EachPromise.php(101): GuzzleHttp\Promise\Promise->wait()
#11 E:\xampp73\htdocs\filecroco\loader\vendor\guzzlehttp\promises\src\Promise.php(246): GuzzleHttp\Promise\EachPromise->GuzzleHttp\Promise\{closure}(true)
#12 E:\xampp73\htdocs\filecroco\loader\vendor\guzzlehttp\promises\src\Promise.php(223): GuzzleHttp\Promise\Promise->invokeWaitFn()
#13 E:\xampp73\htdocs\filecroco\loader\vendor\guzzlehttp\promises\src\Promise.php(62): GuzzleHttp\Promise\Promise->waitIfPending()
#14 E:\xampp73\htdocs\filecroco\loader\updatedownloadlink.php(95): GuzzleHttp\Promise\Promise->wait()
#15 {main}|1275GuzzleHttp\Exception\RequestException: cURL error 56:  (see http://curl.haxx.se/libcurl/c/libcurl-errors.html) in E:\xampp73\htdocs\filecroco\loader\vendor\guzzlehttp\guzzle\src\Handler\CurlFactory.php:186
Stack trace:
#0 E:\xampp73\htdocs\filecroco\loader\vendor\guzzlehttp\guzzle\src\Handler\CurlFactory.php(149): GuzzleHttp\Handler\CurlFactory::createRejection(Object(GuzzleHttp\Handler\EasyHandle), Array)
#1 E:\xampp73\htdocs\filecroco\loader\vendor\guzzlehttp\guzzle\src\Handler\CurlFactory.php(102): GuzzleHttp\Handler\CurlFactory::finishError(Object(GuzzleHttp\Handler\CurlMultiHandler), Object(GuzzleHttp\Handler\EasyHandle), Object(GuzzleHttp\Handler\CurlFactory))
#2 E:\xampp73\htdocs\filecroco\loader\vendor\guzzlehttp\guzzle\src\Handler\CurlMultiHandler.php(181): GuzzleHttp\Handler\CurlFactory::finish(Object(GuzzleHttp\Handler\CurlMultiHandler), Object(GuzzleHttp\Handler\EasyHandle), Object(GuzzleHttp\Handler\CurlFactory))
#3 E:\xampp73\htdocs\filecroco\loader\vendor\guzzlehttp\guzzle\src\Handler\CurlMultiHandler.php(110): GuzzleHttp\Handler\CurlMultiHandler->processMessages()
#4 E:\xampp73\htdocs\filecroco\loader\vendor\guzzlehttp\guzzle\src\Handler\CurlMultiHandler.php(125): GuzzleHttp\Handler\CurlMultiHandler->tick()
#5 E:\xampp73\htdocs\filecroco\loader\vendor\guzzlehttp\promises\src\Promise.php(246): GuzzleHttp\Handler\CurlMultiHandler->execute(true)
#6 E:\xampp73\htdocs\filecroco\loader\vendor\guzzlehttp\promises\src\Promise.php(223): GuzzleHttp\Promise\Promise->invokeWaitFn()
#7 E:\xampp73\htdocs\filecroco\loader\vendor\guzzlehttp\promises\src\Promise.php(267): GuzzleHttp\Promise\Promise->waitIfPending()
#8 E:\xampp73\htdocs\filecroco\loader\vendor\guzzlehttp\promises\src\Promise.php(225): GuzzleHttp\Promise\Promise->invokeWaitList()
#9 E:\xampp73\htdocs\filecroco\loader\vendor\guzzlehttp\promises\src\Promise.php(62): GuzzleHttp\Promise\Promise->waitIfPending()
#10 E:\xampp73\htdocs\filecroco\loader\vendor\guzzlehttp\promises\src\EachPromise.php(101): GuzzleHttp\Promise\Promise->wait()
#11 E:\xampp73\htdocs\filecroco\loader\vendor\guzzlehttp\promises\src\Promise.php(246): GuzzleHttp\Promise\EachPromise->GuzzleHttp\Promise\{closure}(true)
#12 E:\xampp73\htdocs\filecroco\loader\vendor\guzzlehttp\promises\src\Promise.php(223): GuzzleHttp\Promise\Promise->invokeWaitFn()
#13 E:\xampp73\htdocs\filecroco\loader\vendor\guzzlehttp\promises\src\Promise.php(62): GuzzleHttp\Promise\Promise->waitIfPending()
#14 E:\xampp73\htdocs\filecroco\loader\updatedownloadlink.php(95): GuzzleHttp\Promise\Promise->wait()
#15 {main}|1276GuzzleHttp\Exception\RequestException: cURL error 56:  (see http://curl.haxx.se/libcurl/c/libcurl-errors.html) in E:\xampp73\htdocs\filecroco\loader\vendor\guzzlehttp\guzzle\src\Handler\CurlFactory.php:186
Stack trace:
#0 E:\xampp73\htdocs\filecroco\loader\vendor\guzzlehttp\guzzle\src\Handler\CurlFactory.php(149): GuzzleHttp\Handler\CurlFactory::createRejection(Object(GuzzleHttp\Handler\EasyHandle), Array)
#1 E:\xampp73\htdocs\filecroco\loader\vendor\guzzlehttp\guzzle\src\Handler\CurlFactory.php(102): GuzzleHttp\Handler\CurlFactory::finishError(Object(GuzzleHttp\Handler\CurlMultiHandler), Object(GuzzleHttp\Handler\EasyHandle), Object(GuzzleHttp\Handler\CurlFactory))
#2 E:\xampp73\htdocs\filecroco\loader\vendor\guzzlehttp\guzzle\src\Handler\CurlMultiHandler.php(181): GuzzleHttp\Handler\CurlFactory::finish(Object(GuzzleHttp\Handler\CurlMultiHandler), Object(GuzzleHttp\Handler\EasyHandle), Object(GuzzleHttp\Handler\CurlFactory))
#3 E:\xampp73\htdocs\filecroco\loader\vendor\guzzlehttp\guzzle\src\Handler\CurlMultiHandler.php(110): GuzzleHttp\Handler\CurlMultiHandler->processMessages()
#4 E:\xampp73\htdocs\filecroco\loader\vendor\guzzlehttp\guzzle\src\Handler\CurlMultiHandler.php(125): GuzzleHttp\Handler\CurlMultiHandler->tick()
#5 E:\xampp73\htdocs\filecroco\loader\vendor\guzzlehttp\promises\src\Promise.php(246): GuzzleHttp\Handler\CurlMultiHandler->execute(true)
#6 E:\xampp73\htdocs\filecroco\loader\vendor\guzzlehttp\promises\src\Promise.php(223): GuzzleHttp\Promise\Promise->invokeWaitFn()
#7 E:\xampp73\htdocs\filecroco\loader\vendor\guzzlehttp\promises\src\Promise.php(267): GuzzleHttp\Promise\Promise->waitIfPending()
#8 E:\xampp73\htdocs\filecroco\loader\vendor\guzzlehttp\promises\src\Promise.php(225): GuzzleHttp\Promise\Promise->invokeWaitList()
#9 E:\xampp73\htdocs\filecroco\loader\vendor\guzzlehttp\promises\src\Promise.php(62): GuzzleHttp\Promise\Promise->waitIfPending()
#10 E:\xampp73\htdocs\filecroco\loader\vendor\guzzlehttp\promises\src\EachPromise.php(101): GuzzleHttp\Promise\Promise->wait()
#11 E:\xampp73\htdocs\filecroco\loader\vendor\guzzlehttp\promises\src\Promise.php(246): GuzzleHttp\Promise\EachPromise->GuzzleHttp\Promise\{closure}(true)
#12 E:\xampp73\htdocs\filecroco\loader\vendor\guzzlehttp\promises\src\Promise.php(223): GuzzleHttp\Promise\Promise->invokeWaitFn()
#13 E:\xampp73\htdocs\filecroco\loader\vendor\guzzlehttp\promises\src\Promise.php(62): GuzzleHttp\Promise\Promise->waitIfPending()
#14 E:\xampp73\htdocs\filecroco\loader\updatedownloadlink.php(95): GuzzleHttp\Promise\Promise->wait()
#15 {main}|1277GuzzleHttp\Exception\RequestException: cURL error 56:  (see http://curl.haxx.se/libcurl/c/libcurl-errors.html) in E:\xampp73\htdocs\filecroco\loader\vendor\guzzlehttp\guzzle\src\Handler\CurlFactory.php:186
Stack trace:
#0 E:\xampp73\htdocs\filecroco\loader\vendor\guzzlehttp\guzzle\src\Handler\CurlFactory.php(149): GuzzleHttp\Handler\CurlFactory::createRejection(Object(GuzzleHttp\Handler\EasyHandle), Array)
#1 E:\xampp73\htdocs\filecroco\loader\vendor\guzzlehttp\guzzle\src\Handler\CurlFactory.php(102): GuzzleHttp\Handler\CurlFactory::finishError(Object(GuzzleHttp\Handler\CurlMultiHandler), Object(GuzzleHttp\Handler\EasyHandle), Object(GuzzleHttp\Handler\CurlFactory))
#2 E:\xampp73\htdocs\filecroco\loader\vendor\guzzlehttp\guzzle\src\Handler\CurlMultiHandler.php(181): GuzzleHttp\Handler\CurlFactory::finish(Object(GuzzleHttp\Handler\CurlMultiHandler), Object(GuzzleHttp\Handler\EasyHandle), Object(GuzzleHttp\Handler\CurlFactory))
#3 E:\xampp73\htdocs\filecroco\loader\vendor\guzzlehttp\guzzle\src\Handler\CurlMultiHandler.php(110): GuzzleHttp\Handler\CurlMultiHandler->processMessages()
#4 E:\xampp73\htdocs\filecroco\loader\vendor\guzzlehttp\guzzle\src\Handler\CurlMultiHandler.php(125): GuzzleHttp\Handler\CurlMultiHandler->tick()
#5 E:\xampp73\htdocs\filecroco\loader\vendor\guzzlehttp\promises\src\Promise.php(246): GuzzleHttp\Handler\CurlMultiHandler->execute(true)
#6 E:\xampp73\htdocs\filecroco\loader\vendor\guzzlehttp\promises\src\Promise.php(223): GuzzleHttp\Promise\Promise->invokeWaitFn()
#7 E:\xampp73\htdocs\filecroco\loader\vendor\guzzlehttp\promises\src\Promise.php(267): GuzzleHttp\Promise\Promise->waitIfPending()
#8 E:\xampp73\htdocs\filecroco\loader\vendor\guzzlehttp\promises\src\Promise.php(225): GuzzleHttp\Promise\Promise->invokeWaitList()
#9 E:\xampp73\htdocs\filecroco\loader\vendor\guzzlehttp\promises\src\Promise.php(62): GuzzleHttp\Promise\Promise->waitIfPending()
#10 E:\xampp73\htdocs\filecroco\loader\vendor\guzzlehttp\promises\src\EachPromise.php(101): GuzzleHttp\Promise\Promise->wait()
#11 E:\xampp73\htdocs\filecroco\loader\vendor\guzzlehttp\promises\src\Promise.php(246): GuzzleHttp\Promise\EachPromise->GuzzleHttp\Promise\{closure}(true)
#12 E:\xampp73\htdocs\filecroco\loader\vendor\guzzlehttp\promises\src\Promise.php(223): GuzzleHttp\Promise\Promise->invokeWaitFn()
#13 E:\xampp73\htdocs\filecroco\loader\vendor\guzzlehttp\promises\src\Promise.php(62): GuzzleHttp\Promise\Promise->waitIfPending()
#14 E:\xampp73\htdocs\filecroco\loader\updatedownloadlink.php(95): GuzzleHttp\Promise\Promise->wait()
#15 {main}|1278GuzzleHttp\Exception\RequestException: cURL error 56:  (see http://curl.haxx.se/libcurl/c/libcurl-errors.html) in E:\xampp73\htdocs\filecroco\loader\vendor\guzzlehttp\guzzle\src\Handler\CurlFactory.php:186
Stack trace:
#0 E:\xampp73\htdocs\filecroco\loader\vendor\guzzlehttp\guzzle\src\Handler\CurlFactory.php(149): GuzzleHttp\Handler\CurlFactory::createRejection(Object(GuzzleHttp\Handler\EasyHandle), Array)
#1 E:\xampp73\htdocs\filecroco\loader\vendor\guzzlehttp\guzzle\src\Handler\CurlFactory.php(102): GuzzleHttp\Handler\CurlFactory::finishError(Object(GuzzleHttp\Handler\CurlMultiHandler), Object(GuzzleHttp\Handler\EasyHandle), Object(GuzzleHttp\Handler\CurlFactory))
#2 E:\xampp73\htdocs\filecroco\loader\vendor\guzzlehttp\guzzle\src\Handler\CurlMultiHandler.php(181): GuzzleHttp\Handler\CurlFactory::finish(Object(GuzzleHttp\Handler\CurlMultiHandler), Object(GuzzleHttp\Handler\EasyHandle), Object(GuzzleHttp\Handler\CurlFactory))
#3 E:\xampp73\htdocs\filecroco\loader\vendor\guzzlehttp\guzzle\src\Handler\CurlMultiHandler.php(110): GuzzleHttp\Handler\CurlMultiHandler->processMessages()
#4 E:\xampp73\htdocs\filecroco\loader\vendor\guzzlehttp\guzzle\src\Handler\CurlMultiHandler.php(125): GuzzleHttp\Handler\CurlMultiHandler->tick()
#5 E:\xampp73\htdocs\filecroco\loader\vendor\guzzlehttp\promises\src\Promise.php(246): GuzzleHttp\Handler\CurlMultiHandler->execute(true)
#6 E:\xampp73\htdocs\filecroco\loader\vendor\guzzlehttp\promises\src\Promise.php(223): GuzzleHttp\Promise\Promise->invokeWaitFn()
#7 E:\xampp73\htdocs\filecroco\loader\vendor\guzzlehttp\promises\src\Promise.php(267): GuzzleHttp\Promise\Promise->waitIfPending()
#8 E:\xampp73\htdocs\filecroco\loader\vendor\guzzlehttp\promises\src\Promise.php(225): GuzzleHttp\Promise\Promise->invokeWaitList()
#9 E:\xampp73\htdocs\filecroco\loader\vendor\guzzlehttp\promises\src\Promise.php(62): GuzzleHttp\Promise\Promise->waitIfPending()
#10 E:\xampp73\htdocs\filecroco\loader\vendor\guzzlehttp\promises\src\EachPromise.php(101): GuzzleHttp\Promise\Promise->wait()
#11 E:\xampp73\htdocs\filecroco\loader\vendor\guzzlehttp\promises\src\Promise.php(246): GuzzleHttp\Promise\EachPromise->GuzzleHttp\Promise\{closure}(true)
#12 E:\xampp73\htdocs\filecroco\loader\vendor\guzzlehttp\promises\src\Promise.php(223): GuzzleHttp\Promise\Promise->invokeWaitFn()
#13 E:\xampp73\htdocs\filecroco\loader\vendor\guzzlehttp\promises\src\Promise.php(62): GuzzleHttp\Promise\Promise->waitIfPending()
#14 E:\xampp73\htdocs\filecroco\loader\updatedownloadlink.php(95): GuzzleHttp\Promise\Promise->wait()
#15 {main}|1279GuzzleHttp\Exception\RequestException: cURL error 56:  (see http://curl.haxx.se/libcurl/c/libcurl-errors.html) in E:\xampp73\htdocs\filecroco\loader\vendor\guzzlehttp\guzzle\src\Handler\CurlFactory.php:186
Stack trace:
#0 E:\xampp73\htdocs\filecroco\loader\vendor\guzzlehttp\guzzle\src\Handler\CurlFactory.php(149): GuzzleHttp\Handler\CurlFactory::createRejection(Object(GuzzleHttp\Handler\EasyHandle), Array)
#1 E:\xampp73\htdocs\filecroco\loader\vendor\guzzlehttp\guzzle\src\Handler\CurlFactory.php(102): GuzzleHttp\Handler\CurlFactory::finishError(Object(GuzzleHttp\Handler\CurlMultiHandler), Object(GuzzleHttp\Handler\EasyHandle), Object(GuzzleHttp\Handler\CurlFactory))
#2 E:\xampp73\htdocs\filecroco\loader\vendor\guzzlehttp\guzzle\src\Handler\CurlMultiHandler.php(181): GuzzleHttp\Handler\CurlFactory::finish(Object(GuzzleHttp\Handler\CurlMultiHandler), Object(GuzzleHttp\Handler\EasyHandle), Object(GuzzleHttp\Handler\CurlFactory))
#3 E:\xampp73\htdocs\filecroco\loader\vendor\guzzlehttp\guzzle\src\Handler\CurlMultiHandler.php(110): GuzzleHttp\Handler\CurlMultiHandler->processMessages()
#4 E:\xampp73\htdocs\filecroco\loader\vendor\guzzlehttp\guzzle\src\Handler\CurlMultiHandler.php(125): GuzzleHttp\Handler\CurlMultiHandler->tick()
#5 E:\xampp73\htdocs\filecroco\loader\vendor\guzzlehttp\promises\src\Promise.php(246): GuzzleHttp\Handler\CurlMultiHandler->execute(true)
#6 E:\xampp73\htdocs\filecroco\loader\vendor\guzzlehttp\promises\src\Promise.php(223): GuzzleHttp\Promise\Promise->invokeWaitFn()
#7 E:\xampp73\htdocs\filecroco\loader\vendor\guzzlehttp\promises\src\Promise.php(267): GuzzleHttp\Promise\Promise->waitIfPending()
#8 E:\xampp73\htdocs\filecroco\loader\vendor\guzzlehttp\promises\src\Promise.php(225): GuzzleHttp\Promise\Promise->invokeWaitList()
#9 E:\xampp73\htdocs\filecroco\loader\vendor\guzzlehttp\promises\src\Promise.php(62): GuzzleHttp\Promise\Promise->waitIfPending()
#10 E:\xampp73\htdocs\filecroco\loader\vendor\guzzlehttp\promises\src\EachPromise.php(101): GuzzleHttp\Promise\Promise->wait()
#11 E:\xampp73\htdocs\filecroco\loader\vendor\guzzlehttp\promises\src\Promise.php(246): GuzzleHttp\Promise\EachPromise->GuzzleHttp\Promise\{closure}(true)
#12 E:\xampp73\htdocs\filecroco\loader\vendor\guzzlehttp\promises\src\Promise.php(223): GuzzleHttp\Promise\Promise->invokeWaitFn()
#13 E:\xampp73\htdocs\filecroco\loader\vendor\guzzlehttp\promises\src\Promise.php(62): GuzzleHttp\Promise\Promise->waitIfPending()
#14 E:\xampp73\htdocs\filecroco\loader\updatedownloadlink.php(95): GuzzleHttp\Promise\Promise->wait()
#15 {main}|1280GuzzleHttp\Exception\RequestException: cURL error 56:  (see http://curl.haxx.se/libcurl/c/libcurl-errors.html) in E:\xampp73\htdocs\filecroco\loader\vendor\guzzlehttp\guzzle\src\Handler\CurlFactory.php:186
Stack trace:
#0 E:\xampp73\htdocs\filecroco\loader\vendor\guzzlehttp\guzzle\src\Handler\CurlFactory.php(149): GuzzleHttp\Handler\CurlFactory::createRejection(Object(GuzzleHttp\Handler\EasyHandle), Array)
#1 E:\xampp73\htdocs\filecroco\loader\vendor\guzzlehttp\guzzle\src\Handler\CurlFactory.php(102): GuzzleHttp\Handler\CurlFactory::finishError(Object(GuzzleHttp\Handler\CurlMultiHandler), Object(GuzzleHttp\Handler\EasyHandle), Object(GuzzleHttp\Handler\CurlFactory))
#2 E:\xampp73\htdocs\filecroco\loader\vendor\guzzlehttp\guzzle\src\Handler\CurlMultiHandler.php(181): GuzzleHttp\Handler\CurlFactory::finish(Object(GuzzleHttp\Handler\CurlMultiHandler), Object(GuzzleHttp\Handler\EasyHandle), Object(GuzzleHttp\Handler\CurlFactory))
#3 E:\xampp73\htdocs\filecroco\loader\vendor\guzzlehttp\guzzle\src\Handler\CurlMultiHandler.php(110): GuzzleHttp\Handler\CurlMultiHandler->processMessages()
#4 E:\xampp73\htdocs\filecroco\loader\vendor\guzzlehttp\guzzle\src\Handler\CurlMultiHandler.php(125): GuzzleHttp\Handler\CurlMultiHandler->tick()
#5 E:\xampp73\htdocs\filecroco\loader\vendor\guzzlehttp\promises\src\Promise.php(246): GuzzleHttp\Handler\CurlMultiHandler->execute(true)
#6 E:\xampp73\htdocs\filecroco\loader\vendor\guzzlehttp\promises\src\Promise.php(223): GuzzleHttp\Promise\Promise->invokeWaitFn()
#7 E:\xampp73\htdocs\filecroco\loader\vendor\guzzlehttp\promises\src\Promise.php(267): GuzzleHttp\Promise\Promise->waitIfPending()
#8 E:\xampp73\htdocs\filecroco\loader\vendor\guzzlehttp\promises\src\Promise.php(225): GuzzleHttp\Promise\Promise->invokeWaitList()
#9 E:\xampp73\htdocs\filecroco\loader\vendor\guzzlehttp\promises\src\Promise.php(62): GuzzleHttp\Promise\Promise->waitIfPending()
#10 E:\xampp73\htdocs\filecroco\loader\vendor\guzzlehttp\promises\src\EachPromise.php(101): GuzzleHttp\Promise\Promise->wait()
#11 E:\xampp73\htdocs\filecroco\loader\vendor\guzzlehttp\promises\src\Promise.php(246): GuzzleHttp\Promise\EachPromise->GuzzleHttp\Promise\{closure}(true)
#12 E:\xampp73\htdocs\filecroco\loader\vendor\guzzlehttp\promises\src\Promise.php(223): GuzzleHttp\Promise\Promise->invokeWaitFn()
#13 E:\xampp73\htdocs\filecroco\loader\vendor\guzzlehttp\promises\src\Promise.php(62): GuzzleHttp\Promise\Promise->waitIfPending()
#14 E:\xampp73\htdocs\filecroco\loader\updatedownloadlink.php(95): GuzzleHttp\Promise\Promise->wait()
#15 {main}|1281GuzzleHttp\Exception\RequestException: cURL error 56:  (see http://curl.haxx.se/libcurl/c/libcurl-errors.html) in E:\xampp73\htdocs\filecroco\loader\vendor\guzzlehttp\guzzle\src\Handler\CurlFactory.php:186
Stack trace:
#0 E:\xampp73\htdocs\filecroco\loader\vendor\guzzlehttp\guzzle\src\Handler\CurlFactory.php(149): GuzzleHttp\Handler\CurlFactory::createRejection(Object(GuzzleHttp\Handler\EasyHandle), Array)
#1 E:\xampp73\htdocs\filecroco\loader\vendor\guzzlehttp\guzzle\src\Handler\CurlFactory.php(102): GuzzleHttp\Handler\CurlFactory::finishError(Object(GuzzleHttp\Handler\CurlMultiHandler), Object(GuzzleHttp\Handler\EasyHandle), Object(GuzzleHttp\Handler\CurlFactory))
#2 E:\xampp73\htdocs\filecroco\loader\vendor\guzzlehttp\guzzle\src\Handler\CurlMultiHandler.php(181): GuzzleHttp\Handler\CurlFactory::finish(Object(GuzzleHttp\Handler\CurlMultiHandler), Object(GuzzleHttp\Handler\EasyHandle), Object(GuzzleHttp\Handler\CurlFactory))
#3 E:\xampp73\htdocs\filecroco\loader\vendor\guzzlehttp\guzzle\src\Handler\CurlMultiHandler.php(110): GuzzleHttp\Handler\CurlMultiHandler->processMessages()
#4 E:\xampp73\htdocs\filecroco\loader\vendor\guzzlehttp\guzzle\src\Handler\CurlMultiHandler.php(125): GuzzleHttp\Handler\CurlMultiHandler->tick()
#5 E:\xampp73\htdocs\filecroco\loader\vendor\guzzlehttp\promises\src\Promise.php(246): GuzzleHttp\Handler\CurlMultiHandler->execute(true)
#6 E:\xampp73\htdocs\filecroco\loader\vendor\guzzlehttp\promises\src\Promise.php(223): GuzzleHttp\Promise\Promise->invokeWaitFn()
#7 E:\xampp73\htdocs\filecroco\loader\vendor\guzzlehttp\promises\src\Promise.php(267): GuzzleHttp\Promise\Promise->waitIfPending()
#8 E:\xampp73\htdocs\filecroco\loader\vendor\guzzlehttp\promises\src\Promise.php(225): GuzzleHttp\Promise\Promise->invokeWaitList()
#9 E:\xampp73\htdocs\filecroco\loader\vendor\guzzlehttp\promises\src\Promise.php(62): GuzzleHttp\Promise\Promise->waitIfPending()
#10 E:\xampp73\htdocs\filecroco\loader\vendor\guzzlehttp\promises\src\EachPromise.php(101): GuzzleHttp\Promise\Promise->wait()
#11 E:\xampp73\htdocs\filecroco\loader\vendor\guzzlehttp\promises\src\Promise.php(246): GuzzleHttp\Promise\EachPromise->GuzzleHttp\Promise\{closure}(true)
#12 E:\xampp73\htdocs\filecroco\loader\vendor\guzzlehttp\promises\src\Promise.php(223): GuzzleHttp\Promise\Promise->invokeWaitFn()
#13 E:\xampp73\htdocs\filecroco\loader\vendor\guzzlehttp\promises\src\Promise.php(62): GuzzleHttp\Promise\Promise->waitIfPending()
#14 E:\xampp73\htdocs\filecroco\loader\updatedownloadlink.php(95): GuzzleHttp\Promise\Promise->wait()
#15 {main}|1282GuzzleHttp\Exception\RequestException: cURL error 56:  (see http://curl.haxx.se/libcurl/c/libcurl-errors.html) in E:\xampp73\htdocs\filecroco\loader\vendor\guzzlehttp\guzzle\src\Handler\CurlFactory.php:186
Stack trace:
#0 E:\xampp73\htdocs\filecroco\loader\vendor\guzzlehttp\guzzle\src\Handler\CurlFactory.php(149): GuzzleHttp\Handler\CurlFactory::createRejection(Object(GuzzleHttp\Handler\EasyHandle), Array)
#1 E:\xampp73\htdocs\filecroco\loader\vendor\guzzlehttp\guzzle\src\Handler\CurlFactory.php(102): GuzzleHttp\Handler\CurlFactory::finishError(Object(GuzzleHttp\Handler\CurlMultiHandler), Object(GuzzleHttp\Handler\EasyHandle), Object(GuzzleHttp\Handler\CurlFactory))
#2 E:\xampp73\htdocs\filecroco\loader\vendor\guzzlehttp\guzzle\src\Handler\CurlMultiHandler.php(181): GuzzleHttp\Handler\CurlFactory::finish(Object(GuzzleHttp\Handler\CurlMultiHandler), Object(GuzzleHttp\Handler\EasyHandle), Object(GuzzleHttp\Handler\CurlFactory))
#3 E:\xampp73\htdocs\filecroco\loader\vendor\guzzlehttp\guzzle\src\Handler\CurlMultiHandler.php(110): GuzzleHttp\Handler\CurlMultiHandler->processMessages()
#4 E:\xampp73\htdocs\filecroco\loader\vendor\guzzlehttp\guzzle\src\Handler\CurlMultiHandler.php(125): GuzzleHttp\Handler\CurlMultiHandler->tick()
#5 E:\xampp73\htdocs\filecroco\loader\vendor\guzzlehttp\promises\src\Promise.php(246): GuzzleHttp\Handler\CurlMultiHandler->execute(true)
#6 E:\xampp73\htdocs\filecroco\loader\vendor\guzzlehttp\promises\src\Promise.php(223): GuzzleHttp\Promise\Promise->invokeWaitFn()
#7 E:\xampp73\htdocs\filecroco\loader\vendor\guzzlehttp\promises\src\Promise.php(267): GuzzleHttp\Promise\Promise->waitIfPending()
#8 E:\xampp73\htdocs\filecroco\loader\vendor\guzzlehttp\promises\src\Promise.php(225): GuzzleHttp\Promise\Promise->invokeWaitList()
#9 E:\xampp73\htdocs\filecroco\loader\vendor\guzzlehttp\promises\src\Promise.php(62): GuzzleHttp\Promise\Promise->waitIfPending()
#10 E:\xampp73\htdocs\filecroco\loader\vendor\guzzlehttp\promises\src\EachPromise.php(101): GuzzleHttp\Promise\Promise->wait()
#11 E:\xampp73\htdocs\filecroco\loader\vendor\guzzlehttp\promises\src\Promise.php(246): GuzzleHttp\Promise\EachPromise->GuzzleHttp\Promise\{closure}(true)
#12 E:\xampp73\htdocs\filecroco\loader\vendor\guzzlehttp\promises\src\Promise.php(223): GuzzleHttp\Promise\Promise->invokeWaitFn()
#13 E:\xampp73\htdocs\filecroco\loader\vendor\guzzlehttp\promises\src\Promise.php(62): GuzzleHttp\Promise\Promise->waitIfPending()
#14 E:\xampp73\htdocs\filecroco\loader\updatedownloadlink.php(95): GuzzleHttp\Promise\Promise->wait()
#15 {main}|1283GuzzleHttp\Exception\RequestException: cURL error 56:  (see http://curl.haxx.se/libcurl/c/libcurl-errors.html) in E:\xampp73\htdocs\filecroco\loader\vendor\guzzlehttp\guzzle\src\Handler\CurlFactory.php:186
Stack trace:
#0 E:\xampp73\htdocs\filecroco\loader\vendor\guzzlehttp\guzzle\src\Handler\CurlFactory.php(149): GuzzleHttp\Handler\CurlFactory::createRejection(Object(GuzzleHttp\Handler\EasyHandle), Array)
#1 E:\xampp73\htdocs\filecroco\loader\vendor\guzzlehttp\guzzle\src\Handler\CurlFactory.php(102): GuzzleHttp\Handler\CurlFactory::finishError(Object(GuzzleHttp\Handler\CurlMultiHandler), Object(GuzzleHttp\Handler\EasyHandle), Object(GuzzleHttp\Handler\CurlFactory))
#2 E:\xampp73\htdocs\filecroco\loader\vendor\guzzlehttp\guzzle\src\Handler\CurlMultiHandler.php(181): GuzzleHttp\Handler\CurlFactory::finish(Object(GuzzleHttp\Handler\CurlMultiHandler), Object(GuzzleHttp\Handler\EasyHandle), Object(GuzzleHttp\Handler\CurlFactory))
#3 E:\xampp73\htdocs\filecroco\loader\vendor\guzzlehttp\guzzle\src\Handler\CurlMultiHandler.php(110): GuzzleHttp\Handler\CurlMultiHandler->processMessages()
#4 E:\xampp73\htdocs\filecroco\loader\vendor\guzzlehttp\guzzle\src\Handler\CurlMultiHandler.php(125): GuzzleHttp\Handler\CurlMultiHandler->tick()
#5 E:\xampp73\htdocs\filecroco\loader\vendor\guzzlehttp\promises\src\Promise.php(246): GuzzleHttp\Handler\CurlMultiHandler->execute(true)
#6 E:\xampp73\htdocs\filecroco\loader\vendor\guzzlehttp\promises\src\Promise.php(223): GuzzleHttp\Promise\Promise->invokeWaitFn()
#7 E:\xampp73\htdocs\filecroco\loader\vendor\guzzlehttp\promises\src\Promise.php(267): GuzzleHttp\Promise\Promise->waitIfPending()
#8 E:\xampp73\htdocs\filecroco\loader\vendor\guzzlehttp\promises\src\Promise.php(225): GuzzleHttp\Promise\Promise->invokeWaitList()
#9 E:\xampp73\htdocs\filecroco\loader\vendor\guzzlehttp\promises\src\Promise.php(62): GuzzleHttp\Promise\Promise->waitIfPending()
#10 E:\xampp73\htdocs\filecroco\loader\vendor\guzzlehttp\promises\src\EachPromise.php(101): GuzzleHttp\Promise\Promise->wait()
#11 E:\xampp73\htdocs\filecroco\loader\vendor\guzzlehttp\promises\src\Promise.php(246): GuzzleHttp\Promise\EachPromise->GuzzleHttp\Promise\{closure}(true)
#12 E:\xampp73\htdocs\filecroco\loader\vendor\guzzlehttp\promises\src\Promise.php(223): GuzzleHttp\Promise\Promise->invokeWaitFn()
#13 E:\xampp73\htdocs\filecroco\loader\vendor\guzzlehttp\promises\src\Promise.php(62): GuzzleHttp\Promise\Promise->waitIfPending()
#14 E:\xampp73\htdocs\filecroco\loader\updatedownloadlink.php(95): GuzzleHttp\Promise\Promise->wait()
#15 {main}|1284GuzzleHttp\Exception\RequestException: cURL error 56:  (see http://curl.haxx.se/libcurl/c/libcurl-errors.html) in E:\xampp73\htdocs\filecroco\loader\vendor\guzzlehttp\guzzle\src\Handler\CurlFactory.php:186
Stack trace:
#0 E:\xampp73\htdocs\filecroco\loader\vendor\guzzlehttp\guzzle\src\Handler\CurlFactory.php(149): GuzzleHttp\Handler\CurlFactory::createRejection(Object(GuzzleHttp\Handler\EasyHandle), Array)
#1 E:\xampp73\htdocs\filecroco\loader\vendor\guzzlehttp\guzzle\src\Handler\CurlFactory.php(102): GuzzleHttp\Handler\CurlFactory::finishError(Object(GuzzleHttp\Handler\CurlMultiHandler), Object(GuzzleHttp\Handler\EasyHandle), Object(GuzzleHttp\Handler\CurlFactory))
#2 E:\xampp73\htdocs\filecroco\loader\vendor\guzzlehttp\guzzle\src\Handler\CurlMultiHandler.php(181): GuzzleHttp\Handler\CurlFactory::finish(Object(GuzzleHttp\Handler\CurlMultiHandler), Object(GuzzleHttp\Handler\EasyHandle), Object(GuzzleHttp\Handler\CurlFactory))
#3 E:\xampp73\htdocs\filecroco\loader\vendor\guzzlehttp\guzzle\src\Handler\CurlMultiHandler.php(110): GuzzleHttp\Handler\CurlMultiHandler->processMessages()
#4 E:\xampp73\htdocs\filecroco\loader\vendor\guzzlehttp\guzzle\src\Handler\CurlMultiHandler.php(125): GuzzleHttp\Handler\CurlMultiHandler->tick()
#5 E:\xampp73\htdocs\filecroco\loader\vendor\guzzlehttp\promises\src\Promise.php(246): GuzzleHttp\Handler\CurlMultiHandler->execute(true)
#6 E:\xampp73\htdocs\filecroco\loader\vendor\guzzlehttp\promises\src\Promise.php(223): GuzzleHttp\Promise\Promise->invokeWaitFn()
#7 E:\xampp73\htdocs\filecroco\loader\vendor\guzzlehttp\promises\src\Promise.php(267): GuzzleHttp\Promise\Promise->waitIfPending()
#8 E:\xampp73\htdocs\filecroco\loader\vendor\guzzlehttp\promises\src\Promise.php(225): GuzzleHttp\Promise\Promise->invokeWaitList()
#9 E:\xampp73\htdocs\filecroco\loader\vendor\guzzlehttp\promises\src\Promise.php(62): GuzzleHttp\Promise\Promise->waitIfPending()
#10 E:\xampp73\htdocs\filecroco\loader\vendor\guzzlehttp\promises\src\EachPromise.php(101): GuzzleHttp\Promise\Promise->wait()
#11 E:\xampp73\htdocs\filecroco\loader\vendor\guzzlehttp\promises\src\Promise.php(246): GuzzleHttp\Promise\EachPromise->GuzzleHttp\Promise\{closure}(true)
#12 E:\xampp73\htdocs\filecroco\loader\vendor\guzzlehttp\promises\src\Promise.php(223): GuzzleHttp\Promise\Promise->invokeWaitFn()
#13 E:\xampp73\htdocs\filecroco\loader\vendor\guzzlehttp\promises\src\Promise.php(62): GuzzleHttp\Promise\Promise->waitIfPending()
#14 E:\xampp73\htdocs\filecroco\loader\updatedownloadlink.php(95): GuzzleHttp\Promise\Promise->wait()
#15 {main}|1285GuzzleHttp\Exception\RequestException: cURL error 56:  (see http://curl.haxx.se/libcurl/c/libcurl-errors.html) in E:\xampp73\htdocs\filecroco\loader\vendor\guzzlehttp\guzzle\src\Handler\CurlFactory.php:186
Stack trace:
#0 E:\xampp73\htdocs\filecroco\loader\vendor\guzzlehttp\guzzle\src\Handler\CurlFactory.php(149): GuzzleHttp\Handler\CurlFactory::createRejection(Object(GuzzleHttp\Handler\EasyHandle), Array)
#1 E:\xampp73\htdocs\filecroco\loader\vendor\guzzlehttp\guzzle\src\Handler\CurlFactory.php(102): GuzzleHttp\Handler\CurlFactory::finishError(Object(GuzzleHttp\Handler\CurlMultiHandler), Object(GuzzleHttp\Handler\EasyHandle), Object(GuzzleHttp\Handler\CurlFactory))
#2 E:\xampp73\htdocs\filecroco\loader\vendor\guzzlehttp\guzzle\src\Handler\CurlMultiHandler.php(181): GuzzleHttp\Handler\CurlFactory::finish(Object(GuzzleHttp\Handler\CurlMultiHandler), Object(GuzzleHttp\Handler\EasyHandle), Object(GuzzleHttp\Handler\CurlFactory))
#3 E:\xampp73\htdocs\filecroco\loader\vendor\guzzlehttp\guzzle\src\Handler\CurlMultiHandler.php(110): GuzzleHttp\Handler\CurlMultiHandler->processMessages()
#4 E:\xampp73\htdocs\filecroco\loader\vendor\guzzlehttp\guzzle\src\Handler\CurlMultiHandler.php(125): GuzzleHttp\Handler\CurlMultiHandler->tick()
#5 E:\xampp73\htdocs\filecroco\loader\vendor\guzzlehttp\promises\src\Promise.php(246): GuzzleHttp\Handler\CurlMultiHandler->execute(true)
#6 E:\xampp73\htdocs\filecroco\loader\vendor\guzzlehttp\promises\src\Promise.php(223): GuzzleHttp\Promise\Promise->invokeWaitFn()
#7 E:\xampp73\htdocs\filecroco\loader\vendor\guzzlehttp\promises\src\Promise.php(267): GuzzleHttp\Promise\Promise->waitIfPending()
#8 E:\xampp73\htdocs\filecroco\loader\vendor\guzzlehttp\promises\src\Promise.php(225): GuzzleHttp\Promise\Promise->invokeWaitList()
#9 E:\xampp73\htdocs\filecroco\loader\vendor\guzzlehttp\promises\src\Promise.php(62): GuzzleHttp\Promise\Promise->waitIfPending()
#10 E:\xampp73\htdocs\filecroco\loader\vendor\guzzlehttp\promises\src\EachPromise.php(101): GuzzleHttp\Promise\Promise->wait()
#11 E:\xampp73\htdocs\filecroco\loader\vendor\guzzlehttp\promises\src\Promise.php(246): GuzzleHttp\Promise\EachPromise->GuzzleHttp\Promise\{closure}(true)
#12 E:\xampp73\htdocs\filecroco\loader\vendor\guzzlehttp\promises\src\Promise.php(223): GuzzleHttp\Promise\Promise->invokeWaitFn()
#13 E:\xampp73\htdocs\filecroco\loader\vendor\guzzlehttp\promises\src\Promise.php(62): GuzzleHttp\Promise\Promise->waitIfPending()
#14 E:\xampp73\htdocs\filecroco\loader\updatedownloadlink.php(95): GuzzleHttp\Promise\Promise->wait()
#15 {main}|1286GuzzleHttp\Exception\RequestException: cURL error 56:  (see http://curl.haxx.se/libcurl/c/libcurl-errors.html) in E:\xampp73\htdocs\filecroco\loader\vendor\guzzlehttp\guzzle\src\Handler\CurlFactory.php:186
Stack trace:
#0 E:\xampp73\htdocs\filecroco\loader\vendor\guzzlehttp\guzzle\src\Handler\CurlFactory.php(149): GuzzleHttp\Handler\CurlFactory::createRejection(Object(GuzzleHttp\Handler\EasyHandle), Array)
#1 E:\xampp73\htdocs\filecroco\loader\vendor\guzzlehttp\guzzle\src\Handler\CurlFactory.php(102): GuzzleHttp\Handler\CurlFactory::finishError(Object(GuzzleHttp\Handler\CurlMultiHandler), Object(GuzzleHttp\Handler\EasyHandle), Object(GuzzleHttp\Handler\CurlFactory))
#2 E:\xampp73\htdocs\filecroco\loader\vendor\guzzlehttp\guzzle\src\Handler\CurlMultiHandler.php(181): GuzzleHttp\Handler\CurlFactory::finish(Object(GuzzleHttp\Handler\CurlMultiHandler), Object(GuzzleHttp\Handler\EasyHandle), Object(GuzzleHttp\Handler\CurlFactory))
#3 E:\xampp73\htdocs\filecroco\loader\vendor\guzzlehttp\guzzle\src\Handler\CurlMultiHandler.php(110): GuzzleHttp\Handler\CurlMultiHandler->processMessages()
#4 E:\xampp73\htdocs\filecroco\loader\vendor\guzzlehttp\guzzle\src\Handler\CurlMultiHandler.php(125): GuzzleHttp\Handler\CurlMultiHandler->tick()
#5 E:\xampp73\htdocs\filecroco\loader\vendor\guzzlehttp\promises\src\Promise.php(246): GuzzleHttp\Handler\CurlMultiHandler->execute(true)
#6 E:\xampp73\htdocs\filecroco\loader\vendor\guzzlehttp\promises\src\Promise.php(223): GuzzleHttp\Promise\Promise->invokeWaitFn()
#7 E:\xampp73\htdocs\filecroco\loader\vendor\guzzlehttp\promises\src\Promise.php(267): GuzzleHttp\Promise\Promise->waitIfPending()
#8 E:\xampp73\htdocs\filecroco\loader\vendor\guzzlehttp\promises\src\Promise.php(225): GuzzleHttp\Promise\Promise->invokeWaitList()
#9 E:\xampp73\htdocs\filecroco\loader\vendor\guzzlehttp\promises\src\Promise.php(62): GuzzleHttp\Promise\Promise->waitIfPending()
#10 E:\xampp73\htdocs\filecroco\loader\vendor\guzzlehttp\promises\src\EachPromise.php(101): GuzzleHttp\Promise\Promise->wait()
#11 E:\xampp73\htdocs\filecroco\loader\vendor\guzzlehttp\promises\src\Promise.php(246): GuzzleHttp\Promise\EachPromise->GuzzleHttp\Promise\{closure}(true)
#12 E:\xampp73\htdocs\filecroco\loader\vendor\guzzlehttp\promises\src\Promise.php(223): GuzzleHttp\Promise\Promise->invokeWaitFn()
#13 E:\xampp73\htdocs\filecroco\loader\vendor\guzzlehttp\promises\src\Promise.php(62): GuzzleHttp\Promise\Promise->waitIfPending()
#14 E:\xampp73\htdocs\filecroco\loader\updatedownloadlink.php(95): GuzzleHttp\Promise\Promise->wait()
#15 {main}|1287GuzzleHttp\Exception\RequestException: cURL error 56:  (see http://curl.haxx.se/libcurl/c/libcurl-errors.html) in E:\xampp73\htdocs\filecroco\loader\vendor\guzzlehttp\guzzle\src\Handler\CurlFactory.php:186
Stack trace:
#0 E:\xampp73\htdocs\filecroco\loader\vendor\guzzlehttp\guzzle\src\Handler\CurlFactory.php(149): GuzzleHttp\Handler\CurlFactory::createRejection(Object(GuzzleHttp\Handler\EasyHandle), Array)
#1 E:\xampp73\htdocs\filecroco\loader\vendor\guzzlehttp\guzzle\src\Handler\CurlFactory.php(102): GuzzleHttp\Handler\CurlFactory::finishError(Object(GuzzleHttp\Handler\CurlMultiHandler), Object(GuzzleHttp\Handler\EasyHandle), Object(GuzzleHttp\Handler\CurlFactory))
#2 E:\xampp73\htdocs\filecroco\loader\vendor\guzzlehttp\guzzle\src\Handler\CurlMultiHandler.php(181): GuzzleHttp\Handler\CurlFactory::finish(Object(GuzzleHttp\Handler\CurlMultiHandler), Object(GuzzleHttp\Handler\EasyHandle), Object(GuzzleHttp\Handler\CurlFactory))
#3 E:\xampp73\htdocs\filecroco\loader\vendor\guzzlehttp\guzzle\src\Handler\CurlMultiHandler.php(110): GuzzleHttp\Handler\CurlMultiHandler->processMessages()
#4 E:\xampp73\htdocs\filecroco\loader\vendor\guzzlehttp\guzzle\src\Handler\CurlMultiHandler.php(125): GuzzleHttp\Handler\CurlMultiHandler->tick()
#5 E:\xampp73\htdocs\filecroco\loader\vendor\guzzlehttp\promises\src\Promise.php(246): GuzzleHttp\Handler\CurlMultiHandler->execute(true)
#6 E:\xampp73\htdocs\filecroco\loader\vendor\guzzlehttp\promises\src\Promise.php(223): GuzzleHttp\Promise\Promise->invokeWaitFn()
#7 E:\xampp73\htdocs\filecroco\loader\vendor\guzzlehttp\promises\src\Promise.php(267): GuzzleHttp\Promise\Promise->waitIfPending()
#8 E:\xampp73\htdocs\filecroco\loader\vendor\guzzlehttp\promises\src\Promise.php(225): GuzzleHttp\Promise\Promise->invokeWaitList()
#9 E:\xampp73\htdocs\filecroco\loader\vendor\guzzlehttp\promises\src\Promise.php(62): GuzzleHttp\Promise\Promise->waitIfPending()
#10 E:\xampp73\htdocs\filecroco\loader\vendor\guzzlehttp\promises\src\EachPromise.php(101): GuzzleHttp\Promise\Promise->wait()
#11 E:\xampp73\htdocs\filecroco\loader\vendor\guzzlehttp\promises\src\Promise.php(246): GuzzleHttp\Promise\EachPromise->GuzzleHttp\Promise\{closure}(true)
#12 E:\xampp73\htdocs\filecroco\loader\vendor\guzzlehttp\promises\src\Promise.php(223): GuzzleHttp\Promise\Promise->invokeWaitFn()
#13 E:\xampp73\htdocs\filecroco\loader\vendor\guzzlehttp\promises\src\Promise.php(62): GuzzleHttp\Promise\Promise->waitIfPending()
#14 E:\xampp73\htdocs\filecroco\loader\updatedownloadlink.php(95): GuzzleHttp\Promise\Promise->wait()
#15 {main}|1288GuzzleHttp\Exception\RequestException: cURL error 56:  (see http://curl.haxx.se/libcurl/c/libcurl-errors.html) in E:\xampp73\htdocs\filecroco\loader\vendor\guzzlehttp\guzzle\src\Handler\CurlFactory.php:186
Stack trace:
#0 E:\xampp73\htdocs\filecroco\loader\vendor\guzzlehttp\guzzle\src\Handler\CurlFactory.php(149): GuzzleHttp\Handler\CurlFactory::createRejection(Object(GuzzleHttp\Handler\EasyHandle), Array)
#1 E:\xampp73\htdocs\filecroco\loader\vendor\guzzlehttp\guzzle\src\Handler\CurlFactory.php(102): GuzzleHttp\Handler\CurlFactory::finishError(Object(GuzzleHttp\Handler\CurlMultiHandler), Object(GuzzleHttp\Handler\EasyHandle), Object(GuzzleHttp\Handler\CurlFactory))
#2 E:\xampp73\htdocs\filecroco\loader\vendor\guzzlehttp\guzzle\src\Handler\CurlMultiHandler.php(181): GuzzleHttp\Handler\CurlFactory::finish(Object(GuzzleHttp\Handler\CurlMultiHandler), Object(GuzzleHttp\Handler\EasyHandle), Object(GuzzleHttp\Handler\CurlFactory))
#3 E:\xampp73\htdocs\filecroco\loader\vendor\guzzlehttp\guzzle\src\Handler\CurlMultiHandler.php(110): GuzzleHttp\Handler\CurlMultiHandler->processMessages()
#4 E:\xampp73\htdocs\filecroco\loader\vendor\guzzlehttp\guzzle\src\Handler\CurlMultiHandler.php(125): GuzzleHttp\Handler\CurlMultiHandler->tick()
#5 E:\xampp73\htdocs\filecroco\loader\vendor\guzzlehttp\promises\src\Promise.php(246): GuzzleHttp\Handler\CurlMultiHandler->execute(true)
#6 E:\xampp73\htdocs\filecroco\loader\vendor\guzzlehttp\promises\src\Promise.php(223): GuzzleHttp\Promise\Promise->invokeWaitFn()
#7 E:\xampp73\htdocs\filecroco\loader\vendor\guzzlehttp\promises\src\Promise.php(267): GuzzleHttp\Promise\Promise->waitIfPending()
#8 E:\xampp73\htdocs\filecroco\loader\vendor\guzzlehttp\promises\src\Promise.php(225): GuzzleHttp\Promise\Promise->invokeWaitList()
#9 E:\xampp73\htdocs\filecroco\loader\vendor\guzzlehttp\promises\src\Promise.php(62): GuzzleHttp\Promise\Promise->waitIfPending()
#10 E:\xampp73\htdocs\filecroco\loader\vendor\guzzlehttp\promises\src\EachPromise.php(101): GuzzleHttp\Promise\Promise->wait()
#11 E:\xampp73\htdocs\filecroco\loader\vendor\guzzlehttp\promises\src\Promise.php(246): GuzzleHttp\Promise\EachPromise->GuzzleHttp\Promise\{closure}(true)
#12 E:\xampp73\htdocs\filecroco\loader\vendor\guzzlehttp\promises\src\Promise.php(223): GuzzleHttp\Promise\Promise->invokeWaitFn()
#13 E:\xampp73\htdocs\filecroco\loader\vendor\guzzlehttp\promises\src\Promise.php(62): GuzzleHttp\Promise\Promise->waitIfPending()
#14 E:\xampp73\htdocs\filecroco\loader\updatedownloadlink.php(95): GuzzleHttp\Promise\Promise->wait()
#15 {main}|1289GuzzleHttp\Exception\RequestException: cURL error 56:  (see http://curl.haxx.se/libcurl/c/libcurl-errors.html) in E:\xampp73\htdocs\filecroco\loader\vendor\guzzlehttp\guzzle\src\Handler\CurlFactory.php:186
Stack trace:
#0 E:\xampp73\htdocs\filecroco\loader\vendor\guzzlehttp\guzzle\src\Handler\CurlFactory.php(149): GuzzleHttp\Handler\CurlFactory::createRejection(Object(GuzzleHttp\Handler\EasyHandle), Array)
#1 E:\xampp73\htdocs\filecroco\loader\vendor\guzzlehttp\guzzle\src\Handler\CurlFactory.php(102): GuzzleHttp\Handler\CurlFactory::finishError(Object(GuzzleHttp\Handler\CurlMultiHandler), Object(GuzzleHttp\Handler\EasyHandle), Object(GuzzleHttp\Handler\CurlFactory))
#2 E:\xampp73\htdocs\filecroco\loader\vendor\guzzlehttp\guzzle\src\Handler\CurlMultiHandler.php(181): GuzzleHttp\Handler\CurlFactory::finish(Object(GuzzleHttp\Handler\CurlMultiHandler), Object(GuzzleHttp\Handler\EasyHandle), Object(GuzzleHttp\Handler\CurlFactory))
#3 E:\xampp73\htdocs\filecroco\loader\vendor\guzzlehttp\guzzle\src\Handler\CurlMultiHandler.php(110): GuzzleHttp\Handler\CurlMultiHandler->processMessages()
#4 E:\xampp73\htdocs\filecroco\loader\vendor\guzzlehttp\guzzle\src\Handler\CurlMultiHandler.php(125): GuzzleHttp\Handler\CurlMultiHandler->tick()
#5 E:\xampp73\htdocs\filecroco\loader\vendor\guzzlehttp\promises\src\Promise.php(246): GuzzleHttp\Handler\CurlMultiHandler->execute(true)
#6 E:\xampp73\htdocs\filecroco\loader\vendor\guzzlehttp\promises\src\Promise.php(223): GuzzleHttp\Promise\Promise->invokeWaitFn()
#7 E:\xampp73\htdocs\filecroco\loader\vendor\guzzlehttp\promises\src\Promise.php(267): GuzzleHttp\Promise\Promise->waitIfPending()
#8 E:\xampp73\htdocs\filecroco\loader\vendor\guzzlehttp\promises\src\Promise.php(225): GuzzleHttp\Promise\Promise->invokeWaitList()
#9 E:\xampp73\htdocs\filecroco\loader\vendor\guzzlehttp\promises\src\Promise.php(62): GuzzleHttp\Promise\Promise->waitIfPending()
#10 E:\xampp73\htdocs\filecroco\loader\vendor\guzzlehttp\promises\src\EachPromise.php(101): GuzzleHttp\Promise\Promise->wait()
#11 E:\xampp73\htdocs\filecroco\loader\vendor\guzzlehttp\promises\src\Promise.php(246): GuzzleHttp\Promise\EachPromise->GuzzleHttp\Promise\{closure}(true)
#12 E:\xampp73\htdocs\filecroco\loader\vendor\guzzlehttp\promises\src\Promise.php(223): GuzzleHttp\Promise\Promise->invokeWaitFn()
#13 E:\xampp73\htdocs\filecroco\loader\vendor\guzzlehttp\promises\src\Promise.php(62): GuzzleHttp\Promise\Promise->waitIfPending()
#14 E:\xampp73\htdocs\filecroco\loader\updatedownloadlink.php(95): GuzzleHttp\Promise\Promise->wait()
#15 {main}|1290GuzzleHttp\Exception\RequestException: cURL error 56:  (see http://curl.haxx.se/libcurl/c/libcurl-errors.html) in E:\xampp73\htdocs\filecroco\loader\vendor\guzzlehttp\guzzle\src\Handler\CurlFactory.php:186
Stack trace:
#0 E:\xampp73\htdocs\filecroco\loader\vendor\guzzlehttp\guzzle\src\Handler\CurlFactory.php(149): GuzzleHttp\Handler\CurlFactory::createRejection(Object(GuzzleHttp\Handler\EasyHandle), Array)
#1 E:\xampp73\htdocs\filecroco\loader\vendor\guzzlehttp\guzzle\src\Handler\CurlFactory.php(102): GuzzleHttp\Handler\CurlFactory::finishError(Object(GuzzleHttp\Handler\CurlMultiHandler), Object(GuzzleHttp\Handler\EasyHandle), Object(GuzzleHttp\Handler\CurlFactory))
#2 E:\xampp73\htdocs\filecroco\loader\vendor\guzzlehttp\guzzle\src\Handler\CurlMultiHandler.php(181): GuzzleHttp\Handler\CurlFactory::finish(Object(GuzzleHttp\Handler\CurlMultiHandler), Object(GuzzleHttp\Handler\EasyHandle), Object(GuzzleHttp\Handler\CurlFactory))
#3 E:\xampp73\htdocs\filecroco\loader\vendor\guzzlehttp\guzzle\src\Handler\CurlMultiHandler.php(110): GuzzleHttp\Handler\CurlMultiHandler->processMessages()
#4 E:\xampp73\htdocs\filecroco\loader\vendor\guzzlehttp\guzzle\src\Handler\CurlMultiHandler.php(125): GuzzleHttp\Handler\CurlMultiHandler->tick()
#5 E:\xampp73\htdocs\filecroco\loader\vendor\guzzlehttp\promises\src\Promise.php(246): GuzzleHttp\Handler\CurlMultiHandler->execute(true)
#6 E:\xampp73\htdocs\filecroco\loader\vendor\guzzlehttp\promises\src\Promise.php(223): GuzzleHttp\Promise\Promise->invokeWaitFn()
#7 E:\xampp73\htdocs\filecroco\loader\vendor\guzzlehttp\promises\src\Promise.php(267): GuzzleHttp\Promise\Promise->waitIfPending()
#8 E:\xampp73\htdocs\filecroco\loader\vendor\guzzlehttp\promises\src\Promise.php(225): GuzzleHttp\Promise\Promise->invokeWaitList()
#9 E:\xampp73\htdocs\filecroco\loader\vendor\guzzlehttp\promises\src\Promise.php(62): GuzzleHttp\Promise\Promise->waitIfPending()
#10 E:\xampp73\htdocs\filecroco\loader\vendor\guzzlehttp\promises\src\EachPromise.php(101): GuzzleHttp\Promise\Promise->wait()
#11 E:\xampp73\htdocs\filecroco\loader\vendor\guzzlehttp\promises\src\Promise.php(246): GuzzleHttp\Promise\EachPromise->GuzzleHttp\Promise\{closure}(true)
#12 E:\xampp73\htdocs\filecroco\loader\vendor\guzzlehttp\promises\src\Promise.php(223): GuzzleHttp\Promise\Promise->invokeWaitFn()
#13 E:\xampp73\htdocs\filecroco\loader\vendor\guzzlehttp\promises\src\Promise.php(62): GuzzleHttp\Promise\Promise->waitIfPending()
#14 E:\xampp73\htdocs\filecroco\loader\updatedownloadlink.php(95): GuzzleHttp\Promise\Promise->wait()
#15 {main}|1291GuzzleHttp\Exception\RequestException: cURL error 56:  (see http://curl.haxx.se/libcurl/c/libcurl-errors.html) in E:\xampp73\htdocs\filecroco\loader\vendor\guzzlehttp\guzzle\src\Handler\CurlFactory.php:186
Stack trace:
#0 E:\xampp73\htdocs\filecroco\loader\vendor\guzzlehttp\guzzle\src\Handler\CurlFactory.php(149): GuzzleHttp\Handler\CurlFactory::createRejection(Object(GuzzleHttp\Handler\EasyHandle), Array)
#1 E:\xampp73\htdocs\filecroco\loader\vendor\guzzlehttp\guzzle\src\Handler\CurlFactory.php(102): GuzzleHttp\Handler\CurlFactory::finishError(Object(GuzzleHttp\Handler\CurlMultiHandler), Object(GuzzleHttp\Handler\EasyHandle), Object(GuzzleHttp\Handler\CurlFactory))
#2 E:\xampp73\htdocs\filecroco\loader\vendor\guzzlehttp\guzzle\src\Handler\CurlMultiHandler.php(181): GuzzleHttp\Handler\CurlFactory::finish(Object(GuzzleHttp\Handler\CurlMultiHandler), Object(GuzzleHttp\Handler\EasyHandle), Object(GuzzleHttp\Handler\CurlFactory))
#3 E:\xampp73\htdocs\filecroco\loader\vendor\guzzlehttp\guzzle\src\Handler\CurlMultiHandler.php(110): GuzzleHttp\Handler\CurlMultiHandler->processMessages()
#4 E:\xampp73\htdocs\filecroco\loader\vendor\guzzlehttp\guzzle\src\Handler\CurlMultiHandler.php(125): GuzzleHttp\Handler\CurlMultiHandler->tick()
#5 E:\xampp73\htdocs\filecroco\loader\vendor\guzzlehttp\promises\src\Promise.php(246): GuzzleHttp\Handler\CurlMultiHandler->execute(true)
#6 E:\xampp73\htdocs\filecroco\loader\vendor\guzzlehttp\promises\src\Promise.php(223): GuzzleHttp\Promise\Promise->invokeWaitFn()
#7 E:\xampp73\htdocs\filecroco\loader\vendor\guzzlehttp\promises\src\Promise.php(267): GuzzleHttp\Promise\Promise->waitIfPending()
#8 E:\xampp73\htdocs\filecroco\loader\vendor\guzzlehttp\promises\src\Promise.php(225): GuzzleHttp\Promise\Promise->invokeWaitList()
#9 E:\xampp73\htdocs\filecroco\loader\vendor\guzzlehttp\promises\src\Promise.php(62): GuzzleHttp\Promise\Promise->waitIfPending()
#10 E:\xampp73\htdocs\filecroco\loader\vendor\guzzlehttp\promises\src\EachPromise.php(101): GuzzleHttp\Promise\Promise->wait()
#11 E:\xampp73\htdocs\filecroco\loader\vendor\guzzlehttp\promises\src\Promise.php(246): GuzzleHttp\Promise\EachPromise->GuzzleHttp\Promise\{closure}(true)
#12 E:\xampp73\htdocs\filecroco\loader\vendor\guzzlehttp\promises\src\Promise.php(223): GuzzleHttp\Promise\Promise->invokeWaitFn()
#13 E:\xampp73\htdocs\filecroco\loader\vendor\guzzlehttp\promises\src\Promise.php(62): GuzzleHttp\Promise\Promise->waitIfPending()
#14 E:\xampp73\htdocs\filecroco\loader\updatedownloadlink.php(95): GuzzleHttp\Promise\Promise->wait()
#15 {main}|1292GuzzleHttp\Exception\RequestException: cURL error 56:  (see http://curl.haxx.se/libcurl/c/libcurl-errors.html) in E:\xampp73\htdocs\filecroco\loader\vendor\guzzlehttp\guzzle\src\Handler\CurlFactory.php:186
Stack trace:
#0 E:\xampp73\htdocs\filecroco\loader\vendor\guzzlehttp\guzzle\src\Handler\CurlFactory.php(149): GuzzleHttp\Handler\CurlFactory::createRejection(Object(GuzzleHttp\Handler\EasyHandle), Array)
#1 E:\xampp73\htdocs\filecroco\loader\vendor\guzzlehttp\guzzle\src\Handler\CurlFactory.php(102): GuzzleHttp\Handler\CurlFactory::finishError(Object(GuzzleHttp\Handler\CurlMultiHandler), Object(GuzzleHttp\Handler\EasyHandle), Object(GuzzleHttp\Handler\CurlFactory))
#2 E:\xampp73\htdocs\filecroco\loader\vendor\guzzlehttp\guzzle\src\Handler\CurlMultiHandler.php(181): GuzzleHttp\Handler\CurlFactory::finish(Object(GuzzleHttp\Handler\CurlMultiHandler), Object(GuzzleHttp\Handler\EasyHandle), Object(GuzzleHttp\Handler\CurlFactory))
#3 E:\xampp73\htdocs\filecroco\loader\vendor\guzzlehttp\guzzle\src\Handler\CurlMultiHandler.php(110): GuzzleHttp\Handler\CurlMultiHandler->processMessages()
#4 E:\xampp73\htdocs\filecroco\loader\vendor\guzzlehttp\guzzle\src\Handler\CurlMultiHandler.php(125): GuzzleHttp\Handler\CurlMultiHandler->tick()
#5 E:\xampp73\htdocs\filecroco\loader\vendor\guzzlehttp\promises\src\Promise.php(246): GuzzleHttp\Handler\CurlMultiHandler->execute(true)
#6 E:\xampp73\htdocs\filecroco\loader\vendor\guzzlehttp\promises\src\Promise.php(223): GuzzleHttp\Promise\Promise->invokeWaitFn()
#7 E:\xampp73\htdocs\filecroco\loader\vendor\guzzlehttp\promises\src\Promise.php(267): GuzzleHttp\Promise\Promise->waitIfPending()
#8 E:\xampp73\htdocs\filecroco\loader\vendor\guzzlehttp\promises\src\Promise.php(225): GuzzleHttp\Promise\Promise->invokeWaitList()
#9 E:\xampp73\htdocs\filecroco\loader\vendor\guzzlehttp\promises\src\Promise.php(62): GuzzleHttp\Promise\Promise->waitIfPending()
#10 E:\xampp73\htdocs\filecroco\loader\vendor\guzzlehttp\promises\src\EachPromise.php(101): GuzzleHttp\Promise\Promise->wait()
#11 E:\xampp73\htdocs\filecroco\loader\vendor\guzzlehttp\promises\src\Promise.php(246): GuzzleHttp\Promise\EachPromise->GuzzleHttp\Promise\{closure}(true)
#12 E:\xampp73\htdocs\filecroco\loader\vendor\guzzlehttp\promises\src\Promise.php(223): GuzzleHttp\Promise\Promise->invokeWaitFn()
#13 E:\xampp73\htdocs\filecroco\loader\vendor\guzzlehttp\promises\src\Promise.php(62): GuzzleHttp\Promise\Promise->waitIfPending()
#14 E:\xampp73\htdocs\filecroco\loader\updatedownloadlink.php(95): GuzzleHttp\Promise\Promise->wait()
#15 {main}|1293GuzzleHttp\Exception\RequestException: cURL error 56:  (see http://curl.haxx.se/libcurl/c/libcurl-errors.html) in E:\xampp73\htdocs\filecroco\loader\vendor\guzzlehttp\guzzle\src\Handler\CurlFactory.php:186
Stack trace:
#0 E:\xampp73\htdocs\filecroco\loader\vendor\guzzlehttp\guzzle\src\Handler\CurlFactory.php(149): GuzzleHttp\Handler\CurlFactory::createRejection(Object(GuzzleHttp\Handler\EasyHandle), Array)
#1 E:\xampp73\htdocs\filecroco\loader\vendor\guzzlehttp\guzzle\src\Handler\CurlFactory.php(102): GuzzleHttp\Handler\CurlFactory::finishError(Object(GuzzleHttp\Handler\CurlMultiHandler), Object(GuzzleHttp\Handler\EasyHandle), Object(GuzzleHttp\Handler\CurlFactory))
#2 E:\xampp73\htdocs\filecroco\loader\vendor\guzzlehttp\guzzle\src\Handler\CurlMultiHandler.php(181): GuzzleHttp\Handler\CurlFactory::finish(Object(GuzzleHttp\Handler\CurlMultiHandler), Object(GuzzleHttp\Handler\EasyHandle), Object(GuzzleHttp\Handler\CurlFactory))
#3 E:\xampp73\htdocs\filecroco\loader\vendor\guzzlehttp\guzzle\src\Handler\CurlMultiHandler.php(110): GuzzleHttp\Handler\CurlMultiHandler->processMessages()
#4 E:\xampp73\htdocs\filecroco\loader\vendor\guzzlehttp\guzzle\src\Handler\CurlMultiHandler.php(125): GuzzleHttp\Handler\CurlMultiHandler->tick()
#5 E:\xampp73\htdocs\filecroco\loader\vendor\guzzlehttp\promises\src\Promise.php(246): GuzzleHttp\Handler\CurlMultiHandler->execute(true)
#6 E:\xampp73\htdocs\filecroco\loader\vendor\guzzlehttp\promises\src\Promise.php(223): GuzzleHttp\Promise\Promise->invokeWaitFn()
#7 E:\xampp73\htdocs\filecroco\loader\vendor\guzzlehttp\promises\src\Promise.php(267): GuzzleHttp\Promise\Promise->waitIfPending()
#8 E:\xampp73\htdocs\filecroco\loader\vendor\guzzlehttp\promises\src\Promise.php(225): GuzzleHttp\Promise\Promise->invokeWaitList()
#9 E:\xampp73\htdocs\filecroco\loader\vendor\guzzlehttp\promises\src\Promise.php(62): GuzzleHttp\Promise\Promise->waitIfPending()
#10 E:\xampp73\htdocs\filecroco\loader\vendor\guzzlehttp\promises\src\EachPromise.php(101): GuzzleHttp\Promise\Promise->wait()
#11 E:\xampp73\htdocs\filecroco\loader\vendor\guzzlehttp\promises\src\Promise.php(246): GuzzleHttp\Promise\EachPromise->GuzzleHttp\Promise\{closure}(true)
#12 E:\xampp73\htdocs\filecroco\loader\vendor\guzzlehttp\promises\src\Promise.php(223): GuzzleHttp\Promise\Promise->invokeWaitFn()
#13 E:\xampp73\htdocs\filecroco\loader\vendor\guzzlehttp\promises\src\Promise.php(62): GuzzleHttp\Promise\Promise->waitIfPending()
#14 E:\xampp73\htdocs\filecroco\loader\updatedownloadlink.php(95): GuzzleHttp\Promise\Promise->wait()
#15 {main}|1294GuzzleHttp\Exception\RequestException: cURL error 56:  (see http://curl.haxx.se/libcurl/c/libcurl-errors.html) in E:\xampp73\htdocs\filecroco\loader\vendor\guzzlehttp\guzzle\src\Handler\CurlFactory.php:186
Stack trace:
#0 E:\xampp73\htdocs\filecroco\loader\vendor\guzzlehttp\guzzle\src\Handler\CurlFactory.php(149): GuzzleHttp\Handler\CurlFactory::createRejection(Object(GuzzleHttp\Handler\EasyHandle), Array)
#1 E:\xampp73\htdocs\filecroco\loader\vendor\guzzlehttp\guzzle\src\Handler\CurlFactory.php(102): GuzzleHttp\Handler\CurlFactory::finishError(Object(GuzzleHttp\Handler\CurlMultiHandler), Object(GuzzleHttp\Handler\EasyHandle), Object(GuzzleHttp\Handler\CurlFactory))
#2 E:\xampp73\htdocs\filecroco\loader\vendor\guzzlehttp\guzzle\src\Handler\CurlMultiHandler.php(181): GuzzleHttp\Handler\CurlFactory::finish(Object(GuzzleHttp\Handler\CurlMultiHandler), Object(GuzzleHttp\Handler\EasyHandle), Object(GuzzleHttp\Handler\CurlFactory))
#3 E:\xampp73\htdocs\filecroco\loader\vendor\guzzlehttp\guzzle\src\Handler\CurlMultiHandler.php(110): GuzzleHttp\Handler\CurlMultiHandler->processMessages()
#4 E:\xampp73\htdocs\filecroco\loader\vendor\guzzlehttp\guzzle\src\Handler\CurlMultiHandler.php(125): GuzzleHttp\Handler\CurlMultiHandler->tick()
#5 E:\xampp73\htdocs\filecroco\loader\vendor\guzzlehttp\promises\src\Promise.php(246): GuzzleHttp\Handler\CurlMultiHandler->execute(true)
#6 E:\xampp73\htdocs\filecroco\loader\vendor\guzzlehttp\promises\src\Promise.php(223): GuzzleHttp\Promise\Promise->invokeWaitFn()
#7 E:\xampp73\htdocs\filecroco\loader\vendor\guzzlehttp\promises\src\Promise.php(267): GuzzleHttp\Promise\Promise->waitIfPending()
#8 E:\xampp73\htdocs\filecroco\loader\vendor\guzzlehttp\promises\src\Promise.php(225): GuzzleHttp\Promise\Promise->invokeWaitList()
#9 E:\xampp73\htdocs\filecroco\loader\vendor\guzzlehttp\promises\src\Promise.php(62): GuzzleHttp\Promise\Promise->waitIfPending()
#10 E:\xampp73\htdocs\filecroco\loader\vendor\guzzlehttp\promises\src\EachPromise.php(101): GuzzleHttp\Promise\Promise->wait()
#11 E:\xampp73\htdocs\filecroco\loader\vendor\guzzlehttp\promises\src\Promise.php(246): GuzzleHttp\Promise\EachPromise->GuzzleHttp\Promise\{closure}(true)
#12 E:\xampp73\htdocs\filecroco\loader\vendor\guzzlehttp\promises\src\Promise.php(223): GuzzleHttp\Promise\Promise->invokeWaitFn()
#13 E:\xampp73\htdocs\filecroco\loader\vendor\guzzlehttp\promises\src\Promise.php(62): GuzzleHttp\Promise\Promise->waitIfPending()
#14 E:\xampp73\htdocs\filecroco\loader\updatedownloadlink.php(95): GuzzleHttp\Promise\Promise->wait()
#15 {main}|1295GuzzleHttp\Exception\RequestException: cURL error 56:  (see http://curl.haxx.se/libcurl/c/libcurl-errors.html) in E:\xampp73\htdocs\filecroco\loader\vendor\guzzlehttp\guzzle\src\Handler\CurlFactory.php:186
Stack trace:
#0 E:\xampp73\htdocs\filecroco\loader\vendor\guzzlehttp\guzzle\src\Handler\CurlFactory.php(149): GuzzleHttp\Handler\CurlFactory::createRejection(Object(GuzzleHttp\Handler\EasyHandle), Array)
#1 E:\xampp73\htdocs\filecroco\loader\vendor\guzzlehttp\guzzle\src\Handler\CurlFactory.php(102): GuzzleHttp\Handler\CurlFactory::finishError(Object(GuzzleHttp\Handler\CurlMultiHandler), Object(GuzzleHttp\Handler\EasyHandle), Object(GuzzleHttp\Handler\CurlFactory))
#2 E:\xampp73\htdocs\filecroco\loader\vendor\guzzlehttp\guzzle\src\Handler\CurlMultiHandler.php(181): GuzzleHttp\Handler\CurlFactory::finish(Object(GuzzleHttp\Handler\CurlMultiHandler), Object(GuzzleHttp\Handler\EasyHandle), Object(GuzzleHttp\Handler\CurlFactory))
#3 E:\xampp73\htdocs\filecroco\loader\vendor\guzzlehttp\guzzle\src\Handler\CurlMultiHandler.php(110): GuzzleHttp\Handler\CurlMultiHandler->processMessages()
#4 E:\xampp73\htdocs\filecroco\loader\vendor\guzzlehttp\guzzle\src\Handler\CurlMultiHandler.php(125): GuzzleHttp\Handler\CurlMultiHandler->tick()
#5 E:\xampp73\htdocs\filecroco\loader\vendor\guzzlehttp\promises\src\Promise.php(246): GuzzleHttp\Handler\CurlMultiHandler->execute(true)
#6 E:\xampp73\htdocs\filecroco\loader\vendor\guzzlehttp\promises\src\Promise.php(223): GuzzleHttp\Promise\Promise->invokeWaitFn()
#7 E:\xampp73\htdocs\filecroco\loader\vendor\guzzlehttp\promises\src\Promise.php(267): GuzzleHttp\Promise\Promise->waitIfPending()
#8 E:\xampp73\htdocs\filecroco\loader\vendor\guzzlehttp\promises\src\Promise.php(225): GuzzleHttp\Promise\Promise->invokeWaitList()
#9 E:\xampp73\htdocs\filecroco\loader\vendor\guzzlehttp\promises\src\Promise.php(62): GuzzleHttp\Promise\Promise->waitIfPending()
#10 E:\xampp73\htdocs\filecroco\loader\vendor\guzzlehttp\promises\src\EachPromise.php(101): GuzzleHttp\Promise\Promise->wait()
#11 E:\xampp73\htdocs\filecroco\loader\vendor\guzzlehttp\promises\src\Promise.php(246): GuzzleHttp\Promise\EachPromise->GuzzleHttp\Promise\{closure}(true)
#12 E:\xampp73\htdocs\filecroco\loader\vendor\guzzlehttp\promises\src\Promise.php(223): GuzzleHttp\Promise\Promise->invokeWaitFn()
#13 E:\xampp73\htdocs\filecroco\loader\vendor\guzzlehttp\promises\src\Promise.php(62): GuzzleHttp\Promise\Promise->waitIfPending()
#14 E:\xampp73\htdocs\filecroco\loader\updatedownloadlink.php(95): GuzzleHttp\Promise\Promise->wait()
#15 {main}|1296GuzzleHttp\Exception\RequestException: cURL error 56:  (see http://curl.haxx.se/libcurl/c/libcurl-errors.html) in E:\xampp73\htdocs\filecroco\loader\vendor\guzzlehttp\guzzle\src\Handler\CurlFactory.php:186
Stack trace:
#0 E:\xampp73\htdocs\filecroco\loader\vendor\guzzlehttp\guzzle\src\Handler\CurlFactory.php(149): GuzzleHttp\Handler\CurlFactory::createRejection(Object(GuzzleHttp\Handler\EasyHandle), Array)
#1 E:\xampp73\htdocs\filecroco\loader\vendor\guzzlehttp\guzzle\src\Handler\CurlFactory.php(102): GuzzleHttp\Handler\CurlFactory::finishError(Object(GuzzleHttp\Handler\CurlMultiHandler), Object(GuzzleHttp\Handler\EasyHandle), Object(GuzzleHttp\Handler\CurlFactory))
#2 E:\xampp73\htdocs\filecroco\loader\vendor\guzzlehttp\guzzle\src\Handler\CurlMultiHandler.php(181): GuzzleHttp\Handler\CurlFactory::finish(Object(GuzzleHttp\Handler\CurlMultiHandler), Object(GuzzleHttp\Handler\EasyHandle), Object(GuzzleHttp\Handler\CurlFactory))
#3 E:\xampp73\htdocs\filecroco\loader\vendor\guzzlehttp\guzzle\src\Handler\CurlMultiHandler.php(110): GuzzleHttp\Handler\CurlMultiHandler->processMessages()
#4 E:\xampp73\htdocs\filecroco\loader\vendor\guzzlehttp\guzzle\src\Handler\CurlMultiHandler.php(125): GuzzleHttp\Handler\CurlMultiHandler->tick()
#5 E:\xampp73\htdocs\filecroco\loader\vendor\guzzlehttp\promises\src\Promise.php(246): GuzzleHttp\Handler\CurlMultiHandler->execute(true)
#6 E:\xampp73\htdocs\filecroco\loader\vendor\guzzlehttp\promises\src\Promise.php(223): GuzzleHttp\Promise\Promise->invokeWaitFn()
#7 E:\xampp73\htdocs\filecroco\loader\vendor\guzzlehttp\promises\src\Promise.php(267): GuzzleHttp\Promise\Promise->waitIfPending()
#8 E:\xampp73\htdocs\filecroco\loader\vendor\guzzlehttp\promises\src\Promise.php(225): GuzzleHttp\Promise\Promise->invokeWaitList()
#9 E:\xampp73\htdocs\filecroco\loader\vendor\guzzlehttp\promises\src\Promise.php(62): GuzzleHttp\Promise\Promise->waitIfPending()
#10 E:\xampp73\htdocs\filecroco\loader\vendor\guzzlehttp\promises\src\EachPromise.php(101): GuzzleHttp\Promise\Promise->wait()
#11 E:\xampp73\htdocs\filecroco\loader\vendor\guzzlehttp\promises\src\Promise.php(246): GuzzleHttp\Promise\EachPromise->GuzzleHttp\Promise\{closure}(true)
#12 E:\xampp73\htdocs\filecroco\loader\vendor\guzzlehttp\promises\src\Promise.php(223): GuzzleHttp\Promise\Promise->invokeWaitFn()
#13 E:\xampp73\htdocs\filecroco\loader\vendor\guzzlehttp\promises\src\Promise.php(62): GuzzleHttp\Promise\Promise->waitIfPending()
#14 E:\xampp73\htdocs\filecroco\loader\updatedownloadlink.php(95): GuzzleHttp\Promise\Promise->wait()
#15 {main}|1297GuzzleHttp\Exception\RequestException: cURL error 56:  (see http://curl.haxx.se/libcurl/c/libcurl-errors.html) in E:\xampp73\htdocs\filecroco\loader\vendor\guzzlehttp\guzzle\src\Handler\CurlFactory.php:186
Stack trace:
#0 E:\xampp73\htdocs\filecroco\loader\vendor\guzzlehttp\guzzle\src\Handler\CurlFactory.php(149): GuzzleHttp\Handler\CurlFactory::createRejection(Object(GuzzleHttp\Handler\EasyHandle), Array)
#1 E:\xampp73\htdocs\filecroco\loader\vendor\guzzlehttp\guzzle\src\Handler\CurlFactory.php(102): GuzzleHttp\Handler\CurlFactory::finishError(Object(GuzzleHttp\Handler\CurlMultiHandler), Object(GuzzleHttp\Handler\EasyHandle), Object(GuzzleHttp\Handler\CurlFactory))
#2 E:\xampp73\htdocs\filecroco\loader\vendor\guzzlehttp\guzzle\src\Handler\CurlMultiHandler.php(181): GuzzleHttp\Handler\CurlFactory::finish(Object(GuzzleHttp\Handler\CurlMultiHandler), Object(GuzzleHttp\Handler\EasyHandle), Object(GuzzleHttp\Handler\CurlFactory))
#3 E:\xampp73\htdocs\filecroco\loader\vendor\guzzlehttp\guzzle\src\Handler\CurlMultiHandler.php(110): GuzzleHttp\Handler\CurlMultiHandler->processMessages()
#4 E:\xampp73\htdocs\filecroco\loader\vendor\guzzlehttp\guzzle\src\Handler\CurlMultiHandler.php(125): GuzzleHttp\Handler\CurlMultiHandler->tick()
#5 E:\xampp73\htdocs\filecroco\loader\vendor\guzzlehttp\promises\src\Promise.php(246): GuzzleHttp\Handler\CurlMultiHandler->execute(true)
#6 E:\xampp73\htdocs\filecroco\loader\vendor\guzzlehttp\promises\src\Promise.php(223): GuzzleHttp\Promise\Promise->invokeWaitFn()
#7 E:\xampp73\htdocs\filecroco\loader\vendor\guzzlehttp\promises\src\Promise.php(267): GuzzleHttp\Promise\Promise->waitIfPending()
#8 E:\xampp73\htdocs\filecroco\loader\vendor\guzzlehttp\promises\src\Promise.php(225): GuzzleHttp\Promise\Promise->invokeWaitList()
#9 E:\xampp73\htdocs\filecroco\loader\vendor\guzzlehttp\promises\src\Promise.php(62): GuzzleHttp\Promise\Promise->waitIfPending()
#10 E:\xampp73\htdocs\filecroco\loader\vendor\guzzlehttp\promises\src\EachPromise.php(101): GuzzleHttp\Promise\Promise->wait()
#11 E:\xampp73\htdocs\filecroco\loader\vendor\guzzlehttp\promises\src\Promise.php(246): GuzzleHttp\Promise\EachPromise->GuzzleHttp\Promise\{closure}(true)
#12 E:\xampp73\htdocs\filecroco\loader\vendor\guzzlehttp\promises\src\Promise.php(223): GuzzleHttp\Promise\Promise->invokeWaitFn()
#13 E:\xampp73\htdocs\filecroco\loader\vendor\guzzlehttp\promises\src\Promise.php(62): GuzzleHttp\Promise\Promise->waitIfPending()
#14 E:\xampp73\htdocs\filecroco\loader\updatedownloadlink.php(95): GuzzleHttp\Promise\Promise->wait()
#15 {main}|1298GuzzleHttp\Exception\RequestException: cURL error 56:  (see http://curl.haxx.se/libcurl/c/libcurl-errors.html) in E:\xampp73\htdocs\filecroco\loader\vendor\guzzlehttp\guzzle\src\Handler\CurlFactory.php:186
Stack trace:
#0 E:\xampp73\htdocs\filecroco\loader\vendor\guzzlehttp\guzzle\src\Handler\CurlFactory.php(149): GuzzleHttp\Handler\CurlFactory::createRejection(Object(GuzzleHttp\Handler\EasyHandle), Array)
#1 E:\xampp73\htdocs\filecroco\loader\vendor\guzzlehttp\guzzle\src\Handler\CurlFactory.php(102): GuzzleHttp\Handler\CurlFactory::finishError(Object(GuzzleHttp\Handler\CurlMultiHandler), Object(GuzzleHttp\Handler\EasyHandle), Object(GuzzleHttp\Handler\CurlFactory))
#2 E:\xampp73\htdocs\filecroco\loader\vendor\guzzlehttp\guzzle\src\Handler\CurlMultiHandler.php(181): GuzzleHttp\Handler\CurlFactory::finish(Object(GuzzleHttp\Handler\CurlMultiHandler), Object(GuzzleHttp\Handler\EasyHandle), Object(GuzzleHttp\Handler\CurlFactory))
#3 E:\xampp73\htdocs\filecroco\loader\vendor\guzzlehttp\guzzle\src\Handler\CurlMultiHandler.php(110): GuzzleHttp\Handler\CurlMultiHandler->processMessages()
#4 E:\xampp73\htdocs\filecroco\loader\vendor\guzzlehttp\guzzle\src\Handler\CurlMultiHandler.php(125): GuzzleHttp\Handler\CurlMultiHandler->tick()
#5 E:\xampp73\htdocs\filecroco\loader\vendor\guzzlehttp\promises\src\Promise.php(246): GuzzleHttp\Handler\CurlMultiHandler->execute(true)
#6 E:\xampp73\htdocs\filecroco\loader\vendor\guzzlehttp\promises\src\Promise.php(223): GuzzleHttp\Promise\Promise->invokeWaitFn()
#7 E:\xampp73\htdocs\filecroco\loader\vendor\guzzlehttp\promises\src\Promise.php(267): GuzzleHttp\Promise\Promise->waitIfPending()
#8 E:\xampp73\htdocs\filecroco\loader\vendor\guzzlehttp\promises\src\Promise.php(225): GuzzleHttp\Promise\Promise->invokeWaitList()
#9 E:\xampp73\htdocs\filecroco\loader\vendor\guzzlehttp\promises\src\Promise.php(62): GuzzleHttp\Promise\Promise->waitIfPending()
#10 E:\xampp73\htdocs\filecroco\loader\vendor\guzzlehttp\promises\src\EachPromise.php(101): GuzzleHttp\Promise\Promise->wait()
#11 E:\xampp73\htdocs\filecroco\loader\vendor\guzzlehttp\promises\src\Promise.php(246): GuzzleHttp\Promise\EachPromise->GuzzleHttp\Promise\{closure}(true)
#12 E:\xampp73\htdocs\filecroco\loader\vendor\guzzlehttp\promises\src\Promise.php(223): GuzzleHttp\Promise\Promise->invokeWaitFn()
#13 E:\xampp73\htdocs\filecroco\loader\vendor\guzzlehttp\promises\src\Promise.php(62): GuzzleHttp\Promise\Promise->waitIfPending()
#14 E:\xampp73\htdocs\filecroco\loader\updatedownloadlink.php(95): GuzzleHttp\Promise\Promise->wait()
#15 {main}|1299GuzzleHttp\Exception\RequestException: cURL error 56:  (see http://curl.haxx.se/libcurl/c/libcurl-errors.html) in E:\xampp73\htdocs\filecroco\loader\vendor\guzzlehttp\guzzle\src\Handler\CurlFactory.php:186
Stack trace:
#0 E:\xampp73\htdocs\filecroco\loader\vendor\guzzlehttp\guzzle\src\Handler\CurlFactory.php(149): GuzzleHttp\Handler\CurlFactory::createRejection(Object(GuzzleHttp\Handler\EasyHandle), Array)
#1 E:\xampp73\htdocs\filecroco\loader\vendor\guzzlehttp\guzzle\src\Handler\CurlFactory.php(102): GuzzleHttp\Handler\CurlFactory::finishError(Object(GuzzleHttp\Handler\CurlMultiHandler), Object(GuzzleHttp\Handler\EasyHandle), Object(GuzzleHttp\Handler\CurlFactory))
#2 E:\xampp73\htdocs\filecroco\loader\vendor\guzzlehttp\guzzle\src\Handler\CurlMultiHandler.php(181): GuzzleHttp\Handler\CurlFactory::finish(Object(GuzzleHttp\Handler\CurlMultiHandler), Object(GuzzleHttp\Handler\EasyHandle), Object(GuzzleHttp\Handler\CurlFactory))
#3 E:\xampp73\htdocs\filecroco\loader\vendor\guzzlehttp\guzzle\src\Handler\CurlMultiHandler.php(110): GuzzleHttp\Handler\CurlMultiHandler->processMessages()
#4 E:\xampp73\htdocs\filecroco\loader\vendor\guzzlehttp\guzzle\src\Handler\CurlMultiHandler.php(125): GuzzleHttp\Handler\CurlMultiHandler->tick()
#5 E:\xampp73\htdocs\filecroco\loader\vendor\guzzlehttp\promises\src\Promise.php(246): GuzzleHttp\Handler\CurlMultiHandler->execute(true)
#6 E:\xampp73\htdocs\filecroco\loader\vendor\guzzlehttp\promises\src\Promise.php(223): GuzzleHttp\Promise\Promise->invokeWaitFn()
#7 E:\xampp73\htdocs\filecroco\loader\vendor\guzzlehttp\promises\src\Promise.php(267): GuzzleHttp\Promise\Promise->waitIfPending()
#8 E:\xampp73\htdocs\filecroco\loader\vendor\guzzlehttp\promises\src\Promise.php(225): GuzzleHttp\Promise\Promise->invokeWaitList()
#9 E:\xampp73\htdocs\filecroco\loader\vendor\guzzlehttp\promises\src\Promise.php(62): GuzzleHttp\Promise\Promise->waitIfPending()
#10 E:\xampp73\htdocs\filecroco\loader\vendor\guzzlehttp\promises\src\EachPromise.php(101): GuzzleHttp\Promise\Promise->wait()
#11 E:\xampp73\htdocs\filecroco\loader\vendor\guzzlehttp\promises\src\Promise.php(246): GuzzleHttp\Promise\EachPromise->GuzzleHttp\Promise\{closure}(true)
#12 E:\xampp73\htdocs\filecroco\loader\vendor\guzzlehttp\promises\src\Promise.php(223): GuzzleHttp\Promise\Promise->invokeWaitFn()
#13 E:\xampp73\htdocs\filecroco\loader\vendor\guzzlehttp\promises\src\Promise.php(62): GuzzleHttp\Promise\Promise->waitIfPending()
#14 E:\xampp73\htdocs\filecroco\loader\updatedownloadlink.php(95): GuzzleHttp\Promise\Promise->wait()
#15 {main}|1300GuzzleHttp\Exception\RequestException: cURL error 56:  (see http://curl.haxx.se/libcurl/c/libcurl-errors.html) in E:\xampp73\htdocs\filecroco\loader\vendor\guzzlehttp\guzzle\src\Handler\CurlFactory.php:186
Stack trace:
#0 E:\xampp73\htdocs\filecroco\loader\vendor\guzzlehttp\guzzle\src\Handler\CurlFactory.php(149): GuzzleHttp\Handler\CurlFactory::createRejection(Object(GuzzleHttp\Handler\EasyHandle), Array)
#1 E:\xampp73\htdocs\filecroco\loader\vendor\guzzlehttp\guzzle\src\Handler\CurlFactory.php(102): GuzzleHttp\Handler\CurlFactory::finishError(Object(GuzzleHttp\Handler\CurlMultiHandler), Object(GuzzleHttp\Handler\EasyHandle), Object(GuzzleHttp\Handler\CurlFactory))
#2 E:\xampp73\htdocs\filecroco\loader\vendor\guzzlehttp\guzzle\src\Handler\CurlMultiHandler.php(181): GuzzleHttp\Handler\CurlFactory::finish(Object(GuzzleHttp\Handler\CurlMultiHandler), Object(GuzzleHttp\Handler\EasyHandle), Object(GuzzleHttp\Handler\CurlFactory))
#3 E:\xampp73\htdocs\filecroco\loader\vendor\guzzlehttp\guzzle\src\Handler\CurlMultiHandler.php(110): GuzzleHttp\Handler\CurlMultiHandler->processMessages()
#4 E:\xampp73\htdocs\filecroco\loader\vendor\guzzlehttp\guzzle\src\Handler\CurlMultiHandler.php(125): GuzzleHttp\Handler\CurlMultiHandler->tick()
#5 E:\xampp73\htdocs\filecroco\loader\vendor\guzzlehttp\promises\src\Promise.php(246): GuzzleHttp\Handler\CurlMultiHandler->execute(true)
#6 E:\xampp73\htdocs\filecroco\loader\vendor\guzzlehttp\promises\src\Promise.php(223): GuzzleHttp\Promise\Promise->invokeWaitFn()
#7 E:\xampp73\htdocs\filecroco\loader\vendor\guzzlehttp\promises\src\Promise.php(267): GuzzleHttp\Promise\Promise->waitIfPending()
#8 E:\xampp73\htdocs\filecroco\loader\vendor\guzzlehttp\promises\src\Promise.php(225): GuzzleHttp\Promise\Promise->invokeWaitList()
#9 E:\xampp73\htdocs\filecroco\loader\vendor\guzzlehttp\promises\src\Promise.php(62): GuzzleHttp\Promise\Promise->waitIfPending()
#10 E:\xampp73\htdocs\filecroco\loader\vendor\guzzlehttp\promises\src\EachPromise.php(101): GuzzleHttp\Promise\Promise->wait()
#11 E:\xampp73\htdocs\filecroco\loader\vendor\guzzlehttp\promises\src\Promise.php(246): GuzzleHttp\Promise\EachPromise->GuzzleHttp\Promise\{closure}(true)
#12 E:\xampp73\htdocs\filecroco\loader\vendor\guzzlehttp\promises\src\Promise.php(223): GuzzleHttp\Promise\Promise->invokeWaitFn()
#13 E:\xampp73\htdocs\filecroco\loader\vendor\guzzlehttp\promises\src\Promise.php(62): GuzzleHttp\Promise\Promise->waitIfPending()
#14 E:\xampp73\htdocs\filecroco\loader\updatedownloadlink.php(95): GuzzleHttp\Promise\Promise->wait()
#15 {main}|1301GuzzleHttp\Exception\RequestException: cURL error 56:  (see http://curl.haxx.se/libcurl/c/libcurl-errors.html) in E:\xampp73\htdocs\filecroco\loader\vendor\guzzlehttp\guzzle\src\Handler\CurlFactory.php:186
Stack trace:
#0 E:\xampp73\htdocs\filecroco\loader\vendor\guzzlehttp\guzzle\src\Handler\CurlFactory.php(149): GuzzleHttp\Handler\CurlFactory::createRejection(Object(GuzzleHttp\Handler\EasyHandle), Array)
#1 E:\xampp73\htdocs\filecroco\loader\vendor\guzzlehttp\guzzle\src\Handler\CurlFactory.php(102): GuzzleHttp\Handler\CurlFactory::finishError(Object(GuzzleHttp\Handler\CurlMultiHandler), Object(GuzzleHttp\Handler\EasyHandle), Object(GuzzleHttp\Handler\CurlFactory))
#2 E:\xampp73\htdocs\filecroco\loader\vendor\guzzlehttp\guzzle\src\Handler\CurlMultiHandler.php(181): GuzzleHttp\Handler\CurlFactory::finish(Object(GuzzleHttp\Handler\CurlMultiHandler), Object(GuzzleHttp\Handler\EasyHandle), Object(GuzzleHttp\Handler\CurlFactory))
#3 E:\xampp73\htdocs\filecroco\loader\vendor\guzzlehttp\guzzle\src\Handler\CurlMultiHandler.php(110): GuzzleHttp\Handler\CurlMultiHandler->processMessages()
#4 E:\xampp73\htdocs\filecroco\loader\vendor\guzzlehttp\guzzle\src\Handler\CurlMultiHandler.php(125): GuzzleHttp\Handler\CurlMultiHandler->tick()
#5 E:\xampp73\htdocs\filecroco\loader\vendor\guzzlehttp\promises\src\Promise.php(246): GuzzleHttp\Handler\CurlMultiHandler->execute(true)
#6 E:\xampp73\htdocs\filecroco\loader\vendor\guzzlehttp\promises\src\Promise.php(223): GuzzleHttp\Promise\Promise->invokeWaitFn()
#7 E:\xampp73\htdocs\filecroco\loader\vendor\guzzlehttp\promises\src\Promise.php(267): GuzzleHttp\Promise\Promise->waitIfPending()
#8 E:\xampp73\htdocs\filecroco\loader\vendor\guzzlehttp\promises\src\Promise.php(225): GuzzleHttp\Promise\Promise->invokeWaitList()
#9 E:\xampp73\htdocs\filecroco\loader\vendor\guzzlehttp\promises\src\Promise.php(62): GuzzleHttp\Promise\Promise->waitIfPending()
#10 E:\xampp73\htdocs\filecroco\loader\vendor\guzzlehttp\promises\src\EachPromise.php(101): GuzzleHttp\Promise\Promise->wait()
#11 E:\xampp73\htdocs\filecroco\loader\vendor\guzzlehttp\promises\src\Promise.php(246): GuzzleHttp\Promise\EachPromise->GuzzleHttp\Promise\{closure}(true)
#12 E:\xampp73\htdocs\filecroco\loader\vendor\guzzlehttp\promises\src\Promise.php(223): GuzzleHttp\Promise\Promise->invokeWaitFn()
#13 E:\xampp73\htdocs\filecroco\loader\vendor\guzzlehttp\promises\src\Promise.php(62): GuzzleHttp\Promise\Promise->waitIfPending()
#14 E:\xampp73\htdocs\filecroco\loader\updatedownloadlink.php(95): GuzzleHttp\Promise\Promise->wait()
#15 {main}|1302GuzzleHttp\Exception\RequestException: cURL error 56:  (see http://curl.haxx.se/libcurl/c/libcurl-errors.html) in E:\xampp73\htdocs\filecroco\loader\vendor\guzzlehttp\guzzle\src\Handler\CurlFactory.php:186
Stack trace:
#0 E:\xampp73\htdocs\filecroco\loader\vendor\guzzlehttp\guzzle\src\Handler\CurlFactory.php(149): GuzzleHttp\Handler\CurlFactory::createRejection(Object(GuzzleHttp\Handler\EasyHandle), Array)
#1 E:\xampp73\htdocs\filecroco\loader\vendor\guzzlehttp\guzzle\src\Handler\CurlFactory.php(102): GuzzleHttp\Handler\CurlFactory::finishError(Object(GuzzleHttp\Handler\CurlMultiHandler), Object(GuzzleHttp\Handler\EasyHandle), Object(GuzzleHttp\Handler\CurlFactory))
#2 E:\xampp73\htdocs\filecroco\loader\vendor\guzzlehttp\guzzle\src\Handler\CurlMultiHandler.php(181): GuzzleHttp\Handler\CurlFactory::finish(Object(GuzzleHttp\Handler\CurlMultiHandler), Object(GuzzleHttp\Handler\EasyHandle), Object(GuzzleHttp\Handler\CurlFactory))
#3 E:\xampp73\htdocs\filecroco\loader\vendor\guzzlehttp\guzzle\src\Handler\CurlMultiHandler.php(110): GuzzleHttp\Handler\CurlMultiHandler->processMessages()
#4 E:\xampp73\htdocs\filecroco\loader\vendor\guzzlehttp\guzzle\src\Handler\CurlMultiHandler.php(125): GuzzleHttp\Handler\CurlMultiHandler->tick()
#5 E:\xampp73\htdocs\filecroco\loader\vendor\guzzlehttp\promises\src\Promise.php(246): GuzzleHttp\Handler\CurlMultiHandler->execute(true)
#6 E:\xampp73\htdocs\filecroco\loader\vendor\guzzlehttp\promises\src\Promise.php(223): GuzzleHttp\Promise\Promise->invokeWaitFn()
#7 E:\xampp73\htdocs\filecroco\loader\vendor\guzzlehttp\promises\src\Promise.php(267): GuzzleHttp\Promise\Promise->waitIfPending()
#8 E:\xampp73\htdocs\filecroco\loader\vendor\guzzlehttp\promises\src\Promise.php(225): GuzzleHttp\Promise\Promise->invokeWaitList()
#9 E:\xampp73\htdocs\filecroco\loader\vendor\guzzlehttp\promises\src\Promise.php(62): GuzzleHttp\Promise\Promise->waitIfPending()
#10 E:\xampp73\htdocs\filecroco\loader\vendor\guzzlehttp\promises\src\EachPromise.php(101): GuzzleHttp\Promise\Promise->wait()
#11 E:\xampp73\htdocs\filecroco\loader\vendor\guzzlehttp\promises\src\Promise.php(246): GuzzleHttp\Promise\EachPromise->GuzzleHttp\Promise\{closure}(true)
#12 E:\xampp73\htdocs\filecroco\loader\vendor\guzzlehttp\promises\src\Promise.php(223): GuzzleHttp\Promise\Promise->invokeWaitFn()
#13 E:\xampp73\htdocs\filecroco\loader\vendor\guzzlehttp\promises\src\Promise.php(62): GuzzleHttp\Promise\Promise->waitIfPending()
#14 E:\xampp73\htdocs\filecroco\loader\updatedownloadlink.php(95): GuzzleHttp\Promise\Promise->wait()
#15 {main}|1303GuzzleHttp\Exception\RequestException: cURL error 56:  (see http://curl.haxx.se/libcurl/c/libcurl-errors.html) in E:\xampp73\htdocs\filecroco\loader\vendor\guzzlehttp\guzzle\src\Handler\CurlFactory.php:186
Stack trace:
#0 E:\xampp73\htdocs\filecroco\loader\vendor\guzzlehttp\guzzle\src\Handler\CurlFactory.php(149): GuzzleHttp\Handler\CurlFactory::createRejection(Object(GuzzleHttp\Handler\EasyHandle), Array)
#1 E:\xampp73\htdocs\filecroco\loader\vendor\guzzlehttp\guzzle\src\Handler\CurlFactory.php(102): GuzzleHttp\Handler\CurlFactory::finishError(Object(GuzzleHttp\Handler\CurlMultiHandler), Object(GuzzleHttp\Handler\EasyHandle), Object(GuzzleHttp\Handler\CurlFactory))
#2 E:\xampp73\htdocs\filecroco\loader\vendor\guzzlehttp\guzzle\src\Handler\CurlMultiHandler.php(181): GuzzleHttp\Handler\CurlFactory::finish(Object(GuzzleHttp\Handler\CurlMultiHandler), Object(GuzzleHttp\Handler\EasyHandle), Object(GuzzleHttp\Handler\CurlFactory))
#3 E:\xampp73\htdocs\filecroco\loader\vendor\guzzlehttp\guzzle\src\Handler\CurlMultiHandler.php(110): GuzzleHttp\Handler\CurlMultiHandler->processMessages()
#4 E:\xampp73\htdocs\filecroco\loader\vendor\guzzlehttp\guzzle\src\Handler\CurlMultiHandler.php(125): GuzzleHttp\Handler\CurlMultiHandler->tick()
#5 E:\xampp73\htdocs\filecroco\loader\vendor\guzzlehttp\promises\src\Promise.php(246): GuzzleHttp\Handler\CurlMultiHandler->execute(true)
#6 E:\xampp73\htdocs\filecroco\loader\vendor\guzzlehttp\promises\src\Promise.php(223): GuzzleHttp\Promise\Promise->invokeWaitFn()
#7 E:\xampp73\htdocs\filecroco\loader\vendor\guzzlehttp\promises\src\Promise.php(267): GuzzleHttp\Promise\Promise->waitIfPending()
#8 E:\xampp73\htdocs\filecroco\loader\vendor\guzzlehttp\promises\src\Promise.php(225): GuzzleHttp\Promise\Promise->invokeWaitList()
#9 E:\xampp73\htdocs\filecroco\loader\vendor\guzzlehttp\promises\src\Promise.php(62): GuzzleHttp\Promise\Promise->waitIfPending()
#10 E:\xampp73\htdocs\filecroco\loader\vendor\guzzlehttp\promises\src\EachPromise.php(101): GuzzleHttp\Promise\Promise->wait()
#11 E:\xampp73\htdocs\filecroco\loader\vendor\guzzlehttp\promises\src\Promise.php(246): GuzzleHttp\Promise\EachPromise->GuzzleHttp\Promise\{closure}(true)
#12 E:\xampp73\htdocs\filecroco\loader\vendor\guzzlehttp\promises\src\Promise.php(223): GuzzleHttp\Promise\Promise->invokeWaitFn()
#13 E:\xampp73\htdocs\filecroco\loader\vendor\guzzlehttp\promises\src\Promise.php(62): GuzzleHttp\Promise\Promise->waitIfPending()
#14 E:\xampp73\htdocs\filecroco\loader\updatedownloadlink.php(95): GuzzleHttp\Promise\Promise->wait()
#15 {main}|1304GuzzleHttp\Exception\RequestException: cURL error 56:  (see http://curl.haxx.se/libcurl/c/libcurl-errors.html) in E:\xampp73\htdocs\filecroco\loader\vendor\guzzlehttp\guzzle\src\Handler\CurlFactory.php:186
Stack trace:
#0 E:\xampp73\htdocs\filecroco\loader\vendor\guzzlehttp\guzzle\src\Handler\CurlFactory.php(149): GuzzleHttp\Handler\CurlFactory::createRejection(Object(GuzzleHttp\Handler\EasyHandle), Array)
#1 E:\xampp73\htdocs\filecroco\loader\vendor\guzzlehttp\guzzle\src\Handler\CurlFactory.php(102): GuzzleHttp\Handler\CurlFactory::finishError(Object(GuzzleHttp\Handler\CurlMultiHandler), Object(GuzzleHttp\Handler\EasyHandle), Object(GuzzleHttp\Handler\CurlFactory))
#2 E:\xampp73\htdocs\filecroco\loader\vendor\guzzlehttp\guzzle\src\Handler\CurlMultiHandler.php(181): GuzzleHttp\Handler\CurlFactory::finish(Object(GuzzleHttp\Handler\CurlMultiHandler), Object(GuzzleHttp\Handler\EasyHandle), Object(GuzzleHttp\Handler\CurlFactory))
#3 E:\xampp73\htdocs\filecroco\loader\vendor\guzzlehttp\guzzle\src\Handler\CurlMultiHandler.php(110): GuzzleHttp\Handler\CurlMultiHandler->processMessages()
#4 E:\xampp73\htdocs\filecroco\loader\vendor\guzzlehttp\guzzle\src\Handler\CurlMultiHandler.php(125): GuzzleHttp\Handler\CurlMultiHandler->tick()
#5 E:\xampp73\htdocs\filecroco\loader\vendor\guzzlehttp\promises\src\Promise.php(246): GuzzleHttp\Handler\CurlMultiHandler->execute(true)
#6 E:\xampp73\htdocs\filecroco\loader\vendor\guzzlehttp\promises\src\Promise.php(223): GuzzleHttp\Promise\Promise->invokeWaitFn()
#7 E:\xampp73\htdocs\filecroco\loader\vendor\guzzlehttp\promises\src\Promise.php(267): GuzzleHttp\Promise\Promise->waitIfPending()
#8 E:\xampp73\htdocs\filecroco\loader\vendor\guzzlehttp\promises\src\Promise.php(225): GuzzleHttp\Promise\Promise->invokeWaitList()
#9 E:\xampp73\htdocs\filecroco\loader\vendor\guzzlehttp\promises\src\Promise.php(62): GuzzleHttp\Promise\Promise->waitIfPending()
#10 E:\xampp73\htdocs\filecroco\loader\vendor\guzzlehttp\promises\src\EachPromise.php(101): GuzzleHttp\Promise\Promise->wait()
#11 E:\xampp73\htdocs\filecroco\loader\vendor\guzzlehttp\promises\src\Promise.php(246): GuzzleHttp\Promise\EachPromise->GuzzleHttp\Promise\{closure}(true)
#12 E:\xampp73\htdocs\filecroco\loader\vendor\guzzlehttp\promises\src\Promise.php(223): GuzzleHttp\Promise\Promise->invokeWaitFn()
#13 E:\xampp73\htdocs\filecroco\loader\vendor\guzzlehttp\promises\src\Promise.php(62): GuzzleHttp\Promise\Promise->waitIfPending()
#14 E:\xampp73\htdocs\filecroco\loader\updatedownloadlink.php(95): GuzzleHttp\Promise\Promise->wait()
#15 {main}|1305GuzzleHttp\Exception\RequestException: cURL error 56:  (see http://curl.haxx.se/libcurl/c/libcurl-errors.html) in E:\xampp73\htdocs\filecroco\loader\vendor\guzzlehttp\guzzle\src\Handler\CurlFactory.php:186
Stack trace:
#0 E:\xampp73\htdocs\filecroco\loader\vendor\guzzlehttp\guzzle\src\Handler\CurlFactory.php(149): GuzzleHttp\Handler\CurlFactory::createRejection(Object(GuzzleHttp\Handler\EasyHandle), Array)
#1 E:\xampp73\htdocs\filecroco\loader\vendor\guzzlehttp\guzzle\src\Handler\CurlFactory.php(102): GuzzleHttp\Handler\CurlFactory::finishError(Object(GuzzleHttp\Handler\CurlMultiHandler), Object(GuzzleHttp\Handler\EasyHandle), Object(GuzzleHttp\Handler\CurlFactory))
#2 E:\xampp73\htdocs\filecroco\loader\vendor\guzzlehttp\guzzle\src\Handler\CurlMultiHandler.php(181): GuzzleHttp\Handler\CurlFactory::finish(Object(GuzzleHttp\Handler\CurlMultiHandler), Object(GuzzleHttp\Handler\EasyHandle), Object(GuzzleHttp\Handler\CurlFactory))
#3 E:\xampp73\htdocs\filecroco\loader\vendor\guzzlehttp\guzzle\src\Handler\CurlMultiHandler.php(110): GuzzleHttp\Handler\CurlMultiHandler->processMessages()
#4 E:\xampp73\htdocs\filecroco\loader\vendor\guzzlehttp\guzzle\src\Handler\CurlMultiHandler.php(125): GuzzleHttp\Handler\CurlMultiHandler->tick()
#5 E:\xampp73\htdocs\filecroco\loader\vendor\guzzlehttp\promises\src\Promise.php(246): GuzzleHttp\Handler\CurlMultiHandler->execute(true)
#6 E:\xampp73\htdocs\filecroco\loader\vendor\guzzlehttp\promises\src\Promise.php(223): GuzzleHttp\Promise\Promise->invokeWaitFn()
#7 E:\xampp73\htdocs\filecroco\loader\vendor\guzzlehttp\promises\src\Promise.php(267): GuzzleHttp\Promise\Promise->waitIfPending()
#8 E:\xampp73\htdocs\filecroco\loader\vendor\guzzlehttp\promises\src\Promise.php(225): GuzzleHttp\Promise\Promise->invokeWaitList()
#9 E:\xampp73\htdocs\filecroco\loader\vendor\guzzlehttp\promises\src\Promise.php(62): GuzzleHttp\Promise\Promise->waitIfPending()
#10 E:\xampp73\htdocs\filecroco\loader\vendor\guzzlehttp\promises\src\EachPromise.php(101): GuzzleHttp\Promise\Promise->wait()
#11 E:\xampp73\htdocs\filecroco\loader\vendor\guzzlehttp\promises\src\Promise.php(246): GuzzleHttp\Promise\EachPromise->GuzzleHttp\Promise\{closure}(true)
#12 E:\xampp73\htdocs\filecroco\loader\vendor\guzzlehttp\promises\src\Promise.php(223): GuzzleHttp\Promise\Promise->invokeWaitFn()
#13 E:\xampp73\htdocs\filecroco\loader\vendor\guzzlehttp\promises\src\Promise.php(62): GuzzleHttp\Promise\Promise->waitIfPending()
#14 E:\xampp73\htdocs\filecroco\loader\updatedownloadlink.php(95): GuzzleHttp\Promise\Promise->wait()
#15 {main}|1306GuzzleHttp\Exception\RequestException: cURL error 56:  (see http://curl.haxx.se/libcurl/c/libcurl-errors.html) in E:\xampp73\htdocs\filecroco\loader\vendor\guzzlehttp\guzzle\src\Handler\CurlFactory.php:186
Stack trace:
#0 E:\xampp73\htdocs\filecroco\loader\vendor\guzzlehttp\guzzle\src\Handler\CurlFactory.php(149): GuzzleHttp\Handler\CurlFactory::createRejection(Object(GuzzleHttp\Handler\EasyHandle), Array)
#1 E:\xampp73\htdocs\filecroco\loader\vendor\guzzlehttp\guzzle\src\Handler\CurlFactory.php(102): GuzzleHttp\Handler\CurlFactory::finishError(Object(GuzzleHttp\Handler\CurlMultiHandler), Object(GuzzleHttp\Handler\EasyHandle), Object(GuzzleHttp\Handler\CurlFactory))
#2 E:\xampp73\htdocs\filecroco\loader\vendor\guzzlehttp\guzzle\src\Handler\CurlMultiHandler.php(181): GuzzleHttp\Handler\CurlFactory::finish(Object(GuzzleHttp\Handler\CurlMultiHandler), Object(GuzzleHttp\Handler\EasyHandle), Object(GuzzleHttp\Handler\CurlFactory))
#3 E:\xampp73\htdocs\filecroco\loader\vendor\guzzlehttp\guzzle\src\Handler\CurlMultiHandler.php(110): GuzzleHttp\Handler\CurlMultiHandler->processMessages()
#4 E:\xampp73\htdocs\filecroco\loader\vendor\guzzlehttp\guzzle\src\Handler\CurlMultiHandler.php(125): GuzzleHttp\Handler\CurlMultiHandler->tick()
#5 E:\xampp73\htdocs\filecroco\loader\vendor\guzzlehttp\promises\src\Promise.php(246): GuzzleHttp\Handler\CurlMultiHandler->execute(true)
#6 E:\xampp73\htdocs\filecroco\loader\vendor\guzzlehttp\promises\src\Promise.php(223): GuzzleHttp\Promise\Promise->invokeWaitFn()
#7 E:\xampp73\htdocs\filecroco\loader\vendor\guzzlehttp\promises\src\Promise.php(267): GuzzleHttp\Promise\Promise->waitIfPending()
#8 E:\xampp73\htdocs\filecroco\loader\vendor\guzzlehttp\promises\src\Promise.php(225): GuzzleHttp\Promise\Promise->invokeWaitList()
#9 E:\xampp73\htdocs\filecroco\loader\vendor\guzzlehttp\promises\src\Promise.php(62): GuzzleHttp\Promise\Promise->waitIfPending()
#10 E:\xampp73\htdocs\filecroco\loader\vendor\guzzlehttp\promises\src\EachPromise.php(101): GuzzleHttp\Promise\Promise->wait()
#11 E:\xampp73\htdocs\filecroco\loader\vendor\guzzlehttp\promises\src\Promise.php(246): GuzzleHttp\Promise\EachPromise->GuzzleHttp\Promise\{closure}(true)
#12 E:\xampp73\htdocs\filecroco\loader\vendor\guzzlehttp\promises\src\Promise.php(223): GuzzleHttp\Promise\Promise->invokeWaitFn()
#13 E:\xampp73\htdocs\filecroco\loader\vendor\guzzlehttp\promises\src\Promise.php(62): GuzzleHttp\Promise\Promise->waitIfPending()
#14 E:\xampp73\htdocs\filecroco\loader\updatedownloadlink.php(95): GuzzleHttp\Promise\Promise->wait()
#15 {main}|1307GuzzleHttp\Exception\RequestException: cURL error 56:  (see http://curl.haxx.se/libcurl/c/libcurl-errors.html) in E:\xampp73\htdocs\filecroco\loader\vendor\guzzlehttp\guzzle\src\Handler\CurlFactory.php:186
Stack trace:
#0 E:\xampp73\htdocs\filecroco\loader\vendor\guzzlehttp\guzzle\src\Handler\CurlFactory.php(149): GuzzleHttp\Handler\CurlFactory::createRejection(Object(GuzzleHttp\Handler\EasyHandle), Array)
#1 E:\xampp73\htdocs\filecroco\loader\vendor\guzzlehttp\guzzle\src\Handler\CurlFactory.php(102): GuzzleHttp\Handler\CurlFactory::finishError(Object(GuzzleHttp\Handler\CurlMultiHandler), Object(GuzzleHttp\Handler\EasyHandle), Object(GuzzleHttp\Handler\CurlFactory))
#2 E:\xampp73\htdocs\filecroco\loader\vendor\guzzlehttp\guzzle\src\Handler\CurlMultiHandler.php(181): GuzzleHttp\Handler\CurlFactory::finish(Object(GuzzleHttp\Handler\CurlMultiHandler), Object(GuzzleHttp\Handler\EasyHandle), Object(GuzzleHttp\Handler\CurlFactory))
#3 E:\xampp73\htdocs\filecroco\loader\vendor\guzzlehttp\guzzle\src\Handler\CurlMultiHandler.php(110): GuzzleHttp\Handler\CurlMultiHandler->processMessages()
#4 E:\xampp73\htdocs\filecroco\loader\vendor\guzzlehttp\guzzle\src\Handler\CurlMultiHandler.php(125): GuzzleHttp\Handler\CurlMultiHandler->tick()
#5 E:\xampp73\htdocs\filecroco\loader\vendor\guzzlehttp\promises\src\Promise.php(246): GuzzleHttp\Handler\CurlMultiHandler->execute(true)
#6 E:\xampp73\htdocs\filecroco\loader\vendor\guzzlehttp\promises\src\Promise.php(223): GuzzleHttp\Promise\Promise->invokeWaitFn()
#7 E:\xampp73\htdocs\filecroco\loader\vendor\guzzlehttp\promises\src\Promise.php(267): GuzzleHttp\Promise\Promise->waitIfPending()
#8 E:\xampp73\htdocs\filecroco\loader\vendor\guzzlehttp\promises\src\Promise.php(225): GuzzleHttp\Promise\Promise->invokeWaitList()
#9 E:\xampp73\htdocs\filecroco\loader\vendor\guzzlehttp\promises\src\Promise.php(62): GuzzleHttp\Promise\Promise->waitIfPending()
#10 E:\xampp73\htdocs\filecroco\loader\vendor\guzzlehttp\promises\src\EachPromise.php(101): GuzzleHttp\Promise\Promise->wait()
#11 E:\xampp73\htdocs\filecroco\loader\vendor\guzzlehttp\promises\src\Promise.php(246): GuzzleHttp\Promise\EachPromise->GuzzleHttp\Promise\{closure}(true)
#12 E:\xampp73\htdocs\filecroco\loader\vendor\guzzlehttp\promises\src\Promise.php(223): GuzzleHttp\Promise\Promise->invokeWaitFn()
#13 E:\xampp73\htdocs\filecroco\loader\vendor\guzzlehttp\promises\src\Promise.php(62): GuzzleHttp\Promise\Promise->waitIfPending()
#14 E:\xampp73\htdocs\filecroco\loader\updatedownloadlink.php(95): GuzzleHttp\Promise\Promise->wait()
#15 {main}|1308GuzzleHttp\Exception\RequestException: cURL error 56:  (see http://curl.haxx.se/libcurl/c/libcurl-errors.html) in E:\xampp73\htdocs\filecroco\loader\vendor\guzzlehttp\guzzle\src\Handler\CurlFactory.php:186
Stack trace:
#0 E:\xampp73\htdocs\filecroco\loader\vendor\guzzlehttp\guzzle\src\Handler\CurlFactory.php(149): GuzzleHttp\Handler\CurlFactory::createRejection(Object(GuzzleHttp\Handler\EasyHandle), Array)
#1 E:\xampp73\htdocs\filecroco\loader\vendor\guzzlehttp\guzzle\src\Handler\CurlFactory.php(102): GuzzleHttp\Handler\CurlFactory::finishError(Object(GuzzleHttp\Handler\CurlMultiHandler), Object(GuzzleHttp\Handler\EasyHandle), Object(GuzzleHttp\Handler\CurlFactory))
#2 E:\xampp73\htdocs\filecroco\loader\vendor\guzzlehttp\guzzle\src\Handler\CurlMultiHandler.php(181): GuzzleHttp\Handler\CurlFactory::finish(Object(GuzzleHttp\Handler\CurlMultiHandler), Object(GuzzleHttp\Handler\EasyHandle), Object(GuzzleHttp\Handler\CurlFactory))
#3 E:\xampp73\htdocs\filecroco\loader\vendor\guzzlehttp\guzzle\src\Handler\CurlMultiHandler.php(110): GuzzleHttp\Handler\CurlMultiHandler->processMessages()
#4 E:\xampp73\htdocs\filecroco\loader\vendor\guzzlehttp\guzzle\src\Handler\CurlMultiHandler.php(125): GuzzleHttp\Handler\CurlMultiHandler->tick()
#5 E:\xampp73\htdocs\filecroco\loader\vendor\guzzlehttp\promises\src\Promise.php(246): GuzzleHttp\Handler\CurlMultiHandler->execute(true)
#6 E:\xampp73\htdocs\filecroco\loader\vendor\guzzlehttp\promises\src\Promise.php(223): GuzzleHttp\Promise\Promise->invokeWaitFn()
#7 E:\xampp73\htdocs\filecroco\loader\vendor\guzzlehttp\promises\src\Promise.php(267): GuzzleHttp\Promise\Promise->waitIfPending()
#8 E:\xampp73\htdocs\filecroco\loader\vendor\guzzlehttp\promises\src\Promise.php(225): GuzzleHttp\Promise\Promise->invokeWaitList()
#9 E:\xampp73\htdocs\filecroco\loader\vendor\guzzlehttp\promises\src\Promise.php(62): GuzzleHttp\Promise\Promise->waitIfPending()
#10 E:\xampp73\htdocs\filecroco\loader\vendor\guzzlehttp\promises\src\EachPromise.php(101): GuzzleHttp\Promise\Promise->wait()
#11 E:\xampp73\htdocs\filecroco\loader\vendor\guzzlehttp\promises\src\Promise.php(246): GuzzleHttp\Promise\EachPromise->GuzzleHttp\Promise\{closure}(true)
#12 E:\xampp73\htdocs\filecroco\loader\vendor\guzzlehttp\promises\src\Promise.php(223): GuzzleHttp\Promise\Promise->invokeWaitFn()
#13 E:\xampp73\htdocs\filecroco\loader\vendor\guzzlehttp\promises\src\Promise.php(62): GuzzleHttp\Promise\Promise->waitIfPending()
#14 E:\xampp73\htdocs\filecroco\loader\updatedownloadlink.php(95): GuzzleHttp\Promise\Promise->wait()
#15 {main}|1309GuzzleHttp\Exception\RequestException: cURL error 56:  (see http://curl.haxx.se/libcurl/c/libcurl-errors.html) in E:\xampp73\htdocs\filecroco\loader\vendor\guzzlehttp\guzzle\src\Handler\CurlFactory.php:186
Stack trace:
#0 E:\xampp73\htdocs\filecroco\loader\vendor\guzzlehttp\guzzle\src\Handler\CurlFactory.php(149): GuzzleHttp\Handler\CurlFactory::createRejection(Object(GuzzleHttp\Handler\EasyHandle), Array)
#1 E:\xampp73\htdocs\filecroco\loader\vendor\guzzlehttp\guzzle\src\Handler\CurlFactory.php(102): GuzzleHttp\Handler\CurlFactory::finishError(Object(GuzzleHttp\Handler\CurlMultiHandler), Object(GuzzleHttp\Handler\EasyHandle), Object(GuzzleHttp\Handler\CurlFactory))
#2 E:\xampp73\htdocs\filecroco\loader\vendor\guzzlehttp\guzzle\src\Handler\CurlMultiHandler.php(181): GuzzleHttp\Handler\CurlFactory::finish(Object(GuzzleHttp\Handler\CurlMultiHandler), Object(GuzzleHttp\Handler\EasyHandle), Object(GuzzleHttp\Handler\CurlFactory))
#3 E:\xampp73\htdocs\filecroco\loader\vendor\guzzlehttp\guzzle\src\Handler\CurlMultiHandler.php(110): GuzzleHttp\Handler\CurlMultiHandler->processMessages()
#4 E:\xampp73\htdocs\filecroco\loader\vendor\guzzlehttp\guzzle\src\Handler\CurlMultiHandler.php(125): GuzzleHttp\Handler\CurlMultiHandler->tick()
#5 E:\xampp73\htdocs\filecroco\loader\vendor\guzzlehttp\promises\src\Promise.php(246): GuzzleHttp\Handler\CurlMultiHandler->execute(true)
#6 E:\xampp73\htdocs\filecroco\loader\vendor\guzzlehttp\promises\src\Promise.php(223): GuzzleHttp\Promise\Promise->invokeWaitFn()
#7 E:\xampp73\htdocs\filecroco\loader\vendor\guzzlehttp\promises\src\Promise.php(267): GuzzleHttp\Promise\Promise->waitIfPending()
#8 E:\xampp73\htdocs\filecroco\loader\vendor\guzzlehttp\promises\src\Promise.php(225): GuzzleHttp\Promise\Promise->invokeWaitList()
#9 E:\xampp73\htdocs\filecroco\loader\vendor\guzzlehttp\promises\src\Promise.php(62): GuzzleHttp\Promise\Promise->waitIfPending()
#10 E:\xampp73\htdocs\filecroco\loader\vendor\guzzlehttp\promises\src\EachPromise.php(101): GuzzleHttp\Promise\Promise->wait()
#11 E:\xampp73\htdocs\filecroco\loader\vendor\guzzlehttp\promises\src\Promise.php(246): GuzzleHttp\Promise\EachPromise->GuzzleHttp\Promise\{closure}(true)
#12 E:\xampp73\htdocs\filecroco\loader\vendor\guzzlehttp\promises\src\Promise.php(223): GuzzleHttp\Promise\Promise->invokeWaitFn()
#13 E:\xampp73\htdocs\filecroco\loader\vendor\guzzlehttp\promises\src\Promise.php(62): GuzzleHttp\Promise\Promise->waitIfPending()
#14 E:\xampp73\htdocs\filecroco\loader\updatedownloadlink.php(95): GuzzleHttp\Promise\Promise->wait()
#15 {main}|1310GuzzleHttp\Exception\RequestException: cURL error 56:  (see http://curl.haxx.se/libcurl/c/libcurl-errors.html) in E:\xampp73\htdocs\filecroco\loader\vendor\guzzlehttp\guzzle\src\Handler\CurlFactory.php:186
Stack trace:
#0 E:\xampp73\htdocs\filecroco\loader\vendor\guzzlehttp\guzzle\src\Handler\CurlFactory.php(149): GuzzleHttp\Handler\CurlFactory::createRejection(Object(GuzzleHttp\Handler\EasyHandle), Array)
#1 E:\xampp73\htdocs\filecroco\loader\vendor\guzzlehttp\guzzle\src\Handler\CurlFactory.php(102): GuzzleHttp\Handler\CurlFactory::finishError(Object(GuzzleHttp\Handler\CurlMultiHandler), Object(GuzzleHttp\Handler\EasyHandle), Object(GuzzleHttp\Handler\CurlFactory))
#2 E:\xampp73\htdocs\filecroco\loader\vendor\guzzlehttp\guzzle\src\Handler\CurlMultiHandler.php(181): GuzzleHttp\Handler\CurlFactory::finish(Object(GuzzleHttp\Handler\CurlMultiHandler), Object(GuzzleHttp\Handler\EasyHandle), Object(GuzzleHttp\Handler\CurlFactory))
#3 E:\xampp73\htdocs\filecroco\loader\vendor\guzzlehttp\guzzle\src\Handler\CurlMultiHandler.php(110): GuzzleHttp\Handler\CurlMultiHandler->processMessages()
#4 E:\xampp73\htdocs\filecroco\loader\vendor\guzzlehttp\guzzle\src\Handler\CurlMultiHandler.php(125): GuzzleHttp\Handler\CurlMultiHandler->tick()
#5 E:\xampp73\htdocs\filecroco\loader\vendor\guzzlehttp\promises\src\Promise.php(246): GuzzleHttp\Handler\CurlMultiHandler->execute(true)
#6 E:\xampp73\htdocs\filecroco\loader\vendor\guzzlehttp\promises\src\Promise.php(223): GuzzleHttp\Promise\Promise->invokeWaitFn()
#7 E:\xampp73\htdocs\filecroco\loader\vendor\guzzlehttp\promises\src\Promise.php(267): GuzzleHttp\Promise\Promise->waitIfPending()
#8 E:\xampp73\htdocs\filecroco\loader\vendor\guzzlehttp\promises\src\Promise.php(225): GuzzleHttp\Promise\Promise->invokeWaitList()
#9 E:\xampp73\htdocs\filecroco\loader\vendor\guzzlehttp\promises\src\Promise.php(62): GuzzleHttp\Promise\Promise->waitIfPending()
#10 E:\xampp73\htdocs\filecroco\loader\vendor\guzzlehttp\promises\src\EachPromise.php(101): GuzzleHttp\Promise\Promise->wait()
#11 E:\xampp73\htdocs\filecroco\loader\vendor\guzzlehttp\promises\src\Promise.php(246): GuzzleHttp\Promise\EachPromise->GuzzleHttp\Promise\{closure}(true)
#12 E:\xampp73\htdocs\filecroco\loader\vendor\guzzlehttp\promises\src\Promise.php(223): GuzzleHttp\Promise\Promise->invokeWaitFn()
#13 E:\xampp73\htdocs\filecroco\loader\vendor\guzzlehttp\promises\src\Promise.php(62): GuzzleHttp\Promise\Promise->waitIfPending()
#14 E:\xampp73\htdocs\filecroco\loader\updatedownloadlink.php(95): GuzzleHttp\Promise\Promise->wait()
#15 {main}|1311GuzzleHttp\Exception\RequestException: cURL error 56:  (see http://curl.haxx.se/libcurl/c/libcurl-errors.html) in E:\xampp73\htdocs\filecroco\loader\vendor\guzzlehttp\guzzle\src\Handler\CurlFactory.php:186
Stack trace:
#0 E:\xampp73\htdocs\filecroco\loader\vendor\guzzlehttp\guzzle\src\Handler\CurlFactory.php(149): GuzzleHttp\Handler\CurlFactory::createRejection(Object(GuzzleHttp\Handler\EasyHandle), Array)
#1 E:\xampp73\htdocs\filecroco\loader\vendor\guzzlehttp\guzzle\src\Handler\CurlFactory.php(102): GuzzleHttp\Handler\CurlFactory::finishError(Object(GuzzleHttp\Handler\CurlMultiHandler), Object(GuzzleHttp\Handler\EasyHandle), Object(GuzzleHttp\Handler\CurlFactory))
#2 E:\xampp73\htdocs\filecroco\loader\vendor\guzzlehttp\guzzle\src\Handler\CurlMultiHandler.php(181): GuzzleHttp\Handler\CurlFactory::finish(Object(GuzzleHttp\Handler\CurlMultiHandler), Object(GuzzleHttp\Handler\EasyHandle), Object(GuzzleHttp\Handler\CurlFactory))
#3 E:\xampp73\htdocs\filecroco\loader\vendor\guzzlehttp\guzzle\src\Handler\CurlMultiHandler.php(110): GuzzleHttp\Handler\CurlMultiHandler->processMessages()
#4 E:\xampp73\htdocs\filecroco\loader\vendor\guzzlehttp\guzzle\src\Handler\CurlMultiHandler.php(125): GuzzleHttp\Handler\CurlMultiHandler->tick()
#5 E:\xampp73\htdocs\filecroco\loader\vendor\guzzlehttp\promises\src\Promise.php(246): GuzzleHttp\Handler\CurlMultiHandler->execute(true)
#6 E:\xampp73\htdocs\filecroco\loader\vendor\guzzlehttp\promises\src\Promise.php(223): GuzzleHttp\Promise\Promise->invokeWaitFn()
#7 E:\xampp73\htdocs\filecroco\loader\vendor\guzzlehttp\promises\src\Promise.php(267): GuzzleHttp\Promise\Promise->waitIfPending()
#8 E:\xampp73\htdocs\filecroco\loader\vendor\guzzlehttp\promises\src\Promise.php(225): GuzzleHttp\Promise\Promise->invokeWaitList()
#9 E:\xampp73\htdocs\filecroco\loader\vendor\guzzlehttp\promises\src\Promise.php(62): GuzzleHttp\Promise\Promise->waitIfPending()
#10 E:\xampp73\htdocs\filecroco\loader\vendor\guzzlehttp\promises\src\EachPromise.php(101): GuzzleHttp\Promise\Promise->wait()
#11 E:\xampp73\htdocs\filecroco\loader\vendor\guzzlehttp\promises\src\Promise.php(246): GuzzleHttp\Promise\EachPromise->GuzzleHttp\Promise\{closure}(true)
#12 E:\xampp73\htdocs\filecroco\loader\vendor\guzzlehttp\promises\src\Promise.php(223): GuzzleHttp\Promise\Promise->invokeWaitFn()
#13 E:\xampp73\htdocs\filecroco\loader\vendor\guzzlehttp\promises\src\Promise.php(62): GuzzleHttp\Promise\Promise->waitIfPending()
#14 E:\xampp73\htdocs\filecroco\loader\updatedownloadlink.php(95): GuzzleHttp\Promise\Promise->wait()
#15 {main}|1312GuzzleHttp\Exception\RequestException: cURL error 56:  (see http://curl.haxx.se/libcurl/c/libcurl-errors.html) in E:\xampp73\htdocs\filecroco\loader\vendor\guzzlehttp\guzzle\src\Handler\CurlFactory.php:186
Stack trace:
#0 E:\xampp73\htdocs\filecroco\loader\vendor\guzzlehttp\guzzle\src\Handler\CurlFactory.php(149): GuzzleHttp\Handler\CurlFactory::createRejection(Object(GuzzleHttp\Handler\EasyHandle), Array)
#1 E:\xampp73\htdocs\filecroco\loader\vendor\guzzlehttp\guzzle\src\Handler\CurlFactory.php(102): GuzzleHttp\Handler\CurlFactory::finishError(Object(GuzzleHttp\Handler\CurlMultiHandler), Object(GuzzleHttp\Handler\EasyHandle), Object(GuzzleHttp\Handler\CurlFactory))
#2 E:\xampp73\htdocs\filecroco\loader\vendor\guzzlehttp\guzzle\src\Handler\CurlMultiHandler.php(181): GuzzleHttp\Handler\CurlFactory::finish(Object(GuzzleHttp\Handler\CurlMultiHandler), Object(GuzzleHttp\Handler\EasyHandle), Object(GuzzleHttp\Handler\CurlFactory))
#3 E:\xampp73\htdocs\filecroco\loader\vendor\guzzlehttp\guzzle\src\Handler\CurlMultiHandler.php(110): GuzzleHttp\Handler\CurlMultiHandler->processMessages()
#4 E:\xampp73\htdocs\filecroco\loader\vendor\guzzlehttp\guzzle\src\Handler\CurlMultiHandler.php(125): GuzzleHttp\Handler\CurlMultiHandler->tick()
#5 E:\xampp73\htdocs\filecroco\loader\vendor\guzzlehttp\promises\src\Promise.php(246): GuzzleHttp\Handler\CurlMultiHandler->execute(true)
#6 E:\xampp73\htdocs\filecroco\loader\vendor\guzzlehttp\promises\src\Promise.php(223): GuzzleHttp\Promise\Promise->invokeWaitFn()
#7 E:\xampp73\htdocs\filecroco\loader\vendor\guzzlehttp\promises\src\Promise.php(267): GuzzleHttp\Promise\Promise->waitIfPending()
#8 E:\xampp73\htdocs\filecroco\loader\vendor\guzzlehttp\promises\src\Promise.php(225): GuzzleHttp\Promise\Promise->invokeWaitList()
#9 E:\xampp73\htdocs\filecroco\loader\vendor\guzzlehttp\promises\src\Promise.php(62): GuzzleHttp\Promise\Promise->waitIfPending()
#10 E:\xampp73\htdocs\filecroco\loader\vendor\guzzlehttp\promises\src\EachPromise.php(101): GuzzleHttp\Promise\Promise->wait()
#11 E:\xampp73\htdocs\filecroco\loader\vendor\guzzlehttp\promises\src\Promise.php(246): GuzzleHttp\Promise\EachPromise->GuzzleHttp\Promise\{closure}(true)
#12 E:\xampp73\htdocs\filecroco\loader\vendor\guzzlehttp\promises\src\Promise.php(223): GuzzleHttp\Promise\Promise->invokeWaitFn()
#13 E:\xampp73\htdocs\filecroco\loader\vendor\guzzlehttp\promises\src\Promise.php(62): GuzzleHttp\Promise\Promise->waitIfPending()
#14 E:\xampp73\htdocs\filecroco\loader\updatedownloadlink.php(95): GuzzleHttp\Promise\Promise->wait()
#15 {main}|1313GuzzleHttp\Exception\RequestException: cURL error 56:  (see http://curl.haxx.se/libcurl/c/libcurl-errors.html) in E:\xampp73\htdocs\filecroco\loader\vendor\guzzlehttp\guzzle\src\Handler\CurlFactory.php:186
Stack trace:
#0 E:\xampp73\htdocs\filecroco\loader\vendor\guzzlehttp\guzzle\src\Handler\CurlFactory.php(149): GuzzleHttp\Handler\CurlFactory::createRejection(Object(GuzzleHttp\Handler\EasyHandle), Array)
#1 E:\xampp73\htdocs\filecroco\loader\vendor\guzzlehttp\guzzle\src\Handler\CurlFactory.php(102): GuzzleHttp\Handler\CurlFactory::finishError(Object(GuzzleHttp\Handler\CurlMultiHandler), Object(GuzzleHttp\Handler\EasyHandle), Object(GuzzleHttp\Handler\CurlFactory))
#2 E:\xampp73\htdocs\filecroco\loader\vendor\guzzlehttp\guzzle\src\Handler\CurlMultiHandler.php(181): GuzzleHttp\Handler\CurlFactory::finish(Object(GuzzleHttp\Handler\CurlMultiHandler), Object(GuzzleHttp\Handler\EasyHandle), Object(GuzzleHttp\Handler\CurlFactory))
#3 E:\xampp73\htdocs\filecroco\loader\vendor\guzzlehttp\guzzle\src\Handler\CurlMultiHandler.php(110): GuzzleHttp\Handler\CurlMultiHandler->processMessages()
#4 E:\xampp73\htdocs\filecroco\loader\vendor\guzzlehttp\guzzle\src\Handler\CurlMultiHandler.php(125): GuzzleHttp\Handler\CurlMultiHandler->tick()
#5 E:\xampp73\htdocs\filecroco\loader\vendor\guzzlehttp\promises\src\Promise.php(246): GuzzleHttp\Handler\CurlMultiHandler->execute(true)
#6 E:\xampp73\htdocs\filecroco\loader\vendor\guzzlehttp\promises\src\Promise.php(223): GuzzleHttp\Promise\Promise->invokeWaitFn()
#7 E:\xampp73\htdocs\filecroco\loader\vendor\guzzlehttp\promises\src\Promise.php(267): GuzzleHttp\Promise\Promise->waitIfPending()
#8 E:\xampp73\htdocs\filecroco\loader\vendor\guzzlehttp\promises\src\Promise.php(225): GuzzleHttp\Promise\Promise->invokeWaitList()
#9 E:\xampp73\htdocs\filecroco\loader\vendor\guzzlehttp\promises\src\Promise.php(62): GuzzleHttp\Promise\Promise->waitIfPending()
#10 E:\xampp73\htdocs\filecroco\loader\vendor\guzzlehttp\promises\src\EachPromise.php(101): GuzzleHttp\Promise\Promise->wait()
#11 E:\xampp73\htdocs\filecroco\loader\vendor\guzzlehttp\promises\src\Promise.php(246): GuzzleHttp\Promise\EachPromise->GuzzleHttp\Promise\{closure}(true)
#12 E:\xampp73\htdocs\filecroco\loader\vendor\guzzlehttp\promises\src\Promise.php(223): GuzzleHttp\Promise\Promise->invokeWaitFn()
#13 E:\xampp73\htdocs\filecroco\loader\vendor\guzzlehttp\promises\src\Promise.php(62): GuzzleHttp\Promise\Promise->waitIfPending()
#14 E:\xampp73\htdocs\filecroco\loader\updatedownloadlink.php(95): GuzzleHttp\Promise\Promise->wait()
#15 {main}|1314GuzzleHttp\Exception\RequestException: cURL error 56:  (see http://curl.haxx.se/libcurl/c/libcurl-errors.html) in E:\xampp73\htdocs\filecroco\loader\vendor\guzzlehttp\guzzle\src\Handler\CurlFactory.php:186
Stack trace:
#0 E:\xampp73\htdocs\filecroco\loader\vendor\guzzlehttp\guzzle\src\Handler\CurlFactory.php(149): GuzzleHttp\Handler\CurlFactory::createRejection(Object(GuzzleHttp\Handler\EasyHandle), Array)
#1 E:\xampp73\htdocs\filecroco\loader\vendor\guzzlehttp\guzzle\src\Handler\CurlFactory.php(102): GuzzleHttp\Handler\CurlFactory::finishError(Object(GuzzleHttp\Handler\CurlMultiHandler), Object(GuzzleHttp\Handler\EasyHandle), Object(GuzzleHttp\Handler\CurlFactory))
#2 E:\xampp73\htdocs\filecroco\loader\vendor\guzzlehttp\guzzle\src\Handler\CurlMultiHandler.php(181): GuzzleHttp\Handler\CurlFactory::finish(Object(GuzzleHttp\Handler\CurlMultiHandler), Object(GuzzleHttp\Handler\EasyHandle), Object(GuzzleHttp\Handler\CurlFactory))
#3 E:\xampp73\htdocs\filecroco\loader\vendor\guzzlehttp\guzzle\src\Handler\CurlMultiHandler.php(110): GuzzleHttp\Handler\CurlMultiHandler->processMessages()
#4 E:\xampp73\htdocs\filecroco\loader\vendor\guzzlehttp\guzzle\src\Handler\CurlMultiHandler.php(125): GuzzleHttp\Handler\CurlMultiHandler->tick()
#5 E:\xampp73\htdocs\filecroco\loader\vendor\guzzlehttp\promises\src\Promise.php(246): GuzzleHttp\Handler\CurlMultiHandler->execute(true)
#6 E:\xampp73\htdocs\filecroco\loader\vendor\guzzlehttp\promises\src\Promise.php(223): GuzzleHttp\Promise\Promise->invokeWaitFn()
#7 E:\xampp73\htdocs\filecroco\loader\vendor\guzzlehttp\promises\src\Promise.php(267): GuzzleHttp\Promise\Promise->waitIfPending()
#8 E:\xampp73\htdocs\filecroco\loader\vendor\guzzlehttp\promises\src\Promise.php(225): GuzzleHttp\Promise\Promise->invokeWaitList()
#9 E:\xampp73\htdocs\filecroco\loader\vendor\guzzlehttp\promises\src\Promise.php(62): GuzzleHttp\Promise\Promise->waitIfPending()
#10 E:\xampp73\htdocs\filecroco\loader\vendor\guzzlehttp\promises\src\EachPromise.php(101): GuzzleHttp\Promise\Promise->wait()
#11 E:\xampp73\htdocs\filecroco\loader\vendor\guzzlehttp\promises\src\Promise.php(246): GuzzleHttp\Promise\EachPromise->GuzzleHttp\Promise\{closure}(true)
#12 E:\xampp73\htdocs\filecroco\loader\vendor\guzzlehttp\promises\src\Promise.php(223): GuzzleHttp\Promise\Promise->invokeWaitFn()
#13 E:\xampp73\htdocs\filecroco\loader\vendor\guzzlehttp\promises\src\Promise.php(62): GuzzleHttp\Promise\Promise->waitIfPending()
#14 E:\xampp73\htdocs\filecroco\loader\updatedownloadlink.php(95): GuzzleHttp\Promise\Promise->wait()
#15 {main}|1315GuzzleHttp\Exception\RequestException: cURL error 56:  (see http://curl.haxx.se/libcurl/c/libcurl-errors.html) in E:\xampp73\htdocs\filecroco\loader\vendor\guzzlehttp\guzzle\src\Handler\CurlFactory.php:186
Stack trace:
#0 E:\xampp73\htdocs\filecroco\loader\vendor\guzzlehttp\guzzle\src\Handler\CurlFactory.php(149): GuzzleHttp\Handler\CurlFactory::createRejection(Object(GuzzleHttp\Handler\EasyHandle), Array)
#1 E:\xampp73\htdocs\filecroco\loader\vendor\guzzlehttp\guzzle\src\Handler\CurlFactory.php(102): GuzzleHttp\Handler\CurlFactory::finishError(Object(GuzzleHttp\Handler\CurlMultiHandler), Object(GuzzleHttp\Handler\EasyHandle), Object(GuzzleHttp\Handler\CurlFactory))
#2 E:\xampp73\htdocs\filecroco\loader\vendor\guzzlehttp\guzzle\src\Handler\CurlMultiHandler.php(181): GuzzleHttp\Handler\CurlFactory::finish(Object(GuzzleHttp\Handler\CurlMultiHandler), Object(GuzzleHttp\Handler\EasyHandle), Object(GuzzleHttp\Handler\CurlFactory))
#3 E:\xampp73\htdocs\filecroco\loader\vendor\guzzlehttp\guzzle\src\Handler\CurlMultiHandler.php(110): GuzzleHttp\Handler\CurlMultiHandler->processMessages()
#4 E:\xampp73\htdocs\filecroco\loader\vendor\guzzlehttp\guzzle\src\Handler\CurlMultiHandler.php(125): GuzzleHttp\Handler\CurlMultiHandler->tick()
#5 E:\xampp73\htdocs\filecroco\loader\vendor\guzzlehttp\promises\src\Promise.php(246): GuzzleHttp\Handler\CurlMultiHandler->execute(true)
#6 E:\xampp73\htdocs\filecroco\loader\vendor\guzzlehttp\promises\src\Promise.php(223): GuzzleHttp\Promise\Promise->invokeWaitFn()
#7 E:\xampp73\htdocs\filecroco\loader\vendor\guzzlehttp\promises\src\Promise.php(267): GuzzleHttp\Promise\Promise->waitIfPending()
#8 E:\xampp73\htdocs\filecroco\loader\vendor\guzzlehttp\promises\src\Promise.php(225): GuzzleHttp\Promise\Promise->invokeWaitList()
#9 E:\xampp73\htdocs\filecroco\loader\vendor\guzzlehttp\promises\src\Promise.php(62): GuzzleHttp\Promise\Promise->waitIfPending()
#10 E:\xampp73\htdocs\filecroco\loader\vendor\guzzlehttp\promises\src\EachPromise.php(101): GuzzleHttp\Promise\Promise->wait()
#11 E:\xampp73\htdocs\filecroco\loader\vendor\guzzlehttp\promises\src\Promise.php(246): GuzzleHttp\Promise\EachPromise->GuzzleHttp\Promise\{closure}(true)
#12 E:\xampp73\htdocs\filecroco\loader\vendor\guzzlehttp\promises\src\Promise.php(223): GuzzleHttp\Promise\Promise->invokeWaitFn()
#13 E:\xampp73\htdocs\filecroco\loader\vendor\guzzlehttp\promises\src\Promise.php(62): GuzzleHttp\Promise\Promise->waitIfPending()
#14 E:\xampp73\htdocs\filecroco\loader\updatedownloadlink.php(95): GuzzleHttp\Promise\Promise->wait()
#15 {main}|1316GuzzleHttp\Exception\RequestException: cURL error 56:  (see http://curl.haxx.se/libcurl/c/libcurl-errors.html) in E:\xampp73\htdocs\filecroco\loader\vendor\guzzlehttp\guzzle\src\Handler\CurlFactory.php:186
Stack trace:
#0 E:\xampp73\htdocs\filecroco\loader\vendor\guzzlehttp\guzzle\src\Handler\CurlFactory.php(149): GuzzleHttp\Handler\CurlFactory::createRejection(Object(GuzzleHttp\Handler\EasyHandle), Array)
#1 E:\xampp73\htdocs\filecroco\loader\vendor\guzzlehttp\guzzle\src\Handler\CurlFactory.php(102): GuzzleHttp\Handler\CurlFactory::finishError(Object(GuzzleHttp\Handler\CurlMultiHandler), Object(GuzzleHttp\Handler\EasyHandle), Object(GuzzleHttp\Handler\CurlFactory))
#2 E:\xampp73\htdocs\filecroco\loader\vendor\guzzlehttp\guzzle\src\Handler\CurlMultiHandler.php(181): GuzzleHttp\Handler\CurlFactory::finish(Object(GuzzleHttp\Handler\CurlMultiHandler), Object(GuzzleHttp\Handler\EasyHandle), Object(GuzzleHttp\Handler\CurlFactory))
#3 E:\xampp73\htdocs\filecroco\loader\vendor\guzzlehttp\guzzle\src\Handler\CurlMultiHandler.php(110): GuzzleHttp\Handler\CurlMultiHandler->processMessages()
#4 E:\xampp73\htdocs\filecroco\loader\vendor\guzzlehttp\guzzle\src\Handler\CurlMultiHandler.php(125): GuzzleHttp\Handler\CurlMultiHandler->tick()
#5 E:\xampp73\htdocs\filecroco\loader\vendor\guzzlehttp\promises\src\Promise.php(246): GuzzleHttp\Handler\CurlMultiHandler->execute(true)
#6 E:\xampp73\htdocs\filecroco\loader\vendor\guzzlehttp\promises\src\Promise.php(223): GuzzleHttp\Promise\Promise->invokeWaitFn()
#7 E:\xampp73\htdocs\filecroco\loader\vendor\guzzlehttp\promises\src\Promise.php(267): GuzzleHttp\Promise\Promise->waitIfPending()
#8 E:\xampp73\htdocs\filecroco\loader\vendor\guzzlehttp\promises\src\Promise.php(225): GuzzleHttp\Promise\Promise->invokeWaitList()
#9 E:\xampp73\htdocs\filecroco\loader\vendor\guzzlehttp\promises\src\Promise.php(62): GuzzleHttp\Promise\Promise->waitIfPending()
#10 E:\xampp73\htdocs\filecroco\loader\vendor\guzzlehttp\promises\src\EachPromise.php(101): GuzzleHttp\Promise\Promise->wait()
#11 E:\xampp73\htdocs\filecroco\loader\vendor\guzzlehttp\promises\src\Promise.php(246): GuzzleHttp\Promise\EachPromise->GuzzleHttp\Promise\{closure}(true)
#12 E:\xampp73\htdocs\filecroco\loader\vendor\guzzlehttp\promises\src\Promise.php(223): GuzzleHttp\Promise\Promise->invokeWaitFn()
#13 E:\xampp73\htdocs\filecroco\loader\vendor\guzzlehttp\promises\src\Promise.php(62): GuzzleHttp\Promise\Promise->waitIfPending()
#14 E:\xampp73\htdocs\filecroco\loader\updatedownloadlink.php(95): GuzzleHttp\Promise\Promise->wait()
#15 {main}|1317GuzzleHttp\Exception\RequestException: cURL error 56:  (see http://curl.haxx.se/libcurl/c/libcurl-errors.html) in E:\xampp73\htdocs\filecroco\loader\vendor\guzzlehttp\guzzle\src\Handler\CurlFactory.php:186
Stack trace:
#0 E:\xampp73\htdocs\filecroco\loader\vendor\guzzlehttp\guzzle\src\Handler\CurlFactory.php(149): GuzzleHttp\Handler\CurlFactory::createRejection(Object(GuzzleHttp\Handler\EasyHandle), Array)
#1 E:\xampp73\htdocs\filecroco\loader\vendor\guzzlehttp\guzzle\src\Handler\CurlFactory.php(102): GuzzleHttp\Handler\CurlFactory::finishError(Object(GuzzleHttp\Handler\CurlMultiHandler), Object(GuzzleHttp\Handler\EasyHandle), Object(GuzzleHttp\Handler\CurlFactory))
#2 E:\xampp73\htdocs\filecroco\loader\vendor\guzzlehttp\guzzle\src\Handler\CurlMultiHandler.php(181): GuzzleHttp\Handler\CurlFactory::finish(Object(GuzzleHttp\Handler\CurlMultiHandler), Object(GuzzleHttp\Handler\EasyHandle), Object(GuzzleHttp\Handler\CurlFactory))
#3 E:\xampp73\htdocs\filecroco\loader\vendor\guzzlehttp\guzzle\src\Handler\CurlMultiHandler.php(110): GuzzleHttp\Handler\CurlMultiHandler->processMessages()
#4 E:\xampp73\htdocs\filecroco\loader\vendor\guzzlehttp\guzzle\src\Handler\CurlMultiHandler.php(125): GuzzleHttp\Handler\CurlMultiHandler->tick()
#5 E:\xampp73\htdocs\filecroco\loader\vendor\guzzlehttp\promises\src\Promise.php(246): GuzzleHttp\Handler\CurlMultiHandler->execute(true)
#6 E:\xampp73\htdocs\filecroco\loader\vendor\guzzlehttp\promises\src\Promise.php(223): GuzzleHttp\Promise\Promise->invokeWaitFn()
#7 E:\xampp73\htdocs\filecroco\loader\vendor\guzzlehttp\promises\src\Promise.php(267): GuzzleHttp\Promise\Promise->waitIfPending()
#8 E:\xampp73\htdocs\filecroco\loader\vendor\guzzlehttp\promises\src\Promise.php(225): GuzzleHttp\Promise\Promise->invokeWaitList()
#9 E:\xampp73\htdocs\filecroco\loader\vendor\guzzlehttp\promises\src\Promise.php(62): GuzzleHttp\Promise\Promise->waitIfPending()
#10 E:\xampp73\htdocs\filecroco\loader\vendor\guzzlehttp\promises\src\EachPromise.php(101): GuzzleHttp\Promise\Promise->wait()
#11 E:\xampp73\htdocs\filecroco\loader\vendor\guzzlehttp\promises\src\Promise.php(246): GuzzleHttp\Promise\EachPromise->GuzzleHttp\Promise\{closure}(true)
#12 E:\xampp73\htdocs\filecroco\loader\vendor\guzzlehttp\promises\src\Promise.php(223): GuzzleHttp\Promise\Promise->invokeWaitFn()
#13 E:\xampp73\htdocs\filecroco\loader\vendor\guzzlehttp\promises\src\Promise.php(62): GuzzleHttp\Promise\Promise->waitIfPending()
#14 E:\xampp73\htdocs\filecroco\loader\updatedownloadlink.php(95): GuzzleHttp\Promise\Promise->wait()
#15 {main}|1318GuzzleHttp\Exception\RequestException: cURL error 56:  (see http://curl.haxx.se/libcurl/c/libcurl-errors.html) in E:\xampp73\htdocs\filecroco\loader\vendor\guzzlehttp\guzzle\src\Handler\CurlFactory.php:186
Stack trace:
#0 E:\xampp73\htdocs\filecroco\loader\vendor\guzzlehttp\guzzle\src\Handler\CurlFactory.php(149): GuzzleHttp\Handler\CurlFactory::createRejection(Object(GuzzleHttp\Handler\EasyHandle), Array)
#1 E:\xampp73\htdocs\filecroco\loader\vendor\guzzlehttp\guzzle\src\Handler\CurlFactory.php(102): GuzzleHttp\Handler\CurlFactory::finishError(Object(GuzzleHttp\Handler\CurlMultiHandler), Object(GuzzleHttp\Handler\EasyHandle), Object(GuzzleHttp\Handler\CurlFactory))
#2 E:\xampp73\htdocs\filecroco\loader\vendor\guzzlehttp\guzzle\src\Handler\CurlMultiHandler.php(181): GuzzleHttp\Handler\CurlFactory::finish(Object(GuzzleHttp\Handler\CurlMultiHandler), Object(GuzzleHttp\Handler\EasyHandle), Object(GuzzleHttp\Handler\CurlFactory))
#3 E:\xampp73\htdocs\filecroco\loader\vendor\guzzlehttp\guzzle\src\Handler\CurlMultiHandler.php(110): GuzzleHttp\Handler\CurlMultiHandler->processMessages()
#4 E:\xampp73\htdocs\filecroco\loader\vendor\guzzlehttp\guzzle\src\Handler\CurlMultiHandler.php(125): GuzzleHttp\Handler\CurlMultiHandler->tick()
#5 E:\xampp73\htdocs\filecroco\loader\vendor\guzzlehttp\promises\src\Promise.php(246): GuzzleHttp\Handler\CurlMultiHandler->execute(true)
#6 E:\xampp73\htdocs\filecroco\loader\vendor\guzzlehttp\promises\src\Promise.php(223): GuzzleHttp\Promise\Promise->invokeWaitFn()
#7 E:\xampp73\htdocs\filecroco\loader\vendor\guzzlehttp\promises\src\Promise.php(267): GuzzleHttp\Promise\Promise->waitIfPending()
#8 E:\xampp73\htdocs\filecroco\loader\vendor\guzzlehttp\promises\src\Promise.php(225): GuzzleHttp\Promise\Promise->invokeWaitList()
#9 E:\xampp73\htdocs\filecroco\loader\vendor\guzzlehttp\promises\src\Promise.php(62): GuzzleHttp\Promise\Promise->waitIfPending()
#10 E:\xampp73\htdocs\filecroco\loader\vendor\guzzlehttp\promises\src\EachPromise.php(101): GuzzleHttp\Promise\Promise->wait()
#11 E:\xampp73\htdocs\filecroco\loader\vendor\guzzlehttp\promises\src\Promise.php(246): GuzzleHttp\Promise\EachPromise->GuzzleHttp\Promise\{closure}(true)
#12 E:\xampp73\htdocs\filecroco\loader\vendor\guzzlehttp\promises\src\Promise.php(223): GuzzleHttp\Promise\Promise->invokeWaitFn()
#13 E:\xampp73\htdocs\filecroco\loader\vendor\guzzlehttp\promises\src\Promise.php(62): GuzzleHttp\Promise\Promise->waitIfPending()
#14 E:\xampp73\htdocs\filecroco\loader\updatedownloadlink.php(95): GuzzleHttp\Promise\Promise->wait()
#15 {main}|1319GuzzleHttp\Exception\RequestException: cURL error 56:  (see http://curl.haxx.se/libcurl/c/libcurl-errors.html) in E:\xampp73\htdocs\filecroco\loader\vendor\guzzlehttp\guzzle\src\Handler\CurlFactory.php:186
Stack trace:
#0 E:\xampp73\htdocs\filecroco\loader\vendor\guzzlehttp\guzzle\src\Handler\CurlFactory.php(149): GuzzleHttp\Handler\CurlFactory::createRejection(Object(GuzzleHttp\Handler\EasyHandle), Array)
#1 E:\xampp73\htdocs\filecroco\loader\vendor\guzzlehttp\guzzle\src\Handler\CurlFactory.php(102): GuzzleHttp\Handler\CurlFactory::finishError(Object(GuzzleHttp\Handler\CurlMultiHandler), Object(GuzzleHttp\Handler\EasyHandle), Object(GuzzleHttp\Handler\CurlFactory))
#2 E:\xampp73\htdocs\filecroco\loader\vendor\guzzlehttp\guzzle\src\Handler\CurlMultiHandler.php(181): GuzzleHttp\Handler\CurlFactory::finish(Object(GuzzleHttp\Handler\CurlMultiHandler), Object(GuzzleHttp\Handler\EasyHandle), Object(GuzzleHttp\Handler\CurlFactory))
#3 E:\xampp73\htdocs\filecroco\loader\vendor\guzzlehttp\guzzle\src\Handler\CurlMultiHandler.php(110): GuzzleHttp\Handler\CurlMultiHandler->processMessages()
#4 E:\xampp73\htdocs\filecroco\loader\vendor\guzzlehttp\guzzle\src\Handler\CurlMultiHandler.php(125): GuzzleHttp\Handler\CurlMultiHandler->tick()
#5 E:\xampp73\htdocs\filecroco\loader\vendor\guzzlehttp\promises\src\Promise.php(246): GuzzleHttp\Handler\CurlMultiHandler->execute(true)
#6 E:\xampp73\htdocs\filecroco\loader\vendor\guzzlehttp\promises\src\Promise.php(223): GuzzleHttp\Promise\Promise->invokeWaitFn()
#7 E:\xampp73\htdocs\filecroco\loader\vendor\guzzlehttp\promises\src\Promise.php(267): GuzzleHttp\Promise\Promise->waitIfPending()
#8 E:\xampp73\htdocs\filecroco\loader\vendor\guzzlehttp\promises\src\Promise.php(225): GuzzleHttp\Promise\Promise->invokeWaitList()
#9 E:\xampp73\htdocs\filecroco\loader\vendor\guzzlehttp\promises\src\Promise.php(62): GuzzleHttp\Promise\Promise->waitIfPending()
#10 E:\xampp73\htdocs\filecroco\loader\vendor\guzzlehttp\promises\src\EachPromise.php(101): GuzzleHttp\Promise\Promise->wait()
#11 E:\xampp73\htdocs\filecroco\loader\vendor\guzzlehttp\promises\src\Promise.php(246): GuzzleHttp\Promise\EachPromise->GuzzleHttp\Promise\{closure}(true)
#12 E:\xampp73\htdocs\filecroco\loader\vendor\guzzlehttp\promises\src\Promise.php(223): GuzzleHttp\Promise\Promise->invokeWaitFn()
#13 E:\xampp73\htdocs\filecroco\loader\vendor\guzzlehttp\promises\src\Promise.php(62): GuzzleHttp\Promise\Promise->waitIfPending()
#14 E:\xampp73\htdocs\filecroco\loader\updatedownloadlink.php(95): GuzzleHttp\Promise\Promise->wait()
#15 {main}|1320GuzzleHttp\Exception\RequestException: cURL error 56:  (see http://curl.haxx.se/libcurl/c/libcurl-errors.html) in E:\xampp73\htdocs\filecroco\loader\vendor\guzzlehttp\guzzle\src\Handler\CurlFactory.php:186
Stack trace:
#0 E:\xampp73\htdocs\filecroco\loader\vendor\guzzlehttp\guzzle\src\Handler\CurlFactory.php(149): GuzzleHttp\Handler\CurlFactory::createRejection(Object(GuzzleHttp\Handler\EasyHandle), Array)
#1 E:\xampp73\htdocs\filecroco\loader\vendor\guzzlehttp\guzzle\src\Handler\CurlFactory.php(102): GuzzleHttp\Handler\CurlFactory::finishError(Object(GuzzleHttp\Handler\CurlMultiHandler), Object(GuzzleHttp\Handler\EasyHandle), Object(GuzzleHttp\Handler\CurlFactory))
#2 E:\xampp73\htdocs\filecroco\loader\vendor\guzzlehttp\guzzle\src\Handler\CurlMultiHandler.php(181): GuzzleHttp\Handler\CurlFactory::finish(Object(GuzzleHttp\Handler\CurlMultiHandler), Object(GuzzleHttp\Handler\EasyHandle), Object(GuzzleHttp\Handler\CurlFactory))
#3 E:\xampp73\htdocs\filecroco\loader\vendor\guzzlehttp\guzzle\src\Handler\CurlMultiHandler.php(110): GuzzleHttp\Handler\CurlMultiHandler->processMessages()
#4 E:\xampp73\htdocs\filecroco\loader\vendor\guzzlehttp\guzzle\src\Handler\CurlMultiHandler.php(125): GuzzleHttp\Handler\CurlMultiHandler->tick()
#5 E:\xampp73\htdocs\filecroco\loader\vendor\guzzlehttp\promises\src\Promise.php(246): GuzzleHttp\Handler\CurlMultiHandler->execute(true)
#6 E:\xampp73\htdocs\filecroco\loader\vendor\guzzlehttp\promises\src\Promise.php(223): GuzzleHttp\Promise\Promise->invokeWaitFn()
#7 E:\xampp73\htdocs\filecroco\loader\vendor\guzzlehttp\promises\src\Promise.php(267): GuzzleHttp\Promise\Promise->waitIfPending()
#8 E:\xampp73\htdocs\filecroco\loader\vendor\guzzlehttp\promises\src\Promise.php(225): GuzzleHttp\Promise\Promise->invokeWaitList()
#9 E:\xampp73\htdocs\filecroco\loader\vendor\guzzlehttp\promises\src\Promise.php(62): GuzzleHttp\Promise\Promise->waitIfPending()
#10 E:\xampp73\htdocs\filecroco\loader\vendor\guzzlehttp\promises\src\EachPromise.php(101): GuzzleHttp\Promise\Promise->wait()
#11 E:\xampp73\htdocs\filecroco\loader\vendor\guzzlehttp\promises\src\Promise.php(246): GuzzleHttp\Promise\EachPromise->GuzzleHttp\Promise\{closure}(true)
#12 E:\xampp73\htdocs\filecroco\loader\vendor\guzzlehttp\promises\src\Promise.php(223): GuzzleHttp\Promise\Promise->invokeWaitFn()
#13 E:\xampp73\htdocs\filecroco\loader\vendor\guzzlehttp\promises\src\Promise.php(62): GuzzleHttp\Promise\Promise->waitIfPending()
#14 E:\xampp73\htdocs\filecroco\loader\updatedownloadlink.php(95): GuzzleHttp\Promise\Promise->wait()
#15 {main}|1321GuzzleHttp\Exception\RequestException: cURL error 56:  (see http://curl.haxx.se/libcurl/c/libcurl-errors.html) in E:\xampp73\htdocs\filecroco\loader\vendor\guzzlehttp\guzzle\src\Handler\CurlFactory.php:186
Stack trace:
#0 E:\xampp73\htdocs\filecroco\loader\vendor\guzzlehttp\guzzle\src\Handler\CurlFactory.php(149): GuzzleHttp\Handler\CurlFactory::createRejection(Object(GuzzleHttp\Handler\EasyHandle), Array)
#1 E:\xampp73\htdocs\filecroco\loader\vendor\guzzlehttp\guzzle\src\Handler\CurlFactory.php(102): GuzzleHttp\Handler\CurlFactory::finishError(Object(GuzzleHttp\Handler\CurlMultiHandler), Object(GuzzleHttp\Handler\EasyHandle), Object(GuzzleHttp\Handler\CurlFactory))
#2 E:\xampp73\htdocs\filecroco\loader\vendor\guzzlehttp\guzzle\src\Handler\CurlMultiHandler.php(181): GuzzleHttp\Handler\CurlFactory::finish(Object(GuzzleHttp\Handler\CurlMultiHandler), Object(GuzzleHttp\Handler\EasyHandle), Object(GuzzleHttp\Handler\CurlFactory))
#3 E:\xampp73\htdocs\filecroco\loader\vendor\guzzlehttp\guzzle\src\Handler\CurlMultiHandler.php(110): GuzzleHttp\Handler\CurlMultiHandler->processMessages()
#4 E:\xampp73\htdocs\filecroco\loader\vendor\guzzlehttp\guzzle\src\Handler\CurlMultiHandler.php(125): GuzzleHttp\Handler\CurlMultiHandler->tick()
#5 E:\xampp73\htdocs\filecroco\loader\vendor\guzzlehttp\promises\src\Promise.php(246): GuzzleHttp\Handler\CurlMultiHandler->execute(true)
#6 E:\xampp73\htdocs\filecroco\loader\vendor\guzzlehttp\promises\src\Promise.php(223): GuzzleHttp\Promise\Promise->invokeWaitFn()
#7 E:\xampp73\htdocs\filecroco\loader\vendor\guzzlehttp\promises\src\Promise.php(267): GuzzleHttp\Promise\Promise->waitIfPending()
#8 E:\xampp73\htdocs\filecroco\loader\vendor\guzzlehttp\promises\src\Promise.php(225): GuzzleHttp\Promise\Promise->invokeWaitList()
#9 E:\xampp73\htdocs\filecroco\loader\vendor\guzzlehttp\promises\src\Promise.php(62): GuzzleHttp\Promise\Promise->waitIfPending()
#10 E:\xampp73\htdocs\filecroco\loader\vendor\guzzlehttp\promises\src\EachPromise.php(101): GuzzleHttp\Promise\Promise->wait()
#11 E:\xampp73\htdocs\filecroco\loader\vendor\guzzlehttp\promises\src\Promise.php(246): GuzzleHttp\Promise\EachPromise->GuzzleHttp\Promise\{closure}(true)
#12 E:\xampp73\htdocs\filecroco\loader\vendor\guzzlehttp\promises\src\Promise.php(223): GuzzleHttp\Promise\Promise->invokeWaitFn()
#13 E:\xampp73\htdocs\filecroco\loader\vendor\guzzlehttp\promises\src\Promise.php(62): GuzzleHttp\Promise\Promise->waitIfPending()
#14 E:\xampp73\htdocs\filecroco\loader\updatedownloadlink.php(95): GuzzleHttp\Promise\Promise->wait()
#15 {main}|1322GuzzleHttp\Exception\RequestException: cURL error 56:  (see http://curl.haxx.se/libcurl/c/libcurl-errors.html) in E:\xampp73\htdocs\filecroco\loader\vendor\guzzlehttp\guzzle\src\Handler\CurlFactory.php:186
Stack trace:
#0 E:\xampp73\htdocs\filecroco\loader\vendor\guzzlehttp\guzzle\src\Handler\CurlFactory.php(149): GuzzleHttp\Handler\CurlFactory::createRejection(Object(GuzzleHttp\Handler\EasyHandle), Array)
#1 E:\xampp73\htdocs\filecroco\loader\vendor\guzzlehttp\guzzle\src\Handler\CurlFactory.php(102): GuzzleHttp\Handler\CurlFactory::finishError(Object(GuzzleHttp\Handler\CurlMultiHandler), Object(GuzzleHttp\Handler\EasyHandle), Object(GuzzleHttp\Handler\CurlFactory))
#2 E:\xampp73\htdocs\filecroco\loader\vendor\guzzlehttp\guzzle\src\Handler\CurlMultiHandler.php(181): GuzzleHttp\Handler\CurlFactory::finish(Object(GuzzleHttp\Handler\CurlMultiHandler), Object(GuzzleHttp\Handler\EasyHandle), Object(GuzzleHttp\Handler\CurlFactory))
#3 E:\xampp73\htdocs\filecroco\loader\vendor\guzzlehttp\guzzle\src\Handler\CurlMultiHandler.php(110): GuzzleHttp\Handler\CurlMultiHandler->processMessages()
#4 E:\xampp73\htdocs\filecroco\loader\vendor\guzzlehttp\guzzle\src\Handler\CurlMultiHandler.php(125): GuzzleHttp\Handler\CurlMultiHandler->tick()
#5 E:\xampp73\htdocs\filecroco\loader\vendor\guzzlehttp\promises\src\Promise.php(246): GuzzleHttp\Handler\CurlMultiHandler->execute(true)
#6 E:\xampp73\htdocs\filecroco\loader\vendor\guzzlehttp\promises\src\Promise.php(223): GuzzleHttp\Promise\Promise->invokeWaitFn()
#7 E:\xampp73\htdocs\filecroco\loader\vendor\guzzlehttp\promises\src\Promise.php(267): GuzzleHttp\Promise\Promise->waitIfPending()
#8 E:\xampp73\htdocs\filecroco\loader\vendor\guzzlehttp\promises\src\Promise.php(225): GuzzleHttp\Promise\Promise->invokeWaitList()
#9 E:\xampp73\htdocs\filecroco\loader\vendor\guzzlehttp\promises\src\Promise.php(62): GuzzleHttp\Promise\Promise->waitIfPending()
#10 E:\xampp73\htdocs\filecroco\loader\vendor\guzzlehttp\promises\src\EachPromise.php(101): GuzzleHttp\Promise\Promise->wait()
#11 E:\xampp73\htdocs\filecroco\loader\vendor\guzzlehttp\promises\src\Promise.php(246): GuzzleHttp\Promise\EachPromise->GuzzleHttp\Promise\{closure}(true)
#12 E:\xampp73\htdocs\filecroco\loader\vendor\guzzlehttp\promises\src\Promise.php(223): GuzzleHttp\Promise\Promise->invokeWaitFn()
#13 E:\xampp73\htdocs\filecroco\loader\vendor\guzzlehttp\promises\src\Promise.php(62): GuzzleHttp\Promise\Promise->waitIfPending()
#14 E:\xampp73\htdocs\filecroco\loader\updatedownloadlink.php(95): GuzzleHttp\Promise\Promise->wait()
#15 {main}|1323GuzzleHttp\Exception\RequestException: cURL error 56:  (see http://curl.haxx.se/libcurl/c/libcurl-errors.html) in E:\xampp73\htdocs\filecroco\loader\vendor\guzzlehttp\guzzle\src\Handler\CurlFactory.php:186
Stack trace:
#0 E:\xampp73\htdocs\filecroco\loader\vendor\guzzlehttp\guzzle\src\Handler\CurlFactory.php(149): GuzzleHttp\Handler\CurlFactory::createRejection(Object(GuzzleHttp\Handler\EasyHandle), Array)
#1 E:\xampp73\htdocs\filecroco\loader\vendor\guzzlehttp\guzzle\src\Handler\CurlFactory.php(102): GuzzleHttp\Handler\CurlFactory::finishError(Object(GuzzleHttp\Handler\CurlMultiHandler), Object(GuzzleHttp\Handler\EasyHandle), Object(GuzzleHttp\Handler\CurlFactory))
#2 E:\xampp73\htdocs\filecroco\loader\vendor\guzzlehttp\guzzle\src\Handler\CurlMultiHandler.php(181): GuzzleHttp\Handler\CurlFactory::finish(Object(GuzzleHttp\Handler\CurlMultiHandler), Object(GuzzleHttp\Handler\EasyHandle), Object(GuzzleHttp\Handler\CurlFactory))
#3 E:\xampp73\htdocs\filecroco\loader\vendor\guzzlehttp\guzzle\src\Handler\CurlMultiHandler.php(110): GuzzleHttp\Handler\CurlMultiHandler->processMessages()
#4 E:\xampp73\htdocs\filecroco\loader\vendor\guzzlehttp\guzzle\src\Handler\CurlMultiHandler.php(125): GuzzleHttp\Handler\CurlMultiHandler->tick()
#5 E:\xampp73\htdocs\filecroco\loader\vendor\guzzlehttp\promises\src\Promise.php(246): GuzzleHttp\Handler\CurlMultiHandler->execute(true)
#6 E:\xampp73\htdocs\filecroco\loader\vendor\guzzlehttp\promises\src\Promise.php(223): GuzzleHttp\Promise\Promise->invokeWaitFn()
#7 E:\xampp73\htdocs\filecroco\loader\vendor\guzzlehttp\promises\src\Promise.php(267): GuzzleHttp\Promise\Promise->waitIfPending()
#8 E:\xampp73\htdocs\filecroco\loader\vendor\guzzlehttp\promises\src\Promise.php(225): GuzzleHttp\Promise\Promise->invokeWaitList()
#9 E:\xampp73\htdocs\filecroco\loader\vendor\guzzlehttp\promises\src\Promise.php(62): GuzzleHttp\Promise\Promise->waitIfPending()
#10 E:\xampp73\htdocs\filecroco\loader\vendor\guzzlehttp\promises\src\EachPromise.php(101): GuzzleHttp\Promise\Promise->wait()
#11 E:\xampp73\htdocs\filecroco\loader\vendor\guzzlehttp\promises\src\Promise.php(246): GuzzleHttp\Promise\EachPromise->GuzzleHttp\Promise\{closure}(true)
#12 E:\xampp73\htdocs\filecroco\loader\vendor\guzzlehttp\promises\src\Promise.php(223): GuzzleHttp\Promise\Promise->invokeWaitFn()
#13 E:\xampp73\htdocs\filecroco\loader\vendor\guzzlehttp\promises\src\Promise.php(62): GuzzleHttp\Promise\Promise->waitIfPending()
#14 E:\xampp73\htdocs\filecroco\loader\updatedownloadlink.php(95): GuzzleHttp\Promise\Promise->wait()
#15 {main}|1324GuzzleHttp\Exception\RequestException: cURL error 56:  (see http://curl.haxx.se/libcurl/c/libcurl-errors.html) in E:\xampp73\htdocs\filecroco\loader\vendor\guzzlehttp\guzzle\src\Handler\CurlFactory.php:186
Stack trace:
#0 E:\xampp73\htdocs\filecroco\loader\vendor\guzzlehttp\guzzle\src\Handler\CurlFactory.php(149): GuzzleHttp\Handler\CurlFactory::createRejection(Object(GuzzleHttp\Handler\EasyHandle), Array)
#1 E:\xampp73\htdocs\filecroco\loader\vendor\guzzlehttp\guzzle\src\Handler\CurlFactory.php(102): GuzzleHttp\Handler\CurlFactory::finishError(Object(GuzzleHttp\Handler\CurlMultiHandler), Object(GuzzleHttp\Handler\EasyHandle), Object(GuzzleHttp\Handler\CurlFactory))
#2 E:\xampp73\htdocs\filecroco\loader\vendor\guzzlehttp\guzzle\src\Handler\CurlMultiHandler.php(181): GuzzleHttp\Handler\CurlFactory::finish(Object(GuzzleHttp\Handler\CurlMultiHandler), Object(GuzzleHttp\Handler\EasyHandle), Object(GuzzleHttp\Handler\CurlFactory))
#3 E:\xampp73\htdocs\filecroco\loader\vendor\guzzlehttp\guzzle\src\Handler\CurlMultiHandler.php(110): GuzzleHttp\Handler\CurlMultiHandler->processMessages()
#4 E:\xampp73\htdocs\filecroco\loader\vendor\guzzlehttp\guzzle\src\Handler\CurlMultiHandler.php(125): GuzzleHttp\Handler\CurlMultiHandler->tick()
#5 E:\xampp73\htdocs\filecroco\loader\vendor\guzzlehttp\promises\src\Promise.php(246): GuzzleHttp\Handler\CurlMultiHandler->execute(true)
#6 E:\xampp73\htdocs\filecroco\loader\vendor\guzzlehttp\promises\src\Promise.php(223): GuzzleHttp\Promise\Promise->invokeWaitFn()
#7 E:\xampp73\htdocs\filecroco\loader\vendor\guzzlehttp\promises\src\Promise.php(267): GuzzleHttp\Promise\Promise->waitIfPending()
#8 E:\xampp73\htdocs\filecroco\loader\vendor\guzzlehttp\promises\src\Promise.php(225): GuzzleHttp\Promise\Promise->invokeWaitList()
#9 E:\xampp73\htdocs\filecroco\loader\vendor\guzzlehttp\promises\src\Promise.php(62): GuzzleHttp\Promise\Promise->waitIfPending()
#10 E:\xampp73\htdocs\filecroco\loader\vendor\guzzlehttp\promises\src\EachPromise.php(101): GuzzleHttp\Promise\Promise->wait()
#11 E:\xampp73\htdocs\filecroco\loader\vendor\guzzlehttp\promises\src\Promise.php(246): GuzzleHttp\Promise\EachPromise->GuzzleHttp\Promise\{closure}(true)
#12 E:\xampp73\htdocs\filecroco\loader\vendor\guzzlehttp\promises\src\Promise.php(223): GuzzleHttp\Promise\Promise->invokeWaitFn()
#13 E:\xampp73\htdocs\filecroco\loader\vendor\guzzlehttp\promises\src\Promise.php(62): GuzzleHttp\Promise\Promise->waitIfPending()
#14 E:\xampp73\htdocs\filecroco\loader\updatedownloadlink.php(95): GuzzleHttp\Promise\Promise->wait()
#15 {main}|1325GuzzleHttp\Exception\RequestException: cURL error 56:  (see http://curl.haxx.se/libcurl/c/libcurl-errors.html) in E:\xampp73\htdocs\filecroco\loader\vendor\guzzlehttp\guzzle\src\Handler\CurlFactory.php:186
Stack trace:
#0 E:\xampp73\htdocs\filecroco\loader\vendor\guzzlehttp\guzzle\src\Handler\CurlFactory.php(149): GuzzleHttp\Handler\CurlFactory::createRejection(Object(GuzzleHttp\Handler\EasyHandle), Array)
#1 E:\xampp73\htdocs\filecroco\loader\vendor\guzzlehttp\guzzle\src\Handler\CurlFactory.php(102): GuzzleHttp\Handler\CurlFactory::finishError(Object(GuzzleHttp\Handler\CurlMultiHandler), Object(GuzzleHttp\Handler\EasyHandle), Object(GuzzleHttp\Handler\CurlFactory))
#2 E:\xampp73\htdocs\filecroco\loader\vendor\guzzlehttp\guzzle\src\Handler\CurlMultiHandler.php(181): GuzzleHttp\Handler\CurlFactory::finish(Object(GuzzleHttp\Handler\CurlMultiHandler), Object(GuzzleHttp\Handler\EasyHandle), Object(GuzzleHttp\Handler\CurlFactory))
#3 E:\xampp73\htdocs\filecroco\loader\vendor\guzzlehttp\guzzle\src\Handler\CurlMultiHandler.php(110): GuzzleHttp\Handler\CurlMultiHandler->processMessages()
#4 E:\xampp73\htdocs\filecroco\loader\vendor\guzzlehttp\guzzle\src\Handler\CurlMultiHandler.php(125): GuzzleHttp\Handler\CurlMultiHandler->tick()
#5 E:\xampp73\htdocs\filecroco\loader\vendor\guzzlehttp\promises\src\Promise.php(246): GuzzleHttp\Handler\CurlMultiHandler->execute(true)
#6 E:\xampp73\htdocs\filecroco\loader\vendor\guzzlehttp\promises\src\Promise.php(223): GuzzleHttp\Promise\Promise->invokeWaitFn()
#7 E:\xampp73\htdocs\filecroco\loader\vendor\guzzlehttp\promises\src\Promise.php(267): GuzzleHttp\Promise\Promise->waitIfPending()
#8 E:\xampp73\htdocs\filecroco\loader\vendor\guzzlehttp\promises\src\Promise.php(225): GuzzleHttp\Promise\Promise->invokeWaitList()
#9 E:\xampp73\htdocs\filecroco\loader\vendor\guzzlehttp\promises\src\Promise.php(62): GuzzleHttp\Promise\Promise->waitIfPending()
#10 E:\xampp73\htdocs\filecroco\loader\vendor\guzzlehttp\promises\src\EachPromise.php(101): GuzzleHttp\Promise\Promise->wait()
#11 E:\xampp73\htdocs\filecroco\loader\vendor\guzzlehttp\promises\src\Promise.php(246): GuzzleHttp\Promise\EachPromise->GuzzleHttp\Promise\{closure}(true)
#12 E:\xampp73\htdocs\filecroco\loader\vendor\guzzlehttp\promises\src\Promise.php(223): GuzzleHttp\Promise\Promise->invokeWaitFn()
#13 E:\xampp73\htdocs\filecroco\loader\vendor\guzzlehttp\promises\src\Promise.php(62): GuzzleHttp\Promise\Promise->waitIfPending()
#14 E:\xampp73\htdocs\filecroco\loader\updatedownloadlink.php(95): GuzzleHttp\Promise\Promise->wait()
#15 {main}|1326GuzzleHttp\Exception\RequestException: cURL error 56:  (see http://curl.haxx.se/libcurl/c/libcurl-errors.html) in E:\xampp73\htdocs\filecroco\loader\vendor\guzzlehttp\guzzle\src\Handler\CurlFactory.php:186
Stack trace:
#0 E:\xampp73\htdocs\filecroco\loader\vendor\guzzlehttp\guzzle\src\Handler\CurlFactory.php(149): GuzzleHttp\Handler\CurlFactory::createRejection(Object(GuzzleHttp\Handler\EasyHandle), Array)
#1 E:\xampp73\htdocs\filecroco\loader\vendor\guzzlehttp\guzzle\src\Handler\CurlFactory.php(102): GuzzleHttp\Handler\CurlFactory::finishError(Object(GuzzleHttp\Handler\CurlMultiHandler), Object(GuzzleHttp\Handler\EasyHandle), Object(GuzzleHttp\Handler\CurlFactory))
#2 E:\xampp73\htdocs\filecroco\loader\vendor\guzzlehttp\guzzle\src\Handler\CurlMultiHandler.php(181): GuzzleHttp\Handler\CurlFactory::finish(Object(GuzzleHttp\Handler\CurlMultiHandler), Object(GuzzleHttp\Handler\EasyHandle), Object(GuzzleHttp\Handler\CurlFactory))
#3 E:\xampp73\htdocs\filecroco\loader\vendor\guzzlehttp\guzzle\src\Handler\CurlMultiHandler.php(110): GuzzleHttp\Handler\CurlMultiHandler->processMessages()
#4 E:\xampp73\htdocs\filecroco\loader\vendor\guzzlehttp\guzzle\src\Handler\CurlMultiHandler.php(125): GuzzleHttp\Handler\CurlMultiHandler->tick()
#5 E:\xampp73\htdocs\filecroco\loader\vendor\guzzlehttp\promises\src\Promise.php(246): GuzzleHttp\Handler\CurlMultiHandler->execute(true)
#6 E:\xampp73\htdocs\filecroco\loader\vendor\guzzlehttp\promises\src\Promise.php(223): GuzzleHttp\Promise\Promise->invokeWaitFn()
#7 E:\xampp73\htdocs\filecroco\loader\vendor\guzzlehttp\promises\src\Promise.php(267): GuzzleHttp\Promise\Promise->waitIfPending()
#8 E:\xampp73\htdocs\filecroco\loader\vendor\guzzlehttp\promises\src\Promise.php(225): GuzzleHttp\Promise\Promise->invokeWaitList()
#9 E:\xampp73\htdocs\filecroco\loader\vendor\guzzlehttp\promises\src\Promise.php(62): GuzzleHttp\Promise\Promise->waitIfPending()
#10 E:\xampp73\htdocs\filecroco\loader\vendor\guzzlehttp\promises\src\EachPromise.php(101): GuzzleHttp\Promise\Promise->wait()
#11 E:\xampp73\htdocs\filecroco\loader\vendor\guzzlehttp\promises\src\Promise.php(246): GuzzleHttp\Promise\EachPromise->GuzzleHttp\Promise\{closure}(true)
#12 E:\xampp73\htdocs\filecroco\loader\vendor\guzzlehttp\promises\src\Promise.php(223): GuzzleHttp\Promise\Promise->invokeWaitFn()
#13 E:\xampp73\htdocs\filecroco\loader\vendor\guzzlehttp\promises\src\Promise.php(62): GuzzleHttp\Promise\Promise->waitIfPending()
#14 E:\xampp73\htdocs\filecroco\loader\updatedownloadlink.php(95): GuzzleHttp\Promise\Promise->wait()
#15 {main}|1327GuzzleHttp\Exception\RequestException: cURL error 56:  (see http://curl.haxx.se/libcurl/c/libcurl-errors.html) in E:\xampp73\htdocs\filecroco\loader\vendor\guzzlehttp\guzzle\src\Handler\CurlFactory.php:186
Stack trace:
#0 E:\xampp73\htdocs\filecroco\loader\vendor\guzzlehttp\guzzle\src\Handler\CurlFactory.php(149): GuzzleHttp\Handler\CurlFactory::createRejection(Object(GuzzleHttp\Handler\EasyHandle), Array)
#1 E:\xampp73\htdocs\filecroco\loader\vendor\guzzlehttp\guzzle\src\Handler\CurlFactory.php(102): GuzzleHttp\Handler\CurlFactory::finishError(Object(GuzzleHttp\Handler\CurlMultiHandler), Object(GuzzleHttp\Handler\EasyHandle), Object(GuzzleHttp\Handler\CurlFactory))
#2 E:\xampp73\htdocs\filecroco\loader\vendor\guzzlehttp\guzzle\src\Handler\CurlMultiHandler.php(181): GuzzleHttp\Handler\CurlFactory::finish(Object(GuzzleHttp\Handler\CurlMultiHandler), Object(GuzzleHttp\Handler\EasyHandle), Object(GuzzleHttp\Handler\CurlFactory))
#3 E:\xampp73\htdocs\filecroco\loader\vendor\guzzlehttp\guzzle\src\Handler\CurlMultiHandler.php(110): GuzzleHttp\Handler\CurlMultiHandler->processMessages()
#4 E:\xampp73\htdocs\filecroco\loader\vendor\guzzlehttp\guzzle\src\Handler\CurlMultiHandler.php(125): GuzzleHttp\Handler\CurlMultiHandler->tick()
#5 E:\xampp73\htdocs\filecroco\loader\vendor\guzzlehttp\promises\src\Promise.php(246): GuzzleHttp\Handler\CurlMultiHandler->execute(true)
#6 E:\xampp73\htdocs\filecroco\loader\vendor\guzzlehttp\promises\src\Promise.php(223): GuzzleHttp\Promise\Promise->invokeWaitFn()
#7 E:\xampp73\htdocs\filecroco\loader\vendor\guzzlehttp\promises\src\Promise.php(267): GuzzleHttp\Promise\Promise->waitIfPending()
#8 E:\xampp73\htdocs\filecroco\loader\vendor\guzzlehttp\promises\src\Promise.php(225): GuzzleHttp\Promise\Promise->invokeWaitList()
#9 E:\xampp73\htdocs\filecroco\loader\vendor\guzzlehttp\promises\src\Promise.php(62): GuzzleHttp\Promise\Promise->waitIfPending()
#10 E:\xampp73\htdocs\filecroco\loader\vendor\guzzlehttp\promises\src\EachPromise.php(101): GuzzleHttp\Promise\Promise->wait()
#11 E:\xampp73\htdocs\filecroco\loader\vendor\guzzlehttp\promises\src\Promise.php(246): GuzzleHttp\Promise\EachPromise->GuzzleHttp\Promise\{closure}(true)
#12 E:\xampp73\htdocs\filecroco\loader\vendor\guzzlehttp\promises\src\Promise.php(223): GuzzleHttp\Promise\Promise->invokeWaitFn()
#13 E:\xampp73\htdocs\filecroco\loader\vendor\guzzlehttp\promises\src\Promise.php(62): GuzzleHttp\Promise\Promise->waitIfPending()
#14 E:\xampp73\htdocs\filecroco\loader\updatedownloadlink.php(95): GuzzleHttp\Promise\Promise->wait()
#15 {main}|1328GuzzleHttp\Exception\RequestException: cURL error 56:  (see http://curl.haxx.se/libcurl/c/libcurl-errors.html) in E:\xampp73\htdocs\filecroco\loader\vendor\guzzlehttp\guzzle\src\Handler\CurlFactory.php:186
Stack trace:
#0 E:\xampp73\htdocs\filecroco\loader\vendor\guzzlehttp\guzzle\src\Handler\CurlFactory.php(149): GuzzleHttp\Handler\CurlFactory::createRejection(Object(GuzzleHttp\Handler\EasyHandle), Array)
#1 E:\xampp73\htdocs\filecroco\loader\vendor\guzzlehttp\guzzle\src\Handler\CurlFactory.php(102): GuzzleHttp\Handler\CurlFactory::finishError(Object(GuzzleHttp\Handler\CurlMultiHandler), Object(GuzzleHttp\Handler\EasyHandle), Object(GuzzleHttp\Handler\CurlFactory))
#2 E:\xampp73\htdocs\filecroco\loader\vendor\guzzlehttp\guzzle\src\Handler\CurlMultiHandler.php(181): GuzzleHttp\Handler\CurlFactory::finish(Object(GuzzleHttp\Handler\CurlMultiHandler), Object(GuzzleHttp\Handler\EasyHandle), Object(GuzzleHttp\Handler\CurlFactory))
#3 E:\xampp73\htdocs\filecroco\loader\vendor\guzzlehttp\guzzle\src\Handler\CurlMultiHandler.php(110): GuzzleHttp\Handler\CurlMultiHandler->processMessages()
#4 E:\xampp73\htdocs\filecroco\loader\vendor\guzzlehttp\guzzle\src\Handler\CurlMultiHandler.php(125): GuzzleHttp\Handler\CurlMultiHandler->tick()
#5 E:\xampp73\htdocs\filecroco\loader\vendor\guzzlehttp\promises\src\Promise.php(246): GuzzleHttp\Handler\CurlMultiHandler->execute(true)
#6 E:\xampp73\htdocs\filecroco\loader\vendor\guzzlehttp\promises\src\Promise.php(223): GuzzleHttp\Promise\Promise->invokeWaitFn()
#7 E:\xampp73\htdocs\filecroco\loader\vendor\guzzlehttp\promises\src\Promise.php(267): GuzzleHttp\Promise\Promise->waitIfPending()
#8 E:\xampp73\htdocs\filecroco\loader\vendor\guzzlehttp\promises\src\Promise.php(225): GuzzleHttp\Promise\Promise->invokeWaitList()
#9 E:\xampp73\htdocs\filecroco\loader\vendor\guzzlehttp\promises\src\Promise.php(62): GuzzleHttp\Promise\Promise->waitIfPending()
#10 E:\xampp73\htdocs\filecroco\loader\vendor\guzzlehttp\promises\src\EachPromise.php(101): GuzzleHttp\Promise\Promise->wait()
#11 E:\xampp73\htdocs\filecroco\loader\vendor\guzzlehttp\promises\src\Promise.php(246): GuzzleHttp\Promise\EachPromise->GuzzleHttp\Promise\{closure}(true)
#12 E:\xampp73\htdocs\filecroco\loader\vendor\guzzlehttp\promises\src\Promise.php(223): GuzzleHttp\Promise\Promise->invokeWaitFn()
#13 E:\xampp73\htdocs\filecroco\loader\vendor\guzzlehttp\promises\src\Promise.php(62): GuzzleHttp\Promise\Promise->waitIfPending()
#14 E:\xampp73\htdocs\filecroco\loader\updatedownloadlink.php(95): GuzzleHttp\Promise\Promise->wait()
#15 {main}|1329GuzzleHttp\Exception\RequestException: cURL error 56:  (see http://curl.haxx.se/libcurl/c/libcurl-errors.html) in E:\xampp73\htdocs\filecroco\loader\vendor\guzzlehttp\guzzle\src\Handler\CurlFactory.php:186
Stack trace:
#0 E:\xampp73\htdocs\filecroco\loader\vendor\guzzlehttp\guzzle\src\Handler\CurlFactory.php(149): GuzzleHttp\Handler\CurlFactory::createRejection(Object(GuzzleHttp\Handler\EasyHandle), Array)
#1 E:\xampp73\htdocs\filecroco\loader\vendor\guzzlehttp\guzzle\src\Handler\CurlFactory.php(102): GuzzleHttp\Handler\CurlFactory::finishError(Object(GuzzleHttp\Handler\CurlMultiHandler), Object(GuzzleHttp\Handler\EasyHandle), Object(GuzzleHttp\Handler\CurlFactory))
#2 E:\xampp73\htdocs\filecroco\loader\vendor\guzzlehttp\guzzle\src\Handler\CurlMultiHandler.php(181): GuzzleHttp\Handler\CurlFactory::finish(Object(GuzzleHttp\Handler\CurlMultiHandler), Object(GuzzleHttp\Handler\EasyHandle), Object(GuzzleHttp\Handler\CurlFactory))
#3 E:\xampp73\htdocs\filecroco\loader\vendor\guzzlehttp\guzzle\src\Handler\CurlMultiHandler.php(110): GuzzleHttp\Handler\CurlMultiHandler->processMessages()
#4 E:\xampp73\htdocs\filecroco\loader\vendor\guzzlehttp\guzzle\src\Handler\CurlMultiHandler.php(125): GuzzleHttp\Handler\CurlMultiHandler->tick()
#5 E:\xampp73\htdocs\filecroco\loader\vendor\guzzlehttp\promises\src\Promise.php(246): GuzzleHttp\Handler\CurlMultiHandler->execute(true)
#6 E:\xampp73\htdocs\filecroco\loader\vendor\guzzlehttp\promises\src\Promise.php(223): GuzzleHttp\Promise\Promise->invokeWaitFn()
#7 E:\xampp73\htdocs\filecroco\loader\vendor\guzzlehttp\promises\src\Promise.php(267): GuzzleHttp\Promise\Promise->waitIfPending()
#8 E:\xampp73\htdocs\filecroco\loader\vendor\guzzlehttp\promises\src\Promise.php(225): GuzzleHttp\Promise\Promise->invokeWaitList()
#9 E:\xampp73\htdocs\filecroco\loader\vendor\guzzlehttp\promises\src\Promise.php(62): GuzzleHttp\Promise\Promise->waitIfPending()
#10 E:\xampp73\htdocs\filecroco\loader\vendor\guzzlehttp\promises\src\EachPromise.php(101): GuzzleHttp\Promise\Promise->wait()
#11 E:\xampp73\htdocs\filecroco\loader\vendor\guzzlehttp\promises\src\Promise.php(246): GuzzleHttp\Promise\EachPromise->GuzzleHttp\Promise\{closure}(true)
#12 E:\xampp73\htdocs\filecroco\loader\vendor\guzzlehttp\promises\src\Promise.php(223): GuzzleHttp\Promise\Promise->invokeWaitFn()
#13 E:\xampp73\htdocs\filecroco\loader\vendor\guzzlehttp\promises\src\Promise.php(62): GuzzleHttp\Promise\Promise->waitIfPending()
#14 E:\xampp73\htdocs\filecroco\loader\updatedownloadlink.php(95): GuzzleHttp\Promise\Promise->wait()
#15 {main}|1330GuzzleHttp\Exception\RequestException: cURL error 56:  (see http://curl.haxx.se/libcurl/c/libcurl-errors.html) in E:\xampp73\htdocs\filecroco\loader\vendor\guzzlehttp\guzzle\src\Handler\CurlFactory.php:186
Stack trace:
#0 E:\xampp73\htdocs\filecroco\loader\vendor\guzzlehttp\guzzle\src\Handler\CurlFactory.php(149): GuzzleHttp\Handler\CurlFactory::createRejection(Object(GuzzleHttp\Handler\EasyHandle), Array)
#1 E:\xampp73\htdocs\filecroco\loader\vendor\guzzlehttp\guzzle\src\Handler\CurlFactory.php(102): GuzzleHttp\Handler\CurlFactory::finishError(Object(GuzzleHttp\Handler\CurlMultiHandler), Object(GuzzleHttp\Handler\EasyHandle), Object(GuzzleHttp\Handler\CurlFactory))
#2 E:\xampp73\htdocs\filecroco\loader\vendor\guzzlehttp\guzzle\src\Handler\CurlMultiHandler.php(181): GuzzleHttp\Handler\CurlFactory::finish(Object(GuzzleHttp\Handler\CurlMultiHandler), Object(GuzzleHttp\Handler\EasyHandle), Object(GuzzleHttp\Handler\CurlFactory))
#3 E:\xampp73\htdocs\filecroco\loader\vendor\guzzlehttp\guzzle\src\Handler\CurlMultiHandler.php(110): GuzzleHttp\Handler\CurlMultiHandler->processMessages()
#4 E:\xampp73\htdocs\filecroco\loader\vendor\guzzlehttp\guzzle\src\Handler\CurlMultiHandler.php(125): GuzzleHttp\Handler\CurlMultiHandler->tick()
#5 E:\xampp73\htdocs\filecroco\loader\vendor\guzzlehttp\promises\src\Promise.php(246): GuzzleHttp\Handler\CurlMultiHandler->execute(true)
#6 E:\xampp73\htdocs\filecroco\loader\vendor\guzzlehttp\promises\src\Promise.php(223): GuzzleHttp\Promise\Promise->invokeWaitFn()
#7 E:\xampp73\htdocs\filecroco\loader\vendor\guzzlehttp\promises\src\Promise.php(267): GuzzleHttp\Promise\Promise->waitIfPending()
#8 E:\xampp73\htdocs\filecroco\loader\vendor\guzzlehttp\promises\src\Promise.php(225): GuzzleHttp\Promise\Promise->invokeWaitList()
#9 E:\xampp73\htdocs\filecroco\loader\vendor\guzzlehttp\promises\src\Promise.php(62): GuzzleHttp\Promise\Promise->waitIfPending()
#10 E:\xampp73\htdocs\filecroco\loader\vendor\guzzlehttp\promises\src\EachPromise.php(101): GuzzleHttp\Promise\Promise->wait()
#11 E:\xampp73\htdocs\filecroco\loader\vendor\guzzlehttp\promises\src\Promise.php(246): GuzzleHttp\Promise\EachPromise->GuzzleHttp\Promise\{closure}(true)
#12 E:\xampp73\htdocs\filecroco\loader\vendor\guzzlehttp\promises\src\Promise.php(223): GuzzleHttp\Promise\Promise->invokeWaitFn()
#13 E:\xampp73\htdocs\filecroco\loader\vendor\guzzlehttp\promises\src\Promise.php(62): GuzzleHttp\Promise\Promise->waitIfPending()
#14 E:\xampp73\htdocs\filecroco\loader\updatedownloadlink.php(95): GuzzleHttp\Promise\Promise->wait()
#15 {main}|1331GuzzleHttp\Exception\RequestException: cURL error 56:  (see http://curl.haxx.se/libcurl/c/libcurl-errors.html) in E:\xampp73\htdocs\filecroco\loader\vendor\guzzlehttp\guzzle\src\Handler\CurlFactory.php:186
Stack trace:
#0 E:\xampp73\htdocs\filecroco\loader\vendor\guzzlehttp\guzzle\src\Handler\CurlFactory.php(149): GuzzleHttp\Handler\CurlFactory::createRejection(Object(GuzzleHttp\Handler\EasyHandle), Array)
#1 E:\xampp73\htdocs\filecroco\loader\vendor\guzzlehttp\guzzle\src\Handler\CurlFactory.php(102): GuzzleHttp\Handler\CurlFactory::finishError(Object(GuzzleHttp\Handler\CurlMultiHandler), Object(GuzzleHttp\Handler\EasyHandle), Object(GuzzleHttp\Handler\CurlFactory))
#2 E:\xampp73\htdocs\filecroco\loader\vendor\guzzlehttp\guzzle\src\Handler\CurlMultiHandler.php(181): GuzzleHttp\Handler\CurlFactory::finish(Object(GuzzleHttp\Handler\CurlMultiHandler), Object(GuzzleHttp\Handler\EasyHandle), Object(GuzzleHttp\Handler\CurlFactory))
#3 E:\xampp73\htdocs\filecroco\loader\vendor\guzzlehttp\guzzle\src\Handler\CurlMultiHandler.php(110): GuzzleHttp\Handler\CurlMultiHandler->processMessages()
#4 E:\xampp73\htdocs\filecroco\loader\vendor\guzzlehttp\guzzle\src\Handler\CurlMultiHandler.php(125): GuzzleHttp\Handler\CurlMultiHandler->tick()
#5 E:\xampp73\htdocs\filecroco\loader\vendor\guzzlehttp\promises\src\Promise.php(246): GuzzleHttp\Handler\CurlMultiHandler->execute(true)
#6 E:\xampp73\htdocs\filecroco\loader\vendor\guzzlehttp\promises\src\Promise.php(223): GuzzleHttp\Promise\Promise->invokeWaitFn()
#7 E:\xampp73\htdocs\filecroco\loader\vendor\guzzlehttp\promises\src\Promise.php(267): GuzzleHttp\Promise\Promise->waitIfPending()
#8 E:\xampp73\htdocs\filecroco\loader\vendor\guzzlehttp\promises\src\Promise.php(225): GuzzleHttp\Promise\Promise->invokeWaitList()
#9 E:\xampp73\htdocs\filecroco\loader\vendor\guzzlehttp\promises\src\Promise.php(62): GuzzleHttp\Promise\Promise->waitIfPending()
#10 E:\xampp73\htdocs\filecroco\loader\vendor\guzzlehttp\promises\src\EachPromise.php(101): GuzzleHttp\Promise\Promise->wait()
#11 E:\xampp73\htdocs\filecroco\loader\vendor\guzzlehttp\promises\src\Promise.php(246): GuzzleHttp\Promise\EachPromise->GuzzleHttp\Promise\{closure}(true)
#12 E:\xampp73\htdocs\filecroco\loader\vendor\guzzlehttp\promises\src\Promise.php(223): GuzzleHttp\Promise\Promise->invokeWaitFn()
#13 E:\xampp73\htdocs\filecroco\loader\vendor\guzzlehttp\promises\src\Promise.php(62): GuzzleHttp\Promise\Promise->waitIfPending()
#14 E:\xampp73\htdocs\filecroco\loader\updatedownloadlink.php(95): GuzzleHttp\Promise\Promise->wait()
#15 {main}|1332GuzzleHttp\Exception\RequestException: cURL error 56:  (see http://curl.haxx.se/libcurl/c/libcurl-errors.html) in E:\xampp73\htdocs\filecroco\loader\vendor\guzzlehttp\guzzle\src\Handler\CurlFactory.php:186
Stack trace:
#0 E:\xampp73\htdocs\filecroco\loader\vendor\guzzlehttp\guzzle\src\Handler\CurlFactory.php(149): GuzzleHttp\Handler\CurlFactory::createRejection(Object(GuzzleHttp\Handler\EasyHandle), Array)
#1 E:\xampp73\htdocs\filecroco\loader\vendor\guzzlehttp\guzzle\src\Handler\CurlFactory.php(102): GuzzleHttp\Handler\CurlFactory::finishError(Object(GuzzleHttp\Handler\CurlMultiHandler), Object(GuzzleHttp\Handler\EasyHandle), Object(GuzzleHttp\Handler\CurlFactory))
#2 E:\xampp73\htdocs\filecroco\loader\vendor\guzzlehttp\guzzle\src\Handler\CurlMultiHandler.php(181): GuzzleHttp\Handler\CurlFactory::finish(Object(GuzzleHttp\Handler\CurlMultiHandler), Object(GuzzleHttp\Handler\EasyHandle), Object(GuzzleHttp\Handler\CurlFactory))
#3 E:\xampp73\htdocs\filecroco\loader\vendor\guzzlehttp\guzzle\src\Handler\CurlMultiHandler.php(110): GuzzleHttp\Handler\CurlMultiHandler->processMessages()
#4 E:\xampp73\htdocs\filecroco\loader\vendor\guzzlehttp\guzzle\src\Handler\CurlMultiHandler.php(125): GuzzleHttp\Handler\CurlMultiHandler->tick()
#5 E:\xampp73\htdocs\filecroco\loader\vendor\guzzlehttp\promises\src\Promise.php(246): GuzzleHttp\Handler\CurlMultiHandler->execute(true)
#6 E:\xampp73\htdocs\filecroco\loader\vendor\guzzlehttp\promises\src\Promise.php(223): GuzzleHttp\Promise\Promise->invokeWaitFn()
#7 E:\xampp73\htdocs\filecroco\loader\vendor\guzzlehttp\promises\src\Promise.php(267): GuzzleHttp\Promise\Promise->waitIfPending()
#8 E:\xampp73\htdocs\filecroco\loader\vendor\guzzlehttp\promises\src\Promise.php(225): GuzzleHttp\Promise\Promise->invokeWaitList()
#9 E:\xampp73\htdocs\filecroco\loader\vendor\guzzlehttp\promises\src\Promise.php(62): GuzzleHttp\Promise\Promise->waitIfPending()
#10 E:\xampp73\htdocs\filecroco\loader\vendor\guzzlehttp\promises\src\EachPromise.php(101): GuzzleHttp\Promise\Promise->wait()
#11 E:\xampp73\htdocs\filecroco\loader\vendor\guzzlehttp\promises\src\Promise.php(246): GuzzleHttp\Promise\EachPromise->GuzzleHttp\Promise\{closure}(true)
#12 E:\xampp73\htdocs\filecroco\loader\vendor\guzzlehttp\promises\src\Promise.php(223): GuzzleHttp\Promise\Promise->invokeWaitFn()
#13 E:\xampp73\htdocs\filecroco\loader\vendor\guzzlehttp\promises\src\Promise.php(62): GuzzleHttp\Promise\Promise->waitIfPending()
#14 E:\xampp73\htdocs\filecroco\loader\updatedownloadlink.php(95): GuzzleHttp\Promise\Promise->wait()
#15 {main}|1333GuzzleHttp\Exception\RequestException: cURL error 56:  (see http://curl.haxx.se/libcurl/c/libcurl-errors.html) in E:\xampp73\htdocs\filecroco\loader\vendor\guzzlehttp\guzzle\src\Handler\CurlFactory.php:186
Stack trace:
#0 E:\xampp73\htdocs\filecroco\loader\vendor\guzzlehttp\guzzle\src\Handler\CurlFactory.php(149): GuzzleHttp\Handler\CurlFactory::createRejection(Object(GuzzleHttp\Handler\EasyHandle), Array)
#1 E:\xampp73\htdocs\filecroco\loader\vendor\guzzlehttp\guzzle\src\Handler\CurlFactory.php(102): GuzzleHttp\Handler\CurlFactory::finishError(Object(GuzzleHttp\Handler\CurlMultiHandler), Object(GuzzleHttp\Handler\EasyHandle), Object(GuzzleHttp\Handler\CurlFactory))
#2 E:\xampp73\htdocs\filecroco\loader\vendor\guzzlehttp\guzzle\src\Handler\CurlMultiHandler.php(181): GuzzleHttp\Handler\CurlFactory::finish(Object(GuzzleHttp\Handler\CurlMultiHandler), Object(GuzzleHttp\Handler\EasyHandle), Object(GuzzleHttp\Handler\CurlFactory))
#3 E:\xampp73\htdocs\filecroco\loader\vendor\guzzlehttp\guzzle\src\Handler\CurlMultiHandler.php(110): GuzzleHttp\Handler\CurlMultiHandler->processMessages()
#4 E:\xampp73\htdocs\filecroco\loader\vendor\guzzlehttp\guzzle\src\Handler\CurlMultiHandler.php(125): GuzzleHttp\Handler\CurlMultiHandler->tick()
#5 E:\xampp73\htdocs\filecroco\loader\vendor\guzzlehttp\promises\src\Promise.php(246): GuzzleHttp\Handler\CurlMultiHandler->execute(true)
#6 E:\xampp73\htdocs\filecroco\loader\vendor\guzzlehttp\promises\src\Promise.php(223): GuzzleHttp\Promise\Promise->invokeWaitFn()
#7 E:\xampp73\htdocs\filecroco\loader\vendor\guzzlehttp\promises\src\Promise.php(267): GuzzleHttp\Promise\Promise->waitIfPending()
#8 E:\xampp73\htdocs\filecroco\loader\vendor\guzzlehttp\promises\src\Promise.php(225): GuzzleHttp\Promise\Promise->invokeWaitList()
#9 E:\xampp73\htdocs\filecroco\loader\vendor\guzzlehttp\promises\src\Promise.php(62): GuzzleHttp\Promise\Promise->waitIfPending()
#10 E:\xampp73\htdocs\filecroco\loader\vendor\guzzlehttp\promises\src\EachPromise.php(101): GuzzleHttp\Promise\Promise->wait()
#11 E:\xampp73\htdocs\filecroco\loader\vendor\guzzlehttp\promises\src\Promise.php(246): GuzzleHttp\Promise\EachPromise->GuzzleHttp\Promise\{closure}(true)
#12 E:\xampp73\htdocs\filecroco\loader\vendor\guzzlehttp\promises\src\Promise.php(223): GuzzleHttp\Promise\Promise->invokeWaitFn()
#13 E:\xampp73\htdocs\filecroco\loader\vendor\guzzlehttp\promises\src\Promise.php(62): GuzzleHttp\Promise\Promise->waitIfPending()
#14 E:\xampp73\htdocs\filecroco\loader\updatedownloadlink.php(95): GuzzleHttp\Promise\Promise->wait()
#15 {main}|1334GuzzleHttp\Exception\RequestException: cURL error 56:  (see http://curl.haxx.se/libcurl/c/libcurl-errors.html) in E:\xampp73\htdocs\filecroco\loader\vendor\guzzlehttp\guzzle\src\Handler\CurlFactory.php:186
Stack trace:
#0 E:\xampp73\htdocs\filecroco\loader\vendor\guzzlehttp\guzzle\src\Handler\CurlFactory.php(149): GuzzleHttp\Handler\CurlFactory::createRejection(Object(GuzzleHttp\Handler\EasyHandle), Array)
#1 E:\xampp73\htdocs\filecroco\loader\vendor\guzzlehttp\guzzle\src\Handler\CurlFactory.php(102): GuzzleHttp\Handler\CurlFactory::finishError(Object(GuzzleHttp\Handler\CurlMultiHandler), Object(GuzzleHttp\Handler\EasyHandle), Object(GuzzleHttp\Handler\CurlFactory))
#2 E:\xampp73\htdocs\filecroco\loader\vendor\guzzlehttp\guzzle\src\Handler\CurlMultiHandler.php(181): GuzzleHttp\Handler\CurlFactory::finish(Object(GuzzleHttp\Handler\CurlMultiHandler), Object(GuzzleHttp\Handler\EasyHandle), Object(GuzzleHttp\Handler\CurlFactory))
#3 E:\xampp73\htdocs\filecroco\loader\vendor\guzzlehttp\guzzle\src\Handler\CurlMultiHandler.php(110): GuzzleHttp\Handler\CurlMultiHandler->processMessages()
#4 E:\xampp73\htdocs\filecroco\loader\vendor\guzzlehttp\guzzle\src\Handler\CurlMultiHandler.php(125): GuzzleHttp\Handler\CurlMultiHandler->tick()
#5 E:\xampp73\htdocs\filecroco\loader\vendor\guzzlehttp\promises\src\Promise.php(246): GuzzleHttp\Handler\CurlMultiHandler->execute(true)
#6 E:\xampp73\htdocs\filecroco\loader\vendor\guzzlehttp\promises\src\Promise.php(223): GuzzleHttp\Promise\Promise->invokeWaitFn()
#7 E:\xampp73\htdocs\filecroco\loader\vendor\guzzlehttp\promises\src\Promise.php(267): GuzzleHttp\Promise\Promise->waitIfPending()
#8 E:\xampp73\htdocs\filecroco\loader\vendor\guzzlehttp\promises\src\Promise.php(225): GuzzleHttp\Promise\Promise->invokeWaitList()
#9 E:\xampp73\htdocs\filecroco\loader\vendor\guzzlehttp\promises\src\Promise.php(62): GuzzleHttp\Promise\Promise->waitIfPending()
#10 E:\xampp73\htdocs\filecroco\loader\vendor\guzzlehttp\promises\src\EachPromise.php(101): GuzzleHttp\Promise\Promise->wait()
#11 E:\xampp73\htdocs\filecroco\loader\vendor\guzzlehttp\promises\src\Promise.php(246): GuzzleHttp\Promise\EachPromise->GuzzleHttp\Promise\{closure}(true)
#12 E:\xampp73\htdocs\filecroco\loader\vendor\guzzlehttp\promises\src\Promise.php(223): GuzzleHttp\Promise\Promise->invokeWaitFn()
#13 E:\xampp73\htdocs\filecroco\loader\vendor\guzzlehttp\promises\src\Promise.php(62): GuzzleHttp\Promise\Promise->waitIfPending()
#14 E:\xampp73\htdocs\filecroco\loader\updatedownloadlink.php(95): GuzzleHttp\Promise\Promise->wait()
#15 {main}|1335GuzzleHttp\Exception\RequestException: cURL error 56:  (see http://curl.haxx.se/libcurl/c/libcurl-errors.html) in E:\xampp73\htdocs\filecroco\loader\vendor\guzzlehttp\guzzle\src\Handler\CurlFactory.php:186
Stack trace:
#0 E:\xampp73\htdocs\filecroco\loader\vendor\guzzlehttp\guzzle\src\Handler\CurlFactory.php(149): GuzzleHttp\Handler\CurlFactory::createRejection(Object(GuzzleHttp\Handler\EasyHandle), Array)
#1 E:\xampp73\htdocs\filecroco\loader\vendor\guzzlehttp\guzzle\src\Handler\CurlFactory.php(102): GuzzleHttp\Handler\CurlFactory::finishError(Object(GuzzleHttp\Handler\CurlMultiHandler), Object(GuzzleHttp\Handler\EasyHandle), Object(GuzzleHttp\Handler\CurlFactory))
#2 E:\xampp73\htdocs\filecroco\loader\vendor\guzzlehttp\guzzle\src\Handler\CurlMultiHandler.php(181): GuzzleHttp\Handler\CurlFactory::finish(Object(GuzzleHttp\Handler\CurlMultiHandler), Object(GuzzleHttp\Handler\EasyHandle), Object(GuzzleHttp\Handler\CurlFactory))
#3 E:\xampp73\htdocs\filecroco\loader\vendor\guzzlehttp\guzzle\src\Handler\CurlMultiHandler.php(110): GuzzleHttp\Handler\CurlMultiHandler->processMessages()
#4 E:\xampp73\htdocs\filecroco\loader\vendor\guzzlehttp\guzzle\src\Handler\CurlMultiHandler.php(125): GuzzleHttp\Handler\CurlMultiHandler->tick()
#5 E:\xampp73\htdocs\filecroco\loader\vendor\guzzlehttp\promises\src\Promise.php(246): GuzzleHttp\Handler\CurlMultiHandler->execute(true)
#6 E:\xampp73\htdocs\filecroco\loader\vendor\guzzlehttp\promises\src\Promise.php(223): GuzzleHttp\Promise\Promise->invokeWaitFn()
#7 E:\xampp73\htdocs\filecroco\loader\vendor\guzzlehttp\promises\src\Promise.php(267): GuzzleHttp\Promise\Promise->waitIfPending()
#8 E:\xampp73\htdocs\filecroco\loader\vendor\guzzlehttp\promises\src\Promise.php(225): GuzzleHttp\Promise\Promise->invokeWaitList()
#9 E:\xampp73\htdocs\filecroco\loader\vendor\guzzlehttp\promises\src\Promise.php(62): GuzzleHttp\Promise\Promise->waitIfPending()
#10 E:\xampp73\htdocs\filecroco\loader\vendor\guzzlehttp\promises\src\EachPromise.php(101): GuzzleHttp\Promise\Promise->wait()
#11 E:\xampp73\htdocs\filecroco\loader\vendor\guzzlehttp\promises\src\Promise.php(246): GuzzleHttp\Promise\EachPromise->GuzzleHttp\Promise\{closure}(true)
#12 E:\xampp73\htdocs\filecroco\loader\vendor\guzzlehttp\promises\src\Promise.php(223): GuzzleHttp\Promise\Promise->invokeWaitFn()
#13 E:\xampp73\htdocs\filecroco\loader\vendor\guzzlehttp\promises\src\Promise.php(62): GuzzleHttp\Promise\Promise->waitIfPending()
#14 E:\xampp73\htdocs\filecroco\loader\updatedownloadlink.php(95): GuzzleHttp\Promise\Promise->wait()
#15 {main}|1336GuzzleHttp\Exception\RequestException: cURL error 56:  (see http://curl.haxx.se/libcurl/c/libcurl-errors.html) in E:\xampp73\htdocs\filecroco\loader\vendor\guzzlehttp\guzzle\src\Handler\CurlFactory.php:186
Stack trace:
#0 E:\xampp73\htdocs\filecroco\loader\vendor\guzzlehttp\guzzle\src\Handler\CurlFactory.php(149): GuzzleHttp\Handler\CurlFactory::createRejection(Object(GuzzleHttp\Handler\EasyHandle), Array)
#1 E:\xampp73\htdocs\filecroco\loader\vendor\guzzlehttp\guzzle\src\Handler\CurlFactory.php(102): GuzzleHttp\Handler\CurlFactory::finishError(Object(GuzzleHttp\Handler\CurlMultiHandler), Object(GuzzleHttp\Handler\EasyHandle), Object(GuzzleHttp\Handler\CurlFactory))
#2 E:\xampp73\htdocs\filecroco\loader\vendor\guzzlehttp\guzzle\src\Handler\CurlMultiHandler.php(181): GuzzleHttp\Handler\CurlFactory::finish(Object(GuzzleHttp\Handler\CurlMultiHandler), Object(GuzzleHttp\Handler\EasyHandle), Object(GuzzleHttp\Handler\CurlFactory))
#3 E:\xampp73\htdocs\filecroco\loader\vendor\guzzlehttp\guzzle\src\Handler\CurlMultiHandler.php(110): GuzzleHttp\Handler\CurlMultiHandler->processMessages()
#4 E:\xampp73\htdocs\filecroco\loader\vendor\guzzlehttp\guzzle\src\Handler\CurlMultiHandler.php(125): GuzzleHttp\Handler\CurlMultiHandler->tick()
#5 E:\xampp73\htdocs\filecroco\loader\vendor\guzzlehttp\promises\src\Promise.php(246): GuzzleHttp\Handler\CurlMultiHandler->execute(true)
#6 E:\xampp73\htdocs\filecroco\loader\vendor\guzzlehttp\promises\src\Promise.php(223): GuzzleHttp\Promise\Promise->invokeWaitFn()
#7 E:\xampp73\htdocs\filecroco\loader\vendor\guzzlehttp\promises\src\Promise.php(267): GuzzleHttp\Promise\Promise->waitIfPending()
#8 E:\xampp73\htdocs\filecroco\loader\vendor\guzzlehttp\promises\src\Promise.php(225): GuzzleHttp\Promise\Promise->invokeWaitList()
#9 E:\xampp73\htdocs\filecroco\loader\vendor\guzzlehttp\promises\src\Promise.php(62): GuzzleHttp\Promise\Promise->waitIfPending()
#10 E:\xampp73\htdocs\filecroco\loader\vendor\guzzlehttp\promises\src\EachPromise.php(101): GuzzleHttp\Promise\Promise->wait()
#11 E:\xampp73\htdocs\filecroco\loader\vendor\guzzlehttp\promises\src\Promise.php(246): GuzzleHttp\Promise\EachPromise->GuzzleHttp\Promise\{closure}(true)
#12 E:\xampp73\htdocs\filecroco\loader\vendor\guzzlehttp\promises\src\Promise.php(223): GuzzleHttp\Promise\Promise->invokeWaitFn()
#13 E:\xampp73\htdocs\filecroco\loader\vendor\guzzlehttp\promises\src\Promise.php(62): GuzzleHttp\Promise\Promise->waitIfPending()
#14 E:\xampp73\htdocs\filecroco\loader\updatedownloadlink.php(95): GuzzleHttp\Promise\Promise->wait()
#15 {main}|1337GuzzleHttp\Exception\RequestException: cURL error 56:  (see http://curl.haxx.se/libcurl/c/libcurl-errors.html) in E:\xampp73\htdocs\filecroco\loader\vendor\guzzlehttp\guzzle\src\Handler\CurlFactory.php:186
Stack trace:
#0 E:\xampp73\htdocs\filecroco\loader\vendor\guzzlehttp\guzzle\src\Handler\CurlFactory.php(149): GuzzleHttp\Handler\CurlFactory::createRejection(Object(GuzzleHttp\Handler\EasyHandle), Array)
#1 E:\xampp73\htdocs\filecroco\loader\vendor\guzzlehttp\guzzle\src\Handler\CurlFactory.php(102): GuzzleHttp\Handler\CurlFactory::finishError(Object(GuzzleHttp\Handler\CurlMultiHandler), Object(GuzzleHttp\Handler\EasyHandle), Object(GuzzleHttp\Handler\CurlFactory))
#2 E:\xampp73\htdocs\filecroco\loader\vendor\guzzlehttp\guzzle\src\Handler\CurlMultiHandler.php(181): GuzzleHttp\Handler\CurlFactory::finish(Object(GuzzleHttp\Handler\CurlMultiHandler), Object(GuzzleHttp\Handler\EasyHandle), Object(GuzzleHttp\Handler\CurlFactory))
#3 E:\xampp73\htdocs\filecroco\loader\vendor\guzzlehttp\guzzle\src\Handler\CurlMultiHandler.php(110): GuzzleHttp\Handler\CurlMultiHandler->processMessages()
#4 E:\xampp73\htdocs\filecroco\loader\vendor\guzzlehttp\guzzle\src\Handler\CurlMultiHandler.php(125): GuzzleHttp\Handler\CurlMultiHandler->tick()
#5 E:\xampp73\htdocs\filecroco\loader\vendor\guzzlehttp\promises\src\Promise.php(246): GuzzleHttp\Handler\CurlMultiHandler->execute(true)
#6 E:\xampp73\htdocs\filecroco\loader\vendor\guzzlehttp\promises\src\Promise.php(223): GuzzleHttp\Promise\Promise->invokeWaitFn()
#7 E:\xampp73\htdocs\filecroco\loader\vendor\guzzlehttp\promises\src\Promise.php(267): GuzzleHttp\Promise\Promise->waitIfPending()
#8 E:\xampp73\htdocs\filecroco\loader\vendor\guzzlehttp\promises\src\Promise.php(225): GuzzleHttp\Promise\Promise->invokeWaitList()
#9 E:\xampp73\htdocs\filecroco\loader\vendor\guzzlehttp\promises\src\Promise.php(62): GuzzleHttp\Promise\Promise->waitIfPending()
#10 E:\xampp73\htdocs\filecroco\loader\vendor\guzzlehttp\promises\src\EachPromise.php(101): GuzzleHttp\Promise\Promise->wait()
#11 E:\xampp73\htdocs\filecroco\loader\vendor\guzzlehttp\promises\src\Promise.php(246): GuzzleHttp\Promise\EachPromise->GuzzleHttp\Promise\{closure}(true)
#12 E:\xampp73\htdocs\filecroco\loader\vendor\guzzlehttp\promises\src\Promise.php(223): GuzzleHttp\Promise\Promise->invokeWaitFn()
#13 E:\xampp73\htdocs\filecroco\loader\vendor\guzzlehttp\promises\src\Promise.php(62): GuzzleHttp\Promise\Promise->waitIfPending()
#14 E:\xampp73\htdocs\filecroco\loader\updatedownloadlink.php(95): GuzzleHttp\Promise\Promise->wait()
#15 {main}|1338GuzzleHttp\Exception\RequestException: cURL error 56:  (see http://curl.haxx.se/libcurl/c/libcurl-errors.html) in E:\xampp73\htdocs\filecroco\loader\vendor\guzzlehttp\guzzle\src\Handler\CurlFactory.php:186
Stack trace:
#0 E:\xampp73\htdocs\filecroco\loader\vendor\guzzlehttp\guzzle\src\Handler\CurlFactory.php(149): GuzzleHttp\Handler\CurlFactory::createRejection(Object(GuzzleHttp\Handler\EasyHandle), Array)
#1 E:\xampp73\htdocs\filecroco\loader\vendor\guzzlehttp\guzzle\src\Handler\CurlFactory.php(102): GuzzleHttp\Handler\CurlFactory::finishError(Object(GuzzleHttp\Handler\CurlMultiHandler), Object(GuzzleHttp\Handler\EasyHandle), Object(GuzzleHttp\Handler\CurlFactory))
#2 E:\xampp73\htdocs\filecroco\loader\vendor\guzzlehttp\guzzle\src\Handler\CurlMultiHandler.php(181): GuzzleHttp\Handler\CurlFactory::finish(Object(GuzzleHttp\Handler\CurlMultiHandler), Object(GuzzleHttp\Handler\EasyHandle), Object(GuzzleHttp\Handler\CurlFactory))
#3 E:\xampp73\htdocs\filecroco\loader\vendor\guzzlehttp\guzzle\src\Handler\CurlMultiHandler.php(110): GuzzleHttp\Handler\CurlMultiHandler->processMessages()
#4 E:\xampp73\htdocs\filecroco\loader\vendor\guzzlehttp\guzzle\src\Handler\CurlMultiHandler.php(125): GuzzleHttp\Handler\CurlMultiHandler->tick()
#5 E:\xampp73\htdocs\filecroco\loader\vendor\guzzlehttp\promises\src\Promise.php(246): GuzzleHttp\Handler\CurlMultiHandler->execute(true)
#6 E:\xampp73\htdocs\filecroco\loader\vendor\guzzlehttp\promises\src\Promise.php(223): GuzzleHttp\Promise\Promise->invokeWaitFn()
#7 E:\xampp73\htdocs\filecroco\loader\vendor\guzzlehttp\promises\src\Promise.php(267): GuzzleHttp\Promise\Promise->waitIfPending()
#8 E:\xampp73\htdocs\filecroco\loader\vendor\guzzlehttp\promises\src\Promise.php(225): GuzzleHttp\Promise\Promise->invokeWaitList()
#9 E:\xampp73\htdocs\filecroco\loader\vendor\guzzlehttp\promises\src\Promise.php(62): GuzzleHttp\Promise\Promise->waitIfPending()
#10 E:\xampp73\htdocs\filecroco\loader\vendor\guzzlehttp\promises\src\EachPromise.php(101): GuzzleHttp\Promise\Promise->wait()
#11 E:\xampp73\htdocs\filecroco\loader\vendor\guzzlehttp\promises\src\Promise.php(246): GuzzleHttp\Promise\EachPromise->GuzzleHttp\Promise\{closure}(true)
#12 E:\xampp73\htdocs\filecroco\loader\vendor\guzzlehttp\promises\src\Promise.php(223): GuzzleHttp\Promise\Promise->invokeWaitFn()
#13 E:\xampp73\htdocs\filecroco\loader\vendor\guzzlehttp\promises\src\Promise.php(62): GuzzleHttp\Promise\Promise->waitIfPending()
#14 E:\xampp73\htdocs\filecroco\loader\updatedownloadlink.php(95): GuzzleHttp\Promise\Promise->wait()
#15 {main}|1339GuzzleHttp\Exception\RequestException: cURL error 56:  (see http://curl.haxx.se/libcurl/c/libcurl-errors.html) in E:\xampp73\htdocs\filecroco\loader\vendor\guzzlehttp\guzzle\src\Handler\CurlFactory.php:186
Stack trace:
#0 E:\xampp73\htdocs\filecroco\loader\vendor\guzzlehttp\guzzle\src\Handler\CurlFactory.php(149): GuzzleHttp\Handler\CurlFactory::createRejection(Object(GuzzleHttp\Handler\EasyHandle), Array)
#1 E:\xampp73\htdocs\filecroco\loader\vendor\guzzlehttp\guzzle\src\Handler\CurlFactory.php(102): GuzzleHttp\Handler\CurlFactory::finishError(Object(GuzzleHttp\Handler\CurlMultiHandler), Object(GuzzleHttp\Handler\EasyHandle), Object(GuzzleHttp\Handler\CurlFactory))
#2 E:\xampp73\htdocs\filecroco\loader\vendor\guzzlehttp\guzzle\src\Handler\CurlMultiHandler.php(181): GuzzleHttp\Handler\CurlFactory::finish(Object(GuzzleHttp\Handler\CurlMultiHandler), Object(GuzzleHttp\Handler\EasyHandle), Object(GuzzleHttp\Handler\CurlFactory))
#3 E:\xampp73\htdocs\filecroco\loader\vendor\guzzlehttp\guzzle\src\Handler\CurlMultiHandler.php(110): GuzzleHttp\Handler\CurlMultiHandler->processMessages()
#4 E:\xampp73\htdocs\filecroco\loader\vendor\guzzlehttp\guzzle\src\Handler\CurlMultiHandler.php(125): GuzzleHttp\Handler\CurlMultiHandler->tick()
#5 E:\xampp73\htdocs\filecroco\loader\vendor\guzzlehttp\promises\src\Promise.php(246): GuzzleHttp\Handler\CurlMultiHandler->execute(true)
#6 E:\xampp73\htdocs\filecroco\loader\vendor\guzzlehttp\promises\src\Promise.php(223): GuzzleHttp\Promise\Promise->invokeWaitFn()
#7 E:\xampp73\htdocs\filecroco\loader\vendor\guzzlehttp\promises\src\Promise.php(267): GuzzleHttp\Promise\Promise->waitIfPending()
#8 E:\xampp73\htdocs\filecroco\loader\vendor\guzzlehttp\promises\src\Promise.php(225): GuzzleHttp\Promise\Promise->invokeWaitList()
#9 E:\xampp73\htdocs\filecroco\loader\vendor\guzzlehttp\promises\src\Promise.php(62): GuzzleHttp\Promise\Promise->waitIfPending()
#10 E:\xampp73\htdocs\filecroco\loader\vendor\guzzlehttp\promises\src\EachPromise.php(101): GuzzleHttp\Promise\Promise->wait()
#11 E:\xampp73\htdocs\filecroco\loader\vendor\guzzlehttp\promises\src\Promise.php(246): GuzzleHttp\Promise\EachPromise->GuzzleHttp\Promise\{closure}(true)
#12 E:\xampp73\htdocs\filecroco\loader\vendor\guzzlehttp\promises\src\Promise.php(223): GuzzleHttp\Promise\Promise->invokeWaitFn()
#13 E:\xampp73\htdocs\filecroco\loader\vendor\guzzlehttp\promises\src\Promise.php(62): GuzzleHttp\Promise\Promise->waitIfPending()
#14 E:\xampp73\htdocs\filecroco\loader\updatedownloadlink.php(95): GuzzleHttp\Promise\Promise->wait()
#15 {main}|1340GuzzleHttp\Exception\RequestException: cURL error 56:  (see http://curl.haxx.se/libcurl/c/libcurl-errors.html) in E:\xampp73\htdocs\filecroco\loader\vendor\guzzlehttp\guzzle\src\Handler\CurlFactory.php:186
Stack trace:
#0 E:\xampp73\htdocs\filecroco\loader\vendor\guzzlehttp\guzzle\src\Handler\CurlFactory.php(149): GuzzleHttp\Handler\CurlFactory::createRejection(Object(GuzzleHttp\Handler\EasyHandle), Array)
#1 E:\xampp73\htdocs\filecroco\loader\vendor\guzzlehttp\guzzle\src\Handler\CurlFactory.php(102): GuzzleHttp\Handler\CurlFactory::finishError(Object(GuzzleHttp\Handler\CurlMultiHandler), Object(GuzzleHttp\Handler\EasyHandle), Object(GuzzleHttp\Handler\CurlFactory))
#2 E:\xampp73\htdocs\filecroco\loader\vendor\guzzlehttp\guzzle\src\Handler\CurlMultiHandler.php(181): GuzzleHttp\Handler\CurlFactory::finish(Object(GuzzleHttp\Handler\CurlMultiHandler), Object(GuzzleHttp\Handler\EasyHandle), Object(GuzzleHttp\Handler\CurlFactory))
#3 E:\xampp73\htdocs\filecroco\loader\vendor\guzzlehttp\guzzle\src\Handler\CurlMultiHandler.php(110): GuzzleHttp\Handler\CurlMultiHandler->processMessages()
#4 E:\xampp73\htdocs\filecroco\loader\vendor\guzzlehttp\guzzle\src\Handler\CurlMultiHandler.php(125): GuzzleHttp\Handler\CurlMultiHandler->tick()
#5 E:\xampp73\htdocs\filecroco\loader\vendor\guzzlehttp\promises\src\Promise.php(246): GuzzleHttp\Handler\CurlMultiHandler->execute(true)
#6 E:\xampp73\htdocs\filecroco\loader\vendor\guzzlehttp\promises\src\Promise.php(223): GuzzleHttp\Promise\Promise->invokeWaitFn()
#7 E:\xampp73\htdocs\filecroco\loader\vendor\guzzlehttp\promises\src\Promise.php(267): GuzzleHttp\Promise\Promise->waitIfPending()
#8 E:\xampp73\htdocs\filecroco\loader\vendor\guzzlehttp\promises\src\Promise.php(225): GuzzleHttp\Promise\Promise->invokeWaitList()
#9 E:\xampp73\htdocs\filecroco\loader\vendor\guzzlehttp\promises\src\Promise.php(62): GuzzleHttp\Promise\Promise->waitIfPending()
#10 E:\xampp73\htdocs\filecroco\loader\vendor\guzzlehttp\promises\src\EachPromise.php(101): GuzzleHttp\Promise\Promise->wait()
#11 E:\xampp73\htdocs\filecroco\loader\vendor\guzzlehttp\promises\src\Promise.php(246): GuzzleHttp\Promise\EachPromise->GuzzleHttp\Promise\{closure}(true)
#12 E:\xampp73\htdocs\filecroco\loader\vendor\guzzlehttp\promises\src\Promise.php(223): GuzzleHttp\Promise\Promise->invokeWaitFn()
#13 E:\xampp73\htdocs\filecroco\loader\vendor\guzzlehttp\promises\src\Promise.php(62): GuzzleHttp\Promise\Promise->waitIfPending()
#14 E:\xampp73\htdocs\filecroco\loader\updatedownloadlink.php(95): GuzzleHttp\Promise\Promise->wait()
#15 {main}|1341GuzzleHttp\Exception\RequestException: cURL error 56:  (see http://curl.haxx.se/libcurl/c/libcurl-errors.html) in E:\xampp73\htdocs\filecroco\loader\vendor\guzzlehttp\guzzle\src\Handler\CurlFactory.php:186
Stack trace:
#0 E:\xampp73\htdocs\filecroco\loader\vendor\guzzlehttp\guzzle\src\Handler\CurlFactory.php(149): GuzzleHttp\Handler\CurlFactory::createRejection(Object(GuzzleHttp\Handler\EasyHandle), Array)
#1 E:\xampp73\htdocs\filecroco\loader\vendor\guzzlehttp\guzzle\src\Handler\CurlFactory.php(102): GuzzleHttp\Handler\CurlFactory::finishError(Object(GuzzleHttp\Handler\CurlMultiHandler), Object(GuzzleHttp\Handler\EasyHandle), Object(GuzzleHttp\Handler\CurlFactory))
#2 E:\xampp73\htdocs\filecroco\loader\vendor\guzzlehttp\guzzle\src\Handler\CurlMultiHandler.php(181): GuzzleHttp\Handler\CurlFactory::finish(Object(GuzzleHttp\Handler\CurlMultiHandler), Object(GuzzleHttp\Handler\EasyHandle), Object(GuzzleHttp\Handler\CurlFactory))
#3 E:\xampp73\htdocs\filecroco\loader\vendor\guzzlehttp\guzzle\src\Handler\CurlMultiHandler.php(110): GuzzleHttp\Handler\CurlMultiHandler->processMessages()
#4 E:\xampp73\htdocs\filecroco\loader\vendor\guzzlehttp\guzzle\src\Handler\CurlMultiHandler.php(125): GuzzleHttp\Handler\CurlMultiHandler->tick()
#5 E:\xampp73\htdocs\filecroco\loader\vendor\guzzlehttp\promises\src\Promise.php(246): GuzzleHttp\Handler\CurlMultiHandler->execute(true)
#6 E:\xampp73\htdocs\filecroco\loader\vendor\guzzlehttp\promises\src\Promise.php(223): GuzzleHttp\Promise\Promise->invokeWaitFn()
#7 E:\xampp73\htdocs\filecroco\loader\vendor\guzzlehttp\promises\src\Promise.php(267): GuzzleHttp\Promise\Promise->waitIfPending()
#8 E:\xampp73\htdocs\filecroco\loader\vendor\guzzlehttp\promises\src\Promise.php(225): GuzzleHttp\Promise\Promise->invokeWaitList()
#9 E:\xampp73\htdocs\filecroco\loader\vendor\guzzlehttp\promises\src\Promise.php(62): GuzzleHttp\Promise\Promise->waitIfPending()
#10 E:\xampp73\htdocs\filecroco\loader\vendor\guzzlehttp\promises\src\EachPromise.php(101): GuzzleHttp\Promise\Promise->wait()
#11 E:\xampp73\htdocs\filecroco\loader\vendor\guzzlehttp\promises\src\Promise.php(246): GuzzleHttp\Promise\EachPromise->GuzzleHttp\Promise\{closure}(true)
#12 E:\xampp73\htdocs\filecroco\loader\vendor\guzzlehttp\promises\src\Promise.php(223): GuzzleHttp\Promise\Promise->invokeWaitFn()
#13 E:\xampp73\htdocs\filecroco\loader\vendor\guzzlehttp\promises\src\Promise.php(62): GuzzleHttp\Promise\Promise->waitIfPending()
#14 E:\xampp73\htdocs\filecroco\loader\updatedownloadlink.php(95): GuzzleHttp\Promise\Promise->wait()
#15 {main}|1342GuzzleHttp\Exception\RequestException: cURL error 56:  (see http://curl.haxx.se/libcurl/c/libcurl-errors.html) in E:\xampp73\htdocs\filecroco\loader\vendor\guzzlehttp\guzzle\src\Handler\CurlFactory.php:186
Stack trace:
#0 E:\xampp73\htdocs\filecroco\loader\vendor\guzzlehttp\guzzle\src\Handler\CurlFactory.php(149): GuzzleHttp\Handler\CurlFactory::createRejection(Object(GuzzleHttp\Handler\EasyHandle), Array)
#1 E:\xampp73\htdocs\filecroco\loader\vendor\guzzlehttp\guzzle\src\Handler\CurlFactory.php(102): GuzzleHttp\Handler\CurlFactory::finishError(Object(GuzzleHttp\Handler\CurlMultiHandler), Object(GuzzleHttp\Handler\EasyHandle), Object(GuzzleHttp\Handler\CurlFactory))
#2 E:\xampp73\htdocs\filecroco\loader\vendor\guzzlehttp\guzzle\src\Handler\CurlMultiHandler.php(181): GuzzleHttp\Handler\CurlFactory::finish(Object(GuzzleHttp\Handler\CurlMultiHandler), Object(GuzzleHttp\Handler\EasyHandle), Object(GuzzleHttp\Handler\CurlFactory))
#3 E:\xampp73\htdocs\filecroco\loader\vendor\guzzlehttp\guzzle\src\Handler\CurlMultiHandler.php(110): GuzzleHttp\Handler\CurlMultiHandler->processMessages()
#4 E:\xampp73\htdocs\filecroco\loader\vendor\guzzlehttp\guzzle\src\Handler\CurlMultiHandler.php(125): GuzzleHttp\Handler\CurlMultiHandler->tick()
#5 E:\xampp73\htdocs\filecroco\loader\vendor\guzzlehttp\promises\src\Promise.php(246): GuzzleHttp\Handler\CurlMultiHandler->execute(true)
#6 E:\xampp73\htdocs\filecroco\loader\vendor\guzzlehttp\promises\src\Promise.php(223): GuzzleHttp\Promise\Promise->invokeWaitFn()
#7 E:\xampp73\htdocs\filecroco\loader\vendor\guzzlehttp\promises\src\Promise.php(267): GuzzleHttp\Promise\Promise->waitIfPending()
#8 E:\xampp73\htdocs\filecroco\loader\vendor\guzzlehttp\promises\src\Promise.php(225): GuzzleHttp\Promise\Promise->invokeWaitList()
#9 E:\xampp73\htdocs\filecroco\loader\vendor\guzzlehttp\promises\src\Promise.php(62): GuzzleHttp\Promise\Promise->waitIfPending()
#10 E:\xampp73\htdocs\filecroco\loader\vendor\guzzlehttp\promises\src\EachPromise.php(101): GuzzleHttp\Promise\Promise->wait()
#11 E:\xampp73\htdocs\filecroco\loader\vendor\guzzlehttp\promises\src\Promise.php(246): GuzzleHttp\Promise\EachPromise->GuzzleHttp\Promise\{closure}(true)
#12 E:\xampp73\htdocs\filecroco\loader\vendor\guzzlehttp\promises\src\Promise.php(223): GuzzleHttp\Promise\Promise->invokeWaitFn()
#13 E:\xampp73\htdocs\filecroco\loader\vendor\guzzlehttp\promises\src\Promise.php(62): GuzzleHttp\Promise\Promise->waitIfPending()
#14 E:\xampp73\htdocs\filecroco\loader\updatedownloadlink.php(95): GuzzleHttp\Promise\Promise->wait()
#15 {main}|1343GuzzleHttp\Exception\RequestException: cURL error 56:  (see http://curl.haxx.se/libcurl/c/libcurl-errors.html) in E:\xampp73\htdocs\filecroco\loader\vendor\guzzlehttp\guzzle\src\Handler\CurlFactory.php:186
Stack trace:
#0 E:\xampp73\htdocs\filecroco\loader\vendor\guzzlehttp\guzzle\src\Handler\CurlFactory.php(149): GuzzleHttp\Handler\CurlFactory::createRejection(Object(GuzzleHttp\Handler\EasyHandle), Array)
#1 E:\xampp73\htdocs\filecroco\loader\vendor\guzzlehttp\guzzle\src\Handler\CurlFactory.php(102): GuzzleHttp\Handler\CurlFactory::finishError(Object(GuzzleHttp\Handler\CurlMultiHandler), Object(GuzzleHttp\Handler\EasyHandle), Object(GuzzleHttp\Handler\CurlFactory))
#2 E:\xampp73\htdocs\filecroco\loader\vendor\guzzlehttp\guzzle\src\Handler\CurlMultiHandler.php(181): GuzzleHttp\Handler\CurlFactory::finish(Object(GuzzleHttp\Handler\CurlMultiHandler), Object(GuzzleHttp\Handler\EasyHandle), Object(GuzzleHttp\Handler\CurlFactory))
#3 E:\xampp73\htdocs\filecroco\loader\vendor\guzzlehttp\guzzle\src\Handler\CurlMultiHandler.php(110): GuzzleHttp\Handler\CurlMultiHandler->processMessages()
#4 E:\xampp73\htdocs\filecroco\loader\vendor\guzzlehttp\guzzle\src\Handler\CurlMultiHandler.php(125): GuzzleHttp\Handler\CurlMultiHandler->tick()
#5 E:\xampp73\htdocs\filecroco\loader\vendor\guzzlehttp\promises\src\Promise.php(246): GuzzleHttp\Handler\CurlMultiHandler->execute(true)
#6 E:\xampp73\htdocs\filecroco\loader\vendor\guzzlehttp\promises\src\Promise.php(223): GuzzleHttp\Promise\Promise->invokeWaitFn()
#7 E:\xampp73\htdocs\filecroco\loader\vendor\guzzlehttp\promises\src\Promise.php(267): GuzzleHttp\Promise\Promise->waitIfPending()
#8 E:\xampp73\htdocs\filecroco\loader\vendor\guzzlehttp\promises\src\Promise.php(225): GuzzleHttp\Promise\Promise->invokeWaitList()
#9 E:\xampp73\htdocs\filecroco\loader\vendor\guzzlehttp\promises\src\Promise.php(62): GuzzleHttp\Promise\Promise->waitIfPending()
#10 E:\xampp73\htdocs\filecroco\loader\vendor\guzzlehttp\promises\src\EachPromise.php(101): GuzzleHttp\Promise\Promise->wait()
#11 E:\xampp73\htdocs\filecroco\loader\vendor\guzzlehttp\promises\src\Promise.php(246): GuzzleHttp\Promise\EachPromise->GuzzleHttp\Promise\{closure}(true)
#12 E:\xampp73\htdocs\filecroco\loader\vendor\guzzlehttp\promises\src\Promise.php(223): GuzzleHttp\Promise\Promise->invokeWaitFn()
#13 E:\xampp73\htdocs\filecroco\loader\vendor\guzzlehttp\promises\src\Promise.php(62): GuzzleHttp\Promise\Promise->waitIfPending()
#14 E:\xampp73\htdocs\filecroco\loader\updatedownloadlink.php(95): GuzzleHttp\Promise\Promise->wait()
#15 {main}|1344GuzzleHttp\Exception\RequestException: cURL error 56:  (see http://curl.haxx.se/libcurl/c/libcurl-errors.html) in E:\xampp73\htdocs\filecroco\loader\vendor\guzzlehttp\guzzle\src\Handler\CurlFactory.php:186
Stack trace:
#0 E:\xampp73\htdocs\filecroco\loader\vendor\guzzlehttp\guzzle\src\Handler\CurlFactory.php(149): GuzzleHttp\Handler\CurlFactory::createRejection(Object(GuzzleHttp\Handler\EasyHandle), Array)
#1 E:\xampp73\htdocs\filecroco\loader\vendor\guzzlehttp\guzzle\src\Handler\CurlFactory.php(102): GuzzleHttp\Handler\CurlFactory::finishError(Object(GuzzleHttp\Handler\CurlMultiHandler), Object(GuzzleHttp\Handler\EasyHandle), Object(GuzzleHttp\Handler\CurlFactory))
#2 E:\xampp73\htdocs\filecroco\loader\vendor\guzzlehttp\guzzle\src\Handler\CurlMultiHandler.php(181): GuzzleHttp\Handler\CurlFactory::finish(Object(GuzzleHttp\Handler\CurlMultiHandler), Object(GuzzleHttp\Handler\EasyHandle), Object(GuzzleHttp\Handler\CurlFactory))
#3 E:\xampp73\htdocs\filecroco\loader\vendor\guzzlehttp\guzzle\src\Handler\CurlMultiHandler.php(110): GuzzleHttp\Handler\CurlMultiHandler->processMessages()
#4 E:\xampp73\htdocs\filecroco\loader\vendor\guzzlehttp\guzzle\src\Handler\CurlMultiHandler.php(125): GuzzleHttp\Handler\CurlMultiHandler->tick()
#5 E:\xampp73\htdocs\filecroco\loader\vendor\guzzlehttp\promises\src\Promise.php(246): GuzzleHttp\Handler\CurlMultiHandler->execute(true)
#6 E:\xampp73\htdocs\filecroco\loader\vendor\guzzlehttp\promises\src\Promise.php(223): GuzzleHttp\Promise\Promise->invokeWaitFn()
#7 E:\xampp73\htdocs\filecroco\loader\vendor\guzzlehttp\promises\src\Promise.php(267): GuzzleHttp\Promise\Promise->waitIfPending()
#8 E:\xampp73\htdocs\filecroco\loader\vendor\guzzlehttp\promises\src\Promise.php(225): GuzzleHttp\Promise\Promise->invokeWaitList()
#9 E:\xampp73\htdocs\filecroco\loader\vendor\guzzlehttp\promises\src\Promise.php(62): GuzzleHttp\Promise\Promise->waitIfPending()
#10 E:\xampp73\htdocs\filecroco\loader\vendor\guzzlehttp\promises\src\EachPromise.php(101): GuzzleHttp\Promise\Promise->wait()
#11 E:\xampp73\htdocs\filecroco\loader\vendor\guzzlehttp\promises\src\Promise.php(246): GuzzleHttp\Promise\EachPromise->GuzzleHttp\Promise\{closure}(true)
#12 E:\xampp73\htdocs\filecroco\loader\vendor\guzzlehttp\promises\src\Promise.php(223): GuzzleHttp\Promise\Promise->invokeWaitFn()
#13 E:\xampp73\htdocs\filecroco\loader\vendor\guzzlehttp\promises\src\Promise.php(62): GuzzleHttp\Promise\Promise->waitIfPending()
#14 E:\xampp73\htdocs\filecroco\loader\updatedownloadlink.php(95): GuzzleHttp\Promise\Promise->wait()
#15 {main}|1345GuzzleHttp\Exception\RequestException: cURL error 56:  (see http://curl.haxx.se/libcurl/c/libcurl-errors.html) in E:\xampp73\htdocs\filecroco\loader\vendor\guzzlehttp\guzzle\src\Handler\CurlFactory.php:186
Stack trace:
#0 E:\xampp73\htdocs\filecroco\loader\vendor\guzzlehttp\guzzle\src\Handler\CurlFactory.php(149): GuzzleHttp\Handler\CurlFactory::createRejection(Object(GuzzleHttp\Handler\EasyHandle), Array)
#1 E:\xampp73\htdocs\filecroco\loader\vendor\guzzlehttp\guzzle\src\Handler\CurlFactory.php(102): GuzzleHttp\Handler\CurlFactory::finishError(Object(GuzzleHttp\Handler\CurlMultiHandler), Object(GuzzleHttp\Handler\EasyHandle), Object(GuzzleHttp\Handler\CurlFactory))
#2 E:\xampp73\htdocs\filecroco\loader\vendor\guzzlehttp\guzzle\src\Handler\CurlMultiHandler.php(181): GuzzleHttp\Handler\CurlFactory::finish(Object(GuzzleHttp\Handler\CurlMultiHandler), Object(GuzzleHttp\Handler\EasyHandle), Object(GuzzleHttp\Handler\CurlFactory))
#3 E:\xampp73\htdocs\filecroco\loader\vendor\guzzlehttp\guzzle\src\Handler\CurlMultiHandler.php(110): GuzzleHttp\Handler\CurlMultiHandler->processMessages()
#4 E:\xampp73\htdocs\filecroco\loader\vendor\guzzlehttp\guzzle\src\Handler\CurlMultiHandler.php(125): GuzzleHttp\Handler\CurlMultiHandler->tick()
#5 E:\xampp73\htdocs\filecroco\loader\vendor\guzzlehttp\promises\src\Promise.php(246): GuzzleHttp\Handler\CurlMultiHandler->execute(true)
#6 E:\xampp73\htdocs\filecroco\loader\vendor\guzzlehttp\promises\src\Promise.php(223): GuzzleHttp\Promise\Promise->invokeWaitFn()
#7 E:\xampp73\htdocs\filecroco\loader\vendor\guzzlehttp\promises\src\Promise.php(267): GuzzleHttp\Promise\Promise->waitIfPending()
#8 E:\xampp73\htdocs\filecroco\loader\vendor\guzzlehttp\promises\src\Promise.php(225): GuzzleHttp\Promise\Promise->invokeWaitList()
#9 E:\xampp73\htdocs\filecroco\loader\vendor\guzzlehttp\promises\src\Promise.php(62): GuzzleHttp\Promise\Promise->waitIfPending()
#10 E:\xampp73\htdocs\filecroco\loader\vendor\guzzlehttp\promises\src\EachPromise.php(101): GuzzleHttp\Promise\Promise->wait()
#11 E:\xampp73\htdocs\filecroco\loader\vendor\guzzlehttp\promises\src\Promise.php(246): GuzzleHttp\Promise\EachPromise->GuzzleHttp\Promise\{closure}(true)
#12 E:\xampp73\htdocs\filecroco\loader\vendor\guzzlehttp\promises\src\Promise.php(223): GuzzleHttp\Promise\Promise->invokeWaitFn()
#13 E:\xampp73\htdocs\filecroco\loader\vendor\guzzlehttp\promises\src\Promise.php(62): GuzzleHttp\Promise\Promise->waitIfPending()
#14 E:\xampp73\htdocs\filecroco\loader\updatedownloadlink.php(95): GuzzleHttp\Promise\Promise->wait()
#15 {main}|1346GuzzleHttp\Exception\RequestException: cURL error 56:  (see http://curl.haxx.se/libcurl/c/libcurl-errors.html) in E:\xampp73\htdocs\filecroco\loader\vendor\guzzlehttp\guzzle\src\Handler\CurlFactory.php:186
Stack trace:
#0 E:\xampp73\htdocs\filecroco\loader\vendor\guzzlehttp\guzzle\src\Handler\CurlFactory.php(149): GuzzleHttp\Handler\CurlFactory::createRejection(Object(GuzzleHttp\Handler\EasyHandle), Array)
#1 E:\xampp73\htdocs\filecroco\loader\vendor\guzzlehttp\guzzle\src\Handler\CurlFactory.php(102): GuzzleHttp\Handler\CurlFactory::finishError(Object(GuzzleHttp\Handler\CurlMultiHandler), Object(GuzzleHttp\Handler\EasyHandle), Object(GuzzleHttp\Handler\CurlFactory))
#2 E:\xampp73\htdocs\filecroco\loader\vendor\guzzlehttp\guzzle\src\Handler\CurlMultiHandler.php(181): GuzzleHttp\Handler\CurlFactory::finish(Object(GuzzleHttp\Handler\CurlMultiHandler), Object(GuzzleHttp\Handler\EasyHandle), Object(GuzzleHttp\Handler\CurlFactory))
#3 E:\xampp73\htdocs\filecroco\loader\vendor\guzzlehttp\guzzle\src\Handler\CurlMultiHandler.php(110): GuzzleHttp\Handler\CurlMultiHandler->processMessages()
#4 E:\xampp73\htdocs\filecroco\loader\vendor\guzzlehttp\guzzle\src\Handler\CurlMultiHandler.php(125): GuzzleHttp\Handler\CurlMultiHandler->tick()
#5 E:\xampp73\htdocs\filecroco\loader\vendor\guzzlehttp\promises\src\Promise.php(246): GuzzleHttp\Handler\CurlMultiHandler->execute(true)
#6 E:\xampp73\htdocs\filecroco\loader\vendor\guzzlehttp\promises\src\Promise.php(223): GuzzleHttp\Promise\Promise->invokeWaitFn()
#7 E:\xampp73\htdocs\filecroco\loader\vendor\guzzlehttp\promises\src\Promise.php(267): GuzzleHttp\Promise\Promise->waitIfPending()
#8 E:\xampp73\htdocs\filecroco\loader\vendor\guzzlehttp\promises\src\Promise.php(225): GuzzleHttp\Promise\Promise->invokeWaitList()
#9 E:\xampp73\htdocs\filecroco\loader\vendor\guzzlehttp\promises\src\Promise.php(62): GuzzleHttp\Promise\Promise->waitIfPending()
#10 E:\xampp73\htdocs\filecroco\loader\vendor\guzzlehttp\promises\src\EachPromise.php(101): GuzzleHttp\Promise\Promise->wait()
#11 E:\xampp73\htdocs\filecroco\loader\vendor\guzzlehttp\promises\src\Promise.php(246): GuzzleHttp\Promise\EachPromise->GuzzleHttp\Promise\{closure}(true)
#12 E:\xampp73\htdocs\filecroco\loader\vendor\guzzlehttp\promises\src\Promise.php(223): GuzzleHttp\Promise\Promise->invokeWaitFn()
#13 E:\xampp73\htdocs\filecroco\loader\vendor\guzzlehttp\promises\src\Promise.php(62): GuzzleHttp\Promise\Promise->waitIfPending()
#14 E:\xampp73\htdocs\filecroco\loader\updatedownloadlink.php(95): GuzzleHttp\Promise\Promise->wait()
#15 {main}|1347GuzzleHttp\Exception\RequestException: cURL error 56:  (see http://curl.haxx.se/libcurl/c/libcurl-errors.html) in E:\xampp73\htdocs\filecroco\loader\vendor\guzzlehttp\guzzle\src\Handler\CurlFactory.php:186
Stack trace:
#0 E:\xampp73\htdocs\filecroco\loader\vendor\guzzlehttp\guzzle\src\Handler\CurlFactory.php(149): GuzzleHttp\Handler\CurlFactory::createRejection(Object(GuzzleHttp\Handler\EasyHandle), Array)
#1 E:\xampp73\htdocs\filecroco\loader\vendor\guzzlehttp\guzzle\src\Handler\CurlFactory.php(102): GuzzleHttp\Handler\CurlFactory::finishError(Object(GuzzleHttp\Handler\CurlMultiHandler), Object(GuzzleHttp\Handler\EasyHandle), Object(GuzzleHttp\Handler\CurlFactory))
#2 E:\xampp73\htdocs\filecroco\loader\vendor\guzzlehttp\guzzle\src\Handler\CurlMultiHandler.php(181): GuzzleHttp\Handler\CurlFactory::finish(Object(GuzzleHttp\Handler\CurlMultiHandler), Object(GuzzleHttp\Handler\EasyHandle), Object(GuzzleHttp\Handler\CurlFactory))
#3 E:\xampp73\htdocs\filecroco\loader\vendor\guzzlehttp\guzzle\src\Handler\CurlMultiHandler.php(110): GuzzleHttp\Handler\CurlMultiHandler->processMessages()
#4 E:\xampp73\htdocs\filecroco\loader\vendor\guzzlehttp\guzzle\src\Handler\CurlMultiHandler.php(125): GuzzleHttp\Handler\CurlMultiHandler->tick()
#5 E:\xampp73\htdocs\filecroco\loader\vendor\guzzlehttp\promises\src\Promise.php(246): GuzzleHttp\Handler\CurlMultiHandler->execute(true)
#6 E:\xampp73\htdocs\filecroco\loader\vendor\guzzlehttp\promises\src\Promise.php(223): GuzzleHttp\Promise\Promise->invokeWaitFn()
#7 E:\xampp73\htdocs\filecroco\loader\vendor\guzzlehttp\promises\src\Promise.php(267): GuzzleHttp\Promise\Promise->waitIfPending()
#8 E:\xampp73\htdocs\filecroco\loader\vendor\guzzlehttp\promises\src\Promise.php(225): GuzzleHttp\Promise\Promise->invokeWaitList()
#9 E:\xampp73\htdocs\filecroco\loader\vendor\guzzlehttp\promises\src\Promise.php(62): GuzzleHttp\Promise\Promise->waitIfPending()
#10 E:\xampp73\htdocs\filecroco\loader\vendor\guzzlehttp\promises\src\EachPromise.php(101): GuzzleHttp\Promise\Promise->wait()
#11 E:\xampp73\htdocs\filecroco\loader\vendor\guzzlehttp\promises\src\Promise.php(246): GuzzleHttp\Promise\EachPromise->GuzzleHttp\Promise\{closure}(true)
#12 E:\xampp73\htdocs\filecroco\loader\vendor\guzzlehttp\promises\src\Promise.php(223): GuzzleHttp\Promise\Promise->invokeWaitFn()
#13 E:\xampp73\htdocs\filecroco\loader\vendor\guzzlehttp\promises\src\Promise.php(62): GuzzleHttp\Promise\Promise->waitIfPending()
#14 E:\xampp73\htdocs\filecroco\loader\updatedownloadlink.php(95): GuzzleHttp\Promise\Promise->wait()
#15 {main}|1348GuzzleHttp\Exception\RequestException: cURL error 56:  (see http://curl.haxx.se/libcurl/c/libcurl-errors.html) in E:\xampp73\htdocs\filecroco\loader\vendor\guzzlehttp\guzzle\src\Handler\CurlFactory.php:186
Stack trace:
#0 E:\xampp73\htdocs\filecroco\loader\vendor\guzzlehttp\guzzle\src\Handler\CurlFactory.php(149): GuzzleHttp\Handler\CurlFactory::createRejection(Object(GuzzleHttp\Handler\EasyHandle), Array)
#1 E:\xampp73\htdocs\filecroco\loader\vendor\guzzlehttp\guzzle\src\Handler\CurlFactory.php(102): GuzzleHttp\Handler\CurlFactory::finishError(Object(GuzzleHttp\Handler\CurlMultiHandler), Object(GuzzleHttp\Handler\EasyHandle), Object(GuzzleHttp\Handler\CurlFactory))
#2 E:\xampp73\htdocs\filecroco\loader\vendor\guzzlehttp\guzzle\src\Handler\CurlMultiHandler.php(181): GuzzleHttp\Handler\CurlFactory::finish(Object(GuzzleHttp\Handler\CurlMultiHandler), Object(GuzzleHttp\Handler\EasyHandle), Object(GuzzleHttp\Handler\CurlFactory))
#3 E:\xampp73\htdocs\filecroco\loader\vendor\guzzlehttp\guzzle\src\Handler\CurlMultiHandler.php(110): GuzzleHttp\Handler\CurlMultiHandler->processMessages()
#4 E:\xampp73\htdocs\filecroco\loader\vendor\guzzlehttp\guzzle\src\Handler\CurlMultiHandler.php(125): GuzzleHttp\Handler\CurlMultiHandler->tick()
#5 E:\xampp73\htdocs\filecroco\loader\vendor\guzzlehttp\promises\src\Promise.php(246): GuzzleHttp\Handler\CurlMultiHandler->execute(true)
#6 E:\xampp73\htdocs\filecroco\loader\vendor\guzzlehttp\promises\src\Promise.php(223): GuzzleHttp\Promise\Promise->invokeWaitFn()
#7 E:\xampp73\htdocs\filecroco\loader\vendor\guzzlehttp\promises\src\Promise.php(267): GuzzleHttp\Promise\Promise->waitIfPending()
#8 E:\xampp73\htdocs\filecroco\loader\vendor\guzzlehttp\promises\src\Promise.php(225): GuzzleHttp\Promise\Promise->invokeWaitList()
#9 E:\xampp73\htdocs\filecroco\loader\vendor\guzzlehttp\promises\src\Promise.php(62): GuzzleHttp\Promise\Promise->waitIfPending()
#10 E:\xampp73\htdocs\filecroco\loader\vendor\guzzlehttp\promises\src\EachPromise.php(101): GuzzleHttp\Promise\Promise->wait()
#11 E:\xampp73\htdocs\filecroco\loader\vendor\guzzlehttp\promises\src\Promise.php(246): GuzzleHttp\Promise\EachPromise->GuzzleHttp\Promise\{closure}(true)
#12 E:\xampp73\htdocs\filecroco\loader\vendor\guzzlehttp\promises\src\Promise.php(223): GuzzleHttp\Promise\Promise->invokeWaitFn()
#13 E:\xampp73\htdocs\filecroco\loader\vendor\guzzlehttp\promises\src\Promise.php(62): GuzzleHttp\Promise\Promise->waitIfPending()
#14 E:\xampp73\htdocs\filecroco\loader\updatedownloadlink.php(95): GuzzleHttp\Promise\Promise->wait()
#15 {main}|1349GuzzleHttp\Exception\RequestException: cURL error 56:  (see http://curl.haxx.se/libcurl/c/libcurl-errors.html) in E:\xampp73\htdocs\filecroco\loader\vendor\guzzlehttp\guzzle\src\Handler\CurlFactory.php:186
Stack trace:
#0 E:\xampp73\htdocs\filecroco\loader\vendor\guzzlehttp\guzzle\src\Handler\CurlFactory.php(149): GuzzleHttp\Handler\CurlFactory::createRejection(Object(GuzzleHttp\Handler\EasyHandle), Array)
#1 E:\xampp73\htdocs\filecroco\loader\vendor\guzzlehttp\guzzle\src\Handler\CurlFactory.php(102): GuzzleHttp\Handler\CurlFactory::finishError(Object(GuzzleHttp\Handler\CurlMultiHandler), Object(GuzzleHttp\Handler\EasyHandle), Object(GuzzleHttp\Handler\CurlFactory))
#2 E:\xampp73\htdocs\filecroco\loader\vendor\guzzlehttp\guzzle\src\Handler\CurlMultiHandler.php(181): GuzzleHttp\Handler\CurlFactory::finish(Object(GuzzleHttp\Handler\CurlMultiHandler), Object(GuzzleHttp\Handler\EasyHandle), Object(GuzzleHttp\Handler\CurlFactory))
#3 E:\xampp73\htdocs\filecroco\loader\vendor\guzzlehttp\guzzle\src\Handler\CurlMultiHandler.php(110): GuzzleHttp\Handler\CurlMultiHandler->processMessages()
#4 E:\xampp73\htdocs\filecroco\loader\vendor\guzzlehttp\guzzle\src\Handler\CurlMultiHandler.php(125): GuzzleHttp\Handler\CurlMultiHandler->tick()
#5 E:\xampp73\htdocs\filecroco\loader\vendor\guzzlehttp\promises\src\Promise.php(246): GuzzleHttp\Handler\CurlMultiHandler->execute(true)
#6 E:\xampp73\htdocs\filecroco\loader\vendor\guzzlehttp\promises\src\Promise.php(223): GuzzleHttp\Promise\Promise->invokeWaitFn()
#7 E:\xampp73\htdocs\filecroco\loader\vendor\guzzlehttp\promises\src\Promise.php(267): GuzzleHttp\Promise\Promise->waitIfPending()
#8 E:\xampp73\htdocs\filecroco\loader\vendor\guzzlehttp\promises\src\Promise.php(225): GuzzleHttp\Promise\Promise->invokeWaitList()
#9 E:\xampp73\htdocs\filecroco\loader\vendor\guzzlehttp\promises\src\Promise.php(62): GuzzleHttp\Promise\Promise->waitIfPending()
#10 E:\xampp73\htdocs\filecroco\loader\vendor\guzzlehttp\promises\src\EachPromise.php(101): GuzzleHttp\Promise\Promise->wait()
#11 E:\xampp73\htdocs\filecroco\loader\vendor\guzzlehttp\promises\src\Promise.php(246): GuzzleHttp\Promise\EachPromise->GuzzleHttp\Promise\{closure}(true)
#12 E:\xampp73\htdocs\filecroco\loader\vendor\guzzlehttp\promises\src\Promise.php(223): GuzzleHttp\Promise\Promise->invokeWaitFn()
#13 E:\xampp73\htdocs\filecroco\loader\vendor\guzzlehttp\promises\src\Promise.php(62): GuzzleHttp\Promise\Promise->waitIfPending()
#14 E:\xampp73\htdocs\filecroco\loader\updatedownloadlink.php(95): GuzzleHttp\Promise\Promise->wait()
#15 {main}|1350GuzzleHttp\Exception\RequestException: cURL error 56:  (see http://curl.haxx.se/libcurl/c/libcurl-errors.html) in E:\xampp73\htdocs\filecroco\loader\vendor\guzzlehttp\guzzle\src\Handler\CurlFactory.php:186
Stack trace:
#0 E:\xampp73\htdocs\filecroco\loader\vendor\guzzlehttp\guzzle\src\Handler\CurlFactory.php(149): GuzzleHttp\Handler\CurlFactory::createRejection(Object(GuzzleHttp\Handler\EasyHandle), Array)
#1 E:\xampp73\htdocs\filecroco\loader\vendor\guzzlehttp\guzzle\src\Handler\CurlFactory.php(102): GuzzleHttp\Handler\CurlFactory::finishError(Object(GuzzleHttp\Handler\CurlMultiHandler), Object(GuzzleHttp\Handler\EasyHandle), Object(GuzzleHttp\Handler\CurlFactory))
#2 E:\xampp73\htdocs\filecroco\loader\vendor\guzzlehttp\guzzle\src\Handler\CurlMultiHandler.php(181): GuzzleHttp\Handler\CurlFactory::finish(Object(GuzzleHttp\Handler\CurlMultiHandler), Object(GuzzleHttp\Handler\EasyHandle), Object(GuzzleHttp\Handler\CurlFactory))
#3 E:\xampp73\htdocs\filecroco\loader\vendor\guzzlehttp\guzzle\src\Handler\CurlMultiHandler.php(110): GuzzleHttp\Handler\CurlMultiHandler->processMessages()
#4 E:\xampp73\htdocs\filecroco\loader\vendor\guzzlehttp\guzzle\src\Handler\CurlMultiHandler.php(125): GuzzleHttp\Handler\CurlMultiHandler->tick()
#5 E:\xampp73\htdocs\filecroco\loader\vendor\guzzlehttp\promises\src\Promise.php(246): GuzzleHttp\Handler\CurlMultiHandler->execute(true)
#6 E:\xampp73\htdocs\filecroco\loader\vendor\guzzlehttp\promises\src\Promise.php(223): GuzzleHttp\Promise\Promise->invokeWaitFn()
#7 E:\xampp73\htdocs\filecroco\loader\vendor\guzzlehttp\promises\src\Promise.php(267): GuzzleHttp\Promise\Promise->waitIfPending()
#8 E:\xampp73\htdocs\filecroco\loader\vendor\guzzlehttp\promises\src\Promise.php(225): GuzzleHttp\Promise\Promise->invokeWaitList()
#9 E:\xampp73\htdocs\filecroco\loader\vendor\guzzlehttp\promises\src\Promise.php(62): GuzzleHttp\Promise\Promise->waitIfPending()
#10 E:\xampp73\htdocs\filecroco\loader\vendor\guzzlehttp\promises\src\EachPromise.php(101): GuzzleHttp\Promise\Promise->wait()
#11 E:\xampp73\htdocs\filecroco\loader\vendor\guzzlehttp\promises\src\Promise.php(246): GuzzleHttp\Promise\EachPromise->GuzzleHttp\Promise\{closure}(true)
#12 E:\xampp73\htdocs\filecroco\loader\vendor\guzzlehttp\promises\src\Promise.php(223): GuzzleHttp\Promise\Promise->invokeWaitFn()
#13 E:\xampp73\htdocs\filecroco\loader\vendor\guzzlehttp\promises\src\Promise.php(62): GuzzleHttp\Promise\Promise->waitIfPending()
#14 E:\xampp73\htdocs\filecroco\loader\updatedownloadlink.php(95): GuzzleHttp\Promise\Promise->wait()
#15 {main}|1351GuzzleHttp\Exception\RequestException: cURL error 56:  (see http://curl.haxx.se/libcurl/c/libcurl-errors.html) in E:\xampp73\htdocs\filecroco\loader\vendor\guzzlehttp\guzzle\src\Handler\CurlFactory.php:186
Stack trace:
#0 E:\xampp73\htdocs\filecroco\loader\vendor\guzzlehttp\guzzle\src\Handler\CurlFactory.php(149): GuzzleHttp\Handler\CurlFactory::createRejection(Object(GuzzleHttp\Handler\EasyHandle), Array)
#1 E:\xampp73\htdocs\filecroco\loader\vendor\guzzlehttp\guzzle\src\Handler\CurlFactory.php(102): GuzzleHttp\Handler\CurlFactory::finishError(Object(GuzzleHttp\Handler\CurlMultiHandler), Object(GuzzleHttp\Handler\EasyHandle), Object(GuzzleHttp\Handler\CurlFactory))
#2 E:\xampp73\htdocs\filecroco\loader\vendor\guzzlehttp\guzzle\src\Handler\CurlMultiHandler.php(181): GuzzleHttp\Handler\CurlFactory::finish(Object(GuzzleHttp\Handler\CurlMultiHandler), Object(GuzzleHttp\Handler\EasyHandle), Object(GuzzleHttp\Handler\CurlFactory))
#3 E:\xampp73\htdocs\filecroco\loader\vendor\guzzlehttp\guzzle\src\Handler\CurlMultiHandler.php(110): GuzzleHttp\Handler\CurlMultiHandler->processMessages()
#4 E:\xampp73\htdocs\filecroco\loader\vendor\guzzlehttp\guzzle\src\Handler\CurlMultiHandler.php(125): GuzzleHttp\Handler\CurlMultiHandler->tick()
#5 E:\xampp73\htdocs\filecroco\loader\vendor\guzzlehttp\promises\src\Promise.php(246): GuzzleHttp\Handler\CurlMultiHandler->execute(true)
#6 E:\xampp73\htdocs\filecroco\loader\vendor\guzzlehttp\promises\src\Promise.php(223): GuzzleHttp\Promise\Promise->invokeWaitFn()
#7 E:\xampp73\htdocs\filecroco\loader\vendor\guzzlehttp\promises\src\Promise.php(267): GuzzleHttp\Promise\Promise->waitIfPending()
#8 E:\xampp73\htdocs\filecroco\loader\vendor\guzzlehttp\promises\src\Promise.php(225): GuzzleHttp\Promise\Promise->invokeWaitList()
#9 E:\xampp73\htdocs\filecroco\loader\vendor\guzzlehttp\promises\src\Promise.php(62): GuzzleHttp\Promise\Promise->waitIfPending()
#10 E:\xampp73\htdocs\filecroco\loader\vendor\guzzlehttp\promises\src\EachPromise.php(101): GuzzleHttp\Promise\Promise->wait()
#11 E:\xampp73\htdocs\filecroco\loader\vendor\guzzlehttp\promises\src\Promise.php(246): GuzzleHttp\Promise\EachPromise->GuzzleHttp\Promise\{closure}(true)
#12 E:\xampp73\htdocs\filecroco\loader\vendor\guzzlehttp\promises\src\Promise.php(223): GuzzleHttp\Promise\Promise->invokeWaitFn()
#13 E:\xampp73\htdocs\filecroco\loader\vendor\guzzlehttp\promises\src\Promise.php(62): GuzzleHttp\Promise\Promise->waitIfPending()
#14 E:\xampp73\htdocs\filecroco\loader\updatedownloadlink.php(95): GuzzleHttp\Promise\Promise->wait()
#15 {main}|1352GuzzleHttp\Exception\RequestException: cURL error 56:  (see http://curl.haxx.se/libcurl/c/libcurl-errors.html) in E:\xampp73\htdocs\filecroco\loader\vendor\guzzlehttp\guzzle\src\Handler\CurlFactory.php:186
Stack trace:
#0 E:\xampp73\htdocs\filecroco\loader\vendor\guzzlehttp\guzzle\src\Handler\CurlFactory.php(149): GuzzleHttp\Handler\CurlFactory::createRejection(Object(GuzzleHttp\Handler\EasyHandle), Array)
#1 E:\xampp73\htdocs\filecroco\loader\vendor\guzzlehttp\guzzle\src\Handler\CurlFactory.php(102): GuzzleHttp\Handler\CurlFactory::finishError(Object(GuzzleHttp\Handler\CurlMultiHandler), Object(GuzzleHttp\Handler\EasyHandle), Object(GuzzleHttp\Handler\CurlFactory))
#2 E:\xampp73\htdocs\filecroco\loader\vendor\guzzlehttp\guzzle\src\Handler\CurlMultiHandler.php(181): GuzzleHttp\Handler\CurlFactory::finish(Object(GuzzleHttp\Handler\CurlMultiHandler), Object(GuzzleHttp\Handler\EasyHandle), Object(GuzzleHttp\Handler\CurlFactory))
#3 E:\xampp73\htdocs\filecroco\loader\vendor\guzzlehttp\guzzle\src\Handler\CurlMultiHandler.php(110): GuzzleHttp\Handler\CurlMultiHandler->processMessages()
#4 E:\xampp73\htdocs\filecroco\loader\vendor\guzzlehttp\guzzle\src\Handler\CurlMultiHandler.php(125): GuzzleHttp\Handler\CurlMultiHandler->tick()
#5 E:\xampp73\htdocs\filecroco\loader\vendor\guzzlehttp\promises\src\Promise.php(246): GuzzleHttp\Handler\CurlMultiHandler->execute(true)
#6 E:\xampp73\htdocs\filecroco\loader\vendor\guzzlehttp\promises\src\Promise.php(223): GuzzleHttp\Promise\Promise->invokeWaitFn()
#7 E:\xampp73\htdocs\filecroco\loader\vendor\guzzlehttp\promises\src\Promise.php(267): GuzzleHttp\Promise\Promise->waitIfPending()
#8 E:\xampp73\htdocs\filecroco\loader\vendor\guzzlehttp\promises\src\Promise.php(225): GuzzleHttp\Promise\Promise->invokeWaitList()
#9 E:\xampp73\htdocs\filecroco\loader\vendor\guzzlehttp\promises\src\Promise.php(62): GuzzleHttp\Promise\Promise->waitIfPending()
#10 E:\xampp73\htdocs\filecroco\loader\vendor\guzzlehttp\promises\src\EachPromise.php(101): GuzzleHttp\Promise\Promise->wait()
#11 E:\xampp73\htdocs\filecroco\loader\vendor\guzzlehttp\promises\src\Promise.php(246): GuzzleHttp\Promise\EachPromise->GuzzleHttp\Promise\{closure}(true)
#12 E:\xampp73\htdocs\filecroco\loader\vendor\guzzlehttp\promises\src\Promise.php(223): GuzzleHttp\Promise\Promise->invokeWaitFn()
#13 E:\xampp73\htdocs\filecroco\loader\vendor\guzzlehttp\promises\src\Promise.php(62): GuzzleHttp\Promise\Promise->waitIfPending()
#14 E:\xampp73\htdocs\filecroco\loader\updatedownloadlink.php(95): GuzzleHttp\Promise\Promise->wait()
#15 {main}|1353GuzzleHttp\Exception\RequestException: cURL error 56:  (see http://curl.haxx.se/libcurl/c/libcurl-errors.html) in E:\xampp73\htdocs\filecroco\loader\vendor\guzzlehttp\guzzle\src\Handler\CurlFactory.php:186
Stack trace:
#0 E:\xampp73\htdocs\filecroco\loader\vendor\guzzlehttp\guzzle\src\Handler\CurlFactory.php(149): GuzzleHttp\Handler\CurlFactory::createRejection(Object(GuzzleHttp\Handler\EasyHandle), Array)
#1 E:\xampp73\htdocs\filecroco\loader\vendor\guzzlehttp\guzzle\src\Handler\CurlFactory.php(102): GuzzleHttp\Handler\CurlFactory::finishError(Object(GuzzleHttp\Handler\CurlMultiHandler), Object(GuzzleHttp\Handler\EasyHandle), Object(GuzzleHttp\Handler\CurlFactory))
#2 E:\xampp73\htdocs\filecroco\loader\vendor\guzzlehttp\guzzle\src\Handler\CurlMultiHandler.php(181): GuzzleHttp\Handler\CurlFactory::finish(Object(GuzzleHttp\Handler\CurlMultiHandler), Object(GuzzleHttp\Handler\EasyHandle), Object(GuzzleHttp\Handler\CurlFactory))
#3 E:\xampp73\htdocs\filecroco\loader\vendor\guzzlehttp\guzzle\src\Handler\CurlMultiHandler.php(110): GuzzleHttp\Handler\CurlMultiHandler->processMessages()
#4 E:\xampp73\htdocs\filecroco\loader\vendor\guzzlehttp\guzzle\src\Handler\CurlMultiHandler.php(125): GuzzleHttp\Handler\CurlMultiHandler->tick()
#5 E:\xampp73\htdocs\filecroco\loader\vendor\guzzlehttp\promises\src\Promise.php(246): GuzzleHttp\Handler\CurlMultiHandler->execute(true)
#6 E:\xampp73\htdocs\filecroco\loader\vendor\guzzlehttp\promises\src\Promise.php(223): GuzzleHttp\Promise\Promise->invokeWaitFn()
#7 E:\xampp73\htdocs\filecroco\loader\vendor\guzzlehttp\promises\src\Promise.php(267): GuzzleHttp\Promise\Promise->waitIfPending()
#8 E:\xampp73\htdocs\filecroco\loader\vendor\guzzlehttp\promises\src\Promise.php(225): GuzzleHttp\Promise\Promise->invokeWaitList()
#9 E:\xampp73\htdocs\filecroco\loader\vendor\guzzlehttp\promises\src\Promise.php(62): GuzzleHttp\Promise\Promise->waitIfPending()
#10 E:\xampp73\htdocs\filecroco\loader\vendor\guzzlehttp\promises\src\EachPromise.php(101): GuzzleHttp\Promise\Promise->wait()
#11 E:\xampp73\htdocs\filecroco\loader\vendor\guzzlehttp\promises\src\Promise.php(246): GuzzleHttp\Promise\EachPromise->GuzzleHttp\Promise\{closure}(true)
#12 E:\xampp73\htdocs\filecroco\loader\vendor\guzzlehttp\promises\src\Promise.php(223): GuzzleHttp\Promise\Promise->invokeWaitFn()
#13 E:\xampp73\htdocs\filecroco\loader\vendor\guzzlehttp\promises\src\Promise.php(62): GuzzleHttp\Promise\Promise->waitIfPending()
#14 E:\xampp73\htdocs\filecroco\loader\updatedownloadlink.php(95): GuzzleHttp\Promise\Promise->wait()
#15 {main}|1354GuzzleHttp\Exception\RequestException: cURL error 56:  (see http://curl.haxx.se/libcurl/c/libcurl-errors.html) in E:\xampp73\htdocs\filecroco\loader\vendor\guzzlehttp\guzzle\src\Handler\CurlFactory.php:186
Stack trace:
#0 E:\xampp73\htdocs\filecroco\loader\vendor\guzzlehttp\guzzle\src\Handler\CurlFactory.php(149): GuzzleHttp\Handler\CurlFactory::createRejection(Object(GuzzleHttp\Handler\EasyHandle), Array)
#1 E:\xampp73\htdocs\filecroco\loader\vendor\guzzlehttp\guzzle\src\Handler\CurlFactory.php(102): GuzzleHttp\Handler\CurlFactory::finishError(Object(GuzzleHttp\Handler\CurlMultiHandler), Object(GuzzleHttp\Handler\EasyHandle), Object(GuzzleHttp\Handler\CurlFactory))
#2 E:\xampp73\htdocs\filecroco\loader\vendor\guzzlehttp\guzzle\src\Handler\CurlMultiHandler.php(181): GuzzleHttp\Handler\CurlFactory::finish(Object(GuzzleHttp\Handler\CurlMultiHandler), Object(GuzzleHttp\Handler\EasyHandle), Object(GuzzleHttp\Handler\CurlFactory))
#3 E:\xampp73\htdocs\filecroco\loader\vendor\guzzlehttp\guzzle\src\Handler\CurlMultiHandler.php(110): GuzzleHttp\Handler\CurlMultiHandler->processMessages()
#4 E:\xampp73\htdocs\filecroco\loader\vendor\guzzlehttp\guzzle\src\Handler\CurlMultiHandler.php(125): GuzzleHttp\Handler\CurlMultiHandler->tick()
#5 E:\xampp73\htdocs\filecroco\loader\vendor\guzzlehttp\promises\src\Promise.php(246): GuzzleHttp\Handler\CurlMultiHandler->execute(true)
#6 E:\xampp73\htdocs\filecroco\loader\vendor\guzzlehttp\promises\src\Promise.php(223): GuzzleHttp\Promise\Promise->invokeWaitFn()
#7 E:\xampp73\htdocs\filecroco\loader\vendor\guzzlehttp\promises\src\Promise.php(267): GuzzleHttp\Promise\Promise->waitIfPending()
#8 E:\xampp73\htdocs\filecroco\loader\vendor\guzzlehttp\promises\src\Promise.php(225): GuzzleHttp\Promise\Promise->invokeWaitList()
#9 E:\xampp73\htdocs\filecroco\loader\vendor\guzzlehttp\promises\src\Promise.php(62): GuzzleHttp\Promise\Promise->waitIfPending()
#10 E:\xampp73\htdocs\filecroco\loader\vendor\guzzlehttp\promises\src\EachPromise.php(101): GuzzleHttp\Promise\Promise->wait()
#11 E:\xampp73\htdocs\filecroco\loader\vendor\guzzlehttp\promises\src\Promise.php(246): GuzzleHttp\Promise\EachPromise->GuzzleHttp\Promise\{closure}(true)
#12 E:\xampp73\htdocs\filecroco\loader\vendor\guzzlehttp\promises\src\Promise.php(223): GuzzleHttp\Promise\Promise->invokeWaitFn()
#13 E:\xampp73\htdocs\filecroco\loader\vendor\guzzlehttp\promises\src\Promise.php(62): GuzzleHttp\Promise\Promise->waitIfPending()
#14 E:\xampp73\htdocs\filecroco\loader\updatedownloadlink.php(95): GuzzleHttp\Promise\Promise->wait()
#15 {main}|1355GuzzleHttp\Exception\RequestException: cURL error 56:  (see http://curl.haxx.se/libcurl/c/libcurl-errors.html) in E:\xampp73\htdocs\filecroco\loader\vendor\guzzlehttp\guzzle\src\Handler\CurlFactory.php:186
Stack trace:
#0 E:\xampp73\htdocs\filecroco\loader\vendor\guzzlehttp\guzzle\src\Handler\CurlFactory.php(149): GuzzleHttp\Handler\CurlFactory::createRejection(Object(GuzzleHttp\Handler\EasyHandle), Array)
#1 E:\xampp73\htdocs\filecroco\loader\vendor\guzzlehttp\guzzle\src\Handler\CurlFactory.php(102): GuzzleHttp\Handler\CurlFactory::finishError(Object(GuzzleHttp\Handler\CurlMultiHandler), Object(GuzzleHttp\Handler\EasyHandle), Object(GuzzleHttp\Handler\CurlFactory))
#2 E:\xampp73\htdocs\filecroco\loader\vendor\guzzlehttp\guzzle\src\Handler\CurlMultiHandler.php(181): GuzzleHttp\Handler\CurlFactory::finish(Object(GuzzleHttp\Handler\CurlMultiHandler), Object(GuzzleHttp\Handler\EasyHandle), Object(GuzzleHttp\Handler\CurlFactory))
#3 E:\xampp73\htdocs\filecroco\loader\vendor\guzzlehttp\guzzle\src\Handler\CurlMultiHandler.php(110): GuzzleHttp\Handler\CurlMultiHandler->processMessages()
#4 E:\xampp73\htdocs\filecroco\loader\vendor\guzzlehttp\guzzle\src\Handler\CurlMultiHandler.php(125): GuzzleHttp\Handler\CurlMultiHandler->tick()
#5 E:\xampp73\htdocs\filecroco\loader\vendor\guzzlehttp\promises\src\Promise.php(246): GuzzleHttp\Handler\CurlMultiHandler->execute(true)
#6 E:\xampp73\htdocs\filecroco\loader\vendor\guzzlehttp\promises\src\Promise.php(223): GuzzleHttp\Promise\Promise->invokeWaitFn()
#7 E:\xampp73\htdocs\filecroco\loader\vendor\guzzlehttp\promises\src\Promise.php(267): GuzzleHttp\Promise\Promise->waitIfPending()
#8 E:\xampp73\htdocs\filecroco\loader\vendor\guzzlehttp\promises\src\Promise.php(225): GuzzleHttp\Promise\Promise->invokeWaitList()
#9 E:\xampp73\htdocs\filecroco\loader\vendor\guzzlehttp\promises\src\Promise.php(62): GuzzleHttp\Promise\Promise->waitIfPending()
#10 E:\xampp73\htdocs\filecroco\loader\vendor\guzzlehttp\promises\src\EachPromise.php(101): GuzzleHttp\Promise\Promise->wait()
#11 E:\xampp73\htdocs\filecroco\loader\vendor\guzzlehttp\promises\src\Promise.php(246): GuzzleHttp\Promise\EachPromise->GuzzleHttp\Promise\{closure}(true)
#12 E:\xampp73\htdocs\filecroco\loader\vendor\guzzlehttp\promises\src\Promise.php(223): GuzzleHttp\Promise\Promise->invokeWaitFn()
#13 E:\xampp73\htdocs\filecroco\loader\vendor\guzzlehttp\promises\src\Promise.php(62): GuzzleHttp\Promise\Promise->waitIfPending()
#14 E:\xampp73\htdocs\filecroco\loader\updatedownloadlink.php(95): GuzzleHttp\Promise\Promise->wait()
#15 {main}|1356GuzzleHttp\Exception\RequestException: cURL error 56:  (see http://curl.haxx.se/libcurl/c/libcurl-errors.html) in E:\xampp73\htdocs\filecroco\loader\vendor\guzzlehttp\guzzle\src\Handler\CurlFactory.php:186
Stack trace:
#0 E:\xampp73\htdocs\filecroco\loader\vendor\guzzlehttp\guzzle\src\Handler\CurlFactory.php(149): GuzzleHttp\Handler\CurlFactory::createRejection(Object(GuzzleHttp\Handler\EasyHandle), Array)
#1 E:\xampp73\htdocs\filecroco\loader\vendor\guzzlehttp\guzzle\src\Handler\CurlFactory.php(102): GuzzleHttp\Handler\CurlFactory::finishError(Object(GuzzleHttp\Handler\CurlMultiHandler), Object(GuzzleHttp\Handler\EasyHandle), Object(GuzzleHttp\Handler\CurlFactory))
#2 E:\xampp73\htdocs\filecroco\loader\vendor\guzzlehttp\guzzle\src\Handler\CurlMultiHandler.php(181): GuzzleHttp\Handler\CurlFactory::finish(Object(GuzzleHttp\Handler\CurlMultiHandler), Object(GuzzleHttp\Handler\EasyHandle), Object(GuzzleHttp\Handler\CurlFactory))
#3 E:\xampp73\htdocs\filecroco\loader\vendor\guzzlehttp\guzzle\src\Handler\CurlMultiHandler.php(110): GuzzleHttp\Handler\CurlMultiHandler->processMessages()
#4 E:\xampp73\htdocs\filecroco\loader\vendor\guzzlehttp\guzzle\src\Handler\CurlMultiHandler.php(125): GuzzleHttp\Handler\CurlMultiHandler->tick()
#5 E:\xampp73\htdocs\filecroco\loader\vendor\guzzlehttp\promises\src\Promise.php(246): GuzzleHttp\Handler\CurlMultiHandler->execute(true)
#6 E:\xampp73\htdocs\filecroco\loader\vendor\guzzlehttp\promises\src\Promise.php(223): GuzzleHttp\Promise\Promise->invokeWaitFn()
#7 E:\xampp73\htdocs\filecroco\loader\vendor\guzzlehttp\promises\src\Promise.php(267): GuzzleHttp\Promise\Promise->waitIfPending()
#8 E:\xampp73\htdocs\filecroco\loader\vendor\guzzlehttp\promises\src\Promise.php(225): GuzzleHttp\Promise\Promise->invokeWaitList()
#9 E:\xampp73\htdocs\filecroco\loader\vendor\guzzlehttp\promises\src\Promise.php(62): GuzzleHttp\Promise\Promise->waitIfPending()
#10 E:\xampp73\htdocs\filecroco\loader\vendor\guzzlehttp\promises\src\EachPromise.php(101): GuzzleHttp\Promise\Promise->wait()
#11 E:\xampp73\htdocs\filecroco\loader\vendor\guzzlehttp\promises\src\Promise.php(246): GuzzleHttp\Promise\EachPromise->GuzzleHttp\Promise\{closure}(true)
#12 E:\xampp73\htdocs\filecroco\loader\vendor\guzzlehttp\promises\src\Promise.php(223): GuzzleHttp\Promise\Promise->invokeWaitFn()
#13 E:\xampp73\htdocs\filecroco\loader\vendor\guzzlehttp\promises\src\Promise.php(62): GuzzleHttp\Promise\Promise->waitIfPending()
#14 E:\xampp73\htdocs\filecroco\loader\updatedownloadlink.php(95): GuzzleHttp\Promise\Promise->wait()
#15 {main}|1357GuzzleHttp\Exception\RequestException: cURL error 56:  (see http://curl.haxx.se/libcurl/c/libcurl-errors.html) in E:\xampp73\htdocs\filecroco\loader\vendor\guzzlehttp\guzzle\src\Handler\CurlFactory.php:186
Stack trace:
#0 E:\xampp73\htdocs\filecroco\loader\vendor\guzzlehttp\guzzle\src\Handler\CurlFactory.php(149): GuzzleHttp\Handler\CurlFactory::createRejection(Object(GuzzleHttp\Handler\EasyHandle), Array)
#1 E:\xampp73\htdocs\filecroco\loader\vendor\guzzlehttp\guzzle\src\Handler\CurlFactory.php(102): GuzzleHttp\Handler\CurlFactory::finishError(Object(GuzzleHttp\Handler\CurlMultiHandler), Object(GuzzleHttp\Handler\EasyHandle), Object(GuzzleHttp\Handler\CurlFactory))
#2 E:\xampp73\htdocs\filecroco\loader\vendor\guzzlehttp\guzzle\src\Handler\CurlMultiHandler.php(181): GuzzleHttp\Handler\CurlFactory::finish(Object(GuzzleHttp\Handler\CurlMultiHandler), Object(GuzzleHttp\Handler\EasyHandle), Object(GuzzleHttp\Handler\CurlFactory))
#3 E:\xampp73\htdocs\filecroco\loader\vendor\guzzlehttp\guzzle\src\Handler\CurlMultiHandler.php(110): GuzzleHttp\Handler\CurlMultiHandler->processMessages()
#4 E:\xampp73\htdocs\filecroco\loader\vendor\guzzlehttp\guzzle\src\Handler\CurlMultiHandler.php(125): GuzzleHttp\Handler\CurlMultiHandler->tick()
#5 E:\xampp73\htdocs\filecroco\loader\vendor\guzzlehttp\promises\src\Promise.php(246): GuzzleHttp\Handler\CurlMultiHandler->execute(true)
#6 E:\xampp73\htdocs\filecroco\loader\vendor\guzzlehttp\promises\src\Promise.php(223): GuzzleHttp\Promise\Promise->invokeWaitFn()
#7 E:\xampp73\htdocs\filecroco\loader\vendor\guzzlehttp\promises\src\Promise.php(267): GuzzleHttp\Promise\Promise->waitIfPending()
#8 E:\xampp73\htdocs\filecroco\loader\vendor\guzzlehttp\promises\src\Promise.php(225): GuzzleHttp\Promise\Promise->invokeWaitList()
#9 E:\xampp73\htdocs\filecroco\loader\vendor\guzzlehttp\promises\src\Promise.php(62): GuzzleHttp\Promise\Promise->waitIfPending()
#10 E:\xampp73\htdocs\filecroco\loader\vendor\guzzlehttp\promises\src\EachPromise.php(101): GuzzleHttp\Promise\Promise->wait()
#11 E:\xampp73\htdocs\filecroco\loader\vendor\guzzlehttp\promises\src\Promise.php(246): GuzzleHttp\Promise\EachPromise->GuzzleHttp\Promise\{closure}(true)
#12 E:\xampp73\htdocs\filecroco\loader\vendor\guzzlehttp\promises\src\Promise.php(223): GuzzleHttp\Promise\Promise->invokeWaitFn()
#13 E:\xampp73\htdocs\filecroco\loader\vendor\guzzlehttp\promises\src\Promise.php(62): GuzzleHttp\Promise\Promise->waitIfPending()
#14 E:\xampp73\htdocs\filecroco\loader\updatedownloadlink.php(95): GuzzleHttp\Promise\Promise->wait()
#15 {main}|1358GuzzleHttp\Exception\RequestException: cURL error 56:  (see http://curl.haxx.se/libcurl/c/libcurl-errors.html) in E:\xampp73\htdocs\filecroco\loader\vendor\guzzlehttp\guzzle\src\Handler\CurlFactory.php:186
Stack trace:
#0 E:\xampp73\htdocs\filecroco\loader\vendor\guzzlehttp\guzzle\src\Handler\CurlFactory.php(149): GuzzleHttp\Handler\CurlFactory::createRejection(Object(GuzzleHttp\Handler\EasyHandle), Array)
#1 E:\xampp73\htdocs\filecroco\loader\vendor\guzzlehttp\guzzle\src\Handler\CurlFactory.php(102): GuzzleHttp\Handler\CurlFactory::finishError(Object(GuzzleHttp\Handler\CurlMultiHandler), Object(GuzzleHttp\Handler\EasyHandle), Object(GuzzleHttp\Handler\CurlFactory))
#2 E:\xampp73\htdocs\filecroco\loader\vendor\guzzlehttp\guzzle\src\Handler\CurlMultiHandler.php(181): GuzzleHttp\Handler\CurlFactory::finish(Object(GuzzleHttp\Handler\CurlMultiHandler), Object(GuzzleHttp\Handler\EasyHandle), Object(GuzzleHttp\Handler\CurlFactory))
#3 E:\xampp73\htdocs\filecroco\loader\vendor\guzzlehttp\guzzle\src\Handler\CurlMultiHandler.php(110): GuzzleHttp\Handler\CurlMultiHandler->processMessages()
#4 E:\xampp73\htdocs\filecroco\loader\vendor\guzzlehttp\guzzle\src\Handler\CurlMultiHandler.php(125): GuzzleHttp\Handler\CurlMultiHandler->tick()
#5 E:\xampp73\htdocs\filecroco\loader\vendor\guzzlehttp\promises\src\Promise.php(246): GuzzleHttp\Handler\CurlMultiHandler->execute(true)
#6 E:\xampp73\htdocs\filecroco\loader\vendor\guzzlehttp\promises\src\Promise.php(223): GuzzleHttp\Promise\Promise->invokeWaitFn()
#7 E:\xampp73\htdocs\filecroco\loader\vendor\guzzlehttp\promises\src\Promise.php(267): GuzzleHttp\Promise\Promise->waitIfPending()
#8 E:\xampp73\htdocs\filecroco\loader\vendor\guzzlehttp\promises\src\Promise.php(225): GuzzleHttp\Promise\Promise->invokeWaitList()
#9 E:\xampp73\htdocs\filecroco\loader\vendor\guzzlehttp\promises\src\Promise.php(62): GuzzleHttp\Promise\Promise->waitIfPending()
#10 E:\xampp73\htdocs\filecroco\loader\vendor\guzzlehttp\promises\src\EachPromise.php(101): GuzzleHttp\Promise\Promise->wait()
#11 E:\xampp73\htdocs\filecroco\loader\vendor\guzzlehttp\promises\src\Promise.php(246): GuzzleHttp\Promise\EachPromise->GuzzleHttp\Promise\{closure}(true)
#12 E:\xampp73\htdocs\filecroco\loader\vendor\guzzlehttp\promises\src\Promise.php(223): GuzzleHttp\Promise\Promise->invokeWaitFn()
#13 E:\xampp73\htdocs\filecroco\loader\vendor\guzzlehttp\promises\src\Promise.php(62): GuzzleHttp\Promise\Promise->waitIfPending()
#14 E:\xampp73\htdocs\filecroco\loader\updatedownloadlink.php(95): GuzzleHttp\Promise\Promise->wait()
#15 {main}|1359GuzzleHttp\Exception\RequestException: cURL error 56:  (see http://curl.haxx.se/libcurl/c/libcurl-errors.html) in E:\xampp73\htdocs\filecroco\loader\vendor\guzzlehttp\guzzle\src\Handler\CurlFactory.php:186
Stack trace:
#0 E:\xampp73\htdocs\filecroco\loader\vendor\guzzlehttp\guzzle\src\Handler\CurlFactory.php(149): GuzzleHttp\Handler\CurlFactory::createRejection(Object(GuzzleHttp\Handler\EasyHandle), Array)
#1 E:\xampp73\htdocs\filecroco\loader\vendor\guzzlehttp\guzzle\src\Handler\CurlFactory.php(102): GuzzleHttp\Handler\CurlFactory::finishError(Object(GuzzleHttp\Handler\CurlMultiHandler), Object(GuzzleHttp\Handler\EasyHandle), Object(GuzzleHttp\Handler\CurlFactory))
#2 E:\xampp73\htdocs\filecroco\loader\vendor\guzzlehttp\guzzle\src\Handler\CurlMultiHandler.php(181): GuzzleHttp\Handler\CurlFactory::finish(Object(GuzzleHttp\Handler\CurlMultiHandler), Object(GuzzleHttp\Handler\EasyHandle), Object(GuzzleHttp\Handler\CurlFactory))
#3 E:\xampp73\htdocs\filecroco\loader\vendor\guzzlehttp\guzzle\src\Handler\CurlMultiHandler.php(110): GuzzleHttp\Handler\CurlMultiHandler->processMessages()
#4 E:\xampp73\htdocs\filecroco\loader\vendor\guzzlehttp\guzzle\src\Handler\CurlMultiHandler.php(125): GuzzleHttp\Handler\CurlMultiHandler->tick()
#5 E:\xampp73\htdocs\filecroco\loader\vendor\guzzlehttp\promises\src\Promise.php(246): GuzzleHttp\Handler\CurlMultiHandler->execute(true)
#6 E:\xampp73\htdocs\filecroco\loader\vendor\guzzlehttp\promises\src\Promise.php(223): GuzzleHttp\Promise\Promise->invokeWaitFn()
#7 E:\xampp73\htdocs\filecroco\loader\vendor\guzzlehttp\promises\src\Promise.php(267): GuzzleHttp\Promise\Promise->waitIfPending()
#8 E:\xampp73\htdocs\filecroco\loader\vendor\guzzlehttp\promises\src\Promise.php(225): GuzzleHttp\Promise\Promise->invokeWaitList()
#9 E:\xampp73\htdocs\filecroco\loader\vendor\guzzlehttp\promises\src\Promise.php(62): GuzzleHttp\Promise\Promise->waitIfPending()
#10 E:\xampp73\htdocs\filecroco\loader\vendor\guzzlehttp\promises\src\EachPromise.php(101): GuzzleHttp\Promise\Promise->wait()
#11 E:\xampp73\htdocs\filecroco\loader\vendor\guzzlehttp\promises\src\Promise.php(246): GuzzleHttp\Promise\EachPromise->GuzzleHttp\Promise\{closure}(true)
#12 E:\xampp73\htdocs\filecroco\loader\vendor\guzzlehttp\promises\src\Promise.php(223): GuzzleHttp\Promise\Promise->invokeWaitFn()
#13 E:\xampp73\htdocs\filecroco\loader\vendor\guzzlehttp\promises\src\Promise.php(62): GuzzleHttp\Promise\Promise->waitIfPending()
#14 E:\xampp73\htdocs\filecroco\loader\updatedownloadlink.php(95): GuzzleHttp\Promise\Promise->wait()
#15 {main}|1360GuzzleHttp\Exception\RequestException: cURL error 56:  (see http://curl.haxx.se/libcurl/c/libcurl-errors.html) in E:\xampp73\htdocs\filecroco\loader\vendor\guzzlehttp\guzzle\src\Handler\CurlFactory.php:186
Stack trace:
#0 E:\xampp73\htdocs\filecroco\loader\vendor\guzzlehttp\guzzle\src\Handler\CurlFactory.php(149): GuzzleHttp\Handler\CurlFactory::createRejection(Object(GuzzleHttp\Handler\EasyHandle), Array)
#1 E:\xampp73\htdocs\filecroco\loader\vendor\guzzlehttp\guzzle\src\Handler\CurlFactory.php(102): GuzzleHttp\Handler\CurlFactory::finishError(Object(GuzzleHttp\Handler\CurlMultiHandler), Object(GuzzleHttp\Handler\EasyHandle), Object(GuzzleHttp\Handler\CurlFactory))
#2 E:\xampp73\htdocs\filecroco\loader\vendor\guzzlehttp\guzzle\src\Handler\CurlMultiHandler.php(181): GuzzleHttp\Handler\CurlFactory::finish(Object(GuzzleHttp\Handler\CurlMultiHandler), Object(GuzzleHttp\Handler\EasyHandle), Object(GuzzleHttp\Handler\CurlFactory))
#3 E:\xampp73\htdocs\filecroco\loader\vendor\guzzlehttp\guzzle\src\Handler\CurlMultiHandler.php(110): GuzzleHttp\Handler\CurlMultiHandler->processMessages()
#4 E:\xampp73\htdocs\filecroco\loader\vendor\guzzlehttp\guzzle\src\Handler\CurlMultiHandler.php(125): GuzzleHttp\Handler\CurlMultiHandler->tick()
#5 E:\xampp73\htdocs\filecroco\loader\vendor\guzzlehttp\promises\src\Promise.php(246): GuzzleHttp\Handler\CurlMultiHandler->execute(true)
#6 E:\xampp73\htdocs\filecroco\loader\vendor\guzzlehttp\promises\src\Promise.php(223): GuzzleHttp\Promise\Promise->invokeWaitFn()
#7 E:\xampp73\htdocs\filecroco\loader\vendor\guzzlehttp\promises\src\Promise.php(267): GuzzleHttp\Promise\Promise->waitIfPending()
#8 E:\xampp73\htdocs\filecroco\loader\vendor\guzzlehttp\promises\src\Promise.php(225): GuzzleHttp\Promise\Promise->invokeWaitList()
#9 E:\xampp73\htdocs\filecroco\loader\vendor\guzzlehttp\promises\src\Promise.php(62): GuzzleHttp\Promise\Promise->waitIfPending()
#10 E:\xampp73\htdocs\filecroco\loader\vendor\guzzlehttp\promises\src\EachPromise.php(101): GuzzleHttp\Promise\Promise->wait()
#11 E:\xampp73\htdocs\filecroco\loader\vendor\guzzlehttp\promises\src\Promise.php(246): GuzzleHttp\Promise\EachPromise->GuzzleHttp\Promise\{closure}(true)
#12 E:\xampp73\htdocs\filecroco\loader\vendor\guzzlehttp\promises\src\Promise.php(223): GuzzleHttp\Promise\Promise->invokeWaitFn()
#13 E:\xampp73\htdocs\filecroco\loader\vendor\guzzlehttp\promises\src\Promise.php(62): GuzzleHttp\Promise\Promise->waitIfPending()
#14 E:\xampp73\htdocs\filecroco\loader\updatedownloadlink.php(95): GuzzleHttp\Promise\Promise->wait()
#15 {main}|1361GuzzleHttp\Exception\RequestException: cURL error 56:  (see http://curl.haxx.se/libcurl/c/libcurl-errors.html) in E:\xampp73\htdocs\filecroco\loader\vendor\guzzlehttp\guzzle\src\Handler\CurlFactory.php:186
Stack trace:
#0 E:\xampp73\htdocs\filecroco\loader\vendor\guzzlehttp\guzzle\src\Handler\CurlFactory.php(149): GuzzleHttp\Handler\CurlFactory::createRejection(Object(GuzzleHttp\Handler\EasyHandle), Array)
#1 E:\xampp73\htdocs\filecroco\loader\vendor\guzzlehttp\guzzle\src\Handler\CurlFactory.php(102): GuzzleHttp\Handler\CurlFactory::finishError(Object(GuzzleHttp\Handler\CurlMultiHandler), Object(GuzzleHttp\Handler\EasyHandle), Object(GuzzleHttp\Handler\CurlFactory))
#2 E:\xampp73\htdocs\filecroco\loader\vendor\guzzlehttp\guzzle\src\Handler\CurlMultiHandler.php(181): GuzzleHttp\Handler\CurlFactory::finish(Object(GuzzleHttp\Handler\CurlMultiHandler), Object(GuzzleHttp\Handler\EasyHandle), Object(GuzzleHttp\Handler\CurlFactory))
#3 E:\xampp73\htdocs\filecroco\loader\vendor\guzzlehttp\guzzle\src\Handler\CurlMultiHandler.php(110): GuzzleHttp\Handler\CurlMultiHandler->processMessages()
#4 E:\xampp73\htdocs\filecroco\loader\vendor\guzzlehttp\guzzle\src\Handler\CurlMultiHandler.php(125): GuzzleHttp\Handler\CurlMultiHandler->tick()
#5 E:\xampp73\htdocs\filecroco\loader\vendor\guzzlehttp\promises\src\Promise.php(246): GuzzleHttp\Handler\CurlMultiHandler->execute(true)
#6 E:\xampp73\htdocs\filecroco\loader\vendor\guzzlehttp\promises\src\Promise.php(223): GuzzleHttp\Promise\Promise->invokeWaitFn()
#7 E:\xampp73\htdocs\filecroco\loader\vendor\guzzlehttp\promises\src\Promise.php(267): GuzzleHttp\Promise\Promise->waitIfPending()
#8 E:\xampp73\htdocs\filecroco\loader\vendor\guzzlehttp\promises\src\Promise.php(225): GuzzleHttp\Promise\Promise->invokeWaitList()
#9 E:\xampp73\htdocs\filecroco\loader\vendor\guzzlehttp\promises\src\Promise.php(62): GuzzleHttp\Promise\Promise->waitIfPending()
#10 E:\xampp73\htdocs\filecroco\loader\vendor\guzzlehttp\promises\src\EachPromise.php(101): GuzzleHttp\Promise\Promise->wait()
#11 E:\xampp73\htdocs\filecroco\loader\vendor\guzzlehttp\promises\src\Promise.php(246): GuzzleHttp\Promise\EachPromise->GuzzleHttp\Promise\{closure}(true)
#12 E:\xampp73\htdocs\filecroco\loader\vendor\guzzlehttp\promises\src\Promise.php(223): GuzzleHttp\Promise\Promise->invokeWaitFn()
#13 E:\xampp73\htdocs\filecroco\loader\vendor\guzzlehttp\promises\src\Promise.php(62): GuzzleHttp\Promise\Promise->waitIfPending()
#14 E:\xampp73\htdocs\filecroco\loader\updatedownloadlink.php(95): GuzzleHttp\Promise\Promise->wait()
#15 {main}|1362GuzzleHttp\Exception\RequestException: cURL error 56:  (see http://curl.haxx.se/libcurl/c/libcurl-errors.html) in E:\xampp73\htdocs\filecroco\loader\vendor\guzzlehttp\guzzle\src\Handler\CurlFactory.php:186
Stack trace:
#0 E:\xampp73\htdocs\filecroco\loader\vendor\guzzlehttp\guzzle\src\Handler\CurlFactory.php(149): GuzzleHttp\Handler\CurlFactory::createRejection(Object(GuzzleHttp\Handler\EasyHandle), Array)
#1 E:\xampp73\htdocs\filecroco\loader\vendor\guzzlehttp\guzzle\src\Handler\CurlFactory.php(102): GuzzleHttp\Handler\CurlFactory::finishError(Object(GuzzleHttp\Handler\CurlMultiHandler), Object(GuzzleHttp\Handler\EasyHandle), Object(GuzzleHttp\Handler\CurlFactory))
#2 E:\xampp73\htdocs\filecroco\loader\vendor\guzzlehttp\guzzle\src\Handler\CurlMultiHandler.php(181): GuzzleHttp\Handler\CurlFactory::finish(Object(GuzzleHttp\Handler\CurlMultiHandler), Object(GuzzleHttp\Handler\EasyHandle), Object(GuzzleHttp\Handler\CurlFactory))
#3 E:\xampp73\htdocs\filecroco\loader\vendor\guzzlehttp\guzzle\src\Handler\CurlMultiHandler.php(110): GuzzleHttp\Handler\CurlMultiHandler->processMessages()
#4 E:\xampp73\htdocs\filecroco\loader\vendor\guzzlehttp\guzzle\src\Handler\CurlMultiHandler.php(125): GuzzleHttp\Handler\CurlMultiHandler->tick()
#5 E:\xampp73\htdocs\filecroco\loader\vendor\guzzlehttp\promises\src\Promise.php(246): GuzzleHttp\Handler\CurlMultiHandler->execute(true)
#6 E:\xampp73\htdocs\filecroco\loader\vendor\guzzlehttp\promises\src\Promise.php(223): GuzzleHttp\Promise\Promise->invokeWaitFn()
#7 E:\xampp73\htdocs\filecroco\loader\vendor\guzzlehttp\promises\src\Promise.php(267): GuzzleHttp\Promise\Promise->waitIfPending()
#8 E:\xampp73\htdocs\filecroco\loader\vendor\guzzlehttp\promises\src\Promise.php(225): GuzzleHttp\Promise\Promise->invokeWaitList()
#9 E:\xampp73\htdocs\filecroco\loader\vendor\guzzlehttp\promises\src\Promise.php(62): GuzzleHttp\Promise\Promise->waitIfPending()
#10 E:\xampp73\htdocs\filecroco\loader\vendor\guzzlehttp\promises\src\EachPromise.php(101): GuzzleHttp\Promise\Promise->wait()
#11 E:\xampp73\htdocs\filecroco\loader\vendor\guzzlehttp\promises\src\Promise.php(246): GuzzleHttp\Promise\EachPromise->GuzzleHttp\Promise\{closure}(true)
#12 E:\xampp73\htdocs\filecroco\loader\vendor\guzzlehttp\promises\src\Promise.php(223): GuzzleHttp\Promise\Promise->invokeWaitFn()
#13 E:\xampp73\htdocs\filecroco\loader\vendor\guzzlehttp\promises\src\Promise.php(62): GuzzleHttp\Promise\Promise->waitIfPending()
#14 E:\xampp73\htdocs\filecroco\loader\updatedownloadlink.php(95): GuzzleHttp\Promise\Promise->wait()
#15 {main}|1363GuzzleHttp\Exception\RequestException: cURL error 56:  (see http://curl.haxx.se/libcurl/c/libcurl-errors.html) in E:\xampp73\htdocs\filecroco\loader\vendor\guzzlehttp\guzzle\src\Handler\CurlFactory.php:186
Stack trace:
#0 E:\xampp73\htdocs\filecroco\loader\vendor\guzzlehttp\guzzle\src\Handler\CurlFactory.php(149): GuzzleHttp\Handler\CurlFactory::createRejection(Object(GuzzleHttp\Handler\EasyHandle), Array)
#1 E:\xampp73\htdocs\filecroco\loader\vendor\guzzlehttp\guzzle\src\Handler\CurlFactory.php(102): GuzzleHttp\Handler\CurlFactory::finishError(Object(GuzzleHttp\Handler\CurlMultiHandler), Object(GuzzleHttp\Handler\EasyHandle), Object(GuzzleHttp\Handler\CurlFactory))
#2 E:\xampp73\htdocs\filecroco\loader\vendor\guzzlehttp\guzzle\src\Handler\CurlMultiHandler.php(181): GuzzleHttp\Handler\CurlFactory::finish(Object(GuzzleHttp\Handler\CurlMultiHandler), Object(GuzzleHttp\Handler\EasyHandle), Object(GuzzleHttp\Handler\CurlFactory))
#3 E:\xampp73\htdocs\filecroco\loader\vendor\guzzlehttp\guzzle\src\Handler\CurlMultiHandler.php(110): GuzzleHttp\Handler\CurlMultiHandler->processMessages()
#4 E:\xampp73\htdocs\filecroco\loader\vendor\guzzlehttp\guzzle\src\Handler\CurlMultiHandler.php(125): GuzzleHttp\Handler\CurlMultiHandler->tick()
#5 E:\xampp73\htdocs\filecroco\loader\vendor\guzzlehttp\promises\src\Promise.php(246): GuzzleHttp\Handler\CurlMultiHandler->execute(true)
#6 E:\xampp73\htdocs\filecroco\loader\vendor\guzzlehttp\promises\src\Promise.php(223): GuzzleHttp\Promise\Promise->invokeWaitFn()
#7 E:\xampp73\htdocs\filecroco\loader\vendor\guzzlehttp\promises\src\Promise.php(267): GuzzleHttp\Promise\Promise->waitIfPending()
#8 E:\xampp73\htdocs\filecroco\loader\vendor\guzzlehttp\promises\src\Promise.php(225): GuzzleHttp\Promise\Promise->invokeWaitList()
#9 E:\xampp73\htdocs\filecroco\loader\vendor\guzzlehttp\promises\src\Promise.php(62): GuzzleHttp\Promise\Promise->waitIfPending()
#10 E:\xampp73\htdocs\filecroco\loader\vendor\guzzlehttp\promises\src\EachPromise.php(101): GuzzleHttp\Promise\Promise->wait()
#11 E:\xampp73\htdocs\filecroco\loader\vendor\guzzlehttp\promises\src\Promise.php(246): GuzzleHttp\Promise\EachPromise->GuzzleHttp\Promise\{closure}(true)
#12 E:\xampp73\htdocs\filecroco\loader\vendor\guzzlehttp\promises\src\Promise.php(223): GuzzleHttp\Promise\Promise->invokeWaitFn()
#13 E:\xampp73\htdocs\filecroco\loader\vendor\guzzlehttp\promises\src\Promise.php(62): GuzzleHttp\Promise\Promise->waitIfPending()
#14 E:\xampp73\htdocs\filecroco\loader\updatedownloadlink.php(95): GuzzleHttp\Promise\Promise->wait()
#15 {main}|1364GuzzleHttp\Exception\RequestException: cURL error 56:  (see http://curl.haxx.se/libcurl/c/libcurl-errors.html) in E:\xampp73\htdocs\filecroco\loader\vendor\guzzlehttp\guzzle\src\Handler\CurlFactory.php:186
Stack trace:
#0 E:\xampp73\htdocs\filecroco\loader\vendor\guzzlehttp\guzzle\src\Handler\CurlFactory.php(149): GuzzleHttp\Handler\CurlFactory::createRejection(Object(GuzzleHttp\Handler\EasyHandle), Array)
#1 E:\xampp73\htdocs\filecroco\loader\vendor\guzzlehttp\guzzle\src\Handler\CurlFactory.php(102): GuzzleHttp\Handler\CurlFactory::finishError(Object(GuzzleHttp\Handler\CurlMultiHandler), Object(GuzzleHttp\Handler\EasyHandle), Object(GuzzleHttp\Handler\CurlFactory))
#2 E:\xampp73\htdocs\filecroco\loader\vendor\guzzlehttp\guzzle\src\Handler\CurlMultiHandler.php(181): GuzzleHttp\Handler\CurlFactory::finish(Object(GuzzleHttp\Handler\CurlMultiHandler), Object(GuzzleHttp\Handler\EasyHandle), Object(GuzzleHttp\Handler\CurlFactory))
#3 E:\xampp73\htdocs\filecroco\loader\vendor\guzzlehttp\guzzle\src\Handler\CurlMultiHandler.php(110): GuzzleHttp\Handler\CurlMultiHandler->processMessages()
#4 E:\xampp73\htdocs\filecroco\loader\vendor\guzzlehttp\guzzle\src\Handler\CurlMultiHandler.php(125): GuzzleHttp\Handler\CurlMultiHandler->tick()
#5 E:\xampp73\htdocs\filecroco\loader\vendor\guzzlehttp\promises\src\Promise.php(246): GuzzleHttp\Handler\CurlMultiHandler->execute(true)
#6 E:\xampp73\htdocs\filecroco\loader\vendor\guzzlehttp\promises\src\Promise.php(223): GuzzleHttp\Promise\Promise->invokeWaitFn()
#7 E:\xampp73\htdocs\filecroco\loader\vendor\guzzlehttp\promises\src\Promise.php(267): GuzzleHttp\Promise\Promise->waitIfPending()
#8 E:\xampp73\htdocs\filecroco\loader\vendor\guzzlehttp\promises\src\Promise.php(225): GuzzleHttp\Promise\Promise->invokeWaitList()
#9 E:\xampp73\htdocs\filecroco\loader\vendor\guzzlehttp\promises\src\Promise.php(62): GuzzleHttp\Promise\Promise->waitIfPending()
#10 E:\xampp73\htdocs\filecroco\loader\vendor\guzzlehttp\promises\src\EachPromise.php(101): GuzzleHttp\Promise\Promise->wait()
#11 E:\xampp73\htdocs\filecroco\loader\vendor\guzzlehttp\promises\src\Promise.php(246): GuzzleHttp\Promise\EachPromise->GuzzleHttp\Promise\{closure}(true)
#12 E:\xampp73\htdocs\filecroco\loader\vendor\guzzlehttp\promises\src\Promise.php(223): GuzzleHttp\Promise\Promise->invokeWaitFn()
#13 E:\xampp73\htdocs\filecroco\loader\vendor\guzzlehttp\promises\src\Promise.php(62): GuzzleHttp\Promise\Promise->waitIfPending()
#14 E:\xampp73\htdocs\filecroco\loader\updatedownloadlink.php(95): GuzzleHttp\Promise\Promise->wait()
#15 {main}|1365GuzzleHttp\Exception\RequestException: cURL error 56:  (see http://curl.haxx.se/libcurl/c/libcurl-errors.html) in E:\xampp73\htdocs\filecroco\loader\vendor\guzzlehttp\guzzle\src\Handler\CurlFactory.php:186
Stack trace:
#0 E:\xampp73\htdocs\filecroco\loader\vendor\guzzlehttp\guzzle\src\Handler\CurlFactory.php(149): GuzzleHttp\Handler\CurlFactory::createRejection(Object(GuzzleHttp\Handler\EasyHandle), Array)
#1 E:\xampp73\htdocs\filecroco\loader\vendor\guzzlehttp\guzzle\src\Handler\CurlFactory.php(102): GuzzleHttp\Handler\CurlFactory::finishError(Object(GuzzleHttp\Handler\CurlMultiHandler), Object(GuzzleHttp\Handler\EasyHandle), Object(GuzzleHttp\Handler\CurlFactory))
#2 E:\xampp73\htdocs\filecroco\loader\vendor\guzzlehttp\guzzle\src\Handler\CurlMultiHandler.php(181): GuzzleHttp\Handler\CurlFactory::finish(Object(GuzzleHttp\Handler\CurlMultiHandler), Object(GuzzleHttp\Handler\EasyHandle), Object(GuzzleHttp\Handler\CurlFactory))
#3 E:\xampp73\htdocs\filecroco\loader\vendor\guzzlehttp\guzzle\src\Handler\CurlMultiHandler.php(110): GuzzleHttp\Handler\CurlMultiHandler->processMessages()
#4 E:\xampp73\htdocs\filecroco\loader\vendor\guzzlehttp\guzzle\src\Handler\CurlMultiHandler.php(125): GuzzleHttp\Handler\CurlMultiHandler->tick()
#5 E:\xampp73\htdocs\filecroco\loader\vendor\guzzlehttp\promises\src\Promise.php(246): GuzzleHttp\Handler\CurlMultiHandler->execute(true)
#6 E:\xampp73\htdocs\filecroco\loader\vendor\guzzlehttp\promises\src\Promise.php(223): GuzzleHttp\Promise\Promise->invokeWaitFn()
#7 E:\xampp73\htdocs\filecroco\loader\vendor\guzzlehttp\promises\src\Promise.php(267): GuzzleHttp\Promise\Promise->waitIfPending()
#8 E:\xampp73\htdocs\filecroco\loader\vendor\guzzlehttp\promises\src\Promise.php(225): GuzzleHttp\Promise\Promise->invokeWaitList()
#9 E:\xampp73\htdocs\filecroco\loader\vendor\guzzlehttp\promises\src\Promise.php(62): GuzzleHttp\Promise\Promise->waitIfPending()
#10 E:\xampp73\htdocs\filecroco\loader\vendor\guzzlehttp\promises\src\EachPromise.php(101): GuzzleHttp\Promise\Promise->wait()
#11 E:\xampp73\htdocs\filecroco\loader\vendor\guzzlehttp\promises\src\Promise.php(246): GuzzleHttp\Promise\EachPromise->GuzzleHttp\Promise\{closure}(true)
#12 E:\xampp73\htdocs\filecroco\loader\vendor\guzzlehttp\promises\src\Promise.php(223): GuzzleHttp\Promise\Promise->invokeWaitFn()
#13 E:\xampp73\htdocs\filecroco\loader\vendor\guzzlehttp\promises\src\Promise.php(62): GuzzleHttp\Promise\Promise->waitIfPending()
#14 E:\xampp73\htdocs\filecroco\loader\updatedownloadlink.php(95): GuzzleHttp\Promise\Promise->wait()
#15 {main}|1366GuzzleHttp\Exception\RequestException: cURL error 56:  (see http://curl.haxx.se/libcurl/c/libcurl-errors.html) in E:\xampp73\htdocs\filecroco\loader\vendor\guzzlehttp\guzzle\src\Handler\CurlFactory.php:186
Stack trace:
#0 E:\xampp73\htdocs\filecroco\loader\vendor\guzzlehttp\guzzle\src\Handler\CurlFactory.php(149): GuzzleHttp\Handler\CurlFactory::createRejection(Object(GuzzleHttp\Handler\EasyHandle), Array)
#1 E:\xampp73\htdocs\filecroco\loader\vendor\guzzlehttp\guzzle\src\Handler\CurlFactory.php(102): GuzzleHttp\Handler\CurlFactory::finishError(Object(GuzzleHttp\Handler\CurlMultiHandler), Object(GuzzleHttp\Handler\EasyHandle), Object(GuzzleHttp\Handler\CurlFactory))
#2 E:\xampp73\htdocs\filecroco\loader\vendor\guzzlehttp\guzzle\src\Handler\CurlMultiHandler.php(181): GuzzleHttp\Handler\CurlFactory::finish(Object(GuzzleHttp\Handler\CurlMultiHandler), Object(GuzzleHttp\Handler\EasyHandle), Object(GuzzleHttp\Handler\CurlFactory))
#3 E:\xampp73\htdocs\filecroco\loader\vendor\guzzlehttp\guzzle\src\Handler\CurlMultiHandler.php(110): GuzzleHttp\Handler\CurlMultiHandler->processMessages()
#4 E:\xampp73\htdocs\filecroco\loader\vendor\guzzlehttp\guzzle\src\Handler\CurlMultiHandler.php(125): GuzzleHttp\Handler\CurlMultiHandler->tick()
#5 E:\xampp73\htdocs\filecroco\loader\vendor\guzzlehttp\promises\src\Promise.php(246): GuzzleHttp\Handler\CurlMultiHandler->execute(true)
#6 E:\xampp73\htdocs\filecroco\loader\vendor\guzzlehttp\promises\src\Promise.php(223): GuzzleHttp\Promise\Promise->invokeWaitFn()
#7 E:\xampp73\htdocs\filecroco\loader\vendor\guzzlehttp\promises\src\Promise.php(267): GuzzleHttp\Promise\Promise->waitIfPending()
#8 E:\xampp73\htdocs\filecroco\loader\vendor\guzzlehttp\promises\src\Promise.php(225): GuzzleHttp\Promise\Promise->invokeWaitList()
#9 E:\xampp73\htdocs\filecroco\loader\vendor\guzzlehttp\promises\src\Promise.php(62): GuzzleHttp\Promise\Promise->waitIfPending()
#10 E:\xampp73\htdocs\filecroco\loader\vendor\guzzlehttp\promises\src\EachPromise.php(101): GuzzleHttp\Promise\Promise->wait()
#11 E:\xampp73\htdocs\filecroco\loader\vendor\guzzlehttp\promises\src\Promise.php(246): GuzzleHttp\Promise\EachPromise->GuzzleHttp\Promise\{closure}(true)
#12 E:\xampp73\htdocs\filecroco\loader\vendor\guzzlehttp\promises\src\Promise.php(223): GuzzleHttp\Promise\Promise->invokeWaitFn()
#13 E:\xampp73\htdocs\filecroco\loader\vendor\guzzlehttp\promises\src\Promise.php(62): GuzzleHttp\Promise\Promise->waitIfPending()
#14 E:\xampp73\htdocs\filecroco\loader\updatedownloadlink.php(95): GuzzleHttp\Promise\Promise->wait()
#15 {main}|1367GuzzleHttp\Exception\RequestException: cURL error 56:  (see http://curl.haxx.se/libcurl/c/libcurl-errors.html) in E:\xampp73\htdocs\filecroco\loader\vendor\guzzlehttp\guzzle\src\Handler\CurlFactory.php:186
Stack trace:
#0 E:\xampp73\htdocs\filecroco\loader\vendor\guzzlehttp\guzzle\src\Handler\CurlFactory.php(149): GuzzleHttp\Handler\CurlFactory::createRejection(Object(GuzzleHttp\Handler\EasyHandle), Array)
#1 E:\xampp73\htdocs\filecroco\loader\vendor\guzzlehttp\guzzle\src\Handler\CurlFactory.php(102): GuzzleHttp\Handler\CurlFactory::finishError(Object(GuzzleHttp\Handler\CurlMultiHandler), Object(GuzzleHttp\Handler\EasyHandle), Object(GuzzleHttp\Handler\CurlFactory))
#2 E:\xampp73\htdocs\filecroco\loader\vendor\guzzlehttp\guzzle\src\Handler\CurlMultiHandler.php(181): GuzzleHttp\Handler\CurlFactory::finish(Object(GuzzleHttp\Handler\CurlMultiHandler), Object(GuzzleHttp\Handler\EasyHandle), Object(GuzzleHttp\Handler\CurlFactory))
#3 E:\xampp73\htdocs\filecroco\loader\vendor\guzzlehttp\guzzle\src\Handler\CurlMultiHandler.php(110): GuzzleHttp\Handler\CurlMultiHandler->processMessages()
#4 E:\xampp73\htdocs\filecroco\loader\vendor\guzzlehttp\guzzle\src\Handler\CurlMultiHandler.php(125): GuzzleHttp\Handler\CurlMultiHandler->tick()
#5 E:\xampp73\htdocs\filecroco\loader\vendor\guzzlehttp\promises\src\Promise.php(246): GuzzleHttp\Handler\CurlMultiHandler->execute(true)
#6 E:\xampp73\htdocs\filecroco\loader\vendor\guzzlehttp\promises\src\Promise.php(223): GuzzleHttp\Promise\Promise->invokeWaitFn()
#7 E:\xampp73\htdocs\filecroco\loader\vendor\guzzlehttp\promises\src\Promise.php(267): GuzzleHttp\Promise\Promise->waitIfPending()
#8 E:\xampp73\htdocs\filecroco\loader\vendor\guzzlehttp\promises\src\Promise.php(225): GuzzleHttp\Promise\Promise->invokeWaitList()
#9 E:\xampp73\htdocs\filecroco\loader\vendor\guzzlehttp\promises\src\Promise.php(62): GuzzleHttp\Promise\Promise->waitIfPending()
#10 E:\xampp73\htdocs\filecroco\loader\vendor\guzzlehttp\promises\src\EachPromise.php(101): GuzzleHttp\Promise\Promise->wait()
#11 E:\xampp73\htdocs\filecroco\loader\vendor\guzzlehttp\promises\src\Promise.php(246): GuzzleHttp\Promise\EachPromise->GuzzleHttp\Promise\{closure}(true)
#12 E:\xampp73\htdocs\filecroco\loader\vendor\guzzlehttp\promises\src\Promise.php(223): GuzzleHttp\Promise\Promise->invokeWaitFn()
#13 E:\xampp73\htdocs\filecroco\loader\vendor\guzzlehttp\promises\src\Promise.php(62): GuzzleHttp\Promise\Promise->waitIfPending()
#14 E:\xampp73\htdocs\filecroco\loader\updatedownloadlink.php(95): GuzzleHttp\Promise\Promise->wait()
#15 {main}|1368GuzzleHttp\Exception\RequestException: cURL error 56:  (see http://curl.haxx.se/libcurl/c/libcurl-errors.html) in E:\xampp73\htdocs\filecroco\loader\vendor\guzzlehttp\guzzle\src\Handler\CurlFactory.php:186
Stack trace:
#0 E:\xampp73\htdocs\filecroco\loader\vendor\guzzlehttp\guzzle\src\Handler\CurlFactory.php(149): GuzzleHttp\Handler\CurlFactory::createRejection(Object(GuzzleHttp\Handler\EasyHandle), Array)
#1 E:\xampp73\htdocs\filecroco\loader\vendor\guzzlehttp\guzzle\src\Handler\CurlFactory.php(102): GuzzleHttp\Handler\CurlFactory::finishError(Object(GuzzleHttp\Handler\CurlMultiHandler), Object(GuzzleHttp\Handler\EasyHandle), Object(GuzzleHttp\Handler\CurlFactory))
#2 E:\xampp73\htdocs\filecroco\loader\vendor\guzzlehttp\guzzle\src\Handler\CurlMultiHandler.php(181): GuzzleHttp\Handler\CurlFactory::finish(Object(GuzzleHttp\Handler\CurlMultiHandler), Object(GuzzleHttp\Handler\EasyHandle), Object(GuzzleHttp\Handler\CurlFactory))
#3 E:\xampp73\htdocs\filecroco\loader\vendor\guzzlehttp\guzzle\src\Handler\CurlMultiHandler.php(110): GuzzleHttp\Handler\CurlMultiHandler->processMessages()
#4 E:\xampp73\htdocs\filecroco\loader\vendor\guzzlehttp\guzzle\src\Handler\CurlMultiHandler.php(125): GuzzleHttp\Handler\CurlMultiHandler->tick()
#5 E:\xampp73\htdocs\filecroco\loader\vendor\guzzlehttp\promises\src\Promise.php(246): GuzzleHttp\Handler\CurlMultiHandler->execute(true)
#6 E:\xampp73\htdocs\filecroco\loader\vendor\guzzlehttp\promises\src\Promise.php(223): GuzzleHttp\Promise\Promise->invokeWaitFn()
#7 E:\xampp73\htdocs\filecroco\loader\vendor\guzzlehttp\promises\src\Promise.php(267): GuzzleHttp\Promise\Promise->waitIfPending()
#8 E:\xampp73\htdocs\filecroco\loader\vendor\guzzlehttp\promises\src\Promise.php(225): GuzzleHttp\Promise\Promise->invokeWaitList()
#9 E:\xampp73\htdocs\filecroco\loader\vendor\guzzlehttp\promises\src\Promise.php(62): GuzzleHttp\Promise\Promise->waitIfPending()
#10 E:\xampp73\htdocs\filecroco\loader\vendor\guzzlehttp\promises\src\EachPromise.php(101): GuzzleHttp\Promise\Promise->wait()
#11 E:\xampp73\htdocs\filecroco\loader\vendor\guzzlehttp\promises\src\Promise.php(246): GuzzleHttp\Promise\EachPromise->GuzzleHttp\Promise\{closure}(true)
#12 E:\xampp73\htdocs\filecroco\loader\vendor\guzzlehttp\promises\src\Promise.php(223): GuzzleHttp\Promise\Promise->invokeWaitFn()
#13 E:\xampp73\htdocs\filecroco\loader\vendor\guzzlehttp\promises\src\Promise.php(62): GuzzleHttp\Promise\Promise->waitIfPending()
#14 E:\xampp73\htdocs\filecroco\loader\updatedownloadlink.php(95): GuzzleHttp\Promise\Promise->wait()
#15 {main}|1369GuzzleHttp\Exception\RequestException: cURL error 56:  (see http://curl.haxx.se/libcurl/c/libcurl-errors.html) in E:\xampp73\htdocs\filecroco\loader\vendor\guzzlehttp\guzzle\src\Handler\CurlFactory.php:186
Stack trace:
#0 E:\xampp73\htdocs\filecroco\loader\vendor\guzzlehttp\guzzle\src\Handler\CurlFactory.php(149): GuzzleHttp\Handler\CurlFactory::createRejection(Object(GuzzleHttp\Handler\EasyHandle), Array)
#1 E:\xampp73\htdocs\filecroco\loader\vendor\guzzlehttp\guzzle\src\Handler\CurlFactory.php(102): GuzzleHttp\Handler\CurlFactory::finishError(Object(GuzzleHttp\Handler\CurlMultiHandler), Object(GuzzleHttp\Handler\EasyHandle), Object(GuzzleHttp\Handler\CurlFactory))
#2 E:\xampp73\htdocs\filecroco\loader\vendor\guzzlehttp\guzzle\src\Handler\CurlMultiHandler.php(181): GuzzleHttp\Handler\CurlFactory::finish(Object(GuzzleHttp\Handler\CurlMultiHandler), Object(GuzzleHttp\Handler\EasyHandle), Object(GuzzleHttp\Handler\CurlFactory))
#3 E:\xampp73\htdocs\filecroco\loader\vendor\guzzlehttp\guzzle\src\Handler\CurlMultiHandler.php(110): GuzzleHttp\Handler\CurlMultiHandler->processMessages()
#4 E:\xampp73\htdocs\filecroco\loader\vendor\guzzlehttp\guzzle\src\Handler\CurlMultiHandler.php(125): GuzzleHttp\Handler\CurlMultiHandler->tick()
#5 E:\xampp73\htdocs\filecroco\loader\vendor\guzzlehttp\promises\src\Promise.php(246): GuzzleHttp\Handler\CurlMultiHandler->execute(true)
#6 E:\xampp73\htdocs\filecroco\loader\vendor\guzzlehttp\promises\src\Promise.php(223): GuzzleHttp\Promise\Promise->invokeWaitFn()
#7 E:\xampp73\htdocs\filecroco\loader\vendor\guzzlehttp\promises\src\Promise.php(267): GuzzleHttp\Promise\Promise->waitIfPending()
#8 E:\xampp73\htdocs\filecroco\loader\vendor\guzzlehttp\promises\src\Promise.php(225): GuzzleHttp\Promise\Promise->invokeWaitList()
#9 E:\xampp73\htdocs\filecroco\loader\vendor\guzzlehttp\promises\src\Promise.php(62): GuzzleHttp\Promise\Promise->waitIfPending()
#10 E:\xampp73\htdocs\filecroco\loader\vendor\guzzlehttp\promises\src\EachPromise.php(101): GuzzleHttp\Promise\Promise->wait()
#11 E:\xampp73\htdocs\filecroco\loader\vendor\guzzlehttp\promises\src\Promise.php(246): GuzzleHttp\Promise\EachPromise->GuzzleHttp\Promise\{closure}(true)
#12 E:\xampp73\htdocs\filecroco\loader\vendor\guzzlehttp\promises\src\Promise.php(223): GuzzleHttp\Promise\Promise->invokeWaitFn()
#13 E:\xampp73\htdocs\filecroco\loader\vendor\guzzlehttp\promises\src\Promise.php(62): GuzzleHttp\Promise\Promise->waitIfPending()
#14 E:\xampp73\htdocs\filecroco\loader\updatedownloadlink.php(95): GuzzleHttp\Promise\Promise->wait()
#15 {main}|1370GuzzleHttp\Exception\RequestException: cURL error 56:  (see http://curl.haxx.se/libcurl/c/libcurl-errors.html) in E:\xampp73\htdocs\filecroco\loader\vendor\guzzlehttp\guzzle\src\Handler\CurlFactory.php:186
Stack trace:
#0 E:\xampp73\htdocs\filecroco\loader\vendor\guzzlehttp\guzzle\src\Handler\CurlFactory.php(149): GuzzleHttp\Handler\CurlFactory::createRejection(Object(GuzzleHttp\Handler\EasyHandle), Array)
#1 E:\xampp73\htdocs\filecroco\loader\vendor\guzzlehttp\guzzle\src\Handler\CurlFactory.php(102): GuzzleHttp\Handler\CurlFactory::finishError(Object(GuzzleHttp\Handler\CurlMultiHandler), Object(GuzzleHttp\Handler\EasyHandle), Object(GuzzleHttp\Handler\CurlFactory))
#2 E:\xampp73\htdocs\filecroco\loader\vendor\guzzlehttp\guzzle\src\Handler\CurlMultiHandler.php(181): GuzzleHttp\Handler\CurlFactory::finish(Object(GuzzleHttp\Handler\CurlMultiHandler), Object(GuzzleHttp\Handler\EasyHandle), Object(GuzzleHttp\Handler\CurlFactory))
#3 E:\xampp73\htdocs\filecroco\loader\vendor\guzzlehttp\guzzle\src\Handler\CurlMultiHandler.php(110): GuzzleHttp\Handler\CurlMultiHandler->processMessages()
#4 E:\xampp73\htdocs\filecroco\loader\vendor\guzzlehttp\guzzle\src\Handler\CurlMultiHandler.php(125): GuzzleHttp\Handler\CurlMultiHandler->tick()
#5 E:\xampp73\htdocs\filecroco\loader\vendor\guzzlehttp\promises\src\Promise.php(246): GuzzleHttp\Handler\CurlMultiHandler->execute(true)
#6 E:\xampp73\htdocs\filecroco\loader\vendor\guzzlehttp\promises\src\Promise.php(223): GuzzleHttp\Promise\Promise->invokeWaitFn()
#7 E:\xampp73\htdocs\filecroco\loader\vendor\guzzlehttp\promises\src\Promise.php(267): GuzzleHttp\Promise\Promise->waitIfPending()
#8 E:\xampp73\htdocs\filecroco\loader\vendor\guzzlehttp\promises\src\Promise.php(225): GuzzleHttp\Promise\Promise->invokeWaitList()
#9 E:\xampp73\htdocs\filecroco\loader\vendor\guzzlehttp\promises\src\Promise.php(62): GuzzleHttp\Promise\Promise->waitIfPending()
#10 E:\xampp73\htdocs\filecroco\loader\vendor\guzzlehttp\promises\src\EachPromise.php(101): GuzzleHttp\Promise\Promise->wait()
#11 E:\xampp73\htdocs\filecroco\loader\vendor\guzzlehttp\promises\src\Promise.php(246): GuzzleHttp\Promise\EachPromise->GuzzleHttp\Promise\{closure}(true)
#12 E:\xampp73\htdocs\filecroco\loader\vendor\guzzlehttp\promises\src\Promise.php(223): GuzzleHttp\Promise\Promise->invokeWaitFn()
#13 E:\xampp73\htdocs\filecroco\loader\vendor\guzzlehttp\promises\src\Promise.php(62): GuzzleHttp\Promise\Promise->waitIfPending()
#14 E:\xampp73\htdocs\filecroco\loader\updatedownloadlink.php(95): GuzzleHttp\Promise\Promise->wait()
#15 {main}|1371GuzzleHttp\Exception\RequestException: cURL error 56:  (see http://curl.haxx.se/libcurl/c/libcurl-errors.html) in E:\xampp73\htdocs\filecroco\loader\vendor\guzzlehttp\guzzle\src\Handler\CurlFactory.php:186
Stack trace:
#0 E:\xampp73\htdocs\filecroco\loader\vendor\guzzlehttp\guzzle\src\Handler\CurlFactory.php(149): GuzzleHttp\Handler\CurlFactory::createRejection(Object(GuzzleHttp\Handler\EasyHandle), Array)
#1 E:\xampp73\htdocs\filecroco\loader\vendor\guzzlehttp\guzzle\src\Handler\CurlFactory.php(102): GuzzleHttp\Handler\CurlFactory::finishError(Object(GuzzleHttp\Handler\CurlMultiHandler), Object(GuzzleHttp\Handler\EasyHandle), Object(GuzzleHttp\Handler\CurlFactory))
#2 E:\xampp73\htdocs\filecroco\loader\vendor\guzzlehttp\guzzle\src\Handler\CurlMultiHandler.php(181): GuzzleHttp\Handler\CurlFactory::finish(Object(GuzzleHttp\Handler\CurlMultiHandler), Object(GuzzleHttp\Handler\EasyHandle), Object(GuzzleHttp\Handler\CurlFactory))
#3 E:\xampp73\htdocs\filecroco\loader\vendor\guzzlehttp\guzzle\src\Handler\CurlMultiHandler.php(110): GuzzleHttp\Handler\CurlMultiHandler->processMessages()
#4 E:\xampp73\htdocs\filecroco\loader\vendor\guzzlehttp\guzzle\src\Handler\CurlMultiHandler.php(125): GuzzleHttp\Handler\CurlMultiHandler->tick()
#5 E:\xampp73\htdocs\filecroco\loader\vendor\guzzlehttp\promises\src\Promise.php(246): GuzzleHttp\Handler\CurlMultiHandler->execute(true)
#6 E:\xampp73\htdocs\filecroco\loader\vendor\guzzlehttp\promises\src\Promise.php(223): GuzzleHttp\Promise\Promise->invokeWaitFn()
#7 E:\xampp73\htdocs\filecroco\loader\vendor\guzzlehttp\promises\src\Promise.php(267): GuzzleHttp\Promise\Promise->waitIfPending()
#8 E:\xampp73\htdocs\filecroco\loader\vendor\guzzlehttp\promises\src\Promise.php(225): GuzzleHttp\Promise\Promise->invokeWaitList()
#9 E:\xampp73\htdocs\filecroco\loader\vendor\guzzlehttp\promises\src\Promise.php(62): GuzzleHttp\Promise\Promise->waitIfPending()
#10 E:\xampp73\htdocs\filecroco\loader\vendor\guzzlehttp\promises\src\EachPromise.php(101): GuzzleHttp\Promise\Promise->wait()
#11 E:\xampp73\htdocs\filecroco\loader\vendor\guzzlehttp\promises\src\Promise.php(246): GuzzleHttp\Promise\EachPromise->GuzzleHttp\Promise\{closure}(true)
#12 E:\xampp73\htdocs\filecroco\loader\vendor\guzzlehttp\promises\src\Promise.php(223): GuzzleHttp\Promise\Promise->invokeWaitFn()
#13 E:\xampp73\htdocs\filecroco\loader\vendor\guzzlehttp\promises\src\Promise.php(62): GuzzleHttp\Promise\Promise->waitIfPending()
#14 E:\xampp73\htdocs\filecroco\loader\updatedownloadlink.php(95): GuzzleHttp\Promise\Promise->wait()
#15 {main}|1372GuzzleHttp\Exception\RequestException: cURL error 56:  (see http://curl.haxx.se/libcurl/c/libcurl-errors.html) in E:\xampp73\htdocs\filecroco\loader\vendor\guzzlehttp\guzzle\src\Handler\CurlFactory.php:186
Stack trace:
#0 E:\xampp73\htdocs\filecroco\loader\vendor\guzzlehttp\guzzle\src\Handler\CurlFactory.php(149): GuzzleHttp\Handler\CurlFactory::createRejection(Object(GuzzleHttp\Handler\EasyHandle), Array)
#1 E:\xampp73\htdocs\filecroco\loader\vendor\guzzlehttp\guzzle\src\Handler\CurlFactory.php(102): GuzzleHttp\Handler\CurlFactory::finishError(Object(GuzzleHttp\Handler\CurlMultiHandler), Object(GuzzleHttp\Handler\EasyHandle), Object(GuzzleHttp\Handler\CurlFactory))
#2 E:\xampp73\htdocs\filecroco\loader\vendor\guzzlehttp\guzzle\src\Handler\CurlMultiHandler.php(181): GuzzleHttp\Handler\CurlFactory::finish(Object(GuzzleHttp\Handler\CurlMultiHandler), Object(GuzzleHttp\Handler\EasyHandle), Object(GuzzleHttp\Handler\CurlFactory))
#3 E:\xampp73\htdocs\filecroco\loader\vendor\guzzlehttp\guzzle\src\Handler\CurlMultiHandler.php(110): GuzzleHttp\Handler\CurlMultiHandler->processMessages()
#4 E:\xampp73\htdocs\filecroco\loader\vendor\guzzlehttp\guzzle\src\Handler\CurlMultiHandler.php(125): GuzzleHttp\Handler\CurlMultiHandler->tick()
#5 E:\xampp73\htdocs\filecroco\loader\vendor\guzzlehttp\promises\src\Promise.php(246): GuzzleHttp\Handler\CurlMultiHandler->execute(true)
#6 E:\xampp73\htdocs\filecroco\loader\vendor\guzzlehttp\promises\src\Promise.php(223): GuzzleHttp\Promise\Promise->invokeWaitFn()
#7 E:\xampp73\htdocs\filecroco\loader\vendor\guzzlehttp\promises\src\Promise.php(267): GuzzleHttp\Promise\Promise->waitIfPending()
#8 E:\xampp73\htdocs\filecroco\loader\vendor\guzzlehttp\promises\src\Promise.php(225): GuzzleHttp\Promise\Promise->invokeWaitList()
#9 E:\xampp73\htdocs\filecroco\loader\vendor\guzzlehttp\promises\src\Promise.php(62): GuzzleHttp\Promise\Promise->waitIfPending()
#10 E:\xampp73\htdocs\filecroco\loader\vendor\guzzlehttp\promises\src\EachPromise.php(101): GuzzleHttp\Promise\Promise->wait()
#11 E:\xampp73\htdocs\filecroco\loader\vendor\guzzlehttp\promises\src\Promise.php(246): GuzzleHttp\Promise\EachPromise->GuzzleHttp\Promise\{closure}(true)
#12 E:\xampp73\htdocs\filecroco\loader\vendor\guzzlehttp\promises\src\Promise.php(223): GuzzleHttp\Promise\Promise->invokeWaitFn()
#13 E:\xampp73\htdocs\filecroco\loader\vendor\guzzlehttp\promises\src\Promise.php(62): GuzzleHttp\Promise\Promise->waitIfPending()
#14 E:\xampp73\htdocs\filecroco\loader\updatedownloadlink.php(95): GuzzleHttp\Promise\Promise->wait()
#15 {main}|1373GuzzleHttp\Exception\RequestException: cURL error 56:  (see http://curl.haxx.se/libcurl/c/libcurl-errors.html) in E:\xampp73\htdocs\filecroco\loader\vendor\guzzlehttp\guzzle\src\Handler\CurlFactory.php:186
Stack trace:
#0 E:\xampp73\htdocs\filecroco\loader\vendor\guzzlehttp\guzzle\src\Handler\CurlFactory.php(149): GuzzleHttp\Handler\CurlFactory::createRejection(Object(GuzzleHttp\Handler\EasyHandle), Array)
#1 E:\xampp73\htdocs\filecroco\loader\vendor\guzzlehttp\guzzle\src\Handler\CurlFactory.php(102): GuzzleHttp\Handler\CurlFactory::finishError(Object(GuzzleHttp\Handler\CurlMultiHandler), Object(GuzzleHttp\Handler\EasyHandle), Object(GuzzleHttp\Handler\CurlFactory))
#2 E:\xampp73\htdocs\filecroco\loader\vendor\guzzlehttp\guzzle\src\Handler\CurlMultiHandler.php(181): GuzzleHttp\Handler\CurlFactory::finish(Object(GuzzleHttp\Handler\CurlMultiHandler), Object(GuzzleHttp\Handler\EasyHandle), Object(GuzzleHttp\Handler\CurlFactory))
#3 E:\xampp73\htdocs\filecroco\loader\vendor\guzzlehttp\guzzle\src\Handler\CurlMultiHandler.php(110): GuzzleHttp\Handler\CurlMultiHandler->processMessages()
#4 E:\xampp73\htdocs\filecroco\loader\vendor\guzzlehttp\guzzle\src\Handler\CurlMultiHandler.php(125): GuzzleHttp\Handler\CurlMultiHandler->tick()
#5 E:\xampp73\htdocs\filecroco\loader\vendor\guzzlehttp\promises\src\Promise.php(246): GuzzleHttp\Handler\CurlMultiHandler->execute(true)
#6 E:\xampp73\htdocs\filecroco\loader\vendor\guzzlehttp\promises\src\Promise.php(223): GuzzleHttp\Promise\Promise->invokeWaitFn()
#7 E:\xampp73\htdocs\filecroco\loader\vendor\guzzlehttp\promises\src\Promise.php(267): GuzzleHttp\Promise\Promise->waitIfPending()
#8 E:\xampp73\htdocs\filecroco\loader\vendor\guzzlehttp\promises\src\Promise.php(225): GuzzleHttp\Promise\Promise->invokeWaitList()
#9 E:\xampp73\htdocs\filecroco\loader\vendor\guzzlehttp\promises\src\Promise.php(62): GuzzleHttp\Promise\Promise->waitIfPending()
#10 E:\xampp73\htdocs\filecroco\loader\vendor\guzzlehttp\promises\src\EachPromise.php(101): GuzzleHttp\Promise\Promise->wait()
#11 E:\xampp73\htdocs\filecroco\loader\vendor\guzzlehttp\promises\src\Promise.php(246): GuzzleHttp\Promise\EachPromise->GuzzleHttp\Promise\{closure}(true)
#12 E:\xampp73\htdocs\filecroco\loader\vendor\guzzlehttp\promises\src\Promise.php(223): GuzzleHttp\Promise\Promise->invokeWaitFn()
#13 E:\xampp73\htdocs\filecroco\loader\vendor\guzzlehttp\promises\src\Promise.php(62): GuzzleHttp\Promise\Promise->waitIfPending()
#14 E:\xampp73\htdocs\filecroco\loader\updatedownloadlink.php(95): GuzzleHttp\Promise\Promise->wait()
#15 {main}|1374GuzzleHttp\Exception\RequestException: cURL error 56:  (see http://curl.haxx.se/libcurl/c/libcurl-errors.html) in E:\xampp73\htdocs\filecroco\loader\vendor\guzzlehttp\guzzle\src\Handler\CurlFactory.php:186
Stack trace:
#0 E:\xampp73\htdocs\filecroco\loader\vendor\guzzlehttp\guzzle\src\Handler\CurlFactory.php(149): GuzzleHttp\Handler\CurlFactory::createRejection(Object(GuzzleHttp\Handler\EasyHandle), Array)
#1 E:\xampp73\htdocs\filecroco\loader\vendor\guzzlehttp\guzzle\src\Handler\CurlFactory.php(102): GuzzleHttp\Handler\CurlFactory::finishError(Object(GuzzleHttp\Handler\CurlMultiHandler), Object(GuzzleHttp\Handler\EasyHandle), Object(GuzzleHttp\Handler\CurlFactory))
#2 E:\xampp73\htdocs\filecroco\loader\vendor\guzzlehttp\guzzle\src\Handler\CurlMultiHandler.php(181): GuzzleHttp\Handler\CurlFactory::finish(Object(GuzzleHttp\Handler\CurlMultiHandler), Object(GuzzleHttp\Handler\EasyHandle), Object(GuzzleHttp\Handler\CurlFactory))
#3 E:\xampp73\htdocs\filecroco\loader\vendor\guzzlehttp\guzzle\src\Handler\CurlMultiHandler.php(110): GuzzleHttp\Handler\CurlMultiHandler->processMessages()
#4 E:\xampp73\htdocs\filecroco\loader\vendor\guzzlehttp\guzzle\src\Handler\CurlMultiHandler.php(125): GuzzleHttp\Handler\CurlMultiHandler->tick()
#5 E:\xampp73\htdocs\filecroco\loader\vendor\guzzlehttp\promises\src\Promise.php(246): GuzzleHttp\Handler\CurlMultiHandler->execute(true)
#6 E:\xampp73\htdocs\filecroco\loader\vendor\guzzlehttp\promises\src\Promise.php(223): GuzzleHttp\Promise\Promise->invokeWaitFn()
#7 E:\xampp73\htdocs\filecroco\loader\vendor\guzzlehttp\promises\src\Promise.php(267): GuzzleHttp\Promise\Promise->waitIfPending()
#8 E:\xampp73\htdocs\filecroco\loader\vendor\guzzlehttp\promises\src\Promise.php(225): GuzzleHttp\Promise\Promise->invokeWaitList()
#9 E:\xampp73\htdocs\filecroco\loader\vendor\guzzlehttp\promises\src\Promise.php(62): GuzzleHttp\Promise\Promise->waitIfPending()
#10 E:\xampp73\htdocs\filecroco\loader\vendor\guzzlehttp\promises\src\EachPromise.php(101): GuzzleHttp\Promise\Promise->wait()
#11 E:\xampp73\htdocs\filecroco\loader\vendor\guzzlehttp\promises\src\Promise.php(246): GuzzleHttp\Promise\EachPromise->GuzzleHttp\Promise\{closure}(true)
#12 E:\xampp73\htdocs\filecroco\loader\vendor\guzzlehttp\promises\src\Promise.php(223): GuzzleHttp\Promise\Promise->invokeWaitFn()
#13 E:\xampp73\htdocs\filecroco\loader\vendor\guzzlehttp\promises\src\Promise.php(62): GuzzleHttp\Promise\Promise->waitIfPending()
#14 E:\xampp73\htdocs\filecroco\loader\updatedownloadlink.php(95): GuzzleHttp\Promise\Promise->wait()
#15 {main}|1375GuzzleHttp\Exception\RequestException: cURL error 56:  (see http://curl.haxx.se/libcurl/c/libcurl-errors.html) in E:\xampp73\htdocs\filecroco\loader\vendor\guzzlehttp\guzzle\src\Handler\CurlFactory.php:186
Stack trace:
#0 E:\xampp73\htdocs\filecroco\loader\vendor\guzzlehttp\guzzle\src\Handler\CurlFactory.php(149): GuzzleHttp\Handler\CurlFactory::createRejection(Object(GuzzleHttp\Handler\EasyHandle), Array)
#1 E:\xampp73\htdocs\filecroco\loader\vendor\guzzlehttp\guzzle\src\Handler\CurlFactory.php(102): GuzzleHttp\Handler\CurlFactory::finishError(Object(GuzzleHttp\Handler\CurlMultiHandler), Object(GuzzleHttp\Handler\EasyHandle), Object(GuzzleHttp\Handler\CurlFactory))
#2 E:\xampp73\htdocs\filecroco\loader\vendor\guzzlehttp\guzzle\src\Handler\CurlMultiHandler.php(181): GuzzleHttp\Handler\CurlFactory::finish(Object(GuzzleHttp\Handler\CurlMultiHandler), Object(GuzzleHttp\Handler\EasyHandle), Object(GuzzleHttp\Handler\CurlFactory))
#3 E:\xampp73\htdocs\filecroco\loader\vendor\guzzlehttp\guzzle\src\Handler\CurlMultiHandler.php(110): GuzzleHttp\Handler\CurlMultiHandler->processMessages()
#4 E:\xampp73\htdocs\filecroco\loader\vendor\guzzlehttp\guzzle\src\Handler\CurlMultiHandler.php(125): GuzzleHttp\Handler\CurlMultiHandler->tick()
#5 E:\xampp73\htdocs\filecroco\loader\vendor\guzzlehttp\promises\src\Promise.php(246): GuzzleHttp\Handler\CurlMultiHandler->execute(true)
#6 E:\xampp73\htdocs\filecroco\loader\vendor\guzzlehttp\promises\src\Promise.php(223): GuzzleHttp\Promise\Promise->invokeWaitFn()
#7 E:\xampp73\htdocs\filecroco\loader\vendor\guzzlehttp\promises\src\Promise.php(267): GuzzleHttp\Promise\Promise->waitIfPending()
#8 E:\xampp73\htdocs\filecroco\loader\vendor\guzzlehttp\promises\src\Promise.php(225): GuzzleHttp\Promise\Promise->invokeWaitList()
#9 E:\xampp73\htdocs\filecroco\loader\vendor\guzzlehttp\promises\src\Promise.php(62): GuzzleHttp\Promise\Promise->waitIfPending()
#10 E:\xampp73\htdocs\filecroco\loader\vendor\guzzlehttp\promises\src\EachPromise.php(101): GuzzleHttp\Promise\Promise->wait()
#11 E:\xampp73\htdocs\filecroco\loader\vendor\guzzlehttp\promises\src\Promise.php(246): GuzzleHttp\Promise\EachPromise->GuzzleHttp\Promise\{closure}(true)
#12 E:\xampp73\htdocs\filecroco\loader\vendor\guzzlehttp\promises\src\Promise.php(223): GuzzleHttp\Promise\Promise->invokeWaitFn()
#13 E:\xampp73\htdocs\filecroco\loader\vendor\guzzlehttp\promises\src\Promise.php(62): GuzzleHttp\Promise\Promise->waitIfPending()
#14 E:\xampp73\htdocs\filecroco\loader\updatedownloadlink.php(95): GuzzleHttp\Promise\Promise->wait()
#15 {main}|1376GuzzleHttp\Exception\RequestException: cURL error 56:  (see http://curl.haxx.se/libcurl/c/libcurl-errors.html) in E:\xampp73\htdocs\filecroco\loader\vendor\guzzlehttp\guzzle\src\Handler\CurlFactory.php:186
Stack trace:
#0 E:\xampp73\htdocs\filecroco\loader\vendor\guzzlehttp\guzzle\src\Handler\CurlFactory.php(149): GuzzleHttp\Handler\CurlFactory::createRejection(Object(GuzzleHttp\Handler\EasyHandle), Array)
#1 E:\xampp73\htdocs\filecroco\loader\vendor\guzzlehttp\guzzle\src\Handler\CurlFactory.php(102): GuzzleHttp\Handler\CurlFactory::finishError(Object(GuzzleHttp\Handler\CurlMultiHandler), Object(GuzzleHttp\Handler\EasyHandle), Object(GuzzleHttp\Handler\CurlFactory))
#2 E:\xampp73\htdocs\filecroco\loader\vendor\guzzlehttp\guzzle\src\Handler\CurlMultiHandler.php(181): GuzzleHttp\Handler\CurlFactory::finish(Object(GuzzleHttp\Handler\CurlMultiHandler), Object(GuzzleHttp\Handler\EasyHandle), Object(GuzzleHttp\Handler\CurlFactory))
#3 E:\xampp73\htdocs\filecroco\loader\vendor\guzzlehttp\guzzle\src\Handler\CurlMultiHandler.php(110): GuzzleHttp\Handler\CurlMultiHandler->processMessages()
#4 E:\xampp73\htdocs\filecroco\loader\vendor\guzzlehttp\guzzle\src\Handler\CurlMultiHandler.php(125): GuzzleHttp\Handler\CurlMultiHandler->tick()
#5 E:\xampp73\htdocs\filecroco\loader\vendor\guzzlehttp\promises\src\Promise.php(246): GuzzleHttp\Handler\CurlMultiHandler->execute(true)
#6 E:\xampp73\htdocs\filecroco\loader\vendor\guzzlehttp\promises\src\Promise.php(223): GuzzleHttp\Promise\Promise->invokeWaitFn()
#7 E:\xampp73\htdocs\filecroco\loader\vendor\guzzlehttp\promises\src\Promise.php(267): GuzzleHttp\Promise\Promise->waitIfPending()
#8 E:\xampp73\htdocs\filecroco\loader\vendor\guzzlehttp\promises\src\Promise.php(225): GuzzleHttp\Promise\Promise->invokeWaitList()
#9 E:\xampp73\htdocs\filecroco\loader\vendor\guzzlehttp\promises\src\Promise.php(62): GuzzleHttp\Promise\Promise->waitIfPending()
#10 E:\xampp73\htdocs\filecroco\loader\vendor\guzzlehttp\promises\src\EachPromise.php(101): GuzzleHttp\Promise\Promise->wait()
#11 E:\xampp73\htdocs\filecroco\loader\vendor\guzzlehttp\promises\src\Promise.php(246): GuzzleHttp\Promise\EachPromise->GuzzleHttp\Promise\{closure}(true)
#12 E:\xampp73\htdocs\filecroco\loader\vendor\guzzlehttp\promises\src\Promise.php(223): GuzzleHttp\Promise\Promise->invokeWaitFn()
#13 E:\xampp73\htdocs\filecroco\loader\vendor\guzzlehttp\promises\src\Promise.php(62): GuzzleHttp\Promise\Promise->waitIfPending()
#14 E:\xampp73\htdocs\filecroco\loader\updatedownloadlink.php(95): GuzzleHttp\Promise\Promise->wait()
#15 {main}|1377GuzzleHttp\Exception\RequestException: cURL error 56:  (see http://curl.haxx.se/libcurl/c/libcurl-errors.html) in E:\xampp73\htdocs\filecroco\loader\vendor\guzzlehttp\guzzle\src\Handler\CurlFactory.php:186
Stack trace:
#0 E:\xampp73\htdocs\filecroco\loader\vendor\guzzlehttp\guzzle\src\Handler\CurlFactory.php(149): GuzzleHttp\Handler\CurlFactory::createRejection(Object(GuzzleHttp\Handler\EasyHandle), Array)
#1 E:\xampp73\htdocs\filecroco\loader\vendor\guzzlehttp\guzzle\src\Handler\CurlFactory.php(102): GuzzleHttp\Handler\CurlFactory::finishError(Object(GuzzleHttp\Handler\CurlMultiHandler), Object(GuzzleHttp\Handler\EasyHandle), Object(GuzzleHttp\Handler\CurlFactory))
#2 E:\xampp73\htdocs\filecroco\loader\vendor\guzzlehttp\guzzle\src\Handler\CurlMultiHandler.php(181): GuzzleHttp\Handler\CurlFactory::finish(Object(GuzzleHttp\Handler\CurlMultiHandler), Object(GuzzleHttp\Handler\EasyHandle), Object(GuzzleHttp\Handler\CurlFactory))
#3 E:\xampp73\htdocs\filecroco\loader\vendor\guzzlehttp\guzzle\src\Handler\CurlMultiHandler.php(110): GuzzleHttp\Handler\CurlMultiHandler->processMessages()
#4 E:\xampp73\htdocs\filecroco\loader\vendor\guzzlehttp\guzzle\src\Handler\CurlMultiHandler.php(125): GuzzleHttp\Handler\CurlMultiHandler->tick()
#5 E:\xampp73\htdocs\filecroco\loader\vendor\guzzlehttp\promises\src\Promise.php(246): GuzzleHttp\Handler\CurlMultiHandler->execute(true)
#6 E:\xampp73\htdocs\filecroco\loader\vendor\guzzlehttp\promises\src\Promise.php(223): GuzzleHttp\Promise\Promise->invokeWaitFn()
#7 E:\xampp73\htdocs\filecroco\loader\vendor\guzzlehttp\promises\src\Promise.php(267): GuzzleHttp\Promise\Promise->waitIfPending()
#8 E:\xampp73\htdocs\filecroco\loader\vendor\guzzlehttp\promises\src\Promise.php(225): GuzzleHttp\Promise\Promise->invokeWaitList()
#9 E:\xampp73\htdocs\filecroco\loader\vendor\guzzlehttp\promises\src\Promise.php(62): GuzzleHttp\Promise\Promise->waitIfPending()
#10 E:\xampp73\htdocs\filecroco\loader\vendor\guzzlehttp\promises\src\EachPromise.php(101): GuzzleHttp\Promise\Promise->wait()
#11 E:\xampp73\htdocs\filecroco\loader\vendor\guzzlehttp\promises\src\Promise.php(246): GuzzleHttp\Promise\EachPromise->GuzzleHttp\Promise\{closure}(true)
#12 E:\xampp73\htdocs\filecroco\loader\vendor\guzzlehttp\promises\src\Promise.php(223): GuzzleHttp\Promise\Promise->invokeWaitFn()
#13 E:\xampp73\htdocs\filecroco\loader\vendor\guzzlehttp\promises\src\Promise.php(62): GuzzleHttp\Promise\Promise->waitIfPending()
#14 E:\xampp73\htdocs\filecroco\loader\updatedownloadlink.php(95): GuzzleHttp\Promise\Promise->wait()
#15 {main}|1378GuzzleHttp\Exception\RequestException: cURL error 56:  (see http://curl.haxx.se/libcurl/c/libcurl-errors.html) in E:\xampp73\htdocs\filecroco\loader\vendor\guzzlehttp\guzzle\src\Handler\CurlFactory.php:186
Stack trace:
#0 E:\xampp73\htdocs\filecroco\loader\vendor\guzzlehttp\guzzle\src\Handler\CurlFactory.php(149): GuzzleHttp\Handler\CurlFactory::createRejection(Object(GuzzleHttp\Handler\EasyHandle), Array)
#1 E:\xampp73\htdocs\filecroco\loader\vendor\guzzlehttp\guzzle\src\Handler\CurlFactory.php(102): GuzzleHttp\Handler\CurlFactory::finishError(Object(GuzzleHttp\Handler\CurlMultiHandler), Object(GuzzleHttp\Handler\EasyHandle), Object(GuzzleHttp\Handler\CurlFactory))
#2 E:\xampp73\htdocs\filecroco\loader\vendor\guzzlehttp\guzzle\src\Handler\CurlMultiHandler.php(181): GuzzleHttp\Handler\CurlFactory::finish(Object(GuzzleHttp\Handler\CurlMultiHandler), Object(GuzzleHttp\Handler\EasyHandle), Object(GuzzleHttp\Handler\CurlFactory))
#3 E:\xampp73\htdocs\filecroco\loader\vendor\guzzlehttp\guzzle\src\Handler\CurlMultiHandler.php(110): GuzzleHttp\Handler\CurlMultiHandler->processMessages()
#4 E:\xampp73\htdocs\filecroco\loader\vendor\guzzlehttp\guzzle\src\Handler\CurlMultiHandler.php(125): GuzzleHttp\Handler\CurlMultiHandler->tick()
#5 E:\xampp73\htdocs\filecroco\loader\vendor\guzzlehttp\promises\src\Promise.php(246): GuzzleHttp\Handler\CurlMultiHandler->execute(true)
#6 E:\xampp73\htdocs\filecroco\loader\vendor\guzzlehttp\promises\src\Promise.php(223): GuzzleHttp\Promise\Promise->invokeWaitFn()
#7 E:\xampp73\htdocs\filecroco\loader\vendor\guzzlehttp\promises\src\Promise.php(267): GuzzleHttp\Promise\Promise->waitIfPending()
#8 E:\xampp73\htdocs\filecroco\loader\vendor\guzzlehttp\promises\src\Promise.php(225): GuzzleHttp\Promise\Promise->invokeWaitList()
#9 E:\xampp73\htdocs\filecroco\loader\vendor\guzzlehttp\promises\src\Promise.php(62): GuzzleHttp\Promise\Promise->waitIfPending()
#10 E:\xampp73\htdocs\filecroco\loader\vendor\guzzlehttp\promises\src\EachPromise.php(101): GuzzleHttp\Promise\Promise->wait()
#11 E:\xampp73\htdocs\filecroco\loader\vendor\guzzlehttp\promises\src\Promise.php(246): GuzzleHttp\Promise\EachPromise->GuzzleHttp\Promise\{closure}(true)
#12 E:\xampp73\htdocs\filecroco\loader\vendor\guzzlehttp\promises\src\Promise.php(223): GuzzleHttp\Promise\Promise->invokeWaitFn()
#13 E:\xampp73\htdocs\filecroco\loader\vendor\guzzlehttp\promises\src\Promise.php(62): GuzzleHttp\Promise\Promise->waitIfPending()
#14 E:\xampp73\htdocs\filecroco\loader\updatedownloadlink.php(95): GuzzleHttp\Promise\Promise->wait()
#15 {main}|1379GuzzleHttp\Exception\RequestException: cURL error 56:  (see http://curl.haxx.se/libcurl/c/libcurl-errors.html) in E:\xampp73\htdocs\filecroco\loader\vendor\guzzlehttp\guzzle\src\Handler\CurlFactory.php:186
Stack trace:
#0 E:\xampp73\htdocs\filecroco\loader\vendor\guzzlehttp\guzzle\src\Handler\CurlFactory.php(149): GuzzleHttp\Handler\CurlFactory::createRejection(Object(GuzzleHttp\Handler\EasyHandle), Array)
#1 E:\xampp73\htdocs\filecroco\loader\vendor\guzzlehttp\guzzle\src\Handler\CurlFactory.php(102): GuzzleHttp\Handler\CurlFactory::finishError(Object(GuzzleHttp\Handler\CurlMultiHandler), Object(GuzzleHttp\Handler\EasyHandle), Object(GuzzleHttp\Handler\CurlFactory))
#2 E:\xampp73\htdocs\filecroco\loader\vendor\guzzlehttp\guzzle\src\Handler\CurlMultiHandler.php(181): GuzzleHttp\Handler\CurlFactory::finish(Object(GuzzleHttp\Handler\CurlMultiHandler), Object(GuzzleHttp\Handler\EasyHandle), Object(GuzzleHttp\Handler\CurlFactory))
#3 E:\xampp73\htdocs\filecroco\loader\vendor\guzzlehttp\guzzle\src\Handler\CurlMultiHandler.php(110): GuzzleHttp\Handler\CurlMultiHandler->processMessages()
#4 E:\xampp73\htdocs\filecroco\loader\vendor\guzzlehttp\guzzle\src\Handler\CurlMultiHandler.php(125): GuzzleHttp\Handler\CurlMultiHandler->tick()
#5 E:\xampp73\htdocs\filecroco\loader\vendor\guzzlehttp\promises\src\Promise.php(246): GuzzleHttp\Handler\CurlMultiHandler->execute(true)
#6 E:\xampp73\htdocs\filecroco\loader\vendor\guzzlehttp\promises\src\Promise.php(223): GuzzleHttp\Promise\Promise->invokeWaitFn()
#7 E:\xampp73\htdocs\filecroco\loader\vendor\guzzlehttp\promises\src\Promise.php(267): GuzzleHttp\Promise\Promise->waitIfPending()
#8 E:\xampp73\htdocs\filecroco\loader\vendor\guzzlehttp\promises\src\Promise.php(225): GuzzleHttp\Promise\Promise->invokeWaitList()
#9 E:\xampp73\htdocs\filecroco\loader\vendor\guzzlehttp\promises\src\Promise.php(62): GuzzleHttp\Promise\Promise->waitIfPending()
#10 E:\xampp73\htdocs\filecroco\loader\vendor\guzzlehttp\promises\src\EachPromise.php(101): GuzzleHttp\Promise\Promise->wait()
#11 E:\xampp73\htdocs\filecroco\loader\vendor\guzzlehttp\promises\src\Promise.php(246): GuzzleHttp\Promise\EachPromise->GuzzleHttp\Promise\{closure}(true)
#12 E:\xampp73\htdocs\filecroco\loader\vendor\guzzlehttp\promises\src\Promise.php(223): GuzzleHttp\Promise\Promise->invokeWaitFn()
#13 E:\xampp73\htdocs\filecroco\loader\vendor\guzzlehttp\promises\src\Promise.php(62): GuzzleHttp\Promise\Promise->waitIfPending()
#14 E:\xampp73\htdocs\filecroco\loader\updatedownloadlink.php(95): GuzzleHttp\Promise\Promise->wait()
#15 {main}|1380GuzzleHttp\Exception\RequestException: cURL error 56:  (see http://curl.haxx.se/libcurl/c/libcurl-errors.html) in E:\xampp73\htdocs\filecroco\loader\vendor\guzzlehttp\guzzle\src\Handler\CurlFactory.php:186
Stack trace:
#0 E:\xampp73\htdocs\filecroco\loader\vendor\guzzlehttp\guzzle\src\Handler\CurlFactory.php(149): GuzzleHttp\Handler\CurlFactory::createRejection(Object(GuzzleHttp\Handler\EasyHandle), Array)
#1 E:\xampp73\htdocs\filecroco\loader\vendor\guzzlehttp\guzzle\src\Handler\CurlFactory.php(102): GuzzleHttp\Handler\CurlFactory::finishError(Object(GuzzleHttp\Handler\CurlMultiHandler), Object(GuzzleHttp\Handler\EasyHandle), Object(GuzzleHttp\Handler\CurlFactory))
#2 E:\xampp73\htdocs\filecroco\loader\vendor\guzzlehttp\guzzle\src\Handler\CurlMultiHandler.php(181): GuzzleHttp\Handler\CurlFactory::finish(Object(GuzzleHttp\Handler\CurlMultiHandler), Object(GuzzleHttp\Handler\EasyHandle), Object(GuzzleHttp\Handler\CurlFactory))
#3 E:\xampp73\htdocs\filecroco\loader\vendor\guzzlehttp\guzzle\src\Handler\CurlMultiHandler.php(110): GuzzleHttp\Handler\CurlMultiHandler->processMessages()
#4 E:\xampp73\htdocs\filecroco\loader\vendor\guzzlehttp\guzzle\src\Handler\CurlMultiHandler.php(125): GuzzleHttp\Handler\CurlMultiHandler->tick()
#5 E:\xampp73\htdocs\filecroco\loader\vendor\guzzlehttp\promises\src\Promise.php(246): GuzzleHttp\Handler\CurlMultiHandler->execute(true)
#6 E:\xampp73\htdocs\filecroco\loader\vendor\guzzlehttp\promises\src\Promise.php(223): GuzzleHttp\Promise\Promise->invokeWaitFn()
#7 E:\xampp73\htdocs\filecroco\loader\vendor\guzzlehttp\promises\src\Promise.php(267): GuzzleHttp\Promise\Promise->waitIfPending()
#8 E:\xampp73\htdocs\filecroco\loader\vendor\guzzlehttp\promises\src\Promise.php(225): GuzzleHttp\Promise\Promise->invokeWaitList()
#9 E:\xampp73\htdocs\filecroco\loader\vendor\guzzlehttp\promises\src\Promise.php(62): GuzzleHttp\Promise\Promise->waitIfPending()
#10 E:\xampp73\htdocs\filecroco\loader\vendor\guzzlehttp\promises\src\EachPromise.php(101): GuzzleHttp\Promise\Promise->wait()
#11 E:\xampp73\htdocs\filecroco\loader\vendor\guzzlehttp\promises\src\Promise.php(246): GuzzleHttp\Promise\EachPromise->GuzzleHttp\Promise\{closure}(true)
#12 E:\xampp73\htdocs\filecroco\loader\vendor\guzzlehttp\promises\src\Promise.php(223): GuzzleHttp\Promise\Promise->invokeWaitFn()
#13 E:\xampp73\htdocs\filecroco\loader\vendor\guzzlehttp\promises\src\Promise.php(62): GuzzleHttp\Promise\Promise->waitIfPending()
#14 E:\xampp73\htdocs\filecroco\loader\updatedownloadlink.php(95): GuzzleHttp\Promise\Promise->wait()
#15 {main}|1381GuzzleHttp\Exception\RequestException: cURL error 56:  (see http://curl.haxx.se/libcurl/c/libcurl-errors.html) in E:\xampp73\htdocs\filecroco\loader\vendor\guzzlehttp\guzzle\src\Handler\CurlFactory.php:186
Stack trace:
#0 E:\xampp73\htdocs\filecroco\loader\vendor\guzzlehttp\guzzle\src\Handler\CurlFactory.php(149): GuzzleHttp\Handler\CurlFactory::createRejection(Object(GuzzleHttp\Handler\EasyHandle), Array)
#1 E:\xampp73\htdocs\filecroco\loader\vendor\guzzlehttp\guzzle\src\Handler\CurlFactory.php(102): GuzzleHttp\Handler\CurlFactory::finishError(Object(GuzzleHttp\Handler\CurlMultiHandler), Object(GuzzleHttp\Handler\EasyHandle), Object(GuzzleHttp\Handler\CurlFactory))
#2 E:\xampp73\htdocs\filecroco\loader\vendor\guzzlehttp\guzzle\src\Handler\CurlMultiHandler.php(181): GuzzleHttp\Handler\CurlFactory::finish(Object(GuzzleHttp\Handler\CurlMultiHandler), Object(GuzzleHttp\Handler\EasyHandle), Object(GuzzleHttp\Handler\CurlFactory))
#3 E:\xampp73\htdocs\filecroco\loader\vendor\guzzlehttp\guzzle\src\Handler\CurlMultiHandler.php(110): GuzzleHttp\Handler\CurlMultiHandler->processMessages()
#4 E:\xampp73\htdocs\filecroco\loader\vendor\guzzlehttp\guzzle\src\Handler\CurlMultiHandler.php(125): GuzzleHttp\Handler\CurlMultiHandler->tick()
#5 E:\xampp73\htdocs\filecroco\loader\vendor\guzzlehttp\promises\src\Promise.php(246): GuzzleHttp\Handler\CurlMultiHandler->execute(true)
#6 E:\xampp73\htdocs\filecroco\loader\vendor\guzzlehttp\promises\src\Promise.php(223): GuzzleHttp\Promise\Promise->invokeWaitFn()
#7 E:\xampp73\htdocs\filecroco\loader\vendor\guzzlehttp\promises\src\Promise.php(267): GuzzleHttp\Promise\Promise->waitIfPending()
#8 E:\xampp73\htdocs\filecroco\loader\vendor\guzzlehttp\promises\src\Promise.php(225): GuzzleHttp\Promise\Promise->invokeWaitList()
#9 E:\xampp73\htdocs\filecroco\loader\vendor\guzzlehttp\promises\src\Promise.php(62): GuzzleHttp\Promise\Promise->waitIfPending()
#10 E:\xampp73\htdocs\filecroco\loader\vendor\guzzlehttp\promises\src\EachPromise.php(101): GuzzleHttp\Promise\Promise->wait()
#11 E:\xampp73\htdocs\filecroco\loader\vendor\guzzlehttp\promises\src\Promise.php(246): GuzzleHttp\Promise\EachPromise->GuzzleHttp\Promise\{closure}(true)
#12 E:\xampp73\htdocs\filecroco\loader\vendor\guzzlehttp\promises\src\Promise.php(223): GuzzleHttp\Promise\Promise->invokeWaitFn()
#13 E:\xampp73\htdocs\filecroco\loader\vendor\guzzlehttp\promises\src\Promise.php(62): GuzzleHttp\Promise\Promise->waitIfPending()
#14 E:\xampp73\htdocs\filecroco\loader\updatedownloadlink.php(95): GuzzleHttp\Promise\Promise->wait()
#15 {main}|1382GuzzleHttp\Exception\RequestException: cURL error 56:  (see http://curl.haxx.se/libcurl/c/libcurl-errors.html) in E:\xampp73\htdocs\filecroco\loader\vendor\guzzlehttp\guzzle\src\Handler\CurlFactory.php:186
Stack trace:
#0 E:\xampp73\htdocs\filecroco\loader\vendor\guzzlehttp\guzzle\src\Handler\CurlFactory.php(149): GuzzleHttp\Handler\CurlFactory::createRejection(Object(GuzzleHttp\Handler\EasyHandle), Array)
#1 E:\xampp73\htdocs\filecroco\loader\vendor\guzzlehttp\guzzle\src\Handler\CurlFactory.php(102): GuzzleHttp\Handler\CurlFactory::finishError(Object(GuzzleHttp\Handler\CurlMultiHandler), Object(GuzzleHttp\Handler\EasyHandle), Object(GuzzleHttp\Handler\CurlFactory))
#2 E:\xampp73\htdocs\filecroco\loader\vendor\guzzlehttp\guzzle\src\Handler\CurlMultiHandler.php(181): GuzzleHttp\Handler\CurlFactory::finish(Object(GuzzleHttp\Handler\CurlMultiHandler), Object(GuzzleHttp\Handler\EasyHandle), Object(GuzzleHttp\Handler\CurlFactory))
#3 E:\xampp73\htdocs\filecroco\loader\vendor\guzzlehttp\guzzle\src\Handler\CurlMultiHandler.php(110): GuzzleHttp\Handler\CurlMultiHandler->processMessages()
#4 E:\xampp73\htdocs\filecroco\loader\vendor\guzzlehttp\guzzle\src\Handler\CurlMultiHandler.php(125): GuzzleHttp\Handler\CurlMultiHandler->tick()
#5 E:\xampp73\htdocs\filecroco\loader\vendor\guzzlehttp\promises\src\Promise.php(246): GuzzleHttp\Handler\CurlMultiHandler->execute(true)
#6 E:\xampp73\htdocs\filecroco\loader\vendor\guzzlehttp\promises\src\Promise.php(223): GuzzleHttp\Promise\Promise->invokeWaitFn()
#7 E:\xampp73\htdocs\filecroco\loader\vendor\guzzlehttp\promises\src\Promise.php(267): GuzzleHttp\Promise\Promise->waitIfPending()
#8 E:\xampp73\htdocs\filecroco\loader\vendor\guzzlehttp\promises\src\Promise.php(225): GuzzleHttp\Promise\Promise->invokeWaitList()
#9 E:\xampp73\htdocs\filecroco\loader\vendor\guzzlehttp\promises\src\Promise.php(62): GuzzleHttp\Promise\Promise->waitIfPending()
#10 E:\xampp73\htdocs\filecroco\loader\vendor\guzzlehttp\promises\src\EachPromise.php(101): GuzzleHttp\Promise\Promise->wait()
#11 E:\xampp73\htdocs\filecroco\loader\vendor\guzzlehttp\promises\src\Promise.php(246): GuzzleHttp\Promise\EachPromise->GuzzleHttp\Promise\{closure}(true)
#12 E:\xampp73\htdocs\filecroco\loader\vendor\guzzlehttp\promises\src\Promise.php(223): GuzzleHttp\Promise\Promise->invokeWaitFn()
#13 E:\xampp73\htdocs\filecroco\loader\vendor\guzzlehttp\promises\src\Promise.php(62): GuzzleHttp\Promise\Promise->waitIfPending()
#14 E:\xampp73\htdocs\filecroco\loader\updatedownloadlink.php(95): GuzzleHttp\Promise\Promise->wait()
#15 {main}|1383GuzzleHttp\Exception\RequestException: cURL error 56:  (see http://curl.haxx.se/libcurl/c/libcurl-errors.html) in E:\xampp73\htdocs\filecroco\loader\vendor\guzzlehttp\guzzle\src\Handler\CurlFactory.php:186
Stack trace:
#0 E:\xampp73\htdocs\filecroco\loader\vendor\guzzlehttp\guzzle\src\Handler\CurlFactory.php(149): GuzzleHttp\Handler\CurlFactory::createRejection(Object(GuzzleHttp\Handler\EasyHandle), Array)
#1 E:\xampp73\htdocs\filecroco\loader\vendor\guzzlehttp\guzzle\src\Handler\CurlFactory.php(102): GuzzleHttp\Handler\CurlFactory::finishError(Object(GuzzleHttp\Handler\CurlMultiHandler), Object(GuzzleHttp\Handler\EasyHandle), Object(GuzzleHttp\Handler\CurlFactory))
#2 E:\xampp73\htdocs\filecroco\loader\vendor\guzzlehttp\guzzle\src\Handler\CurlMultiHandler.php(181): GuzzleHttp\Handler\CurlFactory::finish(Object(GuzzleHttp\Handler\CurlMultiHandler), Object(GuzzleHttp\Handler\EasyHandle), Object(GuzzleHttp\Handler\CurlFactory))
#3 E:\xampp73\htdocs\filecroco\loader\vendor\guzzlehttp\guzzle\src\Handler\CurlMultiHandler.php(110): GuzzleHttp\Handler\CurlMultiHandler->processMessages()
#4 E:\xampp73\htdocs\filecroco\loader\vendor\guzzlehttp\guzzle\src\Handler\CurlMultiHandler.php(125): GuzzleHttp\Handler\CurlMultiHandler->tick()
#5 E:\xampp73\htdocs\filecroco\loader\vendor\guzzlehttp\promises\src\Promise.php(246): GuzzleHttp\Handler\CurlMultiHandler->execute(true)
#6 E:\xampp73\htdocs\filecroco\loader\vendor\guzzlehttp\promises\src\Promise.php(223): GuzzleHttp\Promise\Promise->invokeWaitFn()
#7 E:\xampp73\htdocs\filecroco\loader\vendor\guzzlehttp\promises\src\Promise.php(267): GuzzleHttp\Promise\Promise->waitIfPending()
#8 E:\xampp73\htdocs\filecroco\loader\vendor\guzzlehttp\promises\src\Promise.php(225): GuzzleHttp\Promise\Promise->invokeWaitList()
#9 E:\xampp73\htdocs\filecroco\loader\vendor\guzzlehttp\promises\src\Promise.php(62): GuzzleHttp\Promise\Promise->waitIfPending()
#10 E:\xampp73\htdocs\filecroco\loader\vendor\guzzlehttp\promises\src\EachPromise.php(101): GuzzleHttp\Promise\Promise->wait()
#11 E:\xampp73\htdocs\filecroco\loader\vendor\guzzlehttp\promises\src\Promise.php(246): GuzzleHttp\Promise\EachPromise->GuzzleHttp\Promise\{closure}(true)
#12 E:\xampp73\htdocs\filecroco\loader\vendor\guzzlehttp\promises\src\Promise.php(223): GuzzleHttp\Promise\Promise->invokeWaitFn()
#13 E:\xampp73\htdocs\filecroco\loader\vendor\guzzlehttp\promises\src\Promise.php(62): GuzzleHttp\Promise\Promise->waitIfPending()
#14 E:\xampp73\htdocs\filecroco\loader\updatedownloadlink.php(95): GuzzleHttp\Promise\Promise->wait()
#15 {main}|1384GuzzleHttp\Exception\RequestException: cURL error 56:  (see http://curl.haxx.se/libcurl/c/libcurl-errors.html) in E:\xampp73\htdocs\filecroco\loader\vendor\guzzlehttp\guzzle\src\Handler\CurlFactory.php:186
Stack trace:
#0 E:\xampp73\htdocs\filecroco\loader\vendor\guzzlehttp\guzzle\src\Handler\CurlFactory.php(149): GuzzleHttp\Handler\CurlFactory::createRejection(Object(GuzzleHttp\Handler\EasyHandle), Array)
#1 E:\xampp73\htdocs\filecroco\loader\vendor\guzzlehttp\guzzle\src\Handler\CurlFactory.php(102): GuzzleHttp\Handler\CurlFactory::finishError(Object(GuzzleHttp\Handler\CurlMultiHandler), Object(GuzzleHttp\Handler\EasyHandle), Object(GuzzleHttp\Handler\CurlFactory))
#2 E:\xampp73\htdocs\filecroco\loader\vendor\guzzlehttp\guzzle\src\Handler\CurlMultiHandler.php(181): GuzzleHttp\Handler\CurlFactory::finish(Object(GuzzleHttp\Handler\CurlMultiHandler), Object(GuzzleHttp\Handler\EasyHandle), Object(GuzzleHttp\Handler\CurlFactory))
#3 E:\xampp73\htdocs\filecroco\loader\vendor\guzzlehttp\guzzle\src\Handler\CurlMultiHandler.php(110): GuzzleHttp\Handler\CurlMultiHandler->processMessages()
#4 E:\xampp73\htdocs\filecroco\loader\vendor\guzzlehttp\guzzle\src\Handler\CurlMultiHandler.php(125): GuzzleHttp\Handler\CurlMultiHandler->tick()
#5 E:\xampp73\htdocs\filecroco\loader\vendor\guzzlehttp\promises\src\Promise.php(246): GuzzleHttp\Handler\CurlMultiHandler->execute(true)
#6 E:\xampp73\htdocs\filecroco\loader\vendor\guzzlehttp\promises\src\Promise.php(223): GuzzleHttp\Promise\Promise->invokeWaitFn()
#7 E:\xampp73\htdocs\filecroco\loader\vendor\guzzlehttp\promises\src\Promise.php(267): GuzzleHttp\Promise\Promise->waitIfPending()
#8 E:\xampp73\htdocs\filecroco\loader\vendor\guzzlehttp\promises\src\Promise.php(225): GuzzleHttp\Promise\Promise->invokeWaitList()
#9 E:\xampp73\htdocs\filecroco\loader\vendor\guzzlehttp\promises\src\Promise.php(62): GuzzleHttp\Promise\Promise->waitIfPending()
#10 E:\xampp73\htdocs\filecroco\loader\vendor\guzzlehttp\promises\src\EachPromise.php(101): GuzzleHttp\Promise\Promise->wait()
#11 E:\xampp73\htdocs\filecroco\loader\vendor\guzzlehttp\promises\src\Promise.php(246): GuzzleHttp\Promise\EachPromise->GuzzleHttp\Promise\{closure}(true)
#12 E:\xampp73\htdocs\filecroco\loader\vendor\guzzlehttp\promises\src\Promise.php(223): GuzzleHttp\Promise\Promise->invokeWaitFn()
#13 E:\xampp73\htdocs\filecroco\loader\vendor\guzzlehttp\promises\src\Promise.php(62): GuzzleHttp\Promise\Promise->waitIfPending()
#14 E:\xampp73\htdocs\filecroco\loader\updatedownloadlink.php(95): GuzzleHttp\Promise\Promise->wait()
#15 {main}|1385GuzzleHttp\Exception\RequestException: cURL error 56:  (see http://curl.haxx.se/libcurl/c/libcurl-errors.html) in E:\xampp73\htdocs\filecroco\loader\vendor\guzzlehttp\guzzle\src\Handler\CurlFactory.php:186
Stack trace:
#0 E:\xampp73\htdocs\filecroco\loader\vendor\guzzlehttp\guzzle\src\Handler\CurlFactory.php(149): GuzzleHttp\Handler\CurlFactory::createRejection(Object(GuzzleHttp\Handler\EasyHandle), Array)
#1 E:\xampp73\htdocs\filecroco\loader\vendor\guzzlehttp\guzzle\src\Handler\CurlFactory.php(102): GuzzleHttp\Handler\CurlFactory::finishError(Object(GuzzleHttp\Handler\CurlMultiHandler), Object(GuzzleHttp\Handler\EasyHandle), Object(GuzzleHttp\Handler\CurlFactory))
#2 E:\xampp73\htdocs\filecroco\loader\vendor\guzzlehttp\guzzle\src\Handler\CurlMultiHandler.php(181): GuzzleHttp\Handler\CurlFactory::finish(Object(GuzzleHttp\Handler\CurlMultiHandler), Object(GuzzleHttp\Handler\EasyHandle), Object(GuzzleHttp\Handler\CurlFactory))
#3 E:\xampp73\htdocs\filecroco\loader\vendor\guzzlehttp\guzzle\src\Handler\CurlMultiHandler.php(110): GuzzleHttp\Handler\CurlMultiHandler->processMessages()
#4 E:\xampp73\htdocs\filecroco\loader\vendor\guzzlehttp\guzzle\src\Handler\CurlMultiHandler.php(125): GuzzleHttp\Handler\CurlMultiHandler->tick()
#5 E:\xampp73\htdocs\filecroco\loader\vendor\guzzlehttp\promises\src\Promise.php(246): GuzzleHttp\Handler\CurlMultiHandler->execute(true)
#6 E:\xampp73\htdocs\filecroco\loader\vendor\guzzlehttp\promises\src\Promise.php(223): GuzzleHttp\Promise\Promise->invokeWaitFn()
#7 E:\xampp73\htdocs\filecroco\loader\vendor\guzzlehttp\promises\src\Promise.php(267): GuzzleHttp\Promise\Promise->waitIfPending()
#8 E:\xampp73\htdocs\filecroco\loader\vendor\guzzlehttp\promises\src\Promise.php(225): GuzzleHttp\Promise\Promise->invokeWaitList()
#9 E:\xampp73\htdocs\filecroco\loader\vendor\guzzlehttp\promises\src\Promise.php(62): GuzzleHttp\Promise\Promise->waitIfPending()
#10 E:\xampp73\htdocs\filecroco\loader\vendor\guzzlehttp\promises\src\EachPromise.php(101): GuzzleHttp\Promise\Promise->wait()
#11 E:\xampp73\htdocs\filecroco\loader\vendor\guzzlehttp\promises\src\Promise.php(246): GuzzleHttp\Promise\EachPromise->GuzzleHttp\Promise\{closure}(true)
#12 E:\xampp73\htdocs\filecroco\loader\vendor\guzzlehttp\promises\src\Promise.php(223): GuzzleHttp\Promise\Promise->invokeWaitFn()
#13 E:\xampp73\htdocs\filecroco\loader\vendor\guzzlehttp\promises\src\Promise.php(62): GuzzleHttp\Promise\Promise->waitIfPending()
#14 E:\xampp73\htdocs\filecroco\loader\updatedownloadlink.php(95): GuzzleHttp\Promise\Promise->wait()
#15 {main}|1386GuzzleHttp\Exception\RequestException: cURL error 56:  (see http://curl.haxx.se/libcurl/c/libcurl-errors.html) in E:\xampp73\htdocs\filecroco\loader\vendor\guzzlehttp\guzzle\src\Handler\CurlFactory.php:186
Stack trace:
#0 E:\xampp73\htdocs\filecroco\loader\vendor\guzzlehttp\guzzle\src\Handler\CurlFactory.php(149): GuzzleHttp\Handler\CurlFactory::createRejection(Object(GuzzleHttp\Handler\EasyHandle), Array)
#1 E:\xampp73\htdocs\filecroco\loader\vendor\guzzlehttp\guzzle\src\Handler\CurlFactory.php(102): GuzzleHttp\Handler\CurlFactory::finishError(Object(GuzzleHttp\Handler\CurlMultiHandler), Object(GuzzleHttp\Handler\EasyHandle), Object(GuzzleHttp\Handler\CurlFactory))
#2 E:\xampp73\htdocs\filecroco\loader\vendor\guzzlehttp\guzzle\src\Handler\CurlMultiHandler.php(181): GuzzleHttp\Handler\CurlFactory::finish(Object(GuzzleHttp\Handler\CurlMultiHandler), Object(GuzzleHttp\Handler\EasyHandle), Object(GuzzleHttp\Handler\CurlFactory))
#3 E:\xampp73\htdocs\filecroco\loader\vendor\guzzlehttp\guzzle\src\Handler\CurlMultiHandler.php(110): GuzzleHttp\Handler\CurlMultiHandler->processMessages()
#4 E:\xampp73\htdocs\filecroco\loader\vendor\guzzlehttp\guzzle\src\Handler\CurlMultiHandler.php(125): GuzzleHttp\Handler\CurlMultiHandler->tick()
#5 E:\xampp73\htdocs\filecroco\loader\vendor\guzzlehttp\promises\src\Promise.php(246): GuzzleHttp\Handler\CurlMultiHandler->execute(true)
#6 E:\xampp73\htdocs\filecroco\loader\vendor\guzzlehttp\promises\src\Promise.php(223): GuzzleHttp\Promise\Promise->invokeWaitFn()
#7 E:\xampp73\htdocs\filecroco\loader\vendor\guzzlehttp\promises\src\Promise.php(267): GuzzleHttp\Promise\Promise->waitIfPending()
#8 E:\xampp73\htdocs\filecroco\loader\vendor\guzzlehttp\promises\src\Promise.php(225): GuzzleHttp\Promise\Promise->invokeWaitList()
#9 E:\xampp73\htdocs\filecroco\loader\vendor\guzzlehttp\promises\src\Promise.php(62): GuzzleHttp\Promise\Promise->waitIfPending()
#10 E:\xampp73\htdocs\filecroco\loader\vendor\guzzlehttp\promises\src\EachPromise.php(101): GuzzleHttp\Promise\Promise->wait()
#11 E:\xampp73\htdocs\filecroco\loader\vendor\guzzlehttp\promises\src\Promise.php(246): GuzzleHttp\Promise\EachPromise->GuzzleHttp\Promise\{closure}(true)
#12 E:\xampp73\htdocs\filecroco\loader\vendor\guzzlehttp\promises\src\Promise.php(223): GuzzleHttp\Promise\Promise->invokeWaitFn()
#13 E:\xampp73\htdocs\filecroco\loader\vendor\guzzlehttp\promises\src\Promise.php(62): GuzzleHttp\Promise\Promise->waitIfPending()
#14 E:\xampp73\htdocs\filecroco\loader\updatedownloadlink.php(95): GuzzleHttp\Promise\Promise->wait()
#15 {main}|1387GuzzleHttp\Exception\RequestException: cURL error 56:  (see http://curl.haxx.se/libcurl/c/libcurl-errors.html) in E:\xampp73\htdocs\filecroco\loader\vendor\guzzlehttp\guzzle\src\Handler\CurlFactory.php:186
Stack trace:
#0 E:\xampp73\htdocs\filecroco\loader\vendor\guzzlehttp\guzzle\src\Handler\CurlFactory.php(149): GuzzleHttp\Handler\CurlFactory::createRejection(Object(GuzzleHttp\Handler\EasyHandle), Array)
#1 E:\xampp73\htdocs\filecroco\loader\vendor\guzzlehttp\guzzle\src\Handler\CurlFactory.php(102): GuzzleHttp\Handler\CurlFactory::finishError(Object(GuzzleHttp\Handler\CurlMultiHandler), Object(GuzzleHttp\Handler\EasyHandle), Object(GuzzleHttp\Handler\CurlFactory))
#2 E:\xampp73\htdocs\filecroco\loader\vendor\guzzlehttp\guzzle\src\Handler\CurlMultiHandler.php(181): GuzzleHttp\Handler\CurlFactory::finish(Object(GuzzleHttp\Handler\CurlMultiHandler), Object(GuzzleHttp\Handler\EasyHandle), Object(GuzzleHttp\Handler\CurlFactory))
#3 E:\xampp73\htdocs\filecroco\loader\vendor\guzzlehttp\guzzle\src\Handler\CurlMultiHandler.php(110): GuzzleHttp\Handler\CurlMultiHandler->processMessages()
#4 E:\xampp73\htdocs\filecroco\loader\vendor\guzzlehttp\guzzle\src\Handler\CurlMultiHandler.php(125): GuzzleHttp\Handler\CurlMultiHandler->tick()
#5 E:\xampp73\htdocs\filecroco\loader\vendor\guzzlehttp\promises\src\Promise.php(246): GuzzleHttp\Handler\CurlMultiHandler->execute(true)
#6 E:\xampp73\htdocs\filecroco\loader\vendor\guzzlehttp\promises\src\Promise.php(223): GuzzleHttp\Promise\Promise->invokeWaitFn()
#7 E:\xampp73\htdocs\filecroco\loader\vendor\guzzlehttp\promises\src\Promise.php(267): GuzzleHttp\Promise\Promise->waitIfPending()
#8 E:\xampp73\htdocs\filecroco\loader\vendor\guzzlehttp\promises\src\Promise.php(225): GuzzleHttp\Promise\Promise->invokeWaitList()
#9 E:\xampp73\htdocs\filecroco\loader\vendor\guzzlehttp\promises\src\Promise.php(62): GuzzleHttp\Promise\Promise->waitIfPending()
#10 E:\xampp73\htdocs\filecroco\loader\vendor\guzzlehttp\promises\src\EachPromise.php(101): GuzzleHttp\Promise\Promise->wait()
#11 E:\xampp73\htdocs\filecroco\loader\vendor\guzzlehttp\promises\src\Promise.php(246): GuzzleHttp\Promise\EachPromise->GuzzleHttp\Promise\{closure}(true)
#12 E:\xampp73\htdocs\filecroco\loader\vendor\guzzlehttp\promises\src\Promise.php(223): GuzzleHttp\Promise\Promise->invokeWaitFn()
#13 E:\xampp73\htdocs\filecroco\loader\vendor\guzzlehttp\promises\src\Promise.php(62): GuzzleHttp\Promise\Promise->waitIfPending()
#14 E:\xampp73\htdocs\filecroco\loader\updatedownloadlink.php(95): GuzzleHttp\Promise\Promise->wait()
#15 {main}|1388GuzzleHttp\Exception\RequestException: cURL error 56:  (see http://curl.haxx.se/libcurl/c/libcurl-errors.html) in E:\xampp73\htdocs\filecroco\loader\vendor\guzzlehttp\guzzle\src\Handler\CurlFactory.php:186
Stack trace:
#0 E:\xampp73\htdocs\filecroco\loader\vendor\guzzlehttp\guzzle\src\Handler\CurlFactory.php(149): GuzzleHttp\Handler\CurlFactory::createRejection(Object(GuzzleHttp\Handler\EasyHandle), Array)
#1 E:\xampp73\htdocs\filecroco\loader\vendor\guzzlehttp\guzzle\src\Handler\CurlFactory.php(102): GuzzleHttp\Handler\CurlFactory::finishError(Object(GuzzleHttp\Handler\CurlMultiHandler), Object(GuzzleHttp\Handler\EasyHandle), Object(GuzzleHttp\Handler\CurlFactory))
#2 E:\xampp73\htdocs\filecroco\loader\vendor\guzzlehttp\guzzle\src\Handler\CurlMultiHandler.php(181): GuzzleHttp\Handler\CurlFactory::finish(Object(GuzzleHttp\Handler\CurlMultiHandler), Object(GuzzleHttp\Handler\EasyHandle), Object(GuzzleHttp\Handler\CurlFactory))
#3 E:\xampp73\htdocs\filecroco\loader\vendor\guzzlehttp\guzzle\src\Handler\CurlMultiHandler.php(110): GuzzleHttp\Handler\CurlMultiHandler->processMessages()
#4 E:\xampp73\htdocs\filecroco\loader\vendor\guzzlehttp\guzzle\src\Handler\CurlMultiHandler.php(125): GuzzleHttp\Handler\CurlMultiHandler->tick()
#5 E:\xampp73\htdocs\filecroco\loader\vendor\guzzlehttp\promises\src\Promise.php(246): GuzzleHttp\Handler\CurlMultiHandler->execute(true)
#6 E:\xampp73\htdocs\filecroco\loader\vendor\guzzlehttp\promises\src\Promise.php(223): GuzzleHttp\Promise\Promise->invokeWaitFn()
#7 E:\xampp73\htdocs\filecroco\loader\vendor\guzzlehttp\promises\src\Promise.php(267): GuzzleHttp\Promise\Promise->waitIfPending()
#8 E:\xampp73\htdocs\filecroco\loader\vendor\guzzlehttp\promises\src\Promise.php(225): GuzzleHttp\Promise\Promise->invokeWaitList()
#9 E:\xampp73\htdocs\filecroco\loader\vendor\guzzlehttp\promises\src\Promise.php(62): GuzzleHttp\Promise\Promise->waitIfPending()
#10 E:\xampp73\htdocs\filecroco\loader\vendor\guzzlehttp\promises\src\EachPromise.php(101): GuzzleHttp\Promise\Promise->wait()
#11 E:\xampp73\htdocs\filecroco\loader\vendor\guzzlehttp\promises\src\Promise.php(246): GuzzleHttp\Promise\EachPromise->GuzzleHttp\Promise\{closure}(true)
#12 E:\xampp73\htdocs\filecroco\loader\vendor\guzzlehttp\promises\src\Promise.php(223): GuzzleHttp\Promise\Promise->invokeWaitFn()
#13 E:\xampp73\htdocs\filecroco\loader\vendor\guzzlehttp\promises\src\Promise.php(62): GuzzleHttp\Promise\Promise->waitIfPending()
#14 E:\xampp73\htdocs\filecroco\loader\updatedownloadlink.php(95): GuzzleHttp\Promise\Promise->wait()
#15 {main}|1389GuzzleHttp\Exception\RequestException: cURL error 56:  (see http://curl.haxx.se/libcurl/c/libcurl-errors.html) in E:\xampp73\htdocs\filecroco\loader\vendor\guzzlehttp\guzzle\src\Handler\CurlFactory.php:186
Stack trace:
#0 E:\xampp73\htdocs\filecroco\loader\vendor\guzzlehttp\guzzle\src\Handler\CurlFactory.php(149): GuzzleHttp\Handler\CurlFactory::createRejection(Object(GuzzleHttp\Handler\EasyHandle), Array)
#1 E:\xampp73\htdocs\filecroco\loader\vendor\guzzlehttp\guzzle\src\Handler\CurlFactory.php(102): GuzzleHttp\Handler\CurlFactory::finishError(Object(GuzzleHttp\Handler\CurlMultiHandler), Object(GuzzleHttp\Handler\EasyHandle), Object(GuzzleHttp\Handler\CurlFactory))
#2 E:\xampp73\htdocs\filecroco\loader\vendor\guzzlehttp\guzzle\src\Handler\CurlMultiHandler.php(181): GuzzleHttp\Handler\CurlFactory::finish(Object(GuzzleHttp\Handler\CurlMultiHandler), Object(GuzzleHttp\Handler\EasyHandle), Object(GuzzleHttp\Handler\CurlFactory))
#3 E:\xampp73\htdocs\filecroco\loader\vendor\guzzlehttp\guzzle\src\Handler\CurlMultiHandler.php(110): GuzzleHttp\Handler\CurlMultiHandler->processMessages()
#4 E:\xampp73\htdocs\filecroco\loader\vendor\guzzlehttp\guzzle\src\Handler\CurlMultiHandler.php(125): GuzzleHttp\Handler\CurlMultiHandler->tick()
#5 E:\xampp73\htdocs\filecroco\loader\vendor\guzzlehttp\promises\src\Promise.php(246): GuzzleHttp\Handler\CurlMultiHandler->execute(true)
#6 E:\xampp73\htdocs\filecroco\loader\vendor\guzzlehttp\promises\src\Promise.php(223): GuzzleHttp\Promise\Promise->invokeWaitFn()
#7 E:\xampp73\htdocs\filecroco\loader\vendor\guzzlehttp\promises\src\Promise.php(267): GuzzleHttp\Promise\Promise->waitIfPending()
#8 E:\xampp73\htdocs\filecroco\loader\vendor\guzzlehttp\promises\src\Promise.php(225): GuzzleHttp\Promise\Promise->invokeWaitList()
#9 E:\xampp73\htdocs\filecroco\loader\vendor\guzzlehttp\promises\src\Promise.php(62): GuzzleHttp\Promise\Promise->waitIfPending()
#10 E:\xampp73\htdocs\filecroco\loader\vendor\guzzlehttp\promises\src\EachPromise.php(101): GuzzleHttp\Promise\Promise->wait()
#11 E:\xampp73\htdocs\filecroco\loader\vendor\guzzlehttp\promises\src\Promise.php(246): GuzzleHttp\Promise\EachPromise->GuzzleHttp\Promise\{closure}(true)
#12 E:\xampp73\htdocs\filecroco\loader\vendor\guzzlehttp\promises\src\Promise.php(223): GuzzleHttp\Promise\Promise->invokeWaitFn()
#13 E:\xampp73\htdocs\filecroco\loader\vendor\guzzlehttp\promises\src\Promise.php(62): GuzzleHttp\Promise\Promise->waitIfPending()
#14 E:\xampp73\htdocs\filecroco\loader\updatedownloadlink.php(95): GuzzleHttp\Promise\Promise->wait()
#15 {main}|1390GuzzleHttp\Exception\RequestException: cURL error 56:  (see http://curl.haxx.se/libcurl/c/libcurl-errors.html) in E:\xampp73\htdocs\filecroco\loader\vendor\guzzlehttp\guzzle\src\Handler\CurlFactory.php:186
Stack trace:
#0 E:\xampp73\htdocs\filecroco\loader\vendor\guzzlehttp\guzzle\src\Handler\CurlFactory.php(149): GuzzleHttp\Handler\CurlFactory::createRejection(Object(GuzzleHttp\Handler\EasyHandle), Array)
#1 E:\xampp73\htdocs\filecroco\loader\vendor\guzzlehttp\guzzle\src\Handler\CurlFactory.php(102): GuzzleHttp\Handler\CurlFactory::finishError(Object(GuzzleHttp\Handler\CurlMultiHandler), Object(GuzzleHttp\Handler\EasyHandle), Object(GuzzleHttp\Handler\CurlFactory))
#2 E:\xampp73\htdocs\filecroco\loader\vendor\guzzlehttp\guzzle\src\Handler\CurlMultiHandler.php(181): GuzzleHttp\Handler\CurlFactory::finish(Object(GuzzleHttp\Handler\CurlMultiHandler), Object(GuzzleHttp\Handler\EasyHandle), Object(GuzzleHttp\Handler\CurlFactory))
#3 E:\xampp73\htdocs\filecroco\loader\vendor\guzzlehttp\guzzle\src\Handler\CurlMultiHandler.php(110): GuzzleHttp\Handler\CurlMultiHandler->processMessages()
#4 E:\xampp73\htdocs\filecroco\loader\vendor\guzzlehttp\guzzle\src\Handler\CurlMultiHandler.php(125): GuzzleHttp\Handler\CurlMultiHandler->tick()
#5 E:\xampp73\htdocs\filecroco\loader\vendor\guzzlehttp\promises\src\Promise.php(246): GuzzleHttp\Handler\CurlMultiHandler->execute(true)
#6 E:\xampp73\htdocs\filecroco\loader\vendor\guzzlehttp\promises\src\Promise.php(223): GuzzleHttp\Promise\Promise->invokeWaitFn()
#7 E:\xampp73\htdocs\filecroco\loader\vendor\guzzlehttp\promises\src\Promise.php(267): GuzzleHttp\Promise\Promise->waitIfPending()
#8 E:\xampp73\htdocs\filecroco\loader\vendor\guzzlehttp\promises\src\Promise.php(225): GuzzleHttp\Promise\Promise->invokeWaitList()
#9 E:\xampp73\htdocs\filecroco\loader\vendor\guzzlehttp\promises\src\Promise.php(62): GuzzleHttp\Promise\Promise->waitIfPending()
#10 E:\xampp73\htdocs\filecroco\loader\vendor\guzzlehttp\promises\src\EachPromise.php(101): GuzzleHttp\Promise\Promise->wait()
#11 E:\xampp73\htdocs\filecroco\loader\vendor\guzzlehttp\promises\src\Promise.php(246): GuzzleHttp\Promise\EachPromise->GuzzleHttp\Promise\{closure}(true)
#12 E:\xampp73\htdocs\filecroco\loader\vendor\guzzlehttp\promises\src\Promise.php(223): GuzzleHttp\Promise\Promise->invokeWaitFn()
#13 E:\xampp73\htdocs\filecroco\loader\vendor\guzzlehttp\promises\src\Promise.php(62): GuzzleHttp\Promise\Promise->waitIfPending()
#14 E:\xampp73\htdocs\filecroco\loader\updatedownloadlink.php(95): GuzzleHttp\Promise\Promise->wait()
#15 {main}|1391GuzzleHttp\Exception\RequestException: cURL error 56:  (see http://curl.haxx.se/libcurl/c/libcurl-errors.html) in E:\xampp73\htdocs\filecroco\loader\vendor\guzzlehttp\guzzle\src\Handler\CurlFactory.php:186
Stack trace:
#0 E:\xampp73\htdocs\filecroco\loader\vendor\guzzlehttp\guzzle\src\Handler\CurlFactory.php(149): GuzzleHttp\Handler\CurlFactory::createRejection(Object(GuzzleHttp\Handler\EasyHandle), Array)
#1 E:\xampp73\htdocs\filecroco\loader\vendor\guzzlehttp\guzzle\src\Handler\CurlFactory.php(102): GuzzleHttp\Handler\CurlFactory::finishError(Object(GuzzleHttp\Handler\CurlMultiHandler), Object(GuzzleHttp\Handler\EasyHandle), Object(GuzzleHttp\Handler\CurlFactory))
#2 E:\xampp73\htdocs\filecroco\loader\vendor\guzzlehttp\guzzle\src\Handler\CurlMultiHandler.php(181): GuzzleHttp\Handler\CurlFactory::finish(Object(GuzzleHttp\Handler\CurlMultiHandler), Object(GuzzleHttp\Handler\EasyHandle), Object(GuzzleHttp\Handler\CurlFactory))
#3 E:\xampp73\htdocs\filecroco\loader\vendor\guzzlehttp\guzzle\src\Handler\CurlMultiHandler.php(110): GuzzleHttp\Handler\CurlMultiHandler->processMessages()
#4 E:\xampp73\htdocs\filecroco\loader\vendor\guzzlehttp\guzzle\src\Handler\CurlMultiHandler.php(125): GuzzleHttp\Handler\CurlMultiHandler->tick()
#5 E:\xampp73\htdocs\filecroco\loader\vendor\guzzlehttp\promises\src\Promise.php(246): GuzzleHttp\Handler\CurlMultiHandler->execute(true)
#6 E:\xampp73\htdocs\filecroco\loader\vendor\guzzlehttp\promises\src\Promise.php(223): GuzzleHttp\Promise\Promise->invokeWaitFn()
#7 E:\xampp73\htdocs\filecroco\loader\vendor\guzzlehttp\promises\src\Promise.php(267): GuzzleHttp\Promise\Promise->waitIfPending()
#8 E:\xampp73\htdocs\filecroco\loader\vendor\guzzlehttp\promises\src\Promise.php(225): GuzzleHttp\Promise\Promise->invokeWaitList()
#9 E:\xampp73\htdocs\filecroco\loader\vendor\guzzlehttp\promises\src\Promise.php(62): GuzzleHttp\Promise\Promise->waitIfPending()
#10 E:\xampp73\htdocs\filecroco\loader\vendor\guzzlehttp\promises\src\EachPromise.php(101): GuzzleHttp\Promise\Promise->wait()
#11 E:\xampp73\htdocs\filecroco\loader\vendor\guzzlehttp\promises\src\Promise.php(246): GuzzleHttp\Promise\EachPromise->GuzzleHttp\Promise\{closure}(true)
#12 E:\xampp73\htdocs\filecroco\loader\vendor\guzzlehttp\promises\src\Promise.php(223): GuzzleHttp\Promise\Promise->invokeWaitFn()
#13 E:\xampp73\htdocs\filecroco\loader\vendor\guzzlehttp\promises\src\Promise.php(62): GuzzleHttp\Promise\Promise->waitIfPending()
#14 E:\xampp73\htdocs\filecroco\loader\updatedownloadlink.php(95): GuzzleHttp\Promise\Promise->wait()
#15 {main}|1392GuzzleHttp\Exception\RequestException: cURL error 56:  (see http://curl.haxx.se/libcurl/c/libcurl-errors.html) in E:\xampp73\htdocs\filecroco\loader\vendor\guzzlehttp\guzzle\src\Handler\CurlFactory.php:186
Stack trace:
#0 E:\xampp73\htdocs\filecroco\loader\vendor\guzzlehttp\guzzle\src\Handler\CurlFactory.php(149): GuzzleHttp\Handler\CurlFactory::createRejection(Object(GuzzleHttp\Handler\EasyHandle), Array)
#1 E:\xampp73\htdocs\filecroco\loader\vendor\guzzlehttp\guzzle\src\Handler\CurlFactory.php(102): GuzzleHttp\Handler\CurlFactory::finishError(Object(GuzzleHttp\Handler\CurlMultiHandler), Object(GuzzleHttp\Handler\EasyHandle), Object(GuzzleHttp\Handler\CurlFactory))
#2 E:\xampp73\htdocs\filecroco\loader\vendor\guzzlehttp\guzzle\src\Handler\CurlMultiHandler.php(181): GuzzleHttp\Handler\CurlFactory::finish(Object(GuzzleHttp\Handler\CurlMultiHandler), Object(GuzzleHttp\Handler\EasyHandle), Object(GuzzleHttp\Handler\CurlFactory))
#3 E:\xampp73\htdocs\filecroco\loader\vendor\guzzlehttp\guzzle\src\Handler\CurlMultiHandler.php(110): GuzzleHttp\Handler\CurlMultiHandler->processMessages()
#4 E:\xampp73\htdocs\filecroco\loader\vendor\guzzlehttp\guzzle\src\Handler\CurlMultiHandler.php(125): GuzzleHttp\Handler\CurlMultiHandler->tick()
#5 E:\xampp73\htdocs\filecroco\loader\vendor\guzzlehttp\promises\src\Promise.php(246): GuzzleHttp\Handler\CurlMultiHandler->execute(true)
#6 E:\xampp73\htdocs\filecroco\loader\vendor\guzzlehttp\promises\src\Promise.php(223): GuzzleHttp\Promise\Promise->invokeWaitFn()
#7 E:\xampp73\htdocs\filecroco\loader\vendor\guzzlehttp\promises\src\Promise.php(267): GuzzleHttp\Promise\Promise->waitIfPending()
#8 E:\xampp73\htdocs\filecroco\loader\vendor\guzzlehttp\promises\src\Promise.php(225): GuzzleHttp\Promise\Promise->invokeWaitList()
#9 E:\xampp73\htdocs\filecroco\loader\vendor\guzzlehttp\promises\src\Promise.php(62): GuzzleHttp\Promise\Promise->waitIfPending()
#10 E:\xampp73\htdocs\filecroco\loader\vendor\guzzlehttp\promises\src\EachPromise.php(101): GuzzleHttp\Promise\Promise->wait()
#11 E:\xampp73\htdocs\filecroco\loader\vendor\guzzlehttp\promises\src\Promise.php(246): GuzzleHttp\Promise\EachPromise->GuzzleHttp\Promise\{closure}(true)
#12 E:\xampp73\htdocs\filecroco\loader\vendor\guzzlehttp\promises\src\Promise.php(223): GuzzleHttp\Promise\Promise->invokeWaitFn()
#13 E:\xampp73\htdocs\filecroco\loader\vendor\guzzlehttp\promises\src\Promise.php(62): GuzzleHttp\Promise\Promise->waitIfPending()
#14 E:\xampp73\htdocs\filecroco\loader\updatedownloadlink.php(95): GuzzleHttp\Promise\Promise->wait()
#15 {main}|1393GuzzleHttp\Exception\RequestException: cURL error 56:  (see http://curl.haxx.se/libcurl/c/libcurl-errors.html) in E:\xampp73\htdocs\filecroco\loader\vendor\guzzlehttp\guzzle\src\Handler\CurlFactory.php:186
Stack trace:
#0 E:\xampp73\htdocs\filecroco\loader\vendor\guzzlehttp\guzzle\src\Handler\CurlFactory.php(149): GuzzleHttp\Handler\CurlFactory::createRejection(Object(GuzzleHttp\Handler\EasyHandle), Array)
#1 E:\xampp73\htdocs\filecroco\loader\vendor\guzzlehttp\guzzle\src\Handler\CurlFactory.php(102): GuzzleHttp\Handler\CurlFactory::finishError(Object(GuzzleHttp\Handler\CurlMultiHandler), Object(GuzzleHttp\Handler\EasyHandle), Object(GuzzleHttp\Handler\CurlFactory))
#2 E:\xampp73\htdocs\filecroco\loader\vendor\guzzlehttp\guzzle\src\Handler\CurlMultiHandler.php(181): GuzzleHttp\Handler\CurlFactory::finish(Object(GuzzleHttp\Handler\CurlMultiHandler), Object(GuzzleHttp\Handler\EasyHandle), Object(GuzzleHttp\Handler\CurlFactory))
#3 E:\xampp73\htdocs\filecroco\loader\vendor\guzzlehttp\guzzle\src\Handler\CurlMultiHandler.php(110): GuzzleHttp\Handler\CurlMultiHandler->processMessages()
#4 E:\xampp73\htdocs\filecroco\loader\vendor\guzzlehttp\guzzle\src\Handler\CurlMultiHandler.php(125): GuzzleHttp\Handler\CurlMultiHandler->tick()
#5 E:\xampp73\htdocs\filecroco\loader\vendor\guzzlehttp\promises\src\Promise.php(246): GuzzleHttp\Handler\CurlMultiHandler->execute(true)
#6 E:\xampp73\htdocs\filecroco\loader\vendor\guzzlehttp\promises\src\Promise.php(223): GuzzleHttp\Promise\Promise->invokeWaitFn()
#7 E:\xampp73\htdocs\filecroco\loader\vendor\guzzlehttp\promises\src\Promise.php(267): GuzzleHttp\Promise\Promise->waitIfPending()
#8 E:\xampp73\htdocs\filecroco\loader\vendor\guzzlehttp\promises\src\Promise.php(225): GuzzleHttp\Promise\Promise->invokeWaitList()
#9 E:\xampp73\htdocs\filecroco\loader\vendor\guzzlehttp\promises\src\Promise.php(62): GuzzleHttp\Promise\Promise->waitIfPending()
#10 E:\xampp73\htdocs\filecroco\loader\vendor\guzzlehttp\promises\src\EachPromise.php(101): GuzzleHttp\Promise\Promise->wait()
#11 E:\xampp73\htdocs\filecroco\loader\vendor\guzzlehttp\promises\src\Promise.php(246): GuzzleHttp\Promise\EachPromise->GuzzleHttp\Promise\{closure}(true)
#12 E:\xampp73\htdocs\filecroco\loader\vendor\guzzlehttp\promises\src\Promise.php(223): GuzzleHttp\Promise\Promise->invokeWaitFn()
#13 E:\xampp73\htdocs\filecroco\loader\vendor\guzzlehttp\promises\src\Promise.php(62): GuzzleHttp\Promise\Promise->waitIfPending()
#14 E:\xampp73\htdocs\filecroco\loader\updatedownloadlink.php(95): GuzzleHttp\Promise\Promise->wait()
#15 {main}|1394GuzzleHttp\Exception\RequestException: cURL error 56:  (see http://curl.haxx.se/libcurl/c/libcurl-errors.html) in E:\xampp73\htdocs\filecroco\loader\vendor\guzzlehttp\guzzle\src\Handler\CurlFactory.php:186
Stack trace:
#0 E:\xampp73\htdocs\filecroco\loader\vendor\guzzlehttp\guzzle\src\Handler\CurlFactory.php(149): GuzzleHttp\Handler\CurlFactory::createRejection(Object(GuzzleHttp\Handler\EasyHandle), Array)
#1 E:\xampp73\htdocs\filecroco\loader\vendor\guzzlehttp\guzzle\src\Handler\CurlFactory.php(102): GuzzleHttp\Handler\CurlFactory::finishError(Object(GuzzleHttp\Handler\CurlMultiHandler), Object(GuzzleHttp\Handler\EasyHandle), Object(GuzzleHttp\Handler\CurlFactory))
#2 E:\xampp73\htdocs\filecroco\loader\vendor\guzzlehttp\guzzle\src\Handler\CurlMultiHandler.php(181): GuzzleHttp\Handler\CurlFactory::finish(Object(GuzzleHttp\Handler\CurlMultiHandler), Object(GuzzleHttp\Handler\EasyHandle), Object(GuzzleHttp\Handler\CurlFactory))
#3 E:\xampp73\htdocs\filecroco\loader\vendor\guzzlehttp\guzzle\src\Handler\CurlMultiHandler.php(110): GuzzleHttp\Handler\CurlMultiHandler->processMessages()
#4 E:\xampp73\htdocs\filecroco\loader\vendor\guzzlehttp\guzzle\src\Handler\CurlMultiHandler.php(125): GuzzleHttp\Handler\CurlMultiHandler->tick()
#5 E:\xampp73\htdocs\filecroco\loader\vendor\guzzlehttp\promises\src\Promise.php(246): GuzzleHttp\Handler\CurlMultiHandler->execute(true)
#6 E:\xampp73\htdocs\filecroco\loader\vendor\guzzlehttp\promises\src\Promise.php(223): GuzzleHttp\Promise\Promise->invokeWaitFn()
#7 E:\xampp73\htdocs\filecroco\loader\vendor\guzzlehttp\promises\src\Promise.php(267): GuzzleHttp\Promise\Promise->waitIfPending()
#8 E:\xampp73\htdocs\filecroco\loader\vendor\guzzlehttp\promises\src\Promise.php(225): GuzzleHttp\Promise\Promise->invokeWaitList()
#9 E:\xampp73\htdocs\filecroco\loader\vendor\guzzlehttp\promises\src\Promise.php(62): GuzzleHttp\Promise\Promise->waitIfPending()
#10 E:\xampp73\htdocs\filecroco\loader\vendor\guzzlehttp\promises\src\EachPromise.php(101): GuzzleHttp\Promise\Promise->wait()
#11 E:\xampp73\htdocs\filecroco\loader\vendor\guzzlehttp\promises\src\Promise.php(246): GuzzleHttp\Promise\EachPromise->GuzzleHttp\Promise\{closure}(true)
#12 E:\xampp73\htdocs\filecroco\loader\vendor\guzzlehttp\promises\src\Promise.php(223): GuzzleHttp\Promise\Promise->invokeWaitFn()
#13 E:\xampp73\htdocs\filecroco\loader\vendor\guzzlehttp\promises\src\Promise.php(62): GuzzleHttp\Promise\Promise->waitIfPending()
#14 E:\xampp73\htdocs\filecroco\loader\updatedownloadlink.php(95): GuzzleHttp\Promise\Promise->wait()
#15 {main}|1395GuzzleHttp\Exception\RequestException: cURL error 56:  (see http://curl.haxx.se/libcurl/c/libcurl-errors.html) in E:\xampp73\htdocs\filecroco\loader\vendor\guzzlehttp\guzzle\src\Handler\CurlFactory.php:186
Stack trace:
#0 E:\xampp73\htdocs\filecroco\loader\vendor\guzzlehttp\guzzle\src\Handler\CurlFactory.php(149): GuzzleHttp\Handler\CurlFactory::createRejection(Object(GuzzleHttp\Handler\EasyHandle), Array)
#1 E:\xampp73\htdocs\filecroco\loader\vendor\guzzlehttp\guzzle\src\Handler\CurlFactory.php(102): GuzzleHttp\Handler\CurlFactory::finishError(Object(GuzzleHttp\Handler\CurlMultiHandler), Object(GuzzleHttp\Handler\EasyHandle), Object(GuzzleHttp\Handler\CurlFactory))
#2 E:\xampp73\htdocs\filecroco\loader\vendor\guzzlehttp\guzzle\src\Handler\CurlMultiHandler.php(181): GuzzleHttp\Handler\CurlFactory::finish(Object(GuzzleHttp\Handler\CurlMultiHandler), Object(GuzzleHttp\Handler\EasyHandle), Object(GuzzleHttp\Handler\CurlFactory))
#3 E:\xampp73\htdocs\filecroco\loader\vendor\guzzlehttp\guzzle\src\Handler\CurlMultiHandler.php(110): GuzzleHttp\Handler\CurlMultiHandler->processMessages()
#4 E:\xampp73\htdocs\filecroco\loader\vendor\guzzlehttp\guzzle\src\Handler\CurlMultiHandler.php(125): GuzzleHttp\Handler\CurlMultiHandler->tick()
#5 E:\xampp73\htdocs\filecroco\loader\vendor\guzzlehttp\promises\src\Promise.php(246): GuzzleHttp\Handler\CurlMultiHandler->execute(true)
#6 E:\xampp73\htdocs\filecroco\loader\vendor\guzzlehttp\promises\src\Promise.php(223): GuzzleHttp\Promise\Promise->invokeWaitFn()
#7 E:\xampp73\htdocs\filecroco\loader\vendor\guzzlehttp\promises\src\Promise.php(267): GuzzleHttp\Promise\Promise->waitIfPending()
#8 E:\xampp73\htdocs\filecroco\loader\vendor\guzzlehttp\promises\src\Promise.php(225): GuzzleHttp\Promise\Promise->invokeWaitList()
#9 E:\xampp73\htdocs\filecroco\loader\vendor\guzzlehttp\promises\src\Promise.php(62): GuzzleHttp\Promise\Promise->waitIfPending()
#10 E:\xampp73\htdocs\filecroco\loader\vendor\guzzlehttp\promises\src\EachPromise.php(101): GuzzleHttp\Promise\Promise->wait()
#11 E:\xampp73\htdocs\filecroco\loader\vendor\guzzlehttp\promises\src\Promise.php(246): GuzzleHttp\Promise\EachPromise->GuzzleHttp\Promise\{closure}(true)
#12 E:\xampp73\htdocs\filecroco\loader\vendor\guzzlehttp\promises\src\Promise.php(223): GuzzleHttp\Promise\Promise->invokeWaitFn()
#13 E:\xampp73\htdocs\filecroco\loader\vendor\guzzlehttp\promises\src\Promise.php(62): GuzzleHttp\Promise\Promise->waitIfPending()
#14 E:\xampp73\htdocs\filecroco\loader\updatedownloadlink.php(95): GuzzleHttp\Promise\Promise->wait()
#15 {main}|1396GuzzleHttp\Exception\RequestException: cURL error 56:  (see http://curl.haxx.se/libcurl/c/libcurl-errors.html) in E:\xampp73\htdocs\filecroco\loader\vendor\guzzlehttp\guzzle\src\Handler\CurlFactory.php:186
Stack trace:
#0 E:\xampp73\htdocs\filecroco\loader\vendor\guzzlehttp\guzzle\src\Handler\CurlFactory.php(149): GuzzleHttp\Handler\CurlFactory::createRejection(Object(GuzzleHttp\Handler\EasyHandle), Array)
#1 E:\xampp73\htdocs\filecroco\loader\vendor\guzzlehttp\guzzle\src\Handler\CurlFactory.php(102): GuzzleHttp\Handler\CurlFactory::finishError(Object(GuzzleHttp\Handler\CurlMultiHandler), Object(GuzzleHttp\Handler\EasyHandle), Object(GuzzleHttp\Handler\CurlFactory))
#2 E:\xampp73\htdocs\filecroco\loader\vendor\guzzlehttp\guzzle\src\Handler\CurlMultiHandler.php(181): GuzzleHttp\Handler\CurlFactory::finish(Object(GuzzleHttp\Handler\CurlMultiHandler), Object(GuzzleHttp\Handler\EasyHandle), Object(GuzzleHttp\Handler\CurlFactory))
#3 E:\xampp73\htdocs\filecroco\loader\vendor\guzzlehttp\guzzle\src\Handler\CurlMultiHandler.php(110): GuzzleHttp\Handler\CurlMultiHandler->processMessages()
#4 E:\xampp73\htdocs\filecroco\loader\vendor\guzzlehttp\guzzle\src\Handler\CurlMultiHandler.php(125): GuzzleHttp\Handler\CurlMultiHandler->tick()
#5 E:\xampp73\htdocs\filecroco\loader\vendor\guzzlehttp\promises\src\Promise.php(246): GuzzleHttp\Handler\CurlMultiHandler->execute(true)
#6 E:\xampp73\htdocs\filecroco\loader\vendor\guzzlehttp\promises\src\Promise.php(223): GuzzleHttp\Promise\Promise->invokeWaitFn()
#7 E:\xampp73\htdocs\filecroco\loader\vendor\guzzlehttp\promises\src\Promise.php(267): GuzzleHttp\Promise\Promise->waitIfPending()
#8 E:\xampp73\htdocs\filecroco\loader\vendor\guzzlehttp\promises\src\Promise.php(225): GuzzleHttp\Promise\Promise->invokeWaitList()
#9 E:\xampp73\htdocs\filecroco\loader\vendor\guzzlehttp\promises\src\Promise.php(62): GuzzleHttp\Promise\Promise->waitIfPending()
#10 E:\xampp73\htdocs\filecroco\loader\vendor\guzzlehttp\promises\src\EachPromise.php(101): GuzzleHttp\Promise\Promise->wait()
#11 E:\xampp73\htdocs\filecroco\loader\vendor\guzzlehttp\promises\src\Promise.php(246): GuzzleHttp\Promise\EachPromise->GuzzleHttp\Promise\{closure}(true)
#12 E:\xampp73\htdocs\filecroco\loader\vendor\guzzlehttp\promises\src\Promise.php(223): GuzzleHttp\Promise\Promise->invokeWaitFn()
#13 E:\xampp73\htdocs\filecroco\loader\vendor\guzzlehttp\promises\src\Promise.php(62): GuzzleHttp\Promise\Promise->waitIfPending()
#14 E:\xampp73\htdocs\filecroco\loader\updatedownloadlink.php(95): GuzzleHttp\Promise\Promise->wait()
#15 {main}|1397GuzzleHttp\Exception\RequestException: cURL error 56:  (see http://curl.haxx.se/libcurl/c/libcurl-errors.html) in E:\xampp73\htdocs\filecroco\loader\vendor\guzzlehttp\guzzle\src\Handler\CurlFactory.php:186
Stack trace:
#0 E:\xampp73\htdocs\filecroco\loader\vendor\guzzlehttp\guzzle\src\Handler\CurlFactory.php(149): GuzzleHttp\Handler\CurlFactory::createRejection(Object(GuzzleHttp\Handler\EasyHandle), Array)
#1 E:\xampp73\htdocs\filecroco\loader\vendor\guzzlehttp\guzzle\src\Handler\CurlFactory.php(102): GuzzleHttp\Handler\CurlFactory::finishError(Object(GuzzleHttp\Handler\CurlMultiHandler), Object(GuzzleHttp\Handler\EasyHandle), Object(GuzzleHttp\Handler\CurlFactory))
#2 E:\xampp73\htdocs\filecroco\loader\vendor\guzzlehttp\guzzle\src\Handler\CurlMultiHandler.php(181): GuzzleHttp\Handler\CurlFactory::finish(Object(GuzzleHttp\Handler\CurlMultiHandler), Object(GuzzleHttp\Handler\EasyHandle), Object(GuzzleHttp\Handler\CurlFactory))
#3 E:\xampp73\htdocs\filecroco\loader\vendor\guzzlehttp\guzzle\src\Handler\CurlMultiHandler.php(110): GuzzleHttp\Handler\CurlMultiHandler->processMessages()
#4 E:\xampp73\htdocs\filecroco\loader\vendor\guzzlehttp\guzzle\src\Handler\CurlMultiHandler.php(125): GuzzleHttp\Handler\CurlMultiHandler->tick()
#5 E:\xampp73\htdocs\filecroco\loader\vendor\guzzlehttp\promises\src\Promise.php(246): GuzzleHttp\Handler\CurlMultiHandler->execute(true)
#6 E:\xampp73\htdocs\filecroco\loader\vendor\guzzlehttp\promises\src\Promise.php(223): GuzzleHttp\Promise\Promise->invokeWaitFn()
#7 E:\xampp73\htdocs\filecroco\loader\vendor\guzzlehttp\promises\src\Promise.php(267): GuzzleHttp\Promise\Promise->waitIfPending()
#8 E:\xampp73\htdocs\filecroco\loader\vendor\guzzlehttp\promises\src\Promise.php(225): GuzzleHttp\Promise\Promise->invokeWaitList()
#9 E:\xampp73\htdocs\filecroco\loader\vendor\guzzlehttp\promises\src\Promise.php(62): GuzzleHttp\Promise\Promise->waitIfPending()
#10 E:\xampp73\htdocs\filecroco\loader\vendor\guzzlehttp\promises\src\EachPromise.php(101): GuzzleHttp\Promise\Promise->wait()
#11 E:\xampp73\htdocs\filecroco\loader\vendor\guzzlehttp\promises\src\Promise.php(246): GuzzleHttp\Promise\EachPromise->GuzzleHttp\Promise\{closure}(true)
#12 E:\xampp73\htdocs\filecroco\loader\vendor\guzzlehttp\promises\src\Promise.php(223): GuzzleHttp\Promise\Promise->invokeWaitFn()
#13 E:\xampp73\htdocs\filecroco\loader\vendor\guzzlehttp\promises\src\Promise.php(62): GuzzleHttp\Promise\Promise->waitIfPending()
#14 E:\xampp73\htdocs\filecroco\loader\updatedownloadlink.php(95): GuzzleHttp\Promise\Promise->wait()
#15 {main}|1398GuzzleHttp\Exception\RequestException: cURL error 56:  (see http://curl.haxx.se/libcurl/c/libcurl-errors.html) in E:\xampp73\htdocs\filecroco\loader\vendor\guzzlehttp\guzzle\src\Handler\CurlFactory.php:186
Stack trace:
#0 E:\xampp73\htdocs\filecroco\loader\vendor\guzzlehttp\guzzle\src\Handler\CurlFactory.php(149): GuzzleHttp\Handler\CurlFactory::createRejection(Object(GuzzleHttp\Handler\EasyHandle), Array)
#1 E:\xampp73\htdocs\filecroco\loader\vendor\guzzlehttp\guzzle\src\Handler\CurlFactory.php(102): GuzzleHttp\Handler\CurlFactory::finishError(Object(GuzzleHttp\Handler\CurlMultiHandler), Object(GuzzleHttp\Handler\EasyHandle), Object(GuzzleHttp\Handler\CurlFactory))
#2 E:\xampp73\htdocs\filecroco\loader\vendor\guzzlehttp\guzzle\src\Handler\CurlMultiHandler.php(181): GuzzleHttp\Handler\CurlFactory::finish(Object(GuzzleHttp\Handler\CurlMultiHandler), Object(GuzzleHttp\Handler\EasyHandle), Object(GuzzleHttp\Handler\CurlFactory))
#3 E:\xampp73\htdocs\filecroco\loader\vendor\guzzlehttp\guzzle\src\Handler\CurlMultiHandler.php(110): GuzzleHttp\Handler\CurlMultiHandler->processMessages()
#4 E:\xampp73\htdocs\filecroco\loader\vendor\guzzlehttp\guzzle\src\Handler\CurlMultiHandler.php(125): GuzzleHttp\Handler\CurlMultiHandler->tick()
#5 E:\xampp73\htdocs\filecroco\loader\vendor\guzzlehttp\promises\src\Promise.php(246): GuzzleHttp\Handler\CurlMultiHandler->execute(true)
#6 E:\xampp73\htdocs\filecroco\loader\vendor\guzzlehttp\promises\src\Promise.php(223): GuzzleHttp\Promise\Promise->invokeWaitFn()
#7 E:\xampp73\htdocs\filecroco\loader\vendor\guzzlehttp\promises\src\Promise.php(267): GuzzleHttp\Promise\Promise->waitIfPending()
#8 E:\xampp73\htdocs\filecroco\loader\vendor\guzzlehttp\promises\src\Promise.php(225): GuzzleHttp\Promise\Promise->invokeWaitList()
#9 E:\xampp73\htdocs\filecroco\loader\vendor\guzzlehttp\promises\src\Promise.php(62): GuzzleHttp\Promise\Promise->waitIfPending()
#10 E:\xampp73\htdocs\filecroco\loader\vendor\guzzlehttp\promises\src\EachPromise.php(101): GuzzleHttp\Promise\Promise->wait()
#11 E:\xampp73\htdocs\filecroco\loader\vendor\guzzlehttp\promises\src\Promise.php(246): GuzzleHttp\Promise\EachPromise->GuzzleHttp\Promise\{closure}(true)
#12 E:\xampp73\htdocs\filecroco\loader\vendor\guzzlehttp\promises\src\Promise.php(223): GuzzleHttp\Promise\Promise->invokeWaitFn()
#13 E:\xampp73\htdocs\filecroco\loader\vendor\guzzlehttp\promises\src\Promise.php(62): GuzzleHttp\Promise\Promise->waitIfPending()
#14 E:\xampp73\htdocs\filecroco\loader\updatedownloadlink.php(95): GuzzleHttp\Promise\Promise->wait()
#15 {main}|1399GuzzleHttp\Exception\RequestException: cURL error 56:  (see http://curl.haxx.se/libcurl/c/libcurl-errors.html) in E:\xampp73\htdocs\filecroco\loader\vendor\guzzlehttp\guzzle\src\Handler\CurlFactory.php:186
Stack trace:
#0 E:\xampp73\htdocs\filecroco\loader\vendor\guzzlehttp\guzzle\src\Handler\CurlFactory.php(149): GuzzleHttp\Handler\CurlFactory::createRejection(Object(GuzzleHttp\Handler\EasyHandle), Array)
#1 E:\xampp73\htdocs\filecroco\loader\vendor\guzzlehttp\guzzle\src\Handler\CurlFactory.php(102): GuzzleHttp\Handler\CurlFactory::finishError(Object(GuzzleHttp\Handler\CurlMultiHandler), Object(GuzzleHttp\Handler\EasyHandle), Object(GuzzleHttp\Handler\CurlFactory))
#2 E:\xampp73\htdocs\filecroco\loader\vendor\guzzlehttp\guzzle\src\Handler\CurlMultiHandler.php(181): GuzzleHttp\Handler\CurlFactory::finish(Object(GuzzleHttp\Handler\CurlMultiHandler), Object(GuzzleHttp\Handler\EasyHandle), Object(GuzzleHttp\Handler\CurlFactory))
#3 E:\xampp73\htdocs\filecroco\loader\vendor\guzzlehttp\guzzle\src\Handler\CurlMultiHandler.php(110): GuzzleHttp\Handler\CurlMultiHandler->processMessages()
#4 E:\xampp73\htdocs\filecroco\loader\vendor\guzzlehttp\guzzle\src\Handler\CurlMultiHandler.php(125): GuzzleHttp\Handler\CurlMultiHandler->tick()
#5 E:\xampp73\htdocs\filecroco\loader\vendor\guzzlehttp\promises\src\Promise.php(246): GuzzleHttp\Handler\CurlMultiHandler->execute(true)
#6 E:\xampp73\htdocs\filecroco\loader\vendor\guzzlehttp\promises\src\Promise.php(223): GuzzleHttp\Promise\Promise->invokeWaitFn()
#7 E:\xampp73\htdocs\filecroco\loader\vendor\guzzlehttp\promises\src\Promise.php(267): GuzzleHttp\Promise\Promise->waitIfPending()
#8 E:\xampp73\htdocs\filecroco\loader\vendor\guzzlehttp\promises\src\Promise.php(225): GuzzleHttp\Promise\Promise->invokeWaitList()
#9 E:\xampp73\htdocs\filecroco\loader\vendor\guzzlehttp\promises\src\Promise.php(62): GuzzleHttp\Promise\Promise->waitIfPending()
#10 E:\xampp73\htdocs\filecroco\loader\vendor\guzzlehttp\promises\src\EachPromise.php(101): GuzzleHttp\Promise\Promise->wait()
#11 E:\xampp73\htdocs\filecroco\loader\vendor\guzzlehttp\promises\src\Promise.php(246): GuzzleHttp\Promise\EachPromise->GuzzleHttp\Promise\{closure}(true)
#12 E:\xampp73\htdocs\filecroco\loader\vendor\guzzlehttp\promises\src\Promise.php(223): GuzzleHttp\Promise\Promise->invokeWaitFn()
#13 E:\xampp73\htdocs\filecroco\loader\vendor\guzzlehttp\promises\src\Promise.php(62): GuzzleHttp\Promise\Promise->waitIfPending()
#14 E:\xampp73\htdocs\filecroco\loader\updatedownloadlink.php(95): GuzzleHttp\Promise\Promise->wait()
#15 {main}|1400GuzzleHttp\Exception\RequestException: cURL error 56:  (see http://curl.haxx.se/libcurl/c/libcurl-errors.html) in E:\xampp73\htdocs\filecroco\loader\vendor\guzzlehttp\guzzle\src\Handler\CurlFactory.php:186
Stack trace:
#0 E:\xampp73\htdocs\filecroco\loader\vendor\guzzlehttp\guzzle\src\Handler\CurlFactory.php(149): GuzzleHttp\Handler\CurlFactory::createRejection(Object(GuzzleHttp\Handler\EasyHandle), Array)
#1 E:\xampp73\htdocs\filecroco\loader\vendor\guzzlehttp\guzzle\src\Handler\CurlFactory.php(102): GuzzleHttp\Handler\CurlFactory::finishError(Object(GuzzleHttp\Handler\CurlMultiHandler), Object(GuzzleHttp\Handler\EasyHandle), Object(GuzzleHttp\Handler\CurlFactory))
#2 E:\xampp73\htdocs\filecroco\loader\vendor\guzzlehttp\guzzle\src\Handler\CurlMultiHandler.php(181): GuzzleHttp\Handler\CurlFactory::finish(Object(GuzzleHttp\Handler\CurlMultiHandler), Object(GuzzleHttp\Handler\EasyHandle), Object(GuzzleHttp\Handler\CurlFactory))
#3 E:\xampp73\htdocs\filecroco\loader\vendor\guzzlehttp\guzzle\src\Handler\CurlMultiHandler.php(110): GuzzleHttp\Handler\CurlMultiHandler->processMessages()
#4 E:\xampp73\htdocs\filecroco\loader\vendor\guzzlehttp\guzzle\src\Handler\CurlMultiHandler.php(125): GuzzleHttp\Handler\CurlMultiHandler->tick()
#5 E:\xampp73\htdocs\filecroco\loader\vendor\guzzlehttp\promises\src\Promise.php(246): GuzzleHttp\Handler\CurlMultiHandler->execute(true)
#6 E:\xampp73\htdocs\filecroco\loader\vendor\guzzlehttp\promises\src\Promise.php(223): GuzzleHttp\Promise\Promise->invokeWaitFn()
#7 E:\xampp73\htdocs\filecroco\loader\vendor\guzzlehttp\promises\src\Promise.php(267): GuzzleHttp\Promise\Promise->waitIfPending()
#8 E:\xampp73\htdocs\filecroco\loader\vendor\guzzlehttp\promises\src\Promise.php(225): GuzzleHttp\Promise\Promise->invokeWaitList()
#9 E:\xampp73\htdocs\filecroco\loader\vendor\guzzlehttp\promises\src\Promise.php(62): GuzzleHttp\Promise\Promise->waitIfPending()
#10 E:\xampp73\htdocs\filecroco\loader\vendor\guzzlehttp\promises\src\EachPromise.php(101): GuzzleHttp\Promise\Promise->wait()
#11 E:\xampp73\htdocs\filecroco\loader\vendor\guzzlehttp\promises\src\Promise.php(246): GuzzleHttp\Promise\EachPromise->GuzzleHttp\Promise\{closure}(true)
#12 E:\xampp73\htdocs\filecroco\loader\vendor\guzzlehttp\promises\src\Promise.php(223): GuzzleHttp\Promise\Promise->invokeWaitFn()
#13 E:\xampp73\htdocs\filecroco\loader\vendor\guzzlehttp\promises\src\Promise.php(62): GuzzleHttp\Promise\Promise->waitIfPending()
#14 E:\xampp73\htdocs\filecroco\loader\updatedownloadlink.php(95): GuzzleHttp\Promise\Promise->wait()
#15 {main}|1401GuzzleHttp\Exception\RequestException: cURL error 56:  (see http://curl.haxx.se/libcurl/c/libcurl-errors.html) in E:\xampp73\htdocs\filecroco\loader\vendor\guzzlehttp\guzzle\src\Handler\CurlFactory.php:186
Stack trace:
#0 E:\xampp73\htdocs\filecroco\loader\vendor\guzzlehttp\guzzle\src\Handler\CurlFactory.php(149): GuzzleHttp\Handler\CurlFactory::createRejection(Object(GuzzleHttp\Handler\EasyHandle), Array)
#1 E:\xampp73\htdocs\filecroco\loader\vendor\guzzlehttp\guzzle\src\Handler\CurlFactory.php(102): GuzzleHttp\Handler\CurlFactory::finishError(Object(GuzzleHttp\Handler\CurlMultiHandler), Object(GuzzleHttp\Handler\EasyHandle), Object(GuzzleHttp\Handler\CurlFactory))
#2 E:\xampp73\htdocs\filecroco\loader\vendor\guzzlehttp\guzzle\src\Handler\CurlMultiHandler.php(181): GuzzleHttp\Handler\CurlFactory::finish(Object(GuzzleHttp\Handler\CurlMultiHandler), Object(GuzzleHttp\Handler\EasyHandle), Object(GuzzleHttp\Handler\CurlFactory))
#3 E:\xampp73\htdocs\filecroco\loader\vendor\guzzlehttp\guzzle\src\Handler\CurlMultiHandler.php(110): GuzzleHttp\Handler\CurlMultiHandler->processMessages()
#4 E:\xampp73\htdocs\filecroco\loader\vendor\guzzlehttp\guzzle\src\Handler\CurlMultiHandler.php(125): GuzzleHttp\Handler\CurlMultiHandler->tick()
#5 E:\xampp73\htdocs\filecroco\loader\vendor\guzzlehttp\promises\src\Promise.php(246): GuzzleHttp\Handler\CurlMultiHandler->execute(true)
#6 E:\xampp73\htdocs\filecroco\loader\vendor\guzzlehttp\promises\src\Promise.php(223): GuzzleHttp\Promise\Promise->invokeWaitFn()
#7 E:\xampp73\htdocs\filecroco\loader\vendor\guzzlehttp\promises\src\Promise.php(267): GuzzleHttp\Promise\Promise->waitIfPending()
#8 E:\xampp73\htdocs\filecroco\loader\vendor\guzzlehttp\promises\src\Promise.php(225): GuzzleHttp\Promise\Promise->invokeWaitList()
#9 E:\xampp73\htdocs\filecroco\loader\vendor\guzzlehttp\promises\src\Promise.php(62): GuzzleHttp\Promise\Promise->waitIfPending()
#10 E:\xampp73\htdocs\filecroco\loader\vendor\guzzlehttp\promises\src\EachPromise.php(101): GuzzleHttp\Promise\Promise->wait()
#11 E:\xampp73\htdocs\filecroco\loader\vendor\guzzlehttp\promises\src\Promise.php(246): GuzzleHttp\Promise\EachPromise->GuzzleHttp\Promise\{closure}(true)
#12 E:\xampp73\htdocs\filecroco\loader\vendor\guzzlehttp\promises\src\Promise.php(223): GuzzleHttp\Promise\Promise->invokeWaitFn()
#13 E:\xampp73\htdocs\filecroco\loader\vendor\guzzlehttp\promises\src\Promise.php(62): GuzzleHttp\Promise\Promise->waitIfPending()
#14 E:\xampp73\htdocs\filecroco\loader\updatedownloadlink.php(95): GuzzleHttp\Promise\Promise->wait()
#15 {main}|1402GuzzleHttp\Exception\RequestException: cURL error 56:  (see http://curl.haxx.se/libcurl/c/libcurl-errors.html) in E:\xampp73\htdocs\filecroco\loader\vendor\guzzlehttp\guzzle\src\Handler\CurlFactory.php:186
Stack trace:
#0 E:\xampp73\htdocs\filecroco\loader\vendor\guzzlehttp\guzzle\src\Handler\CurlFactory.php(149): GuzzleHttp\Handler\CurlFactory::createRejection(Object(GuzzleHttp\Handler\EasyHandle), Array)
#1 E:\xampp73\htdocs\filecroco\loader\vendor\guzzlehttp\guzzle\src\Handler\CurlFactory.php(102): GuzzleHttp\Handler\CurlFactory::finishError(Object(GuzzleHttp\Handler\CurlMultiHandler), Object(GuzzleHttp\Handler\EasyHandle), Object(GuzzleHttp\Handler\CurlFactory))
#2 E:\xampp73\htdocs\filecroco\loader\vendor\guzzlehttp\guzzle\src\Handler\CurlMultiHandler.php(181): GuzzleHttp\Handler\CurlFactory::finish(Object(GuzzleHttp\Handler\CurlMultiHandler), Object(GuzzleHttp\Handler\EasyHandle), Object(GuzzleHttp\Handler\CurlFactory))
#3 E:\xampp73\htdocs\filecroco\loader\vendor\guzzlehttp\guzzle\src\Handler\CurlMultiHandler.php(110): GuzzleHttp\Handler\CurlMultiHandler->processMessages()
#4 E:\xampp73\htdocs\filecroco\loader\vendor\guzzlehttp\guzzle\src\Handler\CurlMultiHandler.php(125): GuzzleHttp\Handler\CurlMultiHandler->tick()
#5 E:\xampp73\htdocs\filecroco\loader\vendor\guzzlehttp\promises\src\Promise.php(246): GuzzleHttp\Handler\CurlMultiHandler->execute(true)
#6 E:\xampp73\htdocs\filecroco\loader\vendor\guzzlehttp\promises\src\Promise.php(223): GuzzleHttp\Promise\Promise->invokeWaitFn()
#7 E:\xampp73\htdocs\filecroco\loader\vendor\guzzlehttp\promises\src\Promise.php(267): GuzzleHttp\Promise\Promise->waitIfPending()
#8 E:\xampp73\htdocs\filecroco\loader\vendor\guzzlehttp\promises\src\Promise.php(225): GuzzleHttp\Promise\Promise->invokeWaitList()
#9 E:\xampp73\htdocs\filecroco\loader\vendor\guzzlehttp\promises\src\Promise.php(62): GuzzleHttp\Promise\Promise->waitIfPending()
#10 E:\xampp73\htdocs\filecroco\loader\vendor\guzzlehttp\promises\src\EachPromise.php(101): GuzzleHttp\Promise\Promise->wait()
#11 E:\xampp73\htdocs\filecroco\loader\vendor\guzzlehttp\promises\src\Promise.php(246): GuzzleHttp\Promise\EachPromise->GuzzleHttp\Promise\{closure}(true)
#12 E:\xampp73\htdocs\filecroco\loader\vendor\guzzlehttp\promises\src\Promise.php(223): GuzzleHttp\Promise\Promise->invokeWaitFn()
#13 E:\xampp73\htdocs\filecroco\loader\vendor\guzzlehttp\promises\src\Promise.php(62): GuzzleHttp\Promise\Promise->waitIfPending()
#14 E:\xampp73\htdocs\filecroco\loader\updatedownloadlink.php(95): GuzzleHttp\Promise\Promise->wait()
#15 {main}|1403GuzzleHttp\Exception\RequestException: cURL error 56:  (see http://curl.haxx.se/libcurl/c/libcurl-errors.html) in E:\xampp73\htdocs\filecroco\loader\vendor\guzzlehttp\guzzle\src\Handler\CurlFactory.php:186
Stack trace:
#0 E:\xampp73\htdocs\filecroco\loader\vendor\guzzlehttp\guzzle\src\Handler\CurlFactory.php(149): GuzzleHttp\Handler\CurlFactory::createRejection(Object(GuzzleHttp\Handler\EasyHandle), Array)
#1 E:\xampp73\htdocs\filecroco\loader\vendor\guzzlehttp\guzzle\src\Handler\CurlFactory.php(102): GuzzleHttp\Handler\CurlFactory::finishError(Object(GuzzleHttp\Handler\CurlMultiHandler), Object(GuzzleHttp\Handler\EasyHandle), Object(GuzzleHttp\Handler\CurlFactory))
#2 E:\xampp73\htdocs\filecroco\loader\vendor\guzzlehttp\guzzle\src\Handler\CurlMultiHandler.php(181): GuzzleHttp\Handler\CurlFactory::finish(Object(GuzzleHttp\Handler\CurlMultiHandler), Object(GuzzleHttp\Handler\EasyHandle), Object(GuzzleHttp\Handler\CurlFactory))
#3 E:\xampp73\htdocs\filecroco\loader\vendor\guzzlehttp\guzzle\src\Handler\CurlMultiHandler.php(110): GuzzleHttp\Handler\CurlMultiHandler->processMessages()
#4 E:\xampp73\htdocs\filecroco\loader\vendor\guzzlehttp\guzzle\src\Handler\CurlMultiHandler.php(125): GuzzleHttp\Handler\CurlMultiHandler->tick()
#5 E:\xampp73\htdocs\filecroco\loader\vendor\guzzlehttp\promises\src\Promise.php(246): GuzzleHttp\Handler\CurlMultiHandler->execute(true)
#6 E:\xampp73\htdocs\filecroco\loader\vendor\guzzlehttp\promises\src\Promise.php(223): GuzzleHttp\Promise\Promise->invokeWaitFn()
#7 E:\xampp73\htdocs\filecroco\loader\vendor\guzzlehttp\promises\src\Promise.php(267): GuzzleHttp\Promise\Promise->waitIfPending()
#8 E:\xampp73\htdocs\filecroco\loader\vendor\guzzlehttp\promises\src\Promise.php(225): GuzzleHttp\Promise\Promise->invokeWaitList()
#9 E:\xampp73\htdocs\filecroco\loader\vendor\guzzlehttp\promises\src\Promise.php(62): GuzzleHttp\Promise\Promise->waitIfPending()
#10 E:\xampp73\htdocs\filecroco\loader\vendor\guzzlehttp\promises\src\EachPromise.php(101): GuzzleHttp\Promise\Promise->wait()
#11 E:\xampp73\htdocs\filecroco\loader\vendor\guzzlehttp\promises\src\Promise.php(246): GuzzleHttp\Promise\EachPromise->GuzzleHttp\Promise\{closure}(true)
#12 E:\xampp73\htdocs\filecroco\loader\vendor\guzzlehttp\promises\src\Promise.php(223): GuzzleHttp\Promise\Promise->invokeWaitFn()
#13 E:\xampp73\htdocs\filecroco\loader\vendor\guzzlehttp\promises\src\Promise.php(62): GuzzleHttp\Promise\Promise->waitIfPending()
#14 E:\xampp73\htdocs\filecroco\loader\updatedownloadlink.php(95): GuzzleHttp\Promise\Promise->wait()
#15 {main}|1404